04-15 09:54:09.351  3756  3756 I HBD     : a [NRIC] resetNoResponseState
04-15 09:54:09.351  3756  3756 I HBD     : c needOff = true , isForceOff = false, isNullInputClass : true
04-15 09:54:09.351  3756  3756 I HBD     : c update cached prediction status : false
04-15 09:54:09.351  3756  3756 I HBD     : b [AiWriter] setContact : com.google.android.calendar
04-15 09:54:09.351  3756  3756 I HBD     : HoneyBoardService [PF_OP][onStartInput]  4 ms
04-15 09:54:09.352  3756  3756 I HBD     : [DirectWriting] DirectWriting emitInputConnection : RemoteInputConnection{idHash=#b7855e4}
04-15 09:54:09.353  1151  1151 I SurfaceFlinger: [Surface(name=1d7a05f InputMethod)/@0x5f77a9d - animation-leash of insets_animation#19170] attach to parent LayerHierarchy{RequestedLayerState{WindowToken{d080c22 type=2011 android.os.Binder@459a5ed}#120 parentId=15} 2 children}
04-15 09:54:09.356  2000  2195 I VRI[calendar]@bc22860: mWNT: t=0xb4000074fc754650 mBlastBufferQueue=0xb40000741d179830 fn= 5 HdrRenderState mRenderHdrSdrRatio=1.0 caller= android.view.SyncRtSurfaceTransactionApplier.applyTransaction:100 android.view.SyncRtSurfaceTransactionApplier.lambda$scheduleApply$0:73 android.view.SyncRtSurfaceTransactionApplier.$r8$lambda$afI4fXg3U3-nBZQEDQMiNy-B06s:0
04-15 09:54:09.364  1151  1151 I SurfaceFlinger: RequestedLayer [Surface(name=1d7a05f InputMethod)/@0[...]tion-leash of insets_animation#19170] hidden!! flag  from(1) --> to(0)
04-15 09:54:09.364  1151  1151 E SurfaceFlinger: alpha changed 1.000 -> 0.000 - Surface(name=1d7a05f InputMethod)/@0x5f77a9d - animation-leash of insets_animation#19170
04-15 09:54:09.364  1151  1151 I SurfaceFlinger: [LayerHierarchy{RequestedLayerState{ImeContainer#15 parentId=16293 relativeParentId=16293 z=3} 1 children}] reparent to LayerHierarchy{RequestedLayerState{ActivityRecord{243114305 u0 com.google.android.calendar/.allinone.AllInOneCalendarActivity t3801}#16293 parentId=16292} 4 children}
04-15 09:54:09.364  1151  1151 I SurfaceFlinger: [LayerHierarchy{RequestedLayerState{ImeContainer#15 parentId=16293 relativeParentId=16293 z=3} 1 children}] RelativeParent to null
04-15 09:54:09.364  1151  1151 I SurfaceFlinger: [LayerHierarchy{RequestedLayerState{1d7a05f InputMethod#134 parentId=19170} no children}] reparent to LayerHierarchy{RequestedLayerState{Surface(name=1d7a05f InputMethod)/@0x5f77a9d - animation-leash of insets_animation#19170 parentId=120} 1 children}
04-15 09:54:09.364  1151  1151 I SurfaceFlinger: [LayerHierarchy{RequestedLayerState{Surface(name=1d7a05f InputMethod)/@0x5f77a9d - animation-leash of insets_animation#19151} no children}] reparent to OffscreenRoot
04-15 09:54:09.364  1151  1151 I SurfaceFlinger: [LayerHierarchy{RequestedLayerState{Surface(name=1d7a05f InputMethod)/@0x5f77a9d - animation-leash of insets_animation#19151} no children}] RelativeParent to null
04-15 09:54:09.364  2000  2194 I VRI[calendar]@bc22860: mWNT: t=0xb4000074fc7c7050 mBlastBufferQueue=0xb40000741d179830 fn= 6 HdrRenderState mRenderHdrSdrRatio=1.0 caller= android.view.SyncRtSurfaceTransactionApplier.applyTransaction:100 android.view.SyncRtSurfaceTransactionApplier.lambda$scheduleApply$0:73 android.view.SyncRtSurfaceTransactionApplier.$r8$lambda$afI4fXg3U3-nBZQEDQMiNy-B06s:0
04-15 09:54:09.367  1151  2758 I SurfaceFlinger: id=19151 Removed Surface(name=1d7a05f InputMethod)/@0x5f77a9d - animation-leash of insets_animation#19151 (213)
04-15 09:54:09.368  3756  3756 I InputMethodService: scheduleImeSurfaceRemoval: removeImeSurface is posted.
04-15 09:54:09.372  2000  2195 I VRI[calendar]@bc22860: mWNT: t=0xb4000074fc755b50 mBlastBufferQueue=0xb40000741d179830 fn= 7 HdrRenderState mRenderHdrSdrRatio=1.0 caller= android.view.SyncRtSurfaceTransactionApplier.applyTransaction:100 android.view.SyncRtSurfaceTransactionApplier.lambda$scheduleApply$0:73 android.view.SyncRtSurfaceTransactionApplier.$r8$lambda$afI4fXg3U3-nBZQEDQMiNy-B06s:0
04-15 09:54:09.374  1151  1151 I SurfaceFlinger: destroyed Surface(name=1d7a05f InputMethod)/@0x5f77a9d - animation-leash of insets_animation#19151
04-15 09:54:09.376  1151  1151 I Layer   : id=19151 Destroyed Surface(name=1d7a05f InputMethod)/@0x5f77a9d - animation-leash of insets_animation#19151
04-15 09:54:09.381  1542  4226 I WindowManager: Relayout Window{9d350dc u0 Splash Screen com.google.android.calendar}: viewVisibility=8 req=720x1544 ty=3 d0
04-15 09:54:09.382  1542  4226 D SurfaceComposerClient: setCornerRadius ## 140f472 com.google.android.calendar/com.google.android.calendar.allinone.AllInOneCalendarActivity#19163 cornerRadius=0.000000
04-15 09:54:09.382  1542  4226 D SurfaceComposerClient: setCornerRadius ## 9d350dc Splash Screen com.google.android.calendar#19159 cornerRadius=0.000000
04-15 09:54:09.382  1542  4226 D SurfaceComposerClient: setCornerRadius ## 140f472 com.google.android.calendar/com.google.android.calendar.allinone.AllInOneCalendarActivity#19163 cornerRadius=0.000000
04-15 09:54:09.383  1542  4226 I WindowManager: Relayout hash=9d350dc, pid=2000, syncId=-1: mAttrs={(0,0)(fillxfill) sim={adjust=pan} layoutInDisplayCutoutMode=always ty=APPLICATION_STARTING fmt=TRANSLUCENT wanim=0x1030317
04-15 09:54:09.383  1542  4226 I WindowManager:   fl=81030118
04-15 09:54:09.383  1542  4226 I WindowManager:   pfl=10000810
04-15 09:54:09.383  1542  4226 I WindowManager:   bhv=1
04-15 09:54:09.383  1542  4226 I WindowManager:   fitSides=0
04-15 09:54:09.383  1542  4226 I WindowManager:   frameRateBoostOnTouch=true
04-15 09:54:09.383  1542  4226 I WindowManager:   dvrrWindowFrameRateHint=true naviIconColor=0}
04-15 09:54:09.383  2000  2120 I VRI[calendar]@bc22860: onActiveControlsChanged, removed=false, mAdded=true, caller=android.view.ViewRootImpl.handleInsetsControlChanged:3002 android.view.ViewRootImpl.relayoutWindow:11629 android.view.ViewRootImpl.performTraversals:4804 android.view.ViewRootImpl.doTraversal:3924 android.view.ViewRootImpl$TraversalRunnable.run:12903
04-15 09:54:09.384  1218  1218 I CameraService: onUidStateChanged: uid=10048, procState is changed. (1 -> 0)
04-15 09:54:09.384  2000  2120 I VRI[calendar]@bc22860: Relayout returned: old=(0,0,720,1544) new=(0,0,720,1544) relayoutAsync=false req=(720,1544)8 dur=3 res=0x2 s={false 0x0} ch=true seqId=0
04-15 09:54:09.384  2000  2120 D VRI[calendar]@bc22860: Not drawing due to not visible. Reason=View.GONE
04-15 09:54:09.384  2000  2120 I VRI[calendar]@bc22860: dispatchDetachedFromWindow
04-15 09:54:09.385  1542  2101 D InputTransport: Input channel destroyed: '9d350dc', fd=1178
04-15 09:54:09.385  1542  2101 D SurfaceComposerClient: setCornerRadius ## 140f472 com.google.android.calendar/com.google.android.calendar.allinone.AllInOneCalendarActivity#19163 cornerRadius=0.000000
04-15 09:54:09.386  1542  2101 D SurfaceComposerClient: setCornerRadius ## 140f472 com.google.android.calendar/com.google.android.calendar.allinone.AllInOneCalendarActivity#19163 cornerRadius=0.000000
04-15 09:54:09.386  2000  2120 D InputTransport: Input channel destroyed: '9d350dc', fd=695
04-15 09:54:09.386  1542  1585 D SurfaceComposerClient: setCornerRadius ## 140f472 com.google.android.calendar/com.google.android.calendar.allinone.AllInOneCalendarActivity#19163 cornerRadius=0.000000
04-15 09:54:09.386  1059  1180 I HYPER-HAL: [RequestManager.cpp]releaseLocked(): Released ID : 1219160
04-15 09:54:09.389  2000  2000 D SystemUIService: SYSUI_RAM_OPTIMIZATION onTrimMemory=20
04-15 09:54:09.389  2000  2000 D CentralSurfaces: SYSUI_RAM_OPTIMIZATION onTrimMemory=20
04-15 09:54:09.389  1542  1585 D SurfaceComposerClient: setCornerRadius ## 140f472 com.google.android.calendar/com.google.android.calendar.allinone.AllInOneCalendarActivity#19163 cornerRadius=0.000000
04-15 09:54:09.389  2000  2196 D HWUI    : CacheManager::trimMemory(20)
04-15 09:54:09.392  1151  1151 I SurfaceFlinger: RequestedLayer [Splash Screen com.google.android.calendar$_2000#19160] hidden!! flag  from(0) --> to(1)
04-15 09:54:09.392  1151  1151 I SurfaceFlinger: [LayerHierarchy{RequestedLayerState{140f472 com.google.android.calendar/com.google.android.calendar.allinone.AllInOneCalendarActivity#19163 parentId=16293} 1 children}] reparent to LayerHierarchy{RequestedLayerState{ActivityRecord{243114305 u0 com.google.android.calendar/.allinone.AllInOneCalendarActivity t3801}#16293 parentId=16292} 5 children}
04-15 09:54:09.392  1151  1151 I SurfaceFlinger: [LayerHierarchy{RequestedLayerState{Surface(name=140f472 com.google.android.calendar/com.google.android.calendar.allinone.AllInOneCalendarActivity)/@0x3acbe5d - animation-leash of starting_reveal#19169} no children}] reparent to OffscreenRoot
04-15 09:54:09.392  1151  1151 I SurfaceFlinger: [LayerHierarchy{RequestedLayerState{Surface(name=140f472 com.google.android.calendar/com.google.android.calendar.allinone.AllInOneCalendarActivity)/@0x3acbe5d - animation-leash of starting_reveal#19169} no children}] RelativeParent to null
04-15 09:54:09.402  1151  1151 D SurfaceFlinger: Display 4633128672291735999 HWC layers:
04-15 09:54:09.402  1151  1151 D SurfaceFlinger:        DEVICE |           17089674871092 | 00002102 | RGBA_8888    |    0.0    0.0  720.0 1544.0 |    0    0  720 1544 | com.google.android.calendar/com.goog[...]AllInOneCalendarActivity$_3979#19164 (8)
04-15 09:54:09.402  1151  1151 D SurfaceFlinger:        CLIENT |           86891483365404 | 00002102 | RGBA_8888    |    0.0    0.0    1.0 1544.0 |  719    0  720 1544 | com.catfact.app.feature.favorites.te[...]tyInvoker$EmptyActivity$_20231#19154 (1)
04-15 09:54:09.402  1151  1151 D SurfaceFlinger:        DEVICE |            8589934654704 | 00002100 | RGBA_8888    |    0.0    0.0  720.0   50.0 |    0    0  720   50 | StatusBar$_2000#102 (26763)
04-15 09:54:09.402  1151  1151 D SurfaceFlinger:        DEVICE |           10569914518889 | 00002100 | RGBA_8888    |    0.0    0.0   67.0  353.0 |  653  192  720  545 | com.sec.android.app.launcher/com.sam[...]l.app.CocktailBarService$_2461#16495 (1)
04-15 09:54:09.402  1151  1151 D SurfaceFlinger:        DEVICE |            8589934654705 | 00002100 | RGBA_8888    |    0.0    0.0  720.0   90.0 |    0 1454  720 1544 | NavigationBar0$_2000#98 (17536)
04-15 09:54:09.402  1151  1151 D SurfaceFlinger:
04-15 09:54:09.416  2000  2105 I SurfaceControlRegistry: apply, t=FinishTransaction_SyncId<1708>, caller=android.view.SurfaceControl$Transaction.apply:3459 android.view.SurfaceControl$Transaction.apply:3447 android.view.SurfaceControl$Transaction.apply:3397 com.android.wm.shell.transition.Transitions.onFinish:315 com.android.wm.shell.transition.Transitions$$ExternalSyntheticLambda7.onTransitionFinished:12 com.android.wm.shell.transition.DefaultTransitionHandler$$ExternalSyntheticLambda2.run:36
04-15 09:54:09.416  3979  3988 I ndroid.calendar: Background concurrent mark compact GC freed 41MB AllocSpace bytes, 2(32KB) LOS objects, 66% free, 20MB/62MB, paused 1.140ms,2.932ms total 117.060ms
04-15 09:54:09.419  1542  4226 D SurfaceComposerClient: setCornerRadius ## 140f472 com.google.android.calendar/com.google.android.calendar.allinone.AllInOneCalendarActivity#19163 cornerRadius=0.000000
04-15 09:54:09.419  1542  4226 D SurfaceComposerClient: setCornerRadius ## 140f472 com.google.android.calendar/com.google.android.calendar.allinone.AllInOneCalendarActivity#19163 cornerRadius=0.000000
04-15 09:54:09.419 20231 20231 I VRI[InstrumentationActivityInvoker$EmptyActivity]@4958936: handleAppVisibility mAppVisible = true visible = false
04-15 09:54:09.420 20231 20231 D VRI[InstrumentationActivityInvoker$EmptyActivity]@4958936: visibilityChanged oldVisibility=true newVisibility=false
04-15 09:54:09.422  1542  1582 D PkgPredictorService-SecIpmManagerServiceImpl: bg information pid:20231 uid:10750 pkgName:com.catfact.app.feature.favorites.test
04-15 09:54:09.424  1151  1151 D SurfaceFlinger: Display 4633128672291735999 HWC layers:
04-15 09:54:09.424  1151  1151 D SurfaceFlinger:        DEVICE |           17089674871093 | 00002102 | RGBA_8888    |    0.0    0.0  720.0 1544.0 |    0    0  720 1544 | com.google.android.calendar/com.goog[...]AllInOneCalendarActivity$_3979#19164 (11)
04-15 09:54:09.424  1151  1151 D SurfaceFlinger:        DEVICE |            8589934654704 | 00002100 | RGBA_8888    |    0.0    0.0  720.0   50.0 |    0    0  720   50 | StatusBar$_2000#102 (26763)
04-15 09:54:09.424  1151  1151 D SurfaceFlinger:        DEVICE |           10569914518889 | 00002100 | RGBA_8888    |    0.0    0.0   67.0  353.0 |  653  192  720  545 | com.sec.android.app.launcher/com.sam[...]l.app.CocktailBarService$_2461#16495 (1)
04-15 09:54:09.424  1151  1151 D SurfaceFlinger:        DEVICE |            8589934654705 | 00002100 | RGBA_8888    |    0.0    0.0  720.0   90.0 |    0 1454  720 1544 | NavigationBar0$_2000#98 (17536)
04-15 09:54:09.424  1151  1151 D SurfaceFlinger:
04-15 09:54:09.424  1151  1151 I SurfaceFlinger: RequestedLayer [Task=3890#19137] hidden!! flag  from(0) --> to(1)
04-15 09:54:09.425  1151  1151 I SurfaceFlinger: [Display 0 name="Built-in Screen"#49] setFrameRateCategory: Default
04-15 09:54:09.425  1151  1151 I SurfaceFlinger: RequestedLayer [com.catfact.app.feature.favorites.te[...]tyInvoker$EmptyActivity$_20231#19154] hidden!! flag  from(0) --> to(1)
04-15 09:54:09.425  1151  1151 I SurfaceFlinger: RequestedLayer [ActivityRecord{49005451 u0 com.catfa[...]tyInvoker$EmptyActivity t3890}#19152] hidden!! flag  from(0) --> to(1)
04-15 09:54:09.425  1151  1151 I SurfaceFlinger: [LayerHierarchy{RequestedLayerState{ImeContainer#15 parentId=16293 relativeParentId=19163 z=1} 1 children}] RelativeParent to LayerHierarchy{RequestedLayerState{140f472 com.google.android.calendar/com.google.android.calendar.allinone.AllInOneCalendarActivity#19163 parentId=16293} 2 children}
04-15 09:54:09.425  1151  1151 I SurfaceFlinger: [LayerHierarchy{RequestedLayerState{Task=3801#16292 parentId=10 z=13} 1 children}] reparent to LayerHierarchy{RequestedLayerState{DefaultTaskDisplayArea_d0#10 parentId=9} 16 children}
04-15 09:54:09.425  1151  1151 I SurfaceFlinger: [LayerHierarchy{RequestedLayerState{Task=3890#19137 parentId=10 z=12} 3 children}] reparent to LayerHierarchy{RequestedLayerState{DefaultTaskDisplayArea_d0#10 parentId=9} 17 children}
04-15 09:54:09.425  1151  1151 I SurfaceFlinger: [LayerHierarchy{RequestedLayerState{9d350dc Splash Screen com.google.android.calendar#19159 z=2147483647} 1 children}] reparent to OffscreenRoot
04-15 09:54:09.425  1151  1151 I SurfaceFlinger: [LayerHierarchy{RequestedLayerState{9d350dc Splash Screen com.google.android.calendar#19159 z=2147483647} 1 children}] RelativeParent to null
04-15 09:54:09.425  1151  1151 I SurfaceFlinger: [LayerHierarchy{RequestedLayerState{Splash Screen com.google.android.calendar$_2000#19160} no children}] reparent to OffscreenRoot
04-15 09:54:09.426  1151  1151 I SurfaceFlinger: [LayerHierarchy{RequestedLayerState{Splash Screen com.google.android.calendar$_2000#19160} no children}] RelativeParent to null
04-15 09:54:09.426  1151  1151 I SurfaceFlinger: [LayerHierarchy{RequestedLayerState{Transition Root: Task=3801#19161 z=13} 1 children}] reparent to OffscreenRoot
04-15 09:54:09.426  1151  1151 I SurfaceFlinger: [LayerHierarchy{RequestedLayerState{Transition Root: Task=3801#19161 z=13} 1 children}] RelativeParent to null
04-15 09:54:09.426  1151  1151 I SurfaceFlinger: [LayerHierarchy{RequestedLayerState{DimTransitionLayer for Surface(name=Task=3890)/@0x40bdbb7#19162 z=-1} no children}] reparent to OffscreenRoot
04-15 09:54:09.426  1151  1151 I SurfaceFlinger: [LayerHierarchy{RequestedLayerState{DimTransitionLayer for Surface(name=Task=3890)/@0x40bdbb7#19162 z=-1} no children}] RelativeParent to null
04-15 09:54:09.426  2000  2000 D SystemUIService: SYSUI_RAM_OPTIMIZATION onTrimMemory=20
04-15 09:54:09.426  2000  2000 D CentralSurfaces: SYSUI_RAM_OPTIMIZATION onTrimMemory=20
04-15 09:54:09.426  2000  2196 D HWUI    : CacheManager::trimMemory(20)
04-15 09:54:09.428  1151  1151 I SurfaceFlinger: id=19160 Removed Splash Screen com.google.android.calendar$_2000#19160 (212)
04-15 09:54:09.429  1151  1151 I SurfaceFlinger: id=19162 Removed DimTransitionLayer for Surface(name=Task=3890)/@0x40bdbb7#19162 (212)
04-15 09:54:09.429  1151  1151 I SurfaceFlinger: id=19161 Removed Transition Root: Task=3801#19161 (212)
04-15 09:54:09.429  1151  1151 I SurfaceFlinger: id=19159 Removed 9d350dc Splash Screen com.google.android.calendar#19159 (212)
04-15 09:54:09.431  1542  1585 D SurfaceComposerClient: setCornerRadius ## 140f472 com.google.android.calendar/com.google.android.calendar.allinone.AllInOneCalendarActivity#19163 cornerRadius=0.000000
04-15 09:54:09.432  1151  1151 I SurfaceFlinger: destroyed 9d350dc Splash Screen com.google.android.calendar#19159
04-15 09:54:09.432  1151  1151 I SurfaceFlinger: destroyed Splash Screen com.google.android.calendar$_2000#19160
04-15 09:54:09.433  1151  1151 I SurfaceFlinger: destroyed Transition Root: Task=3801#19161
04-15 09:54:09.433  1151  1151 I SurfaceFlinger: destroyed DimTransitionLayer for Surface(name=Task=3890)/@0x40bdbb7#19162
04-15 09:54:09.433 20231 20254 D HWUI    : CacheManager::trimMemory(20)
04-15 09:54:09.433  2461  4418 I HoneySpace.Memory-Monitor: current state = 2, didTrim = false
04-15 09:54:09.435  1151  1151 I Layer   : id=19159 Destroyed 9d350dc Splash Screen com.google.android.calendar#19159
04-15 09:54:09.435  1151  1151 I Layer   : id=19160 Destroyed Splash Screen com.google.android.calendar$_2000#19160
04-15 09:54:09.435  1151  1151 I Layer   : id=19161 Destroyed Transition Root: Task=3801#19161
04-15 09:54:09.435  1151  1151 I Layer   : id=19162 Destroyed DimTransitionLayer for Surface(name=Task=3890)/@0x40bdbb7#19162
04-15 09:54:09.435  2000  2000 D DisplayLifecycle: updateDisplay id = 0
04-15 09:54:09.435  1542  4226 I WindowManager: Relayout Window{a28425f u0 com.catfact.app.feature.favorites.test/androidx.test.core.app.InstrumentationActivityInvoker$EmptyActivity}: viewVisibility=8 req=720x1544 ty=1 d0
04-15 09:54:09.436  2000  2125 D StackScroller: onDisplayChanged for predraw skip to 2
04-15 09:54:09.436  1542  4226 D SurfaceComposerClient: setCornerRadius ## 140f472 com.google.android.calendar/com.google.android.calendar.allinone.AllInOneCalendarActivity#19163 cornerRadius=0.000000
04-15 09:54:09.436  1542  4226 D SurfaceComposerClient: setCornerRadius ## 140f472 com.google.android.calendar/com.google.android.calendar.allinone.AllInOneCalendarActivity#19163 cornerRadius=0.000000
04-15 09:54:09.437  1542  4226 I WindowManager: Relayout hash=a28425f, pid=20231, syncId=-1: mAttrs={(0,0)(fillxfill) sim={adjust=pan forwardNavigation} layoutInDisplayCutoutMode=always ty=BASE_APPLICATION
04-15 09:54:09.437  1542  4226 I WindowManager:   fl=81810100
04-15 09:54:09.437  1542  4226 I WindowManager:   pfl=100088c0
04-15 09:54:09.437  1542  4226 I WindowManager:   bhv=1
04-15 09:54:09.437  1542  4226 I WindowManager:   fitSides=0
04-15 09:54:09.437  1542  4226 I WindowManager:   frameRateBoostOnTouch=true
04-15 09:54:09.437  1542  4226 I WindowManager:   dvrrWindowFrameRateHint=true naviIconColor=0}
04-15 09:54:09.440 20231 20231 I VRI[InstrumentationActivityInvoker$EmptyActivity]@4958936: Relayout returned: old=(0,0,720,1544) new=(0,0,720,1544) relayoutAsync=false req=(720,1544)8 dur=3 res=0x2 s={false 0x0} ch=true seqId=0
04-15 09:54:09.441 20231 20231 D VRI[InstrumentationActivityInvoker$EmptyActivity]@4958936: Not drawing due to not visible. Reason=!mAppVisible && !mForceDecorViewVisibility
04-15 09:54:09.442 20231 20231 I VRI[ComponentActivity]@293bfeb: stopped(true) old = false
04-15 09:54:09.442 20231 20231 D VRI[ComponentActivity]@293bfeb: WindowStopped on com.catfact.app.feature.favorites.test/androidx.activity.ComponentActivity set to true
04-15 09:54:09.442 20231 20254 D HWUI    : CacheManager::trimMemory(20)
04-15 09:54:09.446 20231 20231 D LifecycleMonitor: Lifecycle status change: androidx.activity.ComponentActivity@46d87c4 in: STOPPED
04-15 09:54:09.447 20231 20231 V ActivityScenario: Update currentActivityStage to STOPPED, currentActivity=androidx.activity.ComponentActivity@46d87c4
04-15 09:54:09.473 20231 20231 W WindowOnBackDispatcher: sendCancelIfRunning: isInProgress=false callback=android.app.Activity$$ExternalSyntheticLambda0@7ec6fc7
04-15 09:54:09.474 20231 20231 D LifecycleMonitor: Lifecycle status change: androidx.activity.ComponentActivity@46d87c4 in: DESTROYED
04-15 09:54:09.474 20231 20231 V ActivityScenario: Update currentActivityStage to DESTROYED, currentActivity=null
04-15 09:54:09.475 20231 20254 D HWUI    : CacheManager::trimMemory(20)
04-15 09:54:09.477 20231 20231 D ViewRootImpl: Skipping stats log for color mode
04-15 09:54:09.477 20231 20231 I VRI[ComponentActivity]@293bfeb: dispatchDetachedFromWindow
04-15 09:54:09.477  1542  4226 D InputTransport: Input channel destroyed: '8c52690', fd=874
04-15 09:54:09.478  1542  4226 D SurfaceComposerClient: setCornerRadius ## 140f472 com.google.android.calendar/com.google.android.calendar.allinone.AllInOneCalendarActivity#19163 cornerRadius=0.000000
04-15 09:54:09.478  1542  4226 D SurfaceComposerClient: setCornerRadius ## 140f472 com.google.android.calendar/com.google.android.calendar.allinone.AllInOneCalendarActivity#19163 cornerRadius=0.000000
04-15 09:54:09.479 20231 20231 D InputTransport: Input channel destroyed: '8c52690', fd=122
04-15 09:54:09.479 20231 20231 I VRI[InstrumentationActivityInvoker$EmptyActivity]@4958936: stopped(true) old = false
04-15 09:54:09.479 20231 20231 D VRI[InstrumentationActivityInvoker$EmptyActivity]@4958936: WindowStopped on com.catfact.app.feature.favorites.test/androidx.test.core.app.InstrumentationActivityInvoker$EmptyActivity set to true
04-15 09:54:09.479 20231 20254 D HWUI    : CacheManager::trimMemory(20)
04-15 09:54:09.480  1151  1378 I SurfaceFlinger: id=19144 Removed bab332c ActivityRecordInputSink com.catfact.app.feature.favorites.test/androidx.activity.ComponentActivity#19144 (208)
04-15 09:54:09.481  1151  1151 I SurfaceFlinger: [LayerHierarchy{RequestedLayerState{8c52690 com.catfact.app.feature.favorites.test/androidx.activity.ComponentActivity#19141} 1 children}] reparent to OffscreenRoot
04-15 09:54:09.481  1151  1151 I SurfaceFlinger: [LayerHierarchy{RequestedLayerState{8c52690 com.catfact.app.feature.favorites.test/androidx.activity.ComponentActivity#19141} 1 children}] RelativeParent to null
04-15 09:54:09.481  1151  1151 I SurfaceFlinger: [LayerHierarchy{RequestedLayerState{ActivityRecord{62163850 u0 com.catfact.app.feature.favorites.test/androidx.activity.ComponentActivity t3890}#19138} 1 children}] reparent to OffscreenRoot
04-15 09:54:09.481  1151  1151 I SurfaceFlinger: [LayerHierarchy{RequestedLayerState{ActivityRecord{62163850 u0 com.catfact.app.feature.favorites.test/androidx.activity.ComponentActivity t3890}#19138} 1 children}] RelativeParent to null
04-15 09:54:09.481  1151  1151 I SurfaceFlinger: [LayerHierarchy{RequestedLayerState{com.catfact.app.feature.favorites.test/androidx.activity.ComponentActivity$_20231#19145} no children}] reparent to OffscreenRoot
04-15 09:54:09.481  1151  1151 I SurfaceFlinger: [LayerHierarchy{RequestedLayerState{com.catfact.app.feature.favorites.test/androidx.activity.ComponentActivity$_20231#19145} no children}] RelativeParent to null
04-15 09:54:09.482 20231 20231 D LifecycleMonitor: Lifecycle status change: androidx.test.core.app.InstrumentationActivityInvoker$EmptyActivity@fbf0ae0 in: STOPPED
04-15 09:54:09.482 20231 20231 W WindowOnBackDispatcher: sendCancelIfRunning: isInProgress=false callback=android.app.Activity$$ExternalSyntheticLambda0@d978d3
04-15 09:54:09.482 20231 20231 D LifecycleMonitor: Lifecycle status change: androidx.test.core.app.InstrumentationActivityInvoker$EmptyActivity@fbf0ae0 in: DESTROYED
04-15 09:54:09.483  1151  1151 I SurfaceFlinger: id=19141 Removed 8c52690 com.catfact.app.feature.favorites.test/androidx.activity.ComponentActivity#19141 (208)
04-15 09:54:09.483  1151  1151 I SurfaceFlinger: id=19145 Removed com.catfact.app.feature.favorites.test/androidx.activity.ComponentActivity$_20231#19145 (208)
04-15 09:54:09.483 20231 20254 D HWUI    : CacheManager::trimMemory(20)
04-15 09:54:09.485 20231 20231 D ViewRootImpl: Skipping stats log for color mode
04-15 09:54:09.485 20231 20245 D IdlingRegistry: Unregistering idling resources: [androidx.compose.ui.test.EspressoLink@fd73300]
04-15 09:54:09.486 20231 20231 I VRI[InstrumentationActivityInvoker$EmptyActivity]@4958936: dispatchDetachedFromWindow
04-15 09:54:09.486  1542  4226 D InputTransport: Input channel destroyed: 'a28425f', fd=972
04-15 09:54:09.487  1542  4226 D SurfaceComposerClient: setCornerRadius ## 140f472 com.google.android.calendar/com.google.android.calendar.allinone.AllInOneCalendarActivity#19163 cornerRadius=0.000000
04-15 09:54:09.487  1542  4226 D SurfaceComposerClient: setCornerRadius ## 140f472 com.google.android.calendar/com.google.android.calendar.allinone.AllInOneCalendarActivity#19163 cornerRadius=0.000000
04-15 09:54:09.487 20231 20231 D InputTransport: Input channel destroyed: 'a28425f', fd=139
04-15 09:54:09.489  1151  2479 I SurfaceFlinger: id=19158 Removed 17e4105 ActivityRecordInputSink com.catfact.app.feature.favorites.test/androidx.test.core.app.InstrumentationActivityInvoker$EmptyActivity#19158 (209)
04-15 09:54:09.489  1151  1200 I SurfaceFlinger: id=19171 createSurf, flag=24004, Task=3890#19171
04-15 09:54:09.489  1151  1151 I SurfaceFlinger: destroyed 8c52690 com.catfact.app.feature.favorites.test/androidx.activity.ComponentActivity#19141
04-15 09:54:09.489  1151  1151 I SurfaceFlinger: destroyed com.catfact.app.feature.favorites.test/androidx.activity.ComponentActivity$_20231#19145
04-15 09:54:09.489  1151  1151 I SurfaceFlinger: [Task=3890#19171] attach to parent Root
04-15 09:54:09.490  1151  1151 I Layer   : id=19141 Destroyed 8c52690 com.catfact.app.feature.favorites.test/androidx.activity.ComponentActivity#19141
04-15 09:54:09.490  1151  1151 I Layer   : id=19145 Destroyed com.catfact.app.feature.favorites.test/androidx.activity.ComponentActivity$_20231#19145
04-15 09:54:09.492  2461  2461 I HoneySpace.TaskStackChangeRepositoryImpl: onTaskRemoved : 3890
04-15 09:54:09.493  2461  2461 I HoneySpace.TaskStackChangeRepositoryImpl: onTaskRemoved : 3890
04-15 09:54:09.494 20231 20245 I TestRunner: finished: emptyStateShowsEmptyMessage(com.catfact.app.feature.favorites.presentation.FavoritesScreenTest)
