04-15 09:54:06.409  1542  2299 D InputTransport: Input channel constructed: 'aedd041', fd=972
04-15 09:54:06.409  1542  2299 D InputTransport: Input channel constructed: 'aedd041', fd=1178
04-15 09:54:06.409  1542  2299 D InputTransport: Input channel destroyed: 'aedd041', fd=972
04-15 09:54:06.409  1151  2479 I SurfaceFlinger: id=19081 createSurf, flag=84004, aedd041 com.catfact.app.feature.favorites.test/androidx.test.core.app.InstrumentationActivityInvoker$EmptyActivity#19081
04-15 09:54:06.410  1542  2299 D InputTransport: Input channel destroyed: 'aedd041', fd=1178
04-15 09:54:06.410 20231 20231 D InputTransport: Input channel constructed: 'aedd041', fd=148
04-15 09:54:06.411 20231 20231 I InsetsController: onStateChanged: host=com.catfact.app.feature.favorites.test/androidx.test.core.app.InstrumentationActivityInvoker$EmptyActivity, from=android.view.ViewRootImpl.onInsetsStateChanged:3026, state=InsetsState: {mDisplayFrame=Rect(0, 0 - 720, 1544), mDisplayCutout=DisplayCutout{insets=Rect(0, 50 - 0, 0) waterfall=Insets{left=0, top=0, right=0, bottom=0} boundingRect={Bounds=[Rect(0, 0 - 0, 0), Rect(341, 0 - 379, 50), Rect(0, 0 - 0, 0), Rect(0, 0 - 0, 0)]} cutoutPathParserInfo={CutoutPathParserInfo{displayWidth=720 displayHeight=1544 physicalDisplayWidth=720 physicalDisplayHeight=1544 density={1.875} cutoutSpec={M 0,0 H -10 V 26.66666666666667 H 10 V 0 H 0 Z @dp} rotation={0} scale={1.0} physicalPixelDisplaySizeRatio={1.0}}} sideOverrides={}}, mRoundedCorners=RoundedCorners{[RoundedCorner{position=TopLeft, radius=8, center=Point(8, 8)}, RoundedCorner{position=TopRight, radius=8, center=Point(712, 8)}, RoundedCorner{position=BottomRight, radius=8, center=Point(712, 1536)}, RoundedCorner{position=BottomLeft, radius=8, center=Point(8, 1536)}]}  mRoundedCornerFrame=Rect(0, 0 - 720, 1544), mPrivacyIndicatorBounds=PrivacyIndicatorBounds {static bounds=Rect(637, 0 - 720, 50) rotation=0}, mDisplayShape=DisplayShape{ spec=-311912193 displayWidth=720 displayHeight=1544 physicalPixelDisplaySizeRatio=0.5 rotation=0 offsetX=0 offsetY=0 scale=1.0}, mSources= { InsetsSource: {ec730001 mType=navigationBars mFrame=[0,1454][720,1544] mVisible=true mFlags= mSideHint=BOTTOM mBoundingRects=null}, InsetsSource: {ec730004 mType=systemGestures mFrame=[0,0][0,0] mVisible=true mFlags= mSideHint=NONE mBoundingRects=null}, InsetsSource: {ec730005 mType=mandatorySystemGestures mFrame=[0,1454][720,1544] mVisible=true mFlags= mSideHint=BOTTOM mBoundingRects=null}, InsetsSource: {ec730006 mType=tappableElement mFrame=[0,1454][720,1544] mVisible=true mFlags= mSideHint=BOTTOM mBoundingRects=null}, InsetsSource: {ec730024 mType=systemGestures mFrame=[0,0][0,0] mVisible=true mFlags= mSideHint=NONE mBoundingRects=null}, InsetsSource: {3 mType=ime mFrame=[0,0][0,0] mVisible=false mFlags= mSideHint=NONE mBoundingRects=null}, InsetsSource: {27 mType=displayCutout mFrame=[0,0][720,50] mVisible=true mFlags= mSideHint=TOP mBoundingRects=null}, InsetsSource: {43950000 mType=statusBars mFrame=[0,0][720,50] mVisible=true mFlags= mSideHint=TOP mBoundingRects=null}, InsetsSource: {43950005 mType=mandatorySystemGestures mFrame=[0,0][720,73] mVisible=true mFlags= mSideHint=TOP mBoundingRects=null}, InsetsSource: {43950006 mType=tappableElement mFrame=[0,0][720,50] mVisible=true mFlags= mSideHint=TOP mBoundingRects=null} }
04-15 09:54:06.411 20231 20231 I VRI[InstrumentationActivityInvoker$EmptyActivity]@b64c0c7: synced displayState. AttachInfo displayState=2
04-15 09:54:06.411 20231 20231 I VRI[InstrumentationActivityInvoker$EmptyActivity]@b64c0c7: setView = com.android.internal.policy.DecorView@3fd9892 IsHRR=false mFlingFrameRateChange=0 TM=true
04-15 09:54:06.412  1542  2299 I WindowManager: Relayout Window{aedd041 u0 com.catfact.app.feature.favorites.test/androidx.test.core.app.InstrumentationActivityInvoker$EmptyActivity}: viewVisibility=0 req=720x1544 ty=1 d0
04-15 09:54:06.413  1151  2479 I SurfaceFlinger: id=19082 createSurf, flag=44004, com.catfact.app.feature.favorites.test/androidx.test.core.app.InstrumentationActivityInvoker$EmptyActivity$_20231#19082
04-15 09:54:06.413  1151  1151 I SurfaceFlinger: [aedd041 com.catfact.app.feature.favorites.test/androidx.test.core.app.InstrumentationActivityInvoker$EmptyActivity#19081] attach to parent LayerHierarchy{RequestedLayerState{ActivityRecord{213641485 u0 com.catfact.app.feature.favorites.test/androidx.test.core.app.InstrumentationActivityInvoker$EmptyActivity t3888}#19080 parentId=19065} 1 children}
04-15 09:54:06.414  1542  2299 D SurfaceComposerClient: setCornerRadius ## aedd041 com.catfact.app.feature.favorites.test/androidx.test.core.app.InstrumentationActivityInvoker$EmptyActivity#19081 cornerRadius=0.000000
04-15 09:54:06.414  1542  2299 D SurfaceComposerClient: setCornerRadius ## aedd041 com.catfact.app.feature.favorites.test/androidx.test.core.app.InstrumentationActivityInvoker$EmptyActivity#19081 cornerRadius=0.000000
04-15 09:54:06.414  1151  1151 I BpBinder: onLastStrongRef automatically unlinking death recipients:
04-15 09:54:06.415  1151  2479 I SurfaceFlinger: id=19083 createSurf, flag=24000, Surface(name=3edafdc StatusBar)/@0x3b919ed - animation-leash of insets_animation#19083
04-15 09:54:06.416  1151  2758 I SurfaceFlinger: id=19084 createSurf, flag=24000, Surface(name=8c5cec7 NavigationBar0)/@0xa68870 - animation-leash of insets_animation#19084
04-15 09:54:06.418  1542  2299 I SystemKeyManager: requested systemKeyInfo size=1 focusedWindow=com.catfact.app.feature.favorites.test/androidx.test.core.app.InstrumentationActivityInvoker$EmptyActivity
04-15 09:54:06.418  1542  2299 I SystemKeyManager: requested systemKeyInfo size=1 focusedWindow=com.catfact.app.feature.favorites.test/androidx.test.core.app.InstrumentationActivityInvoker$EmptyActivity
04-15 09:54:06.418  1542  2299 I WindowManager: Relayout hash=aedd041, pid=20231, syncId=-1: mAttrs={(0,0)(fillxfill) sim={adjust=pan forwardNavigation} layoutInDisplayCutoutMode=always ty=BASE_APPLICATION
04-15 09:54:06.418  1542  2299 I WindowManager:   fl=81810100
04-15 09:54:06.418  1542  2299 I WindowManager:   pfl=100088c0
04-15 09:54:06.418  1542  2299 I WindowManager:   bhv=1
04-15 09:54:06.418  1542  2299 I WindowManager:   fitSides=0
04-15 09:54:06.418  1542  2299 I WindowManager:   frameRateBoostOnTouch=true
04-15 09:54:06.418  1542  2299 I WindowManager:   dvrrWindowFrameRateHint=true naviIconColor=0}
04-15 09:54:06.419  2000  2000 D NavigationBar: onSystemBarAttributesChanged() -  displayId:0, appearance:16, packageName: com.catfact.app.feature.favorites.test (APPEARANCE_LIGHT_NAVIGATION_BARS ), navbarColorManagedByIme:false
04-15 09:54:06.420 20231 20231 I BLASTBufferQueue_Java: new BLASTBufferQueue, mName= VRI[InstrumentationActivityInvoker$EmptyActivity]@b64c0c7 mNativeObject= 0xb40000741c60d220 caller= android.view.ViewRootImpl.updateBlastSurfaceIfNeeded:3585 android.view.ViewRootImpl.relayoutWindow:11685 android.view.ViewRootImpl.performTraversals:4804 android.view.ViewRootImpl.doTraversal:3924 android.view.ViewRootImpl$TraversalRunnable.run:12903 android.view.Choreographer$CallbackRecord.run:1901 android.view.Choreographer$CallbackRecord.run:1910 android.view.Choreographer.doCallbacks:1367 android.view.Choreographer.doFrame:1292 android.view.Choreographer$FrameDisplayEventReceiver.run:1870
04-15 09:54:06.420 20231 20231 I BLASTBufferQueue_Java: update, w= 720 h= 1544 mName = VRI[InstrumentationActivityInvoker$EmptyActivity]@b64c0c7 mNativeObject= 0xb40000741c60d220 sc.mNativeObject= 0xb40000751c4f3350 format= -1 caller= android.view.ViewRootImpl.updateBlastSurfaceIfNeeded:3590 android.view.ViewRootImpl.relayoutWindow:11685 android.view.ViewRootImpl.performTraversals:4804 android.view.ViewRootImpl.doTraversal:3924 android.view.ViewRootImpl$TraversalRunnable.run:12903 android.view.Choreographer$CallbackRecord.run:1901
04-15 09:54:06.420 20231 20231 I VRI[InstrumentationActivityInvoker$EmptyActivity]@b64c0c7: Relayout returned: old=(0,0,720,1544) new=(0,0,720,1544) relayoutAsync=false req=(720,1544)0 dur=7 res=0x3 s={true 0xb40000748c533d10} ch=true seqId=0
04-15 09:54:06.420 20231 20231 I VRI[InstrumentationActivityInvoker$EmptyActivity]@b64c0c7: performConfigurationChange setNightDimText nightDimLevel=0
04-15 09:54:06.421 20231 20231 D VRI[InstrumentationActivityInvoker$EmptyActivity]@b64c0c7: mThreadedRenderer.initialize() mSurface={isValid=true 0xb40000748c533d10} hwInitialized=true
04-15 09:54:06.421 20231 20231 D VRI[InstrumentationActivityInvoker$EmptyActivity]@b64c0c7: reportNextDraw android.view.ViewRootImpl.performTraversals:5443 android.view.ViewRootImpl.doTraversal:3924 android.view.ViewRootImpl$TraversalRunnable.run:12903 android.view.Choreographer$CallbackRecord.run:1901 android.view.Choreographer$CallbackRecord.run:1910
04-15 09:54:06.421 20231 20231 D VRI[InstrumentationActivityInvoker$EmptyActivity]@b64c0c7: Setup new sync=wmsSync-VRI[InstrumentationActivityInvoker$EmptyActivity]@b64c0c7#6
04-15 09:54:06.421 20231 20231 I VRI[InstrumentationActivityInvoker$EmptyActivity]@b64c0c7: Creating new active sync group VRI[InstrumentationActivityInvoker$EmptyActivity]@b64c0c7#7
04-15 09:54:06.421 20231 20231 D VRI[InstrumentationActivityInvoker$EmptyActivity]@b64c0c7: registerCallbacksForSync syncBuffer=false
04-15 09:54:06.422  1151  1151 I SurfaceFlinger: [LayerHierarchy{RequestedLayerState{8c5cec7 NavigationBar0#91 parentId=19084} 1 children}] reparent to LayerHierarchy{RequestedLayerState{Surface(name=8c5cec7 NavigationBar0)/@0xa68870 - animation-leash of insets_animation#19084 parentId=90} 1 children}
04-15 09:54:06.422  1151  1151 I SurfaceFlinger: [LayerHierarchy{RequestedLayerState{3edafdc StatusBar#95 parentId=19083} 1 children}] reparent to LayerHierarchy{RequestedLayerState{Surface(name=3edafdc StatusBar)/@0x3b919ed - animation-leash of insets_animation#19083 parentId=94} 1 children}
04-15 09:54:06.422  1151  1151 I SurfaceFlinger: [LayerHierarchy{RequestedLayerState{Surface(name=8c5cec7 NavigationBar0)/@0xa68870 - animation-leash of insets_animation#19077} no children}] reparent to OffscreenRoot
04-15 09:54:06.422  1151  1151 I SurfaceFlinger: [LayerHierarchy{RequestedLayerState{Surface(name=8c5cec7 NavigationBar0)/@0xa68870 - animation-leash of insets_animation#19077} no children}] RelativeParent to null
04-15 09:54:06.422 20231 20267 D VRI[InstrumentationActivityInvoker$EmptyActivity]@b64c0c7: Received frameDrawingCallback syncResult=0 frameNum=1.
04-15 09:54:06.422  1151  1151 I SurfaceFlinger: [LayerHierarchy{RequestedLayerState{Surface(name=3edafdc StatusBar)/@0x3b919ed - animation-leash of insets_animation#19076} no children}] reparent to OffscreenRoot
04-15 09:54:06.422  1151  1151 I SurfaceFlinger: [LayerHierarchy{RequestedLayerState{Surface(name=3edafdc StatusBar)/@0x3b919ed - animation-leash of insets_animation#19076} no children}] RelativeParent to null
04-15 09:54:06.422  1151  1151 I SurfaceFlinger: [com.catfact.app.feature.favorites.test/androidx.test.core.app.InstrumentationActivityInvoker$EmptyActivity$_20231#19082] attach to parent LayerHierarchy{RequestedLayerState{aedd041 com.catfact.app.feature.favorites.test/androidx.test.core.app.InstrumentationActivityInvoker$EmptyActivity#19081 parentId=19080} 1 children}
04-15 09:54:06.422 20231 20267 I VRI[InstrumentationActivityInvoker$EmptyActivity]@b64c0c7: mWNT: t=0xb4000074fc524d50 mBlastBufferQueue=0xb40000741c60d220 fn= 1 HdrRenderState mRenderHdrSdrRatio=1.0 caller= android.view.ViewRootImpl$12.onFrameDraw:15441 android.view.ThreadedRenderer$1.onFrameDraw:718 <bottom of call stack>
04-15 09:54:06.422 20231 20267 I VRI[InstrumentationActivityInvoker$EmptyActivity]@b64c0c7: Setting up sync and frameCommitCallback
04-15 09:54:06.422  1151  1151 I SurfaceFlinger: [Surface(name=3edafdc StatusBar)/@0x3b919ed - animation-leash of insets_animation#19083] attach to parent LayerHierarchy{RequestedLayerState{WindowToken{7a8fc4f type=2000 android.os.BinderProxy@a9d7329}#94 parentId=17} 1 children}
04-15 09:54:06.422  1151  1151 I SurfaceFlinger: [Surface(name=8c5cec7 NavigationBar0)/@0xa68870 - animation-leash of insets_animation#19084] attach to parent LayerHierarchy{RequestedLayerState{WindowToken{fc018e2 type=2019 android.os.BinderProxy@bda3ac4}#90 parentId=34} 1 children}
04-15 09:54:06.422 20231 20254 I BLASTBufferQueue: [VRI[InstrumentationActivityInvoker$EmptyActivity]@b64c0c7#3](f:0,a:0,s:0) onFrameAvailable the first frame is available
04-15 09:54:06.422 20231 20254 I VRI[InstrumentationActivityInvoker$EmptyActivity]@b64c0c7: Received frameCommittedCallback lastAttemptedDrawFrameNum=1 didProduceBuffer=true
04-15 09:54:06.423  1151  2479 I SurfaceFlinger: [com.catfact.app.feature.favorites.test/androidx.test.core.app.InstrumentationActivityInvoker$EmptyActivity$_20231#19082] setTransactionState with the first frame. bufferData(ID: 86891483365388, frameNumber: 1)
04-15 09:54:06.423 20231 20254 D HWUI    : CFMS:: SetUp Pid : 20231    Tid : 20254
04-15 09:54:06.423 20231 20231 D VRI[InstrumentationActivityInvoker$EmptyActivity]@b64c0c7: reportDrawFinished seqId=0
04-15 09:54:06.424  1542  1585 D SurfaceComposerClient: setCornerRadius ## aedd041 com.catfact.app.feature.favorites.test/androidx.test.core.app.InstrumentationActivityInvoker$EmptyActivity#19081 cornerRadius=0.000000
04-15 09:54:06.424 20231 20254 D HWUI    : HWUI - treat SMPTE_170M as sRGB
04-15 09:54:06.424 20231 20231 I ImeFocusController: onPreWindowFocus: skipped hasWindowFocus=false mHasImeFocus=true
04-15 09:54:06.424  1542  1585 D SurfaceComposerClient: setCornerRadius ## aedd041 com.catfact.app.feature.favorites.test/androidx.test.core.app.InstrumentationActivityInvoker$EmptyActivity#19081 cornerRadius=0.000000
04-15 09:54:06.424 20231 20231 I ImeFocusController: onPostWindowFocus: skipped hasWindowFocus=false mHasImeFocus=true
04-15 09:54:06.424  1542  1585 I SemDvfsHyPerManager: acquire hyper - AMS_RESUME_TAIL/1542@22, type = -999
04-15 09:54:06.424  1542  1585 I SemDvfsHyPerManager: acquire hyper - AMS_ACT_LAZY/1542@23, type = -999
04-15 09:54:06.425  1151  2479 I SurfaceFlinger: id=19085 createSurf, flag=84004, Transition Root: ActivityRecord{213641485 u0 com.catfact.app.feature.favorites.test/androidx.test.core.app.InstrumentationActivityInvoker$EmptyActivity t3888}#19085
04-15 09:54:06.426  1059  1180 I HYPER-HAL: [RequestManager.cpp]acquire(): Acquired ID : 1223852  [1542 / 22]    HINT : AMS_RESUME_TAIL    list :
04-15 09:54:06.426  1059  1180 I HYPER-HAL: [RequestManager.cpp]releaseLocked(): Released ID : 1220723
04-15 09:54:06.427  1542  1585 I SurfaceControlRegistry: show, t=StartTransaction_SyncId<1701> sc=ActivityRecord{213641485 u0 com.catfact.app.feature.favorites.test/androidx.test.core.app.InstrumentationActivityInvoker$EmptyActivity t3888}, caller=android.view.SurfaceControl$Transaction.show:3557 com.android.server.wm.Transition.onTransactionReady:2048 com.android.server.wm.BLASTSyncEngine$SyncGroup.finishNow:240 com.android.server.wm.BLASTSyncEngine.onSurfacePlacement:263 com.android.server.wm.RootWindowContainer.performSurfacePlacementNoTrace:1083 com.android.server.wm.WindowSurfacePlacer.performSurfacePlacement:166
04-15 09:54:06.427  1542  1585 D SurfaceComposerClient: setCornerRadius ## ActivityRecord{17881242 u0 com.catfact.app.feature.favorites.test/androidx.activity.ComponentActivity t3888}#19066 cornerRadius=0.000000
04-15 09:54:06.427  1542  1585 D SurfaceComposerClient: setCornerRadius ## ActivityRecord{213641485 u0 com.catfact.app.feature.favorites.test/androidx.test.core.app.InstrumentationActivityInvoker$EmptyActivity t3888}#19080 cornerRadius=0.000000
04-15 09:54:06.428  1542  1585 D ScreenCapture: [Capture_TEST] : setIsScreenShotBySystem false
04-15 09:54:06.428  1542  1581 I ActivityTaskManager: Displayed com.catfact.app.feature.favorites.test/androidx.test.core.app.InstrumentationActivityInvoker$EmptyActivity for user 0: +39ms
04-15 09:54:06.428  1542  1585 I SurfaceComposerClient: captureLayers:childrenOnly:1, sync:1
04-15 09:54:06.428  3152  3152 E pageboostd: Received HALT command code 2
04-15 09:54:06.428  2000  2105 I SurfaceControlRegistry: hide, t=FinishTransaction_SyncId<1701> sc=ActivityRecord{17881242 u0 com.catfact.app.feature.favorites.test/androidx.activity.ComponentActivity t3888}, caller=android.view.SurfaceControl$Transaction.hide:3583 com.android.wm.shell.transition.Transitions.dispatchReady:1263 com.android.wm.shell.transition.Transitions.onTransitionReady:251 com.android.wm.shell.transition.Transitions$TransitionPlayerImpl$$ExternalSyntheticLambda0.run:13 android.os.Handler.handleCallback:995 android.os.Handler.dispatchMessage:103
04-15 09:54:06.428  2000  2105 I SurfaceControlRegistry: show, t=StartTransaction_SyncId<1701> sc=ActivityRecord{213641485 u0 com.catfact.app.feature.favorites.test/androidx.test.core.app.InstrumentationActivityInvoker$EmptyActivity t3888}, caller=android.view.SurfaceControl$Transaction.show:3557 com.android.wm.shell.transition.Transitions.dispatchReady:1279 com.android.wm.shell.transition.Transitions.onTransitionReady:251 com.android.wm.shell.transition.Transitions$TransitionPlayerImpl$$ExternalSyntheticLambda0.run:13 android.os.Handler.handleCallback:995 android.os.Handler.dispatchMessage:103
04-15 09:54:06.428  2000  2105 I SurfaceControlRegistry: show, t=FinishTransaction_SyncId<1701> sc=ActivityRecord{213641485 u0 com.catfact.app.feature.favorites.test/androidx.test.core.app.InstrumentationActivityInvoker$EmptyActivity t3888}, caller=android.view.SurfaceControl$Transaction.show:3557 com.android.wm.shell.transition.Transitions.dispatchReady:1330 com.android.wm.shell.transition.Transitions.onTransitionReady:251 com.android.wm.shell.transition.Transitions$TransitionPlayerImpl$$ExternalSyntheticLambda0.run:13 android.os.Handler.handleCallback:995 android.os.Handler.dispatchMessage:103
04-15 09:54:06.428  2000  2105 I SurfaceControlRegistry: show, t=StartTransaction_SyncId<1701> sc=Transition Root: ActivityRecord{213641485 u0 com.catfact.app.feature.favorites.test/androidx.test.core.app.InstrumentationActivityInvoker$EmptyActivity t3888}, caller=android.view.SurfaceControl$Transaction.show:3557 com.android.wm.shell.transition.Transitions.playTransition:79 com.android.wm.shell.transition.Transitions.processReadyQueue:239 com.android.wm.shell.transition.Transitions.dispatchReady:1352 com.android.wm.shell.transition.Transitions.onTransitionReady:251 com.android.wm.shell.transition.Transitions$TransitionPlayerImpl$$ExternalSyntheticLambda0.run:13
04-15 09:54:06.429  2000  2105 I SurfaceControlRegistry: apply, t=StartTransaction_SyncId<1701>, caller=android.view.SurfaceControl$Transaction.apply:3459 android.view.SurfaceControl$Transaction.apply:3447 android.view.SurfaceControl$Transaction.apply:3397 com.android.wm.shell.transition.DefaultTransitionHandler.startAnimation:3387 com.android.wm.shell.transition.Transitions.dispatchTransition:90 com.android.wm.shell.transition.Transitions.playTransition:774
04-15 09:54:06.430  2000  2105 I SurfaceControlRegistry: apply, t=FinishTransaction_SyncId<1701>, caller=android.view.SurfaceControl$Transaction.apply:3459 android.view.SurfaceControl$Transaction.apply:3447 android.view.SurfaceControl$Transaction.apply:3397 com.android.wm.shell.transition.Transitions.onFinish:315 com.android.wm.shell.transition.Transitions$$ExternalSyntheticLambda7.onTransitionFinished:12 com.android.wm.shell.transition.DefaultTransitionHandler$$ExternalSyntheticLambda2.run:36
04-15 09:54:06.431  1151  1151 I SurfaceFlinger: RequestedLayer [ActivityRecord{213641485 u0 com.catf[...]tyInvoker$EmptyActivity t3888}#19080] hidden!! flag  from(1) --> to(0)
04-15 09:54:06.431  1151  1151 E SurfaceFlinger: alpha changed 1.000 -> 0.000 - ActivityRecord{213641485 u0 com.catfact.app.feature.favorites.test/androidx.test.core.app.InstrumentationActivityInvoker$EmptyActivity t3888}#19080
04-15 09:54:06.431  1151  1151 I SurfaceFlinger: RequestedLayer [aedd041 com.catfact.app.feature.favo[...]nActivityInvoker$EmptyActivity#19081] hidden!! flag  from(1) --> to(0)
04-15 09:54:06.431  1151  1151 I SurfaceFlinger: RequestedLayer [com.catfact.app.feature.favorites.te[...]tyInvoker$EmptyActivity$_20231#19082] hidden!! flag  from(1) --> to(0)
04-15 09:54:06.431  1151  1151 I SurfaceFlinger: RequestedLayer [Transition Root: ActivityRecord{2136[...]tyInvoker$EmptyActivity t3888}#19085] hidden!! flag  from(1) --> to(0)
04-15 09:54:06.431  1151  1151 I SurfaceFlinger: RequestedLayer [ActivityRecord{17881242 u0 com.catfa[...]ivity.ComponentActivity t3888}#19066] hidden!! flag  from(0) --> to(1)
04-15 09:54:06.431  1151  1151 E SurfaceFlinger: alpha changed 0.000 -> 1.000 - ActivityRecord{213641485 u0 com.catfact.app.feature.favorites.test/androidx.test.core.app.InstrumentationActivityInvoker$EmptyActivity t3888}#19080
04-15 09:54:06.431  1151  1151 I SurfaceFlinger: [LayerHierarchy{RequestedLayerState{ActivityRecord{17881242 u0 com.catfact.app.feature.favorites.test/androidx.activity.ComponentActivity t3888}#19066 parentId=19065} 3 children}] reparent to LayerHierarchy{RequestedLayerState{Task=3888#19065 parentId=10 z=13} 2 children}
04-15 09:54:06.431  1151  2479 I SurfaceFlinger: Capture layer list: 	 com.catfact.app.feature.favorites.test/androidx.activity.ComponentActivity$_20231#19073(seamlessTransition:0)
04-15 09:54:06.431  1151  1151 I SurfaceFlinger: [LayerHierarchy{RequestedLayerState{ActivityRecord{213641485 u0 com.catfact.app.feature.favorites.test/androidx.test.core.app.InstrumentationActivityInvoker$EmptyActivity t3888}#19080 parentId=19065 z=1} 1 children}] reparent to LayerHierarchy{RequestedLayerState{Task=3888#19065 parentId=10 z=13} 2 children}
04-15 09:54:06.431  1151  1151 I SurfaceFlinger: [Transition Root: ActivityRecord{213641485 u0 com.catfact.app.feature.favorites.test/androidx.test.core.app.InstrumentationActivityInvoker$EmptyActivity t3888}#19085] attach to parent OffscreenRoot
04-15 09:54:06.431  1151  2479 I CompositionEngine: [setDisplaySize] size=(720, 1544)
04-15 09:54:06.432  1151  1206 D RenderEngine: [SEC_SF_EFFECTS] drawLayersInternal,1494, Rendering layer ScreenCaptureFillLayer at index 0
04-15 09:54:06.432  1151  1206 D RenderEngine: [SEC_SF_EFFECTS] drawLayersInternal,1494, Rendering layer com.catfact.app.feature.favorites.test/androidx.activity.ComponentActivity$_20231#19073 at index 1
04-15 09:54:06.434  1542  1585 D SurfaceComposerClient: setCornerRadius ## aedd041 com.catfact.app.feature.favorites.test/androidx.test.core.app.InstrumentationActivityInvoker$EmptyActivity#19081 cornerRadius=0.000000
04-15 09:54:06.435  2000  2000 D NavigationBar: onSystemBarAttributesChanged() -  displayId:0, appearance:0, packageName: com.catfact.app.feature.favorites.test, navbarColorManagedByIme:false
04-15 09:54:06.435  1542  1585 D SurfaceComposerClient: setCornerRadius ## aedd041 com.catfact.app.feature.favorites.test/androidx.test.core.app.InstrumentationActivityInvoker$EmptyActivity#19081 cornerRadius=0.000000
04-15 09:54:06.435  2000  2000 D SamsungLightBarControlHelper: updateNavigationBar (WHITE button) isLightOpaque:false, hasLightNavigationBarFlag:false, packageName:com.catfact.app.feature.favorites.test, DirectReplying:false, NavBarColorMangedByIme:false, ForceDarkForScrim:false, ForceLightForScrim:false, QsCustomizing:false, QsExpanded:false
04-15 09:54:06.437  1151  1151 D SurfaceFlinger: Display 4633128672291735999 HWC layers:
04-15 09:54:06.437  1151  1151 D SurfaceFlinger:        DEVICE |           86891483365388 | 00002102 | RGBA_8888    |    0.0    0.0  720.0 1544.0 |    0    0  720 1544 | com.catfact.app.feature.favorites.te[...]tyInvoker$EmptyActivity$_20231#19082 (1)
04-15 09:54:06.437  1151  1151 D SurfaceFlinger:        DEVICE |            8589934654687 | 00002100 | RGBA_8888    |    0.0    0.0  720.0   50.0 |    0    0  720   50 | StatusBar$_2000#102 (26698)
04-15 09:54:06.437  1151  1151 D SurfaceFlinger:        DEVICE |           10569914518889 | 00002100 | RGBA_8888    |    0.0    0.0   67.0  353.0 |  653  192  720  545 | com.sec.android.app.launcher/com.sam[...]l.app.CocktailBarService$_2461#16495 (1)
04-15 09:54:06.437  1151  1151 D SurfaceFlinger:        DEVICE |            8589934654691 | 00002100 | RGBA_8888    |    0.0    0.0  720.0   90.0 |    0 1454  720 1544 | NavigationBar0$_2000#98 (17457)
04-15 09:54:06.437  1151  1151 D SurfaceFlinger:
04-15 09:54:06.437  1151  2758 I SurfaceFlinger: id=19086 createSurf, flag=84000, 39ab637 ActivityRecordInputSink com.catfact.app.feature.favorites.test/androidx.test.core.app.InstrumentationActivityInvoker$EmptyActivity#19086
04-15 09:54:06.437  1151  1338 D SurfaceFlinger: [input] setFocusedWindow: aedd041 com.catfact.app.feature.favorites.test/androidx.test.core.app.InstrumentationActivityInvoker$EmptyActivity
04-15 09:54:06.437  1542  4226 D InputDispatcher: Once focus requested (0): aedd041 com.catfact.app.feature.favorites.test/androidx.test.core.app.InstrumentationActivityInvoker$EmptyActivity
04-15 09:54:06.437  1542  4226 D InputDispatcher: Focus request (0): aedd041 com.catfact.app.feature.favorites.test/androidx.test.core.app.InstrumentationActivityInvoker$EmptyActivity but waiting because NO_WINDOW
04-15 09:54:06.437  1542  2101 D InputDispatcher: Focus entered window (0): aedd041 com.catfact.app.feature.favorites.test/androidx.test.core.app.InstrumentationActivityInvoker$EmptyActivity
04-15 09:54:06.438 20231 20231 I View    : setRequestedFrameRate frameRate=NaN, this=androidx.compose.ui.platform.AndroidComposeView{41fb224 VFED..... ........ 0,0-720,1544 aid=1073741824}, caller=android.view.ViewGroup.setRequestedFrameRate:9952 androidx.compose.ui.platform.Api35Impl.setRequestedFrameRate:3822 androidx.compose.ui.platform.AndroidComposeView.dispatchDraw:2114 android.view.View.draw:26345 android.view.View.updateDisplayListIfDirty:25175
04-15 09:54:06.438 20231 20231 I View    : setRequestedFrameRate frameRate=NaN, this=android.view.View{f603039 V.ED..... ........ 0,0-0,0}, caller=androidx.compose.ui.platform.Api35Impl.setRequestedFrameRate:3822 androidx.compose.ui.platform.AndroidComposeView.dispatchDraw:2115 android.view.View.draw:26345 android.view.View.updateDisplayListIfDirty:25175 android.view.ViewGroup.recreateChildDisplayList:4794
04-15 09:54:06.439  1151  1151 I SurfaceFlinger: [LayerHierarchy{RequestedLayerState{Transition Root: ActivityRecord{213641485 u0 com.catfact.app.feature.favorites.test/androidx.test.core.app.InstrumentationActivityInvoker$EmptyActivity t3888}#19085 z=1} no children}] reparent to OffscreenRoot
04-15 09:54:06.439  1151  1151 I SurfaceFlinger: [LayerHierarchy{RequestedLayerState{Transition Root: ActivityRecord{213641485 u0 com.catfact.app.feature.favorites.test/androidx.test.core.app.InstrumentationActivityInvoker$EmptyActivity t3888}#19085 z=1} no children}] RelativeParent to null
04-15 09:54:06.439 20231 20231 I VRI[ComponentActivity]@e8140de: handleAppVisibility mAppVisible = true visible = false
04-15 09:54:06.439  1151  1151 I SurfaceFlinger: [39ab637 ActivityRecordInputSink com.catfact.app.feature.favorites.test/androidx.test.core.app.InstrumentationActivityInvoker$EmptyActivity#19086] attach to parent LayerHierarchy{RequestedLayerState{ActivityRecord{213641485 u0 com.catfact.app.feature.favorites.test/androidx.test.core.app.InstrumentationActivityInvoker$EmptyActivity t3888}#19080 parentId=19065 z=1} 2 children}
04-15 09:54:06.439 20231 20231 D VRI[ComponentActivity]@e8140de: visibilityChanged oldVisibility=true newVisibility=false
04-15 09:54:06.440 20231 20254 D HWUI    : endAllActiveAnimators on 0xb40000748c52efd0 (UnprojectedRipple) with handle 0xb40000755c52edf0
04-15 09:54:06.440  1542  4025 I WindowManager: Relayout Window{cdb0f23 u0 com.catfact.app.feature.favorites.test/androidx.activity.ComponentActivity}: viewVisibility=8 req=720x1544 ty=1 d0
04-15 09:54:06.440  1542  4025 D SurfaceComposerClient: setCornerRadius ## aedd041 com.catfact.app.feature.favorites.test/androidx.test.core.app.InstrumentationActivityInvoker$EmptyActivity#19081 cornerRadius=0.000000
04-15 09:54:06.441  1542  4025 D SurfaceComposerClient: setCornerRadius ## aedd041 com.catfact.app.feature.favorites.test/androidx.test.core.app.InstrumentationActivityInvoker$EmptyActivity#19081 cornerRadius=0.000000
04-15 09:54:06.441  1151  1151 I SurfaceFlinger: id=19085 Removed Transition Root: ActivityRecord{213641485 u0 com.catfact.app.feature.favorites.test/androidx.test.core.app.InstrumentationActivityInvoker$EmptyActivity t3888}#19085 (194)
04-15 09:54:06.441  1542  4025 I WindowManager: Relayout hash=cdb0f23, pid=20231, syncId=-1: mAttrs={(0,0)(fillxfill) sim={adjust=pan forwardNavigation} layoutInDisplayCutoutMode=always ty=BASE_APPLICATION wanim=0x1030317
04-15 09:54:06.441  1542  4025 I WindowManager:   fl=81810100
04-15 09:54:06.441  1542  4025 I WindowManager:   pfl=100088c0
04-15 09:54:06.441  1542  4025 I WindowManager:   apr=210
04-15 09:54:06.441  1542  4025 I WindowManager:   bhv=1
04-15 09:54:06.441  1542  4025 I WindowManager:   fitSides=0
04-15 09:54:06.441  1542  4025 I WindowManager:   frameRateBoostOnTouch=true
04-15 09:54:06.441  1542  4025 I WindowManager:   dvrrWindowFrameRateHint=true naviIconColor=0}
04-15 09:54:06.441  1151  1200 I SurfaceFlinger: id=19076 Removed Surface(name=3edafdc StatusBar)/@0x3b919ed - animation-leash of insets_animation#19076 (194)
04-15 09:54:06.442  1151  2758 I SurfaceFlinger: id=19077 Removed Surface(name=8c5cec7 NavigationBar0)/@0xa68870 - animation-leash of insets_animation#19077 (194)
04-15 09:54:06.442 20231 20231 I VRI[ComponentActivity]@e8140de: Relayout returned: old=(0,0,720,1544) new=(0,0,720,1544) relayoutAsync=false req=(720,1544)8 dur=2 res=0x2 s={false 0x0} ch=true seqId=0
04-15 09:54:06.442 20231 20231 D VRI[ComponentActivity]@e8140de: Not drawing due to not visible. Reason=!mAppVisible && !mForceDecorViewVisibility
04-15 09:54:06.442 20231 20231 D VRI[InstrumentationActivityInvoker$EmptyActivity]@b64c0c7: mThreadedRenderer.initializeIfNeeded()#2 mSurface={isValid=true 0xb40000748c533d10}
04-15 09:54:06.442 20231 20231 D InputMethodManagerUtils: startInputInner - Id : 0
04-15 09:54:06.442 20231 20231 I InputMethodManager: startInputInner - IInputMethodManagerGlobalInvoker.startInputOrWindowGainedFocus
04-15 09:54:06.443  1542  1750 I ImeTracker: com.catfact.app.feature.favorites.test:3db66b89: onRequestHide at ORIGIN_SERVER reason HIDE_UNSPECIFIED_WINDOW fromUser false
04-15 09:54:06.444  2000  2105 D ShellDesktopMode: handleRequest: TransitionRequestInfo {type=2, tid=3888, debugId=1702}
04-15 09:54:06.445 20231 20231 I VRI[ComponentActivity]@e8140de: stopped(true) old = false
04-15 09:54:06.445 20231 20231 D VRI[ComponentActivity]@e8140de: WindowStopped on com.catfact.app.feature.favorites.test/androidx.activity.ComponentActivity set to true
04-15 09:54:06.446  1542  1750 D InputTransport: Input channel constructed: 'ClientS', fd=972
04-15 09:54:06.446 20231 20231 D LifecycleMonitor: Lifecycle status change: androidx.activity.ComponentActivity@5ba41eb in: STOPPED
04-15 09:54:06.446 20231 20231 V ActivityScenario: Update currentActivityStage to STOPPED, currentActivity=androidx.activity.ComponentActivity@5ba41eb
04-15 09:54:06.446  1542  1750 D InputTransport: Input channel destroyed: 'ClientS', fd=972
04-15 09:54:06.446  3756  3756 I HBD     : HoneyBoardService onFinishInput
04-15 09:54:06.446  3756  3756 I HBD     : a IC have been unbinding,  RemoteInputConnection{idHash=#4b29fdd}
04-15 09:54:06.446  3756  3756 I HBD     : HoneyBoardService [PF_CL][onFinishInput]  0 ms
04-15 09:54:06.446  3756  3756 I HBD     : HoneyBoardService [IMI] onStartInput - caller pid : 20231 , caller uid : 10750
04-15 09:54:06.446  3756  3756 I HBD     : k updateConfigs
04-15 09:54:06.446  3756  3756 I HBD     : k isEnabledNightMode : true
04-15 09:54:06.446  3756  3756 I HBD     : a IC have been binding, RemoteInputConnection{idHash=#4b29fdd}
04-15 09:54:06.446  3756  3756 I HBD     : h [EditorInputType]setPrivateImeOptionsToTable privateImeOptions ( null )
04-15 09:54:06.446  3756  3756 I HBD     : b incognitoMode : false
04-15 09:54:06.446  3756  3756 I HBD     : c needOff = true , isForceOff = false, isNullInputClass : true
04-15 09:54:06.446  1151  1151 I SurfaceFlinger: [Display 0 name="Built-in Screen"#49] setFrameRateCategory: Default
04-15 09:54:06.446  3756  3756 I HBD     : h getDefaultInputRange : UNKNOWN
04-15 09:54:06.446  3756  3756 I HBD     : h getDefaultInputRange : UNKNOWN
04-15 09:54:06.446  3756  3756 I HBD     : h getDefaultInputRange : UNKNOWN
04-15 09:54:06.446  1151  1151 I SurfaceFlinger: RequestedLayer [com.catfact.app.feature.favorites.te[...]ivity.ComponentActivity$_20231#19073] hidden!! flag  from(0) --> to(1)
04-15 09:54:06.446  1151  1151 I SurfaceFlinger: [Display 0 name="Built-in Screen"#49] setFrameRateCategory: High
04-15 09:54:06.447  1151  1151 I SurfaceFlinger: destroyed Surface(name=8c5cec7 NavigationBar0)/@0xa68870 - animation-leash of insets_animation#19077
04-15 09:54:06.447  1151  1151 I SurfaceFlinger: destroyed Surface(name=3edafdc StatusBar)/@0x3b919ed - animation-leash of insets_animation#19076
04-15 09:54:06.447  1151  1151 I SurfaceFlinger: destroyed Transition Root: ActivityRecord{213641485 u0 com.catfact.app.feature.favorites.test/androidx.test.core.app.InstrumentationActivityInvoker$EmptyActivity t3888}#19085
04-15 09:54:06.447  3756  3756 I HBD     : c needOff = true , isForceOff = false, isNullInputClass : true
04-15 09:54:06.447  3756  3756 I HBD     : c update cached prediction status : false
04-15 09:54:06.447  3756  3756 I HBD     : h getDefaultInputRange : UNKNOWN
04-15 09:54:06.447  3756  3756 I HBD     : a currentState : 0
04-15 09:54:06.447 20231 20241 D InputTransport: Input channel constructed: 'ClientS', fd=123
04-15 09:54:06.447  3756  3756 I HBD     : a [UpdatePolicy] [post] a: 0 cl: 65538 kit: [0/0] vt: 0 ir: 1
04-15 09:54:06.448  1151  1378 I SurfaceFlinger: id=19087 createSurf, flag=24004, Surface(name=1d7a05f InputMethod)/@0x5f77a9d - animation-leash of insets_animation#19087
04-15 09:54:06.448  2000  2000 D SystemUIService: SYSUI_RAM_OPTIMIZATION onTrimMemory=20
04-15 09:54:06.448  2000  2000 D CentralSurfaces: SYSUI_RAM_OPTIMIZATION onTrimMemory=20
04-15 09:54:06.448  2000  2000 D SystemUIService: SYSUI_RAM_OPTIMIZATION onTrimMemory=20
04-15 09:54:06.448  2000  2000 D CentralSurfaces: SYSUI_RAM_OPTIMIZATION onTrimMemory=20
04-15 09:54:06.448  1151  1151 I Layer   : id=19077 Destroyed Surface(name=8c5cec7 NavigationBar0)/@0xa68870 - animation-leash of insets_animation#19077
04-15 09:54:06.448  1151  1151 I Layer   : id=19076 Destroyed Surface(name=3edafdc StatusBar)/@0x3b919ed - animation-leash of insets_animation#19076
04-15 09:54:06.448  1151  1151 I Layer   : id=19085 Destroyed Transition Root: ActivityRecord{213641485 u0 com.catfact.app.feature.favorites.test/androidx.test.core.app.InstrumentationActivityInvoker$EmptyActivity t3888}#19085
04-15 09:54:06.449  2000  2196 D HWUI    : CacheManager::trimMemory(20)
04-15 09:54:06.450  1542  3827 I ImeTracker: system_server:dd99683e: onRequestHide at ORIGIN_SERVER reason IME_REQUESTED_CHANGED_LISTENER fromUser false
04-15 09:54:06.450  2461  2474 I HoneySpace.RecentTasks: onRecentTasksChanged
04-15 09:54:06.450  2000  2196 D HWUI    : CacheManager::trimMemory(20)
04-15 09:54:06.451  1542  1584 I ImeTracker: system_server:dd99683e: onCancelled at PHASE_SERVER_SHOULD_HIDE
04-15 09:54:06.453  2461  2584 I HoneySpace.TopTaskSource: onTaskMovedToFront : taskId = 3514, displayId = 0
04-15 09:54:06.453  2461  2584 I HoneySpace.TopTaskSource: onTaskMovedToFront : taskId = 3801, displayId = 0
04-15 09:54:06.453  2461  2586 I HoneySpace.TopTaskUseCase: topTasks 3801 ComponentInfo{com.google.android.calendar/com.google.android.calendar.allinone.AllInOneCalendarActivity}[displayId=0]
04-15 09:54:06.453 20231 20231 W WindowOnBackDispatcher: sendCancelIfRunning: isInProgress=false callback=android.app.Activity$$ExternalSyntheticLambda0@55c8cea
04-15 09:54:06.454 20231 20231 D LifecycleMonitor: Lifecycle status change: androidx.activity.ComponentActivity@5ba41eb in: DESTROYED
04-15 09:54:06.454 20231 20231 V ActivityScenario: Update currentActivityStage to DESTROYED, currentActivity=null
04-15 09:54:06.454 20231 20231 D ViewRootImpl: Skipping stats log for color mode
04-15 09:54:06.454 20231 20231 I VRI[ComponentActivity]@e8140de: dispatchDetachedFromWindow
04-15 09:54:06.455  1542  4025 D InputTransport: Input channel destroyed: 'cdb0f23', fd=1256
04-15 09:54:06.455  1151  1151 I SurfaceFlinger: [Surface(name=1d7a05f InputMethod)/@0x5f77a9d - animation-leash of insets_animation#19087] attach to parent LayerHierarchy{RequestedLayerState{WindowToken{d080c22 type=2011 android.os.Binder@459a5ed}#120 parentId=15} 2 children}
04-15 09:54:06.456 20231 20231 D InputTransport: Input channel destroyed: 'cdb0f23', fd=122
04-15 09:54:06.456 20231 20231 I InsetsSourceConsumer: applyRequestedVisibilityToControl: visible=true, type=statusBars, host=com.catfact.app.feature.favorites.test/androidx.test.core.app.InstrumentationActivityInvoker$EmptyActivity
04-15 09:54:06.457 20231 20231 I InsetsSourceConsumer: applyRequestedVisibilityToControl: visible=true, type=navigationBars, host=com.catfact.app.feature.favorites.test/androidx.test.core.app.InstrumentationActivityInvoker$EmptyActivity
04-15 09:54:06.457 20231 20231 I InputMethodManager: handleMessage: setImeVisibility visible=false
04-15 09:54:06.457 20231 20231 D InsetsController: hide(ime(), fromIme=false)
04-15 09:54:06.457 20231 20231 I ImeTracker: com.catfact.app.feature.favorites.test:3db66b89: onCancelled at PHASE_CLIENT_ALREADY_HIDDEN
04-15 09:54:06.458 20231 20231 D LifecycleMonitor: Lifecycle status change: androidx.test.core.app.InstrumentationActivityInvoker$EmptyActivity@a591b2e in: PAUSED
04-15 09:54:06.458 20231 20231 V ActivityScenario: Activity lifecycle changed event received but ignored because the intent does not match. startActivityIntent=Intent { act=android.intent.action.MAIN cat=[android.intent.category.LAUNCHER] flg=0x10008000 cmp=com.catfact.app.feature.favorites.test/androidx.activity.ComponentActivity }, activity.getIntent()=Intent { act=android.intent.action.MAIN cat=[android.intent.category.LAUNCHER] flg=0x10000000 xflg=0x4 cmp=com.catfact.app.feature.favorites.test/androidx.test.core.app.InstrumentationActivityInvoker$EmptyActivity }, activity=androidx.test.core.app.InstrumentationActivityInvoker$EmptyActivity@a591b2e
04-15 09:54:06.458  1151  2758 I SurfaceFlinger: id=19072 Removed a82d5bc ActivityRecordInputSink com.catfact.app.feature.favorites.test/androidx.activity.ComponentActivity#19072 (192)
04-15 09:54:06.458  1542  3827 I SemDvfsHyPerManager: acquire hyper - AMS_ACT_RESUME/1542@19, type = -999
04-15 09:54:06.458  1059  1180 I HYPER-HAL: [RequestManager.cpp]acquire(): Acquired ID : 1219160  [1542 / 19]    HINT : AMS_ACT_RESUME    list :
04-15 09:54:06.460  1542  2299 D InputDispatcher: Focus left window (0): aedd041 com.catfact.app.feature.favorites.test/androidx.test.core.app.InstrumentationActivityInvoker$EmptyActivity
04-15 09:54:06.462  1542  1825 D AS.MultiSoundManager: mForegroundUid = 10279
04-15 09:54:06.462  1542  3827 D InputDispatcher: Focused application(0): ActivityRecord{243114305 u0 com.google.android.calendar/.allinone.AllInOneCalendarActivity t3801}
04-15 09:54:06.463  2000  2120 D ViewRootImpl: desktopMode is false
04-15 09:54:06.463  2000  2120 I ViewRootImpl: dVRR is disabled
04-15 09:54:06.463  1151  1151 I SurfaceFlinger: RequestedLayer [Surface(name=1d7a05f InputMethod)/@0[...]tion-leash of insets_animation#19087] hidden!! flag  from(1) --> to(0)
04-15 09:54:06.463  1151  1151 E SurfaceFlinger: alpha changed 1.000 -> 0.000 - Surface(name=1d7a05f InputMethod)/@0x5f77a9d - animation-leash of insets_animation#19087
04-15 09:54:06.463  1151  1151 I SurfaceFlinger: [LayerHierarchy{RequestedLayerState{ImeContainer#15 parentId=19080 relativeParentId=19080 z=1} 1 children}] reparent to LayerHierarchy{RequestedLayerState{ActivityRecord{213641485 u0 com.catfact.app.feature.favorites.test/androidx.test.core.app.InstrumentationActivityInvoker$EmptyActivity t3888}#19080 parentId=19065 z=1} 3 children}
04-15 09:54:06.463  1151  1151 I SurfaceFlinger: [LayerHierarchy{RequestedLayerState{ImeContainer#15 parentId=19080 relativeParentId=19080 z=1} 1 children}] RelativeParent to null
04-15 09:54:06.463  1151  1151 I SurfaceFlinger: [LayerHierarchy{RequestedLayerState{1d7a05f InputMethod#134 parentId=19087} no children}] reparent to LayerHierarchy{RequestedLayerState{Surface(name=1d7a05f InputMethod)/@0x5f77a9d - animation-leash of insets_animation#19087 parentId=120} 1 children}
04-15 09:54:06.463  1151  1151 I SurfaceFlinger: [LayerHierarchy{RequestedLayerState{Surface(name=1d7a05f InputMethod)/@0x5f77a9d - animation-leash of insets_animation#19079} no children}] reparent to OffscreenRoot
04-15 09:54:06.463  1151  1151 I SurfaceFlinger: [LayerHierarchy{RequestedLayerState{Surface(name=1d7a05f InputMethod)/@0x5f77a9d - animation-leash of insets_animation#19079} no children}] RelativeParent to null
04-15 09:54:06.463  2000  2196 D NativeCustomFrequencyManager: [NativeCFMS] BpCustomFrequencyManager::BpCustomFrequencyManager()
04-15 09:54:06.464  1542  1598 W libprocessgroup: SetCgroup::ExecuteForProcess: failed to open /dev/cpuctl/foreground-boost/cgroup.procs: No such file or directory
04-15 09:54:06.465 20231 20231 I ImeFocusController: onPreWindowFocus: skipped hasWindowFocus=false mHasImeFocus=true
04-15 09:54:06.465 20231 20231 I ImeFocusController: onPostWindowFocus: skipped hasWindowFocus=false mHasImeFocus=true
04-15 09:54:06.465  3756  3756 I HBD     : a [NRIC] resetNoResponseState
04-15 09:54:06.465  3756  3756 I HBD     : c needOff = true , isForceOff = false, isNullInputClass : true
04-15 09:54:06.465  3756  3756 I HBD     : c update cached prediction status : false
04-15 09:54:06.465  3756  3756 I HBD     : b [AiWriter] setContact : com.catfact.app.feature.favorites.test
04-15 09:54:06.466  1542  2299 D GraphicsStatsService: requestRenderEngineFor(com.google.android.calendar)
04-15 09:54:06.467  1542  4025 D InputTransport: Input channel constructed: 'd33d97a', fd=1178
04-15 09:54:06.467  1542  4025 D InputTransport: Input channel constructed: 'd33d97a', fd=1256
04-15 09:54:06.467  1542  4025 D InputTransport: Input channel constructed: 'd33d97a', fd=1274
04-15 09:54:06.467  1542  4025 D InputTransport: Input channel destroyed: 'd33d97a', fd=1256
04-15 09:54:06.468 20231 20245 D IdlingRegistry: Unregistering idling resources: [androidx.compose.ui.test.EspressoLink@eb344d7]
04-15 09:54:06.468  1151  1199 I SurfaceFlinger: id=19079 Removed Surface(name=1d7a05f InputMethod)/@0x5f77a9d - animation-leash of insets_animation#19079 (192)
04-15 09:54:06.468  1151  2758 I SurfaceFlinger: id=19088 createSurf, flag=84004, d33d97a Splash Screen com.google.android.calendar#19088
04-15 09:54:06.468  3756  3756 I HBD     : HoneyBoardService [PF_OP][onStartInput]  22 ms
04-15 09:54:06.468  3756  3756 I HBD     : [DirectWriting] DirectWriting emitInputConnection : RemoteInputConnection{idHash=#4b29fdd}
04-15 09:54:06.469 20231 20245 I TestRunner: finished: factCardClickDispatchesFactClicked(com.catfact.app.feature.favorites.presentation.FavoritesScreenTest)
