04-15 09:54:04.263 20231 20231 I BLASTBufferQueue_Java: update, w= 720 h= 1544 mName = VRI[ComponentActivity]@8935158 mNativeObject= 0xb40000741c552680 sc.mNativeObject= 0xb40000751c4e9bd0 format= -1 caller= android.view.ViewRootImpl.updateBlastSurfaceIfNeeded:3590 android.view.ViewRootImpl.relayoutWindow:11685 android.view.ViewRootImpl.performTraversals:4804 android.view.ViewRootImpl.doTraversal:3924 android.view.ViewRootImpl$TraversalRunnable.run:12903 android.view.Choreographer$CallbackRecord.run:1901
04-15 09:54:04.263  1151  1151 I SurfaceFlinger: [Surface(name=3edafdc StatusBar)/@0x3b919ed - animation-leash of insets_animation#19040] attach to parent LayerHierarchy{RequestedLayerState{WindowToken{7a8fc4f type=2000 android.os.BinderProxy@a9d7329}#94 parentId=17} 3 children}
04-15 09:54:04.263  1151  1151 I SurfaceFlinger: [Surface(name=8c5cec7 NavigationBar0)/@0xa68870 - animation-leash of insets_animation#19041] attach to parent LayerHierarchy{RequestedLayerState{WindowToken{fc018e2 type=2019 android.os.BinderProxy@bda3ac4}#90 parentId=34} 3 children}
04-15 09:54:04.264 20231 20231 I VRI[ComponentActivity]@8935158: Relayout returned: old=(0,0,720,1544) new=(0,0,720,1544) relayoutAsync=false req=(720,1544)0 dur=7 res=0x3 s={true 0xb40000748c507f60} ch=true seqId=0
04-15 09:54:04.264  1151  1378 W ServiceManagerCppClient: Permission failure: android.permission.ACCESS_SURFACE_FLINGER from uid=10750 pid=0
04-15 09:54:04.264  1151  1378 D PermissionCache: checking android.permission.ACCESS_SURFACE_FLINGER for uid=10750 => denied (208 us)
04-15 09:54:04.264  1151  1378 W ServiceManagerCppClient: Permission failure: android.permission.ROTATE_SURFACE_FLINGER from uid=10750 pid=0
04-15 09:54:04.264  1151  1378 D PermissionCache: checking android.permission.ROTATE_SURFACE_FLINGER for uid=10750 => denied (162 us)
04-15 09:54:04.264  1151  2479 W ServiceManagerCppClient: Permission failure: android.permission.ROTATE_SURFACE_FLINGER from uid=10750 pid=20231
04-15 09:54:04.264  1151  2479 D PermissionCache: checking android.permission.ROTATE_SURFACE_FLINGER for uid=10750 => denied (196 us)
04-15 09:54:04.264  1151  1378 W ServiceManagerCppClient: Permission failure: android.permission.INTERNAL_SYSTEM_WINDOW from uid=10750 pid=0
04-15 09:54:04.264  1151  1378 D PermissionCache: checking android.permission.INTERNAL_SYSTEM_WINDOW for uid=10750 => denied (139 us)
04-15 09:54:04.264  1151  2479 W ServiceManagerCppClient: Permission failure: android.permission.INTERNAL_SYSTEM_WINDOW from uid=10750 pid=20231
04-15 09:54:04.264  1151  2479 D PermissionCache: checking android.permission.INTERNAL_SYSTEM_WINDOW for uid=10750 => denied (98 us)
04-15 09:54:04.265 20231 20231 I VRI[ComponentActivity]@8935158: performConfigurationChange setNightDimText nightDimLevel=0
04-15 09:54:04.265 20231 20231 D VRI[ComponentActivity]@8935158: mThreadedRenderer.initialize() mSurface={isValid=true 0xb40000748c507f60} hwInitialized=true
04-15 09:54:04.266 20231 20231 D VRI[ComponentActivity]@8935158: reportNextDraw android.view.ViewRootImpl.performTraversals:5443 android.view.ViewRootImpl.doTraversal:3924 android.view.ViewRootImpl$TraversalRunnable.run:12903 android.view.Choreographer$CallbackRecord.run:1901 android.view.Choreographer$CallbackRecord.run:1910
04-15 09:54:04.266 20231 20231 D VRI[ComponentActivity]@8935158: Setup new sync=wmsSync-VRI[ComponentActivity]@8935158#0
04-15 09:54:04.266 20231 20231 I VRI[ComponentActivity]@8935158: Creating new active sync group VRI[ComponentActivity]@8935158#1
04-15 09:54:04.266 20231 20231 D VRI[ComponentActivity]@8935158: registerCallbacksForSync syncBuffer=false
04-15 09:54:04.267 20231 20266 D VRI[ComponentActivity]@8935158: Received frameDrawingCallback syncResult=0 frameNum=1.
04-15 09:54:04.268 20231 20266 I VRI[ComponentActivity]@8935158: mWNT: t=0xb4000074fc4eb150 mBlastBufferQueue=0xb40000741c552680 fn= 1 HdrRenderState mRenderHdrSdrRatio=1.0 caller= android.view.ViewRootImpl$12.onFrameDraw:15441 android.view.ThreadedRenderer$1.onFrameDraw:718 <bottom of call stack>
04-15 09:54:04.268 20231 20266 I VRI[ComponentActivity]@8935158: Setting up sync and frameCommitCallback
04-15 09:54:04.280 20231 20254 I GSC     : SID[0] : fe6ff4e467193f9c, Kind: 1, time : 6.989 ms
04-15 09:54:04.282  2000  2000 D NavigationBar: onSystemBarAttributesChanged() -  displayId:0, appearance:528, packageName: com.catfact.app.feature.favorites.test (APPEARANCE_LIGHT_NAVIGATION_BARS ), navbarColorManagedByIme:false
04-15 09:54:04.283 20231 20254 I GSC     : SID[1] : 9fb7104710fc7e74, Kind: 0, time : 2.866 ms
04-15 09:54:04.284 20231 20254 I BLASTBufferQueue: [VRI[ComponentActivity]@8935158#0](f:0,a:0,s:0) onFrameAvailable the first frame is available
04-15 09:54:04.284 20231 20254 I VRI[ComponentActivity]@8935158: Received frameCommittedCallback lastAttemptedDrawFrameNum=1 didProduceBuffer=true
04-15 09:54:04.284 20231 20254 D HWUI    : CFMS:: SetUp Pid : 20231    Tid : 20254
04-15 09:54:04.285 20231 20231 D VRI[ComponentActivity]@8935158: reportDrawFinished seqId=0
04-15 09:54:04.285  1151  1200 I SurfaceFlinger: [com.catfact.app.feature.favorites.test/androidx.activity.ComponentActivity$_20231#19039] setTransactionState with the first frame. bufferData(ID: 86891483365378, frameNumber: 1)
04-15 09:54:04.285  1542  1821 W ServiceManagerCppClient: Permission failure: android.permission.ACCESS_SURFACE_FLINGER from uid=10750 pid=0
04-15 09:54:04.285  1542  1821 D PermissionCache: checking android.permission.ACCESS_SURFACE_FLINGER for uid=10750 => denied (104 us)
04-15 09:54:04.285  1542  1821 W ServiceManagerCppClient: Permission failure: android.permission.ROTATE_SURFACE_FLINGER from uid=10750 pid=0
04-15 09:54:04.285  1542  1821 D PermissionCache: checking android.permission.ROTATE_SURFACE_FLINGER for uid=10750 => denied (28 us)
04-15 09:54:04.285  1542  1821 W ServiceManagerCppClient: Permission failure: android.permission.INTERNAL_SYSTEM_WINDOW from uid=10750 pid=0
04-15 09:54:04.285  1542  1821 D PermissionCache: checking android.permission.INTERNAL_SYSTEM_WINDOW for uid=10750 => denied (21 us)
04-15 09:54:04.285  1542  4001 I SemDvfsHyPerManager: acquire hyper - AMS_RESUME_TAIL/1542@22, type = -999
04-15 09:54:04.285  1542  4001 I SemDvfsHyPerManager: acquire hyper - AMS_ACT_LAZY/1542@23, type = -999
04-15 09:54:04.285  1059  1180 I HYPER-HAL: [RequestManager.cpp]acquire(): Acquired ID : 1223852  [1542 / 22]    HINT : AMS_RESUME_TAIL    list :
04-15 09:54:04.286  1059  1180 I HYPER-HAL: [ResourceManager.cpp]removeResource(): [CPULittleMinFreq] RemoveResource Request ID : 1233263
04-15 09:54:04.286  1059  1180 I HYPER-HAL: [RequestManager.cpp]releaseLocked(): Released ID : 1233263
04-15 09:54:04.287  1542  1585 D SurfaceComposerClient: setCornerRadius ## 2f072c4 Splash Screen com.catfact.app.feature.favorites.test#19031 cornerRadius=0.000000
04-15 09:54:04.287  1542  1585 D SurfaceComposerClient: setCornerRadius ## 390014a com.catfact.app.feature.favorites.test/androidx.activity.ComponentActivity#19035 cornerRadius=0.000000
04-15 09:54:04.287  1542  1585 D SurfaceComposerClient: setCornerRadius ## 2f072c4 Splash Screen com.catfact.app.feature.favorites.test#19031 cornerRadius=0.000000
04-15 09:54:04.288  1151  1200 I SurfaceFlinger: id=19042 createSurf, flag=24000, Surface(name=390014a com.catfact.app.feature.favorites.test/androidx.activity.ComponentActivity)/@0x372b108 - animation-leash of starting_reveal#19042
04-15 09:54:04.289  1542  1585 D SurfaceComposerClient: setCornerRadius ## 390014a com.catfact.app.feature.favorites.test/androidx.activity.ComponentActivity#19035 cornerRadius=0.000000
04-15 09:54:04.290  1542  1585 D SurfaceComposerClient: setCornerRadius ## 2f072c4 Splash Screen com.catfact.app.feature.favorites.test#19031 cornerRadius=0.000000
04-15 09:54:04.290  1542  1585 D SurfaceComposerClient: setCornerRadius ## 390014a com.catfact.app.feature.favorites.test/androidx.activity.ComponentActivity#19035 cornerRadius=0.000000
04-15 09:54:04.290  1542  1585 D SurfaceComposerClient: setCornerRadius ## 2f072c4 Splash Screen com.catfact.app.feature.favorites.test#19031 cornerRadius=0.000000
04-15 09:54:04.290  1542  1585 D SurfaceComposerClient: setCornerRadius ## 390014a com.catfact.app.feature.favorites.test/androidx.activity.ComponentActivity#19035 cornerRadius=0.000000
04-15 09:54:04.291  2000  2105 D ShellTaskOrganizer: removeStartingWindow, removalInfo=StartingWindowRemovalInfo{taskId=3887 frame=Rect(0, 0 - 720, 1544) playRevealAnimation=true roundedCornerRadius=0.0 deferRemoveMode=0 windowlessSurface=false removeImmediately=false}
04-15 09:54:04.294  1542  1581 I PkgPredictorService-SecIpmManagerServiceImpl: reportToNAP uid:10750 com.catfact.app.feature.favorites.test/androidx.activity.ComponentActivity thisTime:131
04-15 09:54:04.294  1542  1581 D PkgPredictorService-SecIpmManagerServiceImpl: reportToNAP: mHeavyLaunchCounter is false
04-15 09:54:04.294  1542  2944 D PkgPredictorService-SecIpmManagerServiceImpl: ACTION_FOREGROUND_FINISH_EVENT sCurForegroundApp :com.catfact.app.feature.favorites.test
04-15 09:54:04.296  2461  4418 I HoneySpace.RecentTasks: onRecentTasksChanged
04-15 09:54:04.296  1151  1151 E SurfaceFlinger: alpha changed 0.000 -> 0.010 - DimTransitionLayer for Surface(name=Task=3887)/@0x9eb756b#19034
04-15 09:54:04.296  1151  1151 I SurfaceFlinger: RequestedLayer [com.catfact.app.feature.favorites.te[...]ivity.ComponentActivity$_20231#19039] hidden!! flag  from(1) --> to(0)
04-15 09:54:04.297  1151  1151 I SurfaceFlinger: [LayerHierarchy{RequestedLayerState{8c5cec7 NavigationBar0#91 parentId=19041} 1 children}] reparent to LayerHierarchy{RequestedLayerState{Surface(name=8c5cec7 NavigationBar0)/@0xa68870 - animation-leash of insets_animation#19041 parentId=90} 1 children}
04-15 09:54:04.297  1151  1151 I SurfaceFlinger: [LayerHierarchy{RequestedLayerState{3edafdc StatusBar#95 parentId=19040} 1 children}] reparent to LayerHierarchy{RequestedLayerState{Surface(name=3edafdc StatusBar)/@0x3b919ed - animation-leash of insets_animation#19040 parentId=94} 1 children}
04-15 09:54:04.297  1151  1151 I SurfaceFlinger: [LayerHierarchy{RequestedLayerState{Surface(name=3edafdc StatusBar)/@0x3b919ed - animation-leash of insets_animation#19024} no children}] reparent to OffscreenRoot
04-15 09:54:04.297  1542  1581 I ActivityTaskManager: Displayed com.catfact.app.feature.favorites.test/androidx.activity.ComponentActivity for user 0: +131ms
04-15 09:54:04.297  1151  1151 I SurfaceFlinger: [LayerHierarchy{RequestedLayerState{Surface(name=3edafdc StatusBar)/@0x3b919ed - animation-leash of insets_animation#19024} no children}] RelativeParent to null
04-15 09:54:04.297  1151  1151 I SurfaceFlinger: [LayerHierarchy{RequestedLayerState{Surface(name=8c5cec7 NavigationBar0)/@0xa68870 - animation-leash of insets_animation#19025} no children}] reparent to OffscreenRoot
04-15 09:54:04.297  1151  1151 I SurfaceFlinger: [LayerHierarchy{RequestedLayerState{Surface(name=8c5cec7 NavigationBar0)/@0xa68870 - animation-leash of insets_animation#19025} no children}] RelativeParent to null
04-15 09:54:04.297  1151  1151 I SurfaceFlinger: [LayerHierarchy{RequestedLayerState{390014a com.catfact.app.feature.favorites.test/androidx.activity.ComponentActivity#19035 parentId=19042} 1 children}] reparent to LayerHierarchy{RequestedLayerState{Surface(name=390014a com.catfact.app.feature.favorites.test/androidx.activity.ComponentActivity)/@0x372b108 - animation-leash of starting_reveal#19042 parentId=19030} 1 children}
04-15 09:54:04.297  1151  1151 I SurfaceFlinger: [LayerHierarchy{RequestedLayerState{Surface(name=3edafdc StatusBar)/@0x3b919ed - animation-leash of insets_animation#19037} no children}] reparent to OffscreenRoot
04-15 09:54:04.297  3963  4335 I SemDvfsHyPerManager: acquire hyper - BaseTABoost/3963@25, type = -999
04-15 09:54:04.297  1151  1151 I SurfaceFlinger: [LayerHierarchy{RequestedLayerState{Surface(name=3edafdc StatusBar)/@0x3b919ed - animation-leash of insets_animation#19037} no children}] RelativeParent to null
04-15 09:54:04.297  1151  1151 I SurfaceFlinger: [LayerHierarchy{RequestedLayerState{Surface(name=8c5cec7 NavigationBar0)/@0xa68870 - animation-leash of insets_animation#19038} no children}] reparent to OffscreenRoot
04-15 09:54:04.297  1151  1151 I SurfaceFlinger: [LayerHierarchy{RequestedLayerState{Surface(name=8c5cec7 NavigationBar0)/@0xa68870 - animation-leash of insets_animation#19038} no children}] RelativeParent to null
04-15 09:54:04.297  1151  1151 I SurfaceFlinger: [Surface(name=390014a com.catfact.app.feature.favorites.test/androidx.activity.ComponentActivity)/@0x372b108 - animation-leash of starting_reveal#19042] attach to parent LayerHierarchy{RequestedLayerState{ActivityRecord{2914098 u0 com.catfact.app.feature.favorites.test/androidx.activity.ComponentActivity t3887}#19030 parentId=19029} 3 children}
04-15 09:54:04.298  2000  2195 I VRI[test]@188e744: mWNT: t=0xb4000074fc5dcb10 mBlastBufferQueue=0xb40000741c5adc30 fn= 2 HdrRenderState mRenderHdrSdrRatio=1.0 caller= android.view.SyncRtSurfaceTransactionApplier.applyTransaction:100 android.view.SyncRtSurfaceTransactionApplier.lambda$scheduleApply$0:73 android.view.SyncRtSurfaceTransactionApplier.$r8$lambda$afI4fXg3U3-nBZQEDQMiNy-B06s:0
04-15 09:54:04.298  2000  2195 I VRI[test]@188e744: mWNT: t=0xb4000074fc554f50 mBlastBufferQueue=0xb40000741c5adc30 fn= 2 HdrRenderState mRenderHdrSdrRatio=1.0 caller= android.view.SyncRtSurfaceTransactionApplier.applyTransaction:100 android.view.SyncRtSurfaceTransactionApplier.lambda$scheduleApply$0:73 android.view.SyncRtSurfaceTransactionApplier.$r8$lambda$afI4fXg3U3-nBZQEDQMiNy-B06s:0
04-15 09:54:04.298  3723 14342 I [AirCmd]_ActivitySwitchDetector: onTaskStackChanged : componentName - ComponentInfo{com.catfact.app.feature.favorites.test/androidx.activity.ComponentActivity}
04-15 09:54:04.300  1059  1180 I HYPER-HAL: [RequestManager.cpp]acquire(): Acquired ID : 7954091  [3963 / 25]    HINT :      list : [TABoost / 1]
04-15 09:54:04.300  3152  3152 E pageboostd: Received HALT command code 2
04-15 09:54:04.300  1151  2758 I SurfaceFlinger: id=19037 Removed Surface(name=3edafdc StatusBar)/@0x3b919ed - animation-leash of insets_animation#19037 (190)
04-15 09:54:04.301  1151  2758 I SurfaceFlinger: id=19038 Removed Surface(name=8c5cec7 NavigationBar0)/@0xa68870 - animation-leash of insets_animation#19038 (190)
04-15 09:54:04.301 20231 20231 I InsetsSourceConsumer: applyRequestedVisibilityToControl: visible=true, type=statusBars, host=com.catfact.app.feature.favorites.test/androidx.activity.ComponentActivity
04-15 09:54:04.302  1542  1585 D SurfaceComposerClient: setCornerRadius ## 2f072c4 Splash Screen com.catfact.app.feature.favorites.test#19031 cornerRadius=0.000000
04-15 09:54:04.302  1542  1585 D SurfaceComposerClient: setCornerRadius ## 390014a com.catfact.app.feature.favorites.test/androidx.activity.ComponentActivity#19035 cornerRadius=0.000000
04-15 09:54:04.302  1151  1378 I SurfaceFlinger: id=19024 Removed Surface(name=3edafdc StatusBar)/@0x3b919ed - animation-leash of insets_animation#19024 (190)
04-15 09:54:04.302  1151  1378 I SurfaceFlinger: id=19025 Removed Surface(name=8c5cec7 NavigationBar0)/@0xa68870 - animation-leash of insets_animation#19025 (190)
04-15 09:54:04.302 20231 20231 I InsetsSourceConsumer: applyRequestedVisibilityToControl: visible=true, type=navigationBars, host=com.catfact.app.feature.favorites.test/androidx.activity.ComponentActivity
04-15 09:54:04.303  1542  3015 I NSLocationMonitor: getGPSUsingApps() called
04-15 09:54:04.303  2982  6680 I NSLocationManager_FLP: getGPSUsingApps, No change
04-15 09:54:04.305  1542  3015 W Binder  : Outgoing transactions from this process must be FLAG_ONEWAY
04-15 09:54:04.305  1542  3015 W Binder  : java.lang.Throwable
04-15 09:54:04.305  1542  3015 W Binder  : 	at android.os.BinderProxy.transact(BinderProxy.java:566)
04-15 09:54:04.305  1542  3015 W Binder  : 	at android.bluetooth.IBluetoothGatt$Stub$Proxy.getAdvertisingSetUids(IBluetoothGatt.java:1678)
04-15 09:54:04.305  1542  3015 W Binder  : 	at android.bluetooth.BluetoothAdapter.getAdvertisingSetUids(BluetoothAdapter.java:8476)
04-15 09:54:04.305  1542  3015 W Binder  : 	at android.bluetooth.BluetoothAdapter.getHWUsingApps(BluetoothAdapter.java:1342)
04-15 09:54:04.305  1542  3015 W Binder  : 	at com.android.server.am.mars.filter.filter.BlueToothConnectedFilter.updateBTUsingPackages(qb/106579837 41bd6649a5bb053b68d2b16c1bbb7c9198eb32665b636c0bbec506912035f7b6:22)
04-15 09:54:04.305  1542  3015 W Binder  : 	at com.android.server.am.FreecessController.freeze(qb/106579837 41bd6649a5bb053b68d2b16c1bbb7c9198eb32665b636c0bbec506912035f7b6:117)
04-15 09:54:04.305  1542  3015 W Binder  : 	at com.android.server.am.FreecessHandler$MainHandler.handleLcdOnFreeze(qb/106579837 41bd6649a5bb053b68d2b16c1bbb7c9198eb32665b636c0bbec506912035f7b6:55)
04-15 09:54:04.305  1542  3015 W Binder  : 	at com.android.server.am.FreecessHandler$MainHandler.handleMessage(qb/106579837 41bd6649a5bb053b68d2b16c1bbb7c9198eb32665b636c0bbec506912035f7b6:793)
04-15 09:54:04.305  1542  3015 W Binder  : 	at android.os.Handler.dispatchMessage(Handler.java:110)
04-15 09:54:04.305  1542  3015 W Binder  : 	at android.os.Looper.loopOnce(Looper.java:273)
04-15 09:54:04.305  1542  3015 W Binder  : 	at android.os.Looper.loop(Looper.java:363)
04-15 09:54:04.305  1542  3015 W Binder  : 	at android.os.HandlerThread.run(HandlerThread.java:85)
04-15 09:54:04.305  2000  2194 I VRI[test]@188e744: mWNT: t=0xb4000074fc56ce90 mBlastBufferQueue=0xb40000741c5adc30 fn= 3 HdrRenderState mRenderHdrSdrRatio=1.0 caller= android.view.SyncRtSurfaceTransactionApplier.applyTransaction:100 android.view.SyncRtSurfaceTransactionApplier.lambda$scheduleApply$0:73 android.view.SyncRtSurfaceTransactionApplier.$r8$lambda$afI4fXg3U3-nBZQEDQMiNy-B06s:0
04-15 09:54:04.306  1151  1151 D SurfaceFlinger: Display 4633128672291735999 HWC layers:
04-15 09:54:04.306  1151  1151 D SurfaceFlinger:        CLIENT |           17089674871079 | 00002102 | RGBA_8888    |   10.0    0.0  720.0 1544.0 |    0    0  720 1544 | com.google.android.calendar/com.goog[...]AllInOneCalendarActivity$_3979#19021 (137)
04-15 09:54:04.306  1151  1151 D SurfaceFlinger:   SOLID_COLOR |                        0 | 00000000 | N/A          |    0.0    0.0    0.0    0.0 |    0    0  720 1544 | DimTransitionLayer for Surface(name=Task=3887)/@0x9eb756b#19034 (0)
04-15 09:54:04.306  1151  1151 D SurfaceFlinger:        DEVICE |           86891483365378 | 00002102 | RGBA_8888    |    0.0    0.0   33.0 1544.0 |  687    0  720 1544 | com.catfact.app.feature.favorites.te[...]ivity.ComponentActivity$_20231#19039 (1)
04-15 09:54:04.306  1151  1151 D SurfaceFlinger:        DEVICE |            8589934656072 | 00002100 | RGBA_8888    |    0.0    0.0   33.0 1544.0 |  687    0  720 1544 | Splash Screen com.catfact.app.feature.favorites.test$_2000#19032 (1)
04-15 09:54:04.306  1151  1151 D SurfaceFlinger:        DEVICE |            8589934654687 | 00002100 | RGBA_8888    |    0.0    0.0  720.0   50.0 |    0    0  720   50 | StatusBar$_2000#102 (26634)
04-15 09:54:04.306  1151  1151 D SurfaceFlinger:        DEVICE |           10569914518889 | 0000
04-15 09:54:04.306  1151  1151 D SurfaceFlinger: 2100 | RGBA_8888    |    0.0    0.0   67.0  353.0 |  653  192  720  545 | com.sec.android.app.launcher/com.sam[...]l.app.CocktailBarService$_2461#16495 (1)
04-15 09:54:04.306  1151  1151 D SurfaceFlinger:        DEVICE |            8589934654693 | 00002100 | RGBA_8888    |    0.0    0.0  720.0   90.0 |    0 1454  720 1544 | NavigationBar0$_2000#98 (17411)
04-15 09:54:04.306  1151  1151 D SurfaceFlinger:
04-15 09:54:04.307  1151  1338 D SurfaceFlinger: [input] setFocusedWindow: 390014a com.catfact.app.feature.favorites.test/androidx.activity.ComponentActivity
04-15 09:54:04.307  1542  1821 D InputDispatcher: Once focus requested (0): 390014a com.catfact.app.feature.favorites.test/androidx.activity.ComponentActivity
04-15 09:54:04.307  1542  1821 D InputDispatcher: Focus entered window (0): 390014a com.catfact.app.feature.favorites.test/androidx.activity.ComponentActivity
04-15 09:54:04.307 20231 20231 D VRI[ComponentActivity]@8935158: mThreadedRenderer.initializeIfNeeded()#2 mSurface={isValid=true 0xb40000748c507f60}
04-15 09:54:04.307  1151  1151 I SurfaceFlinger: destroyed Surface(name=3edafdc StatusBar)/@0x3b919ed - animation-leash of insets_animation#19024
04-15 09:54:04.307  1151  1151 I SurfaceFlinger: destroyed Surface(name=8c5cec7 NavigationBar0)/@0xa68870 - animation-leash of insets_animation#19025
04-15 09:54:04.307  1151  1151 I SurfaceFlinger: destroyed Surface(name=3edafdc StatusBar)/@0x3b919ed - animation-leash of insets_animation#19037
04-15 09:54:04.307  1151  1151 I SurfaceFlinger: destroyed Surface(name=8c5cec7 NavigationBar0)/@0xa68870 - animation-leash of insets_animation#19038
04-15 09:54:04.308 20231 20231 D InputMethodManagerUtils: startInputInner - Id : 0
04-15 09:54:04.308 20231 20231 I InputMethodManager: startInputInner - IInputMethodManagerGlobalInvoker.startInputOrWindowGainedFocus
04-15 09:54:04.309  1151  1151 I Layer   : id=19024 Destroyed Surface(name=3edafdc StatusBar)/@0x3b919ed - animation-leash of insets_animation#19024
04-15 09:54:04.309  1151  1151 I Layer   : id=19025 Destroyed Surface(name=8c5cec7 NavigationBar0)/@0xa68870 - animation-leash of insets_animation#19025
04-15 09:54:04.309  1151  1151 I Layer   : id=19037 Destroyed Surface(name=3edafdc StatusBar)/@0x3b919ed - animation-leash of insets_animation#19037
04-15 09:54:04.309  1151  1151 I Layer   : id=19038 Destroyed Surface(name=8c5cec7 NavigationBar0)/@0xa68870 - animation-leash of insets_animation#19038
04-15 09:54:04.310  1542  1750 I ImeTracker: com.catfact.app.feature.favorites.test:56191079: onRequestHide at ORIGIN_SERVER reason HIDE_UNSPECIFIED_WINDOW fromUser false
04-15 09:54:04.310  1542  1750 D InputTransport: Input channel constructed: 'ClientS', fd=1250
04-15 09:54:04.310  1542  1750 D InputTransport: Input channel constructed: 'ClientS', fd=1256
04-15 09:54:04.310  1542  1750 D InputTransport: Input channel destroyed: 'ClientS', fd=1256
04-15 09:54:04.311 20231 20231 I InputMethodManager: handleMessage: setImeVisibility visible=false
04-15 09:54:04.311 20231 20231 D InsetsController: hide(ime(), fromIme=false)
04-15 09:54:04.311 20231 20231 I ImeTracker: com.catfact.app.feature.favorites.test:56191079: onCancelled at PHASE_CLIENT_ALREADY_HIDDEN
04-15 09:54:04.313  2000  2120 I VRI[test]@188e744: onActiveControlsChanged, removed=false, mAdded=true, caller=android.view.ViewRootImpl.handleInsetsControlChanged:3002 android.view.ViewRootImpl$ViewRootHandler.handleMessageImpl:8352 android.view.ViewRootImpl$ViewRootHandler.handleMessage:8301 android.os.Handler.dispatchMessage:110 android.os.Looper.loopOnce:273
04-15 09:54:04.313  1542  4001 D InputTransport: Input channel constructed: 'ClientS', fd=1256
04-15 09:54:04.314  1542  4001 D InputTransport: Input channel destroyed: 'ClientS', fd=1256
04-15 09:54:04.314 20231 20242 D InputTransport: Input channel constructed: 'ClientS', fd=133
04-15 09:54:04.315  2000  2195 I VRI[test]@188e744: mWNT: t=0xb4000074fc662210 mBlastBufferQueue=0xb40000741c5adc30 fn= 4 HdrRenderState mRenderHdrSdrRatio=1.0 caller= android.view.SyncRtSurfaceTransactionApplier.applyTransaction:100 android.view.SyncRtSurfaceTransactionApplier.lambda$scheduleApply$0:73 android.view.SyncRtSurfaceTransactionApplier.$r8$lambda$afI4fXg3U3-nBZQEDQMiNy-B06s:0
04-15 09:54:04.316  3979  3979 D InputTransport: Input channel destroyed: 'ClientS', fd=216
04-15 09:54:04.316  3756  3756 I HBD     : HoneyBoardService onFinishInput
04-15 09:54:04.316  3756  3756 I HBD     : a IC have been unbinding,  RemoteInputConnection{idHash=#9b9d34a}
04-15 09:54:04.316  3756  3756 I HBD     : HoneyBoardService [PF_CL][onFinishInput]  0 ms
04-15 09:54:04.317  3756  3756 I HBD     : HoneyBoardService [IMI] onStartInput - caller pid : 20231 , caller uid : 10750
04-15 09:54:04.317  3756  3756 I HBD     : k updateConfigs
04-15 09:54:04.317  3756  3756 I HBD     : k isEnabledNightMode : true
04-15 09:54:04.317  3756  3756 I HBD     : a IC have been binding, RemoteInputConnection{idHash=#161c769}
04-15 09:54:04.317  3756  3756 I HBD     : h [EditorInputType]setPrivateImeOptionsToTable privateImeOptions ( null )
04-15 09:54:04.317  3756  3756 I HBD     : b incognitoMode : false
04-15 09:54:04.317  3756  3756 I HBD     : c needOff = true , isForceOff = false, isNullInputClass : true
04-15 09:54:04.317  3756  3756 I HBD     : h getDefaultInputRange : UNKNOWN
04-15 09:54:04.317  3756  3756 I HBD     : h getDefaultInputRange : UNKNOWN
04-15 09:54:04.317  3756  3756 I HBD     : h getDefaultInputRange : UNKNOWN
04-15 09:54:04.317  1151  1378 I SurfaceFlinger: id=19043 createSurf, flag=24004, Surface(name=1d7a05f InputMethod)/@0x5f77a9d - animation-leash of insets_animation#19043
04-15 09:54:04.317  3756  3756 I HBD     : c needOff = true , isForceOff = false, isNullInputClass : true
04-15 09:54:04.317  3756  3756 I HBD     : c update cached prediction status : false
04-15 09:54:04.317  3756  3756 I HBD     : h getDefaultInputRange : UNKNOWN
04-15 09:54:04.317  3756  3756 I HBD     : a currentState : 0
04-15 09:54:04.317  3756  3756 I HBD     : a [UpdatePolicy] [post] a: 0 cl: 65538 kit: [0/0] vt: 0 ir: 1
04-15 09:54:04.319  1542  1821 I ImeTracker: system_server:596e41bb: onRequestHide at ORIGIN_SERVER reason IME_REQUESTED_CHANGED_LISTENER fromUser false
04-15 09:54:04.319  1542  3015 I NSLocationMonitor: getGPSUsingApps() called
04-15 09:54:04.319  1542  1584 I ImeTracker: system_server:596e41bb: onCancelled at PHASE_SERVER_SHOULD_HIDE
04-15 09:54:04.319  3756  3756 I HBD     : a [NRIC] resetNoResponseState
04-15 09:54:04.319  3756  3756 I HBD     : c needOff = true , isForceOff = false, isNullInputClass : true
04-15 09:54:04.319  3756  3756 I HBD     : c update cached prediction status : false
04-15 09:54:04.319  3756  3756 I HBD     : b [AiWriter] setContact : com.catfact.app.feature.favorites.test
04-15 09:54:04.319  1542  1585 D SurfaceComposerClient: setCornerRadius ## 2f072c4 Splash Screen com.catfact.app.feature.favorites.test#19031 cornerRadius=0.000000
04-15 09:54:04.319  1542  1585 D SurfaceComposerClient: setCornerRadius ## 390014a com.catfact.app.feature.favorites.test/androidx.activity.ComponentActivity#19035 cornerRadius=0.000000
04-15 09:54:04.319  3756  3756 I HBD     : a [AiWriter] setContact : com.catfact.app.feature.favorites.test
04-15 09:54:04.319  3756  3756 I HBD     : o0 EBD si S 0
04-15 09:54:04.319  3756  3756 I HBD     : r updateContactDBLanguage : 0
04-15 09:54:04.319  3756  3756 I HBD     : a [UpdatePolicy] [post] a: 31 cl: 65538 kit: [0/0] vt: 0 ir: 1
04-15 09:54:04.320  3756  3756 I HBD     : HoneyBoardService [PF_OP][onStartInput]  4 ms
04-15 09:54:04.320  3756  3756 I HBD     : [DirectWriting] DirectWriting emitInputConnection : RemoteInputConnection{idHash=#161c769}
04-15 09:54:04.320  2982  6680 I NSLocationManager_FLP: getGPSUsingApps, No change
04-15 09:54:04.321  2000  2194 I VRI[test]@188e744: mWNT: t=0xb4000074fc65b3d0 mBlastBufferQueue=0xb40000741c5adc30 fn= 5 HdrRenderState mRenderHdrSdrRatio=1.0 caller= android.view.SyncRtSurfaceTransactionApplier.applyTransaction:100 android.view.SyncRtSurfaceTransactionApplier.lambda$scheduleApply$0:73 android.view.SyncRtSurfaceTransactionApplier.$r8$lambda$afI4fXg3U3-nBZQEDQMiNy-B06s:0
04-15 09:54:04.324  1151  1151 I SurfaceFlinger: [Surface(name=1d7a05f InputMethod)/@0x5f77a9d - animation-leash of insets_animation#19043] attach to parent LayerHierarchy{RequestedLayerState{WindowToken{d080c22 type=2011 android.os.Binder@459a5ed}#120 parentId=15} 2 children}
04-15 09:54:04.324  3756  4631 I HBD     : a [SKE_SPECIFIC] specific model[com.catfact.app.feature.favorites.test] loaded, 3181875 ns
04-15 09:54:04.330  2000  2195 I VRI[test]@188e744: mWNT: t=0xb4000074fc637790 mBlastBufferQueue=0xb40000741c5adc30 fn= 6 HdrRenderState mRenderHdrSdrRatio=1.0 caller= android.view.SyncRtSurfaceTransactionApplier.applyTransaction:100 android.view.SyncRtSurfaceTransactionApplier.lambda$scheduleApply$0:73 android.view.SyncRtSurfaceTransactionApplier.$r8$lambda$afI4fXg3U3-nBZQEDQMiNy-B06s:0
04-15 09:54:04.331  1151  1151 I SurfaceFlinger: RequestedLayer [Surface(name=1d7a05f InputMethod)/@0[...]tion-leash of insets_animation#19043] hidden!! flag  from(1) --> to(0)
04-15 09:54:04.332  1151  1151 E SurfaceFlinger: alpha changed 1.000 -> 0.000 - Surface(name=1d7a05f InputMethod)/@0x5f77a9d - animation-leash of insets_animation#19043
04-15 09:54:04.332  1151  1151 I SurfaceFlinger: [LayerHierarchy{RequestedLayerState{ImeContainer#15 parentId=19030 relativeParentId=19030 z=3} 1 children}] reparent to LayerHierarchy{RequestedLayerState{ActivityRecord{2914098 u0 com.catfact.app.feature.favorites.test/androidx.activity.ComponentActivity t3887}#19030 parentId=19029} 4 children}
04-15 09:54:04.332  1151  1151 I SurfaceFlinger: [LayerHierarchy{RequestedLayerState{ImeContainer#15 parentId=19030 relativeParentId=19030 z=3} 1 children}] RelativeParent to null
04-15 09:54:04.332  1151  1151 I SurfaceFlinger: [LayerHierarchy{RequestedLayerState{1d7a05f InputMethod#134 parentId=19043} no children}] reparent to LayerHierarchy{RequestedLayerState{Surface(name=1d7a05f InputMethod)/@0x5f77a9d - animation-leash of insets_animation#19043 parentId=120} 1 children}
04-15 09:54:04.332  1151  1151 I SurfaceFlinger: [LayerHierarchy{RequestedLayerState{Surface(name=1d7a05f InputMethod)/@0x5f77a9d - animation-leash of insets_animation#19027} no children}] reparent to OffscreenRoot
04-15 09:54:04.332  1151  1151 I SurfaceFlinger: [LayerHierarchy{RequestedLayerState{Surface(name=1d7a05f InputMethod)/@0x5f77a9d - animation-leash of insets_animation#19027} no children}] RelativeParent to null
04-15 09:54:04.334  1151  2758 I SurfaceFlinger: id=19027 Removed Surface(name=1d7a05f InputMethod)/@0x5f77a9d - animation-leash of insets_animation#19027 (187)
04-15 09:54:04.335  3756  3756 I InputMethodService: scheduleImeSurfaceRemoval: removeImeSurface is posted.
04-15 09:54:04.338  2000  2194 I VRI[test]@188e744: mWNT: t=0xb4000074fc6cd190 mBlastBufferQueue=0xb40000741c5adc30 fn= 7 HdrRenderState mRenderHdrSdrRatio=1.0 caller= android.view.SyncRtSurfaceTransactionApplier.applyTransaction:100 android.view.SyncRtSurfaceTransactionApplier.lambda$scheduleApply$0:73 android.view.SyncRtSurfaceTransactionApplier.$r8$lambda$afI4fXg3U3-nBZQEDQMiNy-B06s:0
04-15 09:54:04.339  1151  1151 I SurfaceFlinger: destroyed Surface(name=1d7a05f InputMethod)/@0x5f77a9d - animation-leash of insets_animation#19027
04-15 09:54:04.341  1151  1151 I Layer   : id=19027 Destroyed Surface(name=1d7a05f InputMethod)/@0x5f77a9d - animation-leash of insets_animation#19027
04-15 09:54:04.347  1542  1821 I WindowManager: Relayout Window{2f072c4 u0 Splash Screen com.catfact.app.feature.favorites.test}: viewVisibility=8 req=720x1544 ty=3 d0
04-15 09:54:04.347  1542  1821 D SurfaceComposerClient: setCornerRadius ## 390014a com.catfact.app.feature.favorites.test/androidx.activity.ComponentActivity#19035 cornerRadius=0.000000
04-15 09:54:04.348  1542  1821 D SurfaceComposerClient: setCornerRadius ## 2f072c4 Splash Screen com.catfact.app.feature.favorites.test#19031 cornerRadius=0.000000
04-15 09:54:04.348  1542  1821 D SurfaceComposerClient: setCornerRadius ## 390014a com.catfact.app.feature.favorites.test/androidx.activity.ComponentActivity#19035 cornerRadius=0.000000
04-15 09:54:04.348  1542  1821 I WindowManager: Relayout hash=2f072c4, pid=2000, syncId=-1: mAttrs={(0,0)(fillxfill) sim={adjust=pan} layoutInDisplayCutoutMode=always ty=APPLICATION_STARTING fmt=TRANSLUCENT wanim=0x1030317
04-15 09:54:04.348  1542  1821 I WindowManager:   fl=81030118
04-15 09:54:04.348  1542  1821 I WindowManager:   pfl=10000810
04-15 09:54:04.348  1542  1821 I WindowManager:   apr=18
04-15 09:54:04.348  1542  1821 I WindowManager:   bhv=1
04-15 09:54:04.348  1542  1821 I WindowManager:   fitSides=0
04-15 09:54:04.348  1542  1821 I WindowManager:   frameRateBoostOnTouch=true
04-15 09:54:04.348  1542  1821 I WindowManager:   dvrrWindowFrameRateHint=true naviIconColor=0}
04-15 09:54:04.349  2000  2120 I VRI[test]@188e744: onActiveControlsChanged, removed=false, mAdded=true, caller=android.view.ViewRootImpl.handleInsetsControlChanged:3002 android.view.ViewRootImpl.relayoutWindow:11629 android.view.ViewRootImpl.performTraversals:4804 android.view.ViewRootImpl.doTraversal:3924 android.view.ViewRootImpl$TraversalRunnable.run:12903
04-15 09:54:04.349  2000  2120 I VRI[test]@188e744: Relayout returned: old=(0,0,720,1544) new=(0,0,720,1544) relayoutAsync=false req=(720,1544)8 dur=2 res=0x2 s={false 0x0} ch=true seqId=0
04-15 09:54:04.349  2000  2120 D VRI[test]@188e744: Not drawing due to not visible. Reason=View.GONE
04-15 09:54:04.349  2000  2120 I VRI[test]@188e744: dispatchDetachedFromWindow
04-15 09:54:04.350  1542  1821 D InputTransport: Input channel destroyed: '2f072c4', fd=972
04-15 09:54:04.350  1218  1218 I CameraService: onUidStateChanged: uid=10048, procState is changed. (1 -> 0)
04-15 09:54:04.350  1542  1821 D SurfaceComposerClient: setCornerRadius ## 390014a com.catfact.app.feature.favorites.test/androidx.activity.ComponentActivity#19035 cornerRadius=0.000000
04-15 09:54:04.350  1542  1821 D SurfaceComposerClient: setCornerRadius ## 390014a com.catfact.app.feature.favorites.test/androidx.activity.ComponentActivity#19035 cornerRadius=0.000000
04-15 09:54:04.351  2000  2120 D InputTransport: Input channel destroyed: '2f072c4', fd=595
04-15 09:54:04.351  1542  1585 D SurfaceComposerClient: setCornerRadius ## 390014a com.catfact.app.feature.favorites.test/androidx.activity.ComponentActivity#19035 cornerRadius=0.000000
04-15 09:54:04.355  1542  1585 D SurfaceComposerClient: setCornerRadius ## 390014a com.catfact.app.feature.favorites.test/androidx.activity.ComponentActivity#19035 cornerRadius=0.000000
04-15 09:54:04.356  1151  1151 I SurfaceFlinger: RequestedLayer [Splash Screen com.catfact.app.feature.favorites.test$_2000#19032] hidden!! flag  from(0) --> to(1)
04-15 09:54:04.356  1151  1151 I SurfaceFlinger: [LayerHierarchy{RequestedLayerState{Surface(name=390014a com.catfact.app.feature.favorites.test/androidx.activity.ComponentActivity)/@0x372b108 - animation-leash of starting_reveal#19042} 1 children}] reparent to OffscreenRoot
04-15 09:54:04.356  1151  1151 I SurfaceFlinger: [LayerHierarchy{RequestedLayerState{Surface(name=390014a com.catfact.app.feature.favorites.test/androidx.activity.ComponentActivity)/@0x372b108 - animation-leash of starting_reveal#19042} 1 children}] RelativeParent to null
04-15 09:54:04.356  1151  1151 I SurfaceFlinger: [LayerHierarchy{RequestedLayerState{390014a com.catfact.app.feature.favorites.test/androidx.activity.ComponentActivity#19035 parentId=19030} 1 children}] reparent to LayerHierarchy{RequestedLayerState{ActivityRecord{2914098 u0 com.catfact.app.feature.favorites.test/androidx.activity.ComponentActivity t3887}#19030 parentId=19029} 4 children}
04-15 09:54:04.357  2000  2000 D SystemUIService: SYSUI_RAM_OPTIMIZATION onTrimMemory=20
04-15 09:54:04.357  2000  2000 D CentralSurfaces: SYSUI_RAM_OPTIMIZATION onTrimMemory=20
04-15 09:54:04.357  2000  2196 D HWUI    : CacheManager::trimMemory(20)
04-15 09:54:04.364  1151  1151 D SurfaceFlinger: Display 4633128672291735999 HWC layers:
04-15 09:54:04.364  1151  1151 D SurfaceFlinger:        CLIENT |           17089674871079 | 00002102 | RGBA_8888    |  118.0    0.0  720.0 1544.0 |    0    0  720 1544 | com.google.android.calendar/com.goog[...]AllInOneCalendarActivity$_3979#19021 (137)
04-15 09:54:04.364  1151  1151 D SurfaceFlinger:   SOLID_COLOR |                        0 | 00000000 | N/A          |    0.0    0.0    0.0    0.0 |    0    0  720 1544 | DimTransitionLayer for Surface(name=Task=3887)/@0x9eb756b#19034 (0)
04-15 09:54:04.364  1151  1151 D SurfaceFlinger:        DEVICE |           86891483365378 | 00002102 | RGBA_8888    |    0.0    0.0  378.0 1544.0 |  342    0  720 1544 | com.catfact.app.feature.favorites.te[...]ivity.ComponentActivity$_20231#19039 (1)
04-15 09:54:04.364  1151  1151 D SurfaceFlinger:        DEVICE |            8589934654694 | 00002100 | RGBA_8888    |    0.0    0.0  720.0   50.0 |    0    0  720   50 | StatusBar$_2000#102 (26641)
04-15 09:54:04.364  1151  1151 D SurfaceFlinger:        DEVICE |           10569914518889 | 00002100 | RGBA_8888    |    0.0    0.0   67.0  353.0 |  653  192  720  545 | com.sec.android.app.launcher/com.sam[...]l.app.CocktailBarService$_2461#16495 (1)
04-15 09:54:04.364  1151  1151 D SurfaceFlinger:        DEVICE |            8589934
04-15 09:54:04.364  1151  1151 D SurfaceFlinger: 654692 | 00002100 | RGBA_8888    |    0.0    0.0  720.0   90.0 |    0 1454  720 1544 | NavigationBar0$_2000#98 (17418)
04-15 09:54:04.364  1151  1151 D SurfaceFlinger:
04-15 09:54:04.382  1542  1784 D WifiStaIfaceHidlImpl: getCachedScanData is not implemented by HIDL
04-15 09:54:04.386  1542  6531 I AppSearchIcing: icing-search-engine.cc:2486: Persisting data to disk with mode 3
04-15 09:54:04.387 20231 20235 I .favorites.test: Compiler allocated 5066KB to compile void android.view.ViewRootImpl.performTraversals()
04-15 09:54:04.394  1542  6531 I AppSearchIcing: icing-search-engine.cc:2501: PersistToDisk completed.
04-15 09:54:04.404  2000  2000 D QSClock : onDarkChanged tint=DARK
04-15 09:54:04.412  1542 23285 D SemWifiUsabilityStatsMonitor: onWifiUsabilityStats - seqNum 10590, isSameBssidAndFreq true
04-15 09:54:04.502  2461  2461 I HoneySpace.EdgePanel.EdgeVisibilityRepository: getComputedTrayVisible : keyguardState = 1
04-15 09:54:04.502  2461  2461 I HoneySpace.EdgePanel.EdgeVisibilityRepository: updateTrayVisible: State = 0x1, visible = true, current containerState = 0, specificMode = 0
04-15 09:54:04.502  2461  2461 I HoneySpace.EdgePanel.EdgeVisibilityRepository: Same container state 0
04-15 09:54:04.586  1059 20274 I HYPER-HAL: [RequestManager.cpp]releaseLocked(): Released ID : 1223852
04-15 09:54:04.598  1144  1154 E HeatmapThread: ECT Thread time in milliseconds: 1776239644
04-15 09:54:04.598  1144  1154 D HeatmapThread: !@ batteryplugType : 0
04-15 09:54:04.598  1144  1154 D HeatmapThread: !@ batteryLevel : 0  batteryTemperature : 0
04-15 09:54:04.598  1144  1154 D HeatmapThread: !@ Heatmap currtime: 29603994
04-15 09:54:04.598  1144  1154 D HeatmapThread: !@ Heatmap prevtime: 29603990
04-15 09:54:04.598  1144  1154 D HeatmapThread: !@ Heatmap plugstarttime: 35791394
04-15 09:54:04.598  1144  1154 D HeatmapThread: !@ Heatmap prevv_dsoh_update_time: 29597770
04-15 09:54:04.599  1144  1154 E HeatmapThread: !@Could not open '/efs/FactoryApp/bsoh', errno = 13
04-15 09:54:04.599  1144  1154 E HeatmapThread: !@ CAM Could not access BSOH EFS
04-15 09:54:04.599  1144  1154 E HeatmapThread: !@ CAM New BSOH: 0
04-15 09:54:04.730  1151  1151 D SurfaceFlinger: Display 4633128672291735999 HWC layers:
04-15 09:54:04.730  1151  1151 D SurfaceFlinger:        DEVICE |           86891483365378 | 00002102 | RGBA_8888    |    0.0    0.0  720.0 1544.0 |    0    0  720 1544 | com.catfact.app.feature.favorites.te[...]ivity.ComponentActivity$_20231#19039 (1)
04-15 09:54:04.730  1151  1151 D SurfaceFlinger:        DEVICE |            8589934654694 | 00002100 | RGBA_8888    |    0.0    0.0  720.0   50.0 |    0    0  720   50 | StatusBar$_2000#102 (26649)
04-15 09:54:04.730  1151  1151 D SurfaceFlinger:        DEVICE |           10569914518889 | 00002100 | RGBA_8888    |    0.0    0.0   67.0  353.0 |  653  192  720  545 | com.sec.android.app.launcher/com.sam[...]l.app.CocktailBarService$_2461#16495 (1)
04-15 09:54:04.730  1151  1151 D SurfaceFlinger:        DEVICE |            8589934654691 | 00002100 | RGBA_8888    |    0.0    0.0  720.0   90.0 |    0 1454  720 1544 | NavigationBar0$_2000#98 (17425)
04-15 09:54:04.730  1151  1151 D SurfaceFlinger:
04-15 09:54:04.731  2000  2105 I SurfaceControlRegistry: apply, t=FinishTransaction_SyncId<1697>, caller=android.view.SurfaceControl$Transaction.apply:3459 android.view.SurfaceControl$Transaction.apply:3447 android.view.SurfaceControl$Transaction.apply:3397 com.android.wm.shell.transition.Transitions.onFinish:315 com.android.wm.shell.transition.Transitions$$ExternalSyntheticLambda7.onTransitionFinished:12 com.android.wm.shell.transition.DefaultTransitionHandler$$ExternalSyntheticLambda2.run:36
04-15 09:54:04.733  1542  4001 D SurfaceComposerClient: setCornerRadius ## 390014a com.catfact.app.feature.favorites.test/androidx.activity.ComponentActivity#19035 cornerRadius=0.000000
04-15 09:54:04.733  1542  4001 D SurfaceComposerClient: setCornerRadius ## 390014a com.catfact.app.feature.favorites.test/androidx.activity.ComponentActivity#19035 cornerRadius=0.000000
04-15 09:54:04.734  3979  3979 I VRI[AllInOneCalendarActivity]@aa2f635: handleAppVisibility mAppVisible = true visible = false
04-15 09:54:04.734  3979  3979 D VRI[AllInOneCalendarActivity]@aa2f635: visibilityChanged oldVisibility=true newVisibility=false
04-15 09:54:04.735  2000  2000 D SamsungLightBarControlHelper: updateStatusBar (WHITE icon) numStacks:1, StatusBarMode:MODE_TRANSPARENT, lightBarBounds:[], StatusBarState:SHADE, packageName:, isWhiteKeyguardStatusBar:false
04-15 09:54:04.735  2000  2000 D SamsungLightBarControlHelper: onStatusBarAppearanceChanged() -  sbModeChanged:false, statusBarMode:0, barState:MODE_TRANSPARENT, isKeyguardShowing:false, navbarColorManagedByIme:false, (AppearanceRegion{ bounds=[0,0][720,1544]}, )
04-15 09:54:04.737  3979  8486 D Choreographer: BBA2 receive callback when in bg : 4
04-15 09:54:04.737  1542  1598 W libprocessgroup: SetCgroup::ExecuteForProcess: failed to open /dev/cpuctl/foreground-boost/cgroup.procs: No such file or directory
04-15 09:54:04.738  1542  1598 W libprocessgroup: SetCgroup::ExecuteForProcess: failed to open /dev/cpuctl/foreground-boost/cgroup.procs: No such file or directory
04-15 09:54:04.739  1151  1151 I SurfaceFlinger: RequestedLayer [Task=3801#16292] hidden!! flag  from(0) --> to(1)
04-15 09:54:04.739  1151  1151 I SurfaceFlinger: [Display 0 name="Built-in Screen"#49] setFrameRateCategory: Default
04-15 09:54:04.739  1151  1151 I SurfaceFlinger: RequestedLayer [com.google.android.calendar/com.goog[...]AllInOneCalendarActivity$_3979#19021] hidden!! flag  from(0) --> to(1)
04-15 09:54:04.739  1151  1151 I SurfaceFlinger: RequestedLayer [ActivityRecord{243114305 u0 com.goog[...]llInOneCalendarActivity t3801}#16293] hidden!! flag  from(0) --> to(1)
04-15 09:54:04.740  1151  1151 I SurfaceFlinger: [LayerHierarchy{RequestedLayerState{ImeContainer#15 parentId=19030 relativeParentId=19035 z=1} 1 children}] RelativeParent to LayerHierarchy{RequestedLayerState{390014a com.catfact.app.feature.favorites.test/androidx.activity.ComponentActivity#19035 parentId=19030} 2 children}
04-15 09:54:04.740  1151  1151 I SurfaceFlinger: [LayerHierarchy{RequestedLayerState{Task=3801#16292 parentId=10 z=12} 1 children}] reparent to LayerHierarchy{RequestedLayerState{DefaultTaskDisplayArea_d0#10 parentId=9} 16 children}
04-15 09:54:04.740  1151  1151 I SurfaceFlinger: [LayerHierarchy{RequestedLayerState{Task=3887#19029 parentId=10 z=13} 2 children}] reparent to LayerHierarchy{RequestedLayerState{DefaultTaskDisplayArea_d0#10 parentId=9} 17 children}
04-15 09:54:04.740  1151  1151 I SurfaceFlinger: [LayerHierarchy{RequestedLayerState{2f072c4 Splash Screen com.catfact.app.feature.favorites.test#19031 z=2147483647} 1 children}] reparent to OffscreenRoot
04-15 09:54:04.740  1151  1151 I SurfaceFlinger: [LayerHierarchy{RequestedLayerState{2f072c4 Splash Screen com.catfact.app.feature.favorites.test#19031 z=2147483647} 1 children}] RelativeParent to null
04-15 09:54:04.740  1151  1151 I SurfaceFlinger: [LayerHierarchy{RequestedLayerState{Splash Screen com.catfact.app.feature.favorites.test$_2000#19032} no children}] reparent to OffscreenRoot
04-15 09:54:04.740  1151  1151 I SurfaceFlinger: [LayerHierarchy{RequestedLayerState{Splash Screen com.catfact.app.feature.favorites.test$_2000#19032} no children}] RelativeParent to null
04-15 09:54:04.740  1151  1151 I SurfaceFlinger: [LayerHierarchy{RequestedLayerState{Transition Root: Task=3887#19033 z=13} 1 children}] reparent to OffscreenRoot
04-15 09:54:04.740  1151  1151 I SurfaceFlinger: [LayerHierarchy{RequestedLayerState{Transition Root: Task=3887#19033 z=13} 1 children}] RelativeParent to null
04-15 09:54:04.740  1151  1151 I SurfaceFlinger: [LayerHierarchy{RequestedLayerState{DimTransitionLayer for Surface(name=Task=3887)/@0x9eb756b#19034 z=-1} no children}] reparent to OffscreenRoot
04-15 09:54:04.740  1151  1151 I SurfaceFlinger: [LayerHierarchy{RequestedLayerState{DimTransitionLayer for Surface(name=Task=3887)/@0x9eb756b#19034 z=-1} no children}] RelativeParent to null
04-15 09:54:04.742  6698  6941 I FontLog : (REDACTED) Received query %s, URI %s
04-15 09:54:04.742  1151  1151 I SurfaceFlinger: id=19032 Removed Splash Screen com.catfact.app.feature.favorites.test$_2000#19032 (186)
04-15 09:54:04.742  6698  6941 I FontLog : (REDACTED) Query [%s] resolved to %s
04-15 09:54:04.742  1151  1151 I SurfaceFlinger: id=19034 Removed DimTransitionLayer for Surface(name=Task=3887)/@0x9eb756b#19034 (186)
04-15 09:54:04.742  1151  1151 I SurfaceFlinger: id=19033 Removed Transition Root: Task=3887#19033 (186)
04-15 09:54:04.742  1151  1151 I SurfaceFlinger: id=19031 Removed 2f072c4 Splash Screen com.catfact.app.feature.favorites.test#19031 (186)
04-15 09:54:04.742  6698  6941 I FontLog : (REDACTED) Fetch %s end status %s
04-15 09:54:04.743  3979  4808 D HWUI    : CacheManager::trimMemory(20)
04-15 09:54:04.743  1542  1585 D SurfaceComposerClient: setCornerRadius ## 390014a com.catfact.app.feature.favorites.test/androidx.activity.ComponentActivity#19035 cornerRadius=0.000000
04-15 09:54:04.745  2461  4432 I HoneySpace.Memory-Monitor: current state = 2, didTrim = false
04-15 09:54:04.745  1542  4001 I WindowManager: Relayout Window{81cc54 u0 com.google.android.calendar/com.google.android.calendar.allinone.AllInOneCalendarActivity}: viewVisibility=8 req=720x1544 ty=1 d0
04-15 09:54:04.745  1542  4001 D SurfaceComposerClient: setCornerRadius ## 390014a com.catfact.app.feature.favorites.test/androidx.activity.ComponentActivity#19035 cornerRadius=0.000000
04-15 09:54:04.745  1542  4001 D SurfaceComposerClient: setCornerRadius ## 390014a com.catfact.app.feature.favorites.test/androidx.activity.ComponentActivity#19035 cornerRadius=0.000000
04-15 09:54:04.746  6698  6941 I FontLog : (REDACTED) Pulling font file for id = %d, cache size = %d
04-15 09:54:04.746  1542  4001 I WindowManager: Relayout hash=81cc54, pid=3979, syncId=-1: mAttrs={(0,0)(fillxfill) sim={adjust=pan} layoutInDisplayCutoutMode=always ty=BASE_APPLICATION wanim=0x1030317
04-15 09:54:04.746  1542  4001 I WindowManager:   fl=81810100
04-15 09:54:04.746  1542  4001 I WindowManager:   pfl=100088c0
04-15 09:54:04.746  1542  4001 I WindowManager:   vsysui=700
04-15 09:54:04.746  1542  4001 I WindowManager:   bhv=1
04-15 09:54:04.746  1542  4001 I WindowManager:   fitSides=0
04-15 09:54:04.746  1542  4001 I WindowManager:   frameRateBoostOnTouch=true
04-15 09:54:04.746  1542  4001 I WindowManager:   dvrrWindowFrameRateHint=true naviIconColor=0}
04-15 09:54:04.747  2000  2125 D StackScroller: onDisplayChanged for predraw skip to 2
04-15 09:54:04.747  1151  1151 I SurfaceFlinger: destroyed 2f072c4 Splash Screen com.catfact.app.feature.favorites.test#19031
04-15 09:54:04.747  1151  1151 I SurfaceFlinger: destroyed Splash Screen com.catfact.app.feature.favorites.test$_2000#19032
04-15 09:54:04.747  1151  1151 I SurfaceFlinger: destroyed Transition Root: Task=3887#19033
04-15 09:54:04.747  1151  1151 I SurfaceFlinger: destroyed DimTransitionLayer for Surface(name=Task=3887)/@0x9eb756b#19034
04-15 09:54:04.747  2000  2000 D SystemUIService: SYSUI_RAM_OPTIMIZATION onTrimMemory=20
04-15 09:54:04.747  2000  2000 D CentralSurfaces: SYSUI_RAM_OPTIMIZATION onTrimMemory=20
04-15 09:54:04.747  1151  1151 I Layer   : id=19031 Destroyed 2f072c4 Splash Screen com.catfact.app.feature.favorites.test#19031
04-15 09:54:04.747  2000  2000 D DisplayLifecycle: updateDisplay id = 0
04-15 09:54:04.747  1151  1151 I Layer   : id=19032 Destroyed Splash Screen com.catfact.app.feature.favorites.test$_2000#19032
04-15 09:54:04.747  1151  1151 I Layer   : id=19033 Destroyed Transition Root: Task=3887#19033
04-15 09:54:04.747  1151  1151 I Layer   : id=19034 Destroyed DimTransitionLayer for Surface(name=Task=3887)/@0x9eb756b#19034
04-15 09:54:04.748  2000  2196 D HWUI    : CacheManager::trimMemory(20)
04-15 09:54:04.749  6698  6941 I FontLog : (REDACTED) Pulling font file for id = %d, cache size = %d
04-15 09:54:04.750  3979  3979 I VRI[AllInOneCalendarActivity]@aa2f635: Relayout returned: old=(0,0,720,1544) new=(0,0,720,1544) relayoutAsync=false req=(720,1544)8 dur=3 res=0x2 s={false 0x0} ch=true seqId=0
04-15 09:54:04.750  3979  3979 D VRI[AllInOneCalendarActivity]@aa2f635: Not drawing due to not visible. Reason=!mAppVisible && !mForceDecorViewVisibility
04-15 09:54:04.751  3979  4808 D HWUI    : CacheManager::trimMemory(20)
04-15 09:54:04.752  3979  3979 I VRI[AllInOneCalendarActivity]@aa2f635: stopped(true) old = false
04-15 09:54:04.752  3979  3979 D VRI[AllInOneCalendarActivity]@aa2f635: WindowStopped on com.google.android.calendar/com.google.android.calendar.allinone.AllInOneCalendarActivity set to true
04-15 09:54:04.752  3979  4808 D HWUI    : CacheManager::trimMemory(20)
04-15 09:54:04.766  1542  1582 D PkgPredictorService-SecIpmManagerServiceImpl: bg information pid:3979 uid:10279 pkgName:com.google.android.calendar
04-15 09:54:04.772  1151  1151 I SurfaceFlinger: [LayerHierarchy{RequestedLayerState{com.google.android.calendar/com.google.android.calendar.allinone.AllInOneCalendarActivity$_3979#19021} no children}] reparent to OffscreenRoot
