04-15 09:54:08.217 20231 20245 I TestRunner: started: emptyStateShowsEmptyMessage(com.catfact.app.feature.favorites.presentation.FavoritesScreenTest)
04-15 09:54:08.218  1542  4030 D SurfaceComposerClient: setCornerRadius ## 761b02a com.google.android.calendar/com.google.android.calendar.allinone.AllInOneCalendarActivity#19128 cornerRadius=0.000000
04-15 09:54:08.219 20231 20231 D InputTransport: Input channel destroyed: '73a700d', fd=151
04-15 09:54:08.220  1151  2479 I SurfaceFlinger: id=19122 Removed 63bb5e3 ActivityRecordInputSink com.catfact.app.feature.favorites.test/androidx.test.core.app.InstrumentationActivityInvoker$EmptyActivity#19122 (199)
04-15 09:54:08.221  1151  2479 I SurfaceFlinger: id=19136 createSurf, flag=24004, Task=3889#19136
04-15 09:54:08.223  1151  1151 I SurfaceFlinger: [Task=3889#19136] attach to parent Root
04-15 09:54:08.228  2461  4179 I HoneySpace.RecentTasks: onRecentTasksChanged
04-15 09:54:08.228  2461  4432 I HoneySpace.RecentTasks: onRunningTaskVanished
04-15 09:54:08.229  2461  2461 I HoneySpace.TaskStackChangeRepositoryImpl: onTaskRemoved : 3889
04-15 09:54:08.231  2461  2461 I HoneySpace.TaskStackChangeRepositoryImpl: onTaskRemoved : 3889
04-15 09:54:08.231  2461  2584 I HoneySpace.TopTaskSource: onTaskRemoved: 3889
04-15 09:54:08.232  1151  1151 I SurfaceFlinger: [LayerHierarchy{RequestedLayerState{Task=3889#19101 z=12} 1 children}] reparent to OffscreenRoot
04-15 09:54:08.232  2461  2461 I HoneySpace.TaskListViewModel[173795743]: taskRemoveId, 3889
04-15 09:54:08.232  1151  1151 I SurfaceFlinger: [LayerHierarchy{RequestedLayerState{Task=3889#19101 z=12} 1 children}] RelativeParent to null
04-15 09:54:08.232  2461  2461 W HoneySpace.TaskListViewModel[173795743]: task is already removed: 3889
04-15 09:54:08.232  1151  1151 I SurfaceFlinger: [LayerHierarchy{RequestedLayerState{ActivityRecord{225066649 u0 com.catfact.app.feature.favorites.test/androidx.test.core.app.InstrumentationActivityInvoker$EmptyActivity t3889}#19116} 2 children}] reparent to OffscreenRoot
04-15 09:54:08.232  1151  1151 I SurfaceFlinger: [LayerHierarchy{RequestedLayerState{ActivityRecord{225066649 u0 com.catfact.app.feature.favorites.test/androidx.test.core.app.InstrumentationActivityInvoker$EmptyActivity t3889}#19116} 2 children}] RelativeParent to null
04-15 09:54:08.232  2461  2461 I HoneySpace.TaskListViewModel[173795743]: taskRemoveId, 3889
04-15 09:54:08.232  1151  1151 I SurfaceFlinger: [LayerHierarchy{RequestedLayerState{73a700d com.catfact.app.feature.favorites.test/androidx.test.core.app.InstrumentationActivityInvoker$EmptyActivity#19117} 1 children}] reparent to OffscreenRoot
04-15 09:54:08.232  1151  1151 I SurfaceFlinger: [LayerHierarchy{RequestedLayerState{73a700d com.catfact.app.feature.favorites.test/androidx.test.core.app.InstrumentationActivityInvoker$EmptyActivity#19117} 1 children}] RelativeParent to null
04-15 09:54:08.232  1151  1151 I SurfaceFlinger: [LayerHierarchy{RequestedLayerState{com.catfact.app.feature.favorites.test/androidx.test.core.app.InstrumentationActivityInvoker$EmptyActivity$_20231#19118} no children}] reparent to OffscreenRoot
04-15 09:54:08.232  1151  1151 I SurfaceFlinger: [LayerHierarchy{RequestedLayerState{com.catfact.app.feature.favorites.test/androidx.test.core.app.InstrumentationActivityInvoker$EmptyActivity$_20231#19118} no children}] RelativeParent to null
04-15 09:54:08.232  1151  1151 I SurfaceFlinger: [LayerHierarchy{RequestedLayerState{Task=3889#19136 z=12} no children}] reparent to OffscreenRoot
04-15 09:54:08.232  1151  1151 I SurfaceFlinger: [LayerHierarchy{RequestedLayerState{Task=3889#19136 z=12} no children}] RelativeParent to null
04-15 09:54:08.232  2461  2461 W HoneySpace.TaskListViewModel[173795743]: task is already removed: 3889
04-15 09:54:08.235  1151  1151 I SurfaceFlinger: id=19136 Removed Task=3889#19136 (200)
04-15 09:54:08.235  1151  1151 I SurfaceFlinger: id=19117 Removed 73a700d com.catfact.app.feature.favorites.test/androidx.test.core.app.InstrumentationActivityInvoker$EmptyActivity#19117 (200)
04-15 09:54:08.235  1151  1151 I SurfaceFlinger: id=19118 Removed com.catfact.app.feature.favorites.test/androidx.test.core.app.InstrumentationActivityInvoker$EmptyActivity$_20231#19118 (200)
04-15 09:54:08.235  2461  2584 I HoneySpace.TopTaskSource: onTaskRemoved: 3889
04-15 09:54:08.240  1151  1151 I SurfaceFlinger: destroyed 73a700d com.catfact.app.feature.favorites.test/androidx.test.core.app.InstrumentationActivityInvoker$EmptyActivity#19117
04-15 09:54:08.240  1151  1151 I SurfaceFlinger: destroyed Task=3889#19136
04-15 09:54:08.240  1151  1151 I SurfaceFlinger: destroyed com.catfact.app.feature.favorites.test/androidx.test.core.app.InstrumentationActivityInvoker$EmptyActivity$_20231#19118
04-15 09:54:08.240 20231 20245 D IdlingRegistry: Registering idling resources: [androidx.compose.ui.test.EspressoLink@fd73300]
04-15 09:54:08.242  1151  1151 I Layer   : id=19117 Destroyed 73a700d com.catfact.app.feature.favorites.test/androidx.test.core.app.InstrumentationActivityInvoker$EmptyActivity#19117
04-15 09:54:08.242  1151  1151 I Layer   : id=19136 Destroyed Task=3889#19136
04-15 09:54:08.242  1151  1151 I Layer   : id=19118 Destroyed com.catfact.app.feature.favorites.test/androidx.test.core.app.InstrumentationActivityInvoker$EmptyActivity$_20231#19118
04-15 09:54:08.247 20231 20245 W Settings: Setting always_finish_activities has moved from android.provider.Settings.System to android.provider.Settings.Global, returning read-only value.
04-15 09:54:08.258  1542  2484 I SemDvfsHyPerManager: acquire hyper - AMS_APP_SWITCH/1542@28, type = -999
04-15 09:54:08.258  1059  1180 I HYPER-HAL: [RequestManager.cpp]acquire(): Acquired ID : 1233263  [1542 / 28]    HINT : AMS_APP_SWITCH    list :
04-15 09:54:08.259  1151  1199 I SurfaceFlinger: id=19137 createSurf, flag=24004, Task=3890#19137
04-15 09:54:08.259  3963  3963 I SemDvfsHyPerManager: acquire hyper - APP_START_SHORT/3963@17, type = -999
04-15 09:54:08.262  1059  1180 I HYPER-HAL: [ResourceManager.cpp]updateResource(): [CPULittleMinFreq] UpdateResource Request ID : 1233263    Value : 1824000
04-15 09:54:08.262  1151  2479 I SurfaceFlinger: id=19138 createSurf, flag=84004, ActivityRecord{62163850 u0 com.catfact.app.feature.favorites.test/androidx.activity.ComponentActivity t3890}#19138
04-15 09:54:08.264  1059  1180 I HYPER-HAL: [RequestManager.cpp]acquire(): Acquired ID : 7922207  [3963 / 17]    HINT : APP_START    list : [TIMEOUT / 1500]
04-15 09:54:08.266  1151  1151 I SurfaceFlinger: [Task=3890#19137] attach to parent LayerHierarchy{RequestedLayerState{DefaultTaskDisplayArea_d0#10 parentId=9} 16 children}
04-15 09:54:08.266  1151  1151 I SurfaceFlinger: [ActivityRecord{62163850 u0 com.catfact.app.feature.favorites.test/androidx.activity.ComponentActivity t3890}#19138] attach to parent LayerHierarchy{RequestedLayerState{Task=3890#19137 parentId=10} 1 children}
04-15 09:54:08.269  2000  2120 D ViewRootImpl: desktopMode is false
04-15 09:54:08.270  2000  2120 I ViewRootImpl: dVRR is disabled
04-15 09:54:08.270  1542  3827 I SemDvfsHyPerManager: acquire hyper - AMS_APP_LAUNCH/1542@21, type = -999
04-15 09:54:08.270  3152  3152 E pageboostd: Received HALT command code 2
04-15 09:54:08.270  1059  1180 I HYPER-HAL: [RequestManager.cpp]acquire(): Acquired ID : 1222287  [1542 / 21]    HINT : AMS_APP_LAUNCH    list :
04-15 09:54:08.271  1059  1180 I HYPER-HAL: [ResourceManager.cpp]updateResource(): [CPULittleMinFreq] UpdateResource Request ID : 1222287    Value : 1824000
04-15 09:54:08.274  2000  2105 D ShellDesktopMode: handleRequest: TransitionRequestInfo {type=1, tid=3890, debugId=1706}
04-15 09:54:08.275  2000  2196 D NativeCustomFrequencyManager: [NativeCFMS] BpCustomFrequencyManager::BpCustomFrequencyManager()
04-15 09:54:08.276  1218  1218 I CameraService: onUidStateChanged: uid=10048, procState is changed. (0 -> 1)
04-15 09:54:08.277  2461  4179 I HoneySpace.RecentTasks: onRecentTasksChanged
04-15 09:54:08.278  2461 30001 I HoneySpace.RecentTasks: onRecentTasksChanged
04-15 09:54:08.278  3963  3963 I SemDvfsHyPerManager: acquire hyper - APP_START/3963@19, type = -999
04-15 09:54:08.279  1059  1180 I HYPER-HAL: [RequestManager.cpp]acquire(): Acquired ID : 7930172  [3963 / 19]    HINT : APP_START    list :
04-15 09:54:08.280  2461  2584 I HoneySpace.TopTaskSource: onTaskMovedToFront : taskId = 3890, displayId = 0
04-15 09:54:08.281  2461  2586 I HoneySpace.TopTaskUseCase: topTasks 3890 ComponentInfo{com.catfact.app.feature.favorites.test/androidx.activity.ComponentActivity}[displayId=0]
04-15 09:54:08.281  1542  4030 D InputTransport: Input channel constructed: '4db99cf', fd=972
04-15 09:54:08.281  1542  4030 D InputTransport: Input channel constructed: '4db99cf', fd=1256
04-15 09:54:08.281  1542  4030 D InputTransport: Input channel constructed: '4db99cf', fd=874
04-15 09:54:08.281  1542  4030 D InputTransport: Input channel destroyed: '4db99cf', fd=1256
04-15 09:54:08.282  1151  1151 I SurfaceFlinger: [Display 0 name="Built-in Screen"#49] setFrameRateCategory: High
04-15 09:54:08.282  1151  2479 I SurfaceFlinger: id=19139 createSurf, flag=84004, 4db99cf Splash Screen com.catfact.app.feature.favorites.test#19139
04-15 09:54:08.283  1151  1151 I BpBinder: onLastStrongRef automatically unlinking death recipients:
04-15 09:54:08.284  1542  4030 D InputTransport: Input channel destroyed: '4db99cf', fd=874
04-15 09:54:08.284  2000  2120 D InputTransport: Input channel constructed: '4db99cf', fd=688
04-15 09:54:08.287  1542  4025 D InputDispatcher: Focused application(0): ActivityRecord{62163850 u0 com.catfact.app.feature.favorites.test/androidx.activity.ComponentActivity t3890}
04-15 09:54:08.290  2000  2120 I InsetsController: onStateChanged: host=Splash Screen com.catfact.app.feature.favorites.test, from=android.view.ViewRootImpl.onInsetsStateChanged:3026, state=InsetsState: {mDisplayFrame=Rect(0, 0 - 720, 1544), mDisplayCutout=DisplayCutout{insets=Rect(0, 50 - 0, 0) waterfall=Insets{left=0, top=0, right=0, bottom=0} boundingRect={Bounds=[Rect(0, 0 - 0, 0), Rect(341, 0 - 379, 50), Rect(0, 0 - 0, 0), Rect(0, 0 - 0, 0)]} cutoutPathParserInfo={CutoutPathParserInfo{displayWidth=720 displayHeight=1544 physicalDisplayWidth=720 physicalDisplayHeight=1544 density={1.875} cutoutSpec={M 0,0 H -10 V 26.66666666666667 H 10 V 0 H 0 Z @dp} rotation={0} scale={1.0} physicalPixelDisplaySizeRatio={1.0}}} sideOverrides={}}, mRoundedCorners=RoundedCorners{[RoundedCorner{position=TopLeft, radius=8, center=Point(8, 8)}, RoundedCorner{position=TopRight, radius=8, center=Point(712, 8)}, RoundedCorner{position=BottomRight, radius=8, center=Point(712, 1536)}, RoundedCorner{position=BottomLeft, radius=8, center=Point(8, 1536)}]}  mRoundedCornerFrame=Rect(0, 0 - 720, 1544), mPrivacyIndicatorBounds=PrivacyIndicatorBounds {static bounds=Rect(637, 0 - 720, 50) rotation=0}, mDisplayShape=DisplayShape{ spec=-311912193 displayWidth=720 displayHeight=1544 physicalPixelDisplaySizeRatio=0.5 rotation=0 offsetX=0 offsetY=0 scale=1.0}, mSources= { InsetsSource: {ec730001 mType=navigationBars mFrame=[0,1454][720,1544] mVisible=true mFlags= mSideHint=BOTTOM mBoundingRects=null}, InsetsSource: {ec730004 mType=systemGestures mFrame=[0,0][0,0] mVisible=true mFlags= mSideHint=NONE mBoundingRects=null}, InsetsSource: {ec730005 mType=mandatorySystemGestures mFrame=[0,1454][720,1544] mVisible=true mFlags= mSideHint=BOTTOM mBoundingRects=null}, InsetsSource: {ec730006 mType=tappableElement mFrame=[0,1454][720,1544] mVisible=true mFlags= mSideHint=BOTTOM mBoundingRects=null}, InsetsSource: {ec730024 mType=systemGestures mFrame=[0,0][0,0] mVisible=true mFlags= mSideHint=NONE mBoundingRects=null}, InsetsSource: {27 mType=displayCutout mFrame=[0,0][720,50] mVisible=true mFlags= mSideHint=TOP mBoundingRects=null}, InsetsSource: {43950000 mType=statusBars mFrame=[0,0][720,50] mVisible=true mFlags= mSideHint=TOP mBoundingRects=null}, InsetsSource: {43950005 mType=mandatorySystemGestures mFrame=[0,0][720,73] mVisible=true mFlags= mSideHint=TOP mBoundingRects=null}, InsetsSource: {43950006 mType=tappableElement mFrame=[0,0][720,50] mVisible=true mFlags= mSideHint=TOP mBoundingRects=null} }
04-15 09:54:08.290  2000  2120 I VRI[test]@28ddda4: onActiveControlsChanged, removed=false, mAdded=true, caller=android.view.ViewRootImpl.handleInsetsControlChanged:3002 android.view.ViewRootImpl.setView:2014 android.view.WindowManagerGlobal.addView:604 com.android.wm.shell.startingsurface.SplashscreenWindowCreator.addWindow:38 com.android.wm.shell.startingsurface.StartingWindowController$$ExternalSyntheticLambda4.run:1365
04-15 09:54:08.290  2000  2120 I VRI[test]@28ddda4: synced displayState. AttachInfo displayState=2
04-15 09:54:08.291  2000  2120 I VRI[test]@28ddda4: setView = android.widget.FrameLayout@95e6d0e IsHRR=false mFlingFrameRateChange=0 TM=true
04-15 09:54:08.291  2000  2196 D HWUI    : HWUI - treat SMPTE_170M as sRGB
04-15 09:54:08.291  1542  2101 D GraphicsStatsService: requestRenderEngineFor(com.catfact.app.feature.favorites.test)
04-15 09:54:08.292  1542  4025 D SurfaceComposerClient: setCornerRadius ## 4db99cf Splash Screen com.catfact.app.feature.favorites.test#19139 cornerRadius=0.000000
04-15 09:54:08.292  1542  4025 D SurfaceComposerClient: setCornerRadius ## 4db99cf Splash Screen com.catfact.app.feature.favorites.test#19139 cornerRadius=0.000000
04-15 09:54:08.294  1542  1825 D AS.MultiSoundManager: mForegroundUid = 10750
04-15 09:54:08.297  2461  2584 I HoneySpace.TopTaskSource: onTaskFocusChanged(): taskId = 3890
04-15 09:54:08.298  2000  2000 I {OngoingActivityController}: onTaskFocusChanged but OA data is empty
04-15 09:54:08.299  1542  1553 I system_server: Background concurrent mark compact GC freed 47MB AllocSpace bytes, 167(4568KB) LOS objects, 24% free, 146MB/194MB, paused 2.590ms,10.180ms total 493.261ms
04-15 09:54:08.300  1542  2299 I WindowManager: Relayout Window{4db99cf u0 Splash Screen com.catfact.app.feature.favorites.test}: viewVisibility=0 req=720x1544 ty=3 d0
04-15 09:54:08.300  1151  2479 I SurfaceFlinger: id=19140 createSurf, flag=44004, Splash Screen com.catfact.app.feature.favorites.test$_2000#19140
04-15 09:54:08.301  2461  2461 I HoneySpace.EdgePanel.CocktailHostRepositoryImpl: onNoteResume
04-15 09:54:08.301  2461  2461 I HoneySpace.EdgePanel.EdgePanelContainerViewModel: cocktailHostRepository.edgePanelOperation NoteResumeComponent(componentName=ComponentInfo{com.catfact.app.feature.favorites.test/androidx.activity.ComponentActivity})
04-15 09:54:08.301  2461  2461 I HoneySpace.EdgePanel.ActivityUtils: HomePackage : com.sec.android.app.launcher, resumePackageName : com.catfact.app.feature.favorites.test, className : androidx.activity.ComponentActivity
04-15 09:54:08.301  1542  2299 D SurfaceComposerClient: setCornerRadius ## 4db99cf Splash Screen com.catfact.app.feature.favorites.test#19139 cornerRadius=0.000000
04-15 09:54:08.301  3723  3374 I [AirCmd]_ActivitySwitchDetector: onTaskFocusChanged : taskId=3890, componentName=ComponentInfo{com.catfact.app.feature.favorites.test/androidx.activity.ComponentActivity}
04-15 09:54:08.302  3723  3374 I [AirCmd]_ActivitySwitchDetector: onTaskFocusChanged :mTopMostActivity = ComponentInfo{com.google.android.calendar/com.google.android.calendar.allinone.AllInOneCalendarActivity}
04-15 09:54:08.302  1542  2299 D SurfaceComposerClient: setCornerRadius ## 4db99cf Splash Screen com.catfact.app.feature.favorites.test#19139 cornerRadius=0.000000
04-15 09:54:08.302  3723  3374 I [AirCmd]_CallbackRepeater: stopRepeat : isWorking=false
04-15 09:54:08.302  3723  3374 I [AirCmd]_MediaControlStateMonitor: isForegroundAppSupportsMediaButton : mediaSession is empty
04-15 09:54:08.302  1542  2299 I WindowManager: Relayout hash=4db99cf, pid=2000, syncId=-1: mAttrs={(0,0)(fillxfill) sim={adjust=pan} layoutInDisplayCutoutMode=always ty=APPLICATION_STARTING fmt=TRANSLUCENT wanim=0x1030317
04-15 09:54:08.302  1542  2299 I WindowManager:   fl=81030118
04-15 09:54:08.302  1542  2299 I WindowManager:   pfl=10000810
04-15 09:54:08.302  1542  2299 I WindowManager:   apr=18
04-15 09:54:08.302  1542  2299 I WindowManager:   bhv=1
04-15 09:54:08.302  1542  2299 I WindowManager:   fitSides=0
04-15 09:54:08.302  1542  2299 I WindowManager:   frameRateBoostOnTouch=true
04-15 09:54:08.302  1542  2299 I WindowManager:   dvrrWindowFrameRateHint=true naviIconColor=0}
04-15 09:54:08.303  1542  1582 D PkgPredictorService-SecIpmManagerServiceImpl: onForegroundActivitiesChanged pid:20231 uid:10750
04-15 09:54:08.304  1542  1582 D NetworkPolicy: already checked 10750
04-15 09:54:08.304  1542  2944 V PkgPredictorService-SecIpmManagerServiceImpl: discard foreground app:com.catfact.app.feature.favorites.test 1|true
04-15 09:54:08.304  2000  2120 I InsetsController: onStateChanged: host=Splash Screen com.catfact.app.feature.favorites.test, from=android.view.ViewRootImpl.onInsetsStateChanged:3026, state=InsetsState: {mDisplayFrame=Rect(0, 0 - 720, 1544), mDisplayCutout=DisplayCutout{insets=Rect(0, 50 - 0, 0) waterfall=Insets{left=0, top=0, right=0, bottom=0} boundingRect={Bounds=[Rect(0, 0 - 0, 0), Rect(341, 0 - 379, 50), Rect(0, 0 - 0, 0), Rect(0, 0 - 0, 0)]} cutoutPathParserInfo={CutoutPathParserInfo{displayWidth=720 displayHeight=1544 physicalDisplayWidth=720 physicalDisplayHeight=1544 density={1.875} cutoutSpec={M 0,0 H -10 V 26.66666666666667 H 10 V 0 H 0 Z @dp} rotation={0} scale={1.0} physicalPixelDisplaySizeRatio={1.0}}} sideOverrides={}}, mRoundedCorners=RoundedCorners{[RoundedCorner{position=TopLeft, radius=8, center=Point(8, 8)}, RoundedCorner{position=TopRight, radius=8, center=Point(712, 8)}, RoundedCorner{position=BottomRight, radius=8, center=Point(712, 1536)}, RoundedCorner{position=BottomLeft, radius=8, center=Point(8, 1536)}]}  mRoundedCornerFrame=Rect(0, 0 - 720, 1544), mPrivacyIndicatorBounds=PrivacyIndicatorBounds {static bounds=Rect(637, 0 - 720, 50) rotation=0}, mDisplayShape=DisplayShape{ spec=-311912193 displayWidth=720 displayHeight=1544 physicalPixelDisplaySizeRatio=0.5 rotation=0 offsetX=0 offsetY=0 scale=1.0}, mSources= { InsetsSource: {ec730001 mType=navigationBars mFrame=[0,1454][720,1544] mVisible=true mFlags= mSideHint=BOTTOM mBoundingRects=null}, InsetsSource: {ec730004 mType=systemGestures mFrame=[0,0][0,0] mVisible=true mFlags= mSideHint=NONE mBoundingRects=null}, InsetsSource: {ec730005 mType=mandatorySystemGestures mFrame=[0,1454][720,1544] mVisible=true mFlags= mSideHint=BOTTOM mBoundingRects=null}, InsetsSource: {ec730006 mType=tappableElement mFrame=[0,1454][720,1544] mVisible=true mFlags= mSideHint=BOTTOM mBoundingRects=null}, InsetsSource: {ec730024 mType=systemGestures mFrame=[0,0][0,0] mVisible=true mFlags= mSideHint=NONE mBoundingRects=null}, InsetsSource: {3 mType=ime mFrame=[0,0][0,0] mVisible=false mFlags= mSideHint=NONE mBoundingRects=null}, InsetsSource: {27 mType=displayCutout mFrame=[0,0][720,50] mVisible=true mFlags= mSideHint=TOP mBoundingRects=null}, InsetsSource: {43950000 mType=statusBars mFrame=[0,0][720,50] mVisible=true mFlags= mSideHint=TOP mBoundingRects=null}, InsetsSource: {43950005 mType=mandatorySystemGestures mFrame=[0,0][720,73] mVisible=true mFlags= mSideHint=TOP mBoundingRects=null}, InsetsSource: {43950006 mType=tappableElement mFrame=[0,0][720,50] mVisible=true mFlags= mSideHint=TOP mBoundingRects=null} }
04-15 09:54:08.304  1542  1582 D NetworkPolicy: already checked 10750
04-15 09:54:08.304  2000  2120 I VRI[test]@28ddda4: onActiveControlsChanged, removed=false, mAdded=true, caller=android.view.ViewRootImpl.handleInsetsControlChanged:3002 android.view.ViewRootImpl.relayoutWindow:11629 android.view.ViewRootImpl.performTraversals:4804 android.view.ViewRootImpl.doTraversal:3924 android.view.ViewRootImpl$TraversalRunnable.run:12903
04-15 09:54:08.305  1151  1151 I SurfaceFlinger: [LayerHierarchy{RequestedLayerState{ImeContainer#15 parentId=16293 relativeParentId=16293 z=1} 1 children}] RelativeParent to null
04-15 09:54:08.305  1151  1151 I SurfaceFlinger: [4db99cf Splash Screen com.catfact.app.feature.favorites.test#19139] attach to parent LayerHierarchy{RequestedLayerState{ActivityRecord{62163850 u0 com.catfact.app.feature.favorites.test/androidx.activity.ComponentActivity t3890}#19138 parentId=19137} 1 children}
04-15 09:54:08.305  1151  1151 I SurfaceFlinger: [Splash Screen com.catfact.app.feature.favorites.test$_2000#19140] attach to parent LayerHierarchy{RequestedLayerState{4db99cf Splash Screen com.catfact.app.feature.favorites.test#19139 parentId=19138} 1 children}
04-15 09:54:08.305 20231 20231 D LifecycleMonitor: Lifecycle status change: androidx.activity.ComponentActivity@46d87c4 in: PRE_ON_CREATE
04-15 09:54:08.305 20231 20231 V ActivityScenario: Activity lifecycle changed event received but ignored because the reported transition was not ON_CREATE while the last known transition was PRE_ON_CREATE
04-15 09:54:08.306  2000  2120 I BLASTBufferQueue_Java: new BLASTBufferQueue, mName= VRI[test]@28ddda4 mNativeObject= 0xb40000741d11b250 caller= android.view.ViewRootImpl.updateBlastSurfaceIfNeeded:3585 android.view.ViewRootImpl.relayoutWindow:11685 android.view.ViewRootImpl.performTraversals:4804 android.view.ViewRootImpl.doTraversal:3924 android.view.ViewRootImpl$TraversalRunnable.run:12903 android.view.Choreographer$CallbackRecord.run:1901 android.view.Choreographer$CallbackRecord.run:1910 android.view.Choreographer.doCallbacks:1367 android.view.Choreographer.doFrame:1292 android.view.Choreographer$FrameDisplayEventReceiver.run:1870
04-15 09:54:08.306  2000  2120 I BLASTBufferQueue_Java: update, w= 720 h= 1544 mName = VRI[test]@28ddda4 mNativeObject= 0xb40000741d11b250 sc.mNativeObject= 0xb40000751c5c7bd0 format= -3 caller= android.view.ViewRootImpl.updateBlastSurfaceIfNeeded:3590 android.view.ViewRootImpl.relayoutWindow:11685 android.view.ViewRootImpl.performTraversals:4804 android.view.ViewRootImpl.doTraversal:3924 android.view.ViewRootImpl$TraversalRunnable.run:12903 android.view.Choreographer$CallbackRecord.run:1901
04-15 09:54:08.306  2000  2000 D DisplayLifecycle: updateDisplay id = 0
04-15 09:54:08.306  2000  2125 D StackScroller: onDisplayChanged for predraw skip to 2
04-15 09:54:08.307 18525 18790 I Rubin   : [146] M.c0.k(Unknown Source) : Notify com.samsung.android.rubin.inferenceengine.contextanalytics.engine.loggers.AppUsageLogger's database is updated.
04-15 09:54:08.308  3723  3374 E [AirCmd]_MediaControlStateMonitor: getActiveNotificationPackageName : notification service monitor is null
04-15 09:54:08.308  3723  3374 I [AirCmd]_ButtonEventDetectionThread: enableDoubleClickDetection: enabled= true, doubleClickWaitInterval=300
04-15 09:54:08.308  1542  1585 D SurfaceComposerClient: setCornerRadius ## 4db99cf Splash Screen com.catfact.app.feature.favorites.test#19139 cornerRadius=0.000000
04-15 09:54:08.309 20231 20231 I DecorView: setWindowBackground: isPopOver=false color=fffafafa d=android.graphics.drawable.ColorDrawable@83710a9
04-15 09:54:08.309  2000  2120 I VRI[test]@28ddda4: Relayout returned: old=(0,0,720,1544) new=(0,0,720,1544) relayoutAsync=false req=(720,1544)0 dur=13 res=0x3 s={true 0xb40000748c7e63d0} ch=true seqId=0
04-15 09:54:08.310 20231 20231 D LifecycleMonitor: Lifecycle status change: androidx.activity.ComponentActivity@46d87c4 in: CREATED
04-15 09:54:08.310 20231 20231 V ActivityScenario: Update currentActivityStage to CREATED, currentActivity=androidx.activity.ComponentActivity@46d87c4
04-15 09:54:08.310 20231 20231 D LifecycleMonitor: Lifecycle status change: androidx.activity.ComponentActivity@46d87c4 in: STARTED
04-15 09:54:08.310 20231 20231 V ActivityScenario: Update currentActivityStage to STARTED, currentActivity=androidx.activity.ComponentActivity@46d87c4
04-15 09:54:08.311  2000  2120 I VRI[test]@28ddda4: performConfigurationChange setNightDimText nightDimLevel=0
04-15 09:54:08.311  2000  2120 D VRI[test]@28ddda4: mThreadedRenderer.initialize() mSurface={isValid=true 0xb40000748c7e63d0} hwInitialized=true
04-15 09:54:08.311  2000  2120 D VRI[test]@28ddda4: reportNextDraw android.view.ViewRootImpl.performTraversals:5443 android.view.ViewRootImpl.doTraversal:3924 android.view.ViewRootImpl$TraversalRunnable.run:12903 android.view.Choreographer$CallbackRecord.run:1901 android.view.Choreographer$CallbackRecord.run:1910
04-15 09:54:08.311  2000  2120 D VRI[test]@28ddda4: Setup new sync=wmsSync-VRI[test]@28ddda4#42
04-15 09:54:08.311  2000  2120 I VRI[test]@28ddda4: Creating new active sync group VRI[test]@28ddda4#43
04-15 09:54:08.311  2000  2120 D VRI[test]@28ddda4: registerCallbacksForSync syncBuffer=false
04-15 09:54:08.311 20231 20231 D LifecycleMonitor: Lifecycle status change: androidx.activity.ComponentActivity@46d87c4 in: RESUMED
04-15 09:54:08.312 20231 20231 V ActivityScenario: Update currentActivityStage to RESUMED, currentActivity=androidx.activity.ComponentActivity@46d87c4
04-15 09:54:08.312  2000  2194 D VRI[test]@28ddda4: Received frameDrawingCallback syncResult=0 frameNum=1.
04-15 09:54:08.312  2000  2194 I VRI[test]@28ddda4: mWNT: t=0xb4000074fc7d14d0 mBlastBufferQueue=0xb40000741d11b250 fn= 1 HdrRenderState mRenderHdrSdrRatio=1.0 caller= android.view.ViewRootImpl$12.onFrameDraw:15441 android.view.ThreadedRenderer$1.onFrameDraw:718 <bottom of call stack>
04-15 09:54:08.312  2000  2194 I VRI[test]@28ddda4: Setting up sync and frameCommitCallback
04-15 09:54:08.312 20231 20231 D ViewRootImpl: desktopMode is false
04-15 09:54:08.312 20231 20231 I ViewRootImpl: dVRR is disabled
04-15 09:54:08.313 20231 20254 D NativeCustomFrequencyManager: [NativeCFMS] BpCustomFrequencyManager::BpCustomFrequencyManager()
04-15 09:54:08.313  2461  4179 I HoneySpace.Memory-Monitor: current state = 2, didTrim = false
04-15 09:54:08.314  2000  2196 I BLASTBufferQueue: [VRI[test]@28ddda4#873](f:0,a:0,s:0) onFrameAvailable the first frame is available
04-15 09:54:08.314  1542  2101 D InputTransport: Input channel constructed: '8c52690', fd=874
04-15 09:54:08.314  1542  2101 D InputTransport: Input channel constructed: '8c52690', fd=1256
04-15 09:54:08.314  2000  2196 I VRI[test]@28ddda4: Received frameCommittedCallback lastAttemptedDrawFrameNum=1 didProduceBuffer=true
04-15 09:54:08.314  1542  2101 D InputTransport: Input channel constructed: '8c52690', fd=1274
04-15 09:54:08.314  1542  2101 D InputTransport: Input channel destroyed: '8c52690', fd=1256
04-15 09:54:08.314  1151  2479 I SurfaceFlinger: [Splash Screen com.catfact.app.feature.favorites.test$_2000#19140] setTransactionState with the first frame. bufferData(ID: 8589934656123, frameNumber: 1)
04-15 09:54:08.314  1151  2479 I SurfaceFlinger: id=19141 createSurf, flag=84004, 8c52690 com.catfact.app.feature.favorites.test/androidx.activity.ComponentActivity#19141
04-15 09:54:08.314  2000  2196 D HWUI    : CFMS:: SetUp Pid : 2000    Tid : 2196
04-15 09:54:08.314  2000  2120 D VRI[test]@28ddda4: reportDrawFinished seqId=0
04-15 09:54:08.315  1542  2101 D InputTransport: Input channel destroyed: '8c52690', fd=1274
04-15 09:54:08.315 20231 20231 D InputTransport: Input channel constructed: '8c52690', fd=122
04-15 09:54:08.316 20231 20231 I InsetsController: onStateChanged: host=com.catfact.app.feature.favorites.test/androidx.activity.ComponentActivity, from=android.view.ViewRootImpl.onInsetsStateChanged:3026, state=InsetsState: {mDisplayFrame=Rect(0, 0 - 720, 1544), mDisplayCutout=DisplayCutout{insets=Rect(0, 50 - 0, 0) waterfall=Insets{left=0, top=0, right=0, bottom=0} boundingRect={Bounds=[Rect(0, 0 - 0, 0), Rect(341, 0 - 379, 50), Rect(0, 0 - 0, 0), Rect(0, 0 - 0, 0)]} cutoutPathParserInfo={CutoutPathParserInfo{displayWidth=720 displayHeight=1544 physicalDisplayWidth=720 physicalDisplayHeight=1544 density={1.875} cutoutSpec={M 0,0 H -10 V 26.66666666666667 H 10 V 0 H 0 Z @dp} rotation={0} scale={1.0} physicalPixelDisplaySizeRatio={1.0}}} sideOverrides={}}, mRoundedCorners=RoundedCorners{[RoundedCorner{position=TopLeft, radius=8, center=Point(8, 8)}, RoundedCorner{position=TopRight, radius=8, center=Point(712, 8)}, RoundedCorner{position=BottomRight, radius=8, center=Point(712, 1536)}, RoundedCorner{position=BottomLeft, radius=8, center=Point(8, 1536)}]}  mRoundedCornerFrame=Rect(0, 0 - 720, 1544), mPrivacyIndicatorBounds=PrivacyIndicatorBounds {static bounds=Rect(637, 0 - 720, 50) rotation=0}, mDisplayShape=DisplayShape{ spec=-311912193 displayWidth=720 displayHeight=1544 physicalPixelDisplaySizeRatio=0.5 rotation=0 offsetX=0 offsetY=0 scale=1.0}, mSources= { InsetsSource: {ec730001 mType=navigationBars mFrame=[0,1454][720,1544] mVisible=true mFlags= mSideHint=BOTTOM mBoundingRects=null}, InsetsSource: {ec730004 mType=systemGestures mFrame=[0,0][0,0] mVisible=true mFlags= mSideHint=NONE mBoundingRects=null}, InsetsSource: {ec730005 mType=mandatorySystemGestures mFrame=[0,1454][720,1544] mVisible=true mFlags= mSideHint=BOTTOM mBoundingRects=null}, InsetsSource: {ec730006 mType=tappableElement mFrame=[0,1454][720,1544] mVisible=true mFlags= mSideHint=BOTTOM mBoundingRects=null}, InsetsSource: {ec730024 mType=systemGestures mFrame=[0,0][0,0] mVisible=true mFlags= mSideHint=NONE mBoundingRects=null}, InsetsSource: {3 mType=ime mFrame=[0,0][0,0] mVisible=false mFlags= mSideHint=NONE mBoundingRects=null}, InsetsSource: {27 mType=displayCutout mFrame=[0,0][720,50] mVisible=true mFlags= mSideHint=TOP mBoundingRects=null}, InsetsSource: {43950000 mType=statusBars mFrame=[0,0][720,50] mVisible=true mFlags= mSideHint=TOP mBoundingRects=null}, InsetsSource: {43950005 mType=mandatorySystemGestures mFrame=[0,0][720,73] mVisible=true mFlags= mSideHint=TOP mBoundingRects=null}, InsetsSource: {43950006 mType=tappableElement mFrame=[0,0][720,50] mVisible=true mFlags= mSideHint=TOP mBoundingRects=null} }
04-15 09:54:08.316  1151  1338 D SurfaceFlinger: [input] setFocusedWindow: <null>
04-15 09:54:08.316  1542  2101 D InputDispatcher: Focus left window (0): 761b02a com.google.android.calendar/com.google.android.calendar.allinone.AllInOneCalendarActivity
04-15 09:54:08.316 20231 20231 I VRI[ComponentActivity]@293bfeb: synced displayState. AttachInfo displayState=2
04-15 09:54:08.316 20231 20231 I VRI[ComponentActivity]@293bfeb: setView = com.android.internal.policy.DecorView@2a6d06 IsHRR=false mFlingFrameRateChange=0 TM=true
04-15 09:54:08.317  3979  3979 I ImeFocusController: onPreWindowFocus: skipped hasWindowFocus=false mHasImeFocus=true
04-15 09:54:08.317 20231 20254 D HWUI    : HWUI - treat SMPTE_170M as sRGB
04-15 09:54:08.317  1542  1585 D SurfaceComposerClient: setCornerRadius ## 4db99cf Splash Screen com.catfact.app.feature.favorites.test#19139 cornerRadius=0.000000
04-15 09:54:08.317  1542  1585 D SurfaceComposerClient: setCornerRadius ## 8c52690 com.catfact.app.feature.favorites.test/androidx.activity.ComponentActivity#19141 cornerRadius=0.000000
04-15 09:54:08.317  1542  1585 D SurfaceComposerClient: setCornerRadius ## 4db99cf Splash Screen com.catfact.app.feature.favorites.test#19139 cornerRadius=0.000000
04-15 09:54:08.317  1542  1585 D SurfaceComposerClient: setCornerRadius ## 8c52690 com.catfact.app.feature.favorites.test/androidx.activity.ComponentActivity#19141 cornerRadius=0.000000
04-15 09:54:08.317  3979  3979 I ImeFocusController: onPostWindowFocus: skipped hasWindowFocus=false mHasImeFocus=true
04-15 09:54:08.318  1542  4030 D InputDispatcher: Once focus requested (0): <null>
04-15 09:54:08.318  1151  2479 I SurfaceFlinger: id=19142 createSurf, flag=84004, Transition Root: Task=3890#19142
04-15 09:54:08.319  1542  1585 I SurfaceControlRegistry: show, t=StartTransaction_SyncId<1706> sc=ActivityRecord{62163850 u0 com.catfact.app.feature.favorites.test/androidx.activity.ComponentActivity t3890}, caller=android.view.SurfaceControl$Transaction.show:3557 com.android.server.wm.Transition.onTransactionReady:2048 com.android.server.wm.BLASTSyncEngine$SyncGroup.finishNow:240 com.android.server.wm.BLASTSyncEngine.onSurfacePlacement:263 com.android.server.wm.RootWindowContainer.performSurfacePlacementNoTrace:1083 com.android.server.wm.WindowSurfacePlacer.performSurfacePlacement:166
04-15 09:54:08.319  1542  1585 D SurfaceComposerClient: setCornerRadius ## Task=3801#16292 cornerRadius=0.000000
04-15 09:54:08.319  1542  1585 D SurfaceComposerClient: setCornerRadius ## Task=3890#19137 cornerRadius=0.000000
04-15 09:54:08.319  1542  1585 D ScreenCapture: [Capture_TEST] : setIsScreenShotBySystem false
04-15 09:54:08.320  1542  1585 I SurfaceComposerClient: captureLayers:childrenOnly:1, sync:1
04-15 09:54:08.321  2000  2105 I SurfaceControlRegistry: hide, t=FinishTransaction_SyncId<1706> sc=Task=3801, caller=android.view.SurfaceControl$Transaction.hide:3583 com.android.wm.shell.transition.Transitions.dispatchReady:1263 com.android.wm.shell.transition.Transitions.onTransitionReady:251 com.android.wm.shell.transition.Transitions$TransitionPlayerImpl$$ExternalSyntheticLambda0.run:13 android.os.Handler.handleCallback:995 android.os.Handler.dispatchMessage:103
04-15 09:54:08.321  2000  2105 I SurfaceControlRegistry: show, t=StartTransaction_SyncId<1706> sc=Task=3890, caller=android.view.SurfaceControl$Transaction.show:3557 com.android.wm.shell.transition.Transitions.dispatchReady:1279 com.android.wm.shell.transition.Transitions.onTransitionReady:251 com.android.wm.shell.transition.Transitions$TransitionPlayerImpl$$ExternalSyntheticLambda0.run:13 android.os.Handler.handleCallback:995 android.os.Handler.dispatchMessage:103
04-15 09:54:08.321  2000  2105 I SurfaceControlRegistry: show, t=FinishTransaction_SyncId<1706> sc=Task=3890, caller=android.view.SurfaceControl$Transaction.show:3557 com.android.wm.shell.transition.Transitions.dispatchReady:1330 com.android.wm.shell.transition.Transitions.onTransitionReady:251 com.android.wm.shell.transition.Transitions$TransitionPlayerImpl$$ExternalSyntheticLambda0.run:13 android.os.Handler.handleCallback:995 android.os.Handler.dispatchMessage:103
04-15 09:54:08.321  2000  2105 I SurfaceControlRegistry: show, t=StartTransaction_SyncId<1706> sc=Transition Root: Task=3890, caller=android.view.SurfaceControl$Transaction.show:3557 com.android.wm.shell.transition.Transitions.playTransition:79 com.android.wm.shell.transition.Transitions.processReadyQueue:239 com.android.wm.shell.transition.Transitions.dispatchReady:1352 com.android.wm.shell.transition.Transitions.onTransitionReady:251 com.android.wm.shell.transition.Transitions$TransitionPlayerImpl$$ExternalSyntheticLambda0.run:13
04-15 09:54:08.321  1151  2479 I SurfaceFlinger: Capture layer list: 	 com.google.android.calendar/com.google.android.calendar.allinone.AllInOneCalendarActivity$_3979#19129(seamlessTransition:0)
04-15 09:54:08.321  1151  2479 I CompositionEngine: [setDisplaySize] size=(720, 1544)
04-15 09:54:08.321  1151  1151 I SurfaceFlinger: [8c52690 com.catfact.app.feature.favorites.test/androidx.activity.ComponentActivity#19141] attach to parent LayerHierarchy{RequestedLayerState{ActivityRecord{62163850 u0 com.catfact.app.feature.favorites.test/androidx.activity.ComponentActivity t3890}#19138 parentId=19137} 2 children}
04-15 09:54:08.321  1151  1151 I SurfaceFlinger: [Transition Root: Task=3890#19142] attach to parent LayerHierarchy{RequestedLayerState{DefaultTaskDisplayArea_d0#10 parentId=9} 17 children}
04-15 09:54:08.321  2000  2105 D SurfaceComposerClient: [Task=3801#16292] setEdgeExtension Right
04-15 09:54:08.322  1151  1206 D RenderEngine: [SEC_SF_EFFECTS] drawLayersInternal,1494, Rendering layer ScreenCaptureFillLayer at index 0
04-15 09:54:08.322  1151  1206 D RenderEngine: [SEC_SF_EFFECTS] drawLayersInternal,1494, Rendering layer com.google.android.calendar/com.google.android.calendar.allinone.AllInOneCalendarActivity$_3979#19129 at index 1
04-15 09:54:08.322  1151  2758 I SurfaceFlinger: id=19143 createSurf, flag=20004, DimTransitionLayer for Surface(name=Task=3890)/@0x8c70e41#19143
04-15 09:54:08.323  2000  2105 I SurfaceControlRegistry: show, t=StartTransaction_SyncId<1706> sc=DimTransitionLayer for Surface(name=Task=3890)/@0x8c70e41, caller=android.view.SurfaceControl$Transaction.show:3557 com.android.wm.shell.transition.DefaultTransitionHandler.startAnimation:2931 com.android.wm.shell.transition.Transitions.dispatchTransition:90 com.android.wm.shell.transition.Transitions.playTransition:774 com.android.wm.shell.transition.Transitions.processReadyQueue:239 com.android.wm.shell.transition.Transitions.dispatchReady:1352
04-15 09:54:08.323  2000  2105 I SurfaceControlRegistry: apply, t=StartTransaction_SyncId<1706>, caller=android.view.SurfaceControl$Transaction.apply:3459 android.view.SurfaceControl$Transaction.apply:3447 android.view.SurfaceControl$Transaction.apply:3397 com.android.wm.shell.transition.DefaultTransitionHandler.startAnimation:3387 com.android.wm.shell.transition.Transitions.dispatchTransition:90 com.android.wm.shell.transition.Transitions.playTransition:774
04-15 09:54:08.326  1542  1555 W System  : A resource failed to call release.
04-15 09:54:08.327  1151  2479 I SurfaceFlinger: id=19144 createSurf, flag=84000, bab332c ActivityRecordInputSink com.catfact.app.feature.favorites.test/androidx.activity.ComponentActivity#19144
04-15 09:54:08.327  1542  1555 W System  : A resource failed to call release.
04-15 09:54:08.328  1542  1555 W System  : A resource failed to call HardwareBuffer.close.
04-15 09:54:08.329  1542  2101 I WindowManager: Relayout Window{8c52690 u0 com.catfact.app.feature.favorites.test/androidx.activity.ComponentActivity}: viewVisibility=0 req=720x1544 ty=1 d0
04-15 09:54:08.329  1151  2479 I SurfaceFlinger: id=19145 createSurf, flag=44004, com.catfact.app.feature.favorites.test/androidx.activity.ComponentActivity$_20231#19145
04-15 09:54:08.329  1542  2101 D SurfaceComposerClient: setCornerRadius ## 4db99cf Splash Screen com.catfact.app.feature.favorites.test#19139 cornerRadius=0.000000
04-15 09:54:08.329  1542  2101 D SurfaceComposerClient: setCornerRadius ## 8c52690 com.catfact.app.feature.favorites.test/androidx.activity.ComponentActivity#19141 cornerRadius=0.000000
04-15 09:54:08.330  1151  1151 I SurfaceFlinger: RequestedLayer [4db99cf Splash Screen com.catfact.app.feature.favorites.test#19139] hidden!! flag  from(1) --> to(0)
04-15 09:54:08.330  2461  2474 I HoneySpace.RecentTasks: onRunningTaskAppeared
04-15 09:54:08.330  1151  1151 I SurfaceFlinger: RequestedLayer [8c52690 com.catfact.app.feature.favo[...]idx.activity.ComponentActivity#19141] hidden!! flag  from(1) --> to(0)
04-15 09:54:08.330  1151  1151 I SurfaceFlinger: RequestedLayer [Splash Screen com.catfact.app.feature.favorites.test$_2000#19140] hidden!! flag  from(1) --> to(0)
04-15 09:54:08.330  1151  1151 I SurfaceFlinger: RequestedLayer [Task=3890#19137] hidden!! flag  from(1) --> to(0)
04-15 09:54:08.330  1151  1151 E SurfaceFlinger: alpha changed 1.000 -> 0.000 - Task=3890#19137
04-15 09:54:08.330  2461  2474 I HoneySpace.RecentTasks: onRecentTasksChanged
04-15 09:54:08.330  1151  1151 I SurfaceFlinger: RequestedLayer [Transition Root: Task=3890#19142] hidden!! flag  from(1) --> to(0)
04-15 09:54:08.330  1151  1151 I SurfaceFlinger: RequestedLayer [ActivityRecord{62163850 u0 com.catfa[...]ivity.ComponentActivity t3890}#19138] hidden!! flag  from(1) --> to(0)
04-15 09:54:08.330  1151  1151 I SurfaceFlinger: RequestedLayer [DimTransitionLayer for Surface(name=Task=3890)/@0x8c70e41#19143] hidden!! flag  from(1) --> to(0)
04-15 09:54:08.330  1151  1151 E SurfaceFlinger: alpha changed 1.000 -> 0.000 - DimTransitionLayer for Surface(name=Task=3890)/@0x8c70e41#19143
04-15 09:54:08.330  1151  1151 E SurfaceFlinger: alpha changed 0.000 -> 1.000 - Task=3890#19137
04-15 09:54:08.330  1151  1151 E SurfaceFlinger: alpha changed 0.000 -> 0.000 - DimTransitionLayer for Surface(name=Task=3890)/@0x8c70e41#19143
04-15 09:54:08.330  1151  1151 I SurfaceFlinger: [LayerHierarchy{RequestedLayerState{Task=3801#16292 parentId=19142 z=2} 1 children}] reparent to LayerHierarchy{RequestedLayerState{Transition Root: Task=3890#19142 parentId=10 z=13} 1 children}
04-15 09:54:08.330  1151  1151 I SurfaceFlinger: [LayerHierarchy{RequestedLayerState{Task=3890#19137 parentId=19142 z=5} 1 children}] reparent to LayerHierarchy{RequestedLayerState{Transition Root: Task=3890#19142 parentId=10 z=13} 2 children}
04-15 09:54:08.330  1151  1151 I SurfaceFlinger: [DimTransitionLayer for Surface(name=Task=3890)/@0x8c70e41#19143] attach to parent LayerHierarchy{RequestedLayerState{Transition Root: Task=3890#19142 parentId=10 z=13} 3 children}
04-15 09:54:08.330  1151  1151 I SurfaceFlinger: [bab332c ActivityRecordInputSink com.catfact.app.feature.favorites.test/androidx.activity.ComponentActivity#19144] attach to parent LayerHierarchy{RequestedLayerState{ActivityRecord{62163850 u0 com.catfact.app.feature.favorites.test/androidx.activity.ComponentActivity t3890}#19138 parentId=19137} 3 children}
04-15 09:54:08.330  1151  1151 I SurfaceFlinger: [com.catfact.app.feature.favorites.test/androidx.activity.ComponentActivity$_20231#19145] attach to parent LayerHierarchy{RequestedLayerState{8c52690 com.catfact.app.feature.favorites.test/androidx.activity.ComponentActivity#19141 parentId=19138} 1 children}
04-15 09:54:08.331  1151  2479 I SurfaceFlinger: id=19146 createSurf, flag=24000, Surface(name=3edafdc StatusBar)/@0x3b919ed - animation-leash of insets_animation#19146
04-15 09:54:08.332  1151  2758 I SurfaceFlinger: id=19147 createSurf, flag=24000, Surface(name=8c5cec7 NavigationBar0)/@0xa68870 - animation-leash of insets_animation#19147
04-15 09:54:08.332  1542  1555 W System  : A resource failed to call release.
04-15 09:54:08.333  1542  2101 D SurfaceComposerClient: setCornerRadius ## 4db99cf Splash Screen com.catfact.app.feature.favorites.test#19139 cornerRadius=0.000000
04-15 09:54:08.333  1542  2101 D SurfaceComposerClient: setCornerRadius ## 8c52690 com.catfact.app.feature.favorites.test/androidx.activity.ComponentActivity#19141 cornerRadius=0.000000
04-15 09:54:08.334  2000  2000 D SamsungLightBarControlHelper: updateStatusBar (BLACK icon) numStacks:1, StatusBarMode:MODE_TRANSPARENT, lightBarBounds:[Rect(0, 0 - 720, 1544)], StatusBarState:SHADE, packageName:, isWhiteKeyguardStatusBar:false
04-15 09:54:08.334  2000  2000 D SamsungLightBarControlHelper: onStatusBarAppearanceChanged() -  sbModeChanged:false, statusBarMode:0, barState:MODE_TRANSPARENT, isKeyguardShowing:false, navbarColorManagedByIme:false, (AppearanceRegion{LIGHT_STATUS_BARS bounds=[0,0][720,1544]}, )
04-15 09:54:08.334  2000  2000 D NavigationBar: onSystemBarAttributesChanged() -  displayId:0, appearance:24, packageName: com.catfact.app.feature.favorites.test (APPEARANCE_LIGHT_STATUS_BARS APPEARANCE_LIGHT_NAVIGATION_BARS ), navbarColorManagedByIme:false
04-15 09:54:08.334  1151  2479 I SurfaceFlinger: id=19148 createSurf, flag=24000, Surface(name=3edafdc StatusBar)/@0x3b919ed - animation-leash of insets_animation#19148
04-15 09:54:08.334  2000  2000 D SamsungLightBarControlHelper: updateNavigationBar (BLACK button) isLightOpaque:false, hasLightNavigationBarFlag:true, packageName:com.catfact.app.feature.favorites.test, DirectReplying:false, NavBarColorMangedByIme:false, ForceDarkForScrim:false, ForceLightForScrim:false, QsCustomizing:false, QsExpanded:false
04-15 09:54:08.335  1151  2479 I SurfaceFlinger: id=19149 createSurf, flag=24000, Surface(name=8c5cec7 NavigationBar0)/@0xa68870 - animation-leash of insets_animation#19149
04-15 09:54:08.336  1542  2101 I SystemKeyManager: requested systemKeyInfo size=1 focusedWindow=com.catfact.app.feature.favorites.test/androidx.activity.ComponentActivity
04-15 09:54:08.336  1542  2101 I SystemKeyManager: requested systemKeyInfo size=1 focusedWindow=com.catfact.app.feature.favorites.test/androidx.activity.ComponentActivity
04-15 09:54:08.336  1542  2101 I WindowManager: Relayout hash=8c52690, pid=20231, syncId=-1: mAttrs={(0,0)(fillxfill) sim={adjust=pan forwardNavigation} layoutInDisplayCutoutMode=always ty=BASE_APPLICATION wanim=0x1030317
04-15 09:54:08.336  1542  2101 I WindowManager:   fl=81810100
04-15 09:54:08.336  1542  2101 I WindowManager:   pfl=100088c0
04-15 09:54:08.336  1542  2101 I WindowManager:   apr=210
04-15 09:54:08.336  1542  2101 I WindowManager:   bhv=1
04-15 09:54:08.336  1542  2101 I WindowManager:   fitSides=0
04-15 09:54:08.336  1542  2101 I WindowManager:   frameRateBoostOnTouch=true
04-15 09:54:08.336  1542  2101 I WindowManager:   dvrrWindowFrameRateHint=true naviIconColor=0}
04-15 09:54:08.338 20231 20231 I BLASTBufferQueue_Java: new BLASTBufferQueue, mName= VRI[ComponentActivity]@293bfeb mNativeObject= 0xb40000741c5596f0 caller= android.view.ViewRootImpl.updateBlastSurfaceIfNeeded:3585 android.view.ViewRootImpl.relayoutWindow:11685 android.view.ViewRootImpl.performTraversals:4804 android.view.ViewRootImpl.doTraversal:3924 android.view.ViewRootImpl$TraversalRunnable.run:12903 android.view.Choreographer$CallbackRecord.run:1901 android.view.Choreographer$CallbackRecord.run:1910 android.view.Choreographer.doCallbacks:1367 android.view.Choreographer.doFrame:1292 android.view.Choreographer$FrameDisplayEventReceiver.run:1870
04-15 09:54:08.338 20231 20231 I BLASTBufferQueue_Java: update, w= 720 h= 1544 mName = VRI[ComponentActivity]@293bfeb mNativeObject= 0xb40000741c5596f0 sc.mNativeObject= 0xb40000751c4f2210 format= -1 caller= android.view.ViewRootImpl.updateBlastSurfaceIfNeeded:3590 android.view.ViewRootImpl.relayoutWindow:11685 android.view.ViewRootImpl.performTraversals:4804 android.view.ViewRootImpl.doTraversal:3924 android.view.ViewRootImpl$TraversalRunnable.run:12903 android.view.Choreographer$CallbackRecord.run:1901
04-15 09:54:08.339  1151  1151 I SurfaceFlinger: [LayerHierarchy{RequestedLayerState{8c5cec7 NavigationBar0#91 parentId=19149} 1 children}] reparent to LayerHierarchy{RequestedLayerState{Surface(name=8c5cec7 NavigationBar0)/@0xa68870 - animation-leash of insets_animation#19149 parentId=90} 1 children}
04-15 09:54:08.339  1151  1151 I SurfaceFlinger: [LayerHierarchy{RequestedLayerState{3edafdc StatusBar#95 parentId=19148} 1 children}] reparent to LayerHierarchy{RequestedLayerState{Surface(name=3edafdc StatusBar)/@0x3b919ed - animation-leash of insets_animation#19148 parentId=94} 1 children}
04-15 09:54:08.339  1151  1151 I SurfaceFlinger: [LayerHierarchy{RequestedLayerState{Surface(name=8c5cec7 NavigationBar0)/@0xa68870 - animation-leash of insets_animation#19133} no children}] reparent to OffscreenRoot
04-15 09:54:08.339  1151  1151 I SurfaceFlinger: [LayerHierarchy{RequestedLayerState{Surface(name=8c5cec7 NavigationBar0)/@0xa68870 - animation-leash of insets_animation#19133} no children}] RelativeParent to null
04-15 09:54:08.339  1151  1151 I SurfaceFlinger: [LayerHierarchy{RequestedLayerState{Surface(name=3edafdc StatusBar)/@0x3b919ed - animation-leash of insets_animation#19132} no children}] reparent to OffscreenRoot
04-15 09:54:08.339  1151  1151 I SurfaceFlinger: [LayerHierarchy{RequestedLayerState{Surface(name=3edafdc StatusBar)/@0x3b919ed - animation-leash of insets_animation#19132} no children}] RelativeParent to null
04-15 09:54:08.339  1151  1151 I SurfaceFlinger: [Surface(name=3edafdc StatusBar)/@0x3b919ed - animation-leash of insets_animation#19146] attach to parent OffscreenRoot
04-15 09:54:08.339  1151  1151 I SurfaceFlinger: [Surface(name=8c5cec7 NavigationBar0)/@0xa68870 - animation-leash of insets_animation#19147] attach to parent OffscreenRoot
04-15 09:54:08.339  1151  1151 I SurfaceFlinger: [Surface(name=3edafdc StatusBar)/@0x3b919ed - animation-leash of insets_animation#19148] attach to parent LayerHierarchy{RequestedLayerState{WindowToken{7a8fc4f type=2000 android.os.BinderProxy@a9d7329}#94 parentId=17} 1 children}
04-15 09:54:08.339  1151  1151 I SurfaceFlinger: [Surface(name=8c5cec7 NavigationBar0)/@0xa68870 - animation-leash of insets_animation#19149] attach to parent LayerHierarchy{RequestedLayerState{WindowToken{fc018e2 type=2019 android.os.BinderProxy@bda3ac4}#90 parentId=34} 1 children}
04-15 09:54:08.341  2000  2000 D NavigationBar: onSystemBarAttributesChanged() -  displayId:0, appearance:528, packageName: com.catfact.app.feature.favorites.test (APPEARANCE_LIGHT_NAVIGATION_BARS ), navbarColorManagedByIme:false
04-15 09:54:08.342 20231 20231 I VRI[ComponentActivity]@293bfeb: Relayout returned: old=(0,0,720,1544) new=(0,0,720,1544) relayoutAsync=false req=(720,1544)0 dur=9 res=0x3 s={true 0xb40000748c53e470} ch=true seqId=0
04-15 09:54:08.342  1151  1200 I SurfaceFlinger: id=19146 Removed Surface(name=3edafdc StatusBar)/@0x3b919ed - animation-leash of insets_animation#19146 (210)
04-15 09:54:08.342  1151  1200 I SurfaceFlinger: id=19147 Removed Surface(name=8c5cec7 NavigationBar0)/@0xa68870 - animation-leash of insets_animation#19147 (210)
04-15 09:54:08.343 20231 20231 I VRI[ComponentActivity]@293bfeb: performConfigurationChange setNightDimText nightDimLevel=0
04-15 09:54:08.343 20231 20231 D VRI[ComponentActivity]@293bfeb: mThreadedRenderer.initialize() mSurface={isValid=true 0xb40000748c53e470} hwInitialized=true
04-15 09:54:08.344 20231 20231 D VRI[ComponentActivity]@293bfeb: reportNextDraw android.view.ViewRootImpl.performTraversals:5443 android.view.ViewRootImpl.doTraversal:3924 android.view.ViewRootImpl$TraversalRunnable.run:12903 android.view.Choreographer$CallbackRecord.run:1901 android.view.Choreographer$CallbackRecord.run:1910
04-15 09:54:08.344 20231 20231 D VRI[ComponentActivity]@293bfeb: Setup new sync=wmsSync-VRI[ComponentActivity]@293bfeb#12
04-15 09:54:08.344 20231 20231 I VRI[ComponentActivity]@293bfeb: Creating new active sync group VRI[ComponentActivity]@293bfeb#13
04-15 09:54:08.344 20231 20231 D VRI[ComponentActivity]@293bfeb: registerCallbacksForSync syncBuffer=false
04-15 09:54:08.345 20231 20266 D VRI[ComponentActivity]@293bfeb: Received frameDrawingCallback syncResult=0 frameNum=1.
