04-15 09:54:05.823  1151  1151 I SurfaceFlinger: [LayerHierarchy{RequestedLayerState{Surface(name=8c5cec7 NavigationBar0)/@0xa68870 - animation-leash of insets_animation#19061} no children}] RelativeParent to null
04-15 09:54:05.823  1542  1585 D SurfaceComposerClient: setCornerRadius ## cdb0f23 com.catfact.app.feature.favorites.test/androidx.activity.ComponentActivity#19069 cornerRadius=0.000000
04-15 09:54:05.823  1151  1151 I SurfaceFlinger: [LayerHierarchy{RequestedLayerState{Surface(name=3edafdc StatusBar)/@0x3b919ed - animation-leash of insets_animation#19074} no children}] reparent to OffscreenRoot
04-15 09:54:05.823  1151  1151 I SurfaceFlinger: [LayerHierarchy{RequestedLayerState{Surface(name=3edafdc StatusBar)/@0x3b919ed - animation-leash of insets_animation#19074} no children}] RelativeParent to null
04-15 09:54:05.823  1151  1151 I SurfaceFlinger: [LayerHierarchy{RequestedLayerState{Surface(name=8c5cec7 NavigationBar0)/@0xa68870 - animation-leash of insets_animation#19075} no children}] reparent to OffscreenRoot
04-15 09:54:05.823  1151  1151 I SurfaceFlinger: [LayerHierarchy{RequestedLayerState{Surface(name=8c5cec7 NavigationBar0)/@0xa68870 - animation-leash of insets_animation#19075} no children}] RelativeParent to null
04-15 09:54:05.823  1151  1151 I SurfaceFlinger: [Surface(name=cdb0f23 com.catfact.app.feature.favorites.test/androidx.activity.ComponentActivity)/@0x6a8af67 - animation-leash of starting_reveal#19078] attach to parent LayerHierarchy{RequestedLayerState{ActivityRecord{17881242 u0 com.catfact.app.feature.favorites.test/androidx.activity.ComponentActivity t3888}#19066 parentId=19065} 4 children}
04-15 09:54:05.823  1542  1581 I PkgPredictorService-SecIpmManagerServiceImpl: reportToNAP uid:10750 com.catfact.app.feature.favorites.test/androidx.activity.ComponentActivity thisTime:88
04-15 09:54:05.823  1542  1581 D PkgPredictorService-SecIpmManagerServiceImpl: reportToNAP: mHeavyLaunchCounter is false
04-15 09:54:05.823  1542  1585 D SurfaceComposerClient: setCornerRadius ## ddb409f Splash Screen com.catfact.app.feature.favorites.test#19067 cornerRadius=0.000000
04-15 09:54:05.823  1542  1585 D SurfaceComposerClient: setCornerRadius ## cdb0f23 com.catfact.app.feature.favorites.test/androidx.activity.ComponentActivity#19069 cornerRadius=0.000000
04-15 09:54:05.823  1542  1581 I ActivityTaskManager: Displayed com.catfact.app.feature.favorites.test/androidx.activity.ComponentActivity for user 0: +88ms
04-15 09:54:05.823  1542  2944 D PkgPredictorService-SecIpmManagerServiceImpl: ACTION_FOREGROUND_FINISH_EVENT sCurForegroundApp :com.catfact.app.feature.favorites.test
04-15 09:54:05.824  3152  3152 E pageboostd: Received HALT command code 2
04-15 09:54:05.826  1151  2758 I SurfaceFlinger: id=19074 Removed Surface(name=3edafdc StatusBar)/@0x3b919ed - animation-leash of insets_animation#19074 (197)
04-15 09:54:05.826  1151  2758 I SurfaceFlinger: id=19075 Removed Surface(name=8c5cec7 NavigationBar0)/@0xa68870 - animation-leash of insets_animation#19075 (197)
04-15 09:54:05.827 20231 20231 I InsetsSourceConsumer: applyRequestedVisibilityToControl: visible=true, type=statusBars, host=com.catfact.app.feature.favorites.test/androidx.activity.ComponentActivity
04-15 09:54:05.827 20231 20231 I InsetsSourceConsumer: applyRequestedVisibilityToControl: visible=true, type=navigationBars, host=com.catfact.app.feature.favorites.test/androidx.activity.ComponentActivity
04-15 09:54:05.827  1542  3015 I NSLocationMonitor: getGPSUsingApps() called
04-15 09:54:05.828  3979  3988 W ndroid.calendar: Suspending all threads took: 6.246ms
04-15 09:54:05.828  2982  6680 I NSLocationManager_FLP: getGPSUsingApps, No change
04-15 09:54:05.830  1151  1338 D SurfaceFlinger: [input] setFocusedWindow: cdb0f23 com.catfact.app.feature.favorites.test/androidx.activity.ComponentActivity
04-15 09:54:05.830  1542  3827 D InputDispatcher: Once focus requested (0): cdb0f23 com.catfact.app.feature.favorites.test/androidx.activity.ComponentActivity
04-15 09:54:05.830  1542  3827 D InputDispatcher: Focus request (0): cdb0f23 com.catfact.app.feature.favorites.test/androidx.activity.ComponentActivity but waiting because NO_WINDOW
04-15 09:54:05.830  1151  1151 I SurfaceFlinger: RequestedLayer [com.catfact.app.feature.favorites.te[...]ivity.ComponentActivity$_20231#19073] hidden!! flag  from(1) --> to(0)
04-15 09:54:05.830  2000  2195 I VRI[test]@1d20a03: mWNT: t=0xb4000074fc647390 mBlastBufferQueue=0xb40000741cc26350 fn= 2 HdrRenderState mRenderHdrSdrRatio=1.0 caller= android.view.SyncRtSurfaceTransactionApplier.applyTransaction:100 android.view.SyncRtSurfaceTransactionApplier.lambda$scheduleApply$0:73 android.view.SyncRtSurfaceTransactionApplier.$r8$lambda$afI4fXg3U3-nBZQEDQMiNy-B06s:0
04-15 09:54:05.830  1151  1151 I SurfaceFlinger: destroyed Surface(name=3edafdc StatusBar)/@0x3b919ed - animation-leash of insets_animation#19074
04-15 09:54:05.830  1151  1151 I SurfaceFlinger: destroyed Surface(name=8c5cec7 NavigationBar0)/@0xa68870 - animation-leash of insets_animation#19075
04-15 09:54:05.830  1151  1151 I SurfaceFlinger: [LayerHierarchy{RequestedLayerState{cdb0f23 com.catfact.app.feature.favorites.test/androidx.activity.ComponentActivity#19069 parentId=19078} 1 children}] reparent to LayerHierarchy{RequestedLayerState{Surface(name=cdb0f23 com.catfact.app.feature.favorites.test/androidx.activity.ComponentActivity)/@0x6a8af67 - animation-leash of starting_reveal#19078 parentId=19066} 1 children}
04-15 09:54:05.831  2000  2120 I VRI[test]@1d20a03: onActiveControlsChanged, removed=false, mAdded=true, caller=android.view.ViewRootImpl.handleInsetsControlChanged:3002 android.view.ViewRootImpl$ViewRootHandler.handleMessageImpl:8352 android.view.ViewRootImpl$ViewRootHandler.handleMessage:8301 android.os.Handler.dispatchMessage:110 android.os.Looper.loopOnce:273
04-15 09:54:05.831  2000  2195 I VRI[test]@1d20a03: mWNT: t=0xb4000074fc714690 mBlastBufferQueue=0xb40000741cc26350 fn= 2 HdrRenderState mRenderHdrSdrRatio=1.0 caller= android.view.SyncRtSurfaceTransactionApplier.applyTransaction:100 android.view.SyncRtSurfaceTransactionApplier.lambda$scheduleApply$0:73 android.view.SyncRtSurfaceTransactionApplier.$r8$lambda$afI4fXg3U3-nBZQEDQMiNy-B06s:0
04-15 09:54:05.832  1151  1151 I Layer   : id=19074 Destroyed Surface(name=3edafdc StatusBar)/@0x3b919ed - animation-leash of insets_animation#19074
04-15 09:54:05.833  1151  1151 I Layer   : id=19075 Destroyed Surface(name=8c5cec7 NavigationBar0)/@0xa68870 - animation-leash of insets_animation#19075
04-15 09:54:05.834  1542  1585 D SurfaceComposerClient: setCornerRadius ## ddb409f Splash Screen com.catfact.app.feature.favorites.test#19067 cornerRadius=0.000000
04-15 09:54:05.834  1542  1585 D SurfaceComposerClient: setCornerRadius ## cdb0f23 com.catfact.app.feature.favorites.test/androidx.activity.ComponentActivity#19069 cornerRadius=0.000000
04-15 09:54:05.837  1542  3015 I NSLocationMonitor: getGPSUsingApps() called
04-15 09:54:05.837  2982  6680 I NSLocationManager_FLP: getGPSUsingApps, No change
04-15 09:54:05.838  1151  1151 D SurfaceFlinger: Display 4633128672291735999 HWC layers:
04-15 09:54:05.838  1151  1151 D SurfaceFlinger:        CLIENT |           17089674871080 | 00002102 | RGBA_8888    |   35.0    0.0  720.0 1544.0 |    0    0  720 1544 | com.google.android.calendar/com.goog[...]AllInOneCalendarActivity$_3979#19057 (32)
04-15 09:54:05.838  1151  1151 D SurfaceFlinger:   SOLID_COLOR |                        0 | 00000000 | N/A          |    0.0    0.0    0.0    0.0 |    0    0  720 1544 | DimTransitionLayer for Surface(name=Task=3888)/@0x903aa44#19071 (0)
04-15 09:54:05.838  1151  1151 D SurfaceFlinger:        DEVICE |           86891483365384 | 00002102 | RGBA_8888    |    0.0    0.0  112.0 1544.0 |  608    0  720 1544 | com.catfact.app.feature.favorites.te[...]ivity.ComponentActivity$_20231#19073 (1)
04-15 09:54:05.838  1151  1151 D SurfaceFlinger:        DEVICE |            8589934656087 | 00002100 | RGBA_8888    |    0.0    0.0  112.0 1544.0 |  608    0  720 1544 | Splash Screen com.catfact.app.feature.favorites.test$_2000#19068 (1)
04-15 09:54:05.838  1151  1151 D SurfaceFlinger:        DEVICE |            8589934654742 | 00002100 | RGBA_8888    |    0.0    0.0  720.0   50.0 |    0    0  720   50 | StatusBar$_2000#102 (26668)
04-15 09:54:05.838  1151  1151 D SurfaceFlinger:        DEVICE |           10569914518889 | 00002
04-15 09:54:05.838  1151  1151 D SurfaceFlinger: 100 | RGBA_8888    |    0.0    0.0   67.0  353.0 |  653  192  720  545 | com.sec.android.app.launcher/com.sam[...]l.app.CocktailBarService$_2461#16495 (1)
04-15 09:54:05.838  1151  1151 D SurfaceFlinger:        DEVICE |            8589934654705 | 00002100 | RGBA_8888    |    0.0    0.0  720.0   90.0 |    0 1454  720 1544 | NavigationBar0$_2000#98 (17444)
04-15 09:54:05.838  1151  1151 D SurfaceFlinger:
04-15 09:54:05.838  1542  1821 D InputDispatcher: Focus entered window (0): cdb0f23 com.catfact.app.feature.favorites.test/androidx.activity.ComponentActivity
04-15 09:54:05.839 20231 20231 D VRI[ComponentActivity]@e8140de: mThreadedRenderer.initializeIfNeeded()#2 mSurface={isValid=true 0xb40000748c524200}
04-15 09:54:05.839 20231 20231 D InputMethodManagerUtils: startInputInner - Id : 0
04-15 09:54:05.839 20231 20231 I InputMethodManager: startInputInner - IInputMethodManagerGlobalInvoker.startInputOrWindowGainedFocus
04-15 09:54:05.840  2000  2194 I VRI[test]@1d20a03: mWNT: t=0xb4000074fc600910 mBlastBufferQueue=0xb40000741cc26350 fn= 3 HdrRenderState mRenderHdrSdrRatio=1.0 caller= android.view.SyncRtSurfaceTransactionApplier.applyTransaction:100 android.view.SyncRtSurfaceTransactionApplier.lambda$scheduleApply$0:73 android.view.SyncRtSurfaceTransactionApplier.$r8$lambda$afI4fXg3U3-nBZQEDQMiNy-B06s:0
04-15 09:54:05.843  1542  1750 I ImeTracker: com.catfact.app.feature.favorites.test:143bd5c1: onRequestHide at ORIGIN_SERVER reason HIDE_UNSPECIFIED_WINDOW fromUser false
04-15 09:54:05.844 20231 20231 I InputMethodManager: handleMessage: setImeVisibility visible=false
04-15 09:54:05.844 20231 20231 D InsetsController: hide(ime(), fromIme=false)
04-15 09:54:05.844 20231 20231 I ImeTracker: com.catfact.app.feature.favorites.test:143bd5c1: onCancelled at PHASE_CLIENT_ALREADY_HIDDEN
04-15 09:54:05.845  1542  1750 D InputTransport: Input channel constructed: 'ClientS', fd=972
04-15 09:54:05.846  1542  1750 D InputTransport: Input channel destroyed: 'ClientS', fd=972
04-15 09:54:05.846  3756  3756 I HBD     : HoneyBoardService onFinishInput
04-15 09:54:05.846 20231 20242 D InputTransport: Input channel constructed: 'ClientS', fd=127
04-15 09:54:05.846  3756  3756 I HBD     : a IC have been unbinding,  RemoteInputConnection{idHash=#59a15ee}
04-15 09:54:05.846  3756  3756 I HBD     : HoneyBoardService [PF_CL][onFinishInput]  0 ms
04-15 09:54:05.846  3756  3756 I HBD     : HoneyBoardService [IMI] onStartInput - caller pid : 20231 , caller uid : 10750
04-15 09:54:05.846  3756  3756 I HBD     : k updateConfigs
04-15 09:54:05.846  3756  3756 I HBD     : k isEnabledNightMode : true
04-15 09:54:05.846  3756  3756 I HBD     : a IC have been binding, RemoteInputConnection{idHash=#4b29fdd}
04-15 09:54:05.846  3756  3756 I HBD     : h [EditorInputType]setPrivateImeOptionsToTable privateImeOptions ( null )
04-15 09:54:05.846  3756  3756 I HBD     : b incognitoMode : false
04-15 09:54:05.846  3756  3756 I HBD     : c needOff = true , isForceOff = false, isNullInputClass : true
04-15 09:54:05.846  3756  3756 I HBD     : h getDefaultInputRange : UNKNOWN
04-15 09:54:05.846  3756  3756 I HBD     : h getDefaultInputRange : UNKNOWN
04-15 09:54:05.846  3756  3756 I HBD     : h getDefaultInputRange : UNKNOWN
04-15 09:54:05.847  3756  3756 I HBD     : c needOff = true , isForceOff = false, isNullInputClass : true
04-15 09:54:05.847  3756  3756 I HBD     : c update cached prediction status : false
04-15 09:54:05.847  3756  3756 I HBD     : h getDefaultInputRange : UNKNOWN
04-15 09:54:05.849  3756  3756 I HBD     : a currentState : 0
04-15 09:54:05.849  3756  3756 I HBD     : a [UpdatePolicy] [post] a: 0 cl: 65538 kit: [0/0] vt: 0 ir: 1
04-15 09:54:05.850  2000  2195 I VRI[test]@1d20a03: mWNT: t=0xb4000074fc602510 mBlastBufferQueue=0xb40000741cc26350 fn= 4 HdrRenderState mRenderHdrSdrRatio=1.0 caller= android.view.SyncRtSurfaceTransactionApplier.applyTransaction:100 android.view.SyncRtSurfaceTransactionApplier.lambda$scheduleApply$0:73 android.view.SyncRtSurfaceTransactionApplier.$r8$lambda$afI4fXg3U3-nBZQEDQMiNy-B06s:0
04-15 09:54:05.850  1151  2758 I SurfaceFlinger: id=19079 createSurf, flag=24004, Surface(name=1d7a05f InputMethod)/@0x5f77a9d - animation-leash of insets_animation#19079
04-15 09:54:05.852  1151  2479 I SurfaceFlinger: id=19060 Removed Surface(name=3edafdc StatusBar)/@0x3b919ed - animation-leash of insets_animation#19060 (196)
04-15 09:54:05.852  1151  2479 I SurfaceFlinger: id=19061 Removed Surface(name=8c5cec7 NavigationBar0)/@0xa68870 - animation-leash of insets_animation#19061 (196)
04-15 09:54:05.852  3756  3756 I HBD     : a [NRIC] resetNoResponseState
04-15 09:54:05.852  1542  1821 I ImeTracker: system_server:867a9f7a: onRequestHide at ORIGIN_SERVER reason IME_REQUESTED_CHANGED_LISTENER fromUser false
04-15 09:54:05.852  3756  3756 I HBD     : c needOff = true , isForceOff = false, isNullInputClass : true
04-15 09:54:05.852  3756  3756 I HBD     : c update cached prediction status : false
04-15 09:54:05.852  3756  3756 I HBD     : b [AiWriter] setContact : com.catfact.app.feature.favorites.test
04-15 09:54:05.852  3756  3756 I HBD     : a [AiWriter] setContact : com.catfact.app.feature.favorites.test
04-15 09:54:05.852  3756  3756 I HBD     : o0 EBD si S 0
04-15 09:54:05.852  3756  3756 I HBD     : r updateContactDBLanguage : 0
04-15 09:54:05.852  3756  3756 I HBD     : a [UpdatePolicy] [post] a: 31 cl: 65538 kit: [0/0] vt: 0 ir: 1
04-15 09:54:05.853  1542  1584 I ImeTracker: system_server:867a9f7a: onCancelled at PHASE_SERVER_SHOULD_HIDE
04-15 09:54:05.853  3756  3756 I HBD     : HoneyBoardService [PF_OP][onStartInput]  7 ms
04-15 09:54:05.853  3979  3979 D InputTransport: Input channel destroyed: 'ClientS', fd=218
04-15 09:54:05.853  3756  3756 I HBD     : [DirectWriting] DirectWriting emitInputConnection : RemoteInputConnection{idHash=#4b29fdd}
04-15 09:54:05.854  3756 30781 I HBD     : a [SKE_SPECIFIC] specific model[com.catfact.app.feature.favorites.test] loaded, 949219 ns
04-15 09:54:05.854  1151  1151 I SurfaceFlinger: RequestedLayer [Surface(name=1d7a05f InputMethod)/@0[...]tion-leash of insets_animation#19079] hidden!! flag  from(1) --> to(0)
04-15 09:54:05.854  1151  1151 E SurfaceFlinger: alpha changed 1.000 -> 0.000 - Surface(name=1d7a05f InputMethod)/@0x5f77a9d - animation-leash of insets_animation#19079
04-15 09:54:05.855  1151  1151 I SurfaceFlinger: destroyed Surface(name=3edafdc StatusBar)/@0x3b919ed - animation-leash of insets_animation#19060
04-15 09:54:05.855  1151  1151 I SurfaceFlinger: destroyed Surface(name=8c5cec7 NavigationBar0)/@0xa68870 - animation-leash of insets_animation#19061
04-15 09:54:05.855  1151  1151 I SurfaceFlinger: [LayerHierarchy{RequestedLayerState{ImeContainer#15 parentId=19066 relativeParentId=19066 z=3} 1 children}] reparent to LayerHierarchy{RequestedLayerState{ActivityRecord{17881242 u0 com.catfact.app.feature.favorites.test/androidx.activity.ComponentActivity t3888}#19066 parentId=19065} 4 children}
04-15 09:54:05.855  1151  1151 I SurfaceFlinger: [LayerHierarchy{RequestedLayerState{ImeContainer#15 parentId=19066 relativeParentId=19066 z=3} 1 children}] RelativeParent to null
04-15 09:54:05.855  1151  1151 I SurfaceFlinger: [LayerHierarchy{RequestedLayerState{1d7a05f InputMethod#134 parentId=19079} no children}] reparent to LayerHierarchy{RequestedLayerState{Surface(name=1d7a05f InputMethod)/@0x5f77a9d - animation-leash of insets_animation#19079 parentId=120} 1 children}
04-15 09:54:05.855  1151  1151 I SurfaceFlinger: [LayerHierarchy{RequestedLayerState{Surface(name=1d7a05f InputMethod)/@0x5f77a9d - animation-leash of insets_animation#19063} no children}] reparent to OffscreenRoot
04-15 09:54:05.855  1151  1151 I SurfaceFlinger: [LayerHierarchy{RequestedLayerState{Surface(name=1d7a05f InputMethod)/@0x5f77a9d - animation-leash of insets_animation#19063} no children}] RelativeParent to null
04-15 09:54:05.855  1151  1151 I SurfaceFlinger: [Surface(name=1d7a05f InputMethod)/@0x5f77a9d - animation-leash of insets_animation#19079] attach to parent LayerHierarchy{RequestedLayerState{WindowToken{d080c22 type=2011 android.os.Binder@459a5ed}#120 parentId=15} 1 children}
04-15 09:54:05.855  1542  1585 D SurfaceComposerClient: setCornerRadius ## ddb409f Splash Screen com.catfact.app.feature.favorites.test#19067 cornerRadius=0.000000
04-15 09:54:05.855  1542  1585 D SurfaceComposerClient: setCornerRadius ## cdb0f23 com.catfact.app.feature.favorites.test/androidx.activity.ComponentActivity#19069 cornerRadius=0.000000
04-15 09:54:05.855  1151  1151 I Layer   : id=19060 Destroyed Surface(name=3edafdc StatusBar)/@0x3b919ed - animation-leash of insets_animation#19060
04-15 09:54:05.855  1151  1151 I Layer   : id=19061 Destroyed Surface(name=8c5cec7 NavigationBar0)/@0xa68870 - animation-leash of insets_animation#19061
04-15 09:54:05.857  2000  2194 I VRI[test]@1d20a03: mWNT: t=0xb4000074fc5f6b90 mBlastBufferQueue=0xb40000741cc26350 fn= 5 HdrRenderState mRenderHdrSdrRatio=1.0 caller= android.view.SyncRtSurfaceTransactionApplier.applyTransaction:100 android.view.SyncRtSurfaceTransactionApplier.lambda$scheduleApply$0:73 android.view.SyncRtSurfaceTransactionApplier.$r8$lambda$afI4fXg3U3-nBZQEDQMiNy-B06s:0
04-15 09:54:05.858  1151  1200 I SurfaceFlinger: id=19063 Removed Surface(name=1d7a05f InputMethod)/@0x5f77a9d - animation-leash of insets_animation#19063 (194)
04-15 09:54:05.860  2461  2474 I HoneySpace.RecentTasks: onRecentTasksChanged
04-15 09:54:05.861  3756  3756 I InputMethodService: scheduleImeSurfaceRemoval: canceled, mShowInputRequested=false, mWindowVisible=false, IsmWindowNull=false, IsmImeSurfaceRemoverRunnableNotNull=true
04-15 09:54:05.862  3963  4335 I SemDvfsHyPerManager: acquire hyper - BaseTABoost/3963@25, type = -999
04-15 09:54:05.862  1059  1180 I HYPER-HAL: [RequestManager.cpp]acquire(): Acquired ID : 7954091  [3963 / 25]    HINT :      list : [TABoost / 1]
04-15 09:54:05.863  1151  1151 I SurfaceFlinger: destroyed Surface(name=1d7a05f InputMethod)/@0x5f77a9d - animation-leash of insets_animation#19063
04-15 09:54:05.864  2000  2195 I VRI[test]@1d20a03: mWNT: t=0xb4000074fc64e010 mBlastBufferQueue=0xb40000741cc26350 fn= 6 HdrRenderState mRenderHdrSdrRatio=1.0 caller= android.view.SyncRtSurfaceTransactionApplier.applyTransaction:100 android.view.SyncRtSurfaceTransactionApplier.lambda$scheduleApply$0:73 android.view.SyncRtSurfaceTransactionApplier.$r8$lambda$afI4fXg3U3-nBZQEDQMiNy-B06s:0
04-15 09:54:05.864  3723 15452 I [AirCmd]_ActivitySwitchDetector: onTaskStackChanged : componentName - ComponentInfo{com.catfact.app.feature.favorites.test/androidx.activity.ComponentActivity}
04-15 09:54:05.865  1151  1151 I Layer   : id=19063 Destroyed Surface(name=1d7a05f InputMethod)/@0x5f77a9d - animation-leash of insets_animation#19063
04-15 09:54:05.873  2000  2194 I VRI[test]@1d20a03: mWNT: t=0xb4000074fc65ce10 mBlastBufferQueue=0xb40000741cc26350 fn= 7 HdrRenderState mRenderHdrSdrRatio=1.0 caller= android.view.SyncRtSurfaceTransactionApplier.applyTransaction:100 android.view.SyncRtSurfaceTransactionApplier.lambda$scheduleApply$0:73 android.view.SyncRtSurfaceTransactionApplier.$r8$lambda$afI4fXg3U3-nBZQEDQMiNy-B06s:0
04-15 09:54:05.874  3979  3988 I ndroid.calendar: Background concurrent mark compact GC freed 39MB AllocSpace bytes, 1(16KB) LOS objects, 66% free, 19MB/58MB, paused 9.317ms,2.813ms total 114.390ms
04-15 09:54:05.883  1542  1821 I WindowManager: Relayout Window{ddb409f u0 Splash Screen com.catfact.app.feature.favorites.test}: viewVisibility=8 req=720x1544 ty=3 d0
04-15 09:54:05.883  1542  1821 D SurfaceComposerClient: setCornerRadius ## cdb0f23 com.catfact.app.feature.favorites.test/androidx.activity.ComponentActivity#19069 cornerRadius=0.000000
04-15 09:54:05.884  1542  1821 D SurfaceComposerClient: setCornerRadius ## ddb409f Splash Screen com.catfact.app.feature.favorites.test#19067 cornerRadius=0.000000
04-15 09:54:05.884  1542  1821 D SurfaceComposerClient: setCornerRadius ## cdb0f23 com.catfact.app.feature.favorites.test/androidx.activity.ComponentActivity#19069 cornerRadius=0.000000
04-15 09:54:05.884  1542  1821 I WindowManager: Relayout hash=ddb409f, pid=2000, syncId=-1: mAttrs={(0,0)(fillxfill) sim={adjust=pan} layoutInDisplayCutoutMode=always ty=APPLICATION_STARTING fmt=TRANSLUCENT wanim=0x1030317
04-15 09:54:05.884  1542  1821 I WindowManager:   fl=81030118
04-15 09:54:05.884  1542  1821 I WindowManager:   pfl=10000810
04-15 09:54:05.884  1542  1821 I WindowManager:   apr=18
04-15 09:54:05.884  1542  1821 I WindowManager:   bhv=1
04-15 09:54:05.884  1542  1821 I WindowManager:   fitSides=0
04-15 09:54:05.884  1542  1821 I WindowManager:   frameRateBoostOnTouch=true
04-15 09:54:05.884  1542  1821 I WindowManager:   dvrrWindowFrameRateHint=true naviIconColor=0}
04-15 09:54:05.885  2000  2120 I VRI[test]@1d20a03: onActiveControlsChanged, removed=false, mAdded=true, caller=android.view.ViewRootImpl.handleInsetsControlChanged:3002 android.view.ViewRootImpl.relayoutWindow:11629 android.view.ViewRootImpl.performTraversals:4804 android.view.ViewRootImpl.doTraversal:3924 android.view.ViewRootImpl$TraversalRunnable.run:12903
04-15 09:54:05.885  2000  2120 I VRI[test]@1d20a03: Relayout returned: old=(0,0,720,1544) new=(0,0,720,1544) relayoutAsync=false req=(720,1544)8 dur=2 res=0x2 s={false 0x0} ch=true seqId=0
04-15 09:54:05.885  2000  2120 D VRI[test]@1d20a03: Not drawing due to not visible. Reason=View.GONE
04-15 09:54:05.885  2000  2120 I VRI[test]@1d20a03: dispatchDetachedFromWindow
04-15 09:54:05.886  1542  1821 D InputTransport: Input channel destroyed: 'ddb409f', fd=874
04-15 09:54:05.886  1542  1821 D SurfaceComposerClient: setCornerRadius ## cdb0f23 com.catfact.app.feature.favorites.test/androidx.activity.ComponentActivity#19069 cornerRadius=0.000000
04-15 09:54:05.887  1542  1821 D SurfaceComposerClient: setCornerRadius ## cdb0f23 com.catfact.app.feature.favorites.test/androidx.activity.ComponentActivity#19069 cornerRadius=0.000000
04-15 09:54:05.888  2000  2120 D InputTransport: Input channel destroyed: 'ddb409f', fd=573
04-15 09:54:05.888  1542  1585 D SurfaceComposerClient: setCornerRadius ## cdb0f23 com.catfact.app.feature.favorites.test/androidx.activity.ComponentActivity#19069 cornerRadius=0.000000
04-15 09:54:05.889  1218  1218 I CameraService: onUidStateChanged: uid=10048, procState is changed. (1 -> 0)
04-15 09:54:05.891  1542  1585 D SurfaceComposerClient: setCornerRadius ## cdb0f23 com.catfact.app.feature.favorites.test/androidx.activity.ComponentActivity#19069 cornerRadius=0.000000
04-15 09:54:05.891  2000  2000 D SystemUIService: SYSUI_RAM_OPTIMIZATION onTrimMemory=20
04-15 09:54:05.891  2000  2000 D CentralSurfaces: SYSUI_RAM_OPTIMIZATION onTrimMemory=20
04-15 09:54:05.892  2000  2196 D HWUI    : CacheManager::trimMemory(20)
04-15 09:54:05.896  1151  1151 I SurfaceFlinger: RequestedLayer [Splash Screen com.catfact.app.feature.favorites.test$_2000#19068] hidden!! flag  from(0) --> to(1)
04-15 09:54:05.896  1151  1151 I SurfaceFlinger: [LayerHierarchy{RequestedLayerState{cdb0f23 com.catfact.app.feature.favorites.test/androidx.activity.ComponentActivity#19069 parentId=19066} 1 children}] reparent to LayerHierarchy{RequestedLayerState{ActivityRecord{17881242 u0 com.catfact.app.feature.favorites.test/androidx.activity.ComponentActivity t3888}#19066 parentId=19065} 5 children}
04-15 09:54:05.896  1151  1151 I SurfaceFlinger: [LayerHierarchy{RequestedLayerState{Surface(name=cdb0f23 com.catfact.app.feature.favorites.test/androidx.activity.ComponentActivity)/@0x6a8af67 - animation-leash of starting_reveal#19078} no children}] reparent to OffscreenRoot
04-15 09:54:05.896  1151  1151 I SurfaceFlinger: [LayerHierarchy{RequestedLayerState{Surface(name=cdb0f23 com.catfact.app.feature.favorites.test/androidx.activity.ComponentActivity)/@0x6a8af67 - animation-leash of starting_reveal#19078} no children}] RelativeParent to null
04-15 09:54:05.901  1151  1151 D SurfaceFlinger: Display 4633128672291735999 HWC layers:
04-15 09:54:05.901  1151  1151 D SurfaceFlinger:        CLIENT |           17089674871082 | 00002102 | RGBA_8888    |  152.0    0.0  720.0 1544.0 |    0    0  720 1544 | com.google.android.calendar/com.goog[...]AllInOneCalendarActivity$_3979#19057 (34)
04-15 09:54:05.901  1151  1151 D SurfaceFlinger:   SOLID_COLOR |                        0 | 00000000 | N/A          |    0.0    0.0    0.0    0.0 |    0    0  720 1544 | DimTransitionLayer for Surface(name=Task=3888)/@0x903aa44#19071 (0)
04-15 09:54:05.901  1151  1151 D SurfaceFlinger:        DEVICE |           86891483365384 | 00002102 | RGBA_8888    |    0.0    0.0  486.0 1544.0 |  234    0  720 1544 | com.catfact.app.feature.favorites.te[...]ivity.ComponentActivity$_20231#19073 (1)
04-15 09:54:05.901  1151  1151 D SurfaceFlinger:        DEVICE |            8589934654742 | 00002100 | RGBA_8888    |    0.0    0.0  720.0   50.0 |    0    0  720   50 | StatusBar$_2000#102 (26676)
04-15 09:54:05.901  1151  1151 D SurfaceFlinger:        DEVICE |           10569914518889 | 00002100 | RGBA_8888    |    0.0    0.0   67.0  353.0 |  653  192  720  545 | com.sec.android.app.launcher/com.sam[...]l.app.CocktailBarService$_2461#16495 (1)
04-15 09:54:05.901  1151  1151 D SurfaceFlinger:        DEVICE |            85899346
04-15 09:54:05.901  1151  1151 D SurfaceFlinger: 54705 | 00002100 | RGBA_8888    |    0.0    0.0  720.0   90.0 |    0 1454  720 1544 | NavigationBar0$_2000#98 (17452)
04-15 09:54:05.901  1151  1151 D SurfaceFlinger:
04-15 09:54:05.931  2000  2000 D QSClock : onDarkChanged tint=DARK
04-15 09:54:05.931  1151  1151 D SurfaceFlinger: GPIS:: requestGpisForClientComposition
04-15 09:54:05.979  3756  3756 I InputMethodService: removeImeSurface
04-15 09:54:05.979  3756  3756 I InputMethodService: cancelImeSurfaceRemoval: removeCallbacks
04-15 09:54:06.072  2461  2461 I HoneySpace.EdgePanel.EdgeVisibilityRepository: getComputedTrayVisible : keyguardState = 1
04-15 09:54:06.072  2461  2461 I HoneySpace.EdgePanel.EdgeVisibilityRepository: updateTrayVisible: State = 0x1, visible = true, current containerState = 0, specificMode = 0
04-15 09:54:06.072  2461  2461 I HoneySpace.EdgePanel.EdgeVisibilityRepository: Same container state 0
04-15 09:54:06.119  1059 20307 I HYPER-HAL: [RequestManager.cpp]releaseLocked(): Released ID : 1223852
04-15 09:54:06.242  1151  1151 D SurfaceFlinger: Display 4633128672291735999 HWC layers:
04-15 09:54:06.242  1151  1151 D SurfaceFlinger:        DEVICE |           86891483365384 | 00002102 | RGBA_8888    |    0.0    0.0  720.0 1544.0 |    0    0  720 1544 | com.catfact.app.feature.favorites.te[...]ivity.ComponentActivity$_20231#19073 (1)
04-15 09:54:06.242  1151  1151 D SurfaceFlinger:        DEVICE |            8589934654687 | 00002100 | RGBA_8888    |    0.0    0.0  720.0   50.0 |    0    0  720   50 | StatusBar$_2000#102 (26682)
04-15 09:54:06.242  1151  1151 D SurfaceFlinger:        DEVICE |           10569914518889 | 00002100 | RGBA_8888    |    0.0    0.0   67.0  353.0 |  653  192  720  545 | com.sec.android.app.launcher/com.sam[...]l.app.CocktailBarService$_2461#16495 (1)
04-15 09:54:06.242  1151  1151 D SurfaceFlinger:        DEVICE |            8589934654691 | 00002100 | RGBA_8888    |    0.0    0.0  720.0   90.0 |    0 1454  720 1544 | NavigationBar0$_2000#98 (17457)
04-15 09:54:06.242  1151  1151 D SurfaceFlinger:
04-15 09:54:06.250  2000  2105 I SurfaceControlRegistry: apply, t=FinishTransaction_SyncId<1700>, caller=android.view.SurfaceControl$Transaction.apply:3459 android.view.SurfaceControl$Transaction.apply:3447 android.view.SurfaceControl$Transaction.apply:3397 com.android.wm.shell.transition.Transitions.onFinish:315 com.android.wm.shell.transition.Transitions$$ExternalSyntheticLambda7.onTransitionFinished:12 com.android.wm.shell.transition.DefaultTransitionHandler$$ExternalSyntheticLambda2.run:36
04-15 09:54:06.253  1542  3827 D SurfaceComposerClient: setCornerRadius ## cdb0f23 com.catfact.app.feature.favorites.test/androidx.activity.ComponentActivity#19069 cornerRadius=0.000000
04-15 09:54:06.253  1542  3827 D SurfaceComposerClient: setCornerRadius ## cdb0f23 com.catfact.app.feature.favorites.test/androidx.activity.ComponentActivity#19069 cornerRadius=0.000000
04-15 09:54:06.255  2000  2000 D SamsungLightBarControlHelper: updateStatusBar (WHITE icon) numStacks:1, StatusBarMode:MODE_TRANSPARENT, lightBarBounds:[], StatusBarState:SHADE, packageName:, isWhiteKeyguardStatusBar:false
04-15 09:54:06.255  1151  1151 I SurfaceFlinger: RequestedLayer [Task=3801#16292] hidden!! flag  from(0) --> to(1)
04-15 09:54:06.255  1151  1151 I SurfaceFlinger: [Display 0 name="Built-in Screen"#49] setFrameRateCategory: Default
04-15 09:54:06.255  1151  1151 I SurfaceFlinger: [LayerHierarchy{RequestedLayerState{Task=3801#16292 parentId=10 z=12} 1 children}] reparent to LayerHierarchy{RequestedLayerState{DefaultTaskDisplayArea_d0#10 parentId=9} 16 children}
04-15 09:54:06.255  1151  1151 I SurfaceFlinger: [LayerHierarchy{RequestedLayerState{Task=3888#19065 parentId=10 z=13} 2 children}] reparent to LayerHierarchy{RequestedLayerState{DefaultTaskDisplayArea_d0#10 parentId=9} 17 children}
04-15 09:54:06.255  1151  1151 I SurfaceFlinger: [LayerHierarchy{RequestedLayerState{Transition Root: Task=3888#19070 z=13} 1 children}] reparent to OffscreenRoot
04-15 09:54:06.255  1151  1151 I SurfaceFlinger: [LayerHierarchy{RequestedLayerState{Transition Root: Task=3888#19070 z=13} 1 children}] RelativeParent to null
04-15 09:54:06.255  1151  1151 I SurfaceFlinger: [LayerHierarchy{RequestedLayerState{DimTransitionLayer for Surface(name=Task=3888)/@0x903aa44#19071 z=-1} no children}] reparent to OffscreenRoot
04-15 09:54:06.255  1151  1151 I SurfaceFlinger: [LayerHierarchy{RequestedLayerState{DimTransitionLayer for Surface(name=Task=3888)/@0x903aa44#19071 z=-1} no children}] RelativeParent to null
04-15 09:54:06.255  2000  2000 D SamsungLightBarControlHelper: onStatusBarAppearanceChanged() -  sbModeChanged:false, statusBarMode:0, barState:MODE_TRANSPARENT, isKeyguardShowing:false, navbarColorManagedByIme:false, (AppearanceRegion{ bounds=[0,0][720,1544]}, )
04-15 09:54:06.257  1151  1151 I SurfaceFlinger: id=19071 Removed DimTransitionLayer for Surface(name=Task=3888)/@0x903aa44#19071 (193)
04-15 09:54:06.257  1151  1151 I SurfaceFlinger: id=19070 Removed Transition Root: Task=3888#19070 (193)
04-15 09:54:06.258  1542  1585 D SurfaceComposerClient: setCornerRadius ## cdb0f23 com.catfact.app.feature.favorites.test/androidx.activity.ComponentActivity#19069 cornerRadius=0.000000
04-15 09:54:06.259  2461  4179 I HoneySpace.Memory-Monitor: current state = 2, didTrim = false
04-15 09:54:06.260  2000  2125 D StackScroller: onDisplayChanged for predraw skip to 2
04-15 09:54:06.260  2000  2000 D SystemUIService: SYSUI_RAM_OPTIMIZATION onTrimMemory=20
04-15 09:54:06.260  2000  2000 D CentralSurfaces: SYSUI_RAM_OPTIMIZATION onTrimMemory=20
04-15 09:54:06.260  2000  2000 D DisplayLifecycle: updateDisplay id = 0
04-15 09:54:06.260  2000  2196 D HWUI    : CacheManager::trimMemory(20)
04-15 09:54:06.263  1151  1151 I SurfaceFlinger: RequestedLayer [com.google.android.calendar/com.goog[...]AllInOneCalendarActivity$_3979#19057] hidden!! flag  from(0) --> to(1)
04-15 09:54:06.263  1151  1151 I SurfaceFlinger: RequestedLayer [ActivityRecord{243114305 u0 com.goog[...]llInOneCalendarActivity t3801}#16293] hidden!! flag  from(0) --> to(1)
04-15 09:54:06.263  1151  1151 I SurfaceFlinger: destroyed Transition Root: Task=3888#19070
04-15 09:54:06.263  1151  1151 I SurfaceFlinger: destroyed DimTransitionLayer for Surface(name=Task=3888)/@0x903aa44#19071
04-15 09:54:06.263  1151  1151 I SurfaceFlinger: [LayerHierarchy{RequestedLayerState{ImeContainer#15 parentId=19066 relativeParentId=19069 z=1} 1 children}] RelativeParent to LayerHierarchy{RequestedLayerState{cdb0f23 com.catfact.app.feature.favorites.test/androidx.activity.ComponentActivity#19069 parentId=19066} 2 children}
04-15 09:54:06.263  1151  1151 I SurfaceFlinger: [LayerHierarchy{RequestedLayerState{ddb409f Splash Screen com.catfact.app.feature.favorites.test#19067 z=2147483647} 1 children}] reparent to OffscreenRoot
04-15 09:54:06.263  1151  1151 I SurfaceFlinger: [LayerHierarchy{RequestedLayerState{ddb409f Splash Screen com.catfact.app.feature.favorites.test#19067 z=2147483647} 1 children}] RelativeParent to null
04-15 09:54:06.263  1151  1151 I SurfaceFlinger: [LayerHierarchy{RequestedLayerState{Splash Screen com.catfact.app.feature.favorites.test$_2000#19068} no children}] reparent to OffscreenRoot
04-15 09:54:06.263  1151  1151 I SurfaceFlinger: [LayerHierarchy{RequestedLayerState{Splash Screen com.catfact.app.feature.favorites.test$_2000#19068} no children}] RelativeParent to null
04-15 09:54:06.263  1151  1151 I Layer   : id=19070 Destroyed Transition Root: Task=3888#19070
04-15 09:54:06.263  1151  1151 I Layer   : id=19071 Destroyed DimTransitionLayer for Surface(name=Task=3888)/@0x903aa44#19071
04-15 09:54:06.263  1151  1151 I SurfaceFlinger: id=19067 Removed ddb409f Splash Screen com.catfact.app.feature.favorites.test#19067 (191)
04-15 09:54:06.263  1151  1151 I SurfaceFlinger: id=19068 Removed Splash Screen com.catfact.app.feature.favorites.test$_2000#19068 (191)
04-15 09:54:06.264  3979  4808 D HWUI    : CacheManager::trimMemory(20)
04-15 09:54:06.264  3979  3979 I VRI[AllInOneCalendarActivity]@c29c240: handleAppVisibility mAppVisible = true visible = false
04-15 09:54:06.264  3979  3979 D VRI[AllInOneCalendarActivity]@c29c240: visibilityChanged oldVisibility=true newVisibility=false
04-15 09:54:06.265  3979  3979 I VRI[AllInOneCalendarActivity]@c29c240: stopped(true) old = false
04-15 09:54:06.265  3979  3979 D VRI[AllInOneCalendarActivity]@c29c240: WindowStopped on com.google.android.calendar/com.google.android.calendar.allinone.AllInOneCalendarActivity set to true
04-15 09:54:06.265  3979  4808 D HWUI    : CacheManager::trimMemory(20)
04-15 09:54:06.271  1151  1151 I SurfaceFlinger: destroyed ddb409f Splash Screen com.catfact.app.feature.favorites.test#19067
04-15 09:54:06.271  1151  1151 I SurfaceFlinger: destroyed Splash Screen com.catfact.app.feature.favorites.test$_2000#19068
04-15 09:54:06.272  1151  1151 I Layer   : id=19067 Destroyed ddb409f Splash Screen com.catfact.app.feature.favorites.test#19067
04-15 09:54:06.272  1151  1151 I Layer   : id=19068 Destroyed Splash Screen com.catfact.app.feature.favorites.test$_2000#19068
04-15 09:54:06.275  3979  4808 D HWUI    : CacheManager::trimMemory(20)
04-15 09:54:06.276  1542  3827 I WindowManager: Relayout Window{b64da3d u0 com.google.android.calendar/com.google.android.calendar.allinone.AllInOneCalendarActivity}: viewVisibility=8 req=720x1544 ty=1 d0
04-15 09:54:06.277  1542  3827 D SurfaceComposerClient: setCornerRadius ## cdb0f23 com.catfact.app.feature.favorites.test/androidx.activity.ComponentActivity#19069 cornerRadius=0.000000
04-15 09:54:06.277  1542  3827 D SurfaceComposerClient: setCornerRadius ## cdb0f23 com.catfact.app.feature.favorites.test/androidx.activity.ComponentActivity#19069 cornerRadius=0.000000
04-15 09:54:06.278  1542  3827 I WindowManager: Relayout hash=b64da3d, pid=3979, syncId=-1: mAttrs={(0,0)(fillxfill) sim={adjust=pan} layoutInDisplayCutoutMode=always ty=BASE_APPLICATION wanim=0x1030317
04-15 09:54:06.278  1542  3827 I WindowManager:   fl=81810100
04-15 09:54:06.278  1542  3827 I WindowManager:   pfl=100088c0
04-15 09:54:06.278  1542  3827 I WindowManager:   vsysui=700
04-15 09:54:06.278  1542  3827 I WindowManager:   bhv=1
04-15 09:54:06.278  1542  3827 I WindowManager:   fitSides=0
04-15 09:54:06.278  1542  3827 I WindowManager:   frameRateBoostOnTouch=true
04-15 09:54:06.278  1542  3827 I WindowManager:   dvrrWindowFrameRateHint=true naviIconColor=0}
04-15 09:54:06.279  3979  3979 I VRI[AllInOneCalendarActivity]@c29c240: Relayout returned: old=(0,0,720,1544) new=(0,0,720,1544) relayoutAsync=false req=(720,1544)8 dur=3 res=0x2 s={false 0x0} ch=false seqId=0
04-15 09:54:06.279  3979  3979 D VRI[AllInOneCalendarActivity]@c29c240: Not drawing due to not visible. Reason=!mAppVisible && !mForceDecorViewVisibility
04-15 09:54:06.283  1542  1582 D PkgPredictorService-SecIpmManagerServiceImpl: bg information pid:3979 uid:10279 pkgName:com.google.android.calendar
04-15 09:54:06.288  1151  1151 I SurfaceFlinger: [LayerHierarchy{RequestedLayerState{com.google.android.calendar/com.google.android.calendar.allinone.AllInOneCalendarActivity$_3979#19057} no children}] reparent to OffscreenRoot
04-15 09:54:06.288  1151  1151 I SurfaceFlinger: [LayerHierarchy{RequestedLayerState{com.google.android.calendar/com.google.android.calendar.allinone.AllInOneCalendarActivity$_3979#19057} no children}] RelativeParent to null
04-15 09:54:06.288  1151  1151 I SurfaceFlinger: id=19057 Removed com.google.android.calendar/com.google.android.calendar.allinone.AllInOneCalendarActivity$_3979#19057 (189)
04-15 09:54:06.293  3979  4049 E Observables: Get on supplier after scope closed
04-15 09:54:06.293  3979  4049 E Observables: Get on supplier after scope closed
04-15 09:54:06.293  3979  4049 E Observables: Get on supplier after scope closed
04-15 09:54:06.293  3979  4049 E Observables: Get on supplier after scope closed
04-15 09:54:06.293  3979  4049 E Observables: Get on supplier after scope closed
04-15 09:54:06.293  3979  4049 E Observables: Get on supplier after scope closed
04-15 09:54:06.293  3979  4049 E Observables: Get on supplier after scope closed
04-15 09:54:06.296  1151  1151 I SurfaceFlinger: destroyed com.google.android.calendar/com.google.android.calendar.allinone.AllInOneCalendarActivity$_3979#19057
04-15 09:54:06.297  3979  3979 W WindowOnBackDispatcher: sendCancelIfRunning: isInProgress=false callback=android.app.Activity$$ExternalSyntheticLambda0@c7fe035
04-15 09:54:06.298  1151  1151 I Layer   : id=19057 Destroyed com.google.android.calendar/com.google.android.calendar.allinone.AllInOneCalendarActivity$_3979#19057
04-15 09:54:06.302  3979  4808 D HWUI    : CacheManager::trimMemory(20)
04-15 09:54:06.303  3979  3979 I VRI[AllInOneCalendarActivity]@c29c240: dispatchDetachedFromWindow
04-15 09:54:06.303  1542  3827 D InputTransport: Input channel destroyed: 'b64da3d', fd=1178
04-15 09:54:06.304  1542  3827 D SurfaceComposerClient: setCornerRadius ## cdb0f23 com.catfact.app.feature.favorites.test/androidx.activity.ComponentActivity#19069 cornerRadius=0.000000
04-15 09:54:06.304  1542  3827 D SurfaceComposerClient: setCornerRadius ## cdb0f23 com.catfact.app.feature.favorites.test/androidx.activity.ComponentActivity#19069 cornerRadius=0.000000
04-15 09:54:06.306  3979  3979 D InputTransport: Input channel destroyed: 'b64da3d', fd=169
04-15 09:54:06.307  3979  3979 D BBA2    : setIsFg isFg = false; delayValue 3999ms
04-15 09:54:06.313  1151  1151 I SurfaceFlinger: [LayerHierarchy{RequestedLayerState{b64da3d com.google.android.calendar/com.google.android.calendar.allinone.AllInOneCalendarActivity#19056} no children}] reparent to OffscreenRoot
04-15 09:54:06.313  1151  1151 I SurfaceFlinger: [LayerHierarchy{RequestedLayerState{b64da3d com.google.android.calendar/com.google.android.calendar.allinone.AllInOneCalendarActivity#19056} no children}] RelativeParent to null
04-15 09:54:06.314  1151  1151 I SurfaceFlinger: id=19056 Removed b64da3d com.google.android.calendar/com.google.android.calendar.allinone.AllInOneCalendarActivity#19056 (188)
04-15 09:54:06.321  1151  1151 I SurfaceFlinger: destroyed b64da3d com.google.android.calendar/com.google.android.calendar.allinone.AllInOneCalendarActivity#19056
04-15 09:54:06.322  1151  1151 I Layer   : id=19056 Destroyed b64da3d com.google.android.calendar/com.google.android.calendar.allinone.AllInOneCalendarActivity#19056
04-15 09:54:06.325 20231 20231 I View    : setRequestedFrameRate frameRate=0.0, this=androidx.compose.ui.platform.AndroidComposeView{41fb224 VFED..... ......I. 0,0-720,1544 aid=1073741824}, caller=android.view.ViewGroup.setRequestedFrameRate:9952 androidx.compose.ui.platform.Api35Impl.setRequestedFrameRate:3822 androidx.compose.ui.platform.AndroidComposeView.dispatchDraw:2114 android.view.View.draw:26345 android.view.View.updateDisplayListIfDirty:25175
04-15 09:54:06.326 20231 20231 I View    : setRequestedFrameRate frameRate=-4.0, this=android.view.View{f603039 V.ED..... ......I. 0,0-0,0}, caller=androidx.compose.ui.platform.Api35Impl.setRequestedFrameRate:3822 androidx.compose.ui.platform.AndroidComposeView.dispatchDraw:2115 android.view.View.draw:26345 android.view.View.updateDisplayListIfDirty:25175 android.view.View.draw:26072
04-15 09:54:06.331 20231 20231 I View    : setRequestedFrameRate frameRate=NaN, this=androidx.compose.ui.platform.AndroidComposeView{41fb224 VFED..... ........ 0,0-720,1544 aid=1073741824}, caller=android.view.ViewGroup.setRequestedFrameRate:9952 androidx.compose.ui.platform.Api35Impl.setRequestedFrameRate:3822 androidx.compose.ui.platform.AndroidComposeView.dispatchDraw:2114 android.view.View.draw:26345 android.view.View.updateDisplayListIfDirty:25175
04-15 09:54:06.331 20231 20231 I View    : setRequestedFrameRate frameRate=-4.0, this=android.view.View{f603039 V.ED..... ........ 0,0-0,0}, caller=androidx.compose.ui.platform.Api35Impl.setRequestedFrameRate:3822 androidx.compose.ui.platform.AndroidComposeView.dispatchDraw:2115 android.view.View.draw:26345 android.view.View.updateDisplayListIfDirty:25175 android.view.View.draw:26072
04-15 09:54:06.371  2000  2000 D QSClock : onDarkChanged tint=WHITE
04-15 09:54:06.381 20231 20231 I View    : setRequestedFrameRate frameRate=NaN, this=androidx.compose.ui.platform.AndroidComposeView{41fb224 VFED..... ........ 0,0-720,1544 aid=1073741824}, caller=android.view.ViewGroup.setRequestedFrameRate:9952 androidx.compose.ui.platform.Api35Impl.setRequestedFrameRate:3822 androidx.compose.ui.platform.AndroidComposeView.dispatchDraw:2114 android.view.View.draw:26345 android.view.View.updateDisplayListIfDirty:25175
04-15 09:54:06.381 20231 20231 I View    : setRequestedFrameRate frameRate=NaN, this=android.view.View{f603039 V.ED..... ........ 0,0-0,0}, caller=androidx.compose.ui.platform.Api35Impl.setRequestedFrameRate:3822 androidx.compose.ui.platform.AndroidComposeView.dispatchDraw:2115 android.view.View.draw:26345 android.view.View.updateDisplayListIfDirty:25175 android.view.ViewGroup.recreateChildDisplayList:4794
04-15 09:54:06.386  1542  3827 I SemDvfsHyPerManager: acquire hyper - AMS_ACT_START/1542@20, type = -999
04-15 09:54:06.386  1059  1180 I HYPER-HAL: [RequestManager.cpp]acquire(): Acquired ID : 1220723  [1542 / 20]    HINT : AMS_ACT_START    list :
04-15 09:54:06.387  1151  1200 I SurfaceFlinger: id=19080 createSurf, flag=84004, ActivityRecord{213641485 u0 com.catfact.app.feature.favorites.test/androidx.test.core.app.InstrumentationActivityInvoker$EmptyActivity t3888}#19080
04-15 09:54:06.388  1151  1151 I SurfaceFlinger: [ActivityRecord{213641485 u0 com.catfact.app.feature.favorites.test/androidx.test.core.app.InstrumentationActivityInvoker$EmptyActivity t3888}#19080] attach to parent LayerHierarchy{RequestedLayerState{Task=3888#19065 parentId=10 z=13} 2 children}
04-15 09:54:06.391  3152  3152 E pageboostd: Received HALT command code 2
04-15 09:54:06.391  2000  2105 D ShellDesktopMode: handleRequest: TransitionRequestInfo {type=1, tid=3888, debugId=1701}
04-15 09:54:06.392 20231 20231 D LifecycleMonitor: Lifecycle status change: androidx.activity.ComponentActivity@5ba41eb in: PAUSED
04-15 09:54:06.392 20231 20231 V ActivityScenario: Update currentActivityStage to PAUSED, currentActivity=androidx.activity.ComponentActivity@5ba41eb
04-15 09:54:06.394  1542  4025 D InputDispatcher: Focused application(0): ActivityRecord{213641485 u0 com.catfact.app.feature.favorites.test/androidx.test.core.app.InstrumentationActivityInvoker$EmptyActivity t3888}
04-15 09:54:06.395 20231 20254 I GSC     : SID[12] : 021f788a8eb0a2d3, Kind: 1, time : 3.664 ms
04-15 09:54:06.396  1151  1151 I SurfaceFlinger: [Display 0 name="Built-in Screen"#49] setFrameRateCategory: High
04-15 09:54:06.398  2461  2461 I HoneySpace.EdgePanel.CocktailHostRepositoryImpl: onNoteResume
04-15 09:54:06.398  2461  2461 I HoneySpace.EdgePanel.EdgePanelContainerViewModel: cocktailHostRepository.edgePanelOperation NoteResumeComponent(componentName=ComponentInfo{com.catfact.app.feature.favorites.test/androidx.test.core.app.InstrumentationActivityInvoker$EmptyActivity})
04-15 09:54:06.398 20231 20254 I GSC     : SID[13] : a5d43e0d6582489f, Kind: 0, time : 2.816 ms
04-15 09:54:06.398  2461  2461 I HoneySpace.EdgePanel.ActivityUtils: HomePackage : com.sec.android.app.launcher, resumePackageName : com.catfact.app.feature.favorites.test, className : androidx.test.core.app.InstrumentationActivityInvoker$EmptyActivity
04-15 09:54:06.400  1542  4025 D GraphicsStatsService: requestRenderEngineFor(com.catfact.app.feature.favorites.test)
04-15 09:54:06.401 20231 20231 D LifecycleMonitor: Lifecycle status change: androidx.test.core.app.InstrumentationActivityInvoker$EmptyActivity@a591b2e in: PRE_ON_CREATE
04-15 09:54:06.401 20231 20231 V ActivityScenario: Activity lifecycle changed event received but ignored because the intent does not match. startActivityIntent=Intent { act=android.intent.action.MAIN cat=[android.intent.category.LAUNCHER] flg=0x10008000 cmp=com.catfact.app.feature.favorites.test/androidx.activity.ComponentActivity }, activity.getIntent()=Intent { act=android.intent.action.MAIN cat=[android.intent.category.LAUNCHER] flg=0x10000000 xflg=0x4 cmp=com.catfact.app.feature.favorites.test/androidx.test.core.app.InstrumentationActivityInvoker$EmptyActivity }, activity=androidx.test.core.app.InstrumentationActivityInvoker$EmptyActivity@a591b2e
04-15 09:54:06.404  2000  2125 D StackScroller: onDisplayChanged for predraw skip to 2
04-15 09:54:06.404  2461  2474 I HoneySpace.Memory-Monitor: current state = 2, didTrim = false
04-15 09:54:06.404  2000  2000 D DisplayLifecycle: updateDisplay id = 0
04-15 09:54:06.404 20231 20231 I DecorView: setWindowBackground: isPopOver=false color=ffffffff d=android.graphics.drawable.ColorDrawable@8f2e48
04-15 09:54:06.405  1151  1151 I SurfaceFlinger: [LayerHierarchy{RequestedLayerState{ImeContainer#15 parentId=19066 relativeParentId=19066 z=1} 1 children}] RelativeParent to null
04-15 09:54:06.405 20231 20231 D LifecycleMonitor: Lifecycle status change: androidx.test.core.app.InstrumentationActivityInvoker$EmptyActivity@a591b2e in: CREATED
04-15 09:54:06.405 20231 20231 V ActivityScenario: Activity lifecycle changed event received but ignored because the intent does not match. startActivityIntent=Intent { act=android.intent.action.MAIN cat=[android.intent.category.LAUNCHER] flg=0x10008000 cmp=com.catfact.app.feature.favorites.test/androidx.activity.ComponentActivity }, activity.getIntent()=Intent { act=android.intent.action.MAIN cat=[android.intent.category.LAUNCHER] flg=0x10000000 xflg=0x4 cmp=com.catfact.app.feature.favorites.test/androidx.test.core.app.InstrumentationActivityInvoker$EmptyActivity }, activity=androidx.test.core.app.InstrumentationActivityInvoker$EmptyActivity@a591b2e
04-15 09:54:06.405 20231 20231 D LifecycleMonitor: Lifecycle status change: androidx.test.core.app.InstrumentationActivityInvoker$EmptyActivity@a591b2e in: STARTED
04-15 09:54:06.405 20231 20231 V ActivityScenario: Activity lifecycle changed event received but ignored because the intent does not match. startActivityIntent=Intent { act=android.intent.action.MAIN cat=[android.intent.category.LAUNCHER] flg=0x10008000 cmp=com.catfact.app.feature.favorites.test/androidx.activity.ComponentActivity }, activity.getIntent()=Intent { act=android.intent.action.MAIN cat=[android.intent.category.LAUNCHER] flg=0x10000000 xflg=0x4 cmp=com.catfact.app.feature.favorites.test/androidx.test.core.app.InstrumentationActivityInvoker$EmptyActivity }, activity=androidx.test.core.app.InstrumentationActivityInvoker$EmptyActivity@a591b2e
04-15 09:54:06.406 20231 20231 D LifecycleMonitor: Lifecycle status change: androidx.test.core.app.InstrumentationActivityInvoker$EmptyActivity@a591b2e in: RESUMED
04-15 09:54:06.406 20231 20231 V ActivityScenario: Activity lifecycle changed event received but ignored because the intent does not match. startActivityIntent=Intent { act=android.intent.action.MAIN cat=[android.intent.category.LAUNCHER] flg=0x10008000 cmp=com.catfact.app.feature.favorites.test/androidx.activity.ComponentActivity }, activity.getIntent()=Intent { act=android.intent.action.MAIN cat=[android.intent.category.LAUNCHER] flg=0x10000000 xflg=0x4 cmp=com.catfact.app.feature.favorites.test/androidx.test.core.app.InstrumentationActivityInvoker$EmptyActivity }, activity=androidx.test.core.app.InstrumentationActivityInvoker$EmptyActivity@a591b2e
04-15 09:54:06.407 20231 20231 D ViewRootImpl: desktopMode is false
04-15 09:54:06.407 20231 20231 I ViewRootImpl: dVRR is disabled
04-15 09:54:06.407 20231 20254 D NativeCustomFrequencyManager: [NativeCFMS] BpCustomFrequencyManager::BpCustomFrequencyManager()
04-15 09:54:06.409  1151  1338 D SurfaceFlinger: [input] setFocusedWindow: <null>
04-15 09:54:06.409  1542  3827 D InputDispatcher: Once focus requested (0): <null>
04-15 09:54:06.409  1542  3827 D InputDispatcher: Focus request (0): <null> but waiting because NO_WINDOW
04-15 09:54:06.409  1542  3827 D InputDispatcher: Focus left window (0): cdb0f23 com.catfact.app.feature.favorites.test/androidx.activity.ComponentActivity
04-15 09:54:06.409  1542  2299 D InputTransport: Input channel constructed: 'aedd041', fd=874
