04-15 09:54:04.099 20231 20245 I TestRunner: started: populatedStateShowsFavoriteCards(com.catfact.app.feature.favorites.presentation.FavoritesScreenTest)
04-15 09:54:04.135 20231 20245 I Tracing : Tracer added: class androidx.test.platform.tracing.AndroidXTracer
04-15 09:54:04.143 20231 20245 D IdlingRegistry: Registering idling resources: [androidx.compose.ui.test.EspressoLink@cebdffe]
04-15 09:54:04.151 20231 20245 W Settings: Setting always_finish_activities has moved from android.provider.Settings.System to android.provider.Settings.Global, returning read-only value.
04-15 09:54:04.155 20231 20245 E ashmem  : Pinning is deprecated since Android Q. Please use trim or other methods.
04-15 09:54:04.162  1542  2484 I SemDvfsHyPerManager: acquire hyper - AMS_APP_SWITCH/1542@28, type = -999
04-15 09:54:04.163  1151  1200 I SurfaceFlinger: id=19029 createSurf, flag=24004, Task=3887#19029
04-15 09:54:04.163  1059  1180 I HYPER-HAL: [RequestManager.cpp]acquire(): Acquired ID : 1233263  [1542 / 28]    HINT : AMS_APP_SWITCH    list :
04-15 09:54:04.166  1151  1200 I SurfaceFlinger: id=19030 createSurf, flag=84004, ActivityRecord{2914098 u0 com.catfact.app.feature.favorites.test/androidx.activity.ComponentActivity t3887}#19030
04-15 09:54:04.167  1151  1292 I VSyncReactor: Current= 24, Period= 24, Distance= 0
04-15 09:54:04.167  3963  3963 I SemDvfsHyPerManager: acquire hyper - APP_START_SHORT/3963@17, type = -999
04-15 09:54:04.167  1059  1180 I HYPER-HAL: [ResourceManager.cpp]updateResource(): [CPULittleMinFreq] UpdateResource Request ID : 1233263    Value : 1824000
04-15 09:54:04.168  1059  1180 I HYPER-HAL: [RequestManager.cpp]acquire(): Acquired ID : 7922207  [3963 / 17]    HINT : APP_START    list : [TIMEOUT / 1500]
04-15 09:54:04.170  1059  1180 I HYPER-HAL: [RequestManager.cpp]releaseLocked(): Released ID : 7866564
04-15 09:54:04.170  2000  2105 D ShellDesktopMode: handleRequest: TransitionRequestInfo {type=1, tid=3887, debugId=1697}
04-15 09:54:04.170  1542  1821 I SemDvfsHyPerManager: acquire hyper - AMS_APP_LAUNCH/1542@21, type = -999
04-15 09:54:04.171  1059  1180 I HYPER-HAL: [RequestManager.cpp]acquire(): Acquired ID : 1222287  [1542 / 21]    HINT : AMS_APP_LAUNCH    list :
04-15 09:54:04.171  1059  1180 I HYPER-HAL: [ResourceManager.cpp]updateResource(): [CPULittleMinFreq] UpdateResource Request ID : 1222287    Value : 1824000
04-15 09:54:04.171  3152  3152 E pageboostd: Received HALT command code 2
04-15 09:54:04.173  2000  2120 D ViewRootImpl: desktopMode is false
04-15 09:54:04.173  2000  2120 I ViewRootImpl: dVRR is disabled
04-15 09:54:04.174  2000  2196 D NativeCustomFrequencyManager: [NativeCFMS] BpCustomFrequencyManager::BpCustomFrequencyManager()
04-15 09:54:04.174  1218  1218 I CameraService: onUidStateChanged: uid=10048, procState is changed. (0 -> 1)
04-15 09:54:04.176  2461  2584 I HoneySpace.TopTaskSource: onTaskMovedToFront : taskId = 3887, displayId = 0
04-15 09:54:04.176  2461  2586 I HoneySpace.TopTaskUseCase: topTasks 3887 ComponentInfo{com.catfact.app.feature.favorites.test/androidx.activity.ComponentActivity}[displayId=0]
04-15 09:54:04.177  1542  4001 D InputTransport: Input channel constructed: '2f072c4', fd=972
04-15 09:54:04.177  1542  4001 D InputTransport: Input channel constructed: '2f072c4', fd=1146
04-15 09:54:04.177  1542  4001 D InputTransport: Input channel constructed: '2f072c4', fd=1178
04-15 09:54:04.177  1542  4001 D InputTransport: Input channel destroyed: '2f072c4', fd=1146
04-15 09:54:04.177  1151  1200 I SurfaceFlinger: id=19031 createSurf, flag=84004, 2f072c4 Splash Screen com.catfact.app.feature.favorites.test#19031
04-15 09:54:04.178  1542  4001 D InputTransport: Input channel destroyed: '2f072c4', fd=1178
04-15 09:54:04.178  2000  2120 D InputTransport: Input channel constructed: '2f072c4', fd=595
04-15 09:54:04.179  2000  2120 I InsetsController: onStateChanged: host=Splash Screen com.catfact.app.feature.favorites.test, from=android.view.ViewRootImpl.onInsetsStateChanged:3026, state=InsetsState: {mDisplayFrame=Rect(0, 0 - 720, 1544), mDisplayCutout=DisplayCutout{insets=Rect(0, 50 - 0, 0) waterfall=Insets{left=0, top=0, right=0, bottom=0} boundingRect={Bounds=[Rect(0, 0 - 0, 0), Rect(341, 0 - 379, 50), Rect(0, 0 - 0, 0), Rect(0, 0 - 0, 0)]} cutoutPathParserInfo={CutoutPathParserInfo{displayWidth=720 displayHeight=1544 physicalDisplayWidth=720 physicalDisplayHeight=1544 density={1.875} cutoutSpec={M 0,0 H -10 V 26.66666666666667 H 10 V 0 H 0 Z @dp} rotation={0} scale={1.0} physicalPixelDisplaySizeRatio={1.0}}} sideOverrides={}}, mRoundedCorners=RoundedCorners{[RoundedCorner{position=TopLeft, radius=8, center=Point(8, 8)}, RoundedCorner{position=TopRight, radius=8, center=Point(712, 8)}, RoundedCorner{position=BottomRight, radius=8, center=Point(712, 1536)}, RoundedCorner{position=BottomLeft, radius=8, center=Point(8, 1536)}]}  mRoundedCornerFrame=Rect(0, 0 - 720, 1544), mPrivacyIndicatorBounds=PrivacyIndicatorBounds {static bounds=Rect(637, 0 - 720, 50) rotation=0}, mDisplayShape=DisplayShape{ spec=-311912193 displayWidth=720 displayHeight=1544 physicalPixelDisplaySizeRatio=0.5 rotation=0 offsetX=0 offsetY=0 scale=1.0}, mSources= { InsetsSource: {ec730001 mType=navigationBars mFrame=[0,1454][720,1544] mVisible=true mFlags= mSideHint=BOTTOM mBoundingRects=null}, InsetsSource: {ec730004 mType=systemGestures mFrame=[0,0][0,0] mVisible=true mFlags= mSideHint=NONE mBoundingRects=null}, InsetsSource: {ec730005 mType=mandatorySystemGestures mFrame=[0,1454][720,1544] mVisible=true mFlags= mSideHint=BOTTOM mBoundingRects=null}, InsetsSource: {ec730006 mType=tappableElement mFrame=[0,1454][720,1544] mVisible=true mFlags= mSideHint=BOTTOM mBoundingRects=null}, InsetsSource: {ec730024 mType=systemGestures mFrame=[0,0][0,0] mVisible=true mFlags= mSideHint=NONE mBoundingRects=null}, InsetsSource: {27 mType=displayCutout mFrame=[0,0][720,50] mVisible=true mFlags= mSideHint=TOP mBoundingRects=null}, InsetsSource: {43950000 mType=statusBars mFrame=[0,0][720,50] mVisible=true mFlags= mSideHint=TOP mBoundingRects=null}, InsetsSource: {43950005 mType=mandatorySystemGestures mFrame=[0,0][720,73] mVisible=true mFlags= mSideHint=TOP mBoundingRects=null}, InsetsSource: {43950006 mType=tappableElement mFrame=[0,0][720,50] mVisible=true mFlags= mSideHint=TOP mBoundingRects=null} }
04-15 09:54:04.179  2000  2120 I VRI[test]@188e744: onActiveControlsChanged, removed=false, mAdded=true, caller=android.view.ViewRootImpl.handleInsetsControlChanged:3002 android.view.ViewRootImpl.setView:2014 android.view.WindowManagerGlobal.addView:604 com.android.wm.shell.startingsurface.SplashscreenWindowCreator.addWindow:38 com.android.wm.shell.startingsurface.StartingWindowController$$ExternalSyntheticLambda4.run:1365
04-15 09:54:04.179  2461  4432 I HoneySpace.RecentTasks: onRecentTasksChanged
04-15 09:54:04.179  2000  2120 I VRI[test]@188e744: synced displayState. AttachInfo displayState=2
04-15 09:54:04.179  2000  2120 I VRI[test]@188e744: setView = android.widget.FrameLayout@ecf33b0 IsHRR=false mFlingFrameRateChange=0 TM=true
04-15 09:54:04.179  2000  2196 D HWUI    : HWUI - treat SMPTE_170M as sRGB
04-15 09:54:04.180  3963  3963 I SemDvfsHyPerManager: acquire hyper - APP_START/3963@19, type = -999
04-15 09:54:04.180  1059  1180 I HYPER-HAL: [RequestManager.cpp]acquire(): Acquired ID : 7930172  [3963 / 19]    HINT : APP_START    list :
04-15 09:54:04.184  1542  1821 D InputDispatcher: Focused application(0): ActivityRecord{2914098 u0 com.catfact.app.feature.favorites.test/androidx.activity.ComponentActivity t3887}
04-15 09:54:04.185  1542  4001 D GraphicsStatsService: requestRenderEngineFor(com.catfact.app.feature.favorites.test)
04-15 09:54:04.186 20231 20231 D HWUI    : HWUI - treat SMPTE_170M as sRGB
04-15 09:54:04.188 20231 20254 D HWUI    : CacheManager constructor. deviceInfo=(1080, 1920)
04-15 09:54:04.188 20231 20254 D vulkan  : searching for layers in '/data/app/~~TNx_LWeGJe1mIu9NXdU-Fw==/com.catfact.app.feature.favorites.test-Ca_HjHC9-PEjohm_EKlU3A==/lib/arm64'
04-15 09:54:04.188  1542  1821 D SurfaceComposerClient: setCornerRadius ## 2f072c4 Splash Screen com.catfact.app.feature.favorites.test#19031 cornerRadius=0.000000
04-15 09:54:04.188 20231 20254 D vulkan  : searching for layers in '/data/app/~~TNx_LWeGJe1mIu9NXdU-Fw==/com.catfact.app.feature.favorites.test-Ca_HjHC9-PEjohm_EKlU3A==/base.apk!/lib/arm64-v8a'
04-15 09:54:04.189 20231 20254 V XGL     : ----------------------------------------------------------------------
04-15 09:54:04.189 20231 20254 V XGL     : SUMD version compiled date     = 2025-06-11 14:47 - KST
04-15 09:54:04.189 20231 20254 V XGL     : SUMD version revision number   = 1fc295b0d2
04-15 09:54:04.189 20231 20254 V XGL     : SUMD version info              = Driver version: 24.0.545, git hash: 1fc295b0d2
04-15 09:54:04.189 20231 20254 V XGL     : ----------------------------------------------------------------------
04-15 09:54:04.189 20231 20254 V XGL     : Entering: Create
04-15 09:54:04.189  1542  1821 D SurfaceComposerClient: setCornerRadius ## 2f072c4 Splash Screen com.catfact.app.feature.favorites.test#19031 cornerRadius=0.000000
04-15 09:54:04.190  1542  1825 D AS.MultiSoundManager: mForegroundUid = 10750
04-15 09:54:04.191  1542  1906 D SemWifiTransportLayerMonitor.TcpMonitorHandler: MSG_SAVE_PACKAGE_INFO
04-15 09:54:04.191  1542  1906 D SemWifiTransportLayerFileManager: saveWifiPackageInfoToFile
04-15 09:54:04.191  1542  1906 D SemWifiTransportLayerFileManager: writeWifiPackageInfoList
04-15 09:54:04.197  2461  2584 I HoneySpace.TopTaskSource: onTaskFocusChanged(): taskId = 3887
04-15 09:54:04.197  2000  2000 I {OngoingActivityController}: onTaskFocusChanged but OA data is empty
04-15 09:54:04.197  1542  1582 D PkgPredictorService-SecIpmManagerServiceImpl: onForegroundActivitiesChanged pid:20231 uid:10750
04-15 09:54:04.198  1542  2944 V PkgPredictorService-SecIpmManagerServiceImpl: discard foreground app:com.catfact.app.feature.favorites.test 1|true
04-15 09:54:04.198  1542  1582 D NetworkPolicy: already checked 10750
04-15 09:54:04.198 20231 20254 V XGL     : Exiting: Create
04-15 09:54:04.201  2461  2461 I HoneySpace.EdgePanel.CocktailHostRepositoryImpl: onNoteResume
04-15 09:54:04.201  2461  2461 I HoneySpace.EdgePanel.EdgePanelContainerViewModel: cocktailHostRepository.edgePanelOperation NoteResumeComponent(componentName=ComponentInfo{com.catfact.app.feature.favorites.test/androidx.activity.ComponentActivity})
04-15 09:54:04.201  2461  2461 I HoneySpace.EdgePanel.ActivityUtils: HomePackage : com.sec.android.app.launcher, resumePackageName : com.catfact.app.feature.favorites.test, className : androidx.activity.ComponentActivity
04-15 09:54:04.201 18525 18790 I Rubin   : [146] M.c0.k(Unknown Source) : Notify com.samsung.android.rubin.inferenceengine.contextanalytics.engine.loggers.AppUsageLogger's database is updated.
04-15 09:54:04.203 20231 20231 D LifecycleMonitor: Lifecycle status change: androidx.activity.ComponentActivity@ce2eddc in: PRE_ON_CREATE
04-15 09:54:04.203 20231 20231 V ActivityScenario: Activity lifecycle changed event received but ignored because the reported transition was not ON_CREATE while the last known transition was PRE_ON_CREATE
04-15 09:54:04.204  3723  4249 I [AirCmd]_ActivitySwitchDetector: onTaskFocusChanged : taskId=3887, componentName=ComponentInfo{com.catfact.app.feature.favorites.test/androidx.activity.ComponentActivity}
04-15 09:54:04.204  3723  4249 I [AirCmd]_ActivitySwitchDetector: onTaskFocusChanged :mTopMostActivity = ComponentInfo{com.google.android.calendar/com.google.android.calendar.allinone.AllInOneCalendarActivity}
04-15 09:54:04.204  1151  1292 I VSyncReactor: Current= 24, Period= 24, Distance= 27
04-15 09:54:04.204  3723  4249 I [AirCmd]_CallbackRepeater: stopRepeat : isWorking=false
04-15 09:54:04.204  3723  4249 I [AirCmd]_MediaControlStateMonitor: isForegroundAppSupportsMediaButton : mediaSession is empty
04-15 09:54:04.205  1151  1151 I SurfaceFlinger: [Display 0 name="Built-in Screen"#49] setFrameRateCategory: High
04-15 09:54:04.205  1151  1151 I SurfaceFlinger: [Task=3887#19029] attach to parent LayerHierarchy{RequestedLayerState{DefaultTaskDisplayArea_d0#10 parentId=9} 16 children}
04-15 09:54:04.205  1151  1151 I SurfaceFlinger: [ActivityRecord{2914098 u0 com.catfact.app.feature.favorites.test/androidx.activity.ComponentActivity t3887}#19030] attach to parent LayerHierarchy{RequestedLayerState{Task=3887#19029 parentId=10} 1 children}
04-15 09:54:04.205  1151  1151 I SurfaceFlinger: [2f072c4 Splash Screen com.catfact.app.feature.favorites.test#19031] attach to parent LayerHierarchy{RequestedLayerState{ActivityRecord{2914098 u0 com.catfact.app.feature.favorites.test/androidx.activity.ComponentActivity t3887}#19030 parentId=19029} 1 children}
04-15 09:54:04.206  1542  3827 I WindowManager: Relayout Window{2f072c4 u0 Splash Screen com.catfact.app.feature.favorites.test}: viewVisibility=0 req=720x1544 ty=3 d0
04-15 09:54:04.206  1151  1378 I SurfaceFlinger: id=19032 createSurf, flag=44004, Splash Screen com.catfact.app.feature.favorites.test$_2000#19032
04-15 09:54:04.207  1151  1151 D DisplayModeController: setDesiredMode 4633128672291735999 {mode={fps=120.00 Hz, modePtr={id=14, vsyncRate=120.00 Hz, peakRefreshRate=120.00 Hz}}, emitEvent=true, force=false}
04-15 09:54:04.207  1151  1151 I LayerHistory: NavigationBar0$_2000#98 voted ExplicitCategory with category: High
04-15 09:54:04.207  1151  1151 I LayerHistory: com.sec.android.app.launcher/com.samsung.app.honeyspace.edge.edgepanel.app.CocktailBarService$_2461#16495 voted ExplicitCategory with category: High
04-15 09:54:04.207  1151  1151 I LayerHistory: StatusBar$_2000#102 voted ExplicitCategory with category: High
04-15 09:54:04.207  1151  1151 I LayerHistory: com.google.android.calendar/com.google.android.calendar.allinone.AllInOneCalendarActivity$_3979#19021 voted ExplicitCategory with category: High
04-15 09:54:04.207  1151  1151 I SurfaceFlinger: All layers Category Highscored - choose 120.00 Hz
04-15 09:54:04.207  1542  3827 D SurfaceComposerClient: setCornerRadius ## 2f072c4 Splash Screen com.catfact.app.feature.favorites.test#19031 cornerRadius=0.000000
04-15 09:54:04.208  1151  1151 I HWComposer: [4633128672291735999] ActiveConfigToHWC, ID : 21
04-15 09:54:04.208  1542  3827 D SurfaceComposerClient: setCornerRadius ## 2f072c4 Splash Screen com.catfact.app.feature.favorites.test#19031 cornerRadius=0.000000
04-15 09:54:04.208  1542  3827 I WindowManager: Relayout hash=2f072c4, pid=2000, syncId=-1: mAttrs={(0,0)(fillxfill) sim={adjust=pan} layoutInDisplayCutoutMode=always ty=APPLICATION_STARTING fmt=TRANSLUCENT wanim=0x1030317
04-15 09:54:04.208  1542  3827 I WindowManager:   fl=81030118
04-15 09:54:04.208  1542  3827 I WindowManager:   pfl=10000810
04-15 09:54:04.208  1542  3827 I WindowManager:   apr=18
04-15 09:54:04.208  1542  3827 I WindowManager:   bhv=1
04-15 09:54:04.208  1542  3827 I WindowManager:   fitSides=0
04-15 09:54:04.208  1542  3827 I WindowManager:   frameRateBoostOnTouch=true
04-15 09:54:04.208  1542  3827 I WindowManager:   dvrrWindowFrameRateHint=true naviIconColor=0}
04-15 09:54:04.209  3723  4249 E [AirCmd]_MediaControlStateMonitor: getActiveNotificationPackageName : notification service monitor is null
04-15 09:54:04.209  1047  1047 D display : setActiveConfigWithConstraints:: PrimaryDisplay config(21)
04-15 09:54:04.209  3723  4249 I [AirCmd]_ButtonEventDetectionThread: enableDoubleClickDetection: enabled= true, doubleClickWaitInterval=300
04-15 09:54:04.209  1047  1047 I display : Current VRR MODE is 1
04-15 09:54:04.209  1047  1047 I display : setActiveConfigWithConstraints:: HFR match - config: 21, base: 21, try: 0
04-15 09:54:04.209  1047  1047 I display : setActiveConfigWithConstraints::update 720x1544@120hs
04-15 09:54:04.209  1047  1047 I display : commit modeset : 720x1544@120hs
04-15 09:54:04.210  1542  1585 D SurfaceComposerClient: setCornerRadius ## 2f072c4 Splash Screen com.catfact.app.feature.favorites.test#19031 cornerRadius=0.000000
04-15 09:54:04.210  2461  4432 I HoneySpace.Memory-Monitor: current state = 2, didTrim = false
04-15 09:54:04.211  2000  2125 D StackScroller: onDisplayChanged for predraw skip to 2
04-15 09:54:04.211  2000  2000 D DisplayLifecycle: updateDisplay id = 0
04-15 09:54:04.212  2000  2120 I InsetsController: onStateChanged: host=Splash Screen com.catfact.app.feature.favorites.test, from=android.view.ViewRootImpl.onInsetsStateChanged:3026, state=InsetsState: {mDisplayFrame=Rect(0, 0 - 720, 1544), mDisplayCutout=DisplayCutout{insets=Rect(0, 50 - 0, 0) waterfall=Insets{left=0, top=0, right=0, bottom=0} boundingRect={Bounds=[Rect(0, 0 - 0, 0), Rect(341, 0 - 379, 50), Rect(0, 0 - 0, 0), Rect(0, 0 - 0, 0)]} cutoutPathParserInfo={CutoutPathParserInfo{displayWidth=720 displayHeight=1544 physicalDisplayWidth=720 physicalDisplayHeight=1544 density={1.875} cutoutSpec={M 0,0 H -10 V 26.66666666666667 H 10 V 0 H 0 Z @dp} rotation={0} scale={1.0} physicalPixelDisplaySizeRatio={1.0}}} sideOverrides={}}, mRoundedCorners=RoundedCorners{[RoundedCorner{position=TopLeft, radius=8, center=Point(8, 8)}, RoundedCorner{position=TopRight, radius=8, center=Point(712, 8)}, RoundedCorner{position=BottomRight, radius=8, center=Point(712, 1536)}, RoundedCorner{position=BottomLeft, radius=8, center=Point(8, 1536)}]}  mRoundedCornerFrame=Rect(0, 0 - 720, 1544), mPrivacyIndicatorBounds=PrivacyIndicatorBounds {static bounds=Rect(637, 0 - 720, 50) rotation=0}, mDisplayShape=DisplayShape{ spec=-311912193 displayWidth=720 displayHeight=1544 physicalPixelDisplaySizeRatio=0.5 rotation=0 offsetX=0 offsetY=0 scale=1.0}, mSources= { InsetsSource: {ec730001 mType=navigationBars mFrame=[0,1454][720,1544] mVisible=true mFlags= mSideHint=BOTTOM mBoundingRects=null}, InsetsSource: {ec730004 mType=systemGestures mFrame=[0,0][0,0] mVisible=true mFlags= mSideHint=NONE mBoundingRects=null}, InsetsSource: {ec730005 mType=mandatorySystemGestures mFrame=[0,1454][720,1544] mVisible=true mFlags= mSideHint=BOTTOM mBoundingRects=null}, InsetsSource: {ec730006 mType=tappableElement mFrame=[0,1454][720,1544] mVisible=true mFlags= mSideHint=BOTTOM mBoundingRects=null}, InsetsSource: {ec730024 mType=systemGestures mFrame=[0,0][0,0] mVisible=true mFlags= mSideHint=NONE mBoundingRects=null}, InsetsSource: {3 mType=ime mFrame=[0,0][0,0] mVisible=false mFlags= mSideHint=NONE mBoundingRects=null}, InsetsSource: {27 mType=displayCutout mFrame=[0,0][720,50] mVisible=true mFlags= mSideHint=TOP mBoundingRects=null}, InsetsSource: {43950000 mType=statusBars mFrame=[0,0][720,50] mVisible=true mFlags= mSideHint=TOP mBoundingRects=null}, InsetsSource: {43950005 mType=mandatorySystemGestures mFrame=[0,0][720,73] mVisible=true mFlags= mSideHint=TOP mBoundingRects=null}, InsetsSource: {43950006 mType=tappableElement mFrame=[0,0][720,50] mVisible=true mFlags= mSideHint=TOP mBoundingRects=null} }
04-15 09:54:04.212  2000  2120 I VRI[test]@188e744: onActiveControlsChanged, removed=false, mAdded=true, caller=android.view.ViewRootImpl.handleInsetsControlChanged:3002 android.view.ViewRootImpl.relayoutWindow:11629 android.view.ViewRootImpl.performTraversals:4804 android.view.ViewRootImpl.doTraversal:3924 android.view.ViewRootImpl$TraversalRunnable.run:12903
04-15 09:54:04.213  2000  2120 I BLASTBufferQueue_Java: new BLASTBufferQueue, mName= VRI[test]@188e744 mNativeObject= 0xb40000741c5adc30 caller= android.view.ViewRootImpl.updateBlastSurfaceIfNeeded:3585 android.view.ViewRootImpl.relayoutWindow:11685 android.view.ViewRootImpl.performTraversals:4804 android.view.ViewRootImpl.doTraversal:3924 android.view.ViewRootImpl$TraversalRunnable.run:12903 android.view.Choreographer$CallbackRecord.run:1901 android.view.Choreographer$CallbackRecord.run:1910 android.view.Choreographer.doCallbacks:1367 android.view.Choreographer.doFrame:1292 android.view.Choreographer$FrameDisplayEventReceiver.run:1870
04-15 09:54:04.213  2000  2120 I BLASTBufferQueue_Java: update, w= 720 h= 1544 mName = VRI[test]@188e744 mNativeObject= 0xb40000741c5adc30 sc.mNativeObject= 0xb40000751c5e6d10 format= -3 caller= android.view.ViewRootImpl.updateBlastSurfaceIfNeeded:3590 android.view.ViewRootImpl.relayoutWindow:11685 android.view.ViewRootImpl.performTraversals:4804 android.view.ViewRootImpl.doTraversal:3924 android.view.ViewRootImpl$TraversalRunnable.run:12903 android.view.Choreographer$CallbackRecord.run:1901
04-15 09:54:04.213  2000  2120 I VRI[test]@188e744: Relayout returned: old=(0,0,720,1544) new=(0,0,720,1544) relayoutAsync=false req=(720,1544)0 dur=7 res=0x3 s={true 0xb40000748c68b6b0} ch=true seqId=0
04-15 09:54:04.213 20231 20231 D CompatChangeReporter: Compat change id reported: 377864165; UID 10750; state: ENABLED
04-15 09:54:04.213  2000  2120 I VRI[test]@188e744: performConfigurationChange setNightDimText nightDimLevel=0
04-15 09:54:04.214  2000  2120 D VRI[test]@188e744: mThreadedRenderer.initialize() mSurface={isValid=true 0xb40000748c68b6b0} hwInitialized=true
04-15 09:54:04.214  2000  2120 D VRI[test]@188e744: reportNextDraw android.view.ViewRootImpl.performTraversals:5443 android.view.ViewRootImpl.doTraversal:3924 android.view.ViewRootImpl$TraversalRunnable.run:12903 android.view.Choreographer$CallbackRecord.run:1901 android.view.Choreographer$CallbackRecord.run:1910
04-15 09:54:04.214  2000  2120 D VRI[test]@188e744: Setup new sync=wmsSync-VRI[test]@188e744#30
04-15 09:54:04.214  2000  2120 I VRI[test]@188e744: Creating new active sync group VRI[test]@188e744#31
04-15 09:54:04.214 20231 20231 D DesktopModeFlags: Toggle override initialized to: OVERRIDE_UNSET
04-15 09:54:04.216 20231 20231 I DecorView: setWindowBackground: isPopOver=false color=fffafafa d=android.graphics.drawable.ColorDrawable@e7d1c74
04-15 09:54:04.219 20231 20231 D LifecycleMonitor: Lifecycle status change: androidx.activity.ComponentActivity@ce2eddc in: CREATED
04-15 09:54:04.219 20231 20231 V ActivityScenario: Update currentActivityStage to CREATED, currentActivity=androidx.activity.ComponentActivity@ce2eddc
04-15 09:54:04.220 20231 20231 D LifecycleMonitor: Lifecycle status change: androidx.activity.ComponentActivity@ce2eddc in: STARTED
04-15 09:54:04.220 20231 20231 V ActivityScenario: Update currentActivityStage to STARTED, currentActivity=androidx.activity.ComponentActivity@ce2eddc
04-15 09:54:04.220  2000  2120 D VRI[test]@188e744: registerCallbacksForSync syncBuffer=false
04-15 09:54:04.221  2000  2194 D VRI[test]@188e744: Received frameDrawingCallback syncResult=0 frameNum=1.
04-15 09:54:04.221  2000  2194 I VRI[test]@188e744: mWNT: t=0xb4000074fc50b3d0 mBlastBufferQueue=0xb40000741c5adc30 fn= 1 HdrRenderState mRenderHdrSdrRatio=1.0 caller= android.view.ViewRootImpl$12.onFrameDraw:15441 android.view.ThreadedRenderer$1.onFrameDraw:718 <bottom of call stack>
04-15 09:54:04.221  2000  2194 I VRI[test]@188e744: Setting up sync and frameCommitCallback
04-15 09:54:04.221  1047  1047 W display : deliverWinConfigData:: commit modeset time (11 ms)
04-15 09:54:04.221  2000  2196 I BLASTBufferQueue: [VRI[test]@188e744#867](f:0,a:0,s:0) onFrameAvailable the first frame is available
04-15 09:54:04.221  2000  2196 I VRI[test]@188e744: Received frameCommittedCallback lastAttemptedDrawFrameNum=1 didProduceBuffer=true
04-15 09:54:04.222  1151  1378 I SurfaceFlinger: [Splash Screen com.catfact.app.feature.favorites.test$_2000#19032] setTransactionState with the first frame. bufferData(ID: 8589934656072, frameNumber: 1)
04-15 09:54:04.222  2000  2196 D HWUI    : CFMS:: SetUp Pid : 2000    Tid : 2196
04-15 09:54:04.222  1047  1137 I display : [compareVsyncPeriod] set the lowest(mode:0) vsync 83 of display(0)
04-15 09:54:04.222  1047  1137 I display : getFpsForPerformance, performance table found using table(key:120, cpu:255)
04-15 09:54:04.222  1047  1137 I display : Set m2mMPP capacity(4) for fps(120)
04-15 09:54:04.222  1047  1137 I display : getFpsForPerformance, performance table found using table(key:120, cpu:255)
04-15 09:54:04.222  1047  1137 I display : Set Affinity config for fps(120) : cpuIDs : 255
04-15 09:54:04.222  1047  1137 I display : Set Affinity CPU ID : 0
04-15 09:54:04.222  1047  1137 I display : Set Affinity CPU ID : 1
04-15 09:54:04.222  1047  1137 I display : Set Affinity CPU ID : 2
04-15 09:54:04.222  1047  1137 I display : Set Affinity CPU ID : 3
04-15 09:54:04.222  1047  1137 I display : Set Affinity CPU ID : 4
04-15 09:54:04.222  1047  1137 I display : Set Affinity CPU ID : 5
04-15 09:54:04.222  1047  1137 I display : Set Affinity CPU ID : 6
04-15 09:54:04.222  1047  1137 I display : Set Affinity CPU ID : 7
04-15 09:54:04.222  1047  1137 I display : Set affinity HWC : 1047
04-15 09:54:04.222  1047  1137 I display : CPU set : Cluster(0), min_clock(0)
04-15 09:54:04.222  1047  1137 I display : CPU set : Cluster(1), min_clock(0)
04-15 09:54:04.222  2000  2120 D VRI[test]@188e744: reportDrawFinished seqId=0
04-15 09:54:04.222  1047  1137 I display : CPU set : Cluster(2), min_clock(0)
04-15 09:54:04.223  1542  1585 D SurfaceComposerClient: setCornerRadius ## 2f072c4 Splash Screen com.catfact.app.feature.favorites.test#19031 cornerRadius=0.000000
04-15 09:54:04.223  1542  1585 D SurfaceComposerClient: setCornerRadius ## 2f072c4 Splash Screen com.catfact.app.feature.favorites.test#19031 cornerRadius=0.000000
04-15 09:54:04.224  1151  2479 I SurfaceFlinger: id=19033 createSurf, flag=84004, Transition Root: Task=3887#19033
04-15 09:54:04.225 20231 20231 D LifecycleMonitor: Lifecycle status change: androidx.activity.ComponentActivity@ce2eddc in: RESUMED
04-15 09:54:04.225 20231 20231 V ActivityScenario: Update currentActivityStage to RESUMED, currentActivity=androidx.activity.ComponentActivity@ce2eddc
04-15 09:54:04.225  1151  1292 I VSyncReactor: Current= 24, Period= 120, hwcPeriod= 120
04-15 09:54:04.226  1542  1585 I SurfaceControlRegistry: show, t=StartTransaction_SyncId<1697> sc=ActivityRecord{2914098 u0 com.catfact.app.feature.favorites.test/androidx.activity.ComponentActivity t3887}, caller=android.view.SurfaceControl$Transaction.show:3557 com.android.server.wm.Transition.onTransactionReady:2048 com.android.server.wm.BLASTSyncEngine$SyncGroup.finishNow:240 com.android.server.wm.BLASTSyncEngine.onSurfacePlacement:263 com.android.server.wm.RootWindowContainer.performSurfacePlacementNoTrace:1083 com.android.server.wm.WindowSurfacePlacer.performSurfacePlacement:166
04-15 09:54:04.226  1542  1585 D SurfaceComposerClient: setCornerRadius ## Task=3801#16292 cornerRadius=0.000000
04-15 09:54:04.226  1542  1585 D SurfaceComposerClient: setCornerRadius ## Task=3887#19029 cornerRadius=0.000000
04-15 09:54:04.227  1542  1585 D ScreenCapture: [Capture_TEST] : setIsScreenShotBySystem false
04-15 09:54:04.227  1542  1585 I SurfaceComposerClient: captureLayers:childrenOnly:1, sync:1
04-15 09:54:04.227  2000  2105 I SurfaceControlRegistry: hide, t=FinishTransaction_SyncId<1697> sc=Task=3801, caller=android.view.SurfaceControl$Transaction.hide:3583 com.android.wm.shell.transition.Transitions.dispatchReady:1263 com.android.wm.shell.transition.Transitions.onTransitionReady:251 com.android.wm.shell.transition.Transitions$TransitionPlayerImpl$$ExternalSyntheticLambda0.run:13 android.os.Handler.handleCallback:995 android.os.Handler.dispatchMessage:103
04-15 09:54:04.228  2000  2105 I SurfaceControlRegistry: show, t=StartTransaction_SyncId<1697> sc=Task=3887, caller=android.view.SurfaceControl$Transaction.show:3557 com.android.wm.shell.transition.Transitions.dispatchReady:1279 com.android.wm.shell.transition.Transitions.onTransitionReady:251 com.android.wm.shell.transition.Transitions$TransitionPlayerImpl$$ExternalSyntheticLambda0.run:13 android.os.Handler.handleCallback:995 android.os.Handler.dispatchMessage:103
04-15 09:54:04.228  2000  2105 I SurfaceControlRegistry: show, t=FinishTransaction_SyncId<1697> sc=Task=3887, caller=android.view.SurfaceControl$Transaction.show:3557 com.android.wm.shell.transition.Transitions.dispatchReady:1330 com.android.wm.shell.transition.Transitions.onTransitionReady:251 com.android.wm.shell.transition.Transitions$TransitionPlayerImpl$$ExternalSyntheticLambda0.run:13 android.os.Handler.handleCallback:995 android.os.Handler.dispatchMessage:103
04-15 09:54:04.228  2000  2105 I SurfaceControlRegistry: show, t=StartTransaction_SyncId<1697> sc=Transition Root: Task=3887, caller=android.view.SurfaceControl$Transaction.show:3557 com.android.wm.shell.transition.Transitions.playTransition:79 com.android.wm.shell.transition.Transitions.processReadyQueue:239 com.android.wm.shell.transition.Transitions.dispatchReady:1352 com.android.wm.shell.transition.Transitions.onTransitionReady:251 com.android.wm.shell.transition.Transitions$TransitionPlayerImpl$$ExternalSyntheticLambda0.run:13
04-15 09:54:04.230  1151  2479 I SurfaceFlinger: Capture layer list: 	 com.google.android.calendar/com.google.android.calendar.allinone.AllInOneCalendarActivity$_3979#19021(seamlessTransition:0)
04-15 09:54:04.230  1151  2479 I CompositionEngine: [setDisplaySize] size=(720, 1544)
04-15 09:54:04.231  1151  1206 D RenderEngine: [SEC_SF_EFFECTS] drawLayersInternal,1494, Rendering layer ScreenCaptureFillLayer at index 0
04-15 09:54:04.231  1151  1206 D RenderEngine: [SEC_SF_EFFECTS] drawLayersInternal,1494, Rendering layer com.google.android.calendar/com.google.android.calendar.allinone.AllInOneCalendarActivity$_3979#19021 at index 1
04-15 09:54:04.236  2000  2105 D SurfaceComposerClient: [Task=3801#16292] setEdgeExtension Right
04-15 09:54:04.237  1151  2479 I SurfaceFlinger: id=19034 createSurf, flag=20004, DimTransitionLayer for Surface(name=Task=3887)/@0x9eb756b#19034
04-15 09:54:04.237  2000  2105 I SurfaceControlRegistry: show, t=StartTransaction_SyncId<1697> sc=DimTransitionLayer for Surface(name=Task=3887)/@0x9eb756b, caller=android.view.SurfaceControl$Transaction.show:3557 com.android.wm.shell.transition.DefaultTransitionHandler.startAnimation:2931 com.android.wm.shell.transition.Transitions.dispatchTransition:90 com.android.wm.shell.transition.Transitions.playTransition:774 com.android.wm.shell.transition.Transitions.processReadyQueue:239 com.android.wm.shell.transition.Transitions.dispatchReady:1352
04-15 09:54:04.237  2000  2105 I SurfaceControlRegistry: apply, t=StartTransaction_SyncId<1697>, caller=android.view.SurfaceControl$Transaction.apply:3459 android.view.SurfaceControl$Transaction.apply:3447 android.view.SurfaceControl$Transaction.apply:3397 com.android.wm.shell.transition.DefaultTransitionHandler.startAnimation:3387 com.android.wm.shell.transition.Transitions.dispatchTransition:90 com.android.wm.shell.transition.Transitions.playTransition:774
04-15 09:54:04.237 20231 20231 D ViewRootImpl: desktopMode is false
04-15 09:54:04.239 20231 20231 I ViewRootImpl: dVRR is disabled
04-15 09:54:04.240 20231 20231 D HardwareRenderer: onDisplayChanged. displayId=0 current wxh=720x1544 mLargest wxh=0x0
04-15 09:54:04.240 20231 20231 D HardwareRenderer: Set largestWidth and largestHeight as logical resolution. (720x1544)
04-15 09:54:04.240 20231 20254 D HWUI    : setMaxSurfaceArea requested wxh=(720,1544) requestedSurfaceArea(1111680) is smaller than defaultSurfaceArea(2073600). Use default.
04-15 09:54:04.240 20231 20254 D NativeCustomFrequencyManager: [NativeCFMS] BpCustomFrequencyManager::BpCustomFrequencyManager()
04-15 09:54:04.241 20231 20267 I .favorites.test: [HIDL_FETCH_IMapper] android.hardware.graphics.mapper@4.0: Loaded Mapper successfully.
04-15 09:54:04.243  1542  3827 D InputTransport: Input channel constructed: '390014a', fd=1178
04-15 09:54:04.243  1542  3827 D InputTransport: Input channel constructed: '390014a', fd=1250
04-15 09:54:04.244  1542  3827 D InputTransport: Input channel constructed: '390014a', fd=1256
04-15 09:54:04.244  1542  3827 D InputTransport: Input channel destroyed: '390014a', fd=1250
04-15 09:54:04.244  1151  1378 I SurfaceFlinger: id=19035 createSurf, flag=84004, 390014a com.catfact.app.feature.favorites.test/androidx.activity.ComponentActivity#19035
04-15 09:54:04.245  1542  3827 D InputTransport: Input channel destroyed: '390014a', fd=1256
04-15 09:54:04.245 20231 20231 D InputTransport: Input channel constructed: '390014a', fd=118
04-15 09:54:04.246  1151  1151 I SurfaceFlinger: finalizeDisplayModeChange 4633128672291735999
04-15 09:54:04.246 20231 20231 I InsetsController: onStateChanged: host=com.catfact.app.feature.favorites.test/androidx.activity.ComponentActivity, from=android.view.ViewRootImpl.onInsetsStateChanged:3026, state=InsetsState: {mDisplayFrame=Rect(0, 0 - 720, 1544), mDisplayCutout=DisplayCutout{insets=Rect(0, 50 - 0, 0) waterfall=Insets{left=0, top=0, right=0, bottom=0} boundingRect={Bounds=[Rect(0, 0 - 0, 0), Rect(341, 0 - 379, 50), Rect(0, 0 - 0, 0), Rect(0, 0 - 0, 0)]} cutoutPathParserInfo={CutoutPathParserInfo{displayWidth=720 displayHeight=1544 physicalDisplayWidth=720 physicalDisplayHeight=1544 density={1.875} cutoutSpec={M 0,0 H -10 V 26.66666666666667 H 10 V 0 H 0 Z @dp} rotation={0} scale={1.0} physicalPixelDisplaySizeRatio={1.0}}} sideOverrides={}}, mRoundedCorners=RoundedCorners{[RoundedCorner{position=TopLeft, radius=8, center=Point(8, 8)}, RoundedCorner{position=TopRight, radius=8, center=Point(712, 8)}, RoundedCorner{position=BottomRight, radius=8, center=Point(712, 1536)}, RoundedCorner{position=BottomLeft, radius=8, center=Point(8, 1536)}]}  mRoundedCornerFrame=Rect(0, 0 - 720, 1544), mPrivacyIndicatorBounds=PrivacyIndicatorBounds {static bounds=Rect(637, 0 - 720, 50) rotation=0}, mDisplayShape=DisplayShape{ spec=-311912193 displayWidth=720 displayHeight=1544 physicalPixelDisplaySizeRatio=0.5 rotation=0 offsetX=0 offsetY=0 scale=1.0}, mSources= { InsetsSource: {ec730001 mType=navigationBars mFrame=[0,1454][720,1544] mVisible=true mFlags= mSideHint=BOTTOM mBoundingRects=null}, InsetsSource: {ec730004 mType=systemGestures mFrame=[0,0][0,0] mVisible=true mFlags= mSideHint=NONE mBoundingRects=null}, InsetsSource: {ec730005 mType=mandatorySystemGestures mFrame=[0,1454][720,1544] mVisible=true mFlags= mSideHint=BOTTOM mBoundingRects=null}, InsetsSource: {ec730006 mType=tappableElement mFrame=[0,1454][720,1544] mVisible=true mFlags= mSideHint=BOTTOM mBoundingRects=null}, InsetsSource: {ec730024 mType=systemGestures mFrame=[0,0][0,0] mVisible=true mFlags= mSideHint=NONE mBoundingRects=null}, InsetsSource: {3 mType=ime mFrame=[0,0][0,0] mVisible=false mFlags= mSideHint=NONE mBoundingRects=null}, InsetsSource: {27 mType=displayCutout mFrame=[0,0][720,50] mVisible=true mFlags= mSideHint=TOP mBoundingRects=null}, InsetsSource: {43950000 mType=statusBars mFrame=[0,0][720,50] mVisible=true mFlags= mSideHint=TOP mBoundingRects=null}, InsetsSource: {43950005 mType=mandatorySystemGestures mFrame=[0,0][720,73] mVisible=true mFlags= mSideHint=TOP mBoundingRects=null}, InsetsSource: {43950006 mType=tappableElement mFrame=[0,0][720,50] mVisible=true mFlags= mSideHint=TOP mBoundingRects=null} }
04-15 09:54:04.246  1151  1378 I SurfaceFlinger: id=19036 createSurf, flag=84000, 45abc94 ActivityRecordInputSink com.catfact.app.feature.favorites.test/androidx.activity.ComponentActivity#19036
04-15 09:54:04.246  1151  1151 I SurfaceFlinger: RequestedLayer [2f072c4 Splash Screen com.catfact.app.feature.favorites.test#19031] hidden!! flag  from(1) --> to(0)
04-15 09:54:04.246  1151  1151 I SurfaceFlinger: RequestedLayer [Splash Screen com.catfact.app.feature.favorites.test$_2000#19032] hidden!! flag  from(1) --> to(0)
04-15 09:54:04.246  1151  1151 I SurfaceFlinger: RequestedLayer [Task=3887#19029] hidden!! flag  from(1) --> to(0)
04-15 09:54:04.246  1151  1151 E SurfaceFlinger: alpha changed 1.000 -> 0.000 - Task=3887#19029
04-15 09:54:04.246  1151  1151 I SurfaceFlinger: RequestedLayer [Transition Root: Task=3887#19033] hidden!! flag  from(1) --> to(0)
04-15 09:54:04.246  1151  1151 I SurfaceFlinger: RequestedLayer [ActivityRecord{2914098 u0 com.catfac[...]ivity.ComponentActivity t3887}#19030] hidden!! flag  from(1) --> to(0)
04-15 09:54:04.246  1151  1151 I SurfaceFlinger: RequestedLayer [DimTransitionLayer for Surface(name=Task=3887)/@0x9eb756b#19034] hidden!! flag  from(1) --> to(0)
04-15 09:54:04.246  1151  1151 E SurfaceFlinger: alpha changed 1.000 -> 0.000 - DimTransitionLayer for Surface(name=Task=3887)/@0x9eb756b#19034
04-15 09:54:04.246  1151  1151 E SurfaceFlinger: alpha changed 0.000 -> 1.000 - Task=3887#19029
04-15 09:54:04.247  1151  1151 E SurfaceFlinger: alpha changed 0.000 -> 0.000 - DimTransitionLayer for Surface(name=Task=3887)/@0x9eb756b#19034
04-15 09:54:04.247  1151  1151 I SurfaceFlinger: [LayerHierarchy{RequestedLayerState{ImeContainer#15 parentId=16293 relativeParentId=16293 z=1} 1 children}] RelativeParent to null
04-15 09:54:04.247  1151  1151 I SurfaceFlinger: [LayerHierarchy{RequestedLayerState{Task=3801#16292 parentId=19033 z=2} 1 children}] reparent to LayerHierarchy{RequestedLayerState{Transition Root: Task=3887#19033 parentId=10 z=13} 1 children}
04-15 09:54:04.247  1151  1151 I SurfaceFlinger: [LayerHierarchy{RequestedLayerState{Task=3887#19029 parentId=19033 z=5} 1 children}] reparent to LayerHierarchy{RequestedLayerState{Transition Root: Task=3887#19033 parentId=10 z=13} 2 children}
04-15 09:54:04.247  1151  1151 I SurfaceFlinger: [Splash Screen com.catfact.app.feature.favorites.test$_2000#19032] attach to parent LayerHierarchy{RequestedLayerState{2f072c4 Splash Screen com.catfact.app.feature.favorites.test#19031 parentId=19030 z=2147483647} 1 children}
04-15 09:54:04.247  1151  1151 I SurfaceFlinger: [Transition Root: Task=3887#19033] attach to parent LayerHierarchy{RequestedLayerState{DefaultTaskDisplayArea_d0#10 parentId=9} 15 children}
04-15 09:54:04.247  1151  1151 I SurfaceFlinger: [DimTransitionLayer for Surface(name=Task=3887)/@0x9eb756b#19034] attach to parent LayerHierarchy{RequestedLayerState{Transition Root: Task=3887#19033 parentId=10 z=13} 3 children}
04-15 09:54:04.247  1151  1151 I SurfaceFlinger: [390014a com.catfact.app.feature.favorites.test/androidx.activity.ComponentActivity#19035] attach to parent LayerHierarchy{RequestedLayerState{ActivityRecord{2914098 u0 com.catfact.app.feature.favorites.test/androidx.activity.ComponentActivity t3887}#19030 parentId=19029} 2 children}
04-15 09:54:04.247  1542  1542 D MotionRecognitionService: [DisplayListener] getRefreshRate 120.00001
04-15 09:54:04.247  1542  1542 D AODManagerService: requestReCalToTSP IsSingleTouchMode = falserequestedReCalToTSP = false / previousDisplayState = ON
04-15 09:54:04.248  1542  1776 D MotionRecognitionService: Inject RefreshRate: 120
04-15 09:54:04.248 20231 20231 I VRI[ComponentActivity]@8935158: synced displayState. AttachInfo displayState=2
04-15 09:54:04.248  3756  3756 I HBD     : DeX h DeX mode state change in non-main thread
04-15 09:54:04.248  3756  3756 I HBD     : DeX h DeX mode state change: 3
04-15 09:54:04.248  1140 10107 D AudioFlinger: setParameters: filtered dev setParameters keyvalue screen_state=on
04-15 09:54:04.248  3756  3756 I SPenContext: virtual void SPen::Context::SetDisplayRefreshRate(float) framerate=120
04-15 09:54:04.248  1542  1776 D SensorService: setSContextDataLocked ints length 3 , byte length 8
04-15 09:54:04.248  1542  1776 D SensorService: setSContextDataLocked 100048c1
04-15 09:54:04.248  3756  3756 I LatencyConfiguration: void SPen::LatencyConfiguration::UpdateRefreshRate(float) RefreshRate=120.000008
04-15 09:54:04.248  3756  3756 I LatencyConfiguration: void SPen::LatencyConfiguration::UpdateRefreshRate(float) RefreshRateCallback 0xb4000074fc51b890
04-15 09:54:04.248  3756  3756 I spe_log : virtual void SPen::FbrDrawPad::SetRefreshRate(float) = 120.000
04-15 09:54:04.248  3756  3756 I spe_log : virtual void SPen::FbrDrawPad::SetRefreshRate(float) mFrameDurationNano=8333333, mDisplayRefreshDurationNano: 8333333
04-15 09:54:04.248  3756  3756 I spe_log : virtual void SPen::LowLatencyStrokeView::SetRefreshRate(float) refresh rate=120.000
04-15 09:54:04.248 20231 20231 I VRI[ComponentActivity]@8935158: setView = com.android.internal.policy.DecorView@5982b04 IsHRR=false mFlingFrameRateChange=0 TM=true
04-15 09:54:04.248  1041  1606 D audio_hw_primary: device-adev_set_parameters: enter
04-15 09:54:04.248  1054  1054 D Sensors : c1 48 00 10 78 00 00 00
04-15 09:54:04.248  1041  1606 I audio_hw_proxy2: proxy-proxy_set_parameters: set Screen-state 1
04-15 09:54:04.248  1041  1606 D audio_hw_primary: device-adev_set_parameters: param (screen_state=on)
04-15 09:54:04.249 20231 20231 I IDS_TAG : Starting IDS observe window
04-15 09:54:04.249 20231 20231 I IDS_TAG : Getting Shared Preference for android.app.Application@27e1cf1 uid = 10750
04-15 09:54:04.249  1054  1054 E Sensors : inject_scontext_data: New ssp_data_injection_fd(45)
04-15 09:54:04.249  1054  1054 D Sensors : SContext Data Injection return 8
04-15 09:54:04.249  1041  1606 I Audio_a2dpsink_hw: adev_set_parameters: kevpairs=[screen_state=on]
04-15 09:54:04.249  2000  2000 D DisplayLifecycle: updateDisplay id = 0
04-15 09:54:04.250  1151  1378 I SurfaceFlinger: id=19037 createSurf, flag=24000, Surface(name=3edafdc StatusBar)/@0x3b919ed - animation-leash of insets_animation#19037
04-15 09:54:04.250 20231 20231 I IDS_TAG : App android.app.Application@27e1cf1 has not finished training
04-15 09:54:04.250  2000  2125 D StackScroller: onDisplayChanged for predraw skip to 2
04-15 09:54:04.250  2461  4418 I HoneySpace.RecentTasks: onRunningTaskAppeared
04-15 09:54:04.250 20231 20254 D HWUI    : HWUI - treat SMPTE_170M as sRGB
04-15 09:54:04.251 20231 20231 I IDS_TAG : Closing IDS observe window
04-15 09:54:04.251 20231 20231 I IDS_TAG : Getting Shared Preference for android.app.Application@27e1cf1 uid = 10750
04-15 09:54:04.251  2461  4418 I HoneySpace.RecentTasks: onRecentTasksChanged
04-15 09:54:04.251 20231 20231 I IDS_TAG : IDS count updated to 1 for android.app.Application@27e1cf1
04-15 09:54:04.251  1542  1825 D AS.DesktopModeHelper: onDisplayChanged: #Id=0
04-15 09:54:04.251  1151  2479 I SurfaceFlinger: id=19038 createSurf, flag=24000, Surface(name=8c5cec7 NavigationBar0)/@0xa68870 - animation-leash of insets_animation#19038
04-15 09:54:04.251  1542  3037 D LiftUpHandler: [LTW] Stopped already.
04-15 09:54:04.253  2461  2474 I HoneySpace.Memory-Monitor: current state = 2, didTrim = false
04-15 09:54:04.253  1542  1582 D SurfaceComposerClient: setCornerRadius ## 2f072c4 Splash Screen com.catfact.app.feature.favorites.test#19031 cornerRadius=0.000000
04-15 09:54:04.253  1542  1582 D SurfaceComposerClient: setCornerRadius ## 390014a com.catfact.app.feature.favorites.test/androidx.activity.ComponentActivity#19035 cornerRadius=0.000000
04-15 09:54:04.253  2461  2474 I HoneySpace.RefreshRateSource: singleFrameMs 8
04-15 09:54:04.254  1151  1151 D SurfaceFlinger: GPIS:: requestGpisForSFSluggish
04-15 09:54:04.254  2000  2000 D SamsungLightBarControlHelper: updateStatusBar (BLACK icon) numStacks:1, StatusBarMode:MODE_TRANSPARENT, lightBarBounds:[Rect(0, 0 - 720, 1544)], StatusBarState:SHADE, packageName:, isWhiteKeyguardStatusBar:false
04-15 09:54:04.254  2000  2000 D SamsungLightBarControlHelper: onStatusBarAppearanceChanged() -  sbModeChanged:false, statusBarMode:0, barState:MODE_TRANSPARENT, isKeyguardShowing:false, navbarColorManagedByIme:false, (AppearanceRegion{LIGHT_STATUS_BARS bounds=[0,0][720,1544]}, )
04-15 09:54:04.254  2000  2000 D NavigationBar: onSystemBarAttributesChanged() -  displayId:0, appearance:24, packageName: com.catfact.app.feature.favorites.test (APPEARANCE_LIGHT_STATUS_BARS APPEARANCE_LIGHT_NAVIGATION_BARS ), navbarColorManagedByIme:false
04-15 09:54:04.254  1151  2910 D NativeSemDvfsManager: acquire:: timeout = 2000 mIsAcquired = 1  mTagName : SurfaceFlinger
04-15 09:54:04.254  1151  1292 I VSyncReactor: Current= 120, Period= 120, Distance= 11
04-15 09:54:04.254  2000  2000 D SamsungLightBarControlHelper: updateNavigationBar (BLACK button) isLightOpaque:false, hasLightNavigationBarFlag:true, packageName:com.catfact.app.feature.favorites.test, DirectReplying:false, NavBarColorMangedByIme:false, ForceDarkForScrim:false, ForceLightForScrim:false, QsCustomizing:false, QsExpanded:false
04-15 09:54:04.255  1151  1338 D SurfaceFlinger: [input] setFocusedWindow: <null>
04-15 09:54:04.255  1542  1821 D InputDispatcher: Once focus requested (0): <null>
04-15 09:54:04.255  1542  1821 D InputDispatcher: Focus request (0): <null> but waiting because NO_WINDOW
04-15 09:54:04.255  1542  1821 D InputDispatcher: Focus left window (0): 81cc54 com.google.android.calendar/com.google.android.calendar.allinone.AllInOneCalendarActivity
04-15 09:54:04.255  1151  2910 E NativeCustomFrequencyManager: [NativeCFMS] BpCustomFrequencyManager::acquire()
04-15 09:54:04.255  1151  1151 I SurfaceFlinger: RequestedLayer [390014a com.catfact.app.feature.favo[...]idx.activity.ComponentActivity#19035] hidden!! flag  from(1) --> to(0)
04-15 09:54:04.255  1151  1151 I SurfaceFlinger: [45abc94 ActivityRecordInputSink com.catfact.app.feature.favorites.test/androidx.activity.ComponentActivity#19036] attach to parent LayerHierarchy{RequestedLayerState{ActivityRecord{2914098 u0 com.catfact.app.feature.favorites.test/androidx.activity.ComponentActivity t3887}#19030 parentId=19029} 3 children}
04-15 09:54:04.255  1151  1151 I SurfaceFlinger: [Surface(name=3edafdc StatusBar)/@0x3b919ed - animation-leash of insets_animation#19037] attach to parent LayerHierarchy{RequestedLayerState{WindowToken{7a8fc4f type=2000 android.os.BinderProxy@a9d7329}#94 parentId=17} 2 children}
04-15 09:54:04.255  1151  1151 I SurfaceFlinger: [Surface(name=8c5cec7 NavigationBar0)/@0xa68870 - animation-leash of insets_animation#19038] attach to parent LayerHierarchy{RequestedLayerState{WindowToken{fc018e2 type=2019 android.os.BinderProxy@bda3ac4}#90 parentId=34} 2 children}
04-15 09:54:04.256  1542  4001 I WindowManager: Relayout Window{390014a u0 com.catfact.app.feature.favorites.test/androidx.activity.ComponentActivity}: viewVisibility=0 req=720x1544 ty=1 d0
04-15 09:54:04.256  1151  1378 I SurfaceFlinger: id=19039 createSurf, flag=44004, com.catfact.app.feature.favorites.test/androidx.activity.ComponentActivity$_20231#19039
04-15 09:54:04.256  3979  3979 I ImeFocusController: onPreWindowFocus: skipped hasWindowFocus=false mHasImeFocus=true
04-15 09:54:04.257  1151  1151 I BpBinder: onLastStrongRef automatically unlinking death recipients:
04-15 09:54:04.257  3979  3979 I ImeFocusController: onPostWindowFocus: skipped hasWindowFocus=false mHasImeFocus=true
04-15 09:54:04.257  1059  1180 I HYPER-HAL: [RequestManager.cpp]acquire(): Acquired ID : 2315476  [1151 / 1000]    HINT : SF_GPU_MINLOCK    list : [TIMEOUT / 2000]
04-15 09:54:04.257  1542  4001 D SurfaceComposerClient: setCornerRadius ## 2f072c4 Splash Screen com.catfact.app.feature.favorites.test#19031 cornerRadius=0.000000
04-15 09:54:04.257  1542  4001 D SurfaceComposerClient: setCornerRadius ## 390014a com.catfact.app.feature.favorites.test/androidx.activity.ComponentActivity#19035 cornerRadius=0.000000
04-15 09:54:04.258  1542  4001 D SurfaceComposerClient: setCornerRadius ## 2f072c4 Splash Screen com.catfact.app.feature.favorites.test#19031 cornerRadius=0.000000
04-15 09:54:04.258  1542  4001 D SurfaceComposerClient: setCornerRadius ## 390014a com.catfact.app.feature.favorites.test/androidx.activity.ComponentActivity#19035 cornerRadius=0.000000
04-15 09:54:04.259  1151  1378 I SurfaceFlinger: id=19040 createSurf, flag=24000, Surface(name=3edafdc StatusBar)/@0x3b919ed - animation-leash of insets_animation#19040
04-15 09:54:04.260  1151  1378 I SurfaceFlinger: id=19041 createSurf, flag=24000, Surface(name=8c5cec7 NavigationBar0)/@0xa68870 - animation-leash of insets_animation#19041
04-15 09:54:04.261  1542  4001 I SystemKeyManager: requested systemKeyInfo size=1 focusedWindow=com.catfact.app.feature.favorites.test/androidx.activity.ComponentActivity
04-15 09:54:04.261  1542  4001 I SystemKeyManager: requested systemKeyInfo size=1 focusedWindow=com.catfact.app.feature.favorites.test/androidx.activity.ComponentActivity
04-15 09:54:04.262  1542  4001 I WindowManager: Relayout hash=390014a, pid=20231, syncId=-1: mAttrs={(0,0)(fillxfill) sim={adjust=pan forwardNavigation} layoutInDisplayCutoutMode=always ty=BASE_APPLICATION wanim=0x1030317
04-15 09:54:04.262  1542  4001 I WindowManager:   fl=81810100
04-15 09:54:04.262  1542  4001 I WindowManager:   pfl=100088c0
04-15 09:54:04.262  1542  4001 I WindowManager:   apr=210
04-15 09:54:04.262  1542  4001 I WindowManager:   bhv=1
04-15 09:54:04.262  1542  4001 I WindowManager:   fitSides=0
04-15 09:54:04.262  1542  4001 I WindowManager:   frameRateBoostOnTouch=true
04-15 09:54:04.262  1542  4001 I WindowManager:   dvrrWindowFrameRateHint=true naviIconColor=0}
04-15 09:54:04.262  1151  1292 I VSyncReactor: Current= 120, Period= 120, Distance= 120
04-15 09:54:04.263 20231 20231 I BLASTBufferQueue_Java: new BLASTBufferQueue, mName= VRI[ComponentActivity]@8935158 mNativeObject= 0xb40000741c552680 caller= android.view.ViewRootImpl.updateBlastSurfaceIfNeeded:3585 android.view.ViewRootImpl.relayoutWindow:11685 android.view.ViewRootImpl.performTraversals:4804 android.view.ViewRootImpl.doTraversal:3924 android.view.ViewRootImpl$TraversalRunnable.run:12903 android.view.Choreographer$CallbackRecord.run:1901 android.view.Choreographer$CallbackRecord.run:1910 android.view.Choreographer.doCallbacks:1367 android.view.Choreographer.doFrame:1292 android.view.Choreographer$FrameDisplayEventReceiver.run:1870
04-15 09:54:04.263  1151  1151 I SurfaceFlinger: [com.catfact.app.feature.favorites.test/androidx.activity.ComponentActivity$_20231#19039] attach to parent LayerHierarchy{RequestedLayerState{390014a com.catfact.app.feature.favorites.test/androidx.activity.ComponentActivity#19035 parentId=19030} 1 children}
