04-15 09:54:08.345 20231 20266 I VRI[ComponentActivity]@293bfeb: mWNT: t=0xb4000074fc50d350 mBlastBufferQueue=0xb40000741c5596f0 fn= 1 HdrRenderState mRenderHdrSdrRatio=1.0 caller= android.view.ViewRootImpl$12.onFrameDraw:15441 android.view.ThreadedRenderer$1.onFrameDraw:718 <bottom of call stack>
04-15 09:54:08.345 20231 20266 I VRI[ComponentActivity]@293bfeb: Setting up sync and frameCommitCallback
04-15 09:54:08.346 20231 20254 I BLASTBufferQueue: [VRI[ComponentActivity]@293bfeb#6](f:0,a:0,s:0) onFrameAvailable the first frame is available
04-15 09:54:08.346 20231 20254 I VRI[ComponentActivity]@293bfeb: Received frameCommittedCallback lastAttemptedDrawFrameNum=1 didProduceBuffer=true
04-15 09:54:08.346 20231 20254 D HWUI    : CFMS:: SetUp Pid : 20231    Tid : 20254
04-15 09:54:08.346  1151  2758 I SurfaceFlinger: [com.catfact.app.feature.favorites.test/androidx.activity.ComponentActivity$_20231#19145] setTransactionState with the first frame. bufferData(ID: 86891483365400, frameNumber: 1)
04-15 09:54:08.346  2000  2120 I VRI[test]@28ddda4: onActiveControlsChanged, removed=false, mAdded=true, caller=android.view.ViewRootImpl.handleInsetsControlChanged:3002 android.view.ViewRootImpl$ViewRootHandler.handleMessageImpl:8352 android.view.ViewRootImpl$ViewRootHandler.handleMessage:8301 android.os.Handler.dispatchMessage:110 android.os.Looper.loopOnce:273
04-15 09:54:08.348 20231 20231 D VRI[ComponentActivity]@293bfeb: reportDrawFinished seqId=0
04-15 09:54:08.348  1151  1151 E SurfaceFlinger: alpha changed 0.000 -> 0.010 - DimTransitionLayer for Surface(name=Task=3890)/@0x8c70e41#19143
04-15 09:54:08.348  1151  1151 I SurfaceFlinger: destroyed Surface(name=3edafdc StatusBar)/@0x3b919ed - animation-leash of insets_animation#19146
04-15 09:54:08.348  1151  1151 I SurfaceFlinger: destroyed Surface(name=8c5cec7 NavigationBar0)/@0xa68870 - animation-leash of insets_animation#19147
04-15 09:54:08.348 20231 20231 I InsetsSourceConsumer: applyRequestedVisibilityToControl: visible=true, type=statusBars, host=com.catfact.app.feature.favorites.test/androidx.activity.ComponentActivity
04-15 09:54:08.349  1542  1585 D SurfaceComposerClient: setCornerRadius ## 4db99cf Splash Screen com.catfact.app.feature.favorites.test#19139 cornerRadius=0.000000
04-15 09:54:08.349  1542  1585 D SurfaceComposerClient: setCornerRadius ## 8c52690 com.catfact.app.feature.favorites.test/androidx.activity.ComponentActivity#19141 cornerRadius=0.000000
04-15 09:54:08.349 20231 20231 I InsetsSourceConsumer: applyRequestedVisibilityToControl: visible=true, type=navigationBars, host=com.catfact.app.feature.favorites.test/androidx.activity.ComponentActivity
04-15 09:54:08.349  1542  1585 D SurfaceComposerClient: setCornerRadius ## 4db99cf Splash Screen com.catfact.app.feature.favorites.test#19139 cornerRadius=0.000000
04-15 09:54:08.350  1151  1199 I SurfaceFlinger: id=19150 createSurf, flag=24000, Surface(name=8c52690 com.catfact.app.feature.favorites.test/androidx.activity.ComponentActivity)/@0xe2ef03e - animation-leash of starting_reveal#19150
04-15 09:54:08.350  1151  1151 I Layer   : id=19146 Destroyed Surface(name=3edafdc StatusBar)/@0x3b919ed - animation-leash of insets_animation#19146
04-15 09:54:08.350  1151  1151 I Layer   : id=19147 Destroyed Surface(name=8c5cec7 NavigationBar0)/@0xa68870 - animation-leash of insets_animation#19147
04-15 09:54:08.351  1542  1585 D SurfaceComposerClient: setCornerRadius ## 8c52690 com.catfact.app.feature.favorites.test/androidx.activity.ComponentActivity#19141 cornerRadius=0.000000
04-15 09:54:08.351  1542  1585 D SurfaceComposerClient: setCornerRadius ## 4db99cf Splash Screen com.catfact.app.feature.favorites.test#19139 cornerRadius=0.000000
04-15 09:54:08.351  1542  1585 D SurfaceComposerClient: setCornerRadius ## 8c52690 com.catfact.app.feature.favorites.test/androidx.activity.ComponentActivity#19141 cornerRadius=0.000000
04-15 09:54:08.351  2000  2105 D ShellTaskOrganizer: removeStartingWindow, removalInfo=StartingWindowRemovalInfo{taskId=3890 frame=Rect(0, 0 - 720, 1544) playRevealAnimation=true roundedCornerRadius=0.0 deferRemoveMode=0 windowlessSurface=false removeImmediately=false}
04-15 09:54:08.351  1542  1585 D SurfaceComposerClient: setCornerRadius ## 4db99cf Splash Screen com.catfact.app.feature.favorites.test#19139 cornerRadius=0.000000
04-15 09:54:08.351  1542  1585 D SurfaceComposerClient: setCornerRadius ## 8c52690 com.catfact.app.feature.favorites.test/androidx.activity.ComponentActivity#19141 cornerRadius=0.000000
04-15 09:54:08.352  1542  4025 I SemDvfsHyPerManager: acquire hyper - AMS_RESUME_TAIL/1542@22, type = -999
04-15 09:54:08.352  1542  4025 I SemDvfsHyPerManager: acquire hyper - AMS_ACT_LAZY/1542@23, type = -999
04-15 09:54:08.352  1059  1180 I HYPER-HAL: [RequestManager.cpp]acquire(): Acquired ID : 1223852  [1542 / 22]    HINT : AMS_RESUME_TAIL    list :
04-15 09:54:08.353  1059  1180 I HYPER-HAL: [ResourceManager.cpp]removeResource(): [CPULittleMinFreq] RemoveResource Request ID : 1233263
04-15 09:54:08.353  1059  1180 I HYPER-HAL: [RequestManager.cpp]releaseLocked(): Released ID : 1233263
04-15 09:54:08.356  1542  1581 I PkgPredictorService-SecIpmManagerServiceImpl: reportToNAP uid:10750 com.catfact.app.feature.favorites.test/androidx.activity.ComponentActivity thisTime:97
04-15 09:54:08.356  1542  1581 D PkgPredictorService-SecIpmManagerServiceImpl: reportToNAP: mHeavyLaunchCounter is false
04-15 09:54:08.356  1151  1151 D SurfaceFlinger: Display 4633128672291735999 HWC layers:
04-15 09:54:08.356  1151  1151 D SurfaceFlinger:        CLIENT |           17089674871089 | 00002102 | RGBA_8888    |   10.0    0.0  720.0 1544.0 |    0    0  720 1544 | com.google.android.calendar/com.goog[...]AllInOneCalendarActivity$_3979#19129 (15)
04-15 09:54:08.356  1151  1151 D SurfaceFlinger:   SOLID_COLOR |                        0 | 00000000 | N/A          |    0.0    0.0    0.0    0.0 |    0    0  720 1544 | DimTransitionLayer for Surface(name=Task=3890)/@0x8c70e41#19143 (0)
04-15 09:54:08.356  1151  1151 D SurfaceFlinger:        DEVICE |            8589934656123 | 00002100 | RGBA_8888    |    0.0    0.0   33.0 1544.0 |  687    0  720 1544 | Splash Screen com.catfact.app.feature.favorites.test$_2000#19140 (1)
04-15 09:54:08.356  1151  1151 D SurfaceFlinger:        DEVICE |            8589934654704 | 00002100 | RGBA_8888    |    0.0    0.0  720.0   50.0 |    0    0  720   50 | StatusBar$_2000#102 (26731)
04-15 09:54:08.356  1151  1151 D SurfaceFlinger:        DEVICE |           10569914518889 | 00002100 | RGBA_8888    |    0.0    0.0   67.0  353.0 |  653  192  720  545 | com.sec.android.app.launcher/com.sam[...]l.app.CocktailBarService$_2461#16495 (1)
04-15 09:54:08.356  1151  1151 D SurfaceFlinger:        DEVICE |            8589934654691 | 00002
04-15 09:54:08.356  1151  1151 D SurfaceFlinger: 100 | RGBA_8888    |    0.0    0.0  720.0   90.0 |    0 1454  720 1544 | NavigationBar0$_2000#98 (17505)
04-15 09:54:08.356  1151  1151 D SurfaceFlinger:
04-15 09:54:08.356  1542  2944 D PkgPredictorService-SecIpmManagerServiceImpl: ACTION_FOREGROUND_FINISH_EVENT sCurForegroundApp :com.catfact.app.feature.favorites.test
04-15 09:54:08.357  1151  1338 D SurfaceFlinger: [input] setFocusedWindow: 8c52690 com.catfact.app.feature.favorites.test/androidx.activity.ComponentActivity
04-15 09:54:08.357  1542  2101 D InputDispatcher: Once focus requested (0): 8c52690 com.catfact.app.feature.favorites.test/androidx.activity.ComponentActivity
04-15 09:54:08.357  1542  2101 D InputDispatcher: Focus request (0): 8c52690 com.catfact.app.feature.favorites.test/androidx.activity.ComponentActivity but waiting because NO_WINDOW
04-15 09:54:08.357  1542  1581 I ActivityTaskManager: Displayed com.catfact.app.feature.favorites.test/androidx.activity.ComponentActivity for user 0: +97ms
04-15 09:54:08.357  1151  1151 I SurfaceFlinger: [Surface(name=8c52690 com.catfact.app.feature.favorites.test/androidx.activity.ComponentActivity)/@0xe2ef03e - animation-leash of starting_reveal#19150] attach to parent LayerHierarchy{RequestedLayerState{ActivityRecord{62163850 u0 com.catfact.app.feature.favorites.test/androidx.activity.ComponentActivity t3890}#19138 parentId=19137} 4 children}
04-15 09:54:08.357  3152  3152 E pageboostd: Received HALT command code 2
04-15 09:54:08.361  2000  2195 I VRI[test]@28ddda4: mWNT: t=0xb4000074fc6cc710 mBlastBufferQueue=0xb40000741d11b250 fn= 2 HdrRenderState mRenderHdrSdrRatio=1.0 caller= android.view.SyncRtSurfaceTransactionApplier.applyTransaction:100 android.view.SyncRtSurfaceTransactionApplier.lambda$scheduleApply$0:73 android.view.SyncRtSurfaceTransactionApplier.$r8$lambda$afI4fXg3U3-nBZQEDQMiNy-B06s:0
04-15 09:54:08.361  1542  3015 I NSLocationMonitor: getGPSUsingApps() called
04-15 09:54:08.361  2000  2195 I VRI[test]@28ddda4: mWNT: t=0xb4000074fc607050 mBlastBufferQueue=0xb40000741d11b250 fn= 2 HdrRenderState mRenderHdrSdrRatio=1.0 caller= android.view.SyncRtSurfaceTransactionApplier.applyTransaction:100 android.view.SyncRtSurfaceTransactionApplier.lambda$scheduleApply$0:73 android.view.SyncRtSurfaceTransactionApplier.$r8$lambda$afI4fXg3U3-nBZQEDQMiNy-B06s:0
04-15 09:54:08.362  2982  6680 I NSLocationManager_FLP: getGPSUsingApps, No change
04-15 09:54:08.364  2000  2194 I VRI[test]@28ddda4: mWNT: t=0xb4000074fc799d90 mBlastBufferQueue=0xb40000741d11b250 fn= 3 HdrRenderState mRenderHdrSdrRatio=1.0 caller= android.view.SyncRtSurfaceTransactionApplier.applyTransaction:100 android.view.SyncRtSurfaceTransactionApplier.lambda$scheduleApply$0:73 android.view.SyncRtSurfaceTransactionApplier.$r8$lambda$afI4fXg3U3-nBZQEDQMiNy-B06s:0
04-15 09:54:08.365  1151  1151 I SurfaceFlinger: RequestedLayer [com.catfact.app.feature.favorites.te[...]ivity.ComponentActivity$_20231#19145] hidden!! flag  from(1) --> to(0)
04-15 09:54:08.366  1151  1151 I SurfaceFlinger: [LayerHierarchy{RequestedLayerState{8c52690 com.catfact.app.feature.favorites.test/androidx.activity.ComponentActivity#19141 parentId=19150} 1 children}] reparent to LayerHierarchy{RequestedLayerState{Surface(name=8c52690 com.catfact.app.feature.favorites.test/androidx.activity.ComponentActivity)/@0xe2ef03e - animation-leash of starting_reveal#19150 parentId=19138} 1 children}
04-15 09:54:08.367  1542  3015 W Binder  : Outgoing transactions from this process must be FLAG_ONEWAY
04-15 09:54:08.367  1542  3015 W Binder  : java.lang.Throwable
04-15 09:54:08.367  1542  3015 W Binder  : 	at android.os.BinderProxy.transact(BinderProxy.java:566)
04-15 09:54:08.367  1542  3015 W Binder  : 	at android.bluetooth.IBluetoothGatt$Stub$Proxy.getAdvertisingSetUids(IBluetoothGatt.java:1678)
04-15 09:54:08.367  1542  3015 W Binder  : 	at android.bluetooth.BluetoothAdapter.getAdvertisingSetUids(BluetoothAdapter.java:8476)
04-15 09:54:08.367  1542  3015 W Binder  : 	at android.bluetooth.BluetoothAdapter.getHWUsingApps(BluetoothAdapter.java:1342)
04-15 09:54:08.367  1542  3015 W Binder  : 	at com.android.server.am.mars.filter.filter.BlueToothConnectedFilter.updateBTUsingPackages(qb/106579837 41bd6649a5bb053b68d2b16c1bbb7c9198eb32665b636c0bbec506912035f7b6:22)
04-15 09:54:08.367  1542  3015 W Binder  : 	at com.android.server.am.FreecessController.freeze(qb/106579837 41bd6649a5bb053b68d2b16c1bbb7c9198eb32665b636c0bbec506912035f7b6:117)
04-15 09:54:08.367  1542  3015 W Binder  : 	at com.android.server.am.FreecessHandler$MainHandler.handleLcdOnFreeze(qb/106579837 41bd6649a5bb053b68d2b16c1bbb7c9198eb32665b636c0bbec506912035f7b6:55)
04-15 09:54:08.367  1542  3015 W Binder  : 	at com.android.server.am.FreecessHandler$MainHandler.handleMessage(qb/106579837 41bd6649a5bb053b68d2b16c1bbb7c9198eb32665b636c0bbec506912035f7b6:793)
04-15 09:54:08.367  1542  3015 W Binder  : 	at android.os.Handler.dispatchMessage(Handler.java:110)
04-15 09:54:08.367  1542  3015 W Binder  : 	at android.os.Looper.loopOnce(Looper.java:273)
04-15 09:54:08.367  1542  3015 W Binder  : 	at android.os.Looper.loop(Looper.java:363)
04-15 09:54:08.367  1542  3015 W Binder  : 	at android.os.HandlerThread.run(HandlerThread.java:85)
04-15 09:54:08.368  1151  1199 I SurfaceFlinger: id=19132 Removed Surface(name=3edafdc StatusBar)/@0x3b919ed - animation-leash of insets_animation#19132 (209)
04-15 09:54:08.369  1151  1199 I SurfaceFlinger: id=19133 Removed Surface(name=8c5cec7 NavigationBar0)/@0xa68870 - animation-leash of insets_animation#19133 (209)
04-15 09:54:08.370  1542  1585 D SurfaceComposerClient: setCornerRadius ## 4db99cf Splash Screen com.catfact.app.feature.favorites.test#19139 cornerRadius=0.000000
04-15 09:54:08.370  1542  1585 D SurfaceComposerClient: setCornerRadius ## 8c52690 com.catfact.app.feature.favorites.test/androidx.activity.ComponentActivity#19141 cornerRadius=0.000000
04-15 09:54:08.373  2000  2195 I VRI[test]@28ddda4: mWNT: t=0xb4000074fc738110 mBlastBufferQueue=0xb40000741d11b250 fn= 4 HdrRenderState mRenderHdrSdrRatio=1.0 caller= android.view.SyncRtSurfaceTransactionApplier.applyTransaction:100 android.view.SyncRtSurfaceTransactionApplier.lambda$scheduleApply$0:73 android.view.SyncRtSurfaceTransactionApplier.$r8$lambda$afI4fXg3U3-nBZQEDQMiNy-B06s:0
04-15 09:54:08.373  1151  1151 D SurfaceFlinger: Display 4633128672291735999 HWC layers:
04-15 09:54:08.373  1151  1151 D SurfaceFlinger:        CLIENT |           17089674871089 | 00002102 | RGBA_8888    |   35.0    0.0  720.0 1544.0 |    0    0  720 1544 | com.google.android.calendar/com.goog[...]AllInOneCalendarActivity$_3979#19129 (15)
04-15 09:54:08.373  1151  1151 D SurfaceFlinger:   SOLID_COLOR |                        0 | 00000000 | N/A          |    0.0    0.0    0.0    0.0 |    0    0  720 1544 | DimTransitionLayer for Surface(name=Task=3890)/@0x8c70e41#19143 (0)
04-15 09:54:08.373  1151  1151 D SurfaceFlinger:        DEVICE |           86891483365400 | 00002102 | RGBA_8888    |    0.0    0.0  112.0 1506.0 |  608   38  720 1544 | com.catfact.app.feature.favorites.te[...]ivity.ComponentActivity$_20231#19145 (1)
04-15 09:54:08.373  1151  1151 D SurfaceFlinger:        DEVICE |            8589934656126 | 00002100 | RGBA_8888    |    0.0    0.0  112.0 1544.0 |  608    0  720 1544 | Splash Screen com.catfact.app.feature.favorites.test$_2000#19140 (2)
04-15 09:54:08.373  1151  1151 D SurfaceFlinger:        DEVICE |            8589934654694 | 00002100 | RGBA_8888    |    0.0    0.0  720.0   50.0 |    0    0  720   50 | StatusBar$_2000#102 (26733)
04-15 09:54:08.373  1151  1151 D SurfaceFlinger:        DEVICE |           10569914518889 | 00002
04-15 09:54:08.373  1151  1151 D SurfaceFlinger: 100 | RGBA_8888    |    0.0    0.0   67.0  353.0 |  653  192  720  545 | com.sec.android.app.launcher/com.sam[...]l.app.CocktailBarService$_2461#16495 (1)
04-15 09:54:08.373  1151  1151 D SurfaceFlinger:        DEVICE |            8589934654693 | 00002100 | RGBA_8888    |    0.0    0.0  720.0   90.0 |    0 1454  720 1544 | NavigationBar0$_2000#98 (17507)
04-15 09:54:08.373  1151  1151 D SurfaceFlinger:
04-15 09:54:08.373  1151  1151 I SurfaceFlinger: SFWD update time=131993125739255
04-15 09:54:08.374  1151  1151 I SurfaceFlinger: destroyed Surface(name=8c5cec7 NavigationBar0)/@0xa68870 - animation-leash of insets_animation#19133
04-15 09:54:08.374  1151  1151 I SurfaceFlinger: destroyed Surface(name=3edafdc StatusBar)/@0x3b919ed - animation-leash of insets_animation#19132
04-15 09:54:08.374  1151  1151 I Layer   : id=19133 Destroyed Surface(name=8c5cec7 NavigationBar0)/@0xa68870 - animation-leash of insets_animation#19133
04-15 09:54:08.374  1151  1151 I Layer   : id=19132 Destroyed Surface(name=3edafdc StatusBar)/@0x3b919ed - animation-leash of insets_animation#19132
04-15 09:54:08.376  1542  4025 D InputDispatcher: Focus entered window (0): 8c52690 com.catfact.app.feature.favorites.test/androidx.activity.ComponentActivity
04-15 09:54:08.377 20231 20231 D VRI[ComponentActivity]@293bfeb: mThreadedRenderer.initializeIfNeeded()#2 mSurface={isValid=true 0xb40000748c53e470}
04-15 09:54:08.377 20231 20231 D InputMethodManagerUtils: startInputInner - Id : 0
04-15 09:54:08.377 20231 20231 I InputMethodManager: startInputInner - IInputMethodManagerGlobalInvoker.startInputOrWindowGainedFocus
04-15 09:54:08.378  1542  1750 I ImeTracker: com.catfact.app.feature.favorites.test:c3cc1380: onRequestHide at ORIGIN_SERVER reason HIDE_UNSPECIFIED_WINDOW fromUser false
04-15 09:54:08.379 20231 20231 I InputMethodManager: handleMessage: setImeVisibility visible=false
04-15 09:54:08.379 20231 20231 D InsetsController: hide(ime(), fromIme=false)
04-15 09:54:08.379 20231 20231 I ImeTracker: com.catfact.app.feature.favorites.test:c3cc1380: onCancelled at PHASE_CLIENT_ALREADY_HIDDEN
04-15 09:54:08.379  1542  1750 D InputTransport: Input channel constructed: 'ClientS', fd=1256
04-15 09:54:08.379  1542  1750 D InputTransport: Input channel destroyed: 'ClientS', fd=1256
04-15 09:54:08.380 20231 20276 D InputTransport: Input channel constructed: 'ClientS', fd=128
04-15 09:54:08.380  3756  3756 I HBD     : HoneyBoardService onFinishInput
04-15 09:54:08.380  3756  3756 I HBD     : a IC have been unbinding,  RemoteInputConnection{idHash=#b601b76}
04-15 09:54:08.380  3756  3756 I HBD     : HoneyBoardService [PF_CL][onFinishInput]  0 ms
04-15 09:54:08.381  3756  3756 I HBD     : HoneyBoardService [IMI] onStartInput - caller pid : 20231 , caller uid : 10750
04-15 09:54:08.381  3756  3756 I HBD     : k updateConfigs
04-15 09:54:08.381  3756  3756 I HBD     : k isEnabledNightMode : true
04-15 09:54:08.381  3756  3756 I HBD     : a IC have been binding, RemoteInputConnection{idHash=#38dd577}
04-15 09:54:08.381  3756  3756 I HBD     : h [EditorInputType]setPrivateImeOptionsToTable privateImeOptions ( null )
04-15 09:54:08.381  3756  3756 I HBD     : b incognitoMode : false
04-15 09:54:08.381  3756  3756 I HBD     : c needOff = true , isForceOff = false, isNullInputClass : true
04-15 09:54:08.381  3756  3756 I HBD     : h getDefaultInputRange : UNKNOWN
04-15 09:54:08.381  3756  3756 I HBD     : h getDefaultInputRange : UNKNOWN
04-15 09:54:08.381  3756  3756 I HBD     : h getDefaultInputRange : UNKNOWN
04-15 09:54:08.381  1151  2758 I SurfaceFlinger: id=19151 createSurf, flag=24004, Surface(name=1d7a05f InputMethod)/@0x5f77a9d - animation-leash of insets_animation#19151
04-15 09:54:08.382  1542  4025 I ImeTracker: system_server:9c6893da: onRequestHide at ORIGIN_SERVER reason IME_REQUESTED_CHANGED_LISTENER fromUser false
04-15 09:54:08.383  1542  1584 I ImeTracker: system_server:9c6893da: onCancelled at PHASE_SERVER_SHOULD_HIDE
04-15 09:54:08.383  3756  3756 I HBD     : c needOff = true , isForceOff = false, isNullInputClass : true
04-15 09:54:08.383  3756  3756 I HBD     : c update cached prediction status : false
04-15 09:54:08.383  3756  3756 I HBD     : h getDefaultInputRange : UNKNOWN
04-15 09:54:08.383  3756  3756 I HBD     : a currentState : 0
04-15 09:54:08.383  3756  3756 I HBD     : a [UpdatePolicy] [post] a: 0 cl: 65538 kit: [0/0] vt: 0 ir: 1
04-15 09:54:08.385  2000  2194 I VRI[test]@28ddda4: mWNT: t=0xb4000074fc767c10 mBlastBufferQueue=0xb40000741d11b250 fn= 5 HdrRenderState mRenderHdrSdrRatio=1.0 caller= android.view.SyncRtSurfaceTransactionApplier.applyTransaction:100 android.view.SyncRtSurfaceTransactionApplier.lambda$scheduleApply$0:73 android.view.SyncRtSurfaceTransactionApplier.$r8$lambda$afI4fXg3U3-nBZQEDQMiNy-B06s:0
04-15 09:54:08.386  1542  1585 D SurfaceComposerClient: setCornerRadius ## 4db99cf Splash Screen com.catfact.app.feature.favorites.test#19139 cornerRadius=0.000000
04-15 09:54:08.386  1542  1585 D SurfaceComposerClient: setCornerRadius ## 8c52690 com.catfact.app.feature.favorites.test/androidx.activity.ComponentActivity#19141 cornerRadius=0.000000
04-15 09:54:08.387  3979  3979 D InputTransport: Input channel destroyed: 'ClientS', fd=216
04-15 09:54:08.388  3756  3756 I HBD     : a [NRIC] resetNoResponseState
04-15 09:54:08.388  3756  3756 I HBD     : c needOff = true , isForceOff = false, isNullInputClass : true
04-15 09:54:08.388  3756  3756 I HBD     : c update cached prediction status : false
04-15 09:54:08.389  3756  3756 I HBD     : HoneyBoardService [PF_OP][onStartInput]  8 ms
04-15 09:54:08.389  3756  3756 I HBD     : [DirectWriting] DirectWriting emitInputConnection : RemoteInputConnection{idHash=#38dd577}
04-15 09:54:08.390  3979  3988 I ndroid.calendar: Background concurrent mark compact GC freed 32MB AllocSpace bytes, 0(0B) LOS objects, 66% free, 22MB/67MB, paused 2.417ms,2.841ms total 121.214ms
04-15 09:54:08.392  1151  1151 I SurfaceFlinger: RequestedLayer [Surface(name=1d7a05f InputMethod)/@0[...]tion-leash of insets_animation#19151] hidden!! flag  from(1) --> to(0)
04-15 09:54:08.392  1151  1151 E SurfaceFlinger: alpha changed 1.000 -> 0.000 - Surface(name=1d7a05f InputMethod)/@0x5f77a9d - animation-leash of insets_animation#19151
04-15 09:54:08.393  2000  2195 I VRI[test]@28ddda4: mWNT: t=0xb4000074fc71ac10 mBlastBufferQueue=0xb40000741d11b250 fn= 6 HdrRenderState mRenderHdrSdrRatio=1.0 caller= android.view.SyncRtSurfaceTransactionApplier.applyTransaction:100 android.view.SyncRtSurfaceTransactionApplier.lambda$scheduleApply$0:73 android.view.SyncRtSurfaceTransactionApplier.$r8$lambda$afI4fXg3U3-nBZQEDQMiNy-B06s:0
04-15 09:54:08.393  1151  1151 I SurfaceFlinger: [LayerHierarchy{RequestedLayerState{ImeContainer#15 parentId=19138 relativeParentId=19138 z=3} 1 children}] reparent to LayerHierarchy{RequestedLayerState{ActivityRecord{62163850 u0 com.catfact.app.feature.favorites.test/androidx.activity.ComponentActivity t3890}#19138 parentId=19137} 4 children}
04-15 09:54:08.393  1151  1151 I SurfaceFlinger: [LayerHierarchy{RequestedLayerState{ImeContainer#15 parentId=19138 relativeParentId=19138 z=3} 1 children}] RelativeParent to null
04-15 09:54:08.393  1151  1151 I SurfaceFlinger: [LayerHierarchy{RequestedLayerState{1d7a05f InputMethod#134 parentId=19151} no children}] reparent to LayerHierarchy{RequestedLayerState{Surface(name=1d7a05f InputMethod)/@0x5f77a9d - animation-leash of insets_animation#19151 parentId=120} 1 children}
04-15 09:54:08.393  1151  1151 I SurfaceFlinger: [LayerHierarchy{RequestedLayerState{Surface(name=1d7a05f InputMethod)/@0x5f77a9d - animation-leash of insets_animation#19135} no children}] reparent to OffscreenRoot
04-15 09:54:08.393  1151  1151 I SurfaceFlinger: [LayerHierarchy{RequestedLayerState{Surface(name=1d7a05f InputMethod)/@0x5f77a9d - animation-leash of insets_animation#19135} no children}] RelativeParent to null
04-15 09:54:08.393  1151  1151 I SurfaceFlinger: [Surface(name=1d7a05f InputMethod)/@0x5f77a9d - animation-leash of insets_animation#19151] attach to parent LayerHierarchy{RequestedLayerState{WindowToken{d080c22 type=2011 android.os.Binder@459a5ed}#120 parentId=15} 1 children}
04-15 09:54:08.395  1542  3015 I NSLocationMonitor: getGPSUsingApps() called
04-15 09:54:08.395  2982  6680 I NSLocationManager_FLP: getGPSUsingApps, No change
04-15 09:54:08.397  1151  2758 I SurfaceFlinger: id=19135 Removed Surface(name=1d7a05f InputMethod)/@0x5f77a9d - animation-leash of insets_animation#19135 (208)
04-15 09:54:08.397  2000  2194 I VRI[test]@28ddda4: mWNT: t=0xb4000074fc7d68d0 mBlastBufferQueue=0xb40000741d11b250 fn= 7 HdrRenderState mRenderHdrSdrRatio=1.0 caller= android.view.SyncRtSurfaceTransactionApplier.applyTransaction:100 android.view.SyncRtSurfaceTransactionApplier.lambda$scheduleApply$0:73 android.view.SyncRtSurfaceTransactionApplier.$r8$lambda$afI4fXg3U3-nBZQEDQMiNy-B06s:0
04-15 09:54:08.398  2461  2474 I HoneySpace.RecentTasks: onRecentTasksChanged
04-15 09:54:08.399  3963  4335 I SemDvfsHyPerManager: acquire hyper - BaseTABoost/3963@25, type = -999
04-15 09:54:08.400  1059  1180 I HYPER-HAL: [RequestManager.cpp]acquire(): Acquired ID : 7954091  [3963 / 25]    HINT :      list : [TABoost / 1]
04-15 09:54:08.401  3723  3374 I [AirCmd]_ActivitySwitchDetector: onTaskStackChanged : componentName - ComponentInfo{com.catfact.app.feature.favorites.test/androidx.activity.ComponentActivity}
04-15 09:54:08.401  3756  3756 I InputMethodService: scheduleImeSurfaceRemoval: canceled, mShowInputRequested=false, mWindowVisible=false, IsmWindowNull=false, IsmImeSurfaceRemoverRunnableNotNull=true
04-15 09:54:08.402  1151  1151 I SurfaceFlinger: destroyed Surface(name=1d7a05f InputMethod)/@0x5f77a9d - animation-leash of insets_animation#19135
04-15 09:54:08.404  1151  1151 I Layer   : id=19135 Destroyed Surface(name=1d7a05f InputMethod)/@0x5f77a9d - animation-leash of insets_animation#19135
04-15 09:54:08.406  1542  2101 I WindowManager: Relayout Window{4db99cf u0 Splash Screen com.catfact.app.feature.favorites.test}: viewVisibility=8 req=720x1544 ty=3 d0
04-15 09:54:08.406  1542  2101 D SurfaceComposerClient: setCornerRadius ## 8c52690 com.catfact.app.feature.favorites.test/androidx.activity.ComponentActivity#19141 cornerRadius=0.000000
04-15 09:54:08.406  1542  2101 D SurfaceComposerClient: setCornerRadius ## 4db99cf Splash Screen com.catfact.app.feature.favorites.test#19139 cornerRadius=0.000000
04-15 09:54:08.406  1542  2101 D SurfaceComposerClient: setCornerRadius ## 8c52690 com.catfact.app.feature.favorites.test/androidx.activity.ComponentActivity#19141 cornerRadius=0.000000
04-15 09:54:08.407  1542  2101 I WindowManager: Relayout hash=4db99cf, pid=2000, syncId=-1: mAttrs={(0,0)(fillxfill) sim={adjust=pan} layoutInDisplayCutoutMode=always ty=APPLICATION_STARTING fmt=TRANSLUCENT wanim=0x1030317
04-15 09:54:08.407  1542  2101 I WindowManager:   fl=81030118
04-15 09:54:08.407  1542  2101 I WindowManager:   pfl=10000810
04-15 09:54:08.407  1542  2101 I WindowManager:   apr=18
04-15 09:54:08.407  1542  2101 I WindowManager:   bhv=1
04-15 09:54:08.407  1542  2101 I WindowManager:   fitSides=0
04-15 09:54:08.407  1542  2101 I WindowManager:   frameRateBoostOnTouch=true
04-15 09:54:08.407  1542  2101 I WindowManager:   dvrrWindowFrameRateHint=true naviIconColor=0}
04-15 09:54:08.407  2000  2120 I VRI[test]@28ddda4: onActiveControlsChanged, removed=false, mAdded=true, caller=android.view.ViewRootImpl.handleInsetsControlChanged:3002 android.view.ViewRootImpl.relayoutWindow:11629 android.view.ViewRootImpl.performTraversals:4804 android.view.ViewRootImpl.doTraversal:3924 android.view.ViewRootImpl$TraversalRunnable.run:12903
04-15 09:54:08.408  2000  2120 I VRI[test]@28ddda4: Relayout returned: old=(0,0,720,1544) new=(0,0,720,1544) relayoutAsync=false req=(720,1544)8 dur=2 res=0x2 s={false 0x0} ch=true seqId=0
04-15 09:54:08.408  2000  2120 D VRI[test]@28ddda4: Not drawing due to not visible. Reason=View.GONE
04-15 09:54:08.408  2000  2120 I VRI[test]@28ddda4: dispatchDetachedFromWindow
04-15 09:54:08.408  1542  2299 D InputTransport: Input channel destroyed: '4db99cf', fd=972
04-15 09:54:08.409  1542  2299 D SurfaceComposerClient: setCornerRadius ## 8c52690 com.catfact.app.feature.favorites.test/androidx.activity.ComponentActivity#19141 cornerRadius=0.000000
04-15 09:54:08.409  1542  2299 D SurfaceComposerClient: setCornerRadius ## 8c52690 com.catfact.app.feature.favorites.test/androidx.activity.ComponentActivity#19141 cornerRadius=0.000000
04-15 09:54:08.409  1542  1585 D SurfaceComposerClient: setCornerRadius ## 8c52690 com.catfact.app.feature.favorites.test/androidx.activity.ComponentActivity#19141 cornerRadius=0.000000
04-15 09:54:08.410  2000  2120 D InputTransport: Input channel destroyed: '4db99cf', fd=688
04-15 09:54:08.413  1218  1218 I CameraService: onUidStateChanged: uid=10048, procState is changed. (1 -> 0)
04-15 09:54:08.414  1542  1585 D SurfaceComposerClient: setCornerRadius ## 8c52690 com.catfact.app.feature.favorites.test/androidx.activity.ComponentActivity#19141 cornerRadius=0.000000
04-15 09:54:08.417  2000  2000 D SystemUIService: SYSUI_RAM_OPTIMIZATION onTrimMemory=20
04-15 09:54:08.418  2000  2000 D CentralSurfaces: SYSUI_RAM_OPTIMIZATION onTrimMemory=20
04-15 09:54:08.419  2000  2196 D HWUI    : CacheManager::trimMemory(20)
04-15 09:54:08.422  1151  1151 I SurfaceFlinger: RequestedLayer [Splash Screen com.catfact.app.feature.favorites.test$_2000#19140] hidden!! flag  from(0) --> to(1)
04-15 09:54:08.423  1151  1151 I SurfaceFlinger: [LayerHierarchy{RequestedLayerState{Surface(name=8c52690 com.catfact.app.feature.favorites.test/androidx.activity.ComponentActivity)/@0xe2ef03e - animation-leash of starting_reveal#19150} 1 children}] reparent to OffscreenRoot
04-15 09:54:08.423  1151  1151 I SurfaceFlinger: [LayerHierarchy{RequestedLayerState{Surface(name=8c52690 com.catfact.app.feature.favorites.test/androidx.activity.ComponentActivity)/@0xe2ef03e - animation-leash of starting_reveal#19150} 1 children}] RelativeParent to null
04-15 09:54:08.423  1151  1151 I SurfaceFlinger: [LayerHierarchy{RequestedLayerState{8c52690 com.catfact.app.feature.favorites.test/androidx.activity.ComponentActivity#19141 parentId=19138} 1 children}] reparent to LayerHierarchy{RequestedLayerState{ActivityRecord{62163850 u0 com.catfact.app.feature.favorites.test/androidx.activity.ComponentActivity t3890}#19138 parentId=19137} 4 children}
04-15 09:54:08.431  1151  1151 D SurfaceFlinger: Display 4633128672291735999 HWC layers:
04-15 09:54:08.431  1151  1151 D SurfaceFlinger:        CLIENT |           17089674871090 | 00002102 | RGBA_8888    |  143.0    0.0  720.0 1544.0 |    0    0  720 1544 | com.google.android.calendar/com.goog[...]AllInOneCalendarActivity$_3979#19129 (18)
04-15 09:54:08.431  1151  1151 D SurfaceFlinger:   SOLID_COLOR |                        0 | 00000000 | N/A          |    0.0    0.0    0.0    0.0 |    0    0  720 1544 | DimTransitionLayer for Surface(name=Task=3890)/@0x8c70e41#19143 (0)
04-15 09:54:08.431  1151  1151 D SurfaceFlinger:        DEVICE |           86891483365400 | 00002102 | RGBA_8888    |    0.0    0.0  458.0 1544.0 |  262    0  720 1544 | com.catfact.app.feature.favorites.te[...]ivity.ComponentActivity$_20231#19145 (1)
04-15 09:54:08.431  1151  1151 D SurfaceFlinger:        DEVICE |            8589934654742 | 00002100 | RGBA_8888    |    0.0    0.0  720.0   50.0 |    0    0  720   50 | StatusBar$_2000#102 (26740)
04-15 09:54:08.431  1151  1151 D SurfaceFlinger:        DEVICE |           10569914518889 | 00002100 | RGBA_8888    |    0.0    0.0   67.0  353.0 |  653  192  720  545 | com.sec.android.app.launcher/com.sam[...]l.app.CocktailBarService$_2461#16495 (1)
04-15 09:54:08.431  1151  1151 D SurfaceFlinger:        DEVICE |            85899346
04-15 09:54:08.431  1151  1151 D SurfaceFlinger: 54692 | 00002100 | RGBA_8888    |    0.0    0.0  720.0   90.0 |    0 1454  720 1544 | NavigationBar0$_2000#98 (17514)
04-15 09:54:08.431  1151  1151 D SurfaceFlinger:
04-15 09:54:08.463  2000  2000 D QSClock : onDarkChanged tint=DARK
04-15 09:54:08.598  1144  1154 E HeatmapThread: ECT Thread time in milliseconds: 1776239648
04-15 09:54:08.598  1144  1154 D HeatmapThread: !@ batteryplugType : 0
04-15 09:54:08.598  1144  1154 D HeatmapThread: !@ batteryLevel : 0  batteryTemperature : 0
04-15 09:54:08.598  1144  1154 D HeatmapThread: !@ Heatmap currtime: 29603994
04-15 09:54:08.598  1144  1154 D HeatmapThread: !@ Heatmap prevtime: 29603990
04-15 09:54:08.598  1144  1154 D HeatmapThread: !@ Heatmap plugstarttime: 35791394
04-15 09:54:08.598  1144  1154 D HeatmapThread: !@ Heatmap prevv_dsoh_update_time: 29597770
04-15 09:54:08.598  1144  1154 E HeatmapThread: !@Could not open '/efs/FactoryApp/bsoh', errno = 13
04-15 09:54:08.598  1144  1154 E HeatmapThread: !@ CAM Could not access BSOH EFS
04-15 09:54:08.599  1144  1154 E HeatmapThread: !@ CAM New BSOH: 0
04-15 09:54:08.602  2461  2461 I HoneySpace.EdgePanel.EdgeVisibilityRepository: getComputedTrayVisible : keyguardState = 1
04-15 09:54:08.602  2461  2461 I HoneySpace.EdgePanel.EdgeVisibilityRepository: updateTrayVisible: State = 0x1, visible = true, current containerState = 0, specificMode = 0
04-15 09:54:08.602  2461  2461 I HoneySpace.EdgePanel.EdgeVisibilityRepository: Same container state 0
04-15 09:54:08.608  1151  1151 D SurfaceFlinger: GPIS:: requestGpisForClientComposition
04-15 09:54:08.643  3979  3988 I ndroid.calendar: Background concurrent mark compact GC freed 55MB AllocSpace bytes, 2(32KB) LOS objects, 63% free, 27MB/75MB, paused 1.664ms,2.656ms total 103.968ms
04-15 09:54:08.653  1059 20344 I HYPER-HAL: [RequestManager.cpp]releaseLocked(): Released ID : 1223852
04-15 09:54:08.687  3756  3756 I InputMethodService: removeImeSurface
04-15 09:54:08.687  3756  3756 I InputMethodService: cancelImeSurfaceRemoval: removeCallbacks
04-15 09:54:08.782  1151  1151 D SurfaceFlinger: Display 4633128672291735999 HWC layers:
04-15 09:54:08.782  1151  1151 D SurfaceFlinger:        DEVICE |           86891483365400 | 00002102 | RGBA_8888    |    0.0    0.0  720.0 1544.0 |    0    0  720 1544 | com.catfact.app.feature.favorites.te[...]ivity.ComponentActivity$_20231#19145 (1)
04-15 09:54:08.782  1151  1151 D SurfaceFlinger:        DEVICE |            8589934654704 | 00002100 | RGBA_8888    |    0.0    0.0  720.0   50.0 |    0    0  720   50 | StatusBar$_2000#102 (26747)
04-15 09:54:08.782  1151  1151 D SurfaceFlinger:        DEVICE |           10569914518889 | 00002100 | RGBA_8888    |    0.0    0.0   67.0  353.0 |  653  192  720  545 | com.sec.android.app.launcher/com.sam[...]l.app.CocktailBarService$_2461#16495 (1)
04-15 09:54:08.782  1151  1151 D SurfaceFlinger:        DEVICE |            8589934654705 | 00002100 | RGBA_8888    |    0.0    0.0  720.0   90.0 |    0 1454  720 1544 | NavigationBar0$_2000#98 (17520)
04-15 09:54:08.782  1151  1151 D SurfaceFlinger:
04-15 09:54:08.784  2000  2105 I SurfaceControlRegistry: apply, t=FinishTransaction_SyncId<1706>, caller=android.view.SurfaceControl$Transaction.apply:3459 android.view.SurfaceControl$Transaction.apply:3447 android.view.SurfaceControl$Transaction.apply:3397 com.android.wm.shell.transition.Transitions.onFinish:315 com.android.wm.shell.transition.Transitions$$ExternalSyntheticLambda7.onTransitionFinished:12 com.android.wm.shell.transition.DefaultTransitionHandler$$ExternalSyntheticLambda2.run:36
04-15 09:54:08.787  1542  2101 D SurfaceComposerClient: setCornerRadius ## 8c52690 com.catfact.app.feature.favorites.test/androidx.activity.ComponentActivity#19141 cornerRadius=0.000000
04-15 09:54:08.787  3979  3979 I VRI[AllInOneCalendarActivity]@2ecfe22: handleAppVisibility mAppVisible = true visible = false
04-15 09:54:08.787  3979  3979 D VRI[AllInOneCalendarActivity]@2ecfe22: visibilityChanged oldVisibility=true newVisibility=false
04-15 09:54:08.788  1542  2101 D SurfaceComposerClient: setCornerRadius ## 8c52690 com.catfact.app.feature.favorites.test/androidx.activity.ComponentActivity#19141 cornerRadius=0.000000
04-15 09:54:08.791  1151  1151 I SurfaceFlinger: RequestedLayer [Task=3801#16292] hidden!! flag  from(0) --> to(1)
04-15 09:54:08.791  1151  1151 I SurfaceFlinger: [Display 0 name="Built-in Screen"#49] setFrameRateCategory: Default
04-15 09:54:08.791  1151  1151 I SurfaceFlinger: RequestedLayer [com.google.android.calendar/com.goog[...]AllInOneCalendarActivity$_3979#19129] hidden!! flag  from(0) --> to(1)
04-15 09:54:08.791  1151  1151 I SurfaceFlinger: RequestedLayer [ActivityRecord{243114305 u0 com.goog[...]llInOneCalendarActivity t3801}#16293] hidden!! flag  from(0) --> to(1)
04-15 09:54:08.791  1151  1151 I SurfaceFlinger: [LayerHierarchy{RequestedLayerState{ImeContainer#15 parentId=19138 relativeParentId=19141 z=1} 1 children}] RelativeParent to LayerHierarchy{RequestedLayerState{8c52690 com.catfact.app.feature.favorites.test/androidx.activity.ComponentActivity#19141 parentId=19138} 2 children}
04-15 09:54:08.791  1151  1151 I SurfaceFlinger: [LayerHierarchy{RequestedLayerState{Task=3801#16292 parentId=10 z=12} 1 children}] reparent to LayerHierarchy{RequestedLayerState{DefaultTaskDisplayArea_d0#10 parentId=9} 16 children}
04-15 09:54:08.791  1151  1151 I SurfaceFlinger: [LayerHierarchy{RequestedLayerState{Task=3890#19137 parentId=10 z=13} 2 children}] reparent to LayerHierarchy{RequestedLayerState{DefaultTaskDisplayArea_d0#10 parentId=9} 17 children}
04-15 09:54:08.791  1151  1151 I SurfaceFlinger: [LayerHierarchy{RequestedLayerState{4db99cf Splash Screen com.catfact.app.feature.favorites.test#19139 z=2147483647} 1 children}] reparent to OffscreenRoot
04-15 09:54:08.791  1151  1151 I SurfaceFlinger: [LayerHierarchy{RequestedLayerState{4db99cf Splash Screen com.catfact.app.feature.favorites.test#19139 z=2147483647} 1 children}] RelativeParent to null
04-15 09:54:08.791  1151  1151 I SurfaceFlinger: [LayerHierarchy{RequestedLayerState{Splash Screen com.catfact.app.feature.favorites.test$_2000#19140} no children}] reparent to OffscreenRoot
04-15 09:54:08.791  1151  1151 I SurfaceFlinger: [LayerHierarchy{RequestedLayerState{Splash Screen com.catfact.app.feature.favorites.test$_2000#19140} no children}] RelativeParent to null
04-15 09:54:08.792  1151  1151 I SurfaceFlinger: [LayerHierarchy{RequestedLayerState{Transition Root: Task=3890#19142 z=13} 1 children}] reparent to OffscreenRoot
04-15 09:54:08.792  1151  1151 I SurfaceFlinger: [LayerHierarchy{RequestedLayerState{Transition Root: Task=3890#19142 z=13} 1 children}] RelativeParent to null
04-15 09:54:08.792  1151  1151 I SurfaceFlinger: [LayerHierarchy{RequestedLayerState{DimTransitionLayer for Surface(name=Task=3890)/@0x8c70e41#19143 z=-1} no children}] reparent to OffscreenRoot
04-15 09:54:08.792  1151  1151 I SurfaceFlinger: [LayerHierarchy{RequestedLayerState{DimTransitionLayer for Surface(name=Task=3890)/@0x8c70e41#19143 z=-1} no children}] RelativeParent to null
04-15 09:54:08.794  2000  2000 D SystemUIService: SYSUI_RAM_OPTIMIZATION onTrimMemory=20
04-15 09:54:08.794  2000  2000 D CentralSurfaces: SYSUI_RAM_OPTIMIZATION onTrimMemory=20
04-15 09:54:08.795  1151  1151 I SurfaceFlinger: id=19140 Removed Splash Screen com.catfact.app.feature.favorites.test$_2000#19140 (207)
04-15 09:54:08.795  2000  2196 D HWUI    : CacheManager::trimMemory(20)
04-15 09:54:08.795  1151  1151 I SurfaceFlinger: id=19143 Removed DimTransitionLayer for Surface(name=Task=3890)/@0x8c70e41#19143 (207)
04-15 09:54:08.795  1151  1151 I SurfaceFlinger: id=19142 Removed Transition Root: Task=3890#19142 (207)
04-15 09:54:08.795  1151  1151 I SurfaceFlinger: id=19139 Removed 4db99cf Splash Screen com.catfact.app.feature.favorites.test#19139 (207)
04-15 09:54:08.797  1151  1151 I SurfaceFlinger: destroyed 4db99cf Splash Screen com.catfact.app.feature.favorites.test#19139
04-15 09:54:08.797  1151  1151 I SurfaceFlinger: destroyed Splash Screen com.catfact.app.feature.favorites.test$_2000#19140
04-15 09:54:08.797  1151  1151 I SurfaceFlinger: destroyed Transition Root: Task=3890#19142
04-15 09:54:08.797  1151  1151 I SurfaceFlinger: destroyed DimTransitionLayer for Surface(name=Task=3890)/@0x8c70e41#19143
04-15 09:54:08.798  1151  1151 I Layer   : id=19139 Destroyed 4db99cf Splash Screen com.catfact.app.feature.favorites.test#19139
04-15 09:54:08.798  1151  1151 I Layer   : id=19140 Destroyed Splash Screen com.catfact.app.feature.favorites.test$_2000#19140
04-15 09:54:08.798  1151  1151 I Layer   : id=19142 Destroyed Transition Root: Task=3890#19142
04-15 09:54:08.798  1151  1151 I Layer   : id=19143 Destroyed DimTransitionLayer for Surface(name=Task=3890)/@0x8c70e41#19143
04-15 09:54:08.799  2000  2000 D SamsungLightBarControlHelper: updateStatusBar (WHITE icon) numStacks:1, StatusBarMode:MODE_TRANSPARENT, lightBarBounds:[], StatusBarState:SHADE, packageName:, isWhiteKeyguardStatusBar:false
04-15 09:54:08.799  1542  1585 D SurfaceComposerClient: setCornerRadius ## 8c52690 com.catfact.app.feature.favorites.test/androidx.activity.ComponentActivity#19141 cornerRadius=0.000000
04-15 09:54:08.799  2000  2000 D SamsungLightBarControlHelper: onStatusBarAppearanceChanged() -  sbModeChanged:false, statusBarMode:0, barState:MODE_TRANSPARENT, isKeyguardShowing:false, navbarColorManagedByIme:false, (AppearanceRegion{ bounds=[0,0][720,1544]}, )
04-15 09:54:08.802  2461  2474 I HoneySpace.Memory-Monitor: current state = 2, didTrim = false
04-15 09:54:08.803  2000  2125 D StackScroller: onDisplayChanged for predraw skip to 2
04-15 09:54:08.808  2000  2000 D DisplayLifecycle: updateDisplay id = 0
04-15 09:54:08.814  3979  4808 D HWUI    : CacheManager::trimMemory(20)
04-15 09:54:08.821  1542  2299 I WindowManager: Relayout Window{761b02a u0 com.google.android.calendar/com.google.android.calendar.allinone.AllInOneCalendarActivity}: viewVisibility=8 req=720x1544 ty=1 d0
04-15 09:54:08.822  1542  2299 D SurfaceComposerClient: setCornerRadius ## 8c52690 com.catfact.app.feature.favorites.test/androidx.activity.ComponentActivity#19141 cornerRadius=0.000000
04-15 09:54:08.822  1542  2299 D SurfaceComposerClient: setCornerRadius ## 8c52690 com.catfact.app.feature.favorites.test/androidx.activity.ComponentActivity#19141 cornerRadius=0.000000
04-15 09:54:08.823  1542  2299 I WindowManager: Relayout hash=761b02a, pid=3979, syncId=-1: mAttrs={(0,0)(fillxfill) sim={adjust=pan} layoutInDisplayCutoutMode=always ty=BASE_APPLICATION wanim=0x1030317
04-15 09:54:08.823  1542  2299 I WindowManager:   fl=81810100
04-15 09:54:08.823  1542  2299 I WindowManager:   pfl=100088c0
04-15 09:54:08.823  1542  2299 I WindowManager:   vsysui=700
04-15 09:54:08.823  1542  2299 I WindowManager:   bhv=1
04-15 09:54:08.823  1542  2299 I WindowManager:   fitSides=0
04-15 09:54:08.823  1542  2299 I WindowManager:   frameRateBoostOnTouch=true
04-15 09:54:08.823  1542  2299 I WindowManager:   dvrrWindowFrameRateHint=true naviIconColor=0}
04-15 09:54:08.825  3979  3979 I VRI[AllInOneCalendarActivity]@2ecfe22: Relayout returned: old=(0,0,720,1544) new=(0,0,720,1544) relayoutAsync=false req=(720,1544)8 dur=3 res=0x2 s={false 0x0} ch=true seqId=0
04-15 09:54:08.826  3979  3979 D VRI[AllInOneCalendarActivity]@2ecfe22: Not drawing due to not visible. Reason=!mAppVisible && !mForceDecorViewVisibility
04-15 09:54:08.826  3979  4808 D HWUI    : CacheManager::trimMemory(20)
04-15 09:54:08.838  3979  3979 I VRI[AllInOneCalendarActivity]@2ecfe22: stopped(true) old = false
04-15 09:54:08.838  3979  3979 D VRI[AllInOneCalendarActivity]@2ecfe22: WindowStopped on com.google.android.calendar/com.google.android.calendar.allinone.AllInOneCalendarActivity set to true
04-15 09:54:08.838  3979  4808 D HWUI    : CacheManager::trimMemory(20)
04-15 09:54:08.846 20231 20231 I View    : setRequestedFrameRate frameRate=0.0, this=androidx.compose.ui.platform.AndroidComposeView{5187619 VFED..... ......I. 0,0-720,1544 aid=1073741824}, caller=android.view.ViewGroup.setRequestedFrameRate:9952 androidx.compose.ui.platform.Api35Impl.setRequestedFrameRate:3822 androidx.compose.ui.platform.AndroidComposeView.dispatchDraw:2114 android.view.View.draw:26345 android.view.View.updateDisplayListIfDirty:25175
04-15 09:54:08.846 20231 20231 I View    : setRequestedFrameRate frameRate=-4.0, this=android.view.View{5d4d761 V.ED..... ......I. 0,0-0,0}, caller=androidx.compose.ui.platform.Api35Impl.setRequestedFrameRate:3822 androidx.compose.ui.platform.AndroidComposeView.dispatchDraw:2115 android.view.View.draw:26345 android.view.View.updateDisplayListIfDirty:25175 android.view.View.draw:26072
04-15 09:54:08.851 20231 20231 I View    : setRequestedFrameRate frameRate=NaN, this=androidx.compose.ui.platform.AndroidComposeView{5187619 VFED..... ........ 0,0-720,1544 aid=1073741824}, caller=android.view.ViewGroup.setRequestedFrameRate:9952 androidx.compose.ui.platform.Api35Impl.setRequestedFrameRate:3822 androidx.compose.ui.platform.AndroidComposeView.dispatchDraw:2114 android.view.View.draw:26345 android.view.View.updateDisplayListIfDirty:25175
04-15 09:54:08.851 20231 20231 I View    : setRequestedFrameRate frameRate=-4.0, this=android.view.View{5d4d761 V.ED..... ........ 0,0-0,0}, caller=androidx.compose.ui.platform.Api35Impl.setRequestedFrameRate:3822 androidx.compose.ui.platform.AndroidComposeView.dispatchDraw:2115 android.view.View.draw:26345 android.view.View.updateDisplayListIfDirty:25175 android.view.View.draw:26072
04-15 09:54:08.858  3979  3988 I ndroid.calendar: Background concurrent mark compact GC freed 48MB AllocSpace bytes, 1(16KB) LOS objects, 66% free, 24MB/72MB, paused 1.132ms,2.688ms total 128.490ms
04-15 09:54:08.859  1542  1582 D PkgPredictorService-SecIpmManagerServiceImpl: bg information pid:3979 uid:10279 pkgName:com.google.android.calendar
04-15 09:54:08.863  1151  1151 I SurfaceFlinger: [LayerHierarchy{RequestedLayerState{com.google.android.calendar/com.google.android.calendar.allinone.AllInOneCalendarActivity$_3979#19129} no children}] reparent to OffscreenRoot
04-15 09:54:08.863  1151  1151 I SurfaceFlinger: [LayerHierarchy{RequestedLayerState{com.google.android.calendar/com.google.android.calendar.allinone.AllInOneCalendarActivity$_3979#19129} no children}] RelativeParent to null
04-15 09:54:08.864  1151  1151 I SurfaceFlinger: id=19129 Removed com.google.android.calendar/com.google.android.calendar.allinone.AllInOneCalendarActivity$_3979#19129 (203)
04-15 09:54:08.870  3979  3979 W WindowOnBackDispatcher: sendCancelIfRunning: isInProgress=false callback=android.app.Activity$$ExternalSyntheticLambda0@73eaba0
04-15 09:54:08.871  1151  1151 I SurfaceFlinger: destroyed com.google.android.calendar/com.google.android.calendar.allinone.AllInOneCalendarActivity$_3979#19129
04-15 09:54:08.872  1151  1151 I Layer   : id=19129 Destroyed com.google.android.calendar/com.google.android.calendar.allinone.AllInOneCalendarActivity$_3979#19129
04-15 09:54:08.875  3979  4808 D HWUI    : CacheManager::trimMemory(20)
04-15 09:54:08.877  3979  3979 D ViewRootImpl: Skipping stats log for color mode
04-15 09:54:08.877  3979  3979 I VRI[AllInOneCalendarActivity]@2ecfe22: dispatchDetachedFromWindow
04-15 09:54:08.877  1542  2299 D InputTransport: Input channel destroyed: '761b02a', fd=1178
04-15 09:54:08.878  1542  2299 D SurfaceComposerClient: setCornerRadius ## 8c52690 com.catfact.app.feature.favorites.test/androidx.activity.ComponentActivity#19141 cornerRadius=0.000000
04-15 09:54:08.878  1542  2299 D SurfaceComposerClient: setCornerRadius ## 8c52690 com.catfact.app.feature.favorites.test/androidx.activity.ComponentActivity#19141 cornerRadius=0.000000
04-15 09:54:08.879  3979  3979 D InputTransport: Input channel destroyed: '761b02a', fd=169
04-15 09:54:08.880  3979  3979 D BBA2    : setIsFg isFg = false; delayValue 3999ms
04-15 09:54:08.888  1151  1151 I SurfaceFlinger: [LayerHierarchy{RequestedLayerState{761b02a com.google.android.calendar/com.google.android.calendar.allinone.AllInOneCalendarActivity#19128} no children}] reparent to OffscreenRoot
04-15 09:54:08.888  1151  1151 I SurfaceFlinger: [LayerHierarchy{RequestedLayerState{761b02a com.google.android.calendar/com.google.android.calendar.allinone.AllInOneCalendarActivity#19128} no children}] RelativeParent to null
04-15 09:54:08.889  1151  1151 I SurfaceFlinger: id=19128 Removed 761b02a com.google.android.calendar/com.google.android.calendar.allinone.AllInOneCalendarActivity#19128 (202)
04-15 09:54:08.897  1151  1151 I SurfaceFlinger: destroyed 761b02a com.google.android.calendar/com.google.android.calendar.allinone.AllInOneCalendarActivity#19128
04-15 09:54:08.898  1151  1151 I Layer   : id=19128 Destroyed 761b02a com.google.android.calendar/com.google.android.calendar.allinone.AllInOneCalendarActivity#19128
04-15 09:54:08.905  1542  4030 I SemDvfsHyPerManager: acquire hyper - AMS_ACT_START/1542@20, type = -999
04-15 09:54:08.905  1059  1180 I HYPER-HAL: [RequestManager.cpp]acquire(): Acquired ID : 1220723  [1542 / 20]    HINT : AMS_ACT_START    list :
04-15 09:54:08.906  1151  2758 I SurfaceFlinger: id=19152 createSurf, flag=84004, ActivityRecord{49005451 u0 com.catfact.app.feature.favorites.test/androidx.test.core.app.InstrumentationActivityInvoker$EmptyActivity t3890}#19152
04-15 09:54:08.910  3152  3152 E pageboostd: Received HALT command code 2
04-15 09:54:08.910  2000  2105 D ShellDesktopMode: handleRequest: TransitionRequestInfo {type=1, tid=3890, debugId=1707}
04-15 09:54:08.913  1151  1151 I SurfaceFlinger: [Display 0 name="Built-in Screen"#49] setFrameRateCategory: High
04-15 09:54:08.913  1151  1151 I SurfaceFlinger: [ActivityRecord{49005451 u0 com.catfact.app.feature.favorites.test/androidx.test.core.app.InstrumentationActivityInvoker$EmptyActivity t3890}#19152] attach to parent LayerHierarchy{RequestedLayerState{Task=3890#19137 parentId=10 z=13} 2 children}
04-15 09:54:08.914 20231 20231 D LifecycleMonitor: Lifecycle status change: androidx.activity.ComponentActivity@46d87c4 in: PAUSED
04-15 09:54:08.914 20231 20231 V ActivityScenario: Update currentActivityStage to PAUSED, currentActivity=androidx.activity.ComponentActivity@46d87c4
04-15 09:54:08.916  1542  2299 D InputDispatcher: Focused application(0): ActivityRecord{49005451 u0 com.catfact.app.feature.favorites.test/androidx.test.core.app.InstrumentationActivityInvoker$EmptyActivity t3890}
04-15 09:54:08.918  1542  4030 D GraphicsStatsService: requestRenderEngineFor(com.catfact.app.feature.favorites.test)
04-15 09:54:08.920  2461  2461 I HoneySpace.EdgePanel.CocktailHostRepositoryImpl: onNoteResume
04-15 09:54:08.920  2461  2461 I HoneySpace.EdgePanel.EdgePanelContainerViewModel: cocktailHostRepository.edgePanelOperation NoteResumeComponent(componentName=ComponentInfo{com.catfact.app.feature.favorites.test/androidx.test.core.app.InstrumentationActivityInvoker$EmptyActivity})
04-15 09:54:08.921  2461  2461 I HoneySpace.EdgePanel.ActivityUtils: HomePackage : com.sec.android.app.launcher, resumePackageName : com.catfact.app.feature.favorites.test, className : androidx.test.core.app.InstrumentationActivityInvoker$EmptyActivity
04-15 09:54:08.921 20231 20231 D LifecycleMonitor: Lifecycle status change: androidx.test.core.app.InstrumentationActivityInvoker$EmptyActivity@fbf0ae0 in: PRE_ON_CREATE
