04-15 09:54:07.683 20231 20231 I InsetsController: onStateChanged: host=com.catfact.app.feature.favorites.test/androidx.test.core.app.InstrumentationActivityInvoker$EmptyActivity, from=android.view.ViewRootImpl.onInsetsStateChanged:3026, state=InsetsState: {mDisplayFrame=Rect(0, 0 - 720, 1544), mDisplayCutout=DisplayCutout{insets=Rect(0, 50 - 0, 0) waterfall=Insets{left=0, top=0, right=0, bottom=0} boundingRect={Bounds=[Rect(0, 0 - 0, 0), Rect(341, 0 - 379, 50), Rect(0, 0 - 0, 0), Rect(0, 0 - 0, 0)]} cutoutPathParserInfo={CutoutPathParserInfo{displayWidth=720 displayHeight=1544 physicalDisplayWidth=720 physicalDisplayHeight=1544 density={1.875} cutoutSpec={M 0,0 H -10 V 26.66666666666667 H 10 V 0 H 0 Z @dp} rotation={0} scale={1.0} physicalPixelDisplaySizeRatio={1.0}}} sideOverrides={}}, mRoundedCorners=RoundedCorners{[RoundedCorner{position=TopLeft, radius=8, center=Point(8, 8)}, RoundedCorner{position=TopRight, radius=8, center=Point(712, 8)}, RoundedCorner{position=BottomRight, radius=8, center=Point(712, 1536)}, RoundedCorner{position=BottomLeft, radius=8, center=Point(8, 1536)}]}  mRoundedCornerFrame=Rect(0, 0 - 720, 1544), mPrivacyIndicatorBounds=PrivacyIndicatorBounds {static bounds=Rect(637, 0 - 720, 50) rotation=0}, mDisplayShape=DisplayShape{ spec=-311912193 displayWidth=720 displayHeight=1544 physicalPixelDisplaySizeRatio=0.5 rotation=0 offsetX=0 offsetY=0 scale=1.0}, mSources= { InsetsSource: {ec730001 mType=navigationBars mFrame=[0,1454][720,1544] mVisible=true mFlags= mSideHint=BOTTOM mBoundingRects=null}, InsetsSource: {ec730004 mType=systemGestures mFrame=[0,0][0,0] mVisible=true mFlags= mSideHint=NONE mBoundingRects=null}, InsetsSource: {ec730005 mType=mandatorySystemGestures mFrame=[0,1454][720,1544] mVisible=true mFlags= mSideHint=BOTTOM mBoundingRects=null}, InsetsSource: {ec730006 mType=tappableElement mFrame=[0,1454][720,1544] mVisible=true mFlags= mSideHint=BOTTOM mBoundingRects=null}, InsetsSource: {ec730024 mType=systemGestures mFrame=[0,0][0,0] mVisible=true mFlags= mSideHint=NONE mBoundingRects=null}, InsetsSource: {3 mType=ime mFrame=[0,0][0,0] mVisible=false mFlags= mSideHint=NONE mBoundingRects=null}, InsetsSource: {27 mType=displayCutout mFrame=[0,0][720,50] mVisible=true mFlags= mSideHint=TOP mBoundingRects=null}, InsetsSource: {43950000 mType=statusBars mFrame=[0,0][720,50] mVisible=true mFlags= mSideHint=TOP mBoundingRects=null}, InsetsSource: {43950005 mType=mandatorySystemGestures mFrame=[0,0][720,73] mVisible=true mFlags= mSideHint=TOP mBoundingRects=null}, InsetsSource: {43950006 mType=tappableElement mFrame=[0,0][720,50] mVisible=true mFlags= mSideHint=TOP mBoundingRects=null} }
04-15 09:54:07.683 20231 20231 I VRI[InstrumentationActivityInvoker$EmptyActivity]@84390f6: synced displayState. AttachInfo displayState=2
04-15 09:54:07.683 20231 20231 I VRI[InstrumentationActivityInvoker$EmptyActivity]@84390f6: setView = com.android.internal.policy.DecorView@55c4dcd IsHRR=false mFlingFrameRateChange=0 TM=true
04-15 09:54:07.685  1542  4030 I WindowManager: Relayout Window{73a700d u0 com.catfact.app.feature.favorites.test/androidx.test.core.app.InstrumentationActivityInvoker$EmptyActivity}: viewVisibility=0 req=720x1544 ty=1 d0
04-15 09:54:07.685  1151  2758 I SurfaceFlinger: id=19118 createSurf, flag=44004, com.catfact.app.feature.favorites.test/androidx.test.core.app.InstrumentationActivityInvoker$EmptyActivity$_20231#19118
04-15 09:54:07.686  1542  4030 D SurfaceComposerClient: setCornerRadius ## 73a700d com.catfact.app.feature.favorites.test/androidx.test.core.app.InstrumentationActivityInvoker$EmptyActivity#19117 cornerRadius=0.000000
04-15 09:54:07.686  1542  4030 D SurfaceComposerClient: setCornerRadius ## 73a700d com.catfact.app.feature.favorites.test/androidx.test.core.app.InstrumentationActivityInvoker$EmptyActivity#19117 cornerRadius=0.000000
04-15 09:54:07.687  1151  2758 I SurfaceFlinger: id=19119 createSurf, flag=24000, Surface(name=3edafdc StatusBar)/@0x3b919ed - animation-leash of insets_animation#19119
04-15 09:54:07.688  1151  1151 I SurfaceFlinger: [73a700d com.catfact.app.feature.favorites.test/androidx.test.core.app.InstrumentationActivityInvoker$EmptyActivity#19117] attach to parent LayerHierarchy{RequestedLayerState{ActivityRecord{225066649 u0 com.catfact.app.feature.favorites.test/androidx.test.core.app.InstrumentationActivityInvoker$EmptyActivity t3889}#19116 parentId=19101} 1 children}
04-15 09:54:07.688  1151  1151 I SurfaceFlinger: [com.catfact.app.feature.favorites.test/androidx.test.core.app.InstrumentationActivityInvoker$EmptyActivity$_20231#19118] attach to parent LayerHierarchy{RequestedLayerState{73a700d com.catfact.app.feature.favorites.test/androidx.test.core.app.InstrumentationActivityInvoker$EmptyActivity#19117 parentId=19116} 1 children}
04-15 09:54:07.688  1151  1151 I SurfaceFlinger: [Surface(name=3edafdc StatusBar)/@0x3b919ed - animation-leash of insets_animation#19119] attach to parent LayerHierarchy{RequestedLayerState{WindowToken{7a8fc4f type=2000 android.os.BinderProxy@a9d7329}#94 parentId=17} 2 children}
04-15 09:54:07.689  1151  2758 I SurfaceFlinger: id=19120 createSurf, flag=24000, Surface(name=8c5cec7 NavigationBar0)/@0xa68870 - animation-leash of insets_animation#19120
04-15 09:54:07.690  1542  4030 I SystemKeyManager: requested systemKeyInfo size=1 focusedWindow=com.catfact.app.feature.favorites.test/androidx.test.core.app.InstrumentationActivityInvoker$EmptyActivity
04-15 09:54:07.690  1542  4030 I SystemKeyManager: requested systemKeyInfo size=1 focusedWindow=com.catfact.app.feature.favorites.test/androidx.test.core.app.InstrumentationActivityInvoker$EmptyActivity
04-15 09:54:07.690  2000  2000 D NavigationBar: onSystemBarAttributesChanged() -  displayId:0, appearance:16, packageName: com.catfact.app.feature.favorites.test (APPEARANCE_LIGHT_NAVIGATION_BARS ), navbarColorManagedByIme:false
04-15 09:54:07.690  1542  4030 I WindowManager: Relayout hash=73a700d, pid=20231, syncId=-1: mAttrs={(0,0)(fillxfill) sim={adjust=pan forwardNavigation} layoutInDisplayCutoutMode=always ty=BASE_APPLICATION
04-15 09:54:07.690  1542  4030 I WindowManager:   fl=81810100
04-15 09:54:07.690  1542  4030 I WindowManager:   pfl=100088c0
04-15 09:54:07.690  1542  4030 I WindowManager:   bhv=1
04-15 09:54:07.690  1542  4030 I WindowManager:   fitSides=0
04-15 09:54:07.690  1542  4030 I WindowManager:   frameRateBoostOnTouch=true
04-15 09:54:07.690  1542  4030 I WindowManager:   dvrrWindowFrameRateHint=true naviIconColor=0}
04-15 09:54:07.692 20231 20231 I BLASTBufferQueue_Java: new BLASTBufferQueue, mName= VRI[InstrumentationActivityInvoker$EmptyActivity]@84390f6 mNativeObject= 0xb40000741c6364b0 caller= android.view.ViewRootImpl.updateBlastSurfaceIfNeeded:3585 android.view.ViewRootImpl.relayoutWindow:11685 android.view.ViewRootImpl.performTraversals:4804 android.view.ViewRootImpl.doTraversal:3924 android.view.ViewRootImpl$TraversalRunnable.run:12903 android.view.Choreographer$CallbackRecord.run:1901 android.view.Choreographer$CallbackRecord.run:1910 android.view.Choreographer.doCallbacks:1367 android.view.Choreographer.doFrame:1292 android.view.Choreographer$FrameDisplayEventReceiver.run:1870
04-15 09:54:07.692 20231 20231 I BLASTBufferQueue_Java: update, w= 720 h= 1544 mName = VRI[InstrumentationActivityInvoker$EmptyActivity]@84390f6 mNativeObject= 0xb40000741c6364b0 sc.mNativeObject= 0xb40000751c4f1d90 format= -1 caller= android.view.ViewRootImpl.updateBlastSurfaceIfNeeded:3590 android.view.ViewRootImpl.relayoutWindow:11685 android.view.ViewRootImpl.performTraversals:4804 android.view.ViewRootImpl.doTraversal:3924 android.view.ViewRootImpl$TraversalRunnable.run:12903 android.view.Choreographer$CallbackRecord.run:1901
04-15 09:54:07.692 20231 20231 I VRI[InstrumentationActivityInvoker$EmptyActivity]@84390f6: Relayout returned: old=(0,0,720,1544) new=(0,0,720,1544) relayoutAsync=false req=(720,1544)0 dur=6 res=0x3 s={true 0xb40000748c541e60} ch=true seqId=0
04-15 09:54:07.692 20231 20231 I VRI[InstrumentationActivityInvoker$EmptyActivity]@84390f6: performConfigurationChange setNightDimText nightDimLevel=0
04-15 09:54:07.693 20231 20231 D VRI[InstrumentationActivityInvoker$EmptyActivity]@84390f6: mThreadedRenderer.initialize() mSurface={isValid=true 0xb40000748c541e60} hwInitialized=true
04-15 09:54:07.693 20231 20231 D VRI[InstrumentationActivityInvoker$EmptyActivity]@84390f6: reportNextDraw android.view.ViewRootImpl.performTraversals:5443 android.view.ViewRootImpl.doTraversal:3924 android.view.ViewRootImpl$TraversalRunnable.run:12903 android.view.Choreographer$CallbackRecord.run:1901 android.view.Choreographer$CallbackRecord.run:1910
04-15 09:54:07.693 20231 20231 D VRI[InstrumentationActivityInvoker$EmptyActivity]@84390f6: Setup new sync=wmsSync-VRI[InstrumentationActivityInvoker$EmptyActivity]@84390f6#10
04-15 09:54:07.693 20231 20231 I VRI[InstrumentationActivityInvoker$EmptyActivity]@84390f6: Creating new active sync group VRI[InstrumentationActivityInvoker$EmptyActivity]@84390f6#11
04-15 09:54:07.693 20231 20231 D VRI[InstrumentationActivityInvoker$EmptyActivity]@84390f6: registerCallbacksForSync syncBuffer=false
04-15 09:54:07.693 20231 20267 D VRI[InstrumentationActivityInvoker$EmptyActivity]@84390f6: Received frameDrawingCallback syncResult=0 frameNum=1.
04-15 09:54:07.693 20231 20267 I VRI[InstrumentationActivityInvoker$EmptyActivity]@84390f6: mWNT: t=0xb4000074fc525d10 mBlastBufferQueue=0xb40000741c6364b0 fn= 1 HdrRenderState mRenderHdrSdrRatio=1.0 caller= android.view.ViewRootImpl$12.onFrameDraw:15441 android.view.ThreadedRenderer$1.onFrameDraw:718 <bottom of call stack>
04-15 09:54:07.693 20231 20267 I VRI[InstrumentationActivityInvoker$EmptyActivity]@84390f6: Setting up sync and frameCommitCallback
04-15 09:54:07.694 20231 20254 I BLASTBufferQueue: [VRI[InstrumentationActivityInvoker$EmptyActivity]@84390f6#5](f:0,a:0,s:0) onFrameAvailable the first frame is available
04-15 09:54:07.694 20231 20254 I VRI[InstrumentationActivityInvoker$EmptyActivity]@84390f6: Received frameCommittedCallback lastAttemptedDrawFrameNum=1 didProduceBuffer=true
04-15 09:54:07.694  1151  2479 I SurfaceFlinger: [com.catfact.app.feature.favorites.test/androidx.test.core.app.InstrumentationActivityInvoker$EmptyActivity$_20231#19118] setTransactionState with the first frame. bufferData(ID: 86891483365396, frameNumber: 1)
04-15 09:54:07.694 20231 20254 D HWUI    : CFMS:: SetUp Pid : 20231    Tid : 20254
04-15 09:54:07.695 20231 20231 D VRI[InstrumentationActivityInvoker$EmptyActivity]@84390f6: reportDrawFinished seqId=0
04-15 09:54:07.695 20231 20254 D HWUI    : HWUI - treat SMPTE_170M as sRGB
04-15 09:54:07.695 20231 20231 I ImeFocusController: onPreWindowFocus: skipped hasWindowFocus=false mHasImeFocus=true
04-15 09:54:07.695  1542  1585 D SurfaceComposerClient: setCornerRadius ## 73a700d com.catfact.app.feature.favorites.test/androidx.test.core.app.InstrumentationActivityInvoker$EmptyActivity#19117 cornerRadius=0.000000
04-15 09:54:07.695 20231 20231 I ImeFocusController: onPostWindowFocus: skipped hasWindowFocus=false mHasImeFocus=true
04-15 09:54:07.696  1542  1585 D SurfaceComposerClient: setCornerRadius ## 73a700d com.catfact.app.feature.favorites.test/androidx.test.core.app.InstrumentationActivityInvoker$EmptyActivity#19117 cornerRadius=0.000000
04-15 09:54:07.696  1542  1585 I SemDvfsHyPerManager: acquire hyper - AMS_RESUME_TAIL/1542@22, type = -999
04-15 09:54:07.696  1542  1585 I SemDvfsHyPerManager: acquire hyper - AMS_ACT_LAZY/1542@23, type = -999
04-15 09:54:07.696  1059  1180 I HYPER-HAL: [RequestManager.cpp]acquire(): Acquired ID : 1223852  [1542 / 22]    HINT : AMS_RESUME_TAIL    list :
04-15 09:54:07.696  1151  2479 I SurfaceFlinger: id=19121 createSurf, flag=84004, Transition Root: ActivityRecord{225066649 u0 com.catfact.app.feature.favorites.test/androidx.test.core.app.InstrumentationActivityInvoker$EmptyActivity t3889}#19121
04-15 09:54:07.697  1151  1151 I SurfaceFlinger: [LayerHierarchy{RequestedLayerState{8c5cec7 NavigationBar0#91 parentId=19120} 1 children}] reparent to LayerHierarchy{RequestedLayerState{Surface(name=8c5cec7 NavigationBar0)/@0xa68870 - animation-leash of insets_animation#19120 parentId=90} 1 children}
04-15 09:54:07.697  1151  1151 I SurfaceFlinger: [LayerHierarchy{RequestedLayerState{3edafdc StatusBar#95 parentId=19119} 1 children}] reparent to LayerHierarchy{RequestedLayerState{Surface(name=3edafdc StatusBar)/@0x3b919ed - animation-leash of insets_animation#19119 parentId=94} 1 children}
04-15 09:54:07.697  1151  1151 I SurfaceFlinger: [LayerHierarchy{RequestedLayerState{Surface(name=3edafdc StatusBar)/@0x3b919ed - animation-leash of insets_animation#19112} no children}] reparent to OffscreenRoot
04-15 09:54:07.697  1151  1151 I SurfaceFlinger: [LayerHierarchy{RequestedLayerState{Surface(name=3edafdc StatusBar)/@0x3b919ed - animation-leash of insets_animation#19112} no children}] RelativeParent to null
04-15 09:54:07.697  1151  1151 I SurfaceFlinger: [LayerHierarchy{RequestedLayerState{Surface(name=8c5cec7 NavigationBar0)/@0xa68870 - animation-leash of insets_animation#19113} no children}] reparent to OffscreenRoot
04-15 09:54:07.697  1151  1151 I SurfaceFlinger: [LayerHierarchy{RequestedLayerState{Surface(name=8c5cec7 NavigationBar0)/@0xa68870 - animation-leash of insets_animation#19113} no children}] RelativeParent to null
04-15 09:54:07.697  1151  1151 I SurfaceFlinger: [Surface(name=8c5cec7 NavigationBar0)/@0xa68870 - animation-leash of insets_animation#19120] attach to parent LayerHierarchy{RequestedLayerState{WindowToken{fc018e2 type=2019 android.os.BinderProxy@bda3ac4}#90 parentId=34} 1 children}
04-15 09:54:07.697  1151  1151 I SurfaceFlinger: [Transition Root: ActivityRecord{225066649 u0 com.catfact.app.feature.favorites.test/androidx.test.core.app.InstrumentationActivityInvoker$EmptyActivity t3889}#19121] attach to parent LayerHierarchy{RequestedLayerState{Task=3889#19101 parentId=10 z=13} 3 children}
04-15 09:54:07.697  1059  1180 I HYPER-HAL: [RequestManager.cpp]releaseLocked(): Released ID : 1220723
04-15 09:54:07.698  1542  1585 I SurfaceControlRegistry: show, t=StartTransaction_SyncId<1704> sc=ActivityRecord{225066649 u0 com.catfact.app.feature.favorites.test/androidx.test.core.app.InstrumentationActivityInvoker$EmptyActivity t3889}, caller=android.view.SurfaceControl$Transaction.show:3557 com.android.server.wm.Transition.onTransactionReady:2048 com.android.server.wm.BLASTSyncEngine$SyncGroup.finishNow:240 com.android.server.wm.BLASTSyncEngine.onSurfacePlacement:263 com.android.server.wm.RootWindowContainer.performSurfacePlacementNoTrace:1083 com.android.server.wm.WindowSurfacePlacer.performSurfacePlacement:166
04-15 09:54:07.698  1542  1585 D SurfaceComposerClient: setCornerRadius ## ActivityRecord{1279113 u0 com.catfact.app.feature.favorites.test/androidx.activity.ComponentActivity t3889}#19102 cornerRadius=0.000000
04-15 09:54:07.698  1542  1585 D SurfaceComposerClient: setCornerRadius ## ActivityRecord{225066649 u0 com.catfact.app.feature.favorites.test/androidx.test.core.app.InstrumentationActivityInvoker$EmptyActivity t3889}#19116 cornerRadius=0.000000
04-15 09:54:07.699  1542  1585 D SurfaceComposerClient: setCornerRadius ## 73a700d com.catfact.app.feature.favorites.test/androidx.test.core.app.InstrumentationActivityInvoker$EmptyActivity#19117 cornerRadius=0.000000
04-15 09:54:07.699  1542  1581 I ActivityTaskManager: Displayed com.catfact.app.feature.favorites.test/androidx.test.core.app.InstrumentationActivityInvoker$EmptyActivity for user 0: +36ms
04-15 09:54:07.700  2000  2105 I SurfaceControlRegistry: hide, t=FinishTransaction_SyncId<1704> sc=ActivityRecord{1279113 u0 com.catfact.app.feature.favorites.test/androidx.activity.ComponentActivity t3889}, caller=android.view.SurfaceControl$Transaction.hide:3583 com.android.wm.shell.transition.Transitions.dispatchReady:1263 com.android.wm.shell.transition.Transitions.onTransitionReady:251 com.android.wm.shell.transition.Transitions$TransitionPlayerImpl$$ExternalSyntheticLambda0.run:13 android.os.Handler.handleCallback:995 android.os.Handler.dispatchMessage:103
04-15 09:54:07.700  2000  2105 I SurfaceControlRegistry: show, t=StartTransaction_SyncId<1704> sc=ActivityRecord{225066649 u0 com.catfact.app.feature.favorites.test/androidx.test.core.app.InstrumentationActivityInvoker$EmptyActivity t3889}, caller=android.view.SurfaceControl$Transaction.show:3557 com.android.wm.shell.transition.Transitions.dispatchReady:1279 com.android.wm.shell.transition.Transitions.onTransitionReady:251 com.android.wm.shell.transition.Transitions$TransitionPlayerImpl$$ExternalSyntheticLambda0.run:13 android.os.Handler.handleCallback:995 android.os.Handler.dispatchMessage:103
04-15 09:54:07.700  3152  3152 E pageboostd: Received HALT command code 2
04-15 09:54:07.700  2000  2105 I SurfaceControlRegistry: show, t=FinishTransaction_SyncId<1704> sc=ActivityRecord{225066649 u0 com.catfact.app.feature.favorites.test/androidx.test.core.app.InstrumentationActivityInvoker$EmptyActivity t3889}, caller=android.view.SurfaceControl$Transaction.show:3557 com.android.wm.shell.transition.Transitions.dispatchReady:1330 com.android.wm.shell.transition.Transitions.onTransitionReady:251 com.android.wm.shell.transition.Transitions$TransitionPlayerImpl$$ExternalSyntheticLambda0.run:13 android.os.Handler.handleCallback:995 android.os.Handler.dispatchMessage:103
04-15 09:54:07.700  2000  2105 I SurfaceControlRegistry: show, t=StartTransaction_SyncId<1704> sc=Transition Root: ActivityRecord{225066649 u0 com.catfact.app.feature.favorites.test/androidx.test.core.app.InstrumentationActivityInvoker$EmptyActivity t3889}, caller=android.view.SurfaceControl$Transaction.show:3557 com.android.wm.shell.transition.Transitions.playTransition:79 com.android.wm.shell.transition.Transitions.processReadyQueue:239 com.android.wm.shell.transition.Transitions.dispatchReady:1352 com.android.wm.shell.transition.Transitions.onTransitionReady:251 com.android.wm.shell.transition.Transitions$TransitionPlayerImpl$$ExternalSyntheticLambda0.run:13
04-15 09:54:07.700  1542  1585 D SurfaceComposerClient: setCornerRadius ## 73a700d com.catfact.app.feature.favorites.test/androidx.test.core.app.InstrumentationActivityInvoker$EmptyActivity#19117 cornerRadius=0.000000
04-15 09:54:07.700  2000  2105 I SurfaceControlRegistry: apply, t=StartTransaction_SyncId<1704>, caller=android.view.SurfaceControl$Transaction.apply:3459 android.view.SurfaceControl$Transaction.apply:3447 android.view.SurfaceControl$Transaction.apply:3397 com.android.wm.shell.transition.DefaultTransitionHandler.startAnimation:3387 com.android.wm.shell.transition.Transitions.dispatchTransition:90 com.android.wm.shell.transition.Transitions.playTransition:774
04-15 09:54:07.701  2000  2000 D NavigationBar: onSystemBarAttributesChanged() -  displayId:0, appearance:0, packageName: com.catfact.app.feature.favorites.test, navbarColorManagedByIme:false
04-15 09:54:07.701  2000  2105 I SurfaceControlRegistry: apply, t=FinishTransaction_SyncId<1704>, caller=android.view.SurfaceControl$Transaction.apply:3459 android.view.SurfaceControl$Transaction.apply:3447 android.view.SurfaceControl$Transaction.apply:3397 com.android.wm.shell.transition.Transitions.onFinish:315 com.android.wm.shell.transition.Transitions$$ExternalSyntheticLambda7.onTransitionFinished:12 com.android.wm.shell.transition.DefaultTransitionHandler$$ExternalSyntheticLambda2.run:36
04-15 09:54:07.702  1151  1378 I SurfaceFlinger: id=19122 createSurf, flag=84000, 63bb5e3 ActivityRecordInputSink com.catfact.app.feature.favorites.test/androidx.test.core.app.InstrumentationActivityInvoker$EmptyActivity#19122
04-15 09:54:07.702  2000  2000 D SamsungLightBarControlHelper: updateNavigationBar (WHITE button) isLightOpaque:false, hasLightNavigationBarFlag:false, packageName:com.catfact.app.feature.favorites.test, DirectReplying:false, NavBarColorMangedByIme:false, ForceDarkForScrim:false, ForceLightForScrim:false, QsCustomizing:false, QsExpanded:false
04-15 09:54:07.702 20231 20254 I GSC     : SID[14] : e0e6a6990a1a5e2d, Kind: 1, time : 2.974 ms
04-15 09:54:07.706 20231 20254 I GSC     : SID[15] : a5d43e0d6582489f, Kind: 0, time : 3.103 ms
04-15 09:54:07.706  1151  1338 D SurfaceFlinger: [input] setFocusedWindow: 73a700d com.catfact.app.feature.favorites.test/androidx.test.core.app.InstrumentationActivityInvoker$EmptyActivity
04-15 09:54:07.706  1151  1151 I SurfaceFlinger: RequestedLayer [ActivityRecord{225066649 u0 com.catf[...]tyInvoker$EmptyActivity t3889}#19116] hidden!! flag  from(1) --> to(0)
04-15 09:54:07.706  1151  1151 E SurfaceFlinger: alpha changed 1.000 -> 0.000 - ActivityRecord{225066649 u0 com.catfact.app.feature.favorites.test/androidx.test.core.app.InstrumentationActivityInvoker$EmptyActivity t3889}#19116
04-15 09:54:07.706  1151  1151 I SurfaceFlinger: RequestedLayer [73a700d com.catfact.app.feature.favo[...]nActivityInvoker$EmptyActivity#19117] hidden!! flag  from(1) --> to(0)
04-15 09:54:07.706  1151  1151 I SurfaceFlinger: RequestedLayer [com.catfact.app.feature.favorites.te[...]tyInvoker$EmptyActivity$_20231#19118] hidden!! flag  from(1) --> to(0)
04-15 09:54:07.706  1151  1151 I SurfaceFlinger: RequestedLayer [Transition Root: ActivityRecord{2250[...]tyInvoker$EmptyActivity t3889}#19121] hidden!! flag  from(1) --> to(0)
04-15 09:54:07.707  1151  1151 I SurfaceFlinger: RequestedLayer [ActivityRecord{1279113 u0 com.catfac[...]ivity.ComponentActivity t3889}#19102] hidden!! flag  from(0) --> to(1)
04-15 09:54:07.707  1151  1151 E SurfaceFlinger: alpha changed 0.000 -> 1.000 - ActivityRecord{225066649 u0 com.catfact.app.feature.favorites.test/androidx.test.core.app.InstrumentationActivityInvoker$EmptyActivity t3889}#19116
04-15 09:54:07.707  1151  1151 I SurfaceFlinger: [Display 0 name="Built-in Screen"#49] setFrameRateCategory: Default
04-15 09:54:07.707  1542  3827 D InputDispatcher: Once focus requested (0): 73a700d com.catfact.app.feature.favorites.test/androidx.test.core.app.InstrumentationActivityInvoker$EmptyActivity
04-15 09:54:07.707  1542  3827 D InputDispatcher: Focus request (0): 73a700d com.catfact.app.feature.favorites.test/androidx.test.core.app.InstrumentationActivityInvoker$EmptyActivity but waiting because NOT_VISIBLE
04-15 09:54:07.707  1151  1151 I SurfaceFlinger: [LayerHierarchy{RequestedLayerState{ActivityRecord{1279113 u0 com.catfact.app.feature.favorites.test/androidx.activity.ComponentActivity t3889}#19102 parentId=19101} 3 children}] reparent to LayerHierarchy{RequestedLayerState{Task=3889#19101 parentId=10 z=13} 3 children}
04-15 09:54:07.707  1151  1151 I SurfaceFlinger: [LayerHierarchy{RequestedLayerState{ActivityRecord{225066649 u0 com.catfact.app.feature.favorites.test/androidx.test.core.app.InstrumentationActivityInvoker$EmptyActivity t3889}#19116 parentId=19101 z=1} 1 children}] reparent to LayerHierarchy{RequestedLayerState{Task=3889#19101 parentId=10 z=13} 3 children}
04-15 09:54:07.707  1151  1151 I SurfaceFlinger: [LayerHierarchy{RequestedLayerState{Transition Root: ActivityRecord{225066649 u0 com.catfact.app.feature.favorites.test/androidx.test.core.app.InstrumentationActivityInvoker$EmptyActivity t3889}#19121 z=1} no children}] reparent to OffscreenRoot
04-15 09:54:07.707  1151  1151 I SurfaceFlinger: [LayerHierarchy{RequestedLayerState{Transition Root: ActivityRecord{225066649 u0 com.catfact.app.feature.favorites.test/androidx.test.core.app.InstrumentationActivityInvoker$EmptyActivity t3889}#19121 z=1} no children}] RelativeParent to null
04-15 09:54:07.707  2000  2000 D SystemUIService: SYSUI_RAM_OPTIMIZATION onTrimMemory=20
04-15 09:54:07.707  1151  1151 I SurfaceFlinger: [63bb5e3 ActivityRecordInputSink com.catfact.app.feature.favorites.test/androidx.test.core.app.InstrumentationActivityInvoker$EmptyActivity#19122] attach to parent LayerHierarchy{RequestedLayerState{ActivityRecord{225066649 u0 com.catfact.app.feature.favorites.test/androidx.test.core.app.InstrumentationActivityInvoker$EmptyActivity t3889}#19116 parentId=19101 z=1} 2 children}
04-15 09:54:07.707  2000  2000 D CentralSurfaces: SYSUI_RAM_OPTIMIZATION onTrimMemory=20
04-15 09:54:07.707  2000  2000 D SystemUIService: SYSUI_RAM_OPTIMIZATION onTrimMemory=20
04-15 09:54:07.707  2000  2000 D CentralSurfaces: SYSUI_RAM_OPTIMIZATION onTrimMemory=20
04-15 09:54:07.708  2000  2196 D HWUI    : CacheManager::trimMemory(20)
04-15 09:54:07.708 20231 20231 I VRI[ComponentActivity]@89311a2: handleAppVisibility mAppVisible = true visible = false
04-15 09:54:07.708 20231 20231 D VRI[ComponentActivity]@89311a2: visibilityChanged oldVisibility=true newVisibility=false
04-15 09:54:07.708 20231 20231 I InsetsSourceConsumer: applyRequestedVisibilityToControl: visible=true, type=statusBars, host=com.catfact.app.feature.favorites.test/androidx.test.core.app.InstrumentationActivityInvoker$EmptyActivity
04-15 09:54:07.709 20231 20231 I InsetsSourceConsumer: applyRequestedVisibilityToControl: visible=true, type=navigationBars, host=com.catfact.app.feature.favorites.test/androidx.test.core.app.InstrumentationActivityInvoker$EmptyActivity
04-15 09:54:07.709  2000  2196 D HWUI    : CacheManager::trimMemory(20)
04-15 09:54:07.709  1151  2479 I SurfaceFlinger: id=19112 Removed Surface(name=3edafdc StatusBar)/@0x3b919ed - animation-leash of insets_animation#19112 (201)
04-15 09:54:07.710  1151  2479 I SurfaceFlinger: id=19113 Removed Surface(name=8c5cec7 NavigationBar0)/@0xa68870 - animation-leash of insets_animation#19113 (201)
04-15 09:54:07.711  1542  1585 D SurfaceComposerClient: setCornerRadius ## 73a700d com.catfact.app.feature.favorites.test/androidx.test.core.app.InstrumentationActivityInvoker$EmptyActivity#19117 cornerRadius=0.000000
04-15 09:54:07.711  2461  4179 I HoneySpace.Memory-Monitor: current state = 2, didTrim = false
04-15 09:54:07.711  1151  2479 I SurfaceFlinger: id=19121 Removed Transition Root: ActivityRecord{225066649 u0 com.catfact.app.feature.favorites.test/androidx.test.core.app.InstrumentationActivityInvoker$EmptyActivity t3889}#19121 (201)
04-15 09:54:07.711  2000  2125 D StackScroller: onDisplayChanged for predraw skip to 2
04-15 09:54:07.711  2000  2000 D DisplayLifecycle: updateDisplay id = 0
04-15 09:54:07.714  1151  1151 D SurfaceFlinger: Display 4633128672291735999 HWC layers:
04-15 09:54:07.714  1151  1151 D SurfaceFlinger:        DEVICE |           86891483365396 | 00002102 | RGBA_8888    |    0.0    0.0  720.0 1544.0 |    0    0  720 1544 | com.catfact.app.feature.favorites.te[...]tyInvoker$EmptyActivity$_20231#19118 (1)
04-15 09:54:07.714  1151  1151 D SurfaceFlinger:        DEVICE |            8589934654687 | 00002100 | RGBA_8888    |    0.0    0.0  720.0   50.0 |    0    0  720   50 | StatusBar$_2000#102 (26730)
04-15 09:54:07.714  1151  1151 D SurfaceFlinger:        DEVICE |           10569914518889 | 00002100 | RGBA_8888    |    0.0    0.0   67.0  353.0 |  653  192  720  545 | com.sec.android.app.launcher/com.sam[...]l.app.CocktailBarService$_2461#16495 (1)
04-15 09:54:07.714  1151  1151 D SurfaceFlinger:        DEVICE |            8589934654705 | 00002100 | RGBA_8888    |    0.0    0.0  720.0   90.0 |    0 1454  720 1544 | NavigationBar0$_2000#98 (17488)
04-15 09:54:07.714  1151  1151 D SurfaceFlinger:
04-15 09:54:07.714 20231 20254 D HWUI    : endAllActiveAnimators on 0xb40000748c544b70 (UnprojectedRipple) with handle 0xb40000755c540310
04-15 09:54:07.714  1542  2299 D InputDispatcher: Focus entered window (0): 73a700d com.catfact.app.feature.favorites.test/androidx.test.core.app.InstrumentationActivityInvoker$EmptyActivity
04-15 09:54:07.715  1151  1151 I SurfaceFlinger: RequestedLayer [com.catfact.app.feature.favorites.te[...]ivity.ComponentActivity$_20231#19109] hidden!! flag  from(0) --> to(1)
04-15 09:54:07.715  1542  2299 I WindowManager: Relayout Window{a4fa9e u0 com.catfact.app.feature.favorites.test/androidx.activity.ComponentActivity}: viewVisibility=8 req=720x1544 ty=1 d0
04-15 09:54:07.715  1151  1151 I SurfaceFlinger: destroyed Surface(name=3edafdc StatusBar)/@0x3b919ed - animation-leash of insets_animation#19112
04-15 09:54:07.715  1151  1151 I SurfaceFlinger: destroyed Surface(name=8c5cec7 NavigationBar0)/@0xa68870 - animation-leash of insets_animation#19113
04-15 09:54:07.715  1151  1151 I SurfaceFlinger: destroyed Transition Root: ActivityRecord{225066649 u0 com.catfact.app.feature.favorites.test/androidx.test.core.app.InstrumentationActivityInvoker$EmptyActivity t3889}#19121
04-15 09:54:07.715  1542  2299 D SurfaceComposerClient: setCornerRadius ## 73a700d com.catfact.app.feature.favorites.test/androidx.test.core.app.InstrumentationActivityInvoker$EmptyActivity#19117 cornerRadius=0.000000
04-15 09:54:07.715  1542  2299 D SurfaceComposerClient: setCornerRadius ## 73a700d com.catfact.app.feature.favorites.test/androidx.test.core.app.InstrumentationActivityInvoker$EmptyActivity#19117 cornerRadius=0.000000
04-15 09:54:07.716  1542  2299 I WindowManager: Relayout hash=a4fa9e, pid=20231, syncId=-1: mAttrs={(0,0)(fillxfill) sim={adjust=pan forwardNavigation} layoutInDisplayCutoutMode=always ty=BASE_APPLICATION wanim=0x1030317
04-15 09:54:07.716  1542  2299 I WindowManager:   fl=81810100
04-15 09:54:07.716  1542  2299 I WindowManager:   pfl=100088c0
04-15 09:54:07.716  1542  2299 I WindowManager:   apr=210
04-15 09:54:07.716  1542  2299 I WindowManager:   bhv=1
04-15 09:54:07.716  1542  2299 I WindowManager:   fitSides=0
04-15 09:54:07.716  1542  2299 I WindowManager:   frameRateBoostOnTouch=true
04-15 09:54:07.716  1542  2299 I WindowManager:   dvrrWindowFrameRateHint=true naviIconColor=0}
04-15 09:54:07.716 20231 20231 I VRI[ComponentActivity]@89311a2: Relayout returned: old=(0,0,720,1544) new=(0,0,720,1544) relayoutAsync=false req=(720,1544)8 dur=1 res=0x2 s={false 0x0} ch=true seqId=0
04-15 09:54:07.716 20231 20231 D VRI[ComponentActivity]@89311a2: Not drawing due to not visible. Reason=!mAppVisible && !mForceDecorViewVisibility
04-15 09:54:07.717  1151  1151 I Layer   : id=19112 Destroyed Surface(name=3edafdc StatusBar)/@0x3b919ed - animation-leash of insets_animation#19112
04-15 09:54:07.717  1151  1151 I Layer   : id=19113 Destroyed Surface(name=8c5cec7 NavigationBar0)/@0xa68870 - animation-leash of insets_animation#19113
04-15 09:54:07.717 20231 20231 I VRI[ComponentActivity]@89311a2: stopped(true) old = false
04-15 09:54:07.717 20231 20231 D VRI[ComponentActivity]@89311a2: WindowStopped on com.catfact.app.feature.favorites.test/androidx.activity.ComponentActivity set to true
04-15 09:54:07.717  1151  1151 I Layer   : id=19121 Destroyed Transition Root: ActivityRecord{225066649 u0 com.catfact.app.feature.favorites.test/androidx.test.core.app.InstrumentationActivityInvoker$EmptyActivity t3889}#19121
04-15 09:54:07.717 20231 20231 D LifecycleMonitor: Lifecycle status change: androidx.activity.ComponentActivity@cf44b9f in: STOPPED
04-15 09:54:07.717 20231 20231 V ActivityScenario: Update currentActivityStage to STOPPED, currentActivity=androidx.activity.ComponentActivity@cf44b9f
04-15 09:54:07.722 20231 20231 W WindowOnBackDispatcher: sendCancelIfRunning: isInProgress=false callback=android.app.Activity$$ExternalSyntheticLambda0@3b4a5ee
04-15 09:54:07.722 20231 20231 D LifecycleMonitor: Lifecycle status change: androidx.activity.ComponentActivity@cf44b9f in: DESTROYED
04-15 09:54:07.722 20231 20231 V ActivityScenario: Update currentActivityStage to DESTROYED, currentActivity=null
04-15 09:54:07.723 20231 20231 D ViewRootImpl: Skipping stats log for color mode
04-15 09:54:07.723 20231 20231 I VRI[ComponentActivity]@89311a2: dispatchDetachedFromWindow
04-15 09:54:07.723  1542  4025 D InputTransport: Input channel destroyed: 'a4fa9e ', fd=972
04-15 09:54:07.724  1151  2479 I SurfaceFlinger: id=19123 createSurf, flag=24004, Surface(name=1d7a05f InputMethod)/@0x5f77a9d - animation-leash of insets_animation#19123
04-15 09:54:07.726  1542  4025 I ImeTracker: system_server:e627c93a: onRequestHide at ORIGIN_SERVER reason IME_REQUESTED_CHANGED_LISTENER fromUser false
04-15 09:54:07.726  1542  4025 D SurfaceComposerClient: setCornerRadius ## 73a700d com.catfact.app.feature.favorites.test/androidx.test.core.app.InstrumentationActivityInvoker$EmptyActivity#19117 cornerRadius=0.000000
04-15 09:54:07.726  1542  1584 I ImeTracker: system_server:e627c93a: onCancelled at PHASE_SERVER_SHOULD_HIDE
04-15 09:54:07.726  1542  4025 D SurfaceComposerClient: setCornerRadius ## 73a700d com.catfact.app.feature.favorites.test/androidx.test.core.app.InstrumentationActivityInvoker$EmptyActivity#19117 cornerRadius=0.000000
04-15 09:54:07.726 20231 20231 D InputTransport: Input channel destroyed: 'a4fa9e ', fd=122
04-15 09:54:07.726  1542  1585 D SurfaceComposerClient: setCornerRadius ## 73a700d com.catfact.app.feature.favorites.test/androidx.test.core.app.InstrumentationActivityInvoker$EmptyActivity#19117 cornerRadius=0.000000
04-15 09:54:07.727  1151  2479 I SurfaceFlinger: id=19108 Removed eacae53 ActivityRecordInputSink com.catfact.app.feature.favorites.test/androidx.activity.ComponentActivity#19108 (199)
04-15 09:54:07.730  2000  2105 D ShellDesktopMode: handleRequest: TransitionRequestInfo {type=2, tid=3889, debugId=1705}
04-15 09:54:07.731  1542  1585 I SurfaceControl: apply, lowDebugName=reparent_to_imeParent, caller=android.view.SurfaceControl$Transaction.apply:3447 android.view.SurfaceControl$Transaction.apply:3397 com.android.server.wm.WindowAnimator.animate:307 com.android.server.wm.WindowAnimator$$ExternalSyntheticLambda1.doFrame:14 android.view.Choreographer$CallbackRecord.run:1899 android.view.Choreographer$CallbackRecord.run:1910
04-15 09:54:07.731  1151  1151 I SurfaceFlinger: [Surface(name=1d7a05f InputMethod)/@0x5f77a9d - animation-leash of insets_animation#19123] attach to parent LayerHierarchy{RequestedLayerState{WindowToken{d080c22 type=2011 android.os.Binder@459a5ed}#120 parentId=15} 2 children}
04-15 09:54:07.732  2461  2584 I HoneySpace.TopTaskSource: onTaskMovedToFront : taskId = 3514, displayId = 0
04-15 09:54:07.732  2461  2586 I HoneySpace.TopTaskUseCase: topTasks 3514 ComponentInfo{com.sec.android.app.launcher/com.sec.android.app.launcher.Launcher}[displayId=0]
04-15 09:54:07.732  2461  2584 I HoneySpace.TopTaskSource: onTaskMovedToFront : taskId = 3801, displayId = 0
04-15 09:54:07.733  2461  2586 I HoneySpace.TopTaskUseCase: topTasks 3801 ComponentInfo{com.google.android.calendar/com.google.android.calendar.allinone.AllInOneCalendarActivity}[displayId=0]
04-15 09:54:07.733 20231 20231 D VRI[InstrumentationActivityInvoker$EmptyActivity]@84390f6: mThreadedRenderer.initializeIfNeeded()#2 mSurface={isValid=true 0xb40000748c541e60}
04-15 09:54:07.733  2461  4179 I HoneySpace.RecentTasks: onRecentTasksChanged
04-15 09:54:07.733 20231 20231 D InputMethodManagerUtils: startInputInner - Id : 0
04-15 09:54:07.733 20231 20231 I InputMethodManager: startInputInner - IInputMethodManagerGlobalInvoker.startInputOrWindowGainedFocus
04-15 09:54:07.734 20231 20231 D LifecycleMonitor: Lifecycle status change: androidx.test.core.app.InstrumentationActivityInvoker$EmptyActivity@2364859 in: PAUSED
04-15 09:54:07.734 20231 20231 V ActivityScenario: Activity lifecycle changed event received but ignored because the intent does not match. startActivityIntent=Intent { act=android.intent.action.MAIN cat=[android.intent.category.LAUNCHER] flg=0x10008000 cmp=com.catfact.app.feature.favorites.test/androidx.activity.ComponentActivity }, activity.getIntent()=Intent { act=android.intent.action.MAIN cat=[android.intent.category.LAUNCHER] flg=0x10000000 xflg=0x4 cmp=com.catfact.app.feature.favorites.test/androidx.test.core.app.InstrumentationActivityInvoker$EmptyActivity }, activity=androidx.test.core.app.InstrumentationActivityInvoker$EmptyActivity@2364859
04-15 09:54:07.734  1542  4025 I SemDvfsHyPerManager: acquire hyper - AMS_ACT_RESUME/1542@19, type = -999
04-15 09:54:07.735  1059  1180 I HYPER-HAL: [RequestManager.cpp]acquire(): Acquired ID : 1219160  [1542 / 19]    HINT : AMS_ACT_RESUME    list :
04-15 09:54:07.736  1542  4025 D InputDispatcher: Focused application(0): ActivityRecord{243114305 u0 com.google.android.calendar/.allinone.AllInOneCalendarActivity t3801}
04-15 09:54:07.736  1542  1825 D AS.MultiSoundManager: mForegroundUid = 10279
04-15 09:54:07.737  2000  2120 D ViewRootImpl: desktopMode is false
04-15 09:54:07.737  2000  2120 I ViewRootImpl: dVRR is disabled
04-15 09:54:07.737  2000  2196 D NativeCustomFrequencyManager: [NativeCFMS] BpCustomFrequencyManager::BpCustomFrequencyManager()
04-15 09:54:07.738  1542  1598 W libprocessgroup: SetCgroup::ExecuteForProcess: failed to open /dev/cpuctl/foreground-boost/cgroup.procs: No such file or directory
04-15 09:54:07.739  1542  4030 D InputTransport: Input channel constructed: 'b7f3a6c', fd=972
04-15 09:54:07.739  1542  4030 D InputTransport: Input channel constructed: 'b7f3a6c', fd=1178
04-15 09:54:07.739  1542  4030 D InputTransport: Input channel constructed: 'b7f3a6c', fd=1256
04-15 09:54:07.739  1542  4030 D InputTransport: Input channel destroyed: 'b7f3a6c', fd=1178
04-15 09:54:07.740  1151  2758 I SurfaceFlinger: id=19124 createSurf, flag=84004, b7f3a6c Splash Screen com.google.android.calendar#19124
04-15 09:54:07.740  1151  1151 I SurfaceFlinger: RequestedLayer [Surface(name=1d7a05f InputMethod)/@0[...]tion-leash of insets_animation#19123] hidden!! flag  from(1) --> to(0)
04-15 09:54:07.740  1151  1151 E SurfaceFlinger: alpha changed 1.000 -> 0.000 - Surface(name=1d7a05f InputMethod)/@0x5f77a9d - animation-leash of insets_animation#19123
04-15 09:54:07.740  1151  1151 I SurfaceFlinger: [Display 0 name="Built-in Screen"#49] setFrameRateCategory: High
04-15 09:54:07.740  1151  1151 I SurfaceFlinger: [LayerHierarchy{RequestedLayerState{ImeContainer#15 parentId=14 relativeParentId=14 z=1} 1 children}] reparent to LayerHierarchy{RequestedLayerState{ImePlaceholder:13:14#14 parentId=9 z=2} 1 children}
04-15 09:54:07.740  1151  1151 I SurfaceFlinger: [LayerHierarchy{RequestedLayerState{ImeContainer#15 parentId=14 relativeParentId=14 z=1} 1 children}] RelativeParent to null
04-15 09:54:07.740  1151  1151 I SurfaceFlinger: [LayerHierarchy{RequestedLayerState{1d7a05f InputMethod#134 parentId=19123} no children}] reparent to LayerHierarchy{RequestedLayerState{Surface(name=1d7a05f InputMethod)/@0x5f77a9d - animation-leash of insets_animation#19123 parentId=120} 1 children}
04-15 09:54:07.740  1151  1151 I SurfaceFlinger: [LayerHierarchy{RequestedLayerState{a4fa9e com.catfact.app.feature.favorites.test/androidx.activity.ComponentActivity#19107} 1 children}] reparent to OffscreenRoot
04-15 09:54:07.740  1151  1151 I SurfaceFlinger: [LayerHierarchy{RequestedLayerState{a4fa9e com.catfact.app.feature.favorites.test/androidx.activity.ComponentActivity#19107} 1 children}] RelativeParent to null
04-15 09:54:07.740  1151  1151 I SurfaceFlinger: [LayerHierarchy{RequestedLayerState{Surface(name=1d7a05f InputMethod)/@0x5f77a9d - animation-leash of insets_animation#19115} no children}] reparent to OffscreenRoot
04-15 09:54:07.740  1151  1151 I SurfaceFlinger: [LayerHierarchy{RequestedLayerState{Surface(name=1d7a05f InputMethod)/@0x5f77a9d - animation-leash of insets_animation#19115} no children}] RelativeParent to null
04-15 09:54:07.740  1151  1151 I SurfaceFlinger: [LayerHierarchy{RequestedLayerState{ActivityRecord{1279113 u0 com.catfact.app.feature.favorites.test/androidx.activity.ComponentActivity t3889}#19102} 1 children}] reparent to OffscreenRoot
04-15 09:54:07.740  1151  1151 I SurfaceFlinger: [LayerHierarchy{RequestedLayerState{ActivityRecord{1279113 u0 com.catfact.app.feature.favorites.test/androidx.activity.ComponentActivity t3889}#19102} 1 children}] RelativeParent to null
04-15 09:54:07.740  1151  1151 I SurfaceFlinger: [LayerHierarchy{RequestedLayerState{com.catfact.app.feature.favorites.test/androidx.activity.ComponentActivity$_20231#19109} no children}] reparent to OffscreenRoot
04-15 09:54:07.740  1151  1151 I SurfaceFlinger: [LayerHierarchy{RequestedLayerState{com.catfact.app.feature.favorites.test/androidx.activity.ComponentActivity$_20231#19109} no children}] RelativeParent to null
04-15 09:54:07.740  1151  1151 I SurfaceFlinger: [b7f3a6c Splash Screen com.google.android.calendar#19124] attach to parent LayerHierarchy{RequestedLayerState{ActivityRecord{243114305 u0 com.google.android.calendar/.allinone.AllInOneCalendarActivity t3801}#16293 parentId=16292} 2 children}
04-15 09:54:07.741  1542  4025 D GraphicsStatsService: requestRenderEngineFor(com.google.android.calendar)
04-15 09:54:07.742  1542  4030 D InputTransport: Input channel destroyed: 'b7f3a6c', fd=1256
04-15 09:54:07.742 20231 20245 D IdlingRegistry: Unregistering idling resources: [androidx.compose.ui.test.EspressoLink@e7150cb]
04-15 09:54:07.742  2000  2120 D InputTransport: Input channel constructed: 'b7f3a6c', fd=700
04-15 09:54:07.742  2000  2120 I InsetsController: onStateChanged: host=Splash Screen com.google.android.calendar, from=android.view.ViewRootImpl.onInsetsStateChanged:3026, state=InsetsState: {mDisplayFrame=Rect(0, 0 - 720, 1544), mDisplayCutout=DisplayCutout{insets=Rect(0, 50 - 0, 0) waterfall=Insets{left=0, top=0, right=0, bottom=0} boundingRect={Bounds=[Rect(0, 0 - 0, 0), Rect(341, 0 - 379, 50), Rect(0, 0 - 0, 0), Rect(0, 0 - 0, 0)]} cutoutPathParserInfo={CutoutPathParserInfo{displayWidth=720 displayHeight=1544 physicalDisplayWidth=720 physicalDisplayHeight=1544 density={1.875} cutoutSpec={M 0,0 H -10 V 26.66666666666667 H 10 V 0 H 0 Z @dp} rotation={0} scale={1.0} physicalPixelDisplaySizeRatio={1.0}}} sideOverrides={}}, mRoundedCorners=RoundedCorners{[RoundedCorner{position=TopLeft, radius=8, center=Point(8, 8)}, RoundedCorner{position=TopRight, radius=8, center=Point(712, 8)}, RoundedCorner{position=BottomRight, radius=8, center=Point(712, 1536)}, RoundedCorner{position=BottomLeft, radius=8, center=Point(8, 1536)}]}  mRoundedCornerFrame=Rect(0, 0 - 720, 1544), mPrivacyIndicatorBounds=PrivacyIndicatorBounds {static bounds=Rect(637, 0 - 720, 50) rotation=0}, mDisplayShape=DisplayShape{ spec=-311912193 displayWidth=720 displayHeight=1544 physicalPixelDisplaySizeRatio=0.5 rotation=0 offsetX=0 offsetY=0 scale=1.0}, mSources= { InsetsSource: {ec730001 mType=navigationBars mFrame=[0,1454][720,1544] mVisible=true mFlags= mSideHint=BOTTOM mBoundingRects=null}, InsetsSource: {ec730004 mType=systemGestures mFrame=[0,0][0,0] mVisible=true mFlags= mSideHint=NONE mBoundingRects=null}, InsetsSource: {ec730005 mType=mandatorySystemGestures mFrame=[0,1454][720,1544] mVisible=true mFlags= mSideHint=BOTTOM mBoundingRects=null}, InsetsSource: {ec730006 mType=tappableElement mFrame=[0,1454][720,1544] mVisible=true mFlags= mSideHint=BOTTOM mBoundingRects=null}, InsetsSource: {ec730024 mType=systemGestures mFrame=[0,0][0,0] mVisible=true mFlags= mSideHint=NONE mBoundingRects=null}, InsetsSource: {3 mType=ime mFrame=[0,0][0,0] mVisible=false mFlags= mSideHint=NONE mBoundingRects=null}, InsetsSource: {27 mType=displayCutout mFrame=[0,0][720,50] mVisible=true mFlags= mSideHint=TOP mBoundingRects=null}, InsetsSource: {43950000 mType=statusBars mFrame=[0,0][720,50] mVisible=true mFlags= mSideHint=TOP mBoundingRects=null}, InsetsSource: {43950005 mType=mandatorySystemGestures mFrame=[0,0][720,73] mVisible=true mFlags= mSideHint=TOP mBoundingRects=null}, InsetsSource: {43950006 mType=tappableElement mFrame=[0,0][720,50] mVisible=true mFlags= mSideHint=TOP mBoundingRects=null} }
04-15 09:54:07.742  1151  1151 I BpBinder: onLastStrongRef automatically unlinking death recipients:
04-15 09:54:07.742  2000  2120 I VRI[calendar]@fb83f1: onActiveControlsChanged, removed=false, mAdded=true, caller=android.view.ViewRootImpl.handleInsetsControlChanged:3002 android.view.ViewRootImpl.setView:2014 android.view.WindowManagerGlobal.addView:604 com.android.wm.shell.startingsurface.SplashscreenWindowCreator.addWindow:38 com.android.wm.shell.startingsurface.StartingWindowController$$ExternalSyntheticLambda4.run:1365
04-15 09:54:07.743  2000  2120 I VRI[calendar]@fb83f1: synced displayState. AttachInfo displayState=2
04-15 09:54:07.743  2000  2120 I VRI[calendar]@fb83f1: setView = android.widget.FrameLayout@a6a6d44 IsHRR=false mFlingFrameRateChange=0 TM=true
04-15 09:54:07.743  1151  2479 I SurfaceFlinger: id=19107 Removed a4fa9e com.catfact.app.feature.favorites.test/androidx.activity.ComponentActivity#19107 (200)
04-15 09:54:07.743  1151  2479 I SurfaceFlinger: id=19115 Removed Surface(name=1d7a05f InputMethod)/@0x5f77a9d - animation-leash of insets_animation#19115 (200)
04-15 09:54:07.743  1151  2479 I SurfaceFlinger: id=19109 Removed com.catfact.app.feature.favorites.test/androidx.activity.ComponentActivity$_20231#19109 (200)
04-15 09:54:07.744  2000  2196 D HWUI    : HWUI - treat SMPTE_170M as sRGB
04-15 09:54:07.745  1542  4030 I WindowManager: Relayout Window{b7f3a6c u0 Splash Screen com.google.android.calendar}: viewVisibility=0 req=720x1544 ty=3 d0
04-15 09:54:07.745  1151  2479 I SurfaceFlinger: id=19125 createSurf, flag=44004, Splash Screen com.google.android.calendar$_2000#19125
04-15 09:54:07.746 20231 20245 I TestRunner: finished: errorBannerAppearsAndDismissWorks(com.catfact.app.feature.favorites.presentation.FavoritesScreenTest)
