04-15 09:54:09.003  1542  1585 I SurfaceControlRegistry: show, t=StartTransaction_SyncId<1708> sc=ActivityRecord{243114305 u0 com.google.android.calendar/.allinone.AllInOneCalendarActivity t3801}, caller=android.view.SurfaceControl$Transaction.show:3557 com.android.server.wm.Transition.onTransactionReady:2048 com.android.server.wm.BLASTSyncEngine$SyncGroup.finishNow:240 com.android.server.wm.BLASTSyncEngine.onSurfacePlacement:263 com.android.server.wm.RootWindowContainer.performSurfacePlacementNoTrace:1083 com.android.server.wm.WindowSurfacePlacer.performSurfacePlacement:166
04-15 09:54:09.003  1542  1585 D SurfaceComposerClient: setCornerRadius ## Task=3890#19137 cornerRadius=0.000000
04-15 09:54:09.003  1542  1585 D SurfaceComposerClient: setCornerRadius ## Task=3801#16292 cornerRadius=0.000000
04-15 09:54:09.004  1542  1585 D ScreenCapture: [Capture_TEST] : setIsScreenShotBySystem false
04-15 09:54:09.004  1542  1585 I SurfaceComposerClient: captureLayers:childrenOnly:1, sync:1
04-15 09:54:09.005  2000  2105 I SurfaceControlRegistry: hide, t=FinishTransaction_SyncId<1708> sc=Task=3890, caller=android.view.SurfaceControl$Transaction.hide:3583 com.android.wm.shell.transition.Transitions.dispatchReady:1263 com.android.wm.shell.transition.Transitions.onTransitionReady:251 com.android.wm.shell.transition.Transitions$TransitionPlayerImpl$$ExternalSyntheticLambda0.run:13 android.os.Handler.handleCallback:995 android.os.Handler.dispatchMessage:103
04-15 09:54:09.005  2000  2105 I SurfaceControlRegistry: show, t=StartTransaction_SyncId<1708> sc=Task=3801, caller=android.view.SurfaceControl$Transaction.show:3557 com.android.wm.shell.transition.Transitions.dispatchReady:1279 com.android.wm.shell.transition.Transitions.onTransitionReady:251 com.android.wm.shell.transition.Transitions$TransitionPlayerImpl$$ExternalSyntheticLambda0.run:13 android.os.Handler.handleCallback:995 android.os.Handler.dispatchMessage:103
04-15 09:54:09.005  2000  2105 I SurfaceControlRegistry: show, t=FinishTransaction_SyncId<1708> sc=Task=3801, caller=android.view.SurfaceControl$Transaction.show:3557 com.android.wm.shell.transition.Transitions.dispatchReady:1330 com.android.wm.shell.transition.Transitions.onTransitionReady:251 com.android.wm.shell.transition.Transitions$TransitionPlayerImpl$$ExternalSyntheticLambda0.run:13 android.os.Handler.handleCallback:995 android.os.Handler.dispatchMessage:103
04-15 09:54:09.005  2000  2105 I SurfaceControlRegistry: show, t=StartTransaction_SyncId<1708> sc=Transition Root: Task=3801, caller=android.view.SurfaceControl$Transaction.show:3557 com.android.wm.shell.transition.Transitions.playTransition:79 com.android.wm.shell.transition.Transitions.processReadyQueue:239 com.android.wm.shell.transition.Transitions.dispatchReady:1352 com.android.wm.shell.transition.Transitions.onTransitionReady:251 com.android.wm.shell.transition.Transitions$TransitionPlayerImpl$$ExternalSyntheticLambda0.run:13
04-15 09:54:09.006  1151  2758 I SurfaceFlinger: id=19162 createSurf, flag=20004, DimTransitionLayer for Surface(name=Task=3890)/@0x40bdbb7#19162
04-15 09:54:09.006  2000  2105 I SurfaceControlRegistry: show, t=StartTransaction_SyncId<1708> sc=DimTransitionLayer for Surface(name=Task=3890)/@0x40bdbb7, caller=android.view.SurfaceControl$Transaction.show:3557 com.android.wm.shell.transition.DefaultTransitionHandler.startAnimation:2931 com.android.wm.shell.transition.Transitions.dispatchTransition:90 com.android.wm.shell.transition.Transitions.playTransition:774 com.android.wm.shell.transition.Transitions.processReadyQueue:239 com.android.wm.shell.transition.Transitions.dispatchReady:1352
04-15 09:54:09.006  3723  4249 E [AirCmd]_MediaControlStateMonitor: getActiveNotificationPackageName : notification service monitor is null
04-15 09:54:09.006  3723  4249 I [AirCmd]_ButtonEventDetectionThread: enableDoubleClickDetection: enabled= true, doubleClickWaitInterval=300
04-15 09:54:09.006  2000  2105 I SurfaceControlRegistry: apply, t=StartTransaction_SyncId<1708>, caller=android.view.SurfaceControl$Transaction.apply:3459 android.view.SurfaceControl$Transaction.apply:3447 android.view.SurfaceControl$Transaction.apply:3397 com.android.wm.shell.transition.DefaultTransitionHandler.startAnimation:3387 com.android.wm.shell.transition.Transitions.dispatchTransition:90 com.android.wm.shell.transition.Transitions.playTransition:774
04-15 09:54:09.006  1151  1151 I SurfaceFlinger: [Transition Root: Task=3801#19161] attach to parent LayerHierarchy{RequestedLayerState{DefaultTaskDisplayArea_d0#10 parentId=9} 17 children}
04-15 09:54:09.007  1151  1151 I SurfaceFlinger: [DimTransitionLayer for Surface(name=Task=3890)/@0x40bdbb7#19162] attach to parent LayerHierarchy{RequestedLayerState{Transition Root: Task=3801#19161 parentId=10} 1 children}
04-15 09:54:09.007  1151  1378 I SurfaceFlinger: Capture layer list: 	 com.catfact.app.feature.favorites.test/androidx.test.core.app.InstrumentationActivityInvoker$EmptyActivity$_20231#19154(seamlessTransition:0)
04-15 09:54:09.007  1151  1378 I CompositionEngine: [setDisplaySize] size=(720, 1544)
04-15 09:54:09.008  1151  1206 D RenderEngine: [SEC_SF_EFFECTS] drawLayersInternal,1494, Rendering layer ScreenCaptureFillLayer at index 0
04-15 09:54:09.008  1151  1206 D RenderEngine: [SEC_SF_EFFECTS] drawLayersInternal,1494, Rendering layer com.catfact.app.feature.favorites.test/androidx.test.core.app.InstrumentationActivityInvoker$EmptyActivity$_20231#19154 at index 1
04-15 09:54:09.013  1151  1151 I SurfaceFlinger: RequestedLayer [9d350dc Splash Screen com.google.android.calendar#19159] hidden!! flag  from(1) --> to(0)
04-15 09:54:09.014  1151  1151 I SurfaceFlinger: RequestedLayer [Splash Screen com.google.android.calendar$_2000#19160] hidden!! flag  from(1) --> to(0)
04-15 09:54:09.014  1151  1151 I SurfaceFlinger: RequestedLayer [Task=3801#16292] hidden!! flag  from(1) --> to(0)
04-15 09:54:09.014  1151  1151 I SurfaceFlinger: RequestedLayer [Transition Root: Task=3801#19161] hidden!! flag  from(1) --> to(0)
04-15 09:54:09.014  1151  1151 I SurfaceFlinger: RequestedLayer [ActivityRecord{243114305 u0 com.goog[...]llInOneCalendarActivity t3801}#16293] hidden!! flag  from(1) --> to(0)
04-15 09:54:09.014  1151  1151 I SurfaceFlinger: RequestedLayer [DimTransitionLayer for Surface(name=Task=3890)/@0x40bdbb7#19162] hidden!! flag  from(1) --> to(0)
04-15 09:54:09.014  1151  1151 E SurfaceFlinger: alpha changed 1.000 -> 0.000 - DimTransitionLayer for Surface(name=Task=3890)/@0x40bdbb7#19162
04-15 09:54:09.014  1151  1151 E SurfaceFlinger: alpha changed 0.000 -> 0.180 - DimTransitionLayer for Surface(name=Task=3890)/@0x40bdbb7#19162
04-15 09:54:09.014  1151  1151 I SurfaceFlinger: [LayerHierarchy{RequestedLayerState{Task=3801#16292 parentId=19161 z=3} 1 children}] reparent to LayerHierarchy{RequestedLayerState{Transition Root: Task=3801#19161 parentId=10 z=13} 2 children}
04-15 09:54:09.014  1151  1151 I SurfaceFlinger: [LayerHierarchy{RequestedLayerState{Task=3890#19137 parentId=19161 z=4} 2 children}] reparent to LayerHierarchy{RequestedLayerState{Transition Root: Task=3801#19161 parentId=10 z=13} 3 children}
04-15 09:54:09.014  1151  1151 I SurfaceFlinger: [LayerHierarchy{RequestedLayerState{DimTransitionLayer for Surface(name=Task=3890)/@0x40bdbb7#19162 parentId=19161 relativeParentId=19137 z=-1} no children}] RelativeParent to LayerHierarchy{RequestedLayerState{Task=3890#19137 parentId=19161 z=4} 3 children}
04-15 09:54:09.025  1542  2101 D SyncManager: userId - 0 auto - true
04-15 09:54:09.034  3979  3988 I ndroid.calendar: CollectorTransition concurrent mark compact GC freed 10MB AllocSpace bytes, 1(16KB) LOS objects, 66% free, 17MB/52MB, paused 1.615ms,4.599ms total 173.855ms
04-15 09:54:09.039  3979  4808 D HWUI    : CacheManager::trimMemory(20)
04-15 09:54:09.039  1542  2101 D SyncManager: userId - 0 auto - true
04-15 09:54:09.039  1151  1151 D SurfaceFlinger: Display 4633128672291735999 HWC layers:
04-15 09:54:09.039  1151  1151 D SurfaceFlinger:        DEVICE |            8589934656132 | 00002100 | RGBA_8888    |  219.0    0.0  720.0 1544.0 |    0    0  501 1544 | Splash Screen com.google.android.calendar$_2000#19160 (1)
04-15 09:54:09.039  1151  1151 D SurfaceFlinger:   SOLID_COLOR |                        0 | 00000000 | N/A          |    0.0    0.0    0.0    0.0 |    0    0  720 1544 | DimTransitionLayer for Surface(name=Task=3890)/@0x40bdbb7#19162 (0)
04-15 09:54:09.039  1151  1151 D SurfaceFlinger:        DEVICE |           86891483365404 | 00002102 | RGBA_8888    |    0.0    0.0  699.0 1544.0 |   21    0  720 1544 | com.catfact.app.feature.favorites.te[...]tyInvoker$EmptyActivity$_20231#19154 (1)
04-15 09:54:09.039  1151  1151 D SurfaceFlinger:        DEVICE |            8589934654704 | 00002100 | RGBA_8888    |    0.0    0.0  720.0   50.0 |    0    0  720   50 | StatusBar$_2000#102 (26763)
04-15 09:54:09.039  1151  1151 D SurfaceFlinger:        DEVICE |           10569914518889 | 00002100 | RGBA_8888    |    0.0    0.0   67.0  353.0 |  653  192  720  545 | com.sec.android.app.launcher/com.sam[...]l.app.CocktailBarService$_2461#16495 (1)
04-15 09:54:09.039  1151  1151 D SurfaceFlinger:        DEVICE |            8589934654691 | 00002100 | RGBA_8
04-15 09:54:09.039  1151  1151 D SurfaceFlinger: 888    |    0.0    0.0  720.0   90.0 |    0 1454  720 1544 | NavigationBar0$_2000#98 (17529)
04-15 09:54:09.039  1151  1151 D SurfaceFlinger:
04-15 09:54:09.042  1542  2299 D SyncManager: userId - 0 auto - true
04-15 09:54:09.042  3979  4808 D HWUI    : CacheManager::trimMemory(20)
04-15 09:54:09.049  1542  3827 D SyncManager: userId - 0 auto - true
04-15 09:54:09.051  1542  4030 D SyncManager: userId - 0 auto - true
04-15 09:54:09.051  3979  3979 D ViewRootImpl: desktopMode is false
04-15 09:54:09.051  3979  3979 I ViewRootImpl: dVRR is disabled
04-15 09:54:09.051  3979  4808 D NativeCustomFrequencyManager: [NativeCFMS] BpCustomFrequencyManager::BpCustomFrequencyManager()
04-15 09:54:09.053  1542  4001 D InputTransport: Input channel constructed: '140f472', fd=1256
04-15 09:54:09.053  1542  4001 D InputTransport: Input channel constructed: '140f472', fd=1274
04-15 09:54:09.053  1542  4001 D InputTransport: Input channel constructed: '140f472', fd=1277
04-15 09:54:09.053  1542  4001 D InputTransport: Input channel destroyed: '140f472', fd=1274
04-15 09:54:09.053  1151  2758 I SurfaceFlinger: id=19163 createSurf, flag=84004, 140f472 com.google.android.calendar/com.google.android.calendar.allinone.AllInOneCalendarActivity#19163
04-15 09:54:09.054  1542  4001 D InputTransport: Input channel destroyed: '140f472', fd=1277
04-15 09:54:09.055  3979  3979 D InputTransport: Input channel constructed: '140f472', fd=169
04-15 09:54:09.056  3979  3979 I InsetsController: onStateChanged: host=com.google.android.calendar/com.google.android.calendar.allinone.AllInOneCalendarActivity, from=android.view.ViewRootImpl.onInsetsStateChanged:3026, state=InsetsState: {mDisplayFrame=Rect(0, 0 - 720, 1544), mDisplayCutout=DisplayCutout{insets=Rect(0, 50 - 0, 0) waterfall=Insets{left=0, top=0, right=0, bottom=0} boundingRect={Bounds=[Rect(0, 0 - 0, 0), Rect(341, 0 - 379, 50), Rect(0, 0 - 0, 0), Rect(0, 0 - 0, 0)]} cutoutPathParserInfo={CutoutPathParserInfo{displayWidth=720 displayHeight=1544 physicalDisplayWidth=720 physicalDisplayHeight=1544 density={1.875} cutoutSpec={M 0,0 H -10 V 26.66666666666667 H 10 V 0 H 0 Z @dp} rotation={0} scale={1.0} physicalPixelDisplaySizeRatio={1.0}}} sideOverrides={}}, mRoundedCorners=RoundedCorners{[RoundedCorner{position=TopLeft, radius=8, center=Point(8, 8)}, RoundedCorner{position=TopRight, radius=8, center=Point(712, 8)}, RoundedCorner{position=BottomRight, radius=8, center=Point(712, 1536)}, RoundedCorner{position=BottomLeft, radius=8, center=Point(8, 1536)}]}  mRoundedCornerFrame=Rect(0, 0 - 720, 1544), mPrivacyIndicatorBounds=PrivacyIndicatorBounds {static bounds=Rect(637, 0 - 720, 50) rotation=0}, mDisplayShape=DisplayShape{ spec=-311912193 displayWidth=720 displayHeight=1544 physicalPixelDisplaySizeRatio=0.5 rotation=0 offsetX=0 offsetY=0 scale=1.0}, mSources= { InsetsSource: {ec730001 mType=navigationBars mFrame=[0,1454][720,1544] mVisible=true mFlags= mSideHint=BOTTOM mBoundingRects=null}, InsetsSource: {ec730004 mType=systemGestures mFrame=[0,0][0,0] mVisible=true mFlags= mSideHint=NONE mBoundingRects=null}, InsetsSource: {ec730005 mType=mandatorySystemGestures mFrame=[0,1454][720,1544] mVisible=true mFlags= mSideHint=BOTTOM mBoundingRects=null}, InsetsSource: {ec730006 mType=tappableElement mFrame=[0,1454][720,1544] mVisible=true mFlags= mSideHint=BOTTOM mBoundingRects=null}, InsetsSource: {ec730024 mType=systemGestures mFrame=[0,0][0,0] mVisible=true mFlags= mSideHint=NONE mBoundingRects=null}, InsetsSource: {3 mType=ime mFrame=[0,0][0,0] mVisible=false mFlags= mSideHint=NONE mBoundingRects=null}, InsetsSource: {27 mType=displayCutout mFrame=[0,0][720,50] mVisible=true mFlags= mSideHint=TOP mBoundingRects=null}, InsetsSource: {43950000 mType=statusBars mFrame=[0,0][720,50] mVisible=true mFlags= mSideHint=TOP mBoundingRects=null}, InsetsSource: {43950005 mType=mandatorySystemGestures mFrame=[0,0][720,73] mVisible=true mFlags= mSideHint=TOP mBoundingRects=null}, InsetsSource: {43950006 mType=tappableElement mFrame=[0,0][720,50] mVisible=true mFlags= mSideHint=TOP mBoundingRects=null} }
04-15 09:54:09.056  3979  3979 I VRI[AllInOneCalendarActivity]@a9ecbe4: synced displayState. AttachInfo displayState=2
04-15 09:54:09.057  3979  3979 I VRI[AllInOneCalendarActivity]@a9ecbe4: setView = com.android.internal.policy.DecorView@2164a6f IsHRR=false mFlingFrameRateChange=0 TM=true
04-15 09:54:09.057  1151  1151 I SurfaceFlinger: [140f472 com.google.android.calendar/com.google.android.calendar.allinone.AllInOneCalendarActivity#19163] attach to parent LayerHierarchy{RequestedLayerState{ActivityRecord{243114305 u0 com.google.android.calendar/.allinone.AllInOneCalendarActivity t3801}#16293 parentId=16292} 3 children}
04-15 09:54:09.065  1151  1151 I SurfaceFlinger: RequestedLayer [140f472 com.google.android.calendar/[...]inone.AllInOneCalendarActivity#19163] hidden!! flag  from(1) --> to(0)
04-15 09:54:09.070  1542  3827 I WindowManager: Relayout Window{140f472 u0 com.google.android.calendar/com.google.android.calendar.allinone.AllInOneCalendarActivity}: viewVisibility=0 req=720x1544 ty=1 d0
04-15 09:54:09.070  2461  4418 I HoneySpace.RecentTasks: onRecentTasksChanged
04-15 09:54:09.070  1151  2758 I SurfaceFlinger: id=19164 createSurf, flag=44004, com.google.android.calendar/com.google.android.calendar.allinone.AllInOneCalendarActivity$_3979#19164
04-15 09:54:09.070  3963  4335 I SemDvfsHyPerManager: acquire hyper - BaseTABoost/3963@25, type = -999
04-15 09:54:09.070  1059  1180 I HYPER-HAL: [RequestManager.cpp]acquire(): Acquired ID : 7954091  [3963 / 25]    HINT :      list : [TABoost / 1]
04-15 09:54:09.071  1542  3827 D SurfaceComposerClient: setCornerRadius ## 9d350dc Splash Screen com.google.android.calendar#19159 cornerRadius=0.000000
04-15 09:54:09.072  1542  3827 D SurfaceComposerClient: setCornerRadius ## 140f472 com.google.android.calendar/com.google.android.calendar.allinone.AllInOneCalendarActivity#19163 cornerRadius=0.000000
04-15 09:54:09.072  1151  2479 I SurfaceFlinger: id=19165 createSurf, flag=24000, Surface(name=3edafdc StatusBar)/@0x3b919ed - animation-leash of insets_animation#19165
04-15 09:54:09.074  1151  2758 I SurfaceFlinger: id=19166 createSurf, flag=24000, Surface(name=8c5cec7 NavigationBar0)/@0xa68870 - animation-leash of insets_animation#19166
04-15 09:54:09.075  1151  1151 I SurfaceFlinger: [com.google.android.calendar/com.google.android.calendar.allinone.AllInOneCalendarActivity$_3979#19164] attach to parent LayerHierarchy{RequestedLayerState{140f472 com.google.android.calendar/com.google.android.calendar.allinone.AllInOneCalendarActivity#19163 parentId=16293} 1 children}
04-15 09:54:09.075  1151  1151 I SurfaceFlinger: [Surface(name=3edafdc StatusBar)/@0x3b919ed - animation-leash of insets_animation#19165] attach to parent LayerHierarchy{RequestedLayerState{WindowToken{7a8fc4f type=2000 android.os.BinderProxy@a9d7329}#94 parentId=17} 2 children}
04-15 09:54:09.075  1151  1151 I SurfaceFlinger: [Surface(name=8c5cec7 NavigationBar0)/@0xa68870 - animation-leash of insets_animation#19166] attach to parent LayerHierarchy{RequestedLayerState{WindowToken{fc018e2 type=2019 android.os.BinderProxy@bda3ac4}#90 parentId=34} 2 children}
04-15 09:54:09.076  1542  3827 D SurfaceComposerClient: setCornerRadius ## 9d350dc Splash Screen com.google.android.calendar#19159 cornerRadius=0.000000
04-15 09:54:09.076  1542  3827 D SurfaceComposerClient: setCornerRadius ## 140f472 com.google.android.calendar/com.google.android.calendar.allinone.AllInOneCalendarActivity#19163 cornerRadius=0.000000
04-15 09:54:09.077  1151  1200 I SurfaceFlinger: id=19167 createSurf, flag=24000, Surface(name=3edafdc StatusBar)/@0x3b919ed - animation-leash of insets_animation#19167
04-15 09:54:09.079  1151  1378 I SurfaceFlinger: id=19168 createSurf, flag=24000, Surface(name=8c5cec7 NavigationBar0)/@0xa68870 - animation-leash of insets_animation#19168
04-15 09:54:09.080  1542  3827 I SystemKeyManager: requested systemKeyInfo size=1 focusedWindow=com.google.android.calendar/com.google.android.calendar.allinone.AllInOneCalendarActivity
04-15 09:54:09.080  1542  3827 I SystemKeyManager: requested systemKeyInfo size=1 focusedWindow=com.google.android.calendar/com.google.android.calendar.allinone.AllInOneCalendarActivity
04-15 09:54:09.081  1542  3827 I WindowManager: Relayout hash=140f472, pid=3979, syncId=-1: mAttrs={(0,0)(fillxfill) sim={adjust=pan} layoutInDisplayCutoutMode=always ty=BASE_APPLICATION wanim=0x1030317
04-15 09:54:09.081  1542  3827 I WindowManager:   fl=81810100
04-15 09:54:09.081  1542  3827 I WindowManager:   pfl=100088c0
04-15 09:54:09.081  1542  3827 I WindowManager:   vsysui=700
04-15 09:54:09.081  1542  3827 I WindowManager:   bhv=1
04-15 09:54:09.081  1542  3827 I WindowManager:   fitSides=0
04-15 09:54:09.081  1542  3827 I WindowManager:   frameRateBoostOnTouch=true
04-15 09:54:09.081  1542  3827 I WindowManager:   dvrrWindowFrameRateHint=true naviIconColor=0}
04-15 09:54:09.083  1542  2299 D SyncManager: userId - 0 auto - true
04-15 09:54:09.084  1151  1151 I SurfaceFlinger: [Surface(name=3edafdc StatusBar)/@0x3b919ed - animation-leash of insets_animation#19167] attach to parent LayerHierarchy{RequestedLayerState{WindowToken{7a8fc4f type=2000 android.os.BinderProxy@a9d7329}#94 parentId=17} 3 children}
04-15 09:54:09.084  1151  1151 I SurfaceFlinger: [Surface(name=8c5cec7 NavigationBar0)/@0xa68870 - animation-leash of insets_animation#19168] attach to parent LayerHierarchy{RequestedLayerState{WindowToken{fc018e2 type=2019 android.os.BinderProxy@bda3ac4}#90 parentId=34} 3 children}
04-15 09:54:09.084  3979  3979 I BLASTBufferQueue_Java: new BLASTBufferQueue, mName= VRI[AllInOneCalendarActivity]@a9ecbe4 mNativeObject= 0xb40000741c6cde20 caller= android.view.ViewRootImpl.updateBlastSurfaceIfNeeded:3585 android.view.ViewRootImpl.relayoutWindow:11685 android.view.ViewRootImpl.performTraversals:4804 android.view.ViewRootImpl.doTraversal:3924 android.view.ViewRootImpl$TraversalRunnable.run:12903 android.view.Choreographer$CallbackRecord.run:1901 android.view.Choreographer$CallbackRecord.run:1910 android.view.Choreographer.doCallbacks:1367 android.view.Choreographer.doFrame:1292 android.view.Choreographer$FrameDisplayEventReceiver.run:1870
04-15 09:54:09.085  3979  3979 I BLASTBufferQueue_Java: update, w= 720 h= 1544 mName = VRI[AllInOneCalendarActivity]@a9ecbe4 mNativeObject= 0xb40000741c6cde20 sc.mNativeObject= 0xb40000751c4f70d0 format= -1 caller= android.view.ViewRootImpl.updateBlastSurfaceIfNeeded:3590 android.view.ViewRootImpl.relayoutWindow:11685 android.view.ViewRootImpl.performTraversals:4804 android.view.ViewRootImpl.doTraversal:3924 android.view.ViewRootImpl$TraversalRunnable.run:12903 android.view.Choreographer$CallbackRecord.run:1901
04-15 09:54:09.086  3979  3979 I VRI[AllInOneCalendarActivity]@a9ecbe4: Relayout returned: old=(0,0,720,1544) new=(0,0,720,1544) relayoutAsync=false req=(720,1544)0 dur=15 res=0x3 s={true 0xb40000748c5a4120} ch=true seqId=0
04-15 09:54:09.086  3979  4893 I SyncerLog: [38] Sync started
04-15 09:54:09.086  3979  4893 I SyncerLog: [38] Client context: {channel=5, notification_push_stack=1, app_version=2026.14.0-895011949-release, version_code=2018089258}
04-15 09:54:09.087  3979  3979 I VRI[AllInOneCalendarActivity]@a9ecbe4: performConfigurationChange setNightDimText nightDimLevel=0
04-15 09:54:09.087  3979  3979 D VRI[AllInOneCalendarActivity]@a9ecbe4: mThreadedRenderer.initialize() mSurface={isValid=true 0xb40000748c5a4120} hwInitialized=true
04-15 09:54:09.087  3979  4891 I SyncerLog: [39] Sync started
04-15 09:54:09.087  3979  4891 I SyncerLog: [39] Client context: {channel=5, notification_push_stack=1, app_version=2026.14.0-895011949-release, version_code=2018089258}
04-15 09:54:09.091  3979  4897 I SyncerLog: [41] Sync started
04-15 09:54:09.091  3979  4897 I SyncerLog: [41] Client context: {channel=5, notification_push_stack=1, app_version=2026.14.0-895011949-release, version_code=2018089258}
04-15 09:54:09.091  3979  4894 I SyncerLog: [40] Sync started
04-15 09:54:09.092  3723  3735 I [AirCmd]_ActivitySwitchDetector: onTaskStackChanged : componentName - ComponentInfo{com.google.android.calendar/com.google.android.calendar.allinone.AllInOneCalendarActivity}
04-15 09:54:09.092  3979  4894 I SyncerLog: [40] Client context: {channel=5, notification_push_stack=1, app_version=2026.14.0-895011949-release, version_code=2018089258}
04-15 09:54:09.094  1151  1151 I SurfaceFlinger: [LayerHierarchy{RequestedLayerState{8c5cec7 NavigationBar0#91 parentId=19168} 1 children}] reparent to LayerHierarchy{RequestedLayerState{Surface(name=8c5cec7 NavigationBar0)/@0xa68870 - animation-leash of insets_animation#19168 parentId=90} 1 children}
04-15 09:54:09.094  1151  1151 I SurfaceFlinger: [LayerHierarchy{RequestedLayerState{3edafdc StatusBar#95 parentId=19167} 1 children}] reparent to LayerHierarchy{RequestedLayerState{Surface(name=3edafdc StatusBar)/@0x3b919ed - animation-leash of insets_animation#19167 parentId=94} 1 children}
04-15 09:54:09.094  3979  3979 W View    : requestLayout() improperly called by com.google.android.material.textview.MaterialTextView{48adf3c V.ED..... ......ID 0,0-194,105 #7f0b01cc app:id/date_picker_text_view} during layout: running second layout pass
04-15 09:54:09.094  1151  1151 I SurfaceFlinger: [LayerHierarchy{RequestedLayerState{Surface(name=8c5cec7 NavigationBar0)/@0xa68870 - animation-leash of insets_animation#19156} no children}] reparent to OffscreenRoot
04-15 09:54:09.094  1151  1151 I SurfaceFlinger: [LayerHierarchy{RequestedLayerState{Surface(name=8c5cec7 NavigationBar0)/@0xa68870 - animation-leash of insets_animation#19156} no children}] RelativeParent to null
04-15 09:54:09.094  1151  1151 I SurfaceFlinger: [LayerHierarchy{RequestedLayerState{Surface(name=3edafdc StatusBar)/@0x3b919ed - animation-leash of insets_animation#19155} no children}] reparent to OffscreenRoot
04-15 09:54:09.094  1151  1151 I SurfaceFlinger: [LayerHierarchy{RequestedLayerState{Surface(name=3edafdc StatusBar)/@0x3b919ed - animation-leash of insets_animation#19155} no children}] RelativeParent to null
04-15 09:54:09.094  1151  1151 I SurfaceFlinger: [LayerHierarchy{RequestedLayerState{Surface(name=3edafdc StatusBar)/@0x3b919ed - animation-leash of insets_animation#19165} no children}] reparent to OffscreenRoot
04-15 09:54:09.094  1151  1151 I SurfaceFlinger: [LayerHierarchy{RequestedLayerState{Surface(name=3edafdc StatusBar)/@0x3b919ed - animation-leash of insets_animation#19165} no children}] RelativeParent to null
04-15 09:54:09.094  1151  1151 I SurfaceFlinger: [LayerHierarchy{RequestedLayerState{Surface(name=8c5cec7 NavigationBar0)/@0xa68870 - animation-leash of insets_animation#19166} no children}] reparent to OffscreenRoot
04-15 09:54:09.094  1151  1151 I SurfaceFlinger: [LayerHierarchy{RequestedLayerState{Surface(name=8c5cec7 NavigationBar0)/@0xa68870 - animation-leash of insets_animation#19166} no children}] RelativeParent to null
04-15 09:54:09.094  3979  3979 D VRI[AllInOneCalendarActivity]@a9ecbe4: reportNextDraw android.view.ViewRootImpl.performTraversals:5443 android.view.ViewRootImpl.doTraversal:3924 android.view.ViewRootImpl$TraversalRunnable.run:12903 android.view.Choreographer$CallbackRecord.run:1901 android.view.Choreographer$CallbackRecord.run:1910
04-15 09:54:09.094  3979  3979 D VRI[AllInOneCalendarActivity]@a9ecbe4: Canceling draw. cancelDueToPreDrawListener=true cancelDueToSync=false
04-15 09:54:09.096  1542  2299 D SyncManager: userId - 0 auto - true
04-15 09:54:09.097  3979  4046 I SyncerLog: [38] State: {synced_user_settings=true, synced_calendar_list=true}
04-15 09:54:09.099  1151  2758 I SurfaceFlinger: id=19165 Removed Surface(name=3edafdc StatusBar)/@0x3b919ed - animation-leash of insets_animation#19165 (215)
04-15 09:54:09.099  1151  2758 I SurfaceFlinger: id=19166 Removed Surface(name=8c5cec7 NavigationBar0)/@0xa68870 - animation-leash of insets_animation#19166 (215)
04-15 09:54:09.100  1151  2479 I SurfaceFlinger: id=19155 Removed Surface(name=3edafdc StatusBar)/@0x3b919ed - animation-leash of insets_animation#19155 (215)
04-15 09:54:09.100  1151  2479 I SurfaceFlinger: id=19156 Removed Surface(name=8c5cec7 NavigationBar0)/@0xa68870 - animation-leash of insets_animation#19156 (215)
04-15 09:54:09.100  2000  2120 I VRI[calendar]@bc22860: onActiveControlsChanged, removed=false, mAdded=true, caller=android.view.ViewRootImpl.handleInsetsControlChanged:3002 android.view.ViewRootImpl$ViewRootHandler.handleMessageImpl:8352 android.view.ViewRootImpl$ViewRootHandler.handleMessage:8301 android.os.Handler.dispatchMessage:110 android.os.Looper.loopOnce:273
04-15 09:54:09.101  3979  4046 I SyncerLog: [39] State: {synced_user_settings=true, synced_calendar_list=true}
04-15 09:54:09.101  3979  4893 I SyncerLog: [38] Request: {client_change_count=0, sync_triggers=[{id=3784, type=APP_STARTUP_REFRESH, age=25}]}
04-15 09:54:09.101  3979  4808 D HWUI    : HWUI - treat SMPTE_170M as sRGB
04-15 09:54:09.102  1151  1151 I SurfaceFlinger: destroyed Surface(name=8c5cec7 NavigationBar0)/@0xa68870 - animation-leash of insets_animation#19156
04-15 09:54:09.102  1151  1151 I SurfaceFlinger: destroyed Surface(name=3edafdc StatusBar)/@0x3b919ed - animation-leash of insets_animation#19155
04-15 09:54:09.102  1151  1151 I SurfaceFlinger: destroyed Surface(name=3edafdc StatusBar)/@0x3b919ed - animation-leash of insets_animation#19165
04-15 09:54:09.102  1151  1151 I SurfaceFlinger: destroyed Surface(name=8c5cec7 NavigationBar0)/@0xa68870 - animation-leash of insets_animation#19166
04-15 09:54:09.103  3979  4891 I SyncerLog: [39] Request: {client_change_count=0, sync_triggers=[{id=3785, type=APP_STARTUP_REFRESH, age=34}]}
04-15 09:54:09.104  1151  1151 I Layer   : id=19156 Destroyed Surface(name=8c5cec7 NavigationBar0)/@0xa68870 - animation-leash of insets_animation#19156
04-15 09:54:09.104  3979  4046 I SyncerLog: [41] State: {synced_user_settings=true, synced_calendar_list=true}
04-15 09:54:09.104  1151  1151 I Layer   : id=19155 Destroyed Surface(name=3edafdc StatusBar)/@0x3b919ed - animation-leash of insets_animation#19155
04-15 09:54:09.104  1151  1151 I Layer   : id=19165 Destroyed Surface(name=3edafdc StatusBar)/@0x3b919ed - animation-leash of insets_animation#19165
04-15 09:54:09.104  1151  1151 I Layer   : id=19166 Destroyed Surface(name=8c5cec7 NavigationBar0)/@0xa68870 - animation-leash of insets_animation#19166
04-15 09:54:09.107  1542  2101 D SyncManager: userId - 0 auto - true
04-15 09:54:09.109  1151  1338 D SurfaceFlinger: [input] setFocusedWindow: 140f472 com.google.android.calendar/com.google.android.calendar.allinone.AllInOneCalendarActivity
04-15 09:54:09.109  3979  3979 W afzt    : Disc account not the same as selected account.
04-15 09:54:09.109  1542  4226 D InputDispatcher: Once focus requested (0): 140f472 com.google.android.calendar/com.google.android.calendar.allinone.AllInOneCalendarActivity
04-15 09:54:09.109  1542  4226 D InputDispatcher: Focus request (0): 140f472 com.google.android.calendar/com.google.android.calendar.allinone.AllInOneCalendarActivity but waiting because NOT_VISIBLE
04-15 09:54:09.110  3979  3979 I InsetsSourceConsumer: applyRequestedVisibilityToControl: visible=true, type=statusBars, host=com.google.android.calendar/com.google.android.calendar.allinone.AllInOneCalendarActivity
04-15 09:54:09.111  3979  3979 I InsetsSourceConsumer: applyRequestedVisibilityToControl: visible=true, type=navigationBars, host=com.google.android.calendar/com.google.android.calendar.allinone.AllInOneCalendarActivity
04-15 09:54:09.111  3979  3979 D WindowLayoutComponentImpl: Register WindowLayoutInfoListener on Context=com.google.android.calendar.allinone.AllInOneCalendarActivity@d2ad50c, of which baseContext=cal.ym@aeb882c, of which baseContext=android.app.ContextImpl@7ce92f5
04-15 09:54:09.112  3979  4897 I SyncerLog: [41] Request: {client_change_count=0, sync_triggers=[{id=3787, type=APP_STARTUP_REFRESH, age=34}]}
04-15 09:54:09.119  1542  1937 D NetdEventListenerService: DNS Requested by 103, 10279(com.google.android.syncadapters.calendar,...), SUCCESS, 5ms
04-15 09:54:09.124  3979 18669 I Kumiho-Kumiho: getPackageName: com.google.android.syncadapters.calendar
04-15 09:54:09.125  1542  1937 D NetdEventListenerService: DNS Requested by 103, 10279(com.google.android.syncadapters.calendar,...), SUCCESS, 50ms
04-15 09:54:09.126  3979 18669 I Kumiho-Kumiho: getPackageName: com.google.android.syncadapters.calendar
04-15 09:54:09.129  1542  2299 D SyncManager: userId - 0 auto - true
04-15 09:54:09.131  3979 18670 I Kumiho-Kumiho: getPackageName: com.google.android.syncadapters.calendar
04-15 09:54:09.131  3979 18670 I Kumiho-Kumiho: getPackageName: com.google.android.syncadapters.calendar
04-15 09:54:09.154  3979  4046 I SyncerLog: [40] State: {synced_user_settings=true, synced_calendar_list=true}
04-15 09:54:09.156  3979  4894 I SyncerLog: [40] Request: {client_change_count=0, sync_triggers=[{id=3786, type=APP_STARTUP_REFRESH, age=88}]}
04-15 09:54:09.173  1151  1151 E SurfaceFlinger: alpha changed 0.011 -> 0.000 - DimTransitionLayer for Surface(name=Task=3890)/@0x40bdbb7#19162
04-15 09:54:09.181  1151  1151 D SurfaceFlinger: Display 4633128672291735999 HWC layers:
04-15 09:54:09.181  1151  1151 D SurfaceFlinger:        DEVICE |            8589934656132 | 00002100 | RGBA_8888    |   40.0    0.0  720.0 1544.0 |    0    0  680 1544 | Splash Screen com.google.android.calendar$_2000#19160 (1)
04-15 09:54:09.181  1151  1151 D SurfaceFlinger:        DEVICE |           86891483365404 | 00002102 | RGBA_8888    |    0.0    0.0  127.0 1544.0 |  593    0  720 1544 | com.catfact.app.feature.favorites.te[...]tyInvoker$EmptyActivity$_20231#19154 (1)
04-15 09:54:09.181  1151  1151 D SurfaceFlinger:        DEVICE |            8589934654704 | 00002100 | RGBA_8888    |    0.0    0.0  720.0   50.0 |    0    0  720   50 | StatusBar$_2000#102 (26763)
04-15 09:54:09.181  1151  1151 D SurfaceFlinger:        DEVICE |           10569914518889 | 00002100 | RGBA_8888    |    0.0    0.0   67.0  353.0 |  653  192  720  545 | com.sec.android.app.launcher/com.sam[...]l.app.CocktailBarService$_2461#16495 (1)
04-15 09:54:09.181  1151  1151 D SurfaceFlinger:        DEVICE |            8589934654705 | 00002100 | RGBA_8888    |    0.0    0.0  720.0   90.0 |    0 1454  720 1544 | NavigationBar0$_2000#98 (17536)
04-15 09:54:09.181  1151  1151 D SurfaceFlinger:
04-15 09:54:09.203  3979  4911 I cn_CronetUrlRequestContext: destroyNativeStreamLocked org.chromium.net.impl.CronetBidirectionalStream@af471f0
04-15 09:54:09.203  3979  4031 I c.aoge  : Received successful sync response; latencyMs=140; numEntitiesFetched=0
04-15 09:54:09.203  3979  4031 I c.aogc  : Got endResult sync response; syncWatermark=[1776239649s 628236000ns]
04-15 09:54:09.206  3979  4049 I c.aogc  : Retrieve secondary data in the background.
04-15 09:54:09.216  3979  4911 I cn_CronetUrlRequestContext: destroyNativeStreamLocked org.chromium.net.impl.CronetBidirectionalStream@aa393b4
04-15 09:54:09.216  3979  4013 I c.aoge  : Received successful sync response; latencyMs=153; numEntitiesFetched=0
04-15 09:54:09.216  3979  4013 I c.aogc  : Got endResult sync response; syncWatermark=[1776239649s 545596000ns]
04-15 09:54:09.219  3979  4090 I c.aogc  : Retrieve secondary data in the background.
04-15 09:54:09.253  1059 20348 I HYPER-HAL: [RequestManager.cpp]releaseLocked(): Released ID : 1223852
04-15 09:54:09.266  3979  4911 I cn_CronetUrlRequestContext: destroyNativeStreamLocked org.chromium.net.impl.CronetBidirectionalStream@b89ca38
04-15 09:54:09.268  3979  4891 I SyncerLog: [39] Response: {applied_change_ids=[], done_change_ids=[], server_change_count=6, change_set_details={mark_to_be_deleted=[4(<some_calendar>), 2(none), 1(none), 8(none)], delete_all_marked=[4(<some_calendar>), 2(none), 1(none), 8(none)], run_cleanup=[4(<some_calendar>)], incrementally_synced_entities=[6(none)], acl=0, calendarListEntry=2, calendarSyncInfo=2, event=242, setting=34, other=[ACCESS_DATA]}, updated_sync_state={synced_user_settings=true, synced_calendar_list=true}, bad_sync_state=false, debug_info=Ch42NEY3QjA1NUJEOTA0LjZCMzAzQzMuRTUxNUFEQjk=, call_sync=false, }
04-15 09:54:09.273  1059 20341 I HYPER-HAL: [ResourceManager.cpp]removeResource(): [CPULittleMinFreq] RemoveResource Request ID : 1222287
04-15 09:54:09.273  1059 20341 I HYPER-HAL: [RequestManager.cpp]releaseLocked(): Released ID : 1222287
04-15 09:54:09.286  3979  3988 I ndroid.calendar: Background concurrent mark compact GC freed 53MB AllocSpace bytes, 12(304KB) LOS objects, 56% free, 36MB/84MB, paused 1.891ms,2.639ms total 111.002ms
04-15 09:54:09.289  2461  2461 I HoneySpace.EdgePanel.EdgeVisibilityRepository: getComputedTrayVisible : keyguardState = 1
04-15 09:54:09.289  2461  2461 I HoneySpace.EdgePanel.EdgeVisibilityRepository: updateTrayVisible: State = 0x1, visible = true, current containerState = 0, specificMode = 0
04-15 09:54:09.289  2461  2461 I HoneySpace.EdgePanel.EdgeVisibilityRepository: Same container state 0
04-15 09:54:09.297  3979  4911 I cn_CronetUrlRequestContext: destroyNativeStreamLocked org.chromium.net.impl.CronetBidirectionalStream@50e86f
04-15 09:54:09.300  3979  4894 I SyncerLog: [40] Response: {applied_change_ids=[], done_change_ids=[], server_change_count=6, change_set_details={mark_to_be_deleted=[4(<some_calendar>), 2(none), 1(none), 8(none)], delete_all_marked=[4(<some_calendar>), 2(none), 1(none), 8(none)], run_cleanup=[4(<some_calendar>)], incrementally_synced_entities=[6(none)], acl=0, calendarListEntry=2, calendarSyncInfo=2, event=133, setting=32, other=[ACCESS_DATA]}, updated_sync_state={synced_user_settings=true, synced_calendar_list=true}, bad_sync_state=false, debug_info=Chs2NEY3QjA1NUMxQTJCLjkwQThBNzIuRDQzNjM=, call_sync=false, }
04-15 09:54:09.302  3979  4911 I cn_CronetUrlRequestContext: destroyNativeStreamLocked org.chromium.net.impl.CronetBidirectionalStream@e1ef97c
04-15 09:54:09.307  1059 20270 I HYPER-HAL: [RequestManager.cpp]releaseLocked(): Released ID : 2315476
04-15 09:54:09.309  3979  3979 D VRI[AllInOneCalendarActivity]@a9ecbe4: Setup new sync=wmsSync-VRI[AllInOneCalendarActivity]@a9ecbe4#54
04-15 09:54:09.309  3979  3979 I VRI[AllInOneCalendarActivity]@a9ecbe4: Creating new active sync group VRI[AllInOneCalendarActivity]@a9ecbe4#55
04-15 09:54:09.309  3979  3979 D VRI[AllInOneCalendarActivity]@a9ecbe4: Draw frame after cancel
04-15 09:54:09.309  3979  3979 D VRI[AllInOneCalendarActivity]@a9ecbe4: registerCallbacksForSync syncBuffer=false
04-15 09:54:09.314  3979  3979 I View    : setRequestedFrameRate frameRate=0.0, this=cal.dfa{6cfcb6a VFED..... ........ 0,0-720,1544 aid=1073741905}, caller=android.view.ViewGroup.setRequestedFrameRate:9952 cal.vw$$ExternalSyntheticApiModelOutline1.m:28 cal.dgw.a:1 cal.dfa.dispatchDraw:160 android.view.View.draw:26345
04-15 09:54:09.314  3979  3979 I View    : setRequestedFrameRate frameRate=-4.0, this=android.view.View{d9a1699 V.ED..... ......I. 0,0-0,0}, caller=cal.vw$$ExternalSyntheticApiModelOutline1.m:28 cal.dgw.a:1 cal.dfa.dispatchDraw:169 android.view.View.draw:26345 android.view.View.updateDisplayListIfDirty:25175
04-15 09:54:09.316  3979  4869 D VRI[AllInOneCalendarActivity]@a9ecbe4: Received frameDrawingCallback syncResult=0 frameNum=1.
04-15 09:54:09.316  3979  4869 I VRI[AllInOneCalendarActivity]@a9ecbe4: mWNT: t=0xb4000074fc52e750 mBlastBufferQueue=0xb40000741c6cde20 fn= 1 HdrRenderState mRenderHdrSdrRatio=1.0 caller= android.view.ViewRootImpl$12.onFrameDraw:15441 android.view.ThreadedRenderer$1.onFrameDraw:718 <bottom of call stack>
04-15 09:54:09.316  3979  4869 I VRI[AllInOneCalendarActivity]@a9ecbe4: Setting up sync and frameCommitCallback
04-15 09:54:09.318  3979  4808 I BLASTBufferQueue: [VRI[AllInOneCalendarActivity]@a9ecbe4#77](f:0,a:0,s:0) onFrameAvailable the first frame is available
04-15 09:54:09.318  3979  4808 I VRI[AllInOneCalendarActivity]@a9ecbe4: Received frameCommittedCallback lastAttemptedDrawFrameNum=1 didProduceBuffer=true
04-15 09:54:09.318  1151  2479 I SurfaceFlinger: [com.google.android.calendar/com.google.android.calendar.allinone.AllInOneCalendarActivity$_3979#19164] setTransactionState with the first frame. bufferData(ID: 17089674871095, frameNumber: 1)
04-15 09:54:09.319  3979  4808 D HWUI    : CFMS:: SetUp Pid : 3979    Tid : 4808
04-15 09:54:09.319  3979  3979 D VRI[AllInOneCalendarActivity]@a9ecbe4: reportDrawFinished seqId=0
04-15 09:54:09.319  1542  1585 D SurfaceComposerClient: setCornerRadius ## 9d350dc Splash Screen com.google.android.calendar#19159 cornerRadius=0.000000
04-15 09:54:09.319  1542  1585 D SurfaceComposerClient: setCornerRadius ## 140f472 com.google.android.calendar/com.google.android.calendar.allinone.AllInOneCalendarActivity#19163 cornerRadius=0.000000
04-15 09:54:09.320  1542  1585 D SurfaceComposerClient: setCornerRadius ## 9d350dc Splash Screen com.google.android.calendar#19159 cornerRadius=0.000000
04-15 09:54:09.321  1151  2479 I SurfaceFlinger: id=19169 createSurf, flag=24000, Surface(name=140f472 com.google.android.calendar/com.google.android.calendar.allinone.AllInOneCalendarActivity)/@0x3acbe5d - animation-leash of starting_reveal#19169
04-15 09:54:09.322  3979  4911 I cn_CronetUrlRequestContext: destroyNativeStreamLocked org.chromium.net.impl.CronetBidirectionalStream@8b06ef8
04-15 09:54:09.323  1542  1585 D SurfaceComposerClient: setCornerRadius ## 140f472 com.google.android.calendar/com.google.android.calendar.allinone.AllInOneCalendarActivity#19163 cornerRadius=0.000000
04-15 09:54:09.323  2000  2105 D ShellTaskOrganizer: removeStartingWindow, removalInfo=StartingWindowRemovalInfo{taskId=3801 frame=Rect(0, 0 - 720, 1544) playRevealAnimation=true roundedCornerRadius=0.0 deferRemoveMode=0 windowlessSurface=false removeImmediately=false}
04-15 09:54:09.323  1542  1585 D SurfaceComposerClient: setCornerRadius ## 9d350dc Splash Screen com.google.android.calendar#19159 cornerRadius=0.000000
04-15 09:54:09.323  1542  1585 D SurfaceComposerClient: setCornerRadius ## 140f472 com.google.android.calendar/com.google.android.calendar.allinone.AllInOneCalendarActivity#19163 cornerRadius=0.000000
04-15 09:54:09.324  1542  1585 D SurfaceComposerClient: setCornerRadius ## 9d350dc Splash Screen com.google.android.calendar#19159 cornerRadius=0.000000
04-15 09:54:09.324  1542  1585 D SurfaceComposerClient: setCornerRadius ## 140f472 com.google.android.calendar/com.google.android.calendar.allinone.AllInOneCalendarActivity#19163 cornerRadius=0.000000
04-15 09:54:09.325  1151  1151 I SurfaceFlinger: [Surface(name=140f472 com.google.android.calendar/com.google.android.calendar.allinone.AllInOneCalendarActivity)/@0x3acbe5d - animation-leash of starting_reveal#19169] attach to parent LayerHierarchy{RequestedLayerState{ActivityRecord{243114305 u0 com.google.android.calendar/.allinone.AllInOneCalendarActivity t3801}#16293 parentId=16292} 4 children}
04-15 09:54:09.325  3979  4897 I SyncerLog: [41] Response: {applied_change_ids=[], done_change_ids=[], server_change_count=5, change_set_details={mark_to_be_deleted=[2(none), 1(none), 8(none)], delete_all_marked=[2(none), 1(none), 8(none)], run_cleanup=[4(<some_calendar>)], incrementally_synced_entities=[6(none)], acl=0, calendarListEntry=5, calendarSyncInfo=1, event=0, setting=35, other=[ACCESS_DATA]}, updated_sync_state={synced_user_settings=true, synced_calendar_list=true}, bad_sync_state=false, debug_info=Ch02NEY3QjA1NUJFQTNCLjkwQTkzNTQuNjE0QTQ1OQ==, call_sync=false, }
04-15 09:54:09.330  3979  4082 I c.aoge  : Received successful sync response; latencyMs=267; numEntitiesFetched=0
04-15 09:54:09.330  3979  4082 I c.aogc  : Got endResult sync response; syncWatermark=[1776239649s 293112000ns]
04-15 09:54:09.332  1151  2910 D NativeSemDvfsManager: acquire:: timeout = 2000 mIsAcquired = 1  mTagName : SurfaceFlinger
04-15 09:54:09.332  3979  4911 I cn_CronetUrlRequestContext: destroyNativeStreamLocked org.chromium.net.impl.CronetBidirectionalStream@b24ea0e
04-15 09:54:09.332  1151  2910 E NativeCustomFrequencyManager: [NativeCFMS] BpCustomFrequencyManager::acquire()
04-15 09:54:09.333  3979  4013 I c.aoge  : Received successful sync response; latencyMs=270; numEntitiesFetched=0
04-15 09:54:09.333  3979  4013 I c.aogc  : Got endResult sync response; syncWatermark=[1776239649s 761794000ns]
04-15 09:54:09.333  1151  1151 I SurfaceFlinger: RequestedLayer [com.google.android.calendar/com.goog[...]AllInOneCalendarActivity$_3979#19164] hidden!! flag  from(1) --> to(0)
04-15 09:54:09.333  1059  1180 I HYPER-HAL: [RequestManager.cpp]acquire(): Acquired ID : 2315476  [1151 / 1000]    HINT : SF_GPU_MINLOCK    list : [TIMEOUT / 2000]
04-15 09:54:09.333  1151  1151 I SurfaceFlinger: [LayerHierarchy{RequestedLayerState{140f472 com.google.android.calendar/com.google.android.calendar.allinone.AllInOneCalendarActivity#19163 parentId=19169} 1 children}] reparent to LayerHierarchy{RequestedLayerState{Surface(name=140f472 com.google.android.calendar/com.google.android.calendar.allinone.AllInOneCalendarActivity)/@0x3acbe5d - animation-leash of starting_reveal#19169 parentId=16293} 1 children}
04-15 09:54:09.334  3979  4091 I c.aogc  : Retrieve secondary data in the background.
04-15 09:54:09.335  2000  2194 I VRI[calendar]@bc22860: mWNT: t=0xb4000074fc781e50 mBlastBufferQueue=0xb40000741d179830 fn= 2 HdrRenderState mRenderHdrSdrRatio=1.0 caller= android.view.SyncRtSurfaceTransactionApplier.applyTransaction:100 android.view.SyncRtSurfaceTransactionApplier.lambda$scheduleApply$0:73 android.view.SyncRtSurfaceTransactionApplier.$r8$lambda$afI4fXg3U3-nBZQEDQMiNy-B06s:0
04-15 09:54:09.335  2000  2194 I VRI[calendar]@bc22860: mWNT: t=0xb4000074fc786b50 mBlastBufferQueue=0xb40000741d179830 fn= 2 HdrRenderState mRenderHdrSdrRatio=1.0 caller= android.view.SyncRtSurfaceTransactionApplier.applyTransaction:100 android.view.SyncRtSurfaceTransactionApplier.lambda$scheduleApply$0:73 android.view.SyncRtSurfaceTransactionApplier.$r8$lambda$afI4fXg3U3-nBZQEDQMiNy-B06s:0
04-15 09:54:09.336  1151  1151 D SurfaceFlinger: GPIS:: requestGpisForClientComposition
04-15 09:54:09.337  1542  1585 D SurfaceComposerClient: setCornerRadius ## 9d350dc Splash Screen com.google.android.calendar#19159 cornerRadius=0.000000
04-15 09:54:09.337  1542  1585 D SurfaceComposerClient: setCornerRadius ## 140f472 com.google.android.calendar/com.google.android.calendar.allinone.AllInOneCalendarActivity#19163 cornerRadius=0.000000
04-15 09:54:09.339  2000  2195 I VRI[calendar]@bc22860: mWNT: t=0xb4000074fc726910 mBlastBufferQueue=0xb40000741d179830 fn= 3 HdrRenderState mRenderHdrSdrRatio=1.0 caller= android.view.SyncRtSurfaceTransactionApplier.applyTransaction:100 android.view.SyncRtSurfaceTransactionApplier.lambda$scheduleApply$0:73 android.view.SyncRtSurfaceTransactionApplier.$r8$lambda$afI4fXg3U3-nBZQEDQMiNy-B06s:0
04-15 09:54:09.343  1151  1151 D SurfaceFlinger: Display 4633128672291735999 HWC layers:
04-15 09:54:09.343  1151  1151 D SurfaceFlinger:        DEVICE |           17089674871094 | 00002102 | RGBA_8888    |    4.0    0.0  720.0 1544.0 |    0    0  716 1544 | com.google.android.calendar/com.goog[...]AllInOneCalendarActivity$_3979#19164 (2)
04-15 09:54:09.343  1151  1151 D SurfaceFlinger:        DEVICE |            8589934656132 | 00002100 | RGBA_8888    |    4.0    0.0  720.0 1544.0 |    0    0  716 1544 | Splash Screen com.google.android.calendar$_2000#19160 (1)
04-15 09:54:09.343  1151  1151 D SurfaceFlinger:        CLIENT |           86891483365404 | 00002102 | RGBA_8888    |    0.0    0.0   12.0 1544.0 |  708    0  720 1544 | com.catfact.app.feature.favorites.te[...]tyInvoker$EmptyActivity$_20231#19154 (1)
04-15 09:54:09.343  1151  1151 D SurfaceFlinger:        DEVICE |            8589934654704 | 00002100 | RGBA_8888    |    0.0    0.0  720.0   50.0 |    0    0  720   50 | StatusBar$_2000#102 (26763)
04-15 09:54:09.343  1151  1151 D SurfaceFlinger:        DEVICE |           10569914518889 | 00002100 | RGBA_8888    |    0.0    0.0   67.0  353.0 |  653  192  720  545 | com.sec.android.app.launcher/com.sam[...]l.app.CocktailBarService$_2461#16495 (1)
04-15 09:54:09.343  1151  1151 D SurfaceFlinger:        DEVICE |            8589934654705 | 000
04-15 09:54:09.343  1151  1151 D SurfaceFlinger: 02100 | RGBA_8888    |    0.0    0.0  720.0   90.0 |    0 1454  720 1544 | NavigationBar0$_2000#98 (17536)
04-15 09:54:09.343  1151  1151 D SurfaceFlinger:
04-15 09:54:09.343  1542  2299 D InputDispatcher: Focus entered window (0): 140f472 com.google.android.calendar/com.google.android.calendar.allinone.AllInOneCalendarActivity
04-15 09:54:09.344  3979  3979 D VRI[AllInOneCalendarActivity]@a9ecbe4: mThreadedRenderer.initializeIfNeeded()#2 mSurface={isValid=true 0xb40000748c5a4120}
04-15 09:54:09.344  3979  3979 D InputMethodManagerUtils: startInputInner - Id : 0
04-15 09:54:09.344  3979  3979 I InputMethodManager: startInputInner - IInputMethodManagerGlobalInvoker.startInputOrWindowGainedFocus
04-15 09:54:09.345  1542  1750 I ImeTracker: com.google.android.calendar:3a0988fb: onRequestHide at ORIGIN_SERVER reason HIDE_UNSPECIFIED_WINDOW fromUser false
04-15 09:54:09.346  3979  3979 I InputMethodManager: handleMessage: setImeVisibility visible=false
04-15 09:54:09.346  3979  3979 D InsetsController: hide(ime(), fromIme=false)
04-15 09:54:09.346  3979  3979 I ImeTracker: com.google.android.calendar:3a0988fb: onCancelled at PHASE_CLIENT_ALREADY_HIDDEN
04-15 09:54:09.346  1542  1750 D InputTransport: Input channel constructed: 'ClientS', fd=1274
04-15 09:54:09.346  1542  1750 D InputTransport: Input channel destroyed: 'ClientS', fd=1274
04-15 09:54:09.347 20231 20231 D InputTransport: Input channel destroyed: 'ClientS', fd=128
04-15 09:54:09.347  3756  3756 I HBD     : HoneyBoardService onFinishInput
04-15 09:54:09.347  3756  3756 I HBD     : a IC have been unbinding,  RemoteInputConnection{idHash=#38dd577}
04-15 09:54:09.347  3756  3756 I HBD     : HoneyBoardService [PF_CL][onFinishInput]  0 ms
04-15 09:54:09.347  3756  3756 I HBD     : HoneyBoardService [IMI] onStartInput - caller pid : 3979 , caller uid : 10279
04-15 09:54:09.347  3756  3756 I HBD     : k updateConfigs
04-15 09:54:09.347  3756  3756 I HBD     : k isEnabledNightMode : true
04-15 09:54:09.347  3756  3756 I HBD     : a IC have been binding, RemoteInputConnection{idHash=#b7855e4}
04-15 09:54:09.347  3756  3756 I HBD     : h [EditorInputType]setPrivateImeOptionsToTable privateImeOptions ( null )
04-15 09:54:09.347  3756  3756 I HBD     : b incognitoMode : false
04-15 09:54:09.347  3756  3756 I HBD     : c needOff = true , isForceOff = false, isNullInputClass : true
04-15 09:54:09.347  3756  3756 I HBD     : h getDefaultInputRange : UNKNOWN
04-15 09:54:09.347  3756  3756 I HBD     : h getDefaultInputRange : UNKNOWN
04-15 09:54:09.347  3756  3756 I HBD     : h getDefaultInputRange : UNKNOWN
04-15 09:54:09.346  3979  4094 D InputTransport: Input channel constructed: 'ClientS', fd=215
04-15 09:54:09.348  1151  2758 I SurfaceFlinger: id=19170 createSurf, flag=24004, Surface(name=1d7a05f InputMethod)/@0x5f77a9d - animation-leash of insets_animation#19170
04-15 09:54:09.348  3979  4082 I c.aogc  : Retrieve secondary data in the background.
04-15 09:54:09.348  2000  2194 I VRI[calendar]@bc22860: mWNT: t=0xb4000074fc72b0d0 mBlastBufferQueue=0xb40000741d179830 fn= 4 HdrRenderState mRenderHdrSdrRatio=1.0 caller= android.view.SyncRtSurfaceTransactionApplier.applyTransaction:100 android.view.SyncRtSurfaceTransactionApplier.lambda$scheduleApply$0:73 android.view.SyncRtSurfaceTransactionApplier.$r8$lambda$afI4fXg3U3-nBZQEDQMiNy-B06s:0
04-15 09:54:09.349  3756  3756 I HBD     : c needOff = true , isForceOff = false, isNullInputClass : true
04-15 09:54:09.349  3756  3756 I HBD     : c update cached prediction status : false
04-15 09:54:09.349  3756  3756 I HBD     : h getDefaultInputRange : UNKNOWN
04-15 09:54:09.349  3756  3756 I HBD     : a currentState : 0
04-15 09:54:09.349  3756  3756 I HBD     : a [UpdatePolicy] [post] a: 0 cl: 65538 kit: [0/0] vt: 0 ir: 1
04-15 09:54:09.350  1542  2101 I ImeTracker: system_server:8e58484c: onRequestHide at ORIGIN_SERVER reason IME_REQUESTED_CHANGED_LISTENER fromUser false
04-15 09:54:09.350  1542  1584 I ImeTracker: system_server:8e58484c: onCancelled at PHASE_SERVER_SHOULD_HIDE
04-15 09:54:09.351  1542  1585 D SurfaceComposerClient: setCornerRadius ## 9d350dc Splash Screen com.google.android.calendar#19159 cornerRadius=0.000000
04-15 09:54:09.351  1542  1585 D SurfaceComposerClient: setCornerRadius ## 140f472 com.google.android.calendar/com.google.android.calendar.allinone.AllInOneCalendarActivity#19163 cornerRadius=0.000000
