04-15 09:54:05.709 20231 20245 I TestRunner: started: factCardClickDispatchesFactClicked(com.catfact.app.feature.favorites.presentation.FavoritesScreenTest)
04-15 09:54:05.723 20231 20245 D IdlingRegistry: Registering idling resources: [androidx.compose.ui.test.EspressoLink@eb344d7]
04-15 09:54:05.728 20231 20245 W Settings: Setting always_finish_activities has moved from android.provider.Settings.System to android.provider.Settings.Global, returning read-only value.
04-15 09:54:05.736  1542  2484 I SemDvfsHyPerManager: acquire hyper - AMS_APP_SWITCH/1542@28, type = -999
04-15 09:54:05.737  1059  1180 I HYPER-HAL: [RequestManager.cpp]acquire(): Acquired ID : 1233263  [1542 / 28]    HINT : AMS_APP_SWITCH    list :
04-15 09:54:05.737  1151  2479 I SurfaceFlinger: id=19065 createSurf, flag=24004, Task=3888#19065
04-15 09:54:05.738  3963  3963 I SemDvfsHyPerManager: acquire hyper - APP_START_SHORT/3963@17, type = -999
04-15 09:54:05.738  1059  1180 I HYPER-HAL: [ResourceManager.cpp]updateResource(): [CPULittleMinFreq] UpdateResource Request ID : 1233263    Value : 1824000
04-15 09:54:05.739  1151  1151 I SurfaceFlinger: [Task=3888#19065] attach to parent LayerHierarchy{RequestedLayerState{DefaultTaskDisplayArea_d0#10 parentId=9} 16 children}
04-15 09:54:05.740  1151  2479 I SurfaceFlinger: id=19066 createSurf, flag=84004, ActivityRecord{17881242 u0 com.catfact.app.feature.favorites.test/androidx.activity.ComponentActivity t3888}#19066
04-15 09:54:05.740  1059  1180 I HYPER-HAL: [RequestManager.cpp]acquire(): Acquired ID : 7922207  [3963 / 17]    HINT : APP_START    list : [TIMEOUT / 1500]
04-15 09:54:05.744  2000  2120 D ViewRootImpl: desktopMode is false
04-15 09:54:05.744  2000  2120 I ViewRootImpl: dVRR is disabled
04-15 09:54:05.745  1542  1821 I SemDvfsHyPerManager: acquire hyper - AMS_APP_LAUNCH/1542@21, type = -999
04-15 09:54:05.745  3152  3152 E pageboostd: Received HALT command code 2
04-15 09:54:05.745  1059  1180 I HYPER-HAL: [RequestManager.cpp]acquire(): Acquired ID : 1222287  [1542 / 21]    HINT : AMS_APP_LAUNCH    list :
04-15 09:54:05.745  2000  2105 D ShellDesktopMode: handleRequest: TransitionRequestInfo {type=1, tid=3888, debugId=1700}
04-15 09:54:05.746 11551 11562 I PrivacyDashboard: PermissionAccessInformationContentProvider  bulkInsert : 3
04-15 09:54:05.746  2000  2196 D NativeCustomFrequencyManager: [NativeCFMS] BpCustomFrequencyManager::BpCustomFrequencyManager()
04-15 09:54:05.746  1151  1151 I SurfaceFlinger: [ActivityRecord{17881242 u0 com.catfact.app.feature.favorites.test/androidx.activity.ComponentActivity t3888}#19066] attach to parent LayerHierarchy{RequestedLayerState{Task=3888#19065 parentId=10} 1 children}
04-15 09:54:05.747  1059  1180 I HYPER-HAL: [ResourceManager.cpp]updateResource(): [CPULittleMinFreq] UpdateResource Request ID : 1222287    Value : 1824000
04-15 09:54:05.748  3963  3963 I SemDvfsHyPerManager: acquire hyper - APP_START/3963@19, type = -999
04-15 09:54:05.749  2461  2474 I HoneySpace.RecentTasks: onRecentTasksChanged
04-15 09:54:05.749  2461  4418 I HoneySpace.RecentTasks: onRecentTasksChanged
04-15 09:54:05.749  2461  2584 I HoneySpace.TopTaskSource: onTaskMovedToFront : taskId = 3888, displayId = 0
04-15 09:54:05.750  1542  3827 D InputTransport: Input channel constructed: 'ddb409f', fd=874
04-15 09:54:05.750  1542  3827 D InputTransport: Input channel constructed: 'ddb409f', fd=972
04-15 09:54:05.750  1218  1218 I CameraService: onUidStateChanged: uid=10048, procState is changed. (0 -> 1)
04-15 09:54:05.750  1542  3827 D InputTransport: Input channel constructed: 'ddb409f', fd=1256
04-15 09:54:05.750  1542  3827 D InputTransport: Input channel destroyed: 'ddb409f', fd=972
04-15 09:54:05.750  1059  1180 I HYPER-HAL: [RequestManager.cpp]acquire(): Acquired ID : 7930172  [3963 / 19]    HINT : APP_START    list :
04-15 09:54:05.750  1151  2479 I SurfaceFlinger: id=19067 createSurf, flag=84004, ddb409f Splash Screen com.catfact.app.feature.favorites.test#19067
04-15 09:54:05.750  2461  2586 I HoneySpace.TopTaskUseCase: topTasks 3888 ComponentInfo{com.catfact.app.feature.favorites.test/androidx.activity.ComponentActivity}[displayId=0]
04-15 09:54:05.751  1542  3827 D InputTransport: Input channel destroyed: 'ddb409f', fd=1256
04-15 09:54:05.752  2000  2120 D InputTransport: Input channel constructed: 'ddb409f', fd=573
04-15 09:54:05.752  2000  2120 I InsetsController: onStateChanged: host=Splash Screen com.catfact.app.feature.favorites.test, from=android.view.ViewRootImpl.onInsetsStateChanged:3026, state=InsetsState: {mDisplayFrame=Rect(0, 0 - 720, 1544), mDisplayCutout=DisplayCutout{insets=Rect(0, 50 - 0, 0) waterfall=Insets{left=0, top=0, right=0, bottom=0} boundingRect={Bounds=[Rect(0, 0 - 0, 0), Rect(341, 0 - 379, 50), Rect(0, 0 - 0, 0), Rect(0, 0 - 0, 0)]} cutoutPathParserInfo={CutoutPathParserInfo{displayWidth=720 displayHeight=1544 physicalDisplayWidth=720 physicalDisplayHeight=1544 density={1.875} cutoutSpec={M 0,0 H -10 V 26.66666666666667 H 10 V 0 H 0 Z @dp} rotation={0} scale={1.0} physicalPixelDisplaySizeRatio={1.0}}} sideOverrides={}}, mRoundedCorners=RoundedCorners{[RoundedCorner{position=TopLeft, radius=8, center=Point(8, 8)}, RoundedCorner{position=TopRight, radius=8, center=Point(712, 8)}, RoundedCorner{position=BottomRight, radius=8, center=Point(712, 1536)}, RoundedCorner{position=BottomLeft, radius=8, center=Point(8, 1536)}]}  mRoundedCornerFrame=Rect(0, 0 - 720, 1544), mPrivacyIndicatorBounds=PrivacyIndicatorBounds {static bounds=Rect(637, 0 - 720, 50) rotation=0}, mDisplayShape=DisplayShape{ spec=-311912193 displayWidth=720 displayHeight=1544 physicalPixelDisplaySizeRatio=0.5 rotation=0 offsetX=0 offsetY=0 scale=1.0}, mSources= { InsetsSource: {ec730001 mType=navigationBars mFrame=[0,1454][720,1544] mVisible=true mFlags= mSideHint=BOTTOM mBoundingRects=null}, InsetsSource: {ec730004 mType=systemGestures mFrame=[0,0][0,0] mVisible=true mFlags= mSideHint=NONE mBoundingRects=null}, InsetsSource: {ec730005 mType=mandatorySystemGestures mFrame=[0,1454][720,1544] mVisible=true mFlags= mSideHint=BOTTOM mBoundingRects=null}, InsetsSource: {ec730006 mType=tappableElement mFrame=[0,1454][720,1544] mVisible=true mFlags= mSideHint=BOTTOM mBoundingRects=null}, InsetsSource: {ec730024 mType=systemGestures mFrame=[0,0][0,0] mVisible=true mFlags= mSideHint=NONE mBoundingRects=null}, InsetsSource: {27 mType=displayCutout mFrame=[0,0][720,50] mVisible=true mFlags= mSideHint=TOP mBoundingRects=null}, InsetsSource: {43950000 mType=statusBars mFrame=[0,0][720,50] mVisible=true mFlags= mSideHint=TOP mBoundingRects=null}, InsetsSource: {43950005 mType=mandatorySystemGestures mFrame=[0,0][720,73] mVisible=true mFlags= mSideHint=TOP mBoundingRects=null}, InsetsSource: {43950006 mType=tappableElement mFrame=[0,0][720,50] mVisible=true mFlags= mSideHint=TOP mBoundingRects=null} }
04-15 09:54:05.752  2000  2120 I VRI[test]@1d20a03: onActiveControlsChanged, removed=false, mAdded=true, caller=android.view.ViewRootImpl.handleInsetsControlChanged:3002 android.view.ViewRootImpl.setView:2014 android.view.WindowManagerGlobal.addView:604 com.android.wm.shell.startingsurface.SplashscreenWindowCreator.addWindow:38 com.android.wm.shell.startingsurface.StartingWindowController$$ExternalSyntheticLambda4.run:1365
04-15 09:54:05.752  2000  2120 I VRI[test]@1d20a03: synced displayState. AttachInfo displayState=2
04-15 09:54:05.752  2000  2120 I VRI[test]@1d20a03: setView = android.widget.FrameLayout@c65de75 IsHRR=false mFlingFrameRateChange=0 TM=true
04-15 09:54:05.753  2000  2196 D HWUI    : HWUI - treat SMPTE_170M as sRGB
04-15 09:54:05.755  1151  1151 I SurfaceFlinger: [Display 0 name="Built-in Screen"#49] setFrameRateCategory: High
04-15 09:54:05.755  1151  1151 I SurfaceFlinger: [ddb409f Splash Screen com.catfact.app.feature.favorites.test#19067] attach to parent LayerHierarchy{RequestedLayerState{ActivityRecord{17881242 u0 com.catfact.app.feature.favorites.test/androidx.activity.ComponentActivity t3888}#19066 parentId=19065} 1 children}
04-15 09:54:05.756  1542  3827 D InputDispatcher: Focused application(0): ActivityRecord{17881242 u0 com.catfact.app.feature.favorites.test/androidx.activity.ComponentActivity t3888}
04-15 09:54:05.757  1151  1151 I BpBinder: onLastStrongRef automatically unlinking death recipients:
04-15 09:54:05.757  1542  4025 D GraphicsStatsService: requestRenderEngineFor(com.catfact.app.feature.favorites.test)
04-15 09:54:05.759  1542  3827 D SurfaceComposerClient: setCornerRadius ## ddb409f Splash Screen com.catfact.app.feature.favorites.test#19067 cornerRadius=0.000000
04-15 09:54:05.759  1542  3827 D SurfaceComposerClient: setCornerRadius ## ddb409f Splash Screen com.catfact.app.feature.favorites.test#19067 cornerRadius=0.000000
04-15 09:54:05.761  1542  1906 D SemWifiTransportLayerMonitor.TcpMonitorHandler: MSG_SAVE_PACKAGE_INFO
04-15 09:54:05.761  1542  1906 D SemWifiTransportLayerFileManager: saveWifiPackageInfoToFile
04-15 09:54:05.761  1542  1906 D SemWifiTransportLayerFileManager: writeWifiPackageInfoList
04-15 09:54:05.763  1151  1151 I SurfaceFlinger: [LayerHierarchy{RequestedLayerState{ImeContainer#15 parentId=16293 relativeParentId=16293 z=1} 1 children}] RelativeParent to null
04-15 09:54:05.764  1542  2299 I WindowManager: Relayout Window{ddb409f u0 Splash Screen com.catfact.app.feature.favorites.test}: viewVisibility=0 req=720x1544 ty=3 d0
04-15 09:54:05.764  1542  1825 D AS.MultiSoundManager: mForegroundUid = 10750
04-15 09:54:05.765  1151  2479 I SurfaceFlinger: id=19068 createSurf, flag=44004, Splash Screen com.catfact.app.feature.favorites.test$_2000#19068
04-15 09:54:05.766  1542  2299 D SurfaceComposerClient: setCornerRadius ## ddb409f Splash Screen com.catfact.app.feature.favorites.test#19067 cornerRadius=0.000000
04-15 09:54:05.767  1542  2299 D SurfaceComposerClient: setCornerRadius ## ddb409f Splash Screen com.catfact.app.feature.favorites.test#19067 cornerRadius=0.000000
04-15 09:54:05.767  1542  2299 I WindowManager: Relayout hash=ddb409f, pid=2000, syncId=-1: mAttrs={(0,0)(fillxfill) sim={adjust=pan} layoutInDisplayCutoutMode=always ty=APPLICATION_STARTING fmt=TRANSLUCENT wanim=0x1030317
04-15 09:54:05.767  1542  2299 I WindowManager:   fl=81030118
04-15 09:54:05.767  1542  2299 I WindowManager:   pfl=10000810
04-15 09:54:05.767  1542  2299 I WindowManager:   apr=18
04-15 09:54:05.767  1542  2299 I WindowManager:   bhv=1
04-15 09:54:05.767  1542  2299 I WindowManager:   fitSides=0
04-15 09:54:05.767  1542  2299 I WindowManager:   frameRateBoostOnTouch=true
04-15 09:54:05.767  1542  2299 I WindowManager:   dvrrWindowFrameRateHint=true naviIconColor=0}
04-15 09:54:05.769  1542  1582 D PkgPredictorService-SecIpmManagerServiceImpl: onForegroundActivitiesChanged pid:20231 uid:10750
04-15 09:54:05.769  2000  2000 I {OngoingActivityController}: onTaskFocusChanged but OA data is empty
04-15 09:54:05.769  1542  2944 V PkgPredictorService-SecIpmManagerServiceImpl: discard foreground app:com.catfact.app.feature.favorites.test 1|true
04-15 09:54:05.769 20231 20231 D LifecycleMonitor: Lifecycle status change: androidx.activity.ComponentActivity@5ba41eb in: PRE_ON_CREATE
04-15 09:54:05.769  1542  1582 D NetworkPolicy: already checked 10750
04-15 09:54:05.769 20231 20231 V ActivityScenario: Activity lifecycle changed event received but ignored because the reported transition was not ON_CREATE while the last known transition was PRE_ON_CREATE
04-15 09:54:05.769  2000  2120 I InsetsController: onStateChanged: host=Splash Screen com.catfact.app.feature.favorites.test, from=android.view.ViewRootImpl.onInsetsStateChanged:3026, state=InsetsState: {mDisplayFrame=Rect(0, 0 - 720, 1544), mDisplayCutout=DisplayCutout{insets=Rect(0, 50 - 0, 0) waterfall=Insets{left=0, top=0, right=0, bottom=0} boundingRect={Bounds=[Rect(0, 0 - 0, 0), Rect(341, 0 - 379, 50), Rect(0, 0 - 0, 0), Rect(0, 0 - 0, 0)]} cutoutPathParserInfo={CutoutPathParserInfo{displayWidth=720 displayHeight=1544 physicalDisplayWidth=720 physicalDisplayHeight=1544 density={1.875} cutoutSpec={M 0,0 H -10 V 26.66666666666667 H 10 V 0 H 0 Z @dp} rotation={0} scale={1.0} physicalPixelDisplaySizeRatio={1.0}}} sideOverrides={}}, mRoundedCorners=RoundedCorners{[RoundedCorner{position=TopLeft, radius=8, center=Point(8, 8)}, RoundedCorner{position=TopRight, radius=8, center=Point(712, 8)}, RoundedCorner{position=BottomRight, radius=8, center=Point(712, 1536)}, RoundedCorner{position=BottomLeft, radius=8, center=Point(8, 1536)}]}  mRoundedCornerFrame=Rect(0, 0 - 720, 1544), mPrivacyIndicatorBounds=PrivacyIndicatorBounds {static bounds=Rect(637, 0 - 720, 50) rotation=0}, mDisplayShape=DisplayShape{ spec=-311912193 displayWidth=720 displayHeight=1544 physicalPixelDisplaySizeRatio=0.5 rotation=0 offsetX=0 offsetY=0 scale=1.0}, mSources= { InsetsSource: {ec730001 mType=navigationBars mFrame=[0,1454][720,1544] mVisible=true mFlags= mSideHint=BOTTOM mBoundingRects=null}, InsetsSource: {ec730004 mType=systemGestures mFrame=[0,0][0,0] mVisible=true mFlags= mSideHint=NONE mBoundingRects=null}, InsetsSource: {ec730005 mType=mandatorySystemGestures mFrame=[0,1454][720,1544] mVisible=true mFlags= mSideHint=BOTTOM mBoundingRects=null}, InsetsSource: {ec730006 mType=tappableElement mFrame=[0,1454][720,1544] mVisible=true mFlags= mSideHint=BOTTOM mBoundingRects=null}, InsetsSource: {ec730024 mType=systemGestures mFrame=[0,0][0,0] mVisible=true mFlags= mSideHint=NONE mBoundingRects=null}, InsetsSource: {3 mType=ime mFrame=[0,0][0,0] mVisible=false mFlags= mSideHint=NONE mBoundingRects=null}, InsetsSource: {27 mType=displayCutout mFrame=[0,0][720,50] mVisible=true mFlags= mSideHint=TOP mBoundingRects=null}, InsetsSource: {43950000 mType=statusBars mFrame=[0,0][720,50] mVisible=true mFlags= mSideHint=TOP mBoundingRects=null}, InsetsSource: {43950005 mType=mandatorySystemGestures mFrame=[0,0][720,73] mVisible=true mFlags= mSideHint=TOP mBoundingRects=null}, InsetsSource: {43950006 mType=tappableElement mFrame=[0,0][720,50] mVisible=true mFlags= mSideHint=TOP mBoundingRects=null} }
04-15 09:54:05.769  2000  2120 I VRI[test]@1d20a03: onActiveControlsChanged, removed=false, mAdded=true, caller=android.view.ViewRootImpl.handleInsetsControlChanged:3002 android.view.ViewRootImpl.relayoutWindow:11629 android.view.ViewRootImpl.performTraversals:4804 android.view.ViewRootImpl.doTraversal:3924 android.view.ViewRootImpl$TraversalRunnable.run:12903
04-15 09:54:05.769  1542  1582 D NetworkPolicy: already checked 10750
04-15 09:54:05.770  2461  2461 I HoneySpace.EdgePanel.CocktailHostRepositoryImpl: onNoteResume
04-15 09:54:05.770  2461  2461 I HoneySpace.EdgePanel.EdgePanelContainerViewModel: cocktailHostRepository.edgePanelOperation NoteResumeComponent(componentName=ComponentInfo{com.catfact.app.feature.favorites.test/androidx.activity.ComponentActivity})
04-15 09:54:05.770  2461  2461 I HoneySpace.EdgePanel.ActivityUtils: HomePackage : com.sec.android.app.launcher, resumePackageName : com.catfact.app.feature.favorites.test, className : androidx.activity.ComponentActivity
04-15 09:54:05.770  2000  2120 I BLASTBufferQueue_Java: new BLASTBufferQueue, mName= VRI[test]@1d20a03 mNativeObject= 0xb40000741cc26350 caller= android.view.ViewRootImpl.updateBlastSurfaceIfNeeded:3585 android.view.ViewRootImpl.relayoutWindow:11685 android.view.ViewRootImpl.performTraversals:4804 android.view.ViewRootImpl.doTraversal:3924 android.view.ViewRootImpl$TraversalRunnable.run:12903 android.view.Choreographer$CallbackRecord.run:1901 android.view.Choreographer$CallbackRecord.run:1910 android.view.Choreographer.doCallbacks:1367 android.view.Choreographer.doFrame:1292 android.view.Choreographer$FrameDisplayEventReceiver.run:1870
04-15 09:54:05.770  2000  2120 I BLASTBufferQueue_Java: update, w= 720 h= 1544 mName = VRI[test]@1d20a03 mNativeObject= 0xb40000741cc26350 sc.mNativeObject= 0xb40000751c5cea10 format= -3 caller= android.view.ViewRootImpl.updateBlastSurfaceIfNeeded:3590 android.view.ViewRootImpl.relayoutWindow:11685 android.view.ViewRootImpl.performTraversals:4804 android.view.ViewRootImpl.doTraversal:3924 android.view.ViewRootImpl$TraversalRunnable.run:12903 android.view.Choreographer$CallbackRecord.run:1901
04-15 09:54:05.770  2461  2584 I HoneySpace.TopTaskSource: onTaskFocusChanged(): taskId = 3888
04-15 09:54:05.771  2000  2120 I VRI[test]@1d20a03: Relayout returned: old=(0,0,720,1544) new=(0,0,720,1544) relayoutAsync=false req=(720,1544)0 dur=13 res=0x3 s={true 0xb40000748c7e09b0} ch=true seqId=0
04-15 09:54:05.771 20231 20231 I DecorView: setWindowBackground: isPopOver=false color=fffafafa d=android.graphics.drawable.ColorDrawable@b6163f4
04-15 09:54:05.771  1151  1151 I SurfaceFlinger: [Splash Screen com.catfact.app.feature.favorites.test$_2000#19068] attach to parent LayerHierarchy{RequestedLayerState{ddb409f Splash Screen com.catfact.app.feature.favorites.test#19067 parentId=19066} 1 children}
04-15 09:54:05.771 18525 18790 I Rubin   : [146] M.c0.k(Unknown Source) : Notify com.samsung.android.rubin.inferenceengine.contextanalytics.engine.loggers.AppUsageLogger's database is updated.
04-15 09:54:05.772 20231 20231 D LifecycleMonitor: Lifecycle status change: androidx.activity.ComponentActivity@5ba41eb in: CREATED
04-15 09:54:05.772  2000  2120 I VRI[test]@1d20a03: performConfigurationChange setNightDimText nightDimLevel=0
04-15 09:54:05.772 20231 20231 V ActivityScenario: Update currentActivityStage to CREATED, currentActivity=androidx.activity.ComponentActivity@5ba41eb
04-15 09:54:05.773  3723 15452 I [AirCmd]_ActivitySwitchDetector: onTaskFocusChanged : taskId=3888, componentName=ComponentInfo{com.catfact.app.feature.favorites.test/androidx.activity.ComponentActivity}
04-15 09:54:05.773  3723 15452 I [AirCmd]_ActivitySwitchDetector: onTaskFocusChanged :mTopMostActivity = ComponentInfo{com.google.android.calendar/com.google.android.calendar.allinone.AllInOneCalendarActivity}
04-15 09:54:05.773  2000  2120 D VRI[test]@1d20a03: mThreadedRenderer.initialize() mSurface={isValid=true 0xb40000748c7e09b0} hwInitialized=true
04-15 09:54:05.773 20231 20231 D LifecycleMonitor: Lifecycle status change: androidx.activity.ComponentActivity@5ba41eb in: STARTED
04-15 09:54:05.773 20231 20231 V ActivityScenario: Update currentActivityStage to STARTED, currentActivity=androidx.activity.ComponentActivity@5ba41eb
04-15 09:54:05.773  2000  2120 D VRI[test]@1d20a03: reportNextDraw android.view.ViewRootImpl.performTraversals:5443 android.view.ViewRootImpl.doTraversal:3924 android.view.ViewRootImpl$TraversalRunnable.run:12903 android.view.Choreographer$CallbackRecord.run:1901 android.view.Choreographer$CallbackRecord.run:1910
04-15 09:54:05.773  2000  2120 D VRI[test]@1d20a03: Setup new sync=wmsSync-VRI[test]@1d20a03#34
04-15 09:54:05.773  2000  2120 I VRI[test]@1d20a03: Creating new active sync group VRI[test]@1d20a03#35
04-15 09:54:05.773  3723 15452 I [AirCmd]_CallbackRepeater: stopRepeat : isWorking=false
04-15 09:54:05.774  3723 15452 I [AirCmd]_MediaControlStateMonitor: isForegroundAppSupportsMediaButton : mediaSession is empty
04-15 09:54:05.774 20231 20231 D LifecycleMonitor: Lifecycle status change: androidx.activity.ComponentActivity@5ba41eb in: RESUMED
04-15 09:54:05.774 20231 20231 V ActivityScenario: Update currentActivityStage to RESUMED, currentActivity=androidx.activity.ComponentActivity@5ba41eb
04-15 09:54:05.774 20231 20231 D ViewRootImpl: desktopMode is false
04-15 09:54:05.774 20231 20231 I ViewRootImpl: dVRR is disabled
04-15 09:54:05.775  2000  2000 D DisplayLifecycle: updateDisplay id = 0
04-15 09:54:05.776  3723 15452 E [AirCmd]_MediaControlStateMonitor: getActiveNotificationPackageName : notification service monitor is null
04-15 09:54:05.776  1151  1338 D SurfaceFlinger: [input] setFocusedWindow: <null>
04-15 09:54:05.776  3723 15452 I [AirCmd]_ButtonEventDetectionThread: enableDoubleClickDetection: enabled= true, doubleClickWaitInterval=300
04-15 09:54:05.776  1542  1585 D SurfaceComposerClient: setCornerRadius ## ddb409f Splash Screen com.catfact.app.feature.favorites.test#19067 cornerRadius=0.000000
04-15 09:54:05.776  1542  1821 D InputDispatcher: Once focus requested (0): <null>
04-15 09:54:05.776  1542  1821 D InputDispatcher: Focus request (0): <null> but waiting because NO_WINDOW
04-15 09:54:05.776  1542  1821 D InputDispatcher: Focus left window (0): b64da3d com.google.android.calendar/com.google.android.calendar.allinone.AllInOneCalendarActivity
04-15 09:54:05.777  3979  3979 I ImeFocusController: onPreWindowFocus: skipped hasWindowFocus=false mHasImeFocus=true
04-15 09:54:05.777  3979  3979 I ImeFocusController: onPostWindowFocus: skipped hasWindowFocus=false mHasImeFocus=true
04-15 09:54:05.778  2461  4179 I HoneySpace.Memory-Monitor: current state = 2, didTrim = false
04-15 09:54:05.779  2000  2120 D VRI[test]@1d20a03: registerCallbacksForSync syncBuffer=false
04-15 09:54:05.779 20231 20254 D NativeCustomFrequencyManager: [NativeCFMS] BpCustomFrequencyManager::BpCustomFrequencyManager()
04-15 09:54:05.780  2000  2125 D StackScroller: onDisplayChanged for predraw skip to 2
04-15 09:54:05.780  2000  2194 D VRI[test]@1d20a03: Received frameDrawingCallback syncResult=0 frameNum=1.
04-15 09:54:05.780  2000  2194 I VRI[test]@1d20a03: mWNT: t=0xb4000074fc6b0fd0 mBlastBufferQueue=0xb40000741cc26350 fn= 1 HdrRenderState mRenderHdrSdrRatio=1.0 caller= android.view.ViewRootImpl$12.onFrameDraw:15441 android.view.ThreadedRenderer$1.onFrameDraw:718 <bottom of call stack>
04-15 09:54:05.780  2000  2194 I VRI[test]@1d20a03: Setting up sync and frameCommitCallback
04-15 09:54:05.781  1542  2299 D InputTransport: Input channel constructed: 'cdb0f23', fd=1256
04-15 09:54:05.781  1542  2299 D InputTransport: Input channel constructed: 'cdb0f23', fd=1274
04-15 09:54:05.781  2000  2196 I BLASTBufferQueue: [VRI[test]@1d20a03#869](f:0,a:0,s:0) onFrameAvailable the first frame is available
04-15 09:54:05.781  1542  2299 D InputTransport: Input channel constructed: 'cdb0f23', fd=1277
04-15 09:54:05.781  1542  2299 D InputTransport: Input channel destroyed: 'cdb0f23', fd=1274
04-15 09:54:05.782  2000  2196 I VRI[test]@1d20a03: Received frameCommittedCallback lastAttemptedDrawFrameNum=1 didProduceBuffer=true
04-15 09:54:05.782  1151  1378 I SurfaceFlinger: [Splash Screen com.catfact.app.feature.favorites.test$_2000#19068] setTransactionState with the first frame. bufferData(ID: 8589934656087, frameNumber: 1)
04-15 09:54:05.782  2000  2196 D HWUI    : CFMS:: SetUp Pid : 2000    Tid : 2196
04-15 09:54:05.782  1151  1200 I SurfaceFlinger: id=19069 createSurf, flag=84004, cdb0f23 com.catfact.app.feature.favorites.test/androidx.activity.ComponentActivity#19069
04-15 09:54:05.782  2000  2120 D VRI[test]@1d20a03: reportDrawFinished seqId=0
04-15 09:54:05.784  1542  2299 D InputTransport: Input channel destroyed: 'cdb0f23', fd=1277
04-15 09:54:05.784  1542  1585 D SurfaceComposerClient: setCornerRadius ## ddb409f Splash Screen com.catfact.app.feature.favorites.test#19067 cornerRadius=0.000000
04-15 09:54:05.784  1542  1585 D SurfaceComposerClient: setCornerRadius ## cdb0f23 com.catfact.app.feature.favorites.test/androidx.activity.ComponentActivity#19069 cornerRadius=0.000000
04-15 09:54:05.784 20231 20231 D InputTransport: Input channel constructed: 'cdb0f23', fd=122
04-15 09:54:05.784  1542  1585 D SurfaceComposerClient: setCornerRadius ## ddb409f Splash Screen com.catfact.app.feature.favorites.test#19067 cornerRadius=0.000000
04-15 09:54:05.784  1542  1585 D SurfaceComposerClient: setCornerRadius ## cdb0f23 com.catfact.app.feature.favorites.test/androidx.activity.ComponentActivity#19069 cornerRadius=0.000000
04-15 09:54:05.785  1151  1200 I SurfaceFlinger: id=19070 createSurf, flag=84004, Transition Root: Task=3888#19070
04-15 09:54:05.785 20231 20231 I InsetsController: onStateChanged: host=com.catfact.app.feature.favorites.test/androidx.activity.ComponentActivity, from=android.view.ViewRootImpl.onInsetsStateChanged:3026, state=InsetsState: {mDisplayFrame=Rect(0, 0 - 720, 1544), mDisplayCutout=DisplayCutout{insets=Rect(0, 50 - 0, 0) waterfall=Insets{left=0, top=0, right=0, bottom=0} boundingRect={Bounds=[Rect(0, 0 - 0, 0), Rect(341, 0 - 379, 50), Rect(0, 0 - 0, 0), Rect(0, 0 - 0, 0)]} cutoutPathParserInfo={CutoutPathParserInfo{displayWidth=720 displayHeight=1544 physicalDisplayWidth=720 physicalDisplayHeight=1544 density={1.875} cutoutSpec={M 0,0 H -10 V 26.66666666666667 H 10 V 0 H 0 Z @dp} rotation={0} scale={1.0} physicalPixelDisplaySizeRatio={1.0}}} sideOverrides={}}, mRoundedCorners=RoundedCorners{[RoundedCorner{position=TopLeft, radius=8, center=Point(8, 8)}, RoundedCorner{position=TopRight, radius=8, center=Point(712, 8)}, RoundedCorner{position=BottomRight, radius=8, center=Point(712, 1536)}, RoundedCorner{position=BottomLeft, radius=8, center=Point(8, 1536)}]}  mRoundedCornerFrame=Rect(0, 0 - 720, 1544), mPrivacyIndicatorBounds=PrivacyIndicatorBounds {static bounds=Rect(637, 0 - 720, 50) rotation=0}, mDisplayShape=DisplayShape{ spec=-311912193 displayWidth=720 displayHeight=1544 physicalPixelDisplaySizeRatio=0.5 rotation=0 offsetX=0 offsetY=0 scale=1.0}, mSources= { InsetsSource: {ec730001 mType=navigationBars mFrame=[0,1454][720,1544] mVisible=true mFlags= mSideHint=BOTTOM mBoundingRects=null}, InsetsSource: {ec730004 mType=systemGestures mFrame=[0,0][0,0] mVisible=true mFlags= mSideHint=NONE mBoundingRects=null}, InsetsSource: {ec730005 mType=mandatorySystemGestures mFrame=[0,1454][720,1544] mVisible=true mFlags= mSideHint=BOTTOM mBoundingRects=null}, InsetsSource: {ec730006 mType=tappableElement mFrame=[0,1454][720,1544] mVisible=true mFlags= mSideHint=BOTTOM mBoundingRects=null}, InsetsSource: {ec730024 mType=systemGestures mFrame=[0,0][0,0] mVisible=true mFlags= mSideHint=NONE mBoundingRects=null}, InsetsSource: {3 mType=ime mFrame=[0,0][0,0] mVisible=false mFlags= mSideHint=NONE mBoundingRects=null}, InsetsSource: {27 mType=displayCutout mFrame=[0,0][720,50] mVisible=true mFlags= mSideHint=TOP mBoundingRects=null}, InsetsSource: {43950000 mType=statusBars mFrame=[0,0][720,50] mVisible=true mFlags= mSideHint=TOP mBoundingRects=null}, InsetsSource: {43950005 mType=mandatorySystemGestures mFrame=[0,0][720,73] mVisible=true mFlags= mSideHint=TOP mBoundingRects=null}, InsetsSource: {43950006 mType=tappableElement mFrame=[0,0][720,50] mVisible=true mFlags= mSideHint=TOP mBoundingRects=null} }
04-15 09:54:05.786  1542  1585 I SurfaceControlRegistry: show, t=StartTransaction_SyncId<1700> sc=ActivityRecord{17881242 u0 com.catfact.app.feature.favorites.test/androidx.activity.ComponentActivity t3888}, caller=android.view.SurfaceControl$Transaction.show:3557 com.android.server.wm.Transition.onTransactionReady:2048 com.android.server.wm.BLASTSyncEngine$SyncGroup.finishNow:240 com.android.server.wm.BLASTSyncEngine.onSurfacePlacement:263 com.android.server.wm.RootWindowContainer.performSurfacePlacementNoTrace:1083 com.android.server.wm.WindowSurfacePlacer.performSurfacePlacement:166
04-15 09:54:05.786  1542  1585 D SurfaceComposerClient: setCornerRadius ## Task=3801#16292 cornerRadius=0.000000
04-15 09:54:05.786  1542  1585 D SurfaceComposerClient: setCornerRadius ## Task=3888#19065 cornerRadius=0.000000
04-15 09:54:05.787  1542  1585 D ScreenCapture: [Capture_TEST] : setIsScreenShotBySystem false
04-15 09:54:05.787 20231 20231 I VRI[ComponentActivity]@e8140de: synced displayState. AttachInfo displayState=2
04-15 09:54:05.787  1542  1585 I SurfaceComposerClient: captureLayers:childrenOnly:1, sync:1
04-15 09:54:05.787 20231 20231 I VRI[ComponentActivity]@e8140de: setView = com.android.internal.policy.DecorView@700cd5 IsHRR=false mFlingFrameRateChange=0 TM=true
04-15 09:54:05.788  2000  2105 I SurfaceControlRegistry: hide, t=FinishTransaction_SyncId<1700> sc=Task=3801, caller=android.view.SurfaceControl$Transaction.hide:3583 com.android.wm.shell.transition.Transitions.dispatchReady:1263 com.android.wm.shell.transition.Transitions.onTransitionReady:251 com.android.wm.shell.transition.Transitions$TransitionPlayerImpl$$ExternalSyntheticLambda0.run:13 android.os.Handler.handleCallback:995 android.os.Handler.dispatchMessage:103
04-15 09:54:05.788  2000  2105 I SurfaceControlRegistry: show, t=StartTransaction_SyncId<1700> sc=Task=3888, caller=android.view.SurfaceControl$Transaction.show:3557 com.android.wm.shell.transition.Transitions.dispatchReady:1279 com.android.wm.shell.transition.Transitions.onTransitionReady:251 com.android.wm.shell.transition.Transitions$TransitionPlayerImpl$$ExternalSyntheticLambda0.run:13 android.os.Handler.handleCallback:995 android.os.Handler.dispatchMessage:103
04-15 09:54:05.788  2000  2105 I SurfaceControlRegistry: show, t=FinishTransaction_SyncId<1700> sc=Task=3888, caller=android.view.SurfaceControl$Transaction.show:3557 com.android.wm.shell.transition.Transitions.dispatchReady:1330 com.android.wm.shell.transition.Transitions.onTransitionReady:251 com.android.wm.shell.transition.Transitions$TransitionPlayerImpl$$ExternalSyntheticLambda0.run:13 android.os.Handler.handleCallback:995 android.os.Handler.dispatchMessage:103
04-15 09:54:05.788  2000  2105 I SurfaceControlRegistry: show, t=StartTransaction_SyncId<1700> sc=Transition Root: Task=3888, caller=android.view.SurfaceControl$Transaction.show:3557 com.android.wm.shell.transition.Transitions.playTransition:79 com.android.wm.shell.transition.Transitions.processReadyQueue:239 com.android.wm.shell.transition.Transitions.dispatchReady:1352 com.android.wm.shell.transition.Transitions.onTransitionReady:251 com.android.wm.shell.transition.Transitions$TransitionPlayerImpl$$ExternalSyntheticLambda0.run:13
04-15 09:54:05.788 20231 20254 D HWUI    : HWUI - treat SMPTE_170M as sRGB
04-15 09:54:05.789  2000  2105 D SurfaceComposerClient: [Task=3801#16292] setEdgeExtension Right
04-15 09:54:05.789  1151  1378 I SurfaceFlinger: id=19071 createSurf, flag=20004, DimTransitionLayer for Surface(name=Task=3888)/@0x903aa44#19071
04-15 09:54:05.789  2000  2105 I SurfaceControlRegistry: show, t=StartTransaction_SyncId<1700> sc=DimTransitionLayer for Surface(name=Task=3888)/@0x903aa44, caller=android.view.SurfaceControl$Transaction.show:3557 com.android.wm.shell.transition.DefaultTransitionHandler.startAnimation:2931 com.android.wm.shell.transition.Transitions.dispatchTransition:90 com.android.wm.shell.transition.Transitions.playTransition:774 com.android.wm.shell.transition.Transitions.processReadyQueue:239 com.android.wm.shell.transition.Transitions.dispatchReady:1352
04-15 09:54:05.790  2000  2105 I SurfaceControlRegistry: apply, t=StartTransaction_SyncId<1700>, caller=android.view.SurfaceControl$Transaction.apply:3459 android.view.SurfaceControl$Transaction.apply:3447 android.view.SurfaceControl$Transaction.apply:3397 com.android.wm.shell.transition.DefaultTransitionHandler.startAnimation:3387 com.android.wm.shell.transition.Transitions.dispatchTransition:90 com.android.wm.shell.transition.Transitions.playTransition:774
04-15 09:54:05.790  1151  1151 I SurfaceFlinger: [cdb0f23 com.catfact.app.feature.favorites.test/androidx.activity.ComponentActivity#19069] attach to parent LayerHierarchy{RequestedLayerState{ActivityRecord{17881242 u0 com.catfact.app.feature.favorites.test/androidx.activity.ComponentActivity t3888}#19066 parentId=19065} 2 children}
04-15 09:54:05.790  1151  1151 I SurfaceFlinger: [Transition Root: Task=3888#19070] attach to parent LayerHierarchy{RequestedLayerState{DefaultTaskDisplayArea_d0#10 parentId=9} 17 children}
04-15 09:54:05.790  1151  1151 I SurfaceFlinger: [DimTransitionLayer for Surface(name=Task=3888)/@0x903aa44#19071] attach to parent LayerHierarchy{RequestedLayerState{Transition Root: Task=3888#19070 parentId=10} 1 children}
04-15 09:54:05.790  1151  1200 I SurfaceFlinger: Capture layer list: 	 com.google.android.calendar/com.google.android.calendar.allinone.AllInOneCalendarActivity$_3979#19057(seamlessTransition:0)
04-15 09:54:05.791  1151  1200 I CompositionEngine: [setDisplaySize] size=(720, 1544)
04-15 09:54:05.791  1151  1206 D RenderEngine: [SEC_SF_EFFECTS] drawLayersInternal,1494, Rendering layer ScreenCaptureFillLayer at index 0
04-15 09:54:05.791  1151  1206 D RenderEngine: [SEC_SF_EFFECTS] drawLayersInternal,1494, Rendering layer com.google.android.calendar/com.google.android.calendar.allinone.AllInOneCalendarActivity$_3979#19057 at index 1
04-15 09:54:05.794  1151  1200 I SurfaceFlinger: id=19072 createSurf, flag=84000, a82d5bc ActivityRecordInputSink com.catfact.app.feature.favorites.test/androidx.activity.ComponentActivity#19072
04-15 09:54:05.797  1151  1151 I SurfaceFlinger: RequestedLayer [ddb409f Splash Screen com.catfact.app.feature.favorites.test#19067] hidden!! flag  from(1) --> to(0)
04-15 09:54:05.797  1151  1151 I SurfaceFlinger: RequestedLayer [cdb0f23 com.catfact.app.feature.favo[...]idx.activity.ComponentActivity#19069] hidden!! flag  from(1) --> to(0)
04-15 09:54:05.797  1151  1151 I SurfaceFlinger: RequestedLayer [Splash Screen com.catfact.app.feature.favorites.test$_2000#19068] hidden!! flag  from(1) --> to(0)
04-15 09:54:05.797  1151  1151 I SurfaceFlinger: RequestedLayer [Task=3888#19065] hidden!! flag  from(1) --> to(0)
04-15 09:54:05.797  1151  1151 E SurfaceFlinger: alpha changed 1.000 -> 0.000 - Task=3888#19065
04-15 09:54:05.797  1151  1151 I SurfaceFlinger: RequestedLayer [Transition Root: Task=3888#19070] hidden!! flag  from(1) --> to(0)
04-15 09:54:05.797  1151  1151 I SurfaceFlinger: RequestedLayer [ActivityRecord{17881242 u0 com.catfa[...]ivity.ComponentActivity t3888}#19066] hidden!! flag  from(1) --> to(0)
04-15 09:54:05.797  1151  1151 I SurfaceFlinger: RequestedLayer [DimTransitionLayer for Surface(name=Task=3888)/@0x903aa44#19071] hidden!! flag  from(1) --> to(0)
04-15 09:54:05.797  1151  1151 E SurfaceFlinger: alpha changed 1.000 -> 0.000 - DimTransitionLayer for Surface(name=Task=3888)/@0x903aa44#19071
04-15 09:54:05.797  1151  1151 E SurfaceFlinger: alpha changed 0.000 -> 1.000 - Task=3888#19065
04-15 09:54:05.797  1151  1151 E SurfaceFlinger: alpha changed 0.000 -> 0.000 - DimTransitionLayer for Surface(name=Task=3888)/@0x903aa44#19071
04-15 09:54:05.797  1151  1151 I SurfaceFlinger: [LayerHierarchy{RequestedLayerState{Task=3801#16292 parentId=19070 z=2} 1 children}] reparent to LayerHierarchy{RequestedLayerState{Transition Root: Task=3888#19070 parentId=10 z=13} 2 children}
04-15 09:54:05.797  1151  1151 I SurfaceFlinger: [LayerHierarchy{RequestedLayerState{Task=3888#19065 parentId=19070 z=5} 1 children}] reparent to LayerHierarchy{RequestedLayerState{Transition Root: Task=3888#19070 parentId=10 z=13} 3 children}
04-15 09:54:05.797  1151  1151 I SurfaceFlinger: [LayerHierarchy{RequestedLayerState{DimTransitionLayer for Surface(name=Task=3888)/@0x903aa44#19071 parentId=19070 relativeParentId=19065 z=-1} no children}] RelativeParent to LayerHierarchy{RequestedLayerState{Task=3888#19065 parentId=19070 z=5} 2 children}
04-15 09:54:05.797  1151  1151 I SurfaceFlinger: [a82d5bc ActivityRecordInputSink com.catfact.app.feature.favorites.test/androidx.activity.ComponentActivity#19072] attach to parent LayerHierarchy{RequestedLayerState{ActivityRecord{17881242 u0 com.catfact.app.feature.favorites.test/androidx.activity.ComponentActivity t3888}#19066 parentId=19065} 3 children}
04-15 09:54:05.797  1542  2299 I WindowManager: Relayout Window{cdb0f23 u0 com.catfact.app.feature.favorites.test/androidx.activity.ComponentActivity}: viewVisibility=0 req=720x1544 ty=1 d0
04-15 09:54:05.798  1151  2758 I SurfaceFlinger: id=19073 createSurf, flag=44004, com.catfact.app.feature.favorites.test/androidx.activity.ComponentActivity$_20231#19073
04-15 09:54:05.799  1542  2299 D SurfaceComposerClient: setCornerRadius ## ddb409f Splash Screen com.catfact.app.feature.favorites.test#19067 cornerRadius=0.000000
04-15 09:54:05.799  1542  2299 D SurfaceComposerClient: setCornerRadius ## cdb0f23 com.catfact.app.feature.favorites.test/androidx.activity.ComponentActivity#19069 cornerRadius=0.000000
04-15 09:54:05.799  1151  1200 I SurfaceFlinger: id=19074 createSurf, flag=24000, Surface(name=3edafdc StatusBar)/@0x3b919ed - animation-leash of insets_animation#19074
04-15 09:54:05.800  2461  2474 I HoneySpace.RecentTasks: onRunningTaskAppeared
04-15 09:54:05.800  2461  2474 I HoneySpace.RecentTasks: onRecentTasksChanged
04-15 09:54:05.801  1151  1200 I SurfaceFlinger: id=19075 createSurf, flag=24000, Surface(name=8c5cec7 NavigationBar0)/@0xa68870 - animation-leash of insets_animation#19075
04-15 09:54:05.802  1151  2910 D NativeSemDvfsManager: acquire:: timeout = 2000 mIsAcquired = 1  mTagName : SurfaceFlinger
04-15 09:54:05.803  2000  2000 D SamsungLightBarControlHelper: updateStatusBar (BLACK icon) numStacks:1, StatusBarMode:MODE_TRANSPARENT, lightBarBounds:[Rect(0, 0 - 720, 1544)], StatusBarState:SHADE, packageName:, isWhiteKeyguardStatusBar:false
04-15 09:54:05.803  1151  2910 E NativeCustomFrequencyManager: [NativeCFMS] BpCustomFrequencyManager::acquire()
04-15 09:54:05.803  2000  2000 D SamsungLightBarControlHelper: onStatusBarAppearanceChanged() -  sbModeChanged:false, statusBarMode:0, barState:MODE_TRANSPARENT, isKeyguardShowing:false, navbarColorManagedByIme:false, (AppearanceRegion{LIGHT_STATUS_BARS bounds=[0,0][720,1544]}, )
04-15 09:54:05.803  2000  2000 D NavigationBar: onSystemBarAttributesChanged() -  displayId:0, appearance:24, packageName: com.catfact.app.feature.favorites.test (APPEARANCE_LIGHT_STATUS_BARS APPEARANCE_LIGHT_NAVIGATION_BARS ), navbarColorManagedByIme:false
04-15 09:54:05.803  1059  1180 I HYPER-HAL: [RequestManager.cpp]acquire(): Acquired ID : 2315476  [1151 / 1000]    HINT : SF_GPU_MINLOCK    list : [TIMEOUT / 2000]
04-15 09:54:05.803  2000  2000 D SamsungLightBarControlHelper: updateNavigationBar (BLACK button) isLightOpaque:false, hasLightNavigationBarFlag:true, packageName:com.catfact.app.feature.favorites.test, DirectReplying:false, NavBarColorMangedByIme:false, ForceDarkForScrim:false, ForceLightForScrim:false, QsCustomizing:false, QsExpanded:false
04-15 09:54:05.803  1542  2299 D SurfaceComposerClient: setCornerRadius ## ddb409f Splash Screen com.catfact.app.feature.favorites.test#19067 cornerRadius=0.000000
04-15 09:54:05.803  1542  2299 D SurfaceComposerClient: setCornerRadius ## cdb0f23 com.catfact.app.feature.favorites.test/androidx.activity.ComponentActivity#19069 cornerRadius=0.000000
04-15 09:54:05.804  1151  1200 I SurfaceFlinger: id=19076 createSurf, flag=24000, Surface(name=3edafdc StatusBar)/@0x3b919ed - animation-leash of insets_animation#19076
04-15 09:54:05.804  1151  1151 I SurfaceFlinger: [com.catfact.app.feature.favorites.test/androidx.activity.ComponentActivity$_20231#19073] attach to parent LayerHierarchy{RequestedLayerState{cdb0f23 com.catfact.app.feature.favorites.test/androidx.activity.ComponentActivity#19069 parentId=19066} 1 children}
04-15 09:54:05.804  1151  1151 I SurfaceFlinger: [Surface(name=3edafdc StatusBar)/@0x3b919ed - animation-leash of insets_animation#19074] attach to parent LayerHierarchy{RequestedLayerState{WindowToken{7a8fc4f type=2000 android.os.BinderProxy@a9d7329}#94 parentId=17} 2 children}
04-15 09:54:05.804  1151  1151 I SurfaceFlinger: [Surface(name=8c5cec7 NavigationBar0)/@0xa68870 - animation-leash of insets_animation#19075] attach to parent LayerHierarchy{RequestedLayerState{WindowToken{fc018e2 type=2019 android.os.BinderProxy@bda3ac4}#90 parentId=34} 2 children}
04-15 09:54:05.804  1151  1151 I SurfaceFlinger: [Surface(name=3edafdc StatusBar)/@0x3b919ed - animation-leash of insets_animation#19076] attach to parent LayerHierarchy{RequestedLayerState{WindowToken{7a8fc4f type=2000 android.os.BinderProxy@a9d7329}#94 parentId=17} 3 children}
04-15 09:54:05.806  1151  2479 I SurfaceFlinger: id=19077 createSurf, flag=24000, Surface(name=8c5cec7 NavigationBar0)/@0xa68870 - animation-leash of insets_animation#19077
04-15 09:54:05.808  1542  2299 I SystemKeyManager: requested systemKeyInfo size=1 focusedWindow=com.catfact.app.feature.favorites.test/androidx.activity.ComponentActivity
04-15 09:54:05.808  1542  2299 I SystemKeyManager: requested systemKeyInfo size=1 focusedWindow=com.catfact.app.feature.favorites.test/androidx.activity.ComponentActivity
04-15 09:54:05.808  1542  2299 I WindowManager: Relayout hash=cdb0f23, pid=20231, syncId=-1: mAttrs={(0,0)(fillxfill) sim={adjust=pan forwardNavigation} layoutInDisplayCutoutMode=always ty=BASE_APPLICATION wanim=0x1030317
04-15 09:54:05.808  1542  2299 I WindowManager:   fl=81810100
04-15 09:54:05.808  1542  2299 I WindowManager:   pfl=100088c0
04-15 09:54:05.808  1542  2299 I WindowManager:   apr=210
04-15 09:54:05.808  1542  2299 I WindowManager:   bhv=1
04-15 09:54:05.808  1542  2299 I WindowManager:   fitSides=0
04-15 09:54:05.808  1542  2299 I WindowManager:   frameRateBoostOnTouch=true
04-15 09:54:05.808  1542  2299 I WindowManager:   dvrrWindowFrameRateHint=true naviIconColor=0}
04-15 09:54:05.809  2000  2000 D NavigationBar: onSystemBarAttributesChanged() -  displayId:0, appearance:528, packageName: com.catfact.app.feature.favorites.test (APPEARANCE_LIGHT_NAVIGATION_BARS ), navbarColorManagedByIme:false
04-15 09:54:05.809 20231 20231 I BLASTBufferQueue_Java: new BLASTBufferQueue, mName= VRI[ComponentActivity]@e8140de mNativeObject= 0xb40000741c553690 caller= android.view.ViewRootImpl.updateBlastSurfaceIfNeeded:3585 android.view.ViewRootImpl.relayoutWindow:11685 android.view.ViewRootImpl.performTraversals:4804 android.view.ViewRootImpl.doTraversal:3924 android.view.ViewRootImpl$TraversalRunnable.run:12903 android.view.Choreographer$CallbackRecord.run:1901 android.view.Choreographer$CallbackRecord.run:1910 android.view.Choreographer.doCallbacks:1367 android.view.Choreographer.doFrame:1292 android.view.Choreographer$FrameDisplayEventReceiver.run:1870
04-15 09:54:05.810 20231 20231 I BLASTBufferQueue_Java: update, w= 720 h= 1544 mName = VRI[ComponentActivity]@e8140de mNativeObject= 0xb40000741c553690 sc.mNativeObject= 0xb40000751c4f3e90 format= -1 caller= android.view.ViewRootImpl.updateBlastSurfaceIfNeeded:3590 android.view.ViewRootImpl.relayoutWindow:11685 android.view.ViewRootImpl.performTraversals:4804 android.view.ViewRootImpl.doTraversal:3924 android.view.ViewRootImpl$TraversalRunnable.run:12903 android.view.Choreographer$CallbackRecord.run:1901
04-15 09:54:05.810 20231 20231 I VRI[ComponentActivity]@e8140de: Relayout returned: old=(0,0,720,1544) new=(0,0,720,1544) relayoutAsync=false req=(720,1544)0 dur=12 res=0x3 s={true 0xb40000748c524200} ch=true seqId=0
04-15 09:54:05.811 20231 20231 I VRI[ComponentActivity]@e8140de: performConfigurationChange setNightDimText nightDimLevel=0
04-15 09:54:05.811 20231 20231 D VRI[ComponentActivity]@e8140de: mThreadedRenderer.initialize() mSurface={isValid=true 0xb40000748c524200} hwInitialized=true
04-15 09:54:05.811 20231 20231 D VRI[ComponentActivity]@e8140de: reportNextDraw android.view.ViewRootImpl.performTraversals:5443 android.view.ViewRootImpl.doTraversal:3924 android.view.ViewRootImpl$TraversalRunnable.run:12903 android.view.Choreographer$CallbackRecord.run:1901 android.view.Choreographer$CallbackRecord.run:1910
04-15 09:54:05.811 20231 20231 D VRI[ComponentActivity]@e8140de: Setup new sync=wmsSync-VRI[ComponentActivity]@e8140de#4
04-15 09:54:05.811 20231 20231 I VRI[ComponentActivity]@e8140de: Creating new active sync group VRI[ComponentActivity]@e8140de#5
04-15 09:54:05.811 20231 20231 D VRI[ComponentActivity]@e8140de: registerCallbacksForSync syncBuffer=false
04-15 09:54:05.812 20231 20266 D VRI[ComponentActivity]@e8140de: Received frameDrawingCallback syncResult=0 frameNum=1.
04-15 09:54:05.812 20231 20266 I VRI[ComponentActivity]@e8140de: mWNT: t=0xb4000074fc51ed10 mBlastBufferQueue=0xb40000741c553690 fn= 1 HdrRenderState mRenderHdrSdrRatio=1.0 caller= android.view.ViewRootImpl$12.onFrameDraw:15441 android.view.ThreadedRenderer$1.onFrameDraw:718 <bottom of call stack>
04-15 09:54:05.812 20231 20266 I VRI[ComponentActivity]@e8140de: Setting up sync and frameCommitCallback
04-15 09:54:05.813  1151  1151 E SurfaceFlinger: alpha changed 0.000 -> 0.010 - DimTransitionLayer for Surface(name=Task=3888)/@0x903aa44#19071
04-15 09:54:05.813  1151  1151 I SurfaceFlinger: [Surface(name=8c5cec7 NavigationBar0)/@0xa68870 - animation-leash of insets_animation#19077] attach to parent LayerHierarchy{RequestedLayerState{WindowToken{fc018e2 type=2019 android.os.BinderProxy@bda3ac4}#90 parentId=34} 3 children}
04-15 09:54:05.814 20231 20254 I BLASTBufferQueue: [VRI[ComponentActivity]@e8140de#2](f:0,a:0,s:0) onFrameAvailable the first frame is available
04-15 09:54:05.814 20231 20254 I VRI[ComponentActivity]@e8140de: Received frameCommittedCallback lastAttemptedDrawFrameNum=1 didProduceBuffer=true
04-15 09:54:05.814  1151  1200 I SurfaceFlinger: [com.catfact.app.feature.favorites.test/androidx.activity.ComponentActivity$_20231#19073] setTransactionState with the first frame. bufferData(ID: 86891483365384, frameNumber: 1)
04-15 09:54:05.816 20231 20254 D HWUI    : CFMS:: SetUp Pid : 20231    Tid : 20254
04-15 09:54:05.816 20231 20231 D VRI[ComponentActivity]@e8140de: reportDrawFinished seqId=0
04-15 09:54:05.817  1151  1151 D SurfaceFlinger: Display 4633128672291735999 HWC layers:
04-15 09:54:05.817  1151  1151 D SurfaceFlinger:        CLIENT |           17089674871081 | 00002102 | RGBA_8888    |   10.0    0.0  720.0 1544.0 |    0    0  720 1544 | com.google.android.calendar/com.goog[...]AllInOneCalendarActivity$_3979#19057 (31)
04-15 09:54:05.817  1151  1151 D SurfaceFlinger:   SOLID_COLOR |                        0 | 00000000 | N/A          |    0.0    0.0    0.0    0.0 |    0    0  720 1544 | DimTransitionLayer for Surface(name=Task=3888)/@0x903aa44#19071 (0)
04-15 09:54:05.817  1151  1151 D SurfaceFlinger:        DEVICE |            8589934656087 | 00002100 | RGBA_8888    |    0.0    0.0   33.0 1544.0 |  687    0  720 1544 | Splash Screen com.catfact.app.feature.favorites.test$_2000#19068 (1)
04-15 09:54:05.817  1151  1151 D SurfaceFlinger:        DEVICE |            8589934654687 | 00002100 | RGBA_8888    |    0.0    0.0  720.0   50.0 |    0    0  720   50 | StatusBar$_2000#102 (26666)
04-15 09:54:05.817  1151  1151 D SurfaceFlinger:        DEVICE |           10569914518889 | 00002100 | RGBA_8888    |    0.0    0.0   67.0  353.0 |  653  192  720  545 | com.sec.android.app.launcher/com.sam[...]l.app.CocktailBarService$_2461#16495 (1)
04-15 09:54:05.817  1151  1151 D SurfaceFlinger:        DEVICE |            8589934654692 | 00002
04-15 09:54:05.817  1151  1151 D SurfaceFlinger: 100 | RGBA_8888    |    0.0    0.0  720.0   90.0 |    0 1454  720 1544 | NavigationBar0$_2000#98 (17442)
04-15 09:54:05.817  1151  1151 D SurfaceFlinger:
04-15 09:54:05.817  1542  3827 I SemDvfsHyPerManager: acquire hyper - AMS_RESUME_TAIL/1542@22, type = -999
04-15 09:54:05.817  1542  3827 I SemDvfsHyPerManager: acquire hyper - AMS_ACT_LAZY/1542@23, type = -999
04-15 09:54:05.818  1059  1180 I HYPER-HAL: [RequestManager.cpp]acquire(): Acquired ID : 1223852  [1542 / 22]    HINT : AMS_RESUME_TAIL    list :
04-15 09:54:05.818  1059  1180 I HYPER-HAL: [ResourceManager.cpp]removeResource(): [CPULittleMinFreq] RemoveResource Request ID : 1233263
04-15 09:54:05.819  1059  1180 I HYPER-HAL: [RequestManager.cpp]releaseLocked(): Released ID : 1233263
04-15 09:54:05.819  1542  1585 D SurfaceComposerClient: setCornerRadius ## ddb409f Splash Screen com.catfact.app.feature.favorites.test#19067 cornerRadius=0.000000
04-15 09:54:05.819  1542  1585 D SurfaceComposerClient: setCornerRadius ## cdb0f23 com.catfact.app.feature.favorites.test/androidx.activity.ComponentActivity#19069 cornerRadius=0.000000
04-15 09:54:05.820  1542  1585 D SurfaceComposerClient: setCornerRadius ## ddb409f Splash Screen com.catfact.app.feature.favorites.test#19067 cornerRadius=0.000000
04-15 09:54:05.820  1151  2758 I SurfaceFlinger: id=19078 createSurf, flag=24000, Surface(name=cdb0f23 com.catfact.app.feature.favorites.test/androidx.activity.ComponentActivity)/@0x6a8af67 - animation-leash of starting_reveal#19078
04-15 09:54:05.822  2000  2105 D ShellTaskOrganizer: removeStartingWindow, removalInfo=StartingWindowRemovalInfo{taskId=3888 frame=Rect(0, 0 - 720, 1544) playRevealAnimation=true roundedCornerRadius=0.0 deferRemoveMode=0 windowlessSurface=false removeImmediately=false}
04-15 09:54:05.822  1542  1585 D SurfaceComposerClient: setCornerRadius ## cdb0f23 com.catfact.app.feature.favorites.test/androidx.activity.ComponentActivity#19069 cornerRadius=0.000000
04-15 09:54:05.822  1151  1151 I SurfaceFlinger: [LayerHierarchy{RequestedLayerState{8c5cec7 NavigationBar0#91 parentId=19077} 1 children}] reparent to LayerHierarchy{RequestedLayerState{Surface(name=8c5cec7 NavigationBar0)/@0xa68870 - animation-leash of insets_animation#19077 parentId=90} 1 children}
04-15 09:54:05.822  1151  1151 I SurfaceFlinger: [LayerHierarchy{RequestedLayerState{3edafdc StatusBar#95 parentId=19076} 1 children}] reparent to LayerHierarchy{RequestedLayerState{Surface(name=3edafdc StatusBar)/@0x3b919ed - animation-leash of insets_animation#19076 parentId=94} 1 children}
04-15 09:54:05.823  1151  1151 I SurfaceFlinger: [LayerHierarchy{RequestedLayerState{Surface(name=3edafdc StatusBar)/@0x3b919ed - animation-leash of insets_animation#19060} no children}] reparent to OffscreenRoot
04-15 09:54:05.823  1151  1151 I SurfaceFlinger: [LayerHierarchy{RequestedLayerState{Surface(name=3edafdc StatusBar)/@0x3b919ed - animation-leash of insets_animation#19060} no children}] RelativeParent to null
04-15 09:54:05.823  1542  1585 D SurfaceComposerClient: setCornerRadius ## ddb409f Splash Screen com.catfact.app.feature.favorites.test#19067 cornerRadius=0.000000
04-15 09:54:05.823  1151  1151 I SurfaceFlinger: [LayerHierarchy{RequestedLayerState{Surface(name=8c5cec7 NavigationBar0)/@0xa68870 - animation-leash of insets_animation#19061} no children}] reparent to OffscreenRoot
