04-15 09:54:07.113  1542  1581 D PkgPredictorService-SecIpmManagerServiceImpl: reportToNAP: mHeavyLaunchCounter is false
04-15 09:54:07.113  1542  2944 D PkgPredictorService-SecIpmManagerServiceImpl: ACTION_FOREGROUND_FINISH_EVENT sCurForegroundApp :com.catfact.app.feature.favorites.test
04-15 09:54:07.113  1542  1581 I ActivityTaskManager: Displayed com.catfact.app.feature.favorites.test/androidx.activity.ComponentActivity for user 0: +95ms
04-15 09:54:07.114  1151  1200 I SurfaceFlinger: id=19097 Removed Surface(name=8c5cec7 NavigationBar0)/@0xa68870 - animation-leash of insets_animation#19097 (202)
04-15 09:54:07.114  2000  2120 I InsetsController: onStateChanged: host=Splash Screen com.catfact.app.feature.favorites.test, from=android.view.ViewRootImpl.onInsetsStateChanged:3026, state=InsetsState: {mDisplayFrame=Rect(0, 0 - 720, 1544), mDisplayCutout=DisplayCutout{insets=Rect(0, 50 - 0, 0) waterfall=Insets{left=0, top=0, right=0, bottom=0} boundingRect={Bounds=[Rect(0, 0 - 0, 0), Rect(341, 0 - 379, 50), Rect(0, 0 - 0, 0), Rect(0, 0 - 0, 0)]} cutoutPathParserInfo={CutoutPathParserInfo{displayWidth=720 displayHeight=1544 physicalDisplayWidth=720 physicalDisplayHeight=1544 density={1.875} cutoutSpec={M 0,0 H -10 V 26.66666666666667 H 10 V 0 H 0 Z @dp} rotation={0} scale={1.0} physicalPixelDisplaySizeRatio={1.0}}} sideOverrides={}}, mRoundedCorners=RoundedCorners{[RoundedCorner{position=TopLeft, radius=8, center=Point(8, 8)}, RoundedCorner{position=TopRight, radius=8, center=Point(712, 8)}, RoundedCorner{position=BottomRight, radius=8, center=Point(712, 1536)}, RoundedCorner{position=BottomLeft, radius=8, center=Point(8, 1536)}]}  mRoundedCornerFrame=Rect(0, 0 - 720, 1544), mPrivacyIndicatorBounds=PrivacyIndicatorBounds {static bounds=Rect(637, 0 - 720, 50) rotation=0}, mDisplayShape=DisplayShape{ spec=-311912193 displayWidth=720 displayHeight=1544 physicalPixelDisplaySizeRatio=0.5 rotation=0 offsetX=0 offsetY=0 scale=1.0}, mSources= { InsetsSource: {ec730001 mType=navigationBars mFrame=[0,1454][720,1544] mVisible=true mFlags= mSideHint=BOTTOM mBoundingRects=null}, InsetsSource: {ec730004 mType=systemGestures mFrame=[0,0][0,0] mVisible=true mFlags= mSideHint=NONE mBoundingRects=null}, InsetsSource: {ec730005 mType=mandatorySystemGestures mFrame=[0,1454][720,1544] mVisible=true mFlags= mSideHint=BOTTOM mBoundingRects=null}, InsetsSource: {ec730006 mType=tappableElement mFrame=[0,1454][720,1544] mVisible=true mFlags= mSideHint=BOTTOM mBoundingRects=null}, InsetsSource: {ec730024 mType=systemGestures mFrame=[0,0][0,0] mVisible=true mFlags= mSideHint=NONE mBoundingRects=null}, InsetsSource: {3 mType=ime mFrame=[0,0][0,0] mVisible=false mFlags= mSideHint=NONE mBoundingRects=null}, InsetsSource: {27 mType=displayCutout mFrame=[0,0][720,50] mVisible=true mFlags= mSideHint=TOP mBoundingRects=null}, InsetsSource: {43950000 mType=statusBars mFrame=[0,0][720,50] mVisible=true mFlags= mSideHint=TOP mBoundingRects=null}, InsetsSource: {43950005 mType=mandatorySystemGestures mFrame=[0,0][720,73] mVisible=true mFlags= mSideHint=TOP mBoundingRects=null}, InsetsSource: {43950006 mType=tappableElement mFrame=[0,0][720,50] mVisible=true mFlags= mSideHint=TOP mBoundingRects=null} }
04-15 09:54:07.114  2000  2120 I VRI[test]@18913eb: onActiveControlsChanged, removed=false, mAdded=true, caller=android.view.ViewRootImpl.handleInsetsControlChanged:3002 android.view.ViewRootImpl$ViewRootHandler.handleMessageImpl:8352 android.view.ViewRootImpl$ViewRootHandler.handleMessage:8301 android.os.Handler.dispatchMessage:110 android.os.Looper.loopOnce:273
04-15 09:54:07.114  2000  2195 I VRI[test]@18913eb: mWNT: t=0xb4000074fc75ee50 mBlastBufferQueue=0xb40000741cefe0a0 fn= 2 HdrRenderState mRenderHdrSdrRatio=1.0 caller= android.view.SyncRtSurfaceTransactionApplier.applyTransaction:100 android.view.SyncRtSurfaceTransactionApplier.lambda$scheduleApply$0:73 android.view.SyncRtSurfaceTransactionApplier.$r8$lambda$afI4fXg3U3-nBZQEDQMiNy-B06s:0
04-15 09:54:07.114  2000  2195 I VRI[test]@18913eb: mWNT: t=0xb4000074fc7709d0 mBlastBufferQueue=0xb40000741cefe0a0 fn= 2 HdrRenderState mRenderHdrSdrRatio=1.0 caller= android.view.SyncRtSurfaceTransactionApplier.applyTransaction:100 android.view.SyncRtSurfaceTransactionApplier.lambda$scheduleApply$0:73 android.view.SyncRtSurfaceTransactionApplier.$r8$lambda$afI4fXg3U3-nBZQEDQMiNy-B06s:0
04-15 09:54:07.114  3152  3152 E pageboostd: Received HALT command code 2
04-15 09:54:07.116  1151  1338 D SurfaceFlinger: [input] setFocusedWindow: a4fa9e com.catfact.app.feature.favorites.test/androidx.activity.ComponentActivity
04-15 09:54:07.117  1542  4226 D InputDispatcher: Once focus requested (0): a4fa9e com.catfact.app.feature.favorites.test/androidx.activity.ComponentActivity
04-15 09:54:07.117  1542  4226 D InputDispatcher: Focus request (0): a4fa9e com.catfact.app.feature.favorites.test/androidx.activity.ComponentActivity but waiting because NOT_VISIBLE
04-15 09:54:07.120  1542  3015 I NSLocationMonitor: getGPSUsingApps() called
04-15 09:54:07.120  2982  6680 I NSLocationManager_FLP: getGPSUsingApps, No change
04-15 09:54:07.121  1151  1151 I SurfaceFlinger: RequestedLayer [com.catfact.app.feature.favorites.te[...]ivity.ComponentActivity$_20231#19109] hidden!! flag  from(1) --> to(0)
04-15 09:54:07.121  1151  1151 I SurfaceFlinger: destroyed Surface(name=8c5cec7 NavigationBar0)/@0xa68870 - animation-leash of insets_animation#19097
04-15 09:54:07.121  1151  1151 I SurfaceFlinger: destroyed Surface(name=3edafdc StatusBar)/@0x3b919ed - animation-leash of insets_animation#19096
04-15 09:54:07.121  1151  1151 I SurfaceFlinger: [LayerHierarchy{RequestedLayerState{a4fa9e com.catfact.app.feature.favorites.test/androidx.activity.ComponentActivity#19107 parentId=19114} 1 children}] reparent to LayerHierarchy{RequestedLayerState{Surface(name=a4fa9e com.catfact.app.feature.favorites.test/androidx.activity.ComponentActivity)/@0x7d3474e - animation-leash of starting_reveal#19114 parentId=19102} 1 children}
04-15 09:54:07.122  2000  2194 I VRI[test]@18913eb: mWNT: t=0xb4000074fc6f7f90 mBlastBufferQueue=0xb40000741cefe0a0 fn= 3 HdrRenderState mRenderHdrSdrRatio=1.0 caller= android.view.SyncRtSurfaceTransactionApplier.applyTransaction:100 android.view.SyncRtSurfaceTransactionApplier.lambda$scheduleApply$0:73 android.view.SyncRtSurfaceTransactionApplier.$r8$lambda$afI4fXg3U3-nBZQEDQMiNy-B06s:0
04-15 09:54:07.122  1151  1151 I Layer   : id=19097 Destroyed Surface(name=8c5cec7 NavigationBar0)/@0xa68870 - animation-leash of insets_animation#19097
04-15 09:54:07.122  1151  1151 I Layer   : id=19096 Destroyed Surface(name=3edafdc StatusBar)/@0x3b919ed - animation-leash of insets_animation#19096
04-15 09:54:07.126  1542  1585 D SurfaceComposerClient: setCornerRadius ## c520c0 Splash Screen com.catfact.app.feature.favorites.test#19103 cornerRadius=0.000000
04-15 09:54:07.126  1542  1585 D SurfaceComposerClient: setCornerRadius ## a4fa9e com.catfact.app.feature.favorites.test/androidx.activity.ComponentActivity#19107 cornerRadius=0.000000
04-15 09:54:07.127  1151  1151 D SurfaceFlinger: Display 4633128672291735999 HWC layers:
04-15 09:54:07.127  1151  1151 D SurfaceFlinger:        CLIENT |           17089674871086 | 00002102 | RGBA_8888    |   66.0    0.0  720.0 1544.0 |    0    0  720 1544 | com.google.android.calendar/com.goog[...]AllInOneCalendarActivity$_3979#19093 (22)
04-15 09:54:07.127  1151  1151 D SurfaceFlinger:   SOLID_COLOR |                        0 | 00000000 | N/A          |    0.0    0.0    0.0    0.0 |    0    0  720 1544 | DimTransitionLayer for Surface(name=Task=3889)/@0xb70878c#19106 (0)
04-15 09:54:07.127  1151  1151 D SurfaceFlinger:        DEVICE |           86891483365392 | 00002102 | RGBA_8888    |    0.0    0.0  212.0 1506.0 |  508   38  720 1544 | com.catfact.app.feature.favorites.te[...]ivity.ComponentActivity$_20231#19109 (1)
04-15 09:54:07.127  1151  1151 D SurfaceFlinger:        DEVICE |            8589934656108 | 00002100 | RGBA_8888    |    0.0    0.0  212.0 1544.0 |  508    0  720 1544 | Splash Screen com.catfact.app.feature.favorites.test$_2000#19104 (2)
04-15 09:54:07.127  1151  1151 D SurfaceFlinger:        DEVICE |            8589934654694 | 00002100 | RGBA_8888    |    0.0    0.0  720.0   50.0 |    0    0  720   50 | StatusBar$_2000#102 (26701)
04-15 09:54:07.127  1151  1151 D SurfaceFlinger:        DEVICE |           10569914518889 | 00002
04-15 09:54:07.127  1151  1151 D SurfaceFlinger: 100 | RGBA_8888    |    0.0    0.0   67.0  353.0 |  653  192  720  545 | com.sec.android.app.launcher/com.sam[...]l.app.CocktailBarService$_2461#16495 (1)
04-15 09:54:07.127  1151  1151 D SurfaceFlinger:        DEVICE |            8589934654705 | 00002100 | RGBA_8888    |    0.0    0.0  720.0   90.0 |    0 1454  720 1544 | NavigationBar0$_2000#98 (17476)
04-15 09:54:07.127  1151  1151 D SurfaceFlinger:
04-15 09:54:07.127  1542  4226 D InputDispatcher: Focus entered window (0): a4fa9e com.catfact.app.feature.favorites.test/androidx.activity.ComponentActivity
04-15 09:54:07.127 20231 20231 D VRI[ComponentActivity]@89311a2: mThreadedRenderer.initializeIfNeeded()#2 mSurface={isValid=true 0xb40000748c531670}
04-15 09:54:07.127 20231 20231 D InputMethodManagerUtils: startInputInner - Id : 0
04-15 09:54:07.128 20231 20231 I InputMethodManager: startInputInner - IInputMethodManagerGlobalInvoker.startInputOrWindowGainedFocus
04-15 09:54:07.129  1542  1750 I ImeTracker: com.catfact.app.feature.favorites.test:db6a8033: onRequestHide at ORIGIN_SERVER reason HIDE_UNSPECIFIED_WINDOW fromUser false
04-15 09:54:07.129 20231 20231 I InputMethodManager: handleMessage: setImeVisibility visible=false
04-15 09:54:07.129 20231 20231 D InsetsController: hide(ime(), fromIme=false)
04-15 09:54:07.129 20231 20231 I ImeTracker: com.catfact.app.feature.favorites.test:db6a8033: onCancelled at PHASE_CLIENT_ALREADY_HIDDEN
04-15 09:54:07.129  1542  1750 D InputTransport: Input channel constructed: 'ClientS', fd=1178
04-15 09:54:07.130  1542  1750 D InputTransport: Input channel destroyed: 'ClientS', fd=1178
04-15 09:54:07.130  2000  2195 I VRI[test]@18913eb: mWNT: t=0xb4000074fc734ad0 mBlastBufferQueue=0xb40000741cefe0a0 fn= 4 HdrRenderState mRenderHdrSdrRatio=1.0 caller= android.view.SyncRtSurfaceTransactionApplier.applyTransaction:100 android.view.SyncRtSurfaceTransactionApplier.lambda$scheduleApply$0:73 android.view.SyncRtSurfaceTransactionApplier.$r8$lambda$afI4fXg3U3-nBZQEDQMiNy-B06s:0
04-15 09:54:07.131  3756  3756 I HBD     : HoneyBoardService onFinishInput
04-15 09:54:07.132  3756  3756 I HBD     : a IC have been unbinding,  RemoteInputConnection{idHash=#eb19752}
04-15 09:54:07.132  3756  3756 I HBD     : HoneyBoardService [PF_CL][onFinishInput]  1 ms
04-15 09:54:07.132  3756  3756 I HBD     : HoneyBoardService [IMI] onStartInput - caller pid : 20231 , caller uid : 10750
04-15 09:54:07.132  3756  3756 I HBD     : k updateConfigs
04-15 09:54:07.132  3756  3756 I HBD     : k isEnabledNightMode : true
04-15 09:54:07.132  3756  3756 I HBD     : a IC have been binding, RemoteInputConnection{idHash=#eddce11}
04-15 09:54:07.132  3756  3756 I HBD     : h [EditorInputType]setPrivateImeOptionsToTable privateImeOptions ( null )
04-15 09:54:07.132  3756  3756 I HBD     : b incognitoMode : false
04-15 09:54:07.132  3756  3756 I HBD     : c needOff = true , isForceOff = false, isNullInputClass : true
04-15 09:54:07.132  3756  3756 I HBD     : h getDefaultInputRange : UNKNOWN
04-15 09:54:07.132  3756  3756 I HBD     : h getDefaultInputRange : UNKNOWN
04-15 09:54:07.132  3756  3756 I HBD     : h getDefaultInputRange : UNKNOWN
04-15 09:54:07.132  3756  3756 I HBD     : c needOff = true , isForceOff = false, isNullInputClass : true
04-15 09:54:07.132  3756  3756 I HBD     : c update cached prediction status : false
04-15 09:54:07.133  3756  3756 I HBD     : h getDefaultInputRange : UNKNOWN
04-15 09:54:07.133  3756  3756 I HBD     : a currentState : 0
04-15 09:54:07.133  3756  3756 I HBD     : a [UpdatePolicy] [post] a: 0 cl: 65538 kit: [0/0] vt: 0 ir: 1
04-15 09:54:07.133 20231 20241 D InputTransport: Input channel constructed: 'ClientS', fd=128
04-15 09:54:07.134  3756  3756 I HBD     : a [NRIC] resetNoResponseState
04-15 09:54:07.134  3756  3756 I HBD     : c needOff = true , isForceOff = false, isNullInputClass : true
04-15 09:54:07.134  3756  3756 I HBD     : c update cached prediction status : false
04-15 09:54:07.134  3756  3756 I HBD     : HoneyBoardService [PF_OP][onStartInput]  2 ms
04-15 09:54:07.134  3979  3979 D InputTransport: Input channel destroyed: 'ClientS', fd=214
04-15 09:54:07.134  3756  3756 I HBD     : [DirectWriting] DirectWriting emitInputConnection : RemoteInputConnection{idHash=#eddce11}
04-15 09:54:07.136  1151  1378 I SurfaceFlinger: id=19115 createSurf, flag=24004, Surface(name=1d7a05f InputMethod)/@0x5f77a9d - animation-leash of insets_animation#19115
04-15 09:54:07.137  1542  2299 I ImeTracker: system_server:e1397614: onRequestHide at ORIGIN_SERVER reason IME_REQUESTED_CHANGED_LISTENER fromUser false
04-15 09:54:07.138  1542  1584 I ImeTracker: system_server:e1397614: onCancelled at PHASE_SERVER_SHOULD_HIDE
04-15 09:54:07.138  1542  1585 D SurfaceComposerClient: setCornerRadius ## c520c0 Splash Screen com.catfact.app.feature.favorites.test#19103 cornerRadius=0.000000
04-15 09:54:07.138  1542  1585 D SurfaceComposerClient: setCornerRadius ## a4fa9e com.catfact.app.feature.favorites.test/androidx.activity.ComponentActivity#19107 cornerRadius=0.000000
04-15 09:54:07.138  1151  1151 I SurfaceFlinger: [Surface(name=1d7a05f InputMethod)/@0x5f77a9d - animation-leash of insets_animation#19115] attach to parent LayerHierarchy{RequestedLayerState{WindowToken{d080c22 type=2011 android.os.Binder@459a5ed}#120 parentId=15} 2 children}
04-15 09:54:07.139  2000  2194 I VRI[test]@18913eb: mWNT: t=0xb4000074fc6f1d90 mBlastBufferQueue=0xb40000741cefe0a0 fn= 5 HdrRenderState mRenderHdrSdrRatio=1.0 caller= android.view.SyncRtSurfaceTransactionApplier.applyTransaction:100 android.view.SyncRtSurfaceTransactionApplier.lambda$scheduleApply$0:73 android.view.SyncRtSurfaceTransactionApplier.$r8$lambda$afI4fXg3U3-nBZQEDQMiNy-B06s:0
04-15 09:54:07.146  1151  1151 I SurfaceFlinger: RequestedLayer [Surface(name=1d7a05f InputMethod)/@0[...]tion-leash of insets_animation#19115] hidden!! flag  from(1) --> to(0)
04-15 09:54:07.146  1151  1151 E SurfaceFlinger: alpha changed 1.000 -> 0.000 - Surface(name=1d7a05f InputMethod)/@0x5f77a9d - animation-leash of insets_animation#19115
04-15 09:54:07.146  1151  1151 I SurfaceFlinger: [LayerHierarchy{RequestedLayerState{ImeContainer#15 parentId=19102 relativeParentId=19102 z=3} 1 children}] reparent to LayerHierarchy{RequestedLayerState{ActivityRecord{1279113 u0 com.catfact.app.feature.favorites.test/androidx.activity.ComponentActivity t3889}#19102 parentId=19101} 4 children}
04-15 09:54:07.146  1151  1151 I SurfaceFlinger: [LayerHierarchy{RequestedLayerState{ImeContainer#15 parentId=19102 relativeParentId=19102 z=3} 1 children}] RelativeParent to null
04-15 09:54:07.146  1151  1151 I SurfaceFlinger: [LayerHierarchy{RequestedLayerState{1d7a05f InputMethod#134 parentId=19115} no children}] reparent to LayerHierarchy{RequestedLayerState{Surface(name=1d7a05f InputMethod)/@0x5f77a9d - animation-leash of insets_animation#19115 parentId=120} 1 children}
04-15 09:54:07.146  1151  1151 I SurfaceFlinger: [LayerHierarchy{RequestedLayerState{Surface(name=1d7a05f InputMethod)/@0x5f77a9d - animation-leash of insets_animation#19099} no children}] reparent to OffscreenRoot
04-15 09:54:07.146  1151  1151 I SurfaceFlinger: [LayerHierarchy{RequestedLayerState{Surface(name=1d7a05f InputMethod)/@0x5f77a9d - animation-leash of insets_animation#19099} no children}] RelativeParent to null
04-15 09:54:07.150  2000  2195 I VRI[test]@18913eb: mWNT: t=0xb4000074fc742050 mBlastBufferQueue=0xb40000741cefe0a0 fn= 6 HdrRenderState mRenderHdrSdrRatio=1.0 caller= android.view.SyncRtSurfaceTransactionApplier.applyTransaction:100 android.view.SyncRtSurfaceTransactionApplier.lambda$scheduleApply$0:73 android.view.SyncRtSurfaceTransactionApplier.$r8$lambda$afI4fXg3U3-nBZQEDQMiNy-B06s:0
04-15 09:54:07.152  1151  2479 I SurfaceFlinger: id=19099 Removed Surface(name=1d7a05f InputMethod)/@0x5f77a9d - animation-leash of insets_animation#19099 (201)
04-15 09:54:07.152  3756  3756 I InputMethodService: scheduleImeSurfaceRemoval: removeImeSurface is posted.
04-15 09:54:07.153  3723  3374 I [AirCmd]_ActivitySwitchDetector: onTaskStackChanged : componentName - ComponentInfo{com.catfact.app.feature.favorites.test/androidx.activity.ComponentActivity}
04-15 09:54:07.154  3963  4335 I SemDvfsHyPerManager: acquire hyper - BaseTABoost/3963@25, type = -999
04-15 09:54:07.154  1059  1180 I HYPER-HAL: [RequestManager.cpp]acquire(): Acquired ID : 7954091  [3963 / 25]    HINT :      list : [TABoost / 1]
04-15 09:54:07.155  1151  1151 I SurfaceFlinger: destroyed Surface(name=1d7a05f InputMethod)/@0x5f77a9d - animation-leash of insets_animation#19099
04-15 09:54:07.156  2000  2194 I VRI[test]@18913eb: mWNT: t=0xb4000074fc7407d0 mBlastBufferQueue=0xb40000741cefe0a0 fn= 7 HdrRenderState mRenderHdrSdrRatio=1.0 caller= android.view.SyncRtSurfaceTransactionApplier.applyTransaction:100 android.view.SyncRtSurfaceTransactionApplier.lambda$scheduleApply$0:73 android.view.SyncRtSurfaceTransactionApplier.$r8$lambda$afI4fXg3U3-nBZQEDQMiNy-B06s:0
04-15 09:54:07.159  1151  1151 I Layer   : id=19099 Destroyed Surface(name=1d7a05f InputMethod)/@0x5f77a9d - animation-leash of insets_animation#19099
04-15 09:54:07.161  2461  4418 I HoneySpace.RecentTasks: onRecentTasksChanged
04-15 09:54:07.165  1542  3827 I WindowManager: Relayout Window{c520c0 u0 Splash Screen com.catfact.app.feature.favorites.test}: viewVisibility=8 req=720x1544 ty=3 d0
04-15 09:54:07.166  1542  3827 D SurfaceComposerClient: setCornerRadius ## a4fa9e com.catfact.app.feature.favorites.test/androidx.activity.ComponentActivity#19107 cornerRadius=0.000000
04-15 09:54:07.166  1542  3827 D SurfaceComposerClient: setCornerRadius ## c520c0 Splash Screen com.catfact.app.feature.favorites.test#19103 cornerRadius=0.000000
04-15 09:54:07.166  1542  3827 D SurfaceComposerClient: setCornerRadius ## a4fa9e com.catfact.app.feature.favorites.test/androidx.activity.ComponentActivity#19107 cornerRadius=0.000000
04-15 09:54:07.167  1542  3827 I WindowManager: Relayout hash=c520c0, pid=2000, syncId=-1: mAttrs={(0,0)(fillxfill) sim={adjust=pan} layoutInDisplayCutoutMode=always ty=APPLICATION_STARTING fmt=TRANSLUCENT wanim=0x1030317
04-15 09:54:07.167  1542  3827 I WindowManager:   fl=81030118
04-15 09:54:07.167  1542  3827 I WindowManager:   pfl=10000810
04-15 09:54:07.167  1542  3827 I WindowManager:   apr=18
04-15 09:54:07.167  1542  3827 I WindowManager:   bhv=1
04-15 09:54:07.167  1542  3827 I WindowManager:   fitSides=0
04-15 09:54:07.167  1542  3827 I WindowManager:   frameRateBoostOnTouch=true
04-15 09:54:07.167  1542  3827 I WindowManager:   dvrrWindowFrameRateHint=true naviIconColor=0}
04-15 09:54:07.167  2000  2120 I VRI[test]@18913eb: onActiveControlsChanged, removed=false, mAdded=true, caller=android.view.ViewRootImpl.handleInsetsControlChanged:3002 android.view.ViewRootImpl.relayoutWindow:11629 android.view.ViewRootImpl.performTraversals:4804 android.view.ViewRootImpl.doTraversal:3924 android.view.ViewRootImpl$TraversalRunnable.run:12903
04-15 09:54:07.167  2000  2120 I VRI[test]@18913eb: Relayout returned: old=(0,0,720,1544) new=(0,0,720,1544) relayoutAsync=false req=(720,1544)8 dur=2 res=0x2 s={false 0x0} ch=true seqId=0
04-15 09:54:07.167  2000  2120 D VRI[test]@18913eb: Not drawing due to not visible. Reason=View.GONE
04-15 09:54:07.168  2000  2120 I VRI[test]@18913eb: dispatchDetachedFromWindow
04-15 09:54:07.168  1542  3827 D InputTransport: Input channel destroyed: 'c520c0 ', fd=874
04-15 09:54:07.168  1542  3827 D SurfaceComposerClient: setCornerRadius ## a4fa9e com.catfact.app.feature.favorites.test/androidx.activity.ComponentActivity#19107 cornerRadius=0.000000
04-15 09:54:07.168  1542  3827 D SurfaceComposerClient: setCornerRadius ## a4fa9e com.catfact.app.feature.favorites.test/androidx.activity.ComponentActivity#19107 cornerRadius=0.000000
04-15 09:54:07.169  2000  2120 D InputTransport: Input channel destroyed: 'c520c0 ', fd=513
04-15 09:54:07.169  1542  1585 D SurfaceComposerClient: setCornerRadius ## a4fa9e com.catfact.app.feature.favorites.test/androidx.activity.ComponentActivity#19107 cornerRadius=0.000000
04-15 09:54:07.170  1218  1218 I CameraService: onUidStateChanged: uid=10048, procState is changed. (1 -> 0)
04-15 09:54:07.173  1542  1585 D SurfaceComposerClient: setCornerRadius ## a4fa9e com.catfact.app.feature.favorites.test/androidx.activity.ComponentActivity#19107 cornerRadius=0.000000
04-15 09:54:07.176  2000  2000 D SystemUIService: SYSUI_RAM_OPTIMIZATION onTrimMemory=20
04-15 09:54:07.176  2000  2000 D CentralSurfaces: SYSUI_RAM_OPTIMIZATION onTrimMemory=20
04-15 09:54:07.176  2000  2196 D HWUI    : CacheManager::trimMemory(20)
04-15 09:54:07.181  1151  1151 I SurfaceFlinger: RequestedLayer [Splash Screen com.catfact.app.feature.favorites.test$_2000#19104] hidden!! flag  from(0) --> to(1)
04-15 09:54:07.182  1151  1151 I SurfaceFlinger: [LayerHierarchy{RequestedLayerState{a4fa9e com.catfact.app.feature.favorites.test/androidx.activity.ComponentActivity#19107 parentId=19102} 1 children}] reparent to LayerHierarchy{RequestedLayerState{ActivityRecord{1279113 u0 com.catfact.app.feature.favorites.test/androidx.activity.ComponentActivity t3889}#19102 parentId=19101} 5 children}
04-15 09:54:07.182  1151  1151 I SurfaceFlinger: [LayerHierarchy{RequestedLayerState{Surface(name=a4fa9e com.catfact.app.feature.favorites.test/androidx.activity.ComponentActivity)/@0x7d3474e - animation-leash of starting_reveal#19114} no children}] reparent to OffscreenRoot
04-15 09:54:07.182  1151  1151 I SurfaceFlinger: [LayerHierarchy{RequestedLayerState{Surface(name=a4fa9e com.catfact.app.feature.favorites.test/androidx.activity.ComponentActivity)/@0x7d3474e - animation-leash of starting_reveal#19114} no children}] RelativeParent to null
04-15 09:54:07.190  1151  1151 D SurfaceFlinger: Display 4633128672291735999 HWC layers:
04-15 09:54:07.190  1151  1151 D SurfaceFlinger:        CLIENT |           17089674871086 | 00002102 | RGBA_8888    |  160.0    0.0  720.0 1544.0 |    0    0  720 1544 | com.google.android.calendar/com.goog[...]AllInOneCalendarActivity$_3979#19093 (26)
04-15 09:54:07.190  1151  1151 D SurfaceFlinger:   SOLID_COLOR |                        0 | 00000000 | N/A          |    0.0    0.0    0.0    0.0 |    0    0  720 1544 | DimTransitionLayer for Surface(name=Task=3889)/@0xb70878c#19106 (0)
04-15 09:54:07.190  1151  1151 D SurfaceFlinger:        DEVICE |           86891483365392 | 00002102 | RGBA_8888    |    0.0    0.0  512.0 1544.0 |  208    0  720 1544 | com.catfact.app.feature.favorites.te[...]ivity.ComponentActivity$_20231#19109 (1)
04-15 09:54:07.190  1151  1151 D SurfaceFlinger:        DEVICE |            8589934654742 | 00002100 | RGBA_8888    |    0.0    0.0  720.0   50.0 |    0    0  720   50 | StatusBar$_2000#102 (26708)
04-15 09:54:07.190  1151  1151 D SurfaceFlinger:        DEVICE |           10569914518889 | 00002100 | RGBA_8888    |    0.0    0.0   67.0  353.0 |  653  192  720  545 | com.sec.android.app.launcher/com.sam[...]l.app.CocktailBarService$_2461#16495 (1)
04-15 09:54:07.190  1151  1151 D SurfaceFlinger:        DEVICE |            85899346
04-15 09:54:07.190  1151  1151 D SurfaceFlinger: 54693 | 00002100 | RGBA_8888    |    0.0    0.0  720.0   90.0 |    0 1454  720 1544 | NavigationBar0$_2000#98 (17483)
04-15 09:54:07.190  1151  1151 D SurfaceFlinger:
04-15 09:54:07.216  2000  2000 D QSClock : onDarkChanged tint=DARK
04-15 09:54:07.254  3979  3988 I ndroid.calendar: Background concurrent mark compact GC freed 33MB AllocSpace bytes, 0(0B) LOS objects, 59% free, 32MB/80MB, paused 1.423ms,3.637ms total 142.304ms
04-15 09:54:07.306  1151  2910 D NativeSemDvfsManager: acquire:: timeout = 2000 mIsAcquired = 1  mTagName : SurfaceFlinger
04-15 09:54:07.306  1151  2910 E NativeCustomFrequencyManager: [NativeCFMS] BpCustomFrequencyManager::acquire()
04-15 09:54:07.307  1059  1180 I HYPER-HAL: [RequestManager.cpp]acquire(): Acquired ID : 2315476  [1151 / 1000]    HINT : SF_GPU_MINLOCK    list : [TIMEOUT / 2000]
04-15 09:54:07.357  1151  1151 D SurfaceFlinger: GPIS:: requestGpisForClientComposition
04-15 09:54:07.366  2461  2461 I HoneySpace.EdgePanel.EdgeVisibilityRepository: getComputedTrayVisible : keyguardState = 1
04-15 09:54:07.366  2461  2461 I HoneySpace.EdgePanel.EdgeVisibilityRepository: updateTrayVisible: State = 0x1, visible = true, current containerState = 0, specificMode = 0
04-15 09:54:07.366  2461  2461 I HoneySpace.EdgePanel.EdgeVisibilityRepository: Same container state 0
04-15 09:54:07.401  1059 20330 I HYPER-HAL: [RequestManager.cpp]releaseLocked(): Released ID : 1223852
04-15 09:54:07.514  1542  1784 D WifiStaIfaceHidlImpl: getCachedScanData is not implemented by HIDL
04-15 09:54:07.514  3979  3988 I ndroid.calendar: Background concurrent mark compact GC freed 73MB AllocSpace bytes, 2(32KB) LOS objects, 54% free, 40MB/88MB, paused 1.908ms,2.968ms total 160.053ms
04-15 09:54:07.523  1151  1151 D SurfaceFlinger: Display 4633128672291735999 HWC layers:
04-15 09:54:07.523  1151  1151 D SurfaceFlinger:        DEVICE |           86891483365392 | 00002102 | RGBA_8888    |    0.0    0.0  720.0 1544.0 |    0    0  720 1544 | com.catfact.app.feature.favorites.te[...]ivity.ComponentActivity$_20231#19109 (1)
04-15 09:54:07.523  1151  1151 D SurfaceFlinger:        DEVICE |            8589934654687 | 00002100 | RGBA_8888    |    0.0    0.0  720.0   50.0 |    0    0  720   50 | StatusBar$_2000#102 (26714)
04-15 09:54:07.523  1151  1151 D SurfaceFlinger:        DEVICE |           10569914518889 | 00002100 | RGBA_8888    |    0.0    0.0   67.0  353.0 |  653  192  720  545 | com.sec.android.app.launcher/com.sam[...]l.app.CocktailBarService$_2461#16495 (1)
04-15 09:54:07.523  1151  1151 D SurfaceFlinger:        DEVICE |            8589934654705 | 00002100 | RGBA_8888    |    0.0    0.0  720.0   90.0 |    0 1454  720 1544 | NavigationBar0$_2000#98 (17488)
04-15 09:54:07.523  1151  1151 D SurfaceFlinger:
04-15 09:54:07.523  2000  2105 I SurfaceControlRegistry: apply, t=FinishTransaction_SyncId<1703>, caller=android.view.SurfaceControl$Transaction.apply:3459 android.view.SurfaceControl$Transaction.apply:3447 android.view.SurfaceControl$Transaction.apply:3397 com.android.wm.shell.transition.Transitions.onFinish:315 com.android.wm.shell.transition.Transitions$$ExternalSyntheticLambda7.onTransitionFinished:12 com.android.wm.shell.transition.DefaultTransitionHandler$$ExternalSyntheticLambda2.run:36
04-15 09:54:07.526  1542  3827 D SurfaceComposerClient: setCornerRadius ## a4fa9e com.catfact.app.feature.favorites.test/androidx.activity.ComponentActivity#19107 cornerRadius=0.000000
04-15 09:54:07.527  1542  3827 D SurfaceComposerClient: setCornerRadius ## a4fa9e com.catfact.app.feature.favorites.test/androidx.activity.ComponentActivity#19107 cornerRadius=0.000000
04-15 09:54:07.527  2000  2000 D SamsungLightBarControlHelper: updateStatusBar (WHITE icon) numStacks:1, StatusBarMode:MODE_TRANSPARENT, lightBarBounds:[], StatusBarState:SHADE, packageName:, isWhiteKeyguardStatusBar:false
04-15 09:54:07.527  2000  2000 D SamsungLightBarControlHelper: onStatusBarAppearanceChanged() -  sbModeChanged:false, statusBarMode:0, barState:MODE_TRANSPARENT, isKeyguardShowing:false, navbarColorManagedByIme:false, (AppearanceRegion{ bounds=[0,0][720,1544]}, )
04-15 09:54:07.532  1151  1151 I SurfaceFlinger: RequestedLayer [Task=3801#16292] hidden!! flag  from(0) --> to(1)
04-15 09:54:07.532  1151  1151 I SurfaceFlinger: [Display 0 name="Built-in Screen"#49] setFrameRateCategory: Default
04-15 09:54:07.532  1151  1151 I SurfaceFlinger: RequestedLayer [com.google.android.calendar/com.goog[...]AllInOneCalendarActivity$_3979#19093] hidden!! flag  from(0) --> to(1)
04-15 09:54:07.532  1151  1151 I SurfaceFlinger: RequestedLayer [ActivityRecord{243114305 u0 com.goog[...]llInOneCalendarActivity t3801}#16293] hidden!! flag  from(0) --> to(1)
04-15 09:54:07.532  1151  1151 I SurfaceFlinger: [LayerHierarchy{RequestedLayerState{ImeContainer#15 parentId=19102 relativeParentId=19107 z=1} 1 children}] RelativeParent to LayerHierarchy{RequestedLayerState{a4fa9e com.catfact.app.feature.favorites.test/androidx.activity.ComponentActivity#19107 parentId=19102} 2 children}
04-15 09:54:07.532  2000  2000 D SystemUIService: SYSUI_RAM_OPTIMIZATION onTrimMemory=20
04-15 09:54:07.532  1151  1151 I SurfaceFlinger: [LayerHierarchy{RequestedLayerState{Task=3801#16292 parentId=10 z=12} 1 children}] reparent to LayerHierarchy{RequestedLayerState{DefaultTaskDisplayArea_d0#10 parentId=9} 16 children}
04-15 09:54:07.532  2000  2000 D CentralSurfaces: SYSUI_RAM_OPTIMIZATION onTrimMemory=20
04-15 09:54:07.532  1151  1151 I SurfaceFlinger: [LayerHierarchy{RequestedLayerState{Task=3889#19101 parentId=10 z=13} 2 children}] reparent to LayerHierarchy{RequestedLayerState{DefaultTaskDisplayArea_d0#10 parentId=9} 17 children}
04-15 09:54:07.532  1151  1151 I SurfaceFlinger: [LayerHierarchy{RequestedLayerState{c520c0 Splash Screen com.catfact.app.feature.favorites.test#19103 z=2147483647} 1 children}] reparent to OffscreenRoot
04-15 09:54:07.532  1151  1151 I SurfaceFlinger: [LayerHierarchy{RequestedLayerState{c520c0 Splash Screen com.catfact.app.feature.favorites.test#19103 z=2147483647} 1 children}] RelativeParent to null
04-15 09:54:07.532  1151  1151 I SurfaceFlinger: [LayerHierarchy{RequestedLayerState{Splash Screen com.catfact.app.feature.favorites.test$_2000#19104} no children}] reparent to OffscreenRoot
04-15 09:54:07.532  2000  2196 D HWUI    : CacheManager::trimMemory(20)
04-15 09:54:07.532  1151  1151 I SurfaceFlinger: [LayerHierarchy{RequestedLayerState{Splash Screen com.catfact.app.feature.favorites.test$_2000#19104} no children}] RelativeParent to null
04-15 09:54:07.532  1151  1151 I SurfaceFlinger: [LayerHierarchy{RequestedLayerState{Transition Root: Task=3889#19105 z=13} 1 children}] reparent to OffscreenRoot
04-15 09:54:07.532  1151  1151 I SurfaceFlinger: [LayerHierarchy{RequestedLayerState{Transition Root: Task=3889#19105 z=13} 1 children}] RelativeParent to null
04-15 09:54:07.532  1151  1151 I SurfaceFlinger: [LayerHierarchy{RequestedLayerState{DimTransitionLayer for Surface(name=Task=3889)/@0xb70878c#19106 z=-1} no children}] reparent to OffscreenRoot
04-15 09:54:07.532  1151  1151 I SurfaceFlinger: [LayerHierarchy{RequestedLayerState{DimTransitionLayer for Surface(name=Task=3889)/@0xb70878c#19106 z=-1} no children}] RelativeParent to null
04-15 09:54:07.534  1151  1151 I SurfaceFlinger: id=19104 Removed Splash Screen com.catfact.app.feature.favorites.test$_2000#19104 (200)
04-15 09:54:07.534  1151  1151 I SurfaceFlinger: id=19106 Removed DimTransitionLayer for Surface(name=Task=3889)/@0xb70878c#19106 (200)
04-15 09:54:07.534  1151  1151 I SurfaceFlinger: id=19105 Removed Transition Root: Task=3889#19105 (200)
04-15 09:54:07.534  1151  1151 I SurfaceFlinger: id=19103 Removed c520c0 Splash Screen com.catfact.app.feature.favorites.test#19103 (200)
04-15 09:54:07.536  1542  1585 D SurfaceComposerClient: setCornerRadius ## a4fa9e com.catfact.app.feature.favorites.test/androidx.activity.ComponentActivity#19107 cornerRadius=0.000000
04-15 09:54:07.536  3979  4808 D HWUI    : CacheManager::trimMemory(20)
04-15 09:54:07.536  2461  4418 I HoneySpace.Memory-Monitor: current state = 2, didTrim = false
04-15 09:54:07.536  2000  2125 D StackScroller: onDisplayChanged for predraw skip to 2
04-15 09:54:07.536  2000  2000 D DisplayLifecycle: updateDisplay id = 0
04-15 09:54:07.536  3979  3979 I VRI[AllInOneCalendarActivity]@ae50f1e: handleAppVisibility mAppVisible = true visible = false
04-15 09:54:07.537  3979  3979 D VRI[AllInOneCalendarActivity]@ae50f1e: visibilityChanged oldVisibility=true newVisibility=false
04-15 09:54:07.538  1151  1151 I SurfaceFlinger: destroyed c520c0 Splash Screen com.catfact.app.feature.favorites.test#19103
04-15 09:54:07.538  1151  1151 I SurfaceFlinger: destroyed Splash Screen com.catfact.app.feature.favorites.test$_2000#19104
04-15 09:54:07.538  1151  1151 I SurfaceFlinger: destroyed Transition Root: Task=3889#19105
04-15 09:54:07.538  1151  1151 I SurfaceFlinger: destroyed DimTransitionLayer for Surface(name=Task=3889)/@0xb70878c#19106
04-15 09:54:07.539  1151  1151 I Layer   : id=19103 Destroyed c520c0 Splash Screen com.catfact.app.feature.favorites.test#19103
04-15 09:54:07.539  1151  1151 I Layer   : id=19104 Destroyed Splash Screen com.catfact.app.feature.favorites.test$_2000#19104
04-15 09:54:07.539  1151  1151 I Layer   : id=19105 Destroyed Transition Root: Task=3889#19105
04-15 09:54:07.539  1151  1151 I Layer   : id=19106 Destroyed DimTransitionLayer for Surface(name=Task=3889)/@0xb70878c#19106
04-15 09:54:07.540  3979  3979 I VRI[AllInOneCalendarActivity]@ae50f1e: stopped(true) old = false
04-15 09:54:07.540  3979  3979 D VRI[AllInOneCalendarActivity]@ae50f1e: WindowStopped on com.google.android.calendar/com.google.android.calendar.allinone.AllInOneCalendarActivity set to true
04-15 09:54:07.540  3979  4808 D HWUI    : CacheManager::trimMemory(20)
04-15 09:54:07.544  1542 23285 D SemWifiUsabilityStatsMonitor: onWifiUsabilityStats - seqNum 10591, isSameBssidAndFreq true
04-15 09:54:07.562  3979  4808 D HWUI    : CacheManager::trimMemory(20)
04-15 09:54:07.564  1542  2299 I WindowManager: Relayout Window{38b56 u0 com.google.android.calendar/com.google.android.calendar.allinone.AllInOneCalendarActivity}: viewVisibility=8 req=720x1544 ty=1 d0
04-15 09:54:07.564  1542  2299 D SurfaceComposerClient: setCornerRadius ## a4fa9e com.catfact.app.feature.favorites.test/androidx.activity.ComponentActivity#19107 cornerRadius=0.000000
04-15 09:54:07.564  1542  2299 D SurfaceComposerClient: setCornerRadius ## a4fa9e com.catfact.app.feature.favorites.test/androidx.activity.ComponentActivity#19107 cornerRadius=0.000000
04-15 09:54:07.565  1542  2299 I WindowManager: Relayout hash=38b56, pid=3979, syncId=-1: mAttrs={(0,0)(fillxfill) sim={adjust=pan} layoutInDisplayCutoutMode=always ty=BASE_APPLICATION wanim=0x1030317
04-15 09:54:07.565  1542  2299 I WindowManager:   fl=81810100
04-15 09:54:07.565  1542  2299 I WindowManager:   pfl=100088c0
04-15 09:54:07.565  1542  2299 I WindowManager:   vsysui=700
04-15 09:54:07.565  1542  2299 I WindowManager:   bhv=1
04-15 09:54:07.565  1542  2299 I WindowManager:   fitSides=0
04-15 09:54:07.565  1542  2299 I WindowManager:   frameRateBoostOnTouch=true
04-15 09:54:07.565  1542  2299 I WindowManager:   dvrrWindowFrameRateHint=true naviIconColor=0}
04-15 09:54:07.567  3979  3979 I VRI[AllInOneCalendarActivity]@ae50f1e: Relayout returned: old=(0,0,720,1544) new=(0,0,720,1544) relayoutAsync=false req=(720,1544)8 dur=2 res=0x2 s={false 0x0} ch=false seqId=0
04-15 09:54:07.567  3979  3979 D VRI[AllInOneCalendarActivity]@ae50f1e: Not drawing due to not visible. Reason=!mAppVisible && !mForceDecorViewVisibility
04-15 09:54:07.572  1542  1582 D PkgPredictorService-SecIpmManagerServiceImpl: bg information pid:3979 uid:10279 pkgName:com.google.android.calendar
04-15 09:54:07.573  1151  1151 I SurfaceFlinger: [LayerHierarchy{RequestedLayerState{com.google.android.calendar/com.google.android.calendar.allinone.AllInOneCalendarActivity$_3979#19093} no children}] reparent to OffscreenRoot
04-15 09:54:07.573  1151  1151 I SurfaceFlinger: [LayerHierarchy{RequestedLayerState{com.google.android.calendar/com.google.android.calendar.allinone.AllInOneCalendarActivity$_3979#19093} no children}] RelativeParent to null
04-15 09:54:07.573  1151  1151 I SurfaceFlinger: id=19093 Removed com.google.android.calendar/com.google.android.calendar.allinone.AllInOneCalendarActivity$_3979#19093 (196)
04-15 09:54:07.580  1151  1151 I SurfaceFlinger: destroyed com.google.android.calendar/com.google.android.calendar.allinone.AllInOneCalendarActivity$_3979#19093
04-15 09:54:07.581  1151  1151 I Layer   : id=19093 Destroyed com.google.android.calendar/com.google.android.calendar.allinone.AllInOneCalendarActivity$_3979#19093
04-15 09:54:07.587 20231 20231 I View    : setRequestedFrameRate frameRate=0.0, this=androidx.compose.ui.platform.AndroidComposeView{3c06308 VFED..... ......I. 0,0-720,1544 aid=1073741824}, caller=android.view.ViewGroup.setRequestedFrameRate:9952 androidx.compose.ui.platform.Api35Impl.setRequestedFrameRate:3822 androidx.compose.ui.platform.AndroidComposeView.dispatchDraw:2114 android.view.View.draw:26345 android.view.View.updateDisplayListIfDirty:25175
04-15 09:54:07.587 20231 20231 I View    : setRequestedFrameRate frameRate=-4.0, this=android.view.View{2f9b4a5 V.ED..... ......I. 0,0-0,0}, caller=androidx.compose.ui.platform.Api35Impl.setRequestedFrameRate:3822 androidx.compose.ui.platform.AndroidComposeView.dispatchDraw:2115 android.view.View.draw:26345 android.view.View.updateDisplayListIfDirty:25175 android.view.View.draw:26072
04-15 09:54:07.591  3979  3979 W WindowOnBackDispatcher: sendCancelIfRunning: isInProgress=false callback=android.app.Activity$$ExternalSyntheticLambda0@e5da11b
04-15 09:54:07.592 20231 20231 I View    : setRequestedFrameRate frameRate=NaN, this=androidx.compose.ui.platform.AndroidComposeView{3c06308 VFED..... ........ 0,0-720,1544 aid=1073741824}, caller=android.view.ViewGroup.setRequestedFrameRate:9952 androidx.compose.ui.platform.Api35Impl.setRequestedFrameRate:3822 androidx.compose.ui.platform.AndroidComposeView.dispatchDraw:2114 android.view.View.draw:26345 android.view.View.updateDisplayListIfDirty:25175
04-15 09:54:07.592 20231 20231 I View    : setRequestedFrameRate frameRate=-4.0, this=android.view.View{2f9b4a5 V.ED..... ........ 0,0-0,0}, caller=androidx.compose.ui.platform.Api35Impl.setRequestedFrameRate:3822 androidx.compose.ui.platform.AndroidComposeView.dispatchDraw:2115 android.view.View.draw:26345 android.view.View.updateDisplayListIfDirty:25175 android.view.View.draw:26072
04-15 09:54:07.596  3979  4808 D HWUI    : CacheManager::trimMemory(20)
04-15 09:54:07.597  3979  3979 I VRI[AllInOneCalendarActivity]@ae50f1e: dispatchDetachedFromWindow
04-15 09:54:07.598  1542  2299 D InputTransport: Input channel destroyed: '38b56 c', fd=1256
04-15 09:54:07.598  1144  1154 E HeatmapThread: ECT Thread time in milliseconds: 1776239647
04-15 09:54:07.598  1144  1154 D HeatmapThread: !@ batteryplugType : 0
04-15 09:54:07.598  1144  1154 D HeatmapThread: !@ batteryLevel : 0  batteryTemperature : 0
04-15 09:54:07.598  1144  1154 D HeatmapThread: !@ Heatmap currtime: 29603994
04-15 09:54:07.598  1144  1154 D HeatmapThread: !@ Heatmap prevtime: 29603990
04-15 09:54:07.598  1144  1154 D HeatmapThread: !@ Heatmap plugstarttime: 35791394
04-15 09:54:07.598  1144  1154 D HeatmapThread: !@ Heatmap prevv_dsoh_update_time: 29597770
04-15 09:54:07.598  1542  2299 D SurfaceComposerClient: setCornerRadius ## a4fa9e com.catfact.app.feature.favorites.test/androidx.activity.ComponentActivity#19107 cornerRadius=0.000000
04-15 09:54:07.599  1144  1154 E HeatmapThread: !@Could not open '/efs/FactoryApp/bsoh', errno = 13
04-15 09:54:07.599  1144  1154 E HeatmapThread: !@ CAM Could not access BSOH EFS
04-15 09:54:07.599  1144  1154 E HeatmapThread: !@ CAM New BSOH: 0
04-15 09:54:07.599  1542  2299 D SurfaceComposerClient: setCornerRadius ## a4fa9e com.catfact.app.feature.favorites.test/androidx.activity.ComponentActivity#19107 cornerRadius=0.000000
04-15 09:54:07.600  3979  3979 D InputTransport: Input channel destroyed: '38b56 c', fd=169
04-15 09:54:07.601  3979  3979 D BBA2    : setIsFg isFg = false; delayValue 3999ms
04-15 09:54:07.606  1151  1151 I SurfaceFlinger: [LayerHierarchy{RequestedLayerState{38b56 com.google.android.calendar/com.google.android.calendar.allinone.AllInOneCalendarActivity#19092} no children}] reparent to OffscreenRoot
04-15 09:54:07.606  1151  1151 I SurfaceFlinger: [LayerHierarchy{RequestedLayerState{38b56 com.google.android.calendar/com.google.android.calendar.allinone.AllInOneCalendarActivity#19092} no children}] RelativeParent to null
04-15 09:54:07.606  1151  1151 I SurfaceFlinger: id=19092 Removed 38b56 com.google.android.calendar/com.google.android.calendar.allinone.AllInOneCalendarActivity#19092 (195)
04-15 09:54:07.614  1151  1151 I SurfaceFlinger: destroyed 38b56 com.google.android.calendar/com.google.android.calendar.allinone.AllInOneCalendarActivity#19092
04-15 09:54:07.614  1151  1151 I Layer   : id=19092 Destroyed 38b56 com.google.android.calendar/com.google.android.calendar.allinone.AllInOneCalendarActivity#19092
04-15 09:54:07.646  2000  2000 D QSClock : onDarkChanged tint=WHITE
04-15 09:54:07.653  3756  3756 I InputMethodService: removeImeSurface
04-15 09:54:07.653  3756  3756 I InputMethodService: cancelImeSurfaceRemoval: removeCallbacks
04-15 09:54:07.656 20231 20231 I View    : setRequestedFrameRate frameRate=NaN, this=androidx.compose.ui.platform.AndroidComposeView{3c06308 VFED..... ........ 0,0-720,1544 aid=1073741824}, caller=android.view.ViewGroup.setRequestedFrameRate:9952 androidx.compose.ui.platform.Api35Impl.setRequestedFrameRate:3822 androidx.compose.ui.platform.AndroidComposeView.dispatchDraw:2114 android.view.View.draw:26345 android.view.View.updateDisplayListIfDirty:25175
04-15 09:54:07.656 20231 20231 I View    : setRequestedFrameRate frameRate=NaN, this=android.view.View{2f9b4a5 V.ED..... ........ 0,0-0,0}, caller=androidx.compose.ui.platform.Api35Impl.setRequestedFrameRate:3822 androidx.compose.ui.platform.AndroidComposeView.dispatchDraw:2115 android.view.View.draw:26345 android.view.View.updateDisplayListIfDirty:25175 android.view.ViewGroup.recreateChildDisplayList:4794
04-15 09:54:07.661  1542  2299 I SemDvfsHyPerManager: acquire hyper - AMS_ACT_START/1542@20, type = -999
04-15 09:54:07.662  1059  1180 I HYPER-HAL: [RequestManager.cpp]acquire(): Acquired ID : 1220723  [1542 / 20]    HINT : AMS_ACT_START    list :
04-15 09:54:07.663  1151  2479 I SurfaceFlinger: id=19116 createSurf, flag=84004, ActivityRecord{225066649 u0 com.catfact.app.feature.favorites.test/androidx.test.core.app.InstrumentationActivityInvoker$EmptyActivity t3889}#19116
04-15 09:54:07.664  1151  1151 I SurfaceFlinger: [ActivityRecord{225066649 u0 com.catfact.app.feature.favorites.test/androidx.test.core.app.InstrumentationActivityInvoker$EmptyActivity t3889}#19116] attach to parent LayerHierarchy{RequestedLayerState{Task=3889#19101 parentId=10 z=13} 2 children}
04-15 09:54:07.667  3152  3152 E pageboostd: Received HALT command code 2
04-15 09:54:07.668  2000  2105 D ShellDesktopMode: handleRequest: TransitionRequestInfo {type=1, tid=3889, debugId=1704}
04-15 09:54:07.668 20231 20231 D LifecycleMonitor: Lifecycle status change: androidx.activity.ComponentActivity@cf44b9f in: PAUSED
04-15 09:54:07.668 20231 20231 V ActivityScenario: Update currentActivityStage to PAUSED, currentActivity=androidx.activity.ComponentActivity@cf44b9f
04-15 09:54:07.670  1542  2299 D InputDispatcher: Focused application(0): ActivityRecord{225066649 u0 com.catfact.app.feature.favorites.test/androidx.test.core.app.InstrumentationActivityInvoker$EmptyActivity t3889}
04-15 09:54:07.671  1542  2299 D GraphicsStatsService: requestRenderEngineFor(com.catfact.app.feature.favorites.test)
04-15 09:54:07.672  1151  1151 I SurfaceFlinger: [Display 0 name="Built-in Screen"#49] setFrameRateCategory: High
04-15 09:54:07.672  1151  1151 I SurfaceFlinger: [LayerHierarchy{RequestedLayerState{ImeContainer#15 parentId=19102 relativeParentId=19102 z=1} 1 children}] RelativeParent to null
04-15 09:54:07.672 20231 20231 D LifecycleMonitor: Lifecycle status change: androidx.test.core.app.InstrumentationActivityInvoker$EmptyActivity@2364859 in: PRE_ON_CREATE
04-15 09:54:07.672 20231 20231 V ActivityScenario: Activity lifecycle changed event received but ignored because the intent does not match. startActivityIntent=Intent { act=android.intent.action.MAIN cat=[android.intent.category.LAUNCHER] flg=0x10008000 cmp=com.catfact.app.feature.favorites.test/androidx.activity.ComponentActivity }, activity.getIntent()=Intent { act=android.intent.action.MAIN cat=[android.intent.category.LAUNCHER] flg=0x10000000 xflg=0x4 cmp=com.catfact.app.feature.favorites.test/androidx.test.core.app.InstrumentationActivityInvoker$EmptyActivity }, activity=androidx.test.core.app.InstrumentationActivityInvoker$EmptyActivity@2364859
04-15 09:54:07.673  1151  1151 I BpBinder: onLastStrongRef automatically unlinking death recipients:
04-15 09:54:07.674  2461  2461 I HoneySpace.EdgePanel.CocktailHostRepositoryImpl: onNoteResume
04-15 09:54:07.674  2461  2461 I HoneySpace.EdgePanel.EdgePanelContainerViewModel: cocktailHostRepository.edgePanelOperation NoteResumeComponent(componentName=ComponentInfo{com.catfact.app.feature.favorites.test/androidx.test.core.app.InstrumentationActivityInvoker$EmptyActivity})
04-15 09:54:07.674  2461  2461 I HoneySpace.EdgePanel.ActivityUtils: HomePackage : com.sec.android.app.launcher, resumePackageName : com.catfact.app.feature.favorites.test, className : androidx.test.core.app.InstrumentationActivityInvoker$EmptyActivity
04-15 09:54:07.676 20231 20231 I DecorView: setWindowBackground: isPopOver=false color=ffffffff d=android.graphics.drawable.ColorDrawable@2fdba1b
04-15 09:54:07.676 20231 20231 D LifecycleMonitor: Lifecycle status change: androidx.test.core.app.InstrumentationActivityInvoker$EmptyActivity@2364859 in: CREATED
04-15 09:54:07.676 20231 20231 V ActivityScenario: Activity lifecycle changed event received but ignored because the intent does not match. startActivityIntent=Intent { act=android.intent.action.MAIN cat=[android.intent.category.LAUNCHER] flg=0x10008000 cmp=com.catfact.app.feature.favorites.test/androidx.activity.ComponentActivity }, activity.getIntent()=Intent { act=android.intent.action.MAIN cat=[android.intent.category.LAUNCHER] flg=0x10000000 xflg=0x4 cmp=com.catfact.app.feature.favorites.test/androidx.test.core.app.InstrumentationActivityInvoker$EmptyActivity }, activity=androidx.test.core.app.InstrumentationActivityInvoker$EmptyActivity@2364859
04-15 09:54:07.676 20231 20231 D LifecycleMonitor: Lifecycle status change: androidx.test.core.app.InstrumentationActivityInvoker$EmptyActivity@2364859 in: STARTED
04-15 09:54:07.677 20231 20231 V ActivityScenario: Activity lifecycle changed event received but ignored because the intent does not match. startActivityIntent=Intent { act=android.intent.action.MAIN cat=[android.intent.category.LAUNCHER] flg=0x10008000 cmp=com.catfact.app.feature.favorites.test/androidx.activity.ComponentActivity }, activity.getIntent()=Intent { act=android.intent.action.MAIN cat=[android.intent.category.LAUNCHER] flg=0x10000000 xflg=0x4 cmp=com.catfact.app.feature.favorites.test/androidx.test.core.app.InstrumentationActivityInvoker$EmptyActivity }, activity=androidx.test.core.app.InstrumentationActivityInvoker$EmptyActivity@2364859
04-15 09:54:07.677 20231 20231 D LifecycleMonitor: Lifecycle status change: androidx.test.core.app.InstrumentationActivityInvoker$EmptyActivity@2364859 in: RESUMED
04-15 09:54:07.678 20231 20231 V ActivityScenario: Activity lifecycle changed event received but ignored because the intent does not match. startActivityIntent=Intent { act=android.intent.action.MAIN cat=[android.intent.category.LAUNCHER] flg=0x10008000 cmp=com.catfact.app.feature.favorites.test/androidx.activity.ComponentActivity }, activity.getIntent()=Intent { act=android.intent.action.MAIN cat=[android.intent.category.LAUNCHER] flg=0x10000000 xflg=0x4 cmp=com.catfact.app.feature.favorites.test/androidx.test.core.app.InstrumentationActivityInvoker$EmptyActivity }, activity=androidx.test.core.app.InstrumentationActivityInvoker$EmptyActivity@2364859
04-15 09:54:07.678 20231 20231 D ViewRootImpl: desktopMode is false
04-15 09:54:07.678 20231 20231 I ViewRootImpl: dVRR is disabled
04-15 09:54:07.678  2000  2125 D StackScroller: onDisplayChanged for predraw skip to 2
04-15 09:54:07.678  2000  2000 D DisplayLifecycle: updateDisplay id = 0
04-15 09:54:07.679 20231 20254 D NativeCustomFrequencyManager: [NativeCFMS] BpCustomFrequencyManager::BpCustomFrequencyManager()
04-15 09:54:07.679  2461 30001 I HoneySpace.Memory-Monitor: current state = 2, didTrim = false
04-15 09:54:07.681  1542  4030 D InputTransport: Input channel constructed: '73a700d', fd=874
04-15 09:54:07.681  1542  4030 D InputTransport: Input channel constructed: '73a700d', fd=1178
04-15 09:54:07.681  1151  1338 D SurfaceFlinger: [input] setFocusedWindow: <null>
04-15 09:54:07.681  1542  4030 D InputTransport: Input channel constructed: '73a700d', fd=1256
04-15 09:54:07.681  1542  4030 D InputTransport: Input channel destroyed: '73a700d', fd=1178
04-15 09:54:07.681  1542  3827 D InputDispatcher: Focus left window (0): a4fa9e com.catfact.app.feature.favorites.test/androidx.activity.ComponentActivity
04-15 09:54:07.681  1542  2299 D InputDispatcher: Once focus requested (0): <null>
04-15 09:54:07.681  1151  2479 I SurfaceFlinger: id=19117 createSurf, flag=84004, 73a700d com.catfact.app.feature.favorites.test/androidx.test.core.app.InstrumentationActivityInvoker$EmptyActivity#19117
04-15 09:54:07.682  1542  4030 D InputTransport: Input channel destroyed: '73a700d', fd=1256
04-15 09:54:07.683 20231 20231 D InputTransport: Input channel constructed: '73a700d', fd=151
