04-15 09:54:04.772  1151  1151 I SurfaceFlinger: [LayerHierarchy{RequestedLayerState{com.google.android.calendar/com.google.android.calendar.allinone.AllInOneCalendarActivity$_3979#19021} no children}] RelativeParent to null
04-15 09:54:04.774  1151  1151 I SurfaceFlinger: id=19021 Removed com.google.android.calendar/com.google.android.calendar.allinone.AllInOneCalendarActivity$_3979#19021 (182)
04-15 09:54:04.776  3979  3979 W WindowOnBackDispatcher: sendCancelIfRunning: isInProgress=false callback=android.app.Activity$$ExternalSyntheticLambda0@1072446
04-15 09:54:04.781  1151  1151 I SurfaceFlinger: destroyed com.google.android.calendar/com.google.android.calendar.allinone.AllInOneCalendarActivity$_3979#19021
04-15 09:54:04.781  3979  4808 D HWUI    : CacheManager::trimMemory(20)
04-15 09:54:04.782  1151  1151 I Layer   : id=19021 Destroyed com.google.android.calendar/com.google.android.calendar.allinone.AllInOneCalendarActivity$_3979#19021
04-15 09:54:04.782  3979  3979 D ViewRootImpl: Skipping stats log for color mode
04-15 09:54:04.782  3979  3979 I VRI[AllInOneCalendarActivity]@aa2f635: dispatchDetachedFromWindow
04-15 09:54:04.782  1542  4001 D InputTransport: Input channel destroyed: '81cc54 ', fd=874
04-15 09:54:04.783  1542  4001 D SurfaceComposerClient: setCornerRadius ## 390014a com.catfact.app.feature.favorites.test/androidx.activity.ComponentActivity#19035 cornerRadius=0.000000
04-15 09:54:04.784  1542  4001 D SurfaceComposerClient: setCornerRadius ## 390014a com.catfact.app.feature.favorites.test/androidx.activity.ComponentActivity#19035 cornerRadius=0.000000
04-15 09:54:04.785  3979  3979 D InputTransport: Input channel destroyed: '81cc54 ', fd=169
04-15 09:54:04.785  3979  3979 D BBA2    : setIsFg isFg = false; delayValue 3999ms
04-15 09:54:04.789  1151  1151 I SurfaceFlinger: [LayerHierarchy{RequestedLayerState{81cc54 com.google.android.calendar/com.google.android.calendar.allinone.AllInOneCalendarActivity#19020} no children}] reparent to OffscreenRoot
04-15 09:54:04.789  1151  1151 I SurfaceFlinger: [LayerHierarchy{RequestedLayerState{81cc54 com.google.android.calendar/com.google.android.calendar.allinone.AllInOneCalendarActivity#19020} no children}] RelativeParent to null
04-15 09:54:04.790  1151  1151 I SurfaceFlinger: id=19020 Removed 81cc54 com.google.android.calendar/com.google.android.calendar.allinone.AllInOneCalendarActivity#19020 (181)
04-15 09:54:04.797  1151  1151 I SurfaceFlinger: destroyed 81cc54 com.google.android.calendar/com.google.android.calendar.allinone.AllInOneCalendarActivity#19020
04-15 09:54:04.799  1151  1151 I Layer   : id=19020 Destroyed 81cc54 com.google.android.calendar/com.google.android.calendar.allinone.AllInOneCalendarActivity#19020
04-15 09:54:04.808 20231 20231 I .favorites.test: hiddenapi: Accessing hidden method Landroid/os/SystemProperties;->addChangeCallback(Ljava/lang/Runnable;)V (runtime_flags=0, domain=platform, api=unsupported) from Landroidx/compose/ui/platform/AndroidComposeView$Companion; (domain=app, TargetSdkVersion=36) using reflection: allowed
04-15 09:54:04.836  3756  3756 I InputMethodService: removeImeSurface
04-15 09:54:04.836  3756  3756 I InputMethodService: cancelImeSurfaceRemoval: removeCallbacks
04-15 09:54:04.854  2000  2000 D QSClock : onDarkChanged tint=WHITE
04-15 09:54:04.954 20231 20231 I View    : setRequestedFrameRate frameRate=0.0, this=androidx.compose.ui.platform.AndroidComposeView{50637ef VFED..... ......I. 0,0-720,1544 aid=1073741824}, caller=android.view.ViewGroup.setRequestedFrameRate:9952 androidx.compose.ui.platform.Api35Impl.setRequestedFrameRate:3822 androidx.compose.ui.platform.AndroidComposeView.dispatchDraw:2114 android.view.View.draw:26345 android.view.View.updateDisplayListIfDirty:25175
04-15 09:54:04.954 20231 20231 I View    : setRequestedFrameRate frameRate=-4.0, this=android.view.View{653e4cc V.ED..... ......I. 0,0-0,0}, caller=androidx.compose.ui.platform.Api35Impl.setRequestedFrameRate:3822 androidx.compose.ui.platform.AndroidComposeView.dispatchDraw:2115 android.view.View.draw:26345 android.view.View.updateDisplayListIfDirty:25175 android.view.View.draw:26072
04-15 09:54:04.960 20231 20231 I View    : setRequestedFrameRate frameRate=NaN, this=androidx.compose.ui.platform.AndroidComposeView{50637ef VFED..... ........ 0,0-720,1544 aid=1073741824}, caller=android.view.ViewGroup.setRequestedFrameRate:9952 androidx.compose.ui.platform.Api35Impl.setRequestedFrameRate:3822 androidx.compose.ui.platform.AndroidComposeView.dispatchDraw:2114 android.view.View.draw:26345 android.view.View.updateDisplayListIfDirty:25175
04-15 09:54:04.960 20231 20231 I View    : setRequestedFrameRate frameRate=-4.0, this=android.view.View{653e4cc V.ED..... ........ 0,0-0,0}, caller=androidx.compose.ui.platform.Api35Impl.setRequestedFrameRate:3822 androidx.compose.ui.platform.AndroidComposeView.dispatchDraw:2115 android.view.View.draw:26345 android.view.View.updateDisplayListIfDirty:25175 android.view.View.draw:26072
04-15 09:54:04.969 20231 20254 I GSC     : SID[2] : c948cc50a16c2423, Kind: 1, time : 2.623 ms
04-15 09:54:04.972 20231 20254 I GSC     : SID[3] : 10d73abd60bbce65, Kind: 0, time : 3.223 ms
04-15 09:54:04.975 20231 20254 I GSC     : SID[4] : 5541629e65e81fc7, Kind: 1, time : 2.026 ms
04-15 09:54:04.979 20231 20254 I GSC     : SID[5] : a5d43e0d6582489f, Kind: 0, time : 2.940 ms
04-15 09:54:04.982 20231 20254 I GSC     : SID[6] : 8be787c94791c0d0, Kind: 1, time : 2.248 ms
04-15 09:54:04.985 20231 20254 I GSC     : SID[7] : 4549be712cc9690d, Kind: 0, time : 2.979 ms
04-15 09:54:04.989 20231 20254 I GSC     : SID[8] : b0da60527cf2974b, Kind: 1, time : 2.794 ms
04-15 09:54:04.993 20231 20254 I GSC     : SID[9] : 6b14dbf9508248c1, Kind: 0, time : 3.419 ms
04-15 09:54:04.998 20231 20254 I GSC     : SID[10] : 3ffc327758ea6583, Kind: 1, time : 3.823 ms
04-15 09:54:05.002 20231 20254 I GSC     : SID[11] : ed9bda5cb6313e83, Kind: 0, time : 3.422 ms
04-15 09:54:05.053  3979  4808 D HWUI    : CacheManager::trimMemory(20)
04-15 09:54:05.054  3979  4808 D HWUI    : CacheManager::trimMemory(20)
04-15 09:54:05.060  1542  3827 I SemDvfsHyPerManager: acquire hyper - AMS_ACT_START/1542@20, type = -999
04-15 09:54:05.060  1059  1180 I HYPER-HAL: [RequestManager.cpp]acquire(): Acquired ID : 1220723  [1542 / 20]    HINT : AMS_ACT_START    list :
04-15 09:54:05.061  1151  2479 I SurfaceFlinger: id=19044 createSurf, flag=84004, ActivityRecord{40785821 u0 com.catfact.app.feature.favorites.test/androidx.test.core.app.InstrumentationActivityInvoker$EmptyActivity t3887}#19044
04-15 09:54:05.064  3152  3152 E pageboostd: Received HALT command code 2
04-15 09:54:05.065  2000  2105 D ShellDesktopMode: handleRequest: TransitionRequestInfo {type=1, tid=3887, debugId=1698}
04-15 09:54:05.066 20231 20231 D LifecycleMonitor: Lifecycle status change: androidx.activity.ComponentActivity@ce2eddc in: PAUSED
04-15 09:54:05.066 20231 20231 V ActivityScenario: Update currentActivityStage to PAUSED, currentActivity=androidx.activity.ComponentActivity@ce2eddc
04-15 09:54:05.067  1542  3827 D InputDispatcher: Focused application(0): ActivityRecord{40785821 u0 com.catfact.app.feature.favorites.test/androidx.test.core.app.InstrumentationActivityInvoker$EmptyActivity t3887}
04-15 09:54:05.068  1542  3827 D GraphicsStatsService: requestRenderEngineFor(com.catfact.app.feature.favorites.test)
04-15 09:54:05.070 20231 20231 D LifecycleMonitor: Lifecycle status change: androidx.test.core.app.InstrumentationActivityInvoker$EmptyActivity@3bafef7 in: PRE_ON_CREATE
04-15 09:54:05.070 20231 20231 V ActivityScenario: Activity lifecycle changed event received but ignored because the intent does not match. startActivityIntent=Intent { act=android.intent.action.MAIN cat=[android.intent.category.LAUNCHER] flg=0x10008000 cmp=com.catfact.app.feature.favorites.test/androidx.activity.ComponentActivity }, activity.getIntent()=Intent { act=android.intent.action.MAIN cat=[android.intent.category.LAUNCHER] flg=0x10000000 xflg=0x4 cmp=com.catfact.app.feature.favorites.test/androidx.test.core.app.InstrumentationActivityInvoker$EmptyActivity }, activity=androidx.test.core.app.InstrumentationActivityInvoker$EmptyActivity@3bafef7
04-15 09:54:05.071  2461  2461 I HoneySpace.EdgePanel.CocktailHostRepositoryImpl: onNoteResume
04-15 09:54:05.071  1151  1151 I SurfaceFlinger: [Display 0 name="Built-in Screen"#49] setFrameRateCategory: High
04-15 09:54:05.071  1151  1151 I SurfaceFlinger: [ActivityRecord{40785821 u0 com.catfact.app.feature.favorites.test/androidx.test.core.app.InstrumentationActivityInvoker$EmptyActivity t3887}#19044] attach to parent LayerHierarchy{RequestedLayerState{Task=3887#19029 parentId=10 z=13} 2 children}
04-15 09:54:05.071  2461  2461 I HoneySpace.EdgePanel.EdgePanelContainerViewModel: cocktailHostRepository.edgePanelOperation NoteResumeComponent(componentName=ComponentInfo{com.catfact.app.feature.favorites.test/androidx.test.core.app.InstrumentationActivityInvoker$EmptyActivity})
04-15 09:54:05.071  2461  2461 I HoneySpace.EdgePanel.ActivityUtils: HomePackage : com.sec.android.app.launcher, resumePackageName : com.catfact.app.feature.favorites.test, className : androidx.test.core.app.InstrumentationActivityInvoker$EmptyActivity
04-15 09:54:05.074  2000  2125 D StackScroller: onDisplayChanged for predraw skip to 2
04-15 09:54:05.075  2000  2000 D DisplayLifecycle: updateDisplay id = 0
04-15 09:54:05.075  2461  4432 I HoneySpace.Memory-Monitor: current state = 2, didTrim = false
04-15 09:54:05.076 20231 20231 I DecorView: setWindowBackground: isPopOver=false color=ffffffff d=android.graphics.drawable.ColorDrawable@eb0bc9
04-15 09:54:05.076 20231 20231 D LifecycleMonitor: Lifecycle status change: androidx.test.core.app.InstrumentationActivityInvoker$EmptyActivity@3bafef7 in: CREATED
04-15 09:54:05.076 20231 20231 V ActivityScenario: Activity lifecycle changed event received but ignored because the intent does not match. startActivityIntent=Intent { act=android.intent.action.MAIN cat=[android.intent.category.LAUNCHER] flg=0x10008000 cmp=com.catfact.app.feature.favorites.test/androidx.activity.ComponentActivity }, activity.getIntent()=Intent { act=android.intent.action.MAIN cat=[android.intent.category.LAUNCHER] flg=0x10000000 xflg=0x4 cmp=com.catfact.app.feature.favorites.test/androidx.test.core.app.InstrumentationActivityInvoker$EmptyActivity }, activity=androidx.test.core.app.InstrumentationActivityInvoker$EmptyActivity@3bafef7
04-15 09:54:05.077 20231 20231 D LifecycleMonitor: Lifecycle status change: androidx.test.core.app.InstrumentationActivityInvoker$EmptyActivity@3bafef7 in: STARTED
04-15 09:54:05.077 20231 20231 V ActivityScenario: Activity lifecycle changed event received but ignored because the intent does not match. startActivityIntent=Intent { act=android.intent.action.MAIN cat=[android.intent.category.LAUNCHER] flg=0x10008000 cmp=com.catfact.app.feature.favorites.test/androidx.activity.ComponentActivity }, activity.getIntent()=Intent { act=android.intent.action.MAIN cat=[android.intent.category.LAUNCHER] flg=0x10000000 xflg=0x4 cmp=com.catfact.app.feature.favorites.test/androidx.test.core.app.InstrumentationActivityInvoker$EmptyActivity }, activity=androidx.test.core.app.InstrumentationActivityInvoker$EmptyActivity@3bafef7
04-15 09:54:05.078 20231 20231 D LifecycleMonitor: Lifecycle status change: androidx.test.core.app.InstrumentationActivityInvoker$EmptyActivity@3bafef7 in: RESUMED
04-15 09:54:05.078 20231 20231 V ActivityScenario: Activity lifecycle changed event received but ignored because the intent does not match. startActivityIntent=Intent { act=android.intent.action.MAIN cat=[android.intent.category.LAUNCHER] flg=0x10008000 cmp=com.catfact.app.feature.favorites.test/androidx.activity.ComponentActivity }, activity.getIntent()=Intent { act=android.intent.action.MAIN cat=[android.intent.category.LAUNCHER] flg=0x10000000 xflg=0x4 cmp=com.catfact.app.feature.favorites.test/androidx.test.core.app.InstrumentationActivityInvoker$EmptyActivity }, activity=androidx.test.core.app.InstrumentationActivityInvoker$EmptyActivity@3bafef7
04-15 09:54:05.078 20231 20231 D ViewRootImpl: desktopMode is false
04-15 09:54:05.078 20231 20231 I ViewRootImpl: dVRR is disabled
04-15 09:54:05.078 20231 20254 D NativeCustomFrequencyManager: [NativeCFMS] BpCustomFrequencyManager::BpCustomFrequencyManager()
04-15 09:54:05.079  1151  1151 I SurfaceFlinger: [LayerHierarchy{RequestedLayerState{ImeContainer#15 parentId=19030 relativeParentId=19030 z=1} 1 children}] RelativeParent to null
04-15 09:54:05.080  1542  1821 D InputTransport: Input channel constructed: '6413c36', fd=874
04-15 09:54:05.080  1542  1821 D InputTransport: Input channel constructed: '6413c36', fd=972
04-15 09:54:05.080  1542  1821 D InputTransport: Input channel constructed: '6413c36', fd=1256
04-15 09:54:05.080  1542  1821 D InputTransport: Input channel destroyed: '6413c36', fd=972
04-15 09:54:05.080  1151  2479 I SurfaceFlinger: id=19045 createSurf, flag=84004, 6413c36 com.catfact.app.feature.favorites.test/androidx.test.core.app.InstrumentationActivityInvoker$EmptyActivity#19045
04-15 09:54:05.082  1542  1821 D InputTransport: Input channel destroyed: '6413c36', fd=1256
04-15 09:54:05.082 20231 20231 D InputTransport: Input channel constructed: '6413c36', fd=138
04-15 09:54:05.082 20231 20231 I InsetsController: onStateChanged: host=com.catfact.app.feature.favorites.test/androidx.test.core.app.InstrumentationActivityInvoker$EmptyActivity, from=android.view.ViewRootImpl.onInsetsStateChanged:3026, state=InsetsState: {mDisplayFrame=Rect(0, 0 - 720, 1544), mDisplayCutout=DisplayCutout{insets=Rect(0, 50 - 0, 0) waterfall=Insets{left=0, top=0, right=0, bottom=0} boundingRect={Bounds=[Rect(0, 0 - 0, 0), Rect(341, 0 - 379, 50), Rect(0, 0 - 0, 0), Rect(0, 0 - 0, 0)]} cutoutPathParserInfo={CutoutPathParserInfo{displayWidth=720 displayHeight=1544 physicalDisplayWidth=720 physicalDisplayHeight=1544 density={1.875} cutoutSpec={M 0,0 H -10 V 26.66666666666667 H 10 V 0 H 0 Z @dp} rotation={0} scale={1.0} physicalPixelDisplaySizeRatio={1.0}}} sideOverrides={}}, mRoundedCorners=RoundedCorners{[RoundedCorner{position=TopLeft, radius=8, center=Point(8, 8)}, RoundedCorner{position=TopRight, radius=8, center=Point(712, 8)}, RoundedCorner{position=BottomRight, radius=8, center=Point(712, 1536)}, RoundedCorner{position=BottomLeft, radius=8, center=Point(8, 1536)}]}  mRoundedCornerFrame=Rect(0, 0 - 720, 1544), mPrivacyIndicatorBounds=PrivacyIndicatorBounds {static bounds=Rect(637, 0 - 720, 50) rotation=0}, mDisplayShape=DisplayShape{ spec=-311912193 displayWidth=720 displayHeight=1544 physicalPixelDisplaySizeRatio=0.5 rotation=0 offsetX=0 offsetY=0 scale=1.0}, mSources= { InsetsSource: {ec730001 mType=navigationBars mFrame=[0,1454][720,1544] mVisible=true mFlags= mSideHint=BOTTOM mBoundingRects=null}, InsetsSource: {ec730004 mType=systemGestures mFrame=[0,0][0,0] mVisible=true mFlags= mSideHint=NONE mBoundingRects=null}, InsetsSource: {ec730005 mType=mandatorySystemGestures mFrame=[0,1454][720,1544] mVisible=true mFlags= mSideHint=BOTTOM mBoundingRects=null}, InsetsSource: {ec730006 mType=tappableElement mFrame=[0,1454][720,1544] mVisible=true mFlags= mSideHint=BOTTOM mBoundingRects=null}, InsetsSource: {ec730024 mType=systemGestures mFrame=[0,0][0,0] mVisible=true mFlags= mSideHint=NONE mBoundingRects=null}, InsetsSource: {3 mType=ime mFrame=[0,0][0,0] mVisible=false mFlags= mSideHint=NONE mBoundingRects=null}, InsetsSource: {27 mType=displayCutout mFrame=[0,0][720,50] mVisible=true mFlags= mSideHint=TOP mBoundingRects=null}, InsetsSource: {43950000 mType=statusBars mFrame=[0,0][720,50] mVisible=true mFlags= mSideHint=TOP mBoundingRects=null}, InsetsSource: {43950005 mType=mandatorySystemGestures mFrame=[0,0][720,73] mVisible=true mFlags= mSideHint=TOP mBoundingRects=null}, InsetsSource: {43950006 mType=tappableElement mFrame=[0,0][720,50] mVisible=true mFlags= mSideHint=TOP mBoundingRects=null} }
04-15 09:54:05.082 20231 20231 I VRI[InstrumentationActivityInvoker$EmptyActivity]@b0018fc: synced displayState. AttachInfo displayState=2
04-15 09:54:05.082 20231 20231 I VRI[InstrumentationActivityInvoker$EmptyActivity]@b0018fc: setView = com.android.internal.policy.DecorView@37ae20b IsHRR=false mFlingFrameRateChange=0 TM=true
04-15 09:54:05.082  1151  1338 D SurfaceFlinger: [input] setFocusedWindow: <null>
04-15 09:54:05.082  1542  4226 D InputDispatcher: Once focus requested (0): <null>
04-15 09:54:05.082  1542  4226 D InputDispatcher: Focus request (0): <null> but waiting because NO_WINDOW
04-15 09:54:05.082  1542  4226 D InputDispatcher: Focus left window (0): 390014a com.catfact.app.feature.favorites.test/androidx.activity.ComponentActivity
04-15 09:54:05.083 20231 20254 D HWUI    : HWUI - treat SMPTE_170M as sRGB
04-15 09:54:05.084  1542  1821 I WindowManager: Relayout Window{6413c36 u0 com.catfact.app.feature.favorites.test/androidx.test.core.app.InstrumentationActivityInvoker$EmptyActivity}: viewVisibility=0 req=720x1544 ty=1 d0
04-15 09:54:05.084  1151  2479 I SurfaceFlinger: id=19046 createSurf, flag=44004, com.catfact.app.feature.favorites.test/androidx.test.core.app.InstrumentationActivityInvoker$EmptyActivity$_20231#19046
04-15 09:54:05.085  1542  1821 D SurfaceComposerClient: setCornerRadius ## 6413c36 com.catfact.app.feature.favorites.test/androidx.test.core.app.InstrumentationActivityInvoker$EmptyActivity#19045 cornerRadius=0.000000
04-15 09:54:05.085  1542  1821 D SurfaceComposerClient: setCornerRadius ## 6413c36 com.catfact.app.feature.favorites.test/androidx.test.core.app.InstrumentationActivityInvoker$EmptyActivity#19045 cornerRadius=0.000000
04-15 09:54:05.086  1151  2479 I SurfaceFlinger: id=19047 createSurf, flag=24000, Surface(name=3edafdc StatusBar)/@0x3b919ed - animation-leash of insets_animation#19047
04-15 09:54:05.087  1151  2479 I SurfaceFlinger: id=19048 createSurf, flag=24000, Surface(name=8c5cec7 NavigationBar0)/@0xa68870 - animation-leash of insets_animation#19048
04-15 09:54:05.087  1151  1151 I SurfaceFlinger: [6413c36 com.catfact.app.feature.favorites.test/androidx.test.core.app.InstrumentationActivityInvoker$EmptyActivity#19045] attach to parent LayerHierarchy{RequestedLayerState{ActivityRecord{40785821 u0 com.catfact.app.feature.favorites.test/androidx.test.core.app.InstrumentationActivityInvoker$EmptyActivity t3887}#19044 parentId=19029} 1 children}
04-15 09:54:05.087  1151  1151 I SurfaceFlinger: [com.catfact.app.feature.favorites.test/androidx.test.core.app.InstrumentationActivityInvoker$EmptyActivity$_20231#19046] attach to parent LayerHierarchy{RequestedLayerState{6413c36 com.catfact.app.feature.favorites.test/androidx.test.core.app.InstrumentationActivityInvoker$EmptyActivity#19045 parentId=19044} 1 children}
04-15 09:54:05.087  1151  1151 I SurfaceFlinger: [Surface(name=3edafdc StatusBar)/@0x3b919ed - animation-leash of insets_animation#19047] attach to parent LayerHierarchy{RequestedLayerState{WindowToken{7a8fc4f type=2000 android.os.BinderProxy@a9d7329}#94 parentId=17} 2 children}
04-15 09:54:05.087  1151  1151 I SurfaceFlinger: [Surface(name=8c5cec7 NavigationBar0)/@0xa68870 - animation-leash of insets_animation#19048] attach to parent LayerHierarchy{RequestedLayerState{WindowToken{fc018e2 type=2019 android.os.BinderProxy@bda3ac4}#90 parentId=34} 2 children}
04-15 09:54:05.088  1151  1151 I BpBinder: onLastStrongRef automatically unlinking death recipients:
04-15 09:54:05.088  1542  1821 I SystemKeyManager: requested systemKeyInfo size=1 focusedWindow=com.catfact.app.feature.favorites.test/androidx.test.core.app.InstrumentationActivityInvoker$EmptyActivity
04-15 09:54:05.088  1542  1821 I SystemKeyManager: requested systemKeyInfo size=1 focusedWindow=com.catfact.app.feature.favorites.test/androidx.test.core.app.InstrumentationActivityInvoker$EmptyActivity
04-15 09:54:05.089  1542  1821 I WindowManager: Relayout hash=6413c36, pid=20231, syncId=-1: mAttrs={(0,0)(fillxfill) sim={adjust=pan forwardNavigation} layoutInDisplayCutoutMode=always ty=BASE_APPLICATION
04-15 09:54:05.089  1542  1821 I WindowManager:   fl=81810100
04-15 09:54:05.089  1542  1821 I WindowManager:   pfl=100088c0
04-15 09:54:05.089  1542  1821 I WindowManager:   bhv=1
04-15 09:54:05.089  1542  1821 I WindowManager:   fitSides=0
04-15 09:54:05.089  1542  1821 I WindowManager:   frameRateBoostOnTouch=true
04-15 09:54:05.089  1542  1821 I WindowManager:   dvrrWindowFrameRateHint=true naviIconColor=0}
04-15 09:54:05.089  2000  2000 D NavigationBar: onSystemBarAttributesChanged() -  displayId:0, appearance:16, packageName: com.catfact.app.feature.favorites.test (APPEARANCE_LIGHT_NAVIGATION_BARS ), navbarColorManagedByIme:false
04-15 09:54:05.090 20231 20231 I BLASTBufferQueue_Java: new BLASTBufferQueue, mName= VRI[InstrumentationActivityInvoker$EmptyActivity]@b0018fc mNativeObject= 0xb40000741c5d2e80 caller= android.view.ViewRootImpl.updateBlastSurfaceIfNeeded:3585 android.view.ViewRootImpl.relayoutWindow:11685 android.view.ViewRootImpl.performTraversals:4804 android.view.ViewRootImpl.doTraversal:3924 android.view.ViewRootImpl$TraversalRunnable.run:12903 android.view.Choreographer$CallbackRecord.run:1901 android.view.Choreographer$CallbackRecord.run:1910 android.view.Choreographer.doCallbacks:1367 android.view.Choreographer.doFrame:1292 android.view.Choreographer$FrameDisplayEventReceiver.run:1870
04-15 09:54:05.090 20231 20231 I BLASTBufferQueue_Java: update, w= 720 h= 1544 mName = VRI[InstrumentationActivityInvoker$EmptyActivity]@b0018fc mNativeObject= 0xb40000741c5d2e80 sc.mNativeObject= 0xb40000751c4f2b10 format= -1 caller= android.view.ViewRootImpl.updateBlastSurfaceIfNeeded:3590 android.view.ViewRootImpl.relayoutWindow:11685 android.view.ViewRootImpl.performTraversals:4804 android.view.ViewRootImpl.doTraversal:3924 android.view.ViewRootImpl$TraversalRunnable.run:12903 android.view.Choreographer$CallbackRecord.run:1901
04-15 09:54:05.090 20231 20231 I VRI[InstrumentationActivityInvoker$EmptyActivity]@b0018fc: Relayout returned: old=(0,0,720,1544) new=(0,0,720,1544) relayoutAsync=false req=(720,1544)0 dur=6 res=0x3 s={true 0xb40000748c528260} ch=true seqId=0
04-15 09:54:05.090 20231 20231 I VRI[InstrumentationActivityInvoker$EmptyActivity]@b0018fc: performConfigurationChange setNightDimText nightDimLevel=0
04-15 09:54:05.091 20231 20231 D VRI[InstrumentationActivityInvoker$EmptyActivity]@b0018fc: mThreadedRenderer.initialize() mSurface={isValid=true 0xb40000748c528260} hwInitialized=true
04-15 09:54:05.091 20231 20231 D VRI[InstrumentationActivityInvoker$EmptyActivity]@b0018fc: reportNextDraw android.view.ViewRootImpl.performTraversals:5443 android.view.ViewRootImpl.doTraversal:3924 android.view.ViewRootImpl$TraversalRunnable.run:12903 android.view.Choreographer$CallbackRecord.run:1901 android.view.Choreographer$CallbackRecord.run:1910
04-15 09:54:05.091 20231 20231 D VRI[InstrumentationActivityInvoker$EmptyActivity]@b0018fc: Setup new sync=wmsSync-VRI[InstrumentationActivityInvoker$EmptyActivity]@b0018fc#2
04-15 09:54:05.091 20231 20231 I VRI[InstrumentationActivityInvoker$EmptyActivity]@b0018fc: Creating new active sync group VRI[InstrumentationActivityInvoker$EmptyActivity]@b0018fc#3
04-15 09:54:05.091 20231 20231 D VRI[InstrumentationActivityInvoker$EmptyActivity]@b0018fc: registerCallbacksForSync syncBuffer=false
04-15 09:54:05.091 20231 20267 D VRI[InstrumentationActivityInvoker$EmptyActivity]@b0018fc: Received frameDrawingCallback syncResult=0 frameNum=1.
04-15 09:54:05.091 20231 20267 I VRI[InstrumentationActivityInvoker$EmptyActivity]@b0018fc: mWNT: t=0xb4000074fc51eb50 mBlastBufferQueue=0xb40000741c5d2e80 fn= 1 HdrRenderState mRenderHdrSdrRatio=1.0 caller= android.view.ViewRootImpl$12.onFrameDraw:15441 android.view.ThreadedRenderer$1.onFrameDraw:718 <bottom of call stack>
04-15 09:54:05.091 20231 20267 I VRI[InstrumentationActivityInvoker$EmptyActivity]@b0018fc: Setting up sync and frameCommitCallback
04-15 09:54:05.092 20231 20254 I BLASTBufferQueue: [VRI[InstrumentationActivityInvoker$EmptyActivity]@b0018fc#1](f:0,a:0,s:0) onFrameAvailable the first frame is available
04-15 09:54:05.092 20231 20254 I VRI[InstrumentationActivityInvoker$EmptyActivity]@b0018fc: Received frameCommittedCallback lastAttemptedDrawFrameNum=1 didProduceBuffer=true
04-15 09:54:05.092  1151  2479 I SurfaceFlinger: [com.catfact.app.feature.favorites.test/androidx.test.core.app.InstrumentationActivityInvoker$EmptyActivity$_20231#19046] setTransactionState with the first frame. bufferData(ID: 86891483365380, frameNumber: 1)
04-15 09:54:05.093 20231 20254 D HWUI    : CFMS:: SetUp Pid : 20231    Tid : 20254
04-15 09:54:05.093 20231 20231 D VRI[InstrumentationActivityInvoker$EmptyActivity]@b0018fc: reportDrawFinished seqId=0
04-15 09:54:05.093 20231 20231 I ImeFocusController: onPreWindowFocus: skipped hasWindowFocus=false mHasImeFocus=true
04-15 09:54:05.093  1542  1585 D SurfaceComposerClient: setCornerRadius ## 6413c36 com.catfact.app.feature.favorites.test/androidx.test.core.app.InstrumentationActivityInvoker$EmptyActivity#19045 cornerRadius=0.000000
04-15 09:54:05.093 20231 20231 I ImeFocusController: onPostWindowFocus: skipped hasWindowFocus=false mHasImeFocus=true
04-15 09:54:05.093  1542  1585 D SurfaceComposerClient: setCornerRadius ## 6413c36 com.catfact.app.feature.favorites.test/androidx.test.core.app.InstrumentationActivityInvoker$EmptyActivity#19045 cornerRadius=0.000000
04-15 09:54:05.094  1542  1585 I SemDvfsHyPerManager: acquire hyper - AMS_RESUME_TAIL/1542@22, type = -999
04-15 09:54:05.094  1542  1585 I SemDvfsHyPerManager: acquire hyper - AMS_ACT_LAZY/1542@23, type = -999
04-15 09:54:05.094  1059  1180 I HYPER-HAL: [RequestManager.cpp]acquire(): Acquired ID : 1223852  [1542 / 22]    HINT : AMS_RESUME_TAIL    list :
04-15 09:54:05.094  1059  1180 I HYPER-HAL: [RequestManager.cpp]releaseLocked(): Released ID : 1220723
04-15 09:54:05.094  1151  2479 I SurfaceFlinger: id=19049 createSurf, flag=84004, Transition Root: ActivityRecord{40785821 u0 com.catfact.app.feature.favorites.test/androidx.test.core.app.InstrumentationActivityInvoker$EmptyActivity t3887}#19049
04-15 09:54:05.096  1542  1585 I SurfaceControlRegistry: show, t=StartTransaction_SyncId<1698> sc=ActivityRecord{40785821 u0 com.catfact.app.feature.favorites.test/androidx.test.core.app.InstrumentationActivityInvoker$EmptyActivity t3887}, caller=android.view.SurfaceControl$Transaction.show:3557 com.android.server.wm.Transition.onTransactionReady:2048 com.android.server.wm.BLASTSyncEngine$SyncGroup.finishNow:240 com.android.server.wm.BLASTSyncEngine.onSurfacePlacement:263 com.android.server.wm.RootWindowContainer.performSurfacePlacementNoTrace:1083 com.android.server.wm.WindowSurfacePlacer.performSurfacePlacement:166
04-15 09:54:05.096  1542  1585 D SurfaceComposerClient: setCornerRadius ## ActivityRecord{2914098 u0 com.catfact.app.feature.favorites.test/androidx.activity.ComponentActivity t3887}#19030 cornerRadius=0.000000
04-15 09:54:05.096  1542  1585 D SurfaceComposerClient: setCornerRadius ## ActivityRecord{40785821 u0 com.catfact.app.feature.favorites.test/androidx.test.core.app.InstrumentationActivityInvoker$EmptyActivity t3887}#19044 cornerRadius=0.000000
04-15 09:54:05.096  1151  1151 I SurfaceFlinger: [LayerHierarchy{RequestedLayerState{8c5cec7 NavigationBar0#91 parentId=19048} 1 children}] reparent to LayerHierarchy{RequestedLayerState{Surface(name=8c5cec7 NavigationBar0)/@0xa68870 - animation-leash of insets_animation#19048 parentId=90} 1 children}
04-15 09:54:05.096  1151  1151 I SurfaceFlinger: [LayerHierarchy{RequestedLayerState{3edafdc StatusBar#95 parentId=19047} 1 children}] reparent to LayerHierarchy{RequestedLayerState{Surface(name=3edafdc StatusBar)/@0x3b919ed - animation-leash of insets_animation#19047 parentId=94} 1 children}
04-15 09:54:05.096  1151  1151 I SurfaceFlinger: [LayerHierarchy{RequestedLayerState{Surface(name=8c5cec7 NavigationBar0)/@0xa68870 - animation-leash of insets_animation#19041} no children}] reparent to OffscreenRoot
04-15 09:54:05.096  1151  1151 I SurfaceFlinger: [LayerHierarchy{RequestedLayerState{Surface(name=8c5cec7 NavigationBar0)/@0xa68870 - animation-leash of insets_animation#19041} no children}] RelativeParent to null
04-15 09:54:05.096  1151  1151 I SurfaceFlinger: [LayerHierarchy{RequestedLayerState{Surface(name=3edafdc StatusBar)/@0x3b919ed - animation-leash of insets_animation#19040} no children}] reparent to OffscreenRoot
04-15 09:54:05.096  1151  1151 I SurfaceFlinger: [LayerHierarchy{RequestedLayerState{Surface(name=3edafdc StatusBar)/@0x3b919ed - animation-leash of insets_animation#19040} no children}] RelativeParent to null
04-15 09:54:05.096  1151  1151 I SurfaceFlinger: [Transition Root: ActivityRecord{40785821 u0 com.catfact.app.feature.favorites.test/androidx.test.core.app.InstrumentationActivityInvoker$EmptyActivity t3887}#19049] attach to parent LayerHierarchy{RequestedLayerState{Task=3887#19029 parentId=10 z=13} 3 children}
04-15 09:54:05.096  1542  1585 D ScreenCapture: [Capture_TEST] : setIsScreenShotBySystem false
04-15 09:54:05.096  1542  1585 I SurfaceComposerClient: captureLayers:childrenOnly:1, sync:1
04-15 09:54:05.097  2000  2105 I SurfaceControlRegistry: hide, t=FinishTransaction_SyncId<1698> sc=ActivityRecord{2914098 u0 com.catfact.app.feature.favorites.test/androidx.activity.ComponentActivity t3887}, caller=android.view.SurfaceControl$Transaction.hide:3583 com.android.wm.shell.transition.Transitions.dispatchReady:1263 com.android.wm.shell.transition.Transitions.onTransitionReady:251 com.android.wm.shell.transition.Transitions$TransitionPlayerImpl$$ExternalSyntheticLambda0.run:13 android.os.Handler.handleCallback:995 android.os.Handler.dispatchMessage:103
04-15 09:54:05.097  2000  2105 I SurfaceControlRegistry: show, t=StartTransaction_SyncId<1698> sc=ActivityRecord{40785821 u0 com.catfact.app.feature.favorites.test/androidx.test.core.app.InstrumentationActivityInvoker$EmptyActivity t3887}, caller=android.view.SurfaceControl$Transaction.show:3557 com.android.wm.shell.transition.Transitions.dispatchReady:1279 com.android.wm.shell.transition.Transitions.onTransitionReady:251 com.android.wm.shell.transition.Transitions$TransitionPlayerImpl$$ExternalSyntheticLambda0.run:13 android.os.Handler.handleCallback:995 android.os.Handler.dispatchMessage:103
04-15 09:54:05.097  2000  2105 I SurfaceControlRegistry: show, t=FinishTransaction_SyncId<1698> sc=ActivityRecord{40785821 u0 com.catfact.app.feature.favorites.test/androidx.test.core.app.InstrumentationActivityInvoker$EmptyActivity t3887}, caller=android.view.SurfaceControl$Transaction.show:3557 com.android.wm.shell.transition.Transitions.dispatchReady:1330 com.android.wm.shell.transition.Transitions.onTransitionReady:251 com.android.wm.shell.transition.Transitions$TransitionPlayerImpl$$ExternalSyntheticLambda0.run:13 android.os.Handler.handleCallback:995 android.os.Handler.dispatchMessage:103
04-15 09:54:05.097  1542  1581 I ActivityTaskManager: Displayed com.catfact.app.feature.favorites.test/androidx.test.core.app.InstrumentationActivityInvoker$EmptyActivity for user 0: +35ms
04-15 09:54:05.097  2000  2105 I SurfaceControlRegistry: show, t=StartTransaction_SyncId<1698> sc=Transition Root: ActivityRecord{40785821 u0 com.catfact.app.feature.favorites.test/androidx.test.core.app.InstrumentationActivityInvoker$EmptyActivity t3887}, caller=android.view.SurfaceControl$Transaction.show:3557 com.android.wm.shell.transition.Transitions.playTransition:79 com.android.wm.shell.transition.Transitions.processReadyQueue:239 com.android.wm.shell.transition.Transitions.dispatchReady:1352 com.android.wm.shell.transition.Transitions.onTransitionReady:251 com.android.wm.shell.transition.Transitions$TransitionPlayerImpl$$ExternalSyntheticLambda0.run:13
04-15 09:54:05.097  3152  3152 E pageboostd: Received HALT command code 2
04-15 09:54:05.097  2000  2105 I SurfaceControlRegistry: apply, t=StartTransaction_SyncId<1698>, caller=android.view.SurfaceControl$Transaction.apply:3459 android.view.SurfaceControl$Transaction.apply:3447 android.view.SurfaceControl$Transaction.apply:3397 com.android.wm.shell.transition.DefaultTransitionHandler.startAnimation:3387 com.android.wm.shell.transition.Transitions.dispatchTransition:90 com.android.wm.shell.transition.Transitions.playTransition:774
04-15 09:54:05.098  2000  2105 I SurfaceControlRegistry: apply, t=FinishTransaction_SyncId<1698>, caller=android.view.SurfaceControl$Transaction.apply:3459 android.view.SurfaceControl$Transaction.apply:3447 android.view.SurfaceControl$Transaction.apply:3397 com.android.wm.shell.transition.Transitions.onFinish:315 com.android.wm.shell.transition.Transitions$$ExternalSyntheticLambda7.onTransitionFinished:12 com.android.wm.shell.transition.DefaultTransitionHandler$$ExternalSyntheticLambda2.run:36
04-15 09:54:05.098  1151  1338 D SurfaceFlinger: [input] setFocusedWindow: 6413c36 com.catfact.app.feature.favorites.test/androidx.test.core.app.InstrumentationActivityInvoker$EmptyActivity
04-15 09:54:05.098  1542  4001 D InputDispatcher: Once focus requested (0): 6413c36 com.catfact.app.feature.favorites.test/androidx.test.core.app.InstrumentationActivityInvoker$EmptyActivity
04-15 09:54:05.098  1542  4001 D InputDispatcher: Focus request (0): 6413c36 com.catfact.app.feature.favorites.test/androidx.test.core.app.InstrumentationActivityInvoker$EmptyActivity but waiting because NOT_VISIBLE
04-15 09:54:05.099  1151  2479 I SurfaceFlinger: Capture layer list: 	 com.catfact.app.feature.favorites.test/androidx.activity.ComponentActivity$_20231#19039(seamlessTransition:0)
04-15 09:54:05.099  1151  2479 I CompositionEngine: [setDisplaySize] size=(720, 1544)
04-15 09:54:05.100  1151  1206 D RenderEngine: [SEC_SF_EFFECTS] drawLayersInternal,1494, Rendering layer ScreenCaptureFillLayer at index 0
04-15 09:54:05.100  1151  1206 D RenderEngine: [SEC_SF_EFFECTS] drawLayersInternal,1494, Rendering layer com.catfact.app.feature.favorites.test/androidx.activity.ComponentActivity$_20231#19039 at index 1
04-15 09:54:05.102  1542  1585 D SurfaceComposerClient: setCornerRadius ## 6413c36 com.catfact.app.feature.favorites.test/androidx.test.core.app.InstrumentationActivityInvoker$EmptyActivity#19045 cornerRadius=0.000000
04-15 09:54:05.102  2000  2000 D NavigationBar: onSystemBarAttributesChanged() -  displayId:0, appearance:0, packageName: com.catfact.app.feature.favorites.test, navbarColorManagedByIme:false
04-15 09:54:05.102  1542  1585 D SurfaceComposerClient: setCornerRadius ## 6413c36 com.catfact.app.feature.favorites.test/androidx.test.core.app.InstrumentationActivityInvoker$EmptyActivity#19045 cornerRadius=0.000000
04-15 09:54:05.103  2000  2000 D SamsungLightBarControlHelper: updateNavigationBar (WHITE button) isLightOpaque:false, hasLightNavigationBarFlag:false, packageName:com.catfact.app.feature.favorites.test, DirectReplying:false, NavBarColorMangedByIme:false, ForceDarkForScrim:false, ForceLightForScrim:false, QsCustomizing:false, QsExpanded:false
04-15 09:54:05.104  1151  2479 I SurfaceFlinger: id=19050 createSurf, flag=84000, 6f43e47 ActivityRecordInputSink com.catfact.app.feature.favorites.test/androidx.test.core.app.InstrumentationActivityInvoker$EmptyActivity#19050
04-15 09:54:05.104  1151  1151 I SurfaceFlinger: RequestedLayer [ActivityRecord{40785821 u0 com.catfa[...]tyInvoker$EmptyActivity t3887}#19044] hidden!! flag  from(1) --> to(0)
04-15 09:54:05.104  1151  1151 E SurfaceFlinger: alpha changed 1.000 -> 0.000 - ActivityRecord{40785821 u0 com.catfact.app.feature.favorites.test/androidx.test.core.app.InstrumentationActivityInvoker$EmptyActivity t3887}#19044
04-15 09:54:05.104  1151  1151 I SurfaceFlinger: RequestedLayer [6413c36 com.catfact.app.feature.favo[...]nActivityInvoker$EmptyActivity#19045] hidden!! flag  from(1) --> to(0)
04-15 09:54:05.104  1151  1151 I SurfaceFlinger: RequestedLayer [com.catfact.app.feature.favorites.te[...]tyInvoker$EmptyActivity$_20231#19046] hidden!! flag  from(1) --> to(0)
04-15 09:54:05.104  1151  1151 I SurfaceFlinger: RequestedLayer [Transition Root: ActivityRecord{4078[...]tyInvoker$EmptyActivity t3887}#19049] hidden!! flag  from(1) --> to(0)
04-15 09:54:05.104  1151  1151 I SurfaceFlinger: RequestedLayer [ActivityRecord{2914098 u0 com.catfac[...]ivity.ComponentActivity t3887}#19030] hidden!! flag  from(0) --> to(1)
04-15 09:54:05.104  1151  1151 E SurfaceFlinger: alpha changed 0.000 -> 1.000 - ActivityRecord{40785821 u0 com.catfact.app.feature.favorites.test/androidx.test.core.app.InstrumentationActivityInvoker$EmptyActivity t3887}#19044
04-15 09:54:05.104  1151  1151 I SurfaceFlinger: [LayerHierarchy{RequestedLayerState{ActivityRecord{2914098 u0 com.catfact.app.feature.favorites.test/androidx.activity.ComponentActivity t3887}#19030 parentId=19029} 3 children}] reparent to LayerHierarchy{RequestedLayerState{Task=3887#19029 parentId=10 z=13} 3 children}
04-15 09:54:05.104  1151  1151 I SurfaceFlinger: [LayerHierarchy{RequestedLayerState{ActivityRecord{40785821 u0 com.catfact.app.feature.favorites.test/androidx.test.core.app.InstrumentationActivityInvoker$EmptyActivity t3887}#19044 parentId=19029 z=1} 1 children}] reparent to LayerHierarchy{RequestedLayerState{Task=3887#19029 parentId=10 z=13} 3 children}
04-15 09:54:05.104  1151  1151 I SurfaceFlinger: [LayerHierarchy{RequestedLayerState{Transition Root: ActivityRecord{40785821 u0 com.catfact.app.feature.favorites.test/androidx.test.core.app.InstrumentationActivityInvoker$EmptyActivity t3887}#19049 z=1} no children}] reparent to OffscreenRoot
04-15 09:54:05.104  1151  1151 I SurfaceFlinger: [LayerHierarchy{RequestedLayerState{Transition Root: ActivityRecord{40785821 u0 com.catfact.app.feature.favorites.test/androidx.test.core.app.InstrumentationActivityInvoker$EmptyActivity t3887}#19049 z=1} no children}] RelativeParent to null
04-15 09:54:05.104  1151  1151 I SurfaceFlinger: [6f43e47 ActivityRecordInputSink com.catfact.app.feature.favorites.test/androidx.test.core.app.InstrumentationActivityInvoker$EmptyActivity#19050] attach to parent LayerHierarchy{RequestedLayerState{ActivityRecord{40785821 u0 com.catfact.app.feature.favorites.test/androidx.test.core.app.InstrumentationActivityInvoker$EmptyActivity t3887}#19044 parentId=19029 z=1} 2 children}
04-15 09:54:05.107  1151  2479 I SurfaceFlinger: id=19049 Removed Transition Root: ActivityRecord{40785821 u0 com.catfact.app.feature.favorites.test/androidx.test.core.app.InstrumentationActivityInvoker$EmptyActivity t3887}#19049 (187)
04-15 09:54:05.108  1151  1151 D SurfaceFlinger: Display 4633128672291735999 HWC layers:
04-15 09:54:05.108  1151  1151 D SurfaceFlinger:        DEVICE |           86891483365380 | 00002102 | RGBA_8888    |    0.0    0.0  720.0 1544.0 |    0    0  720 1544 | com.catfact.app.feature.favorites.te[...]tyInvoker$EmptyActivity$_20231#19046 (1)
04-15 09:54:05.108  1151  1151 D SurfaceFlinger:        DEVICE |            8589934654694 | 00002100 | RGBA_8888    |    0.0    0.0  720.0   50.0 |    0    0  720   50 | StatusBar$_2000#102 (26665)
04-15 09:54:05.108  1151  1151 D SurfaceFlinger:        DEVICE |           10569914518889 | 00002100 | RGBA_8888    |    0.0    0.0   67.0  353.0 |  653  192  720  545 | com.sec.android.app.launcher/com.sam[...]l.app.CocktailBarService$_2461#16495 (1)
04-15 09:54:05.108  1151  1151 D SurfaceFlinger:        DEVICE |            8589934654691 | 00002100 | RGBA_8888    |    0.0    0.0  720.0   90.0 |    0 1454  720 1544 | NavigationBar0$_2000#98 (17425)
04-15 09:54:05.108  1151  1151 D SurfaceFlinger:
04-15 09:54:05.108  1542  4001 D InputDispatcher: Focus entered window (0): 6413c36 com.catfact.app.feature.favorites.test/androidx.test.core.app.InstrumentationActivityInvoker$EmptyActivity
04-15 09:54:05.110  2000  2105 D ShellDesktopMode: handleRequest: TransitionRequestInfo {type=2, tid=3887, debugId=1699}
04-15 09:54:05.112 20231 20231 I VRI[ComponentActivity]@8935158: handleAppVisibility mAppVisible = true visible = false
04-15 09:54:05.112 20231 20231 D VRI[ComponentActivity]@8935158: visibilityChanged oldVisibility=true newVisibility=false
04-15 09:54:05.113 20231 20231 I VRI[ComponentActivity]@8935158: stopped(true) old = false
04-15 09:54:05.113 20231 20231 D VRI[ComponentActivity]@8935158: WindowStopped on com.catfact.app.feature.favorites.test/androidx.activity.ComponentActivity set to true
04-15 09:54:05.113  1151  1151 I SurfaceFlinger: [Display 0 name="Built-in Screen"#49] setFrameRateCategory: Default
04-15 09:54:05.113  1151  1151 I SurfaceFlinger: RequestedLayer [com.catfact.app.feature.favorites.te[...]ivity.ComponentActivity$_20231#19039] hidden!! flag  from(0) --> to(1)
04-15 09:54:05.113  1151  1151 I SurfaceFlinger: [Display 0 name="Built-in Screen"#49] setFrameRateCategory: High
04-15 09:54:05.113  1151  1151 I SurfaceFlinger: destroyed Transition Root: ActivityRecord{40785821 u0 com.catfact.app.feature.favorites.test/androidx.test.core.app.InstrumentationActivityInvoker$EmptyActivity t3887}#19049
04-15 09:54:05.113 20231 20231 D LifecycleMonitor: Lifecycle status change: androidx.activity.ComponentActivity@ce2eddc in: STOPPED
04-15 09:54:05.113 20231 20231 V ActivityScenario: Update currentActivityStage to STOPPED, currentActivity=androidx.activity.ComponentActivity@ce2eddc
04-15 09:54:05.113  2000  2000 D SystemUIService: SYSUI_RAM_OPTIMIZATION onTrimMemory=20
04-15 09:54:05.114  2000  2000 D CentralSurfaces: SYSUI_RAM_OPTIMIZATION onTrimMemory=20
04-15 09:54:05.114  2000  2000 D SystemUIService: SYSUI_RAM_OPTIMIZATION onTrimMemory=20
04-15 09:54:05.114  2000  2000 D CentralSurfaces: SYSUI_RAM_OPTIMIZATION onTrimMemory=20
04-15 09:54:05.115  1151  1151 I Layer   : id=19049 Destroyed Transition Root: ActivityRecord{40785821 u0 com.catfact.app.feature.favorites.test/androidx.test.core.app.InstrumentationActivityInvoker$EmptyActivity t3887}#19049
04-15 09:54:05.116  2000  2196 D HWUI    : CacheManager::trimMemory(20)
04-15 09:54:05.117  2461  2584 I HoneySpace.TopTaskSource: onTaskMovedToFront : taskId = 3514, displayId = 0
04-15 09:54:05.117  2461  2584 I HoneySpace.TopTaskSource: onTaskMovedToFront : taskId = 3801, displayId = 0
04-15 09:54:05.118  2461  2474 I HoneySpace.RecentTasks: onRecentTasksChanged
04-15 09:54:05.118  2461  2586 I HoneySpace.TopTaskUseCase: topTasks 3801 ComponentInfo{com.google.android.calendar/com.google.android.calendar.allinone.AllInOneCalendarActivity}[displayId=0]
04-15 09:54:05.119  2000  2196 D HWUI    : CacheManager::trimMemory(20)
04-15 09:54:05.122  1151  1151 I BpBinder: onLastStrongRef automatically unlinking death recipients:
04-15 09:54:05.124 20231 20231 W WindowOnBackDispatcher: sendCancelIfRunning: isInProgress=false callback=android.app.Activity$$ExternalSyntheticLambda0@ceef370
04-15 09:54:05.124 20231 20231 D LifecycleMonitor: Lifecycle status change: androidx.activity.ComponentActivity@ce2eddc in: DESTROYED
04-15 09:54:05.124 20231 20231 V ActivityScenario: Update currentActivityStage to DESTROYED, currentActivity=null
04-15 09:54:05.125  1542  1821 D InputDispatcher: Focus left window (0): 6413c36 com.catfact.app.feature.favorites.test/androidx.test.core.app.InstrumentationActivityInvoker$EmptyActivity
04-15 09:54:05.127 20231 20231 D ViewRootImpl: Skipping stats log for color mode
04-15 09:54:05.127 20231 20231 I VRI[ComponentActivity]@8935158: dispatchDetachedFromWindow
04-15 09:54:05.127  1542  1821 D InputTransport: Input channel destroyed: '390014a', fd=1178
04-15 09:54:05.128  1151  1200 I SurfaceFlinger: id=19051 createSurf, flag=24004, Surface(name=1d7a05f InputMethod)/@0x5f77a9d - animation-leash of insets_animation#19051
04-15 09:54:05.129  1542  1821 I ImeTracker: system_server:a22d9405: onRequestHide at ORIGIN_SERVER reason IME_REQUESTED_CHANGED_LISTENER fromUser false
04-15 09:54:05.129  1542  1584 I ImeTracker: system_server:a22d9405: onCancelled at PHASE_SERVER_SHOULD_HIDE
04-15 09:54:05.130  1151  1151 I SurfaceFlinger: [Surface(name=1d7a05f InputMethod)/@0x5f77a9d - animation-leash of insets_animation#19051] attach to parent LayerHierarchy{RequestedLayerState{WindowToken{d080c22 type=2011 android.os.Binder@459a5ed}#120 parentId=15} 2 children}
04-15 09:54:05.131 20231 20231 D InputTransport: Input channel destroyed: '390014a', fd=118
04-15 09:54:05.131  1151  1378 I SurfaceFlinger: id=19040 Removed Surface(name=3edafdc StatusBar)/@0x3b919ed - animation-leash of insets_animation#19040 (187)
04-15 09:54:05.131  1151  1199 I SurfaceFlinger: id=19041 Removed Surface(name=8c5cec7 NavigationBar0)/@0xa68870 - animation-leash of insets_animation#19041 (187)
04-15 09:54:05.132  1151  1199 I SurfaceFlinger: id=19036 Removed 45abc94 ActivityRecordInputSink com.catfact.app.feature.favorites.test/androidx.activity.ComponentActivity#19036 (187)
04-15 09:54:05.132 20231 20231 D LifecycleMonitor: Lifecycle status change: androidx.test.core.app.InstrumentationActivityInvoker$EmptyActivity@3bafef7 in: PAUSED
04-15 09:54:05.133 20231 20231 V ActivityScenario: Activity lifecycle changed event received but ignored because the intent does not match. startActivityIntent=Intent { act=android.intent.action.MAIN cat=[android.intent.category.LAUNCHER] flg=0x10008000 cmp=com.catfact.app.feature.favorites.test/androidx.activity.ComponentActivity }, activity.getIntent()=Intent { act=android.intent.action.MAIN cat=[android.intent.category.LAUNCHER] flg=0x10000000 xflg=0x4 cmp=com.catfact.app.feature.favorites.test/androidx.test.core.app.InstrumentationActivityInvoker$EmptyActivity }, activity=androidx.test.core.app.InstrumentationActivityInvoker$EmptyActivity@3bafef7
04-15 09:54:05.133  1542  4025 I SemDvfsHyPerManager: acquire hyper - AMS_ACT_RESUME/1542@19, type = -999
04-15 09:54:05.133  1059  1180 I HYPER-HAL: [RequestManager.cpp]acquire(): Acquired ID : 1219160  [1542 / 19]    HINT : AMS_ACT_RESUME    list :
04-15 09:54:05.134  1542  4025 D InputDispatcher: Focused application(0): ActivityRecord{243114305 u0 com.google.android.calendar/.allinone.AllInOneCalendarActivity t3801}
04-15 09:54:05.134  1542  1825 D AS.MultiSoundManager: mForegroundUid = 10279
04-15 09:54:05.135  1542  4001 D GraphicsStatsService: requestRenderEngineFor(com.google.android.calendar)
04-15 09:54:05.136 20231 20231 I InsetsSourceConsumer: applyRequestedVisibilityToControl: visible=true, type=statusBars, host=com.catfact.app.feature.favorites.test/androidx.test.core.app.InstrumentationActivityInvoker$EmptyActivity
04-15 09:54:05.136 20231 20231 I InsetsSourceConsumer: applyRequestedVisibilityToControl: visible=true, type=navigationBars, host=com.catfact.app.feature.favorites.test/androidx.test.core.app.InstrumentationActivityInvoker$EmptyActivity
04-15 09:54:05.136  2000  2120 D ViewRootImpl: desktopMode is false
04-15 09:54:05.136  2000  2120 I ViewRootImpl: dVRR is disabled
04-15 09:54:05.137  1542  1598 W libprocessgroup: SetCgroup::ExecuteForProcess: failed to open /dev/cpuctl/foreground-boost/cgroup.procs: No such file or directory
04-15 09:54:05.138  1542  1582 D PkgPredictorService-SecIpmManagerServiceImpl: onForegroundActivitiesChanged pid:3979 uid:10279
04-15 09:54:05.138 20231 20231 I ImeFocusController: onPreWindowFocus: skipped hasWindowFocus=false mHasImeFocus=true
04-15 09:54:05.138 20231 20231 I ImeFocusController: onPostWindowFocus: skipped hasWindowFocus=false mHasImeFocus=true
04-15 09:54:05.138  1151  1151 I SurfaceFlinger: RequestedLayer [Surface(name=1d7a05f InputMethod)/@0[...]tion-leash of insets_animation#19051] hidden!! flag  from(1) --> to(0)
04-15 09:54:05.138  1151  1151 E SurfaceFlinger: alpha changed 1.000 -> 0.000 - Surface(name=1d7a05f InputMethod)/@0x5f77a9d - animation-leash of insets_animation#19051
04-15 09:54:05.138  1542  1582 D NetworkPolicy: already checked 10279
04-15 09:54:05.138  1151  1151 I SurfaceFlinger: destroyed Surface(name=8c5cec7 NavigationBar0)/@0xa68870 - animation-leash of insets_animation#19041
04-15 09:54:05.138  1151  1151 I SurfaceFlinger: destroyed Surface(name=3edafdc StatusBar)/@0x3b919ed - animation-leash of insets_animation#19040
04-15 09:54:05.138  1151  1151 I SurfaceFlinger: [LayerHierarchy{RequestedLayerState{1d7a05f InputMethod#134 parentId=19051} no children}] reparent to LayerHierarchy{RequestedLayerState{Surface(name=1d7a05f InputMethod)/@0x5f77a9d - animation-leash of insets_animation#19051 parentId=120} 1 children}
04-15 09:54:05.138  1151  1151 I SurfaceFlinger: [LayerHierarchy{RequestedLayerState{Surface(name=1d7a05f InputMethod)/@0x5f77a9d - animation-leash of insets_animation#19043} no children}] reparent to OffscreenRoot
04-15 09:54:05.138  1151  1151 I SurfaceFlinger: [LayerHierarchy{RequestedLayerState{Surface(name=1d7a05f InputMethod)/@0x5f77a9d - animation-leash of insets_animation#19043} no children}] RelativeParent to null
04-15 09:54:05.138  2000  2196 D NativeCustomFrequencyManager: [NativeCFMS] BpCustomFrequencyManager::BpCustomFrequencyManager()
04-15 09:54:05.138  1542  1585 I SurfaceControl: apply, lowDebugName=reparent_to_imeParent, caller=android.view.SurfaceControl$Transaction.apply:3447 android.view.SurfaceControl$Transaction.apply:3397 com.android.server.wm.WindowAnimator.animate:307 com.android.server.wm.WindowAnimator$$ExternalSyntheticLambda1.doFrame:14 android.view.Choreographer$CallbackRecord.run:1899 android.view.Choreographer$CallbackRecord.run:1910
04-15 09:54:05.140  1151  1151 I Layer   : id=19041 Destroyed Surface(name=8c5cec7 NavigationBar0)/@0xa68870 - animation-leash of insets_animation#19041
04-15 09:54:05.140  1151  1151 I Layer   : id=19040 Destroyed Surface(name=3edafdc StatusBar)/@0x3b919ed - animation-leash of insets_animation#19040
04-15 09:54:05.141  1151  1199 I SurfaceFlinger: id=19043 Removed Surface(name=1d7a05f InputMethod)/@0x5f77a9d - animation-leash of insets_animation#19043 (185)
04-15 09:54:05.141  1542  1821 D InputTransport: Input channel constructed: '6e86b58', fd=972
04-15 09:54:05.142  1542  1821 D InputTransport: Input channel constructed: '6e86b58', fd=1178
