04-15 09:53:46.221 19868 19888 I TestRunner: started: emptyStateShowsSearchBarButNoCards(com.catfact.app.feature.facts.presentation.FactsScreenTest)
04-15 09:53:46.247 19868 19888 I Tracing : Tracer added: class androidx.test.platform.tracing.AndroidXTracer
04-15 09:53:46.254 19868 19888 D IdlingRegistry: Registering idling resources: [androidx.compose.ui.test.EspressoLink@1b28a12]
04-15 09:53:46.260 19868 19888 W Settings: Setting always_finish_activities has moved from android.provider.Settings.System to android.provider.Settings.Global, returning read-only value.
04-15 09:53:46.269  1542  2484 I SemDvfsHyPerManager: acquire hyper - AMS_APP_SWITCH/1542@28, type = -999
04-15 09:53:46.270  1151  2758 I SurfaceFlinger: id=18815 createSurf, flag=24004, Task=3881#18815
04-15 09:53:46.270  1059  1180 I HYPER-HAL: [RequestManager.cpp]acquire(): Acquired ID : 1233263  [1542 / 28]    HINT : AMS_APP_SWITCH    list :
04-15 09:53:46.272  1059  1180 I HYPER-HAL: [ResourceManager.cpp]updateResource(): [CPULittleMinFreq] UpdateResource Request ID : 1233263    Value : 1824000
04-15 09:53:46.272  1151  2758 I SurfaceFlinger: id=18816 createSurf, flag=84004, ActivityRecord{89387490 u0 com.catfact.app.feature.facts.test/androidx.activity.ComponentActivity t3881}#18816
04-15 09:53:46.274  3963  3963 I SemDvfsHyPerManager: acquire hyper - APP_START_SHORT/3963@17, type = -999
04-15 09:53:46.275  1059  1180 I HYPER-HAL: [RequestManager.cpp]acquire(): Acquired ID : 7922207  [3963 / 17]    HINT : APP_START    list : [TIMEOUT / 1500]
04-15 09:53:46.277  1542  4235 I SemDvfsHyPerManager: acquire hyper - AMS_APP_LAUNCH/1542@21, type = -999
04-15 09:53:46.278  1059  1180 I HYPER-HAL: [RequestManager.cpp]releaseLocked(): Released ID : 7866564
04-15 09:53:46.278  1059  1180 I HYPER-HAL: [RequestManager.cpp]acquire(): Acquired ID : 1222287  [1542 / 21]    HINT : AMS_APP_LAUNCH    list :
04-15 09:53:46.278  1059  1180 I HYPER-HAL: [ResourceManager.cpp]updateResource(): [CPULittleMinFreq] UpdateResource Request ID : 1222287    Value : 1824000
04-15 09:53:46.279  2461  4432 I HoneySpace.RecentTasks: onRecentTasksChanged
04-15 09:53:46.279  2000  2105 D ShellDesktopMode: handleRequest: TransitionRequestInfo {type=1, tid=3881, debugId=1679}
04-15 09:53:46.279  2461  2584 I HoneySpace.TopTaskSource: onTaskMovedToFront : taskId = 3881, displayId = 0
04-15 09:53:46.280  2000  2120 D ViewRootImpl: desktopMode is false
04-15 09:53:46.280  2000  2120 I ViewRootImpl: dVRR is disabled
04-15 09:53:46.280  2000  2196 D NativeCustomFrequencyManager: [NativeCFMS] BpCustomFrequencyManager::BpCustomFrequencyManager()
04-15 09:53:46.283  1542  2476 D InputDispatcher: Focused application(0): ActivityRecord{89387490 u0 com.catfact.app.feature.facts.test/androidx.activity.ComponentActivity t3881}
04-15 09:53:46.284  3152  3152 E pageboostd: Received HALT command code 2
04-15 09:53:46.285  3963  3963 I SemDvfsHyPerManager: acquire hyper - APP_START/3963@19, type = -999
04-15 09:53:46.285  1059  1180 I HYPER-HAL: [RequestManager.cpp]acquire(): Acquired ID : 7930172  [3963 / 19]    HINT : APP_START    list :
04-15 09:53:46.285  2461  2586 I HoneySpace.TopTaskUseCase: topTasks 3881 ComponentInfo{com.catfact.app.feature.facts.test/androidx.activity.ComponentActivity}[displayId=0]
04-15 09:53:46.286  1542  2476 D GraphicsStatsService: requestRenderEngineFor(com.catfact.app.feature.facts.test)
04-15 09:53:46.286 19868 19868 D HWUI    : HWUI - treat SMPTE_170M as sRGB
04-15 09:53:46.287  1542  1906 D SemWifiTransportLayerMonitor.TcpMonitorHandler: MSG_SAVE_PACKAGE_INFO
04-15 09:53:46.287  1542  1906 D SemWifiTransportLayerFileManager: saveWifiPackageInfoToFile
04-15 09:53:46.287  1542  1906 D SemWifiTransportLayerFileManager: writeWifiPackageInfoList
04-15 09:53:46.287  1542  1825 D AS.MultiSoundManager: mForegroundUid = 10749
04-15 09:53:46.291 19868 19901 D HWUI    : CacheManager constructor. deviceInfo=(1080, 1920)
04-15 09:53:46.291 19868 19901 D vulkan  : searching for layers in '/data/app/~~Lal-HfDTKBVjVRz0Bl6nkA==/com.catfact.app.feature.facts.test-kzaj2pCmZIr1fAjkFK5tYA==/lib/arm64'
04-15 09:53:46.291 19868 19901 D vulkan  : searching for layers in '/data/app/~~Lal-HfDTKBVjVRz0Bl6nkA==/com.catfact.app.feature.facts.test-kzaj2pCmZIr1fAjkFK5tYA==/base.apk!/lib/arm64-v8a'
04-15 09:53:46.291 19868 19901 V XGL     : ----------------------------------------------------------------------
04-15 09:53:46.291 19868 19901 V XGL     : SUMD version compiled date     = 2025-06-11 14:47 - KST
04-15 09:53:46.291 19868 19901 V XGL     : SUMD version revision number   = 1fc295b0d2
04-15 09:53:46.291 19868 19901 V XGL     : SUMD version info              = Driver version: 24.0.545, git hash: 1fc295b0d2
04-15 09:53:46.291 19868 19901 V XGL     : ----------------------------------------------------------------------
04-15 09:53:46.291 19868 19901 V XGL     : Entering: Create
04-15 09:53:46.292  1542  1582 D PkgPredictorService-SecIpmManagerServiceImpl: onForegroundActivitiesChanged pid:19868 uid:10749
04-15 09:53:46.293  1542  1582 D NetworkPolicy: already checked 10749
04-15 09:53:46.293  1218  6568 I CameraService: onUidStateChanged: uid=10048, procState is changed. (0 -> 1)
04-15 09:53:46.293  1542  2944 V PkgPredictorService-SecIpmManagerServiceImpl: discard foreground app:com.catfact.app.feature.facts.test 1|true
04-15 09:53:46.296  2000  2000 I {OngoingActivityController}: onTaskFocusChanged but OA data is empty
04-15 09:53:46.298 18525 18790 I Rubin   : [146] M.c0.k(Unknown Source) : Notify com.samsung.android.rubin.inferenceengine.contextanalytics.engine.loggers.AppUsageLogger's database is updated.
04-15 09:53:46.298  2461  2584 I HoneySpace.TopTaskSource: onTaskFocusChanged(): taskId = 3881
04-15 09:53:46.300 19868 19901 V XGL     : Exiting: Create
04-15 09:53:46.301  1542  4235 D InputTransport: Input channel constructed: 'a439654', fd=1433
04-15 09:53:46.301  1542  4235 D InputTransport: Input channel constructed: 'a439654', fd=1434
04-15 09:53:46.301  1542  4235 D InputTransport: Input channel constructed: 'a439654', fd=1435
04-15 09:53:46.301  1542  4235 D InputTransport: Input channel destroyed: 'a439654', fd=1434
04-15 09:53:46.302  1151  2758 I SurfaceFlinger: id=18817 createSurf, flag=84004, a439654 Splash Screen com.catfact.app.feature.facts.test#18817
04-15 09:53:46.302  2461  2461 I HoneySpace.EdgePanel.CocktailHostRepositoryImpl: onNoteResume
04-15 09:53:46.302  2461  2461 I HoneySpace.EdgePanel.EdgePanelContainerViewModel: cocktailHostRepository.edgePanelOperation NoteResumeComponent(componentName=ComponentInfo{com.catfact.app.feature.facts.test/androidx.activity.ComponentActivity})
04-15 09:53:46.302  2461  2461 I HoneySpace.EdgePanel.ActivityUtils: HomePackage : com.sec.android.app.launcher, resumePackageName : com.catfact.app.feature.facts.test, className : androidx.activity.ComponentActivity
04-15 09:53:46.303  1542  4235 D InputTransport: Input channel destroyed: 'a439654', fd=1435
04-15 09:53:46.303  2000  2120 D InputTransport: Input channel constructed: 'a439654', fd=679
04-15 09:53:46.304  2000  2120 I InsetsController: onStateChanged: host=Splash Screen com.catfact.app.feature.facts.test, from=android.view.ViewRootImpl.onInsetsStateChanged:3026, state=InsetsState: {mDisplayFrame=Rect(0, 0 - 720, 1544), mDisplayCutout=DisplayCutout{insets=Rect(0, 50 - 0, 0) waterfall=Insets{left=0, top=0, right=0, bottom=0} boundingRect={Bounds=[Rect(0, 0 - 0, 0), Rect(341, 0 - 379, 50), Rect(0, 0 - 0, 0), Rect(0, 0 - 0, 0)]} cutoutPathParserInfo={CutoutPathParserInfo{displayWidth=720 displayHeight=1544 physicalDisplayWidth=720 physicalDisplayHeight=1544 density={1.875} cutoutSpec={M 0,0 H -10 V 26.66666666666667 H 10 V 0 H 0 Z @dp} rotation={0} scale={1.0} physicalPixelDisplaySizeRatio={1.0}}} sideOverrides={}}, mRoundedCorners=RoundedCorners{[RoundedCorner{position=TopLeft, radius=8, center=Point(8, 8)}, RoundedCorner{position=TopRight, radius=8, center=Point(712, 8)}, RoundedCorner{position=BottomRight, radius=8, center=Point(712, 1536)}, RoundedCorner{position=BottomLeft, radius=8, center=Point(8, 1536)}]}  mRoundedCornerFrame=Rect(0, 0 - 720, 1544), mPrivacyIndicatorBounds=PrivacyIndicatorBounds {static bounds=Rect(637, 0 - 720, 50) rotation=0}, mDisplayShape=DisplayShape{ spec=-311912193 displayWidth=720 displayHeight=1544 physicalPixelDisplaySizeRatio=0.5 rotation=0 offsetX=0 offsetY=0 scale=1.0}, mSources= { InsetsSource: {ec730001 mType=navigationBars mFrame=[0,1454][720,1544] mVisible=true mFlags= mSideHint=BOTTOM mBoundingRects=null}, InsetsSource: {ec730004 mType=systemGestures mFrame=[0,0][0,0] mVisible=true mFlags= mSideHint=NONE mBoundingRects=null}, InsetsSource: {ec730005 mType=mandatorySystemGestures mFrame=[0,1454][720,1544] mVisible=true mFlags= mSideHint=BOTTOM mBoundingRects=null}, InsetsSource: {ec730006 mType=tappableElement mFrame=[0,1454][720,1544] mVisible=true mFlags= mSideHint=BOTTOM mBoundingRects=null}, InsetsSource: {ec730024 mType=systemGestures mFrame=[0,0][0,0] mVisible=true mFlags= mSideHint=NONE mBoundingRects=null}, InsetsSource: {3 mType=ime mFrame=[0,0][0,0] mVisible=false mFlags= mSideHint=NONE mBoundingRects=null}, InsetsSource: {27 mType=displayCutout mFrame=[0,0][720,50] mVisible=true mFlags= mSideHint=TOP mBoundingRects=null}, InsetsSource: {43950000 mType=statusBars mFrame=[0,0][720,50] mVisible=true mFlags= mSideHint=TOP mBoundingRects=null}, InsetsSource: {43950005 mType=mandatorySystemGestures mFrame=[0,0][720,73] mVisible=true mFlags= mSideHint=TOP mBoundingRects=null}, InsetsSource: {43950006 mType=tappableElement mFrame=[0,0][720,50] mVisible=true mFlags= mSideHint=TOP mBoundingRects=null} }
04-15 09:53:46.304  2000  2120 I VRI[test]@302d8fe: onActiveControlsChanged, removed=false, mAdded=true, caller=android.view.ViewRootImpl.handleInsetsControlChanged:3002 android.view.ViewRootImpl.setView:2014 android.view.WindowManagerGlobal.addView:604 com.android.wm.shell.startingsurface.SplashscreenWindowCreator.addWindow:38 com.android.wm.shell.startingsurface.StartingWindowController$$ExternalSyntheticLambda4.run:1365
04-15 09:53:46.304  2000  2120 I VRI[test]@302d8fe: synced displayState. AttachInfo displayState=2
04-15 09:53:46.304  2000  2120 I VRI[test]@302d8fe: setView = android.widget.FrameLayout@d2f870a IsHRR=false mFlingFrameRateChange=0 TM=true
04-15 09:53:46.304  2000  2196 D HWUI    : HWUI - treat SMPTE_170M as sRGB
04-15 09:53:46.305  3723 29073 I [AirCmd]_ActivitySwitchDetector: onTaskFocusChanged : taskId=3881, componentName=ComponentInfo{com.catfact.app.feature.facts.test/androidx.activity.ComponentActivity}
04-15 09:53:46.305  3723 29073 I [AirCmd]_ActivitySwitchDetector: onTaskFocusChanged :mTopMostActivity = ComponentInfo{com.google.android.calendar/com.google.android.calendar.allinone.AllInOneCalendarActivity}
04-15 09:53:46.305  3723 29073 I [AirCmd]_CallbackRepeater: stopRepeat : isWorking=false
04-15 09:53:46.305  3723 29073 I [AirCmd]_MediaControlStateMonitor: isForegroundAppSupportsMediaButton : mediaSession is empty
04-15 09:53:46.306  1151  1151 I SurfaceFlinger: [Display 0 name="Built-in Screen"#49] setFrameRateCategory: High
04-15 09:53:46.306  1151  1151 I SurfaceFlinger: [Task=3881#18815] attach to parent LayerHierarchy{RequestedLayerState{DefaultTaskDisplayArea_d0#10 parentId=9} 16 children}
04-15 09:53:46.306  1151  1151 I SurfaceFlinger: [ActivityRecord{89387490 u0 com.catfact.app.feature.facts.test/androidx.activity.ComponentActivity t3881}#18816] attach to parent LayerHierarchy{RequestedLayerState{Task=3881#18815 parentId=10} 1 children}
04-15 09:53:46.306  1151  1151 I SurfaceFlinger: [a439654 Splash Screen com.catfact.app.feature.facts.test#18817] attach to parent LayerHierarchy{RequestedLayerState{ActivityRecord{89387490 u0 com.catfact.app.feature.facts.test/androidx.activity.ComponentActivity t3881}#18816 parentId=18815} 1 children}
04-15 09:53:46.307  1542  2298 I WindowManager: Relayout Window{a439654 u0 Splash Screen com.catfact.app.feature.facts.test}: viewVisibility=0 req=720x1544 ty=3 d0
04-15 09:53:46.307  1151  1200 I SurfaceFlinger: id=18818 createSurf, flag=44004, Splash Screen com.catfact.app.feature.facts.test$_2000#18818
04-15 09:53:46.307  3723 29073 E [AirCmd]_MediaControlStateMonitor: getActiveNotificationPackageName : notification service monitor is null
04-15 09:53:46.308  3723 29073 I [AirCmd]_ButtonEventDetectionThread: enableDoubleClickDetection: enabled= true, doubleClickWaitInterval=300
04-15 09:53:46.308  1542  2298 D SurfaceComposerClient: setCornerRadius ## a439654 Splash Screen com.catfact.app.feature.facts.test#18817 cornerRadius=0.000000
04-15 09:53:46.308  1151  1151 D DisplayModeController: setDesiredMode 4633128672291735999 {mode={fps=120.00 Hz, modePtr={id=14, vsyncRate=120.00 Hz, peakRefreshRate=120.00 Hz}}, emitEvent=true, force=false}
04-15 09:53:46.308  1542  2298 D SurfaceComposerClient: setCornerRadius ## a439654 Splash Screen com.catfact.app.feature.facts.test#18817 cornerRadius=0.000000
04-15 09:53:46.308  1151  1151 I LayerHistory: NavigationBar0$_2000#98 voted ExplicitCategory with category: High
04-15 09:53:46.308  1151  1151 I LayerHistory: com.sec.android.app.launcher/com.samsung.app.honeyspace.edge.edgepanel.app.CocktailBarService$_2461#16495 voted ExplicitCategory with category: High
04-15 09:53:46.308  1151  1151 I LayerHistory: StatusBar$_2000#102 voted ExplicitCategory with category: High
04-15 09:53:46.308  1151  1151 I LayerHistory: com.google.android.calendar/com.google.android.calendar.allinone.AllInOneCalendarActivity$_3979#18807 voted ExplicitCategory with category: High
04-15 09:53:46.308  1151  1151 I SurfaceFlinger: All layers Category Highscored - choose 120.00 Hz
04-15 09:53:46.309  1151  1151 I HWComposer: [4633128672291735999] ActiveConfigToHWC, ID : 21
04-15 09:53:46.309  1542  2298 I WindowManager: Relayout hash=a439654, pid=2000, syncId=-1: mAttrs={(0,0)(fillxfill) sim={adjust=pan} layoutInDisplayCutoutMode=always ty=APPLICATION_STARTING fmt=TRANSLUCENT wanim=0x1030317
04-15 09:53:46.309  1542  2298 I WindowManager:   fl=81030118
04-15 09:53:46.309  1542  2298 I WindowManager:   pfl=10000810
04-15 09:53:46.309  1542  2298 I WindowManager:   apr=18
04-15 09:53:46.309  1542  2298 I WindowManager:   bhv=1
04-15 09:53:46.309  1542  2298 I WindowManager:   fitSides=0
04-15 09:53:46.309  1542  2298 I WindowManager:   frameRateBoostOnTouch=true
04-15 09:53:46.309  1542  2298 I WindowManager:   dvrrWindowFrameRateHint=true naviIconColor=0}
04-15 09:53:46.309  2000  2120 I VRI[test]@302d8fe: onActiveControlsChanged, removed=false, mAdded=true, caller=android.view.ViewRootImpl.handleInsetsControlChanged:3002 android.view.ViewRootImpl.relayoutWindow:11629 android.view.ViewRootImpl.performTraversals:4804 android.view.ViewRootImpl.doTraversal:3924 android.view.ViewRootImpl$TraversalRunnable.run:12903
04-15 09:53:46.309  1542  1585 D SurfaceComposerClient: setCornerRadius ## a439654 Splash Screen com.catfact.app.feature.facts.test#18817 cornerRadius=0.000000
04-15 09:53:46.311  1047  1047 D display : setActiveConfigWithConstraints:: PrimaryDisplay config(21)
04-15 09:53:46.311  1047  1047 I display : Current VRR MODE is 1
04-15 09:53:46.311  1047  1047 I display : setActiveConfigWithConstraints:: HFR match - config: 21, base: 21, try: 0
04-15 09:53:46.311  1047  1047 I display : setActiveConfigWithConstraints::update 720x1544@120hs
04-15 09:53:46.311  1047  1047 I display : commit modeset : 720x1544@120hs
04-15 09:53:46.311  2000  2000 D DisplayLifecycle: updateDisplay id = 0
04-15 09:53:46.311 19868 19868 D LifecycleMonitor: Lifecycle status change: androidx.activity.ComponentActivity@86c9dd3 in: PRE_ON_CREATE
04-15 09:53:46.312  2000  2125 D StackScroller: onDisplayChanged for predraw skip to 2
04-15 09:53:46.312  2000  2120 I BLASTBufferQueue_Java: new BLASTBufferQueue, mName= VRI[test]@302d8fe mNativeObject= 0xb40000741c561770 caller= android.view.ViewRootImpl.updateBlastSurfaceIfNeeded:3585 android.view.ViewRootImpl.relayoutWindow:11685 android.view.ViewRootImpl.performTraversals:4804 android.view.ViewRootImpl.doTraversal:3924 android.view.ViewRootImpl$TraversalRunnable.run:12903 android.view.Choreographer$CallbackRecord.run:1901 android.view.Choreographer$CallbackRecord.run:1910 android.view.Choreographer.doCallbacks:1367 android.view.Choreographer.doFrame:1292 android.view.Choreographer$FrameDisplayEventReceiver.run:1870
04-15 09:53:46.312  2000  2120 I BLASTBufferQueue_Java: update, w= 720 h= 1544 mName = VRI[test]@302d8fe mNativeObject= 0xb40000741c561770 sc.mNativeObject= 0xb40000751c58f350 format= -3 caller= android.view.ViewRootImpl.updateBlastSurfaceIfNeeded:3590 android.view.ViewRootImpl.relayoutWindow:11685 android.view.ViewRootImpl.performTraversals:4804 android.view.ViewRootImpl.doTraversal:3924 android.view.ViewRootImpl$TraversalRunnable.run:12903 android.view.Choreographer$CallbackRecord.run:1901
04-15 09:53:46.312 19868 19868 V ActivityScenario: Activity lifecycle changed event received but ignored because the reported transition was not ON_CREATE while the last known transition was PRE_ON_CREATE
04-15 09:53:46.312  2461  4416 I HoneySpace.Memory-Monitor: current state = 2, didTrim = false
04-15 09:53:46.312  2000  2120 I VRI[test]@302d8fe: Relayout returned: old=(0,0,720,1544) new=(0,0,720,1544) relayoutAsync=false req=(720,1544)0 dur=5 res=0x3 s={true 0xb40000748c687650} ch=true seqId=0
04-15 09:53:46.313  2000  2120 I VRI[test]@302d8fe: performConfigurationChange setNightDimText nightDimLevel=0
04-15 09:53:46.313  2000  2120 D VRI[test]@302d8fe: mThreadedRenderer.initialize() mSurface={isValid=true 0xb40000748c687650} hwInitialized=true
04-15 09:53:46.313  2000  2120 D VRI[test]@302d8fe: reportNextDraw android.view.ViewRootImpl.performTraversals:5443 android.view.ViewRootImpl.doTraversal:3924 android.view.ViewRootImpl$TraversalRunnable.run:12903 android.view.Choreographer$CallbackRecord.run:1901 android.view.Choreographer$CallbackRecord.run:1910
04-15 09:53:46.313  2000  2120 D VRI[test]@302d8fe: Setup new sync=wmsSync-VRI[test]@302d8fe#6
04-15 09:53:46.313  2000  2120 I VRI[test]@302d8fe: Creating new active sync group VRI[test]@302d8fe#7
04-15 09:53:46.314  2000  2120 D VRI[test]@302d8fe: registerCallbacksForSync syncBuffer=false
04-15 09:53:46.314  2000  2194 D VRI[test]@302d8fe: Received frameDrawingCallback syncResult=0 frameNum=1.
04-15 09:53:46.314  2000  2194 I VRI[test]@302d8fe: mWNT: t=0xb4000074fc59db10 mBlastBufferQueue=0xb40000741c561770 fn= 1 HdrRenderState mRenderHdrSdrRatio=1.0 caller= android.view.ViewRootImpl$12.onFrameDraw:15441 android.view.ThreadedRenderer$1.onFrameDraw:718 <bottom of call stack>
04-15 09:53:46.314  2000  2194 I VRI[test]@302d8fe: Setting up sync and frameCommitCallback
04-15 09:53:46.315  2000  2196 I BLASTBufferQueue: [VRI[test]@302d8fe#855](f:0,a:0,s:0) onFrameAvailable the first frame is available
04-15 09:53:46.315  2000  2196 I VRI[test]@302d8fe: Received frameCommittedCallback lastAttemptedDrawFrameNum=1 didProduceBuffer=true
04-15 09:53:46.315  1151  1200 I SurfaceFlinger: [Splash Screen com.catfact.app.feature.facts.test$_2000#18818] setTransactionState with the first frame. bufferData(ID: 8589934655961, frameNumber: 1)
04-15 09:53:46.315  2000  2196 D HWUI    : CFMS:: SetUp Pid : 2000    Tid : 2196
04-15 09:53:46.316  2000  2120 D VRI[test]@302d8fe: reportDrawFinished seqId=0
04-15 09:53:46.317  1542  1585 D SurfaceComposerClient: setCornerRadius ## a439654 Splash Screen com.catfact.app.feature.facts.test#18817 cornerRadius=0.000000
04-15 09:53:46.317  1542  1585 D SurfaceComposerClient: setCornerRadius ## a439654 Splash Screen com.catfact.app.feature.facts.test#18817 cornerRadius=0.000000
04-15 09:53:46.318  1151  1200 I SurfaceFlinger: id=18819 createSurf, flag=84004, Transition Root: Task=3881#18819
04-15 09:53:46.319  1542  1585 I SurfaceControlRegistry: show, t=StartTransaction_SyncId<1679> sc=ActivityRecord{89387490 u0 com.catfact.app.feature.facts.test/androidx.activity.ComponentActivity t3881}, caller=android.view.SurfaceControl$Transaction.show:3557 com.android.server.wm.Transition.onTransactionReady:2048 com.android.server.wm.BLASTSyncEngine$SyncGroup.finishNow:240 com.android.server.wm.BLASTSyncEngine.onSurfacePlacement:263 com.android.server.wm.RootWindowContainer.performSurfacePlacementNoTrace:1083 com.android.server.wm.WindowSurfacePlacer.performSurfacePlacement:166
04-15 09:53:46.319  1542  1585 D SurfaceComposerClient: setCornerRadius ## Task=3801#16292 cornerRadius=0.000000
04-15 09:53:46.319  1542  1585 D SurfaceComposerClient: setCornerRadius ## Task=3881#18815 cornerRadius=0.000000
04-15 09:53:46.320  1542  1585 D ScreenCapture: [Capture_TEST] : setIsScreenShotBySystem false
04-15 09:53:46.320  1542  1585 I SurfaceComposerClient: captureLayers:childrenOnly:1, sync:1
04-15 09:53:46.321  2000  2105 I SurfaceControlRegistry: hide, t=FinishTransaction_SyncId<1679> sc=Task=3801, caller=android.view.SurfaceControl$Transaction.hide:3583 com.android.wm.shell.transition.Transitions.dispatchReady:1263 com.android.wm.shell.transition.Transitions.onTransitionReady:251 com.android.wm.shell.transition.Transitions$TransitionPlayerImpl$$ExternalSyntheticLambda0.run:13 android.os.Handler.handleCallback:995 android.os.Handler.dispatchMessage:103
04-15 09:53:46.321  2000  2105 I SurfaceControlRegistry: show, t=StartTransaction_SyncId<1679> sc=Task=3881, caller=android.view.SurfaceControl$Transaction.show:3557 com.android.wm.shell.transition.Transitions.dispatchReady:1279 com.android.wm.shell.transition.Transitions.onTransitionReady:251 com.android.wm.shell.transition.Transitions$TransitionPlayerImpl$$ExternalSyntheticLambda0.run:13 android.os.Handler.handleCallback:995 android.os.Handler.dispatchMessage:103
04-15 09:53:46.321  2000  2105 I SurfaceControlRegistry: show, t=FinishTransaction_SyncId<1679> sc=Task=3881, caller=android.view.SurfaceControl$Transaction.show:3557 com.android.wm.shell.transition.Transitions.dispatchReady:1330 com.android.wm.shell.transition.Transitions.onTransitionReady:251 com.android.wm.shell.transition.Transitions$TransitionPlayerImpl$$ExternalSyntheticLambda0.run:13 android.os.Handler.handleCallback:995 android.os.Handler.dispatchMessage:103
04-15 09:53:46.321  2000  2105 I SurfaceControlRegistry: show, t=StartTransaction_SyncId<1679> sc=Transition Root: Task=3881, caller=android.view.SurfaceControl$Transaction.show:3557 com.android.wm.shell.transition.Transitions.playTransition:79 com.android.wm.shell.transition.Transitions.processReadyQueue:239 com.android.wm.shell.transition.Transitions.dispatchReady:1352 com.android.wm.shell.transition.Transitions.onTransitionReady:251 com.android.wm.shell.transition.Transitions$TransitionPlayerImpl$$ExternalSyntheticLambda0.run:13
04-15 09:53:46.324 19868 19868 D CompatChangeReporter: Compat change id reported: 377864165; UID 10749; state: ENABLED
04-15 09:53:46.325 19868 19868 D DesktopModeFlags: Toggle override initialized to: OVERRIDE_UNSET
04-15 09:53:46.327 19868 19868 I DecorView: setWindowBackground: isPopOver=false color=fffafafa d=android.graphics.drawable.ColorDrawable@cbff44b
04-15 09:53:46.330  1047  1047 W display : deliverWinConfigData:: commit modeset time (19 ms)
04-15 09:53:46.331 19868 19868 D LifecycleMonitor: Lifecycle status change: androidx.activity.ComponentActivity@86c9dd3 in: CREATED
04-15 09:53:46.331 19868 19868 V ActivityScenario: Update currentActivityStage to CREATED, currentActivity=androidx.activity.ComponentActivity@86c9dd3
04-15 09:53:46.331  1047  1137 I display : [compareVsyncPeriod] set the lowest(mode:0) vsync 83 of display(0)
04-15 09:53:46.331  1047  1137 I display : getFpsForPerformance, performance table found using table(key:120, cpu:255)
04-15 09:53:46.331  1047  1137 I display : Set m2mMPP capacity(4) for fps(120)
04-15 09:53:46.331  1047  1137 I display : getFpsForPerformance, performance table found using table(key:120, cpu:255)
04-15 09:53:46.331  1047  1137 I display : Set Affinity config for fps(120) : cpuIDs : 255
04-15 09:53:46.331  1047  1137 I display : Set Affinity CPU ID : 0
04-15 09:53:46.331  1047  1137 I display : Set Affinity CPU ID : 1
04-15 09:53:46.331  1047  1137 I display : Set Affinity CPU ID : 2
04-15 09:53:46.331  1047  1137 I display : Set Affinity CPU ID : 3
04-15 09:53:46.331  1047  1137 I display : Set Affinity CPU ID : 4
04-15 09:53:46.331  1047  1137 I display : Set Affinity CPU ID : 5
04-15 09:53:46.331  1047  1137 I display : Set Affinity CPU ID : 6
04-15 09:53:46.331  1047  1137 I display : Set Affinity CPU ID : 7
04-15 09:53:46.331  1047  1137 I display : Set affinity HWC : 1047
04-15 09:53:46.331  1047  1137 I display : CPU set : Cluster(0), min_clock(0)
04-15 09:53:46.331  1047  1137 I display : CPU set : Cluster(1), min_clock(0)
04-15 09:53:46.331  1047  1137 I display : CPU set : Cluster(2), min_clock(0)
04-15 09:53:46.331 19868 19868 D LifecycleMonitor: Lifecycle status change: androidx.activity.ComponentActivity@86c9dd3 in: STARTED
04-15 09:53:46.331 19868 19868 V ActivityScenario: Update currentActivityStage to STARTED, currentActivity=androidx.activity.ComponentActivity@86c9dd3
04-15 09:53:46.335  1151  1200 I SurfaceFlinger: Capture layer list: 	 com.google.android.calendar/com.google.android.calendar.allinone.AllInOneCalendarActivity$_3979#18807(seamlessTransition:0)
04-15 09:53:46.335  1151  1200 I CompositionEngine: [setDisplaySize] size=(720, 1544)
04-15 09:53:46.335  1151  1206 D RenderEngine: [SEC_SF_EFFECTS] drawLayersInternal,1494, Rendering layer ScreenCaptureFillLayer at index 0
04-15 09:53:46.335  1151  1206 D RenderEngine: [SEC_SF_EFFECTS] drawLayersInternal,1494, Rendering layer com.google.android.calendar/com.google.android.calendar.allinone.AllInOneCalendarActivity$_3979#18807 at index 1
04-15 09:53:46.336 19868 19868 D LifecycleMonitor: Lifecycle status change: androidx.activity.ComponentActivity@86c9dd3 in: RESUMED
04-15 09:53:46.337 19868 19868 V ActivityScenario: Update currentActivityStage to RESUMED, currentActivity=androidx.activity.ComponentActivity@86c9dd3
04-15 09:53:46.338  1151  1292 I VSyncReactor: Current= 24, Period= 120, hwcPeriod= 120
04-15 09:53:46.342  2000  2105 D SurfaceComposerClient: [Task=3801#16292] setEdgeExtension Right
04-15 09:53:46.342 19868 19868 D ViewRootImpl: desktopMode is false
04-15 09:53:46.343  1151  1200 I SurfaceFlinger: id=18820 createSurf, flag=20004, DimTransitionLayer for Surface(name=Task=3881)/@0xc75442d#18820
04-15 09:53:46.344 19868 19868 I ViewRootImpl: dVRR is disabled
04-15 09:53:46.344  2000  2105 I SurfaceControlRegistry: show, t=StartTransaction_SyncId<1679> sc=DimTransitionLayer for Surface(name=Task=3881)/@0xc75442d, caller=android.view.SurfaceControl$Transaction.show:3557 com.android.wm.shell.transition.DefaultTransitionHandler.startAnimation:2931 com.android.wm.shell.transition.Transitions.dispatchTransition:90 com.android.wm.shell.transition.Transitions.playTransition:774 com.android.wm.shell.transition.Transitions.processReadyQueue:239 com.android.wm.shell.transition.Transitions.dispatchReady:1352
04-15 09:53:46.344 19868 19868 D HardwareRenderer: onDisplayChanged. displayId=0 current wxh=720x1544 mLargest wxh=0x0
04-15 09:53:46.345 19868 19868 D HardwareRenderer: Set largestWidth and largestHeight as logical resolution. (720x1544)
04-15 09:53:46.345 19868 19901 D HWUI    : setMaxSurfaceArea requested wxh=(720,1544) requestedSurfaceArea(1111680) is smaller than defaultSurfaceArea(2073600). Use default.
04-15 09:53:46.345  2000  2105 I SurfaceControlRegistry: apply, t=StartTransaction_SyncId<1679>, caller=android.view.SurfaceControl$Transaction.apply:3459 android.view.SurfaceControl$Transaction.apply:3447 android.view.SurfaceControl$Transaction.apply:3397 com.android.wm.shell.transition.DefaultTransitionHandler.startAnimation:3387 com.android.wm.shell.transition.Transitions.dispatchTransition:90 com.android.wm.shell.transition.Transitions.playTransition:774
04-15 09:53:46.345 19868 19901 D NativeCustomFrequencyManager: [NativeCFMS] BpCustomFrequencyManager::BpCustomFrequencyManager()
04-15 09:53:46.346 19868 19913 I ture.facts.test: [HIDL_FETCH_IMapper] android.hardware.graphics.mapper@4.0: Loaded Mapper successfully.
04-15 09:53:46.347  1151  1151 I SurfaceFlinger: finalizeDisplayModeChange 4633128672291735999
04-15 09:53:46.347  1151  1200 I SurfaceFlinger: id=18821 createSurf, flag=84000, f7a2bc4 ActivityRecordInputSink com.catfact.app.feature.facts.test/androidx.activity.ComponentActivity#18821
04-15 09:53:46.347  1151  1151 I SurfaceFlinger: RequestedLayer [a439654 Splash Screen com.catfact.app.feature.facts.test#18817] hidden!! flag  from(1) --> to(0)
04-15 09:53:46.347  1151  1151 I SurfaceFlinger: RequestedLayer [Splash Screen com.catfact.app.feature.facts.test$_2000#18818] hidden!! flag  from(1) --> to(0)
04-15 09:53:46.348  1151  1151 I SurfaceFlinger: RequestedLayer [Task=3881#18815] hidden!! flag  from(1) --> to(0)
04-15 09:53:46.348  1151  1151 E SurfaceFlinger: alpha changed 1.000 -> 0.000 - Task=3881#18815
04-15 09:53:46.348  1151  1151 I SurfaceFlinger: RequestedLayer [Transition Root: Task=3881#18819] hidden!! flag  from(1) --> to(0)
04-15 09:53:46.348  1151  1151 I SurfaceFlinger: RequestedLayer [ActivityRecord{89387490 u0 com.catfa[...]ivity.ComponentActivity t3881}#18816] hidden!! flag  from(1) --> to(0)
04-15 09:53:46.348  1151  1151 I SurfaceFlinger: RequestedLayer [DimTransitionLayer for Surface(name=Task=3881)/@0xc75442d#18820] hidden!! flag  from(1) --> to(0)
04-15 09:53:46.348  1151  1151 E SurfaceFlinger: alpha changed 1.000 -> 0.000 - DimTransitionLayer for Surface(name=Task=3881)/@0xc75442d#18820
04-15 09:53:46.348  1151  1151 E SurfaceFlinger: alpha changed 0.000 -> 1.000 - Task=3881#18815
04-15 09:53:46.348  1151  1151 E SurfaceFlinger: alpha changed 0.000 -> 0.000 - DimTransitionLayer for Surface(name=Task=3881)/@0xc75442d#18820
04-15 09:53:46.348  1151  1151 I SurfaceFlinger: [LayerHierarchy{RequestedLayerState{ImeContainer#15 parentId=16293 relativeParentId=16293 z=1} 1 children}] RelativeParent to null
04-15 09:53:46.348  1151  1151 I SurfaceFlinger: [LayerHierarchy{RequestedLayerState{Task=3801#16292 parentId=18819 z=2} 1 children}] reparent to LayerHierarchy{RequestedLayerState{Transition Root: Task=3881#18819 parentId=10 z=13} 1 children}
04-15 09:53:46.348  1151  1151 I SurfaceFlinger: [LayerHierarchy{RequestedLayerState{Task=3881#18815 parentId=18819 z=5} 1 children}] reparent to LayerHierarchy{RequestedLayerState{Transition Root: Task=3881#18819 parentId=10 z=13} 2 children}
04-15 09:53:46.348  1151  1151 I SurfaceFlinger: [Splash Screen com.catfact.app.feature.facts.test$_2000#18818] attach to parent LayerHierarchy{RequestedLayerState{a439654 Splash Screen com.catfact.app.feature.facts.test#18817 parentId=18816 z=2147483647} 1 children}
04-15 09:53:46.348  1151  1151 I SurfaceFlinger: [Transition Root: Task=3881#18819] attach to parent LayerHierarchy{RequestedLayerState{DefaultTaskDisplayArea_d0#10 parentId=9} 15 children}
04-15 09:53:46.348  1151  1151 I SurfaceFlinger: [DimTransitionLayer for Surface(name=Task=3881)/@0xc75442d#18820] attach to parent LayerHierarchy{RequestedLayerState{Transition Root: Task=3881#18819 parentId=10 z=13} 3 children}
04-15 09:53:46.348  1151  1151 I SurfaceFlinger: [f7a2bc4 ActivityRecordInputSink com.catfact.app.feature.facts.test/androidx.activity.ComponentActivity#18821] attach to parent LayerHierarchy{RequestedLayerState{ActivityRecord{89387490 u0 com.catfact.app.feature.facts.test/androidx.activity.ComponentActivity t3881}#18816 parentId=18815} 2 children}
04-15 09:53:46.348  1542  1542 D MotionRecognitionService: [DisplayListener] getRefreshRate 120.00001
04-15 09:53:46.348  1542  1542 D AODManagerService: requestReCalToTSP IsSingleTouchMode = falserequestedReCalToTSP = false / previousDisplayState = ON
04-15 09:53:46.348  1542  1776 D MotionRecognitionService: Inject RefreshRate: 120
04-15 09:53:46.349  1542  1776 D SensorService: setSContextDataLocked ints length 3 , byte length 8
04-15 09:53:46.349  1542  1776 D SensorService: setSContextDataLocked 100048c1
04-15 09:53:46.349  3756  3756 I HBD     : DeX h DeX mode state change in non-main thread
04-15 09:53:46.349  3756  3756 I HBD     : DeX h DeX mode state change: 3
04-15 09:53:46.349  3756  3756 I SPenContext: virtual void SPen::Context::SetDisplayRefreshRate(float) framerate=120
04-15 09:53:46.349  3756  3756 I LatencyConfiguration: void SPen::LatencyConfiguration::UpdateRefreshRate(float) RefreshRate=120.000008
04-15 09:53:46.349  3756  3756 I LatencyConfiguration: void SPen::LatencyConfiguration::UpdateRefreshRate(float) RefreshRateCallback 0xb4000074fc51b890
04-15 09:53:46.349  3756  3756 I spe_log : virtual void SPen::FbrDrawPad::SetRefreshRate(float) = 120.000
04-15 09:53:46.349  3756  3756 I spe_log : virtual void SPen::FbrDrawPad::SetRefreshRate(float) mFrameDurationNano=8333333, mDisplayRefreshDurationNano: 8333333
04-15 09:53:46.349  3756  3756 I spe_log : virtual void SPen::LowLatencyStrokeView::SetRefreshRate(float) refresh rate=120.000
04-15 09:53:46.349  1054  1054 D Sensors : c1 48 00 10 78 00 00 00
04-15 09:53:46.349  2000  2000 D DisplayLifecycle: updateDisplay id = 0
04-15 09:53:46.349  1054  1054 E Sensors : inject_scontext_data: New ssp_data_injection_fd(45)
04-15 09:53:46.349  1054  1054 D Sensors : SContext Data Injection return 8
04-15 09:53:46.350  2461  4179 I HoneySpace.RecentTasks: onRunningTaskAppeared
04-15 09:53:46.350  2461  4179 I HoneySpace.RecentTasks: onRecentTasksChanged
04-15 09:53:46.350  1151  1199 I SurfaceFlinger: id=18822 createSurf, flag=24000, Surface(name=3edafdc StatusBar)/@0x3b919ed - animation-leash of insets_animation#18822
04-15 09:53:46.352  1151  1199 I SurfaceFlinger: id=18823 createSurf, flag=24000, Surface(name=8c5cec7 NavigationBar0)/@0xa68870 - animation-leash of insets_animation#18823
04-15 09:53:46.352  2000  2125 D StackScroller: onDisplayChanged for predraw skip to 2
04-15 09:53:46.352  2461  2474 I HoneySpace.RefreshRateSource: singleFrameMs 8
04-15 09:53:46.353  2461  2474 I HoneySpace.Memory-Monitor: current state = 2, didTrim = false
04-15 09:53:46.353  1542  3037 D LiftUpHandler: [LTW] Stopped already.
04-15 09:53:46.353  1140  5418 D AudioFlinger: setParameters: filtered dev setParameters keyvalue screen_state=on
04-15 09:53:46.353  1542  1582 D SurfaceComposerClient: setCornerRadius ## a439654 Splash Screen com.catfact.app.feature.facts.test#18817 cornerRadius=0.000000
04-15 09:53:46.353  1041  1606 D audio_hw_primary: device-adev_set_parameters: enter
04-15 09:53:46.354  1041  1606 I audio_hw_proxy2: proxy-proxy_set_parameters: set Screen-state 1
04-15 09:53:46.354  1041  1606 D audio_hw_primary: device-adev_set_parameters: param (screen_state=on)
04-15 09:53:46.354  1542  1678 D InputTransport: Input channel constructed: '5af93c6', fd=1434
04-15 09:53:46.354  1542  1678 D InputTransport: Input channel constructed: '5af93c6', fd=1435
04-15 09:53:46.354  1041  1606 I Audio_a2dpsink_hw: adev_set_parameters: kevpairs=[screen_state=on]
04-15 09:53:46.354  1542  1678 D InputTransport: Input channel constructed: '5af93c6', fd=1437
04-15 09:53:46.354  1542  1678 D InputTransport: Input channel destroyed: '5af93c6', fd=1435
04-15 09:53:46.354  1151  1151 D SurfaceFlinger: GPIS:: requestGpisForSFSluggish
04-15 09:53:46.354  2000  2000 D SamsungLightBarControlHelper: updateStatusBar (BLACK icon) numStacks:1, StatusBarMode:MODE_TRANSPARENT, lightBarBounds:[Rect(0, 0 - 720, 1544)], StatusBarState:SHADE, packageName:, isWhiteKeyguardStatusBar:false
04-15 09:53:46.354  1151  2479 I SurfaceFlinger: id=18824 createSurf, flag=84004, 5af93c6 com.catfact.app.feature.facts.test/androidx.activity.ComponentActivity#18824
04-15 09:53:46.354  2000  2000 D SamsungLightBarControlHelper: onStatusBarAppearanceChanged() -  sbModeChanged:false, statusBarMode:0, barState:MODE_TRANSPARENT, isKeyguardShowing:false, navbarColorManagedByIme:false, (AppearanceRegion{LIGHT_STATUS_BARS bounds=[0,0][720,1544]}, )
04-15 09:53:46.354  2000  2000 D NavigationBar: onSystemBarAttributesChanged() -  displayId:0, appearance:24, packageName: com.catfact.app.feature.facts.test (APPEARANCE_LIGHT_STATUS_BARS APPEARANCE_LIGHT_NAVIGATION_BARS ), navbarColorManagedByIme:false
04-15 09:53:46.354  1151  2910 D NativeSemDvfsManager: acquire:: timeout = 2000 mIsAcquired = 1  mTagName : SurfaceFlinger
04-15 09:53:46.355  2000  2000 D SamsungLightBarControlHelper: updateNavigationBar (BLACK button) isLightOpaque:false, hasLightNavigationBarFlag:true, packageName:com.catfact.app.feature.facts.test, DirectReplying:false, NavBarColorMangedByIme:false, ForceDarkForScrim:false, ForceLightForScrim:false, QsCustomizing:false, QsExpanded:false
04-15 09:53:46.355  1151  1338 D SurfaceFlinger: [input] setFocusedWindow: <null>
04-15 09:53:46.355  1542  2161 D InputDispatcher: Once focus requested (0): <null>
04-15 09:53:46.355  1542  2161 D InputDispatcher: Focus request (0): <null> but waiting because NO_WINDOW
04-15 09:53:46.355  1542  2161 D InputDispatcher: Focus left window (0): 2483cb1 com.google.android.calendar/com.google.android.calendar.allinone.AllInOneCalendarActivity
04-15 09:53:46.355  1151  1292 I VSyncReactor: Current= 120, Period= 120, Distance= 2
04-15 09:53:46.356  1542  1678 D InputTransport: Input channel destroyed: '5af93c6', fd=1437
04-15 09:53:46.356  1151  1151 I SurfaceFlinger: [Surface(name=3edafdc StatusBar)/@0x3b919ed - animation-leash of insets_animation#18822] attach to parent LayerHierarchy{RequestedLayerState{WindowToken{7a8fc4f type=2000 android.os.BinderProxy@a9d7329}#94 parentId=17} 2 children}
04-15 09:53:46.356  1151  1151 I SurfaceFlinger: [Surface(name=8c5cec7 NavigationBar0)/@0xa68870 - animation-leash of insets_animation#18823] attach to parent LayerHierarchy{RequestedLayerState{WindowToken{fc018e2 type=2019 android.os.BinderProxy@bda3ac4}#90 parentId=34} 2 children}
04-15 09:53:46.356  1151  1151 I SurfaceFlinger: [5af93c6 com.catfact.app.feature.facts.test/androidx.activity.ComponentActivity#18824] attach to parent LayerHierarchy{RequestedLayerState{ActivityRecord{89387490 u0 com.catfact.app.feature.facts.test/androidx.activity.ComponentActivity t3881}#18816 parentId=18815} 3 children}
04-15 09:53:46.356 19868 19868 D InputTransport: Input channel constructed: '5af93c6', fd=124
04-15 09:53:46.356  1151  2910 E NativeCustomFrequencyManager: [NativeCFMS] BpCustomFrequencyManager::acquire()
04-15 09:53:46.356  3979  3979 I ImeFocusController: onPreWindowFocus: skipped hasWindowFocus=false mHasImeFocus=true
04-15 09:53:46.356  1059  1180 I HYPER-HAL: [RequestManager.cpp]acquire(): Acquired ID : 2315476  [1151 / 1000]    HINT : SF_GPU_MINLOCK    list : [TIMEOUT / 2000]
04-15 09:53:46.357  3979  3979 I ImeFocusController: onPostWindowFocus: skipped hasWindowFocus=false mHasImeFocus=true
04-15 09:53:46.357 19868 19868 I InsetsController: onStateChanged: host=com.catfact.app.feature.facts.test/androidx.activity.ComponentActivity, from=android.view.ViewRootImpl.onInsetsStateChanged:3026, state=InsetsState: {mDisplayFrame=Rect(0, 0 - 720, 1544), mDisplayCutout=DisplayCutout{insets=Rect(0, 50 - 0, 0) waterfall=Insets{left=0, top=0, right=0, bottom=0} boundingRect={Bounds=[Rect(0, 0 - 0, 0), Rect(341, 0 - 379, 50), Rect(0, 0 - 0, 0), Rect(0, 0 - 0, 0)]} cutoutPathParserInfo={CutoutPathParserInfo{displayWidth=720 displayHeight=1544 physicalDisplayWidth=720 physicalDisplayHeight=1544 density={1.875} cutoutSpec={M 0,0 H -10 V 26.66666666666667 H 10 V 0 H 0 Z @dp} rotation={0} scale={1.0} physicalPixelDisplaySizeRatio={1.0}}} sideOverrides={}}, mRoundedCorners=RoundedCorners{[RoundedCorner{position=TopLeft, radius=8, center=Point(8, 8)}, RoundedCorner{position=TopRight, radius=8, center=Point(712, 8)}, RoundedCorner{position=BottomRight, radius=8, center=Point(712, 1536)}, RoundedCorner{position=BottomLeft, radius=8, center=Point(8, 1536)}]}  mRoundedCornerFrame=Rect(0, 0 - 720, 1544), mPrivacyIndicatorBounds=PrivacyIndicatorBounds {static bounds=Rect(637, 0 - 720, 50) rotation=0}, mDisplayShape=DisplayShape{ spec=-311912193 displayWidth=720 displayHeight=1544 physicalPixelDisplaySizeRatio=0.5 rotation=0 offsetX=0 offsetY=0 scale=1.0}, mSources= { InsetsSource: {ec730001 mType=navigationBars mFrame=[0,1454][720,1544] mVisible=true mFlags= mSideHint=BOTTOM mBoundingRects=null}, InsetsSource: {ec730004 mType=systemGestures mFrame=[0,0][0,0] mVisible=true mFlags= mSideHint=NONE mBoundingRects=null}, InsetsSource: {ec730005 mType=mandatorySystemGestures mFrame=[0,1454][720,1544] mVisible=true mFlags= mSideHint=BOTTOM mBoundingRects=null}, InsetsSource: {ec730006 mType=tappableElement mFrame=[0,1454][720,1544] mVisible=true mFlags= mSideHint=BOTTOM mBoundingRects=null}, InsetsSource: {ec730024 mType=systemGestures mFrame=[0,0][0,0] mVisible=true mFlags= mSideHint=NONE mBoundingRects=null}, InsetsSource: {3 mType=ime mFrame=[0,0][0,0] mVisible=false mFlags= mSideHint=NONE mBoundingRects=null}, InsetsSource: {27 mType=displayCutout mFrame=[0,0][720,50] mVisible=true mFlags= mSideHint=TOP mBoundingRects=null}, InsetsSource: {43950000 mType=statusBars mFrame=[0,0][720,50] mVisible=true mFlags= mSideHint=TOP mBoundingRects=null}, InsetsSource: {43950005 mType=mandatorySystemGestures mFrame=[0,0][720,73] mVisible=true mFlags= mSideHint=TOP mBoundingRects=null}, InsetsSource: {43950006 mType=tappableElement mFrame=[0,0][720,50] mVisible=true mFlags= mSideHint=TOP mBoundingRects=null} }
04-15 09:53:46.358  1542  1825 D AS.DesktopModeHelper: onDisplayChanged: #Id=0
04-15 09:53:46.358 19868 19868 I VRI[ComponentActivity]@8110ff: synced displayState. AttachInfo displayState=2
04-15 09:53:46.358 19868 19868 I VRI[ComponentActivity]@8110ff: setView = com.android.internal.policy.DecorView@e5fbe1b IsHRR=false mFlingFrameRateChange=0 TM=true
04-15 09:53:46.359 19868 19868 I IDS_TAG : Starting IDS observe window
04-15 09:53:46.359 19868 19868 I IDS_TAG : Getting Shared Preference for android.app.Application@32b860c uid = 10749
04-15 09:53:46.360 19868 19868 I IDS_TAG : App android.app.Application@32b860c has not finished training
04-15 09:53:46.361 19868 19901 D HWUI    : HWUI - treat SMPTE_170M as sRGB
04-15 09:53:46.361 19868 19868 I IDS_TAG : Closing IDS observe window
04-15 09:53:46.361 19868 19868 I IDS_TAG : Getting Shared Preference for android.app.Application@32b860c uid = 10749
04-15 09:53:46.362 19868 19868 I IDS_TAG : IDS count updated to 1 for android.app.Application@32b860c
04-15 09:53:46.363  1151  1292 I VSyncReactor: Current= 120, Period= 120, Distance= 120
04-15 09:53:46.365  1151  1151 I BpBinder: onLastStrongRef automatically unlinking death recipients:
04-15 09:53:46.365  1542  4235 I WindowManager: Relayout Window{5af93c6 u0 com.catfact.app.feature.facts.test/androidx.activity.ComponentActivity}: viewVisibility=0 req=720x1544 ty=1 d0
04-15 09:53:46.366  1151  1200 I SurfaceFlinger: id=18825 createSurf, flag=44004, com.catfact.app.feature.facts.test/androidx.activity.ComponentActivity$_19868#18825
04-15 09:53:46.367  1542  4235 D SurfaceComposerClient: setCornerRadius ## a439654 Splash Screen com.catfact.app.feature.facts.test#18817 cornerRadius=0.000000
04-15 09:53:46.367  1542  4235 D SurfaceComposerClient: setCornerRadius ## 5af93c6 com.catfact.app.feature.facts.test/androidx.activity.ComponentActivity#18824 cornerRadius=0.000000
04-15 09:53:46.367  1542  4235 D SurfaceComposerClient: setCornerRadius ## a439654 Splash Screen com.catfact.app.feature.facts.test#18817 cornerRadius=0.000000
04-15 09:53:46.367  1542  4235 D SurfaceComposerClient: setCornerRadius ## 5af93c6 com.catfact.app.feature.facts.test/androidx.activity.ComponentActivity#18824 cornerRadius=0.000000
04-15 09:53:46.368  1151  1200 I SurfaceFlinger: id=18826 createSurf, flag=24000, Surface(name=3edafdc StatusBar)/@0x3b919ed - animation-leash of insets_animation#18826
04-15 09:53:46.369  1151  1200 I SurfaceFlinger: id=18827 createSurf, flag=24000, Surface(name=8c5cec7 NavigationBar0)/@0xa68870 - animation-leash of insets_animation#18827
04-15 09:53:46.370  1542  4235 I SystemKeyManager: requested systemKeyInfo size=1 focusedWindow=com.catfact.app.feature.facts.test/androidx.activity.ComponentActivity
04-15 09:53:46.370  1542  4235 I SystemKeyManager: requested systemKeyInfo size=1 focusedWindow=com.catfact.app.feature.facts.test/androidx.activity.ComponentActivity
04-15 09:53:46.371  1542  4235 I WindowManager: Relayout hash=5af93c6, pid=19868, syncId=-1: mAttrs={(0,0)(fillxfill) sim={adjust=pan forwardNavigation} layoutInDisplayCutoutMode=always ty=BASE_APPLICATION wanim=0x1030317
04-15 09:53:46.371  1542  4235 I WindowManager:   fl=81810100
04-15 09:53:46.371  1542  4235 I WindowManager:   pfl=100088c0
04-15 09:53:46.371  1542  4235 I WindowManager:   apr=210
04-15 09:53:46.371  1542  4235 I WindowManager:   bhv=1
04-15 09:53:46.371  1542  4235 I WindowManager:   fitSides=0
04-15 09:53:46.371  1542  4235 I WindowManager:   frameRateBoostOnTouch=true
04-15 09:53:46.371  1542  4235 I WindowManager:   dvrrWindowFrameRateHint=true naviIconColor=0}
04-15 09:53:46.372  1151  1151 I SurfaceFlinger: [com.catfact.app.feature.facts.test/androidx.activity.ComponentActivity$_19868#18825] attach to parent LayerHierarchy{RequestedLayerState{5af93c6 com.catfact.app.feature.facts.test/androidx.activity.ComponentActivity#18824 parentId=18816} 1 children}
04-15 09:53:46.372  1151  1151 I SurfaceFlinger: [Surface(name=3edafdc StatusBar)/@0x3b919ed - animation-leash of insets_animation#18826] attach to parent LayerHierarchy{RequestedLayerState{WindowToken{7a8fc4f type=2000 android.os.BinderProxy@a9d7329}#94 parentId=17} 3 children}
04-15 09:53:46.372  1151  1151 I SurfaceFlinger: [Surface(name=8c5cec7 NavigationBar0)/@0xa68870 - animation-leash of insets_animation#18827] attach to parent LayerHierarchy{RequestedLayerState{WindowToken{fc018e2 type=2019 android.os.BinderProxy@bda3ac4}#90 parentId=34} 3 children}
04-15 09:53:46.373 19868 19868 I BLASTBufferQueue_Java: new BLASTBufferQueue, mName= VRI[ComponentActivity]@8110ff mNativeObject= 0xb40000741c551670 caller= android.view.ViewRootImpl.updateBlastSurfaceIfNeeded:3585 android.view.ViewRootImpl.relayoutWindow:11685 android.view.ViewRootImpl.performTraversals:4804 android.view.ViewRootImpl.doTraversal:3924 android.view.ViewRootImpl$TraversalRunnable.run:12903 android.view.Choreographer$CallbackRecord.run:1901 android.view.Choreographer$CallbackRecord.run:1910 android.view.Choreographer.doCallbacks:1367 android.view.Choreographer.doFrame:1292 android.view.Choreographer$FrameDisplayEventReceiver.run:1870
04-15 09:53:46.374 19868 19868 I BLASTBufferQueue_Java: update, w= 720 h= 1544 mName = VRI[ComponentActivity]@8110ff mNativeObject= 0xb40000741c551670 sc.mNativeObject= 0xb40000751c4eced0 format= -1 caller= android.view.ViewRootImpl.updateBlastSurfaceIfNeeded:3590 android.view.ViewRootImpl.relayoutWindow:11685 android.view.ViewRootImpl.performTraversals:4804 android.view.ViewRootImpl.doTraversal:3924 android.view.ViewRootImpl$TraversalRunnable.run:12903 android.view.Choreographer$CallbackRecord.run:1901
04-15 09:53:46.375  1151  1200 W ServiceManagerCppClient: Permission failure: android.permission.ACCESS_SURFACE_FLINGER from uid=10749 pid=0
04-15 09:53:46.375  1151  1200 D PermissionCache: checking android.permission.ACCESS_SURFACE_FLINGER for uid=10749 => denied (241 us)
04-15 09:53:46.375 19868 19868 I VRI[ComponentActivity]@8110ff: Relayout returned: old=(0,0,720,1544) new=(0,0,720,1544) relayoutAsync=false req=(720,1544)0 dur=7 res=0x3 s={true 0xb40000748c5078f0} ch=true seqId=0
04-15 09:53:46.375  1151  1200 W ServiceManagerCppClient: Permission failure: android.permission.ROTATE_SURFACE_FLINGER from uid=10749 pid=0
04-15 09:53:46.375  1151  1200 D PermissionCache: checking android.permission.ROTATE_SURFACE_FLINGER for uid=10749 => denied (185 us)
04-15 09:53:46.375  1151  1200 W ServiceManagerCppClient: Permission failure: android.permission.INTERNAL_SYSTEM_WINDOW from uid=10749 pid=0
04-15 09:53:46.375  1151  1200 D PermissionCache: checking android.permission.INTERNAL_SYSTEM_WINDOW for uid=10749 => denied (133 us)
04-15 09:53:46.375  1151  1378 W ServiceManagerCppClient: Permission failure: android.permission.INTERNAL_SYSTEM_WINDOW from uid=10749 pid=19868
04-15 09:53:46.375  1151  1378 D PermissionCache: checking android.permission.INTERNAL_SYSTEM_WINDOW for uid=10749 => denied (171 us)
04-15 09:53:46.375 19868 19868 I VRI[ComponentActivity]@8110ff: performConfigurationChange setNightDimText nightDimLevel=0
04-15 09:53:46.376 19868 19868 D VRI[ComponentActivity]@8110ff: mThreadedRenderer.initialize() mSurface={isValid=true 0xb40000748c5078f0} hwInitialized=true
04-15 09:53:46.377 19868 19868 D VRI[ComponentActivity]@8110ff: reportNextDraw android.view.ViewRootImpl.performTraversals:5443 android.view.ViewRootImpl.doTraversal:3924 android.view.ViewRootImpl$TraversalRunnable.run:12903 android.view.Choreographer$CallbackRecord.run:1901 android.view.Choreographer$CallbackRecord.run:1910
04-15 09:53:46.377 19868 19868 D VRI[ComponentActivity]@8110ff: Setup new sync=wmsSync-VRI[ComponentActivity]@8110ff#0
04-15 09:53:46.377 19868 19868 I VRI[ComponentActivity]@8110ff: Creating new active sync group VRI[ComponentActivity]@8110ff#1
04-15 09:53:46.378 19868 19868 D VRI[ComponentActivity]@8110ff: registerCallbacksForSync syncBuffer=false
04-15 09:53:46.380 19868 19914 D VRI[ComponentActivity]@8110ff: Received frameDrawingCallback syncResult=0 frameNum=1.
04-15 09:53:46.380 19868 19914 I VRI[ComponentActivity]@8110ff: mWNT: t=0xb4000074fc50b750 mBlastBufferQueue=0xb40000741c551670 fn= 1 HdrRenderState mRenderHdrSdrRatio=1.0 caller= android.view.ViewRootImpl$12.onFrameDraw:15441 android.view.ThreadedRenderer$1.onFrameDraw:718 <bottom of call stack>
04-15 09:53:46.380 19868 19914 I VRI[ComponentActivity]@8110ff: Setting up sync and frameCommitCallback
