04-15 09:53:53.050  3756 20029 I HBD     : l writeToFile json : {"version":"4.2","currentLanguageOrder":0,"selected":[{"activeOptionList":["auto_replace","auto_spacing","writing_assistant"],"bilingualId":-1,"engName":"English","id":65538,"inputType":"qwerty","isUsed":true},{"activeOptionList":["auto_replace","auto_spacing"],"bilingualId":-1,"engName":"Arabic","id":5308416,"inputType":"qwerty","isUsed":true}]}
04-15 09:53:53.050  1542  2476 D SecContentProvider: query(), uri = 17 selection = isSettingsChangesAllowed
04-15 09:53:53.050  3756  2073 I HBD     : u updated Sub Types. English
04-15 09:53:53.050  3756 20029 I HBD     : l writeToFile complete
04-15 09:53:53.052  3756  3756 I HBD     : a [UpdatePolicy] [post] a: 31 cl: 65538 kit: [0/0] vt: 0 ir: 1
04-15 09:53:53.052  3756  3756 I HBD     : HoneyBoardService [PF_OP][onStartInput]  15 ms
04-15 09:53:53.053  3756  3756 I HBD     : [DirectWriting] DirectWriting emitInputConnection : RemoteInputConnection{idHash=#841cb66}
04-15 09:53:53.053  1542  2476 D SecContentProvider: query(), uri = 17 selection = isSettingsChangesAllowed
04-15 09:53:53.053  1151  2910 D NativeSemDvfsManager: acquire:: timeout = 2000 mIsAcquired = 1  mTagName : SurfaceFlinger
04-15 09:53:53.053  1542  2298 D SecContentProvider: query(), uri = 17 selection = isSettingsChangesAllowed
04-15 09:53:53.053  1151  1151 I SurfaceFlinger: RequestedLayer [Surface(name=1d7a05f InputMethod)/@0[...]tion-leash of insets_animation#18991] hidden!! flag  from(1) --> to(0)
04-15 09:53:53.053  1151  1151 E SurfaceFlinger: alpha changed 1.000 -> 0.000 - Surface(name=1d7a05f InputMethod)/@0x5f77a9d - animation-leash of insets_animation#18991
04-15 09:53:53.054  3756 20030 I HBD     : b InputMethodSubtype is set as local:en_GB
04-15 09:53:53.054  1151  2910 E NativeCustomFrequencyManager: [NativeCFMS] BpCustomFrequencyManager::acquire()
04-15 09:53:53.054  1151  1151 I SurfaceFlinger: [LayerHierarchy{RequestedLayerState{ImeContainer#15 parentId=16293 relativeParentId=16293 z=3} 1 children}] reparent to LayerHierarchy{RequestedLayerState{ActivityRecord{243114305 u0 com.google.android.calendar/.allinone.AllInOneCalendarActivity t3801}#16293 parentId=16292} 4 children}
04-15 09:53:53.054  1151  1151 I SurfaceFlinger: [LayerHierarchy{RequestedLayerState{ImeContainer#15 parentId=16293 relativeParentId=16293 z=3} 1 children}] RelativeParent to null
04-15 09:53:53.054  1059  1180 I HYPER-HAL: [RequestManager.cpp]acquire(): Acquired ID : 2315476  [1151 / 1000]    HINT : SF_GPU_MINLOCK    list : [TIMEOUT / 2000]
04-15 09:53:53.054  1151  1151 I SurfaceFlinger: [LayerHierarchy{RequestedLayerState{1d7a05f InputMethod#134 parentId=18991} no children}] reparent to LayerHierarchy{RequestedLayerState{Surface(name=1d7a05f InputMethod)/@0x5f77a9d - animation-leash of insets_animation#18991 parentId=120} 1 children}
04-15 09:53:53.054  1151  1151 I SurfaceFlinger: [LayerHierarchy{RequestedLayerState{Surface(name=1d7a05f InputMethod)/@0x5f77a9d - animation-leash of insets_animation#18972} no children}] reparent to OffscreenRoot
04-15 09:53:53.054  1151  1151 I SurfaceFlinger: [LayerHierarchy{RequestedLayerState{Surface(name=1d7a05f InputMethod)/@0x5f77a9d - animation-leash of insets_animation#18972} no children}] RelativeParent to null
04-15 09:53:53.054  3756  2073 I HBD     : u updated Sub Types. English
04-15 09:53:53.055  3756 20031 I HBD     : l Write selected lang for DE
04-15 09:53:53.055  3756 20031 I HBD     : l writeToFile path : /data/user_de/0/com.samsung.android.honeyboard/files/selected.json
04-15 09:53:53.055  3756 20031 I HBD     : l writeToFile json : {"version":"4.2","currentLanguageOrder":0,"selected":[{"activeOptionList":["auto_replace","auto_spacing","writing_assistant"],"bilingualId":-1,"engName":"English","id":65538,"inputType":"qwerty","isUsed":true},{"activeOptionList":["auto_replace","auto_spacing"],"bilingualId":-1,"engName":"Arabic","id":5308416,"inputType":"qwerty","isUsed":true}]}
04-15 09:53:53.057  1151  1151 D SurfaceFlinger: GPIS:: requestGpisForClientComposition
04-15 09:53:53.057  1151  1378 I SurfaceFlinger: id=18972 Removed Surface(name=1d7a05f InputMethod)/@0x5f77a9d - animation-leash of insets_animation#18972 (235)
04-15 09:53:53.059  2000  2194 I VRI[calendar]@312a209: mWNT: t=0xb4000074fc6f1d90 mBlastBufferQueue=0xb40000741d2c6cf0 fn= 6 HdrRenderState mRenderHdrSdrRatio=1.0 caller= android.view.SyncRtSurfaceTransactionApplier.applyTransaction:100 android.view.SyncRtSurfaceTransactionApplier.lambda$scheduleApply$0:73 android.view.SyncRtSurfaceTransactionApplier.$r8$lambda$afI4fXg3U3-nBZQEDQMiNy-B06s:0
04-15 09:53:53.060  3756 30781 I HBD     : a [SKE_SPECIFIC] specific model[com.google.android.calendar] loaded, 5010313 ns
04-15 09:53:53.061  3756  3756 I InputMethodService: scheduleImeSurfaceRemoval: removeImeSurface is posted.
04-15 09:53:53.061  3756 20031 I HBD     : l writeToFile complete
04-15 09:53:53.061  3756 20034 I HBD     : b InputMethodSubtype is set as local:en_GB
04-15 09:53:53.064  1151  1151 I SurfaceFlinger: destroyed Surface(name=1d7a05f InputMethod)/@0x5f77a9d - animation-leash of insets_animation#18972
04-15 09:53:53.065  2000  2195 I VRI[calendar]@312a209: mWNT: t=0xb4000074fc7a97d0 mBlastBufferQueue=0xb40000741d2c6cf0 fn= 7 HdrRenderState mRenderHdrSdrRatio=1.0 caller= android.view.SyncRtSurfaceTransactionApplier.applyTransaction:100 android.view.SyncRtSurfaceTransactionApplier.lambda$scheduleApply$0:73 android.view.SyncRtSurfaceTransactionApplier.$r8$lambda$afI4fXg3U3-nBZQEDQMiNy-B06s:0
04-15 09:53:53.067  1151  1151 I Layer   : id=18972 Destroyed Surface(name=1d7a05f InputMethod)/@0x5f77a9d - animation-leash of insets_animation#18972
04-15 09:53:53.076  1218  6568 I CameraService: onUidStateChanged: uid=10048, procState is changed. (1 -> 0)
04-15 09:53:53.077  1542  1678 I WindowManager: Relayout Window{695bc29 u0 Splash Screen com.google.android.calendar}: viewVisibility=8 req=720x1544 ty=3 d0
04-15 09:53:53.078  1542  1678 D SurfaceComposerClient: setCornerRadius ## fc8dbe6 com.google.android.calendar/com.google.android.calendar.allinone.AllInOneCalendarActivity#18984 cornerRadius=0.000000
04-15 09:53:53.078  1542  1678 D SurfaceComposerClient: setCornerRadius ## 695bc29 Splash Screen com.google.android.calendar#18980 cornerRadius=0.000000
04-15 09:53:53.078  1542  1678 D SurfaceComposerClient: setCornerRadius ## fc8dbe6 com.google.android.calendar/com.google.android.calendar.allinone.AllInOneCalendarActivity#18984 cornerRadius=0.000000
04-15 09:53:53.079  1542  1678 I WindowManager: Relayout hash=695bc29, pid=2000, syncId=-1: mAttrs={(0,0)(fillxfill) sim={adjust=pan} layoutInDisplayCutoutMode=always ty=APPLICATION_STARTING fmt=TRANSLUCENT wanim=0x1030317
04-15 09:53:53.079  1542  1678 I WindowManager:   fl=81030118
04-15 09:53:53.079  1542  1678 I WindowManager:   pfl=10000810
04-15 09:53:53.079  1542  1678 I WindowManager:   bhv=1
04-15 09:53:53.079  1542  1678 I WindowManager:   fitSides=0
04-15 09:53:53.079  1542  1678 I WindowManager:   frameRateBoostOnTouch=true
04-15 09:53:53.079  1542  1678 I WindowManager:   dvrrWindowFrameRateHint=true naviIconColor=0}
04-15 09:53:53.079  2000  2120 I VRI[calendar]@312a209: onActiveControlsChanged, removed=false, mAdded=true, caller=android.view.ViewRootImpl.handleInsetsControlChanged:3002 android.view.ViewRootImpl.relayoutWindow:11629 android.view.ViewRootImpl.performTraversals:4804 android.view.ViewRootImpl.doTraversal:3924 android.view.ViewRootImpl$TraversalRunnable.run:12903
04-15 09:53:53.080  2000  2120 I VRI[calendar]@312a209: Relayout returned: old=(0,0,720,1544) new=(0,0,720,1544) relayoutAsync=false req=(720,1544)8 dur=5 res=0x2 s={false 0x0} ch=true seqId=0
04-15 09:53:53.081  2000  2120 D VRI[calendar]@312a209: Not drawing due to not visible. Reason=View.GONE
04-15 09:53:53.083  2000  2120 I VRI[calendar]@312a209: dispatchDetachedFromWindow
04-15 09:53:53.083  2000  2000 D SystemUIService: SYSUI_RAM_OPTIMIZATION onTrimMemory=20
04-15 09:53:53.083  2000  2000 D CentralSurfaces: SYSUI_RAM_OPTIMIZATION onTrimMemory=20
04-15 09:53:53.084  2000  2196 D HWUI    : CacheManager::trimMemory(20)
04-15 09:53:53.084  1542  1678 D InputTransport: Input channel destroyed: '695bc29', fd=1250
04-15 09:53:53.084  1542  1678 D SurfaceComposerClient: setCornerRadius ## fc8dbe6 com.google.android.calendar/com.google.android.calendar.allinone.AllInOneCalendarActivity#18984 cornerRadius=0.000000
04-15 09:53:53.085  1542  1678 D SurfaceComposerClient: setCornerRadius ## fc8dbe6 com.google.android.calendar/com.google.android.calendar.allinone.AllInOneCalendarActivity#18984 cornerRadius=0.000000
04-15 09:53:53.085  1542  1585 D SurfaceComposerClient: setCornerRadius ## fc8dbe6 com.google.android.calendar/com.google.android.calendar.allinone.AllInOneCalendarActivity#18984 cornerRadius=0.000000
04-15 09:53:53.085  2000  2120 D InputTransport: Input channel destroyed: '695bc29', fd=679
04-15 09:53:53.091  1542  1585 D SurfaceComposerClient: setCornerRadius ## fc8dbe6 com.google.android.calendar/com.google.android.calendar.allinone.AllInOneCalendarActivity#18984 cornerRadius=0.000000
04-15 09:53:53.095  1059  1180 I HYPER-HAL: [RequestManager.cpp]releaseLocked(): Released ID : 1219160
04-15 09:53:53.095  1151  1151 I SurfaceFlinger: RequestedLayer [Splash Screen com.google.android.calendar$_2000#18981] hidden!! flag  from(0) --> to(1)
04-15 09:53:53.095  1151  1151 I SurfaceFlinger: [LayerHierarchy{RequestedLayerState{ImeContainer#15 parentId=16293 relativeParentId=18984 z=1} 1 children}] RelativeParent to LayerHierarchy{RequestedLayerState{fc8dbe6 com.google.android.calendar/com.google.android.calendar.allinone.AllInOneCalendarActivity#18984 parentId=16293} 2 children}
04-15 09:53:53.096  1151  1151 I SurfaceFlinger: [LayerHierarchy{RequestedLayerState{695bc29 Splash Screen com.google.android.calendar#18980 z=2147483647} 1 children}] reparent to OffscreenRoot
04-15 09:53:53.096  1151  1151 I SurfaceFlinger: [LayerHierarchy{RequestedLayerState{695bc29 Splash Screen com.google.android.calendar#18980 z=2147483647} 1 children}] RelativeParent to null
04-15 09:53:53.096  1151  1151 I SurfaceFlinger: [LayerHierarchy{RequestedLayerState{Splash Screen com.google.android.calendar$_2000#18981} no children}] reparent to OffscreenRoot
04-15 09:53:53.096  1151  1151 I SurfaceFlinger: [LayerHierarchy{RequestedLayerState{Splash Screen com.google.android.calendar$_2000#18981} no children}] RelativeParent to null
04-15 09:53:53.096  1151  1151 I SurfaceFlinger: [LayerHierarchy{RequestedLayerState{fc8dbe6 com.google.android.calendar/com.google.android.calendar.allinone.AllInOneCalendarActivity#18984 parentId=16293} 2 children}] reparent to LayerHierarchy{RequestedLayerState{ActivityRecord{243114305 u0 com.google.android.calendar/.allinone.AllInOneCalendarActivity t3801}#16293 parentId=16292} 4 children}
04-15 09:53:53.096  1151  1151 I SurfaceFlinger: [LayerHierarchy{RequestedLayerState{Surface(name=fc8dbe6 com.google.android.calendar/com.google.android.calendar.allinone.AllInOneCalendarActivity)/@0xcadf13b - animation-leash of starting_reveal#18990} no children}] reparent to OffscreenRoot
04-15 09:53:53.096  1151  1151 I SurfaceFlinger: [LayerHierarchy{RequestedLayerState{Surface(name=fc8dbe6 com.google.android.calendar/com.google.android.calendar.allinone.AllInOneCalendarActivity)/@0xcadf13b - animation-leash of starting_reveal#18990} no children}] RelativeParent to null
04-15 09:53:53.106  1151  1151 D SurfaceFlinger: Display 4633128672291735999 HWC layers:
04-15 09:53:53.106  1151  1151 D SurfaceFlinger:        DEVICE |           17089674871074 | 00002102 | RGBA_8888    |    1.0    0.0  720.0 1544.0 |    0    0  719 1544 | com.google.android.calendar/com.goog[...]AllInOneCalendarActivity$_3979#18985 (6)
04-15 09:53:53.106  1151  1151 D SurfaceFlinger:        CLIENT |           85332410236964 | 00002102 | RGBA_8888    |    0.0    0.0    3.0 1544.0 |  717    0  720 1544 | com.catfact.app.feature.facts.test/a[...]tyInvoker$EmptyActivity$_19868#18975 (1)
04-15 09:53:53.106  1151  1151 D SurfaceFlinger:        DEVICE |            8589934654687 | 00002100 | RGBA_8888    |    0.0    0.0  720.0   50.0 |    0    0  720   50 | StatusBar$_2000#102 (26602)
04-15 09:53:53.106  1151  1151 D SurfaceFlinger:        DEVICE |           10569914518889 | 00002100 | RGBA_8888    |    0.0    0.0   67.0  353.0 |  653  192  720  545 | com.sec.android.app.launcher/com.sam[...]l.app.CocktailBarService$_2461#16495 (1)
04-15 09:53:53.106  1151  1151 D SurfaceFlinger:        DEVICE |            8589934654691 | 00002100 | RGBA_8888    |    0.0    0.0  720.0   90.0 |    0 1454  720 1544 | NavigationBar0$_2000#98 (17385)
04-15 09:53:53.106  1151  1151 D SurfaceFlinger:
04-15 09:53:53.113  3979  3988 I ndroid.calendar: Background concurrent mark compact GC freed 39MB AllocSpace bytes, 0(0B) LOS objects, 55% free, 38MB/86MB, paused 2.016ms,2.874ms total 127.721ms
04-15 09:53:53.134  2000  2105 I SurfaceControlRegistry: apply, t=FinishTransaction_SyncId<1693>, caller=android.view.SurfaceControl$Transaction.apply:3459 android.view.SurfaceControl$Transaction.apply:3447 android.view.SurfaceControl$Transaction.apply:3397 com.android.wm.shell.transition.Transitions.onFinish:315 com.android.wm.shell.transition.Transitions$$ExternalSyntheticLambda7.onTransitionFinished:12 com.android.wm.shell.transition.DefaultTransitionHandler$$ExternalSyntheticLambda2.run:36
04-15 09:53:53.137  1151  1378 I SurfaceFlinger: id=18981 Removed Splash Screen com.google.android.calendar$_2000#18981 (234)
04-15 09:53:53.137 19868 19868 I VRI[InstrumentationActivityInvoker$EmptyActivity]@2c4abd7: handleAppVisibility mAppVisible = true visible = false
04-15 09:53:53.137 19868 19868 D VRI[InstrumentationActivityInvoker$EmptyActivity]@2c4abd7: visibilityChanged oldVisibility=true newVisibility=false
04-15 09:53:53.139  2000  2000 D SystemUIService: SYSUI_RAM_OPTIMIZATION onTrimMemory=20
04-15 09:53:53.139  2000  2000 D CentralSurfaces: SYSUI_RAM_OPTIMIZATION onTrimMemory=20
04-15 09:53:53.140  2000  2196 D HWUI    : CacheManager::trimMemory(20)
04-15 09:53:53.141  1151  1151 D SurfaceFlinger: Display 4633128672291735999 HWC layers:
04-15 09:53:53.141  1151  1151 D SurfaceFlinger:        DEVICE |           17089674871074 | 00002102 | RGBA_8888    |    0.0    0.0  720.0 1544.0 |    0    0  720 1544 | com.google.android.calendar/com.goog[...]AllInOneCalendarActivity$_3979#18985 (10)
04-15 09:53:53.141  1151  1151 D SurfaceFlinger:        DEVICE |            8589934654687 | 00002100 | RGBA_8888    |    0.0    0.0  720.0   50.0 |    0    0  720   50 | StatusBar$_2000#102 (26602)
04-15 09:53:53.141  1151  1151 D SurfaceFlinger:        DEVICE |           10569914518889 | 00002100 | RGBA_8888    |    0.0    0.0   67.0  353.0 |  653  192  720  545 | com.sec.android.app.launcher/com.sam[...]l.app.CocktailBarService$_2461#16495 (1)
04-15 09:53:53.141  1151  1151 D SurfaceFlinger:        DEVICE |            8589934654691 | 00002100 | RGBA_8888    |    0.0    0.0  720.0   90.0 |    0 1454  720 1544 | NavigationBar0$_2000#98 (17385)
04-15 09:53:53.141  1151  1151 D SurfaceFlinger:
04-15 09:53:53.142  1151  1151 I SurfaceFlinger: RequestedLayer [Task=3885#18958] hidden!! flag  from(0) --> to(1)
04-15 09:53:53.142  1151  1151 I SurfaceFlinger: [Display 0 name="Built-in Screen"#49] setFrameRateCategory: Default
04-15 09:53:53.142  1151  1151 I SurfaceFlinger: RequestedLayer [com.catfact.app.feature.facts.test/a[...]tyInvoker$EmptyActivity$_19868#18975] hidden!! flag  from(0) --> to(1)
04-15 09:53:53.142  1151  1151 I SurfaceFlinger: RequestedLayer [ActivityRecord{140358658 u0 com.catf[...]tyInvoker$EmptyActivity t3885}#18973] hidden!! flag  from(0) --> to(1)
04-15 09:53:53.142  1151  1151 I SurfaceFlinger: destroyed Splash Screen com.google.android.calendar$_2000#18981
04-15 09:53:53.142  1151  1151 I SurfaceFlinger: [LayerHierarchy{RequestedLayerState{Task=3801#16292 parentId=10 z=13} 1 children}] reparent to LayerHierarchy{RequestedLayerState{DefaultTaskDisplayArea_d0#10 parentId=9} 16 children}
04-15 09:53:53.142  1151  1151 I SurfaceFlinger: [LayerHierarchy{RequestedLayerState{Task=3885#18958 parentId=10 z=12} 3 children}] reparent to LayerHierarchy{RequestedLayerState{DefaultTaskDisplayArea_d0#10 parentId=9} 17 children}
04-15 09:53:53.142  1151  1151 I SurfaceFlinger: [LayerHierarchy{RequestedLayerState{Transition Root: Task=3801#18982 z=13} 1 children}] reparent to OffscreenRoot
04-15 09:53:53.142  1151  1151 I SurfaceFlinger: [LayerHierarchy{RequestedLayerState{Transition Root: Task=3801#18982 z=13} 1 children}] RelativeParent to null
04-15 09:53:53.142  1151  1151 I SurfaceFlinger: [LayerHierarchy{RequestedLayerState{DimTransitionLayer for Surface(name=Task=3885)/@0x168eed4#18983 z=-1} no children}] reparent to OffscreenRoot
04-15 09:53:53.142  1151  1151 I SurfaceFlinger: [LayerHierarchy{RequestedLayerState{DimTransitionLayer for Surface(name=Task=3885)/@0x168eed4#18983 z=-1} no children}] RelativeParent to null
04-15 09:53:53.142 19868 19901 D HWUI    : CacheManager::trimMemory(20)
04-15 09:53:53.145  1542  1582 D PkgPredictorService-SecIpmManagerServiceImpl: bg information pid:19868 uid:10749 pkgName:com.catfact.app.feature.facts.test
04-15 09:53:53.145  1542  1678 I WindowManager: Relayout Window{1c29926 u0 com.catfact.app.feature.facts.test/androidx.test.core.app.InstrumentationActivityInvoker$EmptyActivity}: viewVisibility=8 req=720x1544 ty=1 d0
04-15 09:53:53.145  1542  1678 D SurfaceComposerClient: setCornerRadius ## fc8dbe6 com.google.android.calendar/com.google.android.calendar.allinone.AllInOneCalendarActivity#18984 cornerRadius=0.000000
04-15 09:53:53.146  1151  1151 I Layer   : id=18981 Destroyed Splash Screen com.google.android.calendar$_2000#18981
04-15 09:53:53.146  1542  1678 D SurfaceComposerClient: setCornerRadius ## fc8dbe6 com.google.android.calendar/com.google.android.calendar.allinone.AllInOneCalendarActivity#18984 cornerRadius=0.000000
04-15 09:53:53.146  1151  1151 I SurfaceFlinger: id=18983 Removed DimTransitionLayer for Surface(name=Task=3885)/@0x168eed4#18983 (233)
04-15 09:53:53.146  1151  1151 I SurfaceFlinger: id=18982 Removed Transition Root: Task=3801#18982 (233)
04-15 09:53:53.146  1151  1151 I SurfaceFlinger: id=18980 Removed 695bc29 Splash Screen com.google.android.calendar#18980 (233)
04-15 09:53:53.147  1542  1678 I WindowManager: Relayout hash=1c29926, pid=19868, syncId=-1: mAttrs={(0,0)(fillxfill) sim={adjust=pan forwardNavigation} layoutInDisplayCutoutMode=always ty=BASE_APPLICATION
04-15 09:53:53.147  1542  1678 I WindowManager:   fl=81810100
04-15 09:53:53.147  1542  1678 I WindowManager:   pfl=100088c0
04-15 09:53:53.147  1542  1678 I WindowManager:   bhv=1
04-15 09:53:53.147  1542  1678 I WindowManager:   fitSides=0
04-15 09:53:53.147  1542  1678 I WindowManager:   frameRateBoostOnTouch=true
04-15 09:53:53.147  1542  1678 I WindowManager:   dvrrWindowFrameRateHint=true naviIconColor=0}
04-15 09:53:53.149  1542  1585 D SurfaceComposerClient: setCornerRadius ## fc8dbe6 com.google.android.calendar/com.google.android.calendar.allinone.AllInOneCalendarActivity#18984 cornerRadius=0.000000
04-15 09:53:53.150  1151  1151 I SurfaceFlinger: destroyed 695bc29 Splash Screen com.google.android.calendar#18980
04-15 09:53:53.151  1151  1151 I SurfaceFlinger: destroyed Transition Root: Task=3801#18982
04-15 09:53:53.151  1151  1151 I SurfaceFlinger: destroyed DimTransitionLayer for Surface(name=Task=3885)/@0x168eed4#18983
04-15 09:53:53.153  2000  2000 D DisplayLifecycle: updateDisplay id = 0
04-15 09:53:53.153  1151  1151 I Layer   : id=18980 Destroyed 695bc29 Splash Screen com.google.android.calendar#18980
04-15 09:53:53.153  1151  1151 I Layer   : id=18982 Destroyed Transition Root: Task=3801#18982
04-15 09:53:53.153  1151  1151 I Layer   : id=18983 Destroyed DimTransitionLayer for Surface(name=Task=3885)/@0x168eed4#18983
04-15 09:53:53.154  2461  4432 I HoneySpace.Memory-Monitor: current state = 2, didTrim = false
04-15 09:53:53.156  2000  2125 D StackScroller: onDisplayChanged for predraw skip to 2
04-15 09:53:53.157 19868 19868 I VRI[InstrumentationActivityInvoker$EmptyActivity]@2c4abd7: Relayout returned: old=(0,0,720,1544) new=(0,0,720,1544) relayoutAsync=false req=(720,1544)8 dur=9 res=0x2 s={false 0x0} ch=true seqId=0
04-15 09:53:53.157 19868 19868 D VRI[InstrumentationActivityInvoker$EmptyActivity]@2c4abd7: Not drawing due to not visible. Reason=!mAppVisible && !mForceDecorViewVisibility
04-15 09:53:53.161 19868 19868 D ConnectivityManager: StackLog: [android.net.ConnectivityManager.unregisterNetworkCallback(ConnectivityManager.java:5575)] [com.catfact.app.core.designsystem.util.ConnectivityObserver$observe$1.invokeSuspend$lambda$1(ConnectivityObserver.kt:43)] [com.catfact.app.core.designsystem.util.ConnectivityObserver$observe$1$$ExternalSyntheticLambda0.invoke(D8$$SyntheticClass:0)] [kotlinx.coroutines.channels.ProduceKt.awaitClose(Produce.kt:69)] [kotlinx.coroutines.channels.ProduceKt$awaitClose$1.invokeSuspend(Unknown Source:13)] [kotlin.coroutines.jvm.internal.BaseContinuationImpl.resumeWith(ContinuationImpl.kt:34)] [androidx.compose.ui.test.ApplyingContinuationInterceptor$SendApplyContinuation.resumeWith(ApplyingContinuationInterceptor.kt:52)] [androidx.compose.ui.test.FrameDeferringContinuationInterceptor$FrameDeferredContinuation.resumeWith(FrameDeferringContinuationInterceptor.jvm.kt:187)] [kotlinx.coroutines.DispatchedTaskKt.resume(DispatchedTask.kt:165)] [kotlinx.coroutines.DispatchedTaskKt.dispatch(DispatchedTask.kt:154)] [kotlinx.coroutines.CancellableContinuationImpl.dispatchResume(CancellableContinuationImpl.kt:470)] [kotlinx.coroutines.CancellableContinuationImpl.cancel(CancellableContinuationImpl.kt:214)] [kotlinx.coroutines.CancellableContinuationImpl.parentCancelled$kotlinx_coroutines_core(CancellableContinuationImpl.kt:221)] [kotlinx.coroutines.ChildContinuation.invoke(CancellableContinuationImpl.kt:698)] [kotlinx.coroutines.JobSupport.notifyCancelling(JobSupport.kt:1604)] [kotlinx.coroutines.JobSupport.tryMakeCancelling(JobSupport.kt:826)] [kotlinx.coroutines.JobSupport.makeCancelling(JobSupport.kt:786)] [kotlinx.coroutines.JobSupport.cancelImpl$kotlinx_coroutines_core(JobSupport.kt:702)] [kotlinx.coroutines.JobSupport.parentCancelled(JobSupport.kt:668)] [kotlinx.coroutines.ChildHandleNode.invoke(JobSupport.kt:1580)] [kotlinx.coroutines.JobSupport.notifyCancelling(JobSupport.kt:1604)] [kotlinx.coroutines.JobSupport.tryMakeCancelling(JobSupport.kt:826)] [kotlinx.coroutines.JobSupport.makeCancelling(JobSupport.kt:786)] [kotlinx.coroutines.JobSupport.cancelImpl$kotlinx_coroutines_core(JobSupport.kt:702)] [kotlinx.coroutines.JobSupport.parentCancelled(JobSupport.kt:668)] [kotlinx.coroutines.ChildHandleNode.invoke(JobSupport.kt:1580)] [kotlinx.coroutines.JobSupport.notifyCancelling(JobSupport.kt:1604)] [kotlinx.coroutines.JobSupport.tryMakeCancelling(JobSupport.kt:826)] [kotlinx.coroutines.JobSupport.makeCancelling(JobSupport.kt:786)] [kotlinx.coroutines.JobSupport.cancelImpl$kotlinx_coroutines_core(JobSupport.kt:702)] [kotlinx.coroutines.JobSupport.parentCancelled(JobSupport.kt:668)] [kotlinx.coroutines.ChildHandleNode.invoke(JobSupport.kt:1580)] [kotlinx.coroutines.JobSupport.notifyCancelling(JobSupport.kt:1604)] [kotlinx.coroutines.JobSupport.tryMakeCancelling(JobSupport.kt:826)] [kotlinx.coroutines.JobSupport.makeCancelling(JobSupport.kt:786)] [kotlinx.coroutines.JobSupport.cancelImpl$kotlinx_coroutines_core(JobSupport.kt:702)] [kotlinx.coroutines.JobSupport.parentCancelled(JobSupport.kt:668)] [kotlinx.coroutines.ChildHandleNode.invoke(JobSupport.kt:1580)] [kotlinx.coroutines.JobSupport.notifyCancelling(JobSupport.kt:1604)] [kotlinx.coroutines.JobSupport.tryMakeCancelling(JobSupport.kt:826)] [kotlinx.coroutines.JobSupport.makeCancelling(JobSupport.kt:786)] [kotlinx.coroutines.JobSupport.cancelImpl$kotlinx_coroutines_core(JobSupport.kt:702)] [kotlinx.coroutines.JobSupport.parentCancelled(JobSupport.kt:668)] [kotlinx.coroutines.ChildHandleNode.invoke(JobSupport.kt:1580)] [kotlinx.coroutines.JobSupport.notifyCancelling(JobSupport.kt:1604)] [kotlinx.coroutines.JobSupport.tryMakeCancelling(JobSupport.kt:826)] [kotlinx.coroutines.JobSupport.makeCancelling(JobSupport.kt:786)] [kotlinx.coroutines.JobSupport.cancelImpl$kotlinx_coroutines_core(JobSupport.kt:702)] [kotlinx.coroutines.JobSupport.cancelInternal(JobSupport.kt:663)] [kotlinx.coroutines.JobSupport.cancel(JobSupport.kt:648)] [kotlinx.coroutines.Job$DefaultImpls.cancel$default(Job.kt:192)] [androidx.lifecycle.RepeatOnLifecycleKt$repeatOnLi
04-15 09:53:53.169 19868 19868 I VRI[ComponentActivity]@a556c4: stopped(true) old = false
04-15 09:53:53.169 19868 19868 D VRI[ComponentActivity]@a556c4: WindowStopped on com.catfact.app.feature.facts.test/androidx.activity.ComponentActivity set to true
04-15 09:53:53.172 19868 19901 D HWUI    : CacheManager::trimMemory(20)
04-15 09:53:53.178 19868 19868 D LifecycleMonitor: Lifecycle status change: androidx.activity.ComponentActivity@5a47a39 in: STOPPED
04-15 09:53:53.179 19868 19868 V ActivityScenario: Update currentActivityStage to STOPPED, currentActivity=androidx.activity.ComponentActivity@5a47a39
04-15 09:53:53.226 19868 19868 W WindowOnBackDispatcher: sendCancelIfRunning: isInProgress=false callback=android.app.Activity$$ExternalSyntheticLambda0@8031b30
04-15 09:53:53.226 19868 19868 D LifecycleMonitor: Lifecycle status change: androidx.activity.ComponentActivity@5a47a39 in: DESTROYED
04-15 09:53:53.226 19868 19868 V ActivityScenario: Update currentActivityStage to DESTROYED, currentActivity=null
04-15 09:53:53.228 19868 19901 D HWUI    : CacheManager::trimMemory(20)
04-15 09:53:53.231 19868 19868 D ViewRootImpl: Skipping stats log for color mode
04-15 09:53:53.231 19868 19868 I VRI[ComponentActivity]@a556c4: dispatchDetachedFromWindow
04-15 09:53:53.231  1542  2161 D InputTransport: Input channel destroyed: '718ff8d', fd=1146
04-15 09:53:53.232  1542  2161 D SurfaceComposerClient: setCornerRadius ## fc8dbe6 com.google.android.calendar/com.google.android.calendar.allinone.AllInOneCalendarActivity#18984 cornerRadius=0.000000
04-15 09:53:53.232  1542  2161 D SurfaceComposerClient: setCornerRadius ## fc8dbe6 com.google.android.calendar/com.google.android.calendar.allinone.AllInOneCalendarActivity#18984 cornerRadius=0.000000
04-15 09:53:53.233 19868 19868 D InputTransport: Input channel destroyed: '718ff8d', fd=128
04-15 09:53:53.233 19868 19868 I VRI[InstrumentationActivityInvoker$EmptyActivity]@2c4abd7: stopped(true) old = false
04-15 09:53:53.233 19868 19868 D VRI[InstrumentationActivityInvoker$EmptyActivity]@2c4abd7: WindowStopped on com.catfact.app.feature.facts.test/androidx.test.core.app.InstrumentationActivityInvoker$EmptyActivity set to true
04-15 09:53:53.234 19868 19901 D HWUI    : CacheManager::trimMemory(20)
04-15 09:53:53.235  1151  1378 I SurfaceFlinger: id=18965 Removed c481ee8 ActivityRecordInputSink com.catfact.app.feature.facts.test/androidx.activity.ComponentActivity#18965 (230)
04-15 09:53:53.238 19868 19868 D LifecycleMonitor: Lifecycle status change: androidx.test.core.app.InstrumentationActivityInvoker$EmptyActivity@39b6e7e in: STOPPED
04-15 09:53:53.238 19868 19868 W WindowOnBackDispatcher: sendCancelIfRunning: isInProgress=false callback=android.app.Activity$$ExternalSyntheticLambda0@6130130
04-15 09:53:53.239 19868 19868 D LifecycleMonitor: Lifecycle status change: androidx.test.core.app.InstrumentationActivityInvoker$EmptyActivity@39b6e7e in: DESTROYED
04-15 09:53:53.243 19868 19901 D HWUI    : CacheManager::trimMemory(20)
04-15 09:53:53.246 19868 19888 D IdlingRegistry: Unregistering idling resources: [androidx.compose.ui.test.EspressoLink@1fb6c85]
04-15 09:53:53.248  1151  1151 I SurfaceFlinger: [LayerHierarchy{RequestedLayerState{com.catfact.app.feature.facts.test/androidx.activity.ComponentActivity$_19868#18966} no children}] reparent to OffscreenRoot
04-15 09:53:53.248  1151  1151 I SurfaceFlinger: [LayerHierarchy{RequestedLayerState{com.catfact.app.feature.facts.test/androidx.activity.ComponentActivity$_19868#18966} no children}] RelativeParent to null
04-15 09:53:53.248  1151  1151 I SurfaceFlinger: [LayerHierarchy{RequestedLayerState{ActivityRecord{249058214 u0 com.catfact.app.feature.facts.test/androidx.activity.ComponentActivity t3885}#18959} 2 children}] reparent to OffscreenRoot
04-15 09:53:53.248  1151  1151 I SurfaceFlinger: [LayerHierarchy{RequestedLayerState{ActivityRecord{249058214 u0 com.catfact.app.feature.facts.test/androidx.activity.ComponentActivity t3885}#18959} 2 children}] RelativeParent to null
04-15 09:53:53.248  1151  1151 I SurfaceFlinger: [LayerHierarchy{RequestedLayerState{718ff8d com.catfact.app.feature.facts.test/androidx.activity.ComponentActivity#18964} no children}] reparent to OffscreenRoot
04-15 09:53:53.248  1151  1151 I SurfaceFlinger: [LayerHierarchy{RequestedLayerState{718ff8d com.catfact.app.feature.facts.test/androidx.activity.ComponentActivity#18964} no children}] RelativeParent to null
04-15 09:53:53.250  3979  3988 I ndroid.calendar: Background concurrent mark compact GC freed 50MB AllocSpace bytes, 2(32KB) LOS objects, 58% free, 34MB/82MB, paused 1.931ms,2.644ms total 114.468ms
04-15 09:53:53.250 19868 19868 D ViewRootImpl: Skipping stats log for color mode
04-15 09:53:53.250 19868 19868 I VRI[InstrumentationActivityInvoker$EmptyActivity]@2c4abd7: dispatchDetachedFromWindow
04-15 09:53:53.251  1542  1678 D InputTransport: Input channel destroyed: '1c29926', fd=1041
04-15 09:53:53.251  1151  1151 I SurfaceFlinger: id=18964 Removed 718ff8d com.catfact.app.feature.facts.test/androidx.activity.ComponentActivity#18964 (230)
04-15 09:53:53.251  1151  1151 I SurfaceFlinger: id=18966 Removed com.catfact.app.feature.facts.test/androidx.activity.ComponentActivity$_19868#18966 (230)
04-15 09:53:53.251  1542  1678 D SurfaceComposerClient: setCornerRadius ## fc8dbe6 com.google.android.calendar/com.google.android.calendar.allinone.AllInOneCalendarActivity#18984 cornerRadius=0.000000
04-15 09:53:53.251  1542  1678 D SurfaceComposerClient: setCornerRadius ## fc8dbe6 com.google.android.calendar/com.google.android.calendar.allinone.AllInOneCalendarActivity#18984 cornerRadius=0.000000
04-15 09:53:53.252 19868 19868 D InputTransport: Input channel destroyed: '1c29926', fd=147
04-15 09:53:53.253  1151  1200 I SurfaceFlinger: id=18979 Removed 63c58e4 ActivityRecordInputSink com.catfact.app.feature.facts.test/androidx.test.core.app.InstrumentationActivityInvoker$EmptyActivity#18979 (230)
04-15 09:53:53.253  1151  1200 I SurfaceFlinger: id=18992 createSurf, flag=24004, Task=3885#18992
04-15 09:53:53.256  1151  1151 I SurfaceFlinger: destroyed com.catfact.app.feature.facts.test/androidx.activity.ComponentActivity$_19868#18966
04-15 09:53:53.256  1151  1151 I SurfaceFlinger: destroyed 718ff8d com.catfact.app.feature.facts.test/androidx.activity.ComponentActivity#18964
04-15 09:53:53.256  1151  1151 I SurfaceFlinger: [Task=3885#18992] attach to parent Root
04-15 09:53:53.258  1151  1151 I Layer   : id=18966 Destroyed com.catfact.app.feature.facts.test/androidx.activity.ComponentActivity$_19868#18966
04-15 09:53:53.258  1151  1151 I Layer   : id=18964 Destroyed 718ff8d com.catfact.app.feature.facts.test/androidx.activity.ComponentActivity#18964
04-15 09:53:53.260 19868 19888 I TestRunner: finished: loadingMoreShowsProgressIndicator(com.catfact.app.feature.facts.presentation.FactsScreenTest)
