04-15 09:53:49.292 19868 19868 I BLASTBufferQueue_Java: update, w= 720 h= 1544 mName = VRI[ComponentActivity]@231a66e mNativeObject= 0xb40000741c596ac0 sc.mNativeObject= 0xb40000751c4ec210 format= -1 caller= android.view.ViewRootImpl.updateBlastSurfaceIfNeeded:3590 android.view.ViewRootImpl.relayoutWindow:11685 android.view.ViewRootImpl.performTraversals:4804 android.view.ViewRootImpl.doTraversal:3924 android.view.ViewRootImpl$TraversalRunnable.run:12903 android.view.Choreographer$CallbackRecord.run:1901
04-15 09:53:49.292  2000  2000 D NavigationBar: onSystemBarAttributesChanged() -  displayId:0, appearance:528, packageName: com.catfact.app.feature.facts.test (APPEARANCE_LIGHT_NAVIGATION_BARS ), navbarColorManagedByIme:false
04-15 09:53:49.293  2000  2120 I VRI[test]@cbc6d73: onActiveControlsChanged, removed=false, mAdded=true, caller=android.view.ViewRootImpl.handleInsetsControlChanged:3002 android.view.ViewRootImpl$ViewRootHandler.handleMessageImpl:8352 android.view.ViewRootImpl$ViewRootHandler.handleMessage:8301 android.os.Handler.dispatchMessage:110 android.os.Looper.loopOnce:273
04-15 09:53:49.293 19868 19868 I VRI[ComponentActivity]@231a66e: Relayout returned: old=(0,0,720,1544) new=(0,0,720,1544) relayoutAsync=false req=(720,1544)0 dur=13 res=0x3 s={true 0xb40000748c52efd0} ch=true seqId=0
04-15 09:53:49.293 19868 19868 I VRI[ComponentActivity]@231a66e: performConfigurationChange setNightDimText nightDimLevel=0
04-15 09:53:49.294 19868 19868 D VRI[ComponentActivity]@231a66e: mThreadedRenderer.initialize() mSurface={isValid=true 0xb40000748c52efd0} hwInitialized=true
04-15 09:53:49.294 19868 19868 D VRI[ComponentActivity]@231a66e: reportNextDraw android.view.ViewRootImpl.performTraversals:5443 android.view.ViewRootImpl.doTraversal:3924 android.view.ViewRootImpl$TraversalRunnable.run:12903 android.view.Choreographer$CallbackRecord.run:1901 android.view.Choreographer$CallbackRecord.run:1910
04-15 09:53:49.294 19868 19868 D VRI[ComponentActivity]@231a66e: Setup new sync=wmsSync-VRI[ComponentActivity]@231a66e#8
04-15 09:53:49.294 19868 19868 I VRI[ComponentActivity]@231a66e: Creating new active sync group VRI[ComponentActivity]@231a66e#9
04-15 09:53:49.294 19868 19868 D VRI[ComponentActivity]@231a66e: registerCallbacksForSync syncBuffer=false
04-15 09:53:49.295 19868 19914 D VRI[ComponentActivity]@231a66e: Received frameDrawingCallback syncResult=0 frameNum=1.
04-15 09:53:49.295 19868 19914 I VRI[ComponentActivity]@231a66e: mWNT: t=0xb4000074fc50d190 mBlastBufferQueue=0xb40000741c596ac0 fn= 1 HdrRenderState mRenderHdrSdrRatio=1.0 caller= android.view.ViewRootImpl$12.onFrameDraw:15441 android.view.ThreadedRenderer$1.onFrameDraw:718 <bottom of call stack>
04-15 09:53:49.295 19868 19914 I VRI[ComponentActivity]@231a66e: Setting up sync and frameCommitCallback
04-15 09:53:49.296 19868 19901 I BLASTBufferQueue: [VRI[ComponentActivity]@231a66e#4](f:0,a:0,s:0) onFrameAvailable the first frame is available
04-15 09:53:49.296 19868 19901 I VRI[ComponentActivity]@231a66e: Received frameCommittedCallback lastAttemptedDrawFrameNum=1 didProduceBuffer=true
04-15 09:53:49.297  1151  1200 I SurfaceFlinger: [com.catfact.app.feature.facts.test/androidx.activity.ComponentActivity$_19868#18895] setTransactionState with the first frame. bufferData(ID: 85332410236944, frameNumber: 1)
04-15 09:53:49.297 19868 19901 D HWUI    : CFMS:: SetUp Pid : 19868    Tid : 19901
04-15 09:53:49.297 19868 19868 D VRI[ComponentActivity]@231a66e: reportDrawFinished seqId=0
04-15 09:53:49.297 19868 19868 I InsetsSourceConsumer: applyRequestedVisibilityToControl: visible=true, type=statusBars, host=com.catfact.app.feature.facts.test/androidx.activity.ComponentActivity
04-15 09:53:49.297  1542  1585 D SurfaceComposerClient: setCornerRadius ## e2546a2 Splash Screen com.catfact.app.feature.facts.test#18889 cornerRadius=0.000000
04-15 09:53:49.297  1542  1585 D SurfaceComposerClient: setCornerRadius ## ab5d2e4 com.catfact.app.feature.facts.test/androidx.activity.ComponentActivity#18893 cornerRadius=0.000000
04-15 09:53:49.298  1542  1585 D SurfaceComposerClient: setCornerRadius ## e2546a2 Splash Screen com.catfact.app.feature.facts.test#18889 cornerRadius=0.000000
04-15 09:53:49.298  1151  1200 I SurfaceFlinger: id=18900 createSurf, flag=24000, Surface(name=ab5d2e4 com.catfact.app.feature.facts.test/androidx.activity.ComponentActivity)/@0x67c4681 - animation-leash of starting_reveal#18900
04-15 09:53:49.298 19868 19868 I InsetsSourceConsumer: applyRequestedVisibilityToControl: visible=true, type=navigationBars, host=com.catfact.app.feature.facts.test/androidx.activity.ComponentActivity
04-15 09:53:49.300  1151  1151 I SurfaceFlinger: destroyed Surface(name=3edafdc StatusBar)/@0x3b919ed - animation-leash of insets_animation#18896
04-15 09:53:49.300  1151  1151 I SurfaceFlinger: destroyed Surface(name=8c5cec7 NavigationBar0)/@0xa68870 - animation-leash of insets_animation#18897
04-15 09:53:49.300  1151  1151 I SurfaceFlinger: [Surface(name=ab5d2e4 com.catfact.app.feature.facts.test/androidx.activity.ComponentActivity)/@0x67c4681 - animation-leash of starting_reveal#18900] attach to parent LayerHierarchy{RequestedLayerState{ActivityRecord{55680084 u0 com.catfact.app.feature.facts.test/androidx.activity.ComponentActivity t3883}#18888 parentId=18887} 4 children}
04-15 09:53:49.301  1542  1585 D SurfaceComposerClient: setCornerRadius ## ab5d2e4 com.catfact.app.feature.facts.test/androidx.activity.ComponentActivity#18893 cornerRadius=0.000000
04-15 09:53:49.301  2000  2105 D ShellTaskOrganizer: removeStartingWindow, removalInfo=StartingWindowRemovalInfo{taskId=3883 frame=Rect(0, 0 - 720, 1544) playRevealAnimation=true roundedCornerRadius=0.0 deferRemoveMode=0 windowlessSurface=false removeImmediately=false}
04-15 09:53:49.301  1542  1585 D SurfaceComposerClient: setCornerRadius ## e2546a2 Splash Screen com.catfact.app.feature.facts.test#18889 cornerRadius=0.000000
04-15 09:53:49.301  1542  1585 D SurfaceComposerClient: setCornerRadius ## ab5d2e4 com.catfact.app.feature.facts.test/androidx.activity.ComponentActivity#18893 cornerRadius=0.000000
04-15 09:53:49.301  1542  1585 D SurfaceComposerClient: setCornerRadius ## e2546a2 Splash Screen com.catfact.app.feature.facts.test#18889 cornerRadius=0.000000
04-15 09:53:49.301  1542  1585 D SurfaceComposerClient: setCornerRadius ## ab5d2e4 com.catfact.app.feature.facts.test/androidx.activity.ComponentActivity#18893 cornerRadius=0.000000
04-15 09:53:49.302  1542  2472 I SemDvfsHyPerManager: acquire hyper - AMS_RESUME_TAIL/1542@22, type = -999
04-15 09:53:49.302  1542  2472 I SemDvfsHyPerManager: acquire hyper - AMS_ACT_LAZY/1542@23, type = -999
04-15 09:53:49.302  1059  1180 I HYPER-HAL: [RequestManager.cpp]acquire(): Acquired ID : 1223852  [1542 / 22]    HINT : AMS_RESUME_TAIL    list :
04-15 09:53:49.302  1151  1151 I Layer   : id=18896 Destroyed Surface(name=3edafdc StatusBar)/@0x3b919ed - animation-leash of insets_animation#18896
04-15 09:53:49.302  1151  1151 I Layer   : id=18897 Destroyed Surface(name=8c5cec7 NavigationBar0)/@0xa68870 - animation-leash of insets_animation#18897
04-15 09:53:49.303  1059  1180 I HYPER-HAL: [ResourceManager.cpp]removeResource(): [CPULittleMinFreq] RemoveResource Request ID : 1233263
04-15 09:53:49.307  2000  2195 I VRI[test]@cbc6d73: mWNT: t=0xb4000074fc790c50 mBlastBufferQueue=0xb40000741cf727e0 fn= 2 HdrRenderState mRenderHdrSdrRatio=1.0 caller= android.view.SyncRtSurfaceTransactionApplier.applyTransaction:100 android.view.SyncRtSurfaceTransactionApplier.lambda$scheduleApply$0:73 android.view.SyncRtSurfaceTransactionApplier.$r8$lambda$afI4fXg3U3-nBZQEDQMiNy-B06s:0
04-15 09:53:49.307  2000  2195 I VRI[test]@cbc6d73: mWNT: t=0xb4000074fc7d45d0 mBlastBufferQueue=0xb40000741cf727e0 fn= 2 HdrRenderState mRenderHdrSdrRatio=1.0 caller= android.view.SyncRtSurfaceTransactionApplier.applyTransaction:100 android.view.SyncRtSurfaceTransactionApplier.lambda$scheduleApply$0:73 android.view.SyncRtSurfaceTransactionApplier.$r8$lambda$afI4fXg3U3-nBZQEDQMiNy-B06s:0
04-15 09:53:49.307  1151  2758 I SurfaceFlinger: id=18882 Removed Surface(name=3edafdc StatusBar)/@0x3b919ed - animation-leash of insets_animation#18882 (217)
04-15 09:53:49.307  1151  2758 I SurfaceFlinger: id=18883 Removed Surface(name=8c5cec7 NavigationBar0)/@0xa68870 - animation-leash of insets_animation#18883 (217)
04-15 09:53:49.308  1151  1338 D SurfaceFlinger: [input] setFocusedWindow: ab5d2e4 com.catfact.app.feature.facts.test/androidx.activity.ComponentActivity
04-15 09:53:49.308  1151  1151 I SurfaceFlinger: destroyed Surface(name=8c5cec7 NavigationBar0)/@0xa68870 - animation-leash of insets_animation#18883
04-15 09:53:49.308  1151  1151 I SurfaceFlinger: destroyed Surface(name=3edafdc StatusBar)/@0x3b919ed - animation-leash of insets_animation#18882
04-15 09:53:49.308  1542  4235 D InputDispatcher: Once focus requested (0): ab5d2e4 com.catfact.app.feature.facts.test/androidx.activity.ComponentActivity
04-15 09:53:49.308  1542  4235 D InputDispatcher: Focus request (0): ab5d2e4 com.catfact.app.feature.facts.test/androidx.activity.ComponentActivity but waiting because NO_WINDOW
04-15 09:53:49.309  1059  1180 I HYPER-HAL: [RequestManager.cpp]releaseLocked(): Released ID : 1233263
04-15 09:53:49.310  1151  1151 I Layer   : id=18883 Destroyed Surface(name=8c5cec7 NavigationBar0)/@0xa68870 - animation-leash of insets_animation#18883
04-15 09:53:49.310  1151  1151 I Layer   : id=18882 Destroyed Surface(name=3edafdc StatusBar)/@0x3b919ed - animation-leash of insets_animation#18882
04-15 09:53:49.312  1542  3015 I NSLocationMonitor: getGPSUsingApps() called
04-15 09:53:49.312  1542  1581 I PkgPredictorService-SecIpmManagerServiceImpl: reportToNAP uid:10749 com.catfact.app.feature.facts.test/androidx.activity.ComponentActivity thisTime:102
04-15 09:53:49.312  1542  1581 D PkgPredictorService-SecIpmManagerServiceImpl: reportToNAP: mHeavyLaunchCounter is false
04-15 09:53:49.312  2982  3043 I NSLocationManager_FLP: getGPSUsingApps, No change
04-15 09:53:49.313  1542  2944 D PkgPredictorService-SecIpmManagerServiceImpl: ACTION_FOREGROUND_FINISH_EVENT sCurForegroundApp :com.catfact.app.feature.facts.test
04-15 09:53:49.314  1542  1581 I ActivityTaskManager: Displayed com.catfact.app.feature.facts.test/androidx.activity.ComponentActivity for user 0: +102ms
04-15 09:53:49.314  3152  3152 E pageboostd: Received HALT command code 2
04-15 09:53:49.315  2000  2194 I VRI[test]@cbc6d73: mWNT: t=0xb4000074fc73da50 mBlastBufferQueue=0xb40000741cf727e0 fn= 3 HdrRenderState mRenderHdrSdrRatio=1.0 caller= android.view.SyncRtSurfaceTransactionApplier.applyTransaction:100 android.view.SyncRtSurfaceTransactionApplier.lambda$scheduleApply$0:73 android.view.SyncRtSurfaceTransactionApplier.$r8$lambda$afI4fXg3U3-nBZQEDQMiNy-B06s:0
04-15 09:53:49.317  1151  1151 I SurfaceFlinger: RequestedLayer [com.catfact.app.feature.facts.test/a[...]ivity.ComponentActivity$_19868#18895] hidden!! flag  from(1) --> to(0)
04-15 09:53:49.317  1151  1151 I SurfaceFlinger: [LayerHierarchy{RequestedLayerState{ab5d2e4 com.catfact.app.feature.facts.test/androidx.activity.ComponentActivity#18893 parentId=18900} 1 children}] reparent to LayerHierarchy{RequestedLayerState{Surface(name=ab5d2e4 com.catfact.app.feature.facts.test/androidx.activity.ComponentActivity)/@0x67c4681 - animation-leash of starting_reveal#18900 parentId=18888} 1 children}
04-15 09:53:49.320  1542  1585 D SurfaceComposerClient: setCornerRadius ## e2546a2 Splash Screen com.catfact.app.feature.facts.test#18889 cornerRadius=0.000000
04-15 09:53:49.320  1542  1585 D SurfaceComposerClient: setCornerRadius ## ab5d2e4 com.catfact.app.feature.facts.test/androidx.activity.ComponentActivity#18893 cornerRadius=0.000000
04-15 09:53:49.325  1542  3015 I NSLocationMonitor: getGPSUsingApps() called
04-15 09:53:49.325  2000  2195 I VRI[test]@cbc6d73: mWNT: t=0xb4000074fc761d90 mBlastBufferQueue=0xb40000741cf727e0 fn= 4 HdrRenderState mRenderHdrSdrRatio=1.0 caller= android.view.SyncRtSurfaceTransactionApplier.applyTransaction:100 android.view.SyncRtSurfaceTransactionApplier.lambda$scheduleApply$0:73 android.view.SyncRtSurfaceTransactionApplier.$r8$lambda$afI4fXg3U3-nBZQEDQMiNy-B06s:0
04-15 09:53:49.325  2982  3043 I NSLocationManager_FLP: getGPSUsingApps, No change
04-15 09:53:49.327  1151  1151 D SurfaceFlinger: Display 4633128672291735999 HWC layers:
04-15 09:53:49.327  1151  1151 D SurfaceFlinger:        CLIENT |           17089674871060 | 00002102 | RGBA_8888    |   68.0    0.0  720.0 1544.0 |    0    0  720 1544 | com.google.android.calendar/com.goog[...]AllInOneCalendarActivity$_3979#18879 (20)
04-15 09:53:49.327  1151  1151 D SurfaceFlinger:   SOLID_COLOR |                        0 | 00000000 | N/A          |    0.0    0.0    0.0    0.0 |    0    0  720 1544 | DimTransitionLayer for Surface(name=Task=3883)/@0x42c47c7#18892 (0)
04-15 09:53:49.327  1151  1151 D SurfaceFlinger:        DEVICE |           85332410236944 | 00002102 | RGBA_8888    |    0.0    0.0  219.0 1506.0 |  501   38  720 1544 | com.catfact.app.feature.facts.test/a[...]ivity.ComponentActivity$_19868#18895 (1)
04-15 09:53:49.327  1151  1151 D SurfaceFlinger:        DEVICE |            8589934656000 | 00002100 | RGBA_8888    |    0.0    0.0  219.0 1544.0 |  501    0  720 1544 | Splash Screen com.catfact.app.feature.facts.test$_2000#18890 (2)
04-15 09:53:49.327  1151  1151 D SurfaceFlinger:        DEVICE |            8589934654694 | 00002100 | RGBA_8888    |    0.0    0.0  720.0   50.0 |    0    0  720   50 | StatusBar$_2000#102 (26505)
04-15 09:53:49.327  1151  1151 D SurfaceFlinger:        DEVICE |           10569914518889 | 00002100
04-15 09:53:49.327  1151  1151 D SurfaceFlinger: | RGBA_8888    |    0.0    0.0   67.0  353.0 |  653  192  720  545 | com.sec.android.app.launcher/com.sam[...]l.app.CocktailBarService$_2461#16495 (1)
04-15 09:53:49.327  1151  1151 D SurfaceFlinger:        DEVICE |            8589934654691 | 00002100 | RGBA_8888    |    0.0    0.0  720.0   90.0 |    0 1454  720 1544 | NavigationBar0$_2000#98 (17293)
04-15 09:53:49.327  1151  1151 D SurfaceFlinger:
04-15 09:53:49.327  1542  2472 D InputDispatcher: Focus entered window (0): ab5d2e4 com.catfact.app.feature.facts.test/androidx.activity.ComponentActivity
04-15 09:53:49.327 19868 19868 D VRI[ComponentActivity]@231a66e: mThreadedRenderer.initializeIfNeeded()#2 mSurface={isValid=true 0xb40000748c52efd0}
04-15 09:53:49.328 19868 19868 D InputMethodManagerUtils: startInputInner - Id : 0
04-15 09:53:49.328 19868 19868 I InputMethodManager: startInputInner - IInputMethodManagerGlobalInvoker.startInputOrWindowGainedFocus
04-15 09:53:49.331  1542  1750 I ImeTracker: com.catfact.app.feature.facts.test:f2e95014: onRequestHide at ORIGIN_SERVER reason HIDE_UNSPECIFIED_WINDOW fromUser false
04-15 09:53:49.332  2000  2194 I VRI[test]@cbc6d73: mWNT: t=0xb4000074fc70c510 mBlastBufferQueue=0xb40000741cf727e0 fn= 5 HdrRenderState mRenderHdrSdrRatio=1.0 caller= android.view.SyncRtSurfaceTransactionApplier.applyTransaction:100 android.view.SyncRtSurfaceTransactionApplier.lambda$scheduleApply$0:73 android.view.SyncRtSurfaceTransactionApplier.$r8$lambda$afI4fXg3U3-nBZQEDQMiNy-B06s:0
04-15 09:53:49.333 19868 19868 I InputMethodManager: handleMessage: setImeVisibility visible=false
04-15 09:53:49.335 19868 19868 D InsetsController: hide(ime(), fromIme=false)
04-15 09:53:49.335 19868 19868 I ImeTracker: com.catfact.app.feature.facts.test:f2e95014: onCancelled at PHASE_CLIENT_ALREADY_HIDDEN
04-15 09:53:49.334  2461  4418 I HoneySpace.RecentTasks: onRecentTasksChanged
04-15 09:53:49.336  3979  3979 D InputTransport: Input channel destroyed: 'ClientS', fd=214
04-15 09:53:49.337  3963  4335 I SemDvfsHyPerManager: acquire hyper - BaseTABoost/3963@25, type = -999
04-15 09:53:49.337  1059  1180 I HYPER-HAL: [RequestManager.cpp]acquire(): Acquired ID : 7954091  [3963 / 25]    HINT :      list : [TABoost / 1]
04-15 09:53:49.340  2000  2195 I VRI[test]@cbc6d73: mWNT: t=0xb4000074fc757ad0 mBlastBufferQueue=0xb40000741cf727e0 fn= 6 HdrRenderState mRenderHdrSdrRatio=1.0 caller= android.view.SyncRtSurfaceTransactionApplier.applyTransaction:100 android.view.SyncRtSurfaceTransactionApplier.lambda$scheduleApply$0:73 android.view.SyncRtSurfaceTransactionApplier.$r8$lambda$afI4fXg3U3-nBZQEDQMiNy-B06s:0
04-15 09:53:49.343  3756  3756 I HBD     : HoneyBoardService onFinishInput
04-15 09:53:49.343  1542  1750 D InputTransport: Input channel constructed: 'ClientS', fd=1437
04-15 09:53:49.344  3756  3756 I HBD     : a IC have been unbinding,  RemoteInputConnection{idHash=#4236e60}
04-15 09:53:49.344  3756  3756 I HBD     : HoneyBoardService [PF_CL][onFinishInput]  1 ms
04-15 09:53:49.344  3756  3756 I HBD     : HoneyBoardService [IMI] onStartInput - caller pid : 19868 , caller uid : 10749
04-15 09:53:49.344  3756  3756 I HBD     : k updateConfigs
04-15 09:53:49.344  3756  3756 I HBD     : k isEnabledNightMode : true
04-15 09:53:49.344  1542  1750 D InputTransport: Input channel destroyed: 'ClientS', fd=1437
04-15 09:53:49.344  3756  3756 I HBD     : a IC have been binding, RemoteInputConnection{idHash=#9cc19b7}
04-15 09:53:49.344  3756  3756 I HBD     : h [EditorInputType]setPrivateImeOptionsToTable privateImeOptions ( null )
04-15 09:53:49.344  3756  3756 I HBD     : b incognitoMode : false
04-15 09:53:49.344  3756  3756 I HBD     : c needOff = true , isForceOff = false, isNullInputClass : true
04-15 09:53:49.344 19868 19878 D InputTransport: Input channel constructed: 'ClientS', fd=136
04-15 09:53:49.344  3756  3756 I HBD     : h getDefaultInputRange : UNKNOWN
04-15 09:53:49.344  3756  3756 I HBD     : h getDefaultInputRange : UNKNOWN
04-15 09:53:49.344  3756  3756 I HBD     : h getDefaultInputRange : UNKNOWN
04-15 09:53:49.344  3756  3756 I HBD     : c needOff = true , isForceOff = false, isNullInputClass : true
04-15 09:53:49.344  3756  3756 I HBD     : c update cached prediction status : false
04-15 09:53:49.345  3756  3756 I HBD     : h getDefaultInputRange : UNKNOWN
04-15 09:53:49.345  3756  3756 I HBD     : a currentState : 0
04-15 09:53:49.345  3756  3756 I HBD     : a [UpdatePolicy] [post] a: 0 cl: 65538 kit: [0/0] vt: 0 ir: 1
04-15 09:53:49.345  1151  2479 I SurfaceFlinger: id=18901 createSurf, flag=24004, Surface(name=1d7a05f InputMethod)/@0x5f77a9d - animation-leash of insets_animation#18901
04-15 09:53:49.345  3756  3756 I HBD     : a [NRIC] resetNoResponseState
04-15 09:53:49.345  3756  3756 I HBD     : c needOff = true , isForceOff = false, isNullInputClass : true
04-15 09:53:49.345  3756  3756 I HBD     : c update cached prediction status : false
04-15 09:53:49.345  3756  3756 I HBD     : HoneyBoardService [PF_OP][onStartInput]  1 ms
04-15 09:53:49.346  3756  3756 I HBD     : [DirectWriting] DirectWriting emitInputConnection : RemoteInputConnection{idHash=#9cc19b7}
04-15 09:53:49.347  1542  2475 I ImeTracker: system_server:5f8afc4b: onRequestHide at ORIGIN_SERVER reason IME_REQUESTED_CHANGED_LISTENER fromUser false
04-15 09:53:49.348  1542  1584 I ImeTracker: system_server:5f8afc4b: onCancelled at PHASE_SERVER_SHOULD_HIDE
04-15 09:53:49.348  1542  1585 D SurfaceComposerClient: setCornerRadius ## e2546a2 Splash Screen com.catfact.app.feature.facts.test#18889 cornerRadius=0.000000
04-15 09:53:49.348  1542  1585 D SurfaceComposerClient: setCornerRadius ## ab5d2e4 com.catfact.app.feature.facts.test/androidx.activity.ComponentActivity#18893 cornerRadius=0.000000
04-15 09:53:49.348  1151  1151 I SurfaceFlinger: [Surface(name=1d7a05f InputMethod)/@0x5f77a9d - animation-leash of insets_animation#18901] attach to parent LayerHierarchy{RequestedLayerState{WindowToken{d080c22 type=2011 android.os.Binder@459a5ed}#120 parentId=15} 2 children}
04-15 09:53:49.349  2000  2194 I VRI[test]@cbc6d73: mWNT: t=0xb4000074fc7be290 mBlastBufferQueue=0xb40000741cf727e0 fn= 7 HdrRenderState mRenderHdrSdrRatio=1.0 caller= android.view.SyncRtSurfaceTransactionApplier.applyTransaction:100 android.view.SyncRtSurfaceTransactionApplier.lambda$scheduleApply$0:73 android.view.SyncRtSurfaceTransactionApplier.$r8$lambda$afI4fXg3U3-nBZQEDQMiNy-B06s:0
04-15 09:53:49.352  3723  3735 I [AirCmd]_ActivitySwitchDetector: onTaskStackChanged : componentName - ComponentInfo{com.catfact.app.feature.facts.test/androidx.activity.ComponentActivity}
04-15 09:53:49.357  1542  2475 I WindowManager: Relayout Window{e2546a2 u0 Splash Screen com.catfact.app.feature.facts.test}: viewVisibility=8 req=720x1544 ty=3 d0
04-15 09:53:49.358  1542  2475 D SurfaceComposerClient: setCornerRadius ## ab5d2e4 com.catfact.app.feature.facts.test/androidx.activity.ComponentActivity#18893 cornerRadius=0.000000
04-15 09:53:49.358  1542  2475 D SurfaceComposerClient: setCornerRadius ## e2546a2 Splash Screen com.catfact.app.feature.facts.test#18889 cornerRadius=0.000000
04-15 09:53:49.358  1542  2475 D SurfaceComposerClient: setCornerRadius ## ab5d2e4 com.catfact.app.feature.facts.test/androidx.activity.ComponentActivity#18893 cornerRadius=0.000000
04-15 09:53:49.358  1542  2475 I WindowManager: Relayout hash=e2546a2, pid=2000, syncId=-1: mAttrs={(0,0)(fillxfill) sim={adjust=pan} layoutInDisplayCutoutMode=always ty=APPLICATION_STARTING fmt=TRANSLUCENT wanim=0x1030317
04-15 09:53:49.358  1542  2475 I WindowManager:   fl=81030118
04-15 09:53:49.358  1542  2475 I WindowManager:   pfl=10000810
04-15 09:53:49.358  1542  2475 I WindowManager:   apr=18
04-15 09:53:49.358  1542  2475 I WindowManager:   bhv=1
04-15 09:53:49.358  1542  2475 I WindowManager:   fitSides=0
04-15 09:53:49.358  1542  2475 I WindowManager:   frameRateBoostOnTouch=true
04-15 09:53:49.358  1542  2475 I WindowManager:   dvrrWindowFrameRateHint=true naviIconColor=0}
04-15 09:53:49.359  2000  2120 I VRI[test]@cbc6d73: onActiveControlsChanged, removed=false, mAdded=true, caller=android.view.ViewRootImpl.handleInsetsControlChanged:3002 android.view.ViewRootImpl.relayoutWindow:11629 android.view.ViewRootImpl.performTraversals:4804 android.view.ViewRootImpl.doTraversal:3924 android.view.ViewRootImpl$TraversalRunnable.run:12903
04-15 09:53:49.359  2000  2120 I VRI[test]@cbc6d73: Relayout returned: old=(0,0,720,1544) new=(0,0,720,1544) relayoutAsync=false req=(720,1544)8 dur=2 res=0x2 s={false 0x0} ch=true seqId=0
04-15 09:53:49.359  2000  2120 D VRI[test]@cbc6d73: Not drawing due to not visible. Reason=View.GONE
04-15 09:53:49.359  2000  2120 I VRI[test]@cbc6d73: dispatchDetachedFromWindow
04-15 09:53:49.360  1218  6568 I CameraService: onUidStateChanged: uid=10048, procState is changed. (1 -> 0)
04-15 09:53:49.360  1542  2472 D InputTransport: Input channel destroyed: 'e2546a2', fd=1041
04-15 09:53:49.360  1542  2472 D SurfaceComposerClient: setCornerRadius ## ab5d2e4 com.catfact.app.feature.facts.test/androidx.activity.ComponentActivity#18893 cornerRadius=0.000000
04-15 09:53:49.360  1542  2472 D SurfaceComposerClient: setCornerRadius ## ab5d2e4 com.catfact.app.feature.facts.test/androidx.activity.ComponentActivity#18893 cornerRadius=0.000000
04-15 09:53:49.361  2000  2120 D InputTransport: Input channel destroyed: 'e2546a2', fd=595
04-15 09:53:49.364  1151  1151 I SurfaceFlinger: RequestedLayer [Surface(name=1d7a05f InputMethod)/@0[...]tion-leash of insets_animation#18901] hidden!! flag  from(1) --> to(0)
04-15 09:53:49.365  1151  1151 E SurfaceFlinger: alpha changed 1.000 -> 0.000 - Surface(name=1d7a05f InputMethod)/@0x5f77a9d - animation-leash of insets_animation#18901
04-15 09:53:49.365  1151  1151 I SurfaceFlinger: [LayerHierarchy{RequestedLayerState{ImeContainer#15 parentId=18888 relativeParentId=18888 z=3} 1 children}] reparent to LayerHierarchy{RequestedLayerState{ActivityRecord{55680084 u0 com.catfact.app.feature.facts.test/androidx.activity.ComponentActivity t3883}#18888 parentId=18887} 4 children}
04-15 09:53:49.365  1151  1151 I SurfaceFlinger: [LayerHierarchy{RequestedLayerState{ImeContainer#15 parentId=18888 relativeParentId=18888 z=3} 1 children}] RelativeParent to null
04-15 09:53:49.365  1151  1151 I SurfaceFlinger: [LayerHierarchy{RequestedLayerState{1d7a05f InputMethod#134 parentId=18901} no children}] reparent to LayerHierarchy{RequestedLayerState{Surface(name=1d7a05f InputMethod)/@0x5f77a9d - animation-leash of insets_animation#18901 parentId=120} 1 children}
04-15 09:53:49.365  1151  1151 I SurfaceFlinger: [LayerHierarchy{RequestedLayerState{Surface(name=1d7a05f InputMethod)/@0x5f77a9d - animation-leash of insets_animation#18885} no children}] reparent to OffscreenRoot
04-15 09:53:49.365  1151  1151 I SurfaceFlinger: [LayerHierarchy{RequestedLayerState{Surface(name=1d7a05f InputMethod)/@0x5f77a9d - animation-leash of insets_animation#18885} no children}] RelativeParent to null
04-15 09:53:49.365  1542  1585 D SurfaceComposerClient: setCornerRadius ## ab5d2e4 com.catfact.app.feature.facts.test/androidx.activity.ComponentActivity#18893 cornerRadius=0.000000
04-15 09:53:49.368  1151  1378 I SurfaceFlinger: id=18885 Removed Surface(name=1d7a05f InputMethod)/@0x5f77a9d - animation-leash of insets_animation#18885 (216)
04-15 09:53:49.369  2000  2000 D SystemUIService: SYSUI_RAM_OPTIMIZATION onTrimMemory=20
04-15 09:53:49.369  2000  2000 D CentralSurfaces: SYSUI_RAM_OPTIMIZATION onTrimMemory=20
04-15 09:53:49.369  3756  3756 I InputMethodService: scheduleImeSurfaceRemoval: canceled, mShowInputRequested=false, mWindowVisible=false, IsmWindowNull=false, IsmImeSurfaceRemoverRunnableNotNull=true
04-15 09:53:49.369  2000  2196 D HWUI    : CacheManager::trimMemory(20)
04-15 09:53:49.372  1151  1151 I SurfaceFlinger: RequestedLayer [Splash Screen com.catfact.app.feature.facts.test$_2000#18890] hidden!! flag  from(0) --> to(1)
04-15 09:53:49.372  1151  1151 I SurfaceFlinger: destroyed Surface(name=1d7a05f InputMethod)/@0x5f77a9d - animation-leash of insets_animation#18885
04-15 09:53:49.372  1151  1151 I SurfaceFlinger: [LayerHierarchy{RequestedLayerState{ab5d2e4 com.catfact.app.feature.facts.test/androidx.activity.ComponentActivity#18893 parentId=18888} 1 children}] reparent to LayerHierarchy{RequestedLayerState{ActivityRecord{55680084 u0 com.catfact.app.feature.facts.test/androidx.activity.ComponentActivity t3883}#18888 parentId=18887} 5 children}
04-15 09:53:49.372  1151  1151 I SurfaceFlinger: [LayerHierarchy{RequestedLayerState{Surface(name=ab5d2e4 com.catfact.app.feature.facts.test/androidx.activity.ComponentActivity)/@0x67c4681 - animation-leash of starting_reveal#18900} no children}] reparent to OffscreenRoot
04-15 09:53:49.372  1151  1151 I SurfaceFlinger: [LayerHierarchy{RequestedLayerState{Surface(name=ab5d2e4 com.catfact.app.feature.facts.test/androidx.activity.ComponentActivity)/@0x67c4681 - animation-leash of starting_reveal#18900} no children}] RelativeParent to null
04-15 09:53:49.373  1151  1151 I Layer   : id=18885 Destroyed Surface(name=1d7a05f InputMethod)/@0x5f77a9d - animation-leash of insets_animation#18885
04-15 09:53:49.378  1151  1151 D SurfaceFlinger: Display 4633128672291735999 HWC layers:
04-15 09:53:49.378  1151  1151 D SurfaceFlinger:        CLIENT |           17089674871063 | 00002102 | RGBA_8888    |  160.0    0.0  720.0 1544.0 |    0    0  720 1544 | com.google.android.calendar/com.goog[...]AllInOneCalendarActivity$_3979#18879 (21)
04-15 09:53:49.378  1151  1151 D SurfaceFlinger:   SOLID_COLOR |                        0 | 00000000 | N/A          |    0.0    0.0    0.0    0.0 |    0    0  720 1544 | DimTransitionLayer for Surface(name=Task=3883)/@0x42c47c7#18892 (0)
04-15 09:53:49.378  1151  1151 D SurfaceFlinger:        DEVICE |           85332410236944 | 00002102 | RGBA_8888    |    0.0    0.0  512.0 1544.0 |  208    0  720 1544 | com.catfact.app.feature.facts.test/a[...]ivity.ComponentActivity$_19868#18895 (1)
04-15 09:53:49.378  1151  1151 D SurfaceFlinger:        DEVICE |            8589934654704 | 00002100 | RGBA_8888    |    0.0    0.0  720.0   50.0 |    0    0  720   50 | StatusBar$_2000#102 (26511)
04-15 09:53:49.378  1151  1151 D SurfaceFlinger:        DEVICE |           10569914518889 | 00002100 | RGBA_8888    |    0.0    0.0   67.0  353.0 |  653  192  720  545 | com.sec.android.app.launcher/com.sam[...]l.app.CocktailBarService$_2461#16495 (1)
04-15 09:53:49.378  1151  1151 D SurfaceFlinger:        DEVICE |            85899346
04-15 09:53:49.378  1151  1151 D SurfaceFlinger: 54693 | 00002100 | RGBA_8888    |    0.0    0.0  720.0   90.0 |    0 1454  720 1544 | NavigationBar0$_2000#98 (17299)
04-15 09:53:49.378  1151  1151 D SurfaceFlinger:
04-15 09:53:49.416  2000  2000 D QSClock : onDarkChanged tint=DARK
04-15 09:53:49.476  3979  3988 I ndroid.calendar: Background concurrent mark compact GC freed 34MB AllocSpace bytes, 0(0B) LOS objects, 65% free, 25MB/73MB, paused 1.365ms,2.818ms total 116.173ms
04-15 09:53:49.495  1151  2910 D NativeSemDvfsManager: acquire:: timeout = 2000 mIsAcquired = 1  mTagName : SurfaceFlinger
04-15 09:53:49.495  1151  2910 E NativeCustomFrequencyManager: [NativeCFMS] BpCustomFrequencyManager::acquire()
04-15 09:53:49.495  1059  1180 I HYPER-HAL: [RequestManager.cpp]acquire(): Acquired ID : 2315476  [1151 / 1000]    HINT : SF_GPU_MINLOCK    list : [TIMEOUT / 2000]
04-15 09:53:49.507  1151  1151 D SurfaceFlinger: GPIS:: requestGpisForClientComposition
04-15 09:53:49.552  2461  2461 I HoneySpace.EdgePanel.EdgeVisibilityRepository: getComputedTrayVisible : keyguardState = 1
04-15 09:53:49.552  2461  2461 I HoneySpace.EdgePanel.EdgeVisibilityRepository: updateTrayVisible: State = 0x1, visible = true, current containerState = 0, specificMode = 0
04-15 09:53:49.552  2461  2461 I HoneySpace.EdgePanel.EdgeVisibilityRepository: Same container state 0
04-15 09:53:49.580  3756  3756 I InputMethodService: removeImeSurface
04-15 09:53:49.581  3756  3756 I InputMethodService: cancelImeSurfaceRemoval: removeCallbacks
04-15 09:53:49.598  1144  1154 E HeatmapThread: ECT Thread time in milliseconds: 1776239629
04-15 09:53:49.598  1144  1154 D HeatmapThread: !@ batteryplugType : 0
04-15 09:53:49.598  1144  1154 D HeatmapThread: !@ batteryLevel : 0  batteryTemperature : 0
04-15 09:53:49.598  1144  1154 D HeatmapThread: !@ Heatmap currtime: 29603993
04-15 09:53:49.598  1144  1154 D HeatmapThread: !@ Heatmap prevtime: 29603990
04-15 09:53:49.598  1144  1154 D HeatmapThread: !@ Heatmap plugstarttime: 35791394
04-15 09:53:49.598  1144  1154 D HeatmapThread: !@ Heatmap prevv_dsoh_update_time: 29597770
04-15 09:53:49.598  1144  1154 E HeatmapThread: !@Could not open '/efs/FactoryApp/bsoh', errno = 13
04-15 09:53:49.598  1144  1154 E HeatmapThread: !@ CAM Could not access BSOH EFS
04-15 09:53:49.598  1144  1154 E HeatmapThread: !@ CAM New BSOH: 0
04-15 09:53:49.603  1059 19977 I HYPER-HAL: [RequestManager.cpp]releaseLocked(): Released ID : 1223852
04-15 09:53:49.711  1151  1151 D SurfaceFlinger: Display 4633128672291735999 HWC layers:
04-15 09:53:49.711  1151  1151 D SurfaceFlinger:        DEVICE |           85332410236944 | 00002102 | RGBA_8888    |    0.0    0.0  720.0 1544.0 |    0    0  720 1544 | com.catfact.app.feature.facts.test/a[...]ivity.ComponentActivity$_19868#18895 (1)
04-15 09:53:49.711  1151  1151 D SurfaceFlinger:        DEVICE |            8589934654704 | 00002100 | RGBA_8888    |    0.0    0.0  720.0   50.0 |    0    0  720   50 | StatusBar$_2000#102 (26519)
04-15 09:53:49.711  1151  1151 D SurfaceFlinger:        DEVICE |           10569914518889 | 00002100 | RGBA_8888    |    0.0    0.0   67.0  353.0 |  653  192  720  545 | com.sec.android.app.launcher/com.sam[...]l.app.CocktailBarService$_2461#16495 (1)
04-15 09:53:49.711  1151  1151 D SurfaceFlinger:        DEVICE |            8589934654692 | 00002100 | RGBA_8888    |    0.0    0.0  720.0   90.0 |    0 1454  720 1544 | NavigationBar0$_2000#98 (17306)
04-15 09:53:49.711  1151  1151 D SurfaceFlinger:
04-15 09:53:49.718  2000  2105 I SurfaceControlRegistry: apply, t=FinishTransaction_SyncId<1685>, caller=android.view.SurfaceControl$Transaction.apply:3459 android.view.SurfaceControl$Transaction.apply:3447 android.view.SurfaceControl$Transaction.apply:3397 com.android.wm.shell.transition.Transitions.onFinish:315 com.android.wm.shell.transition.Transitions$$ExternalSyntheticLambda7.onTransitionFinished:12 com.android.wm.shell.transition.DefaultTransitionHandler$$ExternalSyntheticLambda2.run:36
04-15 09:53:49.719  1542  1553 I system_server: Background concurrent mark compact GC freed 43MB AllocSpace bytes, 177(4804KB) LOS objects, 24% free, 144MB/192MB, paused 1.998ms,8.422ms total 462.305ms
04-15 09:53:49.722  1151  1151 I SurfaceFlinger: RequestedLayer [Task=3801#16292] hidden!! flag  from(0) --> to(1)
04-15 09:53:49.722  2000  2000 D SystemUIService: SYSUI_RAM_OPTIMIZATION onTrimMemory=20
04-15 09:53:49.722  1542  2103 D SurfaceComposerClient: setCornerRadius ## ab5d2e4 com.catfact.app.feature.facts.test/androidx.activity.ComponentActivity#18893 cornerRadius=0.000000
04-15 09:53:49.723  1151  1151 I SurfaceFlinger: [LayerHierarchy{RequestedLayerState{Task=3801#16292 parentId=10 z=12} 1 children}] reparent to LayerHierarchy{RequestedLayerState{DefaultTaskDisplayArea_d0#10 parentId=9} 16 children}
04-15 09:53:49.723  1151  1151 I SurfaceFlinger: [LayerHierarchy{RequestedLayerState{Task=3883#18887 parentId=10 z=13} 2 children}] reparent to LayerHierarchy{RequestedLayerState{DefaultTaskDisplayArea_d0#10 parentId=9} 17 children}
04-15 09:53:49.723  1151  1151 I SurfaceFlinger: [LayerHierarchy{RequestedLayerState{Transition Root: Task=3883#18891 z=13} 1 children}] reparent to OffscreenRoot
04-15 09:53:49.723  1151  1151 I SurfaceFlinger: [LayerHierarchy{RequestedLayerState{Transition Root: Task=3883#18891 z=13} 1 children}] RelativeParent to null
04-15 09:53:49.723  1151  1151 I SurfaceFlinger: [LayerHierarchy{RequestedLayerState{DimTransitionLayer for Surface(name=Task=3883)/@0x42c47c7#18892 z=-1} no children}] reparent to OffscreenRoot
04-15 09:53:49.723  1151  1151 I SurfaceFlinger: [LayerHierarchy{RequestedLayerState{DimTransitionLayer for Surface(name=Task=3883)/@0x42c47c7#18892 z=-1} no children}] RelativeParent to null
04-15 09:53:49.723  1542  2103 D SurfaceComposerClient: setCornerRadius ## ab5d2e4 com.catfact.app.feature.facts.test/androidx.activity.ComponentActivity#18893 cornerRadius=0.000000
04-15 09:53:49.725  1151  1151 I SurfaceFlinger: id=18892 Removed DimTransitionLayer for Surface(name=Task=3883)/@0x42c47c7#18892 (215)
04-15 09:53:49.725  1151  1151 I SurfaceFlinger: id=18891 Removed Transition Root: Task=3883#18891 (215)
04-15 09:53:49.726  2000  2000 D CentralSurfaces: SYSUI_RAM_OPTIMIZATION onTrimMemory=20
04-15 09:53:49.726  2000  2196 D HWUI    : CacheManager::trimMemory(20)
04-15 09:53:49.727  2000  2000 D SamsungLightBarControlHelper: updateStatusBar (WHITE icon) numStacks:1, StatusBarMode:MODE_TRANSPARENT, lightBarBounds:[], StatusBarState:SHADE, packageName:, isWhiteKeyguardStatusBar:false
04-15 09:53:49.727  2000  2000 D SamsungLightBarControlHelper: onStatusBarAppearanceChanged() -  sbModeChanged:false, statusBarMode:0, barState:MODE_TRANSPARENT, isKeyguardShowing:false, navbarColorManagedByIme:false, (AppearanceRegion{ bounds=[0,0][720,1544]}, )
04-15 09:53:49.729  1542  1585 D SurfaceComposerClient: setCornerRadius ## ab5d2e4 com.catfact.app.feature.facts.test/androidx.activity.ComponentActivity#18893 cornerRadius=0.000000
04-15 09:53:49.731  1151  1151 I SurfaceFlinger: [Display 0 name="Built-in Screen"#49] setFrameRateCategory: Default
04-15 09:53:49.731  3979  3979 I VRI[AllInOneCalendarActivity]@b9f1f74: stopped(true) old = false
04-15 09:53:49.731  3979  3979 D VRI[AllInOneCalendarActivity]@b9f1f74: WindowStopped on com.google.android.calendar/com.google.android.calendar.allinone.AllInOneCalendarActivity set to true
04-15 09:53:49.731  1151  1151 I SurfaceFlinger: RequestedLayer [com.google.android.calendar/com.goog[...]AllInOneCalendarActivity$_3979#18879] hidden!! flag  from(0) --> to(1)
04-15 09:53:49.731  1151  1151 I SurfaceFlinger: RequestedLayer [ActivityRecord{243114305 u0 com.goog[...]llInOneCalendarActivity t3801}#16293] hidden!! flag  from(0) --> to(1)
04-15 09:53:49.731  1151  1151 I SurfaceFlinger: destroyed Transition Root: Task=3883#18891
04-15 09:53:49.731  1151  1151 I SurfaceFlinger: destroyed DimTransitionLayer for Surface(name=Task=3883)/@0x42c47c7#18892
04-15 09:53:49.731  1151  1151 I SurfaceFlinger: [LayerHierarchy{RequestedLayerState{ImeContainer#15 parentId=18888 relativeParentId=18893 z=1} 1 children}] RelativeParent to LayerHierarchy{RequestedLayerState{ab5d2e4 com.catfact.app.feature.facts.test/androidx.activity.ComponentActivity#18893 parentId=18888} 2 children}
04-15 09:53:49.731  1151  1151 I SurfaceFlinger: [LayerHierarchy{RequestedLayerState{e2546a2 Splash Screen com.catfact.app.feature.facts.test#18889 z=2147483647} 1 children}] reparent to OffscreenRoot
04-15 09:53:49.731  1151  1151 I SurfaceFlinger: [LayerHierarchy{RequestedLayerState{e2546a2 Splash Screen com.catfact.app.feature.facts.test#18889 z=2147483647} 1 children}] RelativeParent to null
04-15 09:53:49.731  1151  1151 I SurfaceFlinger: [LayerHierarchy{RequestedLayerState{Splash Screen com.catfact.app.feature.facts.test$_2000#18890} no children}] reparent to OffscreenRoot
04-15 09:53:49.731  1151  1151 I SurfaceFlinger: [LayerHierarchy{RequestedLayerState{Splash Screen com.catfact.app.feature.facts.test$_2000#18890} no children}] RelativeParent to null
04-15 09:53:49.732  3979  4808 D HWUI    : CacheManager::trimMemory(20)
04-15 09:53:49.733  1151  1151 I Layer   : id=18891 Destroyed Transition Root: Task=3883#18891
04-15 09:53:49.733  1151  1151 I Layer   : id=18892 Destroyed DimTransitionLayer for Surface(name=Task=3883)/@0x42c47c7#18892
04-15 09:53:49.734  1151  1151 I SurfaceFlinger: id=18889 Removed e2546a2 Splash Screen com.catfact.app.feature.facts.test#18889 (213)
04-15 09:53:49.734  1151  1151 I SurfaceFlinger: id=18890 Removed Splash Screen com.catfact.app.feature.facts.test$_2000#18890 (213)
04-15 09:53:49.735  1542  1585 D SurfaceComposerClient: setCornerRadius ## ab5d2e4 com.catfact.app.feature.facts.test/androidx.activity.ComponentActivity#18893 cornerRadius=0.000000
04-15 09:53:49.735  2461  4418 I HoneySpace.Memory-Monitor: current state = 2, didTrim = false
04-15 09:53:49.736  2000  2125 D StackScroller: onDisplayChanged for predraw skip to 2
04-15 09:53:49.737  2000  2000 D DisplayLifecycle: updateDisplay id = 0
04-15 09:53:49.739  1151  1151 I SurfaceFlinger: destroyed e2546a2 Splash Screen com.catfact.app.feature.facts.test#18889
04-15 09:53:49.739  1151  1151 I SurfaceFlinger: destroyed Splash Screen com.catfact.app.feature.facts.test$_2000#18890
04-15 09:53:49.739  1151  1151 I Layer   : id=18889 Destroyed e2546a2 Splash Screen com.catfact.app.feature.facts.test#18889
04-15 09:53:49.739  1151  1151 I Layer   : id=18890 Destroyed Splash Screen com.catfact.app.feature.facts.test$_2000#18890
04-15 09:53:49.745  3979  3979 I VRI[AllInOneCalendarActivity]@b9f1f74: handleAppVisibility mAppVisible = true visible = false
04-15 09:53:49.747  3979  4808 D HWUI    : CacheManager::trimMemory(20)
04-15 09:53:49.747  1542  1555 W System  : A resource failed to call release.
04-15 09:53:49.749  1542  1555 W System  : A resource failed to call release.
04-15 09:53:49.749  1542  2298 I WindowManager: Relayout Window{a8267cf u0 com.google.android.calendar/com.google.android.calendar.allinone.AllInOneCalendarActivity}: viewVisibility=8 req=720x1544 ty=1 d0
04-15 09:53:49.749  1542  1555 W System  : A resource failed to call HardwareBuffer.close.
04-15 09:53:49.749  1542  2298 D SurfaceComposerClient: setCornerRadius ## ab5d2e4 com.catfact.app.feature.facts.test/androidx.activity.ComponentActivity#18893 cornerRadius=0.000000
04-15 09:53:49.749  1542  1555 W System  : A resource failed to call release.
04-15 09:53:49.750  1542  2298 D SurfaceComposerClient: setCornerRadius ## ab5d2e4 com.catfact.app.feature.facts.test/androidx.activity.ComponentActivity#18893 cornerRadius=0.000000
04-15 09:53:49.750  1542  2298 I WindowManager: Relayout hash=a8267cf, pid=3979, syncId=-1: mAttrs={(0,0)(fillxfill) sim={adjust=pan} layoutInDisplayCutoutMode=always ty=BASE_APPLICATION wanim=0x1030317
04-15 09:53:49.750  1542  2298 I WindowManager:   fl=81810100
04-15 09:53:49.750  1542  2298 I WindowManager:   pfl=100088c0
04-15 09:53:49.750  1542  2298 I WindowManager:   vsysui=700
04-15 09:53:49.750  1542  2298 I WindowManager:   bhv=1
04-15 09:53:49.750  1542  2298 I WindowManager:   fitSides=0
04-15 09:53:49.750  1542  2298 I WindowManager:   frameRateBoostOnTouch=true
04-15 09:53:49.750  1542  2298 I WindowManager:   dvrrWindowFrameRateHint=true naviIconColor=0}
04-15 09:53:49.752  3979  3979 I VRI[AllInOneCalendarActivity]@b9f1f74: Relayout returned: old=(0,0,720,1544) new=(0,0,720,1544) relayoutAsync=false req=(720,1544)8 dur=3 res=0x2 s={false 0x0} ch=false seqId=0
04-15 09:53:49.752  3979  3979 D VRI[AllInOneCalendarActivity]@b9f1f74: Not drawing due to not visible. Reason=!mAppVisible && !mForceDecorViewVisibility
04-15 09:53:49.752  3979  4808 D HWUI    : CacheManager::trimMemory(20)
04-15 09:53:49.755  1151  1151 I SurfaceFlinger: [LayerHierarchy{RequestedLayerState{com.google.android.calendar/com.google.android.calendar.allinone.AllInOneCalendarActivity$_3979#18879} no children}] reparent to OffscreenRoot
04-15 09:53:49.756  1151  1151 I SurfaceFlinger: [LayerHierarchy{RequestedLayerState{com.google.android.calendar/com.google.android.calendar.allinone.AllInOneCalendarActivity$_3979#18879} no children}] RelativeParent to null
04-15 09:53:49.756  1151  1151 I SurfaceFlinger: id=18879 Removed com.google.android.calendar/com.google.android.calendar.allinone.AllInOneCalendarActivity$_3979#18879 (211)
04-15 09:53:49.759  1542  1582 D PkgPredictorService-SecIpmManagerServiceImpl: bg information pid:3979 uid:10279 pkgName:com.google.android.calendar
04-15 09:53:49.764  1151  1151 I SurfaceFlinger: destroyed com.google.android.calendar/com.google.android.calendar.allinone.AllInOneCalendarActivity$_3979#18879
04-15 09:53:49.765  1151  1151 I Layer   : id=18879 Destroyed com.google.android.calendar/com.google.android.calendar.allinone.AllInOneCalendarActivity$_3979#18879
04-15 09:53:49.766  3979  3979 W WindowOnBackDispatcher: sendCancelIfRunning: isInProgress=false callback=android.app.Activity$$ExternalSyntheticLambda0@761b599
04-15 09:53:49.775 19868 19868 D ConnectivityManager: StackLog: [android.net.ConnectivityManager.sendRequestForNetwork(ConnectivityManager.java:4740)] [android.net.ConnectivityManager.sendRequestForNetwork(ConnectivityManager.java:4908)] [android.net.ConnectivityManager.registerNetworkCallback(ConnectivityManager.java:5325)] [android.net.ConnectivityManager.registerNetworkCallback(ConnectivityManager.java:5295)] [com.catfact.app.core.designsystem.util.ConnectivityObserver$observe$1.invokeSuspend(ConnectivityObserver.kt:40)] [com.catfact.app.core.designsystem.util.ConnectivityObserver$observe$1.invoke(Unknown Source:8)] [com.catfact.app.core.designsystem.util.ConnectivityObserver$observe$1.invoke(Unknown Source:4)] [kotlinx.coroutines.flow.ChannelFlowBuilder.collectTo$suspendImpl(Builders.kt:316)] [kotlinx.coroutines.flow.ChannelFlowBuilder.collectTo(Unknown Source:0)] [kotlinx.coroutines.flow.CallbackFlowBuilder.collectTo(Builders.kt:330)] [kotlinx.coroutines.flow.internal.ChannelFlow$collectToFun$1.invokeSuspend(ChannelFlow.kt:56)] [kotlin.coroutines.jvm.internal.BaseContinuationImpl.resumeWith(ContinuationImpl.kt:34)] [androidx.compose.ui.test.ApplyingContinuationInterceptor$SendApplyContinuation.resumeWith(ApplyingContinuationInterceptor.kt:52)] [androidx.compose.ui.test.FrameDeferringContinuationInterceptor$FrameDeferredContinuation.resumeWith(FrameDeferringContinuationInterceptor.jvm.kt:187)] [kotlin.coroutines.ContinuationKt.startCoroutine(Continuation.kt:129)] [kotlinx.coroutines.CoroutineStart.invoke(CoroutineStart.kt:359)] [kotlinx.coroutines.AbstractCoroutine.start(AbstractCoroutine.kt:124)] [kotlinx.coroutines.channels.ProduceKt.produce(Produce.kt:281)] [kotlinx.coroutines.channels.ProduceKt.produce$default(Produce.kt:269)] [kotlinx.coroutines.flow.internal.ChannelFlow.produceImpl(ChannelFlow.kt:115)] [kotlinx.coroutines.flow.internal.ChannelFlow$collect$2.invokeSuspend(ChannelFlow.kt:119)] [kotlinx.coroutines.flow.internal.ChannelFlow$collect$2.invoke(Unknown Source:8)] [kotlinx.coroutines.flow.internal.ChannelFlow$collect$2.invoke(Unknown Source:4)] [kotlinx.coroutines.intrinsics.UndispatchedKt.startUndispatchedOrReturn(Undispatched.kt:42)] [kotlinx.coroutines.CoroutineScopeKt.coroutineScope(CoroutineScope.kt:261)] [kotlinx.coroutines.flow.internal.ChannelFlow.collect$suspendImpl(ChannelFlow.kt:118)] [kotlinx.coroutines.flow.internal.ChannelFlow.collect(Unknown Source:0)] [kotlinx.coroutines.flow.DistinctFlowImpl.collect(Distinct.kt:68)] [kotlinx.coroutines.flow.internal.ChannelFlowOperatorImpl.flowCollect(ChannelFlow.kt:191)] [kotlinx.coroutines.flow.internal.ChannelFlowOperator.collectTo$suspendImpl(ChannelFlow.kt:153)] [kotlinx.coroutines.flow.internal.ChannelFlowOperator.collectTo(Unknown Source:0)] [kotlinx.coroutines.flow.internal.ChannelFlow$collectToFun$1.invokeSuspend(ChannelFlow.kt:56)] [kotlin.coroutines.jvm.internal.BaseContinuationImpl.resumeWith(ContinuationImpl.kt:34)] [androidx.compose.ui.test.ApplyingContinuationInterceptor$SendApplyContinuation.resumeWith(ApplyingContinuationInterceptor.kt:52)] [androidx.compose.ui.test.FrameDeferringContinuationInterceptor$FrameDeferredContinuation.resumeWith(FrameDeferringContinuationInterceptor.jvm.kt:187)] [kotlin.coroutines.ContinuationKt.startCoroutine(Continuation.kt:129)] [kotlinx.coroutines.CoroutineStart.invoke(CoroutineStart.kt:359)] [kotlinx.coroutines.AbstractCoroutine.start(AbstractCoroutine.kt:124)] [kotlinx.coroutines.channels.ProduceKt.produce(Produce.kt:281)] [kotlinx.coroutines.channels.ProduceKt.produce$default(Produce.kt:269)] [kotlinx.coroutines.flow.internal.ChannelFlow.produceImpl(ChannelFlow.kt:115)] [kotlinx.coroutines.flow.internal.ChannelFlow$collect$2.invokeSuspend(ChannelFlow.kt:119)] [kotlinx.coroutines.flow.internal.ChannelFlow$collect$2.invoke(Unknown Source:8)] [kotlinx.coroutines.flow.internal.ChannelFlow$collect$2.invoke(Unknown Source:4)] [kotlinx.coroutines.intrinsics.UndispatchedKt.startUndispatchedOrReturn(Undispatched.kt:42)] [kotlinx.coroutines.CoroutineScopeKt.coroutineScope(CoroutineScope.kt:261)] [kotlinx.coroutines.
04-15 09:53:49.776  3979  4808 D HWUI    : CacheManager::trimMemory(20)
04-15 09:53:49.778  3979  3979 I VRI[AllInOneCalendarActivity]@b9f1f74: dispatchDetachedFromWindow
04-15 09:53:49.779  1542  2103 D InputTransport: Input channel destroyed: 'a8267cf', fd=1434
04-15 09:53:49.779  1542  2103 D SurfaceComposerClient: setCornerRadius ## ab5d2e4 com.catfact.app.feature.facts.test/androidx.activity.ComponentActivity#18893 cornerRadius=0.000000
04-15 09:53:49.780  1542  2103 D SurfaceComposerClient: setCornerRadius ## ab5d2e4 com.catfact.app.feature.facts.test/androidx.activity.ComponentActivity#18893 cornerRadius=0.000000
04-15 09:53:49.788  1542  1796 D ConnectivityService: Rematched networks [computed 1ms] [applied 4ms] [issued 5]
04-15 09:53:49.788  1542  1796 D ConnectivityService: NetworkReassignment : no changes
04-15 09:53:49.789  1151  1151 I SurfaceFlinger: [LayerHierarchy{RequestedLayerState{a8267cf com.google.android.calendar/com.google.android.calendar.allinone.AllInOneCalendarActivity#18878} no children}] reparent to OffscreenRoot
04-15 09:53:49.790  1151  1151 I SurfaceFlinger: [LayerHierarchy{RequestedLayerState{a8267cf com.google.android.calendar/com.google.android.calendar.allinone.AllInOneCalendarActivity#18878} no children}] RelativeParent to null
04-15 09:53:49.792  1151  1151 I SurfaceFlinger: id=18878 Removed a8267cf com.google.android.calendar/com.google.android.calendar.allinone.AllInOneCalendarActivity#18878 (210)
04-15 09:53:49.797  1151  1151 I SurfaceFlinger: destroyed a8267cf com.google.android.calendar/com.google.android.calendar.allinone.AllInOneCalendarActivity#18878
04-15 09:53:49.799  1151  1151 I Layer   : id=18878 Destroyed a8267cf com.google.android.calendar/com.google.android.calendar.allinone.AllInOneCalendarActivity#18878
04-15 09:53:49.800  3979  3979 D InputTransport: Input channel destroyed: 'a8267cf', fd=167
04-15 09:53:49.802  3979  3979 D BBA2    : setIsFg isFg = false; delayValue 3999ms
04-15 09:53:49.831 19868 19868 I View    : setRequestedFrameRate frameRate=0.0, this=androidx.compose.ui.platform.AndroidComposeView{e90ec34 VFED..... ........ 0,0-720,1544 aid=1073741824}, caller=android.view.ViewGroup.setRequestedFrameRate:9952 androidx.compose.ui.platform.Api35Impl.setRequestedFrameRate:3822 androidx.compose.ui.platform.AndroidComposeView.dispatchDraw:2114 android.view.View.draw:26345 android.view.View.updateDisplayListIfDirty:25175
04-15 09:53:49.831 19868 19868 I View    : setRequestedFrameRate frameRate=-4.0, this=android.view.View{dace24c V.ED..... ......I. 0,0-0,0}, caller=androidx.compose.ui.platform.Api35Impl.setRequestedFrameRate:3822 androidx.compose.ui.platform.AndroidComposeView.dispatchDraw:2115 android.view.View.draw:26345 android.view.View.updateDisplayListIfDirty:25175 android.view.View.draw:26072
04-15 09:53:49.838 19868 19868 I View    : setRequestedFrameRate frameRate=NaN, this=androidx.compose.ui.platform.AndroidComposeView{e90ec34 VFED..... ........ 0,0-720,1544 aid=1073741824}, caller=android.view.ViewGroup.setRequestedFrameRate:9952 androidx.compose.ui.platform.Api35Impl.setRequestedFrameRate:3822 androidx.compose.ui.platform.AndroidComposeView.dispatchDraw:2114 android.view.View.draw:26345 android.view.View.updateDisplayListIfDirty:25175
