04-15 09:53:48.109  2000  2120 I InsetsController: onStateChanged: host=Splash Screen com.catfact.app.feature.facts.test, from=android.view.ViewRootImpl.onInsetsStateChanged:3026, state=InsetsState: {mDisplayFrame=Rect(0, 0 - 720, 1544), mDisplayCutout=DisplayCutout{insets=Rect(0, 50 - 0, 0) waterfall=Insets{left=0, top=0, right=0, bottom=0} boundingRect={Bounds=[Rect(0, 0 - 0, 0), Rect(341, 0 - 379, 50), Rect(0, 0 - 0, 0), Rect(0, 0 - 0, 0)]} cutoutPathParserInfo={CutoutPathParserInfo{displayWidth=720 displayHeight=1544 physicalDisplayWidth=720 physicalDisplayHeight=1544 density={1.875} cutoutSpec={M 0,0 H -10 V 26.66666666666667 H 10 V 0 H 0 Z @dp} rotation={0} scale={1.0} physicalPixelDisplaySizeRatio={1.0}}} sideOverrides={}}, mRoundedCorners=RoundedCorners{[RoundedCorner{position=TopLeft, radius=8, center=Point(8, 8)}, RoundedCorner{position=TopRight, radius=8, center=Point(712, 8)}, RoundedCorner{position=BottomRight, radius=8, center=Point(712, 1536)}, RoundedCorner{position=BottomLeft, radius=8, center=Point(8, 1536)}]}  mRoundedCornerFrame=Rect(0, 0 - 720, 1544), mPrivacyIndicatorBounds=PrivacyIndicatorBounds {static bounds=Rect(637, 0 - 720, 50) rotation=0}, mDisplayShape=DisplayShape{ spec=-311912193 displayWidth=720 displayHeight=1544 physicalPixelDisplaySizeRatio=0.5 rotation=0 offsetX=0 offsetY=0 scale=1.0}, mSources= { InsetsSource: {ec730001 mType=navigationBars mFrame=[0,1454][720,1544] mVisible=true mFlags= mSideHint=BOTTOM mBoundingRects=null}, InsetsSource: {ec730004 mType=systemGestures mFrame=[0,0][0,0] mVisible=true mFlags= mSideHint=NONE mBoundingRects=null}, InsetsSource: {ec730005 mType=mandatorySystemGestures mFrame=[0,1454][720,1544] mVisible=true mFlags= mSideHint=BOTTOM mBoundingRects=null}, InsetsSource: {ec730006 mType=tappableElement mFrame=[0,1454][720,1544] mVisible=true mFlags= mSideHint=BOTTOM mBoundingRects=null}, InsetsSource: {ec730024 mType=systemGestures mFrame=[0,0][0,0] mVisible=true mFlags= mSideHint=NONE mBoundingRects=null}, InsetsSource: {3 mType=ime mFrame=[0,0][0,0] mVisible=false mFlags= mSideHint=NONE mBoundingRects=null}, InsetsSource: {27 mType=displayCutout mFrame=[0,0][720,50] mVisible=true mFlags= mSideHint=TOP mBoundingRects=null}, InsetsSource: {43950000 mType=statusBars mFrame=[0,0][720,50] mVisible=true mFlags= mSideHint=TOP mBoundingRects=null}, InsetsSource: {43950005 mType=mandatorySystemGestures mFrame=[0,0][720,73] mVisible=true mFlags= mSideHint=TOP mBoundingRects=null}, InsetsSource: {43950006 mType=tappableElement mFrame=[0,0][720,50] mVisible=true mFlags= mSideHint=TOP mBoundingRects=null} }
04-15 09:53:48.110  2000  2120 I VRI[test]@d1fce05: onActiveControlsChanged, removed=false, mAdded=true, caller=android.view.ViewRootImpl.handleInsetsControlChanged:3002 android.view.ViewRootImpl$ViewRootHandler.handleMessageImpl:8352 android.view.ViewRootImpl$ViewRootHandler.handleMessage:8301 android.os.Handler.dispatchMessage:110 android.os.Looper.loopOnce:273
04-15 09:53:48.110 19868 19901 I BLASTBufferQueue: [VRI[ComponentActivity]@76b057a#2](f:0,a:0,s:0) onFrameAvailable the first frame is available
04-15 09:53:48.110 19868 19901 I VRI[ComponentActivity]@76b057a: Received frameCommittedCallback lastAttemptedDrawFrameNum=1 didProduceBuffer=true
04-15 09:53:48.110  1151  1199 I SurfaceFlinger: [com.catfact.app.feature.facts.test/androidx.activity.ComponentActivity$_19868#18861] setTransactionState with the first frame. bufferData(ID: 85332410236936, frameNumber: 1)
04-15 09:53:48.111  1151  1199 I SurfaceFlinger: id=18859 Removed Surface(name=3edafdc StatusBar)/@0x3b919ed - animation-leash of insets_animation#18859 (211)
04-15 09:53:48.111  1151  1199 I SurfaceFlinger: id=18860 Removed Surface(name=8c5cec7 NavigationBar0)/@0xa68870 - animation-leash of insets_animation#18860 (211)
04-15 09:53:48.112 19868 19901 D HWUI    : CFMS:: SetUp Pid : 19868    Tid : 19901
04-15 09:53:48.112 19868 19868 D VRI[ComponentActivity]@76b057a: reportDrawFinished seqId=0
04-15 09:53:48.113 19868 19868 I InsetsSourceConsumer: applyRequestedVisibilityToControl: visible=true, type=statusBars, host=com.catfact.app.feature.facts.test/androidx.activity.ComponentActivity
04-15 09:53:48.113  1542  1585 D SurfaceComposerClient: setCornerRadius ## bc6bff9 Splash Screen com.catfact.app.feature.facts.test#18853 cornerRadius=0.000000
04-15 09:53:48.113  1542  1585 D SurfaceComposerClient: setCornerRadius ## 277234c com.catfact.app.feature.facts.test/androidx.activity.ComponentActivity#18858 cornerRadius=0.000000
04-15 09:53:48.113 19868 19868 I InsetsSourceConsumer: applyRequestedVisibilityToControl: visible=true, type=navigationBars, host=com.catfact.app.feature.facts.test/androidx.activity.ComponentActivity
04-15 09:53:48.113  1542  1585 D SurfaceComposerClient: setCornerRadius ## bc6bff9 Splash Screen com.catfact.app.feature.facts.test#18853 cornerRadius=0.000000
04-15 09:53:48.114  1151  1200 I SurfaceFlinger: id=18864 createSurf, flag=24000, Surface(name=277234c com.catfact.app.feature.facts.test/androidx.activity.ComponentActivity)/@0xbf1f826 - animation-leash of starting_reveal#18864
04-15 09:53:48.114  3979  3988 I ndroid.calendar: Background concurrent mark compact GC freed 49MB AllocSpace bytes, 1(16KB) LOS objects, 66% free, 23MB/69MB, paused 2.006ms,2.624ms total 117.403ms
04-15 09:53:48.115  1151  1151 I SurfaceFlinger: destroyed Surface(name=3edafdc StatusBar)/@0x3b919ed - animation-leash of insets_animation#18859
04-15 09:53:48.115  1151  1151 I SurfaceFlinger: destroyed Surface(name=8c5cec7 NavigationBar0)/@0xa68870 - animation-leash of insets_animation#18860
04-15 09:53:48.115  1151  1151 I SurfaceFlinger: [Surface(name=277234c com.catfact.app.feature.facts.test/androidx.activity.ComponentActivity)/@0xbf1f826 - animation-leash of starting_reveal#18864] attach to parent LayerHierarchy{RequestedLayerState{ActivityRecord{206515900 u0 com.catfact.app.feature.facts.test/androidx.activity.ComponentActivity t3882}#18852 parentId=18851} 4 children}
04-15 09:53:48.116  1151  1338 D SurfaceFlinger: [input] setFocusedWindow: 277234c com.catfact.app.feature.facts.test/androidx.activity.ComponentActivity
04-15 09:53:48.116  2000  2105 D ShellTaskOrganizer: removeStartingWindow, removalInfo=StartingWindowRemovalInfo{taskId=3882 frame=Rect(0, 0 - 720, 1544) playRevealAnimation=true roundedCornerRadius=0.0 deferRemoveMode=0 windowlessSurface=false removeImmediately=false}
04-15 09:53:48.116  1542  2161 D InputDispatcher: Once focus requested (0): 277234c com.catfact.app.feature.facts.test/androidx.activity.ComponentActivity
04-15 09:53:48.116  1542  2161 D InputDispatcher: Focus request (0): 277234c com.catfact.app.feature.facts.test/androidx.activity.ComponentActivity but waiting because NOT_VISIBLE
04-15 09:53:48.116  1542  1585 D SurfaceComposerClient: setCornerRadius ## 277234c com.catfact.app.feature.facts.test/androidx.activity.ComponentActivity#18858 cornerRadius=0.000000
04-15 09:53:48.117  1542  1585 D SurfaceComposerClient: setCornerRadius ## bc6bff9 Splash Screen com.catfact.app.feature.facts.test#18853 cornerRadius=0.000000
04-15 09:53:48.117  1542  1585 D SurfaceComposerClient: setCornerRadius ## 277234c com.catfact.app.feature.facts.test/androidx.activity.ComponentActivity#18858 cornerRadius=0.000000
04-15 09:53:48.117  1542  1585 D SurfaceComposerClient: setCornerRadius ## bc6bff9 Splash Screen com.catfact.app.feature.facts.test#18853 cornerRadius=0.000000
04-15 09:53:48.117  1542  1585 D SurfaceComposerClient: setCornerRadius ## 277234c com.catfact.app.feature.facts.test/androidx.activity.ComponentActivity#18858 cornerRadius=0.000000
04-15 09:53:48.117  1151  1151 I Layer   : id=18859 Destroyed Surface(name=3edafdc StatusBar)/@0x3b919ed - animation-leash of insets_animation#18859
04-15 09:53:48.117  1151  1151 I Layer   : id=18860 Destroyed Surface(name=8c5cec7 NavigationBar0)/@0xa68870 - animation-leash of insets_animation#18860
04-15 09:53:48.117  1542  2298 I SemDvfsHyPerManager: acquire hyper - AMS_RESUME_TAIL/1542@22, type = -999
04-15 09:53:48.117  1542  2298 I SemDvfsHyPerManager: acquire hyper - AMS_ACT_LAZY/1542@23, type = -999
04-15 09:53:48.118  1542  1581 I PkgPredictorService-SecIpmManagerServiceImpl: reportToNAP uid:10749 com.catfact.app.feature.facts.test/androidx.activity.ComponentActivity thisTime:182
04-15 09:53:48.118  1542  1581 D PkgPredictorService-SecIpmManagerServiceImpl: reportToNAP: mHeavyLaunchCounter is false
04-15 09:53:48.118  1542  2944 D PkgPredictorService-SecIpmManagerServiceImpl: ACTION_FOREGROUND_FINISH_EVENT sCurForegroundApp :com.catfact.app.feature.facts.test
04-15 09:53:48.119  1059  1180 I HYPER-HAL: [RequestManager.cpp]acquire(): Acquired ID : 1223852  [1542 / 22]    HINT : AMS_RESUME_TAIL    list :
04-15 09:53:48.119  3723 29073 I [AirCmd]_ActivitySwitchDetector: onTaskStackChanged : componentName - ComponentInfo{com.catfact.app.feature.facts.test/androidx.activity.ComponentActivity}
04-15 09:53:48.120  1542  1581 I ActivityTaskManager: Displayed com.catfact.app.feature.facts.test/androidx.activity.ComponentActivity for user 0: +182ms
04-15 09:53:48.120  1059  1180 I HYPER-HAL: [ResourceManager.cpp]removeResource(): [CPULittleMinFreq] RemoveResource Request ID : 1233263
04-15 09:53:48.120  1059  1180 I HYPER-HAL: [RequestManager.cpp]releaseLocked(): Released ID : 1233263
04-15 09:53:48.121  3152  3152 E pageboostd: Received HALT command code 2
04-15 09:53:48.121  1151  1199 I SurfaceFlinger: id=18846 Removed Surface(name=3edafdc StatusBar)/@0x3b919ed - animation-leash of insets_animation#18846 (210)
04-15 09:53:48.121  1151  1199 I SurfaceFlinger: id=18847 Removed Surface(name=8c5cec7 NavigationBar0)/@0xa68870 - animation-leash of insets_animation#18847 (210)
04-15 09:53:48.122  1151  1151 I SurfaceFlinger: destroyed Surface(name=8c5cec7 NavigationBar0)/@0xa68870 - animation-leash of insets_animation#18847
04-15 09:53:48.122  1151  1151 I SurfaceFlinger: destroyed Surface(name=3edafdc StatusBar)/@0x3b919ed - animation-leash of insets_animation#18846
04-15 09:53:48.123  2000  2195 I VRI[test]@d1fce05: mWNT: t=0xb4000074fc62ef10 mBlastBufferQueue=0xb40000741cde5f30 fn= 2 HdrRenderState mRenderHdrSdrRatio=1.0 caller= android.view.SyncRtSurfaceTransactionApplier.applyTransaction:100 android.view.SyncRtSurfaceTransactionApplier.lambda$scheduleApply$0:73 android.view.SyncRtSurfaceTransactionApplier.$r8$lambda$afI4fXg3U3-nBZQEDQMiNy-B06s:0
04-15 09:53:48.123  1151  1151 I Layer   : id=18847 Destroyed Surface(name=8c5cec7 NavigationBar0)/@0xa68870 - animation-leash of insets_animation#18847
04-15 09:53:48.123  1151  1151 I Layer   : id=18846 Destroyed Surface(name=3edafdc StatusBar)/@0x3b919ed - animation-leash of insets_animation#18846
04-15 09:53:48.123  2000  2195 I VRI[test]@d1fce05: mWNT: t=0xb4000074fc64b990 mBlastBufferQueue=0xb40000741cde5f30 fn= 2 HdrRenderState mRenderHdrSdrRatio=1.0 caller= android.view.SyncRtSurfaceTransactionApplier.applyTransaction:100 android.view.SyncRtSurfaceTransactionApplier.lambda$scheduleApply$0:73 android.view.SyncRtSurfaceTransactionApplier.$r8$lambda$afI4fXg3U3-nBZQEDQMiNy-B06s:0
04-15 09:53:48.129  1542  3015 I NSLocationMonitor: getGPSUsingApps() called
04-15 09:53:48.129  2982  3043 I NSLocationManager_FLP: getGPSUsingApps, No change
04-15 09:53:48.131  1151  1151 I SurfaceFlinger: RequestedLayer [com.catfact.app.feature.facts.test/a[...]ivity.ComponentActivity$_19868#18861] hidden!! flag  from(1) --> to(0)
04-15 09:53:48.131  1151  1151 I SurfaceFlinger: [LayerHierarchy{RequestedLayerState{277234c com.catfact.app.feature.facts.test/androidx.activity.ComponentActivity#18858 parentId=18864} 1 children}] reparent to LayerHierarchy{RequestedLayerState{Surface(name=277234c com.catfact.app.feature.facts.test/androidx.activity.ComponentActivity)/@0xbf1f826 - animation-leash of starting_reveal#18864 parentId=18852} 1 children}
04-15 09:53:48.131  2000  2194 I VRI[test]@d1fce05: mWNT: t=0xb4000074fc761150 mBlastBufferQueue=0xb40000741cde5f30 fn= 3 HdrRenderState mRenderHdrSdrRatio=1.0 caller= android.view.SyncRtSurfaceTransactionApplier.applyTransaction:100 android.view.SyncRtSurfaceTransactionApplier.lambda$scheduleApply$0:73 android.view.SyncRtSurfaceTransactionApplier.$r8$lambda$afI4fXg3U3-nBZQEDQMiNy-B06s:0
04-15 09:53:48.131  2000  2000 D QSClock : onDarkChanged tint=DARK
04-15 09:53:48.134  1542  3015 I NSLocationMonitor: getGPSUsingApps() called
04-15 09:53:48.134  2982  3043 I NSLocationManager_FLP: getGPSUsingApps, No change
04-15 09:53:48.135  1542  1585 D SurfaceComposerClient: setCornerRadius ## bc6bff9 Splash Screen com.catfact.app.feature.facts.test#18853 cornerRadius=0.000000
04-15 09:53:48.135  1542  1585 D SurfaceComposerClient: setCornerRadius ## 277234c com.catfact.app.feature.facts.test/androidx.activity.ComponentActivity#18858 cornerRadius=0.000000
04-15 09:53:48.139  2000  2195 I VRI[test]@d1fce05: mWNT: t=0xb4000074fc751010 mBlastBufferQueue=0xb40000741cde5f30 fn= 4 HdrRenderState mRenderHdrSdrRatio=1.0 caller= android.view.SyncRtSurfaceTransactionApplier.applyTransaction:100 android.view.SyncRtSurfaceTransactionApplier.lambda$scheduleApply$0:73 android.view.SyncRtSurfaceTransactionApplier.$r8$lambda$afI4fXg3U3-nBZQEDQMiNy-B06s:0
04-15 09:53:48.140  1151  1151 D SurfaceFlinger: Display 4633128672291735999 HWC layers:
04-15 09:53:48.140  1151  1151 D SurfaceFlinger:        CLIENT |           17089674871057 | 00002102 | RGBA_8888    |  186.0    0.0  720.0 1544.0 |    0    0  720 1544 | com.google.android.calendar/com.goog[...]AllInOneCalendarActivity$_3979#18843 (35)
04-15 09:53:48.140  1151  1151 D SurfaceFlinger:   SOLID_COLOR |                        0 | 00000000 | N/A          |    0.0    0.0    0.0    0.0 |    0    0  720 1544 | DimTransitionLayer for Surface(name=Task=3882)/@0x72ec3fe#18856 (0)
04-15 09:53:48.140  1151  1151 D SurfaceFlinger:        DEVICE |           85332410236936 | 00002102 | RGBA_8888    |    0.0    0.0  596.0 1544.0 |  124    0  720 1544 | com.catfact.app.feature.facts.test/a[...]ivity.ComponentActivity$_19868#18861 (1)
04-15 09:53:48.140  1151  1151 D SurfaceFlinger:        DEVICE |            8589934655982 | 00002100 | RGBA_8888    |    0.0    0.0  596.0 1544.0 |  124    0  720 1544 | Splash Screen com.catfact.app.feature.facts.test$_2000#18854 (2)
04-15 09:53:48.140  1151  1151 D SurfaceFlinger:        DEVICE |            8589934654704 | 00002100 | RGBA_8888    |    0.0    0.0  720.0   50.0 |    0    0  720   50 | StatusBar$_2000#102 (26483)
04-15 09:53:48.140  1151  1151 D SurfaceFlinger:        DEVICE |           10569914518889 | 00002100
04-15 09:53:48.140  1151  1151 D SurfaceFlinger: | RGBA_8888    |    0.0    0.0   67.0  353.0 |  653  192  720  545 | com.sec.android.app.launcher/com.sam[...]l.app.CocktailBarService$_2461#16495 (1)
04-15 09:53:48.140  1151  1151 D SurfaceFlinger:        DEVICE |            8589934654691 | 00002100 | RGBA_8888    |    0.0    0.0  720.0   90.0 |    0 1454  720 1544 | NavigationBar0$_2000#98 (17273)
04-15 09:53:48.140  1151  1151 D SurfaceFlinger:
04-15 09:53:48.140  1542  2298 D InputDispatcher: Focus entered window (0): 277234c com.catfact.app.feature.facts.test/androidx.activity.ComponentActivity
04-15 09:53:48.141 19868 19868 D VRI[ComponentActivity]@76b057a: mThreadedRenderer.initializeIfNeeded()#2 mSurface={isValid=true 0xb40000748c51fb30}
04-15 09:53:48.141 19868 19868 D InputMethodManagerUtils: startInputInner - Id : 0
04-15 09:53:48.141 19868 19868 I InputMethodManager: startInputInner - IInputMethodManagerGlobalInvoker.startInputOrWindowGainedFocus
04-15 09:53:48.142  1542  1750 I ImeTracker: com.catfact.app.feature.facts.test:692aca71: onRequestHide at ORIGIN_SERVER reason HIDE_UNSPECIFIED_WINDOW fromUser false
04-15 09:53:48.142 19868 19868 I InputMethodManager: handleMessage: setImeVisibility visible=false
04-15 09:53:48.142 19868 19868 D InsetsController: hide(ime(), fromIme=false)
04-15 09:53:48.142 19868 19868 I ImeTracker: com.catfact.app.feature.facts.test:692aca71: onCancelled at PHASE_CLIENT_ALREADY_HIDDEN
04-15 09:53:48.143  3979  3979 D InputTransport: Input channel destroyed: 'ClientS', fd=214
04-15 09:53:48.143  1542  1750 D InputTransport: Input channel constructed: 'ClientS', fd=1437
04-15 09:53:48.143  1542  1750 D InputTransport: Input channel destroyed: 'ClientS', fd=1437
04-15 09:53:48.143  3756  3756 I HBD     : HoneyBoardService onFinishInput
04-15 09:53:48.143  3756  3756 I HBD     : a IC have been unbinding,  RemoteInputConnection{idHash=#be8d85c}
04-15 09:53:48.143  3756  3756 I HBD     : HoneyBoardService [PF_CL][onFinishInput]  0 ms
04-15 09:53:48.143  3756  3756 I HBD     : HoneyBoardService [IMI] onStartInput - caller pid : 19868 , caller uid : 10749
04-15 09:53:48.143  3756  3756 I HBD     : k updateConfigs
04-15 09:53:48.143  3756  3756 I HBD     : k isEnabledNightMode : true
04-15 09:53:48.143  3756  3756 I HBD     : a IC have been binding, RemoteInputConnection{idHash=#8245263}
04-15 09:53:48.143  3756  3756 I HBD     : h [EditorInputType]setPrivateImeOptionsToTable privateImeOptions ( null )
04-15 09:53:48.143  3756  3756 I HBD     : b incognitoMode : false
04-15 09:53:48.143  3756  3756 I HBD     : c needOff = true , isForceOff = false, isNullInputClass : true
04-15 09:53:48.144  3756  3756 I HBD     : h getDefaultInputRange : UNKNOWN
04-15 09:53:48.144  3756  3756 I HBD     : h getDefaultInputRange : UNKNOWN
04-15 09:53:48.144  3756  3756 I HBD     : h getDefaultInputRange : UNKNOWN
04-15 09:53:48.144 19868 19877 D InputTransport: Input channel constructed: 'ClientS', fd=134
04-15 09:53:48.144  3756  3756 I HBD     : c needOff = true , isForceOff = false, isNullInputClass : true
04-15 09:53:48.144  3756  3756 I HBD     : c update cached prediction status : false
04-15 09:53:48.144  3756  3756 I HBD     : h getDefaultInputRange : UNKNOWN
04-15 09:53:48.144  3756  3756 I HBD     : a currentState : 0
04-15 09:53:48.144  1151  1200 I SurfaceFlinger: id=18865 createSurf, flag=24004, Surface(name=1d7a05f InputMethod)/@0x5f77a9d - animation-leash of insets_animation#18865
04-15 09:53:48.144  3756  3756 I HBD     : a [UpdatePolicy] [post] a: 0 cl: 65538 kit: [0/0] vt: 0 ir: 1
04-15 09:53:48.145  3756  3756 I HBD     : a [NRIC] resetNoResponseState
04-15 09:53:48.145  3756  3756 I HBD     : c needOff = true , isForceOff = false, isNullInputClass : true
04-15 09:53:48.145  3756  3756 I HBD     : c update cached prediction status : false
04-15 09:53:48.145  3756  3756 I HBD     : b [AiWriter] setContact : com.catfact.app.feature.facts.test
04-15 09:53:48.145  3756  3756 I HBD     : a [AiWriter] setContact : com.catfact.app.feature.facts.test
04-15 09:53:48.145  3756  3756 I HBD     : o0 EBD si S 0
04-15 09:53:48.145  3756  3756 I HBD     : r updateContactDBLanguage : 0
04-15 09:53:48.145  3756  3756 I HBD     : a [UpdatePolicy] [post] a: 31 cl: 65538 kit: [0/0] vt: 0 ir: 1
04-15 09:53:48.145  3756  3756 I HBD     : HoneyBoardService [PF_OP][onStartInput]  2 ms
04-15 09:53:48.145  3756  3756 I HBD     : [DirectWriting] DirectWriting emitInputConnection : RemoteInputConnection{idHash=#8245263}
04-15 09:53:48.145  1542  2475 I ImeTracker: system_server:984d8a92: onRequestHide at ORIGIN_SERVER reason IME_REQUESTED_CHANGED_LISTENER fromUser false
04-15 09:53:48.146  1542  1584 I ImeTracker: system_server:984d8a92: onCancelled at PHASE_SERVER_SHOULD_HIDE
04-15 09:53:48.146  1542  1585 D SurfaceComposerClient: setCornerRadius ## bc6bff9 Splash Screen com.catfact.app.feature.facts.test#18853 cornerRadius=0.000000
04-15 09:53:48.146  1542  1585 D SurfaceComposerClient: setCornerRadius ## 277234c com.catfact.app.feature.facts.test/androidx.activity.ComponentActivity#18858 cornerRadius=0.000000
04-15 09:53:48.146  3756  4620 I HBD     : a [SKE_SPECIFIC] specific model[com.catfact.app.feature.facts.test] loaded, 798320 ns
04-15 09:53:48.148  2000  2194 I VRI[test]@d1fce05: mWNT: t=0xb4000074fc77dbd0 mBlastBufferQueue=0xb40000741cde5f30 fn= 5 HdrRenderState mRenderHdrSdrRatio=1.0 caller= android.view.SyncRtSurfaceTransactionApplier.applyTransaction:100 android.view.SyncRtSurfaceTransactionApplier.lambda$scheduleApply$0:73 android.view.SyncRtSurfaceTransactionApplier.$r8$lambda$afI4fXg3U3-nBZQEDQMiNy-B06s:0
04-15 09:53:48.148  1151  1151 I SurfaceFlinger: [Surface(name=1d7a05f InputMethod)/@0x5f77a9d - animation-leash of insets_animation#18865] attach to parent LayerHierarchy{RequestedLayerState{WindowToken{d080c22 type=2011 android.os.Binder@459a5ed}#120 parentId=15} 2 children}
04-15 09:53:48.156  2000  2195 I VRI[test]@d1fce05: mWNT: t=0xb4000074fc64b990 mBlastBufferQueue=0xb40000741cde5f30 fn= 6 HdrRenderState mRenderHdrSdrRatio=1.0 caller= android.view.SyncRtSurfaceTransactionApplier.applyTransaction:100 android.view.SyncRtSurfaceTransactionApplier.lambda$scheduleApply$0:73 android.view.SyncRtSurfaceTransactionApplier.$r8$lambda$afI4fXg3U3-nBZQEDQMiNy-B06s:0
04-15 09:53:48.158  1151  1151 I SurfaceFlinger: RequestedLayer [Surface(name=1d7a05f InputMethod)/@0[...]tion-leash of insets_animation#18865] hidden!! flag  from(1) --> to(0)
04-15 09:53:48.158  1151  1151 E SurfaceFlinger: alpha changed 1.000 -> 0.000 - Surface(name=1d7a05f InputMethod)/@0x5f77a9d - animation-leash of insets_animation#18865
04-15 09:53:48.158  1151  1151 I SurfaceFlinger: [LayerHierarchy{RequestedLayerState{ImeContainer#15 parentId=18852 relativeParentId=18852 z=3} 1 children}] reparent to LayerHierarchy{RequestedLayerState{ActivityRecord{206515900 u0 com.catfact.app.feature.facts.test/androidx.activity.ComponentActivity t3882}#18852 parentId=18851} 4 children}
04-15 09:53:48.158  1151  1151 I SurfaceFlinger: [LayerHierarchy{RequestedLayerState{ImeContainer#15 parentId=18852 relativeParentId=18852 z=3} 1 children}] RelativeParent to null
04-15 09:53:48.158  1151  1151 I SurfaceFlinger: [LayerHierarchy{RequestedLayerState{1d7a05f InputMethod#134 parentId=18865} no children}] reparent to LayerHierarchy{RequestedLayerState{Surface(name=1d7a05f InputMethod)/@0x5f77a9d - animation-leash of insets_animation#18865 parentId=120} 1 children}
04-15 09:53:48.158  1151  1151 I SurfaceFlinger: [LayerHierarchy{RequestedLayerState{Surface(name=1d7a05f InputMethod)/@0x5f77a9d - animation-leash of insets_animation#18849} no children}] reparent to OffscreenRoot
04-15 09:53:48.158  1151  1151 I SurfaceFlinger: [LayerHierarchy{RequestedLayerState{Surface(name=1d7a05f InputMethod)/@0x5f77a9d - animation-leash of insets_animation#18849} no children}] RelativeParent to null
04-15 09:53:48.161  1151  1200 I SurfaceFlinger: id=18849 Removed Surface(name=1d7a05f InputMethod)/@0x5f77a9d - animation-leash of insets_animation#18849 (209)
04-15 09:53:48.162  3756  3756 I InputMethodService: scheduleImeSurfaceRemoval: canceled, mShowInputRequested=false, mWindowVisible=false, IsmWindowNull=false, IsmImeSurfaceRemoverRunnableNotNull=true
04-15 09:53:48.164  2000  2194 I VRI[test]@d1fce05: mWNT: t=0xb4000074fc728190 mBlastBufferQueue=0xb40000741cde5f30 fn= 7 HdrRenderState mRenderHdrSdrRatio=1.0 caller= android.view.SyncRtSurfaceTransactionApplier.applyTransaction:100 android.view.SyncRtSurfaceTransactionApplier.lambda$scheduleApply$0:73 android.view.SyncRtSurfaceTransactionApplier.$r8$lambda$afI4fXg3U3-nBZQEDQMiNy-B06s:0
04-15 09:53:48.166  1151  1151 I SurfaceFlinger: destroyed Surface(name=1d7a05f InputMethod)/@0x5f77a9d - animation-leash of insets_animation#18849
04-15 09:53:48.167  1151  1151 I Layer   : id=18849 Destroyed Surface(name=1d7a05f InputMethod)/@0x5f77a9d - animation-leash of insets_animation#18849
04-15 09:53:48.173  1542  2161 I WindowManager: Relayout Window{bc6bff9 u0 Splash Screen com.catfact.app.feature.facts.test}: viewVisibility=8 req=720x1544 ty=3 d0
04-15 09:53:48.174  1542  2161 D SurfaceComposerClient: setCornerRadius ## 277234c com.catfact.app.feature.facts.test/androidx.activity.ComponentActivity#18858 cornerRadius=0.000000
04-15 09:53:48.174  1542  2161 D SurfaceComposerClient: setCornerRadius ## bc6bff9 Splash Screen com.catfact.app.feature.facts.test#18853 cornerRadius=0.000000
04-15 09:53:48.174  1542  2161 D SurfaceComposerClient: setCornerRadius ## 277234c com.catfact.app.feature.facts.test/androidx.activity.ComponentActivity#18858 cornerRadius=0.000000
04-15 09:53:48.175  1542  2161 I WindowManager: Relayout hash=bc6bff9, pid=2000, syncId=-1: mAttrs={(0,0)(fillxfill) sim={adjust=pan} layoutInDisplayCutoutMode=always ty=APPLICATION_STARTING fmt=TRANSLUCENT wanim=0x1030317
04-15 09:53:48.175  1542  2161 I WindowManager:   fl=81030118
04-15 09:53:48.175  1542  2161 I WindowManager:   pfl=10000810
04-15 09:53:48.175  1542  2161 I WindowManager:   apr=18
04-15 09:53:48.175  1542  2161 I WindowManager:   bhv=1
04-15 09:53:48.175  1542  2161 I WindowManager:   fitSides=0
04-15 09:53:48.175  1542  2161 I WindowManager:   frameRateBoostOnTouch=true
04-15 09:53:48.175  1542  2161 I WindowManager:   dvrrWindowFrameRateHint=true naviIconColor=0}
04-15 09:53:48.176  2000  2120 I VRI[test]@d1fce05: onActiveControlsChanged, removed=false, mAdded=true, caller=android.view.ViewRootImpl.handleInsetsControlChanged:3002 android.view.ViewRootImpl.relayoutWindow:11629 android.view.ViewRootImpl.performTraversals:4804 android.view.ViewRootImpl.doTraversal:3924 android.view.ViewRootImpl$TraversalRunnable.run:12903
04-15 09:53:48.177  1218  6568 I CameraService: onUidStateChanged: uid=10048, procState is changed. (1 -> 0)
04-15 09:53:48.177  2000  2120 I VRI[test]@d1fce05: Relayout returned: old=(0,0,720,1544) new=(0,0,720,1544) relayoutAsync=false req=(720,1544)8 dur=4 res=0x2 s={false 0x0} ch=true seqId=0
04-15 09:53:48.177  2000  2120 D VRI[test]@d1fce05: Not drawing due to not visible. Reason=View.GONE
04-15 09:53:48.177  2000  2120 I VRI[test]@d1fce05: dispatchDetachedFromWindow
04-15 09:53:48.178  1542  2161 D InputTransport: Input channel destroyed: 'bc6bff9', fd=1041
04-15 09:53:48.178  1542  2161 D SurfaceComposerClient: setCornerRadius ## 277234c com.catfact.app.feature.facts.test/androidx.activity.ComponentActivity#18858 cornerRadius=0.000000
04-15 09:53:48.178  1542  2161 D SurfaceComposerClient: setCornerRadius ## 277234c com.catfact.app.feature.facts.test/androidx.activity.ComponentActivity#18858 cornerRadius=0.000000
04-15 09:53:48.179  1542  1585 D SurfaceComposerClient: setCornerRadius ## 277234c com.catfact.app.feature.facts.test/androidx.activity.ComponentActivity#18858 cornerRadius=0.000000
04-15 09:53:48.180  2000  2120 D InputTransport: Input channel destroyed: 'bc6bff9', fd=575
04-15 09:53:48.181  2000  2000 D SystemUIService: SYSUI_RAM_OPTIMIZATION onTrimMemory=20
04-15 09:53:48.182  1542  1585 D SurfaceComposerClient: setCornerRadius ## 277234c com.catfact.app.feature.facts.test/androidx.activity.ComponentActivity#18858 cornerRadius=0.000000
04-15 09:53:48.182  2000  2000 D CentralSurfaces: SYSUI_RAM_OPTIMIZATION onTrimMemory=20
04-15 09:53:48.182  2000  2196 D HWUI    : CacheManager::trimMemory(20)
04-15 09:53:48.183  1151  1151 I SurfaceFlinger: RequestedLayer [Splash Screen com.catfact.app.feature.facts.test$_2000#18854] hidden!! flag  from(0) --> to(1)
04-15 09:53:48.183  1151  1151 I SurfaceFlinger: [LayerHierarchy{RequestedLayerState{277234c com.catfact.app.feature.facts.test/androidx.activity.ComponentActivity#18858 parentId=18852} 1 children}] reparent to LayerHierarchy{RequestedLayerState{ActivityRecord{206515900 u0 com.catfact.app.feature.facts.test/androidx.activity.ComponentActivity t3882}#18852 parentId=18851} 5 children}
04-15 09:53:48.183  1151  1151 I SurfaceFlinger: [LayerHierarchy{RequestedLayerState{Surface(name=277234c com.catfact.app.feature.facts.test/androidx.activity.ComponentActivity)/@0xbf1f826 - animation-leash of starting_reveal#18864} no children}] reparent to OffscreenRoot
04-15 09:53:48.183  1151  1151 I SurfaceFlinger: [LayerHierarchy{RequestedLayerState{Surface(name=277234c com.catfact.app.feature.facts.test/androidx.activity.ComponentActivity)/@0xbf1f826 - animation-leash of starting_reveal#18864} no children}] RelativeParent to null
04-15 09:53:48.191  1151  1151 D SurfaceFlinger: Display 4633128672291735999 HWC layers:
04-15 09:53:48.191  1151  1151 D SurfaceFlinger:        CLIENT |           17089674871056 | 00002102 | RGBA_8888    |  203.0    0.0  720.0 1544.0 |    0    0  720 1544 | com.google.android.calendar/com.goog[...]AllInOneCalendarActivity$_3979#18843 (40)
04-15 09:53:48.191  1151  1151 D SurfaceFlinger:   SOLID_COLOR |                        0 | 00000000 | N/A          |    0.0    0.0    0.0    0.0 |    0    0  720 1544 | DimTransitionLayer for Surface(name=Task=3882)/@0x72ec3fe#18856 (0)
04-15 09:53:48.191  1151  1151 D SurfaceFlinger:        DEVICE |           85332410236936 | 00002102 | RGBA_8888    |    0.0    0.0  649.0 1544.0 |   71    0  720 1544 | com.catfact.app.feature.facts.test/a[...]ivity.ComponentActivity$_19868#18861 (1)
04-15 09:53:48.191  1151  1151 D SurfaceFlinger:        DEVICE |            8589934654694 | 00002100 | RGBA_8888    |    0.0    0.0  720.0   50.0 |    0    0  720   50 | StatusBar$_2000#102 (26485)
04-15 09:53:48.191  1151  1151 D SurfaceFlinger:        DEVICE |           10569914518889 | 00002100 | RGBA_8888    |    0.0    0.0   67.0  353.0 |  653  192  720  545 | com.sec.android.app.launcher/com.sam[...]l.app.CocktailBarService$_2461#16495 (1)
04-15 09:53:48.191  1151  1151 D SurfaceFlinger:        DEVICE |            85899346
04-15 09:53:48.191  1151  1151 D SurfaceFlinger: 54692 | 00002100 | RGBA_8888    |    0.0    0.0  720.0   90.0 |    0 1454  720 1544 | NavigationBar0$_2000#98 (17274)
04-15 09:53:48.191  1151  1151 D SurfaceFlinger:
04-15 09:53:48.202 11551 11562 I PrivacyDashboard: PermissionAccessInformationContentProvider  bulkInsert : 3
04-15 09:53:48.248  3756  3756 I InputMethodService: removeImeSurface
04-15 09:53:48.248  3756  3756 I InputMethodService: cancelImeSurfaceRemoval: removeCallbacks
04-15 09:53:48.279  2461  2461 I HoneySpace.EdgePanel.EdgeVisibilityRepository: getComputedTrayVisible : keyguardState = 1
04-15 09:53:48.280  2461  2461 I HoneySpace.EdgePanel.EdgeVisibilityRepository: updateTrayVisible: State = 0x1, visible = true, current containerState = 0, specificMode = 0
04-15 09:53:48.280  2461  2461 I HoneySpace.EdgePanel.EdgeVisibilityRepository: Same container state 0
04-15 09:53:48.351  6698  6698 D BoundBrokerSvc: onRebind: Intent { act=com.google.android.gms.libs.gmscorelogger.service.START dat=chimera-action:/... xflg=0x4 cmp=com.google.android.gms/.chimera.PersistentDirectBootAwareApiService }
04-15 09:53:48.420  1059 19954 I HYPER-HAL: [RequestManager.cpp]releaseLocked(): Released ID : 1223852
04-15 09:53:48.432  1151  1151 D SurfaceFlinger: Display 4633128672291735999 HWC layers:
04-15 09:53:48.432  1151  1151 D SurfaceFlinger:        DEVICE |           85332410236936 | 00002102 | RGBA_8888    |    0.0    0.0  720.0 1544.0 |    0    0  720 1544 | com.catfact.app.feature.facts.test/a[...]ivity.ComponentActivity$_19868#18861 (1)
04-15 09:53:48.432  1151  1151 D SurfaceFlinger:        DEVICE |            8589934654694 | 00002100 | RGBA_8888    |    0.0    0.0  720.0   50.0 |    0    0  720   50 | StatusBar$_2000#102 (26485)
04-15 09:53:48.432  1151  1151 D SurfaceFlinger:        DEVICE |           10569914518889 | 00002100 | RGBA_8888    |    0.0    0.0   67.0  353.0 |  653  192  720  545 | com.sec.android.app.launcher/com.sam[...]l.app.CocktailBarService$_2461#16495 (1)
04-15 09:53:48.432  1151  1151 D SurfaceFlinger:        DEVICE |            8589934654692 | 00002100 | RGBA_8888    |    0.0    0.0  720.0   90.0 |    0 1454  720 1544 | NavigationBar0$_2000#98 (17274)
04-15 09:53:48.432  1151  1151 D SurfaceFlinger:
04-15 09:53:48.432  2000  2105 I SurfaceControlRegistry: apply, t=FinishTransaction_SyncId<1682>, caller=android.view.SurfaceControl$Transaction.apply:3459 android.view.SurfaceControl$Transaction.apply:3447 android.view.SurfaceControl$Transaction.apply:3397 com.android.wm.shell.transition.Transitions.onFinish:315 com.android.wm.shell.transition.Transitions$$ExternalSyntheticLambda7.onTransitionFinished:12 com.android.wm.shell.transition.DefaultTransitionHandler$$ExternalSyntheticLambda2.run:36
04-15 09:53:48.435  1542  2298 D SurfaceComposerClient: setCornerRadius ## 277234c com.catfact.app.feature.facts.test/androidx.activity.ComponentActivity#18858 cornerRadius=0.000000
04-15 09:53:48.436  1542  2298 D SurfaceComposerClient: setCornerRadius ## 277234c com.catfact.app.feature.facts.test/androidx.activity.ComponentActivity#18858 cornerRadius=0.000000
04-15 09:53:48.436  2000  2000 D SamsungLightBarControlHelper: updateStatusBar (WHITE icon) numStacks:1, StatusBarMode:MODE_TRANSPARENT, lightBarBounds:[], StatusBarState:SHADE, packageName:, isWhiteKeyguardStatusBar:false
04-15 09:53:48.436  2000  2000 D SamsungLightBarControlHelper: onStatusBarAppearanceChanged() -  sbModeChanged:false, statusBarMode:0, barState:MODE_TRANSPARENT, isKeyguardShowing:false, navbarColorManagedByIme:false, (AppearanceRegion{ bounds=[0,0][720,1544]}, )
04-15 09:53:48.441  1151  1151 I SurfaceFlinger: RequestedLayer [Task=3801#16292] hidden!! flag  from(0) --> to(1)
04-15 09:53:48.441  1151  1151 I SurfaceFlinger: [Display 0 name="Built-in Screen"#49] setFrameRateCategory: Default
04-15 09:53:48.441  1151  1151 I SurfaceFlinger: RequestedLayer [com.google.android.calendar/com.goog[...]AllInOneCalendarActivity$_3979#18843] hidden!! flag  from(0) --> to(1)
04-15 09:53:48.441  1151  1151 I SurfaceFlinger: RequestedLayer [ActivityRecord{243114305 u0 com.goog[...]llInOneCalendarActivity t3801}#16293] hidden!! flag  from(0) --> to(1)
04-15 09:53:48.441  1151  1151 I SurfaceFlinger: [LayerHierarchy{RequestedLayerState{ImeContainer#15 parentId=18852 relativeParentId=18858 z=1} 1 children}] RelativeParent to LayerHierarchy{RequestedLayerState{277234c com.catfact.app.feature.facts.test/androidx.activity.ComponentActivity#18858 parentId=18852} 2 children}
04-15 09:53:48.441  1151  1151 I SurfaceFlinger: [LayerHierarchy{RequestedLayerState{Task=3801#16292 parentId=10 z=12} 1 children}] reparent to LayerHierarchy{RequestedLayerState{DefaultTaskDisplayArea_d0#10 parentId=9} 16 children}
04-15 09:53:48.441  1151  1151 I SurfaceFlinger: [LayerHierarchy{RequestedLayerState{Task=3882#18851 parentId=10 z=13} 2 children}] reparent to LayerHierarchy{RequestedLayerState{DefaultTaskDisplayArea_d0#10 parentId=9} 17 children}
04-15 09:53:48.441  1151  1151 I SurfaceFlinger: [LayerHierarchy{RequestedLayerState{bc6bff9 Splash Screen com.catfact.app.feature.facts.test#18853 z=2147483647} 1 children}] reparent to OffscreenRoot
04-15 09:53:48.441  1151  1151 I SurfaceFlinger: [LayerHierarchy{RequestedLayerState{bc6bff9 Splash Screen com.catfact.app.feature.facts.test#18853 z=2147483647} 1 children}] RelativeParent to null
04-15 09:53:48.441  1151  1151 I SurfaceFlinger: [LayerHierarchy{RequestedLayerState{Splash Screen com.catfact.app.feature.facts.test$_2000#18854} no children}] reparent to OffscreenRoot
04-15 09:53:48.441  1151  1151 I SurfaceFlinger: [LayerHierarchy{RequestedLayerState{Splash Screen com.catfact.app.feature.facts.test$_2000#18854} no children}] RelativeParent to null
04-15 09:53:48.441  1151  1151 I SurfaceFlinger: [LayerHierarchy{RequestedLayerState{Transition Root: Task=3882#18855 z=13} 1 children}] reparent to OffscreenRoot
04-15 09:53:48.441  1151  1151 I SurfaceFlinger: [LayerHierarchy{RequestedLayerState{Transition Root: Task=3882#18855 z=13} 1 children}] RelativeParent to null
04-15 09:53:48.441  1151  1151 I SurfaceFlinger: [LayerHierarchy{RequestedLayerState{DimTransitionLayer for Surface(name=Task=3882)/@0x72ec3fe#18856 z=-1} no children}] reparent to OffscreenRoot
04-15 09:53:48.441  1151  1151 I SurfaceFlinger: [LayerHierarchy{RequestedLayerState{DimTransitionLayer for Surface(name=Task=3882)/@0x72ec3fe#18856 z=-1} no children}] RelativeParent to null
04-15 09:53:48.441  2000  2000 D SystemUIService: SYSUI_RAM_OPTIMIZATION onTrimMemory=20
04-15 09:53:48.441  2000  2000 D CentralSurfaces: SYSUI_RAM_OPTIMIZATION onTrimMemory=20
04-15 09:53:48.441  2000  2196 D HWUI    : CacheManager::trimMemory(20)
04-15 09:53:48.443  1151  1151 I SurfaceFlinger: id=18854 Removed Splash Screen com.catfact.app.feature.facts.test$_2000#18854 (208)
04-15 09:53:48.443  1151  1151 I SurfaceFlinger: id=18856 Removed DimTransitionLayer for Surface(name=Task=3882)/@0x72ec3fe#18856 (208)
04-15 09:53:48.443  1151  1151 I SurfaceFlinger: id=18855 Removed Transition Root: Task=3882#18855 (208)
04-15 09:53:48.443  1151  1151 I SurfaceFlinger: id=18853 Removed bc6bff9 Splash Screen com.catfact.app.feature.facts.test#18853 (208)
04-15 09:53:48.445  1542  1585 D SurfaceComposerClient: setCornerRadius ## 277234c com.catfact.app.feature.facts.test/androidx.activity.ComponentActivity#18858 cornerRadius=0.000000
04-15 09:53:48.445  2461  4179 I HoneySpace.Memory-Monitor: current state = 2, didTrim = false
04-15 09:53:48.445  2000  2125 D StackScroller: onDisplayChanged for predraw skip to 2
04-15 09:53:48.446  2000  2000 D DisplayLifecycle: updateDisplay id = 0
04-15 09:53:48.448  1151  1151 I SurfaceFlinger: destroyed bc6bff9 Splash Screen com.catfact.app.feature.facts.test#18853
04-15 09:53:48.448  1151  1151 I SurfaceFlinger: destroyed Splash Screen com.catfact.app.feature.facts.test$_2000#18854
04-15 09:53:48.448  1151  1151 I SurfaceFlinger: destroyed Transition Root: Task=3882#18855
04-15 09:53:48.448  1151  1151 I SurfaceFlinger: destroyed DimTransitionLayer for Surface(name=Task=3882)/@0x72ec3fe#18856
04-15 09:53:48.450  1151  1151 I Layer   : id=18853 Destroyed bc6bff9 Splash Screen com.catfact.app.feature.facts.test#18853
04-15 09:53:48.450  1151  1151 I Layer   : id=18854 Destroyed Splash Screen com.catfact.app.feature.facts.test$_2000#18854
04-15 09:53:48.450  1151  1151 I Layer   : id=18855 Destroyed Transition Root: Task=3882#18855
04-15 09:53:48.450  1151  1151 I Layer   : id=18856 Destroyed DimTransitionLayer for Surface(name=Task=3882)/@0x72ec3fe#18856
04-15 09:53:48.455  3979  4808 D HWUI    : CacheManager::trimMemory(20)
04-15 09:53:48.456  3979  3979 I VRI[AllInOneCalendarActivity]@bba6409: handleAppVisibility mAppVisible = true visible = false
04-15 09:53:48.456  3979  3979 D VRI[AllInOneCalendarActivity]@bba6409: visibilityChanged oldVisibility=true newVisibility=false
04-15 09:53:48.467  3979  3979 I VRI[AllInOneCalendarActivity]@bba6409: stopped(true) old = false
04-15 09:53:48.467  3979  3979 D VRI[AllInOneCalendarActivity]@bba6409: WindowStopped on com.google.android.calendar/com.google.android.calendar.allinone.AllInOneCalendarActivity set to true
04-15 09:53:48.467  3979  4808 D HWUI    : CacheManager::trimMemory(20)
04-15 09:53:48.489 19868 19868 D ConnectivityManager: StackLog: [android.net.ConnectivityManager.sendRequestForNetwork(ConnectivityManager.java:4740)] [android.net.ConnectivityManager.sendRequestForNetwork(ConnectivityManager.java:4908)] [android.net.ConnectivityManager.registerNetworkCallback(ConnectivityManager.java:5325)] [android.net.ConnectivityManager.registerNetworkCallback(ConnectivityManager.java:5295)] [com.catfact.app.core.designsystem.util.ConnectivityObserver$observe$1.invokeSuspend(ConnectivityObserver.kt:40)] [com.catfact.app.core.designsystem.util.ConnectivityObserver$observe$1.invoke(Unknown Source:8)] [com.catfact.app.core.designsystem.util.ConnectivityObserver$observe$1.invoke(Unknown Source:4)] [kotlinx.coroutines.flow.ChannelFlowBuilder.collectTo$suspendImpl(Builders.kt:316)] [kotlinx.coroutines.flow.ChannelFlowBuilder.collectTo(Unknown Source:0)] [kotlinx.coroutines.flow.CallbackFlowBuilder.collectTo(Builders.kt:330)] [kotlinx.coroutines.flow.internal.ChannelFlow$collectToFun$1.invokeSuspend(ChannelFlow.kt:56)] [kotlin.coroutines.jvm.internal.BaseContinuationImpl.resumeWith(ContinuationImpl.kt:34)] [androidx.compose.ui.test.ApplyingContinuationInterceptor$SendApplyContinuation.resumeWith(ApplyingContinuationInterceptor.kt:52)] [androidx.compose.ui.test.FrameDeferringContinuationInterceptor$FrameDeferredContinuation.resumeWith(FrameDeferringContinuationInterceptor.jvm.kt:187)] [kotlin.coroutines.ContinuationKt.startCoroutine(Continuation.kt:129)] [kotlinx.coroutines.CoroutineStart.invoke(CoroutineStart.kt:359)] [kotlinx.coroutines.AbstractCoroutine.start(AbstractCoroutine.kt:124)] [kotlinx.coroutines.channels.ProduceKt.produce(Produce.kt:281)] [kotlinx.coroutines.channels.ProduceKt.produce$default(Produce.kt:269)] [kotlinx.coroutines.flow.internal.ChannelFlow.produceImpl(ChannelFlow.kt:115)] [kotlinx.coroutines.flow.internal.ChannelFlow$collect$2.invokeSuspend(ChannelFlow.kt:119)] [kotlinx.coroutines.flow.internal.ChannelFlow$collect$2.invoke(Unknown Source:8)] [kotlinx.coroutines.flow.internal.ChannelFlow$collect$2.invoke(Unknown Source:4)] [kotlinx.coroutines.intrinsics.UndispatchedKt.startUndispatchedOrReturn(Undispatched.kt:42)] [kotlinx.coroutines.CoroutineScopeKt.coroutineScope(CoroutineScope.kt:261)] [kotlinx.coroutines.flow.internal.ChannelFlow.collect$suspendImpl(ChannelFlow.kt:118)] [kotlinx.coroutines.flow.internal.ChannelFlow.collect(Unknown Source:0)] [kotlinx.coroutines.flow.DistinctFlowImpl.collect(Distinct.kt:68)] [kotlinx.coroutines.flow.internal.ChannelFlowOperatorImpl.flowCollect(ChannelFlow.kt:191)] [kotlinx.coroutines.flow.internal.ChannelFlowOperator.collectTo$suspendImpl(ChannelFlow.kt:153)] [kotlinx.coroutines.flow.internal.ChannelFlowOperator.collectTo(Unknown Source:0)] [kotlinx.coroutines.flow.internal.ChannelFlow$collectToFun$1.invokeSuspend(ChannelFlow.kt:56)] [kotlin.coroutines.jvm.internal.BaseContinuationImpl.resumeWith(ContinuationImpl.kt:34)] [androidx.compose.ui.test.ApplyingContinuationInterceptor$SendApplyContinuation.resumeWith(ApplyingContinuationInterceptor.kt:52)] [androidx.compose.ui.test.FrameDeferringContinuationInterceptor$FrameDeferredContinuation.resumeWith(FrameDeferringContinuationInterceptor.jvm.kt:187)] [kotlin.coroutines.ContinuationKt.startCoroutine(Continuation.kt:129)] [kotlinx.coroutines.CoroutineStart.invoke(CoroutineStart.kt:359)] [kotlinx.coroutines.AbstractCoroutine.start(AbstractCoroutine.kt:124)] [kotlinx.coroutines.channels.ProduceKt.produce(Produce.kt:281)] [kotlinx.coroutines.channels.ProduceKt.produce$default(Produce.kt:269)] [kotlinx.coroutines.flow.internal.ChannelFlow.produceImpl(ChannelFlow.kt:115)] [kotlinx.coroutines.flow.internal.ChannelFlow$collect$2.invokeSuspend(ChannelFlow.kt:119)] [kotlinx.coroutines.flow.internal.ChannelFlow$collect$2.invoke(Unknown Source:8)] [kotlinx.coroutines.flow.internal.ChannelFlow$collect$2.invoke(Unknown Source:4)] [kotlinx.coroutines.intrinsics.UndispatchedKt.startUndispatchedOrReturn(Undispatched.kt:42)] [kotlinx.coroutines.CoroutineScopeKt.coroutineScope(CoroutineScope.kt:261)] [kotlinx.coroutines.
04-15 09:53:48.492  1542  1796 D ConnectivityService: Rematched networks [computed 0ms] [applied 1ms] [issued 0]
04-15 09:53:48.492  1542  1796 D ConnectivityService: NetworkReassignment : no changes
04-15 09:53:48.500  3979  4808 D HWUI    : CacheManager::trimMemory(20)
04-15 09:53:48.504  1542  4235 I WindowManager: Relayout Window{f86e873 u0 com.google.android.calendar/com.google.android.calendar.allinone.AllInOneCalendarActivity}: viewVisibility=8 req=720x1544 ty=1 d0
04-15 09:53:48.505  1542  4235 D SurfaceComposerClient: setCornerRadius ## 277234c com.catfact.app.feature.facts.test/androidx.activity.ComponentActivity#18858 cornerRadius=0.000000
04-15 09:53:48.505  1542  4235 D SurfaceComposerClient: setCornerRadius ## 277234c com.catfact.app.feature.facts.test/androidx.activity.ComponentActivity#18858 cornerRadius=0.000000
04-15 09:53:48.506  1542  4235 I WindowManager: Relayout hash=f86e873, pid=3979, syncId=-1: mAttrs={(0,0)(fillxfill) sim={adjust=pan} layoutInDisplayCutoutMode=always ty=BASE_APPLICATION wanim=0x1030317
04-15 09:53:48.506  1542  4235 I WindowManager:   fl=81810100
04-15 09:53:48.506  1542  4235 I WindowManager:   pfl=100088c0
04-15 09:53:48.506  1542  4235 I WindowManager:   vsysui=700
04-15 09:53:48.506  1542  4235 I WindowManager:   bhv=1
04-15 09:53:48.506  1542  4235 I WindowManager:   fitSides=0
04-15 09:53:48.506  1542  4235 I WindowManager:   frameRateBoostOnTouch=true
04-15 09:53:48.506  1542  4235 I WindowManager:   dvrrWindowFrameRateHint=true naviIconColor=0}
04-15 09:53:48.508  3979  3979 I VRI[AllInOneCalendarActivity]@bba6409: Relayout returned: old=(0,0,720,1544) new=(0,0,720,1544) relayoutAsync=false req=(720,1544)8 dur=4 res=0x2 s={false 0x0} ch=false seqId=0
04-15 09:53:48.508  3979  3979 D VRI[AllInOneCalendarActivity]@bba6409: Not drawing due to not visible. Reason=!mAppVisible && !mForceDecorViewVisibility
04-15 09:53:48.513  1542  1582 D PkgPredictorService-SecIpmManagerServiceImpl: bg information pid:3979 uid:10279 pkgName:com.google.android.calendar
04-15 09:53:48.516  1151  1151 I SurfaceFlinger: [LayerHierarchy{RequestedLayerState{com.google.android.calendar/com.google.android.calendar.allinone.AllInOneCalendarActivity$_3979#18843} no children}] reparent to OffscreenRoot
04-15 09:53:48.516  1151  1151 I SurfaceFlinger: [LayerHierarchy{RequestedLayerState{com.google.android.calendar/com.google.android.calendar.allinone.AllInOneCalendarActivity$_3979#18843} no children}] RelativeParent to null
04-15 09:53:48.518  1151  1151 I SurfaceFlinger: id=18843 Removed com.google.android.calendar/com.google.android.calendar.allinone.AllInOneCalendarActivity$_3979#18843 (204)
04-15 09:53:48.523  1151  1151 I SurfaceFlinger: destroyed com.google.android.calendar/com.google.android.calendar.allinone.AllInOneCalendarActivity$_3979#18843
04-15 09:53:48.523  1151  1151 I Layer   : id=18843 Destroyed com.google.android.calendar/com.google.android.calendar.allinone.AllInOneCalendarActivity$_3979#18843
04-15 09:53:48.532  3979  4091 E Observables: Get on supplier after scope closed
04-15 09:53:48.532  3979  4091 E Observables: Get on supplier after scope closed
04-15 09:53:48.532  3979  4091 E Observables: Get on supplier after scope closed
04-15 09:53:48.532  3979  4091 E Observables: Get on supplier after scope closed
04-15 09:53:48.532  3979  4091 E Observables: Get on supplier after scope closed
04-15 09:53:48.532  3979  4091 E Observables: Get on supplier after scope closed
04-15 09:53:48.532  3979  4091 E Observables: Get on supplier after scope closed
04-15 09:53:48.541  3979  3979 W WindowOnBackDispatcher: sendCancelIfRunning: isInProgress=false callback=android.app.Activity$$ExternalSyntheticLambda0@b9c37c5
04-15 09:53:48.545  3979  4808 D HWUI    : CacheManager::trimMemory(20)
04-15 09:53:48.547  3979  3979 I VRI[AllInOneCalendarActivity]@bba6409: dispatchDetachedFromWindow
04-15 09:53:48.547  1542  4235 D InputTransport: Input channel destroyed: 'f86e873', fd=1433
04-15 09:53:48.548  1542  4235 D SurfaceComposerClient: setCornerRadius ## 277234c com.catfact.app.feature.facts.test/androidx.activity.ComponentActivity#18858 cornerRadius=0.000000
04-15 09:53:48.549  1542  4235 D SurfaceComposerClient: setCornerRadius ## 277234c com.catfact.app.feature.facts.test/androidx.activity.ComponentActivity#18858 cornerRadius=0.000000
04-15 09:53:48.549  3979  3979 D InputTransport: Input channel destroyed: 'f86e873', fd=169
04-15 09:53:48.550  3979  3979 D BBA2    : setIsFg isFg = false; delayValue 3999ms
04-15 09:53:48.556  2000  2000 D QSClock : onDarkChanged tint=WHITE
04-15 09:53:48.557  1151  1151 I SurfaceFlinger: [LayerHierarchy{RequestedLayerState{f86e873 com.google.android.calendar/com.google.android.calendar.allinone.AllInOneCalendarActivity#18842} no children}] reparent to OffscreenRoot
04-15 09:53:48.557  1151  1151 I SurfaceFlinger: [LayerHierarchy{RequestedLayerState{f86e873 com.google.android.calendar/com.google.android.calendar.allinone.AllInOneCalendarActivity#18842} no children}] RelativeParent to null
04-15 09:53:48.558  1151  1151 I SurfaceFlinger: id=18842 Removed f86e873 com.google.android.calendar/com.google.android.calendar.allinone.AllInOneCalendarActivity#18842 (203)
04-15 09:53:48.565  1151  1151 I SurfaceFlinger: destroyed f86e873 com.google.android.calendar/com.google.android.calendar.allinone.AllInOneCalendarActivity#18842
04-15 09:53:48.566  1151  1151 I Layer   : id=18842 Destroyed f86e873 com.google.android.calendar/com.google.android.calendar.allinone.AllInOneCalendarActivity#18842
04-15 09:53:48.567 19868 19868 I View    : setRequestedFrameRate frameRate=0.0, this=androidx.compose.ui.platform.AndroidComposeView{47b31a0 VFED..... ........ 0,0-720,1544 aid=1073741824}, caller=android.view.ViewGroup.setRequestedFrameRate:9952 androidx.compose.ui.platform.Api35Impl.setRequestedFrameRate:3822 androidx.compose.ui.platform.AndroidComposeView.dispatchDraw:2114 android.view.View.draw:26345 android.view.View.updateDisplayListIfDirty:25175
04-15 09:53:48.567 19868 19868 I View    : setRequestedFrameRate frameRate=-4.0, this=android.view.View{1a7d175 V.ED..... ......I. 0,0-0,0}, caller=androidx.compose.ui.platform.Api35Impl.setRequestedFrameRate:3822 androidx.compose.ui.platform.AndroidComposeView.dispatchDraw:2115 android.view.View.draw:26345 android.view.View.updateDisplayListIfDirty:25175 android.view.View.draw:26072
04-15 09:53:48.572 19868 19901 I GSC     : SID[8] : c948cc50a16c2423, Kind: 1, time : 2.839 ms
04-15 09:53:48.573 19868 19868 I View    : setRequestedFrameRate frameRate=NaN, this=androidx.compose.ui.platform.AndroidComposeView{47b31a0 VFED..... ........ 0,0-720,1544 aid=1073741824}, caller=android.view.ViewGroup.setRequestedFrameRate:9952 androidx.compose.ui.platform.Api35Impl.setRequestedFrameRate:3822 androidx.compose.ui.platform.AndroidComposeView.dispatchDraw:2114 android.view.View.draw:26345 android.view.View.updateDisplayListIfDirty:25175
