04-15 09:53:53.910 19868 19868 D ConnectivityManager: StackLog: [android.net.ConnectivityManager.sendRequestForNetwork(ConnectivityManager.java:4740)] [android.net.ConnectivityManager.sendRequestForNetwork(ConnectivityManager.java:4908)] [android.net.ConnectivityManager.registerNetworkCallback(ConnectivityManager.java:5325)] [android.net.ConnectivityManager.registerNetworkCallback(ConnectivityManager.java:5295)] [com.catfact.app.core.designsystem.util.ConnectivityObserver$observe$1.invokeSuspend(ConnectivityObserver.kt:40)] [com.catfact.app.core.designsystem.util.ConnectivityObserver$observe$1.invoke(Unknown Source:8)] [com.catfact.app.core.designsystem.util.ConnectivityObserver$observe$1.invoke(Unknown Source:4)] [kotlinx.coroutines.flow.ChannelFlowBuilder.collectTo$suspendImpl(Builders.kt:316)] [kotlinx.coroutines.flow.ChannelFlowBuilder.collectTo(Unknown Source:0)] [kotlinx.coroutines.flow.CallbackFlowBuilder.collectTo(Builders.kt:330)] [kotlinx.coroutines.flow.internal.ChannelFlow$collectToFun$1.invokeSuspend(ChannelFlow.kt:56)] [kotlin.coroutines.jvm.internal.BaseContinuationImpl.resumeWith(ContinuationImpl.kt:34)] [androidx.compose.ui.test.ApplyingContinuationInterceptor$SendApplyContinuation.resumeWith(ApplyingContinuationInterceptor.kt:52)] [androidx.compose.ui.test.FrameDeferringContinuationInterceptor$FrameDeferredContinuation.resumeWith(FrameDeferringContinuationInterceptor.jvm.kt:187)] [kotlin.coroutines.ContinuationKt.startCoroutine(Continuation.kt:129)] [kotlinx.coroutines.CoroutineStart.invoke(CoroutineStart.kt:359)] [kotlinx.coroutines.AbstractCoroutine.start(AbstractCoroutine.kt:124)] [kotlinx.coroutines.channels.ProduceKt.produce(Produce.kt:281)] [kotlinx.coroutines.channels.ProduceKt.produce$default(Produce.kt:269)] [kotlinx.coroutines.flow.internal.ChannelFlow.produceImpl(ChannelFlow.kt:115)] [kotlinx.coroutines.flow.internal.ChannelFlow$collect$2.invokeSuspend(ChannelFlow.kt:119)] [kotlinx.coroutines.flow.internal.ChannelFlow$collect$2.invoke(Unknown Source:8)] [kotlinx.coroutines.flow.internal.ChannelFlow$collect$2.invoke(Unknown Source:4)] [kotlinx.coroutines.intrinsics.UndispatchedKt.startUndispatchedOrReturn(Undispatched.kt:42)] [kotlinx.coroutines.CoroutineScopeKt.coroutineScope(CoroutineScope.kt:261)] [kotlinx.coroutines.flow.internal.ChannelFlow.collect$suspendImpl(ChannelFlow.kt:118)] [kotlinx.coroutines.flow.internal.ChannelFlow.collect(Unknown Source:0)] [kotlinx.coroutines.flow.DistinctFlowImpl.collect(Distinct.kt:68)] [kotlinx.coroutines.flow.internal.ChannelFlowOperatorImpl.flowCollect(ChannelFlow.kt:191)] [kotlinx.coroutines.flow.internal.ChannelFlowOperator.collectTo$suspendImpl(ChannelFlow.kt:153)] [kotlinx.coroutines.flow.internal.ChannelFlowOperator.collectTo(Unknown Source:0)] [kotlinx.coroutines.flow.internal.ChannelFlow$collectToFun$1.invokeSuspend(ChannelFlow.kt:56)] [kotlin.coroutines.jvm.internal.BaseContinuationImpl.resumeWith(ContinuationImpl.kt:34)] [androidx.compose.ui.test.ApplyingContinuationInterceptor$SendApplyContinuation.resumeWith(ApplyingContinuationInterceptor.kt:52)] [androidx.compose.ui.test.FrameDeferringContinuationInterceptor$FrameDeferredContinuation.resumeWith(FrameDeferringContinuationInterceptor.jvm.kt:187)] [kotlin.coroutines.ContinuationKt.startCoroutine(Continuation.kt:129)] [kotlinx.coroutines.CoroutineStart.invoke(CoroutineStart.kt:359)] [kotlinx.coroutines.AbstractCoroutine.start(AbstractCoroutine.kt:124)] [kotlinx.coroutines.channels.ProduceKt.produce(Produce.kt:281)] [kotlinx.coroutines.channels.ProduceKt.produce$default(Produce.kt:269)] [kotlinx.coroutines.flow.internal.ChannelFlow.produceImpl(ChannelFlow.kt:115)] [kotlinx.coroutines.flow.internal.ChannelFlow$collect$2.invokeSuspend(ChannelFlow.kt:119)] [kotlinx.coroutines.flow.internal.ChannelFlow$collect$2.invoke(Unknown Source:8)] [kotlinx.coroutines.flow.internal.ChannelFlow$collect$2.invoke(Unknown Source:4)] [kotlinx.coroutines.intrinsics.UndispatchedKt.startUndispatchedOrReturn(Undispatched.kt:42)] [kotlinx.coroutines.CoroutineScopeKt.coroutineScope(CoroutineScope.kt:261)] [kotlinx.coroutines.
04-15 09:53:53.911  1542  2161 D SurfaceComposerClient: setCornerRadius ## 2f7eeeb com.catfact.app.feature.facts.test/androidx.activity.ComponentActivity#19000 cornerRadius=0.000000
04-15 09:53:53.912 11141 20041 E Finsky  : [376] Got null initiating package name for com.samsung.android.mydevice
04-15 09:53:53.912  1542  2161 D SurfaceComposerClient: setCornerRadius ## 2f7eeeb com.catfact.app.feature.facts.test/androidx.activity.ComponentActivity#19000 cornerRadius=0.000000
04-15 09:53:53.913  3979  3979 D InputTransport: Input channel destroyed: 'fc8dbe6', fd=167
04-15 09:53:53.913 11141 20041 E Finsky  : [376] Got null initiating package name for com.sec.enterprise.knox.cloudmdm.smdms
04-15 09:53:53.915 11141 20041 E Finsky  : [376] Got null initiating package name for com.sec.phone
04-15 09:53:53.916 11141 20041 E Finsky  : [376] Got null initiating package name for com.samsung.android.camerasdkservice
04-15 09:53:53.917  3979  3979 D BBA2    : setIsFg isFg = false; delayValue 3999ms
04-15 09:53:53.918 11141 20041 E Finsky  : [376] Got null initiating package name for com.samsung.android.aremoji
04-15 09:53:53.923  1151  1151 I SurfaceFlinger: [LayerHierarchy{RequestedLayerState{fc8dbe6 com.google.android.calendar/com.google.android.calendar.allinone.AllInOneCalendarActivity#18984} no children}] reparent to OffscreenRoot
04-15 09:53:53.923  1151  1151 I SurfaceFlinger: [LayerHierarchy{RequestedLayerState{fc8dbe6 com.google.android.calendar/com.google.android.calendar.allinone.AllInOneCalendarActivity#18984} no children}] RelativeParent to null
04-15 09:53:53.923  1151  1151 I SurfaceFlinger: id=18984 Removed fc8dbe6 com.google.android.calendar/com.google.android.calendar.allinone.AllInOneCalendarActivity#18984 (231)
04-15 09:53:53.928 11141 20041 E Finsky  : [376] Got null initiating package name for com.android.proxyhandler
04-15 09:53:53.928  1542  1796 D ConnectivityService: Rematched networks [computed 3ms] [applied 4ms] [issued 2]
04-15 09:53:53.928  1542  1796 D ConnectivityService: NetworkReassignment : no changes
04-15 09:53:53.931  1151  1151 I SurfaceFlinger: destroyed fc8dbe6 com.google.android.calendar/com.google.android.calendar.allinone.AllInOneCalendarActivity#18984
04-15 09:53:53.932  1151  1151 I Layer   : id=18984 Destroyed fc8dbe6 com.google.android.calendar/com.google.android.calendar.allinone.AllInOneCalendarActivity#18984
04-15 09:53:53.935 11141 20041 E Finsky  : [376] Got null initiating package name for com.sec.automation
04-15 09:53:53.941 11141 20041 E Finsky  : [376] Got null initiating package name for com.android.phone.auto_generated_rro_product__
04-15 09:53:53.941 11141 20041 E Finsky  : [376] Got null initiating package name for com.samsung.android.brightnessbackupservice
04-15 09:53:53.951 11141 20041 E Finsky  : [376] Got null initiating package name for com.android.providers.telephony.auto_generated_characteristics_rro
04-15 09:53:53.958  2000  2000 D QSClock : onDarkChanged tint=WHITE
04-15 09:53:53.960 11141 20041 E Finsky  : [376] Got null initiating package name for com.samsung.android.biometrics.app.setting
04-15 09:53:53.961 11141 20041 E Finsky  : [376] Got null initiating package name for com.google.mainline.adservices
04-15 09:53:53.965 11141 20041 E Finsky  : [376] Got null initiating package name for com.samsung.android.location
04-15 09:53:53.965 11141 20041 E Finsky  : [376] Got null initiating package name for com.samsung.klmsagent
04-15 09:53:53.967 11141 20041 E Finsky  : [376] Got null initiating package name for com.sec.android.app.qsfastpairoverlay
04-15 09:53:53.970 11141 20041 E Finsky  : [376] Got null initiating package name for com.android.dynsystem
04-15 09:53:53.971 11141 20041 E Finsky  : [376] Got null initiating package name for com.google.android.configupdater
04-15 09:53:53.971 11141 20041 E Finsky  : [376] Got null initiating package name for com.samsung.pregpudriver.ex2200
04-15 09:53:53.971 11141 20041 E Finsky  : [376] Got null initiating package name for com.samsung.android.game.gos
04-15 09:53:53.972 11141 20041 E Finsky  : [376] Got null initiating package name for com.samsung.android.app.readingglass
04-15 09:53:53.974 11141 20041 E Finsky  : [376] Got null initiating package name for com.samsung.android.bixby.agent
04-15 09:53:53.976 11141 20041 E Finsky  : [376] Got null initiating package name for com.samsung.android.service.tagservice
04-15 09:53:53.976 11141 20041 E Finsky  : [376] Got null initiating package name for com.samsung.android.gru
04-15 09:53:53.977 11141 20041 E Finsky  : [376] Got null initiating package name for com.sec.android.app.magnifier
04-15 09:53:53.977 11141 20041 E Finsky  : [376] Got null initiating package name for com.samsung.android.smartswitchassistant
04-15 09:53:53.978 11141 20041 E Finsky  : [376] Got null initiating package name for com.google.android.resolv
04-15 09:53:53.979 11141 20041 E Finsky  : [376] Got null initiating package name for com.samsung.android.app.dofviewer
04-15 09:53:53.979 11141 20041 E Finsky  : [376] Got null initiating package name for com.samsung.android.wifi.resources.wifilock
04-15 09:53:53.986 11141 20041 E Finsky  : [376] Got null initiating package name for com.android.credentialmanager
04-15 09:53:53.987 11141 20041 E Finsky  : [376] Got null initiating package name for com.sec.android.app.wlantest
04-15 09:53:53.988 11141 20041 E Finsky  : [376] Got null initiating package name for com.samsung.android.app.contacts
04-15 09:53:53.989 11141 20041 E Finsky  : [376] Got null initiating package name for com.samsung.android.callassistant
04-15 09:53:53.994 11141 20041 E Finsky  : [376] Got null initiating package name for com.android.vndk.v31
04-15 09:53:53.994 11141 20041 E Finsky  : [376] Got null initiating package name for com.samsung.android.knox.app.networkfilter
04-15 09:53:53.996 11141 20041 E Finsky  : [376] Got null initiating package name for com.samsung.android.wifi.softapsixghz.resources
04-15 09:53:53.999 19868 19868 I View    : setRequestedFrameRate frameRate=0.0, this=androidx.compose.ui.platform.AndroidComposeView{914c39f VFED..... ........ 0,0-720,1544 aid=1073741824}, caller=android.view.ViewGroup.setRequestedFrameRate:9952 androidx.compose.ui.platform.Api35Impl.setRequestedFrameRate:3822 androidx.compose.ui.platform.AndroidComposeView.dispatchDraw:2114 android.view.View.draw:26345 android.view.View.updateDisplayListIfDirty:25175
04-15 09:53:53.999 19868 19868 I View    : setRequestedFrameRate frameRate=-4.0, this=android.view.View{bd75639 V.ED..... ......I. 0,0-0,0}, caller=androidx.compose.ui.platform.Api35Impl.setRequestedFrameRate:3822 androidx.compose.ui.platform.AndroidComposeView.dispatchDraw:2115 android.view.View.draw:26345 android.view.View.updateDisplayListIfDirty:25175 android.view.View.draw:26072
04-15 09:53:53.999 11141 20041 E Finsky  : [376] Got null initiating package name for com.google.android.onetimeinitializer
04-15 09:53:54.005 11141 20041 E Finsky  : [376] Got null initiating package name for com.google.android.sdkext
04-15 09:53:54.006 11141 20041 E Finsky  : [376] Got null initiating package name for com.samsung.android.ese
04-15 09:53:54.006 11141 20041 E Finsky  : [376] Got null initiating package name for com.google.android.setupwizard
04-15 09:53:54.007 19868 19868 I View    : setRequestedFrameRate frameRate=NaN, this=androidx.compose.ui.platform.AndroidComposeView{914c39f VFED..... ........ 0,0-720,1544 aid=1073741824}, caller=android.view.ViewGroup.setRequestedFrameRate:9952 androidx.compose.ui.platform.Api35Impl.setRequestedFrameRate:3822 androidx.compose.ui.platform.AndroidComposeView.dispatchDraw:2114 android.view.View.draw:26345 android.view.View.updateDisplayListIfDirty:25175
04-15 09:53:54.007 19868 19868 I View    : setRequestedFrameRate frameRate=NaN, this=android.view.View{bd75639 V.ED..... ........ 0,0-0,0}, caller=androidx.compose.ui.platform.Api35Impl.setRequestedFrameRate:3822 androidx.compose.ui.platform.AndroidComposeView.dispatchDraw:2115 android.view.View.draw:26345 android.view.View.updateDisplayListIfDirty:25175 android.view.ViewGroup.recreateChildDisplayList:4794
04-15 09:53:54.008 11141 20041 E Finsky  : [376] Got null initiating package name for com.android.apps.tag
04-15 09:53:54.008 11141 20041 E Finsky  : [376] Got null initiating package name for com.android.egg
04-15 09:53:54.009 11141 20041 E Finsky  : [376] Got null initiating package name for com.google.android.apps.aiwallpapers
04-15 09:53:54.009 11141 20041 E Finsky  : [376] Got null initiating package name for com.google.android.adservices
04-15 09:53:54.009 11141 20041 E Finsky  : [376] Got null initiating package name for com.google.android.tethering
04-15 09:53:54.010 11141 20041 E Finsky  : [376] Got null initiating package name for com.google.android.syncadapters.calendar
04-15 09:53:54.011 11141 20041 E Finsky  : [376] Got null initiating package name for com.samsung.android.nfc.resources.default
04-15 09:53:54.014 11141 20041 E Finsky  : [376] Got null initiating package name for com.swiftkey.swiftkeyconfigurator
04-15 09:53:54.016 11141 20041 E Finsky  : [376] Got null initiating package name for com.google.android.healthconnect.controller
04-15 09:53:54.017 11141 20041 E Finsky  : [376] Got null initiating package name for com.samsung.android.bixby.wakeup
04-15 09:53:54.018 11141 20041 E Finsky  : [376] Got null initiating package name for com.sec.factory.camera
04-15 09:53:54.018 11141 20041 E Finsky  : [376] Got null initiating package name for com.samsung.android.inputshare
04-15 09:53:54.020 11141 20041 E Finsky  : [376] Got null initiating package name for com.samsung.android.hwresourceshare.storage
04-15 09:53:54.021 11141 20041 E Finsky  : [376] Got null initiating package name for com.google.android.gms.supervision
04-15 09:53:54.021 11141 20041 E Finsky  : [376] Got null initiating package name for com.android.internal.systemui.navbar.threebutton
04-15 09:53:54.022 11141 20041 E Finsky  : [376] Got null initiating package name for com.samsung.android.da.daagent
04-15 09:53:54.024 11141 20041 E Finsky  : [376] Got null initiating package name for com.samsung.android.dialer
04-15 09:53:54.024 11141 20041 E Finsky  : [376] Got null initiating package name for com.samsung.android.setting.multisound
04-15 09:53:54.027 11141 20041 E Finsky  : [376] Got null initiating package name for com.samsung.android.app.omcagent
04-15 09:53:54.029 11141 20041 E Finsky  : [376] Got null initiating package name for com.samsung.drmboost
04-15 09:53:54.029 11141 20041 E Finsky  : [376] Got null initiating package name for com.google.android.cellbroadcast
04-15 09:53:54.030 11141 20041 E Finsky  : [376] Got null initiating package name for com.sec.android.CcInfo
04-15 09:53:54.031 11141 20041 E Finsky  : [376] Got null initiating package name for com.samsung.android.nfc
04-15 09:53:54.031 11141 20041 E Finsky  : [376] Got null initiating package name for com.android.providers.downloads
04-15 09:53:54.032 11141 20041 E Finsky  : [376] Got null initiating package name for com.samsung.android.offline.languagemodel
04-15 09:53:54.033 11141 20041 E Finsky  : [376] Got null initiating package name for com.google.android.overlay.modules.modulemetadata.forframework
04-15 09:53:54.034 11141 20041 E Finsky  : [376] Got null initiating package name for com.sec.android.app.soundalive
04-15 09:53:54.034 11141 20041 E Finsky  : [376] Got null initiating package name for com.android.providers.downloads.ui
04-15 09:53:54.035 11141 20041 E Finsky  : [376] Got null initiating package name for com.samsung.android.shortcutbackupservice
04-15 09:53:54.035 11141 20041 E Finsky  : [376] Got null initiating package name for com.samsung.android.motionphoto.app
04-15 09:53:54.036 11141 20041 E Finsky  : [376] Got null initiating package name for com.android.storagemanager
04-15 09:53:54.045 11141 20041 E Finsky  : [376] Got null initiating package name for com.samsung.android.app.interpreter
04-15 09:53:54.047 11141 20041 E Finsky  : [376] Got null initiating package name for android.auto_generated_rro_vendor__
04-15 09:53:54.049 11141 20041 E Finsky  : [376] Got null initiating package name for com.sec.android.app.servicemodeapp
04-15 09:53:54.050 19868 19868 I View    : setRequestedFrameRate frameRate=NaN, this=androidx.compose.ui.platform.AndroidComposeView{914c39f VFED..... ........ 0,0-720,1544 aid=1073741824}, caller=android.view.ViewGroup.setRequestedFrameRate:9952 androidx.compose.ui.platform.Api35Impl.setRequestedFrameRate:3822 androidx.compose.ui.platform.AndroidComposeView.dispatchDraw:2114 android.view.View.draw:26345 android.view.View.updateDisplayListIfDirty:25175
04-15 09:53:54.050 19868 19868 I View    : setRequestedFrameRate frameRate=NaN, this=android.view.View{bd75639 V.ED..... ........ 0,0-0,0}, caller=androidx.compose.ui.platform.Api35Impl.setRequestedFrameRate:3822 androidx.compose.ui.platform.AndroidComposeView.dispatchDraw:2115 android.view.View.draw:26345 android.view.View.updateDisplayListIfDirty:25175 android.view.ViewGroup.recreateChildDisplayList:4794
04-15 09:53:54.058  1542  4025 I SemDvfsHyPerManager: acquire hyper - AMS_ACT_START/1542@20, type = -999
04-15 09:53:54.059 11141 20041 E Finsky  : [376] Got null initiating package name for com.samsung.android.knox.kfbp
04-15 09:53:54.059  1151  2758 I SurfaceFlinger: id=19008 createSurf, flag=84004, ActivityRecord{116327725 u0 com.catfact.app.feature.facts.test/androidx.test.core.app.InstrumentationActivityInvoker$EmptyActivity t3886}#19008
04-15 09:53:54.060 11141 20041 E Finsky  : [376] Got null initiating package name for com.android.internal.display.cutout.emulation.waterfall
04-15 09:53:54.060 11141 20041 E Finsky  : [376] Got null initiating package name for com.samsung.android.wifi.resources
04-15 09:53:54.060  1059  1180 I HYPER-HAL: [RequestManager.cpp]acquire(): Acquired ID : 1220723  [1542 / 20]    HINT : AMS_ACT_START    list :
04-15 09:53:54.063 19868 19901 I GSC     : SID[16] : 021f788a8eb0a2d3, Kind: 1, time : 3.535 ms
04-15 09:53:54.064  3152  3152 E pageboostd: Received HALT command code 2
04-15 09:53:54.065 19868 19868 D LifecycleMonitor: Lifecycle status change: androidx.activity.ComponentActivity@3252242 in: PAUSED
04-15 09:53:54.065 19868 19868 V ActivityScenario: Update currentActivityStage to PAUSED, currentActivity=androidx.activity.ComponentActivity@3252242
04-15 09:53:54.068  1542  2161 D InputDispatcher: Focused application(0): ActivityRecord{116327725 u0 com.catfact.app.feature.facts.test/androidx.test.core.app.InstrumentationActivityInvoker$EmptyActivity t3886}
04-15 09:53:54.068  2000  2105 D ShellDesktopMode: handleRequest: TransitionRequestInfo {type=1, tid=3886, debugId=1695}
04-15 09:53:54.069 19868 19901 I GSC     : SID[17] : a5d43e0d6582489f, Kind: 0, time : 5.668 ms
04-15 09:53:54.073  1151  1151 I SurfaceFlinger: [ActivityRecord{116327725 u0 com.catfact.app.feature.facts.test/androidx.test.core.app.InstrumentationActivityInvoker$EmptyActivity t3886}#19008] attach to parent LayerHierarchy{RequestedLayerState{Task=3886#18993 parentId=10 z=13} 2 children}
04-15 09:53:54.076 11141 20041 E Finsky  : [376] Got null initiating package name for com.google.android.ondevicepersonalization.services
04-15 09:53:54.079 11141 20041 E Finsky  : [376] Got null initiating package name for com.android.bookmarkprovider
04-15 09:53:54.079 11141 20041 E Finsky  : [376] Got null initiating package name for com.samsung.android.audiomirroring
04-15 09:53:54.080 11141 20041 E Finsky  : [376] Got null initiating package name for com.samsung.android.knox.mpos
04-15 09:53:54.084 11141 20041 E Finsky  : [376] Got null initiating package name for com.sec.android.autodoodle.service
04-15 09:53:54.085 11141 20041 E Finsky  : [376] Got null initiating package name for com.android.location.fused
04-15 09:53:54.086 11141 20041 E Finsky  : [376] Got null initiating package name for com.samsung.android.wifi.largetcpbuffer.resources
04-15 09:53:54.087  1542  2476 D GraphicsStatsService: requestRenderEngineFor(com.catfact.app.feature.facts.test)
04-15 09:53:54.087 11141 20041 E Finsky  : [376] Got null initiating package name for com.android.localtransport
04-15 09:53:54.090  1151  1151 I SurfaceFlinger: [Display 0 name="Built-in Screen"#49] setFrameRateCategory: High
04-15 09:53:54.090  1151  1151 I SurfaceFlinger: [LayerHierarchy{RequestedLayerState{ImeContainer#15 parentId=18994 relativeParentId=18994 z=1} 1 children}] RelativeParent to null
04-15 09:53:54.091 11141 20041 E Finsky  : [376] Got null initiating package name for com.samsung.android.smartface.overlay
04-15 09:53:54.093  1151  1151 I BpBinder: onLastStrongRef automatically unlinking death recipients:
04-15 09:53:54.098  1151  1338 D SurfaceFlinger: [input] setFocusedWindow: <null>
04-15 09:53:54.098  1542  2476 D InputDispatcher: Focus left window (0): 2f7eeeb com.catfact.app.feature.facts.test/androidx.activity.ComponentActivity
04-15 09:53:54.099  1542  2472 D InputDispatcher: Once focus requested (0): <null>
04-15 09:53:54.103 11141 20041 E Finsky  : [376] Got null initiating package name for com.samsung.SMT.lang_th_th_f00
04-15 09:53:54.104 19868 19868 D LifecycleMonitor: Lifecycle status change: androidx.test.core.app.InstrumentationActivityInvoker$EmptyActivity@720a41d in: PRE_ON_CREATE
04-15 09:53:54.105 19868 19868 V ActivityScenario: Activity lifecycle changed event received but ignored because the intent does not match. startActivityIntent=Intent { act=android.intent.action.MAIN cat=[android.intent.category.LAUNCHER] flg=0x10008000 cmp=com.catfact.app.feature.facts.test/androidx.activity.ComponentActivity }, activity.getIntent()=Intent { act=android.intent.action.MAIN cat=[android.intent.category.LAUNCHER] flg=0x10000000 xflg=0x4 cmp=com.catfact.app.feature.facts.test/androidx.test.core.app.InstrumentationActivityInvoker$EmptyActivity }, activity=androidx.test.core.app.InstrumentationActivityInvoker$EmptyActivity@720a41d
04-15 09:53:54.111  2461  2461 I HoneySpace.EdgePanel.CocktailHostRepositoryImpl: onNoteResume
04-15 09:53:54.111  2461  2461 I HoneySpace.EdgePanel.EdgePanelContainerViewModel: cocktailHostRepository.edgePanelOperation NoteResumeComponent(componentName=ComponentInfo{com.catfact.app.feature.facts.test/androidx.test.core.app.InstrumentationActivityInvoker$EmptyActivity})
04-15 09:53:54.113 19868 19868 I DecorView: setWindowBackground: isPopOver=false color=ffffffff d=android.graphics.drawable.ColorDrawable@89097bf
04-15 09:53:54.114 19868 19868 D LifecycleMonitor: Lifecycle status change: androidx.test.core.app.InstrumentationActivityInvoker$EmptyActivity@720a41d in: CREATED
04-15 09:53:54.114 19868 19868 V ActivityScenario: Activity lifecycle changed event received but ignored because the intent does not match. startActivityIntent=Intent { act=android.intent.action.MAIN cat=[android.intent.category.LAUNCHER] flg=0x10008000 cmp=com.catfact.app.feature.facts.test/androidx.activity.ComponentActivity }, activity.getIntent()=Intent { act=android.intent.action.MAIN cat=[android.intent.category.LAUNCHER] flg=0x10000000 xflg=0x4 cmp=com.catfact.app.feature.facts.test/androidx.test.core.app.InstrumentationActivityInvoker$EmptyActivity }, activity=androidx.test.core.app.InstrumentationActivityInvoker$EmptyActivity@720a41d
04-15 09:53:54.114 19868 19868 D LifecycleMonitor: Lifecycle status change: androidx.test.core.app.InstrumentationActivityInvoker$EmptyActivity@720a41d in: STARTED
04-15 09:53:54.114 19868 19868 V ActivityScenario: Activity lifecycle changed event received but ignored because the intent does not match. startActivityIntent=Intent { act=android.intent.action.MAIN cat=[android.intent.category.LAUNCHER] flg=0x10008000 cmp=com.catfact.app.feature.facts.test/androidx.activity.ComponentActivity }, activity.getIntent()=Intent { act=android.intent.action.MAIN cat=[android.intent.category.LAUNCHER] flg=0x10000000 xflg=0x4 cmp=com.catfact.app.feature.facts.test/androidx.test.core.app.InstrumentationActivityInvoker$EmptyActivity }, activity=androidx.test.core.app.InstrumentationActivityInvoker$EmptyActivity@720a41d
04-15 09:53:54.113  2461  2461 I HoneySpace.EdgePanel.ActivityUtils: HomePackage : com.sec.android.app.launcher, resumePackageName : com.catfact.app.feature.facts.test, className : androidx.test.core.app.InstrumentationActivityInvoker$EmptyActivity
04-15 09:53:54.118 19868 19868 D LifecycleMonitor: Lifecycle status change: androidx.test.core.app.InstrumentationActivityInvoker$EmptyActivity@720a41d in: RESUMED
04-15 09:53:54.118 19868 19868 V ActivityScenario: Activity lifecycle changed event received but ignored because the intent does not match. startActivityIntent=Intent { act=android.intent.action.MAIN cat=[android.intent.category.LAUNCHER] flg=0x10008000 cmp=com.catfact.app.feature.facts.test/androidx.activity.ComponentActivity }, activity.getIntent()=Intent { act=android.intent.action.MAIN cat=[android.intent.category.LAUNCHER] flg=0x10000000 xflg=0x4 cmp=com.catfact.app.feature.facts.test/androidx.test.core.app.InstrumentationActivityInvoker$EmptyActivity }, activity=androidx.test.core.app.InstrumentationActivityInvoker$EmptyActivity@720a41d
04-15 09:53:54.119 19868 19868 D ViewRootImpl: desktopMode is false
04-15 09:53:54.119 19868 19868 I ViewRootImpl: dVRR is disabled
04-15 09:53:54.119 11141 20041 E Finsky  : [376] Got null initiating package name for com.android.hotwordenrollment.okgoogle
04-15 09:53:54.119 19868 19901 D NativeCustomFrequencyManager: [NativeCFMS] BpCustomFrequencyManager::BpCustomFrequencyManager()
04-15 09:53:54.122  1542  2161 D InputTransport: Input channel constructed: '5c5cad4', fd=1146
04-15 09:53:54.122  1542  2161 D InputTransport: Input channel constructed: '5c5cad4', fd=1178
04-15 09:53:54.122  1542  2161 D InputTransport: Input channel constructed: '5c5cad4', fd=1250
04-15 09:53:54.122  1542  2161 D InputTransport: Input channel destroyed: '5c5cad4', fd=1178
04-15 09:53:54.122  1151  2479 I SurfaceFlinger: id=19009 createSurf, flag=84004, 5c5cad4 com.catfact.app.feature.facts.test/androidx.test.core.app.InstrumentationActivityInvoker$EmptyActivity#19009
04-15 09:53:54.123  1151  1151 I SurfaceFlinger: [5c5cad4 com.catfact.app.feature.facts.test/androidx.test.core.app.InstrumentationActivityInvoker$EmptyActivity#19009] attach to parent LayerHierarchy{RequestedLayerState{ActivityRecord{116327725 u0 com.catfact.app.feature.facts.test/androidx.test.core.app.InstrumentationActivityInvoker$EmptyActivity t3886}#19008 parentId=18993} 1 children}
04-15 09:53:54.125  1542  2161 D InputTransport: Input channel destroyed: '5c5cad4', fd=1250
04-15 09:53:54.125 19868 19868 D InputTransport: Input channel constructed: '5c5cad4', fd=163
04-15 09:53:54.125 11141 20041 E Finsky  : [376] Got null initiating package name for com.google.android.overlay.modules.documentsui
04-15 09:53:54.126 19868 19868 I InsetsController: onStateChanged: host=com.catfact.app.feature.facts.test/androidx.test.core.app.InstrumentationActivityInvoker$EmptyActivity, from=android.view.ViewRootImpl.onInsetsStateChanged:3026, state=InsetsState: {mDisplayFrame=Rect(0, 0 - 720, 1544), mDisplayCutout=DisplayCutout{insets=Rect(0, 50 - 0, 0) waterfall=Insets{left=0, top=0, right=0, bottom=0} boundingRect={Bounds=[Rect(0, 0 - 0, 0), Rect(341, 0 - 379, 50), Rect(0, 0 - 0, 0), Rect(0, 0 - 0, 0)]} cutoutPathParserInfo={CutoutPathParserInfo{displayWidth=720 displayHeight=1544 physicalDisplayWidth=720 physicalDisplayHeight=1544 density={1.875} cutoutSpec={M 0,0 H -10 V 26.66666666666667 H 10 V 0 H 0 Z @dp} rotation={0} scale={1.0} physicalPixelDisplaySizeRatio={1.0}}} sideOverrides={}}, mRoundedCorners=RoundedCorners{[RoundedCorner{position=TopLeft, radius=8, center=Point(8, 8)}, RoundedCorner{position=TopRight, radius=8, center=Point(712, 8)}, RoundedCorner{position=BottomRight, radius=8, center=Point(712, 1536)}, RoundedCorner{position=BottomLeft, radius=8, center=Point(8, 1536)}]}  mRoundedCornerFrame=Rect(0, 0 - 720, 1544), mPrivacyIndicatorBounds=PrivacyIndicatorBounds {static bounds=Rect(637, 0 - 720, 50) rotation=0}, mDisplayShape=DisplayShape{ spec=-311912193 displayWidth=720 displayHeight=1544 physicalPixelDisplaySizeRatio=0.5 rotation=0 offsetX=0 offsetY=0 scale=1.0}, mSources= { InsetsSource: {ec730001 mType=navigationBars mFrame=[0,1454][720,1544] mVisible=true mFlags= mSideHint=BOTTOM mBoundingRects=null}, InsetsSource: {ec730004 mType=systemGestures mFrame=[0,0][0,0] mVisible=true mFlags= mSideHint=NONE mBoundingRects=null}, InsetsSource: {ec730005 mType=mandatorySystemGestures mFrame=[0,1454][720,1544] mVisible=true mFlags= mSideHint=BOTTOM mBoundingRects=null}, InsetsSource: {ec730006 mType=tappableElement mFrame=[0,1454][720,1544] mVisible=true mFlags= mSideHint=BOTTOM mBoundingRects=null}, InsetsSource: {ec730024 mType=systemGestures mFrame=[0,0][0,0] mVisible=true mFlags= mSideHint=NONE mBoundingRects=null}, InsetsSource: {3 mType=ime mFrame=[0,0][0,0] mVisible=false mFlags= mSideHint=NONE mBoundingRects=null}, InsetsSource: {27 mType=displayCutout mFrame=[0,0][720,50] mVisible=true mFlags= mSideHint=TOP mBoundingRects=null}, InsetsSource: {43950000 mType=statusBars mFrame=[0,0][720,50] mVisible=true mFlags= mSideHint=TOP mBoundingRects=null}, InsetsSource: {43950005 mType=mandatorySystemGestures mFrame=[0,0][720,73] mVisible=true mFlags= mSideHint=TOP mBoundingRects=null}, InsetsSource: {43950006 mType=tappableElement mFrame=[0,0][720,50] mVisible=true mFlags= mSideHint=TOP mBoundingRects=null} }
04-15 09:53:54.126 19868 19868 I VRI[InstrumentationActivityInvoker$EmptyActivity]@cf2b5ea: synced displayState. AttachInfo displayState=2
04-15 09:53:54.126 19868 19868 I VRI[InstrumentationActivityInvoker$EmptyActivity]@cf2b5ea: setView = com.android.internal.policy.DecorView@f789e51 IsHRR=false mFlingFrameRateChange=0 TM=true
04-15 09:53:54.127 11141 20041 E Finsky  : [376] Got null initiating package name for com.samsung.android.settingshelper
04-15 09:53:54.128 11141 20041 E Finsky  : [376] Got null initiating package name for com.sec.android.mimage.photoretouching
04-15 09:53:54.130  1542  2472 I WindowManager: Relayout Window{5c5cad4 u0 com.catfact.app.feature.facts.test/androidx.test.core.app.InstrumentationActivityInvoker$EmptyActivity}: viewVisibility=0 req=720x1544 ty=1 d0
04-15 09:53:54.130  1151  2479 I SurfaceFlinger: id=19010 createSurf, flag=44004, com.catfact.app.feature.facts.test/androidx.test.core.app.InstrumentationActivityInvoker$EmptyActivity$_19868#19010
04-15 09:53:54.132  1542  2472 D SurfaceComposerClient: setCornerRadius ## 5c5cad4 com.catfact.app.feature.facts.test/androidx.test.core.app.InstrumentationActivityInvoker$EmptyActivity#19009 cornerRadius=0.000000
04-15 09:53:54.132 11141 20041 E Finsky  : [376] Got null initiating package name for com.samsung.ipservice
04-15 09:53:54.132  1151  1151 I SurfaceFlinger: [com.catfact.app.feature.facts.test/androidx.test.core.app.InstrumentationActivityInvoker$EmptyActivity$_19868#19010] attach to parent LayerHierarchy{RequestedLayerState{5c5cad4 com.catfact.app.feature.facts.test/androidx.test.core.app.InstrumentationActivityInvoker$EmptyActivity#19009 parentId=19008} 1 children}
04-15 09:53:54.132  1542  2472 D SurfaceComposerClient: setCornerRadius ## 5c5cad4 com.catfact.app.feature.facts.test/androidx.test.core.app.InstrumentationActivityInvoker$EmptyActivity#19009 cornerRadius=0.000000
04-15 09:53:54.134 11141 20041 E Finsky  : [376] Got null initiating package name for com.samsung.android.app.smartcapture
04-15 09:53:54.134  1151  2758 I SurfaceFlinger: id=19011 createSurf, flag=24000, Surface(name=3edafdc StatusBar)/@0x3b919ed - animation-leash of insets_animation#19011
04-15 09:53:54.135 11141 20041 E Finsky  : [376] Got null initiating package name for com.samsung.android.app.earphonetypec
04-15 09:53:54.137  1151  2758 I SurfaceFlinger: id=19012 createSurf, flag=24000, Surface(name=8c5cec7 NavigationBar0)/@0xa68870 - animation-leash of insets_animation#19012
04-15 09:53:54.137 11141 20041 E Finsky  : [376] Got null initiating package name for com.samsung.accessory.budsunitemgr
04-15 09:53:54.138  1542  2472 I SystemKeyManager: requested systemKeyInfo size=1 focusedWindow=com.catfact.app.feature.facts.test/androidx.test.core.app.InstrumentationActivityInvoker$EmptyActivity
04-15 09:53:54.138  1542  2472 I SystemKeyManager: requested systemKeyInfo size=1 focusedWindow=com.catfact.app.feature.facts.test/androidx.test.core.app.InstrumentationActivityInvoker$EmptyActivity
04-15 09:53:54.139  1151  1151 I SurfaceFlinger: [Surface(name=3edafdc StatusBar)/@0x3b919ed - animation-leash of insets_animation#19011] attach to parent LayerHierarchy{RequestedLayerState{WindowToken{7a8fc4f type=2000 android.os.BinderProxy@a9d7329}#94 parentId=17} 2 children}
04-15 09:53:54.140  1151  1151 I SurfaceFlinger: [Surface(name=8c5cec7 NavigationBar0)/@0xa68870 - animation-leash of insets_animation#19012] attach to parent LayerHierarchy{RequestedLayerState{WindowToken{fc018e2 type=2019 android.os.BinderProxy@bda3ac4}#90 parentId=34} 2 children}
04-15 09:53:54.140  1542  2472 I WindowManager: Relayout hash=5c5cad4, pid=19868, syncId=-1: mAttrs={(0,0)(fillxfill) sim={adjust=pan forwardNavigation} layoutInDisplayCutoutMode=always ty=BASE_APPLICATION
04-15 09:53:54.140  1542  2472 I WindowManager:   fl=81810100
04-15 09:53:54.140  1542  2472 I WindowManager:   pfl=100088c0
04-15 09:53:54.140  1542  2472 I WindowManager:   bhv=1
04-15 09:53:54.140  1542  2472 I WindowManager:   fitSides=0
04-15 09:53:54.140  1542  2472 I WindowManager:   frameRateBoostOnTouch=true
04-15 09:53:54.140  1542  2472 I WindowManager:   dvrrWindowFrameRateHint=true naviIconColor=0}
04-15 09:53:54.141  2000  2000 D NavigationBar: onSystemBarAttributesChanged() -  displayId:0, appearance:16, packageName: com.catfact.app.feature.facts.test (APPEARANCE_LIGHT_NAVIGATION_BARS ), navbarColorManagedByIme:false
04-15 09:53:54.142 19868 19868 I BLASTBufferQueue_Java: new BLASTBufferQueue, mName= VRI[InstrumentationActivityInvoker$EmptyActivity]@cf2b5ea mNativeObject= 0xb40000741c6eaff0 caller= android.view.ViewRootImpl.updateBlastSurfaceIfNeeded:3585 android.view.ViewRootImpl.relayoutWindow:11685 android.view.ViewRootImpl.performTraversals:4804 android.view.ViewRootImpl.doTraversal:3924 android.view.ViewRootImpl$TraversalRunnable.run:12903 android.view.Choreographer$CallbackRecord.run:1901 android.view.Choreographer$CallbackRecord.run:1910 android.view.Choreographer.doCallbacks:1367 android.view.Choreographer.doFrame:1292 android.view.Choreographer$FrameDisplayEventReceiver.run:1870
04-15 09:53:54.142 19868 19868 I BLASTBufferQueue_Java: update, w= 720 h= 1544 mName = VRI[InstrumentationActivityInvoker$EmptyActivity]@cf2b5ea mNativeObject= 0xb40000741c6eaff0 sc.mNativeObject= 0xb40000751c4ebfd0 format= -1 caller= android.view.ViewRootImpl.updateBlastSurfaceIfNeeded:3590 android.view.ViewRootImpl.relayoutWindow:11685 android.view.ViewRootImpl.performTraversals:4804 android.view.ViewRootImpl.doTraversal:3924 android.view.ViewRootImpl$TraversalRunnable.run:12903 android.view.Choreographer$CallbackRecord.run:1901
04-15 09:53:54.142 19868 19868 I VRI[InstrumentationActivityInvoker$EmptyActivity]@cf2b5ea: Relayout returned: old=(0,0,720,1544) new=(0,0,720,1544) relayoutAsync=false req=(720,1544)0 dur=12 res=0x3 s={true 0xb40000748c581df0} ch=true seqId=0
04-15 09:53:54.143 19868 19868 I VRI[InstrumentationActivityInvoker$EmptyActivity]@cf2b5ea: performConfigurationChange setNightDimText nightDimLevel=0
04-15 09:53:54.143 19868 19868 D VRI[InstrumentationActivityInvoker$EmptyActivity]@cf2b5ea: mThreadedRenderer.initialize() mSurface={isValid=true 0xb40000748c581df0} hwInitialized=true
04-15 09:53:54.143 19868 19868 D VRI[InstrumentationActivityInvoker$EmptyActivity]@cf2b5ea: reportNextDraw android.view.ViewRootImpl.performTraversals:5443 android.view.ViewRootImpl.doTraversal:3924 android.view.ViewRootImpl$TraversalRunnable.run:12903 android.view.Choreographer$CallbackRecord.run:1901 android.view.Choreographer$CallbackRecord.run:1910
04-15 09:53:54.143 19868 19868 D VRI[InstrumentationActivityInvoker$EmptyActivity]@cf2b5ea: Setup new sync=wmsSync-VRI[InstrumentationActivityInvoker$EmptyActivity]@cf2b5ea#22
04-15 09:53:54.143 19868 19868 I VRI[InstrumentationActivityInvoker$EmptyActivity]@cf2b5ea: Creating new active sync group VRI[InstrumentationActivityInvoker$EmptyActivity]@cf2b5ea#23
04-15 09:53:54.144 19868 19868 D VRI[InstrumentationActivityInvoker$EmptyActivity]@cf2b5ea: registerCallbacksForSync syncBuffer=false
04-15 09:53:54.146 19868 19913 D VRI[InstrumentationActivityInvoker$EmptyActivity]@cf2b5ea: Received frameDrawingCallback syncResult=0 frameNum=1.
04-15 09:53:54.146 19868 19913 I VRI[InstrumentationActivityInvoker$EmptyActivity]@cf2b5ea: mWNT: t=0xb4000074fc535210 mBlastBufferQueue=0xb40000741c6eaff0 fn= 1 HdrRenderState mRenderHdrSdrRatio=1.0 caller= android.view.ViewRootImpl$12.onFrameDraw:15441 android.view.ThreadedRenderer$1.onFrameDraw:718 <bottom of call stack>
04-15 09:53:54.146 19868 19913 I VRI[InstrumentationActivityInvoker$EmptyActivity]@cf2b5ea: Setting up sync and frameCommitCallback
04-15 09:53:54.148  1151  1151 I SurfaceFlinger: [LayerHierarchy{RequestedLayerState{8c5cec7 NavigationBar0#91 parentId=19012} 1 children}] reparent to LayerHierarchy{RequestedLayerState{Surface(name=8c5cec7 NavigationBar0)/@0xa68870 - animation-leash of insets_animation#19012 parentId=90} 1 children}
04-15 09:53:54.148  1151  1151 I SurfaceFlinger: [LayerHierarchy{RequestedLayerState{3edafdc StatusBar#95 parentId=19011} 1 children}] reparent to LayerHierarchy{RequestedLayerState{Surface(name=3edafdc StatusBar)/@0x3b919ed - animation-leash of insets_animation#19011 parentId=94} 1 children}
04-15 09:53:54.148  1151  1151 I SurfaceFlinger: [LayerHierarchy{RequestedLayerState{Surface(name=8c5cec7 NavigationBar0)/@0xa68870 - animation-leash of insets_animation#19005} no children}] reparent to OffscreenRoot
04-15 09:53:54.148  1151  1151 I SurfaceFlinger: [LayerHierarchy{RequestedLayerState{Surface(name=8c5cec7 NavigationBar0)/@0xa68870 - animation-leash of insets_animation#19005} no children}] RelativeParent to null
04-15 09:53:54.148  1151  1151 I SurfaceFlinger: [LayerHierarchy{RequestedLayerState{Surface(name=3edafdc StatusBar)/@0x3b919ed - animation-leash of insets_animation#19004} no children}] reparent to OffscreenRoot
04-15 09:53:54.148  1151  1151 I SurfaceFlinger: [LayerHierarchy{RequestedLayerState{Surface(name=3edafdc StatusBar)/@0x3b919ed - animation-leash of insets_animation#19004} no children}] RelativeParent to null
04-15 09:53:54.153 19868 19901 I BLASTBufferQueue: [VRI[InstrumentationActivityInvoker$EmptyActivity]@cf2b5ea#11](f:0,a:0,s:0) onFrameAvailable the first frame is available
04-15 09:53:54.153 19868 19901 I VRI[InstrumentationActivityInvoker$EmptyActivity]@cf2b5ea: Received frameCommittedCallback lastAttemptedDrawFrameNum=1 didProduceBuffer=true
04-15 09:53:54.154  1151  2758 I SurfaceFlinger: [com.catfact.app.feature.facts.test/androidx.test.core.app.InstrumentationActivityInvoker$EmptyActivity$_19868#19010] setTransactionState with the first frame. bufferData(ID: 85332410236972, frameNumber: 1)
04-15 09:53:54.157  1542  1585 D SurfaceComposerClient: setCornerRadius ## 5c5cad4 com.catfact.app.feature.facts.test/androidx.test.core.app.InstrumentationActivityInvoker$EmptyActivity#19009 cornerRadius=0.000000
04-15 09:53:54.158  1542  1585 D SurfaceComposerClient: setCornerRadius ## 5c5cad4 com.catfact.app.feature.facts.test/androidx.test.core.app.InstrumentationActivityInvoker$EmptyActivity#19009 cornerRadius=0.000000
04-15 09:53:54.158 19868 19901 D HWUI    : CFMS:: SetUp Pid : 19868    Tid : 19901
04-15 09:53:54.159 19868 19868 D VRI[InstrumentationActivityInvoker$EmptyActivity]@cf2b5ea: reportDrawFinished seqId=0
04-15 09:53:54.159  1151  1338 D SurfaceFlinger: [input] setFocusedWindow: 5c5cad4 com.catfact.app.feature.facts.test/androidx.test.core.app.InstrumentationActivityInvoker$EmptyActivity
04-15 09:53:54.160 19868 19901 D HWUI    : HWUI - treat SMPTE_170M as sRGB
04-15 09:53:54.160 19868 19868 I ImeFocusController: onPreWindowFocus: skipped hasWindowFocus=false mHasImeFocus=true
04-15 09:53:54.160  2000  2125 D StackScroller: onDisplayChanged for predraw skip to 2
04-15 09:53:54.160 19868 19868 I ImeFocusController: onPostWindowFocus: skipped hasWindowFocus=false mHasImeFocus=true
04-15 09:53:54.161  2461  2474 I HoneySpace.Memory-Monitor: current state = 2, didTrim = false
04-15 09:53:54.161 11141 20041 E Finsky  : [376] Got null initiating package name for com.android.bluetoothmidiservice
04-15 09:53:54.161  2000  2000 D DisplayLifecycle: updateDisplay id = 0
04-15 09:53:54.162  1542  2476 D InputDispatcher: Once focus requested (0): 5c5cad4 com.catfact.app.feature.facts.test/androidx.test.core.app.InstrumentationActivityInvoker$EmptyActivity
04-15 09:53:54.162  1542  2476 D InputDispatcher: Focus request (0): 5c5cad4 com.catfact.app.feature.facts.test/androidx.test.core.app.InstrumentationActivityInvoker$EmptyActivity but waiting because NOT_VISIBLE
04-15 09:53:54.163  1542  1585 D SurfaceComposerClient: setCornerRadius ## 5c5cad4 com.catfact.app.feature.facts.test/androidx.test.core.app.InstrumentationActivityInvoker$EmptyActivity#19009 cornerRadius=0.000000
04-15 09:53:54.163 19868 19868 I View    : setRequestedFrameRate frameRate=NaN, this=androidx.compose.ui.platform.AndroidComposeView{914c39f VFED..... ........ 0,0-720,1544 aid=1073741824}, caller=android.view.ViewGroup.setRequestedFrameRate:9952 androidx.compose.ui.platform.Api35Impl.setRequestedFrameRate:3822 androidx.compose.ui.platform.AndroidComposeView.dispatchDraw:2114 android.view.View.draw:26345 android.view.View.updateDisplayListIfDirty:25175
04-15 09:53:54.163 19868 19868 I View    : setRequestedFrameRate frameRate=NaN, this=android.view.View{bd75639 V.ED..... ........ 0,0-0,0}, caller=androidx.compose.ui.platform.Api35Impl.setRequestedFrameRate:3822 androidx.compose.ui.platform.AndroidComposeView.dispatchDraw:2115 android.view.View.draw:26345 android.view.View.updateDisplayListIfDirty:25175 android.view.ViewGroup.recreateChildDisplayList:4794
04-15 09:53:54.163  1542  1585 D SurfaceComposerClient: setCornerRadius ## 5c5cad4 com.catfact.app.feature.facts.test/androidx.test.core.app.InstrumentationActivityInvoker$EmptyActivity#19009 cornerRadius=0.000000
04-15 09:53:54.163 19868 19868 I InsetsSourceConsumer: applyRequestedVisibilityToControl: visible=true, type=statusBars, host=com.catfact.app.feature.facts.test/androidx.test.core.app.InstrumentationActivityInvoker$EmptyActivity
04-15 09:53:54.164  1542  1585 I SemDvfsHyPerManager: acquire hyper - AMS_RESUME_TAIL/1542@22, type = -999
04-15 09:53:54.164 19868 19868 I InsetsSourceConsumer: applyRequestedVisibilityToControl: visible=true, type=navigationBars, host=com.catfact.app.feature.facts.test/androidx.test.core.app.InstrumentationActivityInvoker$EmptyActivity
04-15 09:53:54.164  1542  1585 I SemDvfsHyPerManager: acquire hyper - AMS_ACT_LAZY/1542@23, type = -999
04-15 09:53:54.164  1059  1180 I HYPER-HAL: [RequestManager.cpp]acquire(): Acquired ID : 1223852  [1542 / 22]    HINT : AMS_RESUME_TAIL    list :
04-15 09:53:54.165  1151  2479 I SurfaceFlinger: id=19004 Removed Surface(name=3edafdc StatusBar)/@0x3b919ed - animation-leash of insets_animation#19004 (235)
04-15 09:53:54.165  1151  2479 I SurfaceFlinger: id=19005 Removed Surface(name=8c5cec7 NavigationBar0)/@0xa68870 - animation-leash of insets_animation#19005 (235)
04-15 09:53:54.165  1059  1180 I HYPER-HAL: [RequestManager.cpp]releaseLocked(): Released ID : 1220723
04-15 09:53:54.165  1151  2479 I SurfaceFlinger: id=19013 createSurf, flag=84004, Transition Root: ActivityRecord{116327725 u0 com.catfact.app.feature.facts.test/androidx.test.core.app.InstrumentationActivityInvoker$EmptyActivity t3886}#19013
04-15 09:53:54.168  1542  1585 I SurfaceControlRegistry: show, t=StartTransaction_SyncId<1695> sc=ActivityRecord{116327725 u0 com.catfact.app.feature.facts.test/androidx.test.core.app.InstrumentationActivityInvoker$EmptyActivity t3886}, caller=android.view.SurfaceControl$Transaction.show:3557 com.android.server.wm.Transition.onTransactionReady:2048 com.android.server.wm.BLASTSyncEngine$SyncGroup.finishNow:240 com.android.server.wm.BLASTSyncEngine.onSurfacePlacement:263 com.android.server.wm.RootWindowContainer.performSurfacePlacementNoTrace:1083 com.android.server.wm.WindowSurfacePlacer.performSurfacePlacement:166
04-15 09:53:54.168  1542  1585 D SurfaceComposerClient: setCornerRadius ## ActivityRecord{198789024 u0 com.catfact.app.feature.facts.test/androidx.activity.ComponentActivity t3886}#18994 cornerRadius=0.000000
04-15 09:53:54.168  1542  1585 D SurfaceComposerClient: setCornerRadius ## ActivityRecord{116327725 u0 com.catfact.app.feature.facts.test/androidx.test.core.app.InstrumentationActivityInvoker$EmptyActivity t3886}#19008 cornerRadius=0.000000
04-15 09:53:54.169  1542  1581 I ActivityTaskManager: Displayed com.catfact.app.feature.facts.test/androidx.test.core.app.InstrumentationActivityInvoker$EmptyActivity for user 0: +108ms
04-15 09:53:54.169  1542  1585 D ScreenCapture: [Capture_TEST] : setIsScreenShotBySystem false
04-15 09:53:54.169  1542  1585 I SurfaceComposerClient: captureLayers:childrenOnly:1, sync:1
04-15 09:53:54.169  3152  3152 E pageboostd: Received HALT command code 2
04-15 09:53:54.170 11141 20041 E Finsky  : [376] Got null initiating package name for com.samsung.SMT.lang_en_us_l03
04-15 09:53:54.170  2000  2105 I SurfaceControlRegistry: hide, t=FinishTransaction_SyncId<1695> sc=ActivityRecord{198789024 u0 com.catfact.app.feature.facts.test/androidx.activity.ComponentActivity t3886}, caller=android.view.SurfaceControl$Transaction.hide:3583 com.android.wm.shell.transition.Transitions.dispatchReady:1263 com.android.wm.shell.transition.Transitions.onTransitionReady:251 com.android.wm.shell.transition.Transitions$TransitionPlayerImpl$$ExternalSyntheticLambda0.run:13 android.os.Handler.handleCallback:995 android.os.Handler.dispatchMessage:103
04-15 09:53:54.170  2000  2105 I SurfaceControlRegistry: show, t=StartTransaction_SyncId<1695> sc=ActivityRecord{116327725 u0 com.catfact.app.feature.facts.test/androidx.test.core.app.InstrumentationActivityInvoker$EmptyActivity t3886}, caller=android.view.SurfaceControl$Transaction.show:3557 com.android.wm.shell.transition.Transitions.dispatchReady:1279 com.android.wm.shell.transition.Transitions.onTransitionReady:251 com.android.wm.shell.transition.Transitions$TransitionPlayerImpl$$ExternalSyntheticLambda0.run:13 android.os.Handler.handleCallback:995 android.os.Handler.dispatchMessage:103
04-15 09:53:54.170  2000  2105 I SurfaceControlRegistry: show, t=FinishTransaction_SyncId<1695> sc=ActivityRecord{116327725 u0 com.catfact.app.feature.facts.test/androidx.test.core.app.InstrumentationActivityInvoker$EmptyActivity t3886}, caller=android.view.SurfaceControl$Transaction.show:3557 com.android.wm.shell.transition.Transitions.dispatchReady:1330 com.android.wm.shell.transition.Transitions.onTransitionReady:251 com.android.wm.shell.transition.Transitions$TransitionPlayerImpl$$ExternalSyntheticLambda0.run:13 android.os.Handler.handleCallback:995 android.os.Handler.dispatchMessage:103
04-15 09:53:54.171  2000  2105 I SurfaceControlRegistry: show, t=StartTransaction_SyncId<1695> sc=Transition Root: ActivityRecord{116327725 u0 com.catfact.app.feature.facts.test/androidx.test.core.app.InstrumentationActivityInvoker$EmptyActivity t3886}, caller=android.view.SurfaceControl$Transaction.show:3557 com.android.wm.shell.transition.Transitions.playTransition:79 com.android.wm.shell.transition.Transitions.processReadyQueue:239 com.android.wm.shell.transition.Transitions.dispatchReady:1352 com.android.wm.shell.transition.Transitions.onTransitionReady:251 com.android.wm.shell.transition.Transitions$TransitionPlayerImpl$$ExternalSyntheticLambda0.run:13
04-15 09:53:54.171  1151  2479 I SurfaceFlinger: Capture layer list: 	 com.catfact.app.feature.facts.test/androidx.activity.ComponentActivity$_19868#19003(seamlessTransition:0)
04-15 09:53:54.171  1151  2479 I CompositionEngine: [setDisplaySize] size=(720, 1544)
04-15 09:53:54.171  2000  2105 I SurfaceControlRegistry: apply, t=StartTransaction_SyncId<1695>, caller=android.view.SurfaceControl$Transaction.apply:3459 android.view.SurfaceControl$Transaction.apply:3447 android.view.SurfaceControl$Transaction.apply:3397 com.android.wm.shell.transition.DefaultTransitionHandler.startAnimation:3387 com.android.wm.shell.transition.Transitions.dispatchTransition:90 com.android.wm.shell.transition.Transitions.playTransition:774
04-15 09:53:54.172  1151  1206 D RenderEngine: [SEC_SF_EFFECTS] drawLayersInternal,1494, Rendering layer ScreenCaptureFillLayer at index 0
04-15 09:53:54.172  1151  1206 D RenderEngine: [SEC_SF_EFFECTS] drawLayersInternal,1494, Rendering layer com.catfact.app.feature.facts.test/androidx.activity.ComponentActivity$_19868#19003 at index 1
04-15 09:53:54.172  2000  2105 I SurfaceControlRegistry: apply, t=FinishTransaction_SyncId<1695>, caller=android.view.SurfaceControl$Transaction.apply:3459 android.view.SurfaceControl$Transaction.apply:3447 android.view.SurfaceControl$Transaction.apply:3397 com.android.wm.shell.transition.Transitions.onFinish:315 com.android.wm.shell.transition.Transitions$$ExternalSyntheticLambda7.onTransitionFinished:12 com.android.wm.shell.transition.DefaultTransitionHandler$$ExternalSyntheticLambda2.run:36
04-15 09:53:54.174  1151  1151 I SurfaceFlinger: RequestedLayer [ActivityRecord{116327725 u0 com.catf[...]tyInvoker$EmptyActivity t3886}#19008] hidden!! flag  from(1) --> to(0)
