04-15 09:53:51.698  3756  3756 I HBD     : l writeToFile json : {"version":"4.2","currentLanguageOrder":0,"selected":[{"activeOptionList":["auto_replace","auto_spacing","writing_assistant"],"bilingualId":-1,"engName":"English","id":65538,"inputType":"qwerty","isUsed":true},{"activeOptionList":["auto_replace","auto_spacing"],"bilingualId":-1,"engName":"Arabic","id":5308416,"inputType":"qwerty","isUsed":true}]}
04-15 09:53:51.698  3756  3756 I HBD     : l writeToFile complete
04-15 09:53:51.699  3756  3756 I HBD     : m normal : updateLanguage : English
04-15 09:53:51.699  3756  3756 I HBD     : g isCoverDisplay : false, cached selected json info : SelectedLanguageInfo(languageVersion=4.2, currentLanguageOrder=0, selectedLanguageList=[SelectedLanguage(id=65538, isUsed=true, engName=English, inputType=qwerty, activeOptionList=[auto_replace, auto_spacing, writing_assistant], bilingualId=-1), SelectedLanguage(id=5308416, isUsed=true, engName=Arabic, inputType=qwerty, activeOptionList=[auto_replace, auto_spacing], bilingualId=-1)])
04-15 09:53:51.699  3756  3756 I HBD     : g isCoverDisplay : false, cached selected json info : SelectedLanguageInfo(languageVersion=4.2, currentLanguageOrder=0, selectedLanguageList=[SelectedLanguage(id=65538, isUsed=true, engName=English, inputType=qwerty, activeOptionList=[auto_replace, auto_spacing, writing_assistant], bilingualId=-1), SelectedLanguage(id=5308416, isUsed=true, engName=Arabic, inputType=qwerty, activeOptionList=[auto_replace, auto_spacing], bilingualId=-1)])
04-15 09:53:51.699  3756  3756 I HBD     : g updateSelectedLanguageCache is succeeded. English
04-15 09:53:51.699  3756  3756 I HBD     : l writeToFile path : /data/user/0/com.samsung.android.honeyboard/files/selected.json
04-15 09:53:51.699  3756  3756 I HBD     : l writeToFile json : {"version":"4.2","currentLanguageOrder":0,"selected":[{"activeOptionList":["auto_replace","auto_spacing","writing_assistant"],"bilingualId":-1,"engName":"English","id":65538,"inputType":"qwerty","isUsed":true},{"activeOptionList":["auto_replace","auto_spacing"],"bilingualId":-1,"engName":"Arabic","id":5308416,"inputType":"qwerty","isUsed":true}]}
04-15 09:53:51.700  3756 20006 I HBD     : l Write selected lang for DE
04-15 09:53:51.700  3756 20006 I HBD     : l writeToFile path : /data/user_de/0/com.samsung.android.honeyboard/files/selected.json
04-15 09:53:51.700  3756 20006 I HBD     : l writeToFile json : {"version":"4.2","currentLanguageOrder":0,"selected":[{"activeOptionList":["auto_replace","auto_spacing","writing_assistant"],"bilingualId":-1,"engName":"English","id":65538,"inputType":"qwerty","isUsed":true},{"activeOptionList":["auto_replace","auto_spacing"],"bilingualId":-1,"engName":"Arabic","id":5308416,"inputType":"qwerty","isUsed":true}]}
04-15 09:53:51.700  2000  2194 I VRI[calendar]@36f9ae1: mWNT: t=0xb4000074fc6d3fd0 mBlastBufferQueue=0xb40000741cef9050 fn= 6 HdrRenderState mRenderHdrSdrRatio=1.0 caller= android.view.SyncRtSurfaceTransactionApplier.applyTransaction:100 android.view.SyncRtSurfaceTransactionApplier.lambda$scheduleApply$0:73 android.view.SyncRtSurfaceTransactionApplier.$r8$lambda$afI4fXg3U3-nBZQEDQMiNy-B06s:0
04-15 09:53:51.700  3756 20005 I HBD     : l writeToFile path : /data/user_de/0/com.samsung.android.honeyboard/files/selected.json
04-15 09:53:51.701  3756 20005 I HBD     : l writeToFile json : {"version":"4.2","currentLanguageOrder":0,"selected":[{"activeOptionList":["auto_replace","auto_spacing","writing_assistant"],"bilingualId":-1,"engName":"English","id":65538,"inputType":"qwerty","isUsed":true},{"activeOptionList":["auto_replace","auto_spacing"],"bilingualId":-1,"engName":"Arabic","id":5308416,"inputType":"qwerty","isUsed":true}]}
04-15 09:53:51.701  3756  3756 I HBD     : l writeToFile complete
04-15 09:53:51.701  3756 20006 I HBD     : l writeToFile complete
04-15 09:53:51.702  3756  3756 I HBD     : g isCoverDisplay : false, cached selected json info : SelectedLanguageInfo(languageVersion=4.2, currentLanguageOrder=0, selectedLanguageList=[SelectedLanguage(id=65538, isUsed=true, engName=English, inputType=qwerty, activeOptionList=[auto_replace, auto_spacing, writing_assistant], bilingualId=-1), SelectedLanguage(id=5308416, isUsed=true, engName=Arabic, inputType=qwerty, activeOptionList=[auto_replace, auto_spacing], bilingualId=-1)])
04-15 09:53:51.702  3756  3756 I HBD     : g updateSelectedLanguageCache is succeeded. English
04-15 09:53:51.702  3756 20005 I HBD     : l writeToFile complete
04-15 09:53:51.702  3756 20007 I HBD     : l Write selected lang for DE
04-15 09:53:51.702  3756 20007 I HBD     : l writeToFile path : /data/user_de/0/com.samsung.android.honeyboard/files/selected.json
04-15 09:53:51.702  3756 20007 I HBD     : l writeToFile json : {"version":"4.2","currentLanguageOrder":0,"selected":[{"activeOptionList":["auto_replace","auto_spacing","writing_assistant"],"bilingualId":-1,"engName":"English","id":65538,"inputType":"qwerty","isUsed":true},{"activeOptionList":["auto_replace","auto_spacing"],"bilingualId":-1,"engName":"Arabic","id":5308416,"inputType":"qwerty","isUsed":true}]}
04-15 09:53:51.702  3756  3756 I HBD     : l writeToFile path : /data/user/0/com.samsung.android.honeyboard/files/selected.json
04-15 09:53:51.702  3756  3756 I HBD     : l writeToFile json : {"version":"4.2","currentLanguageOrder":0,"selected":[{"activeOptionList":["auto_replace","auto_spacing","writing_assistant"],"bilingualId":-1,"engName":"English","id":65538,"inputType":"qwerty","isUsed":true},{"activeOptionList":["auto_replace","auto_spacing"],"bilingualId":-1,"engName":"Arabic","id":5308416,"inputType":"qwerty","isUsed":true}]}
04-15 09:53:51.702  3756 20007 I HBD     : l writeToFile complete
04-15 09:53:51.702  3756  3756 I HBD     : l writeToFile complete
04-15 09:53:51.703  3756 20008 I HBD     : l Write selected lang for DE
04-15 09:53:51.703  3756  3756 I HBD     : a [UpdatePolicy] [post] a: 31 cl: 65538 kit: [0/0] vt: 0 ir: 1
04-15 09:53:51.703  3756  3756 I HBD     : HoneyBoardService [PF_OP][onStartInput]  16 ms
04-15 09:53:51.703  1542  1678 D SecContentProvider: query(), uri = 17 selection = isSettingsChangesAllowed
04-15 09:53:51.703  3756  3756 I HBD     : [DirectWriting] DirectWriting emitInputConnection : RemoteInputConnection{idHash=#58fba42}
04-15 09:53:51.704  1542  2103 D SecContentProvider: query(), uri = 17 selection = isSettingsChangesAllowed
04-15 09:53:51.704  1542  1678 D SecContentProvider: query(), uri = 17 selection = isSettingsChangesAllowed
04-15 09:53:51.704  3756  4620 I HBD     : a [SKE_SPECIFIC] specific model[com.google.android.calendar] loaded, 759649 ns
04-15 09:53:51.704  3756 30781 I HBD     : u updated Sub Types. English
04-15 09:53:51.704  1542  2103 D SecContentProvider: query(), uri = 17 selection = isSettingsChangesAllowed
04-15 09:53:51.704  1151  1151 I SurfaceFlinger: RequestedLayer [Surface(name=1d7a05f InputMethod)/@0[...]tion-leash of insets_animation#18956] hidden!! flag  from(1) --> to(0)
04-15 09:53:51.705  1151  1151 E SurfaceFlinger: alpha changed 1.000 -> 0.000 - Surface(name=1d7a05f InputMethod)/@0x5f77a9d - animation-leash of insets_animation#18956
04-15 09:53:51.705  1151  1151 I SurfaceFlinger: [LayerHierarchy{RequestedLayerState{ImeContainer#15 parentId=16293 relativeParentId=16293 z=3} 1 children}] reparent to LayerHierarchy{RequestedLayerState{ActivityRecord{243114305 u0 com.google.android.calendar/.allinone.AllInOneCalendarActivity t3801}#16293 parentId=16292} 4 children}
04-15 09:53:51.705  1151  1151 I SurfaceFlinger: [LayerHierarchy{RequestedLayerState{ImeContainer#15 parentId=16293 relativeParentId=16293 z=3} 1 children}] RelativeParent to null
04-15 09:53:51.705  1151  1151 I SurfaceFlinger: [LayerHierarchy{RequestedLayerState{1d7a05f InputMethod#134 parentId=18956} no children}] reparent to LayerHierarchy{RequestedLayerState{Surface(name=1d7a05f InputMethod)/@0x5f77a9d - animation-leash of insets_animation#18956 parentId=120} 1 children}
04-15 09:53:51.705  1151  1151 I SurfaceFlinger: [LayerHierarchy{RequestedLayerState{Surface(name=1d7a05f InputMethod)/@0x5f77a9d - animation-leash of insets_animation#18937} no children}] reparent to OffscreenRoot
04-15 09:53:51.705  1151  1151 I SurfaceFlinger: [LayerHierarchy{RequestedLayerState{Surface(name=1d7a05f InputMethod)/@0x5f77a9d - animation-leash of insets_animation#18937} no children}] RelativeParent to null
04-15 09:53:51.705  3756  2074 I HBD     : u updated Sub Types. English
04-15 09:53:51.707  2000  2195 I VRI[calendar]@36f9ae1: mWNT: t=0xb4000074fc761150 mBlastBufferQueue=0xb40000741cef9050 fn= 7 HdrRenderState mRenderHdrSdrRatio=1.0 caller= android.view.SyncRtSurfaceTransactionApplier.applyTransaction:100 android.view.SyncRtSurfaceTransactionApplier.lambda$scheduleApply$0:73 android.view.SyncRtSurfaceTransactionApplier.$r8$lambda$afI4fXg3U3-nBZQEDQMiNy-B06s:0
04-15 09:53:51.708  1151  2758 I SurfaceFlinger: id=18937 Removed Surface(name=1d7a05f InputMethod)/@0x5f77a9d - animation-leash of insets_animation#18937 (228)
04-15 09:53:51.709  3756 20008 I HBD     : l writeToFile path : /data/user_de/0/com.samsung.android.honeyboard/files/selected.json
04-15 09:53:51.709  3756 20008 I HBD     : l writeToFile json : {"version":"4.2","currentLanguageOrder":0,"selected":[{"activeOptionList":["auto_replace","auto_spacing","writing_assistant"],"bilingualId":-1,"engName":"English","id":65538,"inputType":"qwerty","isUsed":true},{"activeOptionList":["auto_replace","auto_spacing"],"bilingualId":-1,"engName":"Arabic","id":5308416,"inputType":"qwerty","isUsed":true}]}
04-15 09:53:51.710  3756 20010 I HBD     : b InputMethodSubtype is set as local:en_GB
04-15 09:53:51.710  3756  3756 I InputMethodService: scheduleImeSurfaceRemoval: removeImeSurface is posted.
04-15 09:53:51.710  3756 20011 I HBD     : b InputMethodSubtype is set as local:en_GB
04-15 09:53:51.712  3756 20008 I HBD     : l writeToFile complete
04-15 09:53:51.715  1151  1151 I SurfaceFlinger: destroyed Surface(name=1d7a05f InputMethod)/@0x5f77a9d - animation-leash of insets_animation#18937
04-15 09:53:51.717  1151  1151 I Layer   : id=18937 Destroyed Surface(name=1d7a05f InputMethod)/@0x5f77a9d - animation-leash of insets_animation#18937
04-15 09:53:51.717  1542  1678 I WindowManager: Relayout Window{1708e0e u0 Splash Screen com.google.android.calendar}: viewVisibility=8 req=720x1544 ty=3 d0
04-15 09:53:51.717  1542  1678 D SurfaceComposerClient: setCornerRadius ## 9802b6e com.google.android.calendar/com.google.android.calendar.allinone.AllInOneCalendarActivity#18949 cornerRadius=0.000000
04-15 09:53:51.718  1542  1678 D SurfaceComposerClient: setCornerRadius ## 1708e0e Splash Screen com.google.android.calendar#18945 cornerRadius=0.000000
04-15 09:53:51.718  1542  1678 D SurfaceComposerClient: setCornerRadius ## 9802b6e com.google.android.calendar/com.google.android.calendar.allinone.AllInOneCalendarActivity#18949 cornerRadius=0.000000
04-15 09:53:51.718  1218  6568 I CameraService: onUidStateChanged: uid=10048, procState is changed. (1 -> 0)
04-15 09:53:51.719  1542  1678 I WindowManager: Relayout hash=1708e0e, pid=2000, syncId=-1: mAttrs={(0,0)(fillxfill) sim={adjust=pan} layoutInDisplayCutoutMode=always ty=APPLICATION_STARTING fmt=TRANSLUCENT wanim=0x1030317
04-15 09:53:51.719  1542  1678 I WindowManager:   fl=81030118
04-15 09:53:51.719  1542  1678 I WindowManager:   pfl=10000810
04-15 09:53:51.719  1542  1678 I WindowManager:   bhv=1
04-15 09:53:51.719  1542  1678 I WindowManager:   fitSides=0
04-15 09:53:51.719  1542  1678 I WindowManager:   frameRateBoostOnTouch=true
04-15 09:53:51.719  1542  1678 I WindowManager:   dvrrWindowFrameRateHint=true naviIconColor=0}
04-15 09:53:51.720  2000  2120 I VRI[calendar]@36f9ae1: onActiveControlsChanged, removed=false, mAdded=true, caller=android.view.ViewRootImpl.handleInsetsControlChanged:3002 android.view.ViewRootImpl.relayoutWindow:11629 android.view.ViewRootImpl.performTraversals:4804 android.view.ViewRootImpl.doTraversal:3924 android.view.ViewRootImpl$TraversalRunnable.run:12903
04-15 09:53:51.721  2000  2120 I VRI[calendar]@36f9ae1: Relayout returned: old=(0,0,720,1544) new=(0,0,720,1544) relayoutAsync=false req=(720,1544)8 dur=4 res=0x2 s={false 0x0} ch=true seqId=0
04-15 09:53:51.721  2000  2120 D VRI[calendar]@36f9ae1: Not drawing due to not visible. Reason=View.GONE
04-15 09:53:51.722  2000  2120 I VRI[calendar]@36f9ae1: dispatchDetachedFromWindow
04-15 09:53:51.723  1542  2475 D InputTransport: Input channel destroyed: '1708e0e', fd=1041
04-15 09:53:51.723  1542  2475 D SurfaceComposerClient: setCornerRadius ## 9802b6e com.google.android.calendar/com.google.android.calendar.allinone.AllInOneCalendarActivity#18949 cornerRadius=0.000000
04-15 09:53:51.723  2000  2000 D SystemUIService: SYSUI_RAM_OPTIMIZATION onTrimMemory=20
04-15 09:53:51.723  1542  2475 D SurfaceComposerClient: setCornerRadius ## 9802b6e com.google.android.calendar/com.google.android.calendar.allinone.AllInOneCalendarActivity#18949 cornerRadius=0.000000
04-15 09:53:51.723  2000  2000 D CentralSurfaces: SYSUI_RAM_OPTIMIZATION onTrimMemory=20
04-15 09:53:51.724  2000  2196 D HWUI    : CacheManager::trimMemory(20)
04-15 09:53:51.724  2000  2120 D InputTransport: Input channel destroyed: '1708e0e', fd=664
04-15 09:53:51.724  1542  1585 D SurfaceComposerClient: setCornerRadius ## 9802b6e com.google.android.calendar/com.google.android.calendar.allinone.AllInOneCalendarActivity#18949 cornerRadius=0.000000
04-15 09:53:51.726  1542  1585 D SurfaceComposerClient: setCornerRadius ## 9802b6e com.google.android.calendar/com.google.android.calendar.allinone.AllInOneCalendarActivity#18949 cornerRadius=0.000000
04-15 09:53:51.729  1059  1180 I HYPER-HAL: [RequestManager.cpp]releaseLocked(): Released ID : 1219160
04-15 09:53:51.735  1151  1151 I SurfaceFlinger: RequestedLayer [Splash Screen com.google.android.calendar$_2000#18946] hidden!! flag  from(0) --> to(1)
04-15 09:53:51.735  1151  1151 I SurfaceFlinger: [LayerHierarchy{RequestedLayerState{9802b6e com.google.android.calendar/com.google.android.calendar.allinone.AllInOneCalendarActivity#18949 parentId=16293} 1 children}] reparent to LayerHierarchy{RequestedLayerState{ActivityRecord{243114305 u0 com.google.android.calendar/.allinone.AllInOneCalendarActivity t3801}#16293 parentId=16292} 5 children}
04-15 09:53:51.735  1151  1151 I SurfaceFlinger: [LayerHierarchy{RequestedLayerState{Surface(name=9802b6e com.google.android.calendar/com.google.android.calendar.allinone.AllInOneCalendarActivity)/@0x4844c1e - animation-leash of starting_reveal#18955} no children}] reparent to OffscreenRoot
04-15 09:53:51.735  1151  1151 I SurfaceFlinger: [LayerHierarchy{RequestedLayerState{Surface(name=9802b6e com.google.android.calendar/com.google.android.calendar.allinone.AllInOneCalendarActivity)/@0x4844c1e - animation-leash of starting_reveal#18955} no children}] RelativeParent to null
04-15 09:53:51.745  1151  1151 D SurfaceFlinger: Display 4633128672291735999 HWC layers:
04-15 09:53:51.745  1151  1151 D SurfaceFlinger:        DEVICE |           17089674871070 | 00002102 | RGBA_8888    |    1.0    0.0  720.0 1544.0 |    0    0  719 1544 | com.google.android.calendar/com.goog[...]AllInOneCalendarActivity$_3979#18950 (6)
04-15 09:53:51.745  1151  1151 D SurfaceFlinger:        CLIENT |           85332410236956 | 00002102 | RGBA_8888    |    0.0    0.0    3.0 1544.0 |  717    0  720 1544 | com.catfact.app.feature.facts.test/a[...]tyInvoker$EmptyActivity$_19868#18940 (1)
04-15 09:53:51.745  1151  1151 D SurfaceFlinger:        DEVICE |            8589934654742 | 00002100 | RGBA_8888    |    0.0    0.0  720.0   50.0 |    0    0  720   50 | StatusBar$_2000#102 (26568)
04-15 09:53:51.745  1151  1151 D SurfaceFlinger:        DEVICE |           10569914518889 | 00002100 | RGBA_8888    |    0.0    0.0   67.0  353.0 |  653  192  720  545 | com.sec.android.app.launcher/com.sam[...]l.app.CocktailBarService$_2461#16495 (1)
04-15 09:53:51.745  1151  1151 D SurfaceFlinger:        DEVICE |            8589934654691 | 00002100 | RGBA_8888    |    0.0    0.0  720.0   90.0 |    0 1454  720 1544 | NavigationBar0$_2000#98 (17353)
04-15 09:53:51.745  1151  1151 D SurfaceFlinger:
04-15 09:53:51.748  3979  3988 I ndroid.calendar: Background concurrent mark compact GC freed 55MB AllocSpace bytes, 1(16KB) LOS objects, 57% free, 35MB/83MB, paused 2.469ms,5.527ms total 128.513ms
04-15 09:53:51.776  2000  2105 I SurfaceControlRegistry: apply, t=FinishTransaction_SyncId<1690>, caller=android.view.SurfaceControl$Transaction.apply:3459 android.view.SurfaceControl$Transaction.apply:3447 android.view.SurfaceControl$Transaction.apply:3397 com.android.wm.shell.transition.Transitions.onFinish:315 com.android.wm.shell.transition.Transitions$$ExternalSyntheticLambda7.onTransitionFinished:12 com.android.wm.shell.transition.DefaultTransitionHandler$$ExternalSyntheticLambda2.run:36
04-15 09:53:51.778  1151  1151 D SurfaceFlinger: Display 4633128672291735999 HWC layers:
04-15 09:53:51.778  1151  1151 D SurfaceFlinger:        DEVICE |           17089674871071 | 00002102 | RGBA_8888    |    0.0    0.0  720.0 1544.0 |    0    0  720 1544 | com.google.android.calendar/com.goog[...]AllInOneCalendarActivity$_3979#18950 (9)
04-15 09:53:51.778  1151  1151 D SurfaceFlinger:        DEVICE |            8589934654742 | 00002100 | RGBA_8888    |    0.0    0.0  720.0   50.0 |    0    0  720   50 | StatusBar$_2000#102 (26568)
04-15 09:53:51.778  1151  1151 D SurfaceFlinger:        DEVICE |           10569914518889 | 00002100 | RGBA_8888    |    0.0    0.0   67.0  353.0 |  653  192  720  545 | com.sec.android.app.launcher/com.sam[...]l.app.CocktailBarService$_2461#16495 (1)
04-15 09:53:51.778  1151  1151 D SurfaceFlinger:        DEVICE |            8589934654691 | 00002100 | RGBA_8888    |    0.0    0.0  720.0   90.0 |    0 1454  720 1544 | NavigationBar0$_2000#98 (17353)
04-15 09:53:51.778  1151  1151 D SurfaceFlinger:
04-15 09:53:51.781 19868 19868 I VRI[InstrumentationActivityInvoker$EmptyActivity]@6732bd2: handleAppVisibility mAppVisible = true visible = false
04-15 09:53:51.781 19868 19868 D VRI[InstrumentationActivityInvoker$EmptyActivity]@6732bd2: visibilityChanged oldVisibility=true newVisibility=false
04-15 09:53:51.781  1542  1678 D SurfaceComposerClient: setCornerRadius ## 9802b6e com.google.android.calendar/com.google.android.calendar.allinone.AllInOneCalendarActivity#18949 cornerRadius=0.000000
04-15 09:53:51.781  1151  1151 I SurfaceFlinger: RequestedLayer [Task=3884#18923] hidden!! flag  from(0) --> to(1)
04-15 09:53:51.781  1542  1678 D SurfaceComposerClient: setCornerRadius ## 9802b6e com.google.android.calendar/com.google.android.calendar.allinone.AllInOneCalendarActivity#18949 cornerRadius=0.000000
04-15 09:53:51.781  1151  1151 I SurfaceFlinger: [LayerHierarchy{RequestedLayerState{Task=3801#16292 parentId=10 z=13} 1 children}] reparent to LayerHierarchy{RequestedLayerState{DefaultTaskDisplayArea_d0#10 parentId=9} 16 children}
04-15 09:53:51.781  1151  1151 I SurfaceFlinger: [LayerHierarchy{RequestedLayerState{Task=3884#18923 parentId=10 z=12} 3 children}] reparent to LayerHierarchy{RequestedLayerState{DefaultTaskDisplayArea_d0#10 parentId=9} 17 children}
04-15 09:53:51.782  1151  1151 I SurfaceFlinger: [LayerHierarchy{RequestedLayerState{Transition Root: Task=3801#18947 z=13} 1 children}] reparent to OffscreenRoot
04-15 09:53:51.782  1151  1151 I SurfaceFlinger: [LayerHierarchy{RequestedLayerState{Transition Root: Task=3801#18947 z=13} 1 children}] RelativeParent to null
04-15 09:53:51.782  1151  1151 I SurfaceFlinger: [LayerHierarchy{RequestedLayerState{DimTransitionLayer for Surface(name=Task=3884)/@0xc95de8c#18948 z=-1} no children}] reparent to OffscreenRoot
04-15 09:53:51.782  1151  1151 I SurfaceFlinger: [LayerHierarchy{RequestedLayerState{DimTransitionLayer for Surface(name=Task=3884)/@0xc95de8c#18948 z=-1} no children}] RelativeParent to null
04-15 09:53:51.784  1542  1582 D PkgPredictorService-SecIpmManagerServiceImpl: bg information pid:19868 uid:10749 pkgName:com.catfact.app.feature.facts.test
04-15 09:53:51.784  1151  1151 I SurfaceFlinger: id=18948 Removed DimTransitionLayer for Surface(name=Task=3884)/@0xc95de8c#18948 (227)
04-15 09:53:51.784  1151  1151 I SurfaceFlinger: id=18947 Removed Transition Root: Task=3801#18947 (227)
04-15 09:53:51.786  2000  2000 D SystemUIService: SYSUI_RAM_OPTIMIZATION onTrimMemory=20
04-15 09:53:51.786  2000  2000 D CentralSurfaces: SYSUI_RAM_OPTIMIZATION onTrimMemory=20
04-15 09:53:51.787  2000  2196 D HWUI    : CacheManager::trimMemory(20)
04-15 09:53:51.787  1542  1585 D SurfaceComposerClient: setCornerRadius ## 9802b6e com.google.android.calendar/com.google.android.calendar.allinone.AllInOneCalendarActivity#18949 cornerRadius=0.000000
04-15 09:53:51.789  1151  1151 I SurfaceFlinger: [Display 0 name="Built-in Screen"#49] setFrameRateCategory: Default
04-15 09:53:51.790  1151  1151 I SurfaceFlinger: RequestedLayer [com.catfact.app.feature.facts.test/a[...]tyInvoker$EmptyActivity$_19868#18940] hidden!! flag  from(0) --> to(1)
04-15 09:53:51.790  1151  1151 I SurfaceFlinger: RequestedLayer [ActivityRecord{126880485 u0 com.catf[...]tyInvoker$EmptyActivity t3884}#18938] hidden!! flag  from(0) --> to(1)
04-15 09:53:51.790  1151  1151 I SurfaceFlinger: destroyed Transition Root: Task=3801#18947
04-15 09:53:51.790  1151  1151 I SurfaceFlinger: destroyed DimTransitionLayer for Surface(name=Task=3884)/@0xc95de8c#18948
04-15 09:53:51.790  1151  1151 I SurfaceFlinger: [LayerHierarchy{RequestedLayerState{ImeContainer#15 parentId=16293 relativeParentId=18949 z=1} 1 children}] RelativeParent to LayerHierarchy{RequestedLayerState{9802b6e com.google.android.calendar/com.google.android.calendar.allinone.AllInOneCalendarActivity#18949 parentId=16293} 2 children}
04-15 09:53:51.790  1151  1151 I SurfaceFlinger: [LayerHierarchy{RequestedLayerState{1708e0e Splash Screen com.google.android.calendar#18945 z=2147483647} 1 children}] reparent to OffscreenRoot
04-15 09:53:51.790  1151  1151 I SurfaceFlinger: [LayerHierarchy{RequestedLayerState{1708e0e Splash Screen com.google.android.calendar#18945 z=2147483647} 1 children}] RelativeParent to null
04-15 09:53:51.790  1151  1151 I SurfaceFlinger: [LayerHierarchy{RequestedLayerState{Splash Screen com.google.android.calendar$_2000#18946} no children}] reparent to OffscreenRoot
04-15 09:53:51.790  1151  1151 I SurfaceFlinger: [LayerHierarchy{RequestedLayerState{Splash Screen com.google.android.calendar$_2000#18946} no children}] RelativeParent to null
04-15 09:53:51.792  1151  1151 I Layer   : id=18947 Destroyed Transition Root: Task=3801#18947
04-15 09:53:51.792  1151  1151 I Layer   : id=18948 Destroyed DimTransitionLayer for Surface(name=Task=3884)/@0xc95de8c#18948
04-15 09:53:51.793  1151  1151 I SurfaceFlinger: id=18945 Removed 1708e0e Splash Screen com.google.android.calendar#18945 (225)
04-15 09:53:51.793  1151  1151 I SurfaceFlinger: id=18946 Removed Splash Screen com.google.android.calendar$_2000#18946 (225)
04-15 09:53:51.795  1542  1585 D SurfaceComposerClient: setCornerRadius ## 9802b6e com.google.android.calendar/com.google.android.calendar.allinone.AllInOneCalendarActivity#18949 cornerRadius=0.000000
04-15 09:53:51.798  1151  1151 I SurfaceFlinger: destroyed 1708e0e Splash Screen com.google.android.calendar#18945
04-15 09:53:51.798  1151  1151 I SurfaceFlinger: destroyed Splash Screen com.google.android.calendar$_2000#18946
04-15 09:53:51.800  1151  1151 I Layer   : id=18945 Destroyed 1708e0e Splash Screen com.google.android.calendar#18945
04-15 09:53:51.800 19868 19901 D HWUI    : CacheManager::trimMemory(20)
04-15 09:53:51.800  1151  1151 I Layer   : id=18946 Destroyed Splash Screen com.google.android.calendar$_2000#18946
04-15 09:53:51.801  2000  2125 D StackScroller: onDisplayChanged for predraw skip to 2
04-15 09:53:51.802  2461  4418 I HoneySpace.Memory-Monitor: current state = 2, didTrim = false
04-15 09:53:51.802  1542  1678 I WindowManager: Relayout Window{1e8ca99 u0 com.catfact.app.feature.facts.test/androidx.test.core.app.InstrumentationActivityInvoker$EmptyActivity}: viewVisibility=8 req=720x1544 ty=1 d0
04-15 09:53:51.803  1542  1678 D SurfaceComposerClient: setCornerRadius ## 9802b6e com.google.android.calendar/com.google.android.calendar.allinone.AllInOneCalendarActivity#18949 cornerRadius=0.000000
04-15 09:53:51.803  1542  1678 D SurfaceComposerClient: setCornerRadius ## 9802b6e com.google.android.calendar/com.google.android.calendar.allinone.AllInOneCalendarActivity#18949 cornerRadius=0.000000
04-15 09:53:51.804  2000  2000 D DisplayLifecycle: updateDisplay id = 0
04-15 09:53:51.804  1542  1678 I WindowManager: Relayout hash=1e8ca99, pid=19868, syncId=-1: mAttrs={(0,0)(fillxfill) sim={adjust=pan forwardNavigation} layoutInDisplayCutoutMode=always ty=BASE_APPLICATION
04-15 09:53:51.804  1542  1678 I WindowManager:   fl=81810100
04-15 09:53:51.804  1542  1678 I WindowManager:   pfl=100088c0
04-15 09:53:51.804  1542  1678 I WindowManager:   bhv=1
04-15 09:53:51.804  1542  1678 I WindowManager:   fitSides=0
04-15 09:53:51.804  1542  1678 I WindowManager:   frameRateBoostOnTouch=true
04-15 09:53:51.804  1542  1678 I WindowManager:   dvrrWindowFrameRateHint=true naviIconColor=0}
04-15 09:53:51.810 19868 19868 I VRI[InstrumentationActivityInvoker$EmptyActivity]@6732bd2: Relayout returned: old=(0,0,720,1544) new=(0,0,720,1544) relayoutAsync=false req=(720,1544)8 dur=6 res=0x2 s={false 0x0} ch=true seqId=0
04-15 09:53:51.810 19868 19868 D VRI[InstrumentationActivityInvoker$EmptyActivity]@6732bd2: Not drawing due to not visible. Reason=!mAppVisible && !mForceDecorViewVisibility
04-15 09:53:51.815 19868 19868 D ConnectivityManager: StackLog: [android.net.ConnectivityManager.unregisterNetworkCallback(ConnectivityManager.java:5575)] [com.catfact.app.core.designsystem.util.ConnectivityObserver$observe$1.invokeSuspend$lambda$1(ConnectivityObserver.kt:43)] [com.catfact.app.core.designsystem.util.ConnectivityObserver$observe$1$$ExternalSyntheticLambda0.invoke(D8$$SyntheticClass:0)] [kotlinx.coroutines.channels.ProduceKt.awaitClose(Produce.kt:69)] [kotlinx.coroutines.channels.ProduceKt$awaitClose$1.invokeSuspend(Unknown Source:13)] [kotlin.coroutines.jvm.internal.BaseContinuationImpl.resumeWith(ContinuationImpl.kt:34)] [androidx.compose.ui.test.ApplyingContinuationInterceptor$SendApplyContinuation.resumeWith(ApplyingContinuationInterceptor.kt:52)] [androidx.compose.ui.test.FrameDeferringContinuationInterceptor$FrameDeferredContinuation.resumeWith(FrameDeferringContinuationInterceptor.jvm.kt:187)] [kotlinx.coroutines.DispatchedTaskKt.resume(DispatchedTask.kt:165)] [kotlinx.coroutines.DispatchedTaskKt.dispatch(DispatchedTask.kt:154)] [kotlinx.coroutines.CancellableContinuationImpl.dispatchResume(CancellableContinuationImpl.kt:470)] [kotlinx.coroutines.CancellableContinuationImpl.cancel(CancellableContinuationImpl.kt:214)] [kotlinx.coroutines.CancellableContinuationImpl.parentCancelled$kotlinx_coroutines_core(CancellableContinuationImpl.kt:221)] [kotlinx.coroutines.ChildContinuation.invoke(CancellableContinuationImpl.kt:698)] [kotlinx.coroutines.JobSupport.notifyCancelling(JobSupport.kt:1604)] [kotlinx.coroutines.JobSupport.tryMakeCancelling(JobSupport.kt:826)] [kotlinx.coroutines.JobSupport.makeCancelling(JobSupport.kt:786)] [kotlinx.coroutines.JobSupport.cancelImpl$kotlinx_coroutines_core(JobSupport.kt:702)] [kotlinx.coroutines.JobSupport.parentCancelled(JobSupport.kt:668)] [kotlinx.coroutines.ChildHandleNode.invoke(JobSupport.kt:1580)] [kotlinx.coroutines.JobSupport.notifyCancelling(JobSupport.kt:1604)] [kotlinx.coroutines.JobSupport.tryMakeCancelling(JobSupport.kt:826)] [kotlinx.coroutines.JobSupport.makeCancelling(JobSupport.kt:786)] [kotlinx.coroutines.JobSupport.cancelImpl$kotlinx_coroutines_core(JobSupport.kt:702)] [kotlinx.coroutines.JobSupport.parentCancelled(JobSupport.kt:668)] [kotlinx.coroutines.ChildHandleNode.invoke(JobSupport.kt:1580)] [kotlinx.coroutines.JobSupport.notifyCancelling(JobSupport.kt:1604)] [kotlinx.coroutines.JobSupport.tryMakeCancelling(JobSupport.kt:826)] [kotlinx.coroutines.JobSupport.makeCancelling(JobSupport.kt:786)] [kotlinx.coroutines.JobSupport.cancelImpl$kotlinx_coroutines_core(JobSupport.kt:702)] [kotlinx.coroutines.JobSupport.parentCancelled(JobSupport.kt:668)] [kotlinx.coroutines.ChildHandleNode.invoke(JobSupport.kt:1580)] [kotlinx.coroutines.JobSupport.notifyCancelling(JobSupport.kt:1604)] [kotlinx.coroutines.JobSupport.tryMakeCancelling(JobSupport.kt:826)] [kotlinx.coroutines.JobSupport.makeCancelling(JobSupport.kt:786)] [kotlinx.coroutines.JobSupport.cancelImpl$kotlinx_coroutines_core(JobSupport.kt:702)] [kotlinx.coroutines.JobSupport.parentCancelled(JobSupport.kt:668)] [kotlinx.coroutines.ChildHandleNode.invoke(JobSupport.kt:1580)] [kotlinx.coroutines.JobSupport.notifyCancelling(JobSupport.kt:1604)] [kotlinx.coroutines.JobSupport.tryMakeCancelling(JobSupport.kt:826)] [kotlinx.coroutines.JobSupport.makeCancelling(JobSupport.kt:786)] [kotlinx.coroutines.JobSupport.cancelImpl$kotlinx_coroutines_core(JobSupport.kt:702)] [kotlinx.coroutines.JobSupport.parentCancelled(JobSupport.kt:668)] [kotlinx.coroutines.ChildHandleNode.invoke(JobSupport.kt:1580)] [kotlinx.coroutines.JobSupport.notifyCancelling(JobSupport.kt:1604)] [kotlinx.coroutines.JobSupport.tryMakeCancelling(JobSupport.kt:826)] [kotlinx.coroutines.JobSupport.makeCancelling(JobSupport.kt:786)] [kotlinx.coroutines.JobSupport.cancelImpl$kotlinx_coroutines_core(JobSupport.kt:702)] [kotlinx.coroutines.JobSupport.cancelInternal(JobSupport.kt:663)] [kotlinx.coroutines.JobSupport.cancel(JobSupport.kt:648)] [kotlinx.coroutines.Job$DefaultImpls.cancel$default(Job.kt:192)] [androidx.lifecycle.RepeatOnLifecycleKt$repeatOnLi
04-15 09:53:51.819 19868 19868 I VRI[ComponentActivity]@d896d2f: stopped(true) old = false
04-15 09:53:51.819 19868 19868 D VRI[ComponentActivity]@d896d2f: WindowStopped on com.catfact.app.feature.facts.test/androidx.activity.ComponentActivity set to true
04-15 09:53:51.819 19868 19901 D HWUI    : CacheManager::trimMemory(20)
04-15 09:53:51.822 19868 19868 D LifecycleMonitor: Lifecycle status change: androidx.activity.ComponentActivity@d677bf8 in: STOPPED
04-15 09:53:51.822 19868 19868 V ActivityScenario: Update currentActivityStage to STOPPED, currentActivity=androidx.activity.ComponentActivity@d677bf8
04-15 09:53:51.847 19868 19868 W WindowOnBackDispatcher: sendCancelIfRunning: isInProgress=false callback=android.app.Activity$$ExternalSyntheticLambda0@ac9ad4b
04-15 09:53:51.847 19868 19868 D LifecycleMonitor: Lifecycle status change: androidx.activity.ComponentActivity@d677bf8 in: DESTROYED
04-15 09:53:51.847 19868 19868 V ActivityScenario: Update currentActivityStage to DESTROYED, currentActivity=null
04-15 09:53:51.850 19868 19888 D IdlingRegistry: Unregistering idling resources: [androidx.compose.ui.test.EspressoLink@ce7b174]
04-15 09:53:51.851 19868 19901 D HWUI    : CacheManager::trimMemory(20)
04-15 09:53:51.853 19868 19868 D ViewRootImpl: Skipping stats log for color mode
04-15 09:53:51.853 19868 19868 I VRI[ComponentActivity]@d896d2f: dispatchDetachedFromWindow
04-15 09:53:51.853  1542  1678 D InputTransport: Input channel destroyed: 'ef3ca8f', fd=1146
04-15 09:53:51.854  1542  1678 D SurfaceComposerClient: setCornerRadius ## 9802b6e com.google.android.calendar/com.google.android.calendar.allinone.AllInOneCalendarActivity#18949 cornerRadius=0.000000
04-15 09:53:51.855  1542  1678 D SurfaceComposerClient: setCornerRadius ## 9802b6e com.google.android.calendar/com.google.android.calendar.allinone.AllInOneCalendarActivity#18949 cornerRadius=0.000000
04-15 09:53:51.856 19868 19868 D InputTransport: Input channel destroyed: 'ef3ca8f', fd=128
04-15 09:53:51.856  1151  2758 I SurfaceFlinger: id=18929 Removed 6cedbde ActivityRecordInputSink com.catfact.app.feature.facts.test/androidx.activity.ComponentActivity#18929 (223)
04-15 09:53:51.857 19868 19868 I VRI[InstrumentationActivityInvoker$EmptyActivity]@6732bd2: stopped(true) old = false
04-15 09:53:51.857 19868 19868 D VRI[InstrumentationActivityInvoker$EmptyActivity]@6732bd2: WindowStopped on com.catfact.app.feature.facts.test/androidx.test.core.app.InstrumentationActivityInvoker$EmptyActivity set to true
04-15 09:53:51.858 19868 19901 D HWUI    : CacheManager::trimMemory(20)
04-15 09:53:51.863 19868 19868 D LifecycleMonitor: Lifecycle status change: androidx.test.core.app.InstrumentationActivityInvoker$EmptyActivity@43537a5 in: STOPPED
04-15 09:53:51.864 19868 19868 W WindowOnBackDispatcher: sendCancelIfRunning: isInProgress=false callback=android.app.Activity$$ExternalSyntheticLambda0@8117ff
04-15 09:53:51.865  1151  1151 I SurfaceFlinger: [LayerHierarchy{RequestedLayerState{ef3ca8f com.catfact.app.feature.facts.test/androidx.activity.ComponentActivity#18928} 1 children}] reparent to OffscreenRoot
04-15 09:53:51.865  1151  1151 I SurfaceFlinger: [LayerHierarchy{RequestedLayerState{ef3ca8f com.catfact.app.feature.facts.test/androidx.activity.ComponentActivity#18928} 1 children}] RelativeParent to null
04-15 09:53:51.865  1151  1151 I SurfaceFlinger: [LayerHierarchy{RequestedLayerState{ActivityRecord{225693836 u0 com.catfact.app.feature.facts.test/androidx.activity.ComponentActivity t3884}#18924} 1 children}] reparent to OffscreenRoot
04-15 09:53:51.865  1151  1151 I SurfaceFlinger: [LayerHierarchy{RequestedLayerState{ActivityRecord{225693836 u0 com.catfact.app.feature.facts.test/androidx.activity.ComponentActivity t3884}#18924} 1 children}] RelativeParent to null
04-15 09:53:51.865  1151  1151 I SurfaceFlinger: [LayerHierarchy{RequestedLayerState{com.catfact.app.feature.facts.test/androidx.activity.ComponentActivity$_19868#18931} no children}] reparent to OffscreenRoot
04-15 09:53:51.865  1151  1151 I SurfaceFlinger: [LayerHierarchy{RequestedLayerState{com.catfact.app.feature.facts.test/androidx.activity.ComponentActivity$_19868#18931} no children}] RelativeParent to null
04-15 09:53:51.865 19868 19868 D LifecycleMonitor: Lifecycle status change: androidx.test.core.app.InstrumentationActivityInvoker$EmptyActivity@43537a5 in: DESTROYED
04-15 09:53:51.867  1151  1151 I SurfaceFlinger: id=18928 Removed ef3ca8f com.catfact.app.feature.facts.test/androidx.activity.ComponentActivity#18928 (223)
04-15 09:53:51.867  1151  1151 I SurfaceFlinger: id=18931 Removed com.catfact.app.feature.facts.test/androidx.activity.ComponentActivity$_19868#18931 (223)
04-15 09:53:51.868 19868 19901 D HWUI    : CacheManager::trimMemory(20)
04-15 09:53:51.870 19868 19868 D ViewRootImpl: Skipping stats log for color mode
04-15 09:53:51.870 19868 19868 I VRI[InstrumentationActivityInvoker$EmptyActivity]@6732bd2: dispatchDetachedFromWindow
04-15 09:53:51.870  1542  2475 D InputTransport: Input channel destroyed: '1e8ca99', fd=1178
04-15 09:53:51.871  1542  2475 D SurfaceComposerClient: setCornerRadius ## 9802b6e com.google.android.calendar/com.google.android.calendar.allinone.AllInOneCalendarActivity#18949 cornerRadius=0.000000
04-15 09:53:51.871  1542  2475 D SurfaceComposerClient: setCornerRadius ## 9802b6e com.google.android.calendar/com.google.android.calendar.allinone.AllInOneCalendarActivity#18949 cornerRadius=0.000000
04-15 09:53:51.871 19868 19868 D InputTransport: Input channel destroyed: '1e8ca99', fd=147
04-15 09:53:51.873  1151  1151 I SurfaceFlinger: destroyed ef3ca8f com.catfact.app.feature.facts.test/androidx.activity.ComponentActivity#18928
04-15 09:53:51.873  1151  1151 I SurfaceFlinger: destroyed com.catfact.app.feature.facts.test/androidx.activity.ComponentActivity$_19868#18931
04-15 09:53:51.874  1151  2479 I SurfaceFlinger: id=18944 Removed 3e1e4f ActivityRecordInputSink com.catfact.app.feature.facts.test/androidx.test.core.app.InstrumentationActivityInvoker$EmptyActivity#18944 (223)
04-15 09:53:51.875  1151  1151 I Layer   : id=18928 Destroyed ef3ca8f com.catfact.app.feature.facts.test/androidx.activity.ComponentActivity#18928
04-15 09:53:51.876  1151  1151 I Layer   : id=18931 Destroyed com.catfact.app.feature.facts.test/androidx.activity.ComponentActivity$_19868#18931
04-15 09:53:51.878  1151  1378 I SurfaceFlinger: id=18957 createSurf, flag=24004, Task=3884#18957
04-15 09:53:51.878  3979  3988 I ndroid.calendar: Background concurrent mark compact GC freed 42MB AllocSpace bytes, 1(16KB) LOS objects, 59% free, 32MB/80MB, paused 2.030ms,2.632ms total 124.017ms
04-15 09:53:51.881  1151  1151 I SurfaceFlinger: [LayerHierarchy{RequestedLayerState{1e8ca99 com.catfact.app.feature.facts.test/androidx.test.core.app.InstrumentationActivityInvoker$EmptyActivity#18939} 1 children}] reparent to OffscreenRoot
04-15 09:53:51.881  1151  1151 I SurfaceFlinger: [LayerHierarchy{RequestedLayerState{1e8ca99 com.catfact.app.feature.facts.test/androidx.test.core.app.InstrumentationActivityInvoker$EmptyActivity#18939} 1 children}] RelativeParent to null
04-15 09:53:51.881  1151  1151 I SurfaceFlinger: [LayerHierarchy{RequestedLayerState{com.catfact.app.feature.facts.test/androidx.test.core.app.InstrumentationActivityInvoker$EmptyActivity$_19868#18940} no children}] reparent to OffscreenRoot
04-15 09:53:51.881  1151  1151 I SurfaceFlinger: [LayerHierarchy{RequestedLayerState{com.catfact.app.feature.facts.test/androidx.test.core.app.InstrumentationActivityInvoker$EmptyActivity$_19868#18940} no children}] RelativeParent to null
04-15 09:53:51.881  1151  1151 I SurfaceFlinger: [Task=3884#18957] attach to parent Root
04-15 09:53:51.883  1151  1151 I SurfaceFlinger: id=18939 Removed 1e8ca99 com.catfact.app.feature.facts.test/androidx.test.core.app.InstrumentationActivityInvoker$EmptyActivity#18939 (222)
04-15 09:53:51.883  1151  1151 I SurfaceFlinger: id=18940 Removed com.catfact.app.feature.facts.test/androidx.test.core.app.InstrumentationActivityInvoker$EmptyActivity$_19868#18940 (222)
04-15 09:53:51.886  2461  2461 I HoneySpace.TaskStackChangeRepositoryImpl: onTaskRemoved : 3884
04-15 09:53:51.887 19868 19888 I TestRunner: finished: factsListDisplaysItems(com.catfact.app.feature.facts.presentation.FactsScreenTest)
