04-15 09:53:49.838 19868 19868 I View    : setRequestedFrameRate frameRate=NaN, this=android.view.View{dace24c V.ED..... ........ 0,0-0,0}, caller=androidx.compose.ui.platform.Api35Impl.setRequestedFrameRate:3822 androidx.compose.ui.platform.AndroidComposeView.dispatchDraw:2115 android.view.View.draw:26345 android.view.View.updateDisplayListIfDirty:25175 android.view.ViewGroup.recreateChildDisplayList:4794
04-15 09:53:49.847  2000  2000 D QSClock : onDarkChanged tint=WHITE
04-15 09:53:49.907 19868 19868 I View    : setRequestedFrameRate frameRate=NaN, this=androidx.compose.ui.platform.AndroidComposeView{e90ec34 VFED..... ........ 0,0-720,1544 aid=1073741824}, caller=android.view.ViewGroup.setRequestedFrameRate:9952 androidx.compose.ui.platform.Api35Impl.setRequestedFrameRate:3822 androidx.compose.ui.platform.AndroidComposeView.dispatchDraw:2114 android.view.View.draw:26345 android.view.View.updateDisplayListIfDirty:25175
04-15 09:53:49.907 19868 19868 I View    : setRequestedFrameRate frameRate=NaN, this=android.view.View{dace24c V.ED..... ........ 0,0-0,0}, caller=androidx.compose.ui.platform.Api35Impl.setRequestedFrameRate:3822 androidx.compose.ui.platform.AndroidComposeView.dispatchDraw:2115 android.view.View.draw:26345 android.view.View.updateDisplayListIfDirty:25175 android.view.ViewGroup.recreateChildDisplayList:4794
04-15 09:53:49.911  1542  2103 I SemDvfsHyPerManager: acquire hyper - AMS_ACT_START/1542@20, type = -999
04-15 09:53:49.912  1059  1180 I HYPER-HAL: [RequestManager.cpp]acquire(): Acquired ID : 1220723  [1542 / 20]    HINT : AMS_ACT_START    list :
04-15 09:53:49.912  1151  1378 I SurfaceFlinger: id=18902 createSurf, flag=84004, ActivityRecord{191769299 u0 com.catfact.app.feature.facts.test/androidx.test.core.app.InstrumentationActivityInvoker$EmptyActivity t3883}#18902
04-15 09:53:49.914  1151  1151 I SurfaceFlinger: [ActivityRecord{191769299 u0 com.catfact.app.feature.facts.test/androidx.test.core.app.InstrumentationActivityInvoker$EmptyActivity t3883}#18902] attach to parent LayerHierarchy{RequestedLayerState{Task=3883#18887 parentId=10 z=13} 2 children}
04-15 09:53:49.916  3152  3152 E pageboostd: Received HALT command code 2
04-15 09:53:49.919  2000  2105 D ShellDesktopMode: handleRequest: TransitionRequestInfo {type=1, tid=3883, debugId=1686}
04-15 09:53:49.919 19868 19901 I GSC     : SID[10] : 5541629e65e81fc7, Kind: 1, time : 2.111 ms
04-15 09:53:49.922 19868 19901 I GSC     : SID[11] : a5d43e0d6582489f, Kind: 0, time : 2.837 ms
04-15 09:53:49.922  1151  1151 I SurfaceFlinger: [Display 0 name="Built-in Screen"#49] setFrameRateCategory: High
04-15 09:53:49.925  1542  1585 D SurfaceComposerClient: setCornerRadius ## ab5d2e4 com.catfact.app.feature.facts.test/androidx.activity.ComponentActivity#18893 cornerRadius=0.000000
04-15 09:53:49.925  2000  2125 D StackScroller: onDisplayChanged for predraw skip to 2
04-15 09:53:49.925  2000  2000 D DisplayLifecycle: updateDisplay id = 0
04-15 09:53:49.926  2461  4418 I HoneySpace.Memory-Monitor: current state = 2, didTrim = false
04-15 09:53:49.926 19868 19868 D LifecycleMonitor: Lifecycle status change: androidx.activity.ComponentActivity@1ec813b in: PAUSED
04-15 09:53:49.926 19868 19868 V ActivityScenario: Update currentActivityStage to PAUSED, currentActivity=androidx.activity.ComponentActivity@1ec813b
04-15 09:53:49.928  1542  2298 D InputDispatcher: Focused application(0): ActivityRecord{191769299 u0 com.catfact.app.feature.facts.test/androidx.test.core.app.InstrumentationActivityInvoker$EmptyActivity t3883}
04-15 09:53:49.929  1542  2298 D GraphicsStatsService: requestRenderEngineFor(com.catfact.app.feature.facts.test)
04-15 09:53:49.931 19868 19868 D LifecycleMonitor: Lifecycle status change: androidx.test.core.app.InstrumentationActivityInvoker$EmptyActivity@e64e767 in: PRE_ON_CREATE
04-15 09:53:49.931 19868 19868 V ActivityScenario: Activity lifecycle changed event received but ignored because the intent does not match. startActivityIntent=Intent { act=android.intent.action.MAIN cat=[android.intent.category.LAUNCHER] flg=0x10008000 cmp=com.catfact.app.feature.facts.test/androidx.activity.ComponentActivity }, activity.getIntent()=Intent { act=android.intent.action.MAIN cat=[android.intent.category.LAUNCHER] flg=0x10000000 xflg=0x4 cmp=com.catfact.app.feature.facts.test/androidx.test.core.app.InstrumentationActivityInvoker$EmptyActivity }, activity=androidx.test.core.app.InstrumentationActivityInvoker$EmptyActivity@e64e767
04-15 09:53:49.931  2461  2461 I HoneySpace.EdgePanel.CocktailHostRepositoryImpl: onNoteResume
04-15 09:53:49.931  2461  2461 I HoneySpace.EdgePanel.EdgePanelContainerViewModel: cocktailHostRepository.edgePanelOperation NoteResumeComponent(componentName=ComponentInfo{com.catfact.app.feature.facts.test/androidx.test.core.app.InstrumentationActivityInvoker$EmptyActivity})
04-15 09:53:49.932  2461  2461 I HoneySpace.EdgePanel.ActivityUtils: HomePackage : com.sec.android.app.launcher, resumePackageName : com.catfact.app.feature.facts.test, className : androidx.test.core.app.InstrumentationActivityInvoker$EmptyActivity
04-15 09:53:49.934 19868 19868 I DecorView: setWindowBackground: isPopOver=false color=ffffffff d=android.graphics.drawable.ColorDrawable@e6c30b9
04-15 09:53:49.934 19868 19868 D LifecycleMonitor: Lifecycle status change: androidx.test.core.app.InstrumentationActivityInvoker$EmptyActivity@e64e767 in: CREATED
04-15 09:53:49.934 19868 19868 V ActivityScenario: Activity lifecycle changed event received but ignored because the intent does not match. startActivityIntent=Intent { act=android.intent.action.MAIN cat=[android.intent.category.LAUNCHER] flg=0x10008000 cmp=com.catfact.app.feature.facts.test/androidx.activity.ComponentActivity }, activity.getIntent()=Intent { act=android.intent.action.MAIN cat=[android.intent.category.LAUNCHER] flg=0x10000000 xflg=0x4 cmp=com.catfact.app.feature.facts.test/androidx.test.core.app.InstrumentationActivityInvoker$EmptyActivity }, activity=androidx.test.core.app.InstrumentationActivityInvoker$EmptyActivity@e64e767
04-15 09:53:49.935 19868 19868 D LifecycleMonitor: Lifecycle status change: androidx.test.core.app.InstrumentationActivityInvoker$EmptyActivity@e64e767 in: STARTED
04-15 09:53:49.935 19868 19868 V ActivityScenario: Activity lifecycle changed event received but ignored because the intent does not match. startActivityIntent=Intent { act=android.intent.action.MAIN cat=[android.intent.category.LAUNCHER] flg=0x10008000 cmp=com.catfact.app.feature.facts.test/androidx.activity.ComponentActivity }, activity.getIntent()=Intent { act=android.intent.action.MAIN cat=[android.intent.category.LAUNCHER] flg=0x10000000 xflg=0x4 cmp=com.catfact.app.feature.facts.test/androidx.test.core.app.InstrumentationActivityInvoker$EmptyActivity }, activity=androidx.test.core.app.InstrumentationActivityInvoker$EmptyActivity@e64e767
04-15 09:53:49.936 19868 19868 D LifecycleMonitor: Lifecycle status change: androidx.test.core.app.InstrumentationActivityInvoker$EmptyActivity@e64e767 in: RESUMED
04-15 09:53:49.936 19868 19868 V ActivityScenario: Activity lifecycle changed event received but ignored because the intent does not match. startActivityIntent=Intent { act=android.intent.action.MAIN cat=[android.intent.category.LAUNCHER] flg=0x10008000 cmp=com.catfact.app.feature.facts.test/androidx.activity.ComponentActivity }, activity.getIntent()=Intent { act=android.intent.action.MAIN cat=[android.intent.category.LAUNCHER] flg=0x10000000 xflg=0x4 cmp=com.catfact.app.feature.facts.test/androidx.test.core.app.InstrumentationActivityInvoker$EmptyActivity }, activity=androidx.test.core.app.InstrumentationActivityInvoker$EmptyActivity@e64e767
04-15 09:53:49.937 19868 19868 D ViewRootImpl: desktopMode is false
04-15 09:53:49.937 19868 19868 I ViewRootImpl: dVRR is disabled
04-15 09:53:49.937 19868 19901 D NativeCustomFrequencyManager: [NativeCFMS] BpCustomFrequencyManager::BpCustomFrequencyManager()
04-15 09:53:49.938  1542  2103 D InputTransport: Input channel constructed: '1d38727', fd=1041
04-15 09:53:49.938  1542  2103 D InputTransport: Input channel constructed: '1d38727', fd=1146
04-15 09:53:49.938  1542  2103 D InputTransport: Input channel constructed: '1d38727', fd=1178
04-15 09:53:49.938  1542  2103 D InputTransport: Input channel destroyed: '1d38727', fd=1146
04-15 09:53:49.939  1151  1378 I SurfaceFlinger: id=18903 createSurf, flag=84004, 1d38727 com.catfact.app.feature.facts.test/androidx.test.core.app.InstrumentationActivityInvoker$EmptyActivity#18903
04-15 09:53:49.939  1151  1151 I SurfaceFlinger: [LayerHierarchy{RequestedLayerState{ImeContainer#15 parentId=18888 relativeParentId=18888 z=1} 1 children}] RelativeParent to null
04-15 09:53:49.939  1151  1151 I SurfaceFlinger: [1d38727 com.catfact.app.feature.facts.test/androidx.test.core.app.InstrumentationActivityInvoker$EmptyActivity#18903] attach to parent LayerHierarchy{RequestedLayerState{ActivityRecord{191769299 u0 com.catfact.app.feature.facts.test/androidx.test.core.app.InstrumentationActivityInvoker$EmptyActivity t3883}#18902 parentId=18887} 1 children}
04-15 09:53:49.940  1542  2103 D InputTransport: Input channel destroyed: '1d38727', fd=1178
04-15 09:53:49.941 19868 19868 D InputTransport: Input channel constructed: '1d38727', fd=160
04-15 09:53:49.942 19868 19868 I InsetsController: onStateChanged: host=com.catfact.app.feature.facts.test/androidx.test.core.app.InstrumentationActivityInvoker$EmptyActivity, from=android.view.ViewRootImpl.onInsetsStateChanged:3026, state=InsetsState: {mDisplayFrame=Rect(0, 0 - 720, 1544), mDisplayCutout=DisplayCutout{insets=Rect(0, 50 - 0, 0) waterfall=Insets{left=0, top=0, right=0, bottom=0} boundingRect={Bounds=[Rect(0, 0 - 0, 0), Rect(341, 0 - 379, 50), Rect(0, 0 - 0, 0), Rect(0, 0 - 0, 0)]} cutoutPathParserInfo={CutoutPathParserInfo{displayWidth=720 displayHeight=1544 physicalDisplayWidth=720 physicalDisplayHeight=1544 density={1.875} cutoutSpec={M 0,0 H -10 V 26.66666666666667 H 10 V 0 H 0 Z @dp} rotation={0} scale={1.0} physicalPixelDisplaySizeRatio={1.0}}} sideOverrides={}}, mRoundedCorners=RoundedCorners{[RoundedCorner{position=TopLeft, radius=8, center=Point(8, 8)}, RoundedCorner{position=TopRight, radius=8, center=Point(712, 8)}, RoundedCorner{position=BottomRight, radius=8, center=Point(712, 1536)}, RoundedCorner{position=BottomLeft, radius=8, center=Point(8, 1536)}]}  mRoundedCornerFrame=Rect(0, 0 - 720, 1544), mPrivacyIndicatorBounds=PrivacyIndicatorBounds {static bounds=Rect(637, 0 - 720, 50) rotation=0}, mDisplayShape=DisplayShape{ spec=-311912193 displayWidth=720 displayHeight=1544 physicalPixelDisplaySizeRatio=0.5 rotation=0 offsetX=0 offsetY=0 scale=1.0}, mSources= { InsetsSource: {ec730001 mType=navigationBars mFrame=[0,1454][720,1544] mVisible=true mFlags= mSideHint=BOTTOM mBoundingRects=null}, InsetsSource: {ec730004 mType=systemGestures mFrame=[0,0][0,0] mVisible=true mFlags= mSideHint=NONE mBoundingRects=null}, InsetsSource: {ec730005 mType=mandatorySystemGestures mFrame=[0,1454][720,1544] mVisible=true mFlags= mSideHint=BOTTOM mBoundingRects=null}, InsetsSource: {ec730006 mType=tappableElement mFrame=[0,1454][720,1544] mVisible=true mFlags= mSideHint=BOTTOM mBoundingRects=null}, InsetsSource: {ec730024 mType=systemGestures mFrame=[0,0][0,0] mVisible=true mFlags= mSideHint=NONE mBoundingRects=null}, InsetsSource: {3 mType=ime mFrame=[0,0][0,0] mVisible=false mFlags= mSideHint=NONE mBoundingRects=null}, InsetsSource: {27 mType=displayCutout mFrame=[0,0][720,50] mVisible=true mFlags= mSideHint=TOP mBoundingRects=null}, InsetsSource: {43950000 mType=statusBars mFrame=[0,0][720,50] mVisible=true mFlags= mSideHint=TOP mBoundingRects=null}, InsetsSource: {43950005 mType=mandatorySystemGestures mFrame=[0,0][720,73] mVisible=true mFlags= mSideHint=TOP mBoundingRects=null}, InsetsSource: {43950006 mType=tappableElement mFrame=[0,0][720,50] mVisible=true mFlags= mSideHint=TOP mBoundingRects=null} }
04-15 09:53:49.942 19868 19868 I VRI[InstrumentationActivityInvoker$EmptyActivity]@79f76ac: synced displayState. AttachInfo displayState=2
04-15 09:53:49.942 19868 19868 I VRI[InstrumentationActivityInvoker$EmptyActivity]@79f76ac: setView = com.android.internal.policy.DecorView@7e55f7b IsHRR=false mFlingFrameRateChange=0 TM=true
04-15 09:53:49.944  1542  2103 I WindowManager: Relayout Window{1d38727 u0 com.catfact.app.feature.facts.test/androidx.test.core.app.InstrumentationActivityInvoker$EmptyActivity}: viewVisibility=0 req=720x1544 ty=1 d0
04-15 09:53:49.944  1151  1338 D SurfaceFlinger: [input] setFocusedWindow: <null>
04-15 09:53:49.944  1151  1378 I SurfaceFlinger: id=18904 createSurf, flag=44004, com.catfact.app.feature.facts.test/androidx.test.core.app.InstrumentationActivityInvoker$EmptyActivity$_19868#18904
04-15 09:53:49.944  1542  2472 D InputDispatcher: Once focus requested (0): <null>
04-15 09:53:49.944  1542  2472 D InputDispatcher: Focus request (0): <null> but waiting because NO_WINDOW
04-15 09:53:49.944  1542  2472 D InputDispatcher: Focus left window (0): ab5d2e4 com.catfact.app.feature.facts.test/androidx.activity.ComponentActivity
04-15 09:53:49.945  1542  2103 D SurfaceComposerClient: setCornerRadius ## 1d38727 com.catfact.app.feature.facts.test/androidx.test.core.app.InstrumentationActivityInvoker$EmptyActivity#18903 cornerRadius=0.000000
04-15 09:53:49.945  1542  2103 D SurfaceComposerClient: setCornerRadius ## 1d38727 com.catfact.app.feature.facts.test/androidx.test.core.app.InstrumentationActivityInvoker$EmptyActivity#18903 cornerRadius=0.000000
04-15 09:53:49.946  1151  1199 I SurfaceFlinger: id=18905 createSurf, flag=24000, Surface(name=3edafdc StatusBar)/@0x3b919ed - animation-leash of insets_animation#18905
04-15 09:53:49.947  1151  1199 I SurfaceFlinger: id=18906 createSurf, flag=24000, Surface(name=8c5cec7 NavigationBar0)/@0xa68870 - animation-leash of insets_animation#18906
04-15 09:53:49.947  1151  1151 I SurfaceFlinger: [com.catfact.app.feature.facts.test/androidx.test.core.app.InstrumentationActivityInvoker$EmptyActivity$_19868#18904] attach to parent LayerHierarchy{RequestedLayerState{1d38727 com.catfact.app.feature.facts.test/androidx.test.core.app.InstrumentationActivityInvoker$EmptyActivity#18903 parentId=18902} 1 children}
04-15 09:53:49.947  1151  1151 I SurfaceFlinger: [Surface(name=3edafdc StatusBar)/@0x3b919ed - animation-leash of insets_animation#18905] attach to parent LayerHierarchy{RequestedLayerState{WindowToken{7a8fc4f type=2000 android.os.BinderProxy@a9d7329}#94 parentId=17} 2 children}
04-15 09:53:49.947  1151  1151 I SurfaceFlinger: [Surface(name=8c5cec7 NavigationBar0)/@0xa68870 - animation-leash of insets_animation#18906] attach to parent LayerHierarchy{RequestedLayerState{WindowToken{fc018e2 type=2019 android.os.BinderProxy@bda3ac4}#90 parentId=34} 2 children}
04-15 09:53:49.947  1542  2103 I SystemKeyManager: requested systemKeyInfo size=1 focusedWindow=com.catfact.app.feature.facts.test/androidx.test.core.app.InstrumentationActivityInvoker$EmptyActivity
04-15 09:53:49.947  1542  2103 I SystemKeyManager: requested systemKeyInfo size=1 focusedWindow=com.catfact.app.feature.facts.test/androidx.test.core.app.InstrumentationActivityInvoker$EmptyActivity
04-15 09:53:49.948  1151  1151 I BpBinder: onLastStrongRef automatically unlinking death recipients:
04-15 09:53:49.948  1542  2103 I WindowManager: Relayout hash=1d38727, pid=19868, syncId=-1: mAttrs={(0,0)(fillxfill) sim={adjust=pan forwardNavigation} layoutInDisplayCutoutMode=always ty=BASE_APPLICATION
04-15 09:53:49.948  1542  2103 I WindowManager:   fl=81810100
04-15 09:53:49.948  1542  2103 I WindowManager:   pfl=100088c0
04-15 09:53:49.948  1542  2103 I WindowManager:   bhv=1
04-15 09:53:49.948  1542  2103 I WindowManager:   fitSides=0
04-15 09:53:49.948  1542  2103 I WindowManager:   frameRateBoostOnTouch=true
04-15 09:53:49.948  1542  2103 I WindowManager:   dvrrWindowFrameRateHint=true naviIconColor=0}
04-15 09:53:49.948  2000  2000 D NavigationBar: onSystemBarAttributesChanged() -  displayId:0, appearance:16, packageName: com.catfact.app.feature.facts.test (APPEARANCE_LIGHT_NAVIGATION_BARS ), navbarColorManagedByIme:false
04-15 09:53:49.949 19868 19868 I BLASTBufferQueue_Java: new BLASTBufferQueue, mName= VRI[InstrumentationActivityInvoker$EmptyActivity]@79f76ac mNativeObject= 0xb40000741c5ec010 caller= android.view.ViewRootImpl.updateBlastSurfaceIfNeeded:3585 android.view.ViewRootImpl.relayoutWindow:11685 android.view.ViewRootImpl.performTraversals:4804 android.view.ViewRootImpl.doTraversal:3924 android.view.ViewRootImpl$TraversalRunnable.run:12903 android.view.Choreographer$CallbackRecord.run:1901 android.view.Choreographer$CallbackRecord.run:1910 android.view.Choreographer.doCallbacks:1367 android.view.Choreographer.doFrame:1292 android.view.Choreographer$FrameDisplayEventReceiver.run:1870
04-15 09:53:49.949 19868 19868 I BLASTBufferQueue_Java: update, w= 720 h= 1544 mName = VRI[InstrumentationActivityInvoker$EmptyActivity]@79f76ac mNativeObject= 0xb40000741c5ec010 sc.mNativeObject= 0xb40000751c4f4010 format= -1 caller= android.view.ViewRootImpl.updateBlastSurfaceIfNeeded:3590 android.view.ViewRootImpl.relayoutWindow:11685 android.view.ViewRootImpl.performTraversals:4804 android.view.ViewRootImpl.doTraversal:3924 android.view.ViewRootImpl$TraversalRunnable.run:12903 android.view.Choreographer$CallbackRecord.run:1901
04-15 09:53:49.949 19868 19868 I VRI[InstrumentationActivityInvoker$EmptyActivity]@79f76ac: Relayout returned: old=(0,0,720,1544) new=(0,0,720,1544) relayoutAsync=false req=(720,1544)0 dur=6 res=0x3 s={true 0xb40000748c54b270} ch=true seqId=0
04-15 09:53:49.950 19868 19868 I VRI[InstrumentationActivityInvoker$EmptyActivity]@79f76ac: performConfigurationChange setNightDimText nightDimLevel=0
04-15 09:53:49.950 19868 19868 D VRI[InstrumentationActivityInvoker$EmptyActivity]@79f76ac: mThreadedRenderer.initialize() mSurface={isValid=true 0xb40000748c54b270} hwInitialized=true
04-15 09:53:49.950 19868 19868 D VRI[InstrumentationActivityInvoker$EmptyActivity]@79f76ac: reportNextDraw android.view.ViewRootImpl.performTraversals:5443 android.view.ViewRootImpl.doTraversal:3924 android.view.ViewRootImpl$TraversalRunnable.run:12903 android.view.Choreographer$CallbackRecord.run:1901 android.view.Choreographer$CallbackRecord.run:1910
04-15 09:53:49.950 19868 19868 D VRI[InstrumentationActivityInvoker$EmptyActivity]@79f76ac: Setup new sync=wmsSync-VRI[InstrumentationActivityInvoker$EmptyActivity]@79f76ac#10
04-15 09:53:49.950 19868 19868 I VRI[InstrumentationActivityInvoker$EmptyActivity]@79f76ac: Creating new active sync group VRI[InstrumentationActivityInvoker$EmptyActivity]@79f76ac#11
04-15 09:53:49.954 19868 19901 I GSC     : SID[12] : e0e6a6990a1a5e2d, Kind: 1, time : 3.308 ms
04-15 09:53:49.956  1151  1151 I SurfaceFlinger: [LayerHierarchy{RequestedLayerState{8c5cec7 NavigationBar0#91 parentId=18906} 1 children}] reparent to LayerHierarchy{RequestedLayerState{Surface(name=8c5cec7 NavigationBar0)/@0xa68870 - animation-leash of insets_animation#18906 parentId=90} 1 children}
04-15 09:53:49.956  1151  1151 I SurfaceFlinger: [LayerHierarchy{RequestedLayerState{3edafdc StatusBar#95 parentId=18905} 1 children}] reparent to LayerHierarchy{RequestedLayerState{Surface(name=3edafdc StatusBar)/@0x3b919ed - animation-leash of insets_animation#18905 parentId=94} 1 children}
04-15 09:53:49.956  1151  1151 I SurfaceFlinger: [LayerHierarchy{RequestedLayerState{Surface(name=3edafdc StatusBar)/@0x3b919ed - animation-leash of insets_animation#18898} no children}] reparent to OffscreenRoot
04-15 09:53:49.956  1151  1151 I SurfaceFlinger: [LayerHierarchy{RequestedLayerState{Surface(name=3edafdc StatusBar)/@0x3b919ed - animation-leash of insets_animation#18898} no children}] RelativeParent to null
04-15 09:53:49.956  1151  1151 I SurfaceFlinger: [LayerHierarchy{RequestedLayerState{Surface(name=8c5cec7 NavigationBar0)/@0xa68870 - animation-leash of insets_animation#18899} no children}] reparent to OffscreenRoot
04-15 09:53:49.956  1151  1151 I SurfaceFlinger: [LayerHierarchy{RequestedLayerState{Surface(name=8c5cec7 NavigationBar0)/@0xa68870 - animation-leash of insets_animation#18899} no children}] RelativeParent to null
04-15 09:53:49.957 19868 19901 I GSC     : SID[13] : a5d43e0d6582489f, Kind: 0, time : 3.089 ms
04-15 09:53:49.959 19868 19868 D VRI[InstrumentationActivityInvoker$EmptyActivity]@79f76ac: registerCallbacksForSync syncBuffer=false
04-15 09:53:49.959 19868 19913 D VRI[InstrumentationActivityInvoker$EmptyActivity]@79f76ac: Received frameDrawingCallback syncResult=0 frameNum=1.
04-15 09:53:49.960 19868 19913 I VRI[InstrumentationActivityInvoker$EmptyActivity]@79f76ac: mWNT: t=0xb4000074fc526410 mBlastBufferQueue=0xb40000741c5ec010 fn= 1 HdrRenderState mRenderHdrSdrRatio=1.0 caller= android.view.ViewRootImpl$12.onFrameDraw:15441 android.view.ThreadedRenderer$1.onFrameDraw:718 <bottom of call stack>
04-15 09:53:49.960 19868 19913 I VRI[InstrumentationActivityInvoker$EmptyActivity]@79f76ac: Setting up sync and frameCommitCallback
04-15 09:53:49.960  1151  1338 D SurfaceFlinger: [input] setFocusedWindow: 1d38727 com.catfact.app.feature.facts.test/androidx.test.core.app.InstrumentationActivityInvoker$EmptyActivity
04-15 09:53:49.960 19868 19901 I BLASTBufferQueue: [VRI[InstrumentationActivityInvoker$EmptyActivity]@79f76ac#5](f:0,a:0,s:0) onFrameAvailable the first frame is available
04-15 09:53:49.960  1542  2298 D InputDispatcher: Once focus requested (0): 1d38727 com.catfact.app.feature.facts.test/androidx.test.core.app.InstrumentationActivityInvoker$EmptyActivity
04-15 09:53:49.960  1542  2298 D InputDispatcher: Focus request (0): 1d38727 com.catfact.app.feature.facts.test/androidx.test.core.app.InstrumentationActivityInvoker$EmptyActivity but waiting because NOT_VISIBLE
04-15 09:53:49.960 19868 19901 I VRI[InstrumentationActivityInvoker$EmptyActivity]@79f76ac: Received frameCommittedCallback lastAttemptedDrawFrameNum=1 didProduceBuffer=true
04-15 09:53:49.960  1151  1378 I SurfaceFlinger: [com.catfact.app.feature.facts.test/androidx.test.core.app.InstrumentationActivityInvoker$EmptyActivity$_19868#18904] setTransactionState with the first frame. bufferData(ID: 85332410236948, frameNumber: 1)
04-15 09:53:49.961 19868 19901 D HWUI    : CFMS:: SetUp Pid : 19868    Tid : 19901
04-15 09:53:49.961 19868 19868 D VRI[InstrumentationActivityInvoker$EmptyActivity]@79f76ac: reportDrawFinished seqId=0
04-15 09:53:49.961  1542  1585 D SurfaceComposerClient: setCornerRadius ## 1d38727 com.catfact.app.feature.facts.test/androidx.test.core.app.InstrumentationActivityInvoker$EmptyActivity#18903 cornerRadius=0.000000
04-15 09:53:49.962 19868 19901 D HWUI    : HWUI - treat SMPTE_170M as sRGB
04-15 09:53:49.962  1542  1585 D SurfaceComposerClient: setCornerRadius ## 1d38727 com.catfact.app.feature.facts.test/androidx.test.core.app.InstrumentationActivityInvoker$EmptyActivity#18903 cornerRadius=0.000000
04-15 09:53:49.962  1151  1378 I SurfaceFlinger: id=18898 Removed Surface(name=3edafdc StatusBar)/@0x3b919ed - animation-leash of insets_animation#18898 (214)
04-15 09:53:49.962  1151  1378 I SurfaceFlinger: id=18899 Removed Surface(name=8c5cec7 NavigationBar0)/@0xa68870 - animation-leash of insets_animation#18899 (214)
04-15 09:53:49.962 19868 19868 I InsetsSourceConsumer: applyRequestedVisibilityToControl: visible=true, type=statusBars, host=com.catfact.app.feature.facts.test/androidx.test.core.app.InstrumentationActivityInvoker$EmptyActivity
04-15 09:53:49.962  1542  1585 I SemDvfsHyPerManager: acquire hyper - AMS_RESUME_TAIL/1542@22, type = -999
04-15 09:53:49.962  1542  1585 I SemDvfsHyPerManager: acquire hyper - AMS_ACT_LAZY/1542@23, type = -999
04-15 09:53:49.963 19868 19868 I InsetsSourceConsumer: applyRequestedVisibilityToControl: visible=true, type=navigationBars, host=com.catfact.app.feature.facts.test/androidx.test.core.app.InstrumentationActivityInvoker$EmptyActivity
04-15 09:53:49.963  1059  1180 I HYPER-HAL: [RequestManager.cpp]acquire(): Acquired ID : 1223852  [1542 / 22]    HINT : AMS_RESUME_TAIL    list :
04-15 09:53:49.963 19868 19868 I ImeFocusController: onPreWindowFocus: skipped hasWindowFocus=false mHasImeFocus=true
04-15 09:53:49.963  1151  2479 I SurfaceFlinger: id=18907 createSurf, flag=84004, Transition Root: ActivityRecord{191769299 u0 com.catfact.app.feature.facts.test/androidx.test.core.app.InstrumentationActivityInvoker$EmptyActivity t3883}#18907
04-15 09:53:49.963 19868 19868 I ImeFocusController: onPostWindowFocus: skipped hasWindowFocus=false mHasImeFocus=true
04-15 09:53:49.963  1059  1180 I HYPER-HAL: [RequestManager.cpp]releaseLocked(): Released ID : 1220723
04-15 09:53:49.964  1151  1151 I SurfaceFlinger: destroyed Surface(name=3edafdc StatusBar)/@0x3b919ed - animation-leash of insets_animation#18898
04-15 09:53:49.964  1151  1151 I SurfaceFlinger: destroyed Surface(name=8c5cec7 NavigationBar0)/@0xa68870 - animation-leash of insets_animation#18899
04-15 09:53:49.964  1151  1151 I SurfaceFlinger: [Transition Root: ActivityRecord{191769299 u0 com.catfact.app.feature.facts.test/androidx.test.core.app.InstrumentationActivityInvoker$EmptyActivity t3883}#18907] attach to parent LayerHierarchy{RequestedLayerState{Task=3883#18887 parentId=10 z=13} 3 children}
04-15 09:53:49.964  1542  1585 I SurfaceControlRegistry: show, t=StartTransaction_SyncId<1686> sc=ActivityRecord{191769299 u0 com.catfact.app.feature.facts.test/androidx.test.core.app.InstrumentationActivityInvoker$EmptyActivity t3883}, caller=android.view.SurfaceControl$Transaction.show:3557 com.android.server.wm.Transition.onTransactionReady:2048 com.android.server.wm.BLASTSyncEngine$SyncGroup.finishNow:240 com.android.server.wm.BLASTSyncEngine.onSurfacePlacement:263 com.android.server.wm.RootWindowContainer.performSurfacePlacementNoTrace:1083 com.android.server.wm.WindowSurfacePlacer.performSurfacePlacement:166
04-15 09:53:49.964  1542  1585 D SurfaceComposerClient: setCornerRadius ## ActivityRecord{55680084 u0 com.catfact.app.feature.facts.test/androidx.activity.ComponentActivity t3883}#18888 cornerRadius=0.000000
04-15 09:53:49.964  1542  1585 D SurfaceComposerClient: setCornerRadius ## ActivityRecord{191769299 u0 com.catfact.app.feature.facts.test/androidx.test.core.app.InstrumentationActivityInvoker$EmptyActivity t3883}#18902 cornerRadius=0.000000
04-15 09:53:49.964  1151  1151 I Layer   : id=18898 Destroyed Surface(name=3edafdc StatusBar)/@0x3b919ed - animation-leash of insets_animation#18898
04-15 09:53:49.964  1151  1151 I Layer   : id=18899 Destroyed Surface(name=8c5cec7 NavigationBar0)/@0xa68870 - animation-leash of insets_animation#18899
04-15 09:53:49.965  1542  1581 I ActivityTaskManager: Displayed com.catfact.app.feature.facts.test/androidx.test.core.app.InstrumentationActivityInvoker$EmptyActivity for user 0: +52ms
04-15 09:53:49.965  1542  1585 D SurfaceComposerClient: setCornerRadius ## 1d38727 com.catfact.app.feature.facts.test/androidx.test.core.app.InstrumentationActivityInvoker$EmptyActivity#18903 cornerRadius=0.000000
04-15 09:53:49.965  3152  3152 E pageboostd: Received HALT command code 2
04-15 09:53:49.965  1542  1585 D SurfaceComposerClient: setCornerRadius ## 1d38727 com.catfact.app.feature.facts.test/androidx.test.core.app.InstrumentationActivityInvoker$EmptyActivity#18903 cornerRadius=0.000000
04-15 09:53:49.966  2000  2000 D NavigationBar: onSystemBarAttributesChanged() -  displayId:0, appearance:0, packageName: com.catfact.app.feature.facts.test, navbarColorManagedByIme:false
04-15 09:53:49.966  2000  2000 D SamsungLightBarControlHelper: updateNavigationBar (WHITE button) isLightOpaque:false, hasLightNavigationBarFlag:false, packageName:com.catfact.app.feature.facts.test, DirectReplying:false, NavBarColorMangedByIme:false, ForceDarkForScrim:false, ForceLightForScrim:false, QsCustomizing:false, QsExpanded:false
04-15 09:53:49.967  1151  2479 I SurfaceFlinger: id=18908 createSurf, flag=84000, 84b50d ActivityRecordInputSink com.catfact.app.feature.facts.test/androidx.test.core.app.InstrumentationActivityInvoker$EmptyActivity#18908
04-15 09:53:49.968  2000  2105 I SurfaceControlRegistry: hide, t=FinishTransaction_SyncId<1686> sc=ActivityRecord{55680084 u0 com.catfact.app.feature.facts.test/androidx.activity.ComponentActivity t3883}, caller=android.view.SurfaceControl$Transaction.hide:3583 com.android.wm.shell.transition.Transitions.dispatchReady:1263 com.android.wm.shell.transition.Transitions.onTransitionReady:251 com.android.wm.shell.transition.Transitions$TransitionPlayerImpl$$ExternalSyntheticLambda0.run:13 android.os.Handler.handleCallback:995 android.os.Handler.dispatchMessage:103
04-15 09:53:49.968  2000  2105 I SurfaceControlRegistry: show, t=StartTransaction_SyncId<1686> sc=ActivityRecord{191769299 u0 com.catfact.app.feature.facts.test/androidx.test.core.app.InstrumentationActivityInvoker$EmptyActivity t3883}, caller=android.view.SurfaceControl$Transaction.show:3557 com.android.wm.shell.transition.Transitions.dispatchReady:1279 com.android.wm.shell.transition.Transitions.onTransitionReady:251 com.android.wm.shell.transition.Transitions$TransitionPlayerImpl$$ExternalSyntheticLambda0.run:13 android.os.Handler.handleCallback:995 android.os.Handler.dispatchMessage:103
04-15 09:53:49.968  2000  2105 I SurfaceControlRegistry: show, t=FinishTransaction_SyncId<1686> sc=ActivityRecord{191769299 u0 com.catfact.app.feature.facts.test/androidx.test.core.app.InstrumentationActivityInvoker$EmptyActivity t3883}, caller=android.view.SurfaceControl$Transaction.show:3557 com.android.wm.shell.transition.Transitions.dispatchReady:1330 com.android.wm.shell.transition.Transitions.onTransitionReady:251 com.android.wm.shell.transition.Transitions$TransitionPlayerImpl$$ExternalSyntheticLambda0.run:13 android.os.Handler.handleCallback:995 android.os.Handler.dispatchMessage:103
04-15 09:53:49.968  2000  2105 I SurfaceControlRegistry: show, t=StartTransaction_SyncId<1686> sc=Transition Root: ActivityRecord{191769299 u0 com.catfact.app.feature.facts.test/androidx.test.core.app.InstrumentationActivityInvoker$EmptyActivity t3883}, caller=android.view.SurfaceControl$Transaction.show:3557 com.android.wm.shell.transition.Transitions.playTransition:79 com.android.wm.shell.transition.Transitions.processReadyQueue:239 com.android.wm.shell.transition.Transitions.dispatchReady:1352 com.android.wm.shell.transition.Transitions.onTransitionReady:251 com.android.wm.shell.transition.Transitions$TransitionPlayerImpl$$ExternalSyntheticLambda0.run:13
04-15 09:53:49.968  2000  2105 I SurfaceControlRegistry: apply, t=StartTransaction_SyncId<1686>, caller=android.view.SurfaceControl$Transaction.apply:3459 android.view.SurfaceControl$Transaction.apply:3447 android.view.SurfaceControl$Transaction.apply:3397 com.android.wm.shell.transition.DefaultTransitionHandler.startAnimation:3387 com.android.wm.shell.transition.Transitions.dispatchTransition:90 com.android.wm.shell.transition.Transitions.playTransition:774
04-15 09:53:49.969 19868 19868 I View    : setRequestedFrameRate frameRate=NaN, this=androidx.compose.ui.platform.AndroidComposeView{e90ec34 VFED..... ........ 0,0-720,1544 aid=1073741824}, caller=android.view.ViewGroup.setRequestedFrameRate:9952 androidx.compose.ui.platform.Api35Impl.setRequestedFrameRate:3822 androidx.compose.ui.platform.AndroidComposeView.dispatchDraw:2114 android.view.View.draw:26345 android.view.View.updateDisplayListIfDirty:25175
04-15 09:53:49.969 19868 19868 I View    : setRequestedFrameRate frameRate=NaN, this=android.view.View{dace24c V.ED..... ........ 0,0-0,0}, caller=androidx.compose.ui.platform.Api35Impl.setRequestedFrameRate:3822 androidx.compose.ui.platform.AndroidComposeView.dispatchDraw:2115 android.view.View.draw:26345 android.view.View.updateDisplayListIfDirty:25175 android.view.ViewGroup.recreateChildDisplayList:4794
04-15 09:53:49.969  2000  2105 I SurfaceControlRegistry: apply, t=FinishTransaction_SyncId<1686>, caller=android.view.SurfaceControl$Transaction.apply:3459 android.view.SurfaceControl$Transaction.apply:3447 android.view.SurfaceControl$Transaction.apply:3397 com.android.wm.shell.transition.Transitions.onFinish:315 com.android.wm.shell.transition.Transitions$$ExternalSyntheticLambda7.onTransitionFinished:12 com.android.wm.shell.transition.DefaultTransitionHandler$$ExternalSyntheticLambda2.run:36
04-15 09:53:49.970 19868 19868 I VRI[ComponentActivity]@231a66e: handleAppVisibility mAppVisible = true visible = false
04-15 09:53:49.970 19868 19868 D VRI[ComponentActivity]@231a66e: visibilityChanged oldVisibility=true newVisibility=false
04-15 09:53:49.973  1151  1151 I SurfaceFlinger: RequestedLayer [ActivityRecord{191769299 u0 com.catf[...]tyInvoker$EmptyActivity t3883}#18902] hidden!! flag  from(1) --> to(0)
04-15 09:53:49.973  1151  1151 E SurfaceFlinger: alpha changed 1.000 -> 0.000 - ActivityRecord{191769299 u0 com.catfact.app.feature.facts.test/androidx.test.core.app.InstrumentationActivityInvoker$EmptyActivity t3883}#18902
04-15 09:53:49.973  1151  1151 I SurfaceFlinger: RequestedLayer [1d38727 com.catfact.app.feature.fact[...]nActivityInvoker$EmptyActivity#18903] hidden!! flag  from(1) --> to(0)
04-15 09:53:49.973  1151  1151 I SurfaceFlinger: RequestedLayer [com.catfact.app.feature.facts.test/a[...]tyInvoker$EmptyActivity$_19868#18904] hidden!! flag  from(1) --> to(0)
04-15 09:53:49.973  1151  1151 I SurfaceFlinger: RequestedLayer [Transition Root: ActivityRecord{1917[...]tyInvoker$EmptyActivity t3883}#18907] hidden!! flag  from(1) --> to(0)
04-15 09:53:49.973  1151  1151 I SurfaceFlinger: RequestedLayer [ActivityRecord{55680084 u0 com.catfa[...]ivity.ComponentActivity t3883}#18888] hidden!! flag  from(0) --> to(1)
04-15 09:53:49.973  1151  1151 E SurfaceFlinger: alpha changed 0.000 -> 1.000 - ActivityRecord{191769299 u0 com.catfact.app.feature.facts.test/androidx.test.core.app.InstrumentationActivityInvoker$EmptyActivity t3883}#18902
04-15 09:53:49.973  1151  1151 I SurfaceFlinger: [Display 0 name="Built-in Screen"#49] setFrameRateCategory: Default
04-15 09:53:49.973  1151  1151 I SurfaceFlinger: [LayerHierarchy{RequestedLayerState{Transition Root: ActivityRecord{191769299 u0 com.catfact.app.feature.facts.test/androidx.test.core.app.InstrumentationActivityInvoker$EmptyActivity t3883}#18907 z=1} no children}] reparent to OffscreenRoot
04-15 09:53:49.973  1151  1151 I SurfaceFlinger: [LayerHierarchy{RequestedLayerState{Transition Root: ActivityRecord{191769299 u0 com.catfact.app.feature.facts.test/androidx.test.core.app.InstrumentationActivityInvoker$EmptyActivity t3883}#18907 z=1} no children}] RelativeParent to null
04-15 09:53:49.973  1151  1151 I SurfaceFlinger: [LayerHierarchy{RequestedLayerState{ActivityRecord{55680084 u0 com.catfact.app.feature.facts.test/androidx.activity.ComponentActivity t3883}#18888 parentId=18887} 3 children}] reparent to LayerHierarchy{RequestedLayerState{Task=3883#18887 parentId=10 z=13} 2 children}
04-15 09:53:49.973  1151  1151 I SurfaceFlinger: [LayerHierarchy{RequestedLayerState{ActivityRecord{191769299 u0 com.catfact.app.feature.facts.test/androidx.test.core.app.InstrumentationActivityInvoker$EmptyActivity t3883}#18902 parentId=18887 z=1} 1 children}] reparent to LayerHierarchy{RequestedLayerState{Task=3883#18887 parentId=10 z=13} 2 children}
04-15 09:53:49.973  1151  1151 I SurfaceFlinger: [84b50d ActivityRecordInputSink com.catfact.app.feature.facts.test/androidx.test.core.app.InstrumentationActivityInvoker$EmptyActivity#18908] attach to parent LayerHierarchy{RequestedLayerState{ActivityRecord{191769299 u0 com.catfact.app.feature.facts.test/androidx.test.core.app.InstrumentationActivityInvoker$EmptyActivity t3883}#18902 parentId=18887 z=1} 2 children}
04-15 09:53:49.974  2000  2000 D SystemUIService: SYSUI_RAM_OPTIMIZATION onTrimMemory=20
04-15 09:53:49.974  2000  2000 D CentralSurfaces: SYSUI_RAM_OPTIMIZATION onTrimMemory=20
04-15 09:53:49.974  2000  2196 D HWUI    : CacheManager::trimMemory(20)
04-15 09:53:49.975 19868 19901 D HWUI    : endAllActiveAnimators on 0xb40000748c545ec0 (UnprojectedRipple) with handle 0xb40000755c53b330
04-15 09:53:49.975  2000  2000 D SystemUIService: SYSUI_RAM_OPTIMIZATION onTrimMemory=20
04-15 09:53:49.975  2000  2000 D CentralSurfaces: SYSUI_RAM_OPTIMIZATION onTrimMemory=20
04-15 09:53:49.975  2000  2196 D HWUI    : CacheManager::trimMemory(20)
04-15 09:53:49.975  1542  2472 I WindowManager: Relayout Window{ab5d2e4 u0 com.catfact.app.feature.facts.test/androidx.activity.ComponentActivity}: viewVisibility=8 req=720x1544 ty=1 d0
04-15 09:53:49.975  1542  2472 D SurfaceComposerClient: setCornerRadius ## 1d38727 com.catfact.app.feature.facts.test/androidx.test.core.app.InstrumentationActivityInvoker$EmptyActivity#18903 cornerRadius=0.000000
04-15 09:53:49.976  1542  2472 D SurfaceComposerClient: setCornerRadius ## 1d38727 com.catfact.app.feature.facts.test/androidx.test.core.app.InstrumentationActivityInvoker$EmptyActivity#18903 cornerRadius=0.000000
04-15 09:53:49.977  1542  2472 I WindowManager: Relayout hash=ab5d2e4, pid=19868, syncId=-1: mAttrs={(0,0)(fillxfill) sim={adjust=pan forwardNavigation} layoutInDisplayCutoutMode=always ty=BASE_APPLICATION wanim=0x1030317
04-15 09:53:49.977  1542  2472 I WindowManager:   fl=81810100
04-15 09:53:49.977  1542  2472 I WindowManager:   pfl=100088c0
04-15 09:53:49.977  1542  2472 I WindowManager:   apr=210
04-15 09:53:49.977  1542  2472 I WindowManager:   bhv=1
04-15 09:53:49.977  1542  2472 I WindowManager:   fitSides=0
04-15 09:53:49.977  1542  2472 I WindowManager:   frameRateBoostOnTouch=true
04-15 09:53:49.977  1542  2472 I WindowManager:   dvrrWindowFrameRateHint=true naviIconColor=0}
04-15 09:53:49.977  2000  2125 D StackScroller: onDisplayChanged for predraw skip to 2
04-15 09:53:49.978 19868 19868 I VRI[ComponentActivity]@231a66e: Relayout returned: old=(0,0,720,1544) new=(0,0,720,1544) relayoutAsync=false req=(720,1544)8 dur=3 res=0x2 s={false 0x0} ch=true seqId=0
04-15 09:53:49.978 19868 19868 D VRI[ComponentActivity]@231a66e: Not drawing due to not visible. Reason=!mAppVisible && !mForceDecorViewVisibility
04-15 09:53:49.978  1151  2479 I SurfaceFlinger: id=18907 Removed Transition Root: ActivityRecord{191769299 u0 com.catfact.app.feature.facts.test/androidx.test.core.app.InstrumentationActivityInvoker$EmptyActivity t3883}#18907 (214)
04-15 09:53:49.978  2000  2000 D DisplayLifecycle: updateDisplay id = 0
04-15 09:53:49.978  2461  4432 I HoneySpace.Memory-Monitor: current state = 2, didTrim = false
04-15 09:53:49.982  1151  1151 D SurfaceFlinger: Display 4633128672291735999 HWC layers:
04-15 09:53:49.982  1151  1151 D SurfaceFlinger:        DEVICE |           85332410236948 | 00002102 | RGBA_8888    |    0.0    0.0  720.0 1544.0 |    0    0  720 1544 | com.catfact.app.feature.facts.test/a[...]tyInvoker$EmptyActivity$_19868#18904 (1)
04-15 09:53:49.982  1151  1151 D SurfaceFlinger:        DEVICE |            8589934654704 | 00002100 | RGBA_8888    |    0.0    0.0  720.0   50.0 |    0    0  720   50 | StatusBar$_2000#102 (26535)
04-15 09:53:49.982  1151  1151 D SurfaceFlinger:        DEVICE |           10569914518889 | 00002100 | RGBA_8888    |    0.0    0.0   67.0  353.0 |  653  192  720  545 | com.sec.android.app.launcher/com.sam[...]l.app.CocktailBarService$_2461#16495 (1)
04-15 09:53:49.982  1151  1151 D SurfaceFlinger:        DEVICE |            8589934654692 | 00002100 | RGBA_8888    |    0.0    0.0  720.0   90.0 |    0 1454  720 1544 | NavigationBar0$_2000#98 (17306)
04-15 09:53:49.982  1151  1151 D SurfaceFlinger:
04-15 09:53:49.982  2000  2105 D ShellDesktopMode: handleRequest: TransitionRequestInfo {type=2, tid=3883, debugId=1687}
04-15 09:53:49.982  1542  2472 D InputDispatcher: Focus entered window (0): 1d38727 com.catfact.app.feature.facts.test/androidx.test.core.app.InstrumentationActivityInvoker$EmptyActivity
04-15 09:53:49.983  1151  1151 I SurfaceFlinger: RequestedLayer [com.catfact.app.feature.facts.test/a[...]ivity.ComponentActivity$_19868#18895] hidden!! flag  from(0) --> to(1)
04-15 09:53:49.983  1151  1151 I SurfaceFlinger: destroyed Transition Root: ActivityRecord{191769299 u0 com.catfact.app.feature.facts.test/androidx.test.core.app.InstrumentationActivityInvoker$EmptyActivity t3883}#18907
04-15 09:53:49.983 19868 19868 D ConnectivityManager: StackLog: [android.net.ConnectivityManager.unregisterNetworkCallback(ConnectivityManager.java:5575)] [com.catfact.app.core.designsystem.util.ConnectivityObserver$observe$1.invokeSuspend$lambda$1(ConnectivityObserver.kt:43)] [com.catfact.app.core.designsystem.util.ConnectivityObserver$observe$1$$ExternalSyntheticLambda0.invoke(D8$$SyntheticClass:0)] [kotlinx.coroutines.channels.ProduceKt.awaitClose(Produce.kt:69)] [kotlinx.coroutines.channels.ProduceKt$awaitClose$1.invokeSuspend(Unknown Source:13)] [kotlin.coroutines.jvm.internal.BaseContinuationImpl.resumeWith(ContinuationImpl.kt:34)] [androidx.compose.ui.test.ApplyingContinuationInterceptor$SendApplyContinuation.resumeWith(ApplyingContinuationInterceptor.kt:52)] [androidx.compose.ui.test.FrameDeferringContinuationInterceptor$FrameDeferredContinuation.resumeWith(FrameDeferringContinuationInterceptor.jvm.kt:187)] [kotlinx.coroutines.DispatchedTaskKt.resume(DispatchedTask.kt:165)] [kotlinx.coroutines.DispatchedTaskKt.dispatch(DispatchedTask.kt:154)] [kotlinx.coroutines.CancellableContinuationImpl.dispatchResume(CancellableContinuationImpl.kt:470)] [kotlinx.coroutines.CancellableContinuationImpl.cancel(CancellableContinuationImpl.kt:214)] [kotlinx.coroutines.CancellableContinuationImpl.parentCancelled$kotlinx_coroutines_core(CancellableContinuationImpl.kt:221)] [kotlinx.coroutines.ChildContinuation.invoke(CancellableContinuationImpl.kt:698)] [kotlinx.coroutines.JobSupport.notifyCancelling(JobSupport.kt:1604)] [kotlinx.coroutines.JobSupport.tryMakeCancelling(JobSupport.kt:826)] [kotlinx.coroutines.JobSupport.makeCancelling(JobSupport.kt:786)] [kotlinx.coroutines.JobSupport.cancelImpl$kotlinx_coroutines_core(JobSupport.kt:702)] [kotlinx.coroutines.JobSupport.parentCancelled(JobSupport.kt:668)] [kotlinx.coroutines.ChildHandleNode.invoke(JobSupport.kt:1580)] [kotlinx.coroutines.JobSupport.notifyCancelling(JobSupport.kt:1604)] [kotlinx.coroutines.JobSupport.tryMakeCancelling(JobSupport.kt:826)] [kotlinx.coroutines.JobSupport.makeCancelling(JobSupport.kt:786)] [kotlinx.coroutines.JobSupport.cancelImpl$kotlinx_coroutines_core(JobSupport.kt:702)] [kotlinx.coroutines.JobSupport.parentCancelled(JobSupport.kt:668)] [kotlinx.coroutines.ChildHandleNode.invoke(JobSupport.kt:1580)] [kotlinx.coroutines.JobSupport.notifyCancelling(JobSupport.kt:1604)] [kotlinx.coroutines.JobSupport.tryMakeCancelling(JobSupport.kt:826)] [kotlinx.coroutines.JobSupport.makeCancelling(JobSupport.kt:786)] [kotlinx.coroutines.JobSupport.cancelImpl$kotlinx_coroutines_core(JobSupport.kt:702)] [kotlinx.coroutines.JobSupport.parentCancelled(JobSupport.kt:668)] [kotlinx.coroutines.ChildHandleNode.invoke(JobSupport.kt:1580)] [kotlinx.coroutines.JobSupport.notifyCancelling(JobSupport.kt:1604)] [kotlinx.coroutines.JobSupport.tryMakeCancelling(JobSupport.kt:826)] [kotlinx.coroutines.JobSupport.makeCancelling(JobSupport.kt:786)] [kotlinx.coroutines.JobSupport.cancelImpl$kotlinx_coroutines_core(JobSupport.kt:702)] [kotlinx.coroutines.JobSupport.parentCancelled(JobSupport.kt:668)] [kotlinx.coroutines.ChildHandleNode.invoke(JobSupport.kt:1580)] [kotlinx.coroutines.JobSupport.notifyCancelling(JobSupport.kt:1604)] [kotlinx.coroutines.JobSupport.tryMakeCancelling(JobSupport.kt:826)] [kotlinx.coroutines.JobSupport.makeCancelling(JobSupport.kt:786)] [kotlinx.coroutines.JobSupport.cancelImpl$kotlinx_coroutines_core(JobSupport.kt:702)] [kotlinx.coroutines.JobSupport.parentCancelled(JobSupport.kt:668)] [kotlinx.coroutines.ChildHandleNode.invoke(JobSupport.kt:1580)] [kotlinx.coroutines.JobSupport.notifyCancelling(JobSupport.kt:1604)] [kotlinx.coroutines.JobSupport.tryMakeCancelling(JobSupport.kt:826)] [kotlinx.coroutines.JobSupport.makeCancelling(JobSupport.kt:786)] [kotlinx.coroutines.JobSupport.cancelImpl$kotlinx_coroutines_core(JobSupport.kt:702)] [kotlinx.coroutines.JobSupport.cancelInternal(JobSupport.kt:663)] [kotlinx.coroutines.JobSupport.cancel(JobSupport.kt:648)] [kotlinx.coroutines.Job$DefaultImpls.cancel$default(Job.kt:192)] [androidx.lifecycle.RepeatOnLifecycleKt$repeatOnLi
04-15 09:53:49.984 19868 19868 I VRI[ComponentActivity]@231a66e: stopped(true) old = false
04-15 09:53:49.984 19868 19868 D VRI[ComponentActivity]@231a66e: WindowStopped on com.catfact.app.feature.facts.test/androidx.activity.ComponentActivity set to true
04-15 09:53:49.985 19868 19868 D LifecycleMonitor: Lifecycle status change: androidx.activity.ComponentActivity@1ec813b in: STOPPED
04-15 09:53:49.985 19868 19868 V ActivityScenario: Update currentActivityStage to STOPPED, currentActivity=androidx.activity.ComponentActivity@1ec813b
04-15 09:53:49.985  1151  1151 I Layer   : id=18907 Destroyed Transition Root: ActivityRecord{191769299 u0 com.catfact.app.feature.facts.test/androidx.test.core.app.InstrumentationActivityInvoker$EmptyActivity t3883}#18907
04-15 09:53:49.991  1151  1151 I SurfaceFlinger: [Display 0 name="Built-in Screen"#49] setFrameRateCategory: High
04-15 09:53:49.993  1151  1151 I BpBinder: onLastStrongRef automatically unlinking death recipients:
04-15 09:53:49.994  2461  4418 I HoneySpace.RecentTasks: onRecentTasksChanged
04-15 09:53:49.994  2461  2584 I HoneySpace.TopTaskSource: onTaskMovedToFront : taskId = 3514, displayId = 0
04-15 09:53:49.994  2461  2584 I HoneySpace.TopTaskSource: onTaskMovedToFront : taskId = 3801, displayId = 0
04-15 09:53:49.995  2461  2586 I HoneySpace.TopTaskUseCase: topTasks 3514 ComponentInfo{com.sec.android.app.launcher/com.sec.android.app.launcher.Launcher}[displayId=0]
04-15 09:53:49.995  2461  2586 I HoneySpace.TopTaskUseCase: topTasks 3801 ComponentInfo{com.google.android.calendar/com.google.android.calendar.allinone.AllInOneCalendarActivity}[displayId=0]
04-15 09:53:49.997  2461  4432 I HoneySpace.Memory-Monitor: current state = 2, didTrim = false
04-15 09:53:49.997 19868 19868 W WindowOnBackDispatcher: sendCancelIfRunning: isInProgress=false callback=android.app.Activity$$ExternalSyntheticLambda0@7d5bb7a
04-15 09:53:49.997 19868 19868 D LifecycleMonitor: Lifecycle status change: androidx.activity.ComponentActivity@1ec813b in: DESTROYED
04-15 09:53:49.997 19868 19868 V ActivityScenario: Update currentActivityStage to DESTROYED, currentActivity=null
04-15 09:53:49.998 19868 19868 D ViewRootImpl: Skipping stats log for color mode
04-15 09:53:49.998 19868 19868 I VRI[ComponentActivity]@231a66e: dispatchDetachedFromWindow
04-15 09:53:49.998  1542  2472 D InputTransport: Input channel destroyed: 'ab5d2e4', fd=1433
04-15 09:53:49.999  1151  1378 I SurfaceFlinger: id=18909 createSurf, flag=24004, Surface(name=1d7a05f InputMethod)/@0x5f77a9d - animation-leash of insets_animation#18909
04-15 09:53:50.000  1151  1151 I SurfaceFlinger: [Surface(name=1d7a05f InputMethod)/@0x5f77a9d - animation-leash of insets_animation#18909] attach to parent LayerHierarchy{RequestedLayerState{WindowToken{d080c22 type=2011 android.os.Binder@459a5ed}#120 parentId=15} 2 children}
04-15 09:53:50.000  2000  2000 D DisplayLifecycle: updateDisplay id = 0
04-15 09:53:50.001  2000  2125 D StackScroller: onDisplayChanged for predraw skip to 2
04-15 09:53:50.001  1542  2103 D InputDispatcher: Focus left window (0): 1d38727 com.catfact.app.feature.facts.test/androidx.test.core.app.InstrumentationActivityInvoker$EmptyActivity
04-15 09:53:50.001  1542  2472 I ImeTracker: system_server:d0d80f84: onRequestHide at ORIGIN_SERVER reason IME_REQUESTED_CHANGED_LISTENER fromUser false
04-15 09:53:50.001  1542  1584 I ImeTracker: system_server:d0d80f84: onCancelled at PHASE_SERVER_SHOULD_HIDE
04-15 09:53:50.002 19868 19868 D InputTransport: Input channel destroyed: 'ab5d2e4', fd=128
04-15 09:53:50.004 19868 19868 D LifecycleMonitor: Lifecycle status change: androidx.test.core.app.InstrumentationActivityInvoker$EmptyActivity@e64e767 in: PAUSED
04-15 09:53:50.004  1151  1199 I SurfaceFlinger: id=18894 Removed fcc0066 ActivityRecordInputSink com.catfact.app.feature.facts.test/androidx.activity.ComponentActivity#18894 (214)
04-15 09:53:50.004 19868 19868 V ActivityScenario: Activity lifecycle changed event received but ignored because the intent does not match. startActivityIntent=Intent { act=android.intent.action.MAIN cat=[android.intent.category.LAUNCHER] flg=0x10008000 cmp=com.catfact.app.feature.facts.test/androidx.activity.ComponentActivity }, activity.getIntent()=Intent { act=android.intent.action.MAIN cat=[android.intent.category.LAUNCHER] flg=0x10000000 xflg=0x4 cmp=com.catfact.app.feature.facts.test/androidx.test.core.app.InstrumentationActivityInvoker$EmptyActivity }, activity=androidx.test.core.app.InstrumentationActivityInvoker$EmptyActivity@e64e767
04-15 09:53:50.004  1542  2298 I SemDvfsHyPerManager: acquire hyper - AMS_ACT_RESUME/1542@19, type = -999
04-15 09:53:50.006  1542  2298 D InputDispatcher: Focused application(0): ActivityRecord{243114305 u0 com.google.android.calendar/.allinone.AllInOneCalendarActivity t3801}
04-15 09:53:50.006  1542  1825 D AS.MultiSoundManager: mForegroundUid = 10279
04-15 09:53:50.006  2000  2120 D ViewRootImpl: desktopMode is false
04-15 09:53:50.006  2000  2120 I ViewRootImpl: dVRR is disabled
04-15 09:53:50.007 19868 19868 I ImeFocusController: onPreWindowFocus: skipped hasWindowFocus=false mHasImeFocus=true
04-15 09:53:50.008 19868 19868 I ImeFocusController: onPostWindowFocus: skipped hasWindowFocus=false mHasImeFocus=true
04-15 09:53:50.009  2000  2196 D NativeCustomFrequencyManager: [NativeCFMS] BpCustomFrequencyManager::BpCustomFrequencyManager()
04-15 09:53:50.009  1542  1582 D PkgPredictorService-SecIpmManagerServiceImpl: onForegroundActivitiesChanged pid:3979 uid:10279
04-15 09:53:50.009  1542  1582 D NetworkPolicy: already checked 10279
