04-15 09:53:49.169 19868 19888 I TestRunner: started: errorBannerIsDisplayedAndDismissible(com.catfact.app.feature.facts.presentation.FactsScreenTest)
04-15 09:53:49.171 19868 19868 D ViewRootImpl: Skipping stats log for color mode
04-15 09:53:49.171 19868 19868 I VRI[InstrumentationActivityInvoker$EmptyActivity]@fbf0ae0: dispatchDetachedFromWindow
04-15 09:53:49.172  1542  2472 D InputTransport: Input channel destroyed: 'c1bf43b', fd=1041
04-15 09:53:49.173  1542  2472 D SurfaceComposerClient: setCornerRadius ## a8267cf com.google.android.calendar/com.google.android.calendar.allinone.AllInOneCalendarActivity#18878 cornerRadius=0.000000
04-15 09:53:49.173  1542  2472 D SurfaceComposerClient: setCornerRadius ## a8267cf com.google.android.calendar/com.google.android.calendar.allinone.AllInOneCalendarActivity#18878 cornerRadius=0.000000
04-15 09:53:49.174 19868 19868 D InputTransport: Input channel destroyed: 'c1bf43b', fd=147
04-15 09:53:49.175  1151  2758 I SurfaceFlinger: id=18872 Removed d210541 ActivityRecordInputSink com.catfact.app.feature.facts.test/androidx.test.core.app.InstrumentationActivityInvoker$EmptyActivity#18872 (207)
04-15 09:53:49.176  1151  2758 I SurfaceFlinger: id=18886 createSurf, flag=24004, Task=3882#18886
04-15 09:53:49.180  2461  2461 I HoneySpace.TaskStackChangeRepositoryImpl: onTaskRemoved : 3882
04-15 09:53:49.181  2461  2461 I HoneySpace.TaskStackChangeRepositoryImpl: onTaskRemoved : 3882
04-15 09:53:49.183  1151  1151 I SurfaceFlinger: [LayerHierarchy{RequestedLayerState{Task=3882#18851 z=12} 1 children}] reparent to OffscreenRoot
04-15 09:53:49.183  1151  1151 I SurfaceFlinger: [LayerHierarchy{RequestedLayerState{Task=3882#18851 z=12} 1 children}] RelativeParent to null
04-15 09:53:49.183  1151  1151 I SurfaceFlinger: [LayerHierarchy{RequestedLayerState{ActivityRecord{145905703 u0 com.catfact.app.feature.facts.test/androidx.test.core.app.InstrumentationActivityInvoker$EmptyActivity t3882}#18866} 2 children}] reparent to OffscreenRoot
04-15 09:53:49.183  1151  1151 I SurfaceFlinger: [LayerHierarchy{RequestedLayerState{ActivityRecord{145905703 u0 com.catfact.app.feature.facts.test/androidx.test.core.app.InstrumentationActivityInvoker$EmptyActivity t3882}#18866} 2 children}] RelativeParent to null
04-15 09:53:49.183  1151  1151 I SurfaceFlinger: [LayerHierarchy{RequestedLayerState{c1bf43b com.catfact.app.feature.facts.test/androidx.test.core.app.InstrumentationActivityInvoker$EmptyActivity#18867} 1 children}] reparent to OffscreenRoot
04-15 09:53:49.183  1151  1151 I SurfaceFlinger: [LayerHierarchy{RequestedLayerState{c1bf43b com.catfact.app.feature.facts.test/androidx.test.core.app.InstrumentationActivityInvoker$EmptyActivity#18867} 1 children}] RelativeParent to null
04-15 09:53:49.183  1151  1151 I SurfaceFlinger: [LayerHierarchy{RequestedLayerState{com.catfact.app.feature.facts.test/androidx.test.core.app.InstrumentationActivityInvoker$EmptyActivity$_19868#18868} no children}] reparent to OffscreenRoot
04-15 09:53:49.183  1151  1151 I SurfaceFlinger: [LayerHierarchy{RequestedLayerState{com.catfact.app.feature.facts.test/androidx.test.core.app.InstrumentationActivityInvoker$EmptyActivity$_19868#18868} no children}] RelativeParent to null
04-15 09:53:49.183  1151  1151 I SurfaceFlinger: [Task=3882#18886] attach to parent OffscreenRoot
04-15 09:53:49.183  2461  2584 I HoneySpace.TopTaskSource: onTaskRemoved: 3882
04-15 09:53:49.184  2461  2461 I HoneySpace.TaskListViewModel[173795743]: taskRemoveId, 3882
04-15 09:53:49.185  2461  2461 W HoneySpace.TaskListViewModel[173795743]: task is already removed: 3882
04-15 09:53:49.185  1151  1151 I SurfaceFlinger: id=18886 Removed Task=3882#18886 (208)
04-15 09:53:49.185  2461  2584 I HoneySpace.TopTaskSource: onTaskRemoved: 3882
04-15 09:53:49.185  1151  1151 I SurfaceFlinger: id=18867 Removed c1bf43b com.catfact.app.feature.facts.test/androidx.test.core.app.InstrumentationActivityInvoker$EmptyActivity#18867 (208)
04-15 09:53:49.185  1151  1151 I SurfaceFlinger: id=18868 Removed com.catfact.app.feature.facts.test/androidx.test.core.app.InstrumentationActivityInvoker$EmptyActivity$_19868#18868 (208)
04-15 09:53:49.187 19868 19888 D IdlingRegistry: Registering idling resources: [androidx.compose.ui.test.EspressoLink@3fd7527]
04-15 09:53:49.188  2461  4179 I HoneySpace.RecentTasks: onRunningTaskVanished
04-15 09:53:49.189  2461  4432 I HoneySpace.RecentTasks: onRecentTasksChanged
04-15 09:53:49.190  1151  1151 I SurfaceFlinger: destroyed c1bf43b com.catfact.app.feature.facts.test/androidx.test.core.app.InstrumentationActivityInvoker$EmptyActivity#18867
04-15 09:53:49.191  1151  1151 I SurfaceFlinger: destroyed Task=3882#18886
04-15 09:53:49.191  1151  1151 I SurfaceFlinger: destroyed com.catfact.app.feature.facts.test/androidx.test.core.app.InstrumentationActivityInvoker$EmptyActivity$_19868#18868
04-15 09:53:49.191  2461  2461 I HoneySpace.TaskListViewModel[173795743]: taskRemoveId, 3882
04-15 09:53:49.192  2461  2461 W HoneySpace.TaskListViewModel[173795743]: task is already removed: 3882
04-15 09:53:49.192  1151  1151 I Layer   : id=18867 Destroyed c1bf43b com.catfact.app.feature.facts.test/androidx.test.core.app.InstrumentationActivityInvoker$EmptyActivity#18867
04-15 09:53:49.192 19868 19888 W Settings: Setting always_finish_activities has moved from android.provider.Settings.System to android.provider.Settings.Global, returning read-only value.
04-15 09:53:49.192  1151  1151 I Layer   : id=18886 Destroyed Task=3882#18886
04-15 09:53:49.193  1151  1151 I Layer   : id=18868 Destroyed com.catfact.app.feature.facts.test/androidx.test.core.app.InstrumentationActivityInvoker$EmptyActivity$_19868#18868
04-15 09:53:49.202  1542  2484 I SemDvfsHyPerManager: acquire hyper - AMS_APP_SWITCH/1542@28, type = -999
04-15 09:53:49.202  1059  1180 I HYPER-HAL: [RequestManager.cpp]acquire(): Acquired ID : 1233263  [1542 / 28]    HINT : AMS_APP_SWITCH    list :
04-15 09:53:49.204  1059  1180 I HYPER-HAL: [ResourceManager.cpp]updateResource(): [CPULittleMinFreq] UpdateResource Request ID : 1233263    Value : 1824000
04-15 09:53:49.204  1151  2758 I SurfaceFlinger: id=18887 createSurf, flag=24004, Task=3883#18887
04-15 09:53:49.206  3963  3963 I SemDvfsHyPerManager: acquire hyper - APP_START_SHORT/3963@17, type = -999
04-15 09:53:49.206  1151  1151 I SurfaceFlinger: [Task=3883#18887] attach to parent LayerHierarchy{RequestedLayerState{DefaultTaskDisplayArea_d0#10 parentId=9} 16 children}
04-15 09:53:49.207  1151  2758 I SurfaceFlinger: id=18888 createSurf, flag=84004, ActivityRecord{55680084 u0 com.catfact.app.feature.facts.test/androidx.activity.ComponentActivity t3883}#18888
04-15 09:53:49.209  1059  1180 I HYPER-HAL: [RequestManager.cpp]acquire(): Acquired ID : 7922207  [3963 / 17]    HINT : APP_START    list : [TIMEOUT / 1500]
04-15 09:53:49.212  2000  2120 D ViewRootImpl: desktopMode is false
04-15 09:53:49.212  2000  2120 I ViewRootImpl: dVRR is disabled
04-15 09:53:49.212  1542  2298 I SemDvfsHyPerManager: acquire hyper - AMS_APP_LAUNCH/1542@21, type = -999
04-15 09:53:49.213  3152  3152 E pageboostd: Received HALT command code 2
04-15 09:53:49.213  3963  3963 I SemDvfsHyPerManager: acquire hyper - APP_START/3963@19, type = -999
04-15 09:53:49.213  1059  1180 I HYPER-HAL: [RequestManager.cpp]acquire(): Acquired ID : 1222287  [1542 / 21]    HINT : AMS_APP_LAUNCH    list :
04-15 09:53:49.213  1059  1180 I HYPER-HAL: [ResourceManager.cpp]updateResource(): [CPULittleMinFreq] UpdateResource Request ID : 1222287    Value : 1824000
04-15 09:53:49.214  2000  2105 D ShellDesktopMode: handleRequest: TransitionRequestInfo {type=1, tid=3883, debugId=1685}
04-15 09:53:49.214  1151  1151 I SurfaceFlinger: [ActivityRecord{55680084 u0 com.catfact.app.feature.facts.test/androidx.activity.ComponentActivity t3883}#18888] attach to parent LayerHierarchy{RequestedLayerState{Task=3883#18887 parentId=10} 1 children}
04-15 09:53:49.215  1059  1180 I HYPER-HAL: [RequestManager.cpp]acquire(): Acquired ID : 7930172  [3963 / 19]    HINT : APP_START    list :
04-15 09:53:49.216  2000  2196 D NativeCustomFrequencyManager: [NativeCFMS] BpCustomFrequencyManager::BpCustomFrequencyManager()
04-15 09:53:49.218  2461  4432 I HoneySpace.RecentTasks: onRecentTasksChanged
04-15 09:53:49.219  2461  2584 I HoneySpace.TopTaskSource: onTaskMovedToFront : taskId = 3883, displayId = 0
04-15 09:53:49.219  2461  2586 I HoneySpace.TopTaskUseCase: topTasks 3883 ComponentInfo{com.catfact.app.feature.facts.test/androidx.activity.ComponentActivity}[displayId=0]
04-15 09:53:49.221  1218  6568 I CameraService: onUidStateChanged: uid=10048, procState is changed. (0 -> 1)
04-15 09:53:49.221  2461  4418 I HoneySpace.RecentTasks: onRecentTasksChanged
04-15 09:53:49.222  1542  2298 D InputTransport: Input channel constructed: 'e2546a2', fd=1041
04-15 09:53:49.222  1542  2298 D InputTransport: Input channel constructed: 'e2546a2', fd=1433
04-15 09:53:49.222  1542  2298 D InputTransport: Input channel constructed: 'e2546a2', fd=1437
04-15 09:53:49.222  1542  2298 D InputTransport: Input channel destroyed: 'e2546a2', fd=1433
04-15 09:53:49.222  1151  1151 I SurfaceFlinger: [Display 0 name="Built-in Screen"#49] setFrameRateCategory: High
04-15 09:53:49.223  1151  1200 I SurfaceFlinger: id=18889 createSurf, flag=84004, e2546a2 Splash Screen com.catfact.app.feature.facts.test#18889
04-15 09:53:49.224  1151  1151 I BpBinder: onLastStrongRef automatically unlinking death recipients:
04-15 09:53:49.226  3979  3988 I ndroid.calendar: Background concurrent mark compact GC freed 38MB AllocSpace bytes, 2(32KB) LOS objects, 60% free, 31MB/79MB, paused 2.188ms,3.052ms total 105.368ms
04-15 09:53:49.226  1542  2298 D InputTransport: Input channel destroyed: 'e2546a2', fd=1437
04-15 09:53:49.226  2000  2120 D InputTransport: Input channel constructed: 'e2546a2', fd=595
04-15 09:53:49.226  2461  4179 I HoneySpace.Memory-Monitor: current state = 2, didTrim = false
04-15 09:53:49.227  2000  2120 I InsetsController: onStateChanged: host=Splash Screen com.catfact.app.feature.facts.test, from=android.view.ViewRootImpl.onInsetsStateChanged:3026, state=InsetsState: {mDisplayFrame=Rect(0, 0 - 720, 1544), mDisplayCutout=DisplayCutout{insets=Rect(0, 50 - 0, 0) waterfall=Insets{left=0, top=0, right=0, bottom=0} boundingRect={Bounds=[Rect(0, 0 - 0, 0), Rect(341, 0 - 379, 50), Rect(0, 0 - 0, 0), Rect(0, 0 - 0, 0)]} cutoutPathParserInfo={CutoutPathParserInfo{displayWidth=720 displayHeight=1544 physicalDisplayWidth=720 physicalDisplayHeight=1544 density={1.875} cutoutSpec={M 0,0 H -10 V 26.66666666666667 H 10 V 0 H 0 Z @dp} rotation={0} scale={1.0} physicalPixelDisplaySizeRatio={1.0}}} sideOverrides={}}, mRoundedCorners=RoundedCorners{[RoundedCorner{position=TopLeft, radius=8, center=Point(8, 8)}, RoundedCorner{position=TopRight, radius=8, center=Point(712, 8)}, RoundedCorner{position=BottomRight, radius=8, center=Point(712, 1536)}, RoundedCorner{position=BottomLeft, radius=8, center=Point(8, 1536)}]}  mRoundedCornerFrame=Rect(0, 0 - 720, 1544), mPrivacyIndicatorBounds=PrivacyIndicatorBounds {static bounds=Rect(637, 0 - 720, 50) rotation=0}, mDisplayShape=DisplayShape{ spec=-311912193 displayWidth=720 displayHeight=1544 physicalPixelDisplaySizeRatio=0.5 rotation=0 offsetX=0 offsetY=0 scale=1.0}, mSources= { InsetsSource: {ec730001 mType=navigationBars mFrame=[0,1454][720,1544] mVisible=true mFlags= mSideHint=BOTTOM mBoundingRects=null}, InsetsSource: {ec730004 mType=systemGestures mFrame=[0,0][0,0] mVisible=true mFlags= mSideHint=NONE mBoundingRects=null}, InsetsSource: {ec730005 mType=mandatorySystemGestures mFrame=[0,1454][720,1544] mVisible=true mFlags= mSideHint=BOTTOM mBoundingRects=null}, InsetsSource: {ec730006 mType=tappableElement mFrame=[0,1454][720,1544] mVisible=true mFlags= mSideHint=BOTTOM mBoundingRects=null}, InsetsSource: {ec730024 mType=systemGestures mFrame=[0,0][0,0] mVisible=true mFlags= mSideHint=NONE mBoundingRects=null}, InsetsSource: {27 mType=displayCutout mFrame=[0,0][720,50] mVisible=true mFlags= mSideHint=TOP mBoundingRects=null}, InsetsSource: {43950000 mType=statusBars mFrame=[0,0][720,50] mVisible=true mFlags= mSideHint=TOP mBoundingRects=null}, InsetsSource: {43950005 mType=mandatorySystemGestures mFrame=[0,0][720,73] mVisible=true mFlags= mSideHint=TOP mBoundingRects=null}, InsetsSource: {43950006 mType=tappableElement mFrame=[0,0][720,50] mVisible=true mFlags= mSideHint=TOP mBoundingRects=null} }
04-15 09:53:49.227  2000  2120 I VRI[test]@cbc6d73: onActiveControlsChanged, removed=false, mAdded=true, caller=android.view.ViewRootImpl.handleInsetsControlChanged:3002 android.view.ViewRootImpl.setView:2014 android.view.WindowManagerGlobal.addView:604 com.android.wm.shell.startingsurface.SplashscreenWindowCreator.addWindow:38 com.android.wm.shell.startingsurface.StartingWindowController$$ExternalSyntheticLambda4.run:1365
04-15 09:53:49.227  2000  2120 I VRI[test]@cbc6d73: synced displayState. AttachInfo displayState=2
04-15 09:53:49.227  2000  2120 I VRI[test]@cbc6d73: setView = android.widget.FrameLayout@bac035c IsHRR=false mFlingFrameRateChange=0 TM=true
04-15 09:53:49.228  2000  2196 D HWUI    : HWUI - treat SMPTE_170M as sRGB
04-15 09:53:49.229  2000  2125 D StackScroller: onDisplayChanged for predraw skip to 2
04-15 09:53:49.229  2000  2000 D DisplayLifecycle: updateDisplay id = 0
04-15 09:53:49.229  1542  2472 D InputDispatcher: Focused application(0): ActivityRecord{55680084 u0 com.catfact.app.feature.facts.test/androidx.activity.ComponentActivity t3883}
04-15 09:53:49.231  1542  2475 D GraphicsStatsService: requestRenderEngineFor(com.catfact.app.feature.facts.test)
04-15 09:53:49.233  1542  2472 D SurfaceComposerClient: setCornerRadius ## e2546a2 Splash Screen com.catfact.app.feature.facts.test#18889 cornerRadius=0.000000
04-15 09:53:49.233  1542  2472 D SurfaceComposerClient: setCornerRadius ## e2546a2 Splash Screen com.catfact.app.feature.facts.test#18889 cornerRadius=0.000000
04-15 09:53:49.236  1542  1825 D AS.MultiSoundManager: mForegroundUid = 10749
04-15 09:53:49.236  1542  1585 D SurfaceComposerClient: setCornerRadius ## e2546a2 Splash Screen com.catfact.app.feature.facts.test#18889 cornerRadius=0.000000
04-15 09:53:49.237  1542  1582 D PkgPredictorService-SecIpmManagerServiceImpl: onForegroundActivitiesChanged pid:19868 uid:10749
04-15 09:53:49.237  1542  1582 D NetworkPolicy: already checked 10749
04-15 09:53:49.237  1542  2944 V PkgPredictorService-SecIpmManagerServiceImpl: discard foreground app:com.catfact.app.feature.facts.test 1|true
04-15 09:53:49.237  1542  1582 D NetworkPolicy: already checked 10749
04-15 09:53:49.238  2000  2000 I {OngoingActivityController}: onTaskFocusChanged but OA data is empty
04-15 09:53:49.238  1542  2298 I WindowManager: Relayout Window{e2546a2 u0 Splash Screen com.catfact.app.feature.facts.test}: viewVisibility=0 req=720x1544 ty=3 d0
04-15 09:53:49.239  1151  2758 I SurfaceFlinger: id=18890 createSurf, flag=44004, Splash Screen com.catfact.app.feature.facts.test$_2000#18890
04-15 09:53:49.239  1151  1151 I SurfaceFlinger: [LayerHierarchy{RequestedLayerState{ImeContainer#15 parentId=16293 relativeParentId=16293 z=1} 1 children}] RelativeParent to null
04-15 09:53:49.239  1151  1151 I SurfaceFlinger: [e2546a2 Splash Screen com.catfact.app.feature.facts.test#18889] attach to parent LayerHierarchy{RequestedLayerState{ActivityRecord{55680084 u0 com.catfact.app.feature.facts.test/androidx.activity.ComponentActivity t3883}#18888 parentId=18887} 1 children}
04-15 09:53:49.239  1151  1151 I SurfaceFlinger: [Splash Screen com.catfact.app.feature.facts.test$_2000#18890] attach to parent LayerHierarchy{RequestedLayerState{e2546a2 Splash Screen com.catfact.app.feature.facts.test#18889 parentId=18888} 1 children}
04-15 09:53:49.241  1542  2298 D SurfaceComposerClient: setCornerRadius ## e2546a2 Splash Screen com.catfact.app.feature.facts.test#18889 cornerRadius=0.000000
04-15 09:53:49.241  1542  2298 D SurfaceComposerClient: setCornerRadius ## e2546a2 Splash Screen com.catfact.app.feature.facts.test#18889 cornerRadius=0.000000
04-15 09:53:49.242  2461  2461 I HoneySpace.EdgePanel.CocktailHostRepositoryImpl: onNoteResume
04-15 09:53:49.242  2461  2461 I HoneySpace.EdgePanel.EdgePanelContainerViewModel: cocktailHostRepository.edgePanelOperation NoteResumeComponent(componentName=ComponentInfo{com.catfact.app.feature.facts.test/androidx.activity.ComponentActivity})
04-15 09:53:49.242  2461  2461 I HoneySpace.EdgePanel.ActivityUtils: HomePackage : com.sec.android.app.launcher, resumePackageName : com.catfact.app.feature.facts.test, className : androidx.activity.ComponentActivity
04-15 09:53:49.242  2461  2584 I HoneySpace.TopTaskSource: onTaskFocusChanged(): taskId = 3883
04-15 09:53:49.242  1542  2298 I WindowManager: Relayout hash=e2546a2, pid=2000, syncId=-1: mAttrs={(0,0)(fillxfill) sim={adjust=pan} layoutInDisplayCutoutMode=always ty=APPLICATION_STARTING fmt=TRANSLUCENT wanim=0x1030317
04-15 09:53:49.242  1542  2298 I WindowManager:   fl=81030118
04-15 09:53:49.242  1542  2298 I WindowManager:   pfl=10000810
04-15 09:53:49.242  1542  2298 I WindowManager:   apr=18
04-15 09:53:49.242  1542  2298 I WindowManager:   bhv=1
04-15 09:53:49.242  1542  2298 I WindowManager:   fitSides=0
04-15 09:53:49.242  1542  2298 I WindowManager:   frameRateBoostOnTouch=true
04-15 09:53:49.242  1542  2298 I WindowManager:   dvrrWindowFrameRateHint=true naviIconColor=0}
04-15 09:53:49.243  2000  2120 I InsetsController: onStateChanged: host=Splash Screen com.catfact.app.feature.facts.test, from=android.view.ViewRootImpl.onInsetsStateChanged:3026, state=InsetsState: {mDisplayFrame=Rect(0, 0 - 720, 1544), mDisplayCutout=DisplayCutout{insets=Rect(0, 50 - 0, 0) waterfall=Insets{left=0, top=0, right=0, bottom=0} boundingRect={Bounds=[Rect(0, 0 - 0, 0), Rect(341, 0 - 379, 50), Rect(0, 0 - 0, 0), Rect(0, 0 - 0, 0)]} cutoutPathParserInfo={CutoutPathParserInfo{displayWidth=720 displayHeight=1544 physicalDisplayWidth=720 physicalDisplayHeight=1544 density={1.875} cutoutSpec={M 0,0 H -10 V 26.66666666666667 H 10 V 0 H 0 Z @dp} rotation={0} scale={1.0} physicalPixelDisplaySizeRatio={1.0}}} sideOverrides={}}, mRoundedCorners=RoundedCorners{[RoundedCorner{position=TopLeft, radius=8, center=Point(8, 8)}, RoundedCorner{position=TopRight, radius=8, center=Point(712, 8)}, RoundedCorner{position=BottomRight, radius=8, center=Point(712, 1536)}, RoundedCorner{position=BottomLeft, radius=8, center=Point(8, 1536)}]}  mRoundedCornerFrame=Rect(0, 0 - 720, 1544), mPrivacyIndicatorBounds=PrivacyIndicatorBounds {static bounds=Rect(637, 0 - 720, 50) rotation=0}, mDisplayShape=DisplayShape{ spec=-311912193 displayWidth=720 displayHeight=1544 physicalPixelDisplaySizeRatio=0.5 rotation=0 offsetX=0 offsetY=0 scale=1.0}, mSources= { InsetsSource: {ec730001 mType=navigationBars mFrame=[0,1454][720,1544] mVisible=true mFlags= mSideHint=BOTTOM mBoundingRects=null}, InsetsSource: {ec730004 mType=systemGestures mFrame=[0,0][0,0] mVisible=true mFlags= mSideHint=NONE mBoundingRects=null}, InsetsSource: {ec730005 mType=mandatorySystemGestures mFrame=[0,1454][720,1544] mVisible=true mFlags= mSideHint=BOTTOM mBoundingRects=null}, InsetsSource: {ec730006 mType=tappableElement mFrame=[0,1454][720,1544] mVisible=true mFlags= mSideHint=BOTTOM mBoundingRects=null}, InsetsSource: {ec730024 mType=systemGestures mFrame=[0,0][0,0] mVisible=true mFlags= mSideHint=NONE mBoundingRects=null}, InsetsSource: {3 mType=ime mFrame=[0,0][0,0] mVisible=false mFlags= mSideHint=NONE mBoundingRects=null}, InsetsSource: {27 mType=displayCutout mFrame=[0,0][720,50] mVisible=true mFlags= mSideHint=TOP mBoundingRects=null}, InsetsSource: {43950000 mType=statusBars mFrame=[0,0][720,50] mVisible=true mFlags= mSideHint=TOP mBoundingRects=null}, InsetsSource: {43950005 mType=mandatorySystemGestures mFrame=[0,0][720,73] mVisible=true mFlags= mSideHint=TOP mBoundingRects=null}, InsetsSource: {43950006 mType=tappableElement mFrame=[0,0][720,50] mVisible=true mFlags= mSideHint=TOP mBoundingRects=null} }
04-15 09:53:49.243  2000  2120 I VRI[test]@cbc6d73: onActiveControlsChanged, removed=false, mAdded=true, caller=android.view.ViewRootImpl.handleInsetsControlChanged:3002 android.view.ViewRootImpl.relayoutWindow:11629 android.view.ViewRootImpl.performTraversals:4804 android.view.ViewRootImpl.doTraversal:3924 android.view.ViewRootImpl$TraversalRunnable.run:12903
04-15 09:53:49.243 18525 18790 I Rubin   : [146] M.c0.k(Unknown Source) : Notify com.samsung.android.rubin.inferenceengine.contextanalytics.engine.loggers.AppUsageLogger's database is updated.
04-15 09:53:49.243 19868 19868 D LifecycleMonitor: Lifecycle status change: androidx.activity.ComponentActivity@1ec813b in: PRE_ON_CREATE
04-15 09:53:49.243 19868 19868 V ActivityScenario: Activity lifecycle changed event received but ignored because the reported transition was not ON_CREATE while the last known transition was PRE_ON_CREATE
04-15 09:53:49.244  1151  1338 D SurfaceFlinger: [input] setFocusedWindow: <null>
04-15 09:53:49.245  1542  2472 D InputDispatcher: Focus left window (0): a8267cf com.google.android.calendar/com.google.android.calendar.allinone.AllInOneCalendarActivity
04-15 09:53:49.245  3979  3979 I ImeFocusController: onPreWindowFocus: skipped hasWindowFocus=false mHasImeFocus=true
04-15 09:53:49.245  2000  2120 I BLASTBufferQueue_Java: new BLASTBufferQueue, mName= VRI[test]@cbc6d73 mNativeObject= 0xb40000741cf727e0 caller= android.view.ViewRootImpl.updateBlastSurfaceIfNeeded:3585 android.view.ViewRootImpl.relayoutWindow:11685 android.view.ViewRootImpl.performTraversals:4804 android.view.ViewRootImpl.doTraversal:3924 android.view.ViewRootImpl$TraversalRunnable.run:12903 android.view.Choreographer$CallbackRecord.run:1901 android.view.Choreographer$CallbackRecord.run:1910 android.view.Choreographer.doCallbacks:1367 android.view.Choreographer.doFrame:1292 android.view.Choreographer$FrameDisplayEventReceiver.run:1870
04-15 09:53:49.245  2000  2120 I BLASTBufferQueue_Java: update, w= 720 h= 1544 mName = VRI[test]@cbc6d73 mNativeObject= 0xb40000741cf727e0 sc.mNativeObject= 0xb40000751c51cd50 format= -3 caller= android.view.ViewRootImpl.updateBlastSurfaceIfNeeded:3590 android.view.ViewRootImpl.relayoutWindow:11685 android.view.ViewRootImpl.performTraversals:4804 android.view.ViewRootImpl.doTraversal:3924 android.view.ViewRootImpl$TraversalRunnable.run:12903 android.view.Choreographer$CallbackRecord.run:1901
04-15 09:53:49.245  1542  2298 D InputDispatcher: Once focus requested (0): <null>
04-15 09:53:49.245  3979  3979 I ImeFocusController: onPostWindowFocus: skipped hasWindowFocus=false mHasImeFocus=true
04-15 09:53:49.246 19868 19868 I DecorView: setWindowBackground: isPopOver=false color=fffafafa d=android.graphics.drawable.ColorDrawable@678fa04
04-15 09:53:49.247 19868 19868 D LifecycleMonitor: Lifecycle status change: androidx.activity.ComponentActivity@1ec813b in: CREATED
04-15 09:53:49.247 19868 19868 V ActivityScenario: Update currentActivityStage to CREATED, currentActivity=androidx.activity.ComponentActivity@1ec813b
04-15 09:53:49.248 19868 19868 D LifecycleMonitor: Lifecycle status change: androidx.activity.ComponentActivity@1ec813b in: STARTED
04-15 09:53:49.248 19868 19868 V ActivityScenario: Update currentActivityStage to STARTED, currentActivity=androidx.activity.ComponentActivity@1ec813b
04-15 09:53:49.248  2000  2120 I VRI[test]@cbc6d73: Relayout returned: old=(0,0,720,1544) new=(0,0,720,1544) relayoutAsync=false req=(720,1544)0 dur=16 res=0x3 s={true 0xb40000748cdc6330} ch=true seqId=0
04-15 09:53:49.249  3723  3735 I [AirCmd]_ActivitySwitchDetector: onTaskFocusChanged : taskId=3883, componentName=ComponentInfo{com.catfact.app.feature.facts.test/androidx.activity.ComponentActivity}
04-15 09:53:49.249  3723  3735 I [AirCmd]_ActivitySwitchDetector: onTaskFocusChanged :mTopMostActivity = ComponentInfo{com.google.android.calendar/com.google.android.calendar.allinone.AllInOneCalendarActivity}
04-15 09:53:49.249 19868 19868 D LifecycleMonitor: Lifecycle status change: androidx.activity.ComponentActivity@1ec813b in: RESUMED
04-15 09:53:49.249 19868 19868 V ActivityScenario: Update currentActivityStage to RESUMED, currentActivity=androidx.activity.ComponentActivity@1ec813b
04-15 09:53:49.249  2000  2120 I VRI[test]@cbc6d73: performConfigurationChange setNightDimText nightDimLevel=0
04-15 09:53:49.249  3723  3735 I [AirCmd]_CallbackRepeater: stopRepeat : isWorking=false
04-15 09:53:49.249  3723  3735 I [AirCmd]_MediaControlStateMonitor: isForegroundAppSupportsMediaButton : mediaSession is empty
04-15 09:53:49.249  2000  2120 D VRI[test]@cbc6d73: mThreadedRenderer.initialize() mSurface={isValid=true 0xb40000748cdc6330} hwInitialized=true
04-15 09:53:49.250 19868 19868 D ViewRootImpl: desktopMode is false
04-15 09:53:49.250  2000  2120 D VRI[test]@cbc6d73: reportNextDraw android.view.ViewRootImpl.performTraversals:5443 android.view.ViewRootImpl.doTraversal:3924 android.view.ViewRootImpl$TraversalRunnable.run:12903 android.view.Choreographer$CallbackRecord.run:1901 android.view.Choreographer$CallbackRecord.run:1910
04-15 09:53:49.250  2000  2120 D VRI[test]@cbc6d73: Setup new sync=wmsSync-VRI[test]@cbc6d73#14
04-15 09:53:49.250  2000  2120 I VRI[test]@cbc6d73: Creating new active sync group VRI[test]@cbc6d73#15
04-15 09:53:49.250 19868 19868 I ViewRootImpl: dVRR is disabled
04-15 09:53:49.250  2000  2120 D VRI[test]@cbc6d73: registerCallbacksForSync syncBuffer=false
04-15 09:53:49.250  2000  2194 D VRI[test]@cbc6d73: Received frameDrawingCallback syncResult=0 frameNum=1.
04-15 09:53:49.250  2000  2194 I VRI[test]@cbc6d73: mWNT: t=0xb4000074fc78bbd0 mBlastBufferQueue=0xb40000741cf727e0 fn= 1 HdrRenderState mRenderHdrSdrRatio=1.0 caller= android.view.ViewRootImpl$12.onFrameDraw:15441 android.view.ThreadedRenderer$1.onFrameDraw:718 <bottom of call stack>
04-15 09:53:49.250  2000  2194 I VRI[test]@cbc6d73: Setting up sync and frameCommitCallback
04-15 09:53:49.250 19868 19901 D NativeCustomFrequencyManager: [NativeCFMS] BpCustomFrequencyManager::BpCustomFrequencyManager()
04-15 09:53:49.251  3723  3735 E [AirCmd]_MediaControlStateMonitor: getActiveNotificationPackageName : notification service monitor is null
04-15 09:53:49.251  3723  3735 I [AirCmd]_ButtonEventDetectionThread: enableDoubleClickDetection: enabled= true, doubleClickWaitInterval=300
04-15 09:53:49.251  2000  2196 I BLASTBufferQueue: [VRI[test]@cbc6d73#859](f:0,a:0,s:0) onFrameAvailable the first frame is available
04-15 09:53:49.251  2000  2196 I VRI[test]@cbc6d73: Received frameCommittedCallback lastAttemptedDrawFrameNum=1 didProduceBuffer=true
04-15 09:53:49.252  1151  2479 I SurfaceFlinger: [Splash Screen com.catfact.app.feature.facts.test$_2000#18890] setTransactionState with the first frame. bufferData(ID: 8589934655997, frameNumber: 1)
04-15 09:53:49.252  2000  2196 D HWUI    : CFMS:: SetUp Pid : 2000    Tid : 2196
04-15 09:53:49.252  2000  2120 D VRI[test]@cbc6d73: reportDrawFinished seqId=0
04-15 09:53:49.253  1542  1585 D SurfaceComposerClient: setCornerRadius ## e2546a2 Splash Screen com.catfact.app.feature.facts.test#18889 cornerRadius=0.000000
04-15 09:53:49.254  1542  1585 D SurfaceComposerClient: setCornerRadius ## e2546a2 Splash Screen com.catfact.app.feature.facts.test#18889 cornerRadius=0.000000
04-15 09:53:49.255  1151  2479 I SurfaceFlinger: id=18891 createSurf, flag=84004, Transition Root: Task=3883#18891
04-15 09:53:49.255  1151  1151 I SurfaceFlinger: [Transition Root: Task=3883#18891] attach to parent LayerHierarchy{RequestedLayerState{DefaultTaskDisplayArea_d0#10 parentId=9} 17 children}
04-15 09:53:49.257  1542  1585 I SurfaceControlRegistry: show, t=StartTransaction_SyncId<1685> sc=ActivityRecord{55680084 u0 com.catfact.app.feature.facts.test/androidx.activity.ComponentActivity t3883}, caller=android.view.SurfaceControl$Transaction.show:3557 com.android.server.wm.Transition.onTransactionReady:2048 com.android.server.wm.BLASTSyncEngine$SyncGroup.finishNow:240 com.android.server.wm.BLASTSyncEngine.onSurfacePlacement:263 com.android.server.wm.RootWindowContainer.performSurfacePlacementNoTrace:1083 com.android.server.wm.WindowSurfacePlacer.performSurfacePlacement:166
04-15 09:53:49.257  1542  1585 D SurfaceComposerClient: setCornerRadius ## Task=3801#16292 cornerRadius=0.000000
04-15 09:53:49.257  1542  1585 D SurfaceComposerClient: setCornerRadius ## Task=3883#18887 cornerRadius=0.000000
04-15 09:53:49.258  1542  1585 D ScreenCapture: [Capture_TEST] : setIsScreenShotBySystem false
04-15 09:53:49.258  1542  1585 I SurfaceComposerClient: captureLayers:childrenOnly:1, sync:1
04-15 09:53:49.259  2000  2105 I SurfaceControlRegistry: hide, t=FinishTransaction_SyncId<1685> sc=Task=3801, caller=android.view.SurfaceControl$Transaction.hide:3583 com.android.wm.shell.transition.Transitions.dispatchReady:1263 com.android.wm.shell.transition.Transitions.onTransitionReady:251 com.android.wm.shell.transition.Transitions$TransitionPlayerImpl$$ExternalSyntheticLambda0.run:13 android.os.Handler.handleCallback:995 android.os.Handler.dispatchMessage:103
04-15 09:53:49.259  2000  2105 I SurfaceControlRegistry: show, t=StartTransaction_SyncId<1685> sc=Task=3883, caller=android.view.SurfaceControl$Transaction.show:3557 com.android.wm.shell.transition.Transitions.dispatchReady:1279 com.android.wm.shell.transition.Transitions.onTransitionReady:251 com.android.wm.shell.transition.Transitions$TransitionPlayerImpl$$ExternalSyntheticLambda0.run:13 android.os.Handler.handleCallback:995 android.os.Handler.dispatchMessage:103
04-15 09:53:49.259  2000  2105 I SurfaceControlRegistry: show, t=FinishTransaction_SyncId<1685> sc=Task=3883, caller=android.view.SurfaceControl$Transaction.show:3557 com.android.wm.shell.transition.Transitions.dispatchReady:1330 com.android.wm.shell.transition.Transitions.onTransitionReady:251 com.android.wm.shell.transition.Transitions$TransitionPlayerImpl$$ExternalSyntheticLambda0.run:13 android.os.Handler.handleCallback:995 android.os.Handler.dispatchMessage:103
04-15 09:53:49.259  2000  2105 I SurfaceControlRegistry: show, t=StartTransaction_SyncId<1685> sc=Transition Root: Task=3883, caller=android.view.SurfaceControl$Transaction.show:3557 com.android.wm.shell.transition.Transitions.playTransition:79 com.android.wm.shell.transition.Transitions.processReadyQueue:239 com.android.wm.shell.transition.Transitions.dispatchReady:1352 com.android.wm.shell.transition.Transitions.onTransitionReady:251 com.android.wm.shell.transition.Transitions$TransitionPlayerImpl$$ExternalSyntheticLambda0.run:13
04-15 09:53:49.259  2000  2105 D SurfaceComposerClient: [Task=3801#16292] setEdgeExtension Right
04-15 09:53:49.260  1151  2479 I SurfaceFlinger: id=18892 createSurf, flag=20004, DimTransitionLayer for Surface(name=Task=3883)/@0x42c47c7#18892
04-15 09:53:49.261  2000  2105 I SurfaceControlRegistry: show, t=StartTransaction_SyncId<1685> sc=DimTransitionLayer for Surface(name=Task=3883)/@0x42c47c7, caller=android.view.SurfaceControl$Transaction.show:3557 com.android.wm.shell.transition.DefaultTransitionHandler.startAnimation:2931 com.android.wm.shell.transition.Transitions.dispatchTransition:90 com.android.wm.shell.transition.Transitions.playTransition:774 com.android.wm.shell.transition.Transitions.processReadyQueue:239 com.android.wm.shell.transition.Transitions.dispatchReady:1352
04-15 09:53:49.261  2000  2105 I SurfaceControlRegistry: apply, t=StartTransaction_SyncId<1685>, caller=android.view.SurfaceControl$Transaction.apply:3459 android.view.SurfaceControl$Transaction.apply:3447 android.view.SurfaceControl$Transaction.apply:3397 com.android.wm.shell.transition.DefaultTransitionHandler.startAnimation:3387 com.android.wm.shell.transition.Transitions.dispatchTransition:90 com.android.wm.shell.transition.Transitions.playTransition:774
04-15 09:53:49.262  1151  2758 I SurfaceFlinger: Capture layer list: 	 com.google.android.calendar/com.google.android.calendar.allinone.AllInOneCalendarActivity$_3979#18879(seamlessTransition:0)
04-15 09:53:49.262  1151  2758 I CompositionEngine: [setDisplaySize] size=(720, 1544)
04-15 09:53:49.263  1151  1206 D RenderEngine: [SEC_SF_EFFECTS] drawLayersInternal,1494, Rendering layer ScreenCaptureFillLayer at index 0
04-15 09:53:49.263  1151  1206 D RenderEngine: [SEC_SF_EFFECTS] drawLayersInternal,1494, Rendering layer com.google.android.calendar/com.google.android.calendar.allinone.AllInOneCalendarActivity$_3979#18879 at index 1
04-15 09:53:49.265  1151  1151 I SurfaceFlinger: RequestedLayer [e2546a2 Splash Screen com.catfact.app.feature.facts.test#18889] hidden!! flag  from(1) --> to(0)
04-15 09:53:49.265  1151  1151 I SurfaceFlinger: RequestedLayer [Splash Screen com.catfact.app.feature.facts.test$_2000#18890] hidden!! flag  from(1) --> to(0)
04-15 09:53:49.265  1151  1151 I SurfaceFlinger: RequestedLayer [Task=3883#18887] hidden!! flag  from(1) --> to(0)
04-15 09:53:49.265  1151  1151 E SurfaceFlinger: alpha changed 1.000 -> 0.000 - Task=3883#18887
04-15 09:53:49.265  1151  1151 I SurfaceFlinger: RequestedLayer [Transition Root: Task=3883#18891] hidden!! flag  from(1) --> to(0)
04-15 09:53:49.265  1151  1151 I SurfaceFlinger: RequestedLayer [ActivityRecord{55680084 u0 com.catfa[...]ivity.ComponentActivity t3883}#18888] hidden!! flag  from(1) --> to(0)
04-15 09:53:49.265  1151  1151 I SurfaceFlinger: RequestedLayer [DimTransitionLayer for Surface(name=Task=3883)/@0x42c47c7#18892] hidden!! flag  from(1) --> to(0)
04-15 09:53:49.265  1151  1151 E SurfaceFlinger: alpha changed 1.000 -> 0.000 - DimTransitionLayer for Surface(name=Task=3883)/@0x42c47c7#18892
04-15 09:53:49.265  1151  1151 E SurfaceFlinger: alpha changed 0.000 -> 1.000 - Task=3883#18887
04-15 09:53:49.265  1151  1151 E SurfaceFlinger: alpha changed 0.000 -> 0.000 - DimTransitionLayer for Surface(name=Task=3883)/@0x42c47c7#18892
04-15 09:53:49.265  1151  1151 I SurfaceFlinger: [LayerHierarchy{RequestedLayerState{Task=3801#16292 parentId=18891 z=2} 1 children}] reparent to LayerHierarchy{RequestedLayerState{Transition Root: Task=3883#18891 parentId=10 z=13} 1 children}
04-15 09:53:49.265  1151  1151 I SurfaceFlinger: [LayerHierarchy{RequestedLayerState{Task=3883#18887 parentId=18891 z=5} 1 children}] reparent to LayerHierarchy{RequestedLayerState{Transition Root: Task=3883#18891 parentId=10 z=13} 2 children}
04-15 09:53:49.265  1151  1151 I SurfaceFlinger: [DimTransitionLayer for Surface(name=Task=3883)/@0x42c47c7#18892] attach to parent LayerHierarchy{RequestedLayerState{Transition Root: Task=3883#18891 parentId=10 z=13} 3 children}
04-15 09:53:49.268  1542  2472 D InputTransport: Input channel constructed: 'ab5d2e4', fd=1433
04-15 09:53:49.268  1542  2472 D InputTransport: Input channel constructed: 'ab5d2e4', fd=1437
04-15 09:53:49.268  1542  2472 D InputTransport: Input channel constructed: 'ab5d2e4', fd=1440
04-15 09:53:49.268  1542  2472 D InputTransport: Input channel destroyed: 'ab5d2e4', fd=1437
04-15 09:53:49.268  1151  1378 I SurfaceFlinger: id=18893 createSurf, flag=84004, ab5d2e4 com.catfact.app.feature.facts.test/androidx.activity.ComponentActivity#18893
04-15 09:53:49.270  1542  2472 D InputTransport: Input channel destroyed: 'ab5d2e4', fd=1440
04-15 09:53:49.271 19868 19868 D InputTransport: Input channel constructed: 'ab5d2e4', fd=128
04-15 09:53:49.271 19868 19868 I InsetsController: onStateChanged: host=com.catfact.app.feature.facts.test/androidx.activity.ComponentActivity, from=android.view.ViewRootImpl.onInsetsStateChanged:3026, state=InsetsState: {mDisplayFrame=Rect(0, 0 - 720, 1544), mDisplayCutout=DisplayCutout{insets=Rect(0, 50 - 0, 0) waterfall=Insets{left=0, top=0, right=0, bottom=0} boundingRect={Bounds=[Rect(0, 0 - 0, 0), Rect(341, 0 - 379, 50), Rect(0, 0 - 0, 0), Rect(0, 0 - 0, 0)]} cutoutPathParserInfo={CutoutPathParserInfo{displayWidth=720 displayHeight=1544 physicalDisplayWidth=720 physicalDisplayHeight=1544 density={1.875} cutoutSpec={M 0,0 H -10 V 26.66666666666667 H 10 V 0 H 0 Z @dp} rotation={0} scale={1.0} physicalPixelDisplaySizeRatio={1.0}}} sideOverrides={}}, mRoundedCorners=RoundedCorners{[RoundedCorner{position=TopLeft, radius=8, center=Point(8, 8)}, RoundedCorner{position=TopRight, radius=8, center=Point(712, 8)}, RoundedCorner{position=BottomRight, radius=8, center=Point(712, 1536)}, RoundedCorner{position=BottomLeft, radius=8, center=Point(8, 1536)}]}  mRoundedCornerFrame=Rect(0, 0 - 720, 1544), mPrivacyIndicatorBounds=PrivacyIndicatorBounds {static bounds=Rect(637, 0 - 720, 50) rotation=0}, mDisplayShape=DisplayShape{ spec=-311912193 displayWidth=720 displayHeight=1544 physicalPixelDisplaySizeRatio=0.5 rotation=0 offsetX=0 offsetY=0 scale=1.0}, mSources= { InsetsSource: {ec730001 mType=navigationBars mFrame=[0,1454][720,1544] mVisible=true mFlags= mSideHint=BOTTOM mBoundingRects=null}, InsetsSource: {ec730004 mType=systemGestures mFrame=[0,0][0,0] mVisible=true mFlags= mSideHint=NONE mBoundingRects=null}, InsetsSource: {ec730005 mType=mandatorySystemGestures mFrame=[0,1454][720,1544] mVisible=true mFlags= mSideHint=BOTTOM mBoundingRects=null}, InsetsSource: {ec730006 mType=tappableElement mFrame=[0,1454][720,1544] mVisible=true mFlags= mSideHint=BOTTOM mBoundingRects=null}, InsetsSource: {ec730024 mType=systemGestures mFrame=[0,0][0,0] mVisible=true mFlags= mSideHint=NONE mBoundingRects=null}, InsetsSource: {3 mType=ime mFrame=[0,0][0,0] mVisible=false mFlags= mSideHint=NONE mBoundingRects=null}, InsetsSource: {27 mType=displayCutout mFrame=[0,0][720,50] mVisible=true mFlags= mSideHint=TOP mBoundingRects=null}, InsetsSource: {43950000 mType=statusBars mFrame=[0,0][720,50] mVisible=true mFlags= mSideHint=TOP mBoundingRects=null}, InsetsSource: {43950005 mType=mandatorySystemGestures mFrame=[0,0][720,73] mVisible=true mFlags= mSideHint=TOP mBoundingRects=null}, InsetsSource: {43950006 mType=tappableElement mFrame=[0,0][720,50] mVisible=true mFlags= mSideHint=TOP mBoundingRects=null} }
04-15 09:53:49.272 19868 19868 I VRI[ComponentActivity]@231a66e: synced displayState. AttachInfo displayState=2
04-15 09:53:49.272 19868 19868 I VRI[ComponentActivity]@231a66e: setView = com.android.internal.policy.DecorView@e0d9ba5 IsHRR=false mFlingFrameRateChange=0 TM=true
04-15 09:53:49.272 19868 19901 D HWUI    : HWUI - treat SMPTE_170M as sRGB
04-15 09:53:49.274  1151  1151 I SurfaceFlinger: [ab5d2e4 com.catfact.app.feature.facts.test/androidx.activity.ComponentActivity#18893] attach to parent LayerHierarchy{RequestedLayerState{ActivityRecord{55680084 u0 com.catfact.app.feature.facts.test/androidx.activity.ComponentActivity t3883}#18888 parentId=18887} 2 children}
04-15 09:53:49.274  1151  2758 I SurfaceFlinger: id=18894 createSurf, flag=84000, fcc0066 ActivityRecordInputSink com.catfact.app.feature.facts.test/androidx.activity.ComponentActivity#18894
04-15 09:53:49.277  1542  2472 I WindowManager: Relayout Window{ab5d2e4 u0 com.catfact.app.feature.facts.test/androidx.activity.ComponentActivity}: viewVisibility=0 req=720x1544 ty=1 d0
04-15 09:53:49.277  2461  2474 I HoneySpace.RecentTasks: onRecentTasksChanged
04-15 09:53:49.277  1151  1378 I SurfaceFlinger: id=18895 createSurf, flag=44004, com.catfact.app.feature.facts.test/androidx.activity.ComponentActivity$_19868#18895
04-15 09:53:49.278  2461  4432 I HoneySpace.RecentTasks: onRunningTaskAppeared
04-15 09:53:49.279  1542  2472 D SurfaceComposerClient: setCornerRadius ## e2546a2 Splash Screen com.catfact.app.feature.facts.test#18889 cornerRadius=0.000000
04-15 09:53:49.279  1542  2472 D SurfaceComposerClient: setCornerRadius ## ab5d2e4 com.catfact.app.feature.facts.test/androidx.activity.ComponentActivity#18893 cornerRadius=0.000000
04-15 09:53:49.279  1151  1378 I SurfaceFlinger: id=18896 createSurf, flag=24000, Surface(name=3edafdc StatusBar)/@0x3b919ed - animation-leash of insets_animation#18896
04-15 09:53:49.281  1151  2758 I SurfaceFlinger: id=18897 createSurf, flag=24000, Surface(name=8c5cec7 NavigationBar0)/@0xa68870 - animation-leash of insets_animation#18897
04-15 09:53:49.283  1151  1151 I SurfaceFlinger: RequestedLayer [ab5d2e4 com.catfact.app.feature.fact[...]idx.activity.ComponentActivity#18893] hidden!! flag  from(1) --> to(0)
04-15 09:53:49.283  1542  2472 D SurfaceComposerClient: setCornerRadius ## e2546a2 Splash Screen com.catfact.app.feature.facts.test#18889 cornerRadius=0.000000
04-15 09:53:49.283  1542  2472 D SurfaceComposerClient: setCornerRadius ## ab5d2e4 com.catfact.app.feature.facts.test/androidx.activity.ComponentActivity#18893 cornerRadius=0.000000
04-15 09:53:49.283  1151  1151 E SurfaceFlinger: alpha changed 0.000 -> 0.011 - DimTransitionLayer for Surface(name=Task=3883)/@0x42c47c7#18892
04-15 09:53:49.283  1151  1151 I SurfaceFlinger: [fcc0066 ActivityRecordInputSink com.catfact.app.feature.facts.test/androidx.activity.ComponentActivity#18894] attach to parent LayerHierarchy{RequestedLayerState{ActivityRecord{55680084 u0 com.catfact.app.feature.facts.test/androidx.activity.ComponentActivity t3883}#18888 parentId=18887} 3 children}
04-15 09:53:49.283  1151  1151 I SurfaceFlinger: [com.catfact.app.feature.facts.test/androidx.activity.ComponentActivity$_19868#18895] attach to parent LayerHierarchy{RequestedLayerState{ab5d2e4 com.catfact.app.feature.facts.test/androidx.activity.ComponentActivity#18893 parentId=18888} 1 children}
04-15 09:53:49.283  1151  1151 I SurfaceFlinger: [Surface(name=3edafdc StatusBar)/@0x3b919ed - animation-leash of insets_animation#18896] attach to parent LayerHierarchy{RequestedLayerState{WindowToken{7a8fc4f type=2000 android.os.BinderProxy@a9d7329}#94 parentId=17} 2 children}
04-15 09:53:49.283  1151  1151 I SurfaceFlinger: [Surface(name=8c5cec7 NavigationBar0)/@0xa68870 - animation-leash of insets_animation#18897] attach to parent LayerHierarchy{RequestedLayerState{WindowToken{fc018e2 type=2019 android.os.BinderProxy@bda3ac4}#90 parentId=34} 2 children}
04-15 09:53:49.283  2000  2000 D SamsungLightBarControlHelper: updateStatusBar (BLACK icon) numStacks:1, StatusBarMode:MODE_TRANSPARENT, lightBarBounds:[Rect(0, 0 - 720, 1544)], StatusBarState:SHADE, packageName:, isWhiteKeyguardStatusBar:false
04-15 09:53:49.283  2000  2000 D SamsungLightBarControlHelper: onStatusBarAppearanceChanged() -  sbModeChanged:false, statusBarMode:0, barState:MODE_TRANSPARENT, isKeyguardShowing:false, navbarColorManagedByIme:false, (AppearanceRegion{LIGHT_STATUS_BARS bounds=[0,0][720,1544]}, )
04-15 09:53:49.283  2000  2000 D NavigationBar: onSystemBarAttributesChanged() -  displayId:0, appearance:24, packageName: com.catfact.app.feature.facts.test (APPEARANCE_LIGHT_STATUS_BARS APPEARANCE_LIGHT_NAVIGATION_BARS ), navbarColorManagedByIme:false
04-15 09:53:49.283  2000  2000 D SamsungLightBarControlHelper: updateNavigationBar (BLACK button) isLightOpaque:false, hasLightNavigationBarFlag:true, packageName:com.catfact.app.feature.facts.test, DirectReplying:false, NavBarColorMangedByIme:false, ForceDarkForScrim:false, ForceLightForScrim:false, QsCustomizing:false, QsExpanded:false
04-15 09:53:49.284  1151  2479 I SurfaceFlinger: id=18898 createSurf, flag=24000, Surface(name=3edafdc StatusBar)/@0x3b919ed - animation-leash of insets_animation#18898
04-15 09:53:49.286  1151  2479 I SurfaceFlinger: id=18899 createSurf, flag=24000, Surface(name=8c5cec7 NavigationBar0)/@0xa68870 - animation-leash of insets_animation#18899
04-15 09:53:49.287  1542  2472 I SystemKeyManager: requested systemKeyInfo size=1 focusedWindow=com.catfact.app.feature.facts.test/androidx.activity.ComponentActivity
04-15 09:53:49.287  1542  2472 I SystemKeyManager: requested systemKeyInfo size=1 focusedWindow=com.catfact.app.feature.facts.test/androidx.activity.ComponentActivity
04-15 09:53:49.287  1542  2472 I WindowManager: Relayout hash=ab5d2e4, pid=19868, syncId=-1: mAttrs={(0,0)(fillxfill) sim={adjust=pan forwardNavigation} layoutInDisplayCutoutMode=always ty=BASE_APPLICATION wanim=0x1030317
04-15 09:53:49.287  1542  2472 I WindowManager:   fl=81810100
04-15 09:53:49.287  1542  2472 I WindowManager:   pfl=100088c0
04-15 09:53:49.287  1542  2472 I WindowManager:   apr=210
04-15 09:53:49.287  1542  2472 I WindowManager:   bhv=1
04-15 09:53:49.287  1542  2472 I WindowManager:   fitSides=0
04-15 09:53:49.287  1542  2472 I WindowManager:   frameRateBoostOnTouch=true
04-15 09:53:49.287  1542  2472 I WindowManager:   dvrrWindowFrameRateHint=true naviIconColor=0}
04-15 09:53:49.290  1151  1151 D SurfaceFlinger: Display 4633128672291735999 HWC layers:
04-15 09:53:49.290  1151  1151 D SurfaceFlinger:        CLIENT |           17089674871062 | 00002102 | RGBA_8888    |   12.0    0.0  720.0 1544.0 |    0    0  720 1544 | com.google.android.calendar/com.goog[...]AllInOneCalendarActivity$_3979#18879 (18)
04-15 09:53:49.290  1151  1151 D SurfaceFlinger:   SOLID_COLOR |                        0 | 00000000 | N/A          |    0.0    0.0    0.0    0.0 |    0    0  720 1544 | DimTransitionLayer for Surface(name=Task=3883)/@0x42c47c7#18892 (0)
04-15 09:53:49.290  1151  1151 D SurfaceFlinger:        DEVICE |            8589934655997 | 00002100 | RGBA_8888    |    0.0    0.0   37.0 1544.0 |  683    0  720 1544 | Splash Screen com.catfact.app.feature.facts.test$_2000#18890 (1)
04-15 09:53:49.290  1151  1151 D SurfaceFlinger:        DEVICE |            8589934654687 | 00002100 | RGBA_8888    |    0.0    0.0  720.0   50.0 |    0    0  720   50 | StatusBar$_2000#102 (26502)
04-15 09:53:49.290  1151  1151 D SurfaceFlinger:        DEVICE |           10569914518889 | 00002100 | RGBA_8888    |    0.0    0.0   67.0  353.0 |  653  192  720  545 | com.sec.android.app.launcher/com.sam[...]l.app.CocktailBarService$_2461#16495 (1)
04-15 09:53:49.290  1151  1151 D SurfaceFlinger:        DEVICE |            8589934654692 | 00002100
04-15 09:53:49.290  1151  1151 D SurfaceFlinger: | RGBA_8888    |    0.0    0.0  720.0   90.0 |    0 1454  720 1544 | NavigationBar0$_2000#98 (17290)
04-15 09:53:49.290  1151  1151 D SurfaceFlinger:
04-15 09:53:49.290  1151  1151 I SurfaceFlinger: [LayerHierarchy{RequestedLayerState{8c5cec7 NavigationBar0#91 parentId=18899} 1 children}] reparent to LayerHierarchy{RequestedLayerState{Surface(name=8c5cec7 NavigationBar0)/@0xa68870 - animation-leash of insets_animation#18899 parentId=90} 1 children}
04-15 09:53:49.290  1151  1151 I SurfaceFlinger: [LayerHierarchy{RequestedLayerState{3edafdc StatusBar#95 parentId=18898} 1 children}] reparent to LayerHierarchy{RequestedLayerState{Surface(name=3edafdc StatusBar)/@0x3b919ed - animation-leash of insets_animation#18898 parentId=94} 1 children}
04-15 09:53:49.290  1151  1151 I SurfaceFlinger: [LayerHierarchy{RequestedLayerState{Surface(name=8c5cec7 NavigationBar0)/@0xa68870 - animation-leash of insets_animation#18883} no children}] reparent to OffscreenRoot
04-15 09:53:49.290  1151  1151 I SurfaceFlinger: [LayerHierarchy{RequestedLayerState{Surface(name=8c5cec7 NavigationBar0)/@0xa68870 - animation-leash of insets_animation#18883} no children}] RelativeParent to null
04-15 09:53:49.290  1151  1151 I SurfaceFlinger: [LayerHierarchy{RequestedLayerState{Surface(name=3edafdc StatusBar)/@0x3b919ed - animation-leash of insets_animation#18882} no children}] reparent to OffscreenRoot
04-15 09:53:49.290  1151  1151 I SurfaceFlinger: [LayerHierarchy{RequestedLayerState{Surface(name=3edafdc StatusBar)/@0x3b919ed - animation-leash of insets_animation#18882} no children}] RelativeParent to null
04-15 09:53:49.290  1151  1151 I SurfaceFlinger: [LayerHierarchy{RequestedLayerState{Surface(name=3edafdc StatusBar)/@0x3b919ed - animation-leash of insets_animation#18896} no children}] reparent to OffscreenRoot
04-15 09:53:49.290  1151  1151 I SurfaceFlinger: [LayerHierarchy{RequestedLayerState{Surface(name=3edafdc StatusBar)/@0x3b919ed - animation-leash of insets_animation#18896} no children}] RelativeParent to null
04-15 09:53:49.290  1151  1151 I SurfaceFlinger: [LayerHierarchy{RequestedLayerState{Surface(name=8c5cec7 NavigationBar0)/@0xa68870 - animation-leash of insets_animation#18897} no children}] reparent to OffscreenRoot
04-15 09:53:49.290  1151  1151 I SurfaceFlinger: [LayerHierarchy{RequestedLayerState{Surface(name=8c5cec7 NavigationBar0)/@0xa68870 - animation-leash of insets_animation#18897} no children}] RelativeParent to null
04-15 09:53:49.290  1151  1151 I SurfaceFlinger: [Surface(name=3edafdc StatusBar)/@0x3b919ed - animation-leash of insets_animation#18898] attach to parent LayerHierarchy{RequestedLayerState{WindowToken{7a8fc4f type=2000 android.os.BinderProxy@a9d7329}#94 parentId=17} 1 children}
04-15 09:53:49.290  1151  1151 I SurfaceFlinger: [Surface(name=8c5cec7 NavigationBar0)/@0xa68870 - animation-leash of insets_animation#18899] attach to parent LayerHierarchy{RequestedLayerState{WindowToken{fc018e2 type=2019 android.os.BinderProxy@bda3ac4}#90 parentId=34} 1 children}
04-15 09:53:49.291  1151  2479 I SurfaceFlinger: id=18896 Removed Surface(name=3edafdc StatusBar)/@0x3b919ed - animation-leash of insets_animation#18896 (218)
04-15 09:53:49.291  1151  2479 I SurfaceFlinger: id=18897 Removed Surface(name=8c5cec7 NavigationBar0)/@0xa68870 - animation-leash of insets_animation#18897 (218)
04-15 09:53:49.292 19868 19868 I BLASTBufferQueue_Java: new BLASTBufferQueue, mName= VRI[ComponentActivity]@231a66e mNativeObject= 0xb40000741c596ac0 caller= android.view.ViewRootImpl.updateBlastSurfaceIfNeeded:3585 android.view.ViewRootImpl.relayoutWindow:11685 android.view.ViewRootImpl.performTraversals:4804 android.view.ViewRootImpl.doTraversal:3924 android.view.ViewRootImpl$TraversalRunnable.run:12903 android.view.Choreographer$CallbackRecord.run:1901 android.view.Choreographer$CallbackRecord.run:1910 android.view.Choreographer.doCallbacks:1367 android.view.Choreographer.doFrame:1292 android.view.Choreographer$FrameDisplayEventReceiver.run:1870
