04-15 09:53:52.029  1151  1199 I SurfaceFlinger: id=18953 Removed Surface(name=3edafdc StatusBar)/@0x3b919ed - animation-leash of insets_animation#18953 (233)
04-15 09:53:52.031  1151  1151 I Layer   : id=18967 Destroyed Surface(name=3edafdc StatusBar)/@0x3b919ed - animation-leash of insets_animation#18967
04-15 09:53:52.031  1151  1151 I Layer   : id=18968 Destroyed Surface(name=8c5cec7 NavigationBar0)/@0xa68870 - animation-leash of insets_animation#18968
04-15 09:53:52.031  2000  2120 I VRI[test]@a4a443: onActiveControlsChanged, removed=false, mAdded=true, caller=android.view.ViewRootImpl.handleInsetsControlChanged:3002 android.view.ViewRootImpl$ViewRootHandler.handleMessageImpl:8352 android.view.ViewRootImpl$ViewRootHandler.handleMessage:8301 android.os.Handler.dispatchMessage:110 android.os.Looper.loopOnce:273
04-15 09:53:52.032  1151  1200 I SurfaceFlinger: id=18954 Removed Surface(name=8c5cec7 NavigationBar0)/@0xa68870 - animation-leash of insets_animation#18954 (231)
04-15 09:53:52.032  2000  2195 I VRI[test]@a4a443: mWNT: t=0xb4000074fc6ed090 mBlastBufferQueue=0xb40000741d1444e0 fn= 2 HdrRenderState mRenderHdrSdrRatio=1.0 caller= android.view.SyncRtSurfaceTransactionApplier.applyTransaction:100 android.view.SyncRtSurfaceTransactionApplier.lambda$scheduleApply$0:73 android.view.SyncRtSurfaceTransactionApplier.$r8$lambda$afI4fXg3U3-nBZQEDQMiNy-B06s:0
04-15 09:53:52.032  2000  2195 I VRI[test]@a4a443: mWNT: t=0xb4000074fc7c7910 mBlastBufferQueue=0xb40000741d1444e0 fn= 2 HdrRenderState mRenderHdrSdrRatio=1.0 caller= android.view.SyncRtSurfaceTransactionApplier.applyTransaction:100 android.view.SyncRtSurfaceTransactionApplier.lambda$scheduleApply$0:73 android.view.SyncRtSurfaceTransactionApplier.$r8$lambda$afI4fXg3U3-nBZQEDQMiNy-B06s:0
04-15 09:53:52.037  1151  1338 D SurfaceFlinger: [input] setFocusedWindow: 718ff8d com.catfact.app.feature.facts.test/androidx.activity.ComponentActivity
04-15 09:53:52.037  1151  1151 I SurfaceFlinger: RequestedLayer [com.catfact.app.feature.facts.test/a[...]ivity.ComponentActivity$_19868#18966] hidden!! flag  from(1) --> to(0)
04-15 09:53:52.037  1542  2103 D InputDispatcher: Once focus requested (0): 718ff8d com.catfact.app.feature.facts.test/androidx.activity.ComponentActivity
04-15 09:53:52.037  1542  2103 D InputDispatcher: Focus request (0): 718ff8d com.catfact.app.feature.facts.test/androidx.activity.ComponentActivity but waiting because NOT_VISIBLE
04-15 09:53:52.038  1151  1151 I SurfaceFlinger: destroyed Surface(name=8c5cec7 NavigationBar0)/@0xa68870 - animation-leash of insets_animation#18954
04-15 09:53:52.038  1151  1151 I SurfaceFlinger: destroyed Surface(name=3edafdc StatusBar)/@0x3b919ed - animation-leash of insets_animation#18953
04-15 09:53:52.038  1151  1151 I SurfaceFlinger: [LayerHierarchy{RequestedLayerState{718ff8d com.catfact.app.feature.facts.test/androidx.activity.ComponentActivity#18964 parentId=18971} 1 children}] reparent to LayerHierarchy{RequestedLayerState{Surface(name=718ff8d com.catfact.app.feature.facts.test/androidx.activity.ComponentActivity)/@0xa2af3a8 - animation-leash of starting_reveal#18971 parentId=18959} 1 children}
04-15 09:53:52.040  1151  1151 I Layer   : id=18954 Destroyed Surface(name=8c5cec7 NavigationBar0)/@0xa68870 - animation-leash of insets_animation#18954
04-15 09:53:52.040  1151  1151 I Layer   : id=18953 Destroyed Surface(name=3edafdc StatusBar)/@0x3b919ed - animation-leash of insets_animation#18953
04-15 09:53:52.040  2000  2194 I VRI[test]@a4a443: mWNT: t=0xb4000074fc7d6550 mBlastBufferQueue=0xb40000741d1444e0 fn= 3 HdrRenderState mRenderHdrSdrRatio=1.0 caller= android.view.SyncRtSurfaceTransactionApplier.applyTransaction:100 android.view.SyncRtSurfaceTransactionApplier.lambda$scheduleApply$0:73 android.view.SyncRtSurfaceTransactionApplier.$r8$lambda$afI4fXg3U3-nBZQEDQMiNy-B06s:0
04-15 09:53:52.041  3979  3988 I ndroid.calendar: Background concurrent mark compact GC freed 32MB AllocSpace bytes, 0(0B) LOS objects, 65% free, 25MB/73MB, paused 2.612ms,2.859ms total 127.965ms
04-15 09:53:52.043  1542  1585 D SurfaceComposerClient: setCornerRadius ## 2fafe65 Splash Screen com.catfact.app.feature.facts.test#18960 cornerRadius=0.000000
04-15 09:53:52.043  1542  1585 D SurfaceComposerClient: setCornerRadius ## 718ff8d com.catfact.app.feature.facts.test/androidx.activity.ComponentActivity#18964 cornerRadius=0.000000
04-15 09:53:52.043  1542  3015 I NSLocationMonitor: getGPSUsingApps() called
04-15 09:53:52.044  2461  4418 I HoneySpace.RecentTasks: onRecentTasksChanged
04-15 09:53:52.048  1151  1151 D SurfaceFlinger: Display 4633128672291735999 HWC layers:
04-15 09:53:52.048  1151  1151 D SurfaceFlinger:        CLIENT |           17089674871069 | 00002102 | RGBA_8888    |   52.0    0.0  720.0 1544.0 |    0    0  720 1544 | com.google.android.calendar/com.goog[...]AllInOneCalendarActivity$_3979#18950 (27)
04-15 09:53:52.048  1151  1151 D SurfaceFlinger:   SOLID_COLOR |                        0 | 00000000 | N/A          |    0.0    0.0    0.0    0.0 |    0    0  720 1544 | DimTransitionLayer for Surface(name=Task=3885)/@0x3cf3816#18963 (0)
04-15 09:53:52.048  1151  1151 D SurfaceFlinger:        DEVICE |           85332410236960 | 00002102 | RGBA_8888    |    0.0    0.0  166.0 1544.0 |  554    0  720 1544 | com.catfact.app.feature.facts.test/a[...]ivity.ComponentActivity$_19868#18966 (1)
04-15 09:53:52.048  1151  1151 D SurfaceFlinger:        DEVICE |            8589934656033 | 00002100 | RGBA_8888    |    0.0    0.0  166.0 1544.0 |  554    0  720 1544 | Splash Screen com.catfact.app.feature.facts.test$_2000#18961 (1)
04-15 09:53:52.048  1151  1151 D SurfaceFlinger:        DEVICE |            8589934654742 | 00002100 | RGBA_8888    |    0.0    0.0  720.0   50.0 |    0    0  720   50 | StatusBar$_2000#102 (26572)
04-15 09:53:52.048  1151  1151 D SurfaceFlinger:        DEVICE |           10569914518889 | 00002100
04-15 09:53:52.048  1151  1151 D SurfaceFlinger: | RGBA_8888    |    0.0    0.0   67.0  353.0 |  653  192  720  545 | com.sec.android.app.launcher/com.sam[...]l.app.CocktailBarService$_2461#16495 (1)
04-15 09:53:52.048  1151  1151 D SurfaceFlinger:        DEVICE |            8589934654705 | 00002100 | RGBA_8888    |    0.0    0.0  720.0   90.0 |    0 1454  720 1544 | NavigationBar0$_2000#98 (17356)
04-15 09:53:52.048  1151  1151 D SurfaceFlinger:
04-15 09:53:52.048  2982  6680 I NSLocationManager_FLP: getGPSUsingApps, No change
04-15 09:53:52.048  2000  2195 I VRI[test]@a4a443: mWNT: t=0xb4000074fc7bf790 mBlastBufferQueue=0xb40000741d1444e0 fn= 4 HdrRenderState mRenderHdrSdrRatio=1.0 caller= android.view.SyncRtSurfaceTransactionApplier.applyTransaction:100 android.view.SyncRtSurfaceTransactionApplier.lambda$scheduleApply$0:73 android.view.SyncRtSurfaceTransactionApplier.$r8$lambda$afI4fXg3U3-nBZQEDQMiNy-B06s:0
04-15 09:53:52.049  3723 15452 I [AirCmd]_ActivitySwitchDetector: onTaskStackChanged : componentName - ComponentInfo{com.catfact.app.feature.facts.test/androidx.activity.ComponentActivity}
04-15 09:53:52.051  1542  2476 D InputDispatcher: Focus entered window (0): 718ff8d com.catfact.app.feature.facts.test/androidx.activity.ComponentActivity
04-15 09:53:52.051 19868 19868 D VRI[ComponentActivity]@a556c4: mThreadedRenderer.initializeIfNeeded()#2 mSurface={isValid=true 0xb40000748c55c0d0}
04-15 09:53:52.051 19868 19868 D InputMethodManagerUtils: startInputInner - Id : 0
04-15 09:53:52.052 19868 19868 I InputMethodManager: startInputInner - IInputMethodManagerGlobalInvoker.startInputOrWindowGainedFocus
04-15 09:53:52.053  1542  1750 I ImeTracker: com.catfact.app.feature.facts.test:c7305e8: onRequestHide at ORIGIN_SERVER reason HIDE_UNSPECIFIED_WINDOW fromUser false
04-15 09:53:52.053 19868 19868 I InputMethodManager: handleMessage: setImeVisibility visible=false
04-15 09:53:52.053 19868 19868 D InsetsController: hide(ime(), fromIme=false)
04-15 09:53:52.053 19868 19868 I ImeTracker: com.catfact.app.feature.facts.test:c7305e8: onCancelled at PHASE_CLIENT_ALREADY_HIDDEN
04-15 09:53:52.054  1542  1750 D InputTransport: Input channel constructed: 'ClientS', fd=1178
04-15 09:53:52.054  1542  1750 D InputTransport: Input channel destroyed: 'ClientS', fd=1178
04-15 09:53:52.054 19868 19923 D InputTransport: Input channel constructed: 'ClientS', fd=134
04-15 09:53:52.054  3963  4335 I SemDvfsHyPerManager: acquire hyper - BaseTABoost/3963@25, type = -999
04-15 09:53:52.054  3756  3756 I HBD     : HoneyBoardService onFinishInput
04-15 09:53:52.055  3756  3756 I HBD     : a IC have been unbinding,  RemoteInputConnection{idHash=#58fba42}
04-15 09:53:52.055  3756  3756 I HBD     : HoneyBoardService [PF_CL][onFinishInput]  1 ms
04-15 09:53:52.055  1151  1378 I SurfaceFlinger: id=18972 createSurf, flag=24004, Surface(name=1d7a05f InputMethod)/@0x5f77a9d - animation-leash of insets_animation#18972
04-15 09:53:52.056  3756  3756 I HBD     : HoneyBoardService [IMI] onStartInput - caller pid : 19868 , caller uid : 10749
04-15 09:53:52.056  3756  3756 I HBD     : k updateConfigs
04-15 09:53:52.056  3756  3756 I HBD     : k isEnabledNightMode : true
04-15 09:53:52.056  3756  3756 I HBD     : a IC have been binding, RemoteInputConnection{idHash=#4d987c1}
04-15 09:53:52.056  3756  3756 I HBD     : h [EditorInputType]setPrivateImeOptionsToTable privateImeOptions ( null )
04-15 09:53:52.056  3756  3756 I HBD     : b incognitoMode : false
04-15 09:53:52.056  3756  3756 I HBD     : c needOff = true , isForceOff = false, isNullInputClass : true
04-15 09:53:52.056  3756  3756 I HBD     : h getDefaultInputRange : UNKNOWN
04-15 09:53:52.056  3756  3756 I HBD     : h getDefaultInputRange : UNKNOWN
04-15 09:53:52.056  3756  3756 I HBD     : h getDefaultInputRange : UNKNOWN
04-15 09:53:52.057  3756  3756 I HBD     : c needOff = true , isForceOff = false, isNullInputClass : true
04-15 09:53:52.057  3756  3756 I HBD     : c update cached prediction status : false
04-15 09:53:52.057  3756  3756 I HBD     : h getDefaultInputRange : UNKNOWN
04-15 09:53:52.057  3756  3756 I HBD     : a currentState : 0
04-15 09:53:52.057  3756  3756 I HBD     : a [UpdatePolicy] [post] a: 0 cl: 65538 kit: [0/0] vt: 0 ir: 1
04-15 09:53:52.057  2000  2194 I VRI[test]@a4a443: mWNT: t=0xb4000074fc767350 mBlastBufferQueue=0xb40000741d1444e0 fn= 5 HdrRenderState mRenderHdrSdrRatio=1.0 caller= android.view.SyncRtSurfaceTransactionApplier.applyTransaction:100 android.view.SyncRtSurfaceTransactionApplier.lambda$scheduleApply$0:73 android.view.SyncRtSurfaceTransactionApplier.$r8$lambda$afI4fXg3U3-nBZQEDQMiNy-B06s:0
04-15 09:53:52.057  1542  2103 I ImeTracker: system_server:60803055: onRequestHide at ORIGIN_SERVER reason IME_REQUESTED_CHANGED_LISTENER fromUser false
04-15 09:53:52.057  1151  1151 I SurfaceFlinger: [Surface(name=1d7a05f InputMethod)/@0x5f77a9d - animation-leash of insets_animation#18972] attach to parent LayerHierarchy{RequestedLayerState{WindowToken{d080c22 type=2011 android.os.Binder@459a5ed}#120 parentId=15} 2 children}
04-15 09:53:52.058  1542  1584 I ImeTracker: system_server:60803055: onCancelled at PHASE_SERVER_SHOULD_HIDE
04-15 09:53:52.058  1542  1585 D SurfaceComposerClient: setCornerRadius ## 2fafe65 Splash Screen com.catfact.app.feature.facts.test#18960 cornerRadius=0.000000
04-15 09:53:52.058  1542  1585 D SurfaceComposerClient: setCornerRadius ## 718ff8d com.catfact.app.feature.facts.test/androidx.activity.ComponentActivity#18964 cornerRadius=0.000000
04-15 09:53:52.058  3979  3979 D InputTransport: Input channel destroyed: 'ClientS', fd=214
04-15 09:53:52.058  3756  3756 I HBD     : a [NRIC] resetNoResponseState
04-15 09:53:52.058  3756  3756 I HBD     : c needOff = true , isForceOff = false, isNullInputClass : true
04-15 09:53:52.058  3756  3756 I HBD     : c update cached prediction status : false
04-15 09:53:52.058  3756  3756 I HBD     : b [AiWriter] setContact : com.catfact.app.feature.facts.test
04-15 09:53:52.058  3756  3756 I HBD     : a [AiWriter] setContact : com.catfact.app.feature.facts.test
04-15 09:53:52.059  3756  3756 I HBD     : o0 EBD si S 0
04-15 09:53:52.059  3756  3756 I HBD     : r updateContactDBLanguage : 0
04-15 09:53:52.059  3756  3756 I HBD     : a [UpdatePolicy] [post] a: 31 cl: 65538 kit: [0/0] vt: 0 ir: 1
04-15 09:53:52.059  3756  3756 I HBD     : HoneyBoardService [PF_OP][onStartInput]  3 ms
04-15 09:53:52.059  3756  3756 I HBD     : [DirectWriting] DirectWriting emitInputConnection : RemoteInputConnection{idHash=#4d987c1}
04-15 09:53:52.060  3756  2074 I HBD     : a [SKE_SPECIFIC] specific model[com.catfact.app.feature.facts.test] loaded, 921016 ns
04-15 09:53:52.061  1059  1180 I HYPER-HAL: [RequestManager.cpp]acquire(): Acquired ID : 7954091  [3963 / 25]    HINT :      list : [TABoost / 1]
04-15 09:53:52.061  1542  3015 I NSLocationMonitor: getGPSUsingApps() called
04-15 09:53:52.062  2982  6680 I NSLocationManager_FLP: getGPSUsingApps, No change
04-15 09:53:52.064  1151  1151 I SurfaceFlinger: RequestedLayer [Surface(name=1d7a05f InputMethod)/@0[...]tion-leash of insets_animation#18972] hidden!! flag  from(1) --> to(0)
04-15 09:53:52.064  1151  1151 E SurfaceFlinger: alpha changed 1.000 -> 0.000 - Surface(name=1d7a05f InputMethod)/@0x5f77a9d - animation-leash of insets_animation#18972
04-15 09:53:52.065  1151  1151 I SurfaceFlinger: [LayerHierarchy{RequestedLayerState{ImeContainer#15 parentId=18959 relativeParentId=18959 z=3} 1 children}] reparent to LayerHierarchy{RequestedLayerState{ActivityRecord{249058214 u0 com.catfact.app.feature.facts.test/androidx.activity.ComponentActivity t3885}#18959 parentId=18958} 4 children}
04-15 09:53:52.065  1151  1151 I SurfaceFlinger: [LayerHierarchy{RequestedLayerState{ImeContainer#15 parentId=18959 relativeParentId=18959 z=3} 1 children}] RelativeParent to null
04-15 09:53:52.065  1151  1151 I SurfaceFlinger: [LayerHierarchy{RequestedLayerState{1d7a05f InputMethod#134 parentId=18972} no children}] reparent to LayerHierarchy{RequestedLayerState{Surface(name=1d7a05f InputMethod)/@0x5f77a9d - animation-leash of insets_animation#18972 parentId=120} 1 children}
04-15 09:53:52.065  1151  1151 I SurfaceFlinger: [LayerHierarchy{RequestedLayerState{Surface(name=1d7a05f InputMethod)/@0x5f77a9d - animation-leash of insets_animation#18956} no children}] reparent to OffscreenRoot
04-15 09:53:52.065  1151  1151 I SurfaceFlinger: [LayerHierarchy{RequestedLayerState{Surface(name=1d7a05f InputMethod)/@0x5f77a9d - animation-leash of insets_animation#18956} no children}] RelativeParent to null
04-15 09:53:52.065  2000  2195 I VRI[test]@a4a443: mWNT: t=0xb4000074fc702950 mBlastBufferQueue=0xb40000741d1444e0 fn= 6 HdrRenderState mRenderHdrSdrRatio=1.0 caller= android.view.SyncRtSurfaceTransactionApplier.applyTransaction:100 android.view.SyncRtSurfaceTransactionApplier.lambda$scheduleApply$0:73 android.view.SyncRtSurfaceTransactionApplier.$r8$lambda$afI4fXg3U3-nBZQEDQMiNy-B06s:0
04-15 09:53:52.068  1151  1200 I SurfaceFlinger: id=18956 Removed Surface(name=1d7a05f InputMethod)/@0x5f77a9d - animation-leash of insets_animation#18956 (230)
04-15 09:53:52.069  3756  3756 I InputMethodService: scheduleImeSurfaceRemoval: canceled, mShowInputRequested=false, mWindowVisible=false, IsmWindowNull=false, IsmImeSurfaceRemoverRunnableNotNull=true
04-15 09:53:52.073  1151  1151 I SurfaceFlinger: destroyed Surface(name=1d7a05f InputMethod)/@0x5f77a9d - animation-leash of insets_animation#18956
04-15 09:53:52.074  2000  2194 I VRI[test]@a4a443: mWNT: t=0xb4000074fc6efc50 mBlastBufferQueue=0xb40000741d1444e0 fn= 7 HdrRenderState mRenderHdrSdrRatio=1.0 caller= android.view.SyncRtSurfaceTransactionApplier.applyTransaction:100 android.view.SyncRtSurfaceTransactionApplier.lambda$scheduleApply$0:73 android.view.SyncRtSurfaceTransactionApplier.$r8$lambda$afI4fXg3U3-nBZQEDQMiNy-B06s:0
04-15 09:53:52.075  1151  1151 I Layer   : id=18956 Destroyed Surface(name=1d7a05f InputMethod)/@0x5f77a9d - animation-leash of insets_animation#18956
04-15 09:53:52.082  1542  2103 I WindowManager: Relayout Window{2fafe65 u0 Splash Screen com.catfact.app.feature.facts.test}: viewVisibility=8 req=720x1544 ty=3 d0
04-15 09:53:52.082  1542  2103 D SurfaceComposerClient: setCornerRadius ## 718ff8d com.catfact.app.feature.facts.test/androidx.activity.ComponentActivity#18964 cornerRadius=0.000000
04-15 09:53:52.083  1542  2103 D SurfaceComposerClient: setCornerRadius ## 2fafe65 Splash Screen com.catfact.app.feature.facts.test#18960 cornerRadius=0.000000
04-15 09:53:52.083  1542  2103 D SurfaceComposerClient: setCornerRadius ## 718ff8d com.catfact.app.feature.facts.test/androidx.activity.ComponentActivity#18964 cornerRadius=0.000000
04-15 09:53:52.084  1542  2103 I WindowManager: Relayout hash=2fafe65, pid=2000, syncId=-1: mAttrs={(0,0)(fillxfill) sim={adjust=pan} layoutInDisplayCutoutMode=always ty=APPLICATION_STARTING fmt=TRANSLUCENT wanim=0x1030317
04-15 09:53:52.084  1542  2103 I WindowManager:   fl=81030118
04-15 09:53:52.084  1542  2103 I WindowManager:   pfl=10000810
04-15 09:53:52.084  1542  2103 I WindowManager:   apr=18
04-15 09:53:52.084  1542  2103 I WindowManager:   bhv=1
04-15 09:53:52.084  1542  2103 I WindowManager:   fitSides=0
04-15 09:53:52.084  1542  2103 I WindowManager:   frameRateBoostOnTouch=true
04-15 09:53:52.084  1542  2103 I WindowManager:   dvrrWindowFrameRateHint=true naviIconColor=0}
04-15 09:53:52.084  2000  2120 I VRI[test]@a4a443: onActiveControlsChanged, removed=false, mAdded=true, caller=android.view.ViewRootImpl.handleInsetsControlChanged:3002 android.view.ViewRootImpl.relayoutWindow:11629 android.view.ViewRootImpl.performTraversals:4804 android.view.ViewRootImpl.doTraversal:3924 android.view.ViewRootImpl$TraversalRunnable.run:12903
04-15 09:53:52.085  2000  2120 I VRI[test]@a4a443: Relayout returned: old=(0,0,720,1544) new=(0,0,720,1544) relayoutAsync=false req=(720,1544)8 dur=3 res=0x2 s={false 0x0} ch=true seqId=0
04-15 09:53:52.085  2000  2120 D VRI[test]@a4a443: Not drawing due to not visible. Reason=View.GONE
04-15 09:53:52.085  1218  6568 I CameraService: onUidStateChanged: uid=10048, procState is changed. (1 -> 0)
04-15 09:53:52.086  2000  2120 I VRI[test]@a4a443: dispatchDetachedFromWindow
04-15 09:53:52.087  1542  2475 D InputTransport: Input channel destroyed: '2fafe65', fd=1041
04-15 09:53:52.087  1542  2475 D SurfaceComposerClient: setCornerRadius ## 718ff8d com.catfact.app.feature.facts.test/androidx.activity.ComponentActivity#18964 cornerRadius=0.000000
04-15 09:53:52.087  1542  2475 D SurfaceComposerClient: setCornerRadius ## 718ff8d com.catfact.app.feature.facts.test/androidx.activity.ComponentActivity#18964 cornerRadius=0.000000
04-15 09:53:52.088  2000  2120 D InputTransport: Input channel destroyed: '2fafe65', fd=575
04-15 09:53:52.088  1542  1585 D SurfaceComposerClient: setCornerRadius ## 718ff8d com.catfact.app.feature.facts.test/androidx.activity.ComponentActivity#18964 cornerRadius=0.000000
04-15 09:53:52.090  1542  1585 D SurfaceComposerClient: setCornerRadius ## 718ff8d com.catfact.app.feature.facts.test/androidx.activity.ComponentActivity#18964 cornerRadius=0.000000
04-15 09:53:52.093  2000  2000 D SystemUIService: SYSUI_RAM_OPTIMIZATION onTrimMemory=20
04-15 09:53:52.093  2000  2000 D CentralSurfaces: SYSUI_RAM_OPTIMIZATION onTrimMemory=20
04-15 09:53:52.093  2000  2196 D HWUI    : CacheManager::trimMemory(20)
04-15 09:53:52.098  1151  1151 I SurfaceFlinger: RequestedLayer [Splash Screen com.catfact.app.feature.facts.test$_2000#18961] hidden!! flag  from(0) --> to(1)
04-15 09:53:52.098  1151  1151 I SurfaceFlinger: [LayerHierarchy{RequestedLayerState{718ff8d com.catfact.app.feature.facts.test/androidx.activity.ComponentActivity#18964 parentId=18959} 1 children}] reparent to LayerHierarchy{RequestedLayerState{ActivityRecord{249058214 u0 com.catfact.app.feature.facts.test/androidx.activity.ComponentActivity t3885}#18959 parentId=18958} 5 children}
04-15 09:53:52.098  1151  1151 I SurfaceFlinger: [LayerHierarchy{RequestedLayerState{Surface(name=718ff8d com.catfact.app.feature.facts.test/androidx.activity.ComponentActivity)/@0xa2af3a8 - animation-leash of starting_reveal#18971} no children}] reparent to OffscreenRoot
04-15 09:53:52.098  1151  1151 I SurfaceFlinger: [LayerHierarchy{RequestedLayerState{Surface(name=718ff8d com.catfact.app.feature.facts.test/androidx.activity.ComponentActivity)/@0xa2af3a8 - animation-leash of starting_reveal#18971} no children}] RelativeParent to null
04-15 09:53:52.107  1151  1151 D SurfaceFlinger: Display 4633128672291735999 HWC layers:
04-15 09:53:52.107  1151  1151 D SurfaceFlinger:        CLIENT |           17089674871070 | 00002102 | RGBA_8888    |  160.0    0.0  720.0 1544.0 |    0    0  720 1544 | com.google.android.calendar/com.goog[...]AllInOneCalendarActivity$_3979#18950 (30)
04-15 09:53:52.107  1151  1151 D SurfaceFlinger:   SOLID_COLOR |                        0 | 00000000 | N/A          |    0.0    0.0    0.0    0.0 |    0    0  720 1544 | DimTransitionLayer for Surface(name=Task=3885)/@0x3cf3816#18963 (0)
04-15 09:53:52.107  1151  1151 D SurfaceFlinger:        DEVICE |           85332410236960 | 00002102 | RGBA_8888    |    0.0    0.0  512.0 1544.0 |  208    0  720 1544 | com.catfact.app.feature.facts.test/a[...]ivity.ComponentActivity$_19868#18966 (1)
04-15 09:53:52.107  1151  1151 D SurfaceFlinger:        DEVICE |            8589934654704 | 00002100 | RGBA_8888    |    0.0    0.0  720.0   50.0 |    0    0  720   50 | StatusBar$_2000#102 (26579)
04-15 09:53:52.107  1151  1151 D SurfaceFlinger:        DEVICE |           10569914518889 | 00002100 | RGBA_8888    |    0.0    0.0   67.0  353.0 |  653  192  720  545 | com.sec.android.app.launcher/com.sam[...]l.app.CocktailBarService$_2461#16495 (1)
04-15 09:53:52.107  1151  1151 D SurfaceFlinger:        DEVICE |            85899346
04-15 09:53:52.107  1151  1151 D SurfaceFlinger: 54693 | 00002100 | RGBA_8888    |    0.0    0.0  720.0   90.0 |    0 1454  720 1544 | NavigationBar0$_2000#98 (17363)
04-15 09:53:52.107  1151  1151 D SurfaceFlinger:
04-15 09:53:52.131  2000  2000 D QSClock : onDarkChanged tint=DARK
04-15 09:53:52.201  1151  1151 D SurfaceFlinger: GPIS:: requestGpisForClientComposition
04-15 09:53:52.211  3756  3756 I InputMethodService: removeImeSurface
04-15 09:53:52.211  3756  3756 I InputMethodService: cancelImeSurfaceRemoval: removeCallbacks
04-15 09:53:52.253  2461  2461 I HoneySpace.EdgePanel.EdgeVisibilityRepository: getComputedTrayVisible : keyguardState = 1
04-15 09:53:52.253  2461  2461 I HoneySpace.EdgePanel.EdgeVisibilityRepository: updateTrayVisible: State = 0x1, visible = true, current containerState = 0, specificMode = 0
04-15 09:53:52.253  2461  2461 I HoneySpace.EdgePanel.EdgeVisibilityRepository: Same container state 0
04-15 09:53:52.290  3979  3988 I ndroid.calendar: Background concurrent mark compact GC freed 48MB AllocSpace bytes, 2(32KB) LOS objects, 55% free, 37MB/85MB, paused 1.170ms,2.732ms total 103.147ms
04-15 09:53:52.325  1059 20016 I HYPER-HAL: [RequestManager.cpp]releaseLocked(): Released ID : 1223852
04-15 09:53:52.440  1151  1151 D SurfaceFlinger: Display 4633128672291735999 HWC layers:
04-15 09:53:52.440  1151  1151 D SurfaceFlinger:        DEVICE |           85332410236960 | 00002102 | RGBA_8888    |    0.0    0.0  720.0 1544.0 |    0    0  720 1544 | com.catfact.app.feature.facts.test/a[...]ivity.ComponentActivity$_19868#18966 (1)
04-15 09:53:52.440  1151  1151 D SurfaceFlinger:        DEVICE |            8589934654687 | 00002100 | RGBA_8888    |    0.0    0.0  720.0   50.0 |    0    0  720   50 | StatusBar$_2000#102 (26586)
04-15 09:53:52.440  1151  1151 D SurfaceFlinger:        DEVICE |           10569914518889 | 00002100 | RGBA_8888    |    0.0    0.0   67.0  353.0 |  653  192  720  545 | com.sec.android.app.launcher/com.sam[...]l.app.CocktailBarService$_2461#16495 (1)
04-15 09:53:52.440  1151  1151 D SurfaceFlinger:        DEVICE |            8589934654691 | 00002100 | RGBA_8888    |    0.0    0.0  720.0   90.0 |    0 1454  720 1544 | NavigationBar0$_2000#98 (17369)
04-15 09:53:52.440  1151  1151 D SurfaceFlinger:
04-15 09:53:52.441  2000  2105 I SurfaceControlRegistry: apply, t=FinishTransaction_SyncId<1691>, caller=android.view.SurfaceControl$Transaction.apply:3459 android.view.SurfaceControl$Transaction.apply:3447 android.view.SurfaceControl$Transaction.apply:3397 com.android.wm.shell.transition.Transitions.onFinish:315 com.android.wm.shell.transition.Transitions$$ExternalSyntheticLambda7.onTransitionFinished:12 com.android.wm.shell.transition.DefaultTransitionHandler$$ExternalSyntheticLambda2.run:36
04-15 09:53:52.443  3979  3979 I VRI[AllInOneCalendarActivity]@89bfaeb: handleAppVisibility mAppVisible = true visible = false
04-15 09:53:52.443  3979  3979 D VRI[AllInOneCalendarActivity]@89bfaeb: visibilityChanged oldVisibility=true newVisibility=false
04-15 09:53:52.443  1542  2475 D SurfaceComposerClient: setCornerRadius ## 718ff8d com.catfact.app.feature.facts.test/androidx.activity.ComponentActivity#18964 cornerRadius=0.000000
04-15 09:53:52.444  1542  2475 D SurfaceComposerClient: setCornerRadius ## 718ff8d com.catfact.app.feature.facts.test/androidx.activity.ComponentActivity#18964 cornerRadius=0.000000
04-15 09:53:52.444  2000  2000 D SamsungLightBarControlHelper: updateStatusBar (WHITE icon) numStacks:1, StatusBarMode:MODE_TRANSPARENT, lightBarBounds:[], StatusBarState:SHADE, packageName:, isWhiteKeyguardStatusBar:false
04-15 09:53:52.444  2000  2000 D SamsungLightBarControlHelper: onStatusBarAppearanceChanged() -  sbModeChanged:false, statusBarMode:0, barState:MODE_TRANSPARENT, isKeyguardShowing:false, navbarColorManagedByIme:false, (AppearanceRegion{ bounds=[0,0][720,1544]}, )
04-15 09:53:52.448  1151  1151 I SurfaceFlinger: RequestedLayer [Task=3801#16292] hidden!! flag  from(0) --> to(1)
04-15 09:53:52.448  1151  1151 I SurfaceFlinger: [Display 0 name="Built-in Screen"#49] setFrameRateCategory: Default
04-15 09:53:52.448  1151  1151 I SurfaceFlinger: [LayerHierarchy{RequestedLayerState{Task=3801#16292 parentId=10 z=12} 1 children}] reparent to LayerHierarchy{RequestedLayerState{DefaultTaskDisplayArea_d0#10 parentId=9} 16 children}
04-15 09:53:52.448  1151  1151 I SurfaceFlinger: [LayerHierarchy{RequestedLayerState{Task=3885#18958 parentId=10 z=13} 2 children}] reparent to LayerHierarchy{RequestedLayerState{DefaultTaskDisplayArea_d0#10 parentId=9} 17 children}
04-15 09:53:52.448  1151  1151 I SurfaceFlinger: [LayerHierarchy{RequestedLayerState{Transition Root: Task=3885#18962 z=13} 1 children}] reparent to OffscreenRoot
04-15 09:53:52.448  1151  1151 I SurfaceFlinger: [LayerHierarchy{RequestedLayerState{Transition Root: Task=3885#18962 z=13} 1 children}] RelativeParent to null
04-15 09:53:52.448  1151  1151 I SurfaceFlinger: [LayerHierarchy{RequestedLayerState{DimTransitionLayer for Surface(name=Task=3885)/@0x3cf3816#18963 z=-1} no children}] reparent to OffscreenRoot
04-15 09:53:52.448  1151  1151 I SurfaceFlinger: [LayerHierarchy{RequestedLayerState{DimTransitionLayer for Surface(name=Task=3885)/@0x3cf3816#18963 z=-1} no children}] RelativeParent to null
04-15 09:53:52.449  1151  1151 I SurfaceFlinger: id=18963 Removed DimTransitionLayer for Surface(name=Task=3885)/@0x3cf3816#18963 (229)
04-15 09:53:52.449  1151  1151 I SurfaceFlinger: id=18962 Removed Transition Root: Task=3885#18962 (229)
04-15 09:53:52.450  2000  2000 D SystemUIService: SYSUI_RAM_OPTIMIZATION onTrimMemory=20
04-15 09:53:52.450  2000  2000 D CentralSurfaces: SYSUI_RAM_OPTIMIZATION onTrimMemory=20
04-15 09:53:52.450  2000  2196 D HWUI    : CacheManager::trimMemory(20)
04-15 09:53:52.451  1542  1585 D SurfaceComposerClient: setCornerRadius ## 718ff8d com.catfact.app.feature.facts.test/androidx.activity.ComponentActivity#18964 cornerRadius=0.000000
04-15 09:53:52.454  2461  4418 I HoneySpace.Memory-Monitor: current state = 2, didTrim = false
04-15 09:53:52.455  2000  2000 D DisplayLifecycle: updateDisplay id = 0
04-15 09:53:52.455  2000  2125 D StackScroller: onDisplayChanged for predraw skip to 2
04-15 09:53:52.456  1151  1151 I SurfaceFlinger: RequestedLayer [com.google.android.calendar/com.goog[...]AllInOneCalendarActivity$_3979#18950] hidden!! flag  from(0) --> to(1)
04-15 09:53:52.456  1151  1151 I SurfaceFlinger: RequestedLayer [ActivityRecord{243114305 u0 com.goog[...]llInOneCalendarActivity t3801}#16293] hidden!! flag  from(0) --> to(1)
04-15 09:53:52.457  1151  1151 I SurfaceFlinger: destroyed Transition Root: Task=3885#18962
04-15 09:53:52.457  1151  1151 I SurfaceFlinger: destroyed DimTransitionLayer for Surface(name=Task=3885)/@0x3cf3816#18963
04-15 09:53:52.457  1151  1151 I SurfaceFlinger: [LayerHierarchy{RequestedLayerState{ImeContainer#15 parentId=18959 relativeParentId=18964 z=1} 1 children}] RelativeParent to LayerHierarchy{RequestedLayerState{718ff8d com.catfact.app.feature.facts.test/androidx.activity.ComponentActivity#18964 parentId=18959} 2 children}
04-15 09:53:52.457  1151  1151 I SurfaceFlinger: [LayerHierarchy{RequestedLayerState{2fafe65 Splash Screen com.catfact.app.feature.facts.test#18960 z=2147483647} 1 children}] reparent to OffscreenRoot
04-15 09:53:52.457  1151  1151 I SurfaceFlinger: [LayerHierarchy{RequestedLayerState{2fafe65 Splash Screen com.catfact.app.feature.facts.test#18960 z=2147483647} 1 children}] RelativeParent to null
04-15 09:53:52.457  1151  1151 I SurfaceFlinger: [LayerHierarchy{RequestedLayerState{Splash Screen com.catfact.app.feature.facts.test$_2000#18961} no children}] reparent to OffscreenRoot
04-15 09:53:52.457  1151  1151 I SurfaceFlinger: [LayerHierarchy{RequestedLayerState{Splash Screen com.catfact.app.feature.facts.test$_2000#18961} no children}] RelativeParent to null
04-15 09:53:52.457  1151  1151 I Layer   : id=18962 Destroyed Transition Root: Task=3885#18962
04-15 09:53:52.457  1151  1151 I Layer   : id=18963 Destroyed DimTransitionLayer for Surface(name=Task=3885)/@0x3cf3816#18963
04-15 09:53:52.457  1151  1151 I SurfaceFlinger: id=18960 Removed 2fafe65 Splash Screen com.catfact.app.feature.facts.test#18960 (227)
04-15 09:53:52.457  1151  1151 I SurfaceFlinger: id=18961 Removed Splash Screen com.catfact.app.feature.facts.test$_2000#18961 (227)
04-15 09:53:52.459  3979  4808 D HWUI    : CacheManager::trimMemory(20)
04-15 09:53:52.465  1151  1151 I SurfaceFlinger: destroyed 2fafe65 Splash Screen com.catfact.app.feature.facts.test#18960
04-15 09:53:52.465  1151  1151 I SurfaceFlinger: destroyed Splash Screen com.catfact.app.feature.facts.test$_2000#18961
04-15 09:53:52.465  1151  1151 I Layer   : id=18960 Destroyed 2fafe65 Splash Screen com.catfact.app.feature.facts.test#18960
04-15 09:53:52.466  1151  1151 I Layer   : id=18961 Destroyed Splash Screen com.catfact.app.feature.facts.test$_2000#18961
04-15 09:53:52.469  1542  1678 I WindowManager: Relayout Window{9802b6e u0 com.google.android.calendar/com.google.android.calendar.allinone.AllInOneCalendarActivity}: viewVisibility=8 req=720x1544 ty=1 d0
04-15 09:53:52.469  1542  1678 D SurfaceComposerClient: setCornerRadius ## 718ff8d com.catfact.app.feature.facts.test/androidx.activity.ComponentActivity#18964 cornerRadius=0.000000
04-15 09:53:52.469  1542  1678 D SurfaceComposerClient: setCornerRadius ## 718ff8d com.catfact.app.feature.facts.test/androidx.activity.ComponentActivity#18964 cornerRadius=0.000000
04-15 09:53:52.470  1542  1678 I WindowManager: Relayout hash=9802b6e, pid=3979, syncId=-1: mAttrs={(0,0)(fillxfill) sim={adjust=pan} layoutInDisplayCutoutMode=always ty=BASE_APPLICATION wanim=0x1030317
04-15 09:53:52.470  1542  1678 I WindowManager:   fl=81810100
04-15 09:53:52.470  1542  1678 I WindowManager:   pfl=100088c0
04-15 09:53:52.470  1542  1678 I WindowManager:   vsysui=700
04-15 09:53:52.470  1542  1678 I WindowManager:   bhv=1
04-15 09:53:52.470  1542  1678 I WindowManager:   fitSides=0
04-15 09:53:52.470  1542  1678 I WindowManager:   frameRateBoostOnTouch=true
04-15 09:53:52.470  1542  1678 I WindowManager:   dvrrWindowFrameRateHint=true naviIconColor=0}
04-15 09:53:52.473  1542  1796 D InetDiagMessage: Destroyed 0 sockets, proto=IPPROTO_TCP, family=AF_INET, states=14
04-15 09:53:52.474  1542  1796 D InetDiagMessage: Destroyed 0 sockets, proto=IPPROTO_TCP, family=AF_INET6, states=14
04-15 09:53:52.474  1542  1796 D InetDiagMessage: Destroyed live tcp sockets for uids={10120} in 2ms
04-15 09:53:52.474  1542  1796 D InetDiagMessage: Destroyed 0 sockets, proto=IPPROTO_TCP, family=AF_INET, states=14
04-15 09:53:52.474  1542  1796 D InetDiagMessage: Destroyed 0 sockets, proto=IPPROTO_TCP, family=AF_INET6, states=14
04-15 09:53:52.474  1542  1796 D InetDiagMessage: Destroyed live tcp sockets for uids={20120} in 0ms
04-15 09:53:52.475  1542  1796 D InetDiagMessage: Destroyed 0 sockets, proto=IPPROTO_TCP, family=AF_INET, states=14
04-15 09:53:52.475  1542  1796 D InetDiagMessage: Destroyed 0 sockets, proto=IPPROTO_TCP, family=AF_INET6, states=14
04-15 09:53:52.475  1542  1796 D InetDiagMessage: Destroyed live tcp sockets for uids={10073} in 1ms
04-15 09:53:52.476  1542  1796 D InetDiagMessage: Destroyed 0 sockets, proto=IPPROTO_TCP, family=AF_INET, states=14
04-15 09:53:52.476  1542  1796 D InetDiagMessage: Destroyed 0 sockets, proto=IPPROTO_TCP, family=AF_INET6, states=14
04-15 09:53:52.476  1542  1796 D InetDiagMessage: Destroyed live tcp sockets for uids={20073} in 1ms
04-15 09:53:52.478  3979  3979 I VRI[AllInOneCalendarActivity]@89bfaeb: Relayout returned: old=(0,0,720,1544) new=(0,0,720,1544) relayoutAsync=false req=(720,1544)8 dur=7 res=0x2 s={false 0x0} ch=true seqId=0
04-15 09:53:52.478  3979  3979 D VRI[AllInOneCalendarActivity]@89bfaeb: Not drawing due to not visible. Reason=!mAppVisible && !mForceDecorViewVisibility
04-15 09:53:52.481  3979  4808 D HWUI    : CacheManager::trimMemory(20)
04-15 09:53:52.489  3979  3979 I VRI[AllInOneCalendarActivity]@89bfaeb: stopped(true) old = false
04-15 09:53:52.489  3979  3979 D VRI[AllInOneCalendarActivity]@89bfaeb: WindowStopped on com.google.android.calendar/com.google.android.calendar.allinone.AllInOneCalendarActivity set to true
04-15 09:53:52.489  3979  4808 D HWUI    : CacheManager::trimMemory(20)
04-15 09:53:52.498 19868 19868 D ConnectivityManager: StackLog: [android.net.ConnectivityManager.sendRequestForNetwork(ConnectivityManager.java:4740)] [android.net.ConnectivityManager.sendRequestForNetwork(ConnectivityManager.java:4908)] [android.net.ConnectivityManager.registerNetworkCallback(ConnectivityManager.java:5325)] [android.net.ConnectivityManager.registerNetworkCallback(ConnectivityManager.java:5295)] [com.catfact.app.core.designsystem.util.ConnectivityObserver$observe$1.invokeSuspend(ConnectivityObserver.kt:40)] [com.catfact.app.core.designsystem.util.ConnectivityObserver$observe$1.invoke(Unknown Source:8)] [com.catfact.app.core.designsystem.util.ConnectivityObserver$observe$1.invoke(Unknown Source:4)] [kotlinx.coroutines.flow.ChannelFlowBuilder.collectTo$suspendImpl(Builders.kt:316)] [kotlinx.coroutines.flow.ChannelFlowBuilder.collectTo(Unknown Source:0)] [kotlinx.coroutines.flow.CallbackFlowBuilder.collectTo(Builders.kt:330)] [kotlinx.coroutines.flow.internal.ChannelFlow$collectToFun$1.invokeSuspend(ChannelFlow.kt:56)] [kotlin.coroutines.jvm.internal.BaseContinuationImpl.resumeWith(ContinuationImpl.kt:34)] [androidx.compose.ui.test.ApplyingContinuationInterceptor$SendApplyContinuation.resumeWith(ApplyingContinuationInterceptor.kt:52)] [androidx.compose.ui.test.FrameDeferringContinuationInterceptor$FrameDeferredContinuation.resumeWith(FrameDeferringContinuationInterceptor.jvm.kt:187)] [kotlin.coroutines.ContinuationKt.startCoroutine(Continuation.kt:129)] [kotlinx.coroutines.CoroutineStart.invoke(CoroutineStart.kt:359)] [kotlinx.coroutines.AbstractCoroutine.start(AbstractCoroutine.kt:124)] [kotlinx.coroutines.channels.ProduceKt.produce(Produce.kt:281)] [kotlinx.coroutines.channels.ProduceKt.produce$default(Produce.kt:269)] [kotlinx.coroutines.flow.internal.ChannelFlow.produceImpl(ChannelFlow.kt:115)] [kotlinx.coroutines.flow.internal.ChannelFlow$collect$2.invokeSuspend(ChannelFlow.kt:119)] [kotlinx.coroutines.flow.internal.ChannelFlow$collect$2.invoke(Unknown Source:8)] [kotlinx.coroutines.flow.internal.ChannelFlow$collect$2.invoke(Unknown Source:4)] [kotlinx.coroutines.intrinsics.UndispatchedKt.startUndispatchedOrReturn(Undispatched.kt:42)] [kotlinx.coroutines.CoroutineScopeKt.coroutineScope(CoroutineScope.kt:261)] [kotlinx.coroutines.flow.internal.ChannelFlow.collect$suspendImpl(ChannelFlow.kt:118)] [kotlinx.coroutines.flow.internal.ChannelFlow.collect(Unknown Source:0)] [kotlinx.coroutines.flow.DistinctFlowImpl.collect(Distinct.kt:68)] [kotlinx.coroutines.flow.internal.ChannelFlowOperatorImpl.flowCollect(ChannelFlow.kt:191)] [kotlinx.coroutines.flow.internal.ChannelFlowOperator.collectTo$suspendImpl(ChannelFlow.kt:153)] [kotlinx.coroutines.flow.internal.ChannelFlowOperator.collectTo(Unknown Source:0)] [kotlinx.coroutines.flow.internal.ChannelFlow$collectToFun$1.invokeSuspend(ChannelFlow.kt:56)] [kotlin.coroutines.jvm.internal.BaseContinuationImpl.resumeWith(ContinuationImpl.kt:34)] [androidx.compose.ui.test.ApplyingContinuationInterceptor$SendApplyContinuation.resumeWith(ApplyingContinuationInterceptor.kt:52)] [androidx.compose.ui.test.FrameDeferringContinuationInterceptor$FrameDeferredContinuation.resumeWith(FrameDeferringContinuationInterceptor.jvm.kt:187)] [kotlin.coroutines.ContinuationKt.startCoroutine(Continuation.kt:129)] [kotlinx.coroutines.CoroutineStart.invoke(CoroutineStart.kt:359)] [kotlinx.coroutines.AbstractCoroutine.start(AbstractCoroutine.kt:124)] [kotlinx.coroutines.channels.ProduceKt.produce(Produce.kt:281)] [kotlinx.coroutines.channels.ProduceKt.produce$default(Produce.kt:269)] [kotlinx.coroutines.flow.internal.ChannelFlow.produceImpl(ChannelFlow.kt:115)] [kotlinx.coroutines.flow.internal.ChannelFlow$collect$2.invokeSuspend(ChannelFlow.kt:119)] [kotlinx.coroutines.flow.internal.ChannelFlow$collect$2.invoke(Unknown Source:8)] [kotlinx.coroutines.flow.internal.ChannelFlow$collect$2.invoke(Unknown Source:4)] [kotlinx.coroutines.intrinsics.UndispatchedKt.startUndispatchedOrReturn(Undispatched.kt:42)] [kotlinx.coroutines.CoroutineScopeKt.coroutineScope(CoroutineScope.kt:261)] [kotlinx.coroutines.
04-15 09:53:52.501  1542  1796 D ConnectivityService: Rematched networks [computed 0ms] [applied 0ms] [issued 1]
04-15 09:53:52.501  1542  1796 D ConnectivityService: NetworkReassignment : no changes
04-15 09:53:52.521  1542  1582 D PkgPredictorService-SecIpmManagerServiceImpl: bg information pid:3979 uid:10279 pkgName:com.google.android.calendar
04-15 09:53:52.524  1151  1151 I SurfaceFlinger: [LayerHierarchy{RequestedLayerState{com.google.android.calendar/com.google.android.calendar.allinone.AllInOneCalendarActivity$_3979#18950} no children}] reparent to OffscreenRoot
04-15 09:53:52.524  1151  1151 I SurfaceFlinger: [LayerHierarchy{RequestedLayerState{com.google.android.calendar/com.google.android.calendar.allinone.AllInOneCalendarActivity$_3979#18950} no children}] RelativeParent to null
04-15 09:53:52.524  1151  1151 I SurfaceFlinger: id=18950 Removed com.google.android.calendar/com.google.android.calendar.allinone.AllInOneCalendarActivity$_3979#18950 (225)
04-15 09:53:52.533  1151  1151 I SurfaceFlinger: destroyed com.google.android.calendar/com.google.android.calendar.allinone.AllInOneCalendarActivity$_3979#18950
04-15 09:53:52.535  1151  1151 I Layer   : id=18950 Destroyed com.google.android.calendar/com.google.android.calendar.allinone.AllInOneCalendarActivity$_3979#18950
04-15 09:53:52.543  3979  3979 W WindowOnBackDispatcher: sendCancelIfRunning: isInProgress=false callback=android.app.Activity$$ExternalSyntheticLambda0@7ba7a92
04-15 09:53:52.552  3979  4808 D HWUI    : CacheManager::trimMemory(20)
04-15 09:53:52.554  3979  3979 D ViewRootImpl: Skipping stats log for color mode
04-15 09:53:52.554  3979  3979 I VRI[AllInOneCalendarActivity]@89bfaeb: dispatchDetachedFromWindow
04-15 09:53:52.554  1542  2103 D InputTransport: Input channel destroyed: '9802b6e', fd=1256
04-15 09:53:52.555  1542  2103 D SurfaceComposerClient: setCornerRadius ## 718ff8d com.catfact.app.feature.facts.test/androidx.activity.ComponentActivity#18964 cornerRadius=0.000000
04-15 09:53:52.555  1542  2103 D SurfaceComposerClient: setCornerRadius ## 718ff8d com.catfact.app.feature.facts.test/androidx.activity.ComponentActivity#18964 cornerRadius=0.000000
04-15 09:53:52.556  3979  3979 D InputTransport: Input channel destroyed: '9802b6e', fd=169
04-15 09:53:52.556  3979  3979 D BBA2    : setIsFg isFg = false; delayValue 3999ms
04-15 09:53:52.557  1151  1151 I SurfaceFlinger: [LayerHierarchy{RequestedLayerState{9802b6e com.google.android.calendar/com.google.android.calendar.allinone.AllInOneCalendarActivity#18949} no children}] reparent to OffscreenRoot
04-15 09:53:52.557  1151  1151 I SurfaceFlinger: [LayerHierarchy{RequestedLayerState{9802b6e com.google.android.calendar/com.google.android.calendar.allinone.AllInOneCalendarActivity#18949} no children}] RelativeParent to null
04-15 09:53:52.559  1151  1151 I SurfaceFlinger: id=18949 Removed 9802b6e com.google.android.calendar/com.google.android.calendar.allinone.AllInOneCalendarActivity#18949 (224)
04-15 09:53:52.564  2000  2000 D QSClock : onDarkChanged tint=WHITE
04-15 09:53:52.565  1151  1151 I SurfaceFlinger: destroyed 9802b6e com.google.android.calendar/com.google.android.calendar.allinone.AllInOneCalendarActivity#18949
04-15 09:53:52.565  1151  1151 I Layer   : id=18949 Destroyed 9802b6e com.google.android.calendar/com.google.android.calendar.allinone.AllInOneCalendarActivity#18949
04-15 09:53:52.577 19868 19868 I View    : setRequestedFrameRate frameRate=0.0, this=androidx.compose.ui.platform.AndroidComposeView{8a1de3a VFED..... ........ 0,0-720,1544 aid=1073741824}, caller=android.view.ViewGroup.setRequestedFrameRate:9952 androidx.compose.ui.platform.Api35Impl.setRequestedFrameRate:3822 androidx.compose.ui.platform.AndroidComposeView.dispatchDraw:2114 android.view.View.draw:26345 android.view.View.updateDisplayListIfDirty:25175
04-15 09:53:52.577 19868 19868 I View    : setRequestedFrameRate frameRate=-4.0, this=android.view.View{a81dad0 V.ED..... ......I. 0,0-0,0}, caller=androidx.compose.ui.platform.Api35Impl.setRequestedFrameRate:3822 androidx.compose.ui.platform.AndroidComposeView.dispatchDraw:2115 android.view.View.draw:26345 android.view.View.updateDisplayListIfDirty:25175 android.view.View.draw:26072
04-15 09:53:52.583 19868 19868 I View    : setRequestedFrameRate frameRate=NaN, this=androidx.compose.ui.platform.AndroidComposeView{8a1de3a VFED..... ........ 0,0-720,1544 aid=1073741824}, caller=android.view.ViewGroup.setRequestedFrameRate:9952 androidx.compose.ui.platform.Api35Impl.setRequestedFrameRate:3822 androidx.compose.ui.platform.AndroidComposeView.dispatchDraw:2114 android.view.View.draw:26345 android.view.View.updateDisplayListIfDirty:25175
04-15 09:53:52.583 19868 19868 I View    : setRequestedFrameRate frameRate=NaN, this=android.view.View{a81dad0 V.ED..... ........ 0,0-0,0}, caller=androidx.compose.ui.platform.Api35Impl.setRequestedFrameRate:3822 androidx.compose.ui.platform.AndroidComposeView.dispatchDraw:2115 android.view.View.draw:26345 android.view.View.updateDisplayListIfDirty:25175 android.view.ViewGroup.recreateChildDisplayList:4794
04-15 09:53:52.585 19868 19901 I GSC     : SID[14] : 7f437acb38afbb37, Kind: 1, time : 6.066 ms
04-15 09:53:52.591 19868 19901 I GSC     : SID[15] : babe92fa555a83ae, Kind: 0, time : 5.277 ms
04-15 09:53:52.598  1144  1154 E HeatmapThread: ECT Thread time in milliseconds: 1776239632
04-15 09:53:52.598  1144  1154 D HeatmapThread: !@ batteryplugType : 0
04-15 09:53:52.598  1144  1154 D HeatmapThread: !@ batteryLevel : 0  batteryTemperature : 0
04-15 09:53:52.598  1144  1154 D HeatmapThread: !@ Heatmap currtime: 29603993
04-15 09:53:52.598  1144  1154 D HeatmapThread: !@ Heatmap prevtime: 29603990
04-15 09:53:52.598  1144  1154 D HeatmapThread: !@ Heatmap plugstarttime: 35791394
04-15 09:53:52.598  1144  1154 D HeatmapThread: !@ Heatmap prevv_dsoh_update_time: 29597770
04-15 09:53:52.598  1144  1154 E HeatmapThread: !@Could not open '/efs/FactoryApp/bsoh', errno = 13
04-15 09:53:52.598  1144  1154 E HeatmapThread: !@ CAM Could not access BSOH EFS
04-15 09:53:52.598  1144  1154 E HeatmapThread: !@ CAM New BSOH: 0
04-15 09:53:52.637  1542  2103 I SemDvfsHyPerManager: acquire hyper - AMS_ACT_START/1542@20, type = -999
04-15 09:53:52.637  1059  1180 I HYPER-HAL: [RequestManager.cpp]acquire(): Acquired ID : 1220723  [1542 / 20]    HINT : AMS_ACT_START    list :
04-15 09:53:52.638  1151  2479 I SurfaceFlinger: id=18973 createSurf, flag=84004, ActivityRecord{140358658 u0 com.catfact.app.feature.facts.test/androidx.test.core.app.InstrumentationActivityInvoker$EmptyActivity t3885}#18973
04-15 09:53:52.642  3152  3152 E pageboostd: Received HALT command code 2
04-15 09:53:52.642  2000  2105 D ShellDesktopMode: handleRequest: TransitionRequestInfo {type=1, tid=3885, debugId=1692}
04-15 09:53:52.643 19868 19868 D LifecycleMonitor: Lifecycle status change: androidx.activity.ComponentActivity@5a47a39 in: PAUSED
04-15 09:53:52.643 19868 19868 V ActivityScenario: Update currentActivityStage to PAUSED, currentActivity=androidx.activity.ComponentActivity@5a47a39
04-15 09:53:52.645  1542  2103 D InputDispatcher: Focused application(0): ActivityRecord{140358658 u0 com.catfact.app.feature.facts.test/androidx.test.core.app.InstrumentationActivityInvoker$EmptyActivity t3885}
04-15 09:53:52.646  1542  2103 D GraphicsStatsService: requestRenderEngineFor(com.catfact.app.feature.facts.test)
04-15 09:53:52.647 19868 19868 D LifecycleMonitor: Lifecycle status change: androidx.test.core.app.InstrumentationActivityInvoker$EmptyActivity@39b6e7e in: PRE_ON_CREATE
04-15 09:53:52.647 19868 19868 V ActivityScenario: Activity lifecycle changed event received but ignored because the intent does not match. startActivityIntent=Intent { act=android.intent.action.MAIN cat=[android.intent.category.LAUNCHER] flg=0x10008000 cmp=com.catfact.app.feature.facts.test/androidx.activity.ComponentActivity }, activity.getIntent()=Intent { act=android.intent.action.MAIN cat=[android.intent.category.LAUNCHER] flg=0x10000000 xflg=0x4 cmp=com.catfact.app.feature.facts.test/androidx.test.core.app.InstrumentationActivityInvoker$EmptyActivity }, activity=androidx.test.core.app.InstrumentationActivityInvoker$EmptyActivity@39b6e7e
04-15 09:53:52.647  2461  2461 I HoneySpace.EdgePanel.CocktailHostRepositoryImpl: onNoteResume
04-15 09:53:52.647  2461  2461 I HoneySpace.EdgePanel.EdgePanelContainerViewModel: cocktailHostRepository.edgePanelOperation NoteResumeComponent(componentName=ComponentInfo{com.catfact.app.feature.facts.test/androidx.test.core.app.InstrumentationActivityInvoker$EmptyActivity})
04-15 09:53:52.647  1151  1151 I SurfaceFlinger: [Display 0 name="Built-in Screen"#49] setFrameRateCategory: High
04-15 09:53:52.648  2461  2461 I HoneySpace.EdgePanel.ActivityUtils: HomePackage : com.sec.android.app.launcher, resumePackageName : com.catfact.app.feature.facts.test, className : androidx.test.core.app.InstrumentationActivityInvoker$EmptyActivity
04-15 09:53:52.648  1151  1151 I SurfaceFlinger: [ActivityRecord{140358658 u0 com.catfact.app.feature.facts.test/androidx.test.core.app.InstrumentationActivityInvoker$EmptyActivity t3885}#18973] attach to parent LayerHierarchy{RequestedLayerState{Task=3885#18958 parentId=10 z=13} 2 children}
04-15 09:53:52.651 19868 19868 I DecorView: setWindowBackground: isPopOver=false color=ffffffff d=android.graphics.drawable.ColorDrawable@5226718
04-15 09:53:52.651 19868 19868 D LifecycleMonitor: Lifecycle status change: androidx.test.core.app.InstrumentationActivityInvoker$EmptyActivity@39b6e7e in: CREATED
04-15 09:53:52.651 19868 19868 V ActivityScenario: Activity lifecycle changed event received but ignored because the intent does not match. startActivityIntent=Intent { act=android.intent.action.MAIN cat=[android.intent.category.LAUNCHER] flg=0x10008000 cmp=com.catfact.app.feature.facts.test/androidx.activity.ComponentActivity }, activity.getIntent()=Intent { act=android.intent.action.MAIN cat=[android.intent.category.LAUNCHER] flg=0x10000000 xflg=0x4 cmp=com.catfact.app.feature.facts.test/androidx.test.core.app.InstrumentationActivityInvoker$EmptyActivity }, activity=androidx.test.core.app.InstrumentationActivityInvoker$EmptyActivity@39b6e7e
04-15 09:53:52.652 19868 19868 D LifecycleMonitor: Lifecycle status change: androidx.test.core.app.InstrumentationActivityInvoker$EmptyActivity@39b6e7e in: STARTED
04-15 09:53:52.652 19868 19868 V ActivityScenario: Activity lifecycle changed event received but ignored because the intent does not match. startActivityIntent=Intent { act=android.intent.action.MAIN cat=[android.intent.category.LAUNCHER] flg=0x10008000 cmp=com.catfact.app.feature.facts.test/androidx.activity.ComponentActivity }, activity.getIntent()=Intent { act=android.intent.action.MAIN cat=[android.intent.category.LAUNCHER] flg=0x10000000 xflg=0x4 cmp=com.catfact.app.feature.facts.test/androidx.test.core.app.InstrumentationActivityInvoker$EmptyActivity }, activity=androidx.test.core.app.InstrumentationActivityInvoker$EmptyActivity@39b6e7e
04-15 09:53:52.653 19868 19868 D LifecycleMonitor: Lifecycle status change: androidx.test.core.app.InstrumentationActivityInvoker$EmptyActivity@39b6e7e in: RESUMED
