04-15 09:53:51.895 19868 19888 I TestRunner: started: loadingMoreShowsProgressIndicator(com.catfact.app.feature.facts.presentation.FactsScreenTest)
04-15 09:53:51.896  2461  4179 I HoneySpace.RecentTasks: onRunningTaskVanished
04-15 09:53:51.897  2461  4179 I HoneySpace.RecentTasks: onRecentTasksChanged
04-15 09:53:51.898  1151  1151 I SurfaceFlinger: destroyed Task=3884#18957
04-15 09:53:51.899  1542  1784 D WifiStaIfaceHidlImpl: getCachedScanData is not implemented by HIDL
04-15 09:53:51.899  1151  1151 I Layer   : id=18957 Destroyed Task=3884#18957
04-15 09:53:51.912 19868 19888 D IdlingRegistry: Registering idling resources: [androidx.compose.ui.test.EspressoLink@1fb6c85]
04-15 09:53:51.917 19868 19888 W Settings: Setting always_finish_activities has moved from android.provider.Settings.System to android.provider.Settings.Global, returning read-only value.
04-15 09:53:51.923  1542  2484 I SemDvfsHyPerManager: acquire hyper - AMS_APP_SWITCH/1542@28, type = -999
04-15 09:53:51.925  1059  1180 I HYPER-HAL: [RequestManager.cpp]acquire(): Acquired ID : 1233263  [1542 / 28]    HINT : AMS_APP_SWITCH    list :
04-15 09:53:51.925  1151  2479 I SurfaceFlinger: id=18958 createSurf, flag=24004, Task=3885#18958
04-15 09:53:51.926  1059  1180 I HYPER-HAL: [ResourceManager.cpp]updateResource(): [CPULittleMinFreq] UpdateResource Request ID : 1233263    Value : 1824000
04-15 09:53:51.927  1151  2758 I SurfaceFlinger: id=18959 createSurf, flag=84004, ActivityRecord{249058214 u0 com.catfact.app.feature.facts.test/androidx.activity.ComponentActivity t3885}#18959
04-15 09:53:51.930  3963  3963 I SemDvfsHyPerManager: acquire hyper - APP_START_SHORT/3963@17, type = -999
04-15 09:53:51.931  1151  1151 I SurfaceFlinger: [Task=3885#18958] attach to parent LayerHierarchy{RequestedLayerState{DefaultTaskDisplayArea_d0#10 parentId=9} 16 children}
04-15 09:53:51.931  1151  1151 I SurfaceFlinger: [ActivityRecord{249058214 u0 com.catfact.app.feature.facts.test/androidx.activity.ComponentActivity t3885}#18959] attach to parent LayerHierarchy{RequestedLayerState{Task=3885#18958 parentId=10} 1 children}
04-15 09:53:51.932  1542 23285 D SemWifiUsabilityStatsMonitor: onWifiUsabilityStats - seqNum 10586, isSameBssidAndFreq true
04-15 09:53:51.933  2461  2583 I HoneySpace.StatusIconTracker: invokeEvent() called with: event = Wifi(visible=true, resId=2131236023, activityId=2131236043)
04-15 09:53:51.934  1542  2475 I SemDvfsHyPerManager: acquire hyper - AMS_APP_LAUNCH/1542@21, type = -999
04-15 09:53:51.934  3152  3152 E pageboostd: Received HALT command code 2
04-15 09:53:51.934  1059  1180 I HYPER-HAL: [RequestManager.cpp]acquire(): Acquired ID : 1222287  [1542 / 21]    HINT : AMS_APP_LAUNCH    list :
04-15 09:53:51.935  1059  1180 I HYPER-HAL: [ResourceManager.cpp]updateResource(): [CPULittleMinFreq] UpdateResource Request ID : 1222287    Value : 1824000
04-15 09:53:51.935  1059  1180 I HYPER-HAL: [RequestManager.cpp]acquire(): Acquired ID : 7922207  [3963 / 17]    HINT : APP_START    list : [TIMEOUT / 1500]
04-15 09:53:51.937  2000  2105 D ShellDesktopMode: handleRequest: TransitionRequestInfo {type=1, tid=3885, debugId=1691}
04-15 09:53:51.937  2000  2120 D ViewRootImpl: desktopMode is false
04-15 09:53:51.937  2000  2120 I ViewRootImpl: dVRR is disabled
04-15 09:53:51.938  3963  3963 I SemDvfsHyPerManager: acquire hyper - APP_START/3963@19, type = -999
04-15 09:53:51.938  1542  2472 D InputDispatcher: Focused application(0): ActivityRecord{249058214 u0 com.catfact.app.feature.facts.test/androidx.activity.ComponentActivity t3885}
04-15 09:53:51.938  1059  1180 I HYPER-HAL: [RequestManager.cpp]acquire(): Acquired ID : 7930172  [3963 / 19]    HINT : APP_START    list :
04-15 09:53:51.938  2000  2196 D NativeCustomFrequencyManager: [NativeCFMS] BpCustomFrequencyManager::BpCustomFrequencyManager()
04-15 09:53:51.939  1542  4235 D GraphicsStatsService: requestRenderEngineFor(com.catfact.app.feature.facts.test)
04-15 09:53:51.940  2461  2584 I HoneySpace.TopTaskSource: onTaskMovedToFront : taskId = 3885, displayId = 0
04-15 09:53:51.943  2461  2586 I HoneySpace.TopTaskUseCase: topTasks 3885 ComponentInfo{com.catfact.app.feature.facts.test/androidx.activity.ComponentActivity}[displayId=0]
04-15 09:53:51.946  2461  4418 I HoneySpace.RecentTasks: onRecentTasksChanged
04-15 09:53:51.946  2461  4179 I HoneySpace.RecentTasks: onRecentTasksChanged
04-15 09:53:51.947  1151  1151 I SurfaceFlinger: [Display 0 name="Built-in Screen"#49] setFrameRateCategory: High
04-15 09:53:51.948  1151  1151 I SurfaceFlinger: [LayerHierarchy{RequestedLayerState{ImeContainer#15 parentId=16293 relativeParentId=16293 z=1} 1 children}] RelativeParent to null
04-15 09:53:51.948  1542  2475 D InputTransport: Input channel constructed: '2fafe65', fd=1041
04-15 09:53:51.948  1542  2475 D InputTransport: Input channel constructed: '2fafe65', fd=1146
04-15 09:53:51.948  1542  2475 D InputTransport: Input channel constructed: '2fafe65', fd=1178
04-15 09:53:51.948  1542  2475 D InputTransport: Input channel destroyed: '2fafe65', fd=1146
04-15 09:53:51.948  1151  2758 I SurfaceFlinger: id=18960 createSurf, flag=84004, 2fafe65 Splash Screen com.catfact.app.feature.facts.test#18960
04-15 09:53:51.949  2000  2000 I {OngoingActivityController}: onTaskFocusChanged but OA data is empty
04-15 09:53:51.950  1151  1151 I BpBinder: onLastStrongRef automatically unlinking death recipients:
04-15 09:53:51.950  2461  2584 I HoneySpace.TopTaskSource: onTaskFocusChanged(): taskId = 3885
04-15 09:53:51.950  2000  2125 D Tile.WifiTile: handleUpdateState isTransient=false transientEnabling =false cb.isTransient=false state.state = 2 mStateBeforeClick.value =false enabled =true
04-15 09:53:51.950  1542  2475 D InputTransport: Input channel destroyed: '2fafe65', fd=1178
04-15 09:53:51.951  2000  2120 D InputTransport: Input channel constructed: '2fafe65', fd=575
04-15 09:53:51.951  2000  2120 I InsetsController: onStateChanged: host=Splash Screen com.catfact.app.feature.facts.test, from=android.view.ViewRootImpl.onInsetsStateChanged:3026, state=InsetsState: {mDisplayFrame=Rect(0, 0 - 720, 1544), mDisplayCutout=DisplayCutout{insets=Rect(0, 50 - 0, 0) waterfall=Insets{left=0, top=0, right=0, bottom=0} boundingRect={Bounds=[Rect(0, 0 - 0, 0), Rect(341, 0 - 379, 50), Rect(0, 0 - 0, 0), Rect(0, 0 - 0, 0)]} cutoutPathParserInfo={CutoutPathParserInfo{displayWidth=720 displayHeight=1544 physicalDisplayWidth=720 physicalDisplayHeight=1544 density={1.875} cutoutSpec={M 0,0 H -10 V 26.66666666666667 H 10 V 0 H 0 Z @dp} rotation={0} scale={1.0} physicalPixelDisplaySizeRatio={1.0}}} sideOverrides={}}, mRoundedCorners=RoundedCorners{[RoundedCorner{position=TopLeft, radius=8, center=Point(8, 8)}, RoundedCorner{position=TopRight, radius=8, center=Point(712, 8)}, RoundedCorner{position=BottomRight, radius=8, center=Point(712, 1536)}, RoundedCorner{position=BottomLeft, radius=8, center=Point(8, 1536)}]}  mRoundedCornerFrame=Rect(0, 0 - 720, 1544), mPrivacyIndicatorBounds=PrivacyIndicatorBounds {static bounds=Rect(637, 0 - 720, 50) rotation=0}, mDisplayShape=DisplayShape{ spec=-311912193 displayWidth=720 displayHeight=1544 physicalPixelDisplaySizeRatio=0.5 rotation=0 offsetX=0 offsetY=0 scale=1.0}, mSources= { InsetsSource: {ec730001 mType=navigationBars mFrame=[0,1454][720,1544] mVisible=true mFlags= mSideHint=BOTTOM mBoundingRects=null}, InsetsSource: {ec730004 mType=systemGestures mFrame=[0,0][0,0] mVisible=true mFlags= mSideHint=NONE mBoundingRects=null}, InsetsSource: {ec730005 mType=mandatorySystemGestures mFrame=[0,1454][720,1544] mVisible=true mFlags= mSideHint=BOTTOM mBoundingRects=null}, InsetsSource: {ec730006 mType=tappableElement mFrame=[0,1454][720,1544] mVisible=true mFlags= mSideHint=BOTTOM mBoundingRects=null}, InsetsSource: {ec730024 mType=systemGestures mFrame=[0,0][0,0] mVisible=true mFlags= mSideHint=NONE mBoundingRects=null}, InsetsSource: {3 mType=ime mFrame=[0,0][0,0] mVisible=false mFlags= mSideHint=NONE mBoundingRects=null}, InsetsSource: {27 mType=displayCutout mFrame=[0,0][720,50] mVisible=true mFlags= mSideHint=TOP mBoundingRects=null}, InsetsSource: {43950000 mType=statusBars mFrame=[0,0][720,50] mVisible=true mFlags= mSideHint=TOP mBoundingRects=null}, InsetsSource: {43950005 mType=mandatorySystemGestures mFrame=[0,0][720,73] mVisible=true mFlags= mSideHint=TOP mBoundingRects=null}, InsetsSource: {43950006 mType=tappableElement mFrame=[0,0][720,50] mVisible=true mFlags= mSideHint=TOP mBoundingRects=null} }
04-15 09:53:51.951  2000  2120 I VRI[test]@a4a443: onActiveControlsChanged, removed=false, mAdded=true, caller=android.view.ViewRootImpl.handleInsetsControlChanged:3002 android.view.ViewRootImpl.setView:2014 android.view.WindowManagerGlobal.addView:604 com.android.wm.shell.startingsurface.SplashscreenWindowCreator.addWindow:38 com.android.wm.shell.startingsurface.StartingWindowController$$ExternalSyntheticLambda4.run:1365
04-15 09:53:51.951  2000  2120 I VRI[test]@a4a443: synced displayState. AttachInfo displayState=2
04-15 09:53:51.951  1542  1825 D AS.MultiSoundManager: mForegroundUid = 10749
04-15 09:53:51.951  2000  2120 I VRI[test]@a4a443: setView = android.widget.FrameLayout@263419f IsHRR=false mFlingFrameRateChange=0 TM=true
04-15 09:53:51.952  2461  2461 I HoneySpace.EdgePanel.CocktailHostRepositoryImpl: onNoteResume
04-15 09:53:51.952  2461  2461 I HoneySpace.EdgePanel.EdgePanelContainerViewModel: cocktailHostRepository.edgePanelOperation NoteResumeComponent(componentName=ComponentInfo{com.catfact.app.feature.facts.test/androidx.activity.ComponentActivity})
04-15 09:53:51.952  1542  1582 D PkgPredictorService-SecIpmManagerServiceImpl: onForegroundActivitiesChanged pid:19868 uid:10749
04-15 09:53:51.952  1542  1582 D NetworkPolicy: already checked 10749
04-15 09:53:51.952  2461  2461 I HoneySpace.EdgePanel.ActivityUtils: HomePackage : com.sec.android.app.launcher, resumePackageName : com.catfact.app.feature.facts.test, className : androidx.activity.ComponentActivity
04-15 09:53:51.953  2000  2196 D HWUI    : HWUI - treat SMPTE_170M as sRGB
04-15 09:53:51.953  1542  1582 D NetworkPolicy: already checked 10749
04-15 09:53:51.953  1542  2944 V PkgPredictorService-SecIpmManagerServiceImpl: discard foreground app:com.catfact.app.feature.facts.test 1|true
04-15 09:53:51.955 18525 18790 I Rubin   : [146] M.c0.k(Unknown Source) : Notify com.samsung.android.rubin.inferenceengine.contextanalytics.engine.loggers.AppUsageLogger's database is updated.
04-15 09:53:51.956  3723 29073 I [AirCmd]_ActivitySwitchDetector: onTaskFocusChanged : taskId=3885, componentName=ComponentInfo{com.catfact.app.feature.facts.test/androidx.activity.ComponentActivity}
04-15 09:53:51.956  3723 29073 I [AirCmd]_ActivitySwitchDetector: onTaskFocusChanged :mTopMostActivity = ComponentInfo{com.google.android.calendar/com.google.android.calendar.allinone.AllInOneCalendarActivity}
04-15 09:53:51.956  1151  1151 I SurfaceFlinger: [2fafe65 Splash Screen com.catfact.app.feature.facts.test#18960] attach to parent LayerHierarchy{RequestedLayerState{ActivityRecord{249058214 u0 com.catfact.app.feature.facts.test/androidx.activity.ComponentActivity t3885}#18959 parentId=18958} 1 children}
04-15 09:53:51.956  1218  6568 I CameraService: onUidStateChanged: uid=10048, procState is changed. (0 -> 1)
04-15 09:53:51.957  3723 29073 I [AirCmd]_CallbackRepeater: stopRepeat : isWorking=false
04-15 09:53:51.957  3723 29073 I [AirCmd]_MediaControlStateMonitor: isForegroundAppSupportsMediaButton : mediaSession is empty
04-15 09:53:51.958  3723 29073 E [AirCmd]_MediaControlStateMonitor: getActiveNotificationPackageName : notification service monitor is null
04-15 09:53:51.958  3723 29073 I [AirCmd]_ButtonEventDetectionThread: enableDoubleClickDetection: enabled= true, doubleClickWaitInterval=300
04-15 09:53:51.959  1542  2475 I WindowManager: Relayout Window{2fafe65 u0 Splash Screen com.catfact.app.feature.facts.test}: viewVisibility=0 req=720x1544 ty=3 d0
04-15 09:53:51.959  1151  1378 I SurfaceFlinger: id=18961 createSurf, flag=44004, Splash Screen com.catfact.app.feature.facts.test$_2000#18961
04-15 09:53:51.961  1151  1338 D SurfaceFlinger: [input] setFocusedWindow: <null>
04-15 09:53:51.961  1542  1678 D InputDispatcher: Once focus requested (0): <null>
04-15 09:53:51.961  1542  1678 D InputDispatcher: Focus request (0): <null> but waiting because NO_WINDOW
04-15 09:53:51.961  1542  1678 D InputDispatcher: Focus left window (0): 9802b6e com.google.android.calendar/com.google.android.calendar.allinone.AllInOneCalendarActivity
04-15 09:53:51.961  1542  2475 D SurfaceComposerClient: setCornerRadius ## 2fafe65 Splash Screen com.catfact.app.feature.facts.test#18960 cornerRadius=0.000000
04-15 09:53:51.961  3979  3979 I ImeFocusController: onPreWindowFocus: skipped hasWindowFocus=false mHasImeFocus=true
04-15 09:53:51.962  1542  2475 D SurfaceComposerClient: setCornerRadius ## 2fafe65 Splash Screen com.catfact.app.feature.facts.test#18960 cornerRadius=0.000000
04-15 09:53:51.962  3979  3979 I ImeFocusController: onPostWindowFocus: skipped hasWindowFocus=false mHasImeFocus=true
04-15 09:53:51.962  1542  2475 I WindowManager: Relayout hash=2fafe65, pid=2000, syncId=-1: mAttrs={(0,0)(fillxfill) sim={adjust=pan} layoutInDisplayCutoutMode=always ty=APPLICATION_STARTING fmt=TRANSLUCENT wanim=0x1030317
04-15 09:53:51.962  1542  2475 I WindowManager:   fl=81030118
04-15 09:53:51.962  1542  2475 I WindowManager:   pfl=10000810
04-15 09:53:51.962  1542  2475 I WindowManager:   apr=18
04-15 09:53:51.962  1542  2475 I WindowManager:   bhv=1
04-15 09:53:51.962  1542  2475 I WindowManager:   fitSides=0
04-15 09:53:51.962  1542  2475 I WindowManager:   frameRateBoostOnTouch=true
04-15 09:53:51.962  1542  2475 I WindowManager:   dvrrWindowFrameRateHint=true naviIconColor=0}
04-15 09:53:51.963  2000  2120 I VRI[test]@a4a443: onActiveControlsChanged, removed=false, mAdded=true, caller=android.view.ViewRootImpl.handleInsetsControlChanged:3002 android.view.ViewRootImpl.relayoutWindow:11629 android.view.ViewRootImpl.performTraversals:4804 android.view.ViewRootImpl.doTraversal:3924 android.view.ViewRootImpl$TraversalRunnable.run:12903
04-15 09:53:51.963  1542  1585 D SurfaceComposerClient: setCornerRadius ## 2fafe65 Splash Screen com.catfact.app.feature.facts.test#18960 cornerRadius=0.000000
04-15 09:53:51.964  1151  1151 I SurfaceFlinger: [Splash Screen com.catfact.app.feature.facts.test$_2000#18961] attach to parent LayerHierarchy{RequestedLayerState{2fafe65 Splash Screen com.catfact.app.feature.facts.test#18960 parentId=18959} 1 children}
04-15 09:53:51.965  2461  2474 I HoneySpace.Memory-Monitor: current state = 2, didTrim = false
04-15 09:53:51.965 19868 19868 D LifecycleMonitor: Lifecycle status change: androidx.activity.ComponentActivity@5a47a39 in: PRE_ON_CREATE
04-15 09:53:51.966 19868 19868 V ActivityScenario: Activity lifecycle changed event received but ignored because the reported transition was not ON_CREATE while the last known transition was PRE_ON_CREATE
04-15 09:53:51.966  2000  2000 D DisplayLifecycle: updateDisplay id = 0
04-15 09:53:51.967  2000  2120 I BLASTBufferQueue_Java: new BLASTBufferQueue, mName= VRI[test]@a4a443 mNativeObject= 0xb40000741d1444e0 caller= android.view.ViewRootImpl.updateBlastSurfaceIfNeeded:3585 android.view.ViewRootImpl.relayoutWindow:11685 android.view.ViewRootImpl.performTraversals:4804 android.view.ViewRootImpl.doTraversal:3924 android.view.ViewRootImpl$TraversalRunnable.run:12903 android.view.Choreographer$CallbackRecord.run:1901 android.view.Choreographer$CallbackRecord.run:1910 android.view.Choreographer.doCallbacks:1367 android.view.Choreographer.doFrame:1292 android.view.Choreographer$FrameDisplayEventReceiver.run:1870
04-15 09:53:51.967  2000  2120 I BLASTBufferQueue_Java: update, w= 720 h= 1544 mName = VRI[test]@a4a443 mNativeObject= 0xb40000741d1444e0 sc.mNativeObject= 0xb40000751c4fdf10 format= -3 caller= android.view.ViewRootImpl.updateBlastSurfaceIfNeeded:3590 android.view.ViewRootImpl.relayoutWindow:11685 android.view.ViewRootImpl.performTraversals:4804 android.view.ViewRootImpl.doTraversal:3924 android.view.ViewRootImpl$TraversalRunnable.run:12903 android.view.Choreographer$CallbackRecord.run:1901
04-15 09:53:51.967  2000  2125 D StackScroller: onDisplayChanged for predraw skip to 2
04-15 09:53:51.967  2000  2120 I VRI[test]@a4a443: Relayout returned: old=(0,0,720,1544) new=(0,0,720,1544) relayoutAsync=false req=(720,1544)0 dur=10 res=0x3 s={true 0xb40000748cc10da0} ch=true seqId=0
04-15 09:53:51.968  2000  2120 I VRI[test]@a4a443: performConfigurationChange setNightDimText nightDimLevel=0
04-15 09:53:51.968  2000  2120 D VRI[test]@a4a443: mThreadedRenderer.initialize() mSurface={isValid=true 0xb40000748cc10da0} hwInitialized=true
04-15 09:53:51.968  2000  2120 D VRI[test]@a4a443: reportNextDraw android.view.ViewRootImpl.performTraversals:5443 android.view.ViewRootImpl.doTraversal:3924 android.view.ViewRootImpl$TraversalRunnable.run:12903 android.view.Choreographer$CallbackRecord.run:1901 android.view.Choreographer$CallbackRecord.run:1910
04-15 09:53:51.968  2000  2120 D VRI[test]@a4a443: Setup new sync=wmsSync-VRI[test]@a4a443#22
04-15 09:53:51.968  2000  2120 I VRI[test]@a4a443: Creating new active sync group VRI[test]@a4a443#23
04-15 09:53:51.969  2000  2120 D VRI[test]@a4a443: registerCallbacksForSync syncBuffer=false
04-15 09:53:51.970  2000  2194 D VRI[test]@a4a443: Received frameDrawingCallback syncResult=0 frameNum=1.
04-15 09:53:51.970  2000  2194 I VRI[test]@a4a443: mWNT: t=0xb4000074fc77c190 mBlastBufferQueue=0xb40000741d1444e0 fn= 1 HdrRenderState mRenderHdrSdrRatio=1.0 caller= android.view.ViewRootImpl$12.onFrameDraw:15441 android.view.ThreadedRenderer$1.onFrameDraw:718 <bottom of call stack>
04-15 09:53:51.970  2000  2194 I VRI[test]@a4a443: Setting up sync and frameCommitCallback
04-15 09:53:51.970  2000  2196 I BLASTBufferQueue: [VRI[test]@a4a443#863](f:0,a:0,s:0) onFrameAvailable the first frame is available
04-15 09:53:51.970 19868 19868 I DecorView: setWindowBackground: isPopOver=false color=fffafafa d=android.graphics.drawable.ColorDrawable@914be8a
04-15 09:53:51.971  2000  2196 I VRI[test]@a4a443: Received frameCommittedCallback lastAttemptedDrawFrameNum=1 didProduceBuffer=true
04-15 09:53:51.971  1151  1378 I SurfaceFlinger: [Splash Screen com.catfact.app.feature.facts.test$_2000#18961] setTransactionState with the first frame. bufferData(ID: 8589934656033, frameNumber: 1)
04-15 09:53:51.971 19868 19868 D LifecycleMonitor: Lifecycle status change: androidx.activity.ComponentActivity@5a47a39 in: CREATED
04-15 09:53:51.971 19868 19868 V ActivityScenario: Update currentActivityStage to CREATED, currentActivity=androidx.activity.ComponentActivity@5a47a39
04-15 09:53:51.971  2000  2196 D HWUI    : CFMS:: SetUp Pid : 2000    Tid : 2196
04-15 09:53:51.972  2000  2120 D VRI[test]@a4a443: reportDrawFinished seqId=0
04-15 09:53:51.972 19868 19868 D LifecycleMonitor: Lifecycle status change: androidx.activity.ComponentActivity@5a47a39 in: STARTED
04-15 09:53:51.972 19868 19868 V ActivityScenario: Update currentActivityStage to STARTED, currentActivity=androidx.activity.ComponentActivity@5a47a39
04-15 09:53:51.973 19868 19868 D LifecycleMonitor: Lifecycle status change: androidx.activity.ComponentActivity@5a47a39 in: RESUMED
04-15 09:53:51.973 19868 19868 V ActivityScenario: Update currentActivityStage to RESUMED, currentActivity=androidx.activity.ComponentActivity@5a47a39
04-15 09:53:51.973 19868 19868 D ViewRootImpl: desktopMode is false
04-15 09:53:51.974 19868 19868 I ViewRootImpl: dVRR is disabled
04-15 09:53:51.974  1542  1585 D SurfaceComposerClient: setCornerRadius ## 2fafe65 Splash Screen com.catfact.app.feature.facts.test#18960 cornerRadius=0.000000
04-15 09:53:51.974 19868 19901 D NativeCustomFrequencyManager: [NativeCFMS] BpCustomFrequencyManager::BpCustomFrequencyManager()
04-15 09:53:51.974  1542  1585 D SurfaceComposerClient: setCornerRadius ## 2fafe65 Splash Screen com.catfact.app.feature.facts.test#18960 cornerRadius=0.000000
04-15 09:53:51.976  1151  1378 I SurfaceFlinger: id=18962 createSurf, flag=84004, Transition Root: Task=3885#18962
04-15 09:53:51.977  1542  1585 I SurfaceControlRegistry: show, t=StartTransaction_SyncId<1691> sc=ActivityRecord{249058214 u0 com.catfact.app.feature.facts.test/androidx.activity.ComponentActivity t3885}, caller=android.view.SurfaceControl$Transaction.show:3557 com.android.server.wm.Transition.onTransactionReady:2048 com.android.server.wm.BLASTSyncEngine$SyncGroup.finishNow:240 com.android.server.wm.BLASTSyncEngine.onSurfacePlacement:263 com.android.server.wm.RootWindowContainer.performSurfacePlacementNoTrace:1083 com.android.server.wm.WindowSurfacePlacer.performSurfacePlacement:166
04-15 09:53:51.977  1542  1585 D SurfaceComposerClient: setCornerRadius ## Task=3801#16292 cornerRadius=0.000000
04-15 09:53:51.977  1542  1585 D SurfaceComposerClient: setCornerRadius ## Task=3885#18958 cornerRadius=0.000000
04-15 09:53:51.979  1542  1585 D ScreenCapture: [Capture_TEST] : setIsScreenShotBySystem false
04-15 09:53:51.979  1542  1585 I SurfaceComposerClient: captureLayers:childrenOnly:1, sync:1
04-15 09:53:51.979  2000  2105 I SurfaceControlRegistry: hide, t=FinishTransaction_SyncId<1691> sc=Task=3801, caller=android.view.SurfaceControl$Transaction.hide:3583 com.android.wm.shell.transition.Transitions.dispatchReady:1263 com.android.wm.shell.transition.Transitions.onTransitionReady:251 com.android.wm.shell.transition.Transitions$TransitionPlayerImpl$$ExternalSyntheticLambda0.run:13 android.os.Handler.handleCallback:995 android.os.Handler.dispatchMessage:103
04-15 09:53:51.980  2000  2105 I SurfaceControlRegistry: show, t=StartTransaction_SyncId<1691> sc=Task=3885, caller=android.view.SurfaceControl$Transaction.show:3557 com.android.wm.shell.transition.Transitions.dispatchReady:1279 com.android.wm.shell.transition.Transitions.onTransitionReady:251 com.android.wm.shell.transition.Transitions$TransitionPlayerImpl$$ExternalSyntheticLambda0.run:13 android.os.Handler.handleCallback:995 android.os.Handler.dispatchMessage:103
04-15 09:53:51.980  2000  2105 I SurfaceControlRegistry: show, t=FinishTransaction_SyncId<1691> sc=Task=3885, caller=android.view.SurfaceControl$Transaction.show:3557 com.android.wm.shell.transition.Transitions.dispatchReady:1330 com.android.wm.shell.transition.Transitions.onTransitionReady:251 com.android.wm.shell.transition.Transitions$TransitionPlayerImpl$$ExternalSyntheticLambda0.run:13 android.os.Handler.handleCallback:995 android.os.Handler.dispatchMessage:103
04-15 09:53:51.980  2000  2105 I SurfaceControlRegistry: show, t=StartTransaction_SyncId<1691> sc=Transition Root: Task=3885, caller=android.view.SurfaceControl$Transaction.show:3557 com.android.wm.shell.transition.Transitions.playTransition:79 com.android.wm.shell.transition.Transitions.processReadyQueue:239 com.android.wm.shell.transition.Transitions.dispatchReady:1352 com.android.wm.shell.transition.Transitions.onTransitionReady:251 com.android.wm.shell.transition.Transitions$TransitionPlayerImpl$$ExternalSyntheticLambda0.run:13
04-15 09:53:51.981  1151  1151 I SurfaceFlinger: [Transition Root: Task=3885#18962] attach to parent LayerHierarchy{RequestedLayerState{DefaultTaskDisplayArea_d0#10 parentId=9} 17 children}
04-15 09:53:51.981  1151  1378 I SurfaceFlinger: Capture layer list: 	 com.google.android.calendar/com.google.android.calendar.allinone.AllInOneCalendarActivity$_3979#18950(seamlessTransition:0)
04-15 09:53:51.981  1151  1378 I CompositionEngine: [setDisplaySize] size=(720, 1544)
04-15 09:53:51.982  2000  2105 D SurfaceComposerClient: [Task=3801#16292] setEdgeExtension Right
04-15 09:53:51.982  1151  1206 D RenderEngine: [SEC_SF_EFFECTS] drawLayersInternal,1494, Rendering layer ScreenCaptureFillLayer at index 0
04-15 09:53:51.982  1151  1206 D RenderEngine: [SEC_SF_EFFECTS] drawLayersInternal,1494, Rendering layer com.google.android.calendar/com.google.android.calendar.allinone.AllInOneCalendarActivity$_3979#18950 at index 1
04-15 09:53:51.982  1151  1200 I SurfaceFlinger: id=18963 createSurf, flag=20004, DimTransitionLayer for Surface(name=Task=3885)/@0x3cf3816#18963
04-15 09:53:51.983  2000  2105 I SurfaceControlRegistry: show, t=StartTransaction_SyncId<1691> sc=DimTransitionLayer for Surface(name=Task=3885)/@0x3cf3816, caller=android.view.SurfaceControl$Transaction.show:3557 com.android.wm.shell.transition.DefaultTransitionHandler.startAnimation:2931 com.android.wm.shell.transition.Transitions.dispatchTransition:90 com.android.wm.shell.transition.Transitions.playTransition:774 com.android.wm.shell.transition.Transitions.processReadyQueue:239 com.android.wm.shell.transition.Transitions.dispatchReady:1352
04-15 09:53:51.983  2000  2105 I SurfaceControlRegistry: apply, t=StartTransaction_SyncId<1691>, caller=android.view.SurfaceControl$Transaction.apply:3459 android.view.SurfaceControl$Transaction.apply:3447 android.view.SurfaceControl$Transaction.apply:3397 com.android.wm.shell.transition.DefaultTransitionHandler.startAnimation:3387 com.android.wm.shell.transition.Transitions.dispatchTransition:90 com.android.wm.shell.transition.Transitions.playTransition:774
04-15 09:53:51.985  1542  2103 D InputTransport: Input channel constructed: '718ff8d', fd=1146
04-15 09:53:51.986  1542  2103 D InputTransport: Input channel constructed: '718ff8d', fd=1178
04-15 09:53:51.986  1542  2103 D InputTransport: Input channel constructed: '718ff8d', fd=1250
04-15 09:53:51.986  1542  2103 D InputTransport: Input channel destroyed: '718ff8d', fd=1178
04-15 09:53:51.986  1151  1200 I SurfaceFlinger: id=18964 createSurf, flag=84004, 718ff8d com.catfact.app.feature.facts.test/androidx.activity.ComponentActivity#18964
04-15 09:53:51.988  1542  2103 D InputTransport: Input channel destroyed: '718ff8d', fd=1250
04-15 09:53:51.988 19868 19868 D InputTransport: Input channel constructed: '718ff8d', fd=128
04-15 09:53:51.988 19868 19868 I InsetsController: onStateChanged: host=com.catfact.app.feature.facts.test/androidx.activity.ComponentActivity, from=android.view.ViewRootImpl.onInsetsStateChanged:3026, state=InsetsState: {mDisplayFrame=Rect(0, 0 - 720, 1544), mDisplayCutout=DisplayCutout{insets=Rect(0, 50 - 0, 0) waterfall=Insets{left=0, top=0, right=0, bottom=0} boundingRect={Bounds=[Rect(0, 0 - 0, 0), Rect(341, 0 - 379, 50), Rect(0, 0 - 0, 0), Rect(0, 0 - 0, 0)]} cutoutPathParserInfo={CutoutPathParserInfo{displayWidth=720 displayHeight=1544 physicalDisplayWidth=720 physicalDisplayHeight=1544 density={1.875} cutoutSpec={M 0,0 H -10 V 26.66666666666667 H 10 V 0 H 0 Z @dp} rotation={0} scale={1.0} physicalPixelDisplaySizeRatio={1.0}}} sideOverrides={}}, mRoundedCorners=RoundedCorners{[RoundedCorner{position=TopLeft, radius=8, center=Point(8, 8)}, RoundedCorner{position=TopRight, radius=8, center=Point(712, 8)}, RoundedCorner{position=BottomRight, radius=8, center=Point(712, 1536)}, RoundedCorner{position=BottomLeft, radius=8, center=Point(8, 1536)}]}  mRoundedCornerFrame=Rect(0, 0 - 720, 1544), mPrivacyIndicatorBounds=PrivacyIndicatorBounds {static bounds=Rect(637, 0 - 720, 50) rotation=0}, mDisplayShape=DisplayShape{ spec=-311912193 displayWidth=720 displayHeight=1544 physicalPixelDisplaySizeRatio=0.5 rotation=0 offsetX=0 offsetY=0 scale=1.0}, mSources= { InsetsSource: {ec730001 mType=navigationBars mFrame=[0,1454][720,1544] mVisible=true mFlags= mSideHint=BOTTOM mBoundingRects=null}, InsetsSource: {ec730004 mType=systemGestures mFrame=[0,0][0,0] mVisible=true mFlags= mSideHint=NONE mBoundingRects=null}, InsetsSource: {ec730005 mType=mandatorySystemGestures mFrame=[0,1454][720,1544] mVisible=true mFlags= mSideHint=BOTTOM mBoundingRects=null}, InsetsSource: {ec730006 mType=tappableElement mFrame=[0,1454][720,1544] mVisible=true mFlags= mSideHint=BOTTOM mBoundingRects=null}, InsetsSource: {ec730024 mType=systemGestures mFrame=[0,0][0,0] mVisible=true mFlags= mSideHint=NONE mBoundingRects=null}, InsetsSource: {3 mType=ime mFrame=[0,0][0,0] mVisible=false mFlags= mSideHint=NONE mBoundingRects=null}, InsetsSource: {27 mType=displayCutout mFrame=[0,0][720,50] mVisible=true mFlags= mSideHint=TOP mBoundingRects=null}, InsetsSource: {43950000 mType=statusBars mFrame=[0,0][720,50] mVisible=true mFlags= mSideHint=TOP mBoundingRects=null}, InsetsSource: {43950005 mType=mandatorySystemGestures mFrame=[0,0][720,73] mVisible=true mFlags= mSideHint=TOP mBoundingRects=null}, InsetsSource: {43950006 mType=tappableElement mFrame=[0,0][720,50] mVisible=true mFlags= mSideHint=TOP mBoundingRects=null} }
04-15 09:53:51.989 19868 19868 I VRI[ComponentActivity]@a556c4: synced displayState. AttachInfo displayState=2
04-15 09:53:51.989  1151  1151 I SurfaceFlinger: RequestedLayer [2fafe65 Splash Screen com.catfact.app.feature.facts.test#18960] hidden!! flag  from(1) --> to(0)
04-15 09:53:51.989  1151  1151 I SurfaceFlinger: RequestedLayer [Splash Screen com.catfact.app.feature.facts.test$_2000#18961] hidden!! flag  from(1) --> to(0)
04-15 09:53:51.989  1151  1151 I SurfaceFlinger: RequestedLayer [Task=3885#18958] hidden!! flag  from(1) --> to(0)
04-15 09:53:51.989  1151  1151 E SurfaceFlinger: alpha changed 1.000 -> 0.000 - Task=3885#18958
04-15 09:53:51.989  1151  1151 I SurfaceFlinger: RequestedLayer [Transition Root: Task=3885#18962] hidden!! flag  from(1) --> to(0)
04-15 09:53:51.989  1151  1151 I SurfaceFlinger: RequestedLayer [ActivityRecord{249058214 u0 com.catf[...]ivity.ComponentActivity t3885}#18959] hidden!! flag  from(1) --> to(0)
04-15 09:53:51.989  1151  1151 I SurfaceFlinger: RequestedLayer [DimTransitionLayer for Surface(name=Task=3885)/@0x3cf3816#18963] hidden!! flag  from(1) --> to(0)
04-15 09:53:51.989  1151  1151 E SurfaceFlinger: alpha changed 1.000 -> 0.000 - DimTransitionLayer for Surface(name=Task=3885)/@0x3cf3816#18963
04-15 09:53:51.989  1151  1151 E SurfaceFlinger: alpha changed 0.000 -> 1.000 - Task=3885#18958
04-15 09:53:51.989  1151  1151 E SurfaceFlinger: alpha changed 0.000 -> 0.000 - DimTransitionLayer for Surface(name=Task=3885)/@0x3cf3816#18963
04-15 09:53:51.990  1151  1151 I SurfaceFlinger: [LayerHierarchy{RequestedLayerState{Task=3801#16292 parentId=18962 z=2} 1 children}] reparent to LayerHierarchy{RequestedLayerState{Transition Root: Task=3885#18962 parentId=10 z=13} 1 children}
04-15 09:53:51.990  1151  1151 I SurfaceFlinger: [LayerHierarchy{RequestedLayerState{Task=3885#18958 parentId=18962 z=5} 1 children}] reparent to LayerHierarchy{RequestedLayerState{Transition Root: Task=3885#18962 parentId=10 z=13} 2 children}
04-15 09:53:51.990  1151  1151 I SurfaceFlinger: [DimTransitionLayer for Surface(name=Task=3885)/@0x3cf3816#18963] attach to parent LayerHierarchy{RequestedLayerState{Transition Root: Task=3885#18962 parentId=10 z=13} 3 children}
04-15 09:53:51.990  1151  1151 I SurfaceFlinger: [718ff8d com.catfact.app.feature.facts.test/androidx.activity.ComponentActivity#18964] attach to parent LayerHierarchy{RequestedLayerState{ActivityRecord{249058214 u0 com.catfact.app.feature.facts.test/androidx.activity.ComponentActivity t3885}#18959 parentId=18958} 2 children}
04-15 09:53:51.990 19868 19868 I VRI[ComponentActivity]@a556c4: setView = com.android.internal.policy.DecorView@5567073 IsHRR=false mFlingFrameRateChange=0 TM=true
04-15 09:53:51.991 19868 19901 D HWUI    : HWUI - treat SMPTE_170M as sRGB
04-15 09:53:51.991  1151  2479 I SurfaceFlinger: id=18965 createSurf, flag=84000, c481ee8 ActivityRecordInputSink com.catfact.app.feature.facts.test/androidx.activity.ComponentActivity#18965
04-15 09:53:51.996  1542  2476 I WindowManager: Relayout Window{718ff8d u0 com.catfact.app.feature.facts.test/androidx.activity.ComponentActivity}: viewVisibility=0 req=720x1544 ty=1 d0
04-15 09:53:51.996  2461  4418 I HoneySpace.RecentTasks: onRunningTaskAppeared
04-15 09:53:51.996  2461  4418 I HoneySpace.RecentTasks: onRecentTasksChanged
04-15 09:53:51.996  1151  1200 I SurfaceFlinger: id=18966 createSurf, flag=44004, com.catfact.app.feature.facts.test/androidx.activity.ComponentActivity$_19868#18966
04-15 09:53:51.998  1542  2476 D SurfaceComposerClient: setCornerRadius ## 2fafe65 Splash Screen com.catfact.app.feature.facts.test#18960 cornerRadius=0.000000
04-15 09:53:51.998  1542  2476 D SurfaceComposerClient: setCornerRadius ## 718ff8d com.catfact.app.feature.facts.test/androidx.activity.ComponentActivity#18964 cornerRadius=0.000000
04-15 09:53:51.998  1151  1151 I SurfaceFlinger: RequestedLayer [718ff8d com.catfact.app.feature.fact[...]idx.activity.ComponentActivity#18964] hidden!! flag  from(1) --> to(0)
04-15 09:53:51.998  1151  1151 I SurfaceFlinger: [c481ee8 ActivityRecordInputSink com.catfact.app.feature.facts.test/androidx.activity.ComponentActivity#18965] attach to parent LayerHierarchy{RequestedLayerState{ActivityRecord{249058214 u0 com.catfact.app.feature.facts.test/androidx.activity.ComponentActivity t3885}#18959 parentId=18958} 3 children}
04-15 09:53:51.998  1151  1151 I SurfaceFlinger: [com.catfact.app.feature.facts.test/androidx.activity.ComponentActivity$_19868#18966] attach to parent LayerHierarchy{RequestedLayerState{718ff8d com.catfact.app.feature.facts.test/androidx.activity.ComponentActivity#18964 parentId=18959} 1 children}
04-15 09:53:51.999  1151  1378 I SurfaceFlinger: id=18967 createSurf, flag=24000, Surface(name=3edafdc StatusBar)/@0x3b919ed - animation-leash of insets_animation#18967
04-15 09:53:52.000  1151  1378 I SurfaceFlinger: id=18968 createSurf, flag=24000, Surface(name=8c5cec7 NavigationBar0)/@0xa68870 - animation-leash of insets_animation#18968
04-15 09:53:52.002  1542  2476 D SurfaceComposerClient: setCornerRadius ## 2fafe65 Splash Screen com.catfact.app.feature.facts.test#18960 cornerRadius=0.000000
04-15 09:53:52.002  1542  2476 D SurfaceComposerClient: setCornerRadius ## 718ff8d com.catfact.app.feature.facts.test/androidx.activity.ComponentActivity#18964 cornerRadius=0.000000
04-15 09:53:52.002  2000  2000 D SamsungLightBarControlHelper: updateStatusBar (BLACK icon) numStacks:1, StatusBarMode:MODE_TRANSPARENT, lightBarBounds:[Rect(0, 0 - 720, 1544)], StatusBarState:SHADE, packageName:, isWhiteKeyguardStatusBar:false
04-15 09:53:52.003  2000  2000 D SamsungLightBarControlHelper: onStatusBarAppearanceChanged() -  sbModeChanged:false, statusBarMode:0, barState:MODE_TRANSPARENT, isKeyguardShowing:false, navbarColorManagedByIme:false, (AppearanceRegion{LIGHT_STATUS_BARS bounds=[0,0][720,1544]}, )
04-15 09:53:52.003  2000  2000 D NavigationBar: onSystemBarAttributesChanged() -  displayId:0, appearance:24, packageName: com.catfact.app.feature.facts.test (APPEARANCE_LIGHT_STATUS_BARS APPEARANCE_LIGHT_NAVIGATION_BARS ), navbarColorManagedByIme:false
04-15 09:53:52.003  2000  2000 D SamsungLightBarControlHelper: updateNavigationBar (BLACK button) isLightOpaque:false, hasLightNavigationBarFlag:true, packageName:com.catfact.app.feature.facts.test, DirectReplying:false, NavBarColorMangedByIme:false, ForceDarkForScrim:false, ForceLightForScrim:false, QsCustomizing:false, QsExpanded:false
04-15 09:53:52.003  1151  1378 I SurfaceFlinger: id=18969 createSurf, flag=24000, Surface(name=3edafdc StatusBar)/@0x3b919ed - animation-leash of insets_animation#18969
04-15 09:53:52.005  1151  1378 I SurfaceFlinger: id=18970 createSurf, flag=24000, Surface(name=8c5cec7 NavigationBar0)/@0xa68870 - animation-leash of insets_animation#18970
04-15 09:53:52.006  1151  1151 E SurfaceFlinger: alpha changed 0.000 -> 0.011 - DimTransitionLayer for Surface(name=Task=3885)/@0x3cf3816#18963
04-15 09:53:52.006  1151  1151 I SurfaceFlinger: [Surface(name=3edafdc StatusBar)/@0x3b919ed - animation-leash of insets_animation#18967] attach to parent LayerHierarchy{RequestedLayerState{WindowToken{7a8fc4f type=2000 android.os.BinderProxy@a9d7329}#94 parentId=17} 2 children}
04-15 09:53:52.006  1151  1151 I SurfaceFlinger: [Surface(name=8c5cec7 NavigationBar0)/@0xa68870 - animation-leash of insets_animation#18968] attach to parent LayerHierarchy{RequestedLayerState{WindowToken{fc018e2 type=2019 android.os.BinderProxy@bda3ac4}#90 parentId=34} 2 children}
04-15 09:53:52.006  1151  1151 I SurfaceFlinger: [Surface(name=3edafdc StatusBar)/@0x3b919ed - animation-leash of insets_animation#18969] attach to parent LayerHierarchy{RequestedLayerState{WindowToken{7a8fc4f type=2000 android.os.BinderProxy@a9d7329}#94 parentId=17} 3 children}
04-15 09:53:52.006  1151  1151 I SurfaceFlinger: [Surface(name=8c5cec7 NavigationBar0)/@0xa68870 - animation-leash of insets_animation#18970] attach to parent LayerHierarchy{RequestedLayerState{WindowToken{fc018e2 type=2019 android.os.BinderProxy@bda3ac4}#90 parentId=34} 3 children}
04-15 09:53:52.008  1542  2476 I SystemKeyManager: requested systemKeyInfo size=1 focusedWindow=com.catfact.app.feature.facts.test/androidx.activity.ComponentActivity
04-15 09:53:52.008  1542  2476 I SystemKeyManager: requested systemKeyInfo size=1 focusedWindow=com.catfact.app.feature.facts.test/androidx.activity.ComponentActivity
04-15 09:53:52.008  1542  2476 I WindowManager: Relayout hash=718ff8d, pid=19868, syncId=-1: mAttrs={(0,0)(fillxfill) sim={adjust=pan forwardNavigation} layoutInDisplayCutoutMode=always ty=BASE_APPLICATION wanim=0x1030317
04-15 09:53:52.008  1542  2476 I WindowManager:   fl=81810100
04-15 09:53:52.008  1542  2476 I WindowManager:   pfl=100088c0
04-15 09:53:52.008  1542  2476 I WindowManager:   apr=210
04-15 09:53:52.008  1542  2476 I WindowManager:   bhv=1
04-15 09:53:52.008  1542  2476 I WindowManager:   fitSides=0
04-15 09:53:52.008  1542  2476 I WindowManager:   frameRateBoostOnTouch=true
04-15 09:53:52.008  1542  2476 I WindowManager:   dvrrWindowFrameRateHint=true naviIconColor=0}
04-15 09:53:52.009  2000  2000 D NavigationBar: onSystemBarAttributesChanged() -  displayId:0, appearance:528, packageName: com.catfact.app.feature.facts.test (APPEARANCE_LIGHT_NAVIGATION_BARS ), navbarColorManagedByIme:false
04-15 09:53:52.011 19868 19868 I BLASTBufferQueue_Java: new BLASTBufferQueue, mName= VRI[ComponentActivity]@a556c4 mNativeObject= 0xb40000741c66c810 caller= android.view.ViewRootImpl.updateBlastSurfaceIfNeeded:3585 android.view.ViewRootImpl.relayoutWindow:11685 android.view.ViewRootImpl.performTraversals:4804 android.view.ViewRootImpl.doTraversal:3924 android.view.ViewRootImpl$TraversalRunnable.run:12903 android.view.Choreographer$CallbackRecord.run:1901 android.view.Choreographer$CallbackRecord.run:1910 android.view.Choreographer.doCallbacks:1367 android.view.Choreographer.doFrame:1292 android.view.Choreographer$FrameDisplayEventReceiver.run:1870
04-15 09:53:52.011 19868 19868 I BLASTBufferQueue_Java: update, w= 720 h= 1544 mName = VRI[ComponentActivity]@a556c4 mNativeObject= 0xb40000741c66c810 sc.mNativeObject= 0xb40000751c4f3d10 format= -1 caller= android.view.ViewRootImpl.updateBlastSurfaceIfNeeded:3590 android.view.ViewRootImpl.relayoutWindow:11685 android.view.ViewRootImpl.performTraversals:4804 android.view.ViewRootImpl.doTraversal:3924 android.view.ViewRootImpl$TraversalRunnable.run:12903 android.view.Choreographer$CallbackRecord.run:1901
04-15 09:53:52.011 19868 19868 I VRI[ComponentActivity]@a556c4: Relayout returned: old=(0,0,720,1544) new=(0,0,720,1544) relayoutAsync=false req=(720,1544)0 dur=15 res=0x3 s={true 0xb40000748c55c0d0} ch=true seqId=0
04-15 09:53:52.011 19868 19868 I VRI[ComponentActivity]@a556c4: performConfigurationChange setNightDimText nightDimLevel=0
04-15 09:53:52.012 19868 19868 D VRI[ComponentActivity]@a556c4: mThreadedRenderer.initialize() mSurface={isValid=true 0xb40000748c55c0d0} hwInitialized=true
04-15 09:53:52.012 19868 19868 D VRI[ComponentActivity]@a556c4: reportNextDraw android.view.ViewRootImpl.performTraversals:5443 android.view.ViewRootImpl.doTraversal:3924 android.view.ViewRootImpl$TraversalRunnable.run:12903 android.view.Choreographer$CallbackRecord.run:1901 android.view.Choreographer$CallbackRecord.run:1910
04-15 09:53:52.012 19868 19868 D VRI[ComponentActivity]@a556c4: Setup new sync=wmsSync-VRI[ComponentActivity]@a556c4#16
04-15 09:53:52.012 19868 19868 I VRI[ComponentActivity]@a556c4: Creating new active sync group VRI[ComponentActivity]@a556c4#17
04-15 09:53:52.012 19868 19868 D VRI[ComponentActivity]@a556c4: registerCallbacksForSync syncBuffer=false
04-15 09:53:52.013 19868 19914 D VRI[ComponentActivity]@a556c4: Received frameDrawingCallback syncResult=0 frameNum=1.
04-15 09:53:52.013 19868 19914 I VRI[ComponentActivity]@a556c4: mWNT: t=0xb4000074fc5281d0 mBlastBufferQueue=0xb40000741c66c810 fn= 1 HdrRenderState mRenderHdrSdrRatio=1.0 caller= android.view.ViewRootImpl$12.onFrameDraw:15441 android.view.ThreadedRenderer$1.onFrameDraw:718 <bottom of call stack>
04-15 09:53:52.013 19868 19914 I VRI[ComponentActivity]@a556c4: Setting up sync and frameCommitCallback
04-15 09:53:52.014 19868 19901 I BLASTBufferQueue: [VRI[ComponentActivity]@a556c4#8](f:0,a:0,s:0) onFrameAvailable the first frame is available
04-15 09:53:52.014 19868 19901 I VRI[ComponentActivity]@a556c4: Received frameCommittedCallback lastAttemptedDrawFrameNum=1 didProduceBuffer=true
04-15 09:53:52.015  1151  1200 I SurfaceFlinger: [com.catfact.app.feature.facts.test/androidx.activity.ComponentActivity$_19868#18966] setTransactionState with the first frame. bufferData(ID: 85332410236960, frameNumber: 1)
04-15 09:53:52.015 19868 19901 D HWUI    : CFMS:: SetUp Pid : 19868    Tid : 19901
04-15 09:53:52.015 19868 19868 D VRI[ComponentActivity]@a556c4: reportDrawFinished seqId=0
04-15 09:53:52.015  1151  1151 D SurfaceFlinger: Display 4633128672291735999 HWC layers:
04-15 09:53:52.015  1151  1151 D SurfaceFlinger:        CLIENT |           17089674871069 | 00002102 | RGBA_8888    |   12.0    0.0  720.0 1544.0 |    0    0  720 1544 | com.google.android.calendar/com.goog[...]AllInOneCalendarActivity$_3979#18950 (27)
04-15 09:53:52.015  1151  1151 D SurfaceFlinger:   SOLID_COLOR |                        0 | 00000000 | N/A          |    0.0    0.0    0.0    0.0 |    0    0  720 1544 | DimTransitionLayer for Surface(name=Task=3885)/@0x3cf3816#18963 (0)
04-15 09:53:52.015  1151  1151 D SurfaceFlinger:        DEVICE |            8589934656033 | 00002100 | RGBA_8888    |    0.0    0.0   37.0 1544.0 |  683    0  720 1544 | Splash Screen com.catfact.app.feature.facts.test$_2000#18961 (1)
04-15 09:53:52.015  1151  1151 D SurfaceFlinger:        DEVICE |            8589934654694 | 00002100 | RGBA_8888    |    0.0    0.0  720.0   50.0 |    0    0  720   50 | StatusBar$_2000#102 (26569)
04-15 09:53:52.015  1151  1151 D SurfaceFlinger:        DEVICE |           10569914518889 | 00002100 | RGBA_8888    |    0.0    0.0   67.0  353.0 |  653  192  720  545 | com.sec.android.app.launcher/com.sam[...]l.app.CocktailBarService$_2461#16495 (1)
04-15 09:53:52.015  1151  1151 D SurfaceFlinger:        DEVICE |            8589934654691 | 00002100
04-15 09:53:52.015  1151  1151 D SurfaceFlinger: | RGBA_8888    |    0.0    0.0  720.0   90.0 |    0 1454  720 1544 | NavigationBar0$_2000#98 (17353)
04-15 09:53:52.015  1151  1151 D SurfaceFlinger:
04-15 09:53:52.016  1542  1585 D SurfaceComposerClient: setCornerRadius ## 2fafe65 Splash Screen com.catfact.app.feature.facts.test#18960 cornerRadius=0.000000
04-15 09:53:52.016  1542  1585 D SurfaceComposerClient: setCornerRadius ## 718ff8d com.catfact.app.feature.facts.test/androidx.activity.ComponentActivity#18964 cornerRadius=0.000000
04-15 09:53:52.016  1151  1151 I SurfaceFlinger: [LayerHierarchy{RequestedLayerState{8c5cec7 NavigationBar0#91 parentId=18970} 1 children}] reparent to LayerHierarchy{RequestedLayerState{Surface(name=8c5cec7 NavigationBar0)/@0xa68870 - animation-leash of insets_animation#18970 parentId=90} 1 children}
04-15 09:53:52.016  1151  1151 I SurfaceFlinger: [LayerHierarchy{RequestedLayerState{3edafdc StatusBar#95 parentId=18969} 1 children}] reparent to LayerHierarchy{RequestedLayerState{Surface(name=3edafdc StatusBar)/@0x3b919ed - animation-leash of insets_animation#18969 parentId=94} 1 children}
04-15 09:53:52.017  1151  1151 I SurfaceFlinger: [LayerHierarchy{RequestedLayerState{Surface(name=8c5cec7 NavigationBar0)/@0xa68870 - animation-leash of insets_animation#18954} no children}] reparent to OffscreenRoot
04-15 09:53:52.017  1151  1151 I SurfaceFlinger: [LayerHierarchy{RequestedLayerState{Surface(name=8c5cec7 NavigationBar0)/@0xa68870 - animation-leash of insets_animation#18954} no children}] RelativeParent to null
04-15 09:53:52.017  1151  1151 I SurfaceFlinger: [LayerHierarchy{RequestedLayerState{Surface(name=3edafdc StatusBar)/@0x3b919ed - animation-leash of insets_animation#18953} no children}] reparent to OffscreenRoot
04-15 09:53:52.017  1151  1151 I SurfaceFlinger: [LayerHierarchy{RequestedLayerState{Surface(name=3edafdc StatusBar)/@0x3b919ed - animation-leash of insets_animation#18953} no children}] RelativeParent to null
04-15 09:53:52.017  1151  1151 I SurfaceFlinger: [LayerHierarchy{RequestedLayerState{Surface(name=3edafdc StatusBar)/@0x3b919ed - animation-leash of insets_animation#18967} no children}] reparent to OffscreenRoot
04-15 09:53:52.017  1151  1151 I SurfaceFlinger: [LayerHierarchy{RequestedLayerState{Surface(name=3edafdc StatusBar)/@0x3b919ed - animation-leash of insets_animation#18967} no children}] RelativeParent to null
04-15 09:53:52.017  1151  1151 I SurfaceFlinger: [LayerHierarchy{RequestedLayerState{Surface(name=8c5cec7 NavigationBar0)/@0xa68870 - animation-leash of insets_animation#18968} no children}] reparent to OffscreenRoot
04-15 09:53:52.017  1151  1151 I SurfaceFlinger: [LayerHierarchy{RequestedLayerState{Surface(name=8c5cec7 NavigationBar0)/@0xa68870 - animation-leash of insets_animation#18968} no children}] RelativeParent to null
04-15 09:53:52.017  1542  1585 D SurfaceComposerClient: setCornerRadius ## 2fafe65 Splash Screen com.catfact.app.feature.facts.test#18960 cornerRadius=0.000000
04-15 09:53:52.019  1151  1378 I SurfaceFlinger: id=18971 createSurf, flag=24000, Surface(name=718ff8d com.catfact.app.feature.facts.test/androidx.activity.ComponentActivity)/@0xa2af3a8 - animation-leash of starting_reveal#18971
04-15 09:53:52.021  1151  1378 I SurfaceFlinger: id=18967 Removed Surface(name=3edafdc StatusBar)/@0x3b919ed - animation-leash of insets_animation#18967 (233)
04-15 09:53:52.022  1151  1378 I SurfaceFlinger: id=18968 Removed Surface(name=8c5cec7 NavigationBar0)/@0xa68870 - animation-leash of insets_animation#18968 (233)
04-15 09:53:52.022  2000  2105 D ShellTaskOrganizer: removeStartingWindow, removalInfo=StartingWindowRemovalInfo{taskId=3885 frame=Rect(0, 0 - 720, 1544) playRevealAnimation=true roundedCornerRadius=0.0 deferRemoveMode=0 windowlessSurface=false removeImmediately=false}
04-15 09:53:52.022  1542  1585 D SurfaceComposerClient: setCornerRadius ## 718ff8d com.catfact.app.feature.facts.test/androidx.activity.ComponentActivity#18964 cornerRadius=0.000000
04-15 09:53:52.022  1542  1585 D SurfaceComposerClient: setCornerRadius ## 2fafe65 Splash Screen com.catfact.app.feature.facts.test#18960 cornerRadius=0.000000
04-15 09:53:52.022  1542  1585 D SurfaceComposerClient: setCornerRadius ## 718ff8d com.catfact.app.feature.facts.test/androidx.activity.ComponentActivity#18964 cornerRadius=0.000000
04-15 09:53:52.023  1542  1585 D SurfaceComposerClient: setCornerRadius ## 2fafe65 Splash Screen com.catfact.app.feature.facts.test#18960 cornerRadius=0.000000
04-15 09:53:52.023  1542  1585 D SurfaceComposerClient: setCornerRadius ## 718ff8d com.catfact.app.feature.facts.test/androidx.activity.ComponentActivity#18964 cornerRadius=0.000000
04-15 09:53:52.023  1542  2476 I SemDvfsHyPerManager: acquire hyper - AMS_RESUME_TAIL/1542@22, type = -999
04-15 09:53:52.023  1542  2476 I SemDvfsHyPerManager: acquire hyper - AMS_ACT_LAZY/1542@23, type = -999
04-15 09:53:52.024  1059  1180 I HYPER-HAL: [RequestManager.cpp]acquire(): Acquired ID : 1223852  [1542 / 22]    HINT : AMS_RESUME_TAIL    list :
04-15 09:53:52.024  1542  1581 I PkgPredictorService-SecIpmManagerServiceImpl: reportToNAP uid:10749 com.catfact.app.feature.facts.test/androidx.activity.ComponentActivity thisTime:100
04-15 09:53:52.024  1542  1581 D PkgPredictorService-SecIpmManagerServiceImpl: reportToNAP: mHeavyLaunchCounter is false
04-15 09:53:52.024  1542  2944 D PkgPredictorService-SecIpmManagerServiceImpl: ACTION_FOREGROUND_FINISH_EVENT sCurForegroundApp :com.catfact.app.feature.facts.test
04-15 09:53:52.025  1542  1581 I ActivityTaskManager: Displayed com.catfact.app.feature.facts.test/androidx.activity.ComponentActivity for user 0: +100ms
04-15 09:53:52.025  1059  1180 I HYPER-HAL: [ResourceManager.cpp]removeResource(): [CPULittleMinFreq] RemoveResource Request ID : 1233263
04-15 09:53:52.025  1059  1180 I HYPER-HAL: [RequestManager.cpp]releaseLocked(): Released ID : 1233263
04-15 09:53:52.026 19868 19868 I InsetsSourceConsumer: applyRequestedVisibilityToControl: visible=true, type=statusBars, host=com.catfact.app.feature.facts.test/androidx.activity.ComponentActivity
04-15 09:53:52.027  3152  3152 E pageboostd: Received HALT command code 2
04-15 09:53:52.027 19868 19868 I InsetsSourceConsumer: applyRequestedVisibilityToControl: visible=true, type=navigationBars, host=com.catfact.app.feature.facts.test/androidx.activity.ComponentActivity
04-15 09:53:52.028  1151  1151 I SurfaceFlinger: destroyed Surface(name=3edafdc StatusBar)/@0x3b919ed - animation-leash of insets_animation#18967
04-15 09:53:52.028  1151  1151 I SurfaceFlinger: destroyed Surface(name=8c5cec7 NavigationBar0)/@0xa68870 - animation-leash of insets_animation#18968
04-15 09:53:52.028  1151  1151 I SurfaceFlinger: [Surface(name=718ff8d com.catfact.app.feature.facts.test/androidx.activity.ComponentActivity)/@0xa2af3a8 - animation-leash of starting_reveal#18971] attach to parent LayerHierarchy{RequestedLayerState{ActivityRecord{249058214 u0 com.catfact.app.feature.facts.test/androidx.activity.ComponentActivity t3885}#18959 parentId=18958} 4 children}
