04-15 09:53:53.406  2000  2120 I InsetsController: onStateChanged: host=Splash Screen com.catfact.app.feature.facts.test, from=android.view.ViewRootImpl.onInsetsStateChanged:3026, state=InsetsState: {mDisplayFrame=Rect(0, 0 - 720, 1544), mDisplayCutout=DisplayCutout{insets=Rect(0, 50 - 0, 0) waterfall=Insets{left=0, top=0, right=0, bottom=0} boundingRect={Bounds=[Rect(0, 0 - 0, 0), Rect(341, 0 - 379, 50), Rect(0, 0 - 0, 0), Rect(0, 0 - 0, 0)]} cutoutPathParserInfo={CutoutPathParserInfo{displayWidth=720 displayHeight=1544 physicalDisplayWidth=720 physicalDisplayHeight=1544 density={1.875} cutoutSpec={M 0,0 H -10 V 26.66666666666667 H 10 V 0 H 0 Z @dp} rotation={0} scale={1.0} physicalPixelDisplaySizeRatio={1.0}}} sideOverrides={}}, mRoundedCorners=RoundedCorners{[RoundedCorner{position=TopLeft, radius=8, center=Point(8, 8)}, RoundedCorner{position=TopRight, radius=8, center=Point(712, 8)}, RoundedCorner{position=BottomRight, radius=8, center=Point(712, 1536)}, RoundedCorner{position=BottomLeft, radius=8, center=Point(8, 1536)}]}  mRoundedCornerFrame=Rect(0, 0 - 720, 1544), mPrivacyIndicatorBounds=PrivacyIndicatorBounds {static bounds=Rect(637, 0 - 720, 50) rotation=0}, mDisplayShape=DisplayShape{ spec=-311912193 displayWidth=720 displayHeight=1544 physicalPixelDisplaySizeRatio=0.5 rotation=0 offsetX=0 offsetY=0 scale=1.0}, mSources= { InsetsSource: {ec730001 mType=navigationBars mFrame=[0,1454][720,1544] mVisible=true mFlags= mSideHint=BOTTOM mBoundingRects=null}, InsetsSource: {ec730004 mType=systemGestures mFrame=[0,0][0,0] mVisible=true mFlags= mSideHint=NONE mBoundingRects=null}, InsetsSource: {ec730005 mType=mandatorySystemGestures mFrame=[0,1454][720,1544] mVisible=true mFlags= mSideHint=BOTTOM mBoundingRects=null}, InsetsSource: {ec730006 mType=tappableElement mFrame=[0,1454][720,1544] mVisible=true mFlags= mSideHint=BOTTOM mBoundingRects=null}, InsetsSource: {ec730024 mType=systemGestures mFrame=[0,0][0,0] mVisible=true mFlags= mSideHint=NONE mBoundingRects=null}, InsetsSource: {3 mType=ime mFrame=[0,0][0,0] mVisible=false mFlags= mSideHint=NONE mBoundingRects=null}, InsetsSource: {27 mType=displayCutout mFrame=[0,0][720,50] mVisible=true mFlags= mSideHint=TOP mBoundingRects=null}, InsetsSource: {43950000 mType=statusBars mFrame=[0,0][720,50] mVisible=true mFlags= mSideHint=TOP mBoundingRects=null}, InsetsSource: {43950005 mType=mandatorySystemGestures mFrame=[0,0][720,73] mVisible=true mFlags= mSideHint=TOP mBoundingRects=null}, InsetsSource: {43950006 mType=tappableElement mFrame=[0,0][720,50] mVisible=true mFlags= mSideHint=TOP mBoundingRects=null} }
04-15 09:53:53.406  2000  2120 I VRI[test]@c46a09c: onActiveControlsChanged, removed=false, mAdded=true, caller=android.view.ViewRootImpl.handleInsetsControlChanged:3002 android.view.ViewRootImpl$ViewRootHandler.handleMessageImpl:8352 android.view.ViewRootImpl$ViewRootHandler.handleMessage:8301 android.os.Handler.dispatchMessage:110 android.os.Looper.loopOnce:273
04-15 09:53:53.406  1151  1199 I SurfaceFlinger: id=19001 Removed Surface(name=3edafdc StatusBar)/@0x3b919ed - animation-leash of insets_animation#19001 (237)
04-15 09:53:53.406  1151  1199 I SurfaceFlinger: id=19002 Removed Surface(name=8c5cec7 NavigationBar0)/@0xa68870 - animation-leash of insets_animation#19002 (237)
04-15 09:53:53.408 19868 19901 D HWUI    : CFMS:: SetUp Pid : 19868    Tid : 19901
04-15 09:53:53.408 19868 19868 D VRI[ComponentActivity]@ca50fc1: reportDrawFinished seqId=0
04-15 09:53:53.409 19868 19868 I InsetsSourceConsumer: applyRequestedVisibilityToControl: visible=true, type=statusBars, host=com.catfact.app.feature.facts.test/androidx.activity.ComponentActivity
04-15 09:53:53.409  1542  1585 D SurfaceComposerClient: setCornerRadius ## e6f7182 Splash Screen com.catfact.app.feature.facts.test#18995 cornerRadius=0.000000
04-15 09:53:53.409  1542  1585 D SurfaceComposerClient: setCornerRadius ## 2f7eeeb com.catfact.app.feature.facts.test/androidx.activity.ComponentActivity#19000 cornerRadius=0.000000
04-15 09:53:53.410  1542  1585 D SurfaceComposerClient: setCornerRadius ## e6f7182 Splash Screen com.catfact.app.feature.facts.test#18995 cornerRadius=0.000000
04-15 09:53:53.410 11141 11196 E Finsky  : [240] [Counters] attempted to use a non-positive increment for: 4753
04-15 09:53:53.410  1151  1151 I SurfaceFlinger: destroyed Surface(name=3edafdc StatusBar)/@0x3b919ed - animation-leash of insets_animation#19001
04-15 09:53:53.410  1151  1151 I SurfaceFlinger: destroyed Surface(name=8c5cec7 NavigationBar0)/@0xa68870 - animation-leash of insets_animation#19002
04-15 09:53:53.410  1151  1199 I SurfaceFlinger: id=19006 createSurf, flag=24000, Surface(name=2f7eeeb com.catfact.app.feature.facts.test/androidx.activity.ComponentActivity)/@0x79f8f78 - animation-leash of starting_reveal#19006
04-15 09:53:53.410  1151  1151 I Layer   : id=19001 Destroyed Surface(name=3edafdc StatusBar)/@0x3b919ed - animation-leash of insets_animation#19001
04-15 09:53:53.411  1151  1151 I Layer   : id=19002 Destroyed Surface(name=8c5cec7 NavigationBar0)/@0xa68870 - animation-leash of insets_animation#19002
04-15 09:53:53.412  1151  1338 D SurfaceFlinger: [input] setFocusedWindow: 2f7eeeb com.catfact.app.feature.facts.test/androidx.activity.ComponentActivity
04-15 09:53:53.412  3979  3988 I ndroid.calendar: Background concurrent mark compact GC freed 33MB AllocSpace bytes, 0(0B) LOS objects, 60% free, 31MB/79MB, paused 1.624ms,7.207ms total 126.244ms
04-15 09:53:53.412 19868 19868 I InsetsSourceConsumer: applyRequestedVisibilityToControl: visible=true, type=navigationBars, host=com.catfact.app.feature.facts.test/androidx.activity.ComponentActivity
04-15 09:53:53.413  1542  1585 D SurfaceComposerClient: setCornerRadius ## 2f7eeeb com.catfact.app.feature.facts.test/androidx.activity.ComponentActivity#19000 cornerRadius=0.000000
04-15 09:53:53.413  2000  2105 D ShellTaskOrganizer: removeStartingWindow, removalInfo=StartingWindowRemovalInfo{taskId=3886 frame=Rect(0, 0 - 720, 1544) playRevealAnimation=true roundedCornerRadius=0.0 deferRemoveMode=0 windowlessSurface=false removeImmediately=false}
04-15 09:53:53.413  1542  1678 D InputDispatcher: Once focus requested (0): 2f7eeeb com.catfact.app.feature.facts.test/androidx.activity.ComponentActivity
04-15 09:53:53.413  1542  1678 D InputDispatcher: Focus request (0): 2f7eeeb com.catfact.app.feature.facts.test/androidx.activity.ComponentActivity but waiting because NO_WINDOW
04-15 09:53:53.413  1542  1585 D SurfaceComposerClient: setCornerRadius ## e6f7182 Splash Screen com.catfact.app.feature.facts.test#18995 cornerRadius=0.000000
04-15 09:53:53.413  1542  1585 D SurfaceComposerClient: setCornerRadius ## 2f7eeeb com.catfact.app.feature.facts.test/androidx.activity.ComponentActivity#19000 cornerRadius=0.000000
04-15 09:53:53.413  1542  1585 D SurfaceComposerClient: setCornerRadius ## e6f7182 Splash Screen com.catfact.app.feature.facts.test#18995 cornerRadius=0.000000
04-15 09:53:53.414  1542  1585 D SurfaceComposerClient: setCornerRadius ## 2f7eeeb com.catfact.app.feature.facts.test/androidx.activity.ComponentActivity#19000 cornerRadius=0.000000
04-15 09:53:53.414  1542  1581 I PkgPredictorService-SecIpmManagerServiceImpl: reportToNAP uid:10749 com.catfact.app.feature.facts.test/androidx.activity.ComponentActivity thisTime:122
04-15 09:53:53.414  1542  1581 D PkgPredictorService-SecIpmManagerServiceImpl: reportToNAP: mHeavyLaunchCounter is false
04-15 09:53:53.414  1542  2944 D PkgPredictorService-SecIpmManagerServiceImpl: ACTION_FOREGROUND_FINISH_EVENT sCurForegroundApp :com.catfact.app.feature.facts.test
04-15 09:53:53.414  1542  1678 I SemDvfsHyPerManager: acquire hyper - AMS_RESUME_TAIL/1542@22, type = -999
04-15 09:53:53.414  1542  1678 I SemDvfsHyPerManager: acquire hyper - AMS_ACT_LAZY/1542@23, type = -999
04-15 09:53:53.414  1542  1581 I ActivityTaskManager: Displayed com.catfact.app.feature.facts.test/androidx.activity.ComponentActivity for user 0: +122ms
04-15 09:53:53.415  1059  1180 I HYPER-HAL: [RequestManager.cpp]acquire(): Acquired ID : 1223852  [1542 / 22]    HINT : AMS_RESUME_TAIL    list :
04-15 09:53:53.415  3152  3152 E pageboostd: Received HALT command code 2
04-15 09:53:53.417  1151  1151 I SurfaceFlinger: [Surface(name=2f7eeeb com.catfact.app.feature.facts.test/androidx.activity.ComponentActivity)/@0x79f8f78 - animation-leash of starting_reveal#19006] attach to parent LayerHierarchy{RequestedLayerState{ActivityRecord{198789024 u0 com.catfact.app.feature.facts.test/androidx.activity.ComponentActivity t3886}#18994 parentId=18993} 4 children}
04-15 09:53:53.417  1059  1180 I HYPER-HAL: [ResourceManager.cpp]removeResource(): [CPULittleMinFreq] RemoveResource Request ID : 1233263
04-15 09:53:53.417  1059  1180 I HYPER-HAL: [RequestManager.cpp]releaseLocked(): Released ID : 1233263
04-15 09:53:53.418 11141 18398 I Finsky  : [361] SCH: Satisfied jobs for 9996 are: 12-1
04-15 09:53:53.419 11141 20038 I Finsky  : [375] SCH: Job 12-1 starting
04-15 09:53:53.424  2000  2195 I VRI[test]@c46a09c: mWNT: t=0xb4000074fc7407d0 mBlastBufferQueue=0xb40000741d28d960 fn= 2 HdrRenderState mRenderHdrSdrRatio=1.0 caller= android.view.SyncRtSurfaceTransactionApplier.applyTransaction:100 android.view.SyncRtSurfaceTransactionApplier.lambda$scheduleApply$0:73 android.view.SyncRtSurfaceTransactionApplier.$r8$lambda$afI4fXg3U3-nBZQEDQMiNy-B06s:0
04-15 09:53:53.424  2000  2195 I VRI[test]@c46a09c: mWNT: t=0xb4000074fc651490 mBlastBufferQueue=0xb40000741d28d960 fn= 2 HdrRenderState mRenderHdrSdrRatio=1.0 caller= android.view.SyncRtSurfaceTransactionApplier.applyTransaction:100 android.view.SyncRtSurfaceTransactionApplier.lambda$scheduleApply$0:73 android.view.SyncRtSurfaceTransactionApplier.$r8$lambda$afI4fXg3U3-nBZQEDQMiNy-B06s:0
04-15 09:53:53.424  1151  1151 I SurfaceFlinger: RequestedLayer [com.catfact.app.feature.facts.test/a[...]ivity.ComponentActivity$_19868#19003] hidden!! flag  from(1) --> to(0)
04-15 09:53:53.425  1151  1151 I SurfaceFlinger: [LayerHierarchy{RequestedLayerState{2f7eeeb com.catfact.app.feature.facts.test/androidx.activity.ComponentActivity#19000 parentId=19006} 1 children}] reparent to LayerHierarchy{RequestedLayerState{Surface(name=2f7eeeb com.catfact.app.feature.facts.test/androidx.activity.ComponentActivity)/@0x79f8f78 - animation-leash of starting_reveal#19006 parentId=18994} 1 children}
04-15 09:53:53.426  1542  3015 I NSLocationMonitor: getGPSUsingApps() called
04-15 09:53:53.427  2982  6680 I NSLocationManager_FLP: getGPSUsingApps, No change
04-15 09:53:53.429  1542  1585 D SurfaceComposerClient: setCornerRadius ## e6f7182 Splash Screen com.catfact.app.feature.facts.test#18995 cornerRadius=0.000000
04-15 09:53:53.429  1542  1585 D SurfaceComposerClient: setCornerRadius ## 2f7eeeb com.catfact.app.feature.facts.test/androidx.activity.ComponentActivity#19000 cornerRadius=0.000000
04-15 09:53:53.431  2000  2927 D SecFgsManagerController: onForegroundStateChanged: [dialog:false]:[isForeground:true]:[packageName:com.android.vending]:[token:android.os.BinderProxy@abaa58a]:[userId:0]
04-15 09:53:53.432  2000  2194 I VRI[test]@c46a09c: mWNT: t=0xb4000074fc773c90 mBlastBufferQueue=0xb40000741d28d960 fn= 3 HdrRenderState mRenderHdrSdrRatio=1.0 caller= android.view.SyncRtSurfaceTransactionApplier.applyTransaction:100 android.view.SyncRtSurfaceTransactionApplier.lambda$scheduleApply$0:73 android.view.SyncRtSurfaceTransactionApplier.$r8$lambda$afI4fXg3U3-nBZQEDQMiNy-B06s:0
04-15 09:53:53.434  1151  1151 D SurfaceFlinger: Display 4633128672291735999 HWC layers:
04-15 09:53:53.434  1151  1151 D SurfaceFlinger:        CLIENT |           17089674871072 | 00002102 | RGBA_8888    |   68.0    0.0  720.0 1544.0 |    0    0  720 1544 | com.google.android.calendar/com.goog[...]AllInOneCalendarActivity$_3979#18985 (28)
04-15 09:53:53.434  1151  1151 D SurfaceFlinger:   SOLID_COLOR |                        0 | 00000000 | N/A          |    0.0    0.0    0.0    0.0 |    0    0  720 1544 | DimTransitionLayer for Surface(name=Task=3886)/@0x919ce59#18999 (0)
04-15 09:53:53.434  1151  1151 D SurfaceFlinger:        DEVICE |           85332410236968 | 00002102 | RGBA_8888    |    0.0    0.0  219.0 1544.0 |  501    0  720 1544 | com.catfact.app.feature.facts.test/a[...]ivity.ComponentActivity$_19868#19003 (1)
04-15 09:53:53.434  1151  1151 D SurfaceFlinger:        DEVICE |            8589934656051 | 00002100 | RGBA_8888    |    0.0    0.0  219.0 1544.0 |  501    0  720 1544 | Splash Screen com.catfact.app.feature.facts.test$_2000#18996 (1)
04-15 09:53:53.434  1151  1151 D SurfaceFlinger:        DEVICE |            8589934654687 | 00002100 | RGBA_8888    |    0.0    0.0  720.0   50.0 |    0    0  720   50 | StatusBar$_2000#102 (26606)
04-15 09:53:53.434  1151  1151 D SurfaceFlinger:        DEVICE |           10569914518889 | 00002100
04-15 09:53:53.434  1151  1151 D SurfaceFlinger: | RGBA_8888    |    0.0    0.0   67.0  353.0 |  653  192  720  545 | com.sec.android.app.launcher/com.sam[...]l.app.CocktailBarService$_2461#16495 (1)
04-15 09:53:53.434  1151  1151 D SurfaceFlinger:        DEVICE |            8589934654705 | 00002100 | RGBA_8888    |    0.0    0.0  720.0   90.0 |    0 1454  720 1544 | NavigationBar0$_2000#98 (17388)
04-15 09:53:53.434  1151  1151 D SurfaceFlinger:
04-15 09:53:53.435  1542  2472 D InputDispatcher: Focus entered window (0): 2f7eeeb com.catfact.app.feature.facts.test/androidx.activity.ComponentActivity
04-15 09:53:53.436 19868 19868 D VRI[ComponentActivity]@ca50fc1: mThreadedRenderer.initializeIfNeeded()#2 mSurface={isValid=true 0xb40000748c570f90}
04-15 09:53:53.436 19868 19868 D InputMethodManagerUtils: startInputInner - Id : 0
04-15 09:53:53.436 19868 19868 I InputMethodManager: startInputInner - IInputMethodManagerGlobalInvoker.startInputOrWindowGainedFocus
04-15 09:53:53.437  2000  2927 D SecFgsManagerController: updateUiControl[com.android.vending]: 300
04-15 09:53:53.437  2000  2927 D SecFgsManagerController: updateNumberOfVisibleRunningPackagesLocked: 1
04-15 09:53:53.438  1542  1750 I ImeTracker: com.catfact.app.feature.facts.test:646a8bca: onRequestHide at ORIGIN_SERVER reason HIDE_UNSPECIFIED_WINDOW fromUser false
04-15 09:53:53.438 19868 19868 I InputMethodManager: handleMessage: setImeVisibility visible=false
04-15 09:53:53.438 19868 19868 D InsetsController: hide(ime(), fromIme=false)
04-15 09:53:53.438 19868 19868 I ImeTracker: com.catfact.app.feature.facts.test:646a8bca: onCancelled at PHASE_CLIENT_ALREADY_HIDDEN
04-15 09:53:53.439  3979  3979 D InputTransport: Input channel destroyed: 'ClientS', fd=211
04-15 09:53:53.439  2461  4432 I HoneySpace.RecentTasks: onRecentTasksChanged
04-15 09:53:53.439  1542  1750 D InputTransport: Input channel constructed: 'ClientS', fd=1250
04-15 09:53:53.440  1542  1750 D InputTransport: Input channel destroyed: 'ClientS', fd=1250
04-15 09:53:53.441 19868 19878 D InputTransport: Input channel constructed: 'ClientS', fd=134
04-15 09:53:53.441  1151  1200 I SurfaceFlinger: id=19007 createSurf, flag=24004, Surface(name=1d7a05f InputMethod)/@0x5f77a9d - animation-leash of insets_animation#19007
04-15 09:53:53.442  3756  3756 I HBD     : HoneyBoardService onFinishInput
04-15 09:53:53.442  3756  3756 I HBD     : a IC have been unbinding,  RemoteInputConnection{idHash=#841cb66}
04-15 09:53:53.442  3756  3756 I HBD     : HoneyBoardService [PF_CL][onFinishInput]  0 ms
04-15 09:53:53.442  3756  3756 I HBD     : HoneyBoardService [IMI] onStartInput - caller pid : 19868 , caller uid : 10749
04-15 09:53:53.442  3756  3756 I HBD     : k updateConfigs
04-15 09:53:53.442  3756  3756 I HBD     : k isEnabledNightMode : true
04-15 09:53:53.443  3756  3756 I HBD     : a IC have been binding, RemoteInputConnection{idHash=#436f0b5}
04-15 09:53:53.442  3963  4335 I SemDvfsHyPerManager: acquire hyper - BaseTABoost/3963@25, type = -999
04-15 09:53:53.443  3756  3756 I HBD     : h [EditorInputType]setPrivateImeOptionsToTable privateImeOptions ( null )
04-15 09:53:53.443  3756  3756 I HBD     : b incognitoMode : false
04-15 09:53:53.443  3756  3756 I HBD     : c needOff = true , isForceOff = false, isNullInputClass : true
04-15 09:53:53.443  3756  3756 I HBD     : h getDefaultInputRange : UNKNOWN
04-15 09:53:53.443  3756  3756 I HBD     : h getDefaultInputRange : UNKNOWN
04-15 09:53:53.443  3756  3756 I HBD     : h getDefaultInputRange : UNKNOWN
04-15 09:53:53.443  1059  1180 I HYPER-HAL: [RequestManager.cpp]acquire(): Acquired ID : 7954091  [3963 / 25]    HINT :      list : [TABoost / 1]
04-15 09:53:53.443  1542  2298 I ImeTracker: system_server:23067d22: onRequestHide at ORIGIN_SERVER reason IME_REQUESTED_CHANGED_LISTENER fromUser false
04-15 09:53:53.443  1151  1151 I SurfaceFlinger: [Surface(name=1d7a05f InputMethod)/@0x5f77a9d - animation-leash of insets_animation#19007] attach to parent LayerHierarchy{RequestedLayerState{WindowToken{d080c22 type=2011 android.os.Binder@459a5ed}#120 parentId=15} 2 children}
04-15 09:53:53.443  1542  1584 I ImeTracker: system_server:23067d22: onCancelled at PHASE_SERVER_SHOULD_HIDE
04-15 09:53:53.444  1542  1585 D SurfaceComposerClient: setCornerRadius ## e6f7182 Splash Screen com.catfact.app.feature.facts.test#18995 cornerRadius=0.000000
04-15 09:53:53.444  1542  1585 D SurfaceComposerClient: setCornerRadius ## 2f7eeeb com.catfact.app.feature.facts.test/androidx.activity.ComponentActivity#19000 cornerRadius=0.000000
04-15 09:53:53.444  3756  3756 I HBD     : c needOff = true , isForceOff = false, isNullInputClass : true
04-15 09:53:53.444  3756  3756 I HBD     : c update cached prediction status : false
04-15 09:53:53.444  3756  3756 I HBD     : h getDefaultInputRange : UNKNOWN
04-15 09:53:53.444  3756  3756 I HBD     : a currentState : 0
04-15 09:53:53.444  3756  3756 I HBD     : a [UpdatePolicy] [post] a: 0 cl: 65538 kit: [0/0] vt: 0 ir: 1
04-15 09:53:53.445 11141 11141 I Finsky  : [2] WM::SCH: Logging work start for 12-1
04-15 09:53:53.445 11141 11141 I Finsky  : [2] [ContentSync] job started
04-15 09:53:53.446  2000  2195 I VRI[test]@c46a09c: mWNT: t=0xb4000074fc77c890 mBlastBufferQueue=0xb40000741d28d960 fn= 4 HdrRenderState mRenderHdrSdrRatio=1.0 caller= android.view.SyncRtSurfaceTransactionApplier.applyTransaction:100 android.view.SyncRtSurfaceTransactionApplier.lambda$scheduleApply$0:73 android.view.SyncRtSurfaceTransactionApplier.$r8$lambda$afI4fXg3U3-nBZQEDQMiNy-B06s:0
04-15 09:53:53.446  3756  3756 I HBD     : a [NRIC] resetNoResponseState
04-15 09:53:53.446  3756  3756 I HBD     : c needOff = true , isForceOff = false, isNullInputClass : true
04-15 09:53:53.446  3756  3756 I HBD     : c update cached prediction status : false
04-15 09:53:53.446  3756  3756 I HBD     : b [AiWriter] setContact : com.catfact.app.feature.facts.test
04-15 09:53:53.446  3756  3756 I HBD     : a [AiWriter] setContact : com.catfact.app.feature.facts.test
04-15 09:53:53.446 11141 11141 I Finsky  : [2] Starting WearSupportService for send_installed_apps
04-15 09:53:53.446  3756  3756 I HBD     : o0 EBD si S 0
04-15 09:53:53.446  3756  3756 I HBD     : r updateContactDBLanguage : 0
04-15 09:53:53.446 11141 11141 I Finsky  : [2] Connected to GMS
04-15 09:53:53.446  3756  3756 I HBD     : a [UpdatePolicy] [post] a: 31 cl: 65538 kit: [0/0] vt: 0 ir: 1
04-15 09:53:53.447  3756  3756 I HBD     : HoneyBoardService [PF_OP][onStartInput]  4 ms
04-15 09:53:53.447  3756  3756 I HBD     : [DirectWriting] DirectWriting emitInputConnection : RemoteInputConnection{idHash=#436f0b5}
04-15 09:53:53.449  3756  2074 I HBD     : a [SKE_SPECIFIC] specific model[com.catfact.app.feature.facts.test] loaded, 1367265 ns
04-15 09:53:53.451  2000  2194 I VRI[test]@c46a09c: mWNT: t=0xb4000074fc74f090 mBlastBufferQueue=0xb40000741d28d960 fn= 5 HdrRenderState mRenderHdrSdrRatio=1.0 caller= android.view.SyncRtSurfaceTransactionApplier.applyTransaction:100 android.view.SyncRtSurfaceTransactionApplier.lambda$scheduleApply$0:73 android.view.SyncRtSurfaceTransactionApplier.$r8$lambda$afI4fXg3U3-nBZQEDQMiNy-B06s:0
04-15 09:53:53.451  1151  1151 I SurfaceFlinger: RequestedLayer [Surface(name=1d7a05f InputMethod)/@0[...]tion-leash of insets_animation#19007] hidden!! flag  from(1) --> to(0)
04-15 09:53:53.451  1151  1151 E SurfaceFlinger: alpha changed 1.000 -> 0.000 - Surface(name=1d7a05f InputMethod)/@0x5f77a9d - animation-leash of insets_animation#19007
04-15 09:53:53.451  1151  1151 I SurfaceFlinger: [LayerHierarchy{RequestedLayerState{ImeContainer#15 parentId=18994 relativeParentId=18994 z=3} 1 children}] reparent to LayerHierarchy{RequestedLayerState{ActivityRecord{198789024 u0 com.catfact.app.feature.facts.test/androidx.activity.ComponentActivity t3886}#18994 parentId=18993} 4 children}
04-15 09:53:53.451  1151  1151 I SurfaceFlinger: [LayerHierarchy{RequestedLayerState{ImeContainer#15 parentId=18994 relativeParentId=18994 z=3} 1 children}] RelativeParent to null
04-15 09:53:53.451  1151  1151 I SurfaceFlinger: [LayerHierarchy{RequestedLayerState{1d7a05f InputMethod#134 parentId=19007} no children}] reparent to LayerHierarchy{RequestedLayerState{Surface(name=1d7a05f InputMethod)/@0x5f77a9d - animation-leash of insets_animation#19007 parentId=120} 1 children}
04-15 09:53:53.451  1151  1151 I SurfaceFlinger: [LayerHierarchy{RequestedLayerState{Surface(name=1d7a05f InputMethod)/@0x5f77a9d - animation-leash of insets_animation#18991} no children}] reparent to OffscreenRoot
04-15 09:53:53.451  1151  1151 I SurfaceFlinger: [LayerHierarchy{RequestedLayerState{Surface(name=1d7a05f InputMethod)/@0x5f77a9d - animation-leash of insets_animation#18991} no children}] RelativeParent to null
04-15 09:53:53.455  1151  2479 I SurfaceFlinger: id=18991 Removed Surface(name=1d7a05f InputMethod)/@0x5f77a9d - animation-leash of insets_animation#18991 (237)
04-15 09:53:53.457  2000  2195 I VRI[test]@c46a09c: mWNT: t=0xb4000074fc742050 mBlastBufferQueue=0xb40000741d28d960 fn= 6 HdrRenderState mRenderHdrSdrRatio=1.0 caller= android.view.SyncRtSurfaceTransactionApplier.applyTransaction:100 android.view.SyncRtSurfaceTransactionApplier.lambda$scheduleApply$0:73 android.view.SyncRtSurfaceTransactionApplier.$r8$lambda$afI4fXg3U3-nBZQEDQMiNy-B06s:0
04-15 09:53:53.457  1151  1151 I SurfaceFlinger: destroyed Surface(name=1d7a05f InputMethod)/@0x5f77a9d - animation-leash of insets_animation#18991
04-15 09:53:53.457  3723 15452 I [AirCmd]_ActivitySwitchDetector: onTaskStackChanged : componentName - ComponentInfo{com.catfact.app.feature.facts.test/androidx.activity.ComponentActivity}
04-15 09:53:53.457  1151  1151 I Layer   : id=18991 Destroyed Surface(name=1d7a05f InputMethod)/@0x5f77a9d - animation-leash of insets_animation#18991
04-15 09:53:53.460  3756  3756 I InputMethodService: scheduleImeSurfaceRemoval: canceled, mShowInputRequested=false, mWindowVisible=false, IsmWindowNull=false, IsmImeSurfaceRemoverRunnableNotNull=true
04-15 09:53:53.464  1542  3015 I NSLocationMonitor: getGPSUsingApps() called
04-15 09:53:53.464  2982  6680 I NSLocationManager_FLP: getGPSUsingApps, No change
04-15 09:53:53.466  2000  2194 I VRI[test]@c46a09c: mWNT: t=0xb4000074fc77fb50 mBlastBufferQueue=0xb40000741d28d960 fn= 7 HdrRenderState mRenderHdrSdrRatio=1.0 caller= android.view.SyncRtSurfaceTransactionApplier.applyTransaction:100 android.view.SyncRtSurfaceTransactionApplier.lambda$scheduleApply$0:73 android.view.SyncRtSurfaceTransactionApplier.$r8$lambda$afI4fXg3U3-nBZQEDQMiNy-B06s:0
04-15 09:53:53.477  1542  2103 I WindowManager: Relayout Window{e6f7182 u0 Splash Screen com.catfact.app.feature.facts.test}: viewVisibility=8 req=720x1544 ty=3 d0
04-15 09:53:53.477  1542  2103 D SurfaceComposerClient: setCornerRadius ## 2f7eeeb com.catfact.app.feature.facts.test/androidx.activity.ComponentActivity#19000 cornerRadius=0.000000
04-15 09:53:53.477  1542  2103 D SurfaceComposerClient: setCornerRadius ## e6f7182 Splash Screen com.catfact.app.feature.facts.test#18995 cornerRadius=0.000000
04-15 09:53:53.477  1542  2103 D SurfaceComposerClient: setCornerRadius ## 2f7eeeb com.catfact.app.feature.facts.test/androidx.activity.ComponentActivity#19000 cornerRadius=0.000000
04-15 09:53:53.480  1542  2103 I WindowManager: Relayout hash=e6f7182, pid=2000, syncId=-1: mAttrs={(0,0)(fillxfill) sim={adjust=pan} layoutInDisplayCutoutMode=always ty=APPLICATION_STARTING fmt=TRANSLUCENT wanim=0x1030317
04-15 09:53:53.480  1542  2103 I WindowManager:   fl=81030118
04-15 09:53:53.480  1542  2103 I WindowManager:   pfl=10000810
04-15 09:53:53.480  1542  2103 I WindowManager:   apr=18
04-15 09:53:53.480  1542  2103 I WindowManager:   bhv=1
04-15 09:53:53.480  1542  2103 I WindowManager:   fitSides=0
04-15 09:53:53.480  1542  2103 I WindowManager:   frameRateBoostOnTouch=true
04-15 09:53:53.480  1542  2103 I WindowManager:   dvrrWindowFrameRateHint=true naviIconColor=0}
04-15 09:53:53.480  2000  2120 I VRI[test]@c46a09c: onActiveControlsChanged, removed=false, mAdded=true, caller=android.view.ViewRootImpl.handleInsetsControlChanged:3002 android.view.ViewRootImpl.relayoutWindow:11629 android.view.ViewRootImpl.performTraversals:4804 android.view.ViewRootImpl.doTraversal:3924 android.view.ViewRootImpl$TraversalRunnable.run:12903
04-15 09:53:53.481  1218  6568 I CameraService: onUidStateChanged: uid=10048, procState is changed. (1 -> 0)
04-15 09:53:53.482  2000  2120 I VRI[test]@c46a09c: Relayout returned: old=(0,0,720,1544) new=(0,0,720,1544) relayoutAsync=false req=(720,1544)8 dur=6 res=0x2 s={false 0x0} ch=true seqId=0
04-15 09:53:53.482  2000  2120 D VRI[test]@c46a09c: Not drawing due to not visible. Reason=View.GONE
04-15 09:53:53.482  2000  2120 I VRI[test]@c46a09c: dispatchDetachedFromWindow
04-15 09:53:53.483  1542  2161 D InputTransport: Input channel destroyed: 'e6f7182', fd=1146
04-15 09:53:53.483  1542  2161 D SurfaceComposerClient: setCornerRadius ## 2f7eeeb com.catfact.app.feature.facts.test/androidx.activity.ComponentActivity#19000 cornerRadius=0.000000
04-15 09:53:53.483  1542  2161 D SurfaceComposerClient: setCornerRadius ## 2f7eeeb com.catfact.app.feature.facts.test/androidx.activity.ComponentActivity#19000 cornerRadius=0.000000
04-15 09:53:53.484  1542  1585 D SurfaceComposerClient: setCornerRadius ## 2f7eeeb com.catfact.app.feature.facts.test/androidx.activity.ComponentActivity#19000 cornerRadius=0.000000
04-15 09:53:53.486  2000  2120 D InputTransport: Input channel destroyed: 'e6f7182', fd=522
04-15 09:53:53.490 11141 11141 I Finsky  : [2] Writing installed apps for account [StdFsqf0DBTHVRjvVMMQG2nXBb10wF2PuwUfm-_8y0M]
04-15 09:53:53.492  1542  1585 D SurfaceComposerClient: setCornerRadius ## 2f7eeeb com.catfact.app.feature.facts.test/androidx.activity.ComponentActivity#19000 cornerRadius=0.000000
04-15 09:53:53.494 11141 11141 I Finsky  : [2] Writing installed apps for account [KMraLJQVqnNOyuJebkbtL8emtQDQ8MIEiF4HY02mPi8]
04-15 09:53:53.494  2000  2000 D SystemUIService: SYSUI_RAM_OPTIMIZATION onTrimMemory=20
04-15 09:53:53.495  2000  2000 D CentralSurfaces: SYSUI_RAM_OPTIMIZATION onTrimMemory=20
04-15 09:53:53.498  2000  2196 D HWUI    : CacheManager::trimMemory(20)
04-15 09:53:53.499  1151  1151 I SurfaceFlinger: RequestedLayer [Splash Screen com.catfact.app.feature.facts.test$_2000#18996] hidden!! flag  from(0) --> to(1)
04-15 09:53:53.499  1151  1151 I SurfaceFlinger: [LayerHierarchy{RequestedLayerState{2f7eeeb com.catfact.app.feature.facts.test/androidx.activity.ComponentActivity#19000 parentId=18994} 1 children}] reparent to LayerHierarchy{RequestedLayerState{ActivityRecord{198789024 u0 com.catfact.app.feature.facts.test/androidx.activity.ComponentActivity t3886}#18994 parentId=18993} 5 children}
04-15 09:53:53.499  1151  1151 I SurfaceFlinger: [LayerHierarchy{RequestedLayerState{Surface(name=2f7eeeb com.catfact.app.feature.facts.test/androidx.activity.ComponentActivity)/@0x79f8f78 - animation-leash of starting_reveal#19006} no children}] reparent to OffscreenRoot
04-15 09:53:53.499  1151  1151 I SurfaceFlinger: [LayerHierarchy{RequestedLayerState{Surface(name=2f7eeeb com.catfact.app.feature.facts.test/androidx.activity.ComponentActivity)/@0x79f8f78 - animation-leash of starting_reveal#19006} no children}] RelativeParent to null
04-15 09:53:53.506  1151  1151 D SurfaceFlinger: Display 4633128672291735999 HWC layers:
04-15 09:53:53.506  1151  1151 D SurfaceFlinger:        CLIENT |           17089674871073 | 00002102 | RGBA_8888    |  173.0    0.0  720.0 1544.0 |    0    0  720 1544 | com.google.android.calendar/com.goog[...]AllInOneCalendarActivity$_3979#18985 (35)
04-15 09:53:53.506  1151  1151 D SurfaceFlinger:   SOLID_COLOR |                        0 | 00000000 | N/A          |    0.0    0.0    0.0    0.0 |    0    0  720 1544 | DimTransitionLayer for Surface(name=Task=3886)/@0x919ce59#18999 (0)
04-15 09:53:53.506  1151  1151 D SurfaceFlinger:        DEVICE |           85332410236968 | 00002102 | RGBA_8888    |    0.0    0.0  552.0 1544.0 |  168    0  720 1544 | com.catfact.app.feature.facts.test/a[...]ivity.ComponentActivity$_19868#19003 (1)
04-15 09:53:53.506  1151  1151 D SurfaceFlinger:        DEVICE |            8589934654694 | 00002100 | RGBA_8888    |    0.0    0.0  720.0   50.0 |    0    0  720   50 | StatusBar$_2000#102 (26613)
04-15 09:53:53.506  1151  1151 D SurfaceFlinger:        DEVICE |           10569914518889 | 00002100 | RGBA_8888    |    0.0    0.0   67.0  353.0 |  653  192  720  545 | com.sec.android.app.launcher/com.sam[...]l.app.CocktailBarService$_2461#16495 (1)
04-15 09:53:53.506  1151  1151 D SurfaceFlinger:        DEVICE |            85899346
04-15 09:53:53.506  1151  1151 D SurfaceFlinger: 54705 | 00002100 | RGBA_8888    |    0.0    0.0  720.0   90.0 |    0 1454  720 1544 | NavigationBar0$_2000#98 (17396)
04-15 09:53:53.506  1151  1151 D SurfaceFlinger:
04-15 09:53:53.508 11141 11141 I Finsky  : [2] Writing installed apps for account [f3I8FwTR7UurA7Bd_r1ouykXUGaX4lfDkpTvFFCGTlk]
04-15 09:53:53.511  2000  2000 D QSClock : onDarkChanged tint=DARK
04-15 09:53:53.512 11141 11141 I Finsky  : [2] Writing installed apps for account [UzNT2IUbL1ogSy-SA5dsTT2g4yRKlIiCmeM4uYFt23s]
04-15 09:53:53.514 11141 11141 I Finsky  : [2] Stopping WearSupportService
04-15 09:53:53.515 11141 11141 I Finsky  : [2] Releasing connection from task 8
04-15 09:53:53.515 11141 11141 I Finsky  : [2] Deactivating task 8. Timeout: false, Connected: true, Released: true
04-15 09:53:53.517  2000  2927 D SecFgsManagerController: onForegroundStateChanged: [dialog:false]:[isForeground:false]:[packageName:com.android.vending]:[token:android.os.BinderProxy@abaa58a]:[userId:0]
04-15 09:53:53.517  2000  2927 D SecFgsManagerController: updateNumberOfVisibleRunningPackagesLocked: 0
04-15 09:53:53.518 11141 11141 I Finsky  : [2] Tearing down ForegroundCoordinatorService
04-15 09:53:53.541 11141 11196 I Finsky  : [240] AIM: AppInfoManager-Perf > ItemModel > CacheSize=314, cacheHitCount=0, cacheMissCount=0, total appsWithNoServerDataCount=22. Missed  in cache (limit 10) : []
04-15 09:53:53.555 11141 11199 I Finsky  : [242] AIM: AppInfoManager-Perf > ItemModel > CacheSize=314, cacheHitCount=0, cacheMissCount=0, total appsWithNoServerDataCount=22. Missed  in cache (limit 10) : []
04-15 09:53:53.560 11141 11199 I Finsky  : [242] AIM: AppInfoManager-Perf > getApps > data collection finished
04-15 09:53:53.560 11141 11199 I Finsky  : [242] AIM: AppInfoManager-Perf > maybeDestroyAppInfoManager is called. actives = 0
04-15 09:53:53.561  3756  3756 I InputMethodService: removeImeSurface
04-15 09:53:53.561  3756  3756 I InputMethodService: cancelImeSurfaceRemoval: removeCallbacks
04-15 09:53:53.567  1151  1151 D SurfaceFlinger: GPIS:: requestGpisForClientComposition
04-15 09:53:53.598  1144  1154 E HeatmapThread: ECT Thread time in milliseconds: 1776239633
04-15 09:53:53.598  1144  1154 D HeatmapThread: !@ batteryplugType : 0
04-15 09:53:53.598  1144  1154 D HeatmapThread: !@ batteryLevel : 0  batteryTemperature : 0
04-15 09:53:53.598  1144  1154 D HeatmapThread: !@ Heatmap currtime: 29603993
04-15 09:53:53.598  1144  1154 D HeatmapThread: !@ Heatmap prevtime: 29603990
04-15 09:53:53.598  1144  1154 D HeatmapThread: !@ Heatmap plugstarttime: 35791394
04-15 09:53:53.598  1144  1154 D HeatmapThread: !@ Heatmap prevv_dsoh_update_time: 29597770
04-15 09:53:53.598  1144  1154 E HeatmapThread: !@Could not open '/efs/FactoryApp/bsoh', errno = 13
04-15 09:53:53.598  1144  1154 E HeatmapThread: !@ CAM Could not access BSOH EFS
04-15 09:53:53.598  1144  1154 E HeatmapThread: !@ CAM New BSOH: 0
04-15 09:53:53.669  2461  2461 I HoneySpace.EdgePanel.EdgeVisibilityRepository: getComputedTrayVisible : keyguardState = 1
04-15 09:53:53.669  2461  2461 I HoneySpace.EdgePanel.EdgeVisibilityRepository: updateTrayVisible: State = 0x1, visible = true, current containerState = 0, specificMode = 0
04-15 09:53:53.669  2461  2461 I HoneySpace.EdgePanel.EdgeVisibilityRepository: Same container state 0
04-15 09:53:53.697  3979  3988 I ndroid.calendar: Background concurrent mark compact GC freed 43MB AllocSpace bytes, 2(32KB) LOS objects, 60% free, 31MB/79MB, paused 1.902ms,3.098ms total 110.552ms
04-15 09:53:53.717  1059 20040 I HYPER-HAL: [RequestManager.cpp]releaseLocked(): Released ID : 1223852
04-15 09:53:53.762  1542  2161 W ParceledListSlice: Element #756 is 17016 bytes.
04-15 09:53:53.805 11141 20041 E Finsky  : [376] Got null initiating package name for com.android.stk2
04-15 09:53:53.805 11141 20041 E Finsky  : [376] Got null initiating package name for com.samsung.android.mobileservice
04-15 09:53:53.806 11141 20041 E Finsky  : [376] Got null initiating package name for com.google.android.overlay.modules.captiveportallogin.forframework
04-15 09:53:53.808 11141 20041 E Finsky  : [376] Got null initiating package name for com.sec.bcservice
04-15 09:53:53.810 11141 20041 E Finsky  : [376] Got null initiating package name for com.google.android.safetycenter.resources
04-15 09:53:53.811 11141 20041 E Finsky  : [376] Got null initiating package name for com.android.cts.ctsshim
04-15 09:53:53.812 11141 20041 E Finsky  : [376] Got null initiating package name for com.android.mtp
04-15 09:53:53.813 11141 20041 E Finsky  : [376] Got null initiating package name for com.android.wifi
04-15 09:53:53.814 11141 20041 E Finsky  : [376] Got null initiating package name for com.knox.vpn.proxyhandler
04-15 09:53:53.814 11141 20041 E Finsky  : [376] Got null initiating package name for com.monotype.android.font.samsungone
04-15 09:53:53.816 11141 20041 E Finsky  : [376] Got null initiating package name for com.samsung.android.camera.unihal
04-15 09:53:53.818 11141 20041 E Finsky  : [376] Got null initiating package name for com.samsung.android.providers.trash
04-15 09:53:53.821 11141 20041 E Finsky  : [376] Got null initiating package name for com.samsung.internal.systemui.navbar.gestural_no_hint
04-15 09:53:53.821 11141 20041 E Finsky  : [376] Got null initiating package name for com.samsung.android.svcagent
04-15 09:53:53.822 11141 20041 E Finsky  : [376] Got null initiating package name for com.samsung.android.app.taskedge
04-15 09:53:53.824 11141 20041 E Finsky  : [376] Got null initiating package name for com.android.companiondevicemanager
04-15 09:53:53.825 11141 20041 E Finsky  : [376] Got null initiating package name for com.android.uwb.resources
04-15 09:53:53.825  1151  1151 D SurfaceFlinger: Display 4633128672291735999 HWC layers:
04-15 09:53:53.825  1151  1151 D SurfaceFlinger:        DEVICE |           85332410236968 | 00002102 | RGBA_8888    |    0.0    0.0  720.0 1544.0 |    0    0  720 1544 | com.catfact.app.feature.facts.test/a[...]ivity.ComponentActivity$_19868#19003 (1)
04-15 09:53:53.825  1151  1151 D SurfaceFlinger:        DEVICE |            8589934654742 | 00002100 | RGBA_8888    |    0.0    0.0  720.0   50.0 |    0    0  720   50 | StatusBar$_2000#102 (26616)
04-15 09:53:53.825  1151  1151 D SurfaceFlinger:        DEVICE |           10569914518889 | 00002100 | RGBA_8888    |    0.0    0.0   67.0  353.0 |  653  192  720  545 | com.sec.android.app.launcher/com.sam[...]l.app.CocktailBarService$_2461#16495 (1)
04-15 09:53:53.825  1151  1151 D SurfaceFlinger:        DEVICE |            8589934654692 | 00002100 | RGBA_8888    |    0.0    0.0  720.0   90.0 |    0 1454  720 1544 | NavigationBar0$_2000#98 (17398)
04-15 09:53:53.825  1151  1151 D SurfaceFlinger:
04-15 09:53:53.825 11141 20041 E Finsky  : [376] Got null initiating package name for com.wssyncmldm
04-15 09:53:53.826  2000  2105 I SurfaceControlRegistry: apply, t=FinishTransaction_SyncId<1694>, caller=android.view.SurfaceControl$Transaction.apply:3459 android.view.SurfaceControl$Transaction.apply:3447 android.view.SurfaceControl$Transaction.apply:3397 com.android.wm.shell.transition.Transitions.onFinish:315 com.android.wm.shell.transition.Transitions$$ExternalSyntheticLambda7.onTransitionFinished:12 com.android.wm.shell.transition.DefaultTransitionHandler$$ExternalSyntheticLambda2.run:36
04-15 09:53:53.827 11141 20041 E Finsky  : [376] Got null initiating package name for com.google.android.overlay.modules.healthfitness.forframework
04-15 09:53:53.827 11141 20041 E Finsky  : [376] Got null initiating package name for com.samsung.sec.android.teegris.tui_service
04-15 09:53:53.828 11141 20041 E Finsky  : [376] Got null initiating package name for com.samsung.android.dqagent
04-15 09:53:53.828 11141 20041 E Finsky  : [376] Got null initiating package name for com.samsung.android.app.updatecenter
04-15 09:53:53.829 11141 20041 E Finsky  : [376] Got null initiating package name for com.android.providers.userdictionary
04-15 09:53:53.829 11141 20041 E Finsky  : [376] Got null initiating package name for com.samsung.android.singletake.service
04-15 09:53:53.830  1542  2161 D SurfaceComposerClient: setCornerRadius ## 2f7eeeb com.catfact.app.feature.facts.test/androidx.activity.ComponentActivity#19000 cornerRadius=0.000000
04-15 09:53:53.831 11141 20041 E Finsky  : [376] Got null initiating package name for com.google.android.federatedcompute
04-15 09:53:53.831  1542  2161 D SurfaceComposerClient: setCornerRadius ## 2f7eeeb com.catfact.app.feature.facts.test/androidx.activity.ComponentActivity#19000 cornerRadius=0.000000
04-15 09:53:53.831  2000  2000 D SystemUIService: SYSUI_RAM_OPTIMIZATION onTrimMemory=20
04-15 09:53:53.831  2000  2000 D CentralSurfaces: SYSUI_RAM_OPTIMIZATION onTrimMemory=20
04-15 09:53:53.831  2000  2196 D HWUI    : CacheManager::trimMemory(20)
04-15 09:53:53.832  1151  1151 I SurfaceFlinger: RequestedLayer [Task=3801#16292] hidden!! flag  from(0) --> to(1)
04-15 09:53:53.832  1151  1151 I SurfaceFlinger: [Display 0 name="Built-in Screen"#49] setFrameRateCategory: Default
04-15 09:53:53.833  1151  1151 I SurfaceFlinger: [LayerHierarchy{RequestedLayerState{Task=3801#16292 parentId=10 z=12} 1 children}] reparent to LayerHierarchy{RequestedLayerState{DefaultTaskDisplayArea_d0#10 parentId=9} 16 children}
04-15 09:53:53.833  1151  1151 I SurfaceFlinger: [LayerHierarchy{RequestedLayerState{Task=3886#18993 parentId=10 z=13} 2 children}] reparent to LayerHierarchy{RequestedLayerState{DefaultTaskDisplayArea_d0#10 parentId=9} 17 children}
04-15 09:53:53.833  1151  1151 I SurfaceFlinger: [LayerHierarchy{RequestedLayerState{Transition Root: Task=3886#18997 z=13} 1 children}] reparent to OffscreenRoot
04-15 09:53:53.833  1151  1151 I SurfaceFlinger: [LayerHierarchy{RequestedLayerState{Transition Root: Task=3886#18997 z=13} 1 children}] RelativeParent to null
04-15 09:53:53.833  1151  1151 I SurfaceFlinger: [LayerHierarchy{RequestedLayerState{DimTransitionLayer for Surface(name=Task=3886)/@0x919ce59#18999 z=-1} no children}] reparent to OffscreenRoot
04-15 09:53:53.833  1151  1151 I SurfaceFlinger: [LayerHierarchy{RequestedLayerState{DimTransitionLayer for Surface(name=Task=3886)/@0x919ce59#18999 z=-1} no children}] RelativeParent to null
04-15 09:53:53.834  3979  3979 I VRI[AllInOneCalendarActivity]@a800d18: handleAppVisibility mAppVisible = true visible = false
04-15 09:53:53.834  3979  3979 D VRI[AllInOneCalendarActivity]@a800d18: visibilityChanged oldVisibility=true newVisibility=false
04-15 09:53:53.835  1151  1151 I SurfaceFlinger: id=18999 Removed DimTransitionLayer for Surface(name=Task=3886)/@0x919ce59#18999 (236)
04-15 09:53:53.835  1151  1151 I SurfaceFlinger: id=18997 Removed Transition Root: Task=3886#18997 (236)
04-15 09:53:53.837  3979  3979 I VRI[AllInOneCalendarActivity]@a800d18: stopped(true) old = false
04-15 09:53:53.837  3979  3979 D VRI[AllInOneCalendarActivity]@a800d18: WindowStopped on com.google.android.calendar/com.google.android.calendar.allinone.AllInOneCalendarActivity set to true
04-15 09:53:53.837  3979  4808 D HWUI    : CacheManager::trimMemory(20)
04-15 09:53:53.838  1542  1585 D SurfaceComposerClient: setCornerRadius ## 2f7eeeb com.catfact.app.feature.facts.test/androidx.activity.ComponentActivity#19000 cornerRadius=0.000000
04-15 09:53:53.838  2000  2000 D SamsungLightBarControlHelper: updateStatusBar (WHITE icon) numStacks:1, StatusBarMode:MODE_TRANSPARENT, lightBarBounds:[], StatusBarState:SHADE, packageName:, isWhiteKeyguardStatusBar:false
04-15 09:53:53.839  2000  2000 D SamsungLightBarControlHelper: onStatusBarAppearanceChanged() -  sbModeChanged:false, statusBarMode:0, barState:MODE_TRANSPARENT, isKeyguardShowing:false, navbarColorManagedByIme:false, (AppearanceRegion{ bounds=[0,0][720,1544]}, )
04-15 09:53:53.839 11141 20041 E Finsky  : [376] Got null initiating package name for com.sec.android.app.hwmoduletest
04-15 09:53:53.841  1151  1151 I SurfaceFlinger: RequestedLayer [com.google.android.calendar/com.goog[...]AllInOneCalendarActivity$_3979#18985] hidden!! flag  from(0) --> to(1)
04-15 09:53:53.841  1151  1151 I SurfaceFlinger: RequestedLayer [ActivityRecord{243114305 u0 com.goog[...]llInOneCalendarActivity t3801}#16293] hidden!! flag  from(0) --> to(1)
04-15 09:53:53.841  1151  1151 I SurfaceFlinger: destroyed Transition Root: Task=3886#18997
04-15 09:53:53.841  1151  1151 I SurfaceFlinger: destroyed DimTransitionLayer for Surface(name=Task=3886)/@0x919ce59#18999
04-15 09:53:53.841  1151  1151 I SurfaceFlinger: [LayerHierarchy{RequestedLayerState{ImeContainer#15 parentId=18994 relativeParentId=19000 z=1} 1 children}] RelativeParent to LayerHierarchy{RequestedLayerState{2f7eeeb com.catfact.app.feature.facts.test/androidx.activity.ComponentActivity#19000 parentId=18994} 2 children}
04-15 09:53:53.841  1151  1151 I SurfaceFlinger: [LayerHierarchy{RequestedLayerState{e6f7182 Splash Screen com.catfact.app.feature.facts.test#18995 z=2147483647} 1 children}] reparent to OffscreenRoot
04-15 09:53:53.841  1151  1151 I SurfaceFlinger: [LayerHierarchy{RequestedLayerState{e6f7182 Splash Screen com.catfact.app.feature.facts.test#18995 z=2147483647} 1 children}] RelativeParent to null
04-15 09:53:53.841  1151  1151 I SurfaceFlinger: [LayerHierarchy{RequestedLayerState{Splash Screen com.catfact.app.feature.facts.test$_2000#18996} no children}] reparent to OffscreenRoot
04-15 09:53:53.841  1151  1151 I SurfaceFlinger: [LayerHierarchy{RequestedLayerState{Splash Screen com.catfact.app.feature.facts.test$_2000#18996} no children}] RelativeParent to null
04-15 09:53:53.843  1151  1151 I Layer   : id=18997 Destroyed Transition Root: Task=3886#18997
04-15 09:53:53.843  1151  1151 I Layer   : id=18999 Destroyed DimTransitionLayer for Surface(name=Task=3886)/@0x919ce59#18999
04-15 09:53:53.843  1151  1151 I SurfaceFlinger: id=18995 Removed e6f7182 Splash Screen com.catfact.app.feature.facts.test#18995 (234)
04-15 09:53:53.843  1151  1151 I SurfaceFlinger: id=18996 Removed Splash Screen com.catfact.app.feature.facts.test$_2000#18996 (234)
04-15 09:53:53.844 11141 20041 E Finsky  : [376] Got null initiating package name for com.samsung.android.honeyboard
04-15 09:53:53.847  3979  4808 D HWUI    : CacheManager::trimMemory(20)
04-15 09:53:53.849 11141 20041 E Finsky  : [376] Got null initiating package name for com.sec.mhs.smarttethering
04-15 09:53:53.850  1542  2161 I WindowManager: Relayout Window{fc8dbe6 u0 com.google.android.calendar/com.google.android.calendar.allinone.AllInOneCalendarActivity}: viewVisibility=8 req=720x1544 ty=1 d0
04-15 09:53:53.850  1151  1151 I SurfaceFlinger: destroyed e6f7182 Splash Screen com.catfact.app.feature.facts.test#18995
04-15 09:53:53.850  1151  1151 I SurfaceFlinger: destroyed Splash Screen com.catfact.app.feature.facts.test$_2000#18996
04-15 09:53:53.850  1542  2161 D SurfaceComposerClient: setCornerRadius ## 2f7eeeb com.catfact.app.feature.facts.test/androidx.activity.ComponentActivity#19000 cornerRadius=0.000000
04-15 09:53:53.850  1542  2161 D SurfaceComposerClient: setCornerRadius ## 2f7eeeb com.catfact.app.feature.facts.test/androidx.activity.ComponentActivity#19000 cornerRadius=0.000000
04-15 09:53:53.851 11141 20041 E Finsky  : [376] Got null initiating package name for com.hiya.star
04-15 09:53:53.852 11141 20041 E Finsky  : [376] Got null initiating package name for com.samsung.android.mdx.kit
04-15 09:53:53.852  1542  2161 I WindowManager: Relayout hash=fc8dbe6, pid=3979, syncId=-1: mAttrs={(0,0)(fillxfill) sim={adjust=pan} layoutInDisplayCutoutMode=always ty=BASE_APPLICATION wanim=0x1030317
04-15 09:53:53.852  1542  2161 I WindowManager:   fl=81810100
04-15 09:53:53.852  1542  2161 I WindowManager:   pfl=100088c0
04-15 09:53:53.852  1542  2161 I WindowManager:   vsysui=700
04-15 09:53:53.852  1542  2161 I WindowManager:   bhv=1
04-15 09:53:53.852  1542  2161 I WindowManager:   fitSides=0
04-15 09:53:53.852  1542  2161 I WindowManager:   frameRateBoostOnTouch=true
04-15 09:53:53.852  1542  2161 I WindowManager:   dvrrWindowFrameRateHint=true naviIconColor=0}
04-15 09:53:53.852  1151  1151 I Layer   : id=18995 Destroyed e6f7182 Splash Screen com.catfact.app.feature.facts.test#18995
04-15 09:53:53.852  1151  1151 I Layer   : id=18996 Destroyed Splash Screen com.catfact.app.feature.facts.test$_2000#18996
04-15 09:53:53.855  3979  3979 I VRI[AllInOneCalendarActivity]@a800d18: Relayout returned: old=(0,0,720,1544) new=(0,0,720,1544) relayoutAsync=false req=(720,1544)8 dur=6 res=0x2 s={false 0x0} ch=false seqId=0
04-15 09:53:53.857  3979  3979 D VRI[AllInOneCalendarActivity]@a800d18: Not drawing due to not visible. Reason=!mAppVisible && !mForceDecorViewVisibility
04-15 09:53:53.857  3979  4808 D HWUI    : CacheManager::trimMemory(20)
04-15 09:53:53.859  2461  2474 I HoneySpace.Memory-Monitor: current state = 2, didTrim = false
04-15 09:53:53.860  2000  2125 D StackScroller: onDisplayChanged for predraw skip to 2
04-15 09:53:53.862  2000  2000 D DisplayLifecycle: updateDisplay id = 0
04-15 09:53:53.871 11141 20041 E Finsky  : [376] Got null initiating package name for com.google.android.server.deviceconfig.resources
04-15 09:53:53.874 11141 20041 E Finsky  : [376] Got null initiating package name for com.android.devicediagnostics
04-15 09:53:53.874  1151  1151 I SurfaceFlinger: [LayerHierarchy{RequestedLayerState{com.google.android.calendar/com.google.android.calendar.allinone.AllInOneCalendarActivity$_3979#18985} no children}] reparent to OffscreenRoot
04-15 09:53:53.874  1151  1151 I SurfaceFlinger: [LayerHierarchy{RequestedLayerState{com.google.android.calendar/com.google.android.calendar.allinone.AllInOneCalendarActivity$_3979#18985} no children}] RelativeParent to null
04-15 09:53:53.874 11141 20041 E Finsky  : [376] Got null initiating package name for com.android.managedprovisioning
04-15 09:53:53.875 11141 20041 E Finsky  : [376] Got null initiating package name for com.sec.android.app.personalization
04-15 09:53:53.876 11141 20041 E Finsky  : [376] Got null initiating package name for com.samsung.android.liveeffectservice
04-15 09:53:53.877  1151  1200 I SurfaceFlinger: id=18985 Removed com.google.android.calendar/com.google.android.calendar.allinone.AllInOneCalendarActivity$_3979#18985 (232)
04-15 09:53:53.879 11141 11141 W Finsky  : [2] STU: Failed to get storage stats for package 'com.android.wifi' (1601: Error getting stats: android.content.pm.PackageManager.NameNotFoundException)
04-15 09:53:53.880 11141 20041 E Finsky  : [376] Got null initiating package name for com.sec.android.soagent
04-15 09:53:53.881  1542  1582 D PkgPredictorService-SecIpmManagerServiceImpl: bg information pid:3979 uid:10279 pkgName:com.google.android.calendar
04-15 09:53:53.881  1151  1151 I SurfaceFlinger: destroyed com.google.android.calendar/com.google.android.calendar.allinone.AllInOneCalendarActivity$_3979#18985
04-15 09:53:53.883  1151  1151 I Layer   : id=18985 Destroyed com.google.android.calendar/com.google.android.calendar.allinone.AllInOneCalendarActivity$_3979#18985
04-15 09:53:53.892 11141 11141 W Finsky  : [2] STU: Failed to get storage stats for package 'com.samsung.android.camera.unihal' (1601: Error getting stats: android.content.pm.PackageManager.NameNotFoundException)
04-15 09:53:53.894  3979  3979 W WindowOnBackDispatcher: sendCancelIfRunning: isInProgress=false callback=android.app.Activity$$ExternalSyntheticLambda0@df4e2c4
04-15 09:53:53.906  3979  4808 D HWUI    : CacheManager::trimMemory(20)
04-15 09:53:53.908 11141 20041 E Finsky  : [376] Got null initiating package name for com.samsung.android.wifi.decrease.scan.interval.resources
04-15 09:53:53.909  3979  3979 I VRI[AllInOneCalendarActivity]@a800d18: dispatchDetachedFromWindow
04-15 09:53:53.910  1542  2161 D InputTransport: Input channel destroyed: 'fc8dbe6', fd=1178
