04-15 09:53:51.294 19868 19868 I DecorView: setWindowBackground: isPopOver=false color=ffffffff d=android.graphics.drawable.ColorDrawable@974f07
04-15 09:53:51.294 19868 19868 D LifecycleMonitor: Lifecycle status change: androidx.test.core.app.InstrumentationActivityInvoker$EmptyActivity@43537a5 in: CREATED
04-15 09:53:51.294 19868 19868 V ActivityScenario: Activity lifecycle changed event received but ignored because the intent does not match. startActivityIntent=Intent { act=android.intent.action.MAIN cat=[android.intent.category.LAUNCHER] flg=0x10008000 cmp=com.catfact.app.feature.facts.test/androidx.activity.ComponentActivity }, activity.getIntent()=Intent { act=android.intent.action.MAIN cat=[android.intent.category.LAUNCHER] flg=0x10000000 xflg=0x4 cmp=com.catfact.app.feature.facts.test/androidx.test.core.app.InstrumentationActivityInvoker$EmptyActivity }, activity=androidx.test.core.app.InstrumentationActivityInvoker$EmptyActivity@43537a5
04-15 09:53:51.294  2461  2461 I HoneySpace.EdgePanel.CocktailHostRepositoryImpl: onNoteResume
04-15 09:53:51.295  2461  2461 I HoneySpace.EdgePanel.EdgePanelContainerViewModel: cocktailHostRepository.edgePanelOperation NoteResumeComponent(componentName=ComponentInfo{com.catfact.app.feature.facts.test/androidx.test.core.app.InstrumentationActivityInvoker$EmptyActivity})
04-15 09:53:51.295 19868 19868 D LifecycleMonitor: Lifecycle status change: androidx.test.core.app.InstrumentationActivityInvoker$EmptyActivity@43537a5 in: STARTED
04-15 09:53:51.295 19868 19868 V ActivityScenario: Activity lifecycle changed event received but ignored because the intent does not match. startActivityIntent=Intent { act=android.intent.action.MAIN cat=[android.intent.category.LAUNCHER] flg=0x10008000 cmp=com.catfact.app.feature.facts.test/androidx.activity.ComponentActivity }, activity.getIntent()=Intent { act=android.intent.action.MAIN cat=[android.intent.category.LAUNCHER] flg=0x10000000 xflg=0x4 cmp=com.catfact.app.feature.facts.test/androidx.test.core.app.InstrumentationActivityInvoker$EmptyActivity }, activity=androidx.test.core.app.InstrumentationActivityInvoker$EmptyActivity@43537a5
04-15 09:53:51.295  2461  2461 I HoneySpace.EdgePanel.ActivityUtils: HomePackage : com.sec.android.app.launcher, resumePackageName : com.catfact.app.feature.facts.test, className : androidx.test.core.app.InstrumentationActivityInvoker$EmptyActivity
04-15 09:53:51.296 19868 19868 D LifecycleMonitor: Lifecycle status change: androidx.test.core.app.InstrumentationActivityInvoker$EmptyActivity@43537a5 in: RESUMED
04-15 09:53:51.296 19868 19868 V ActivityScenario: Activity lifecycle changed event received but ignored because the intent does not match. startActivityIntent=Intent { act=android.intent.action.MAIN cat=[android.intent.category.LAUNCHER] flg=0x10008000 cmp=com.catfact.app.feature.facts.test/androidx.activity.ComponentActivity }, activity.getIntent()=Intent { act=android.intent.action.MAIN cat=[android.intent.category.LAUNCHER] flg=0x10000000 xflg=0x4 cmp=com.catfact.app.feature.facts.test/androidx.test.core.app.InstrumentationActivityInvoker$EmptyActivity }, activity=androidx.test.core.app.InstrumentationActivityInvoker$EmptyActivity@43537a5
04-15 09:53:51.296 19868 19868 D ViewRootImpl: desktopMode is false
04-15 09:53:51.297 19868 19868 I ViewRootImpl: dVRR is disabled
04-15 09:53:51.297  1151  1151 I SurfaceFlinger: [LayerHierarchy{RequestedLayerState{ImeContainer#15 parentId=18924 relativeParentId=18924 z=1} 1 children}] RelativeParent to null
04-15 09:53:51.298 19868 19901 D NativeCustomFrequencyManager: [NativeCFMS] BpCustomFrequencyManager::BpCustomFrequencyManager()
04-15 09:53:51.299  2000  2000 D DisplayLifecycle: updateDisplay id = 0
04-15 09:53:51.299  2461  4179 I HoneySpace.Memory-Monitor: current state = 2, didTrim = false
04-15 09:53:51.299  1542  2161 D InputTransport: Input channel constructed: '1e8ca99', fd=1178
04-15 09:53:51.299  1542  2161 D InputTransport: Input channel constructed: '1e8ca99', fd=1250
04-15 09:53:51.299  1542  2161 D InputTransport: Input channel constructed: '1e8ca99', fd=1256
04-15 09:53:51.299  1542  2161 D InputTransport: Input channel destroyed: '1e8ca99', fd=1250
04-15 09:53:51.299  1151  1338 D SurfaceFlinger: [input] setFocusedWindow: <null>
04-15 09:53:51.299  2000  2125 D StackScroller: onDisplayChanged for predraw skip to 2
04-15 09:53:51.299  1542  1678 D InputDispatcher: Focus left window (0): ef3ca8f com.catfact.app.feature.facts.test/androidx.activity.ComponentActivity
04-15 09:53:51.299  1151  2479 I SurfaceFlinger: id=18939 createSurf, flag=84004, 1e8ca99 com.catfact.app.feature.facts.test/androidx.test.core.app.InstrumentationActivityInvoker$EmptyActivity#18939
04-15 09:53:51.299  1542  2472 D InputDispatcher: Once focus requested (0): <null>
04-15 09:53:51.301  1542  2161 D InputTransport: Input channel destroyed: '1e8ca99', fd=1256
04-15 09:53:51.301 19868 19868 D InputTransport: Input channel constructed: '1e8ca99', fd=147
04-15 09:53:51.301 19868 19868 I InsetsController: onStateChanged: host=com.catfact.app.feature.facts.test/androidx.test.core.app.InstrumentationActivityInvoker$EmptyActivity, from=android.view.ViewRootImpl.onInsetsStateChanged:3026, state=InsetsState: {mDisplayFrame=Rect(0, 0 - 720, 1544), mDisplayCutout=DisplayCutout{insets=Rect(0, 50 - 0, 0) waterfall=Insets{left=0, top=0, right=0, bottom=0} boundingRect={Bounds=[Rect(0, 0 - 0, 0), Rect(341, 0 - 379, 50), Rect(0, 0 - 0, 0), Rect(0, 0 - 0, 0)]} cutoutPathParserInfo={CutoutPathParserInfo{displayWidth=720 displayHeight=1544 physicalDisplayWidth=720 physicalDisplayHeight=1544 density={1.875} cutoutSpec={M 0,0 H -10 V 26.66666666666667 H 10 V 0 H 0 Z @dp} rotation={0} scale={1.0} physicalPixelDisplaySizeRatio={1.0}}} sideOverrides={}}, mRoundedCorners=RoundedCorners{[RoundedCorner{position=TopLeft, radius=8, center=Point(8, 8)}, RoundedCorner{position=TopRight, radius=8, center=Point(712, 8)}, RoundedCorner{position=BottomRight, radius=8, center=Point(712, 1536)}, RoundedCorner{position=BottomLeft, radius=8, center=Point(8, 1536)}]}  mRoundedCornerFrame=Rect(0, 0 - 720, 1544), mPrivacyIndicatorBounds=PrivacyIndicatorBounds {static bounds=Rect(637, 0 - 720, 50) rotation=0}, mDisplayShape=DisplayShape{ spec=-311912193 displayWidth=720 displayHeight=1544 physicalPixelDisplaySizeRatio=0.5 rotation=0 offsetX=0 offsetY=0 scale=1.0}, mSources= { InsetsSource: {ec730001 mType=navigationBars mFrame=[0,1454][720,1544] mVisible=true mFlags= mSideHint=BOTTOM mBoundingRects=null}, InsetsSource: {ec730004 mType=systemGestures mFrame=[0,0][0,0] mVisible=true mFlags= mSideHint=NONE mBoundingRects=null}, InsetsSource: {ec730005 mType=mandatorySystemGestures mFrame=[0,1454][720,1544] mVisible=true mFlags= mSideHint=BOTTOM mBoundingRects=null}, InsetsSource: {ec730006 mType=tappableElement mFrame=[0,1454][720,1544] mVisible=true mFlags= mSideHint=BOTTOM mBoundingRects=null}, InsetsSource: {ec730024 mType=systemGestures mFrame=[0,0][0,0] mVisible=true mFlags= mSideHint=NONE mBoundingRects=null}, InsetsSource: {3 mType=ime mFrame=[0,0][0,0] mVisible=false mFlags= mSideHint=NONE mBoundingRects=null}, InsetsSource: {27 mType=displayCutout mFrame=[0,0][720,50] mVisible=true mFlags= mSideHint=TOP mBoundingRects=null}, InsetsSource: {43950000 mType=statusBars mFrame=[0,0][720,50] mVisible=true mFlags= mSideHint=TOP mBoundingRects=null}, InsetsSource: {43950005 mType=mandatorySystemGestures mFrame=[0,0][720,73] mVisible=true mFlags= mSideHint=TOP mBoundingRects=null}, InsetsSource: {43950006 mType=tappableElement mFrame=[0,0][720,50] mVisible=true mFlags= mSideHint=TOP mBoundingRects=null} }
04-15 09:53:51.301 19868 19868 I VRI[InstrumentationActivityInvoker$EmptyActivity]@6732bd2: synced displayState. AttachInfo displayState=2
04-15 09:53:51.301 19868 19868 I VRI[InstrumentationActivityInvoker$EmptyActivity]@6732bd2: setView = com.android.internal.policy.DecorView@2a5b59 IsHRR=false mFlingFrameRateChange=0 TM=true
04-15 09:53:51.302 19868 19901 D HWUI    : HWUI - treat SMPTE_170M as sRGB
04-15 09:53:51.303  3152  3152 E pageboostd: Received HALT command code 2
04-15 09:53:51.306  1151  1151 I SurfaceFlinger: [1e8ca99 com.catfact.app.feature.facts.test/androidx.test.core.app.InstrumentationActivityInvoker$EmptyActivity#18939] attach to parent LayerHierarchy{RequestedLayerState{ActivityRecord{126880485 u0 com.catfact.app.feature.facts.test/androidx.test.core.app.InstrumentationActivityInvoker$EmptyActivity t3884}#18938 parentId=18923} 1 children}
04-15 09:53:51.307  1542  1678 I WindowManager: Relayout Window{1e8ca99 u0 com.catfact.app.feature.facts.test/androidx.test.core.app.InstrumentationActivityInvoker$EmptyActivity}: viewVisibility=0 req=720x1544 ty=1 d0
04-15 09:53:51.307  1151  2479 I SurfaceFlinger: id=18940 createSurf, flag=44004, com.catfact.app.feature.facts.test/androidx.test.core.app.InstrumentationActivityInvoker$EmptyActivity$_19868#18940
04-15 09:53:51.308  1542  1678 D SurfaceComposerClient: setCornerRadius ## 1e8ca99 com.catfact.app.feature.facts.test/androidx.test.core.app.InstrumentationActivityInvoker$EmptyActivity#18939 cornerRadius=0.000000
04-15 09:53:51.309  1542  1678 D SurfaceComposerClient: setCornerRadius ## 1e8ca99 com.catfact.app.feature.facts.test/androidx.test.core.app.InstrumentationActivityInvoker$EmptyActivity#18939 cornerRadius=0.000000
04-15 09:53:51.309  1151  1199 I SurfaceFlinger: id=18941 createSurf, flag=24000, Surface(name=3edafdc StatusBar)/@0x3b919ed - animation-leash of insets_animation#18941
04-15 09:53:51.311  1151  1199 I SurfaceFlinger: id=18942 createSurf, flag=24000, Surface(name=8c5cec7 NavigationBar0)/@0xa68870 - animation-leash of insets_animation#18942
04-15 09:53:51.312  1542  1678 I SystemKeyManager: requested systemKeyInfo size=1 focusedWindow=com.catfact.app.feature.facts.test/androidx.test.core.app.InstrumentationActivityInvoker$EmptyActivity
04-15 09:53:51.312  1542  1678 I SystemKeyManager: requested systemKeyInfo size=1 focusedWindow=com.catfact.app.feature.facts.test/androidx.test.core.app.InstrumentationActivityInvoker$EmptyActivity
04-15 09:53:51.312  2000  2000 D NavigationBar: onSystemBarAttributesChanged() -  displayId:0, appearance:16, packageName: com.catfact.app.feature.facts.test (APPEARANCE_LIGHT_NAVIGATION_BARS ), navbarColorManagedByIme:false
04-15 09:53:51.312  1542  1678 I WindowManager: Relayout hash=1e8ca99, pid=19868, syncId=-1: mAttrs={(0,0)(fillxfill) sim={adjust=pan forwardNavigation} layoutInDisplayCutoutMode=always ty=BASE_APPLICATION
04-15 09:53:51.312  1542  1678 I WindowManager:   fl=81810100
04-15 09:53:51.312  1542  1678 I WindowManager:   pfl=100088c0
04-15 09:53:51.312  1542  1678 I WindowManager:   bhv=1
04-15 09:53:51.312  1542  1678 I WindowManager:   fitSides=0
04-15 09:53:51.312  1542  1678 I WindowManager:   frameRateBoostOnTouch=true
04-15 09:53:51.312  1542  1678 I WindowManager:   dvrrWindowFrameRateHint=true naviIconColor=0}
04-15 09:53:51.313 19868 19868 I BLASTBufferQueue_Java: new BLASTBufferQueue, mName= VRI[InstrumentationActivityInvoker$EmptyActivity]@6732bd2 mNativeObject= 0xb40000741c6697e0 caller= android.view.ViewRootImpl.updateBlastSurfaceIfNeeded:3585 android.view.ViewRootImpl.relayoutWindow:11685 android.view.ViewRootImpl.performTraversals:4804 android.view.ViewRootImpl.doTraversal:3924 android.view.ViewRootImpl$TraversalRunnable.run:12903 android.view.Choreographer$CallbackRecord.run:1901 android.view.Choreographer$CallbackRecord.run:1910 android.view.Choreographer.doCallbacks:1367 android.view.Choreographer.doFrame:1292 android.view.Choreographer$FrameDisplayEventReceiver.run:1870
04-15 09:53:51.313 19868 19868 I BLASTBufferQueue_Java: update, w= 720 h= 1544 mName = VRI[InstrumentationActivityInvoker$EmptyActivity]@6732bd2 mNativeObject= 0xb40000741c6697e0 sc.mNativeObject= 0xb40000751c4f3d10 format= -1 caller= android.view.ViewRootImpl.updateBlastSurfaceIfNeeded:3590 android.view.ViewRootImpl.relayoutWindow:11685 android.view.ViewRootImpl.performTraversals:4804 android.view.ViewRootImpl.doTraversal:3924 android.view.ViewRootImpl$TraversalRunnable.run:12903 android.view.Choreographer$CallbackRecord.run:1901
04-15 09:53:51.314 19868 19868 I VRI[InstrumentationActivityInvoker$EmptyActivity]@6732bd2: Relayout returned: old=(0,0,720,1544) new=(0,0,720,1544) relayoutAsync=false req=(720,1544)0 dur=6 res=0x3 s={true 0xb40000748c55a710} ch=true seqId=0
04-15 09:53:51.314 19868 19868 I VRI[InstrumentationActivityInvoker$EmptyActivity]@6732bd2: performConfigurationChange setNightDimText nightDimLevel=0
04-15 09:53:51.314 19868 19868 D VRI[InstrumentationActivityInvoker$EmptyActivity]@6732bd2: mThreadedRenderer.initialize() mSurface={isValid=true 0xb40000748c55a710} hwInitialized=true
04-15 09:53:51.314  1151  1151 I SurfaceFlinger: [com.catfact.app.feature.facts.test/androidx.test.core.app.InstrumentationActivityInvoker$EmptyActivity$_19868#18940] attach to parent LayerHierarchy{RequestedLayerState{1e8ca99 com.catfact.app.feature.facts.test/androidx.test.core.app.InstrumentationActivityInvoker$EmptyActivity#18939 parentId=18938} 1 children}
04-15 09:53:51.314  1151  1151 I SurfaceFlinger: [Surface(name=3edafdc StatusBar)/@0x3b919ed - animation-leash of insets_animation#18941] attach to parent LayerHierarchy{RequestedLayerState{WindowToken{7a8fc4f type=2000 android.os.BinderProxy@a9d7329}#94 parentId=17} 2 children}
04-15 09:53:51.314  1151  1151 I SurfaceFlinger: [Surface(name=8c5cec7 NavigationBar0)/@0xa68870 - animation-leash of insets_animation#18942] attach to parent LayerHierarchy{RequestedLayerState{WindowToken{fc018e2 type=2019 android.os.BinderProxy@bda3ac4}#90 parentId=34} 2 children}
04-15 09:53:51.314 19868 19868 D VRI[InstrumentationActivityInvoker$EmptyActivity]@6732bd2: reportNextDraw android.view.ViewRootImpl.performTraversals:5443 android.view.ViewRootImpl.doTraversal:3924 android.view.ViewRootImpl$TraversalRunnable.run:12903 android.view.Choreographer$CallbackRecord.run:1901 android.view.Choreographer$CallbackRecord.run:1910
04-15 09:53:51.314 19868 19868 D VRI[InstrumentationActivityInvoker$EmptyActivity]@6732bd2: Setup new sync=wmsSync-VRI[InstrumentationActivityInvoker$EmptyActivity]@6732bd2#14
04-15 09:53:51.314 19868 19868 I VRI[InstrumentationActivityInvoker$EmptyActivity]@6732bd2: Creating new active sync group VRI[InstrumentationActivityInvoker$EmptyActivity]@6732bd2#15
04-15 09:53:51.314 19868 19868 D VRI[InstrumentationActivityInvoker$EmptyActivity]@6732bd2: registerCallbacksForSync syncBuffer=false
04-15 09:53:51.315 19868 19913 D VRI[InstrumentationActivityInvoker$EmptyActivity]@6732bd2: Received frameDrawingCallback syncResult=0 frameNum=1.
04-15 09:53:51.315 19868 19913 I VRI[InstrumentationActivityInvoker$EmptyActivity]@6732bd2: mWNT: t=0xb4000074fc528a90 mBlastBufferQueue=0xb40000741c6697e0 fn= 1 HdrRenderState mRenderHdrSdrRatio=1.0 caller= android.view.ViewRootImpl$12.onFrameDraw:15441 android.view.ThreadedRenderer$1.onFrameDraw:718 <bottom of call stack>
04-15 09:53:51.315 19868 19913 I VRI[InstrumentationActivityInvoker$EmptyActivity]@6732bd2: Setting up sync and frameCommitCallback
04-15 09:53:51.316 19868 19901 I BLASTBufferQueue: [VRI[InstrumentationActivityInvoker$EmptyActivity]@6732bd2#7](f:0,a:0,s:0) onFrameAvailable the first frame is available
04-15 09:53:51.316 19868 19901 I VRI[InstrumentationActivityInvoker$EmptyActivity]@6732bd2: Received frameCommittedCallback lastAttemptedDrawFrameNum=1 didProduceBuffer=true
04-15 09:53:51.316  1151  2479 I SurfaceFlinger: [com.catfact.app.feature.facts.test/androidx.test.core.app.InstrumentationActivityInvoker$EmptyActivity$_19868#18940] setTransactionState with the first frame. bufferData(ID: 85332410236956, frameNumber: 1)
04-15 09:53:51.316 19868 19901 D HWUI    : CFMS:: SetUp Pid : 19868    Tid : 19901
04-15 09:53:51.316 19868 19868 D VRI[InstrumentationActivityInvoker$EmptyActivity]@6732bd2: reportDrawFinished seqId=0
04-15 09:53:51.316 19868 19868 I ImeFocusController: onPreWindowFocus: skipped hasWindowFocus=false mHasImeFocus=true
04-15 09:53:51.317 19868 19868 I ImeFocusController: onPostWindowFocus: skipped hasWindowFocus=false mHasImeFocus=true
04-15 09:53:51.317  1542  1585 D SurfaceComposerClient: setCornerRadius ## 1e8ca99 com.catfact.app.feature.facts.test/androidx.test.core.app.InstrumentationActivityInvoker$EmptyActivity#18939 cornerRadius=0.000000
04-15 09:53:51.317  1542  1585 D SurfaceComposerClient: setCornerRadius ## 1e8ca99 com.catfact.app.feature.facts.test/androidx.test.core.app.InstrumentationActivityInvoker$EmptyActivity#18939 cornerRadius=0.000000
04-15 09:53:51.318  1542  1585 I SemDvfsHyPerManager: acquire hyper - AMS_RESUME_TAIL/1542@22, type = -999
04-15 09:53:51.318  1542  1585 I SemDvfsHyPerManager: acquire hyper - AMS_ACT_LAZY/1542@23, type = -999
04-15 09:53:51.318  1059  1180 I HYPER-HAL: [RequestManager.cpp]acquire(): Acquired ID : 1223852  [1542 / 22]    HINT : AMS_RESUME_TAIL    list :
04-15 09:53:51.318  1151  2479 I SurfaceFlinger: id=18943 createSurf, flag=84004, Transition Root: ActivityRecord{126880485 u0 com.catfact.app.feature.facts.test/androidx.test.core.app.InstrumentationActivityInvoker$EmptyActivity t3884}#18943
04-15 09:53:51.319  1059  1180 I HYPER-HAL: [RequestManager.cpp]releaseLocked(): Released ID : 1220723
04-15 09:53:51.320  1542  1585 I SurfaceControlRegistry: show, t=StartTransaction_SyncId<1689> sc=ActivityRecord{126880485 u0 com.catfact.app.feature.facts.test/androidx.test.core.app.InstrumentationActivityInvoker$EmptyActivity t3884}, caller=android.view.SurfaceControl$Transaction.show:3557 com.android.server.wm.Transition.onTransactionReady:2048 com.android.server.wm.BLASTSyncEngine$SyncGroup.finishNow:240 com.android.server.wm.BLASTSyncEngine.onSurfacePlacement:263 com.android.server.wm.RootWindowContainer.performSurfacePlacementNoTrace:1083 com.android.server.wm.WindowSurfacePlacer.performSurfacePlacement:166
04-15 09:53:51.320  1542  1585 D SurfaceComposerClient: setCornerRadius ## ActivityRecord{225693836 u0 com.catfact.app.feature.facts.test/androidx.activity.ComponentActivity t3884}#18924 cornerRadius=0.000000
04-15 09:53:51.320  1542  1585 D SurfaceComposerClient: setCornerRadius ## ActivityRecord{126880485 u0 com.catfact.app.feature.facts.test/androidx.test.core.app.InstrumentationActivityInvoker$EmptyActivity t3884}#18938 cornerRadius=0.000000
04-15 09:53:51.321  1542  1581 I ActivityTaskManager: Displayed com.catfact.app.feature.facts.test/androidx.test.core.app.InstrumentationActivityInvoker$EmptyActivity for user 0: +40ms
04-15 09:53:51.321  3152  3152 E pageboostd: Received HALT command code 2
04-15 09:53:51.321  1542  1585 D SurfaceComposerClient: setCornerRadius ## 1e8ca99 com.catfact.app.feature.facts.test/androidx.test.core.app.InstrumentationActivityInvoker$EmptyActivity#18939 cornerRadius=0.000000
04-15 09:53:51.321  2000  2105 I SurfaceControlRegistry: hide, t=FinishTransaction_SyncId<1689> sc=ActivityRecord{225693836 u0 com.catfact.app.feature.facts.test/androidx.activity.ComponentActivity t3884}, caller=android.view.SurfaceControl$Transaction.hide:3583 com.android.wm.shell.transition.Transitions.dispatchReady:1263 com.android.wm.shell.transition.Transitions.onTransitionReady:251 com.android.wm.shell.transition.Transitions$TransitionPlayerImpl$$ExternalSyntheticLambda0.run:13 android.os.Handler.handleCallback:995 android.os.Handler.dispatchMessage:103
04-15 09:53:51.321  2000  2105 I SurfaceControlRegistry: show, t=StartTransaction_SyncId<1689> sc=ActivityRecord{126880485 u0 com.catfact.app.feature.facts.test/androidx.test.core.app.InstrumentationActivityInvoker$EmptyActivity t3884}, caller=android.view.SurfaceControl$Transaction.show:3557 com.android.wm.shell.transition.Transitions.dispatchReady:1279 com.android.wm.shell.transition.Transitions.onTransitionReady:251 com.android.wm.shell.transition.Transitions$TransitionPlayerImpl$$ExternalSyntheticLambda0.run:13 android.os.Handler.handleCallback:995 android.os.Handler.dispatchMessage:103
04-15 09:53:51.321  2000  2105 I SurfaceControlRegistry: show, t=FinishTransaction_SyncId<1689> sc=ActivityRecord{126880485 u0 com.catfact.app.feature.facts.test/androidx.test.core.app.InstrumentationActivityInvoker$EmptyActivity t3884}, caller=android.view.SurfaceControl$Transaction.show:3557 com.android.wm.shell.transition.Transitions.dispatchReady:1330 com.android.wm.shell.transition.Transitions.onTransitionReady:251 com.android.wm.shell.transition.Transitions$TransitionPlayerImpl$$ExternalSyntheticLambda0.run:13 android.os.Handler.handleCallback:995 android.os.Handler.dispatchMessage:103
04-15 09:53:51.321  2000  2105 I SurfaceControlRegistry: show, t=StartTransaction_SyncId<1689> sc=Transition Root: ActivityRecord{126880485 u0 com.catfact.app.feature.facts.test/androidx.test.core.app.InstrumentationActivityInvoker$EmptyActivity t3884}, caller=android.view.SurfaceControl$Transaction.show:3557 com.android.wm.shell.transition.Transitions.playTransition:79 com.android.wm.shell.transition.Transitions.processReadyQueue:239 com.android.wm.shell.transition.Transitions.dispatchReady:1352 com.android.wm.shell.transition.Transitions.onTransitionReady:251 com.android.wm.shell.transition.Transitions$TransitionPlayerImpl$$ExternalSyntheticLambda0.run:13
04-15 09:53:51.321  1542  1585 D SurfaceComposerClient: setCornerRadius ## 1e8ca99 com.catfact.app.feature.facts.test/androidx.test.core.app.InstrumentationActivityInvoker$EmptyActivity#18939 cornerRadius=0.000000
04-15 09:53:51.322  2000  2105 I SurfaceControlRegistry: apply, t=StartTransaction_SyncId<1689>, caller=android.view.SurfaceControl$Transaction.apply:3459 android.view.SurfaceControl$Transaction.apply:3447 android.view.SurfaceControl$Transaction.apply:3397 com.android.wm.shell.transition.DefaultTransitionHandler.startAnimation:3387 com.android.wm.shell.transition.Transitions.dispatchTransition:90 com.android.wm.shell.transition.Transitions.playTransition:774
04-15 09:53:51.322  1151  1151 I SurfaceFlinger: RequestedLayer [ActivityRecord{126880485 u0 com.catf[...]tyInvoker$EmptyActivity t3884}#18938] hidden!! flag  from(1) --> to(0)
04-15 09:53:51.322  1151  1151 E SurfaceFlinger: alpha changed 1.000 -> 0.000 - ActivityRecord{126880485 u0 com.catfact.app.feature.facts.test/androidx.test.core.app.InstrumentationActivityInvoker$EmptyActivity t3884}#18938
04-15 09:53:51.322  1151  1151 I SurfaceFlinger: RequestedLayer [1e8ca99 com.catfact.app.feature.fact[...]nActivityInvoker$EmptyActivity#18939] hidden!! flag  from(1) --> to(0)
04-15 09:53:51.322  1151  1151 I SurfaceFlinger: RequestedLayer [com.catfact.app.feature.facts.test/a[...]tyInvoker$EmptyActivity$_19868#18940] hidden!! flag  from(1) --> to(0)
04-15 09:53:51.322  1151  1151 I SurfaceFlinger: RequestedLayer [Transition Root: ActivityRecord{1268[...]tyInvoker$EmptyActivity t3884}#18943] hidden!! flag  from(1) --> to(0)
04-15 09:53:51.322  1151  1151 I SurfaceFlinger: [LayerHierarchy{RequestedLayerState{8c5cec7 NavigationBar0#91 parentId=18942} 1 children}] reparent to LayerHierarchy{RequestedLayerState{Surface(name=8c5cec7 NavigationBar0)/@0xa68870 - animation-leash of insets_animation#18942 parentId=90} 1 children}
04-15 09:53:51.322  1151  1151 I SurfaceFlinger: [LayerHierarchy{RequestedLayerState{3edafdc StatusBar#95 parentId=18941} 1 children}] reparent to LayerHierarchy{RequestedLayerState{Surface(name=3edafdc StatusBar)/@0x3b919ed - animation-leash of insets_animation#18941 parentId=94} 1 children}
04-15 09:53:51.322  1151  1151 I SurfaceFlinger: [LayerHierarchy{RequestedLayerState{Surface(name=3edafdc StatusBar)/@0x3b919ed - animation-leash of insets_animation#18934} no children}] reparent to OffscreenRoot
04-15 09:53:51.322  1151  1151 I SurfaceFlinger: [LayerHierarchy{RequestedLayerState{Surface(name=3edafdc StatusBar)/@0x3b919ed - animation-leash of insets_animation#18934} no children}] RelativeParent to null
04-15 09:53:51.322  1151  1151 I SurfaceFlinger: [LayerHierarchy{RequestedLayerState{Surface(name=8c5cec7 NavigationBar0)/@0xa68870 - animation-leash of insets_animation#18935} no children}] reparent to OffscreenRoot
04-15 09:53:51.322  1151  1151 I SurfaceFlinger: [LayerHierarchy{RequestedLayerState{Surface(name=8c5cec7 NavigationBar0)/@0xa68870 - animation-leash of insets_animation#18935} no children}] RelativeParent to null
04-15 09:53:51.322  1151  1151 I SurfaceFlinger: [LayerHierarchy{RequestedLayerState{ActivityRecord{225693836 u0 com.catfact.app.feature.facts.test/androidx.activity.ComponentActivity t3884}#18924 parentId=18943 z=2} 3 children}] reparent to LayerHierarchy{RequestedLayerState{Transition Root: ActivityRecord{126880485 u0 com.catfact.app.feature.facts.test/androidx.test.core.app.InstrumentationActivityInvoker$EmptyActivity t3884}#18943 parentId=18923 z=1} 1 children}
04-15 09:53:51.322  1151  1151 I SurfaceFlinger: [LayerHierarchy{RequestedLayerState{ActivityRecord{126880485 u0 com.catfact.app.feature.facts.test/androidx.test.core.app.InstrumentationActivityInvoker$EmptyActivity t3884}#18938 parentId=18943 z=5} 1 children}] reparent to LayerHierarchy{RequestedLayerState{Transition Root: ActivityRecord{126880485 u0 com.catfact.app.feature.facts.test/androidx.test.core.app.InstrumentationActivityInvoker$EmptyActivity t3884}#18943 parentId=18923 z=1} 2 children}
04-15 09:53:51.322  1151  1151 I SurfaceFlinger: [Transition Root: ActivityRecord{126880485 u0 com.catfact.app.feature.facts.test/androidx.test.core.app.InstrumentationActivityInvoker$EmptyActivity t3884}#18943] attach to parent LayerHierarchy{RequestedLayerState{Task=3884#18923 parentId=10 z=13} 1 children}
04-15 09:53:51.323  2000  2105 I SurfaceControlRegistry: apply, t=FinishTransaction_SyncId<1689>, caller=android.view.SurfaceControl$Transaction.apply:3459 android.view.SurfaceControl$Transaction.apply:3447 android.view.SurfaceControl$Transaction.apply:3397 com.android.wm.shell.transition.Transitions.onFinish:315 com.android.wm.shell.transition.Transitions$$ExternalSyntheticLambda7.onTransitionFinished:12 com.android.wm.shell.transition.DefaultTransitionHandler$$ExternalSyntheticLambda2.run:36
04-15 09:53:51.323  2000  2000 D NavigationBar: onSystemBarAttributesChanged() -  displayId:0, appearance:0, packageName: com.catfact.app.feature.facts.test, navbarColorManagedByIme:false
04-15 09:53:51.323  2000  2000 D SamsungLightBarControlHelper: updateNavigationBar (WHITE button) isLightOpaque:false, hasLightNavigationBarFlag:false, packageName:com.catfact.app.feature.facts.test, DirectReplying:false, NavBarColorMangedByIme:false, ForceDarkForScrim:false, ForceLightForScrim:false, QsCustomizing:false, QsExpanded:false
04-15 09:53:51.323  1151  2479 I SurfaceFlinger: id=18944 createSurf, flag=84000, 3e1e4f ActivityRecordInputSink com.catfact.app.feature.facts.test/androidx.test.core.app.InstrumentationActivityInvoker$EmptyActivity#18944
04-15 09:53:51.325  1151  1338 D SurfaceFlinger: [input] setFocusedWindow: 1e8ca99 com.catfact.app.feature.facts.test/androidx.test.core.app.InstrumentationActivityInvoker$EmptyActivity
04-15 09:53:51.325  1542  2103 D InputDispatcher: Once focus requested (0): 1e8ca99 com.catfact.app.feature.facts.test/androidx.test.core.app.InstrumentationActivityInvoker$EmptyActivity
04-15 09:53:51.325  1542  2103 D InputDispatcher: Focus request (0): 1e8ca99 com.catfact.app.feature.facts.test/androidx.test.core.app.InstrumentationActivityInvoker$EmptyActivity but waiting because NO_WINDOW
04-15 09:53:51.329  2000  2105 D ShellDesktopMode: handleRequest: TransitionRequestInfo {type=2, tid=3884, debugId=1690}
04-15 09:53:51.331  1151  1151 I SurfaceFlinger: RequestedLayer [ActivityRecord{225693836 u0 com.catf[...]ivity.ComponentActivity t3884}#18924] hidden!! flag  from(0) --> to(1)
04-15 09:53:51.331  1151  1151 E SurfaceFlinger: alpha changed 0.000 -> 1.000 - ActivityRecord{126880485 u0 com.catfact.app.feature.facts.test/androidx.test.core.app.InstrumentationActivityInvoker$EmptyActivity t3884}#18938
04-15 09:53:51.331  1151  1151 I SurfaceFlinger: [Display 0 name="Built-in Screen"#49] setFrameRateCategory: Default
04-15 09:53:51.331  1151  1151 I SurfaceFlinger: [LayerHierarchy{RequestedLayerState{ActivityRecord{225693836 u0 com.catfact.app.feature.facts.test/androidx.activity.ComponentActivity t3884}#18924 parentId=18923} 3 children}] reparent to LayerHierarchy{RequestedLayerState{Task=3884#18923 parentId=10 z=13} 2 children}
04-15 09:53:51.331  1151  1151 I SurfaceFlinger: [LayerHierarchy{RequestedLayerState{ActivityRecord{126880485 u0 com.catfact.app.feature.facts.test/androidx.test.core.app.InstrumentationActivityInvoker$EmptyActivity t3884}#18938 parentId=18923 z=1} 1 children}] reparent to LayerHierarchy{RequestedLayerState{Task=3884#18923 parentId=10 z=13} 3 children}
04-15 09:53:51.331  1151  1151 I SurfaceFlinger: [LayerHierarchy{RequestedLayerState{Transition Root: ActivityRecord{126880485 u0 com.catfact.app.feature.facts.test/androidx.test.core.app.InstrumentationActivityInvoker$EmptyActivity t3884}#18943 z=1} no children}] reparent to OffscreenRoot
04-15 09:53:51.331  1151  1151 I SurfaceFlinger: [LayerHierarchy{RequestedLayerState{Transition Root: ActivityRecord{126880485 u0 com.catfact.app.feature.facts.test/androidx.test.core.app.InstrumentationActivityInvoker$EmptyActivity t3884}#18943 z=1} no children}] RelativeParent to null
04-15 09:53:51.331  1151  1151 I SurfaceFlinger: [3e1e4f ActivityRecordInputSink com.catfact.app.feature.facts.test/androidx.test.core.app.InstrumentationActivityInvoker$EmptyActivity#18944] attach to parent LayerHierarchy{RequestedLayerState{ActivityRecord{126880485 u0 com.catfact.app.feature.facts.test/androidx.test.core.app.InstrumentationActivityInvoker$EmptyActivity t3884}#18938 parentId=18923 z=1} 2 children}
04-15 09:53:51.331  1151  1151 I SurfaceFlinger: id=18943 Removed Transition Root: ActivityRecord{126880485 u0 com.catfact.app.feature.facts.test/androidx.test.core.app.InstrumentationActivityInvoker$EmptyActivity t3884}#18943 (223)
04-15 09:53:51.332  1151  2758 I SurfaceFlinger: id=18934 Removed Surface(name=3edafdc StatusBar)/@0x3b919ed - animation-leash of insets_animation#18934 (223)
04-15 09:53:51.332  2000  2000 D SystemUIService: SYSUI_RAM_OPTIMIZATION onTrimMemory=20
04-15 09:53:51.332  1151  1199 I SurfaceFlinger: id=18935 Removed Surface(name=8c5cec7 NavigationBar0)/@0xa68870 - animation-leash of insets_animation#18935 (223)
04-15 09:53:51.332 19868 19868 I InsetsSourceConsumer: applyRequestedVisibilityToControl: visible=true, type=statusBars, host=com.catfact.app.feature.facts.test/androidx.test.core.app.InstrumentationActivityInvoker$EmptyActivity
04-15 09:53:51.332  2000  2000 D CentralSurfaces: SYSUI_RAM_OPTIMIZATION onTrimMemory=20
04-15 09:53:51.332 19868 19868 I InsetsSourceConsumer: applyRequestedVisibilityToControl: visible=true, type=navigationBars, host=com.catfact.app.feature.facts.test/androidx.test.core.app.InstrumentationActivityInvoker$EmptyActivity
04-15 09:53:51.332 19868 19868 I VRI[ComponentActivity]@d896d2f: handleAppVisibility mAppVisible = true visible = false
04-15 09:53:51.332 19868 19868 D VRI[ComponentActivity]@d896d2f: visibilityChanged oldVisibility=true newVisibility=false
04-15 09:53:51.333  2000  2196 D HWUI    : CacheManager::trimMemory(20)
04-15 09:53:51.333 19868 19868 D LifecycleMonitor: Lifecycle status change: androidx.test.core.app.InstrumentationActivityInvoker$EmptyActivity@43537a5 in: PAUSED
04-15 09:53:51.333 19868 19868 V ActivityScenario: Activity lifecycle changed event received but ignored because the intent does not match. startActivityIntent=Intent { act=android.intent.action.MAIN cat=[android.intent.category.LAUNCHER] flg=0x10008000 cmp=com.catfact.app.feature.facts.test/androidx.activity.ComponentActivity }, activity.getIntent()=Intent { act=android.intent.action.MAIN cat=[android.intent.category.LAUNCHER] flg=0x10000000 xflg=0x4 cmp=com.catfact.app.feature.facts.test/androidx.test.core.app.InstrumentationActivityInvoker$EmptyActivity }, activity=androidx.test.core.app.InstrumentationActivityInvoker$EmptyActivity@43537a5
04-15 09:53:51.334  1542  2476 I SemDvfsHyPerManager: acquire hyper - AMS_ACT_RESUME/1542@19, type = -999
04-15 09:53:51.334  1059  1180 I HYPER-HAL: [RequestManager.cpp]acquire(): Acquired ID : 1219160  [1542 / 19]    HINT : AMS_ACT_RESUME    list :
04-15 09:53:51.335  1151  1151 D SurfaceFlinger: Display 4633128672291735999 HWC layers:
04-15 09:53:51.335  1151  1151 D SurfaceFlinger:        DEVICE |           85332410236956 | 00002102 | RGBA_8888    |    0.0    0.0  720.0 1544.0 |    0    0  720 1544 | com.catfact.app.feature.facts.test/a[...]tyInvoker$EmptyActivity$_19868#18940 (1)
04-15 09:53:51.335  1151  1151 D SurfaceFlinger:        DEVICE |            8589934654742 | 00002100 | RGBA_8888    |    0.0    0.0  720.0   50.0 |    0    0  720   50 | StatusBar$_2000#102 (26568)
04-15 09:53:51.335  1151  1151 D SurfaceFlinger:        DEVICE |           10569914518889 | 00002100 | RGBA_8888    |    0.0    0.0   67.0  353.0 |  653  192  720  545 | com.sec.android.app.launcher/com.sam[...]l.app.CocktailBarService$_2461#16495 (1)
04-15 09:53:51.335  1151  1151 D SurfaceFlinger:        DEVICE |            8589934654691 | 00002100 | RGBA_8888    |    0.0    0.0  720.0   90.0 |    0 1454  720 1544 | NavigationBar0$_2000#98 (17337)
04-15 09:53:51.335  1151  1151 D SurfaceFlinger:
04-15 09:53:51.335  1542  2103 D InputDispatcher: Focus entered window (0): 1e8ca99 com.catfact.app.feature.facts.test/androidx.test.core.app.InstrumentationActivityInvoker$EmptyActivity
04-15 09:53:51.335  1542  1825 D AS.MultiSoundManager: mForegroundUid = 10279
04-15 09:53:51.336  1542  2476 D InputDispatcher: Focused application(0): ActivityRecord{243114305 u0 com.google.android.calendar/.allinone.AllInOneCalendarActivity t3801}
04-15 09:53:51.336  2000  2120 D ViewRootImpl: desktopMode is false
04-15 09:53:51.336  2000  2120 I ViewRootImpl: dVRR is disabled
04-15 09:53:51.336  2000  2196 D NativeCustomFrequencyManager: [NativeCFMS] BpCustomFrequencyManager::BpCustomFrequencyManager()
04-15 09:53:51.339  1151  1151 I SurfaceFlinger: [Display 0 name="Built-in Screen"#49] setFrameRateCategory: High
04-15 09:53:51.339  1151  1151 I SurfaceFlinger: destroyed Surface(name=3edafdc StatusBar)/@0x3b919ed - animation-leash of insets_animation#18934
04-15 09:53:51.339  1151  1151 I SurfaceFlinger: destroyed Surface(name=8c5cec7 NavigationBar0)/@0xa68870 - animation-leash of insets_animation#18935
04-15 09:53:51.339  1151  1151 I SurfaceFlinger: destroyed Transition Root: ActivityRecord{126880485 u0 com.catfact.app.feature.facts.test/androidx.test.core.app.InstrumentationActivityInvoker$EmptyActivity t3884}#18943
04-15 09:53:51.339  1542  1678 D GraphicsStatsService: requestRenderEngineFor(com.google.android.calendar)
04-15 09:53:51.340  1151  1151 I Layer   : id=18934 Destroyed Surface(name=3edafdc StatusBar)/@0x3b919ed - animation-leash of insets_animation#18934
04-15 09:53:51.340  1151  1151 I Layer   : id=18935 Destroyed Surface(name=8c5cec7 NavigationBar0)/@0xa68870 - animation-leash of insets_animation#18935
04-15 09:53:51.340  1151  1151 I Layer   : id=18943 Destroyed Transition Root: ActivityRecord{126880485 u0 com.catfact.app.feature.facts.test/androidx.test.core.app.InstrumentationActivityInvoker$EmptyActivity t3884}#18943
04-15 09:53:51.340  1151  1151 I BpBinder: onLastStrongRef automatically unlinking death recipients:
04-15 09:53:51.340  1542  2161 D InputTransport: Input channel constructed: '1708e0e', fd=1041
04-15 09:53:51.340  1542  2161 D InputTransport: Input channel constructed: '1708e0e', fd=1250
04-15 09:53:51.340  1542  2161 D InputTransport: Input channel constructed: '1708e0e', fd=1256
04-15 09:53:51.340  1542  2161 D InputTransport: Input channel destroyed: '1708e0e', fd=1250
04-15 09:53:51.341  1151  2479 I SurfaceFlinger: id=18945 createSurf, flag=84004, 1708e0e Splash Screen com.google.android.calendar#18945
04-15 09:53:51.343  1542  2161 D InputTransport: Input channel destroyed: '1708e0e', fd=1256
04-15 09:53:51.343  1542  2476 I WindowManager: Relayout Window{ef3ca8f u0 com.catfact.app.feature.facts.test/androidx.activity.ComponentActivity}: viewVisibility=8 req=720x1544 ty=1 d0
04-15 09:53:51.343  2000  2120 D InputTransport: Input channel constructed: '1708e0e', fd=664
04-15 09:53:51.343  1542  2476 D SurfaceComposerClient: setCornerRadius ## 1708e0e Splash Screen com.google.android.calendar#18945 cornerRadius=0.000000
04-15 09:53:51.343  1542  1678 D InputDispatcher: Focus left window (0): 1e8ca99 com.catfact.app.feature.facts.test/androidx.test.core.app.InstrumentationActivityInvoker$EmptyActivity
04-15 09:53:51.343  2000  2120 I InsetsController: onStateChanged: host=Splash Screen com.google.android.calendar, from=android.view.ViewRootImpl.onInsetsStateChanged:3026, state=InsetsState: {mDisplayFrame=Rect(0, 0 - 720, 1544), mDisplayCutout=DisplayCutout{insets=Rect(0, 50 - 0, 0) waterfall=Insets{left=0, top=0, right=0, bottom=0} boundingRect={Bounds=[Rect(0, 0 - 0, 0), Rect(341, 0 - 379, 50), Rect(0, 0 - 0, 0), Rect(0, 0 - 0, 0)]} cutoutPathParserInfo={CutoutPathParserInfo{displayWidth=720 displayHeight=1544 physicalDisplayWidth=720 physicalDisplayHeight=1544 density={1.875} cutoutSpec={M 0,0 H -10 V 26.66666666666667 H 10 V 0 H 0 Z @dp} rotation={0} scale={1.0} physicalPixelDisplaySizeRatio={1.0}}} sideOverrides={}}, mRoundedCorners=RoundedCorners{[RoundedCorner{position=TopLeft, radius=8, center=Point(8, 8)}, RoundedCorner{position=TopRight, radius=8, center=Point(712, 8)}, RoundedCorner{position=BottomRight, radius=8, center=Point(712, 1536)}, RoundedCorner{position=BottomLeft, radius=8, center=Point(8, 1536)}]}  mRoundedCornerFrame=Rect(0, 0 - 720, 1544), mPrivacyIndicatorBounds=PrivacyIndicatorBounds {static bounds=Rect(637, 0 - 720, 50) rotation=0}, mDisplayShape=DisplayShape{ spec=-311912193 displayWidth=720 displayHeight=1544 physicalPixelDisplaySizeRatio=0.5 rotation=0 offsetX=0 offsetY=0 scale=1.0}, mSources= { InsetsSource: {ec730001 mType=navigationBars mFrame=[0,1454][720,1544] mVisible=true mFlags= mSideHint=BOTTOM mBoundingRects=null}, InsetsSource: {ec730004 mType=systemGestures mFrame=[0,0][0,0] mVisible=true mFlags= mSideHint=NONE mBoundingRects=null}, InsetsSource: {ec730005 mType=mandatorySystemGestures mFrame=[0,1454][720,1544] mVisible=true mFlags= mSideHint=BOTTOM mBoundingRects=null}, InsetsSource: {ec730006 mType=tappableElement mFrame=[0,1454][720,1544] mVisible=true mFlags= mSideHint=BOTTOM mBoundingRects=null}, InsetsSource: {ec730024 mType=systemGestures mFrame=[0,0][0,0] mVisible=true mFlags= mSideHint=NONE mBoundingRects=null}, InsetsSource: {3 mType=ime mFrame=[0,0][0,0] mVisible=false mFlags= mSideHint=NONE mBoundingRects=null}, InsetsSource: {27 mType=displayCutout mFrame=[0,0][720,50] mVisible=true mFlags= mSideHint=TOP mBoundingRects=null}, InsetsSource: {43950000 mType=statusBars mFrame=[0,0][720,50] mVisible=true mFlags= mSideHint=TOP mBoundingRects=null}, InsetsSource: {43950005 mType=mandatorySystemGestures mFrame=[0,0][720,73] mVisible=true mFlags= mSideHint=TOP mBoundingRects=null}, InsetsSource: {43950006 mType=tappableElement mFrame=[0,0][720,50] mVisible=true mFlags= mSideHint=TOP mBoundingRects=null} }
04-15 09:53:51.343  1542  2476 D SurfaceComposerClient: setCornerRadius ## 1708e0e Splash Screen com.google.android.calendar#18945 cornerRadius=0.000000
04-15 09:53:51.343  2000  2120 I VRI[calendar]@36f9ae1: onActiveControlsChanged, removed=false, mAdded=true, caller=android.view.ViewRootImpl.handleInsetsControlChanged:3002 android.view.ViewRootImpl.setView:2014 android.view.WindowManagerGlobal.addView:604 com.android.wm.shell.startingsurface.SplashscreenWindowCreator.addWindow:38 com.android.wm.shell.startingsurface.StartingWindowController$$ExternalSyntheticLambda4.run:1365
04-15 09:53:51.343  2000  2120 I VRI[calendar]@36f9ae1: synced displayState. AttachInfo displayState=2
04-15 09:53:51.343  2000  2120 I VRI[calendar]@36f9ae1: setView = android.widget.FrameLayout@a86e4f4 IsHRR=false mFlingFrameRateChange=0 TM=true
04-15 09:53:51.344  2000  2196 D HWUI    : HWUI - treat SMPTE_170M as sRGB
04-15 09:53:51.344  1542  2476 I WindowManager: Relayout hash=ef3ca8f, pid=19868, syncId=-1: mAttrs={(0,0)(fillxfill) sim={adjust=pan forwardNavigation} layoutInDisplayCutoutMode=always ty=BASE_APPLICATION wanim=0x1030317
04-15 09:53:51.344  1542  2476 I WindowManager:   fl=81810100
04-15 09:53:51.344  1542  2476 I WindowManager:   pfl=100088c0
04-15 09:53:51.344  1542  2476 I WindowManager:   apr=210
04-15 09:53:51.344  1542  2476 I WindowManager:   bhv=1
04-15 09:53:51.344  1542  2476 I WindowManager:   fitSides=0
04-15 09:53:51.344  1542  2476 I WindowManager:   frameRateBoostOnTouch=true
04-15 09:53:51.344  1542  2476 I WindowManager:   dvrrWindowFrameRateHint=true naviIconColor=0}
04-15 09:53:51.344  1542  1598 W libprocessgroup: SetCgroup::ExecuteForProcess: failed to open /dev/cpuctl/foreground-boost/cgroup.procs: No such file or directory
04-15 09:53:51.345  1542  1678 I WindowManager: Relayout Window{1708e0e u0 Splash Screen com.google.android.calendar}: viewVisibility=0 req=720x1544 ty=3 d0
04-15 09:53:51.345  1151  1378 I SurfaceFlinger: id=18946 createSurf, flag=44004, Splash Screen com.google.android.calendar$_2000#18946
04-15 09:53:51.346 19868 19868 I VRI[ComponentActivity]@d896d2f: Relayout returned: old=(0,0,720,1544) new=(0,0,720,1544) relayoutAsync=false req=(720,1544)8 dur=3 res=0x2 s={false 0x0} ch=true seqId=0
04-15 09:53:51.346 19868 19868 D VRI[ComponentActivity]@d896d2f: Not drawing due to not visible. Reason=!mAppVisible && !mForceDecorViewVisibility
04-15 09:53:51.346 19868 19868 I ImeFocusController: onPreWindowFocus: skipped hasWindowFocus=false mHasImeFocus=true
04-15 09:53:51.346 19868 19868 I ImeFocusController: onPostWindowFocus: skipped hasWindowFocus=false mHasImeFocus=true
04-15 09:53:51.347  1542  1678 D SurfaceComposerClient: setCornerRadius ## 1708e0e Splash Screen com.google.android.calendar#18945 cornerRadius=0.000000
04-15 09:53:51.347  1542  1678 D SurfaceComposerClient: setCornerRadius ## 1708e0e Splash Screen com.google.android.calendar#18945 cornerRadius=0.000000
04-15 09:53:51.348  1151  1151 I SurfaceFlinger: RequestedLayer [com.catfact.app.feature.facts.test/a[...]ivity.ComponentActivity$_19868#18931] hidden!! flag  from(0) --> to(1)
04-15 09:53:51.348  1151  1151 I SurfaceFlinger: [1708e0e Splash Screen com.google.android.calendar#18945] attach to parent LayerHierarchy{RequestedLayerState{ActivityRecord{243114305 u0 com.google.android.calendar/.allinone.AllInOneCalendarActivity t3801}#16293 parentId=16292} 2 children}
04-15 09:53:51.348  1151  1151 I SurfaceFlinger: [Splash Screen com.google.android.calendar$_2000#18946] attach to parent LayerHierarchy{RequestedLayerState{1708e0e Splash Screen com.google.android.calendar#18945 parentId=16293} 1 children}
04-15 09:53:51.348  1542  1582 D PkgPredictorService-SecIpmManagerServiceImpl: onForegroundActivitiesChanged pid:3979 uid:10279
04-15 09:53:51.348  1542  1582 D NetworkPolicy: already checked 10279
04-15 09:53:51.348  1542  1678 I WindowManager: Relayout hash=1708e0e, pid=2000, syncId=-1: mAttrs={(0,0)(fillxfill) sim={adjust=pan} layoutInDisplayCutoutMode=always ty=APPLICATION_STARTING fmt=TRANSLUCENT wanim=0x1030317
04-15 09:53:51.348  1542  1678 I WindowManager:   fl=81030118
04-15 09:53:51.348  1542  1678 I WindowManager:   pfl=10000810
04-15 09:53:51.348  1542  1678 I WindowManager:   bhv=1
04-15 09:53:51.348  1542  1678 I WindowManager:   fitSides=0
04-15 09:53:51.348  1542  1678 I WindowManager:   frameRateBoostOnTouch=true
04-15 09:53:51.348  1542  1678 I WindowManager:   dvrrWindowFrameRateHint=true naviIconColor=0}
04-15 09:53:51.349  2000  2120 I VRI[calendar]@36f9ae1: onActiveControlsChanged, removed=false, mAdded=true, caller=android.view.ViewRootImpl.handleInsetsControlChanged:3002 android.view.ViewRootImpl.relayoutWindow:11629 android.view.ViewRootImpl.performTraversals:4804 android.view.ViewRootImpl.doTraversal:3924 android.view.ViewRootImpl$TraversalRunnable.run:12903
04-15 09:53:51.349  1542  1582 D NetworkPolicy: already checked 10279
04-15 09:53:51.350  2000  2120 I BLASTBufferQueue_Java: new BLASTBufferQueue, mName= VRI[calendar]@36f9ae1 mNativeObject= 0xb40000741cef9050 caller= android.view.ViewRootImpl.updateBlastSurfaceIfNeeded:3585 android.view.ViewRootImpl.relayoutWindow:11685 android.view.ViewRootImpl.performTraversals:4804 android.view.ViewRootImpl.doTraversal:3924 android.view.ViewRootImpl$TraversalRunnable.run:12903 android.view.Choreographer$CallbackRecord.run:1901 android.view.Choreographer$CallbackRecord.run:1910 android.view.Choreographer.doCallbacks:1367 android.view.Choreographer.doFrame:1292 android.view.Choreographer$FrameDisplayEventReceiver.run:1870
04-15 09:53:51.350  2000  2120 I BLASTBufferQueue_Java: update, w= 720 h= 1544 mName = VRI[calendar]@36f9ae1 mNativeObject= 0xb40000741cef9050 sc.mNativeObject= 0xb40000751c562350 format= -3 caller= android.view.ViewRootImpl.updateBlastSurfaceIfNeeded:3590 android.view.ViewRootImpl.relayoutWindow:11685 android.view.ViewRootImpl.performTraversals:4804 android.view.ViewRootImpl.doTraversal:3924 android.view.ViewRootImpl$TraversalRunnable.run:12903 android.view.Choreographer$CallbackRecord.run:1901
04-15 09:53:51.351  2000  2120 I VRI[calendar]@36f9ae1: Relayout returned: old=(0,0,720,1544) new=(0,0,720,1544) relayoutAsync=false req=(720,1544)0 dur=5 res=0x3 s={true 0xb40000748ccb5020} ch=true seqId=0
04-15 09:53:51.351  1218  6568 I CameraService: onUidStateChanged: uid=10048, procState is changed. (0 -> 1)
04-15 09:53:51.352  2000  2120 I VRI[calendar]@36f9ae1: performConfigurationChange setNightDimText nightDimLevel=0
04-15 09:53:51.352  2000  2120 D VRI[calendar]@36f9ae1: mThreadedRenderer.initialize() mSurface={isValid=true 0xb40000748ccb5020} hwInitialized=true
04-15 09:53:51.352  2000  2120 D VRI[calendar]@36f9ae1: reportNextDraw android.view.ViewRootImpl.performTraversals:5443 android.view.ViewRootImpl.doTraversal:3924 android.view.ViewRootImpl$TraversalRunnable.run:12903 android.view.Choreographer$CallbackRecord.run:1901 android.view.Choreographer$CallbackRecord.run:1910
04-15 09:53:51.352  2000  2120 D VRI[calendar]@36f9ae1: Setup new sync=wmsSync-VRI[calendar]@36f9ae1#20
04-15 09:53:51.352  2000  2120 I VRI[calendar]@36f9ae1: Creating new active sync group VRI[calendar]@36f9ae1#21
04-15 09:53:51.353  3979  3979 I DecorView: setWindowBackground: isPopOver=false color=ff121318 d=android.graphics.drawable.ColorDrawable@124b2d8
04-15 09:53:51.353 18525 18790 I Rubin   : [146] M.c0.k(Unknown Source) : Notify com.samsung.android.rubin.inferenceengine.contextanalytics.engine.loggers.AppUsageLogger's database is updated.
04-15 09:53:51.353  2000  2120 D VRI[calendar]@36f9ae1: registerCallbacksForSync syncBuffer=false
04-15 09:53:51.354  2000  2195 D VRI[calendar]@36f9ae1: Received frameDrawingCallback syncResult=0 frameNum=1.
04-15 09:53:51.354  2000  2195 I VRI[calendar]@36f9ae1: mWNT: t=0xb4000074fc6ffbd0 mBlastBufferQueue=0xb40000741cef9050 fn= 1 HdrRenderState mRenderHdrSdrRatio=1.0 caller= android.view.ViewRootImpl$12.onFrameDraw:15441 android.view.ThreadedRenderer$1.onFrameDraw:718 <bottom of call stack>
04-15 09:53:51.354  2000  2195 I VRI[calendar]@36f9ae1: Setting up sync and frameCommitCallback
04-15 09:53:51.354  2461  4179 I HoneySpace.RecentTasks: onRecentTasksChanged
04-15 09:53:51.354  2461  2584 I HoneySpace.TopTaskSource: onTaskMovedToFront : taskId = 3514, displayId = 0
04-15 09:53:51.354  2461  2584 I HoneySpace.TopTaskSource: onTaskMovedToFront : taskId = 3801, displayId = 0
04-15 09:53:51.355  2461  2586 I HoneySpace.TopTaskUseCase: topTasks 3801 ComponentInfo{com.google.android.calendar/com.google.android.calendar.allinone.AllInOneCalendarActivity}[displayId=0]
04-15 09:53:51.356  2000  2196 I BLASTBufferQueue: [VRI[calendar]@36f9ae1#862](f:0,a:0,s:0) onFrameAvailable the first frame is available
04-15 09:53:51.356  2000  2196 I VRI[calendar]@36f9ae1: Received frameCommittedCallback lastAttemptedDrawFrameNum=1 didProduceBuffer=true
04-15 09:53:51.356  1151  2758 I SurfaceFlinger: [Splash Screen com.google.android.calendar$_2000#18946] setTransactionState with the first frame. bufferData(ID: 8589934656024, frameNumber: 1)
04-15 09:53:51.357  2000  2196 D HWUI    : CFMS:: SetUp Pid : 2000    Tid : 2196
04-15 09:53:51.357  2000  2120 D VRI[calendar]@36f9ae1: reportDrawFinished seqId=0
04-15 09:53:51.359  1542  1585 D SurfaceComposerClient: setCornerRadius ## 1708e0e Splash Screen com.google.android.calendar#18945 cornerRadius=0.000000
04-15 09:53:51.360  1542  1585 D SurfaceComposerClient: setCornerRadius ## 1708e0e Splash Screen com.google.android.calendar#18945 cornerRadius=0.000000
04-15 09:53:51.360  1151  2479 I SurfaceFlinger: id=18947 createSurf, flag=84004, Transition Root: Task=3801#18947
04-15 09:53:51.363  1542  1585 I SurfaceControlRegistry: show, t=StartTransaction_SyncId<1690> sc=ActivityRecord{243114305 u0 com.google.android.calendar/.allinone.AllInOneCalendarActivity t3801}, caller=android.view.SurfaceControl$Transaction.show:3557 com.android.server.wm.Transition.onTransactionReady:2048 com.android.server.wm.BLASTSyncEngine$SyncGroup.finishNow:240 com.android.server.wm.BLASTSyncEngine.onSurfacePlacement:263 com.android.server.wm.RootWindowContainer.performSurfacePlacementNoTrace:1083 com.android.server.wm.WindowSurfacePlacer.performSurfacePlacement:166
04-15 09:53:51.363  1542  1585 D SurfaceComposerClient: setCornerRadius ## Task=3884#18923 cornerRadius=0.000000
04-15 09:53:51.363  1542  1585 D SurfaceComposerClient: setCornerRadius ## Task=3801#16292 cornerRadius=0.000000
04-15 09:53:51.364  1542  1585 D ScreenCapture: [Capture_TEST] : setIsScreenShotBySystem false
04-15 09:53:51.364  1542  1585 I SurfaceComposerClient: captureLayers:childrenOnly:1, sync:1
