04-15 09:53:53.268 19868 19888 I TestRunner: started: factCardClickDispatchesFactClicked(com.catfact.app.feature.facts.presentation.FactsScreenTest)
04-15 09:53:53.273  1151  1151 I SurfaceFlinger: destroyed Task=3885#18992
04-15 09:53:53.273  1151  1151 I SurfaceFlinger: destroyed 1c29926 com.catfact.app.feature.facts.test/androidx.test.core.app.InstrumentationActivityInvoker$EmptyActivity#18974
04-15 09:53:53.273  1151  1151 I SurfaceFlinger: destroyed com.catfact.app.feature.facts.test/androidx.test.core.app.InstrumentationActivityInvoker$EmptyActivity$_19868#18975
04-15 09:53:53.275  1151  1151 I Layer   : id=18992 Destroyed Task=3885#18992
04-15 09:53:53.275  1151  1151 I Layer   : id=18974 Destroyed 1c29926 com.catfact.app.feature.facts.test/androidx.test.core.app.InstrumentationActivityInvoker$EmptyActivity#18974
04-15 09:53:53.275  1151  1151 I Layer   : id=18975 Destroyed com.catfact.app.feature.facts.test/androidx.test.core.app.InstrumentationActivityInvoker$EmptyActivity$_19868#18975
04-15 09:53:53.282 19868 19888 D IdlingRegistry: Registering idling resources: [androidx.compose.ui.test.EspressoLink@ec403de]
04-15 09:53:53.288 19868 19888 W Settings: Setting always_finish_activities has moved from android.provider.Settings.System to android.provider.Settings.Global, returning read-only value.
04-15 09:53:53.293  1542  2484 I SemDvfsHyPerManager: acquire hyper - AMS_APP_SWITCH/1542@28, type = -999
04-15 09:53:53.294  1059  1180 I HYPER-HAL: [RequestManager.cpp]acquire(): Acquired ID : 1233263  [1542 / 28]    HINT : AMS_APP_SWITCH    list :
04-15 09:53:53.294  3963  3963 I SemDvfsHyPerManager: acquire hyper - APP_START_SHORT/3963@17, type = -999
04-15 09:53:53.295  1151  1378 I SurfaceFlinger: id=18993 createSurf, flag=24004, Task=3886#18993
04-15 09:53:53.296  1059  1180 I HYPER-HAL: [ResourceManager.cpp]updateResource(): [CPULittleMinFreq] UpdateResource Request ID : 1233263    Value : 1824000
04-15 09:53:53.298  1151  1378 I SurfaceFlinger: id=18994 createSurf, flag=84004, ActivityRecord{198789024 u0 com.catfact.app.feature.facts.test/androidx.activity.ComponentActivity t3886}#18994
04-15 09:53:53.298  1059  1180 I HYPER-HAL: [RequestManager.cpp]acquire(): Acquired ID : 7922207  [3963 / 17]    HINT : APP_START    list : [TIMEOUT / 1500]
04-15 09:53:53.298  1151  1151 I SurfaceFlinger: [Task=3886#18993] attach to parent LayerHierarchy{RequestedLayerState{DefaultTaskDisplayArea_d0#10 parentId=9} 16 children}
04-15 09:53:53.298  1151  1151 I SurfaceFlinger: [ActivityRecord{198789024 u0 com.catfact.app.feature.facts.test/androidx.activity.ComponentActivity t3886}#18994] attach to parent LayerHierarchy{RequestedLayerState{Task=3886#18993 parentId=10} 1 children}
04-15 09:53:53.301  2000  2120 D ViewRootImpl: desktopMode is false
04-15 09:53:53.301  2000  2120 I ViewRootImpl: dVRR is disabled
04-15 09:53:53.301  2000  2196 D NativeCustomFrequencyManager: [NativeCFMS] BpCustomFrequencyManager::BpCustomFrequencyManager()
04-15 09:53:53.305  1542  2161 I SemDvfsHyPerManager: acquire hyper - AMS_APP_LAUNCH/1542@21, type = -999
04-15 09:53:53.306  1059  1180 I HYPER-HAL: [RequestManager.cpp]acquire(): Acquired ID : 1222287  [1542 / 21]    HINT : AMS_APP_LAUNCH    list :
04-15 09:53:53.306  1059  1180 I HYPER-HAL: [ResourceManager.cpp]updateResource(): [CPULittleMinFreq] UpdateResource Request ID : 1222287    Value : 1824000
04-15 09:53:53.307  3152  3152 E pageboostd: Received HALT command code 2
04-15 09:53:53.307  3963  3963 I SemDvfsHyPerManager: acquire hyper - APP_START/3963@19, type = -999
04-15 09:53:53.307  1542  1678 D InputTransport: Input channel constructed: 'e6f7182', fd=1146
04-15 09:53:53.307  1542  1678 D InputTransport: Input channel constructed: 'e6f7182', fd=1250
04-15 09:53:53.308  1542  1678 D InputTransport: Input channel constructed: 'e6f7182', fd=1041
04-15 09:53:53.308  1542  1678 D InputTransport: Input channel destroyed: 'e6f7182', fd=1250
04-15 09:53:53.308  1151  1378 I SurfaceFlinger: id=18995 createSurf, flag=84004, e6f7182 Splash Screen com.catfact.app.feature.facts.test#18995
04-15 09:53:53.309  1059  1180 I HYPER-HAL: [RequestManager.cpp]acquire(): Acquired ID : 7930172  [3963 / 19]    HINT : APP_START    list :
04-15 09:53:53.310  1542  1678 D InputTransport: Input channel destroyed: 'e6f7182', fd=1041
04-15 09:53:53.312  2000  2120 D InputTransport: Input channel constructed: 'e6f7182', fd=522
04-15 09:53:53.312  2000  2120 I InsetsController: onStateChanged: host=Splash Screen com.catfact.app.feature.facts.test, from=android.view.ViewRootImpl.onInsetsStateChanged:3026, state=InsetsState: {mDisplayFrame=Rect(0, 0 - 720, 1544), mDisplayCutout=DisplayCutout{insets=Rect(0, 50 - 0, 0) waterfall=Insets{left=0, top=0, right=0, bottom=0} boundingRect={Bounds=[Rect(0, 0 - 0, 0), Rect(341, 0 - 379, 50), Rect(0, 0 - 0, 0), Rect(0, 0 - 0, 0)]} cutoutPathParserInfo={CutoutPathParserInfo{displayWidth=720 displayHeight=1544 physicalDisplayWidth=720 physicalDisplayHeight=1544 density={1.875} cutoutSpec={M 0,0 H -10 V 26.66666666666667 H 10 V 0 H 0 Z @dp} rotation={0} scale={1.0} physicalPixelDisplaySizeRatio={1.0}}} sideOverrides={}}, mRoundedCorners=RoundedCorners{[RoundedCorner{position=TopLeft, radius=8, center=Point(8, 8)}, RoundedCorner{position=TopRight, radius=8, center=Point(712, 8)}, RoundedCorner{position=BottomRight, radius=8, center=Point(712, 1536)}, RoundedCorner{position=BottomLeft, radius=8, center=Point(8, 1536)}]}  mRoundedCornerFrame=Rect(0, 0 - 720, 1544), mPrivacyIndicatorBounds=PrivacyIndicatorBounds {static bounds=Rect(637, 0 - 720, 50) rotation=0}, mDisplayShape=DisplayShape{ spec=-311912193 displayWidth=720 displayHeight=1544 physicalPixelDisplaySizeRatio=0.5 rotation=0 offsetX=0 offsetY=0 scale=1.0}, mSources= { InsetsSource: {ec730001 mType=navigationBars mFrame=[0,1454][720,1544] mVisible=true mFlags= mSideHint=BOTTOM mBoundingRects=null}, InsetsSource: {ec730004 mType=systemGestures mFrame=[0,0][0,0] mVisible=true mFlags= mSideHint=NONE mBoundingRects=null}, InsetsSource: {ec730005 mType=mandatorySystemGestures mFrame=[0,1454][720,1544] mVisible=true mFlags= mSideHint=BOTTOM mBoundingRects=null}, InsetsSource: {ec730006 mType=tappableElement mFrame=[0,1454][720,1544] mVisible=true mFlags= mSideHint=BOTTOM mBoundingRects=null}, InsetsSource: {ec730024 mType=systemGestures mFrame=[0,0][0,0] mVisible=true mFlags= mSideHint=NONE mBoundingRects=null}, InsetsSource: {27 mType=displayCutout mFrame=[0,0][720,50] mVisible=true mFlags= mSideHint=TOP mBoundingRects=null}, InsetsSource: {43950000 mType=statusBars mFrame=[0,0][720,50] mVisible=true mFlags= mSideHint=TOP mBoundingRects=null}, InsetsSource: {43950005 mType=mandatorySystemGestures mFrame=[0,0][720,73] mVisible=true mFlags= mSideHint=TOP mBoundingRects=null}, InsetsSource: {43950006 mType=tappableElement mFrame=[0,0][720,50] mVisible=true mFlags= mSideHint=TOP mBoundingRects=null} }
04-15 09:53:53.312  2000  2120 I VRI[test]@c46a09c: onActiveControlsChanged, removed=false, mAdded=true, caller=android.view.ViewRootImpl.handleInsetsControlChanged:3002 android.view.ViewRootImpl.setView:2014 android.view.WindowManagerGlobal.addView:604 com.android.wm.shell.startingsurface.SplashscreenWindowCreator.addWindow:38 com.android.wm.shell.startingsurface.StartingWindowController$$ExternalSyntheticLambda4.run:1365
04-15 09:53:53.312  2000  2120 I VRI[test]@c46a09c: synced displayState. AttachInfo displayState=2
04-15 09:53:53.312  2000  2120 I VRI[test]@c46a09c: setView = android.widget.FrameLayout@f12462b IsHRR=false mFlingFrameRateChange=0 TM=true
04-15 09:53:53.312  2000  2196 D HWUI    : HWUI - treat SMPTE_170M as sRGB
04-15 09:53:53.313  1218  6568 I CameraService: onUidStateChanged: uid=10048, procState is changed. (0 -> 1)
04-15 09:53:53.313  2000  2105 D ShellDesktopMode: handleRequest: TransitionRequestInfo {type=1, tid=3886, debugId=1694}
04-15 09:53:53.313  1542  1678 I WindowManager: Relayout Window{e6f7182 u0 Splash Screen com.catfact.app.feature.facts.test}: viewVisibility=0 req=720x1544 ty=3 d0
04-15 09:53:53.313  1151  1200 I SurfaceFlinger: id=18996 createSurf, flag=44004, Splash Screen com.catfact.app.feature.facts.test$_2000#18996
04-15 09:53:53.313  2461  2584 I HoneySpace.TopTaskSource: onTaskMovedToFront : taskId = 3886, displayId = 0
04-15 09:53:53.314  2461  2586 I HoneySpace.TopTaskUseCase: topTasks 3886 ComponentInfo{com.catfact.app.feature.facts.test/androidx.activity.ComponentActivity}[displayId=0]
04-15 09:53:53.315  1542  1678 D SurfaceComposerClient: setCornerRadius ## e6f7182 Splash Screen com.catfact.app.feature.facts.test#18995 cornerRadius=0.000000
04-15 09:53:53.315  1542  1678 D SurfaceComposerClient: setCornerRadius ## fc8dbe6 com.google.android.calendar/com.google.android.calendar.allinone.AllInOneCalendarActivity#18984 cornerRadius=0.000000
04-15 09:53:53.315  1151  1151 I SurfaceFlinger: [e6f7182 Splash Screen com.catfact.app.feature.facts.test#18995] attach to parent LayerHierarchy{RequestedLayerState{ActivityRecord{198789024 u0 com.catfact.app.feature.facts.test/androidx.activity.ComponentActivity t3886}#18994 parentId=18993} 1 children}
04-15 09:53:53.315  1151  1151 I SurfaceFlinger: [Splash Screen com.catfact.app.feature.facts.test$_2000#18996] attach to parent LayerHierarchy{RequestedLayerState{e6f7182 Splash Screen com.catfact.app.feature.facts.test#18995 parentId=18994} 1 children}
04-15 09:53:53.315  1542  1678 D SurfaceComposerClient: setCornerRadius ## fc8dbe6 com.google.android.calendar/com.google.android.calendar.allinone.AllInOneCalendarActivity#18984 cornerRadius=0.000000
04-15 09:53:53.316  1542  1678 I WindowManager: Relayout hash=e6f7182, pid=2000, syncId=-1: mAttrs={(0,0)(fillxfill) sim={adjust=pan} layoutInDisplayCutoutMode=always ty=APPLICATION_STARTING fmt=TRANSLUCENT wanim=0x1030317
04-15 09:53:53.316  1542  1678 I WindowManager:   fl=81030118
04-15 09:53:53.316  1542  1678 I WindowManager:   pfl=10000810
04-15 09:53:53.316  1542  1678 I WindowManager:   apr=18
04-15 09:53:53.316  1542  1678 I WindowManager:   bhv=1
04-15 09:53:53.316  1542  1678 I WindowManager:   fitSides=0
04-15 09:53:53.316  1542  1678 I WindowManager:   frameRateBoostOnTouch=true
04-15 09:53:53.316  1542  1678 I WindowManager:   dvrrWindowFrameRateHint=true naviIconColor=0}
04-15 09:53:53.317  2000  2120 I VRI[test]@c46a09c: onActiveControlsChanged, removed=false, mAdded=true, caller=android.view.ViewRootImpl.handleInsetsControlChanged:3002 android.view.ViewRootImpl.relayoutWindow:11629 android.view.ViewRootImpl.performTraversals:4804 android.view.ViewRootImpl.doTraversal:3924 android.view.ViewRootImpl$TraversalRunnable.run:12903
04-15 09:53:53.318  2000  2120 I BLASTBufferQueue_Java: new BLASTBufferQueue, mName= VRI[test]@c46a09c mNativeObject= 0xb40000741d28d960 caller= android.view.ViewRootImpl.updateBlastSurfaceIfNeeded:3585 android.view.ViewRootImpl.relayoutWindow:11685 android.view.ViewRootImpl.performTraversals:4804 android.view.ViewRootImpl.doTraversal:3924 android.view.ViewRootImpl$TraversalRunnable.run:12903 android.view.Choreographer$CallbackRecord.run:1901 android.view.Choreographer$CallbackRecord.run:1910 android.view.Choreographer.doCallbacks:1367 android.view.Choreographer.doFrame:1292 android.view.Choreographer$FrameDisplayEventReceiver.run:1870
04-15 09:53:53.318  2000  2120 I BLASTBufferQueue_Java: update, w= 720 h= 1544 mName = VRI[test]@c46a09c mNativeObject= 0xb40000741d28d960 sc.mNativeObject= 0xb40000751c582810 format= -3 caller= android.view.ViewRootImpl.updateBlastSurfaceIfNeeded:3590 android.view.ViewRootImpl.relayoutWindow:11685 android.view.ViewRootImpl.performTraversals:4804 android.view.ViewRootImpl.doTraversal:3924 android.view.ViewRootImpl$TraversalRunnable.run:12903 android.view.Choreographer$CallbackRecord.run:1901
04-15 09:53:53.320  2000  2120 I VRI[test]@c46a09c: Relayout returned: old=(0,0,720,1544) new=(0,0,720,1544) relayoutAsync=false req=(720,1544)0 dur=4 res=0x3 s={true 0xb40000748ca01610} ch=true seqId=0
04-15 09:53:53.320  2461  4432 I HoneySpace.RecentTasks: onRecentTasksChanged
04-15 09:53:53.320  2461  2474 I HoneySpace.RecentTasks: onRecentTasksChanged
04-15 09:53:53.322  2000  2120 D VRI[test]@c46a09c: mThreadedRenderer.initialize() mSurface={isValid=true 0xb40000748ca01610} hwInitialized=true
04-15 09:53:53.322  2000  2120 D VRI[test]@c46a09c: reportNextDraw android.view.ViewRootImpl.performTraversals:5443 android.view.ViewRootImpl.doTraversal:3924 android.view.ViewRootImpl$TraversalRunnable.run:12903 android.view.Choreographer$CallbackRecord.run:1901 android.view.Choreographer$CallbackRecord.run:1910
04-15 09:53:53.322  2000  2120 D VRI[test]@c46a09c: Setup new sync=wmsSync-VRI[test]@c46a09c#26
04-15 09:53:53.322  2000  2120 I VRI[test]@c46a09c: Creating new active sync group VRI[test]@c46a09c#27
04-15 09:53:53.322  2000  2120 D VRI[test]@c46a09c: registerCallbacksForSync syncBuffer=false
04-15 09:53:53.323  2000  2194 D VRI[test]@c46a09c: Received frameDrawingCallback syncResult=0 frameNum=1.
04-15 09:53:53.323  2000  2194 I VRI[test]@c46a09c: mWNT: t=0xb4000074fc7c1e10 mBlastBufferQueue=0xb40000741d28d960 fn= 1 HdrRenderState mRenderHdrSdrRatio=1.0 caller= android.view.ViewRootImpl$12.onFrameDraw:15441 android.view.ThreadedRenderer$1.onFrameDraw:718 <bottom of call stack>
04-15 09:53:53.323  2000  2194 I VRI[test]@c46a09c: Setting up sync and frameCommitCallback
04-15 09:53:53.323  1151  1151 I SurfaceFlinger: [Display 0 name="Built-in Screen"#49] setFrameRateCategory: High
04-15 09:53:53.326  2000  2196 I BLASTBufferQueue: [VRI[test]@c46a09c#865](f:0,a:0,s:0) onFrameAvailable the first frame is available
04-15 09:53:53.327  1151  1151 I BpBinder: onLastStrongRef automatically unlinking death recipients:
04-15 09:53:53.327  2000  2196 I VRI[test]@c46a09c: Received frameCommittedCallback lastAttemptedDrawFrameNum=1 didProduceBuffer=true
04-15 09:53:53.327  2000  2196 D HWUI    : CFMS:: SetUp Pid : 2000    Tid : 2196
04-15 09:53:53.327  1151  1378 I SurfaceFlinger: [Splash Screen com.catfact.app.feature.facts.test$_2000#18996] setTransactionState with the first frame. bufferData(ID: 8589934656051, frameNumber: 1)
04-15 09:53:53.327  2000  2120 D VRI[test]@c46a09c: reportDrawFinished seqId=0
04-15 09:53:53.332  1542  2476 D InputDispatcher: Focused application(0): ActivityRecord{198789024 u0 com.catfact.app.feature.facts.test/androidx.activity.ComponentActivity t3886}
04-15 09:53:53.334  1542  2476 D SurfaceComposerClient: setCornerRadius ## e6f7182 Splash Screen com.catfact.app.feature.facts.test#18995 cornerRadius=0.000000
04-15 09:53:53.334  1542  2476 D SurfaceComposerClient: setCornerRadius ## e6f7182 Splash Screen com.catfact.app.feature.facts.test#18995 cornerRadius=0.000000
04-15 09:53:53.334  1542  2161 D GraphicsStatsService: requestRenderEngineFor(com.catfact.app.feature.facts.test)
04-15 09:53:53.337 11141 11141 I Finsky  : [2] aiyb - Received: android.intent.action.PACKAGE_ADDED, [JCMOX1vQAc8UlajdXo0OZY9Q0MM2thNh_uXjlkF0bv4]
04-15 09:53:53.338  1542  1582 D PkgPredictorService-SecIpmManagerServiceImpl: onForegroundActivitiesChanged pid:19868 uid:10749
04-15 09:53:53.338  1542  1582 D NetworkPolicy: already checked 10749
04-15 09:53:53.338  1542  2944 V PkgPredictorService-SecIpmManagerServiceImpl: discard foreground app:com.catfact.app.feature.facts.test 1|true
04-15 09:53:53.339  1542  1582 D NetworkPolicy: already checked 10749
04-15 09:53:53.340  1151  1151 I SurfaceFlinger: [LayerHierarchy{RequestedLayerState{ImeContainer#15 parentId=16293 relativeParentId=16293 z=1} 1 children}] RelativeParent to null
04-15 09:53:53.340  1542  1825 D AS.MultiSoundManager: mForegroundUid = 10749
04-15 09:53:53.340  1542  1585 D SurfaceComposerClient: setCornerRadius ## e6f7182 Splash Screen com.catfact.app.feature.facts.test#18995 cornerRadius=0.000000
04-15 09:53:53.342  1542  1585 D SurfaceComposerClient: setCornerRadius ## e6f7182 Splash Screen com.catfact.app.feature.facts.test#18995 cornerRadius=0.000000
04-15 09:53:53.343  1151  1200 I SurfaceFlinger: id=18997 createSurf, flag=84004, Transition Root: Task=3886#18997
04-15 09:53:53.345  1542  1585 I SurfaceControlRegistry: show, t=StartTransaction_SyncId<1694> sc=ActivityRecord{198789024 u0 com.catfact.app.feature.facts.test/androidx.activity.ComponentActivity t3886}, caller=android.view.SurfaceControl$Transaction.show:3557 com.android.server.wm.Transition.onTransactionReady:2048 com.android.server.wm.BLASTSyncEngine$SyncGroup.finishNow:240 com.android.server.wm.BLASTSyncEngine.onSurfacePlacement:263 com.android.server.wm.RootWindowContainer.performSurfacePlacementNoTrace:1083 com.android.server.wm.WindowSurfacePlacer.performSurfacePlacement:166
04-15 09:53:53.345  1542  1585 D SurfaceComposerClient: setCornerRadius ## Task=3801#16292 cornerRadius=0.000000
04-15 09:53:53.345  1542  1585 D SurfaceComposerClient: setCornerRadius ## Task=3886#18993 cornerRadius=0.000000
04-15 09:53:53.346  1542  1585 D ScreenCapture: [Capture_TEST] : setIsScreenShotBySystem false
04-15 09:53:53.346  1542  1585 I SurfaceComposerClient: captureLayers:childrenOnly:1, sync:1
04-15 09:53:53.351  1151  1151 I SurfaceFlinger: [Transition Root: Task=3886#18997] attach to parent LayerHierarchy{RequestedLayerState{DefaultTaskDisplayArea_d0#10 parentId=9} 17 children}
04-15 09:53:53.352  1151  2479 I SurfaceFlinger: Capture layer list: 	 com.google.android.calendar/com.google.android.calendar.allinone.AllInOneCalendarActivity$_3979#18985(seamlessTransition:0)
04-15 09:53:53.352  1151  2479 I CompositionEngine: [setDisplaySize] size=(720, 1544)
04-15 09:53:53.353  1151  1206 D RenderEngine: [SEC_SF_EFFECTS] drawLayersInternal,1494, Rendering layer ScreenCaptureFillLayer at index 0
04-15 09:53:53.353  1151  1206 D RenderEngine: [SEC_SF_EFFECTS] drawLayersInternal,1494, Rendering layer com.google.android.calendar/com.google.android.calendar.allinone.AllInOneCalendarActivity$_3979#18985 at index 1
04-15 09:53:53.353 11141 11141 I Finsky  : [2] Wear companion app detected on device: com.google.android.apps.wear.companion
04-15 09:53:53.357 19868 19868 D LifecycleMonitor: Lifecycle status change: androidx.activity.ComponentActivity@3252242 in: PRE_ON_CREATE
04-15 09:53:53.358 19868 19868 V ActivityScenario: Activity lifecycle changed event received but ignored because the reported transition was not ON_CREATE while the last known transition was PRE_ON_CREATE
04-15 09:53:53.358  2000  2000 I {OngoingActivityController}: onTaskFocusChanged but OA data is empty
04-15 09:53:53.358  1151  1200 I SurfaceFlinger: id=18998 createSurf, flag=84000, 58f6fd2 ActivityRecordInputSink com.catfact.app.feature.facts.test/androidx.activity.ComponentActivity#18998
04-15 09:53:53.359  2000  2105 I SurfaceControlRegistry: hide, t=FinishTransaction_SyncId<1694> sc=Task=3801, caller=android.view.SurfaceControl$Transaction.hide:3583 com.android.wm.shell.transition.Transitions.dispatchReady:1263 com.android.wm.shell.transition.Transitions.onTransitionReady:251 com.android.wm.shell.transition.Transitions$TransitionPlayerImpl$$ExternalSyntheticLambda0.run:13 android.os.Handler.handleCallback:995 android.os.Handler.dispatchMessage:103
04-15 09:53:53.359 18525 18790 I Rubin   : [146] M.c0.k(Unknown Source) : Notify com.samsung.android.rubin.inferenceengine.contextanalytics.engine.loggers.AppUsageLogger's database is updated.
04-15 09:53:53.359  2000  2105 I SurfaceControlRegistry: show, t=StartTransaction_SyncId<1694> sc=Task=3886, caller=android.view.SurfaceControl$Transaction.show:3557 com.android.wm.shell.transition.Transitions.dispatchReady:1279 com.android.wm.shell.transition.Transitions.onTransitionReady:251 com.android.wm.shell.transition.Transitions$TransitionPlayerImpl$$ExternalSyntheticLambda0.run:13 android.os.Handler.handleCallback:995 android.os.Handler.dispatchMessage:103
04-15 09:53:53.359  2000  2105 I SurfaceControlRegistry: show, t=FinishTransaction_SyncId<1694> sc=Task=3886, caller=android.view.SurfaceControl$Transaction.show:3557 com.android.wm.shell.transition.Transitions.dispatchReady:1330 com.android.wm.shell.transition.Transitions.onTransitionReady:251 com.android.wm.shell.transition.Transitions$TransitionPlayerImpl$$ExternalSyntheticLambda0.run:13 android.os.Handler.handleCallback:995 android.os.Handler.dispatchMessage:103
04-15 09:53:53.359  2000  2105 I SurfaceControlRegistry: show, t=StartTransaction_SyncId<1694> sc=Transition Root: Task=3886, caller=android.view.SurfaceControl$Transaction.show:3557 com.android.wm.shell.transition.Transitions.playTransition:79 com.android.wm.shell.transition.Transitions.processReadyQueue:239 com.android.wm.shell.transition.Transitions.dispatchReady:1352 com.android.wm.shell.transition.Transitions.onTransitionReady:251 com.android.wm.shell.transition.Transitions$TransitionPlayerImpl$$ExternalSyntheticLambda0.run:13
04-15 09:53:53.360  2000  2105 D SurfaceComposerClient: [Task=3801#16292] setEdgeExtension Right
04-15 09:53:53.360  2461  2584 I HoneySpace.TopTaskSource: onTaskFocusChanged(): taskId = 3886
04-15 09:53:53.361  1151  2479 I SurfaceFlinger: id=18999 createSurf, flag=20004, DimTransitionLayer for Surface(name=Task=3886)/@0x919ce59#18999
04-15 09:53:53.361  2000  2105 I SurfaceControlRegistry: show, t=StartTransaction_SyncId<1694> sc=DimTransitionLayer for Surface(name=Task=3886)/@0x919ce59, caller=android.view.SurfaceControl$Transaction.show:3557 com.android.wm.shell.transition.DefaultTransitionHandler.startAnimation:2931 com.android.wm.shell.transition.Transitions.dispatchTransition:90 com.android.wm.shell.transition.Transitions.playTransition:774 com.android.wm.shell.transition.Transitions.processReadyQueue:239 com.android.wm.shell.transition.Transitions.dispatchReady:1352
04-15 09:53:53.361  2000  2105 I SurfaceControlRegistry: apply, t=StartTransaction_SyncId<1694>, caller=android.view.SurfaceControl$Transaction.apply:3459 android.view.SurfaceControl$Transaction.apply:3447 android.view.SurfaceControl$Transaction.apply:3397 com.android.wm.shell.transition.DefaultTransitionHandler.startAnimation:3387 com.android.wm.shell.transition.Transitions.dispatchTransition:90 com.android.wm.shell.transition.Transitions.playTransition:774
04-15 09:53:53.361 19868 19868 I DecorView: setWindowBackground: isPopOver=false color=fffafafa d=android.graphics.drawable.ColorDrawable@a850af
04-15 09:53:53.362 19868 19868 D LifecycleMonitor: Lifecycle status change: androidx.activity.ComponentActivity@3252242 in: CREATED
04-15 09:53:53.363 19868 19868 V ActivityScenario: Update currentActivityStage to CREATED, currentActivity=androidx.activity.ComponentActivity@3252242
04-15 09:53:53.363 19868 19868 D LifecycleMonitor: Lifecycle status change: androidx.activity.ComponentActivity@3252242 in: STARTED
04-15 09:53:53.363 19868 19868 V ActivityScenario: Update currentActivityStage to STARTED, currentActivity=androidx.activity.ComponentActivity@3252242
04-15 09:53:53.363 11141 11141 I Finsky  : [2] DTU: Received onPackageAdded, replacing: false
04-15 09:53:53.363 11141 11141 I Finsky  : [2] AIM: AppInfoCacheUpdater -> invalidating apps: [com.catfact.app.feature.facts.test]
04-15 09:53:53.364 11141 11141 I Finsky  : [2] AIM: AppInfoManager-Perf > getApps > called for 1 apps
04-15 09:53:53.364  3723 15452 I [AirCmd]_ActivitySwitchDetector: onTaskFocusChanged : taskId=3886, componentName=ComponentInfo{com.catfact.app.feature.facts.test/androidx.activity.ComponentActivity}
04-15 09:53:53.364  3723 15452 I [AirCmd]_ActivitySwitchDetector: onTaskFocusChanged :mTopMostActivity = ComponentInfo{com.google.android.calendar/com.google.android.calendar.allinone.AllInOneCalendarActivity}
04-15 09:53:53.364  2461  2461 I HoneySpace.EdgePanel.CocktailHostRepositoryImpl: onNoteResume
04-15 09:53:53.364  2461  2461 I HoneySpace.EdgePanel.EdgePanelContainerViewModel: cocktailHostRepository.edgePanelOperation NoteResumeComponent(componentName=ComponentInfo{com.catfact.app.feature.facts.test/androidx.activity.ComponentActivity})
04-15 09:53:53.364 19868 19868 D LifecycleMonitor: Lifecycle status change: androidx.activity.ComponentActivity@3252242 in: RESUMED
04-15 09:53:53.364 19868 19868 V ActivityScenario: Update currentActivityStage to RESUMED, currentActivity=androidx.activity.ComponentActivity@3252242
04-15 09:53:53.364  2461  2461 I HoneySpace.EdgePanel.ActivityUtils: HomePackage : com.sec.android.app.launcher, resumePackageName : com.catfact.app.feature.facts.test, className : androidx.activity.ComponentActivity
04-15 09:53:53.364  1151  1151 I SurfaceFlinger: RequestedLayer [e6f7182 Splash Screen com.catfact.app.feature.facts.test#18995] hidden!! flag  from(1) --> to(0)
04-15 09:53:53.364  1151  1151 I SurfaceFlinger: RequestedLayer [Splash Screen com.catfact.app.feature.facts.test$_2000#18996] hidden!! flag  from(1) --> to(0)
04-15 09:53:53.364  1151  1151 I SurfaceFlinger: RequestedLayer [Task=3886#18993] hidden!! flag  from(1) --> to(0)
04-15 09:53:53.364  1151  1151 E SurfaceFlinger: alpha changed 1.000 -> 0.000 - Task=3886#18993
04-15 09:53:53.364  1151  1151 I SurfaceFlinger: RequestedLayer [Transition Root: Task=3886#18997] hidden!! flag  from(1) --> to(0)
04-15 09:53:53.364  1151  1151 I SurfaceFlinger: RequestedLayer [ActivityRecord{198789024 u0 com.catf[...]ivity.ComponentActivity t3886}#18994] hidden!! flag  from(1) --> to(0)
04-15 09:53:53.364  1151  1151 I SurfaceFlinger: RequestedLayer [DimTransitionLayer for Surface(name=Task=3886)/@0x919ce59#18999] hidden!! flag  from(1) --> to(0)
04-15 09:53:53.365  1151  1151 E SurfaceFlinger: alpha changed 1.000 -> 0.000 - DimTransitionLayer for Surface(name=Task=3886)/@0x919ce59#18999
04-15 09:53:53.365  1151  1151 I SurfaceFlinger: [LayerHierarchy{RequestedLayerState{Task=3801#16292 parentId=18997 z=2} 1 children}] reparent to LayerHierarchy{RequestedLayerState{Transition Root: Task=3886#18997 parentId=10 z=13} 1 children}
04-15 09:53:53.365 19868 19868 D ViewRootImpl: desktopMode is false
04-15 09:53:53.365  1151  1151 I SurfaceFlinger: [LayerHierarchy{RequestedLayerState{Task=3886#18993 parentId=18997 z=5} 1 children}] reparent to LayerHierarchy{RequestedLayerState{Transition Root: Task=3886#18997 parentId=10 z=13} 2 children}
04-15 09:53:53.365  1151  1151 I SurfaceFlinger: [58f6fd2 ActivityRecordInputSink com.catfact.app.feature.facts.test/androidx.activity.ComponentActivity#18998] attach to parent LayerHierarchy{RequestedLayerState{ActivityRecord{198789024 u0 com.catfact.app.feature.facts.test/androidx.activity.ComponentActivity t3886}#18994 parentId=18993} 2 children}
04-15 09:53:53.365  1151  1151 I SurfaceFlinger: [DimTransitionLayer for Surface(name=Task=3886)/@0x919ce59#18999] attach to parent LayerHierarchy{RequestedLayerState{Transition Root: Task=3886#18997 parentId=10 z=13} 3 children}
04-15 09:53:53.365 19868 19868 I ViewRootImpl: dVRR is disabled
04-15 09:53:53.365  2461  4417 I HoneySpace.RecentTasks: onRunningTaskAppeared
04-15 09:53:53.365  2461  4417 I HoneySpace.RecentTasks: onRecentTasksChanged
04-15 09:53:53.365 19868 19901 D NativeCustomFrequencyManager: [NativeCFMS] BpCustomFrequencyManager::BpCustomFrequencyManager()
04-15 09:53:53.367  1542  2476 D InputTransport: Input channel constructed: '2f7eeeb', fd=1041
04-15 09:53:53.367  1542  2476 D InputTransport: Input channel constructed: '2f7eeeb', fd=1250
04-15 09:53:53.367  1542  2476 D InputTransport: Input channel constructed: '2f7eeeb', fd=1256
04-15 09:53:53.367  1542  2476 D InputTransport: Input channel destroyed: '2f7eeeb', fd=1250
04-15 09:53:53.368  1151  2479 I SurfaceFlinger: id=19000 createSurf, flag=84004, 2f7eeeb com.catfact.app.feature.facts.test/androidx.activity.ComponentActivity#19000
04-15 09:53:53.368  3723 15452 I [AirCmd]_CallbackRepeater: stopRepeat : isWorking=false
04-15 09:53:53.368  3723 15452 I [AirCmd]_MediaControlStateMonitor: isForegroundAppSupportsMediaButton : mediaSession is empty
04-15 09:53:53.369 11141 11196 I Finsky  : [240] AIM: AppInfoManager-Perf > OnDeviceAppInfo > cacheHitCount=0, cacheMissCount=1. Missed  in cache (limit 10) : [com.catfact.app.feature.facts.test]
04-15 09:53:53.369 11141 11141 I Finsky  : [2] Clearing split related stale data.
04-15 09:53:53.369  3723 15452 E [AirCmd]_MediaControlStateMonitor: getActiveNotificationPackageName : notification service monitor is null
04-15 09:53:53.370  1542  2476 D InputTransport: Input channel destroyed: '2f7eeeb', fd=1256
04-15 09:53:53.370 19868 19868 D InputTransport: Input channel constructed: '2f7eeeb', fd=128
04-15 09:53:53.370 11141 18398 I Finsky  : [361] [ContentSync] finished, scheduled=false
04-15 09:53:53.370 19868 19868 I InsetsController: onStateChanged: host=com.catfact.app.feature.facts.test/androidx.activity.ComponentActivity, from=android.view.ViewRootImpl.onInsetsStateChanged:3026, state=InsetsState: {mDisplayFrame=Rect(0, 0 - 720, 1544), mDisplayCutout=DisplayCutout{insets=Rect(0, 50 - 0, 0) waterfall=Insets{left=0, top=0, right=0, bottom=0} boundingRect={Bounds=[Rect(0, 0 - 0, 0), Rect(341, 0 - 379, 50), Rect(0, 0 - 0, 0), Rect(0, 0 - 0, 0)]} cutoutPathParserInfo={CutoutPathParserInfo{displayWidth=720 displayHeight=1544 physicalDisplayWidth=720 physicalDisplayHeight=1544 density={1.875} cutoutSpec={M 0,0 H -10 V 26.66666666666667 H 10 V 0 H 0 Z @dp} rotation={0} scale={1.0} physicalPixelDisplaySizeRatio={1.0}}} sideOverrides={}}, mRoundedCorners=RoundedCorners{[RoundedCorner{position=TopLeft, radius=8, center=Point(8, 8)}, RoundedCorner{position=TopRight, radius=8, center=Point(712, 8)}, RoundedCorner{position=BottomRight, radius=8, center=Point(712, 1536)}, RoundedCorner{position=BottomLeft, radius=8, center=Point(8, 1536)}]}  mRoundedCornerFrame=Rect(0, 0 - 720, 1544), mPrivacyIndicatorBounds=PrivacyIndicatorBounds {static bounds=Rect(637, 0 - 720, 50) rotation=0}, mDisplayShape=DisplayShape{ spec=-311912193 displayWidth=720 displayHeight=1544 physicalPixelDisplaySizeRatio=0.5 rotation=0 offsetX=0 offsetY=0 scale=1.0}, mSources= { InsetsSource: {ec730001 mType=navigationBars mFrame=[0,1454][720,1544] mVisible=true mFlags= mSideHint=BOTTOM mBoundingRects=null}, InsetsSource: {ec730004 mType=systemGestures mFrame=[0,0][0,0] mVisible=true mFlags= mSideHint=NONE mBoundingRects=null}, InsetsSource: {ec730005 mType=mandatorySystemGestures mFrame=[0,1454][720,1544] mVisible=true mFlags= mSideHint=BOTTOM mBoundingRects=null}, InsetsSource: {ec730006 mType=tappableElement mFrame=[0,1454][720,1544] mVisible=true mFlags= mSideHint=BOTTOM mBoundingRects=null}, InsetsSource: {ec730024 mType=systemGestures mFrame=[0,0][0,0] mVisible=true mFlags= mSideHint=NONE mBoundingRects=null}, InsetsSource: {3 mType=ime mFrame=[0,0][0,0] mVisible=false mFlags= mSideHint=NONE mBoundingRects=null}, InsetsSource: {27 mType=displayCutout mFrame=[0,0][720,50] mVisible=true mFlags= mSideHint=TOP mBoundingRects=null}, InsetsSource: {43950000 mType=statusBars mFrame=[0,0][720,50] mVisible=true mFlags= mSideHint=TOP mBoundingRects=null}, InsetsSource: {43950005 mType=mandatorySystemGestures mFrame=[0,0][720,73] mVisible=true mFlags= mSideHint=TOP mBoundingRects=null}, InsetsSource: {43950006 mType=tappableElement mFrame=[0,0][720,50] mVisible=true mFlags= mSideHint=TOP mBoundingRects=null} }
04-15 09:53:53.370 11141 11202 I Finsky  : [243] AIM: Got app ownership map. App counts: . Unique apps: 0
04-15 09:53:53.371 11141 11202 E Finsky  : [243] [Counters] attempted to use a non-positive increment for: 4752
04-15 09:53:53.371 19868 19868 I VRI[ComponentActivity]@ca50fc1: synced displayState. AttachInfo displayState=2
04-15 09:53:53.371 19868 19868 I VRI[ComponentActivity]@ca50fc1: setView = com.android.internal.policy.DecorView@870754 IsHRR=false mFlingFrameRateChange=0 TM=true
04-15 09:53:53.371 11141 11141 I Finsky  : [2] SCH: job service start with id 9996.
04-15 09:53:53.372 19868 19901 D HWUI    : HWUI - treat SMPTE_170M as sRGB
04-15 09:53:53.372  1151  1338 D SurfaceFlinger: [input] setFocusedWindow: <null>
04-15 09:53:53.372  1542  4235 D InputDispatcher: Once focus requested (0): <null>
04-15 09:53:53.372  1542  4235 D InputDispatcher: Focus request (0): <null> but waiting because NO_WINDOW
04-15 09:53:53.372  1542  4235 D InputDispatcher: Focus left window (0): fc8dbe6 com.google.android.calendar/com.google.android.calendar.allinone.AllInOneCalendarActivity
04-15 09:53:53.372  2000  2000 D DisplayLifecycle: updateDisplay id = 0
04-15 09:53:53.373  1151  1151 E SurfaceFlinger: alpha changed 0.000 -> 1.000 - Task=3886#18993
04-15 09:53:53.373  1151  1151 I SurfaceFlinger: [2f7eeeb com.catfact.app.feature.facts.test/androidx.activity.ComponentActivity#19000] attach to parent LayerHierarchy{RequestedLayerState{ActivityRecord{198789024 u0 com.catfact.app.feature.facts.test/androidx.activity.ComponentActivity t3886}#18994 parentId=18993} 3 children}
04-15 09:53:53.373  1151  1200 I SurfaceFlinger: id=19001 createSurf, flag=24000, Surface(name=3edafdc StatusBar)/@0x3b919ed - animation-leash of insets_animation#19001
04-15 09:53:53.373  3979  3979 I ImeFocusController: onPreWindowFocus: skipped hasWindowFocus=false mHasImeFocus=true
04-15 09:53:53.374  2461  4417 I HoneySpace.Memory-Monitor: current state = 2, didTrim = false
04-15 09:53:53.374  2000  2125 D StackScroller: onDisplayChanged for predraw skip to 2
04-15 09:53:53.375  3979  3979 I ImeFocusController: onPostWindowFocus: skipped hasWindowFocus=false mHasImeFocus=true
04-15 09:53:53.375 11141 11141 I Finsky  : [2] Task 8 requested foreground
04-15 09:53:53.375 11141 11141 I Finsky  : [2] Entering foreground
04-15 09:53:53.375  1151  1200 I SurfaceFlinger: id=19002 createSurf, flag=24000, Surface(name=8c5cec7 NavigationBar0)/@0xa68870 - animation-leash of insets_animation#19002
04-15 09:53:53.370  3723 15452 I [AirCmd]_ButtonEventDetectionThread: enableDoubleClickDetection: enabled= true, doubleClickWaitInterval=300
04-15 09:53:53.379  1542  1585 D SurfaceComposerClient: setCornerRadius ## e6f7182 Splash Screen com.catfact.app.feature.facts.test#18995 cornerRadius=0.000000
04-15 09:53:53.379  1542  1585 D SurfaceComposerClient: setCornerRadius ## 2f7eeeb com.catfact.app.feature.facts.test/androidx.activity.ComponentActivity#19000 cornerRadius=0.000000
04-15 09:53:53.380  2000  2000 D SamsungLightBarControlHelper: updateStatusBar (BLACK icon) numStacks:1, StatusBarMode:MODE_TRANSPARENT, lightBarBounds:[Rect(0, 0 - 720, 1544)], StatusBarState:SHADE, packageName:, isWhiteKeyguardStatusBar:false
04-15 09:53:53.380  2000  2000 D SamsungLightBarControlHelper: onStatusBarAppearanceChanged() -  sbModeChanged:false, statusBarMode:0, barState:MODE_TRANSPARENT, isKeyguardShowing:false, navbarColorManagedByIme:false, (AppearanceRegion{LIGHT_STATUS_BARS bounds=[0,0][720,1544]}, )
04-15 09:53:53.380  2000  2000 D NavigationBar: onSystemBarAttributesChanged() -  displayId:0, appearance:24, packageName: com.catfact.app.feature.facts.test (APPEARANCE_LIGHT_STATUS_BARS APPEARANCE_LIGHT_NAVIGATION_BARS ), navbarColorManagedByIme:false
04-15 09:53:53.380  2000  2000 D SamsungLightBarControlHelper: updateNavigationBar (BLACK button) isLightOpaque:false, hasLightNavigationBarFlag:true, packageName:com.catfact.app.feature.facts.test, DirectReplying:false, NavBarColorMangedByIme:false, ForceDarkForScrim:false, ForceLightForScrim:false, QsCustomizing:false, QsExpanded:false
04-15 09:53:53.380 11141 11196 I Finsky  : [240] AIM: AppInfoManager-Perf > OnDeviceAppInfo > cacheHitCount=0, cacheMissCount=1. Missed  in cache (limit 10) : [com.catfact.app.feature.facts.test]
04-15 09:53:53.382  1151  1151 I SurfaceFlinger: [Surface(name=3edafdc StatusBar)/@0x3b919ed - animation-leash of insets_animation#19001] attach to parent LayerHierarchy{RequestedLayerState{WindowToken{7a8fc4f type=2000 android.os.BinderProxy@a9d7329}#94 parentId=17} 2 children}
04-15 09:53:53.382  1151  1151 I SurfaceFlinger: [Surface(name=8c5cec7 NavigationBar0)/@0xa68870 - animation-leash of insets_animation#19002] attach to parent LayerHierarchy{RequestedLayerState{WindowToken{fc018e2 type=2019 android.os.BinderProxy@bda3ac4}#90 parentId=34} 2 children}
04-15 09:53:53.383  1542  1678 I WindowManager: Relayout Window{2f7eeeb u0 com.catfact.app.feature.facts.test/androidx.activity.ComponentActivity}: viewVisibility=0 req=720x1544 ty=1 d0
04-15 09:53:53.383  1151  1378 I SurfaceFlinger: id=19003 createSurf, flag=44004, com.catfact.app.feature.facts.test/androidx.activity.ComponentActivity$_19868#19003
04-15 09:53:53.384  1542  1678 D SurfaceComposerClient: setCornerRadius ## e6f7182 Splash Screen com.catfact.app.feature.facts.test#18995 cornerRadius=0.000000
04-15 09:53:53.384  1542  1678 D SurfaceComposerClient: setCornerRadius ## 2f7eeeb com.catfact.app.feature.facts.test/androidx.activity.ComponentActivity#19000 cornerRadius=0.000000
04-15 09:53:53.385  1542  1678 D SurfaceComposerClient: setCornerRadius ## e6f7182 Splash Screen com.catfact.app.feature.facts.test#18995 cornerRadius=0.000000
04-15 09:53:53.385  1542  1678 D SurfaceComposerClient: setCornerRadius ## 2f7eeeb com.catfact.app.feature.facts.test/androidx.activity.ComponentActivity#19000 cornerRadius=0.000000
04-15 09:53:53.386  1151  2479 I SurfaceFlinger: id=19004 createSurf, flag=24000, Surface(name=3edafdc StatusBar)/@0x3b919ed - animation-leash of insets_animation#19004
04-15 09:53:53.389  1151  1378 I SurfaceFlinger: id=19005 createSurf, flag=24000, Surface(name=8c5cec7 NavigationBar0)/@0xa68870 - animation-leash of insets_animation#19005
04-15 09:53:53.389  1151  1151 I SurfaceFlinger: RequestedLayer [2f7eeeb com.catfact.app.feature.fact[...]idx.activity.ComponentActivity#19000] hidden!! flag  from(1) --> to(0)
04-15 09:53:53.389  1151  1151 E SurfaceFlinger: alpha changed 0.000 -> 0.010 - DimTransitionLayer for Surface(name=Task=3886)/@0x919ce59#18999
04-15 09:53:53.389  1151  1151 I SurfaceFlinger: [LayerHierarchy{RequestedLayerState{8c5cec7 NavigationBar0#91 parentId=19002} 1 children}] reparent to LayerHierarchy{RequestedLayerState{Surface(name=8c5cec7 NavigationBar0)/@0xa68870 - animation-leash of insets_animation#19002 parentId=90} 1 children}
04-15 09:53:53.389  1151  1151 I SurfaceFlinger: [LayerHierarchy{RequestedLayerState{3edafdc StatusBar#95 parentId=19001} 1 children}] reparent to LayerHierarchy{RequestedLayerState{Surface(name=3edafdc StatusBar)/@0x3b919ed - animation-leash of insets_animation#19001 parentId=94} 1 children}
04-15 09:53:53.389  1151  1151 I SurfaceFlinger: [LayerHierarchy{RequestedLayerState{Surface(name=8c5cec7 NavigationBar0)/@0xa68870 - animation-leash of insets_animation#18989} no children}] reparent to OffscreenRoot
04-15 09:53:53.389  1151  1151 I SurfaceFlinger: [LayerHierarchy{RequestedLayerState{Surface(name=8c5cec7 NavigationBar0)/@0xa68870 - animation-leash of insets_animation#18989} no children}] RelativeParent to null
04-15 09:53:53.389  1151  1151 I SurfaceFlinger: [LayerHierarchy{RequestedLayerState{Surface(name=3edafdc StatusBar)/@0x3b919ed - animation-leash of insets_animation#18988} no children}] reparent to OffscreenRoot
04-15 09:53:53.389  1151  1151 I SurfaceFlinger: [LayerHierarchy{RequestedLayerState{Surface(name=3edafdc StatusBar)/@0x3b919ed - animation-leash of insets_animation#18988} no children}] RelativeParent to null
04-15 09:53:53.389  1151  1151 I SurfaceFlinger: [com.catfact.app.feature.facts.test/androidx.activity.ComponentActivity$_19868#19003] attach to parent LayerHierarchy{RequestedLayerState{2f7eeeb com.catfact.app.feature.facts.test/androidx.activity.ComponentActivity#19000 parentId=18994} 1 children}
04-15 09:53:53.389  1151  1151 I SurfaceFlinger: [Surface(name=3edafdc StatusBar)/@0x3b919ed - animation-leash of insets_animation#19004] attach to parent LayerHierarchy{RequestedLayerState{WindowToken{7a8fc4f type=2000 android.os.BinderProxy@a9d7329}#94 parentId=17} 2 children}
04-15 09:53:53.389  1151  1151 I SurfaceFlinger: [Surface(name=8c5cec7 NavigationBar0)/@0xa68870 - animation-leash of insets_animation#19005] attach to parent LayerHierarchy{RequestedLayerState{WindowToken{fc018e2 type=2019 android.os.BinderProxy@bda3ac4}#90 parentId=34} 2 children}
04-15 09:53:53.391  1542  1678 I SystemKeyManager: requested systemKeyInfo size=1 focusedWindow=com.catfact.app.feature.facts.test/androidx.activity.ComponentActivity
04-15 09:53:53.391  1542  1678 I SystemKeyManager: requested systemKeyInfo size=1 focusedWindow=com.catfact.app.feature.facts.test/androidx.activity.ComponentActivity
04-15 09:53:53.391  1542  1678 I WindowManager: Relayout hash=2f7eeeb, pid=19868, syncId=-1: mAttrs={(0,0)(fillxfill) sim={adjust=pan forwardNavigation} layoutInDisplayCutoutMode=always ty=BASE_APPLICATION wanim=0x1030317
04-15 09:53:53.391  1542  1678 I WindowManager:   fl=81810100
04-15 09:53:53.391  1542  1678 I WindowManager:   pfl=100088c0
04-15 09:53:53.391  1542  1678 I WindowManager:   apr=210
04-15 09:53:53.391  1542  1678 I WindowManager:   bhv=1
04-15 09:53:53.391  1542  1678 I WindowManager:   fitSides=0
04-15 09:53:53.391  1542  1678 I WindowManager:   frameRateBoostOnTouch=true
04-15 09:53:53.391  1542  1678 I WindowManager:   dvrrWindowFrameRateHint=true naviIconColor=0}
04-15 09:53:53.394 19868 19868 I BLASTBufferQueue_Java: new BLASTBufferQueue, mName= VRI[ComponentActivity]@ca50fc1 mNativeObject= 0xb40000741c6adc20 caller= android.view.ViewRootImpl.updateBlastSurfaceIfNeeded:3585 android.view.ViewRootImpl.relayoutWindow:11685 android.view.ViewRootImpl.performTraversals:4804 android.view.ViewRootImpl.doTraversal:3924 android.view.ViewRootImpl$TraversalRunnable.run:12903 android.view.Choreographer$CallbackRecord.run:1901 android.view.Choreographer$CallbackRecord.run:1910 android.view.Choreographer.doCallbacks:1367 android.view.Choreographer.doFrame:1292 android.view.Choreographer$FrameDisplayEventReceiver.run:1870
04-15 09:53:53.394 19868 19868 I BLASTBufferQueue_Java: update, w= 720 h= 1544 mName = VRI[ComponentActivity]@ca50fc1 mNativeObject= 0xb40000741c6adc20 sc.mNativeObject= 0xb40000751c4f5e10 format= -1 caller= android.view.ViewRootImpl.updateBlastSurfaceIfNeeded:3590 android.view.ViewRootImpl.relayoutWindow:11685 android.view.ViewRootImpl.performTraversals:4804 android.view.ViewRootImpl.doTraversal:3924 android.view.ViewRootImpl$TraversalRunnable.run:12903 android.view.Choreographer$CallbackRecord.run:1901
04-15 09:53:53.395 19868 19868 I VRI[ComponentActivity]@ca50fc1: Relayout returned: old=(0,0,720,1544) new=(0,0,720,1544) relayoutAsync=false req=(720,1544)0 dur=13 res=0x3 s={true 0xb40000748c570f90} ch=true seqId=0
04-15 09:53:53.396 19868 19868 I VRI[ComponentActivity]@ca50fc1: performConfigurationChange setNightDimText nightDimLevel=0
04-15 09:53:53.396 19868 19868 D VRI[ComponentActivity]@ca50fc1: mThreadedRenderer.initialize() mSurface={isValid=true 0xb40000748c570f90} hwInitialized=true
04-15 09:53:53.381 11141 11196 E Finsky  : [240] [Counters] attempted to use a non-positive increment for: 4753
04-15 09:53:53.398 19868 19868 D VRI[ComponentActivity]@ca50fc1: reportNextDraw android.view.ViewRootImpl.performTraversals:5443 android.view.ViewRootImpl.doTraversal:3924 android.view.ViewRootImpl$TraversalRunnable.run:12903 android.view.Choreographer$CallbackRecord.run:1901 android.view.Choreographer$CallbackRecord.run:1910
04-15 09:53:53.399 19868 19868 D VRI[ComponentActivity]@ca50fc1: Setup new sync=wmsSync-VRI[ComponentActivity]@ca50fc1#20
04-15 09:53:53.399 19868 19868 I VRI[ComponentActivity]@ca50fc1: Creating new active sync group VRI[ComponentActivity]@ca50fc1#21
04-15 09:53:53.399  1151  1200 I SurfaceFlinger: id=18988 Removed Surface(name=3edafdc StatusBar)/@0x3b919ed - animation-leash of insets_animation#18988 (239)
04-15 09:53:53.399  1151  1200 I SurfaceFlinger: id=18989 Removed Surface(name=8c5cec7 NavigationBar0)/@0xa68870 - animation-leash of insets_animation#18989 (239)
04-15 09:53:53.399  1151  1151 D SurfaceFlinger: Display 4633128672291735999 HWC layers:
04-15 09:53:53.399  1151  1151 D SurfaceFlinger:        CLIENT |           17089674871073 | 00002102 | RGBA_8888    |   10.0    0.0  720.0 1544.0 |    0    0  720 1544 | com.google.android.calendar/com.goog[...]AllInOneCalendarActivity$_3979#18985 (27)
04-15 09:53:53.399  1151  1151 D SurfaceFlinger:   SOLID_COLOR |                        0 | 00000000 | N/A          |    0.0    0.0    0.0    0.0 |    0    0  720 1544 | DimTransitionLayer for Surface(name=Task=3886)/@0x919ce59#18999 (0)
04-15 09:53:53.399  1151  1151 D SurfaceFlinger:        DEVICE |            8589934656051 | 00002100 | RGBA_8888    |    0.0    0.0   33.0 1544.0 |  687    0  720 1544 | Splash Screen com.catfact.app.feature.facts.test$_2000#18996 (1)
04-15 09:53:53.399  1151  1151 D SurfaceFlinger:        DEVICE |            8589934654687 | 00002100 | RGBA_8888    |    0.0    0.0  720.0   50.0 |    0    0  720   50 | StatusBar$_2000#102 (26602)
04-15 09:53:53.399  1151  1151 D SurfaceFlinger:        DEVICE |           10569914518889 | 00002100 | RGBA_8888    |    0.0    0.0   67.0  353.0 |  653  192  720  545 | com.sec.android.app.launcher/com.sam[...]l.app.CocktailBarService$_2461#16495 (1)
04-15 09:53:53.399  1151  1151 D SurfaceFlinger:        DEVICE |            8589934654691 | 00002100
04-15 09:53:53.399  1151  1151 D SurfaceFlinger: | RGBA_8888    |    0.0    0.0  720.0   90.0 |    0 1454  720 1544 | NavigationBar0$_2000#98 (17385)
04-15 09:53:53.399  1151  1151 D SurfaceFlinger:
04-15 09:53:53.400 11141 11141 I Finsky  : [2] ForegroundServiceConnection connected for task 8
04-15 09:53:53.400  1151  1151 I SurfaceFlinger: destroyed Surface(name=8c5cec7 NavigationBar0)/@0xa68870 - animation-leash of insets_animation#18989
04-15 09:53:53.400 19868 19868 D VRI[ComponentActivity]@ca50fc1: registerCallbacksForSync syncBuffer=false
04-15 09:53:53.400  1151  1151 I SurfaceFlinger: destroyed Surface(name=3edafdc StatusBar)/@0x3b919ed - animation-leash of insets_animation#18988
04-15 09:53:53.401  1151  1151 I SurfaceFlinger: [LayerHierarchy{RequestedLayerState{8c5cec7 NavigationBar0#91 parentId=19005} 1 children}] reparent to LayerHierarchy{RequestedLayerState{Surface(name=8c5cec7 NavigationBar0)/@0xa68870 - animation-leash of insets_animation#19005 parentId=90} 1 children}
04-15 09:53:53.401  1151  1151 I SurfaceFlinger: [LayerHierarchy{RequestedLayerState{3edafdc StatusBar#95 parentId=19004} 1 children}] reparent to LayerHierarchy{RequestedLayerState{Surface(name=3edafdc StatusBar)/@0x3b919ed - animation-leash of insets_animation#19004 parentId=94} 1 children}
04-15 09:53:53.401  1151  1151 I SurfaceFlinger: [LayerHierarchy{RequestedLayerState{Surface(name=3edafdc StatusBar)/@0x3b919ed - animation-leash of insets_animation#19001} no children}] reparent to OffscreenRoot
04-15 09:53:53.401  1151  1151 I SurfaceFlinger: [LayerHierarchy{RequestedLayerState{Surface(name=3edafdc StatusBar)/@0x3b919ed - animation-leash of insets_animation#19001} no children}] RelativeParent to null
04-15 09:53:53.401  1151  1151 I SurfaceFlinger: [LayerHierarchy{RequestedLayerState{Surface(name=8c5cec7 NavigationBar0)/@0xa68870 - animation-leash of insets_animation#19002} no children}] reparent to OffscreenRoot
04-15 09:53:53.401  1151  1151 I SurfaceFlinger: [LayerHierarchy{RequestedLayerState{Surface(name=8c5cec7 NavigationBar0)/@0xa68870 - animation-leash of insets_animation#19002} no children}] RelativeParent to null
04-15 09:53:53.404 11141 11196 I Finsky  : [240] AIM: Got app ownership map. App counts: . Unique apps: 0
04-15 09:53:53.404 19868 19914 D VRI[ComponentActivity]@ca50fc1: Received frameDrawingCallback syncResult=0 frameNum=1.
04-15 09:53:53.404 11141 11196 E Finsky  : [240] [Counters] attempted to use a non-positive increment for: 4752
04-15 09:53:53.404 19868 19914 I VRI[ComponentActivity]@ca50fc1: mWNT: t=0xb4000074fc52f390 mBlastBufferQueue=0xb40000741c6adc20 fn= 1 HdrRenderState mRenderHdrSdrRatio=1.0 caller= android.view.ViewRootImpl$12.onFrameDraw:15441 android.view.ThreadedRenderer$1.onFrameDraw:718 <bottom of call stack>
04-15 09:53:53.404 19868 19914 I VRI[ComponentActivity]@ca50fc1: Setting up sync and frameCommitCallback
04-15 09:53:53.404 19868 19901 I BLASTBufferQueue: [VRI[ComponentActivity]@ca50fc1#10](f:0,a:0,s:0) onFrameAvailable the first frame is available
04-15 09:53:53.404 19868 19901 I VRI[ComponentActivity]@ca50fc1: Received frameCommittedCallback lastAttemptedDrawFrameNum=1 didProduceBuffer=true
04-15 09:53:53.405  1151  2479 I SurfaceFlinger: [com.catfact.app.feature.facts.test/androidx.activity.ComponentActivity$_19868#19003] setTransactionState with the first frame. bufferData(ID: 85332410236968, frameNumber: 1)
04-15 09:53:53.405  1151  1151 I Layer   : id=18989 Destroyed Surface(name=8c5cec7 NavigationBar0)/@0xa68870 - animation-leash of insets_animation#18989
04-15 09:53:53.405  1151  1151 I Layer   : id=18988 Destroyed Surface(name=3edafdc StatusBar)/@0x3b919ed - animation-leash of insets_animation#18988
04-15 09:53:53.405  2000  2000 D NavigationBar: onSystemBarAttributesChanged() -  displayId:0, appearance:528, packageName: com.catfact.app.feature.facts.test (APPEARANCE_LIGHT_NAVIGATION_BARS ), navbarColorManagedByIme:false
