04-15 09:53:46.906  1151  1151 I SurfaceFlinger: [LayerHierarchy{RequestedLayerState{2483cb1 com.google.android.calendar/com.google.android.calendar.allinone.AllInOneCalendarActivity#18806} no children}] RelativeParent to null
04-15 09:53:46.907  1151  1151 I SurfaceFlinger: id=18806 Removed 2483cb1 com.google.android.calendar/com.google.android.calendar.allinone.AllInOneCalendarActivity#18806 (196)
04-15 09:53:46.913  1151  1151 I SurfaceFlinger: destroyed 2483cb1 com.google.android.calendar/com.google.android.calendar.allinone.AllInOneCalendarActivity#18806
04-15 09:53:46.915  1151  1151 I Layer   : id=18806 Destroyed 2483cb1 com.google.android.calendar/com.google.android.calendar.allinone.AllInOneCalendarActivity#18806
04-15 09:53:46.928 19868 19868 I ture.facts.test: hiddenapi: Accessing hidden method Landroid/os/SystemProperties;->addChangeCallback(Ljava/lang/Runnable;)V (runtime_flags=0, domain=platform, api=unsupported) from Landroidx/compose/ui/platform/AndroidComposeView$Companion; (domain=app, TargetSdkVersion=36) using reflection: allowed
04-15 09:53:46.945  3756  3756 I InputMethodService: removeImeSurface
04-15 09:53:46.945  3756  3756 I InputMethodService: cancelImeSurfaceRemoval: removeCallbacks
04-15 09:53:46.955  2000  2000 D QSClock : onDarkChanged tint=WHITE
04-15 09:53:46.969  4813  4813 D BoundBrokerSvc: onUnbind: Intent { act=com.google.android.gms.measurement.START xflg=0x4 pkg=com.google.android.gms }
04-15 09:53:47.044 19868 19868 D ConnectivityManager: StackLog: [android.net.ConnectivityManager.sendRequestForNetwork(ConnectivityManager.java:4740)] [android.net.ConnectivityManager.sendRequestForNetwork(ConnectivityManager.java:4908)] [android.net.ConnectivityManager.registerNetworkCallback(ConnectivityManager.java:5325)] [android.net.ConnectivityManager.registerNetworkCallback(ConnectivityManager.java:5295)] [com.catfact.app.core.designsystem.util.ConnectivityObserver$observe$1.invokeSuspend(ConnectivityObserver.kt:40)] [com.catfact.app.core.designsystem.util.ConnectivityObserver$observe$1.invoke(Unknown Source:8)] [com.catfact.app.core.designsystem.util.ConnectivityObserver$observe$1.invoke(Unknown Source:4)] [kotlinx.coroutines.flow.ChannelFlowBuilder.collectTo$suspendImpl(Builders.kt:316)] [kotlinx.coroutines.flow.ChannelFlowBuilder.collectTo(Unknown Source:0)] [kotlinx.coroutines.flow.CallbackFlowBuilder.collectTo(Builders.kt:330)] [kotlinx.coroutines.flow.internal.ChannelFlow$collectToFun$1.invokeSuspend(ChannelFlow.kt:56)] [kotlin.coroutines.jvm.internal.BaseContinuationImpl.resumeWith(ContinuationImpl.kt:34)] [androidx.compose.ui.test.ApplyingContinuationInterceptor$SendApplyContinuation.resumeWith(ApplyingContinuationInterceptor.kt:52)] [androidx.compose.ui.test.FrameDeferringContinuationInterceptor$FrameDeferredContinuation.resumeWith(FrameDeferringContinuationInterceptor.jvm.kt:187)] [kotlin.coroutines.ContinuationKt.startCoroutine(Continuation.kt:129)] [kotlinx.coroutines.CoroutineStart.invoke(CoroutineStart.kt:359)] [kotlinx.coroutines.AbstractCoroutine.start(AbstractCoroutine.kt:124)] [kotlinx.coroutines.channels.ProduceKt.produce(Produce.kt:281)] [kotlinx.coroutines.channels.ProduceKt.produce$default(Produce.kt:269)] [kotlinx.coroutines.flow.internal.ChannelFlow.produceImpl(ChannelFlow.kt:115)] [kotlinx.coroutines.flow.internal.ChannelFlow$collect$2.invokeSuspend(ChannelFlow.kt:119)] [kotlinx.coroutines.flow.internal.ChannelFlow$collect$2.invoke(Unknown Source:8)] [kotlinx.coroutines.flow.internal.ChannelFlow$collect$2.invoke(Unknown Source:4)] [kotlinx.coroutines.intrinsics.UndispatchedKt.startUndispatchedOrReturn(Undispatched.kt:42)] [kotlinx.coroutines.CoroutineScopeKt.coroutineScope(CoroutineScope.kt:261)] [kotlinx.coroutines.flow.internal.ChannelFlow.collect$suspendImpl(ChannelFlow.kt:118)] [kotlinx.coroutines.flow.internal.ChannelFlow.collect(Unknown Source:0)] [kotlinx.coroutines.flow.DistinctFlowImpl.collect(Distinct.kt:68)] [kotlinx.coroutines.flow.internal.ChannelFlowOperatorImpl.flowCollect(ChannelFlow.kt:191)] [kotlinx.coroutines.flow.internal.ChannelFlowOperator.collectTo$suspendImpl(ChannelFlow.kt:153)] [kotlinx.coroutines.flow.internal.ChannelFlowOperator.collectTo(Unknown Source:0)] [kotlinx.coroutines.flow.internal.ChannelFlow$collectToFun$1.invokeSuspend(ChannelFlow.kt:56)] [kotlin.coroutines.jvm.internal.BaseContinuationImpl.resumeWith(ContinuationImpl.kt:34)] [androidx.compose.ui.test.ApplyingContinuationInterceptor$SendApplyContinuation.resumeWith(ApplyingContinuationInterceptor.kt:52)] [androidx.compose.ui.test.FrameDeferringContinuationInterceptor$FrameDeferredContinuation.resumeWith(FrameDeferringContinuationInterceptor.jvm.kt:187)] [kotlin.coroutines.ContinuationKt.startCoroutine(Continuation.kt:129)] [kotlinx.coroutines.CoroutineStart.invoke(CoroutineStart.kt:359)] [kotlinx.coroutines.AbstractCoroutine.start(AbstractCoroutine.kt:124)] [kotlinx.coroutines.channels.ProduceKt.produce(Produce.kt:281)] [kotlinx.coroutines.channels.ProduceKt.produce$default(Produce.kt:269)] [kotlinx.coroutines.flow.internal.ChannelFlow.produceImpl(ChannelFlow.kt:115)] [kotlinx.coroutines.flow.internal.ChannelFlow$collect$2.invokeSuspend(ChannelFlow.kt:119)] [kotlinx.coroutines.flow.internal.ChannelFlow$collect$2.invoke(Unknown Source:8)] [kotlinx.coroutines.flow.internal.ChannelFlow$collect$2.invoke(Unknown Source:4)] [kotlinx.coroutines.intrinsics.UndispatchedKt.startUndispatchedOrReturn(Undispatched.kt:42)] [kotlinx.coroutines.CoroutineScopeKt.coroutineScope(CoroutineScope.kt:261)] [kotlinx.coroutines.
04-15 09:53:47.049  1542  1796 D ConnectivityService: Rematched networks [computed 1ms] [applied 0ms] [issued 2]
04-15 09:53:47.049  1542  1796 D ConnectivityService: NetworkReassignment : no changes
04-15 09:53:47.146 19868 19868 I View    : setRequestedFrameRate frameRate=0.0, this=androidx.compose.ui.platform.AndroidComposeView{b4cc1e2 VFED..... ......I. 0,0-720,1544 aid=1073741824}, caller=android.view.ViewGroup.setRequestedFrameRate:9952 androidx.compose.ui.platform.Api35Impl.setRequestedFrameRate:3822 androidx.compose.ui.platform.AndroidComposeView.dispatchDraw:2114 android.view.View.draw:26345 android.view.View.updateDisplayListIfDirty:25175
04-15 09:53:47.146 19868 19868 I View    : setRequestedFrameRate frameRate=-4.0, this=android.view.View{d1be1f1 V.ED..... ......I. 0,0-0,0}, caller=androidx.compose.ui.platform.Api35Impl.setRequestedFrameRate:3822 androidx.compose.ui.platform.AndroidComposeView.dispatchDraw:2115 android.view.View.draw:26345 android.view.View.updateDisplayListIfDirty:25175 android.view.View.draw:26072
04-15 09:53:47.158 19868 19868 I View    : setRequestedFrameRate frameRate=NaN, this=androidx.compose.ui.platform.AndroidComposeView{b4cc1e2 VFED..... ........ 0,0-720,1544 aid=1073741824}, caller=android.view.ViewGroup.setRequestedFrameRate:9952 androidx.compose.ui.platform.Api35Impl.setRequestedFrameRate:3822 androidx.compose.ui.platform.AndroidComposeView.dispatchDraw:2114 android.view.View.draw:26345 android.view.View.updateDisplayListIfDirty:25175
04-15 09:53:47.158 19868 19868 I View    : setRequestedFrameRate frameRate=-4.0, this=android.view.View{d1be1f1 V.ED..... ........ 0,0-0,0}, caller=androidx.compose.ui.platform.Api35Impl.setRequestedFrameRate:3822 androidx.compose.ui.platform.AndroidComposeView.dispatchDraw:2115 android.view.View.draw:26345 android.view.View.updateDisplayListIfDirty:25175 android.view.View.draw:26072
04-15 09:53:47.158 19868 19901 I GSC     : SID[2] : f63a2158e89a0558, Kind: 1, time : 4.298 ms
04-15 09:53:47.162 19868 19901 I GSC     : SID[3] : a5d43e0d6582489f, Kind: 0, time : 3.531 ms
04-15 09:53:47.166 19868 19901 I GSC     : SID[4] : b0da60527cf2974b, Kind: 1, time : 2.889 ms
04-15 09:53:47.170 19868 19901 I GSC     : SID[5] : 6b14dbf9508248c1, Kind: 0, time : 3.525 ms
04-15 09:53:47.173 19868 19901 I GSC     : SID[6] : 8be787c94791c0d0, Kind: 1, time : 1.955 ms
04-15 09:53:47.177 19868 19901 I GSC     : SID[7] : 4549be712cc9690d, Kind: 0, time : 3.282 ms
04-15 09:53:47.260  1542  2476 I SemDvfsHyPerManager: acquire hyper - AMS_ACT_START/1542@20, type = -999
04-15 09:53:47.261  1059  1180 I HYPER-HAL: [RequestManager.cpp]acquire(): Acquired ID : 1220723  [1542 / 20]    HINT : AMS_ACT_START    list :
04-15 09:53:47.261  1151  1378 I SurfaceFlinger: id=18830 createSurf, flag=84004, ActivityRecord{165200951 u0 com.catfact.app.feature.facts.test/androidx.test.core.app.InstrumentationActivityInvoker$EmptyActivity t3881}#18830
04-15 09:53:47.265  3152  3152 E pageboostd: Received HALT command code 2
04-15 09:53:47.266  2000  2105 D ShellDesktopMode: handleRequest: TransitionRequestInfo {type=1, tid=3881, debugId=1680}
04-15 09:53:47.267 19868 19868 D LifecycleMonitor: Lifecycle status change: androidx.activity.ComponentActivity@86c9dd3 in: PAUSED
04-15 09:53:47.267 19868 19868 V ActivityScenario: Update currentActivityStage to PAUSED, currentActivity=androidx.activity.ComponentActivity@86c9dd3
04-15 09:53:47.268  1542  2476 D InputDispatcher: Focused application(0): ActivityRecord{165200951 u0 com.catfact.app.feature.facts.test/androidx.test.core.app.InstrumentationActivityInvoker$EmptyActivity t3881}
04-15 09:53:47.269  1542  2476 D GraphicsStatsService: requestRenderEngineFor(com.catfact.app.feature.facts.test)
04-15 09:53:47.271 19868 19868 D LifecycleMonitor: Lifecycle status change: androidx.test.core.app.InstrumentationActivityInvoker$EmptyActivity@a10bb12 in: PRE_ON_CREATE
04-15 09:53:47.271  2461  2461 I HoneySpace.EdgePanel.CocktailHostRepositoryImpl: onNoteResume
04-15 09:53:47.271 19868 19868 V ActivityScenario: Activity lifecycle changed event received but ignored because the intent does not match. startActivityIntent=Intent { act=android.intent.action.MAIN cat=[android.intent.category.LAUNCHER] flg=0x10008000 cmp=com.catfact.app.feature.facts.test/androidx.activity.ComponentActivity }, activity.getIntent()=Intent { act=android.intent.action.MAIN cat=[android.intent.category.LAUNCHER] flg=0x10000000 xflg=0x4 cmp=com.catfact.app.feature.facts.test/androidx.test.core.app.InstrumentationActivityInvoker$EmptyActivity }, activity=androidx.test.core.app.InstrumentationActivityInvoker$EmptyActivity@a10bb12
04-15 09:53:47.271  2461  2461 I HoneySpace.EdgePanel.EdgePanelContainerViewModel: cocktailHostRepository.edgePanelOperation NoteResumeComponent(componentName=ComponentInfo{com.catfact.app.feature.facts.test/androidx.test.core.app.InstrumentationActivityInvoker$EmptyActivity})
04-15 09:53:47.271  2461  2461 I HoneySpace.EdgePanel.ActivityUtils: HomePackage : com.sec.android.app.launcher, resumePackageName : com.catfact.app.feature.facts.test, className : androidx.test.core.app.InstrumentationActivityInvoker$EmptyActivity
04-15 09:53:47.272  1151  1151 I SurfaceFlinger: [Display 0 name="Built-in Screen"#49] setFrameRateCategory: High
04-15 09:53:47.272  1151  1151 I SurfaceFlinger: [ActivityRecord{165200951 u0 com.catfact.app.feature.facts.test/androidx.test.core.app.InstrumentationActivityInvoker$EmptyActivity t3881}#18830] attach to parent LayerHierarchy{RequestedLayerState{Task=3881#18815 parentId=10 z=13} 2 children}
04-15 09:53:47.275 19868 19868 I DecorView: setWindowBackground: isPopOver=false color=ffffffff d=android.graphics.drawable.ColorDrawable@e61e055
04-15 09:53:47.275 19868 19868 D LifecycleMonitor: Lifecycle status change: androidx.test.core.app.InstrumentationActivityInvoker$EmptyActivity@a10bb12 in: CREATED
04-15 09:53:47.275 19868 19868 V ActivityScenario: Activity lifecycle changed event received but ignored because the intent does not match. startActivityIntent=Intent { act=android.intent.action.MAIN cat=[android.intent.category.LAUNCHER] flg=0x10008000 cmp=com.catfact.app.feature.facts.test/androidx.activity.ComponentActivity }, activity.getIntent()=Intent { act=android.intent.action.MAIN cat=[android.intent.category.LAUNCHER] flg=0x10000000 xflg=0x4 cmp=com.catfact.app.feature.facts.test/androidx.test.core.app.InstrumentationActivityInvoker$EmptyActivity }, activity=androidx.test.core.app.InstrumentationActivityInvoker$EmptyActivity@a10bb12
04-15 09:53:47.275 19868 19868 D LifecycleMonitor: Lifecycle status change: androidx.test.core.app.InstrumentationActivityInvoker$EmptyActivity@a10bb12 in: STARTED
04-15 09:53:47.275 19868 19868 V ActivityScenario: Activity lifecycle changed event received but ignored because the intent does not match. startActivityIntent=Intent { act=android.intent.action.MAIN cat=[android.intent.category.LAUNCHER] flg=0x10008000 cmp=com.catfact.app.feature.facts.test/androidx.activity.ComponentActivity }, activity.getIntent()=Intent { act=android.intent.action.MAIN cat=[android.intent.category.LAUNCHER] flg=0x10000000 xflg=0x4 cmp=com.catfact.app.feature.facts.test/androidx.test.core.app.InstrumentationActivityInvoker$EmptyActivity }, activity=androidx.test.core.app.InstrumentationActivityInvoker$EmptyActivity@a10bb12
04-15 09:53:47.276 19868 19868 D LifecycleMonitor: Lifecycle status change: androidx.test.core.app.InstrumentationActivityInvoker$EmptyActivity@a10bb12 in: RESUMED
04-15 09:53:47.277 19868 19868 V ActivityScenario: Activity lifecycle changed event received but ignored because the intent does not match. startActivityIntent=Intent { act=android.intent.action.MAIN cat=[android.intent.category.LAUNCHER] flg=0x10008000 cmp=com.catfact.app.feature.facts.test/androidx.activity.ComponentActivity }, activity.getIntent()=Intent { act=android.intent.action.MAIN cat=[android.intent.category.LAUNCHER] flg=0x10000000 xflg=0x4 cmp=com.catfact.app.feature.facts.test/androidx.test.core.app.InstrumentationActivityInvoker$EmptyActivity }, activity=androidx.test.core.app.InstrumentationActivityInvoker$EmptyActivity@a10bb12
04-15 09:53:47.277  2000  2125 D StackScroller: onDisplayChanged for predraw skip to 2
04-15 09:53:47.277 19868 19868 D ViewRootImpl: desktopMode is false
04-15 09:53:47.277 19868 19868 I ViewRootImpl: dVRR is disabled
04-15 09:53:47.277 19868 19901 D NativeCustomFrequencyManager: [NativeCFMS] BpCustomFrequencyManager::BpCustomFrequencyManager()
04-15 09:53:47.278  2461  2474 I HoneySpace.Memory-Monitor: current state = 2, didTrim = false
04-15 09:53:47.278  2000  2000 D DisplayLifecycle: updateDisplay id = 0
04-15 09:53:47.279  1542  2472 D InputTransport: Input channel constructed: 'd3d9128', fd=1041
04-15 09:53:47.279  1542  2472 D InputTransport: Input channel constructed: 'd3d9128', fd=1433
04-15 09:53:47.279  1542  2472 D InputTransport: Input channel constructed: 'd3d9128', fd=1437
04-15 09:53:47.279  1542  2472 D InputTransport: Input channel destroyed: 'd3d9128', fd=1433
04-15 09:53:47.279  1151  1378 I SurfaceFlinger: id=18831 createSurf, flag=84004, d3d9128 com.catfact.app.feature.facts.test/androidx.test.core.app.InstrumentationActivityInvoker$EmptyActivity#18831
04-15 09:53:47.280  1059 19899 I HYPER-HAL: [ResourceManager.cpp]removeResource(): [CPULittleMinFreq] RemoveResource Request ID : 1222287
04-15 09:53:47.280  1542  2472 D InputTransport: Input channel destroyed: 'd3d9128', fd=1437
04-15 09:53:47.280 19868 19868 D InputTransport: Input channel constructed: 'd3d9128', fd=147
04-15 09:53:47.280  1151  1151 I SurfaceFlinger: [LayerHierarchy{RequestedLayerState{ImeContainer#15 parentId=18816 relativeParentId=18816 z=1} 1 children}] RelativeParent to null
04-15 09:53:47.280  1151  1151 I SurfaceFlinger: [d3d9128 com.catfact.app.feature.facts.test/androidx.test.core.app.InstrumentationActivityInvoker$EmptyActivity#18831] attach to parent LayerHierarchy{RequestedLayerState{ActivityRecord{165200951 u0 com.catfact.app.feature.facts.test/androidx.test.core.app.InstrumentationActivityInvoker$EmptyActivity t3881}#18830 parentId=18815} 1 children}
04-15 09:53:47.281 19868 19868 I InsetsController: onStateChanged: host=com.catfact.app.feature.facts.test/androidx.test.core.app.InstrumentationActivityInvoker$EmptyActivity, from=android.view.ViewRootImpl.onInsetsStateChanged:3026, state=InsetsState: {mDisplayFrame=Rect(0, 0 - 720, 1544), mDisplayCutout=DisplayCutout{insets=Rect(0, 50 - 0, 0) waterfall=Insets{left=0, top=0, right=0, bottom=0} boundingRect={Bounds=[Rect(0, 0 - 0, 0), Rect(341, 0 - 379, 50), Rect(0, 0 - 0, 0), Rect(0, 0 - 0, 0)]} cutoutPathParserInfo={CutoutPathParserInfo{displayWidth=720 displayHeight=1544 physicalDisplayWidth=720 physicalDisplayHeight=1544 density={1.875} cutoutSpec={M 0,0 H -10 V 26.66666666666667 H 10 V 0 H 0 Z @dp} rotation={0} scale={1.0} physicalPixelDisplaySizeRatio={1.0}}} sideOverrides={}}, mRoundedCorners=RoundedCorners{[RoundedCorner{position=TopLeft, radius=8, center=Point(8, 8)}, RoundedCorner{position=TopRight, radius=8, center=Point(712, 8)}, RoundedCorner{position=BottomRight, radius=8, center=Point(712, 1536)}, RoundedCorner{position=BottomLeft, radius=8, center=Point(8, 1536)}]}  mRoundedCornerFrame=Rect(0, 0 - 720, 1544), mPrivacyIndicatorBounds=PrivacyIndicatorBounds {static bounds=Rect(637, 0 - 720, 50) rotation=0}, mDisplayShape=DisplayShape{ spec=-311912193 displayWidth=720 displayHeight=1544 physicalPixelDisplaySizeRatio=0.5 rotation=0 offsetX=0 offsetY=0 scale=1.0}, mSources= { InsetsSource: {ec730001 mType=navigationBars mFrame=[0,1454][720,1544] mVisible=true mFlags= mSideHint=BOTTOM mBoundingRects=null}, InsetsSource: {ec730004 mType=systemGestures mFrame=[0,0][0,0] mVisible=true mFlags= mSideHint=NONE mBoundingRects=null}, InsetsSource: {ec730005 mType=mandatorySystemGestures mFrame=[0,1454][720,1544] mVisible=true mFlags= mSideHint=BOTTOM mBoundingRects=null}, InsetsSource: {ec730006 mType=tappableElement mFrame=[0,1454][720,1544] mVisible=true mFlags= mSideHint=BOTTOM mBoundingRects=null}, InsetsSource: {ec730024 mType=systemGestures mFrame=[0,0][0,0] mVisible=true mFlags= mSideHint=NONE mBoundingRects=null}, InsetsSource: {3 mType=ime mFrame=[0,0][0,0] mVisible=false mFlags= mSideHint=NONE mBoundingRects=null}, InsetsSource: {27 mType=displayCutout mFrame=[0,0][720,50] mVisible=true mFlags= mSideHint=TOP mBoundingRects=null}, InsetsSource: {43950000 mType=statusBars mFrame=[0,0][720,50] mVisible=true mFlags= mSideHint=TOP mBoundingRects=null}, InsetsSource: {43950005 mType=mandatorySystemGestures mFrame=[0,0][720,73] mVisible=true mFlags= mSideHint=TOP mBoundingRects=null}, InsetsSource: {43950006 mType=tappableElement mFrame=[0,0][720,50] mVisible=true mFlags= mSideHint=TOP mBoundingRects=null} }
04-15 09:53:47.281 19868 19868 I VRI[InstrumentationActivityInvoker$EmptyActivity]@c772ff8: synced displayState. AttachInfo displayState=2
04-15 09:53:47.281 19868 19868 I VRI[InstrumentationActivityInvoker$EmptyActivity]@c772ff8: setView = com.android.internal.policy.DecorView@a9b3237 IsHRR=false mFlingFrameRateChange=0 TM=true
04-15 09:53:47.281  1059 19899 I HYPER-HAL: [RequestManager.cpp]releaseLocked(): Released ID : 1222287
04-15 09:53:47.281 19868 19901 D HWUI    : HWUI - treat SMPTE_170M as sRGB
04-15 09:53:47.283  1542  2298 I WindowManager: Relayout Window{d3d9128 u0 com.catfact.app.feature.facts.test/androidx.test.core.app.InstrumentationActivityInvoker$EmptyActivity}: viewVisibility=0 req=720x1544 ty=1 d0
04-15 09:53:47.283  1151  1200 I SurfaceFlinger: id=18832 createSurf, flag=44004, com.catfact.app.feature.facts.test/androidx.test.core.app.InstrumentationActivityInvoker$EmptyActivity$_19868#18832
04-15 09:53:47.284  1542  2298 D SurfaceComposerClient: setCornerRadius ## d3d9128 com.catfact.app.feature.facts.test/androidx.test.core.app.InstrumentationActivityInvoker$EmptyActivity#18831 cornerRadius=0.000000
04-15 09:53:47.285  1542  2298 D SurfaceComposerClient: setCornerRadius ## d3d9128 com.catfact.app.feature.facts.test/androidx.test.core.app.InstrumentationActivityInvoker$EmptyActivity#18831 cornerRadius=0.000000
04-15 09:53:47.285  1151  1338 D SurfaceFlinger: [input] setFocusedWindow: <null>
04-15 09:53:47.285  1542  2472 D InputDispatcher: Focus left window (0): 5af93c6 com.catfact.app.feature.facts.test/androidx.activity.ComponentActivity
04-15 09:53:47.285  1542  4235 D InputDispatcher: Once focus requested (0): <null>
04-15 09:53:47.286  1151  1200 I SurfaceFlinger: id=18833 createSurf, flag=24000, Surface(name=3edafdc StatusBar)/@0x3b919ed - animation-leash of insets_animation#18833
04-15 09:53:47.287  1151  1200 I SurfaceFlinger: id=18834 createSurf, flag=24000, Surface(name=8c5cec7 NavigationBar0)/@0xa68870 - animation-leash of insets_animation#18834
04-15 09:53:47.289  1542  2298 I SystemKeyManager: requested systemKeyInfo size=1 focusedWindow=com.catfact.app.feature.facts.test/androidx.test.core.app.InstrumentationActivityInvoker$EmptyActivity
04-15 09:53:47.289  1542  2298 I SystemKeyManager: requested systemKeyInfo size=1 focusedWindow=com.catfact.app.feature.facts.test/androidx.test.core.app.InstrumentationActivityInvoker$EmptyActivity
04-15 09:53:47.289  2000  2000 D NavigationBar: onSystemBarAttributesChanged() -  displayId:0, appearance:16, packageName: com.catfact.app.feature.facts.test (APPEARANCE_LIGHT_NAVIGATION_BARS ), navbarColorManagedByIme:false
04-15 09:53:47.289  1151  1151 I SurfaceFlinger: [com.catfact.app.feature.facts.test/androidx.test.core.app.InstrumentationActivityInvoker$EmptyActivity$_19868#18832] attach to parent LayerHierarchy{RequestedLayerState{d3d9128 com.catfact.app.feature.facts.test/androidx.test.core.app.InstrumentationActivityInvoker$EmptyActivity#18831 parentId=18830} 1 children}
04-15 09:53:47.289  1151  1151 I SurfaceFlinger: [Surface(name=3edafdc StatusBar)/@0x3b919ed - animation-leash of insets_animation#18833] attach to parent LayerHierarchy{RequestedLayerState{WindowToken{7a8fc4f type=2000 android.os.BinderProxy@a9d7329}#94 parentId=17} 2 children}
04-15 09:53:47.289  1151  1151 I SurfaceFlinger: [Surface(name=8c5cec7 NavigationBar0)/@0xa68870 - animation-leash of insets_animation#18834] attach to parent LayerHierarchy{RequestedLayerState{WindowToken{fc018e2 type=2019 android.os.BinderProxy@bda3ac4}#90 parentId=34} 2 children}
04-15 09:53:47.289  1542  2298 I WindowManager: Relayout hash=d3d9128, pid=19868, syncId=-1: mAttrs={(0,0)(fillxfill) sim={adjust=pan forwardNavigation} layoutInDisplayCutoutMode=always ty=BASE_APPLICATION
04-15 09:53:47.289  1542  2298 I WindowManager:   fl=81810100
04-15 09:53:47.289  1542  2298 I WindowManager:   pfl=100088c0
04-15 09:53:47.289  1542  2298 I WindowManager:   bhv=1
04-15 09:53:47.289  1542  2298 I WindowManager:   fitSides=0
04-15 09:53:47.289  1542  2298 I WindowManager:   frameRateBoostOnTouch=true
04-15 09:53:47.289  1542  2298 I WindowManager:   dvrrWindowFrameRateHint=true naviIconColor=0}
04-15 09:53:47.291 19868 19868 I BLASTBufferQueue_Java: new BLASTBufferQueue, mName= VRI[InstrumentationActivityInvoker$EmptyActivity]@c772ff8 mNativeObject= 0xb40000741c5bbd10 caller= android.view.ViewRootImpl.updateBlastSurfaceIfNeeded:3585 android.view.ViewRootImpl.relayoutWindow:11685 android.view.ViewRootImpl.performTraversals:4804 android.view.ViewRootImpl.doTraversal:3924 android.view.ViewRootImpl$TraversalRunnable.run:12903 android.view.Choreographer$CallbackRecord.run:1901 android.view.Choreographer$CallbackRecord.run:1910 android.view.Choreographer.doCallbacks:1367 android.view.Choreographer.doFrame:1292 android.view.Choreographer$FrameDisplayEventReceiver.run:1870
04-15 09:53:47.291 19868 19868 I BLASTBufferQueue_Java: update, w= 720 h= 1544 mName = VRI[InstrumentationActivityInvoker$EmptyActivity]@c772ff8 mNativeObject= 0xb40000741c5bbd10 sc.mNativeObject= 0xb40000751c4f2c90 format= -1 caller= android.view.ViewRootImpl.updateBlastSurfaceIfNeeded:3590 android.view.ViewRootImpl.relayoutWindow:11685 android.view.ViewRootImpl.performTraversals:4804 android.view.ViewRootImpl.doTraversal:3924 android.view.ViewRootImpl$TraversalRunnable.run:12903 android.view.Choreographer$CallbackRecord.run:1901
04-15 09:53:47.291 19868 19868 I VRI[InstrumentationActivityInvoker$EmptyActivity]@c772ff8: Relayout returned: old=(0,0,720,1544) new=(0,0,720,1544) relayoutAsync=false req=(720,1544)0 dur=7 res=0x3 s={true 0xb40000748c524200} ch=true seqId=0
04-15 09:53:47.292 19868 19868 I VRI[InstrumentationActivityInvoker$EmptyActivity]@c772ff8: performConfigurationChange setNightDimText nightDimLevel=0
04-15 09:53:47.292 19868 19868 D VRI[InstrumentationActivityInvoker$EmptyActivity]@c772ff8: mThreadedRenderer.initialize() mSurface={isValid=true 0xb40000748c524200} hwInitialized=true
04-15 09:53:47.292 19868 19868 D VRI[InstrumentationActivityInvoker$EmptyActivity]@c772ff8: reportNextDraw android.view.ViewRootImpl.performTraversals:5443 android.view.ViewRootImpl.doTraversal:3924 android.view.ViewRootImpl$TraversalRunnable.run:12903 android.view.Choreographer$CallbackRecord.run:1901 android.view.Choreographer$CallbackRecord.run:1910
04-15 09:53:47.292 19868 19868 D VRI[InstrumentationActivityInvoker$EmptyActivity]@c772ff8: Setup new sync=wmsSync-VRI[InstrumentationActivityInvoker$EmptyActivity]@c772ff8#2
04-15 09:53:47.292 19868 19868 I VRI[InstrumentationActivityInvoker$EmptyActivity]@c772ff8: Creating new active sync group VRI[InstrumentationActivityInvoker$EmptyActivity]@c772ff8#3
04-15 09:53:47.293 19868 19868 D VRI[InstrumentationActivityInvoker$EmptyActivity]@c772ff8: registerCallbacksForSync syncBuffer=false
04-15 09:53:47.293 19868 19913 D VRI[InstrumentationActivityInvoker$EmptyActivity]@c772ff8: Received frameDrawingCallback syncResult=0 frameNum=1.
04-15 09:53:47.293 19868 19913 I VRI[InstrumentationActivityInvoker$EmptyActivity]@c772ff8: mWNT: t=0xb4000074fc519c90 mBlastBufferQueue=0xb40000741c5bbd10 fn= 1 HdrRenderState mRenderHdrSdrRatio=1.0 caller= android.view.ViewRootImpl$12.onFrameDraw:15441 android.view.ThreadedRenderer$1.onFrameDraw:718 <bottom of call stack>
04-15 09:53:47.293 19868 19913 I VRI[InstrumentationActivityInvoker$EmptyActivity]@c772ff8: Setting up sync and frameCommitCallback
04-15 09:53:47.294 19868 19901 I BLASTBufferQueue: [VRI[InstrumentationActivityInvoker$EmptyActivity]@c772ff8#1](f:0,a:0,s:0) onFrameAvailable the first frame is available
04-15 09:53:47.294 19868 19901 I VRI[InstrumentationActivityInvoker$EmptyActivity]@c772ff8: Received frameCommittedCallback lastAttemptedDrawFrameNum=1 didProduceBuffer=true
04-15 09:53:47.294  1151  1200 I SurfaceFlinger: [com.catfact.app.feature.facts.test/androidx.test.core.app.InstrumentationActivityInvoker$EmptyActivity$_19868#18832] setTransactionState with the first frame. bufferData(ID: 85332410236932, frameNumber: 1)
04-15 09:53:47.295 19868 19901 D HWUI    : CFMS:: SetUp Pid : 19868    Tid : 19901
04-15 09:53:47.295 19868 19868 D VRI[InstrumentationActivityInvoker$EmptyActivity]@c772ff8: reportDrawFinished seqId=0
04-15 09:53:47.295  1542  1585 D SurfaceComposerClient: setCornerRadius ## d3d9128 com.catfact.app.feature.facts.test/androidx.test.core.app.InstrumentationActivityInvoker$EmptyActivity#18831 cornerRadius=0.000000
04-15 09:53:47.295  1542  1585 D SurfaceComposerClient: setCornerRadius ## d3d9128 com.catfact.app.feature.facts.test/androidx.test.core.app.InstrumentationActivityInvoker$EmptyActivity#18831 cornerRadius=0.000000
04-15 09:53:47.296  1542  1585 I SemDvfsHyPerManager: acquire hyper - AMS_RESUME_TAIL/1542@22, type = -999
04-15 09:53:47.296  1542  1585 I SemDvfsHyPerManager: acquire hyper - AMS_ACT_LAZY/1542@23, type = -999
04-15 09:53:47.296  1059  1180 I HYPER-HAL: [RequestManager.cpp]acquire(): Acquired ID : 1223852  [1542 / 22]    HINT : AMS_RESUME_TAIL    list :
04-15 09:53:47.296  1151  1200 I SurfaceFlinger: id=18835 createSurf, flag=84004, Transition Root: ActivityRecord{165200951 u0 com.catfact.app.feature.facts.test/androidx.test.core.app.InstrumentationActivityInvoker$EmptyActivity t3881}#18835
04-15 09:53:47.297  1059  1180 I HYPER-HAL: [RequestManager.cpp]releaseLocked(): Released ID : 1220723
04-15 09:53:47.297  1542  1585 I SurfaceControlRegistry: show, t=StartTransaction_SyncId<1680> sc=ActivityRecord{165200951 u0 com.catfact.app.feature.facts.test/androidx.test.core.app.InstrumentationActivityInvoker$EmptyActivity t3881}, caller=android.view.SurfaceControl$Transaction.show:3557 com.android.server.wm.Transition.onTransactionReady:2048 com.android.server.wm.BLASTSyncEngine$SyncGroup.finishNow:240 com.android.server.wm.BLASTSyncEngine.onSurfacePlacement:263 com.android.server.wm.RootWindowContainer.performSurfacePlacementNoTrace:1083 com.android.server.wm.WindowSurfacePlacer.performSurfacePlacement:166
04-15 09:53:47.297  1542  1585 D SurfaceComposerClient: setCornerRadius ## ActivityRecord{89387490 u0 com.catfact.app.feature.facts.test/androidx.activity.ComponentActivity t3881}#18816 cornerRadius=0.000000
04-15 09:53:47.297  1542  1585 D SurfaceComposerClient: setCornerRadius ## ActivityRecord{165200951 u0 com.catfact.app.feature.facts.test/androidx.test.core.app.InstrumentationActivityInvoker$EmptyActivity t3881}#18830 cornerRadius=0.000000
04-15 09:53:47.298  1151  1151 I SurfaceFlinger: [LayerHierarchy{RequestedLayerState{8c5cec7 NavigationBar0#91 parentId=18834} 1 children}] reparent to LayerHierarchy{RequestedLayerState{Surface(name=8c5cec7 NavigationBar0)/@0xa68870 - animation-leash of insets_animation#18834 parentId=90} 1 children}
04-15 09:53:47.298  1151  1151 I SurfaceFlinger: [LayerHierarchy{RequestedLayerState{3edafdc StatusBar#95 parentId=18833} 1 children}] reparent to LayerHierarchy{RequestedLayerState{Surface(name=3edafdc StatusBar)/@0x3b919ed - animation-leash of insets_animation#18833 parentId=94} 1 children}
04-15 09:53:47.298  1151  1151 I SurfaceFlinger: [LayerHierarchy{RequestedLayerState{Surface(name=8c5cec7 NavigationBar0)/@0xa68870 - animation-leash of insets_animation#18827} no children}] reparent to OffscreenRoot
04-15 09:53:47.298  1151  1151 I SurfaceFlinger: [LayerHierarchy{RequestedLayerState{Surface(name=8c5cec7 NavigationBar0)/@0xa68870 - animation-leash of insets_animation#18827} no children}] RelativeParent to null
04-15 09:53:47.298  1151  1151 I SurfaceFlinger: [LayerHierarchy{RequestedLayerState{Surface(name=3edafdc StatusBar)/@0x3b919ed - animation-leash of insets_animation#18826} no children}] reparent to OffscreenRoot
04-15 09:53:47.298  1151  1151 I SurfaceFlinger: [LayerHierarchy{RequestedLayerState{Surface(name=3edafdc StatusBar)/@0x3b919ed - animation-leash of insets_animation#18826} no children}] RelativeParent to null
04-15 09:53:47.298  1151  1151 I SurfaceFlinger: [Transition Root: ActivityRecord{165200951 u0 com.catfact.app.feature.facts.test/androidx.test.core.app.InstrumentationActivityInvoker$EmptyActivity t3881}#18835] attach to parent LayerHierarchy{RequestedLayerState{Task=3881#18815 parentId=10 z=13} 3 children}
04-15 09:53:47.298  1542  1585 D ScreenCapture: [Capture_TEST] : setIsScreenShotBySystem false
04-15 09:53:47.298  1542  1585 I SurfaceComposerClient: captureLayers:childrenOnly:1, sync:1
04-15 09:53:47.299  2000  2105 I SurfaceControlRegistry: hide, t=FinishTransaction_SyncId<1680> sc=ActivityRecord{89387490 u0 com.catfact.app.feature.facts.test/androidx.activity.ComponentActivity t3881}, caller=android.view.SurfaceControl$Transaction.hide:3583 com.android.wm.shell.transition.Transitions.dispatchReady:1263 com.android.wm.shell.transition.Transitions.onTransitionReady:251 com.android.wm.shell.transition.Transitions$TransitionPlayerImpl$$ExternalSyntheticLambda0.run:13 android.os.Handler.handleCallback:995 android.os.Handler.dispatchMessage:103
04-15 09:53:47.299  1542  1581 I ActivityTaskManager: Displayed com.catfact.app.feature.facts.test/androidx.test.core.app.InstrumentationActivityInvoker$EmptyActivity for user 0: +37ms
04-15 09:53:47.299  2000  2105 I SurfaceControlRegistry: show, t=StartTransaction_SyncId<1680> sc=ActivityRecord{165200951 u0 com.catfact.app.feature.facts.test/androidx.test.core.app.InstrumentationActivityInvoker$EmptyActivity t3881}, caller=android.view.SurfaceControl$Transaction.show:3557 com.android.wm.shell.transition.Transitions.dispatchReady:1279 com.android.wm.shell.transition.Transitions.onTransitionReady:251 com.android.wm.shell.transition.Transitions$TransitionPlayerImpl$$ExternalSyntheticLambda0.run:13 android.os.Handler.handleCallback:995 android.os.Handler.dispatchMessage:103
04-15 09:53:47.299  2000  2105 I SurfaceControlRegistry: show, t=FinishTransaction_SyncId<1680> sc=ActivityRecord{165200951 u0 com.catfact.app.feature.facts.test/androidx.test.core.app.InstrumentationActivityInvoker$EmptyActivity t3881}, caller=android.view.SurfaceControl$Transaction.show:3557 com.android.wm.shell.transition.Transitions.dispatchReady:1330 com.android.wm.shell.transition.Transitions.onTransitionReady:251 com.android.wm.shell.transition.Transitions$TransitionPlayerImpl$$ExternalSyntheticLambda0.run:13 android.os.Handler.handleCallback:995 android.os.Handler.dispatchMessage:103
04-15 09:53:47.299  3152  3152 E pageboostd: Received HALT command code 2
04-15 09:53:47.299  1151  1151 I BpBinder: onLastStrongRef automatically unlinking death recipients:
04-15 09:53:47.300  2000  2105 I SurfaceControlRegistry: show, t=StartTransaction_SyncId<1680> sc=Transition Root: ActivityRecord{165200951 u0 com.catfact.app.feature.facts.test/androidx.test.core.app.InstrumentationActivityInvoker$EmptyActivity t3881}, caller=android.view.SurfaceControl$Transaction.show:3557 com.android.wm.shell.transition.Transitions.playTransition:79 com.android.wm.shell.transition.Transitions.processReadyQueue:239 com.android.wm.shell.transition.Transitions.dispatchReady:1352 com.android.wm.shell.transition.Transitions.onTransitionReady:251 com.android.wm.shell.transition.Transitions$TransitionPlayerImpl$$ExternalSyntheticLambda0.run:13
04-15 09:53:47.301  2000  2105 I SurfaceControlRegistry: apply, t=StartTransaction_SyncId<1680>, caller=android.view.SurfaceControl$Transaction.apply:3459 android.view.SurfaceControl$Transaction.apply:3447 android.view.SurfaceControl$Transaction.apply:3397 com.android.wm.shell.transition.DefaultTransitionHandler.startAnimation:3387 com.android.wm.shell.transition.Transitions.dispatchTransition:90 com.android.wm.shell.transition.Transitions.playTransition:774
04-15 09:53:47.302  1151  1338 D SurfaceFlinger: [input] setFocusedWindow: d3d9128 com.catfact.app.feature.facts.test/androidx.test.core.app.InstrumentationActivityInvoker$EmptyActivity
04-15 09:53:47.302  2000  2105 I SurfaceControlRegistry: apply, t=FinishTransaction_SyncId<1680>, caller=android.view.SurfaceControl$Transaction.apply:3459 android.view.SurfaceControl$Transaction.apply:3447 android.view.SurfaceControl$Transaction.apply:3397 com.android.wm.shell.transition.Transitions.onFinish:315 com.android.wm.shell.transition.Transitions$$ExternalSyntheticLambda7.onTransitionFinished:12 com.android.wm.shell.transition.DefaultTransitionHandler$$ExternalSyntheticLambda2.run:36
04-15 09:53:47.302  1542  2476 D InputDispatcher: Once focus requested (0): d3d9128 com.catfact.app.feature.facts.test/androidx.test.core.app.InstrumentationActivityInvoker$EmptyActivity
04-15 09:53:47.302  1542  2476 D InputDispatcher: Focus request (0): d3d9128 com.catfact.app.feature.facts.test/androidx.test.core.app.InstrumentationActivityInvoker$EmptyActivity but waiting because NOT_VISIBLE
04-15 09:53:47.303  1151  1200 I SurfaceFlinger: Capture layer list: 	 com.catfact.app.feature.facts.test/androidx.activity.ComponentActivity$_19868#18825(seamlessTransition:0)
04-15 09:53:47.303  1151  1200 I CompositionEngine: [setDisplaySize] size=(720, 1544)
04-15 09:53:47.304  1151  1206 D RenderEngine: [SEC_SF_EFFECTS] drawLayersInternal,1494, Rendering layer ScreenCaptureFillLayer at index 0
04-15 09:53:47.304  1151  1206 D RenderEngine: [SEC_SF_EFFECTS] drawLayersInternal,1494, Rendering layer com.catfact.app.feature.facts.test/androidx.activity.ComponentActivity$_19868#18825 at index 1
04-15 09:53:47.305  1151  1151 I SurfaceFlinger: RequestedLayer [ActivityRecord{165200951 u0 com.catf[...]tyInvoker$EmptyActivity t3881}#18830] hidden!! flag  from(1) --> to(0)
04-15 09:53:47.305  1151  1151 E SurfaceFlinger: alpha changed 1.000 -> 0.000 - ActivityRecord{165200951 u0 com.catfact.app.feature.facts.test/androidx.test.core.app.InstrumentationActivityInvoker$EmptyActivity t3881}#18830
04-15 09:53:47.305  1151  1151 I SurfaceFlinger: RequestedLayer [d3d9128 com.catfact.app.feature.fact[...]nActivityInvoker$EmptyActivity#18831] hidden!! flag  from(1) --> to(0)
04-15 09:53:47.305  1151  1151 I SurfaceFlinger: RequestedLayer [com.catfact.app.feature.facts.test/a[...]tyInvoker$EmptyActivity$_19868#18832] hidden!! flag  from(1) --> to(0)
04-15 09:53:47.305  1151  1151 I SurfaceFlinger: RequestedLayer [Transition Root: ActivityRecord{1652[...]tyInvoker$EmptyActivity t3881}#18835] hidden!! flag  from(1) --> to(0)
04-15 09:53:47.305  1151  1151 I SurfaceFlinger: RequestedLayer [ActivityRecord{89387490 u0 com.catfa[...]ivity.ComponentActivity t3881}#18816] hidden!! flag  from(0) --> to(1)
04-15 09:53:47.305  1151  1151 E SurfaceFlinger: alpha changed 0.000 -> 1.000 - ActivityRecord{165200951 u0 com.catfact.app.feature.facts.test/androidx.test.core.app.InstrumentationActivityInvoker$EmptyActivity t3881}#18830
04-15 09:53:47.305  1151  1151 I SurfaceFlinger: [LayerHierarchy{RequestedLayerState{ActivityRecord{89387490 u0 com.catfact.app.feature.facts.test/androidx.activity.ComponentActivity t3881}#18816 parentId=18815} 3 children}] reparent to LayerHierarchy{RequestedLayerState{Task=3881#18815 parentId=10 z=13} 3 children}
04-15 09:53:47.305  1151  1151 I SurfaceFlinger: [LayerHierarchy{RequestedLayerState{ActivityRecord{165200951 u0 com.catfact.app.feature.facts.test/androidx.test.core.app.InstrumentationActivityInvoker$EmptyActivity t3881}#18830 parentId=18815 z=1} 1 children}] reparent to LayerHierarchy{RequestedLayerState{Task=3881#18815 parentId=10 z=13} 3 children}
04-15 09:53:47.305  1151  1151 I SurfaceFlinger: [LayerHierarchy{RequestedLayerState{Transition Root: ActivityRecord{165200951 u0 com.catfact.app.feature.facts.test/androidx.test.core.app.InstrumentationActivityInvoker$EmptyActivity t3881}#18835 z=1} no children}] reparent to OffscreenRoot
04-15 09:53:47.305  1151  1151 I SurfaceFlinger: [LayerHierarchy{RequestedLayerState{Transition Root: ActivityRecord{165200951 u0 com.catfact.app.feature.facts.test/androidx.test.core.app.InstrumentationActivityInvoker$EmptyActivity t3881}#18835 z=1} no children}] RelativeParent to null
04-15 09:53:47.306  1542  1585 D SurfaceComposerClient: setCornerRadius ## d3d9128 com.catfact.app.feature.facts.test/androidx.test.core.app.InstrumentationActivityInvoker$EmptyActivity#18831 cornerRadius=0.000000
04-15 09:53:47.307  1542  1585 D SurfaceComposerClient: setCornerRadius ## d3d9128 com.catfact.app.feature.facts.test/androidx.test.core.app.InstrumentationActivityInvoker$EmptyActivity#18831 cornerRadius=0.000000
04-15 09:53:47.307  2000  2000 D NavigationBar: onSystemBarAttributesChanged() -  displayId:0, appearance:0, packageName: com.catfact.app.feature.facts.test, navbarColorManagedByIme:false
04-15 09:53:47.308  2000  2000 D SamsungLightBarControlHelper: updateNavigationBar (WHITE button) isLightOpaque:false, hasLightNavigationBarFlag:false, packageName:com.catfact.app.feature.facts.test, DirectReplying:false, NavBarColorMangedByIme:false, ForceDarkForScrim:false, ForceLightForScrim:false, QsCustomizing:false, QsExpanded:false
04-15 09:53:47.308 19868 19868 I ImeFocusController: onPreWindowFocus: skipped hasWindowFocus=false mHasImeFocus=true
04-15 09:53:47.309 19868 19868 I ImeFocusController: onPostWindowFocus: skipped hasWindowFocus=false mHasImeFocus=true
04-15 09:53:47.309  1151  1378 I SurfaceFlinger: id=18836 createSurf, flag=84000, a57eed1 ActivityRecordInputSink com.catfact.app.feature.facts.test/androidx.test.core.app.InstrumentationActivityInvoker$EmptyActivity#18836
04-15 09:53:47.309  1151  1151 D SurfaceFlinger: Display 4633128672291735999 HWC layers:
04-15 09:53:47.309  1151  1151 D SurfaceFlinger:        DEVICE |           85332410236932 | 00002102 | RGBA_8888    |    0.0    0.0  720.0 1544.0 |    0    0  720 1544 | com.catfact.app.feature.facts.test/a[...]tyInvoker$EmptyActivity$_19868#18832 (1)
04-15 09:53:47.309  1151  1151 D SurfaceFlinger:        DEVICE |            8589934654742 | 00002100 | RGBA_8888    |    0.0    0.0  720.0   50.0 |    0    0  720   50 | StatusBar$_2000#102 (26468)
04-15 09:53:47.309  1151  1151 D SurfaceFlinger:        DEVICE |           10569914518889 | 00002100 | RGBA_8888    |    0.0    0.0   67.0  353.0 |  653  192  720  545 | com.sec.android.app.launcher/com.sam[...]l.app.CocktailBarService$_2461#16495 (1)
04-15 09:53:47.309  1151  1151 D SurfaceFlinger:        DEVICE |            8589934654693 | 00002100 | RGBA_8888    |    0.0    0.0  720.0   90.0 |    0 1454  720 1544 | NavigationBar0$_2000#98 (17243)
04-15 09:53:47.309  1151  1151 D SurfaceFlinger:
04-15 09:53:47.310 19868 19868 I VRI[ComponentActivity]@8110ff: handleAppVisibility mAppVisible = true visible = false
04-15 09:53:47.310 19868 19868 D VRI[ComponentActivity]@8110ff: visibilityChanged oldVisibility=true newVisibility=false
04-15 09:53:47.310  1542  2298 D InputDispatcher: Focus entered window (0): d3d9128 com.catfact.app.feature.facts.test/androidx.test.core.app.InstrumentationActivityInvoker$EmptyActivity
04-15 09:53:47.314  1151  1151 I SurfaceFlinger: [Display 0 name="Built-in Screen"#49] setFrameRateCategory: Default
04-15 09:53:47.314  1151  1151 I SurfaceFlinger: RequestedLayer [com.catfact.app.feature.facts.test/a[...]ivity.ComponentActivity$_19868#18825] hidden!! flag  from(0) --> to(1)
04-15 09:53:47.314  1151  1151 I SurfaceFlinger: [LayerHierarchy{RequestedLayerState{Transition Root: ActivityRecord{165200951 u0 com.catfact.app.feature.facts.test/androidx.test.core.app.InstrumentationActivityInvoker$EmptyActivity t3881}#18835 z=1} no children}] reparent to OffscreenRoot
04-15 09:53:47.314  1151  1151 I SurfaceFlinger: [LayerHierarchy{RequestedLayerState{Transition Root: ActivityRecord{165200951 u0 com.catfact.app.feature.facts.test/androidx.test.core.app.InstrumentationActivityInvoker$EmptyActivity t3881}#18835 z=1} no children}] RelativeParent to null
04-15 09:53:47.314  1151  1151 I SurfaceFlinger: [a57eed1 ActivityRecordInputSink com.catfact.app.feature.facts.test/androidx.test.core.app.InstrumentationActivityInvoker$EmptyActivity#18836] attach to parent LayerHierarchy{RequestedLayerState{ActivityRecord{165200951 u0 com.catfact.app.feature.facts.test/androidx.test.core.app.InstrumentationActivityInvoker$EmptyActivity t3881}#18830 parentId=18815 z=1} 2 children}
04-15 09:53:47.316  2000  2000 D SystemUIService: SYSUI_RAM_OPTIMIZATION onTrimMemory=20
04-15 09:53:47.316  2000  2000 D CentralSurfaces: SYSUI_RAM_OPTIMIZATION onTrimMemory=20
04-15 09:53:47.316  2000  2000 D SystemUIService: SYSUI_RAM_OPTIMIZATION onTrimMemory=20
04-15 09:53:47.316  2000  2000 D CentralSurfaces: SYSUI_RAM_OPTIMIZATION onTrimMemory=20
04-15 09:53:47.317  2000  2196 D HWUI    : CacheManager::trimMemory(20)
04-15 09:53:47.317  1542  2476 I WindowManager: Relayout Window{5af93c6 u0 com.catfact.app.feature.facts.test/androidx.activity.ComponentActivity}: viewVisibility=8 req=720x1544 ty=1 d0
04-15 09:53:47.317  1151  1151 I SurfaceFlinger: id=18835 Removed Transition Root: ActivityRecord{165200951 u0 com.catfact.app.feature.facts.test/androidx.test.core.app.InstrumentationActivityInvoker$EmptyActivity t3881}#18835 (202)
04-15 09:53:47.317  1542  2476 D SurfaceComposerClient: setCornerRadius ## d3d9128 com.catfact.app.feature.facts.test/androidx.test.core.app.InstrumentationActivityInvoker$EmptyActivity#18831 cornerRadius=0.000000
04-15 09:53:47.317  1542  2476 D SurfaceComposerClient: setCornerRadius ## d3d9128 com.catfact.app.feature.facts.test/androidx.test.core.app.InstrumentationActivityInvoker$EmptyActivity#18831 cornerRadius=0.000000
04-15 09:53:47.318  2000  2196 D HWUI    : CacheManager::trimMemory(20)
04-15 09:53:47.318  1542  2476 I WindowManager: Relayout hash=5af93c6, pid=19868, syncId=-1: mAttrs={(0,0)(fillxfill) sim={adjust=pan forwardNavigation} layoutInDisplayCutoutMode=always ty=BASE_APPLICATION wanim=0x1030317
04-15 09:53:47.318  1542  2476 I WindowManager:   fl=81810100
04-15 09:53:47.318  1542  2476 I WindowManager:   pfl=100088c0
04-15 09:53:47.318  1542  2476 I WindowManager:   apr=210
04-15 09:53:47.318  1542  2476 I WindowManager:   bhv=1
04-15 09:53:47.318  1542  2476 I WindowManager:   fitSides=0
04-15 09:53:47.318  1542  2476 I WindowManager:   frameRateBoostOnTouch=true
04-15 09:53:47.318  1542  2476 I WindowManager:   dvrrWindowFrameRateHint=true naviIconColor=0}
04-15 09:53:47.319  1542  1585 D SurfaceComposerClient: setCornerRadius ## d3d9128 com.catfact.app.feature.facts.test/androidx.test.core.app.InstrumentationActivityInvoker$EmptyActivity#18831 cornerRadius=0.000000
04-15 09:53:47.319  1151  1200 I SurfaceFlinger: id=18827 Removed Surface(name=8c5cec7 NavigationBar0)/@0xa68870 - animation-leash of insets_animation#18827 (202)
04-15 09:53:47.320 19868 19868 I VRI[ComponentActivity]@8110ff: Relayout returned: old=(0,0,720,1544) new=(0,0,720,1544) relayoutAsync=false req=(720,1544)8 dur=2 res=0x2 s={false 0x0} ch=true seqId=0
04-15 09:53:47.320 19868 19868 D VRI[ComponentActivity]@8110ff: Not drawing due to not visible. Reason=!mAppVisible && !mForceDecorViewVisibility
04-15 09:53:47.320 19868 19868 D VRI[InstrumentationActivityInvoker$EmptyActivity]@c772ff8: mThreadedRenderer.initializeIfNeeded()#2 mSurface={isValid=true 0xb40000748c524200}
04-15 09:53:47.320 19868 19868 D InputMethodManagerUtils: startInputInner - Id : 0
04-15 09:53:47.321 19868 19868 I InputMethodManager: startInputInner - IInputMethodManagerGlobalInvoker.startInputOrWindowGainedFocus
04-15 09:53:47.321  1151  1378 I SurfaceFlinger: id=18826 Removed Surface(name=3edafdc StatusBar)/@0x3b919ed - animation-leash of insets_animation#18826 (202)
04-15 09:53:47.322  2461  2474 I HoneySpace.Memory-Monitor: current state = 2, didTrim = false
04-15 09:53:47.322  1151  1151 I SurfaceFlinger: destroyed Surface(name=8c5cec7 NavigationBar0)/@0xa68870 - animation-leash of insets_animation#18827
04-15 09:53:47.322  1151  1151 I SurfaceFlinger: destroyed Surface(name=3edafdc StatusBar)/@0x3b919ed - animation-leash of insets_animation#18826
04-15 09:53:47.322  1151  1151 I SurfaceFlinger: destroyed Transition Root: ActivityRecord{165200951 u0 com.catfact.app.feature.facts.test/androidx.test.core.app.InstrumentationActivityInvoker$EmptyActivity t3881}#18835
04-15 09:53:47.325  1151  1151 I Layer   : id=18827 Destroyed Surface(name=8c5cec7 NavigationBar0)/@0xa68870 - animation-leash of insets_animation#18827
04-15 09:53:47.325  1151  1151 I Layer   : id=18826 Destroyed Surface(name=3edafdc StatusBar)/@0x3b919ed - animation-leash of insets_animation#18826
04-15 09:53:47.325  1151  1151 I Layer   : id=18835 Destroyed Transition Root: ActivityRecord{165200951 u0 com.catfact.app.feature.facts.test/androidx.test.core.app.InstrumentationActivityInvoker$EmptyActivity t3881}#18835
04-15 09:53:47.326  2000  2125 D StackScroller: onDisplayChanged for predraw skip to 2
04-15 09:53:47.326  2000  2105 D ShellDesktopMode: handleRequest: TransitionRequestInfo {type=2, tid=3881, debugId=1681}
04-15 09:53:47.328  2000  2000 D DisplayLifecycle: updateDisplay id = 0
