04-15 09:53:52.653 19868 19868 V ActivityScenario: Activity lifecycle changed event received but ignored because the intent does not match. startActivityIntent=Intent { act=android.intent.action.MAIN cat=[android.intent.category.LAUNCHER] flg=0x10008000 cmp=com.catfact.app.feature.facts.test/androidx.activity.ComponentActivity }, activity.getIntent()=Intent { act=android.intent.action.MAIN cat=[android.intent.category.LAUNCHER] flg=0x10000000 xflg=0x4 cmp=com.catfact.app.feature.facts.test/androidx.test.core.app.InstrumentationActivityInvoker$EmptyActivity }, activity=androidx.test.core.app.InstrumentationActivityInvoker$EmptyActivity@39b6e7e
04-15 09:53:52.653 19868 19868 D ViewRootImpl: desktopMode is false
04-15 09:53:52.653 19868 19868 I ViewRootImpl: dVRR is disabled
04-15 09:53:52.654 19868 19901 D NativeCustomFrequencyManager: [NativeCFMS] BpCustomFrequencyManager::BpCustomFrequencyManager()
04-15 09:53:52.654  2000  2125 D StackScroller: onDisplayChanged for predraw skip to 2
04-15 09:53:52.654  2461  4418 I HoneySpace.Memory-Monitor: current state = 2, didTrim = false
04-15 09:53:52.655  2000  2000 D DisplayLifecycle: updateDisplay id = 0
04-15 09:53:52.656  1542  4235 D InputTransport: Input channel constructed: '1c29926', fd=1041
04-15 09:53:52.656  1542  4235 D InputTransport: Input channel constructed: '1c29926', fd=1178
04-15 09:53:52.656  1151  1151 I SurfaceFlinger: [LayerHierarchy{RequestedLayerState{ImeContainer#15 parentId=18959 relativeParentId=18959 z=1} 1 children}] RelativeParent to null
04-15 09:53:52.656  1542  4235 D InputTransport: Input channel constructed: '1c29926', fd=1250
04-15 09:53:52.656  1542  4235 D InputTransport: Input channel destroyed: '1c29926', fd=1178
04-15 09:53:52.656  1151  2479 I SurfaceFlinger: id=18974 createSurf, flag=84004, 1c29926 com.catfact.app.feature.facts.test/androidx.test.core.app.InstrumentationActivityInvoker$EmptyActivity#18974
04-15 09:53:52.656  1151  1151 I BpBinder: onLastStrongRef automatically unlinking death recipients:
04-15 09:53:52.657  1542  4235 D InputTransport: Input channel destroyed: '1c29926', fd=1250
04-15 09:53:52.657 19868 19868 D InputTransport: Input channel constructed: '1c29926', fd=147
04-15 09:53:52.657 19868 19868 I InsetsController: onStateChanged: host=com.catfact.app.feature.facts.test/androidx.test.core.app.InstrumentationActivityInvoker$EmptyActivity, from=android.view.ViewRootImpl.onInsetsStateChanged:3026, state=InsetsState: {mDisplayFrame=Rect(0, 0 - 720, 1544), mDisplayCutout=DisplayCutout{insets=Rect(0, 50 - 0, 0) waterfall=Insets{left=0, top=0, right=0, bottom=0} boundingRect={Bounds=[Rect(0, 0 - 0, 0), Rect(341, 0 - 379, 50), Rect(0, 0 - 0, 0), Rect(0, 0 - 0, 0)]} cutoutPathParserInfo={CutoutPathParserInfo{displayWidth=720 displayHeight=1544 physicalDisplayWidth=720 physicalDisplayHeight=1544 density={1.875} cutoutSpec={M 0,0 H -10 V 26.66666666666667 H 10 V 0 H 0 Z @dp} rotation={0} scale={1.0} physicalPixelDisplaySizeRatio={1.0}}} sideOverrides={}}, mRoundedCorners=RoundedCorners{[RoundedCorner{position=TopLeft, radius=8, center=Point(8, 8)}, RoundedCorner{position=TopRight, radius=8, center=Point(712, 8)}, RoundedCorner{position=BottomRight, radius=8, center=Point(712, 1536)}, RoundedCorner{position=BottomLeft, radius=8, center=Point(8, 1536)}]}  mRoundedCornerFrame=Rect(0, 0 - 720, 1544), mPrivacyIndicatorBounds=PrivacyIndicatorBounds {static bounds=Rect(637, 0 - 720, 50) rotation=0}, mDisplayShape=DisplayShape{ spec=-311912193 displayWidth=720 displayHeight=1544 physicalPixelDisplaySizeRatio=0.5 rotation=0 offsetX=0 offsetY=0 scale=1.0}, mSources= { InsetsSource: {ec730001 mType=navigationBars mFrame=[0,1454][720,1544] mVisible=true mFlags= mSideHint=BOTTOM mBoundingRects=null}, InsetsSource: {ec730004 mType=systemGestures mFrame=[0,0][0,0] mVisible=true mFlags= mSideHint=NONE mBoundingRects=null}, InsetsSource: {ec730005 mType=mandatorySystemGestures mFrame=[0,1454][720,1544] mVisible=true mFlags= mSideHint=BOTTOM mBoundingRects=null}, InsetsSource: {ec730006 mType=tappableElement mFrame=[0,1454][720,1544] mVisible=true mFlags= mSideHint=BOTTOM mBoundingRects=null}, InsetsSource: {ec730024 mType=systemGestures mFrame=[0,0][0,0] mVisible=true mFlags= mSideHint=NONE mBoundingRects=null}, InsetsSource: {3 mType=ime mFrame=[0,0][0,0] mVisible=false mFlags= mSideHint=NONE mBoundingRects=null}, InsetsSource: {27 mType=displayCutout mFrame=[0,0][720,50] mVisible=true mFlags= mSideHint=TOP mBoundingRects=null}, InsetsSource: {43950000 mType=statusBars mFrame=[0,0][720,50] mVisible=true mFlags= mSideHint=TOP mBoundingRects=null}, InsetsSource: {43950005 mType=mandatorySystemGestures mFrame=[0,0][720,73] mVisible=true mFlags= mSideHint=TOP mBoundingRects=null}, InsetsSource: {43950006 mType=tappableElement mFrame=[0,0][720,50] mVisible=true mFlags= mSideHint=TOP mBoundingRects=null} }
04-15 09:53:52.658 19868 19868 I VRI[InstrumentationActivityInvoker$EmptyActivity]@2c4abd7: synced displayState. AttachInfo displayState=2
04-15 09:53:52.658  1151  1338 D SurfaceFlinger: [input] setFocusedWindow: <null>
04-15 09:53:52.658 19868 19868 I VRI[InstrumentationActivityInvoker$EmptyActivity]@2c4abd7: setView = com.android.internal.policy.DecorView@23e8ae2 IsHRR=false mFlingFrameRateChange=0 TM=true
04-15 09:53:52.658  1542  1678 D InputDispatcher: Once focus requested (0): <null>
04-15 09:53:52.658  1542  1678 D InputDispatcher: Focus request (0): <null> but waiting because NO_WINDOW
04-15 09:53:52.658  1542  1678 D InputDispatcher: Focus left window (0): 718ff8d com.catfact.app.feature.facts.test/androidx.activity.ComponentActivity
04-15 09:53:52.658 19868 19901 D HWUI    : HWUI - treat SMPTE_170M as sRGB
04-15 09:53:52.659  1542  1678 I WindowManager: Relayout Window{1c29926 u0 com.catfact.app.feature.facts.test/androidx.test.core.app.InstrumentationActivityInvoker$EmptyActivity}: viewVisibility=0 req=720x1544 ty=1 d0
04-15 09:53:52.660  1151  2479 I SurfaceFlinger: id=18975 createSurf, flag=44004, com.catfact.app.feature.facts.test/androidx.test.core.app.InstrumentationActivityInvoker$EmptyActivity$_19868#18975
04-15 09:53:52.661  1542  1678 D SurfaceComposerClient: setCornerRadius ## 1c29926 com.catfact.app.feature.facts.test/androidx.test.core.app.InstrumentationActivityInvoker$EmptyActivity#18974 cornerRadius=0.000000
04-15 09:53:52.661  1542  1678 D SurfaceComposerClient: setCornerRadius ## 1c29926 com.catfact.app.feature.facts.test/androidx.test.core.app.InstrumentationActivityInvoker$EmptyActivity#18974 cornerRadius=0.000000
04-15 09:53:52.662  1151  2479 I SurfaceFlinger: id=18976 createSurf, flag=24000, Surface(name=3edafdc StatusBar)/@0x3b919ed - animation-leash of insets_animation#18976
04-15 09:53:52.663  1151  2479 I SurfaceFlinger: id=18977 createSurf, flag=24000, Surface(name=8c5cec7 NavigationBar0)/@0xa68870 - animation-leash of insets_animation#18977
04-15 09:53:52.664  1151  1151 I SurfaceFlinger: [1c29926 com.catfact.app.feature.facts.test/androidx.test.core.app.InstrumentationActivityInvoker$EmptyActivity#18974] attach to parent LayerHierarchy{RequestedLayerState{ActivityRecord{140358658 u0 com.catfact.app.feature.facts.test/androidx.test.core.app.InstrumentationActivityInvoker$EmptyActivity t3885}#18973 parentId=18958} 1 children}
04-15 09:53:52.664  1151  1151 I SurfaceFlinger: [com.catfact.app.feature.facts.test/androidx.test.core.app.InstrumentationActivityInvoker$EmptyActivity$_19868#18975] attach to parent LayerHierarchy{RequestedLayerState{1c29926 com.catfact.app.feature.facts.test/androidx.test.core.app.InstrumentationActivityInvoker$EmptyActivity#18974 parentId=18973} 1 children}
04-15 09:53:52.664  1151  1151 I SurfaceFlinger: [Surface(name=3edafdc StatusBar)/@0x3b919ed - animation-leash of insets_animation#18976] attach to parent LayerHierarchy{RequestedLayerState{WindowToken{7a8fc4f type=2000 android.os.BinderProxy@a9d7329}#94 parentId=17} 2 children}
04-15 09:53:52.664  1151  1151 I SurfaceFlinger: [Surface(name=8c5cec7 NavigationBar0)/@0xa68870 - animation-leash of insets_animation#18977] attach to parent LayerHierarchy{RequestedLayerState{WindowToken{fc018e2 type=2019 android.os.BinderProxy@bda3ac4}#90 parentId=34} 2 children}
04-15 09:53:52.664  1542  1678 I SystemKeyManager: requested systemKeyInfo size=1 focusedWindow=com.catfact.app.feature.facts.test/androidx.test.core.app.InstrumentationActivityInvoker$EmptyActivity
04-15 09:53:52.664  1542  1678 I SystemKeyManager: requested systemKeyInfo size=1 focusedWindow=com.catfact.app.feature.facts.test/androidx.test.core.app.InstrumentationActivityInvoker$EmptyActivity
04-15 09:53:52.664  2000  2000 D NavigationBar: onSystemBarAttributesChanged() -  displayId:0, appearance:16, packageName: com.catfact.app.feature.facts.test (APPEARANCE_LIGHT_NAVIGATION_BARS ), navbarColorManagedByIme:false
04-15 09:53:52.665  1542  1678 I WindowManager: Relayout hash=1c29926, pid=19868, syncId=-1: mAttrs={(0,0)(fillxfill) sim={adjust=pan forwardNavigation} layoutInDisplayCutoutMode=always ty=BASE_APPLICATION
04-15 09:53:52.665  1542  1678 I WindowManager:   fl=81810100
04-15 09:53:52.665  1542  1678 I WindowManager:   pfl=100088c0
04-15 09:53:52.665  1542  1678 I WindowManager:   bhv=1
04-15 09:53:52.665  1542  1678 I WindowManager:   fitSides=0
04-15 09:53:52.665  1542  1678 I WindowManager:   frameRateBoostOnTouch=true
04-15 09:53:52.665  1542  1678 I WindowManager:   dvrrWindowFrameRateHint=true naviIconColor=0}
04-15 09:53:52.666 19868 19868 I BLASTBufferQueue_Java: new BLASTBufferQueue, mName= VRI[InstrumentationActivityInvoker$EmptyActivity]@2c4abd7 mNativeObject= 0xb40000741c6a6bb0 caller= android.view.ViewRootImpl.updateBlastSurfaceIfNeeded:3585 android.view.ViewRootImpl.relayoutWindow:11685 android.view.ViewRootImpl.performTraversals:4804 android.view.ViewRootImpl.doTraversal:3924 android.view.ViewRootImpl$TraversalRunnable.run:12903 android.view.Choreographer$CallbackRecord.run:1901 android.view.Choreographer$CallbackRecord.run:1910 android.view.Choreographer.doCallbacks:1367 android.view.Choreographer.doFrame:1292 android.view.Choreographer$FrameDisplayEventReceiver.run:1870
04-15 09:53:52.666 19868 19868 I BLASTBufferQueue_Java: update, w= 720 h= 1544 mName = VRI[InstrumentationActivityInvoker$EmptyActivity]@2c4abd7 mNativeObject= 0xb40000741c6a6bb0 sc.mNativeObject= 0xb40000751c4f5e10 format= -1 caller= android.view.ViewRootImpl.updateBlastSurfaceIfNeeded:3590 android.view.ViewRootImpl.relayoutWindow:11685 android.view.ViewRootImpl.performTraversals:4804 android.view.ViewRootImpl.doTraversal:3924 android.view.ViewRootImpl$TraversalRunnable.run:12903 android.view.Choreographer$CallbackRecord.run:1901
04-15 09:53:52.666 19868 19868 I VRI[InstrumentationActivityInvoker$EmptyActivity]@2c4abd7: Relayout returned: old=(0,0,720,1544) new=(0,0,720,1544) relayoutAsync=false req=(720,1544)0 dur=6 res=0x3 s={true 0xb40000748c5702b0} ch=true seqId=0
04-15 09:53:52.666 19868 19868 I VRI[InstrumentationActivityInvoker$EmptyActivity]@2c4abd7: performConfigurationChange setNightDimText nightDimLevel=0
04-15 09:53:52.667 19868 19868 D VRI[InstrumentationActivityInvoker$EmptyActivity]@2c4abd7: mThreadedRenderer.initialize() mSurface={isValid=true 0xb40000748c5702b0} hwInitialized=true
04-15 09:53:52.667 19868 19868 D VRI[InstrumentationActivityInvoker$EmptyActivity]@2c4abd7: reportNextDraw android.view.ViewRootImpl.performTraversals:5443 android.view.ViewRootImpl.doTraversal:3924 android.view.ViewRootImpl$TraversalRunnable.run:12903 android.view.Choreographer$CallbackRecord.run:1901 android.view.Choreographer$CallbackRecord.run:1910
04-15 09:53:52.667 19868 19868 D VRI[InstrumentationActivityInvoker$EmptyActivity]@2c4abd7: Setup new sync=wmsSync-VRI[InstrumentationActivityInvoker$EmptyActivity]@2c4abd7#18
04-15 09:53:52.667 19868 19868 I VRI[InstrumentationActivityInvoker$EmptyActivity]@2c4abd7: Creating new active sync group VRI[InstrumentationActivityInvoker$EmptyActivity]@2c4abd7#19
04-15 09:53:52.667 19868 19868 D VRI[InstrumentationActivityInvoker$EmptyActivity]@2c4abd7: registerCallbacksForSync syncBuffer=false
04-15 09:53:52.668 19868 19913 D VRI[InstrumentationActivityInvoker$EmptyActivity]@2c4abd7: Received frameDrawingCallback syncResult=0 frameNum=1.
04-15 09:53:52.668 19868 19913 I VRI[InstrumentationActivityInvoker$EmptyActivity]@2c4abd7: mWNT: t=0xb4000074fc52f010 mBlastBufferQueue=0xb40000741c6a6bb0 fn= 1 HdrRenderState mRenderHdrSdrRatio=1.0 caller= android.view.ViewRootImpl$12.onFrameDraw:15441 android.view.ThreadedRenderer$1.onFrameDraw:718 <bottom of call stack>
04-15 09:53:52.668 19868 19913 I VRI[InstrumentationActivityInvoker$EmptyActivity]@2c4abd7: Setting up sync and frameCommitCallback
04-15 09:53:52.668 19868 19901 I BLASTBufferQueue: [VRI[InstrumentationActivityInvoker$EmptyActivity]@2c4abd7#9](f:0,a:0,s:0) onFrameAvailable the first frame is available
04-15 09:53:52.668 19868 19901 I VRI[InstrumentationActivityInvoker$EmptyActivity]@2c4abd7: Received frameCommittedCallback lastAttemptedDrawFrameNum=1 didProduceBuffer=true
04-15 09:53:52.669  1151  2479 I SurfaceFlinger: [com.catfact.app.feature.facts.test/androidx.test.core.app.InstrumentationActivityInvoker$EmptyActivity$_19868#18975] setTransactionState with the first frame. bufferData(ID: 85332410236964, frameNumber: 1)
04-15 09:53:52.669 19868 19901 D HWUI    : CFMS:: SetUp Pid : 19868    Tid : 19901
04-15 09:53:52.669 19868 19868 D VRI[InstrumentationActivityInvoker$EmptyActivity]@2c4abd7: reportDrawFinished seqId=0
04-15 09:53:52.669 19868 19868 I ImeFocusController: onPreWindowFocus: skipped hasWindowFocus=false mHasImeFocus=true
04-15 09:53:52.669 19868 19868 I ImeFocusController: onPostWindowFocus: skipped hasWindowFocus=false mHasImeFocus=true
04-15 09:53:52.670  1542  1585 D SurfaceComposerClient: setCornerRadius ## 1c29926 com.catfact.app.feature.facts.test/androidx.test.core.app.InstrumentationActivityInvoker$EmptyActivity#18974 cornerRadius=0.000000
04-15 09:53:52.670  1542  1585 D SurfaceComposerClient: setCornerRadius ## 1c29926 com.catfact.app.feature.facts.test/androidx.test.core.app.InstrumentationActivityInvoker$EmptyActivity#18974 cornerRadius=0.000000
04-15 09:53:52.670  1542  1585 I SemDvfsHyPerManager: acquire hyper - AMS_RESUME_TAIL/1542@22, type = -999
04-15 09:53:52.670  1542  1585 I SemDvfsHyPerManager: acquire hyper - AMS_ACT_LAZY/1542@23, type = -999
04-15 09:53:52.670  1059  1180 I HYPER-HAL: [RequestManager.cpp]acquire(): Acquired ID : 1223852  [1542 / 22]    HINT : AMS_RESUME_TAIL    list :
04-15 09:53:52.671  1151  2479 I SurfaceFlinger: id=18978 createSurf, flag=84004, Transition Root: ActivityRecord{140358658 u0 com.catfact.app.feature.facts.test/androidx.test.core.app.InstrumentationActivityInvoker$EmptyActivity t3885}#18978
04-15 09:53:52.671  1059  1180 I HYPER-HAL: [RequestManager.cpp]releaseLocked(): Released ID : 1220723
04-15 09:53:52.672  1542  1585 I SurfaceControlRegistry: show, t=StartTransaction_SyncId<1692> sc=ActivityRecord{140358658 u0 com.catfact.app.feature.facts.test/androidx.test.core.app.InstrumentationActivityInvoker$EmptyActivity t3885}, caller=android.view.SurfaceControl$Transaction.show:3557 com.android.server.wm.Transition.onTransactionReady:2048 com.android.server.wm.BLASTSyncEngine$SyncGroup.finishNow:240 com.android.server.wm.BLASTSyncEngine.onSurfacePlacement:263 com.android.server.wm.RootWindowContainer.performSurfacePlacementNoTrace:1083 com.android.server.wm.WindowSurfacePlacer.performSurfacePlacement:166
04-15 09:53:52.672  1542  1585 D SurfaceComposerClient: setCornerRadius ## ActivityRecord{249058214 u0 com.catfact.app.feature.facts.test/androidx.activity.ComponentActivity t3885}#18959 cornerRadius=0.000000
04-15 09:53:52.672  1542  1585 D SurfaceComposerClient: setCornerRadius ## ActivityRecord{140358658 u0 com.catfact.app.feature.facts.test/androidx.test.core.app.InstrumentationActivityInvoker$EmptyActivity t3885}#18973 cornerRadius=0.000000
04-15 09:53:52.672  1151  1151 I SurfaceFlinger: [LayerHierarchy{RequestedLayerState{8c5cec7 NavigationBar0#91 parentId=18977} 1 children}] reparent to LayerHierarchy{RequestedLayerState{Surface(name=8c5cec7 NavigationBar0)/@0xa68870 - animation-leash of insets_animation#18977 parentId=90} 1 children}
04-15 09:53:52.672  1151  1151 I SurfaceFlinger: [LayerHierarchy{RequestedLayerState{3edafdc StatusBar#95 parentId=18976} 1 children}] reparent to LayerHierarchy{RequestedLayerState{Surface(name=3edafdc StatusBar)/@0x3b919ed - animation-leash of insets_animation#18976 parentId=94} 1 children}
04-15 09:53:52.672  1151  1151 I SurfaceFlinger: [LayerHierarchy{RequestedLayerState{Surface(name=3edafdc StatusBar)/@0x3b919ed - animation-leash of insets_animation#18969} no children}] reparent to OffscreenRoot
04-15 09:53:52.672  1151  1151 I SurfaceFlinger: [LayerHierarchy{RequestedLayerState{Surface(name=3edafdc StatusBar)/@0x3b919ed - animation-leash of insets_animation#18969} no children}] RelativeParent to null
04-15 09:53:52.672  1151  1151 I SurfaceFlinger: [LayerHierarchy{RequestedLayerState{Surface(name=8c5cec7 NavigationBar0)/@0xa68870 - animation-leash of insets_animation#18970} no children}] reparent to OffscreenRoot
04-15 09:53:52.672  1151  1151 I SurfaceFlinger: [LayerHierarchy{RequestedLayerState{Surface(name=8c5cec7 NavigationBar0)/@0xa68870 - animation-leash of insets_animation#18970} no children}] RelativeParent to null
04-15 09:53:52.672  1151  1151 I SurfaceFlinger: [Transition Root: ActivityRecord{140358658 u0 com.catfact.app.feature.facts.test/androidx.test.core.app.InstrumentationActivityInvoker$EmptyActivity t3885}#18978] attach to parent LayerHierarchy{RequestedLayerState{Task=3885#18958 parentId=10 z=13} 3 children}
04-15 09:53:52.673  1542  1581 I ActivityTaskManager: Displayed com.catfact.app.feature.facts.test/androidx.test.core.app.InstrumentationActivityInvoker$EmptyActivity for user 0: +35ms
04-15 09:53:52.673  1542  1585 D SurfaceComposerClient: setCornerRadius ## 1c29926 com.catfact.app.feature.facts.test/androidx.test.core.app.InstrumentationActivityInvoker$EmptyActivity#18974 cornerRadius=0.000000
04-15 09:53:52.674  3152  3152 E pageboostd: Received HALT command code 2
04-15 09:53:52.674  1542  1585 D SurfaceComposerClient: setCornerRadius ## 1c29926 com.catfact.app.feature.facts.test/androidx.test.core.app.InstrumentationActivityInvoker$EmptyActivity#18974 cornerRadius=0.000000
04-15 09:53:52.674  2000  2105 I SurfaceControlRegistry: hide, t=FinishTransaction_SyncId<1692> sc=ActivityRecord{249058214 u0 com.catfact.app.feature.facts.test/androidx.activity.ComponentActivity t3885}, caller=android.view.SurfaceControl$Transaction.hide:3583 com.android.wm.shell.transition.Transitions.dispatchReady:1263 com.android.wm.shell.transition.Transitions.onTransitionReady:251 com.android.wm.shell.transition.Transitions$TransitionPlayerImpl$$ExternalSyntheticLambda0.run:13 android.os.Handler.handleCallback:995 android.os.Handler.dispatchMessage:103
04-15 09:53:52.674  2000  2105 I SurfaceControlRegistry: show, t=StartTransaction_SyncId<1692> sc=ActivityRecord{140358658 u0 com.catfact.app.feature.facts.test/androidx.test.core.app.InstrumentationActivityInvoker$EmptyActivity t3885}, caller=android.view.SurfaceControl$Transaction.show:3557 com.android.wm.shell.transition.Transitions.dispatchReady:1279 com.android.wm.shell.transition.Transitions.onTransitionReady:251 com.android.wm.shell.transition.Transitions$TransitionPlayerImpl$$ExternalSyntheticLambda0.run:13 android.os.Handler.handleCallback:995 android.os.Handler.dispatchMessage:103
04-15 09:53:52.674  2000  2000 D NavigationBar: onSystemBarAttributesChanged() -  displayId:0, appearance:0, packageName: com.catfact.app.feature.facts.test, navbarColorManagedByIme:false
04-15 09:53:52.674  2000  2105 I SurfaceControlRegistry: show, t=FinishTransaction_SyncId<1692> sc=ActivityRecord{140358658 u0 com.catfact.app.feature.facts.test/androidx.test.core.app.InstrumentationActivityInvoker$EmptyActivity t3885}, caller=android.view.SurfaceControl$Transaction.show:3557 com.android.wm.shell.transition.Transitions.dispatchReady:1330 com.android.wm.shell.transition.Transitions.onTransitionReady:251 com.android.wm.shell.transition.Transitions$TransitionPlayerImpl$$ExternalSyntheticLambda0.run:13 android.os.Handler.handleCallback:995 android.os.Handler.dispatchMessage:103
04-15 09:53:52.674  2000  2105 I SurfaceControlRegistry: show, t=StartTransaction_SyncId<1692> sc=Transition Root: ActivityRecord{140358658 u0 com.catfact.app.feature.facts.test/androidx.test.core.app.InstrumentationActivityInvoker$EmptyActivity t3885}, caller=android.view.SurfaceControl$Transaction.show:3557 com.android.wm.shell.transition.Transitions.playTransition:79 com.android.wm.shell.transition.Transitions.processReadyQueue:239 com.android.wm.shell.transition.Transitions.dispatchReady:1352 com.android.wm.shell.transition.Transitions.onTransitionReady:251 com.android.wm.shell.transition.Transitions$TransitionPlayerImpl$$ExternalSyntheticLambda0.run:13
04-15 09:53:52.675  2000  2105 I SurfaceControlRegistry: apply, t=StartTransaction_SyncId<1692>, caller=android.view.SurfaceControl$Transaction.apply:3459 android.view.SurfaceControl$Transaction.apply:3447 android.view.SurfaceControl$Transaction.apply:3397 com.android.wm.shell.transition.DefaultTransitionHandler.startAnimation:3387 com.android.wm.shell.transition.Transitions.dispatchTransition:90 com.android.wm.shell.transition.Transitions.playTransition:774
04-15 09:53:52.675  1151  2479 I SurfaceFlinger: id=18979 createSurf, flag=84000, 63c58e4 ActivityRecordInputSink com.catfact.app.feature.facts.test/androidx.test.core.app.InstrumentationActivityInvoker$EmptyActivity#18979
04-15 09:53:52.675  1151  1338 D SurfaceFlinger: [input] setFocusedWindow: 1c29926 com.catfact.app.feature.facts.test/androidx.test.core.app.InstrumentationActivityInvoker$EmptyActivity
04-15 09:53:52.675  1542  2103 D InputDispatcher: Once focus requested (0): 1c29926 com.catfact.app.feature.facts.test/androidx.test.core.app.InstrumentationActivityInvoker$EmptyActivity
04-15 09:53:52.675  1542  2103 D InputDispatcher: Focus request (0): 1c29926 com.catfact.app.feature.facts.test/androidx.test.core.app.InstrumentationActivityInvoker$EmptyActivity but waiting because NOT_VISIBLE
04-15 09:53:52.676  2000  2000 D SamsungLightBarControlHelper: updateNavigationBar (WHITE button) isLightOpaque:false, hasLightNavigationBarFlag:false, packageName:com.catfact.app.feature.facts.test, DirectReplying:false, NavBarColorMangedByIme:false, ForceDarkForScrim:false, ForceLightForScrim:false, QsCustomizing:false, QsExpanded:false
04-15 09:53:52.677  2000  2105 I SurfaceControlRegistry: apply, t=FinishTransaction_SyncId<1692>, caller=android.view.SurfaceControl$Transaction.apply:3459 android.view.SurfaceControl$Transaction.apply:3447 android.view.SurfaceControl$Transaction.apply:3397 com.android.wm.shell.transition.Transitions.onFinish:315 com.android.wm.shell.transition.Transitions$$ExternalSyntheticLambda7.onTransitionFinished:12 com.android.wm.shell.transition.DefaultTransitionHandler$$ExternalSyntheticLambda2.run:36
04-15 09:53:52.679  2000  2105 D ShellDesktopMode: handleRequest: TransitionRequestInfo {type=2, tid=3885, debugId=1693}
04-15 09:53:52.681  1151  1151 I SurfaceFlinger: RequestedLayer [ActivityRecord{140358658 u0 com.catf[...]tyInvoker$EmptyActivity t3885}#18973] hidden!! flag  from(1) --> to(0)
04-15 09:53:52.681  1151  1151 E SurfaceFlinger: alpha changed 1.000 -> 0.000 - ActivityRecord{140358658 u0 com.catfact.app.feature.facts.test/androidx.test.core.app.InstrumentationActivityInvoker$EmptyActivity t3885}#18973
04-15 09:53:52.681  1151  1151 I SurfaceFlinger: RequestedLayer [1c29926 com.catfact.app.feature.fact[...]nActivityInvoker$EmptyActivity#18974] hidden!! flag  from(1) --> to(0)
04-15 09:53:52.681  1151  1151 I SurfaceFlinger: RequestedLayer [com.catfact.app.feature.facts.test/a[...]tyInvoker$EmptyActivity$_19868#18975] hidden!! flag  from(1) --> to(0)
04-15 09:53:52.681  1151  1151 I SurfaceFlinger: RequestedLayer [Transition Root: ActivityRecord{1403[...]tyInvoker$EmptyActivity t3885}#18978] hidden!! flag  from(1) --> to(0)
04-15 09:53:52.681  1151  1151 I SurfaceFlinger: RequestedLayer [ActivityRecord{249058214 u0 com.catf[...]ivity.ComponentActivity t3885}#18959] hidden!! flag  from(0) --> to(1)
04-15 09:53:52.681  1151  1151 E SurfaceFlinger: alpha changed 0.000 -> 1.000 - ActivityRecord{140358658 u0 com.catfact.app.feature.facts.test/androidx.test.core.app.InstrumentationActivityInvoker$EmptyActivity t3885}#18973
04-15 09:53:52.681  1151  1151 I SurfaceFlinger: [Display 0 name="Built-in Screen"#49] setFrameRateCategory: Default
04-15 09:53:52.681  1151  1151 I SurfaceFlinger: [LayerHierarchy{RequestedLayerState{ActivityRecord{249058214 u0 com.catfact.app.feature.facts.test/androidx.activity.ComponentActivity t3885}#18959 parentId=18958} 3 children}] reparent to LayerHierarchy{RequestedLayerState{Task=3885#18958 parentId=10 z=13} 3 children}
04-15 09:53:52.681  1151  1151 I SurfaceFlinger: [LayerHierarchy{RequestedLayerState{ActivityRecord{140358658 u0 com.catfact.app.feature.facts.test/androidx.test.core.app.InstrumentationActivityInvoker$EmptyActivity t3885}#18973 parentId=18958 z=1} 1 children}] reparent to LayerHierarchy{RequestedLayerState{Task=3885#18958 parentId=10 z=13} 3 children}
04-15 09:53:52.681  1151  1151 I SurfaceFlinger: [LayerHierarchy{RequestedLayerState{Transition Root: ActivityRecord{140358658 u0 com.catfact.app.feature.facts.test/androidx.test.core.app.InstrumentationActivityInvoker$EmptyActivity t3885}#18978 z=1} no children}] reparent to OffscreenRoot
04-15 09:53:52.681  1151  1151 I SurfaceFlinger: [LayerHierarchy{RequestedLayerState{Transition Root: ActivityRecord{140358658 u0 com.catfact.app.feature.facts.test/androidx.test.core.app.InstrumentationActivityInvoker$EmptyActivity t3885}#18978 z=1} no children}] RelativeParent to null
04-15 09:53:52.681  1151  1151 I SurfaceFlinger: [63c58e4 ActivityRecordInputSink com.catfact.app.feature.facts.test/androidx.test.core.app.InstrumentationActivityInvoker$EmptyActivity#18979] attach to parent LayerHierarchy{RequestedLayerState{ActivityRecord{140358658 u0 com.catfact.app.feature.facts.test/androidx.test.core.app.InstrumentationActivityInvoker$EmptyActivity t3885}#18973 parentId=18958 z=1} 2 children}
04-15 09:53:52.684  1151  1200 I SurfaceFlinger: id=18978 Removed Transition Root: ActivityRecord{140358658 u0 com.catfact.app.feature.facts.test/androidx.test.core.app.InstrumentationActivityInvoker$EmptyActivity t3885}#18978 (230)
04-15 09:53:52.684  1151  2758 I SurfaceFlinger: id=18969 Removed Surface(name=3edafdc StatusBar)/@0x3b919ed - animation-leash of insets_animation#18969 (230)
04-15 09:53:52.684  1151  2758 I SurfaceFlinger: id=18970 Removed Surface(name=8c5cec7 NavigationBar0)/@0xa68870 - animation-leash of insets_animation#18970 (230)
04-15 09:53:52.684 19868 19868 I InsetsSourceConsumer: applyRequestedVisibilityToControl: visible=true, type=statusBars, host=com.catfact.app.feature.facts.test/androidx.test.core.app.InstrumentationActivityInvoker$EmptyActivity
04-15 09:53:52.685 19868 19868 I InsetsSourceConsumer: applyRequestedVisibilityToControl: visible=true, type=navigationBars, host=com.catfact.app.feature.facts.test/androidx.test.core.app.InstrumentationActivityInvoker$EmptyActivity
04-15 09:53:52.685 19868 19868 I VRI[ComponentActivity]@a556c4: handleAppVisibility mAppVisible = true visible = false
04-15 09:53:52.685 19868 19868 D VRI[ComponentActivity]@a556c4: visibilityChanged oldVisibility=true newVisibility=false
04-15 09:53:52.686 19868 19868 D LifecycleMonitor: Lifecycle status change: androidx.test.core.app.InstrumentationActivityInvoker$EmptyActivity@39b6e7e in: PAUSED
04-15 09:53:52.686 19868 19868 V ActivityScenario: Activity lifecycle changed event received but ignored because the intent does not match. startActivityIntent=Intent { act=android.intent.action.MAIN cat=[android.intent.category.LAUNCHER] flg=0x10008000 cmp=com.catfact.app.feature.facts.test/androidx.activity.ComponentActivity }, activity.getIntent()=Intent { act=android.intent.action.MAIN cat=[android.intent.category.LAUNCHER] flg=0x10000000 xflg=0x4 cmp=com.catfact.app.feature.facts.test/androidx.test.core.app.InstrumentationActivityInvoker$EmptyActivity }, activity=androidx.test.core.app.InstrumentationActivityInvoker$EmptyActivity@39b6e7e
04-15 09:53:52.686  1542  2103 I SemDvfsHyPerManager: acquire hyper - AMS_ACT_RESUME/1542@19, type = -999
04-15 09:53:52.686  1059  1180 I HYPER-HAL: [RequestManager.cpp]acquire(): Acquired ID : 1219160  [1542 / 19]    HINT : AMS_ACT_RESUME    list :
04-15 09:53:52.686  1151  1151 D SurfaceFlinger: Display 4633128672291735999 HWC layers:
04-15 09:53:52.686  1151  1151 D SurfaceFlinger:        DEVICE |           85332410236964 | 00002102 | RGBA_8888    |    0.0    0.0  720.0 1544.0 |    0    0  720 1544 | com.catfact.app.feature.facts.test/a[...]tyInvoker$EmptyActivity$_19868#18975 (1)
04-15 09:53:52.686  1151  1151 D SurfaceFlinger:        DEVICE |            8589934654687 | 00002100 | RGBA_8888    |    0.0    0.0  720.0   50.0 |    0    0  720   50 | StatusBar$_2000#102 (26602)
04-15 09:53:52.686  1151  1151 D SurfaceFlinger:        DEVICE |           10569914518889 | 00002100 | RGBA_8888    |    0.0    0.0   67.0  353.0 |  653  192  720  545 | com.sec.android.app.launcher/com.sam[...]l.app.CocktailBarService$_2461#16495 (1)
04-15 09:53:52.686  1151  1151 D SurfaceFlinger:        DEVICE |            8589934654691 | 00002100 | RGBA_8888    |    0.0    0.0  720.0   90.0 |    0 1454  720 1544 | NavigationBar0$_2000#98 (17369)
04-15 09:53:52.686  1151  1151 D SurfaceFlinger:
04-15 09:53:52.687  1542  2476 D InputDispatcher: Focus entered window (0): 1c29926 com.catfact.app.feature.facts.test/androidx.test.core.app.InstrumentationActivityInvoker$EmptyActivity
04-15 09:53:52.688  1542  2103 D InputDispatcher: Focused application(0): ActivityRecord{243114305 u0 com.google.android.calendar/.allinone.AllInOneCalendarActivity t3801}
04-15 09:53:52.688  1542  1825 D AS.MultiSoundManager: mForegroundUid = 10279
04-15 09:53:52.688  2000  2120 D ViewRootImpl: desktopMode is false
04-15 09:53:52.689  2000  2120 I ViewRootImpl: dVRR is disabled
04-15 09:53:52.689  1151  1151 I SurfaceFlinger: [Display 0 name="Built-in Screen"#49] setFrameRateCategory: High
04-15 09:53:52.689  1151  1151 I SurfaceFlinger: destroyed Surface(name=3edafdc StatusBar)/@0x3b919ed - animation-leash of insets_animation#18969
04-15 09:53:52.689  1151  1151 I SurfaceFlinger: destroyed Surface(name=8c5cec7 NavigationBar0)/@0xa68870 - animation-leash of insets_animation#18970
04-15 09:53:52.689  1151  1151 I SurfaceFlinger: destroyed Transition Root: ActivityRecord{140358658 u0 com.catfact.app.feature.facts.test/androidx.test.core.app.InstrumentationActivityInvoker$EmptyActivity t3885}#18978
04-15 09:53:52.690  2000  2196 D NativeCustomFrequencyManager: [NativeCFMS] BpCustomFrequencyManager::BpCustomFrequencyManager()
04-15 09:53:52.690  1151  1151 I Layer   : id=18969 Destroyed Surface(name=3edafdc StatusBar)/@0x3b919ed - animation-leash of insets_animation#18969
04-15 09:53:52.690  1151  1151 I Layer   : id=18970 Destroyed Surface(name=8c5cec7 NavigationBar0)/@0xa68870 - animation-leash of insets_animation#18970
04-15 09:53:52.690  1151  1151 I Layer   : id=18978 Destroyed Transition Root: ActivityRecord{140358658 u0 com.catfact.app.feature.facts.test/androidx.test.core.app.InstrumentationActivityInvoker$EmptyActivity t3885}#18978
04-15 09:53:52.690  1151  1151 I BpBinder: onLastStrongRef automatically unlinking death recipients:
04-15 09:53:52.691  2000  2000 D SystemUIService: SYSUI_RAM_OPTIMIZATION onTrimMemory=20
04-15 09:53:52.691  2000  2000 D CentralSurfaces: SYSUI_RAM_OPTIMIZATION onTrimMemory=20
04-15 09:53:52.693  2000  2196 D HWUI    : CacheManager::trimMemory(20)
04-15 09:53:52.693  1542  2103 I WindowManager: Relayout Window{718ff8d u0 com.catfact.app.feature.facts.test/androidx.activity.ComponentActivity}: viewVisibility=8 req=720x1544 ty=1 d0
04-15 09:53:52.694  1542  1598 W libprocessgroup: SetCgroup::ExecuteForProcess: failed to open /dev/cpuctl/foreground-boost/cgroup.procs: No such file or directory
04-15 09:53:52.694  1542  2103 I WindowManager: Relayout hash=718ff8d, pid=19868, syncId=-1: mAttrs={(0,0)(fillxfill) sim={adjust=pan forwardNavigation} layoutInDisplayCutoutMode=always ty=BASE_APPLICATION wanim=0x1030317
04-15 09:53:52.694  1542  2103 I WindowManager:   fl=81810100
04-15 09:53:52.694  1542  2103 I WindowManager:   pfl=100088c0
04-15 09:53:52.694  1542  2103 I WindowManager:   apr=210
04-15 09:53:52.694  1542  2103 I WindowManager:   bhv=1
04-15 09:53:52.694  1542  2103 I WindowManager:   fitSides=0
04-15 09:53:52.694  1542  2103 I WindowManager:   frameRateBoostOnTouch=true
04-15 09:53:52.694  1542  2103 I WindowManager:   dvrrWindowFrameRateHint=true naviIconColor=0}
04-15 09:53:52.694  1542  4235 D InputTransport: Input channel constructed: '695bc29', fd=1250
04-15 09:53:52.694  1542  4235 D InputTransport: Input channel constructed: '695bc29', fd=1256
04-15 09:53:52.695  1542  4235 D InputTransport: Input channel constructed: '695bc29', fd=1263
04-15 09:53:52.695  1542  4235 D InputTransport: Input channel destroyed: '695bc29', fd=1256
04-15 09:53:52.695  1151  1200 I SurfaceFlinger: id=18980 createSurf, flag=84004, 695bc29 Splash Screen com.google.android.calendar#18980
04-15 09:53:52.696 19868 19868 I VRI[ComponentActivity]@a556c4: Relayout returned: old=(0,0,720,1544) new=(0,0,720,1544) relayoutAsync=false req=(720,1544)8 dur=3 res=0x2 s={false 0x0} ch=true seqId=0
04-15 09:53:52.696 19868 19868 D VRI[ComponentActivity]@a556c4: Not drawing due to not visible. Reason=!mAppVisible && !mForceDecorViewVisibility
04-15 09:53:52.696  1542  2475 D GraphicsStatsService: requestRenderEngineFor(com.google.android.calendar)
04-15 09:53:52.696 19868 19868 D VRI[InstrumentationActivityInvoker$EmptyActivity]@2c4abd7: mThreadedRenderer.initializeIfNeeded()#2 mSurface={isValid=true 0xb40000748c5702b0}
04-15 09:53:52.696  1542  1678 D InputDispatcher: Focus left window (0): 1c29926 com.catfact.app.feature.facts.test/androidx.test.core.app.InstrumentationActivityInvoker$EmptyActivity
04-15 09:53:52.696 19868 19868 D InputMethodManagerUtils: startInputInner - Id : 0
04-15 09:53:52.696 19868 19868 I InputMethodManager: startInputInner - IInputMethodManagerGlobalInvoker.startInputOrWindowGainedFocus
04-15 09:53:52.697 19868 19868 I ImeFocusController: onPreWindowFocus: skipped hasWindowFocus=false mHasImeFocus=true
04-15 09:53:52.697 19868 19868 I ImeFocusController: onPostWindowFocus: skipped hasWindowFocus=false mHasImeFocus=true
04-15 09:53:52.698  1542  4235 D InputTransport: Input channel destroyed: '695bc29', fd=1263
04-15 09:53:52.698  1151  1151 I SurfaceFlinger: [695bc29 Splash Screen com.google.android.calendar#18980] attach to parent LayerHierarchy{RequestedLayerState{ActivityRecord{243114305 u0 com.google.android.calendar/.allinone.AllInOneCalendarActivity t3801}#16293 parentId=16292} 2 children}
04-15 09:53:52.698  2000  2120 D InputTransport: Input channel constructed: '695bc29', fd=679
04-15 09:53:52.698  2000  2120 I InsetsController: onStateChanged: host=Splash Screen com.google.android.calendar, from=android.view.ViewRootImpl.onInsetsStateChanged:3026, state=InsetsState: {mDisplayFrame=Rect(0, 0 - 720, 1544), mDisplayCutout=DisplayCutout{insets=Rect(0, 50 - 0, 0) waterfall=Insets{left=0, top=0, right=0, bottom=0} boundingRect={Bounds=[Rect(0, 0 - 0, 0), Rect(341, 0 - 379, 50), Rect(0, 0 - 0, 0), Rect(0, 0 - 0, 0)]} cutoutPathParserInfo={CutoutPathParserInfo{displayWidth=720 displayHeight=1544 physicalDisplayWidth=720 physicalDisplayHeight=1544 density={1.875} cutoutSpec={M 0,0 H -10 V 26.66666666666667 H 10 V 0 H 0 Z @dp} rotation={0} scale={1.0} physicalPixelDisplaySizeRatio={1.0}}} sideOverrides={}}, mRoundedCorners=RoundedCorners{[RoundedCorner{position=TopLeft, radius=8, center=Point(8, 8)}, RoundedCorner{position=TopRight, radius=8, center=Point(712, 8)}, RoundedCorner{position=BottomRight, radius=8, center=Point(712, 1536)}, RoundedCorner{position=BottomLeft, radius=8, center=Point(8, 1536)}]}  mRoundedCornerFrame=Rect(0, 0 - 720, 1544), mPrivacyIndicatorBounds=PrivacyIndicatorBounds {static bounds=Rect(637, 0 - 720, 50) rotation=0}, mDisplayShape=DisplayShape{ spec=-311912193 displayWidth=720 displayHeight=1544 physicalPixelDisplaySizeRatio=0.5 rotation=0 offsetX=0 offsetY=0 scale=1.0}, mSources= { InsetsSource: {ec730001 mType=navigationBars mFrame=[0,1454][720,1544] mVisible=true mFlags= mSideHint=BOTTOM mBoundingRects=null}, InsetsSource: {ec730004 mType=systemGestures mFrame=[0,0][0,0] mVisible=true mFlags= mSideHint=NONE mBoundingRects=null}, InsetsSource: {ec730005 mType=mandatorySystemGestures mFrame=[0,1454][720,1544] mVisible=true mFlags= mSideHint=BOTTOM mBoundingRects=null}, InsetsSource: {ec730006 mType=tappableElement mFrame=[0,1454][720,1544] mVisible=true mFlags= mSideHint=BOTTOM mBoundingRects=null}, InsetsSource: {ec730024 mType=systemGestures mFrame=[0,0][0,0] mVisible=true mFlags= mSideHint=NONE mBoundingRects=null}, InsetsSource: {3 mType=ime mFrame=[0,0][0,0] mVisible=false mFlags= mSideHint=NONE mBoundingRects=null}, InsetsSource: {27 mType=displayCutout mFrame=[0,0][720,50] mVisible=true mFlags= mSideHint=TOP mBoundingRects=null}, InsetsSource: {43950000 mType=statusBars mFrame=[0,0][720,50] mVisible=true mFlags= mSideHint=TOP mBoundingRects=null}, InsetsSource: {43950005 mType=mandatorySystemGestures mFrame=[0,0][720,73] mVisible=true mFlags= mSideHint=TOP mBoundingRects=null}, InsetsSource: {43950006 mType=tappableElement mFrame=[0,0][720,50] mVisible=true mFlags= mSideHint=TOP mBoundingRects=null} }
04-15 09:53:52.698  2000  2120 I VRI[calendar]@312a209: onActiveControlsChanged, removed=false, mAdded=true, caller=android.view.ViewRootImpl.handleInsetsControlChanged:3002 android.view.ViewRootImpl.setView:2014 android.view.WindowManagerGlobal.addView:604 com.android.wm.shell.startingsurface.SplashscreenWindowCreator.addWindow:38 com.android.wm.shell.startingsurface.StartingWindowController$$ExternalSyntheticLambda4.run:1365
04-15 09:53:52.699  2000  2120 I VRI[calendar]@312a209: synced displayState. AttachInfo displayState=2
04-15 09:53:52.699  2000  2120 I VRI[calendar]@312a209: setView = android.widget.FrameLayout@94543c IsHRR=false mFlingFrameRateChange=0 TM=true
04-15 09:53:52.700  1542  1582 D PkgPredictorService-SecIpmManagerServiceImpl: onForegroundActivitiesChanged pid:3979 uid:10279
04-15 09:53:52.701  2000  2196 D HWUI    : HWUI - treat SMPTE_170M as sRGB
04-15 09:53:52.701  1542  1582 D NetworkPolicy: already checked 10279
04-15 09:53:52.702  1542  1582 D NetworkPolicy: already checked 10279
04-15 09:53:52.705  1218  6568 I CameraService: onUidStateChanged: uid=10048, procState is changed. (0 -> 1)
04-15 09:53:52.706  1542  2476 I WindowManager: Relayout Window{695bc29 u0 Splash Screen com.google.android.calendar}: viewVisibility=0 req=720x1544 ty=3 d0
04-15 09:53:52.706  2000  2000 I {OngoingActivityController}: onTaskFocusChanged but OA data is empty
04-15 09:53:52.706  1151  2479 I SurfaceFlinger: id=18981 createSurf, flag=44004, Splash Screen com.google.android.calendar$_2000#18981
04-15 09:53:52.706  1151  1151 I SurfaceFlinger: RequestedLayer [com.catfact.app.feature.facts.test/a[...]ivity.ComponentActivity$_19868#18966] hidden!! flag  from(0) --> to(1)
04-15 09:53:52.706  1151  1151 I SurfaceFlinger: [Splash Screen com.google.android.calendar$_2000#18981] attach to parent LayerHierarchy{RequestedLayerState{695bc29 Splash Screen com.google.android.calendar#18980 parentId=16293} 1 children}
04-15 09:53:52.708  1542  2476 D SurfaceComposerClient: setCornerRadius ## 695bc29 Splash Screen com.google.android.calendar#18980 cornerRadius=0.000000
04-15 09:53:52.708  1542  2476 D SurfaceComposerClient: setCornerRadius ## 695bc29 Splash Screen com.google.android.calendar#18980 cornerRadius=0.000000
04-15 09:53:52.709  2461  4418 I HoneySpace.RecentTasks: onRecentTasksChanged
04-15 09:53:52.709  1542  2476 I WindowManager: Relayout hash=695bc29, pid=2000, syncId=-1: mAttrs={(0,0)(fillxfill) sim={adjust=pan} layoutInDisplayCutoutMode=always ty=APPLICATION_STARTING fmt=TRANSLUCENT wanim=0x1030317
04-15 09:53:52.709  1542  2476 I WindowManager:   fl=81030118
04-15 09:53:52.709  1542  2476 I WindowManager:   pfl=10000810
04-15 09:53:52.709  1542  2476 I WindowManager:   bhv=1
04-15 09:53:52.709  1542  2476 I WindowManager:   fitSides=0
04-15 09:53:52.709  1542  2476 I WindowManager:   frameRateBoostOnTouch=true
04-15 09:53:52.709  1542  2476 I WindowManager:   dvrrWindowFrameRateHint=true naviIconColor=0}
04-15 09:53:52.710  2000  2120 I VRI[calendar]@312a209: onActiveControlsChanged, removed=false, mAdded=true, caller=android.view.ViewRootImpl.handleInsetsControlChanged:3002 android.view.ViewRootImpl.relayoutWindow:11629 android.view.ViewRootImpl.performTraversals:4804 android.view.ViewRootImpl.doTraversal:3924 android.view.ViewRootImpl$TraversalRunnable.run:12903
04-15 09:53:52.710  2461  2584 I HoneySpace.TopTaskSource: onTaskMovedToFront : taskId = 3514, displayId = 0
04-15 09:53:52.710  2461  2584 I HoneySpace.TopTaskSource: onTaskMovedToFront : taskId = 3801, displayId = 0
04-15 09:53:52.710  2461  2584 I HoneySpace.TopTaskSource: onTaskFocusChanged(): taskId = 3801
04-15 09:53:52.711 18525 18790 I Rubin   : [146] M.c0.k(Unknown Source) : Notify com.samsung.android.rubin.inferenceengine.contextanalytics.engine.loggers.AppUsageLogger's database is updated.
04-15 09:53:52.712  3979  3979 I DecorView: setWindowBackground: isPopOver=false color=ff121318 d=android.graphics.drawable.ColorDrawable@485f7c0
04-15 09:53:52.712  2000  2120 I BLASTBufferQueue_Java: new BLASTBufferQueue, mName= VRI[calendar]@312a209 mNativeObject= 0xb40000741d2c6cf0 caller= android.view.ViewRootImpl.updateBlastSurfaceIfNeeded:3585 android.view.ViewRootImpl.relayoutWindow:11685 android.view.ViewRootImpl.performTraversals:4804 android.view.ViewRootImpl.doTraversal:3924 android.view.ViewRootImpl$TraversalRunnable.run:12903 android.view.Choreographer$CallbackRecord.run:1901 android.view.Choreographer$CallbackRecord.run:1910 android.view.Choreographer.doCallbacks:1367 android.view.Choreographer.doFrame:1292 android.view.Choreographer$FrameDisplayEventReceiver.run:1870
04-15 09:53:52.713  2000  2120 I BLASTBufferQueue_Java: update, w= 720 h= 1544 mName = VRI[calendar]@312a209 mNativeObject= 0xb40000741d2c6cf0 sc.mNativeObject= 0xb40000751c58a310 format= -3 caller= android.view.ViewRootImpl.updateBlastSurfaceIfNeeded:3590 android.view.ViewRootImpl.relayoutWindow:11685 android.view.ViewRootImpl.performTraversals:4804 android.view.ViewRootImpl.doTraversal:3924 android.view.ViewRootImpl$TraversalRunnable.run:12903 android.view.Choreographer$CallbackRecord.run:1901
04-15 09:53:52.713  3723 15452 I [AirCmd]_ActivitySwitchDetector: onTaskFocusChanged : taskId=3801, componentName=ComponentInfo{com.google.android.calendar/com.google.android.calendar.allinone.AllInOneCalendarActivity}
04-15 09:53:52.713  3723 15452 I [AirCmd]_ActivitySwitchDetector: onTaskFocusChanged :mTopMostActivity = ComponentInfo{com.catfact.app.feature.facts.test/androidx.activity.ComponentActivity}
04-15 09:53:52.713  2000  2120 I VRI[calendar]@312a209: Relayout returned: old=(0,0,720,1544) new=(0,0,720,1544) relayoutAsync=false req=(720,1544)0 dur=10 res=0x3 s={true 0xb40000748cc1a1b0} ch=true seqId=0
04-15 09:53:52.713  2000  2120 I VRI[calendar]@312a209: performConfigurationChange setNightDimText nightDimLevel=0
04-15 09:53:52.713  3723 15452 I [AirCmd]_CallbackRepeater: stopRepeat : isWorking=false
04-15 09:53:52.713  3723 15452 I [AirCmd]_MediaControlStateMonitor: isForegroundAppSupportsMediaButton : mediaSession is empty
04-15 09:53:52.714  2000  2120 D VRI[calendar]@312a209: mThreadedRenderer.initialize() mSurface={isValid=true 0xb40000748cc1a1b0} hwInitialized=true
04-15 09:53:52.714  2000  2120 D VRI[calendar]@312a209: reportNextDraw android.view.ViewRootImpl.performTraversals:5443 android.view.ViewRootImpl.doTraversal:3924 android.view.ViewRootImpl$TraversalRunnable.run:12903 android.view.Choreographer$CallbackRecord.run:1901 android.view.Choreographer$CallbackRecord.run:1910
04-15 09:53:52.714  2000  2120 D VRI[calendar]@312a209: Setup new sync=wmsSync-VRI[calendar]@312a209#24
04-15 09:53:52.714  2000  2120 I VRI[calendar]@312a209: Creating new active sync group VRI[calendar]@312a209#25
04-15 09:53:52.714  2000  2120 D VRI[calendar]@312a209: registerCallbacksForSync syncBuffer=false
04-15 09:53:52.715  2000  2195 D VRI[calendar]@312a209: Received frameDrawingCallback syncResult=0 frameNum=1.
04-15 09:53:52.715  3723 15452 E [AirCmd]_MediaControlStateMonitor: getActiveNotificationPackageName : notification service monitor is null
04-15 09:53:52.715  2000  2195 I VRI[calendar]@312a209: mWNT: t=0xb4000074fc727390 mBlastBufferQueue=0xb40000741d2c6cf0 fn= 1 HdrRenderState mRenderHdrSdrRatio=1.0 caller= android.view.ViewRootImpl$12.onFrameDraw:15441 android.view.ThreadedRenderer$1.onFrameDraw:718 <bottom of call stack>
04-15 09:53:52.715  2000  2195 I VRI[calendar]@312a209: Setting up sync and frameCommitCallback
04-15 09:53:52.715  3723 15452 I [AirCmd]_ButtonEventDetectionThread: enableDoubleClickDetection: enabled= true, doubleClickWaitInterval=300
04-15 09:53:52.715  2461  2586 I HoneySpace.TopTaskUseCase: topTasks 3801 ComponentInfo{com.google.android.calendar/com.google.android.calendar.allinone.AllInOneCalendarActivity}[displayId=0]
04-15 09:53:52.716  2461  2461 I HoneySpace.EdgePanel.CocktailHostRepositoryImpl: onNoteResume
04-15 09:53:52.716  2461  2461 I HoneySpace.EdgePanel.EdgePanelContainerViewModel: cocktailHostRepository.edgePanelOperation NoteResumeComponent(componentName=ComponentInfo{com.google.android.calendar/com.google.android.calendar.allinone.AllInOneCalendarActivity})
04-15 09:53:52.716  2000  2196 I BLASTBufferQueue: [VRI[calendar]@312a209#864](f:0,a:0,s:0) onFrameAvailable the first frame is available
04-15 09:53:52.716  2461  2461 I HoneySpace.EdgePanel.ActivityUtils: HomePackage : com.sec.android.app.launcher, resumePackageName : com.google.android.calendar, className : com.google.android.calendar.allinone.AllInOneCalendarActivity
04-15 09:53:52.716  2000  2196 I VRI[calendar]@312a209: Received frameCommittedCallback lastAttemptedDrawFrameNum=1 didProduceBuffer=true
04-15 09:53:52.716  1151  1199 I SurfaceFlinger: [Splash Screen com.google.android.calendar$_2000#18981] setTransactionState with the first frame. bufferData(ID: 8589934656042, frameNumber: 1)
04-15 09:53:52.719  2000  2196 D HWUI    : CFMS:: SetUp Pid : 2000    Tid : 2196
04-15 09:53:52.721  2000  2120 D VRI[calendar]@312a209: reportDrawFinished seqId=0
04-15 09:53:52.721  1542  1585 D SurfaceComposerClient: setCornerRadius ## 695bc29 Splash Screen com.google.android.calendar#18980 cornerRadius=0.000000
04-15 09:53:52.722  1542  1585 D SurfaceComposerClient: setCornerRadius ## 695bc29 Splash Screen com.google.android.calendar#18980 cornerRadius=0.000000
04-15 09:53:52.723  1151  1200 I SurfaceFlinger: id=18982 createSurf, flag=84004, Transition Root: Task=3801#18982
04-15 09:53:52.723  1151  1151 I SurfaceFlinger: [Transition Root: Task=3801#18982] attach to parent LayerHierarchy{RequestedLayerState{DefaultTaskDisplayArea_d0#10 parentId=9} 17 children}
04-15 09:53:52.725  1542  1585 I SurfaceControlRegistry: show, t=StartTransaction_SyncId<1693> sc=ActivityRecord{243114305 u0 com.google.android.calendar/.allinone.AllInOneCalendarActivity t3801}, caller=android.view.SurfaceControl$Transaction.show:3557 com.android.server.wm.Transition.onTransactionReady:2048 com.android.server.wm.BLASTSyncEngine$SyncGroup.finishNow:240 com.android.server.wm.BLASTSyncEngine.onSurfacePlacement:263 com.android.server.wm.RootWindowContainer.performSurfacePlacementNoTrace:1083 com.android.server.wm.WindowSurfacePlacer.performSurfacePlacement:166
04-15 09:53:52.725  1542  1585 D SurfaceComposerClient: setCornerRadius ## Task=3885#18958 cornerRadius=0.000000
04-15 09:53:52.725  1542  1585 D SurfaceComposerClient: setCornerRadius ## Task=3801#16292 cornerRadius=0.000000
04-15 09:53:52.726  1542  1585 D ScreenCapture: [Capture_TEST] : setIsScreenShotBySystem false
04-15 09:53:52.726  1542  1585 I SurfaceComposerClient: captureLayers:childrenOnly:1, sync:1
04-15 09:53:52.727  2000  2105 I SurfaceControlRegistry: hide, t=FinishTransaction_SyncId<1693> sc=Task=3885, caller=android.view.SurfaceControl$Transaction.hide:3583 com.android.wm.shell.transition.Transitions.dispatchReady:1263 com.android.wm.shell.transition.Transitions.onTransitionReady:251 com.android.wm.shell.transition.Transitions$TransitionPlayerImpl$$ExternalSyntheticLambda0.run:13 android.os.Handler.handleCallback:995 android.os.Handler.dispatchMessage:103
04-15 09:53:52.727  2000  2105 I SurfaceControlRegistry: show, t=StartTransaction_SyncId<1693> sc=Task=3801, caller=android.view.SurfaceControl$Transaction.show:3557 com.android.wm.shell.transition.Transitions.dispatchReady:1279 com.android.wm.shell.transition.Transitions.onTransitionReady:251 com.android.wm.shell.transition.Transitions$TransitionPlayerImpl$$ExternalSyntheticLambda0.run:13 android.os.Handler.handleCallback:995 android.os.Handler.dispatchMessage:103
04-15 09:53:52.727  2000  2105 I SurfaceControlRegistry: show, t=FinishTransaction_SyncId<1693> sc=Task=3801, caller=android.view.SurfaceControl$Transaction.show:3557 com.android.wm.shell.transition.Transitions.dispatchReady:1330 com.android.wm.shell.transition.Transitions.onTransitionReady:251 com.android.wm.shell.transition.Transitions$TransitionPlayerImpl$$ExternalSyntheticLambda0.run:13 android.os.Handler.handleCallback:995 android.os.Handler.dispatchMessage:103
