04-15 09:53:50.529 19868 19888 I TestRunner: started: factsListDisplaysItems(com.catfact.app.feature.facts.presentation.FactsScreenTest)
04-15 09:53:50.531  1151  1151 I SurfaceFlinger: destroyed Task=3883#18922
04-15 09:53:50.533  1151  1151 I Layer   : id=18922 Destroyed Task=3883#18922
04-15 09:53:50.543 19868 19888 D IdlingRegistry: Registering idling resources: [androidx.compose.ui.test.EspressoLink@ce7b174]
04-15 09:53:50.549 19868 19888 W Settings: Setting always_finish_activities has moved from android.provider.Settings.System to android.provider.Settings.Global, returning read-only value.
04-15 09:53:50.556  1542  2484 I SemDvfsHyPerManager: acquire hyper - AMS_APP_SWITCH/1542@28, type = -999
04-15 09:53:50.556  1059  1180 I HYPER-HAL: [RequestManager.cpp]acquire(): Acquired ID : 1233263  [1542 / 28]    HINT : AMS_APP_SWITCH    list :
04-15 09:53:50.557  3963  3963 I SemDvfsHyPerManager: acquire hyper - APP_START_SHORT/3963@17, type = -999
04-15 09:53:50.557  1151  2479 I SurfaceFlinger: id=18923 createSurf, flag=24004, Task=3884#18923
04-15 09:53:50.558  1059  1180 I HYPER-HAL: [ResourceManager.cpp]updateResource(): [CPULittleMinFreq] UpdateResource Request ID : 1233263    Value : 1824000
04-15 09:53:50.560  1151  1199 I SurfaceFlinger: id=18924 createSurf, flag=84004, ActivityRecord{225693836 u0 com.catfact.app.feature.facts.test/androidx.activity.ComponentActivity t3884}#18924
04-15 09:53:50.560  1059  1180 I HYPER-HAL: [RequestManager.cpp]acquire(): Acquired ID : 7922207  [3963 / 17]    HINT : APP_START    list : [TIMEOUT / 1500]
04-15 09:53:50.564  2000  2120 D ViewRootImpl: desktopMode is false
04-15 09:53:50.564  2000  2120 I ViewRootImpl: dVRR is disabled
04-15 09:53:50.564  2000  2196 D NativeCustomFrequencyManager: [NativeCFMS] BpCustomFrequencyManager::BpCustomFrequencyManager()
04-15 09:53:50.564  1151  1151 I SurfaceFlinger: [Task=3884#18923] attach to parent LayerHierarchy{RequestedLayerState{DefaultTaskDisplayArea_d0#10 parentId=9} 16 children}
04-15 09:53:50.564  1151  1151 I SurfaceFlinger: [ActivityRecord{225693836 u0 com.catfact.app.feature.facts.test/androidx.activity.ComponentActivity t3884}#18924] attach to parent LayerHierarchy{RequestedLayerState{Task=3884#18923 parentId=10} 1 children}
04-15 09:53:50.565  1542  2161 I SemDvfsHyPerManager: acquire hyper - AMS_APP_LAUNCH/1542@21, type = -999
04-15 09:53:50.566  3152  3152 E pageboostd: Received HALT command code 2
04-15 09:53:50.566  1059  1180 I HYPER-HAL: [RequestManager.cpp]acquire(): Acquired ID : 1222287  [1542 / 21]    HINT : AMS_APP_LAUNCH    list :
04-15 09:53:50.566  1542  1678 D InputTransport: Input channel constructed: '6751089', fd=1041
04-15 09:53:50.566  1542  1678 D InputTransport: Input channel constructed: '6751089', fd=1146
04-15 09:53:50.566  1542  1678 D InputTransport: Input channel constructed: '6751089', fd=1178
04-15 09:53:50.566  1542  1678 D InputTransport: Input channel destroyed: '6751089', fd=1146
04-15 09:53:50.566  1059  1180 I HYPER-HAL: [ResourceManager.cpp]updateResource(): [CPULittleMinFreq] UpdateResource Request ID : 1222287    Value : 1824000
04-15 09:53:50.567  1151  1199 I SurfaceFlinger: id=18925 createSurf, flag=84004, 6751089 Splash Screen com.catfact.app.feature.facts.test#18925
04-15 09:53:50.567  3963  3963 I SemDvfsHyPerManager: acquire hyper - APP_START/3963@19, type = -999
04-15 09:53:50.567  2000  2105 D ShellDesktopMode: handleRequest: TransitionRequestInfo {type=1, tid=3884, debugId=1688}
04-15 09:53:50.567  1059  1180 I HYPER-HAL: [RequestManager.cpp]acquire(): Acquired ID : 7930172  [3963 / 19]    HINT : APP_START    list :
04-15 09:53:50.568  1542  1678 D InputTransport: Input channel destroyed: '6751089', fd=1178
04-15 09:53:50.568  2000  2120 D InputTransport: Input channel constructed: '6751089', fd=522
04-15 09:53:50.568  2000  2120 I InsetsController: onStateChanged: host=Splash Screen com.catfact.app.feature.facts.test, from=android.view.ViewRootImpl.onInsetsStateChanged:3026, state=InsetsState: {mDisplayFrame=Rect(0, 0 - 720, 1544), mDisplayCutout=DisplayCutout{insets=Rect(0, 50 - 0, 0) waterfall=Insets{left=0, top=0, right=0, bottom=0} boundingRect={Bounds=[Rect(0, 0 - 0, 0), Rect(341, 0 - 379, 50), Rect(0, 0 - 0, 0), Rect(0, 0 - 0, 0)]} cutoutPathParserInfo={CutoutPathParserInfo{displayWidth=720 displayHeight=1544 physicalDisplayWidth=720 physicalDisplayHeight=1544 density={1.875} cutoutSpec={M 0,0 H -10 V 26.66666666666667 H 10 V 0 H 0 Z @dp} rotation={0} scale={1.0} physicalPixelDisplaySizeRatio={1.0}}} sideOverrides={}}, mRoundedCorners=RoundedCorners{[RoundedCorner{position=TopLeft, radius=8, center=Point(8, 8)}, RoundedCorner{position=TopRight, radius=8, center=Point(712, 8)}, RoundedCorner{position=BottomRight, radius=8, center=Point(712, 1536)}, RoundedCorner{position=BottomLeft, radius=8, center=Point(8, 1536)}]}  mRoundedCornerFrame=Rect(0, 0 - 720, 1544), mPrivacyIndicatorBounds=PrivacyIndicatorBounds {static bounds=Rect(637, 0 - 720, 50) rotation=0}, mDisplayShape=DisplayShape{ spec=-311912193 displayWidth=720 displayHeight=1544 physicalPixelDisplaySizeRatio=0.5 rotation=0 offsetX=0 offsetY=0 scale=1.0}, mSources= { InsetsSource: {ec730001 mType=navigationBars mFrame=[0,1454][720,1544] mVisible=true mFlags= mSideHint=BOTTOM mBoundingRects=null}, InsetsSource: {ec730004 mType=systemGestures mFrame=[0,0][0,0] mVisible=true mFlags= mSideHint=NONE mBoundingRects=null}, InsetsSource: {ec730005 mType=mandatorySystemGestures mFrame=[0,1454][720,1544] mVisible=true mFlags= mSideHint=BOTTOM mBoundingRects=null}, InsetsSource: {ec730006 mType=tappableElement mFrame=[0,1454][720,1544] mVisible=true mFlags= mSideHint=BOTTOM mBoundingRects=null}, InsetsSource: {ec730024 mType=systemGestures mFrame=[0,0][0,0] mVisible=true mFlags= mSideHint=NONE mBoundingRects=null}, InsetsSource: {27 mType=displayCutout mFrame=[0,0][720,50] mVisible=true mFlags= mSideHint=TOP mBoundingRects=null}, InsetsSource: {43950000 mType=statusBars mFrame=[0,0][720,50] mVisible=true mFlags= mSideHint=TOP mBoundingRects=null}, InsetsSource: {43950005 mType=mandatorySystemGestures mFrame=[0,0][720,73] mVisible=true mFlags= mSideHint=TOP mBoundingRects=null}, InsetsSource: {43950006 mType=tappableElement mFrame=[0,0][720,50] mVisible=true mFlags= mSideHint=TOP mBoundingRects=null} }
04-15 09:53:50.569  2000  2120 I VRI[test]@849c655: onActiveControlsChanged, removed=false, mAdded=true, caller=android.view.ViewRootImpl.handleInsetsControlChanged:3002 android.view.ViewRootImpl.setView:2014 android.view.WindowManagerGlobal.addView:604 com.android.wm.shell.startingsurface.SplashscreenWindowCreator.addWindow:38 com.android.wm.shell.startingsurface.StartingWindowController$$ExternalSyntheticLambda4.run:1365
04-15 09:53:50.569  2000  2120 I VRI[test]@849c655: synced displayState. AttachInfo displayState=2
04-15 09:53:50.569  2000  2120 I VRI[test]@849c655: setView = android.widget.FrameLayout@453e837 IsHRR=false mFlingFrameRateChange=0 TM=true
04-15 09:53:50.569  2000  2196 D HWUI    : HWUI - treat SMPTE_170M as sRGB
04-15 09:53:50.571  2461  4179 I HoneySpace.RecentTasks: onRecentTasksChanged
04-15 09:53:50.571  2461  4418 I HoneySpace.RecentTasks: onRecentTasksChanged
04-15 09:53:50.572  2461  2584 I HoneySpace.TopTaskSource: onTaskMovedToFront : taskId = 3884, displayId = 0
04-15 09:53:50.572  2461  2586 I HoneySpace.TopTaskUseCase: topTasks 3884 ComponentInfo{com.catfact.app.feature.facts.test/androidx.activity.ComponentActivity}[displayId=0]
04-15 09:53:50.573  1151  1151 I SurfaceFlinger: [Display 0 name="Built-in Screen"#49] setFrameRateCategory: High
04-15 09:53:50.573  1151  1151 I SurfaceFlinger: [6751089 Splash Screen com.catfact.app.feature.facts.test#18925] attach to parent LayerHierarchy{RequestedLayerState{ActivityRecord{225693836 u0 com.catfact.app.feature.facts.test/androidx.activity.ComponentActivity t3884}#18924 parentId=18923} 1 children}
04-15 09:53:50.575  1218  1218 I CameraService: onUidStateChanged: uid=10048, procState is changed. (0 -> 1)
04-15 09:53:50.575  1542  4235 D InputDispatcher: Focused application(0): ActivityRecord{225693836 u0 com.catfact.app.feature.facts.test/androidx.activity.ComponentActivity t3884}
04-15 09:53:50.576  3979  3988 I ndroid.calendar: Background concurrent mark compact GC freed 41MB AllocSpace bytes, 2(32KB) LOS objects, 60% free, 31MB/79MB, paused 1.917ms,3.198ms total 101.588ms
04-15 09:53:50.577  1542  4235 D SurfaceComposerClient: setCornerRadius ## 6751089 Splash Screen com.catfact.app.feature.facts.test#18925 cornerRadius=0.000000
04-15 09:53:50.577  1542  4235 D SurfaceComposerClient: setCornerRadius ## 6751089 Splash Screen com.catfact.app.feature.facts.test#18925 cornerRadius=0.000000
04-15 09:53:50.578  1542  1678 I WindowManager: Relayout Window{6751089 u0 Splash Screen com.catfact.app.feature.facts.test}: viewVisibility=0 req=720x1544 ty=3 d0
04-15 09:53:50.578  1151  1199 I SurfaceFlinger: id=18926 createSurf, flag=44004, Splash Screen com.catfact.app.feature.facts.test$_2000#18926
04-15 09:53:50.579  1542  4235 D GraphicsStatsService: requestRenderEngineFor(com.catfact.app.feature.facts.test)
04-15 09:53:50.580  1542  1678 D SurfaceComposerClient: setCornerRadius ## 6751089 Splash Screen com.catfact.app.feature.facts.test#18925 cornerRadius=0.000000
04-15 09:53:50.580  1542  1678 D SurfaceComposerClient: setCornerRadius ## 6751089 Splash Screen com.catfact.app.feature.facts.test#18925 cornerRadius=0.000000
04-15 09:53:50.580  1542  1678 I WindowManager: Relayout hash=6751089, pid=2000, syncId=-1: mAttrs={(0,0)(fillxfill) sim={adjust=pan} layoutInDisplayCutoutMode=always ty=APPLICATION_STARTING fmt=TRANSLUCENT wanim=0x1030317
04-15 09:53:50.580  1542  1678 I WindowManager:   fl=81030118
04-15 09:53:50.580  1542  1678 I WindowManager:   pfl=10000810
04-15 09:53:50.580  1542  1678 I WindowManager:   apr=18
04-15 09:53:50.580  1542  1678 I WindowManager:   bhv=1
04-15 09:53:50.580  1542  1678 I WindowManager:   fitSides=0
04-15 09:53:50.580  1542  1678 I WindowManager:   frameRateBoostOnTouch=true
04-15 09:53:50.580  1542  1678 I WindowManager:   dvrrWindowFrameRateHint=true naviIconColor=0}
04-15 09:53:50.580  1542  1825 D AS.MultiSoundManager: mForegroundUid = 10749
04-15 09:53:50.581  1151  1151 I SurfaceFlinger: [Splash Screen com.catfact.app.feature.facts.test$_2000#18926] attach to parent LayerHierarchy{RequestedLayerState{6751089 Splash Screen com.catfact.app.feature.facts.test#18925 parentId=18924} 1 children}
04-15 09:53:50.581  2000  2120 I InsetsController: onStateChanged: host=Splash Screen com.catfact.app.feature.facts.test, from=android.view.ViewRootImpl.onInsetsStateChanged:3026, state=InsetsState: {mDisplayFrame=Rect(0, 0 - 720, 1544), mDisplayCutout=DisplayCutout{insets=Rect(0, 50 - 0, 0) waterfall=Insets{left=0, top=0, right=0, bottom=0} boundingRect={Bounds=[Rect(0, 0 - 0, 0), Rect(341, 0 - 379, 50), Rect(0, 0 - 0, 0), Rect(0, 0 - 0, 0)]} cutoutPathParserInfo={CutoutPathParserInfo{displayWidth=720 displayHeight=1544 physicalDisplayWidth=720 physicalDisplayHeight=1544 density={1.875} cutoutSpec={M 0,0 H -10 V 26.66666666666667 H 10 V 0 H 0 Z @dp} rotation={0} scale={1.0} physicalPixelDisplaySizeRatio={1.0}}} sideOverrides={}}, mRoundedCorners=RoundedCorners{[RoundedCorner{position=TopLeft, radius=8, center=Point(8, 8)}, RoundedCorner{position=TopRight, radius=8, center=Point(712, 8)}, RoundedCorner{position=BottomRight, radius=8, center=Point(712, 1536)}, RoundedCorner{position=BottomLeft, radius=8, center=Point(8, 1536)}]}  mRoundedCornerFrame=Rect(0, 0 - 720, 1544), mPrivacyIndicatorBounds=PrivacyIndicatorBounds {static bounds=Rect(637, 0 - 720, 50) rotation=0}, mDisplayShape=DisplayShape{ spec=-311912193 displayWidth=720 displayHeight=1544 physicalPixelDisplaySizeRatio=0.5 rotation=0 offsetX=0 offsetY=0 scale=1.0}, mSources= { InsetsSource: {ec730001 mType=navigationBars mFrame=[0,1454][720,1544] mVisible=true mFlags= mSideHint=BOTTOM mBoundingRects=null}, InsetsSource: {ec730004 mType=systemGestures mFrame=[0,0][0,0] mVisible=true mFlags= mSideHint=NONE mBoundingRects=null}, InsetsSource: {ec730005 mType=mandatorySystemGestures mFrame=[0,1454][720,1544] mVisible=true mFlags= mSideHint=BOTTOM mBoundingRects=null}, InsetsSource: {ec730006 mType=tappableElement mFrame=[0,1454][720,1544] mVisible=true mFlags= mSideHint=BOTTOM mBoundingRects=null}, InsetsSource: {ec730024 mType=systemGestures mFrame=[0,0][0,0] mVisible=true mFlags= mSideHint=NONE mBoundingRects=null}, InsetsSource: {3 mType=ime mFrame=[0,0][0,0] mVisible=false mFlags= mSideHint=NONE mBoundingRects=null}, InsetsSource: {27 mType=displayCutout mFrame=[0,0][720,50] mVisible=true mFlags= mSideHint=TOP mBoundingRects=null}, InsetsSource: {43950000 mType=statusBars mFrame=[0,0][720,50] mVisible=true mFlags= mSideHint=TOP mBoundingRects=null}, InsetsSource: {43950005 mType=mandatorySystemGestures mFrame=[0,0][720,73] mVisible=true mFlags= mSideHint=TOP mBoundingRects=null}, InsetsSource: {43950006 mType=tappableElement mFrame=[0,0][720,50] mVisible=true mFlags= mSideHint=TOP mBoundingRects=null} }
04-15 09:53:50.581  2000  2120 I VRI[test]@849c655: onActiveControlsChanged, removed=false, mAdded=true, caller=android.view.ViewRootImpl.handleInsetsControlChanged:3002 android.view.ViewRootImpl.relayoutWindow:11629 android.view.ViewRootImpl.performTraversals:4804 android.view.ViewRootImpl.doTraversal:3924 android.view.ViewRootImpl$TraversalRunnable.run:12903
04-15 09:53:50.583  2000  2120 I BLASTBufferQueue_Java: new BLASTBufferQueue, mName= VRI[test]@849c655 mNativeObject= 0xb40000741d1232d0 caller= android.view.ViewRootImpl.updateBlastSurfaceIfNeeded:3585 android.view.ViewRootImpl.relayoutWindow:11685 android.view.ViewRootImpl.performTraversals:4804 android.view.ViewRootImpl.doTraversal:3924 android.view.ViewRootImpl$TraversalRunnable.run:12903 android.view.Choreographer$CallbackRecord.run:1901 android.view.Choreographer$CallbackRecord.run:1910 android.view.Choreographer.doCallbacks:1367 android.view.Choreographer.doFrame:1292 android.view.Choreographer$FrameDisplayEventReceiver.run:1870
04-15 09:53:50.583  2000  2120 I BLASTBufferQueue_Java: update, w= 720 h= 1544 mName = VRI[test]@849c655 mNativeObject= 0xb40000741d1232d0 sc.mNativeObject= 0xb40000751c591390 format= -3 caller= android.view.ViewRootImpl.updateBlastSurfaceIfNeeded:3590 android.view.ViewRootImpl.relayoutWindow:11685 android.view.ViewRootImpl.performTraversals:4804 android.view.ViewRootImpl.doTraversal:3924 android.view.ViewRootImpl$TraversalRunnable.run:12903 android.view.Choreographer$CallbackRecord.run:1901
04-15 09:53:50.583  2000  2120 I VRI[test]@849c655: Relayout returned: old=(0,0,720,1544) new=(0,0,720,1544) relayoutAsync=false req=(720,1544)0 dur=8 res=0x3 s={true 0xb40000748c91d400} ch=true seqId=0
04-15 09:53:50.584  2000  2120 I VRI[test]@849c655: performConfigurationChange setNightDimText nightDimLevel=0
04-15 09:53:50.584  2000  2120 D VRI[test]@849c655: mThreadedRenderer.initialize() mSurface={isValid=true 0xb40000748c91d400} hwInitialized=true
04-15 09:53:50.584  2000  2120 D VRI[test]@849c655: reportNextDraw android.view.ViewRootImpl.performTraversals:5443 android.view.ViewRootImpl.doTraversal:3924 android.view.ViewRootImpl$TraversalRunnable.run:12903 android.view.Choreographer$CallbackRecord.run:1901 android.view.Choreographer$CallbackRecord.run:1910
04-15 09:53:50.584  2000  2120 D VRI[test]@849c655: Setup new sync=wmsSync-VRI[test]@849c655#18
04-15 09:53:50.584  2000  2120 I VRI[test]@849c655: Creating new active sync group VRI[test]@849c655#19
04-15 09:53:50.584  2000  2120 D VRI[test]@849c655: registerCallbacksForSync syncBuffer=false
04-15 09:53:50.585  1542  1582 D PkgPredictorService-SecIpmManagerServiceImpl: onForegroundActivitiesChanged pid:19868 uid:10749
04-15 09:53:50.585  1542  1582 D NetworkPolicy: already checked 10749
04-15 09:53:50.585  1542  2944 V PkgPredictorService-SecIpmManagerServiceImpl: discard foreground app:com.catfact.app.feature.facts.test 1|true
04-15 09:53:50.586  1542  1582 D NetworkPolicy: already checked 10749
04-15 09:53:50.586  2000  2194 D VRI[test]@849c655: Received frameDrawingCallback syncResult=0 frameNum=1.
04-15 09:53:50.586  2000  2194 I VRI[test]@849c655: mWNT: t=0xb4000074fc6f2810 mBlastBufferQueue=0xb40000741d1232d0 fn= 1 HdrRenderState mRenderHdrSdrRatio=1.0 caller= android.view.ViewRootImpl$12.onFrameDraw:15441 android.view.ThreadedRenderer$1.onFrameDraw:718 <bottom of call stack>
04-15 09:53:50.586  2000  2194 I VRI[test]@849c655: Setting up sync and frameCommitCallback
04-15 09:53:50.587  2461  2461 I HoneySpace.EdgePanel.CocktailHostRepositoryImpl: onNoteResume
04-15 09:53:50.587  2461  2461 I HoneySpace.EdgePanel.EdgePanelContainerViewModel: cocktailHostRepository.edgePanelOperation NoteResumeComponent(componentName=ComponentInfo{com.catfact.app.feature.facts.test/androidx.activity.ComponentActivity})
04-15 09:53:50.588  2461  2461 I HoneySpace.EdgePanel.ActivityUtils: HomePackage : com.sec.android.app.launcher, resumePackageName : com.catfact.app.feature.facts.test, className : androidx.activity.ComponentActivity
04-15 09:53:50.588  2000  2000 I {OngoingActivityController}: onTaskFocusChanged but OA data is empty
04-15 09:53:50.588  2000  2196 I BLASTBufferQueue: [VRI[test]@849c655#861](f:0,a:0,s:0) onFrameAvailable the first frame is available
04-15 09:53:50.588  2000  2196 I VRI[test]@849c655: Received frameCommittedCallback lastAttemptedDrawFrameNum=1 didProduceBuffer=true
04-15 09:53:50.589 19868 19868 D LifecycleMonitor: Lifecycle status change: androidx.activity.ComponentActivity@d677bf8 in: PRE_ON_CREATE
04-15 09:53:50.589 19868 19868 V ActivityScenario: Activity lifecycle changed event received but ignored because the reported transition was not ON_CREATE while the last known transition was PRE_ON_CREATE
04-15 09:53:50.589  2000  2196 D HWUI    : CFMS:: SetUp Pid : 2000    Tid : 2196
04-15 09:53:50.589  2000  2120 D VRI[test]@849c655: reportDrawFinished seqId=0
04-15 09:53:50.589  1151  2758 I SurfaceFlinger: [Splash Screen com.catfact.app.feature.facts.test$_2000#18926] setTransactionState with the first frame. bufferData(ID: 8589934656015, frameNumber: 1)
04-15 09:53:50.589  1151  1151 I SurfaceFlinger: [LayerHierarchy{RequestedLayerState{ImeContainer#15 parentId=16293 relativeParentId=16293 z=1} 1 children}] RelativeParent to null
04-15 09:53:50.590  1542  1585 D SurfaceComposerClient: setCornerRadius ## 6751089 Splash Screen com.catfact.app.feature.facts.test#18925 cornerRadius=0.000000
04-15 09:53:50.590  1542  1585 D SurfaceComposerClient: setCornerRadius ## 6751089 Splash Screen com.catfact.app.feature.facts.test#18925 cornerRadius=0.000000
04-15 09:53:50.590  2461  2584 I HoneySpace.TopTaskSource: onTaskFocusChanged(): taskId = 3884
04-15 09:53:50.591 19868 19868 I DecorView: setWindowBackground: isPopOver=false color=fffafafa d=android.graphics.drawable.ColorDrawable@928e10d
04-15 09:53:50.591 18525 18790 I Rubin   : [146] M.c0.k(Unknown Source) : Notify com.samsung.android.rubin.inferenceengine.contextanalytics.engine.loggers.AppUsageLogger's database is updated.
04-15 09:53:50.591  1151  2758 I SurfaceFlinger: id=18927 createSurf, flag=84004, Transition Root: Task=3884#18927
04-15 09:53:50.591  1151  1151 I BpBinder: onLastStrongRef automatically unlinking death recipients:
04-15 09:53:50.592 19868 19868 D LifecycleMonitor: Lifecycle status change: androidx.activity.ComponentActivity@d677bf8 in: CREATED
04-15 09:53:50.592 19868 19868 V ActivityScenario: Update currentActivityStage to CREATED, currentActivity=androidx.activity.ComponentActivity@d677bf8
04-15 09:53:50.592 19868 19868 D LifecycleMonitor: Lifecycle status change: androidx.activity.ComponentActivity@d677bf8 in: STARTED
04-15 09:53:50.592 19868 19868 V ActivityScenario: Update currentActivityStage to STARTED, currentActivity=androidx.activity.ComponentActivity@d677bf8
04-15 09:53:50.593 19868 19868 D LifecycleMonitor: Lifecycle status change: androidx.activity.ComponentActivity@d677bf8 in: RESUMED
04-15 09:53:50.593  1542  1585 I SurfaceControlRegistry: show, t=StartTransaction_SyncId<1688> sc=ActivityRecord{225693836 u0 com.catfact.app.feature.facts.test/androidx.activity.ComponentActivity t3884}, caller=android.view.SurfaceControl$Transaction.show:3557 com.android.server.wm.Transition.onTransactionReady:2048 com.android.server.wm.BLASTSyncEngine$SyncGroup.finishNow:240 com.android.server.wm.BLASTSyncEngine.onSurfacePlacement:263 com.android.server.wm.RootWindowContainer.performSurfacePlacementNoTrace:1083 com.android.server.wm.WindowSurfacePlacer.performSurfacePlacement:166
04-15 09:53:50.593 19868 19868 V ActivityScenario: Update currentActivityStage to RESUMED, currentActivity=androidx.activity.ComponentActivity@d677bf8
04-15 09:53:50.593  1542  1585 D SurfaceComposerClient: setCornerRadius ## Task=3801#16292 cornerRadius=0.000000
04-15 09:53:50.593  1542  1585 D SurfaceComposerClient: setCornerRadius ## Task=3884#18923 cornerRadius=0.000000
04-15 09:53:50.593 19868 19868 D ViewRootImpl: desktopMode is false
04-15 09:53:50.594 19868 19868 I ViewRootImpl: dVRR is disabled
04-15 09:53:50.594 19868 19901 D NativeCustomFrequencyManager: [NativeCFMS] BpCustomFrequencyManager::BpCustomFrequencyManager()
04-15 09:53:50.594  1542  1585 D ScreenCapture: [Capture_TEST] : setIsScreenShotBySystem false
04-15 09:53:50.594  1542  1585 I SurfaceComposerClient: captureLayers:childrenOnly:1, sync:1
04-15 09:53:50.594  1151  1338 D SurfaceFlinger: [input] setFocusedWindow: <null>
04-15 09:53:50.594  1542  2476 D InputDispatcher: Focus left window (0): 2d92039 com.google.android.calendar/com.google.android.calendar.allinone.AllInOneCalendarActivity
04-15 09:53:50.595  1542  1678 D InputDispatcher: Once focus requested (0): <null>
04-15 09:53:50.598  1144  1154 E HeatmapThread: ECT Thread time in milliseconds: 1776239630
04-15 09:53:50.599  1144  1154 D HeatmapThread: !@ batteryplugType : 0
04-15 09:53:50.599  1144  1154 D HeatmapThread: !@ batteryLevel : 0  batteryTemperature : 0
04-15 09:53:50.599  1144  1154 D HeatmapThread: !@ Heatmap currtime: 29603993
04-15 09:53:50.599  1144  1154 D HeatmapThread: !@ Heatmap prevtime: 29603990
04-15 09:53:50.599  1144  1154 D HeatmapThread: !@ Heatmap plugstarttime: 35791394
04-15 09:53:50.599  1144  1154 D HeatmapThread: !@ Heatmap prevv_dsoh_update_time: 29597770
04-15 09:53:50.599  1151  2758 I SurfaceFlinger: Capture layer list: 	 com.google.android.calendar/com.google.android.calendar.allinone.AllInOneCalendarActivity$_3979#18915(seamlessTransition:0)
04-15 09:53:50.599  1151  2758 I CompositionEngine: [setDisplaySize] size=(720, 1544)
04-15 09:53:50.599  1144  1154 E HeatmapThread: !@Could not open '/efs/FactoryApp/bsoh', errno = 13
04-15 09:53:50.600  3979  3979 I ImeFocusController: onPreWindowFocus: skipped hasWindowFocus=false mHasImeFocus=true
04-15 09:53:50.600  3979  3979 I ImeFocusController: onPostWindowFocus: skipped hasWindowFocus=false mHasImeFocus=true
04-15 09:53:50.600  1151  1206 D RenderEngine: [SEC_SF_EFFECTS] drawLayersInternal,1494, Rendering layer ScreenCaptureFillLayer at index 0
04-15 09:53:50.601  1144  1154 E HeatmapThread: !@ CAM Could not access BSOH EFS
04-15 09:53:50.601  1151  1206 D RenderEngine: [SEC_SF_EFFECTS] drawLayersInternal,1494, Rendering layer com.google.android.calendar/com.google.android.calendar.allinone.AllInOneCalendarActivity$_3979#18915 at index 1
04-15 09:53:50.601  1144  1154 E HeatmapThread: !@ CAM New BSOH: 0
04-15 09:53:50.606  1151  1151 I SurfaceFlinger: [Transition Root: Task=3884#18927] attach to parent LayerHierarchy{RequestedLayerState{DefaultTaskDisplayArea_d0#10 parentId=9} 17 children}
04-15 09:53:50.608  1542  2472 D InputTransport: Input channel constructed: 'ef3ca8f', fd=1146
04-15 09:53:50.608  1542  2472 D InputTransport: Input channel constructed: 'ef3ca8f', fd=1178
04-15 09:53:50.608  1542  2472 D InputTransport: Input channel constructed: 'ef3ca8f', fd=1256
04-15 09:53:50.608  1542  2472 D InputTransport: Input channel destroyed: 'ef3ca8f', fd=1178
04-15 09:53:50.608  1151  2758 I SurfaceFlinger: id=18928 createSurf, flag=84004, ef3ca8f com.catfact.app.feature.facts.test/androidx.activity.ComponentActivity#18928
04-15 09:53:50.609  3723 26412 I [AirCmd]_ActivitySwitchDetector: onTaskFocusChanged : taskId=3884, componentName=ComponentInfo{com.catfact.app.feature.facts.test/androidx.activity.ComponentActivity}
04-15 09:53:50.609  3723 26412 I [AirCmd]_ActivitySwitchDetector: onTaskFocusChanged :mTopMostActivity = ComponentInfo{com.google.android.calendar/com.google.android.calendar.allinone.AllInOneCalendarActivity}
04-15 09:53:50.609  3723 26412 I [AirCmd]_CallbackRepeater: stopRepeat : isWorking=false
04-15 09:53:50.610  3723 26412 I [AirCmd]_MediaControlStateMonitor: isForegroundAppSupportsMediaButton : mediaSession is empty
04-15 09:53:50.610  1542  2472 D InputTransport: Input channel destroyed: 'ef3ca8f', fd=1256
04-15 09:53:50.610 19868 19868 D InputTransport: Input channel constructed: 'ef3ca8f', fd=128
04-15 09:53:50.610  1151  2758 I SurfaceFlinger: id=18929 createSurf, flag=84000, 6cedbde ActivityRecordInputSink com.catfact.app.feature.facts.test/androidx.activity.ComponentActivity#18929
04-15 09:53:50.611 19868 19868 I InsetsController: onStateChanged: host=com.catfact.app.feature.facts.test/androidx.activity.ComponentActivity, from=android.view.ViewRootImpl.onInsetsStateChanged:3026, state=InsetsState: {mDisplayFrame=Rect(0, 0 - 720, 1544), mDisplayCutout=DisplayCutout{insets=Rect(0, 50 - 0, 0) waterfall=Insets{left=0, top=0, right=0, bottom=0} boundingRect={Bounds=[Rect(0, 0 - 0, 0), Rect(341, 0 - 379, 50), Rect(0, 0 - 0, 0), Rect(0, 0 - 0, 0)]} cutoutPathParserInfo={CutoutPathParserInfo{displayWidth=720 displayHeight=1544 physicalDisplayWidth=720 physicalDisplayHeight=1544 density={1.875} cutoutSpec={M 0,0 H -10 V 26.66666666666667 H 10 V 0 H 0 Z @dp} rotation={0} scale={1.0} physicalPixelDisplaySizeRatio={1.0}}} sideOverrides={}}, mRoundedCorners=RoundedCorners{[RoundedCorner{position=TopLeft, radius=8, center=Point(8, 8)}, RoundedCorner{position=TopRight, radius=8, center=Point(712, 8)}, RoundedCorner{position=BottomRight, radius=8, center=Point(712, 1536)}, RoundedCorner{position=BottomLeft, radius=8, center=Point(8, 1536)}]}  mRoundedCornerFrame=Rect(0, 0 - 720, 1544), mPrivacyIndicatorBounds=PrivacyIndicatorBounds {static bounds=Rect(637, 0 - 720, 50) rotation=0}, mDisplayShape=DisplayShape{ spec=-311912193 displayWidth=720 displayHeight=1544 physicalPixelDisplaySizeRatio=0.5 rotation=0 offsetX=0 offsetY=0 scale=1.0}, mSources= { InsetsSource: {ec730001 mType=navigationBars mFrame=[0,1454][720,1544] mVisible=true mFlags= mSideHint=BOTTOM mBoundingRects=null}, InsetsSource: {ec730004 mType=systemGestures mFrame=[0,0][0,0] mVisible=true mFlags= mSideHint=NONE mBoundingRects=null}, InsetsSource: {ec730005 mType=mandatorySystemGestures mFrame=[0,1454][720,1544] mVisible=true mFlags= mSideHint=BOTTOM mBoundingRects=null}, InsetsSource: {ec730006 mType=tappableElement mFrame=[0,1454][720,1544] mVisible=true mFlags= mSideHint=BOTTOM mBoundingRects=null}, InsetsSource: {ec730024 mType=systemGestures mFrame=[0,0][0,0] mVisible=true mFlags= mSideHint=NONE mBoundingRects=null}, InsetsSource: {3 mType=ime mFrame=[0,0][0,0] mVisible=false mFlags= mSideHint=NONE mBoundingRects=null}, InsetsSource: {27 mType=displayCutout mFrame=[0,0][720,50] mVisible=true mFlags= mSideHint=TOP mBoundingRects=null}, InsetsSource: {43950000 mType=statusBars mFrame=[0,0][720,50] mVisible=true mFlags= mSideHint=TOP mBoundingRects=null}, InsetsSource: {43950005 mType=mandatorySystemGestures mFrame=[0,0][720,73] mVisible=true mFlags= mSideHint=TOP mBoundingRects=null}, InsetsSource: {43950006 mType=tappableElement mFrame=[0,0][720,50] mVisible=true mFlags= mSideHint=TOP mBoundingRects=null} }
04-15 09:53:50.611  3723 26412 E [AirCmd]_MediaControlStateMonitor: getActiveNotificationPackageName : notification service monitor is null
04-15 09:53:50.611  3723 26412 I [AirCmd]_ButtonEventDetectionThread: enableDoubleClickDetection: enabled= true, doubleClickWaitInterval=300
04-15 09:53:50.612 19868 19868 I VRI[ComponentActivity]@d896d2f: synced displayState. AttachInfo displayState=2
04-15 09:53:50.612 19868 19868 I VRI[ComponentActivity]@d896d2f: setView = com.android.internal.policy.DecorView@54fde1a IsHRR=false mFlingFrameRateChange=0 TM=true
04-15 09:53:50.612 19868 19901 D HWUI    : HWUI - treat SMPTE_170M as sRGB
04-15 09:53:50.613  2461  4418 I HoneySpace.RecentTasks: onRunningTaskAppeared
04-15 09:53:50.613  2461  4179 I HoneySpace.RecentTasks: onRecentTasksChanged
04-15 09:53:50.614  2000  2105 I SurfaceControlRegistry: hide, t=FinishTransaction_SyncId<1688> sc=Task=3801, caller=android.view.SurfaceControl$Transaction.hide:3583 com.android.wm.shell.transition.Transitions.dispatchReady:1263 com.android.wm.shell.transition.Transitions.onTransitionReady:251 com.android.wm.shell.transition.Transitions$TransitionPlayerImpl$$ExternalSyntheticLambda0.run:13 android.os.Handler.handleCallback:995 android.os.Handler.dispatchMessage:103
04-15 09:53:50.614  2000  2105 I SurfaceControlRegistry: show, t=StartTransaction_SyncId<1688> sc=Task=3884, caller=android.view.SurfaceControl$Transaction.show:3557 com.android.wm.shell.transition.Transitions.dispatchReady:1279 com.android.wm.shell.transition.Transitions.onTransitionReady:251 com.android.wm.shell.transition.Transitions$TransitionPlayerImpl$$ExternalSyntheticLambda0.run:13 android.os.Handler.handleCallback:995 android.os.Handler.dispatchMessage:103
04-15 09:53:50.614  2000  2105 I SurfaceControlRegistry: show, t=FinishTransaction_SyncId<1688> sc=Task=3884, caller=android.view.SurfaceControl$Transaction.show:3557 com.android.wm.shell.transition.Transitions.dispatchReady:1330 com.android.wm.shell.transition.Transitions.onTransitionReady:251 com.android.wm.shell.transition.Transitions$TransitionPlayerImpl$$ExternalSyntheticLambda0.run:13 android.os.Handler.handleCallback:995 android.os.Handler.dispatchMessage:103
04-15 09:53:50.614  2000  2105 I SurfaceControlRegistry: show, t=StartTransaction_SyncId<1688> sc=Transition Root: Task=3884, caller=android.view.SurfaceControl$Transaction.show:3557 com.android.wm.shell.transition.Transitions.playTransition:79 com.android.wm.shell.transition.Transitions.processReadyQueue:239 com.android.wm.shell.transition.Transitions.dispatchReady:1352 com.android.wm.shell.transition.Transitions.onTransitionReady:251 com.android.wm.shell.transition.Transitions$TransitionPlayerImpl$$ExternalSyntheticLambda0.run:13
04-15 09:53:50.614  1151  1151 I SurfaceFlinger: RequestedLayer [ef3ca8f com.catfact.app.feature.fact[...]idx.activity.ComponentActivity#18928] hidden!! flag  from(1) --> to(0)
04-15 09:53:50.614  1151  1151 I SurfaceFlinger: [ef3ca8f com.catfact.app.feature.facts.test/androidx.activity.ComponentActivity#18928] attach to parent LayerHierarchy{RequestedLayerState{ActivityRecord{225693836 u0 com.catfact.app.feature.facts.test/androidx.activity.ComponentActivity t3884}#18924 parentId=18923} 2 children}
04-15 09:53:50.614  1151  1151 I SurfaceFlinger: [6cedbde ActivityRecordInputSink com.catfact.app.feature.facts.test/androidx.activity.ComponentActivity#18929] attach to parent LayerHierarchy{RequestedLayerState{ActivityRecord{225693836 u0 com.catfact.app.feature.facts.test/androidx.activity.ComponentActivity t3884}#18924 parentId=18923} 3 children}
04-15 09:53:50.615  2000  2105 D SurfaceComposerClient: [Task=3801#16292] setEdgeExtension Right
04-15 09:53:50.615  1151  2758 I SurfaceFlinger: id=18930 createSurf, flag=20004, DimTransitionLayer for Surface(name=Task=3884)/@0x8fdc10e#18930
04-15 09:53:50.615  1542  1678 I WindowManager: Relayout Window{ef3ca8f u0 com.catfact.app.feature.facts.test/androidx.activity.ComponentActivity}: viewVisibility=0 req=720x1544 ty=1 d0
04-15 09:53:50.616  1151  1378 I SurfaceFlinger: id=18931 createSurf, flag=44004, com.catfact.app.feature.facts.test/androidx.activity.ComponentActivity$_19868#18931
04-15 09:53:50.616  2000  2105 I SurfaceControlRegistry: show, t=StartTransaction_SyncId<1688> sc=DimTransitionLayer for Surface(name=Task=3884)/@0x8fdc10e, caller=android.view.SurfaceControl$Transaction.show:3557 com.android.wm.shell.transition.DefaultTransitionHandler.startAnimation:2931 com.android.wm.shell.transition.Transitions.dispatchTransition:90 com.android.wm.shell.transition.Transitions.playTransition:774 com.android.wm.shell.transition.Transitions.processReadyQueue:239 com.android.wm.shell.transition.Transitions.dispatchReady:1352
04-15 09:53:50.616  2000  2105 I SurfaceControlRegistry: apply, t=StartTransaction_SyncId<1688>, caller=android.view.SurfaceControl$Transaction.apply:3459 android.view.SurfaceControl$Transaction.apply:3447 android.view.SurfaceControl$Transaction.apply:3397 com.android.wm.shell.transition.DefaultTransitionHandler.startAnimation:3387 com.android.wm.shell.transition.Transitions.dispatchTransition:90 com.android.wm.shell.transition.Transitions.playTransition:774
04-15 09:53:50.618  1542  1678 D SurfaceComposerClient: setCornerRadius ## 6751089 Splash Screen com.catfact.app.feature.facts.test#18925 cornerRadius=0.000000
04-15 09:53:50.618  1542  1678 D SurfaceComposerClient: setCornerRadius ## ef3ca8f com.catfact.app.feature.facts.test/androidx.activity.ComponentActivity#18928 cornerRadius=0.000000
04-15 09:53:50.618  1151  1199 I SurfaceFlinger: id=18932 createSurf, flag=24000, Surface(name=3edafdc StatusBar)/@0x3b919ed - animation-leash of insets_animation#18932
04-15 09:53:50.620  1151  1200 I SurfaceFlinger: id=18933 createSurf, flag=24000, Surface(name=8c5cec7 NavigationBar0)/@0xa68870 - animation-leash of insets_animation#18933
04-15 09:53:50.622  1542  1678 D SurfaceComposerClient: setCornerRadius ## 6751089 Splash Screen com.catfact.app.feature.facts.test#18925 cornerRadius=0.000000
04-15 09:53:50.622  1542  1678 D SurfaceComposerClient: setCornerRadius ## ef3ca8f com.catfact.app.feature.facts.test/androidx.activity.ComponentActivity#18928 cornerRadius=0.000000
04-15 09:53:50.622  2000  2000 D SamsungLightBarControlHelper: updateStatusBar (BLACK icon) numStacks:1, StatusBarMode:MODE_TRANSPARENT, lightBarBounds:[Rect(0, 0 - 720, 1544)], StatusBarState:SHADE, packageName:, isWhiteKeyguardStatusBar:false
04-15 09:53:50.622  2000  2000 D SamsungLightBarControlHelper: onStatusBarAppearanceChanged() -  sbModeChanged:false, statusBarMode:0, barState:MODE_TRANSPARENT, isKeyguardShowing:false, navbarColorManagedByIme:false, (AppearanceRegion{LIGHT_STATUS_BARS bounds=[0,0][720,1544]}, )
04-15 09:53:50.622  2000  2000 D NavigationBar: onSystemBarAttributesChanged() -  displayId:0, appearance:24, packageName: com.catfact.app.feature.facts.test (APPEARANCE_LIGHT_STATUS_BARS APPEARANCE_LIGHT_NAVIGATION_BARS ), navbarColorManagedByIme:false
04-15 09:53:50.622  2000  2000 D SamsungLightBarControlHelper: updateNavigationBar (BLACK button) isLightOpaque:false, hasLightNavigationBarFlag:true, packageName:com.catfact.app.feature.facts.test, DirectReplying:false, NavBarColorMangedByIme:false, ForceDarkForScrim:false, ForceLightForScrim:false, QsCustomizing:false, QsExpanded:false
04-15 09:53:50.622  1151  1151 I SurfaceFlinger: RequestedLayer [6751089 Splash Screen com.catfact.app.feature.facts.test#18925] hidden!! flag  from(1) --> to(0)
04-15 09:53:50.622  1151  1151 I SurfaceFlinger: RequestedLayer [Splash Screen com.catfact.app.feature.facts.test$_2000#18926] hidden!! flag  from(1) --> to(0)
04-15 09:53:50.622  1151  1151 I SurfaceFlinger: RequestedLayer [Task=3884#18923] hidden!! flag  from(1) --> to(0)
04-15 09:53:50.622  1151  1151 E SurfaceFlinger: alpha changed 1.000 -> 0.000 - Task=3884#18923
04-15 09:53:50.622  1151  1151 I SurfaceFlinger: RequestedLayer [Transition Root: Task=3884#18927] hidden!! flag  from(1) --> to(0)
04-15 09:53:50.622  1151  1151 I SurfaceFlinger: RequestedLayer [ActivityRecord{225693836 u0 com.catf[...]ivity.ComponentActivity t3884}#18924] hidden!! flag  from(1) --> to(0)
04-15 09:53:50.622  1151  1151 I SurfaceFlinger: RequestedLayer [DimTransitionLayer for Surface(name=Task=3884)/@0x8fdc10e#18930] hidden!! flag  from(1) --> to(0)
04-15 09:53:50.622  1151  1151 E SurfaceFlinger: alpha changed 1.000 -> 0.000 - DimTransitionLayer for Surface(name=Task=3884)/@0x8fdc10e#18930
04-15 09:53:50.623  1151  1151 E SurfaceFlinger: alpha changed 0.000 -> 1.000 - Task=3884#18923
04-15 09:53:50.623  1151  1151 E SurfaceFlinger: alpha changed 0.000 -> 0.000 - DimTransitionLayer for Surface(name=Task=3884)/@0x8fdc10e#18930
04-15 09:53:50.623  1151  1151 I SurfaceFlinger: [LayerHierarchy{RequestedLayerState{Task=3801#16292 parentId=18927 z=2} 1 children}] reparent to LayerHierarchy{RequestedLayerState{Transition Root: Task=3884#18927 parentId=10 z=13} 1 children}
04-15 09:53:50.623  1151  1151 I SurfaceFlinger: [LayerHierarchy{RequestedLayerState{Task=3884#18923 parentId=18927 z=5} 1 children}] reparent to LayerHierarchy{RequestedLayerState{Transition Root: Task=3884#18927 parentId=10 z=13} 2 children}
04-15 09:53:50.623  1151  1151 I SurfaceFlinger: [DimTransitionLayer for Surface(name=Task=3884)/@0x8fdc10e#18930] attach to parent LayerHierarchy{RequestedLayerState{Transition Root: Task=3884#18927 parentId=10 z=13} 3 children}
04-15 09:53:50.623  1151  1151 I SurfaceFlinger: [com.catfact.app.feature.facts.test/androidx.activity.ComponentActivity$_19868#18931] attach to parent LayerHierarchy{RequestedLayerState{ef3ca8f com.catfact.app.feature.facts.test/androidx.activity.ComponentActivity#18928 parentId=18924} 1 children}
04-15 09:53:50.623  1151  1151 I SurfaceFlinger: [Surface(name=3edafdc StatusBar)/@0x3b919ed - animation-leash of insets_animation#18932] attach to parent LayerHierarchy{RequestedLayerState{WindowToken{7a8fc4f type=2000 android.os.BinderProxy@a9d7329}#94 parentId=17} 2 children}
04-15 09:53:50.623  1151  1151 I SurfaceFlinger: [Surface(name=8c5cec7 NavigationBar0)/@0xa68870 - animation-leash of insets_animation#18933] attach to parent LayerHierarchy{RequestedLayerState{WindowToken{fc018e2 type=2019 android.os.BinderProxy@bda3ac4}#90 parentId=34} 2 children}
04-15 09:53:50.623  1151  2479 I SurfaceFlinger: id=18934 createSurf, flag=24000, Surface(name=3edafdc StatusBar)/@0x3b919ed - animation-leash of insets_animation#18934
04-15 09:53:50.625  1151  2479 I SurfaceFlinger: id=18935 createSurf, flag=24000, Surface(name=8c5cec7 NavigationBar0)/@0xa68870 - animation-leash of insets_animation#18935
04-15 09:53:50.626  1542  1678 I SystemKeyManager: requested systemKeyInfo size=1 focusedWindow=com.catfact.app.feature.facts.test/androidx.activity.ComponentActivity
04-15 09:53:50.626  1542  1678 I SystemKeyManager: requested systemKeyInfo size=1 focusedWindow=com.catfact.app.feature.facts.test/androidx.activity.ComponentActivity
04-15 09:53:50.627  1542  1678 I WindowManager: Relayout hash=ef3ca8f, pid=19868, syncId=-1: mAttrs={(0,0)(fillxfill) sim={adjust=pan forwardNavigation} layoutInDisplayCutoutMode=always ty=BASE_APPLICATION wanim=0x1030317
04-15 09:53:50.627  1542  1678 I WindowManager:   fl=81810100
04-15 09:53:50.627  1542  1678 I WindowManager:   pfl=100088c0
04-15 09:53:50.627  1542  1678 I WindowManager:   apr=210
04-15 09:53:50.627  1542  1678 I WindowManager:   bhv=1
04-15 09:53:50.627  1542  1678 I WindowManager:   fitSides=0
04-15 09:53:50.627  1542  1678 I WindowManager:   frameRateBoostOnTouch=true
04-15 09:53:50.627  1542  1678 I WindowManager:   dvrrWindowFrameRateHint=true naviIconColor=0}
04-15 09:53:50.627  2000  2000 D NavigationBar: onSystemBarAttributesChanged() -  displayId:0, appearance:528, packageName: com.catfact.app.feature.facts.test (APPEARANCE_LIGHT_NAVIGATION_BARS ), navbarColorManagedByIme:false
04-15 09:53:50.628  2000  2000 D DisplayLifecycle: updateDisplay id = 0
04-15 09:53:50.629 19868 19868 I BLASTBufferQueue_Java: new BLASTBufferQueue, mName= VRI[ComponentActivity]@d896d2f mNativeObject= 0xb40000741c510260 caller= android.view.ViewRootImpl.updateBlastSurfaceIfNeeded:3585 android.view.ViewRootImpl.relayoutWindow:11685 android.view.ViewRootImpl.performTraversals:4804 android.view.ViewRootImpl.doTraversal:3924 android.view.ViewRootImpl$TraversalRunnable.run:12903 android.view.Choreographer$CallbackRecord.run:1901 android.view.Choreographer$CallbackRecord.run:1910 android.view.Choreographer.doCallbacks:1367 android.view.Choreographer.doFrame:1292 android.view.Choreographer$FrameDisplayEventReceiver.run:1870
04-15 09:53:50.629 19868 19868 I BLASTBufferQueue_Java: update, w= 720 h= 1544 mName = VRI[ComponentActivity]@d896d2f mNativeObject= 0xb40000741c510260 sc.mNativeObject= 0xb40000751c4f4010 format= -1 caller= android.view.ViewRootImpl.updateBlastSurfaceIfNeeded:3590 android.view.ViewRootImpl.relayoutWindow:11685 android.view.ViewRootImpl.performTraversals:4804 android.view.ViewRootImpl.doTraversal:3924 android.view.ViewRootImpl$TraversalRunnable.run:12903 android.view.Choreographer$CallbackRecord.run:1901
04-15 09:53:50.629  2000  2125 D StackScroller: onDisplayChanged for predraw skip to 2
04-15 09:53:50.629 19868 19868 I VRI[ComponentActivity]@d896d2f: Relayout returned: old=(0,0,720,1544) new=(0,0,720,1544) relayoutAsync=false req=(720,1544)0 dur=13 res=0x3 s={true 0xb40000748c5349f0} ch=true seqId=0
04-15 09:53:50.629 19868 19868 I VRI[ComponentActivity]@d896d2f: performConfigurationChange setNightDimText nightDimLevel=0
04-15 09:53:50.630  1542  1585 D SurfaceComposerClient: setCornerRadius ## 6751089 Splash Screen com.catfact.app.feature.facts.test#18925 cornerRadius=0.000000
04-15 09:53:50.630  1542  1585 D SurfaceComposerClient: setCornerRadius ## ef3ca8f com.catfact.app.feature.facts.test/androidx.activity.ComponentActivity#18928 cornerRadius=0.000000
04-15 09:53:50.630 19868 19868 D VRI[ComponentActivity]@d896d2f: mThreadedRenderer.initialize() mSurface={isValid=true 0xb40000748c5349f0} hwInitialized=true
04-15 09:53:50.630 19868 19868 D VRI[ComponentActivity]@d896d2f: reportNextDraw android.view.ViewRootImpl.performTraversals:5443 android.view.ViewRootImpl.doTraversal:3924 android.view.ViewRootImpl$TraversalRunnable.run:12903 android.view.Choreographer$CallbackRecord.run:1901 android.view.Choreographer$CallbackRecord.run:1910
04-15 09:53:50.630 19868 19868 D VRI[ComponentActivity]@d896d2f: Setup new sync=wmsSync-VRI[ComponentActivity]@d896d2f#12
04-15 09:53:50.630 19868 19868 I VRI[ComponentActivity]@d896d2f: Creating new active sync group VRI[ComponentActivity]@d896d2f#13
04-15 09:53:50.630 19868 19868 D VRI[ComponentActivity]@d896d2f: registerCallbacksForSync syncBuffer=false
04-15 09:53:50.630  2461  4418 I HoneySpace.Memory-Monitor: current state = 2, didTrim = false
04-15 09:53:50.631  1151  1151 I SurfaceFlinger: [LayerHierarchy{RequestedLayerState{8c5cec7 NavigationBar0#91 parentId=18935} 1 children}] reparent to LayerHierarchy{RequestedLayerState{Surface(name=8c5cec7 NavigationBar0)/@0xa68870 - animation-leash of insets_animation#18935 parentId=90} 1 children}
04-15 09:53:50.631  1151  1151 I SurfaceFlinger: [LayerHierarchy{RequestedLayerState{3edafdc StatusBar#95 parentId=18934} 1 children}] reparent to LayerHierarchy{RequestedLayerState{Surface(name=3edafdc StatusBar)/@0x3b919ed - animation-leash of insets_animation#18934 parentId=94} 1 children}
04-15 09:53:50.632  1151  1151 I SurfaceFlinger: [LayerHierarchy{RequestedLayerState{Surface(name=8c5cec7 NavigationBar0)/@0xa68870 - animation-leash of insets_animation#18919} no children}] reparent to OffscreenRoot
04-15 09:53:50.632  1151  1151 I SurfaceFlinger: [LayerHierarchy{RequestedLayerState{Surface(name=8c5cec7 NavigationBar0)/@0xa68870 - animation-leash of insets_animation#18919} no children}] RelativeParent to null
04-15 09:53:50.632  1151  1151 I SurfaceFlinger: [LayerHierarchy{RequestedLayerState{Surface(name=3edafdc StatusBar)/@0x3b919ed - animation-leash of insets_animation#18918} no children}] reparent to OffscreenRoot
04-15 09:53:50.632  1151  1151 I SurfaceFlinger: [LayerHierarchy{RequestedLayerState{Surface(name=3edafdc StatusBar)/@0x3b919ed - animation-leash of insets_animation#18918} no children}] RelativeParent to null
04-15 09:53:50.632  1151  1151 I SurfaceFlinger: [LayerHierarchy{RequestedLayerState{Surface(name=3edafdc StatusBar)/@0x3b919ed - animation-leash of insets_animation#18932} no children}] reparent to OffscreenRoot
04-15 09:53:50.632  1151  1151 I SurfaceFlinger: [LayerHierarchy{RequestedLayerState{Surface(name=3edafdc StatusBar)/@0x3b919ed - animation-leash of insets_animation#18932} no children}] RelativeParent to null
04-15 09:53:50.632  1151  1151 I SurfaceFlinger: [LayerHierarchy{RequestedLayerState{Surface(name=8c5cec7 NavigationBar0)/@0xa68870 - animation-leash of insets_animation#18933} no children}] reparent to OffscreenRoot
04-15 09:53:50.632  1151  1151 I SurfaceFlinger: [LayerHierarchy{RequestedLayerState{Surface(name=8c5cec7 NavigationBar0)/@0xa68870 - animation-leash of insets_animation#18933} no children}] RelativeParent to null
04-15 09:53:50.632  1151  1151 I SurfaceFlinger: [Surface(name=3edafdc StatusBar)/@0x3b919ed - animation-leash of insets_animation#18934] attach to parent LayerHierarchy{RequestedLayerState{WindowToken{7a8fc4f type=2000 android.os.BinderProxy@a9d7329}#94 parentId=17} 1 children}
04-15 09:53:50.632  1151  1151 I SurfaceFlinger: [Surface(name=8c5cec7 NavigationBar0)/@0xa68870 - animation-leash of insets_animation#18935] attach to parent LayerHierarchy{RequestedLayerState{WindowToken{fc018e2 type=2019 android.os.BinderProxy@bda3ac4}#90 parentId=34} 1 children}
04-15 09:53:50.631 19868 19914 D VRI[ComponentActivity]@d896d2f: Received frameDrawingCallback syncResult=0 frameNum=1.
04-15 09:53:50.632 19868 19914 I VRI[ComponentActivity]@d896d2f: mWNT: t=0xb4000074fc5234d0 mBlastBufferQueue=0xb40000741c510260 fn= 1 HdrRenderState mRenderHdrSdrRatio=1.0 caller= android.view.ViewRootImpl$12.onFrameDraw:15441 android.view.ThreadedRenderer$1.onFrameDraw:718 <bottom of call stack>
04-15 09:53:50.632 19868 19914 I VRI[ComponentActivity]@d896d2f: Setting up sync and frameCommitCallback
04-15 09:53:50.632 19868 19901 I BLASTBufferQueue: [VRI[ComponentActivity]@d896d2f#6](f:0,a:0,s:0) onFrameAvailable the first frame is available
04-15 09:53:50.633 19868 19901 I VRI[ComponentActivity]@d896d2f: Received frameCommittedCallback lastAttemptedDrawFrameNum=1 didProduceBuffer=true
04-15 09:53:50.633  1151  1199 I SurfaceFlinger: [com.catfact.app.feature.facts.test/androidx.activity.ComponentActivity$_19868#18931] setTransactionState with the first frame. bufferData(ID: 85332410236952, frameNumber: 1)
04-15 09:53:50.633 19868 19901 D HWUI    : CFMS:: SetUp Pid : 19868    Tid : 19901
04-15 09:53:50.633 19868 19868 D VRI[ComponentActivity]@d896d2f: reportDrawFinished seqId=0
04-15 09:53:50.634  1542  2472 I SemDvfsHyPerManager: acquire hyper - AMS_RESUME_TAIL/1542@22, type = -999
04-15 09:53:50.634  1059  1180 I HYPER-HAL: [RequestManager.cpp]acquire(): Acquired ID : 1223852  [1542 / 22]    HINT : AMS_RESUME_TAIL    list :
04-15 09:53:50.634  1542  2472 I SemDvfsHyPerManager: acquire hyper - AMS_ACT_LAZY/1542@23, type = -999
04-15 09:53:50.634  1059  1180 I HYPER-HAL: [ResourceManager.cpp]removeResource(): [CPULittleMinFreq] RemoveResource Request ID : 1233263
04-15 09:53:50.634  1059  1180 I HYPER-HAL: [RequestManager.cpp]releaseLocked(): Released ID : 1233263
04-15 09:53:50.635  1151  1378 I SurfaceFlinger: id=18932 Removed Surface(name=3edafdc StatusBar)/@0x3b919ed - animation-leash of insets_animation#18932 (225)
04-15 09:53:50.635  1151  1378 I SurfaceFlinger: id=18933 Removed Surface(name=8c5cec7 NavigationBar0)/@0xa68870 - animation-leash of insets_animation#18933 (225)
04-15 09:53:50.637  1542  1585 D SurfaceComposerClient: setCornerRadius ## 6751089 Splash Screen com.catfact.app.feature.facts.test#18925 cornerRadius=0.000000
04-15 09:53:50.637  1542  1585 D SurfaceComposerClient: setCornerRadius ## ef3ca8f com.catfact.app.feature.facts.test/androidx.activity.ComponentActivity#18928 cornerRadius=0.000000
04-15 09:53:50.637  1542  1585 D SurfaceComposerClient: setCornerRadius ## 6751089 Splash Screen com.catfact.app.feature.facts.test#18925 cornerRadius=0.000000
04-15 09:53:50.638  1151  1199 I SurfaceFlinger: id=18936 createSurf, flag=24000, Surface(name=ef3ca8f com.catfact.app.feature.facts.test/androidx.activity.ComponentActivity)/@0xf32e94c - animation-leash of starting_reveal#18936
04-15 09:53:50.640  2000  2105 D ShellTaskOrganizer: removeStartingWindow, removalInfo=StartingWindowRemovalInfo{taskId=3884 frame=Rect(0, 0 - 720, 1544) playRevealAnimation=true roundedCornerRadius=0.0 deferRemoveMode=0 windowlessSurface=false removeImmediately=false}
04-15 09:53:50.641  1542  1585 D SurfaceComposerClient: setCornerRadius ## ef3ca8f com.catfact.app.feature.facts.test/androidx.activity.ComponentActivity#18928 cornerRadius=0.000000
04-15 09:53:50.641  1151  1338 D SurfaceFlinger: [input] setFocusedWindow: ef3ca8f com.catfact.app.feature.facts.test/androidx.activity.ComponentActivity
04-15 09:53:50.642  1151  1151 E SurfaceFlinger: alpha changed 0.000 -> 0.010 - DimTransitionLayer for Surface(name=Task=3884)/@0x8fdc10e#18930
04-15 09:53:50.642  1151  1151 I SurfaceFlinger: destroyed Surface(name=3edafdc StatusBar)/@0x3b919ed - animation-leash of insets_animation#18932
04-15 09:53:50.642  1151  1151 I SurfaceFlinger: destroyed Surface(name=8c5cec7 NavigationBar0)/@0xa68870 - animation-leash of insets_animation#18933
04-15 09:53:50.642  1151  1151 I SurfaceFlinger: [Surface(name=ef3ca8f com.catfact.app.feature.facts.test/androidx.activity.ComponentActivity)/@0xf32e94c - animation-leash of starting_reveal#18936] attach to parent LayerHierarchy{RequestedLayerState{ActivityRecord{225693836 u0 com.catfact.app.feature.facts.test/androidx.activity.ComponentActivity t3884}#18924 parentId=18923} 4 children}
