04-15 09:53:46.383  2000  2000 D NavigationBar: onSystemBarAttributesChanged() -  displayId:0, appearance:528, packageName: com.catfact.app.feature.facts.test (APPEARANCE_LIGHT_NAVIGATION_BARS ), navbarColorManagedByIme:false
04-15 09:53:46.385  2461  4179 I HoneySpace.RecentTasks: onRecentTasksChanged
04-15 09:53:46.386  3963  4335 I SemDvfsHyPerManager: acquire hyper - BaseTABoost/3963@25, type = -999
04-15 09:53:46.386  3723 29073 I [AirCmd]_ActivitySwitchDetector: onTaskStackChanged : componentName - ComponentInfo{com.catfact.app.feature.facts.test/androidx.activity.ComponentActivity}
04-15 09:53:46.386  1059  1180 I HYPER-HAL: [RequestManager.cpp]acquire(): Acquired ID : 7954091  [3963 / 25]    HINT :      list : [TABoost / 1]
04-15 09:53:46.391 19868 19901 I GSC     : SID[0] : fe6ff4e467193f9c, Kind: 1, time : 8.591 ms
04-15 09:53:46.395 19868 19901 I GSC     : SID[1] : 9fb7104710fc7e74, Kind: 0, time : 3.389 ms
04-15 09:53:46.396 19868 19901 I BLASTBufferQueue: [VRI[ComponentActivity]@8110ff#0](f:0,a:0,s:0) onFrameAvailable the first frame is available
04-15 09:53:46.396 19868 19901 I VRI[ComponentActivity]@8110ff: Received frameCommittedCallback lastAttemptedDrawFrameNum=1 didProduceBuffer=true
04-15 09:53:46.397  1151  1378 I SurfaceFlinger: [com.catfact.app.feature.facts.test/androidx.activity.ComponentActivity$_19868#18825] setTransactionState with the first frame. bufferData(ID: 85332410236931, frameNumber: 1)
04-15 09:53:46.397 19868 19901 D HWUI    : CFMS:: SetUp Pid : 19868    Tid : 19901
04-15 09:53:46.397 19868 19868 D VRI[ComponentActivity]@8110ff: reportDrawFinished seqId=0
04-15 09:53:46.397  1151  1151 E SurfaceFlinger: alpha changed 0.000 -> 0.010 - DimTransitionLayer for Surface(name=Task=3881)/@0xc75442d#18820
04-15 09:53:46.397  1151  1151 I SurfaceFlinger: RequestedLayer [5af93c6 com.catfact.app.feature.fact[...]idx.activity.ComponentActivity#18824] hidden!! flag  from(1) --> to(0)
04-15 09:53:46.398  1542  2298 W ServiceManagerCppClient: Permission failure: android.permission.ACCESS_SURFACE_FLINGER from uid=10749 pid=0
04-15 09:53:46.398  1542  2298 D PermissionCache: checking android.permission.ACCESS_SURFACE_FLINGER for uid=10749 => denied (104 us)
04-15 09:53:46.398  1151  1151 I SurfaceFlinger: [LayerHierarchy{RequestedLayerState{8c5cec7 NavigationBar0#91 parentId=18827} 1 children}] reparent to LayerHierarchy{RequestedLayerState{Surface(name=8c5cec7 NavigationBar0)/@0xa68870 - animation-leash of insets_animation#18827 parentId=90} 1 children}
04-15 09:53:46.398  1542  2298 W ServiceManagerCppClient: Permission failure: android.permission.ROTATE_SURFACE_FLINGER from uid=10749 pid=0
04-15 09:53:46.398  1151  1151 I SurfaceFlinger: [LayerHierarchy{RequestedLayerState{3edafdc StatusBar#95 parentId=18826} 1 children}] reparent to LayerHierarchy{RequestedLayerState{Surface(name=3edafdc StatusBar)/@0x3b919ed - animation-leash of insets_animation#18826 parentId=94} 1 children}
04-15 09:53:46.398  1542  2298 D PermissionCache: checking android.permission.ROTATE_SURFACE_FLINGER for uid=10749 => denied (29 us)
04-15 09:53:46.398  1151  1151 I SurfaceFlinger: [LayerHierarchy{RequestedLayerState{Surface(name=3edafdc StatusBar)/@0x3b919ed - animation-leash of insets_animation#18810} no children}] reparent to OffscreenRoot
04-15 09:53:46.398  1542  2298 W ServiceManagerCppClient: Permission failure: android.permission.INTERNAL_SYSTEM_WINDOW from uid=10749 pid=0
04-15 09:53:46.398  1151  1151 I SurfaceFlinger: [LayerHierarchy{RequestedLayerState{Surface(name=3edafdc StatusBar)/@0x3b919ed - animation-leash of insets_animation#18810} no children}] RelativeParent to null
04-15 09:53:46.398  1542  2298 D PermissionCache: checking android.permission.INTERNAL_SYSTEM_WINDOW for uid=10749 => denied (23 us)
04-15 09:53:46.398  1151  1151 I SurfaceFlinger: [LayerHierarchy{RequestedLayerState{Surface(name=8c5cec7 NavigationBar0)/@0xa68870 - animation-leash of insets_animation#18811} no children}] reparent to OffscreenRoot
04-15 09:53:46.398  1151  1151 I SurfaceFlinger: [LayerHierarchy{RequestedLayerState{Surface(name=8c5cec7 NavigationBar0)/@0xa68870 - animation-leash of insets_animation#18811} no children}] RelativeParent to null
04-15 09:53:46.398  1151  1151 I SurfaceFlinger: [LayerHierarchy{RequestedLayerState{Surface(name=3edafdc StatusBar)/@0x3b919ed - animation-leash of insets_animation#18822} no children}] reparent to OffscreenRoot
04-15 09:53:46.398  1151  1151 I SurfaceFlinger: [LayerHierarchy{RequestedLayerState{Surface(name=3edafdc StatusBar)/@0x3b919ed - animation-leash of insets_animation#18822} no children}] RelativeParent to null
04-15 09:53:46.398  1151  1151 I SurfaceFlinger: [LayerHierarchy{RequestedLayerState{Surface(name=8c5cec7 NavigationBar0)/@0xa68870 - animation-leash of insets_animation#18823} no children}] reparent to OffscreenRoot
04-15 09:53:46.398  1151  1151 I SurfaceFlinger: [LayerHierarchy{RequestedLayerState{Surface(name=8c5cec7 NavigationBar0)/@0xa68870 - animation-leash of insets_animation#18823} no children}] RelativeParent to null
04-15 09:53:46.398  1542  1585 D SurfaceComposerClient: setCornerRadius ## a439654 Splash Screen com.catfact.app.feature.facts.test#18817 cornerRadius=0.000000
04-15 09:53:46.398  1542  1585 D SurfaceComposerClient: setCornerRadius ## 5af93c6 com.catfact.app.feature.facts.test/androidx.activity.ComponentActivity#18824 cornerRadius=0.000000
04-15 09:53:46.398  1542  1585 D SurfaceComposerClient: setCornerRadius ## a439654 Splash Screen com.catfact.app.feature.facts.test#18817 cornerRadius=0.000000
04-15 09:53:46.399  1151  1200 I SurfaceFlinger: id=18828 createSurf, flag=24000, Surface(name=5af93c6 com.catfact.app.feature.facts.test/androidx.activity.ComponentActivity)/@0x667559e - animation-leash of starting_reveal#18828
04-15 09:53:46.401  1151  1200 I SurfaceFlinger: id=18822 Removed Surface(name=3edafdc StatusBar)/@0x3b919ed - animation-leash of insets_animation#18822 (205)
04-15 09:53:46.401  1151  1200 I SurfaceFlinger: id=18823 Removed Surface(name=8c5cec7 NavigationBar0)/@0xa68870 - animation-leash of insets_animation#18823 (205)
04-15 09:53:46.401  2000  2105 D ShellTaskOrganizer: removeStartingWindow, removalInfo=StartingWindowRemovalInfo{taskId=3881 frame=Rect(0, 0 - 720, 1544) playRevealAnimation=true roundedCornerRadius=0.0 deferRemoveMode=0 windowlessSurface=false removeImmediately=false}
04-15 09:53:46.401  1542  1585 D SurfaceComposerClient: setCornerRadius ## 5af93c6 com.catfact.app.feature.facts.test/androidx.activity.ComponentActivity#18824 cornerRadius=0.000000
04-15 09:53:46.401  1542  1585 D SurfaceComposerClient: setCornerRadius ## a439654 Splash Screen com.catfact.app.feature.facts.test#18817 cornerRadius=0.000000
04-15 09:53:46.401  1542  1585 D SurfaceComposerClient: setCornerRadius ## 5af93c6 com.catfact.app.feature.facts.test/androidx.activity.ComponentActivity#18824 cornerRadius=0.000000
04-15 09:53:46.401  1542  1585 D SurfaceComposerClient: setCornerRadius ## a439654 Splash Screen com.catfact.app.feature.facts.test#18817 cornerRadius=0.000000
04-15 09:53:46.401  1542  1585 D SurfaceComposerClient: setCornerRadius ## 5af93c6 com.catfact.app.feature.facts.test/androidx.activity.ComponentActivity#18824 cornerRadius=0.000000
04-15 09:53:46.402  1542  2298 I SemDvfsHyPerManager: acquire hyper - AMS_RESUME_TAIL/1542@22, type = -999
04-15 09:53:46.402  1542  2298 I SemDvfsHyPerManager: acquire hyper - AMS_ACT_LAZY/1542@23, type = -999
04-15 09:53:46.402  1059  1180 I HYPER-HAL: [RequestManager.cpp]acquire(): Acquired ID : 1223852  [1542 / 22]    HINT : AMS_RESUME_TAIL    list :
04-15 09:53:46.403  1542  1581 I PkgPredictorService-SecIpmManagerServiceImpl: reportToNAP uid:10749 com.catfact.app.feature.facts.test/androidx.activity.ComponentActivity thisTime:135
04-15 09:53:46.403  1542  1581 D PkgPredictorService-SecIpmManagerServiceImpl: reportToNAP: mHeavyLaunchCounter is false
04-15 09:53:46.403  1542  2944 D PkgPredictorService-SecIpmManagerServiceImpl: ACTION_FOREGROUND_FINISH_EVENT sCurForegroundApp :com.catfact.app.feature.facts.test
04-15 09:53:46.403  1059  1180 I HYPER-HAL: [ResourceManager.cpp]removeResource(): [CPULittleMinFreq] RemoveResource Request ID : 1233263
04-15 09:53:46.403  1059  1180 I HYPER-HAL: [RequestManager.cpp]releaseLocked(): Released ID : 1233263
04-15 09:53:46.404  1151  2479 I SurfaceFlinger: id=18810 Removed Surface(name=3edafdc StatusBar)/@0x3b919ed - animation-leash of insets_animation#18810 (205)
04-15 09:53:46.404  1151  2479 I SurfaceFlinger: id=18811 Removed Surface(name=8c5cec7 NavigationBar0)/@0xa68870 - animation-leash of insets_animation#18811 (205)
04-15 09:53:46.405 19868 19868 I InsetsSourceConsumer: applyRequestedVisibilityToControl: visible=true, type=statusBars, host=com.catfact.app.feature.facts.test/androidx.activity.ComponentActivity
04-15 09:53:46.406  1151  1151 D SurfaceFlinger: Display 4633128672291735999 HWC layers:
04-15 09:53:46.406  1151  1151 D SurfaceFlinger:        CLIENT |           17089674871054 | 00002102 | RGBA_8888    |   10.0    0.0  720.0 1544.0 |    0    0  720 1544 | com.google.android.calendar/com.goog[...]AllInOneCalendarActivity$_3979#18807 (138)
04-15 09:53:46.406  1151  1151 D SurfaceFlinger:   SOLID_COLOR |                        0 | 00000000 | N/A          |    0.0    0.0    0.0    0.0 |    0    0  720 1544 | DimTransitionLayer for Surface(name=Task=3881)/@0xc75442d#18820 (0)
04-15 09:53:46.406  1151  1151 D SurfaceFlinger:        DEVICE |            8589934655961 | 00002100 | RGBA_8888    |    0.0    0.0   33.0 1544.0 |  687    0  720 1544 | Splash Screen com.catfact.app.feature.facts.test$_2000#18818 (1)
04-15 09:53:46.406  1151  1151 D SurfaceFlinger:        DEVICE |            8589934654694 | 00002100 | RGBA_8888    |    0.0    0.0  720.0   50.0 |    0    0  720   50 | StatusBar$_2000#102 (26437)
04-15 09:53:46.406  1151  1151 D SurfaceFlinger:        DEVICE |           10569914518889 | 00002100 | RGBA_8888    |    0.0    0.0   67.0  353.0 |  653  192  720  545 | com.sec.android.app.launcher/com.sam[...]l.app.CocktailBarService$_2461#16495 (1)
04-15 09:53:46.406  1151  1151 D SurfaceFlinger:        DEVICE |            8589934654691 | 00002100
04-15 09:53:46.406 19868 19868 I InsetsSourceConsumer: applyRequestedVisibilityToControl: visible=true, type=navigationBars, host=com.catfact.app.feature.facts.test/androidx.activity.ComponentActivity
04-15 09:53:46.406  1151  1151 D SurfaceFlinger:  | RGBA_8888    |    0.0    0.0  720.0   90.0 |    0 1454  720 1544 | NavigationBar0$_2000#98 (17229)
04-15 09:53:46.406  1151  1151 D SurfaceFlinger:
04-15 09:53:46.406  1151  1338 D SurfaceFlinger: [input] setFocusedWindow: 5af93c6 com.catfact.app.feature.facts.test/androidx.activity.ComponentActivity
04-15 09:53:46.406  1542  1678 D InputDispatcher: Once focus requested (0): 5af93c6 com.catfact.app.feature.facts.test/androidx.activity.ComponentActivity
04-15 09:53:46.406  1542  1678 D InputDispatcher: Focus request (0): 5af93c6 com.catfact.app.feature.facts.test/androidx.activity.ComponentActivity but waiting because NO_WINDOW
04-15 09:53:46.408  2000  2195 I VRI[test]@302d8fe: mWNT: t=0xb4000074fc555110 mBlastBufferQueue=0xb40000741c561770 fn= 2 HdrRenderState mRenderHdrSdrRatio=1.0 caller= android.view.SyncRtSurfaceTransactionApplier.applyTransaction:100 android.view.SyncRtSurfaceTransactionApplier.lambda$scheduleApply$0:73 android.view.SyncRtSurfaceTransactionApplier.$r8$lambda$afI4fXg3U3-nBZQEDQMiNy-B06s:0
04-15 09:53:46.408  2000  2195 I VRI[test]@302d8fe: mWNT: t=0xb4000074fc6c6dd0 mBlastBufferQueue=0xb40000741c561770 fn= 2 HdrRenderState mRenderHdrSdrRatio=1.0 caller= android.view.SyncRtSurfaceTransactionApplier.applyTransaction:100 android.view.SyncRtSurfaceTransactionApplier.lambda$scheduleApply$0:73 android.view.SyncRtSurfaceTransactionApplier.$r8$lambda$afI4fXg3U3-nBZQEDQMiNy-B06s:0
04-15 09:53:46.408  1151  1151 I SurfaceFlinger: RequestedLayer [com.catfact.app.feature.facts.test/a[...]ivity.ComponentActivity$_19868#18825] hidden!! flag  from(1) --> to(0)
04-15 09:53:46.408  1151  1151 I SurfaceFlinger: destroyed Surface(name=3edafdc StatusBar)/@0x3b919ed - animation-leash of insets_animation#18810
04-15 09:53:46.408  1151  1151 I SurfaceFlinger: destroyed Surface(name=8c5cec7 NavigationBar0)/@0xa68870 - animation-leash of insets_animation#18811
04-15 09:53:46.408  1151  1151 I SurfaceFlinger: destroyed Surface(name=3edafdc StatusBar)/@0x3b919ed - animation-leash of insets_animation#18822
04-15 09:53:46.408  1151  1151 I SurfaceFlinger: destroyed Surface(name=8c5cec7 NavigationBar0)/@0xa68870 - animation-leash of insets_animation#18823
04-15 09:53:46.408  1151  1151 I SurfaceFlinger: [Surface(name=5af93c6 com.catfact.app.feature.facts.test/androidx.activity.ComponentActivity)/@0x667559e - animation-leash of starting_reveal#18828] attach to parent LayerHierarchy{RequestedLayerState{ActivityRecord{89387490 u0 com.catfact.app.feature.facts.test/androidx.activity.ComponentActivity t3881}#18816 parentId=18815} 4 children}
04-15 09:53:46.408  1151  1151 I SurfaceFlinger: [LayerHierarchy{RequestedLayerState{5af93c6 com.catfact.app.feature.facts.test/androidx.activity.ComponentActivity#18824 parentId=18828} 1 children}] reparent to LayerHierarchy{RequestedLayerState{Surface(name=5af93c6 com.catfact.app.feature.facts.test/androidx.activity.ComponentActivity)/@0x667559e - animation-leash of starting_reveal#18828 parentId=18816} 1 children}
04-15 09:53:46.409  1542  1581 I ActivityTaskManager: Displayed com.catfact.app.feature.facts.test/androidx.activity.ComponentActivity for user 0: +135ms
04-15 09:53:46.409  3152  3152 E pageboostd: Received HALT command code 2
04-15 09:53:46.410  1151  1151 I Layer   : id=18810 Destroyed Surface(name=3edafdc StatusBar)/@0x3b919ed - animation-leash of insets_animation#18810
04-15 09:53:46.410  1151  1151 I Layer   : id=18811 Destroyed Surface(name=8c5cec7 NavigationBar0)/@0xa68870 - animation-leash of insets_animation#18811
04-15 09:53:46.410  1151  1151 I Layer   : id=18822 Destroyed Surface(name=3edafdc StatusBar)/@0x3b919ed - animation-leash of insets_animation#18822
04-15 09:53:46.410  1151  1151 I Layer   : id=18823 Destroyed Surface(name=8c5cec7 NavigationBar0)/@0xa68870 - animation-leash of insets_animation#18823
04-15 09:53:46.412  1542  3015 I NSLocationMonitor: getGPSUsingApps() called
04-15 09:53:46.412  1542  1585 D SurfaceComposerClient: setCornerRadius ## a439654 Splash Screen com.catfact.app.feature.facts.test#18817 cornerRadius=0.000000
04-15 09:53:46.412  2982  3043 I NSLocationManager_FLP: getGPSUsingApps, No change
04-15 09:53:46.412  1542  1585 D SurfaceComposerClient: setCornerRadius ## 5af93c6 com.catfact.app.feature.facts.test/androidx.activity.ComponentActivity#18824 cornerRadius=0.000000
04-15 09:53:46.415  1542  3015 W Binder  : Outgoing transactions from this process must be FLAG_ONEWAY
04-15 09:53:46.415  1542  3015 W Binder  : java.lang.Throwable
04-15 09:53:46.415  1542  3015 W Binder  : 	at android.os.BinderProxy.transact(BinderProxy.java:566)
04-15 09:53:46.415  1542  3015 W Binder  : 	at android.bluetooth.IBluetoothGatt$Stub$Proxy.getAdvertisingSetUids(IBluetoothGatt.java:1678)
04-15 09:53:46.415  1542  3015 W Binder  : 	at android.bluetooth.BluetoothAdapter.getAdvertisingSetUids(BluetoothAdapter.java:8476)
04-15 09:53:46.415  1542  3015 W Binder  : 	at android.bluetooth.BluetoothAdapter.getHWUsingApps(BluetoothAdapter.java:1342)
04-15 09:53:46.415  1542  3015 W Binder  : 	at com.android.server.am.mars.filter.filter.BlueToothConnectedFilter.updateBTUsingPackages(qb/106579837 41bd6649a5bb053b68d2b16c1bbb7c9198eb32665b636c0bbec506912035f7b6:22)
04-15 09:53:46.415  1542  3015 W Binder  : 	at com.android.server.am.FreecessController.freeze(qb/106579837 41bd6649a5bb053b68d2b16c1bbb7c9198eb32665b636c0bbec506912035f7b6:117)
04-15 09:53:46.415  1542  3015 W Binder  : 	at com.android.server.am.FreecessHandler$MainHandler.handleLcdOnFreeze(qb/106579837 41bd6649a5bb053b68d2b16c1bbb7c9198eb32665b636c0bbec506912035f7b6:55)
04-15 09:53:46.415  1542  3015 W Binder  : 	at com.android.server.am.FreecessHandler$MainHandler.handleMessage(qb/106579837 41bd6649a5bb053b68d2b16c1bbb7c9198eb32665b636c0bbec506912035f7b6:793)
04-15 09:53:46.415  1542  3015 W Binder  : 	at android.os.Handler.dispatchMessage(Handler.java:110)
04-15 09:53:46.415  1542  3015 W Binder  : 	at android.os.Looper.loopOnce(Looper.java:273)
04-15 09:53:46.415  1542  3015 W Binder  : 	at android.os.Looper.loop(Looper.java:363)
04-15 09:53:46.415  1542  3015 W Binder  : 	at android.os.HandlerThread.run(HandlerThread.java:85)
04-15 09:53:46.415  2000  2120 I VRI[test]@302d8fe: onActiveControlsChanged, removed=false, mAdded=true, caller=android.view.ViewRootImpl.handleInsetsControlChanged:3002 android.view.ViewRootImpl$ViewRootHandler.handleMessageImpl:8352 android.view.ViewRootImpl$ViewRootHandler.handleMessage:8301 android.os.Handler.dispatchMessage:110 android.os.Looper.loopOnce:273
04-15 09:53:46.415  2000  2194 I VRI[test]@302d8fe: mWNT: t=0xb4000074fc787950 mBlastBufferQueue=0xb40000741c561770 fn= 3 HdrRenderState mRenderHdrSdrRatio=1.0 caller= android.view.SyncRtSurfaceTransactionApplier.applyTransaction:100 android.view.SyncRtSurfaceTransactionApplier.lambda$scheduleApply$0:73 android.view.SyncRtSurfaceTransactionApplier.$r8$lambda$afI4fXg3U3-nBZQEDQMiNy-B06s:0
04-15 09:53:46.417  1151  1151 D SurfaceFlinger: Display 4633128672291735999 HWC layers:
04-15 09:53:46.417  1151  1151 D SurfaceFlinger:        CLIENT |           17089674871054 | 00002102 | RGBA_8888    |   21.0    0.0  720.0 1544.0 |    0    0  720 1544 | com.google.android.calendar/com.goog[...]AllInOneCalendarActivity$_3979#18807 (138)
04-15 09:53:46.417  1151  1151 D SurfaceFlinger:   SOLID_COLOR |                        0 | 00000000 | N/A          |    0.0    0.0    0.0    0.0 |    0    0  720 1544 | DimTransitionLayer for Surface(name=Task=3881)/@0xc75442d#18820 (0)
04-15 09:53:46.417  1151  1151 D SurfaceFlinger:        DEVICE |           85332410236931 | 00002102 | RGBA_8888    |    0.0    0.0   66.0 1544.0 |  654    0  720 1544 | com.catfact.app.feature.facts.test/a[...]ivity.ComponentActivity$_19868#18825 (1)
04-15 09:53:46.417  1151  1151 D SurfaceFlinger:        DEVICE |            8589934655961 | 00002100 | RGBA_8888    |    0.0    0.0   66.0 1544.0 |  654    0  720 1544 | Splash Screen com.catfact.app.feature.facts.test$_2000#18818 (1)
04-15 09:53:46.417  1151  1151 D SurfaceFlinger:        DEVICE |            8589934654687 | 00002100 | RGBA_8888    |    0.0    0.0  720.0   50.0 |    0    0  720   50 | StatusBar$_2000#102 (26438)
04-15 09:53:46.417  1151  1151 D SurfaceFlinger:        DEVICE |           10569914518889 | 00002100
04-15 09:53:46.417  1151  1151 D SurfaceFlinger:  | RGBA_8888    |    0.0    0.0   67.0  353.0 |  653  192  720  545 | com.sec.android.app.launcher/com.sam[...]l.app.CocktailBarService$_2461#16495 (1)
04-15 09:53:46.417  1151  1151 D SurfaceFlinger:        DEVICE |            8589934654692 | 00002100 | RGBA_8888    |    0.0    0.0  720.0   90.0 |    0 1454  720 1544 | NavigationBar0$_2000#98 (17230)
04-15 09:53:46.417  1151  1151 D SurfaceFlinger:
04-15 09:53:46.418  1542  3015 I NSLocationMonitor: getGPSUsingApps() called
04-15 09:53:46.418  2982  3043 I NSLocationManager_FLP: getGPSUsingApps, No change
04-15 09:53:46.420  1542  2298 D InputDispatcher: Focus entered window (0): 5af93c6 com.catfact.app.feature.facts.test/androidx.activity.ComponentActivity
04-15 09:53:46.421 19868 19868 D VRI[ComponentActivity]@8110ff: mThreadedRenderer.initializeIfNeeded()#2 mSurface={isValid=true 0xb40000748c5078f0}
04-15 09:53:46.421 19868 19868 D InputMethodManagerUtils: startInputInner - Id : 0
04-15 09:53:46.421 19868 19868 I InputMethodManager: startInputInner - IInputMethodManagerGlobalInvoker.startInputOrWindowGainedFocus
04-15 09:53:46.422  2000  2195 I VRI[test]@302d8fe: mWNT: t=0xb4000074fc60a850 mBlastBufferQueue=0xb40000741c561770 fn= 4 HdrRenderState mRenderHdrSdrRatio=1.0 caller= android.view.SyncRtSurfaceTransactionApplier.applyTransaction:100 android.view.SyncRtSurfaceTransactionApplier.lambda$scheduleApply$0:73 android.view.SyncRtSurfaceTransactionApplier.$r8$lambda$afI4fXg3U3-nBZQEDQMiNy-B06s:0
04-15 09:53:46.423  1542  1750 I ImeTracker: com.catfact.app.feature.facts.test:17bc51be: onRequestHide at ORIGIN_SERVER reason HIDE_UNSPECIFIED_WINDOW fromUser false
04-15 09:53:46.424  1542  1750 D InputTransport: Input channel constructed: 'ClientS', fd=1435
04-15 09:53:46.424  1542  1750 D InputTransport: Input channel constructed: 'ClientS', fd=1437
04-15 09:53:46.424  1542  1750 D InputTransport: Input channel destroyed: 'ClientS', fd=1437
04-15 09:53:46.425 19868 19868 I InputMethodManager: handleMessage: setImeVisibility visible=false
04-15 09:53:46.425 19868 19868 D InsetsController: hide(ime(), fromIme=false)
04-15 09:53:46.425 19868 19868 I ImeTracker: com.catfact.app.feature.facts.test:17bc51be: onCancelled at PHASE_CLIENT_ALREADY_HIDDEN
04-15 09:53:46.426  1542  2476 D InputTransport: Input channel constructed: 'ClientS', fd=1437
04-15 09:53:46.426  1542  2476 D InputTransport: Input channel destroyed: 'ClientS', fd=1437
04-15 09:53:46.426  3756  3756 I HBD     : HoneyBoardService onFinishInput
04-15 09:53:46.426  3756  3756 I HBD     : a IC have been unbinding,  RemoteInputConnection{idHash=#86bbf18}
04-15 09:53:46.426  3756  3756 I HBD     : HoneyBoardService [PF_CL][onFinishInput]  0 ms
04-15 09:53:46.426  3756  3756 I HBD     : HoneyBoardService [IMI] onStartInput - caller pid : 19868 , caller uid : 10749
04-15 09:53:46.426  3756  3756 I HBD     : k updateConfigs
04-15 09:53:46.426  3756  3756 I HBD     : k isEnabledNightMode : true
04-15 09:53:46.426  3979  3979 D InputTransport: Input channel destroyed: 'ClientS', fd=211
04-15 09:53:46.426  3756  3756 I HBD     : a IC have been binding, RemoteInputConnection{idHash=#6d76cf}
04-15 09:53:46.426  3756  3756 I HBD     : h [EditorInputType]setPrivateImeOptionsToTable privateImeOptions ( null )
04-15 09:53:46.426  3756  3756 I HBD     : b incognitoMode : false
04-15 09:53:46.426  3756  3756 I HBD     : c needOff = true , isForceOff = false, isNullInputClass : true
04-15 09:53:46.426  3756  3756 I HBD     : h getDefaultInputRange : UNKNOWN
04-15 09:53:46.426  3756  3756 I HBD     : h getDefaultInputRange : UNKNOWN
04-15 09:53:46.426  3756  3756 I HBD     : h getDefaultInputRange : UNKNOWN
04-15 09:53:46.427  1151  1200 I SurfaceFlinger: id=18829 createSurf, flag=24004, Surface(name=1d7a05f InputMethod)/@0x5f77a9d - animation-leash of insets_animation#18829
04-15 09:53:46.427  3756  3756 I HBD     : c needOff = true , isForceOff = false, isNullInputClass : true
04-15 09:53:46.427  3756  3756 I HBD     : c update cached prediction status : false
04-15 09:53:46.427  3756  3756 I HBD     : h getDefaultInputRange : UNKNOWN
04-15 09:53:46.427  3756  3756 I HBD     : a currentState : 0
04-15 09:53:46.427  3756  3756 I HBD     : a [UpdatePolicy] [post] a: 0 cl: 65538 kit: [0/0] vt: 0 ir: 1
04-15 09:53:46.428  1542  1678 I ImeTracker: system_server:9eb6fb86: onRequestHide at ORIGIN_SERVER reason IME_REQUESTED_CHANGED_LISTENER fromUser false
04-15 09:53:46.428 19868 19877 D InputTransport: Input channel constructed: 'ClientS', fd=139
04-15 09:53:46.428  1542  1585 D SurfaceComposerClient: setCornerRadius ## a439654 Splash Screen com.catfact.app.feature.facts.test#18817 cornerRadius=0.000000
04-15 09:53:46.428  1542  1585 D SurfaceComposerClient: setCornerRadius ## 5af93c6 com.catfact.app.feature.facts.test/androidx.activity.ComponentActivity#18824 cornerRadius=0.000000
04-15 09:53:46.429  1542  1584 I ImeTracker: system_server:9eb6fb86: onCancelled at PHASE_SERVER_SHOULD_HIDE
04-15 09:53:46.429  3756  3756 I HBD     : a [NRIC] resetNoResponseState
04-15 09:53:46.429  3756  3756 I HBD     : c needOff = true , isForceOff = false, isNullInputClass : true
04-15 09:53:46.429  3756  3756 I HBD     : c update cached prediction status : false
04-15 09:53:46.429  3756  3756 I HBD     : b [AiWriter] setContact : com.catfact.app.feature.facts.test
04-15 09:53:46.429  3756  3756 I HBD     : a [AiWriter] setContact : com.catfact.app.feature.facts.test
04-15 09:53:46.429  3756  3756 I HBD     : o0 EBD si S 0
04-15 09:53:46.429  3756  3756 I HBD     : r updateContactDBLanguage : 0
04-15 09:53:46.429  3756  3756 I HBD     : a [UpdatePolicy] [post] a: 31 cl: 65538 kit: [0/0] vt: 0 ir: 1
04-15 09:53:46.429  3756  3756 I HBD     : HoneyBoardService [PF_OP][onStartInput]  3 ms
04-15 09:53:46.430  3756  3756 I HBD     : [DirectWriting] DirectWriting emitInputConnection : RemoteInputConnection{idHash=#6d76cf}
04-15 09:53:46.431  2000  2194 I VRI[test]@302d8fe: mWNT: t=0xb4000074fc649f50 mBlastBufferQueue=0xb40000741c561770 fn= 5 HdrRenderState mRenderHdrSdrRatio=1.0 caller= android.view.SyncRtSurfaceTransactionApplier.applyTransaction:100 android.view.SyncRtSurfaceTransactionApplier.lambda$scheduleApply$0:73 android.view.SyncRtSurfaceTransactionApplier.$r8$lambda$afI4fXg3U3-nBZQEDQMiNy-B06s:0
04-15 09:53:46.431  3756  2073 I HBD     : a [SKE_SPECIFIC] specific model[com.catfact.app.feature.facts.test] loaded, 880938 ns
04-15 09:53:46.433  1151  1151 I SurfaceFlinger: [Surface(name=1d7a05f InputMethod)/@0x5f77a9d - animation-leash of insets_animation#18829] attach to parent LayerHierarchy{RequestedLayerState{WindowToken{d080c22 type=2011 android.os.Binder@459a5ed}#120 parentId=15} 2 children}
04-15 09:53:46.439  2000  2195 I VRI[test]@302d8fe: mWNT: t=0xb4000074fc6b7390 mBlastBufferQueue=0xb40000741c561770 fn= 6 HdrRenderState mRenderHdrSdrRatio=1.0 caller= android.view.SyncRtSurfaceTransactionApplier.applyTransaction:100 android.view.SyncRtSurfaceTransactionApplier.lambda$scheduleApply$0:73 android.view.SyncRtSurfaceTransactionApplier.$r8$lambda$afI4fXg3U3-nBZQEDQMiNy-B06s:0
04-15 09:53:46.440  1151  1151 I SurfaceFlinger: RequestedLayer [Surface(name=1d7a05f InputMethod)/@0[...]tion-leash of insets_animation#18829] hidden!! flag  from(1) --> to(0)
04-15 09:53:46.441  1151  1151 E SurfaceFlinger: alpha changed 1.000 -> 0.000 - Surface(name=1d7a05f InputMethod)/@0x5f77a9d - animation-leash of insets_animation#18829
04-15 09:53:46.441  1151  1151 I SurfaceFlinger: [LayerHierarchy{RequestedLayerState{ImeContainer#15 parentId=18816 relativeParentId=18816 z=3} 1 children}] reparent to LayerHierarchy{RequestedLayerState{ActivityRecord{89387490 u0 com.catfact.app.feature.facts.test/androidx.activity.ComponentActivity t3881}#18816 parentId=18815} 4 children}
04-15 09:53:46.441  1151  1151 I SurfaceFlinger: [LayerHierarchy{RequestedLayerState{ImeContainer#15 parentId=18816 relativeParentId=18816 z=3} 1 children}] RelativeParent to null
04-15 09:53:46.441  1151  1151 I SurfaceFlinger: [LayerHierarchy{RequestedLayerState{1d7a05f InputMethod#134 parentId=18829} no children}] reparent to LayerHierarchy{RequestedLayerState{Surface(name=1d7a05f InputMethod)/@0x5f77a9d - animation-leash of insets_animation#18829 parentId=120} 1 children}
04-15 09:53:46.441  1151  1151 I SurfaceFlinger: [LayerHierarchy{RequestedLayerState{Surface(name=1d7a05f InputMethod)/@0x5f77a9d - animation-leash of insets_animation#18813} no children}] reparent to OffscreenRoot
04-15 09:53:46.441  1151  1151 I SurfaceFlinger: [LayerHierarchy{RequestedLayerState{Surface(name=1d7a05f InputMethod)/@0x5f77a9d - animation-leash of insets_animation#18813} no children}] RelativeParent to null
04-15 09:53:46.443  1151  2479 I SurfaceFlinger: id=18813 Removed Surface(name=1d7a05f InputMethod)/@0x5f77a9d - animation-leash of insets_animation#18813 (202)
04-15 09:53:46.444  3756  3756 I InputMethodService: scheduleImeSurfaceRemoval: removeImeSurface is posted.
04-15 09:53:46.447  2000  2194 I VRI[test]@302d8fe: mWNT: t=0xb4000074fc65d190 mBlastBufferQueue=0xb40000741c561770 fn= 7 HdrRenderState mRenderHdrSdrRatio=1.0 caller= android.view.SyncRtSurfaceTransactionApplier.applyTransaction:100 android.view.SyncRtSurfaceTransactionApplier.lambda$scheduleApply$0:73 android.view.SyncRtSurfaceTransactionApplier.$r8$lambda$afI4fXg3U3-nBZQEDQMiNy-B06s:0
04-15 09:53:46.449  1151  1151 I SurfaceFlinger: destroyed Surface(name=1d7a05f InputMethod)/@0x5f77a9d - animation-leash of insets_animation#18813
04-15 09:53:46.450  1151  1151 I Layer   : id=18813 Destroyed Surface(name=1d7a05f InputMethod)/@0x5f77a9d - animation-leash of insets_animation#18813
04-15 09:53:46.457  1542  1678 I WindowManager: Relayout Window{a439654 u0 Splash Screen com.catfact.app.feature.facts.test}: viewVisibility=8 req=720x1544 ty=3 d0
04-15 09:53:46.457  1542  1678 D SurfaceComposerClient: setCornerRadius ## 5af93c6 com.catfact.app.feature.facts.test/androidx.activity.ComponentActivity#18824 cornerRadius=0.000000
04-15 09:53:46.457  1542  1678 D SurfaceComposerClient: setCornerRadius ## a439654 Splash Screen com.catfact.app.feature.facts.test#18817 cornerRadius=0.000000
04-15 09:53:46.457  1542  1678 D SurfaceComposerClient: setCornerRadius ## 5af93c6 com.catfact.app.feature.facts.test/androidx.activity.ComponentActivity#18824 cornerRadius=0.000000
04-15 09:53:46.458  1542  1678 I WindowManager: Relayout hash=a439654, pid=2000, syncId=-1: mAttrs={(0,0)(fillxfill) sim={adjust=pan} layoutInDisplayCutoutMode=always ty=APPLICATION_STARTING fmt=TRANSLUCENT wanim=0x1030317
04-15 09:53:46.458  1542  1678 I WindowManager:   fl=81030118
04-15 09:53:46.458  1542  1678 I WindowManager:   pfl=10000810
04-15 09:53:46.458  1542  1678 I WindowManager:   apr=18
04-15 09:53:46.458  1542  1678 I WindowManager:   bhv=1
04-15 09:53:46.458  1542  1678 I WindowManager:   fitSides=0
04-15 09:53:46.458  1542  1678 I WindowManager:   frameRateBoostOnTouch=true
04-15 09:53:46.458  1542  1678 I WindowManager:   dvrrWindowFrameRateHint=true naviIconColor=0}
04-15 09:53:46.458  2000  2120 I VRI[test]@302d8fe: onActiveControlsChanged, removed=false, mAdded=true, caller=android.view.ViewRootImpl.handleInsetsControlChanged:3002 android.view.ViewRootImpl.relayoutWindow:11629 android.view.ViewRootImpl.performTraversals:4804 android.view.ViewRootImpl.doTraversal:3924 android.view.ViewRootImpl$TraversalRunnable.run:12903
04-15 09:53:46.459  2000  2120 I VRI[test]@302d8fe: Relayout returned: old=(0,0,720,1544) new=(0,0,720,1544) relayoutAsync=false req=(720,1544)8 dur=3 res=0x2 s={false 0x0} ch=true seqId=0
04-15 09:53:46.459  1218  6568 I CameraService: onUidStateChanged: uid=10048, procState is changed. (1 -> 0)
04-15 09:53:46.459  2000  2120 D VRI[test]@302d8fe: Not drawing due to not visible. Reason=View.GONE
04-15 09:53:46.459  2000  2120 I VRI[test]@302d8fe: dispatchDetachedFromWindow
04-15 09:53:46.459  1542  1678 D InputTransport: Input channel destroyed: 'a439654', fd=1433
04-15 09:53:46.459  1542  1678 D SurfaceComposerClient: setCornerRadius ## 5af93c6 com.catfact.app.feature.facts.test/androidx.activity.ComponentActivity#18824 cornerRadius=0.000000
04-15 09:53:46.460  1542  1678 D SurfaceComposerClient: setCornerRadius ## 5af93c6 com.catfact.app.feature.facts.test/androidx.activity.ComponentActivity#18824 cornerRadius=0.000000
04-15 09:53:46.460  2000  2120 D InputTransport: Input channel destroyed: 'a439654', fd=679
04-15 09:53:46.460  1542  1585 D SurfaceComposerClient: setCornerRadius ## 5af93c6 com.catfact.app.feature.facts.test/androidx.activity.ComponentActivity#18824 cornerRadius=0.000000
04-15 09:53:46.463  1542  1882 I SemWifiServiceDetector: Service det. suspended: T / T / 2770
04-15 09:53:46.468  1542  1585 D SurfaceComposerClient: setCornerRadius ## 5af93c6 com.catfact.app.feature.facts.test/androidx.activity.ComponentActivity#18824 cornerRadius=0.000000
04-15 09:53:46.468  2000  2000 D SystemUIService: SYSUI_RAM_OPTIMIZATION onTrimMemory=20
04-15 09:53:46.468  2000  2000 D CentralSurfaces: SYSUI_RAM_OPTIMIZATION onTrimMemory=20
04-15 09:53:46.469  2000  2196 D HWUI    : CacheManager::trimMemory(20)
04-15 09:53:46.473  8561 12495 I SCS@AiSearch user 0: (AppsDataWorker) [androidx.work-4] entering in doWork():
04-15 09:53:46.473  8561 12495 I SCS@AiSearch user 0: (AppsDataObserver) [androidx.work-4] entering in execute():
04-15 09:53:46.474  8561 12495 I SCS@AiSearch user 0: (AppsDataObserver-CMD_UPDATE_LIST) changed package count: 1
04-15 09:53:46.474  1151  1151 I SurfaceFlinger: RequestedLayer [Splash Screen com.catfact.app.feature.facts.test$_2000#18818] hidden!! flag  from(0) --> to(1)
04-15 09:53:46.474  1151  1151 I SurfaceFlinger: [LayerHierarchy{RequestedLayerState{Surface(name=5af93c6 com.catfact.app.feature.facts.test/androidx.activity.ComponentActivity)/@0x667559e - animation-leash of starting_reveal#18828} 1 children}] reparent to OffscreenRoot
04-15 09:53:46.474  1151  1151 I SurfaceFlinger: [LayerHierarchy{RequestedLayerState{Surface(name=5af93c6 com.catfact.app.feature.facts.test/androidx.activity.ComponentActivity)/@0x667559e - animation-leash of starting_reveal#18828} 1 children}] RelativeParent to null
04-15 09:53:46.474  1151  1151 I SurfaceFlinger: [LayerHierarchy{RequestedLayerState{5af93c6 com.catfact.app.feature.facts.test/androidx.activity.ComponentActivity#18824 parentId=18816} 1 children}] reparent to LayerHierarchy{RequestedLayerState{ActivityRecord{89387490 u0 com.catfact.app.feature.facts.test/androidx.activity.ComponentActivity t3881}#18816 parentId=18815} 4 children}
04-15 09:53:46.476 19868 19872 I ture.facts.test: Compiler allocated 5066KB to compile void android.view.ViewRootImpl.performTraversals()
04-15 09:53:46.478  8561 12495 I SCS@AiSearch user 0: (AppsDataObserver) [androidx.work-4] leaving from execute():  result is true
04-15 09:53:46.479  8561 12495 I SCS@AiSearch user 0: (AppsDataWorker) [androidx.work-4] leaving from doWork():
04-15 09:53:46.479  8561  8601 I WM-WorkerWrapper: Worker result SUCCESS for Work [ id=5f77db57-da98-43d0-9fd7-0cc25d007c8b, tags={ com.samsung.android.scs.ai.search.data.apps.AppsDataWorker, CMD_UPDATE_LIST } ]
04-15 09:53:46.482  1151  1151 D SurfaceFlinger: Display 4633128672291735999 HWC layers:
04-15 09:53:46.482  1151  1151 D SurfaceFlinger:        CLIENT |           17089674871054 | 00002102 | RGBA_8888    |  143.0    0.0  720.0 1544.0 |    0    0  720 1544 | com.google.android.calendar/com.goog[...]AllInOneCalendarActivity$_3979#18807 (138)
04-15 09:53:46.482  1151  1151 D SurfaceFlinger:   SOLID_COLOR |                        0 | 00000000 | N/A          |    0.0    0.0    0.0    0.0 |    0    0  720 1544 | DimTransitionLayer for Surface(name=Task=3881)/@0xc75442d#18820 (0)
04-15 09:53:46.482  1151  1151 D SurfaceFlinger:        DEVICE |           85332410236931 | 00002102 | RGBA_8888    |    0.0    0.0  458.0 1544.0 |  262    0  720 1544 | com.catfact.app.feature.facts.test/a[...]ivity.ComponentActivity$_19868#18825 (1)
04-15 09:53:46.482  1151  1151 D SurfaceFlinger:        DEVICE |            8589934654687 | 00002100 | RGBA_8888    |    0.0    0.0  720.0   50.0 |    0    0  720   50 | StatusBar$_2000#102 (26446)
04-15 09:53:46.482  1151  1151 D SurfaceFlinger:        DEVICE |           10569914518889 | 00002100 | RGBA_8888    |    0.0    0.0   67.0  353.0 |  653  192  720  545 | com.sec.android.app.launcher/com.sam[...]l.app.CocktailBarService$_2461#16495 (1)
04-15 09:53:46.482  1151  1151 D SurfaceFlinger:        DEVICE |            8589934
04-15 09:53:46.482  1151  1151 D SurfaceFlinger: 654692 | 00002100 | RGBA_8888    |    0.0    0.0  720.0   90.0 |    0 1454  720 1544 | NavigationBar0$_2000#98 (17238)
04-15 09:53:46.482  1151  1151 D SurfaceFlinger:
04-15 09:53:46.505  2000  2000 D QSClock : onDarkChanged tint=DARK
04-15 09:53:46.598  1144  1154 E HeatmapThread: ECT Thread time in milliseconds: 1776239626
04-15 09:53:46.598  1144  1154 D HeatmapThread: !@ batteryplugType : 0
04-15 09:53:46.598  1144  1154 D HeatmapThread: !@ batteryLevel : 0  batteryTemperature : 0
04-15 09:53:46.598  1144  1154 D HeatmapThread: !@ Heatmap currtime: 29603993
04-15 09:53:46.598  1144  1154 D HeatmapThread: !@ Heatmap prevtime: 29603990
04-15 09:53:46.598  1144  1154 D HeatmapThread: !@ Heatmap plugstarttime: 35791394
04-15 09:53:46.598  1144  1154 D HeatmapThread: !@ Heatmap prevv_dsoh_update_time: 29597770
04-15 09:53:46.598  1144  1154 E HeatmapThread: !@Could not open '/efs/FactoryApp/bsoh', errno = 13
04-15 09:53:46.598  1144  1154 E HeatmapThread: !@ CAM Could not access BSOH EFS
04-15 09:53:46.598  1144  1154 E HeatmapThread: !@ CAM New BSOH: 0
04-15 09:53:46.603  2461  2461 I HoneySpace.EdgePanel.EdgeVisibilityRepository: getComputedTrayVisible : keyguardState = 1
04-15 09:53:46.603  2461  2461 I HoneySpace.EdgePanel.EdgeVisibilityRepository: updateTrayVisible: State = 0x1, visible = true, current containerState = 0, specificMode = 0
04-15 09:53:46.603  2461  2461 I HoneySpace.EdgePanel.EdgeVisibilityRepository: Same container state 0
04-15 09:53:46.703  1059 19921 I HYPER-HAL: [RequestManager.cpp]releaseLocked(): Released ID : 1223852
04-15 09:53:46.831  1151  1151 D SurfaceFlinger: Display 4633128672291735999 HWC layers:
04-15 09:53:46.831  1151  1151 D SurfaceFlinger:        DEVICE |           85332410236931 | 00002102 | RGBA_8888    |    0.0    0.0  720.0 1544.0 |    0    0  720 1544 | com.catfact.app.feature.facts.test/a[...]ivity.ComponentActivity$_19868#18825 (1)
04-15 09:53:46.831  1151  1151 D SurfaceFlinger:        DEVICE |            8589934654742 | 00002100 | RGBA_8888    |    0.0    0.0  720.0   50.0 |    0    0  720   50 | StatusBar$_2000#102 (26452)
04-15 09:53:46.831  1151  1151 D SurfaceFlinger:        DEVICE |           10569914518889 | 00002100 | RGBA_8888    |    0.0    0.0   67.0  353.0 |  653  192  720  545 | com.sec.android.app.launcher/com.sam[...]l.app.CocktailBarService$_2461#16495 (1)
04-15 09:53:46.831  1151  1151 D SurfaceFlinger:        DEVICE |            8589934654693 | 00002100 | RGBA_8888    |    0.0    0.0  720.0   90.0 |    0 1454  720 1544 | NavigationBar0$_2000#98 (17243)
04-15 09:53:46.831  1151  1151 D SurfaceFlinger:
04-15 09:53:46.831  2000  2105 I SurfaceControlRegistry: apply, t=FinishTransaction_SyncId<1679>, caller=android.view.SurfaceControl$Transaction.apply:3459 android.view.SurfaceControl$Transaction.apply:3447 android.view.SurfaceControl$Transaction.apply:3397 com.android.wm.shell.transition.Transitions.onFinish:315 com.android.wm.shell.transition.Transitions$$ExternalSyntheticLambda7.onTransitionFinished:12 com.android.wm.shell.transition.DefaultTransitionHandler$$ExternalSyntheticLambda2.run:36
04-15 09:53:46.834  3979  3979 I VRI[AllInOneCalendarActivity]@d0e7517: handleAppVisibility mAppVisible = true visible = false
04-15 09:53:46.834  3979  3979 D VRI[AllInOneCalendarActivity]@d0e7517: visibilityChanged oldVisibility=true newVisibility=false
04-15 09:53:46.834  1542  2298 D SurfaceComposerClient: setCornerRadius ## 5af93c6 com.catfact.app.feature.facts.test/androidx.activity.ComponentActivity#18824 cornerRadius=0.000000
04-15 09:53:46.835  1542  2298 D SurfaceComposerClient: setCornerRadius ## 5af93c6 com.catfact.app.feature.facts.test/androidx.activity.ComponentActivity#18824 cornerRadius=0.000000
04-15 09:53:46.836  2000  2000 D SamsungLightBarControlHelper: updateStatusBar (WHITE icon) numStacks:1, StatusBarMode:MODE_TRANSPARENT, lightBarBounds:[], StatusBarState:SHADE, packageName:, isWhiteKeyguardStatusBar:false
04-15 09:53:46.837  2000  2000 D SamsungLightBarControlHelper: onStatusBarAppearanceChanged() -  sbModeChanged:false, statusBarMode:0, barState:MODE_TRANSPARENT, isKeyguardShowing:false, navbarColorManagedByIme:false, (AppearanceRegion{ bounds=[0,0][720,1544]}, )
04-15 09:53:46.837  3979  8486 D Choreographer: BBA2 receive callback when in bg : 4
04-15 09:53:46.840  1151  1151 I SurfaceFlinger: RequestedLayer [Task=3801#16292] hidden!! flag  from(0) --> to(1)
04-15 09:53:46.840  1151  1151 I SurfaceFlinger: [Display 0 name="Built-in Screen"#49] setFrameRateCategory: Default
04-15 09:53:46.840  1151  1151 I SurfaceFlinger: RequestedLayer [com.google.android.calendar/com.goog[...]AllInOneCalendarActivity$_3979#18807] hidden!! flag  from(0) --> to(1)
04-15 09:53:46.840  1151  1151 I SurfaceFlinger: RequestedLayer [ActivityRecord{243114305 u0 com.goog[...]llInOneCalendarActivity t3801}#16293] hidden!! flag  from(0) --> to(1)
04-15 09:53:46.840  1151  1151 I SurfaceFlinger: [LayerHierarchy{RequestedLayerState{ImeContainer#15 parentId=18816 relativeParentId=18824 z=1} 1 children}] RelativeParent to LayerHierarchy{RequestedLayerState{5af93c6 com.catfact.app.feature.facts.test/androidx.activity.ComponentActivity#18824 parentId=18816} 2 children}
04-15 09:53:46.840  1151  1151 I SurfaceFlinger: [LayerHierarchy{RequestedLayerState{Task=3801#16292 parentId=10 z=12} 1 children}] reparent to LayerHierarchy{RequestedLayerState{DefaultTaskDisplayArea_d0#10 parentId=9} 16 children}
04-15 09:53:46.840  1151  1151 I SurfaceFlinger: [LayerHierarchy{RequestedLayerState{Task=3881#18815 parentId=10 z=13} 2 children}] reparent to LayerHierarchy{RequestedLayerState{DefaultTaskDisplayArea_d0#10 parentId=9} 17 children}
04-15 09:53:46.840  1151  1151 I SurfaceFlinger: [LayerHierarchy{RequestedLayerState{a439654 Splash Screen com.catfact.app.feature.facts.test#18817 z=2147483647} 1 children}] reparent to OffscreenRoot
04-15 09:53:46.840  1151  1151 I SurfaceFlinger: [LayerHierarchy{RequestedLayerState{a439654 Splash Screen com.catfact.app.feature.facts.test#18817 z=2147483647} 1 children}] RelativeParent to null
04-15 09:53:46.840  1151  1151 I SurfaceFlinger: [LayerHierarchy{RequestedLayerState{Splash Screen com.catfact.app.feature.facts.test$_2000#18818} no children}] reparent to OffscreenRoot
04-15 09:53:46.840  1151  1151 I SurfaceFlinger: [LayerHierarchy{RequestedLayerState{Splash Screen com.catfact.app.feature.facts.test$_2000#18818} no children}] RelativeParent to null
04-15 09:53:46.840  1151  1151 I SurfaceFlinger: [LayerHierarchy{RequestedLayerState{Transition Root: Task=3881#18819 z=13} 1 children}] reparent to OffscreenRoot
04-15 09:53:46.840  1151  1151 I SurfaceFlinger: [LayerHierarchy{RequestedLayerState{Transition Root: Task=3881#18819 z=13} 1 children}] RelativeParent to null
04-15 09:53:46.840  1151  1151 I SurfaceFlinger: [LayerHierarchy{RequestedLayerState{DimTransitionLayer for Surface(name=Task=3881)/@0xc75442d#18820 z=-1} no children}] reparent to OffscreenRoot
04-15 09:53:46.840  1151  1151 I SurfaceFlinger: [LayerHierarchy{RequestedLayerState{DimTransitionLayer for Surface(name=Task=3881)/@0xc75442d#18820 z=-1} no children}] RelativeParent to null
04-15 09:53:46.841  1151  1151 I SurfaceFlinger: id=18820 Removed DimTransitionLayer for Surface(name=Task=3881)/@0xc75442d#18820 (201)
04-15 09:53:46.841  1151  1151 I SurfaceFlinger: id=18819 Removed Transition Root: Task=3881#18819 (201)
04-15 09:53:46.842  1542  1598 W libprocessgroup: SetCgroup::ExecuteForProcess: failed to open /dev/cpuctl/foreground-boost/cgroup.procs: No such file or directory
04-15 09:53:46.843  1542  1598 W libprocessgroup: SetCgroup::ExecuteForProcess: failed to open /dev/cpuctl/foreground-boost/cgroup.procs: No such file or directory
04-15 09:53:46.843  1151  1378 I SurfaceFlinger: id=18818 Removed Splash Screen com.catfact.app.feature.facts.test$_2000#18818 (201)
04-15 09:53:46.843  1151  1378 I SurfaceFlinger: id=18817 Removed a439654 Splash Screen com.catfact.app.feature.facts.test#18817 (201)
04-15 09:53:46.845  3979  4808 D HWUI    : CacheManager::trimMemory(20)
04-15 09:53:46.846  2000  2000 D SystemUIService: SYSUI_RAM_OPTIMIZATION onTrimMemory=20
04-15 09:53:46.846  2000  2000 D CentralSurfaces: SYSUI_RAM_OPTIMIZATION onTrimMemory=20
04-15 09:53:46.846  6698  6942 I FontLog : (REDACTED) Received query %s, URI %s
04-15 09:53:46.846  6698  6942 I FontLog : (REDACTED) Query [%s] resolved to %s
04-15 09:53:46.846  2000  2196 D HWUI    : CacheManager::trimMemory(20)
04-15 09:53:46.847  6698  6942 I FontLog : (REDACTED) Fetch %s end status %s
04-15 09:53:46.848  1151  1151 I SurfaceFlinger: destroyed a439654 Splash Screen com.catfact.app.feature.facts.test#18817
04-15 09:53:46.848  1151  1151 I SurfaceFlinger: destroyed Splash Screen com.catfact.app.feature.facts.test$_2000#18818
04-15 09:53:46.848  1151  1151 I SurfaceFlinger: destroyed Transition Root: Task=3881#18819
04-15 09:53:46.848  1151  1151 I SurfaceFlinger: destroyed DimTransitionLayer for Surface(name=Task=3881)/@0xc75442d#18820
04-15 09:53:46.848  1151  1151 I Layer   : id=18817 Destroyed a439654 Splash Screen com.catfact.app.feature.facts.test#18817
04-15 09:53:46.848  1151  1151 I Layer   : id=18818 Destroyed Splash Screen com.catfact.app.feature.facts.test$_2000#18818
04-15 09:53:46.848  1151  1151 I Layer   : id=18819 Destroyed Transition Root: Task=3881#18819
04-15 09:53:46.848  1151  1151 I Layer   : id=18820 Destroyed DimTransitionLayer for Surface(name=Task=3881)/@0xc75442d#18820
04-15 09:53:46.849  2000  2125 D StackScroller: onDisplayChanged for predraw skip to 2
04-15 09:53:46.849  1542  2476 I WindowManager: Relayout Window{2483cb1 u0 com.google.android.calendar/com.google.android.calendar.allinone.AllInOneCalendarActivity}: viewVisibility=8 req=720x1544 ty=1 d0
04-15 09:53:46.849  6698  6945 I FontLog : (REDACTED) Pulling font file for id = %d, cache size = %d
04-15 09:53:46.849  1542  2476 D SurfaceComposerClient: setCornerRadius ## 5af93c6 com.catfact.app.feature.facts.test/androidx.activity.ComponentActivity#18824 cornerRadius=0.000000
04-15 09:53:46.850  2461  4179 I HoneySpace.Memory-Monitor: current state = 2, didTrim = false
04-15 09:53:46.850  1542  2476 D SurfaceComposerClient: setCornerRadius ## 5af93c6 com.catfact.app.feature.facts.test/androidx.activity.ComponentActivity#18824 cornerRadius=0.000000
04-15 09:53:46.850  1542  2476 I WindowManager: Relayout hash=2483cb1, pid=3979, syncId=-1: mAttrs={(0,0)(fillxfill) sim={adjust=pan} layoutInDisplayCutoutMode=always ty=BASE_APPLICATION wanim=0x1030317
04-15 09:53:46.850  1542  2476 I WindowManager:   fl=81810100
04-15 09:53:46.850  1542  2476 I WindowManager:   pfl=100088c0
04-15 09:53:46.850  1542  2476 I WindowManager:   vsysui=700
04-15 09:53:46.850  1542  2476 I WindowManager:   bhv=1
04-15 09:53:46.850  1542  2476 I WindowManager:   fitSides=0
04-15 09:53:46.850  1542  2476 I WindowManager:   frameRateBoostOnTouch=true
04-15 09:53:46.850  1542  2476 I WindowManager:   dvrrWindowFrameRateHint=true naviIconColor=0}
04-15 09:53:46.851  1542  1585 D SurfaceComposerClient: setCornerRadius ## 5af93c6 com.catfact.app.feature.facts.test/androidx.activity.ComponentActivity#18824 cornerRadius=0.000000
04-15 09:53:46.853  3979  3979 I VRI[AllInOneCalendarActivity]@d0e7517: Relayout returned: old=(0,0,720,1544) new=(0,0,720,1544) relayoutAsync=false req=(720,1544)8 dur=5 res=0x2 s={false 0x0} ch=true seqId=0
04-15 09:53:46.853  3979  3979 D VRI[AllInOneCalendarActivity]@d0e7517: Not drawing due to not visible. Reason=!mAppVisible && !mForceDecorViewVisibility
04-15 09:53:46.853  6698  6942 I FontLog : (REDACTED) Pulling font file for id = %d, cache size = %d
04-15 09:53:46.854  3979  4808 D HWUI    : CacheManager::trimMemory(20)
04-15 09:53:46.854  2000  2000 D DisplayLifecycle: updateDisplay id = 0
04-15 09:53:46.856  3979  3979 I VRI[AllInOneCalendarActivity]@d0e7517: stopped(true) old = false
04-15 09:53:46.857  3979  3979 D VRI[AllInOneCalendarActivity]@d0e7517: WindowStopped on com.google.android.calendar/com.google.android.calendar.allinone.AllInOneCalendarActivity set to true
04-15 09:53:46.857  3979  4808 D HWUI    : CacheManager::trimMemory(20)
04-15 09:53:46.869  1542  1582 D PkgPredictorService-SecIpmManagerServiceImpl: bg information pid:3979 uid:10279 pkgName:com.google.android.calendar
04-15 09:53:46.872  1151  1151 I SurfaceFlinger: [LayerHierarchy{RequestedLayerState{com.google.android.calendar/com.google.android.calendar.allinone.AllInOneCalendarActivity$_3979#18807} no children}] reparent to OffscreenRoot
04-15 09:53:46.872  1151  1151 I SurfaceFlinger: [LayerHierarchy{RequestedLayerState{com.google.android.calendar/com.google.android.calendar.allinone.AllInOneCalendarActivity$_3979#18807} no children}] RelativeParent to null
04-15 09:53:46.872  3979  3979 D BBA2    : setIsFg isFg = false; delayValue 3999ms
04-15 09:53:46.874  1151  1151 I SurfaceFlinger: id=18807 Removed com.google.android.calendar/com.google.android.calendar.allinone.AllInOneCalendarActivity$_3979#18807 (197)
04-15 09:53:46.880  1151  1151 I SurfaceFlinger: destroyed com.google.android.calendar/com.google.android.calendar.allinone.AllInOneCalendarActivity$_3979#18807
04-15 09:53:46.882  1151  1151 I Layer   : id=18807 Destroyed com.google.android.calendar/com.google.android.calendar.allinone.AllInOneCalendarActivity$_3979#18807
04-15 09:53:46.883  3979  3979 W WindowOnBackDispatcher: sendCancelIfRunning: isInProgress=false callback=android.app.Activity$$ExternalSyntheticLambda0@368f89c
04-15 09:53:46.888  3979  4808 D HWUI    : CacheManager::trimMemory(20)
04-15 09:53:46.892  3979  3979 D ViewRootImpl: Skipping stats log for color mode
04-15 09:53:46.892  3979  3979 I VRI[AllInOneCalendarActivity]@d0e7517: dispatchDetachedFromWindow
04-15 09:53:46.892  1542  2476 D InputTransport: Input channel destroyed: '2483cb1', fd=1041
04-15 09:53:46.893  1542  2476 D SurfaceComposerClient: setCornerRadius ## 5af93c6 com.catfact.app.feature.facts.test/androidx.activity.ComponentActivity#18824 cornerRadius=0.000000
04-15 09:53:46.893  1542  2476 D SurfaceComposerClient: setCornerRadius ## 5af93c6 com.catfact.app.feature.facts.test/androidx.activity.ComponentActivity#18824 cornerRadius=0.000000
04-15 09:53:46.895  3979  3979 D InputTransport: Input channel destroyed: '2483cb1', fd=159
04-15 09:53:46.905  1151  1151 I SurfaceFlinger: [LayerHierarchy{RequestedLayerState{2483cb1 com.google.android.calendar/com.google.android.calendar.allinone.AllInOneCalendarActivity#18806} no children}] reparent to OffscreenRoot
