04-15 09:53:54.174  1151  1151 E SurfaceFlinger: alpha changed 1.000 -> 0.000 - ActivityRecord{116327725 u0 com.catfact.app.feature.facts.test/androidx.test.core.app.InstrumentationActivityInvoker$EmptyActivity t3886}#19008
04-15 09:53:54.174  1151  1151 I SurfaceFlinger: RequestedLayer [5c5cad4 com.catfact.app.feature.fact[...]nActivityInvoker$EmptyActivity#19009] hidden!! flag  from(1) --> to(0)
04-15 09:53:54.174  1151  1151 I SurfaceFlinger: RequestedLayer [com.catfact.app.feature.facts.test/a[...]tyInvoker$EmptyActivity$_19868#19010] hidden!! flag  from(1) --> to(0)
04-15 09:53:54.174  1151  1151 I SurfaceFlinger: RequestedLayer [Transition Root: ActivityRecord{1163[...]tyInvoker$EmptyActivity t3886}#19013] hidden!! flag  from(1) --> to(0)
04-15 09:53:54.174  1151  1151 I SurfaceFlinger: RequestedLayer [ActivityRecord{198789024 u0 com.catf[...]ivity.ComponentActivity t3886}#18994] hidden!! flag  from(0) --> to(1)
04-15 09:53:54.174  1151  1151 E SurfaceFlinger: alpha changed 0.000 -> 1.000 - ActivityRecord{116327725 u0 com.catfact.app.feature.facts.test/androidx.test.core.app.InstrumentationActivityInvoker$EmptyActivity t3886}#19008
04-15 09:53:54.174  1151  1151 I SurfaceFlinger: destroyed Surface(name=8c5cec7 NavigationBar0)/@0xa68870 - animation-leash of insets_animation#19005
04-15 09:53:54.174  1151  1151 I SurfaceFlinger: destroyed Surface(name=3edafdc StatusBar)/@0x3b919ed - animation-leash of insets_animation#19004
04-15 09:53:54.174  1151  1151 I SurfaceFlinger: [Transition Root: ActivityRecord{116327725 u0 com.catfact.app.feature.facts.test/androidx.test.core.app.InstrumentationActivityInvoker$EmptyActivity t3886}#19013] attach to parent OffscreenRoot
04-15 09:53:54.174  1151  1151 I SurfaceFlinger: [LayerHierarchy{RequestedLayerState{ActivityRecord{198789024 u0 com.catfact.app.feature.facts.test/androidx.activity.ComponentActivity t3886}#18994 parentId=18993} 3 children}] reparent to LayerHierarchy{RequestedLayerState{Task=3886#18993 parentId=10 z=13} 2 children}
04-15 09:53:54.174  1151  1151 I SurfaceFlinger: [LayerHierarchy{RequestedLayerState{ActivityRecord{116327725 u0 com.catfact.app.feature.facts.test/androidx.test.core.app.InstrumentationActivityInvoker$EmptyActivity t3886}#19008 parentId=18993 z=1} 1 children}] reparent to LayerHierarchy{RequestedLayerState{Task=3886#18993 parentId=10 z=13} 2 children}
04-15 09:53:54.174  1151  1151 I Layer   : id=19005 Destroyed Surface(name=8c5cec7 NavigationBar0)/@0xa68870 - animation-leash of insets_animation#19005
04-15 09:53:54.174  1151  1151 I Layer   : id=19004 Destroyed Surface(name=3edafdc StatusBar)/@0x3b919ed - animation-leash of insets_animation#19004
04-15 09:53:54.176  1542  1585 D SurfaceComposerClient: setCornerRadius ## 5c5cad4 com.catfact.app.feature.facts.test/androidx.test.core.app.InstrumentationActivityInvoker$EmptyActivity#19009 cornerRadius=0.000000
04-15 09:53:54.177  1542  1585 D SurfaceComposerClient: setCornerRadius ## 5c5cad4 com.catfact.app.feature.facts.test/androidx.test.core.app.InstrumentationActivityInvoker$EmptyActivity#19009 cornerRadius=0.000000
04-15 09:53:54.178  1151  1151 D SurfaceFlinger: Display 4633128672291735999 HWC layers:
04-15 09:53:54.178  1151  1151 D SurfaceFlinger:        DEVICE |           85332410236972 | 00002102 | RGBA_8888    |    0.0    0.0  720.0 1544.0 |    0    0  720 1544 | com.catfact.app.feature.facts.test/a[...]tyInvoker$EmptyActivity$_19868#19010 (1)
04-15 09:53:54.178  1151  1151 D SurfaceFlinger:        DEVICE |            8589934654742 | 00002100 | RGBA_8888    |    0.0    0.0  720.0   50.0 |    0    0  720   50 | StatusBar$_2000#102 (26628)
04-15 09:53:54.178  1151  1151 D SurfaceFlinger:        DEVICE |           10569914518889 | 00002100 | RGBA_8888    |    0.0    0.0   67.0  353.0 |  653  192  720  545 | com.sec.android.app.launcher/com.sam[...]l.app.CocktailBarService$_2461#16495 (1)
04-15 09:53:54.178  1151  1151 D SurfaceFlinger:        DEVICE |            8589934654692 | 00002100 | RGBA_8888    |    0.0    0.0  720.0   90.0 |    0 1454  720 1544 | NavigationBar0$_2000#98 (17398)
04-15 09:53:54.178  1151  1151 D SurfaceFlinger:
04-15 09:53:54.178  1542  2476 D InputDispatcher: Focus entered window (0): 5c5cad4 com.catfact.app.feature.facts.test/androidx.test.core.app.InstrumentationActivityInvoker$EmptyActivity
04-15 09:53:54.179  2000  2000 D NavigationBar: onSystemBarAttributesChanged() -  displayId:0, appearance:0, packageName: com.catfact.app.feature.facts.test, navbarColorManagedByIme:false
04-15 09:53:54.179  1151  2758 I SurfaceFlinger: id=19014 createSurf, flag=84000, 5cc2d57 ActivityRecordInputSink com.catfact.app.feature.facts.test/androidx.test.core.app.InstrumentationActivityInvoker$EmptyActivity#19014
04-15 09:53:54.179  2000  2000 D SamsungLightBarControlHelper: updateNavigationBar (WHITE button) isLightOpaque:false, hasLightNavigationBarFlag:false, packageName:com.catfact.app.feature.facts.test, DirectReplying:false, NavBarColorMangedByIme:false, ForceDarkForScrim:false, ForceLightForScrim:false, QsCustomizing:false, QsExpanded:false
04-15 09:53:54.181  1151  1151 I SurfaceFlinger: [LayerHierarchy{RequestedLayerState{Transition Root: ActivityRecord{116327725 u0 com.catfact.app.feature.facts.test/androidx.test.core.app.InstrumentationActivityInvoker$EmptyActivity t3886}#19013 z=1} no children}] reparent to OffscreenRoot
04-15 09:53:54.181  1151  1151 I SurfaceFlinger: [LayerHierarchy{RequestedLayerState{Transition Root: ActivityRecord{116327725 u0 com.catfact.app.feature.facts.test/androidx.test.core.app.InstrumentationActivityInvoker$EmptyActivity t3886}#19013 z=1} no children}] RelativeParent to null
04-15 09:53:54.181  1151  1151 I SurfaceFlinger: [5cc2d57 ActivityRecordInputSink com.catfact.app.feature.facts.test/androidx.test.core.app.InstrumentationActivityInvoker$EmptyActivity#19014] attach to parent LayerHierarchy{RequestedLayerState{ActivityRecord{116327725 u0 com.catfact.app.feature.facts.test/androidx.test.core.app.InstrumentationActivityInvoker$EmptyActivity t3886}#19008 parentId=18993 z=1} 2 children}
04-15 09:53:54.185  1151  2758 I SurfaceFlinger: id=19013 Removed Transition Root: ActivityRecord{116327725 u0 com.catfact.app.feature.facts.test/androidx.test.core.app.InstrumentationActivityInvoker$EmptyActivity t3886}#19013 (235)
04-15 09:53:54.186  2000  2000 D SystemUIService: SYSUI_RAM_OPTIMIZATION onTrimMemory=20
04-15 09:53:54.186  2000  2000 D CentralSurfaces: SYSUI_RAM_OPTIMIZATION onTrimMemory=20
04-15 09:53:54.186  2461  2474 I HoneySpace.RecentTasks: onRecentTasksChanged
04-15 09:53:54.186  2000  2000 D SystemUIService: SYSUI_RAM_OPTIMIZATION onTrimMemory=20
04-15 09:53:54.186  2000  2000 D CentralSurfaces: SYSUI_RAM_OPTIMIZATION onTrimMemory=20
04-15 09:53:54.186  2000  2196 D HWUI    : CacheManager::trimMemory(20)
04-15 09:53:54.187 11141 20041 E Finsky  : [376] Got null initiating package name for com.samsung.android.themecenter
04-15 09:53:54.188  2000  2196 D HWUI    : CacheManager::trimMemory(20)
04-15 09:53:54.189  1151  1151 I SurfaceFlinger: [Display 0 name="Built-in Screen"#49] setFrameRateCategory: Default
04-15 09:53:54.189  1151  1151 I SurfaceFlinger: RequestedLayer [com.catfact.app.feature.facts.test/a[...]ivity.ComponentActivity$_19868#19003] hidden!! flag  from(0) --> to(1)
04-15 09:53:54.189  1151  1151 I SurfaceFlinger: destroyed Transition Root: ActivityRecord{116327725 u0 com.catfact.app.feature.facts.test/androidx.test.core.app.InstrumentationActivityInvoker$EmptyActivity t3886}#19013
04-15 09:53:54.190  1151  1151 I Layer   : id=19013 Destroyed Transition Root: ActivityRecord{116327725 u0 com.catfact.app.feature.facts.test/androidx.test.core.app.InstrumentationActivityInvoker$EmptyActivity t3886}#19013
04-15 09:53:54.194 19868 19868 I VRI[ComponentActivity]@ca50fc1: handleAppVisibility mAppVisible = true visible = false
04-15 09:53:54.194 19868 19868 D VRI[ComponentActivity]@ca50fc1: visibilityChanged oldVisibility=true newVisibility=false
04-15 09:53:54.195 19868 19868 D ConnectivityManager: StackLog: [android.net.ConnectivityManager.unregisterNetworkCallback(ConnectivityManager.java:5575)] [com.catfact.app.core.designsystem.util.ConnectivityObserver$observe$1.invokeSuspend$lambda$1(ConnectivityObserver.kt:43)] [com.catfact.app.core.designsystem.util.ConnectivityObserver$observe$1$$ExternalSyntheticLambda0.invoke(D8$$SyntheticClass:0)] [kotlinx.coroutines.channels.ProduceKt.awaitClose(Produce.kt:69)] [kotlinx.coroutines.channels.ProduceKt$awaitClose$1.invokeSuspend(Unknown Source:13)] [kotlin.coroutines.jvm.internal.BaseContinuationImpl.resumeWith(ContinuationImpl.kt:34)] [androidx.compose.ui.test.ApplyingContinuationInterceptor$SendApplyContinuation.resumeWith(ApplyingContinuationInterceptor.kt:52)] [androidx.compose.ui.test.FrameDeferringContinuationInterceptor$FrameDeferredContinuation.resumeWith(FrameDeferringContinuationInterceptor.jvm.kt:187)] [kotlinx.coroutines.DispatchedTaskKt.resume(DispatchedTask.kt:165)] [kotlinx.coroutines.DispatchedTaskKt.dispatch(DispatchedTask.kt:154)] [kotlinx.coroutines.CancellableContinuationImpl.dispatchResume(CancellableContinuationImpl.kt:470)] [kotlinx.coroutines.CancellableContinuationImpl.cancel(CancellableContinuationImpl.kt:214)] [kotlinx.coroutines.CancellableContinuationImpl.parentCancelled$kotlinx_coroutines_core(CancellableContinuationImpl.kt:221)] [kotlinx.coroutines.ChildContinuation.invoke(CancellableContinuationImpl.kt:698)] [kotlinx.coroutines.JobSupport.notifyCancelling(JobSupport.kt:1604)] [kotlinx.coroutines.JobSupport.tryMakeCancelling(JobSupport.kt:826)] [kotlinx.coroutines.JobSupport.makeCancelling(JobSupport.kt:786)] [kotlinx.coroutines.JobSupport.cancelImpl$kotlinx_coroutines_core(JobSupport.kt:702)] [kotlinx.coroutines.JobSupport.parentCancelled(JobSupport.kt:668)] [kotlinx.coroutines.ChildHandleNode.invoke(JobSupport.kt:1580)] [kotlinx.coroutines.JobSupport.notifyCancelling(JobSupport.kt:1604)] [kotlinx.coroutines.JobSupport.tryMakeCancelling(JobSupport.kt:826)] [kotlinx.coroutines.JobSupport.makeCancelling(JobSupport.kt:786)] [kotlinx.coroutines.JobSupport.cancelImpl$kotlinx_coroutines_core(JobSupport.kt:702)] [kotlinx.coroutines.JobSupport.parentCancelled(JobSupport.kt:668)] [kotlinx.coroutines.ChildHandleNode.invoke(JobSupport.kt:1580)] [kotlinx.coroutines.JobSupport.notifyCancelling(JobSupport.kt:1604)] [kotlinx.coroutines.JobSupport.tryMakeCancelling(JobSupport.kt:826)] [kotlinx.coroutines.JobSupport.makeCancelling(JobSupport.kt:786)] [kotlinx.coroutines.JobSupport.cancelImpl$kotlinx_coroutines_core(JobSupport.kt:702)] [kotlinx.coroutines.JobSupport.parentCancelled(JobSupport.kt:668)] [kotlinx.coroutines.ChildHandleNode.invoke(JobSupport.kt:1580)] [kotlinx.coroutines.JobSupport.notifyCancelling(JobSupport.kt:1604)] [kotlinx.coroutines.JobSupport.tryMakeCancelling(JobSupport.kt:826)] [kotlinx.coroutines.JobSupport.makeCancelling(JobSupport.kt:786)] [kotlinx.coroutines.JobSupport.cancelImpl$kotlinx_coroutines_core(JobSupport.kt:702)] [kotlinx.coroutines.JobSupport.parentCancelled(JobSupport.kt:668)] [kotlinx.coroutines.ChildHandleNode.invoke(JobSupport.kt:1580)] [kotlinx.coroutines.JobSupport.notifyCancelling(JobSupport.kt:1604)] [kotlinx.coroutines.JobSupport.tryMakeCancelling(JobSupport.kt:826)] [kotlinx.coroutines.JobSupport.makeCancelling(JobSupport.kt:786)] [kotlinx.coroutines.JobSupport.cancelImpl$kotlinx_coroutines_core(JobSupport.kt:702)] [kotlinx.coroutines.JobSupport.parentCancelled(JobSupport.kt:668)] [kotlinx.coroutines.ChildHandleNode.invoke(JobSupport.kt:1580)] [kotlinx.coroutines.JobSupport.notifyCancelling(JobSupport.kt:1604)] [kotlinx.coroutines.JobSupport.tryMakeCancelling(JobSupport.kt:826)] [kotlinx.coroutines.JobSupport.makeCancelling(JobSupport.kt:786)] [kotlinx.coroutines.JobSupport.cancelImpl$kotlinx_coroutines_core(JobSupport.kt:702)] [kotlinx.coroutines.JobSupport.cancelInternal(JobSupport.kt:663)] [kotlinx.coroutines.JobSupport.cancel(JobSupport.kt:648)] [kotlinx.coroutines.Job$DefaultImpls.cancel$default(Job.kt:192)] [androidx.lifecycle.RepeatOnLifecycleKt$repeatOnLi
04-15 09:53:54.196  1542  1585 D SurfaceComposerClient: setCornerRadius ## 5c5cad4 com.catfact.app.feature.facts.test/androidx.test.core.app.InstrumentationActivityInvoker$EmptyActivity#19009 cornerRadius=0.000000
04-15 09:53:54.197  2000  2125 D StackScroller: onDisplayChanged for predraw skip to 2
04-15 09:53:54.197  2000  2000 D DisplayLifecycle: updateDisplay id = 0
04-15 09:53:54.197  2461  4418 I HoneySpace.Memory-Monitor: current state = 2, didTrim = false
04-15 09:53:54.198 19868 19868 I VRI[ComponentActivity]@ca50fc1: stopped(true) old = false
04-15 09:53:54.198 19868 19868 D VRI[ComponentActivity]@ca50fc1: WindowStopped on com.catfact.app.feature.facts.test/androidx.activity.ComponentActivity set to true
04-15 09:53:54.199  3723 15452 I [AirCmd]_ActivitySwitchDetector: onTaskStackChanged : componentName - ComponentInfo{com.catfact.app.feature.facts.test/androidx.test.core.app.InstrumentationActivityInvoker$EmptyActivity}
04-15 09:53:54.199  3723 15452 I [AirCmd]_ActivitySwitchDetector: onTaskStackChanged :top mTopMostActivity - ComponentInfo{com.catfact.app.feature.facts.test/androidx.activity.ComponentActivity}
04-15 09:53:54.200 19868 19868 D LifecycleMonitor: Lifecycle status change: androidx.activity.ComponentActivity@3252242 in: STOPPED
04-15 09:53:54.200 19868 19868 V ActivityScenario: Update currentActivityStage to STOPPED, currentActivity=androidx.activity.ComponentActivity@3252242
04-15 09:53:54.200 11141 20041 E Finsky  : [376] Got null initiating package name for com.samsung.android.sm.devicesecurity
04-15 09:53:54.202  3723 15452 I [AirCmd]_CallbackRepeater: stopRepeat : isWorking=false
04-15 09:53:54.202  3723 15452 I [AirCmd]_MediaControlStateMonitor: isForegroundAppSupportsMediaButton : mediaSession is empty
04-15 09:53:54.203  3723 15452 E [AirCmd]_MediaControlStateMonitor: getActiveNotificationPackageName : notification service monitor is null
04-15 09:53:54.203  3723 15452 I [AirCmd]_ButtonEventDetectionThread: enableDoubleClickDetection: enabled= true, doubleClickWaitInterval=300
04-15 09:53:54.208 11141 20041 E Finsky  : [376] Got null initiating package name for com.samsung.android.visual.cloudcore
04-15 09:53:54.209 11141 20041 E Finsky  : [376] Got null initiating package name for com.mygalaxy.service
04-15 09:53:54.216 11141 20041 E Finsky  : [376] Got null initiating package name for com.sec.facatfunction
04-15 09:53:54.218 19868 19868 W WindowOnBackDispatcher: sendCancelIfRunning: isInProgress=false callback=android.app.Activity$$ExternalSyntheticLambda0@cb1e6fd
04-15 09:53:54.218 19868 19868 D LifecycleMonitor: Lifecycle status change: androidx.activity.ComponentActivity@3252242 in: DESTROYED
04-15 09:53:54.218 19868 19868 V ActivityScenario: Update currentActivityStage to DESTROYED, currentActivity=null
04-15 09:53:54.219 11141 20041 E Finsky  : [376] Got null initiating package name for com.samsung.android.service.peoplestripe
04-15 09:53:54.221 19868 19901 D HWUI    : endAllActiveAnimators on 0xb40000748c579050 (UnprojectedRipple) with handle 0xb40000755c545290
04-15 09:53:54.221 19868 19868 D ViewRootImpl: Skipping stats log for color mode
04-15 09:53:54.221 19868 19868 I VRI[ComponentActivity]@ca50fc1: dispatchDetachedFromWindow
04-15 09:53:54.221  1542  2161 D InputTransport: Input channel destroyed: '2f7eeeb', fd=1041
04-15 09:53:54.222  1151  2479 I SurfaceFlinger: id=19015 createSurf, flag=24004, Surface(name=1d7a05f InputMethod)/@0x5f77a9d - animation-leash of insets_animation#19015
04-15 09:53:54.225  1542  2161 I ImeTracker: system_server:d9807339: onRequestHide at ORIGIN_SERVER reason IME_REQUESTED_CHANGED_LISTENER fromUser false
04-15 09:53:54.225  1542  1584 I ImeTracker: system_server:d9807339: onCancelled at PHASE_SERVER_SHOULD_HIDE
04-15 09:53:54.225  1542  2161 D SurfaceComposerClient: setCornerRadius ## 5c5cad4 com.catfact.app.feature.facts.test/androidx.test.core.app.InstrumentationActivityInvoker$EmptyActivity#19009 cornerRadius=0.000000
04-15 09:53:54.225  1542  2161 D SurfaceComposerClient: setCornerRadius ## 5c5cad4 com.catfact.app.feature.facts.test/androidx.test.core.app.InstrumentationActivityInvoker$EmptyActivity#19009 cornerRadius=0.000000
04-15 09:53:54.226  1542  1585 D SurfaceComposerClient: setCornerRadius ## 5c5cad4 com.catfact.app.feature.facts.test/androidx.test.core.app.InstrumentationActivityInvoker$EmptyActivity#19009 cornerRadius=0.000000
04-15 09:53:54.226 19868 19868 D InputTransport: Input channel destroyed: '2f7eeeb', fd=128
04-15 09:53:54.227 19868 19868 D VRI[InstrumentationActivityInvoker$EmptyActivity]@cf2b5ea: mThreadedRenderer.initializeIfNeeded()#2 mSurface={isValid=true 0xb40000748c581df0}
04-15 09:53:54.227 19868 19868 D InputMethodManagerUtils: startInputInner - Id : 0
04-15 09:53:54.227 19868 19868 I InputMethodManager: startInputInner - IInputMethodManagerGlobalInvoker.startInputOrWindowGainedFocus
04-15 09:53:54.229  1151  2479 I SurfaceFlinger: id=18998 Removed 58f6fd2 ActivityRecordInputSink com.catfact.app.feature.facts.test/androidx.activity.ComponentActivity#18998 (235)
04-15 09:53:54.231  1151  1151 I SurfaceFlinger: [Surface(name=1d7a05f InputMethod)/@0x5f77a9d - animation-leash of insets_animation#19015] attach to parent LayerHierarchy{RequestedLayerState{WindowToken{d080c22 type=2011 android.os.Binder@459a5ed}#120 parentId=15} 2 children}
04-15 09:53:54.231  2000  2105 D ShellDesktopMode: handleRequest: TransitionRequestInfo {type=2, tid=3886, debugId=1696}
04-15 09:53:54.237 11141 20041 E Finsky  : [376] Got null initiating package name for android
04-15 09:53:54.238  2461  2584 I HoneySpace.TopTaskSource: onTaskMovedToFront : taskId = 3514, displayId = 0
04-15 09:53:54.239  2461  2584 I HoneySpace.TopTaskSource: onTaskMovedToFront : taskId = 3801, displayId = 0
04-15 09:53:54.239  1542  1585 I SurfaceControl: apply, lowDebugName=reparent_to_imeParent, caller=android.view.SurfaceControl$Transaction.apply:3447 android.view.SurfaceControl$Transaction.apply:3397 com.android.server.wm.WindowAnimator.animate:307 com.android.server.wm.WindowAnimator$$ExternalSyntheticLambda1.doFrame:14 android.view.Choreographer$CallbackRecord.run:1899 android.view.Choreographer$CallbackRecord.run:1910
04-15 09:53:54.239  1151  1151 I SurfaceFlinger: [Display 0 name="Built-in Screen"#49] setFrameRateCategory: High
04-15 09:53:54.240  2461  4418 I HoneySpace.RecentTasks: onRecentTasksChanged
04-15 09:53:54.240  2461  2586 I HoneySpace.TopTaskUseCase: topTasks 3801 ComponentInfo{com.google.android.calendar/com.google.android.calendar.allinone.AllInOneCalendarActivity}[displayId=0]
04-15 09:53:54.241 19868 19868 D LifecycleMonitor: Lifecycle status change: androidx.test.core.app.InstrumentationActivityInvoker$EmptyActivity@720a41d in: PAUSED
04-15 09:53:54.242 19868 19868 V ActivityScenario: Activity lifecycle changed event received but ignored because the intent does not match. startActivityIntent=Intent { act=android.intent.action.MAIN cat=[android.intent.category.LAUNCHER] flg=0x10008000 cmp=com.catfact.app.feature.facts.test/androidx.activity.ComponentActivity }, activity.getIntent()=Intent { act=android.intent.action.MAIN cat=[android.intent.category.LAUNCHER] flg=0x10000000 xflg=0x4 cmp=com.catfact.app.feature.facts.test/androidx.test.core.app.InstrumentationActivityInvoker$EmptyActivity }, activity=androidx.test.core.app.InstrumentationActivityInvoker$EmptyActivity@720a41d
04-15 09:53:54.243  1542  4025 I SemDvfsHyPerManager: acquire hyper - AMS_ACT_RESUME/1542@19, type = -999
04-15 09:53:54.243  1059  1180 I HYPER-HAL: [RequestManager.cpp]acquire(): Acquired ID : 1219160  [1542 / 19]    HINT : AMS_ACT_RESUME    list :
04-15 09:53:54.246  1542  4025 D InputDispatcher: Focused application(0): ActivityRecord{243114305 u0 com.google.android.calendar/.allinone.AllInOneCalendarActivity t3801}
04-15 09:53:54.247 11141 20041 E Finsky  : [376] Got null initiating package name for com.samsung.oda.service
04-15 09:53:54.248  1151  1151 I SurfaceFlinger: RequestedLayer [Surface(name=1d7a05f InputMethod)/@0[...]tion-leash of insets_animation#19015] hidden!! flag  from(1) --> to(0)
04-15 09:53:54.248  1151  1151 E SurfaceFlinger: alpha changed 1.000 -> 0.000 - Surface(name=1d7a05f InputMethod)/@0x5f77a9d - animation-leash of insets_animation#19015
04-15 09:53:54.248  1151  1151 I SurfaceFlinger: [LayerHierarchy{RequestedLayerState{ImeContainer#15 parentId=14 relativeParentId=14 z=1} 1 children}] reparent to LayerHierarchy{RequestedLayerState{ImePlaceholder:13:14#14 parentId=9 z=2} 1 children}
04-15 09:53:54.248  1151  1151 I SurfaceFlinger: [LayerHierarchy{RequestedLayerState{ImeContainer#15 parentId=14 relativeParentId=14 z=1} 1 children}] RelativeParent to null
04-15 09:53:54.248  1151  1151 I SurfaceFlinger: [LayerHierarchy{RequestedLayerState{1d7a05f InputMethod#134 parentId=19015} no children}] reparent to LayerHierarchy{RequestedLayerState{Surface(name=1d7a05f InputMethod)/@0x5f77a9d - animation-leash of insets_animation#19015 parentId=120} 1 children}
04-15 09:53:54.248  1151  1151 I SurfaceFlinger: [LayerHierarchy{RequestedLayerState{Surface(name=1d7a05f InputMethod)/@0x5f77a9d - animation-leash of insets_animation#19007} no children}] reparent to OffscreenRoot
04-15 09:53:54.248  1151  1151 I SurfaceFlinger: [LayerHierarchy{RequestedLayerState{Surface(name=1d7a05f InputMethod)/@0x5f77a9d - animation-leash of insets_animation#19007} no children}] RelativeParent to null
04-15 09:53:54.248  1151  1151 I SurfaceFlinger: [LayerHierarchy{RequestedLayerState{ActivityRecord{198789024 u0 com.catfact.app.feature.facts.test/androidx.activity.ComponentActivity t3886}#18994} 2 children}] reparent to OffscreenRoot
04-15 09:53:54.248  1151  1151 I SurfaceFlinger: [LayerHierarchy{RequestedLayerState{ActivityRecord{198789024 u0 com.catfact.app.feature.facts.test/androidx.activity.ComponentActivity t3886}#18994} 2 children}] RelativeParent to null
04-15 09:53:54.248  1151  1151 I SurfaceFlinger: [LayerHierarchy{RequestedLayerState{2f7eeeb com.catfact.app.feature.facts.test/androidx.activity.ComponentActivity#19000} 1 children}] reparent to OffscreenRoot
04-15 09:53:54.248  1151  1151 I SurfaceFlinger: [LayerHierarchy{RequestedLayerState{2f7eeeb com.catfact.app.feature.facts.test/androidx.activity.ComponentActivity#19000} 1 children}] RelativeParent to null
04-15 09:53:54.248  1151  1151 I SurfaceFlinger: [LayerHierarchy{RequestedLayerState{com.catfact.app.feature.facts.test/androidx.activity.ComponentActivity$_19868#19003} no children}] reparent to OffscreenRoot
04-15 09:53:54.248  1151  1151 I SurfaceFlinger: [LayerHierarchy{RequestedLayerState{com.catfact.app.feature.facts.test/androidx.activity.ComponentActivity$_19868#19003} no children}] RelativeParent to null
04-15 09:53:54.252  1542  1582 D PkgPredictorService-SecIpmManagerServiceImpl: onForegroundActivitiesChanged pid:3979 uid:10279
04-15 09:53:54.252  1542  1582 D NetworkPolicy: already checked 10279
04-15 09:53:54.253 19868 19888 D IdlingRegistry: Unregistering idling resources: [androidx.compose.ui.test.EspressoLink@ec403de]
04-15 09:53:54.253  1542  1582 D NetworkPolicy: already checked 10279
04-15 09:53:54.253  1542  1678 D GraphicsStatsService: requestRenderEngineFor(com.google.android.calendar)
04-15 09:53:54.254  1542  1598 W libprocessgroup: SetCgroup::ExecuteForProcess: failed to open /dev/cpuctl/foreground-boost/cgroup.procs: No such file or directory
04-15 09:53:54.254  1542  1678 D InputDispatcher: Focus left window (0): 5c5cad4 com.catfact.app.feature.facts.test/androidx.test.core.app.InstrumentationActivityInvoker$EmptyActivity
04-15 09:53:54.255 19868 19868 I ImeFocusController: onPreWindowFocus: skipped hasWindowFocus=false mHasImeFocus=true
04-15 09:53:54.255 19868 19868 I ImeFocusController: onPostWindowFocus: skipped hasWindowFocus=false mHasImeFocus=true
04-15 09:53:54.255  1542  1825 D AS.MultiSoundManager: mForegroundUid = 10279
04-15 09:53:54.256  1542  1598 W libprocessgroup: SetCgroup::ExecuteForProcess: failed to open /dev/cpuctl/foreground-boost/cgroup.procs: No such file or directory
04-15 09:53:54.256  1542  1598 W libprocessgroup: SetCgroup::ExecuteForProcess: failed to open /dev/cpuctl/foreground-boost/cgroup.procs: No such file or directory
04-15 09:53:54.256  1151  1199 I SurfaceFlinger: id=19000 Removed 2f7eeeb com.catfact.app.feature.facts.test/androidx.activity.ComponentActivity#19000 (235)
04-15 09:53:54.256  1151  1199 I SurfaceFlinger: id=19003 Removed com.catfact.app.feature.facts.test/androidx.activity.ComponentActivity$_19868#19003 (235)
04-15 09:53:54.257 19868 19888 I TestRunner: finished: factCardClickDispatchesFactClicked(com.catfact.app.feature.facts.presentation.FactsScreenTest)
