04-15 09:53:47.908 19868 19888 I TestRunner: started: heroCardIsDisplayedWhenRandomFactPresent(com.catfact.app.feature.facts.presentation.FactsScreenTest)
04-15 09:53:47.909  1151  1151 I SurfaceFlinger: id=18831 Removed d3d9128 com.catfact.app.feature.facts.test/androidx.test.core.app.InstrumentationActivityInvoker$EmptyActivity#18831 (201)
04-15 09:53:47.909  1151  1151 I SurfaceFlinger: id=18832 Removed com.catfact.app.feature.facts.test/androidx.test.core.app.InstrumentationActivityInvoker$EmptyActivity$_19868#18832 (201)
04-15 09:53:47.913  2461  4179 I HoneySpace.RecentTasks: onRunningTaskVanished
04-15 09:53:47.913  2461  4416 I HoneySpace.RecentTasks: onRecentTasksChanged
04-15 09:53:47.914  1151  1151 I SurfaceFlinger: destroyed d3d9128 com.catfact.app.feature.facts.test/androidx.test.core.app.InstrumentationActivityInvoker$EmptyActivity#18831
04-15 09:53:47.914  1151  1151 I SurfaceFlinger: destroyed com.catfact.app.feature.facts.test/androidx.test.core.app.InstrumentationActivityInvoker$EmptyActivity$_19868#18832
04-15 09:53:47.914  1151  1151 I SurfaceFlinger: [LayerHierarchy{RequestedLayerState{Task=3881#18815 z=12} 1 children}] reparent to OffscreenRoot
04-15 09:53:47.914  1151  1151 I SurfaceFlinger: [LayerHierarchy{RequestedLayerState{Task=3881#18815 z=12} 1 children}] RelativeParent to null
04-15 09:53:47.914  1151  1151 I SurfaceFlinger: [LayerHierarchy{RequestedLayerState{ActivityRecord{165200951 u0 com.catfact.app.feature.facts.test/androidx.test.core.app.InstrumentationActivityInvoker$EmptyActivity t3881}#18830} 1 children}] reparent to OffscreenRoot
04-15 09:53:47.914  1151  1151 I SurfaceFlinger: [LayerHierarchy{RequestedLayerState{ActivityRecord{165200951 u0 com.catfact.app.feature.facts.test/androidx.test.core.app.InstrumentationActivityInvoker$EmptyActivity t3881}#18830} 1 children}] RelativeParent to null
04-15 09:53:47.914  1151  1151 I SurfaceFlinger: [LayerHierarchy{RequestedLayerState{Task=3881#18850 z=12} no children}] reparent to OffscreenRoot
04-15 09:53:47.914  1151  1151 I SurfaceFlinger: [LayerHierarchy{RequestedLayerState{Task=3881#18850 z=12} no children}] RelativeParent to null
04-15 09:53:47.916  1151  1151 I Layer   : id=18831 Destroyed d3d9128 com.catfact.app.feature.facts.test/androidx.test.core.app.InstrumentationActivityInvoker$EmptyActivity#18831
04-15 09:53:47.917  1151  1151 I Layer   : id=18832 Destroyed com.catfact.app.feature.facts.test/androidx.test.core.app.InstrumentationActivityInvoker$EmptyActivity$_19868#18832
04-15 09:53:47.917  1151  1151 I SurfaceFlinger: id=18850 Removed Task=3881#18850 (199)
04-15 09:53:47.922  1151  1151 I SurfaceFlinger: destroyed Task=3881#18850
04-15 09:53:47.922  3979  3988 I ndroid.calendar: Background concurrent mark compact GC freed 42MB AllocSpace bytes, 2(32KB) LOS objects, 64% free, 26MB/74MB, paused 1.425ms,3.361ms total 105.228ms
04-15 09:53:47.924  1151  1151 I Layer   : id=18850 Destroyed Task=3881#18850
04-15 09:53:47.926 19868 19888 D IdlingRegistry: Registering idling resources: [androidx.compose.ui.test.EspressoLink@623fec3]
04-15 09:53:47.930 19868 19888 W Settings: Setting always_finish_activities has moved from android.provider.Settings.System to android.provider.Settings.Global, returning read-only value.
04-15 09:53:47.936  1542  2484 I SemDvfsHyPerManager: acquire hyper - AMS_APP_SWITCH/1542@28, type = -999
04-15 09:53:47.936  1059  1180 I HYPER-HAL: [RequestManager.cpp]acquire(): Acquired ID : 1233263  [1542 / 28]    HINT : AMS_APP_SWITCH    list :
04-15 09:53:47.937  3963  3963 I SemDvfsHyPerManager: acquire hyper - APP_START_SHORT/3963@17, type = -999
04-15 09:53:47.938  1151  1199 I SurfaceFlinger: id=18851 createSurf, flag=24004, Task=3882#18851
04-15 09:53:47.939  1151  1151 I SurfaceFlinger: [Task=3882#18851] attach to parent LayerHierarchy{RequestedLayerState{DefaultTaskDisplayArea_d0#10 parentId=9} 16 children}
04-15 09:53:47.937  1059  1180 I HYPER-HAL: [ResourceManager.cpp]updateResource(): [CPULittleMinFreq] UpdateResource Request ID : 1233263    Value : 1824000
04-15 09:53:47.940  1151  2758 I SurfaceFlinger: id=18852 createSurf, flag=84004, ActivityRecord{206515900 u0 com.catfact.app.feature.facts.test/androidx.activity.ComponentActivity t3882}#18852
04-15 09:53:47.942  1059  1180 I HYPER-HAL: [RequestManager.cpp]acquire(): Acquired ID : 7922207  [3963 / 17]    HINT : APP_START    list : [TIMEOUT / 1500]
04-15 09:53:47.944  2000  2120 D ViewRootImpl: desktopMode is false
04-15 09:53:47.944  2000  2120 I ViewRootImpl: dVRR is disabled
04-15 09:53:47.944  2000  2196 D NativeCustomFrequencyManager: [NativeCFMS] BpCustomFrequencyManager::BpCustomFrequencyManager()
04-15 09:53:47.945  1542  2298 I SemDvfsHyPerManager: acquire hyper - AMS_APP_LAUNCH/1542@21, type = -999
04-15 09:53:47.945  1059  1180 I HYPER-HAL: [RequestManager.cpp]acquire(): Acquired ID : 1222287  [1542 / 21]    HINT : AMS_APP_LAUNCH    list :
04-15 09:53:47.946  1059  1180 I HYPER-HAL: [ResourceManager.cpp]updateResource(): [CPULittleMinFreq] UpdateResource Request ID : 1222287    Value : 1824000
04-15 09:53:47.946  3152  3152 E pageboostd: Received HALT command code 2
04-15 09:53:47.947  1542  2472 D InputTransport: Input channel constructed: 'bc6bff9', fd=1041
04-15 09:53:47.947  1542  2472 D InputTransport: Input channel constructed: 'bc6bff9', fd=1434
04-15 09:53:47.947  1542  2472 D InputTransport: Input channel constructed: 'bc6bff9', fd=1437
04-15 09:53:47.947  1542  2472 D InputTransport: Input channel destroyed: 'bc6bff9', fd=1434
04-15 09:53:47.947  1151  1151 I SurfaceFlinger: [ActivityRecord{206515900 u0 com.catfact.app.feature.facts.test/androidx.activity.ComponentActivity t3882}#18852] attach to parent LayerHierarchy{RequestedLayerState{Task=3882#18851 parentId=10} 1 children}
04-15 09:53:47.947  1151  1199 I SurfaceFlinger: id=18853 createSurf, flag=84004, bc6bff9 Splash Screen com.catfact.app.feature.facts.test#18853
04-15 09:53:47.949  3963  3963 I SemDvfsHyPerManager: acquire hyper - APP_START/3963@19, type = -999
04-15 09:53:47.949  1059  1180 I HYPER-HAL: [RequestManager.cpp]acquire(): Acquired ID : 7930172  [3963 / 19]    HINT : APP_START    list :
04-15 09:53:47.949  2461  2584 I HoneySpace.TopTaskSource: onTaskMovedToFront : taskId = 3882, displayId = 0
04-15 09:53:47.949  1542  2472 D InputTransport: Input channel destroyed: 'bc6bff9', fd=1437
04-15 09:53:47.950  2000  2120 D InputTransport: Input channel constructed: 'bc6bff9', fd=575
04-15 09:53:47.950  2000  2105 D ShellDesktopMode: handleRequest: TransitionRequestInfo {type=1, tid=3882, debugId=1682}
04-15 09:53:47.950  1218  6568 I CameraService: onUidStateChanged: uid=10048, procState is changed. (0 -> 1)
04-15 09:53:47.950  2000  2120 I InsetsController: onStateChanged: host=Splash Screen com.catfact.app.feature.facts.test, from=android.view.ViewRootImpl.onInsetsStateChanged:3026, state=InsetsState: {mDisplayFrame=Rect(0, 0 - 720, 1544), mDisplayCutout=DisplayCutout{insets=Rect(0, 50 - 0, 0) waterfall=Insets{left=0, top=0, right=0, bottom=0} boundingRect={Bounds=[Rect(0, 0 - 0, 0), Rect(341, 0 - 379, 50), Rect(0, 0 - 0, 0), Rect(0, 0 - 0, 0)]} cutoutPathParserInfo={CutoutPathParserInfo{displayWidth=720 displayHeight=1544 physicalDisplayWidth=720 physicalDisplayHeight=1544 density={1.875} cutoutSpec={M 0,0 H -10 V 26.66666666666667 H 10 V 0 H 0 Z @dp} rotation={0} scale={1.0} physicalPixelDisplaySizeRatio={1.0}}} sideOverrides={}}, mRoundedCorners=RoundedCorners{[RoundedCorner{position=TopLeft, radius=8, center=Point(8, 8)}, RoundedCorner{position=TopRight, radius=8, center=Point(712, 8)}, RoundedCorner{position=BottomRight, radius=8, center=Point(712, 1536)}, RoundedCorner{position=BottomLeft, radius=8, center=Point(8, 1536)}]}  mRoundedCornerFrame=Rect(0, 0 - 720, 1544), mPrivacyIndicatorBounds=PrivacyIndicatorBounds {static bounds=Rect(637, 0 - 720, 50) rotation=0}, mDisplayShape=DisplayShape{ spec=-311912193 displayWidth=720 displayHeight=1544 physicalPixelDisplaySizeRatio=0.5 rotation=0 offsetX=0 offsetY=0 scale=1.0}, mSources= { InsetsSource: {ec730001 mType=navigationBars mFrame=[0,1454][720,1544] mVisible=true mFlags= mSideHint=BOTTOM mBoundingRects=null}, InsetsSource: {ec730004 mType=systemGestures mFrame=[0,0][0,0] mVisible=true mFlags= mSideHint=NONE mBoundingRects=null}, InsetsSource: {ec730005 mType=mandatorySystemGestures mFrame=[0,1454][720,1544] mVisible=true mFlags= mSideHint=BOTTOM mBoundingRects=null}, InsetsSource: {ec730006 mType=tappableElement mFrame=[0,1454][720,1544] mVisible=true mFlags= mSideHint=BOTTOM mBoundingRects=null}, InsetsSource: {ec730024 mType=systemGestures mFrame=[0,0][0,0] mVisible=true mFlags= mSideHint=NONE mBoundingRects=null}, InsetsSource: {27 mType=displayCutout mFrame=[0,0][720,50] mVisible=true mFlags= mSideHint=TOP mBoundingRects=null}, InsetsSource: {43950000 mType=statusBars mFrame=[0,0][720,50] mVisible=true mFlags= mSideHint=TOP mBoundingRects=null}, InsetsSource: {43950005 mType=mandatorySystemGestures mFrame=[0,0][720,73] mVisible=true mFlags= mSideHint=TOP mBoundingRects=null}, InsetsSource: {43950006 mType=tappableElement mFrame=[0,0][720,50] mVisible=true mFlags= mSideHint=TOP mBoundingRects=null} }
04-15 09:53:47.951  2000  2120 I VRI[test]@d1fce05: onActiveControlsChanged, removed=false, mAdded=true, caller=android.view.ViewRootImpl.handleInsetsControlChanged:3002 android.view.ViewRootImpl.setView:2014 android.view.WindowManagerGlobal.addView:604 com.android.wm.shell.startingsurface.SplashscreenWindowCreator.addWindow:38 com.android.wm.shell.startingsurface.StartingWindowController$$ExternalSyntheticLambda4.run:1365
04-15 09:53:47.951  2000  2120 I VRI[test]@d1fce05: synced displayState. AttachInfo displayState=2
04-15 09:53:47.951  2000  2120 I VRI[test]@d1fce05: setView = android.widget.FrameLayout@5e3267 IsHRR=false mFlingFrameRateChange=0 TM=true
04-15 09:53:47.951  2000  2196 D HWUI    : HWUI - treat SMPTE_170M as sRGB
04-15 09:53:47.952  1542  4235 I WindowManager: Relayout Window{bc6bff9 u0 Splash Screen com.catfact.app.feature.facts.test}: viewVisibility=0 req=720x1544 ty=3 d0
04-15 09:53:47.952  2461  2586 I HoneySpace.TopTaskUseCase: topTasks 3882 ComponentInfo{com.catfact.app.feature.facts.test/androidx.activity.ComponentActivity}[displayId=0]
04-15 09:53:47.953  2461  2474 I HoneySpace.RecentTasks: onRecentTasksChanged
04-15 09:53:47.953  2461  4416 I HoneySpace.RecentTasks: onRecentTasksChanged
04-15 09:53:47.953  1151  1199 I SurfaceFlinger: id=18854 createSurf, flag=44004, Splash Screen com.catfact.app.feature.facts.test$_2000#18854
04-15 09:53:47.955  1542  4235 D SurfaceComposerClient: setCornerRadius ## bc6bff9 Splash Screen com.catfact.app.feature.facts.test#18853 cornerRadius=0.000000
04-15 09:53:47.955  1542  4235 D SurfaceComposerClient: setCornerRadius ## f86e873 com.google.android.calendar/com.google.android.calendar.allinone.AllInOneCalendarActivity#18842 cornerRadius=0.000000
04-15 09:53:47.955  1542  4235 D SurfaceComposerClient: setCornerRadius ## f86e873 com.google.android.calendar/com.google.android.calendar.allinone.AllInOneCalendarActivity#18842 cornerRadius=0.000000
04-15 09:53:47.955  1151  1151 I SurfaceFlinger: [Display 0 name="Built-in Screen"#49] setFrameRateCategory: High
04-15 09:53:47.956  1151  1151 I SurfaceFlinger: [bc6bff9 Splash Screen com.catfact.app.feature.facts.test#18853] attach to parent LayerHierarchy{RequestedLayerState{ActivityRecord{206515900 u0 com.catfact.app.feature.facts.test/androidx.activity.ComponentActivity t3882}#18852 parentId=18851} 1 children}
04-15 09:53:47.956  1151  1151 I SurfaceFlinger: [Splash Screen com.catfact.app.feature.facts.test$_2000#18854] attach to parent LayerHierarchy{RequestedLayerState{bc6bff9 Splash Screen com.catfact.app.feature.facts.test#18853 parentId=18852} 1 children}
04-15 09:53:47.956  1542  4235 I WindowManager: Relayout hash=bc6bff9, pid=2000, syncId=-1: mAttrs={(0,0)(fillxfill) sim={adjust=pan} layoutInDisplayCutoutMode=always ty=APPLICATION_STARTING fmt=TRANSLUCENT wanim=0x1030317
04-15 09:53:47.956  1542  4235 I WindowManager:   fl=81030118
04-15 09:53:47.956  1542  4235 I WindowManager:   pfl=10000810
04-15 09:53:47.956  1542  4235 I WindowManager:   apr=18
04-15 09:53:47.956  1542  4235 I WindowManager:   bhv=1
04-15 09:53:47.956  1542  4235 I WindowManager:   fitSides=0
04-15 09:53:47.956  1542  4235 I WindowManager:   frameRateBoostOnTouch=true
04-15 09:53:47.956  1542  4235 I WindowManager:   dvrrWindowFrameRateHint=true naviIconColor=0}
04-15 09:53:47.956  2000  2120 I VRI[test]@d1fce05: onActiveControlsChanged, removed=false, mAdded=true, caller=android.view.ViewRootImpl.handleInsetsControlChanged:3002 android.view.ViewRootImpl.relayoutWindow:11629 android.view.ViewRootImpl.performTraversals:4804 android.view.ViewRootImpl.doTraversal:3924 android.view.ViewRootImpl$TraversalRunnable.run:12903
04-15 09:53:47.957  1151  1151 I BpBinder: onLastStrongRef automatically unlinking death recipients:
04-15 09:53:47.958  2000  2120 I BLASTBufferQueue_Java: new BLASTBufferQueue, mName= VRI[test]@d1fce05 mNativeObject= 0xb40000741cde5f30 caller= android.view.ViewRootImpl.updateBlastSurfaceIfNeeded:3585 android.view.ViewRootImpl.relayoutWindow:11685 android.view.ViewRootImpl.performTraversals:4804 android.view.ViewRootImpl.doTraversal:3924 android.view.ViewRootImpl$TraversalRunnable.run:12903 android.view.Choreographer$CallbackRecord.run:1901 android.view.Choreographer$CallbackRecord.run:1910 android.view.Choreographer.doCallbacks:1367 android.view.Choreographer.doFrame:1292 android.view.Choreographer$FrameDisplayEventReceiver.run:1870
04-15 09:53:47.958  1542  1678 D InputDispatcher: Focused application(0): ActivityRecord{206515900 u0 com.catfact.app.feature.facts.test/androidx.activity.ComponentActivity t3882}
04-15 09:53:47.958  2000  2120 I BLASTBufferQueue_Java: update, w= 720 h= 1544 mName = VRI[test]@d1fce05 mNativeObject= 0xb40000741cde5f30 sc.mNativeObject= 0xb40000751c51cd50 format= -3 caller= android.view.ViewRootImpl.updateBlastSurfaceIfNeeded:3590 android.view.ViewRootImpl.relayoutWindow:11685 android.view.ViewRootImpl.performTraversals:4804 android.view.ViewRootImpl.doTraversal:3924 android.view.ViewRootImpl$TraversalRunnable.run:12903 android.view.Choreographer$CallbackRecord.run:1901
04-15 09:53:47.960  2000  2120 I VRI[test]@d1fce05: Relayout returned: old=(0,0,720,1544) new=(0,0,720,1544) relayoutAsync=false req=(720,1544)0 dur=4 res=0x3 s={true 0xb40000748c7c0040} ch=true seqId=0
04-15 09:53:47.960  1542  2298 D GraphicsStatsService: requestRenderEngineFor(com.catfact.app.feature.facts.test)
04-15 09:53:47.961  2000  2120 D VRI[test]@d1fce05: mThreadedRenderer.initialize() mSurface={isValid=true 0xb40000748c7c0040} hwInitialized=true
04-15 09:53:47.961  2000  2120 D VRI[test]@d1fce05: reportNextDraw android.view.ViewRootImpl.performTraversals:5443 android.view.ViewRootImpl.doTraversal:3924 android.view.ViewRootImpl$TraversalRunnable.run:12903 android.view.Choreographer$CallbackRecord.run:1901 android.view.Choreographer$CallbackRecord.run:1910
04-15 09:53:47.961  2000  2120 D VRI[test]@d1fce05: Setup new sync=wmsSync-VRI[test]@d1fce05#10
04-15 09:53:47.961  2000  2120 I VRI[test]@d1fce05: Creating new active sync group VRI[test]@d1fce05#11
04-15 09:53:47.961  1542  1678 D SurfaceComposerClient: setCornerRadius ## bc6bff9 Splash Screen com.catfact.app.feature.facts.test#18853 cornerRadius=0.000000
04-15 09:53:47.961  1542  1678 D SurfaceComposerClient: setCornerRadius ## bc6bff9 Splash Screen com.catfact.app.feature.facts.test#18853 cornerRadius=0.000000
04-15 09:53:47.962  2000  2120 D VRI[test]@d1fce05: registerCallbacksForSync syncBuffer=false
04-15 09:53:47.962  2000  2194 D VRI[test]@d1fce05: Received frameDrawingCallback syncResult=0 frameNum=1.
04-15 09:53:47.962  2000  2194 I VRI[test]@d1fce05: mWNT: t=0xb4000074fc693910 mBlastBufferQueue=0xb40000741cde5f30 fn= 1 HdrRenderState mRenderHdrSdrRatio=1.0 caller= android.view.ViewRootImpl$12.onFrameDraw:15441 android.view.ThreadedRenderer$1.onFrameDraw:718 <bottom of call stack>
04-15 09:53:47.962  2000  2194 I VRI[test]@d1fce05: Setting up sync and frameCommitCallback
04-15 09:53:47.963  2000  2196 I BLASTBufferQueue: [VRI[test]@d1fce05#857](f:0,a:0,s:0) onFrameAvailable the first frame is available
04-15 09:53:47.963  2000  2196 I VRI[test]@d1fce05: Received frameCommittedCallback lastAttemptedDrawFrameNum=1 didProduceBuffer=true
04-15 09:53:47.963  1151  1378 I SurfaceFlinger: [Splash Screen com.catfact.app.feature.facts.test$_2000#18854] setTransactionState with the first frame. bufferData(ID: 8589934655979, frameNumber: 1)
04-15 09:53:47.965  1542  1825 D AS.MultiSoundManager: mForegroundUid = 10749
04-15 09:53:47.966  1542  1906 D SemWifiTransportLayerMonitor.TcpMonitorHandler: MSG_SAVE_PACKAGE_INFO
04-15 09:53:47.966  1542  1906 D SemWifiTransportLayerFileManager: saveWifiPackageInfoToFile
04-15 09:53:47.966  1542  1906 D SemWifiTransportLayerFileManager: writeWifiPackageInfoList
04-15 09:53:47.966  2000  2196 D HWUI    : CFMS:: SetUp Pid : 2000    Tid : 2196
04-15 09:53:47.967  2000  2120 D VRI[test]@d1fce05: reportDrawFinished seqId=0
04-15 09:53:47.967  1542  1582 D PkgPredictorService-SecIpmManagerServiceImpl: onForegroundActivitiesChanged pid:19868 uid:10749
04-15 09:53:47.967  1542  2944 V PkgPredictorService-SecIpmManagerServiceImpl: discard foreground app:com.catfact.app.feature.facts.test 1|true
04-15 09:53:47.967  1542  1582 D NetworkPolicy: already checked 10749
04-15 09:53:47.968  1542  1585 D SurfaceComposerClient: setCornerRadius ## bc6bff9 Splash Screen com.catfact.app.feature.facts.test#18853 cornerRadius=0.000000
04-15 09:53:47.968  1542  1582 D NetworkPolicy: already checked 10749
04-15 09:53:47.968  2000  2000 I {OngoingActivityController}: onTaskFocusChanged but OA data is empty
04-15 09:53:47.968  1542  1585 D SurfaceComposerClient: setCornerRadius ## bc6bff9 Splash Screen com.catfact.app.feature.facts.test#18853 cornerRadius=0.000000
04-15 09:53:47.969  1151  1199 I SurfaceFlinger: id=18855 createSurf, flag=84004, Transition Root: Task=3882#18855
04-15 09:53:47.971  1542  1585 I SurfaceControlRegistry: show, t=StartTransaction_SyncId<1682> sc=ActivityRecord{206515900 u0 com.catfact.app.feature.facts.test/androidx.activity.ComponentActivity t3882}, caller=android.view.SurfaceControl$Transaction.show:3557 com.android.server.wm.Transition.onTransactionReady:2048 com.android.server.wm.BLASTSyncEngine$SyncGroup.finishNow:240 com.android.server.wm.BLASTSyncEngine.onSurfacePlacement:263 com.android.server.wm.RootWindowContainer.performSurfacePlacementNoTrace:1083 com.android.server.wm.WindowSurfacePlacer.performSurfacePlacement:166
04-15 09:53:47.971  1542  1585 D SurfaceComposerClient: setCornerRadius ## Task=3801#16292 cornerRadius=0.000000
04-15 09:53:47.971  1542  1585 D SurfaceComposerClient: setCornerRadius ## Task=3882#18851 cornerRadius=0.000000
04-15 09:53:47.972  1542  1585 D ScreenCapture: [Capture_TEST] : setIsScreenShotBySystem false
04-15 09:53:47.972  1542  1585 I SurfaceComposerClient: captureLayers:childrenOnly:1, sync:1
04-15 09:53:47.972  2000  2105 I SurfaceControlRegistry: hide, t=FinishTransaction_SyncId<1682> sc=Task=3801, caller=android.view.SurfaceControl$Transaction.hide:3583 com.android.wm.shell.transition.Transitions.dispatchReady:1263 com.android.wm.shell.transition.Transitions.onTransitionReady:251 com.android.wm.shell.transition.Transitions$TransitionPlayerImpl$$ExternalSyntheticLambda0.run:13 android.os.Handler.handleCallback:995 android.os.Handler.dispatchMessage:103
04-15 09:53:47.973  2000  2105 I SurfaceControlRegistry: show, t=StartTransaction_SyncId<1682> sc=Task=3882, caller=android.view.SurfaceControl$Transaction.show:3557 com.android.wm.shell.transition.Transitions.dispatchReady:1279 com.android.wm.shell.transition.Transitions.onTransitionReady:251 com.android.wm.shell.transition.Transitions$TransitionPlayerImpl$$ExternalSyntheticLambda0.run:13 android.os.Handler.handleCallback:995 android.os.Handler.dispatchMessage:103
04-15 09:53:47.973  2000  2105 I SurfaceControlRegistry: show, t=FinishTransaction_SyncId<1682> sc=Task=3882, caller=android.view.SurfaceControl$Transaction.show:3557 com.android.wm.shell.transition.Transitions.dispatchReady:1330 com.android.wm.shell.transition.Transitions.onTransitionReady:251 com.android.wm.shell.transition.Transitions$TransitionPlayerImpl$$ExternalSyntheticLambda0.run:13 android.os.Handler.handleCallback:995 android.os.Handler.dispatchMessage:103
04-15 09:53:47.973  2000  2105 I SurfaceControlRegistry: show, t=StartTransaction_SyncId<1682> sc=Transition Root: Task=3882, caller=android.view.SurfaceControl$Transaction.show:3557 com.android.wm.shell.transition.Transitions.playTransition:79 com.android.wm.shell.transition.Transitions.processReadyQueue:239 com.android.wm.shell.transition.Transitions.dispatchReady:1352 com.android.wm.shell.transition.Transitions.onTransitionReady:251 com.android.wm.shell.transition.Transitions$TransitionPlayerImpl$$ExternalSyntheticLambda0.run:13
04-15 09:53:47.973  2461  2584 I HoneySpace.TopTaskSource: onTaskFocusChanged(): taskId = 3882
04-15 09:53:47.973  2000  2105 D SurfaceComposerClient: [Task=3801#16292] setEdgeExtension Right
04-15 09:53:47.974  1151  1378 I SurfaceFlinger: id=18856 createSurf, flag=20004, DimTransitionLayer for Surface(name=Task=3882)/@0x72ec3fe#18856
04-15 09:53:47.974  2000  2105 I SurfaceControlRegistry: show, t=StartTransaction_SyncId<1682> sc=DimTransitionLayer for Surface(name=Task=3882)/@0x72ec3fe, caller=android.view.SurfaceControl$Transaction.show:3557 com.android.wm.shell.transition.DefaultTransitionHandler.startAnimation:2931 com.android.wm.shell.transition.Transitions.dispatchTransition:90 com.android.wm.shell.transition.Transitions.playTransition:774 com.android.wm.shell.transition.Transitions.processReadyQueue:239 com.android.wm.shell.transition.Transitions.dispatchReady:1352
04-15 09:53:47.974  1151  1199 I SurfaceFlinger: Capture layer list: 	 com.google.android.calendar/com.google.android.calendar.allinone.AllInOneCalendarActivity$_3979#18843(seamlessTransition:0)
04-15 09:53:47.974  1151  1151 I SurfaceFlinger: [LayerHierarchy{RequestedLayerState{ImeContainer#15 parentId=16293 relativeParentId=16293 z=1} 1 children}] RelativeParent to null
04-15 09:53:47.974  2000  2105 I SurfaceControlRegistry: apply, t=StartTransaction_SyncId<1682>, caller=android.view.SurfaceControl$Transaction.apply:3459 android.view.SurfaceControl$Transaction.apply:3447 android.view.SurfaceControl$Transaction.apply:3397 com.android.wm.shell.transition.DefaultTransitionHandler.startAnimation:3387 com.android.wm.shell.transition.Transitions.dispatchTransition:90 com.android.wm.shell.transition.Transitions.playTransition:774
04-15 09:53:47.974  1151  1199 I CompositionEngine: [setDisplaySize] size=(720, 1544)
04-15 09:53:47.974  1151  1151 I SurfaceFlinger: [Transition Root: Task=3882#18855] attach to parent LayerHierarchy{RequestedLayerState{DefaultTaskDisplayArea_d0#10 parentId=9} 17 children}
04-15 09:53:47.974  1151  1151 I SurfaceFlinger: [DimTransitionLayer for Surface(name=Task=3882)/@0x72ec3fe#18856] attach to parent LayerHierarchy{RequestedLayerState{Transition Root: Task=3882#18855 parentId=10} 1 children}
04-15 09:53:47.975  1151  1206 D RenderEngine: [SEC_SF_EFFECTS] drawLayersInternal,1494, Rendering layer ScreenCaptureFillLayer at index 0
04-15 09:53:47.975  1151  1206 D RenderEngine: [SEC_SF_EFFECTS] drawLayersInternal,1494, Rendering layer com.google.android.calendar/com.google.android.calendar.allinone.AllInOneCalendarActivity$_3979#18843 at index 1
04-15 09:53:47.978  1151  1338 D SurfaceFlinger: [input] setFocusedWindow: <null>
04-15 09:53:47.978  1542  2103 D InputDispatcher: Once focus requested (0): <null>
04-15 09:53:47.978  1542  2103 D InputDispatcher: Focus request (0): <null> but waiting because NO_WINDOW
04-15 09:53:47.978  1542  2103 D InputDispatcher: Focus left window (0): f86e873 com.google.android.calendar/com.google.android.calendar.allinone.AllInOneCalendarActivity
04-15 09:53:47.978  2461  2461 I HoneySpace.EdgePanel.CocktailHostRepositoryImpl: onNoteResume
04-15 09:53:47.978  2461  2461 I HoneySpace.EdgePanel.EdgePanelContainerViewModel: cocktailHostRepository.edgePanelOperation NoteResumeComponent(componentName=ComponentInfo{com.catfact.app.feature.facts.test/androidx.activity.ComponentActivity})
04-15 09:53:47.978  2461  2461 I HoneySpace.EdgePanel.ActivityUtils: HomePackage : com.sec.android.app.launcher, resumePackageName : com.catfact.app.feature.facts.test, className : androidx.activity.ComponentActivity
04-15 09:53:47.978 19868 19868 D LifecycleMonitor: Lifecycle status change: androidx.activity.ComponentActivity@f2e1817 in: PRE_ON_CREATE
04-15 09:53:47.979  3979  3979 I ImeFocusController: onPreWindowFocus: skipped hasWindowFocus=false mHasImeFocus=true
04-15 09:53:47.979 18525 18790 I Rubin   : [146] M.c0.k(Unknown Source) : Notify com.samsung.android.rubin.inferenceengine.contextanalytics.engine.loggers.AppUsageLogger's database is updated.
04-15 09:53:47.979 19868 19868 V ActivityScenario: Activity lifecycle changed event received but ignored because the reported transition was not ON_CREATE while the last known transition was PRE_ON_CREATE
04-15 09:53:47.979  3979  3979 I ImeFocusController: onPostWindowFocus: skipped hasWindowFocus=false mHasImeFocus=true
04-15 09:53:47.980  1151  1199 I SurfaceFlinger: id=18857 createSurf, flag=84000, 8d3a28e ActivityRecordInputSink com.catfact.app.feature.facts.test/androidx.activity.ComponentActivity#18857
04-15 09:53:47.981  1151  1151 I SurfaceFlinger: RequestedLayer [bc6bff9 Splash Screen com.catfact.app.feature.facts.test#18853] hidden!! flag  from(1) --> to(0)
04-15 09:53:47.981  1151  1151 I SurfaceFlinger: RequestedLayer [Splash Screen com.catfact.app.feature.facts.test$_2000#18854] hidden!! flag  from(1) --> to(0)
04-15 09:53:47.981  1151  1151 I SurfaceFlinger: RequestedLayer [Task=3882#18851] hidden!! flag  from(1) --> to(0)
04-15 09:53:47.981  1151  1151 E SurfaceFlinger: alpha changed 1.000 -> 0.000 - Task=3882#18851
04-15 09:53:47.981  1151  1151 I SurfaceFlinger: RequestedLayer [Transition Root: Task=3882#18855] hidden!! flag  from(1) --> to(0)
04-15 09:53:47.981  1151  1151 I SurfaceFlinger: RequestedLayer [ActivityRecord{206515900 u0 com.catf[...]ivity.ComponentActivity t3882}#18852] hidden!! flag  from(1) --> to(0)
04-15 09:53:47.981  1151  1151 I SurfaceFlinger: RequestedLayer [DimTransitionLayer for Surface(name=Task=3882)/@0x72ec3fe#18856] hidden!! flag  from(1) --> to(0)
04-15 09:53:47.981  1151  1151 E SurfaceFlinger: alpha changed 1.000 -> 0.000 - DimTransitionLayer for Surface(name=Task=3882)/@0x72ec3fe#18856
04-15 09:53:47.981  1151  1151 E SurfaceFlinger: alpha changed 0.000 -> 1.000 - Task=3882#18851
04-15 09:53:47.981  1151  1151 E SurfaceFlinger: alpha changed 0.000 -> 0.000 - DimTransitionLayer for Surface(name=Task=3882)/@0x72ec3fe#18856
04-15 09:53:47.981  1151  1151 I SurfaceFlinger: [LayerHierarchy{RequestedLayerState{Task=3801#16292 parentId=18855 z=2} 1 children}] reparent to LayerHierarchy{RequestedLayerState{Transition Root: Task=3882#18855 parentId=10 z=13} 2 children}
04-15 09:53:47.981  1151  1151 I SurfaceFlinger: [LayerHierarchy{RequestedLayerState{Task=3882#18851 parentId=18855 z=5} 1 children}] reparent to LayerHierarchy{RequestedLayerState{Transition Root: Task=3882#18855 parentId=10 z=13} 3 children}
04-15 09:53:47.981  1151  1151 I SurfaceFlinger: [LayerHierarchy{RequestedLayerState{DimTransitionLayer for Surface(name=Task=3882)/@0x72ec3fe#18856 parentId=18855 relativeParentId=18851 z=-1} no children}] RelativeParent to LayerHierarchy{RequestedLayerState{Task=3882#18851 parentId=18855 z=5} 2 children}
04-15 09:53:47.981  1151  1151 I SurfaceFlinger: [8d3a28e ActivityRecordInputSink com.catfact.app.feature.facts.test/androidx.activity.ComponentActivity#18857] attach to parent LayerHierarchy{RequestedLayerState{ActivityRecord{206515900 u0 com.catfact.app.feature.facts.test/androidx.activity.ComponentActivity t3882}#18852 parentId=18851} 2 children}
04-15 09:53:47.982  3723 29073 I [AirCmd]_ActivitySwitchDetector: onTaskFocusChanged : taskId=3882, componentName=ComponentInfo{com.catfact.app.feature.facts.test/androidx.activity.ComponentActivity}
04-15 09:53:47.982  3723 29073 I [AirCmd]_ActivitySwitchDetector: onTaskFocusChanged :mTopMostActivity = ComponentInfo{com.google.android.calendar/com.google.android.calendar.allinone.AllInOneCalendarActivity}
04-15 09:53:47.983 19868 19868 I DecorView: setWindowBackground: isPopOver=false color=fffafafa d=android.graphics.drawable.ColorDrawable@5e3cc70
04-15 09:53:47.984 19868 19868 D LifecycleMonitor: Lifecycle status change: androidx.activity.ComponentActivity@f2e1817 in: CREATED
04-15 09:53:47.984 19868 19868 V ActivityScenario: Update currentActivityStage to CREATED, currentActivity=androidx.activity.ComponentActivity@f2e1817
04-15 09:53:47.985 19868 19868 D LifecycleMonitor: Lifecycle status change: androidx.activity.ComponentActivity@f2e1817 in: STARTED
04-15 09:53:47.985 19868 19868 V ActivityScenario: Update currentActivityStage to STARTED, currentActivity=androidx.activity.ComponentActivity@f2e1817
04-15 09:53:47.985  2461  2474 I HoneySpace.RecentTasks: onRunningTaskAppeared
04-15 09:53:47.985  2461  4418 I HoneySpace.RecentTasks: onRecentTasksChanged
04-15 09:53:47.986 19868 19868 D LifecycleMonitor: Lifecycle status change: androidx.activity.ComponentActivity@f2e1817 in: RESUMED
04-15 09:53:47.986 19868 19868 V ActivityScenario: Update currentActivityStage to RESUMED, currentActivity=androidx.activity.ComponentActivity@f2e1817
04-15 09:53:47.986 19868 19868 D ViewRootImpl: desktopMode is false
04-15 09:53:47.986 19868 19868 I ViewRootImpl: dVRR is disabled
04-15 09:53:47.986 19868 19901 D NativeCustomFrequencyManager: [NativeCFMS] BpCustomFrequencyManager::BpCustomFrequencyManager()
04-15 09:53:47.987  1151  2910 D NativeSemDvfsManager: acquire:: timeout = 2000 mIsAcquired = 1  mTagName : SurfaceFlinger
04-15 09:53:47.988  3723 29073 I [AirCmd]_CallbackRepeater: stopRepeat : isWorking=false
04-15 09:53:47.988  1542  4235 D InputTransport: Input channel constructed: '277234c', fd=1434
04-15 09:53:47.989  1542  4235 D InputTransport: Input channel constructed: '277234c', fd=1437
04-15 09:53:47.989  1542  4235 D InputTransport: Input channel constructed: '277234c', fd=1440
04-15 09:53:47.989  1542  4235 D InputTransport: Input channel destroyed: '277234c', fd=1437
04-15 09:53:47.989  3723 29073 I [AirCmd]_MediaControlStateMonitor: isForegroundAppSupportsMediaButton : mediaSession is empty
04-15 09:53:47.989  1151  1200 I SurfaceFlinger: id=18858 createSurf, flag=84004, 277234c com.catfact.app.feature.facts.test/androidx.activity.ComponentActivity#18858
04-15 09:53:47.989  1151  2910 E NativeCustomFrequencyManager: [NativeCFMS] BpCustomFrequencyManager::acquire()
04-15 09:53:47.989  1059  1180 I HYPER-HAL: [RequestManager.cpp]acquire(): Acquired ID : 2315476  [1151 / 1000]    HINT : SF_GPU_MINLOCK    list : [TIMEOUT / 2000]
04-15 09:53:47.989  1151  1151 I SurfaceFlinger: [277234c com.catfact.app.feature.facts.test/androidx.activity.ComponentActivity#18858] attach to parent LayerHierarchy{RequestedLayerState{ActivityRecord{206515900 u0 com.catfact.app.feature.facts.test/androidx.activity.ComponentActivity t3882}#18852 parentId=18851} 3 children}
04-15 09:53:47.990  1542  4235 D InputTransport: Input channel destroyed: '277234c', fd=1440
04-15 09:53:47.991 19868 19868 D InputTransport: Input channel constructed: '277234c', fd=128
04-15 09:53:47.991  1151  1151 D SurfaceFlinger: GPIS:: requestGpisForClientComposition
04-15 09:53:47.991 19868 19868 I InsetsController: onStateChanged: host=com.catfact.app.feature.facts.test/androidx.activity.ComponentActivity, from=android.view.ViewRootImpl.onInsetsStateChanged:3026, state=InsetsState: {mDisplayFrame=Rect(0, 0 - 720, 1544), mDisplayCutout=DisplayCutout{insets=Rect(0, 50 - 0, 0) waterfall=Insets{left=0, top=0, right=0, bottom=0} boundingRect={Bounds=[Rect(0, 0 - 0, 0), Rect(341, 0 - 379, 50), Rect(0, 0 - 0, 0), Rect(0, 0 - 0, 0)]} cutoutPathParserInfo={CutoutPathParserInfo{displayWidth=720 displayHeight=1544 physicalDisplayWidth=720 physicalDisplayHeight=1544 density={1.875} cutoutSpec={M 0,0 H -10 V 26.66666666666667 H 10 V 0 H 0 Z @dp} rotation={0} scale={1.0} physicalPixelDisplaySizeRatio={1.0}}} sideOverrides={}}, mRoundedCorners=RoundedCorners{[RoundedCorner{position=TopLeft, radius=8, center=Point(8, 8)}, RoundedCorner{position=TopRight, radius=8, center=Point(712, 8)}, RoundedCorner{position=BottomRight, radius=8, center=Point(712, 1536)}, RoundedCorner{position=BottomLeft, radius=8, center=Point(8, 1536)}]}  mRoundedCornerFrame=Rect(0, 0 - 720, 1544), mPrivacyIndicatorBounds=PrivacyIndicatorBounds {static bounds=Rect(637, 0 - 720, 50) rotation=0}, mDisplayShape=DisplayShape{ spec=-311912193 displayWidth=720 displayHeight=1544 physicalPixelDisplaySizeRatio=0.5 rotation=0 offsetX=0 offsetY=0 scale=1.0}, mSources= { InsetsSource: {ec730001 mType=navigationBars mFrame=[0,1454][720,1544] mVisible=true mFlags= mSideHint=BOTTOM mBoundingRects=null}, InsetsSource: {ec730004 mType=systemGestures mFrame=[0,0][0,0] mVisible=true mFlags= mSideHint=NONE mBoundingRects=null}, InsetsSource: {ec730005 mType=mandatorySystemGestures mFrame=[0,1454][720,1544] mVisible=true mFlags= mSideHint=BOTTOM mBoundingRects=null}, InsetsSource: {ec730006 mType=tappableElement mFrame=[0,1454][720,1544] mVisible=true mFlags= mSideHint=BOTTOM mBoundingRects=null}, InsetsSource: {ec730024 mType=systemGestures mFrame=[0,0][0,0] mVisible=true mFlags= mSideHint=NONE mBoundingRects=null}, InsetsSource: {3 mType=ime mFrame=[0,0][0,0] mVisible=false mFlags= mSideHint=NONE mBoundingRects=null}, InsetsSource: {27 mType=displayCutout mFrame=[0,0][720,50] mVisible=true mFlags= mSideHint=TOP mBoundingRects=null}, InsetsSource: {43950000 mType=statusBars mFrame=[0,0][720,50] mVisible=true mFlags= mSideHint=TOP mBoundingRects=null}, InsetsSource: {43950005 mType=mandatorySystemGestures mFrame=[0,0][720,73] mVisible=true mFlags= mSideHint=TOP mBoundingRects=null}, InsetsSource: {43950006 mType=tappableElement mFrame=[0,0][720,50] mVisible=true mFlags= mSideHint=TOP mBoundingRects=null} }
04-15 09:53:47.993  2000  2000 D DisplayLifecycle: updateDisplay id = 0
04-15 09:53:47.993  2000  2125 D StackScroller: onDisplayChanged for predraw skip to 2
04-15 09:53:47.993 19868 19868 I VRI[ComponentActivity]@76b057a: synced displayState. AttachInfo displayState=2
04-15 09:53:47.993 19868 19868 I VRI[ComponentActivity]@76b057a: setView = com.android.internal.policy.DecorView@a469f21 IsHRR=false mFlingFrameRateChange=0 TM=true
04-15 09:53:47.993 19868 19901 D HWUI    : HWUI - treat SMPTE_170M as sRGB
04-15 09:53:47.995  3723 29073 E [AirCmd]_MediaControlStateMonitor: getActiveNotificationPackageName : notification service monitor is null
04-15 09:53:47.995  3723 29073 I [AirCmd]_ButtonEventDetectionThread: enableDoubleClickDetection: enabled= true, doubleClickWaitInterval=300
04-15 09:53:47.996  1151  1378 I SurfaceFlinger: id=18859 createSurf, flag=24000, Surface(name=3edafdc StatusBar)/@0x3b919ed - animation-leash of insets_animation#18859
04-15 09:53:47.996  2461  4418 I HoneySpace.Memory-Monitor: current state = 2, didTrim = false
04-15 09:53:47.997  1151  1151 E SurfaceFlinger: alpha changed 0.000 -> 0.010 - DimTransitionLayer for Surface(name=Task=3882)/@0x72ec3fe#18856
04-15 09:53:47.997  1151  1151 I SurfaceFlinger: [Surface(name=3edafdc StatusBar)/@0x3b919ed - animation-leash of insets_animation#18859] attach to parent LayerHierarchy{RequestedLayerState{WindowToken{7a8fc4f type=2000 android.os.BinderProxy@a9d7329}#94 parentId=17} 2 children}
04-15 09:53:47.997  1151  1378 I SurfaceFlinger: id=18860 createSurf, flag=24000, Surface(name=8c5cec7 NavigationBar0)/@0xa68870 - animation-leash of insets_animation#18860
04-15 09:53:47.999  1542  1585 D SurfaceComposerClient: setCornerRadius ## bc6bff9 Splash Screen com.catfact.app.feature.facts.test#18853 cornerRadius=0.000000
04-15 09:53:47.999  1542  1585 D SurfaceComposerClient: setCornerRadius ## 277234c com.catfact.app.feature.facts.test/androidx.activity.ComponentActivity#18858 cornerRadius=0.000000
04-15 09:53:48.000  2000  2000 D SamsungLightBarControlHelper: updateStatusBar (BLACK icon) numStacks:1, StatusBarMode:MODE_TRANSPARENT, lightBarBounds:[Rect(0, 0 - 720, 1544)], StatusBarState:SHADE, packageName:, isWhiteKeyguardStatusBar:false
04-15 09:53:48.000  2000  2000 D SamsungLightBarControlHelper: onStatusBarAppearanceChanged() -  sbModeChanged:false, statusBarMode:0, barState:MODE_TRANSPARENT, isKeyguardShowing:false, navbarColorManagedByIme:false, (AppearanceRegion{LIGHT_STATUS_BARS bounds=[0,0][720,1544]}, )
04-15 09:53:48.000  2000  2000 D NavigationBar: onSystemBarAttributesChanged() -  displayId:0, appearance:24, packageName: com.catfact.app.feature.facts.test (APPEARANCE_LIGHT_STATUS_BARS APPEARANCE_LIGHT_NAVIGATION_BARS ), navbarColorManagedByIme:false
04-15 09:53:48.000  2000  2000 D SamsungLightBarControlHelper: updateNavigationBar (BLACK button) isLightOpaque:false, hasLightNavigationBarFlag:true, packageName:com.catfact.app.feature.facts.test, DirectReplying:false, NavBarColorMangedByIme:false, ForceDarkForScrim:false, ForceLightForScrim:false, QsCustomizing:false, QsExpanded:false
04-15 09:53:48.002  1151  1151 D SurfaceFlinger: Display 4633128672291735999 HWC layers:
04-15 09:53:48.002  1151  1151 D SurfaceFlinger:        CLIENT |           17089674871059 | 00002102 | RGBA_8888    |   10.0    0.0  720.0 1544.0 |    0    0  720 1544 | com.google.android.calendar/com.goog[...]AllInOneCalendarActivity$_3979#18843 (29)
04-15 09:53:48.002  1151  1151 D SurfaceFlinger:   SOLID_COLOR |                        0 | 00000000 | N/A          |    0.0    0.0    0.0    0.0 |    0    0  720 1544 | DimTransitionLayer for Surface(name=Task=3882)/@0x72ec3fe#18856 (0)
04-15 09:53:48.002  1151  1151 D SurfaceFlinger:        DEVICE |            8589934655979 | 00002100 | RGBA_8888    |    0.0    0.0   33.0 1544.0 |  687    0  720 1544 | Splash Screen com.catfact.app.feature.facts.test$_2000#18854 (1)
04-15 09:53:48.002  1151  1151 D SurfaceFlinger:        DEVICE |            8589934654742 | 00002100 | RGBA_8888    |    0.0    0.0  720.0   50.0 |    0    0  720   50 | StatusBar$_2000#102 (26468)
04-15 09:53:48.002  1151  1151 D SurfaceFlinger:        DEVICE |           10569914518889 | 00002100 | RGBA_8888    |    0.0    0.0   67.0  353.0 |  653  192  720  545 | com.sec.android.app.launcher/com.sam[...]l.app.CocktailBarService$_2461#16495 (1)
04-15 09:53:48.002  1151  1151 D SurfaceFlinger:        DEVICE |            8589934654692 | 00002100
04-15 09:53:48.002  1151  1151 D SurfaceFlinger: | RGBA_8888    |    0.0    0.0  720.0   90.0 |    0 1454  720 1544 | NavigationBar0$_2000#98 (17258)
04-15 09:53:48.002  1151  1151 D SurfaceFlinger:
04-15 09:53:48.006  1151  1151 I SurfaceFlinger: RequestedLayer [277234c com.catfact.app.feature.fact[...]idx.activity.ComponentActivity#18858] hidden!! flag  from(1) --> to(0)
04-15 09:53:48.006  1151  1151 I SurfaceFlinger: [LayerHierarchy{RequestedLayerState{8c5cec7 NavigationBar0#91 parentId=18860} 1 children}] reparent to LayerHierarchy{RequestedLayerState{Surface(name=8c5cec7 NavigationBar0)/@0xa68870 - animation-leash of insets_animation#18860 parentId=90} 1 children}
04-15 09:53:48.006  1151  1151 I SurfaceFlinger: [LayerHierarchy{RequestedLayerState{3edafdc StatusBar#95 parentId=18859} 1 children}] reparent to LayerHierarchy{RequestedLayerState{Surface(name=3edafdc StatusBar)/@0x3b919ed - animation-leash of insets_animation#18859 parentId=94} 1 children}
04-15 09:53:48.006  1151  1151 I SurfaceFlinger: [LayerHierarchy{RequestedLayerState{Surface(name=8c5cec7 NavigationBar0)/@0xa68870 - animation-leash of insets_animation#18847} no children}] reparent to OffscreenRoot
04-15 09:53:48.006  1151  1151 I SurfaceFlinger: [LayerHierarchy{RequestedLayerState{Surface(name=8c5cec7 NavigationBar0)/@0xa68870 - animation-leash of insets_animation#18847} no children}] RelativeParent to null
04-15 09:53:48.006  1151  1151 I SurfaceFlinger: [LayerHierarchy{RequestedLayerState{Surface(name=3edafdc StatusBar)/@0x3b919ed - animation-leash of insets_animation#18846} no children}] reparent to OffscreenRoot
04-15 09:53:48.006  1151  1151 I SurfaceFlinger: [LayerHierarchy{RequestedLayerState{Surface(name=3edafdc StatusBar)/@0x3b919ed - animation-leash of insets_animation#18846} no children}] RelativeParent to null
04-15 09:53:48.006  1151  1151 I SurfaceFlinger: [Surface(name=8c5cec7 NavigationBar0)/@0xa68870 - animation-leash of insets_animation#18860] attach to parent LayerHierarchy{RequestedLayerState{WindowToken{fc018e2 type=2019 android.os.BinderProxy@bda3ac4}#90 parentId=34} 1 children}
04-15 09:53:48.095  1542  2472 I WindowManager: Relayout Window{277234c u0 com.catfact.app.feature.facts.test/androidx.activity.ComponentActivity}: viewVisibility=0 req=720x1544 ty=1 d0
04-15 09:53:48.095  1151  1200 I SurfaceFlinger: id=18861 createSurf, flag=44004, com.catfact.app.feature.facts.test/androidx.activity.ComponentActivity$_19868#18861
04-15 09:53:48.097  1542  2472 D SurfaceComposerClient: setCornerRadius ## bc6bff9 Splash Screen com.catfact.app.feature.facts.test#18853 cornerRadius=0.000000
04-15 09:53:48.097  1542  2472 D SurfaceComposerClient: setCornerRadius ## 277234c com.catfact.app.feature.facts.test/androidx.activity.ComponentActivity#18858 cornerRadius=0.000000
04-15 09:53:48.097  1151  1151 I SurfaceFlinger: [com.catfact.app.feature.facts.test/androidx.activity.ComponentActivity$_19868#18861] attach to parent LayerHierarchy{RequestedLayerState{277234c com.catfact.app.feature.facts.test/androidx.activity.ComponentActivity#18858 parentId=18852} 1 children}
04-15 09:53:48.097  1542  2472 D SurfaceComposerClient: setCornerRadius ## bc6bff9 Splash Screen com.catfact.app.feature.facts.test#18853 cornerRadius=0.000000
04-15 09:53:48.097  1542  2472 D SurfaceComposerClient: setCornerRadius ## 277234c com.catfact.app.feature.facts.test/androidx.activity.ComponentActivity#18858 cornerRadius=0.000000
04-15 09:53:48.098  1151  2479 I SurfaceFlinger: id=18862 createSurf, flag=24000, Surface(name=3edafdc StatusBar)/@0x3b919ed - animation-leash of insets_animation#18862
04-15 09:53:48.100  1151  1200 I SurfaceFlinger: id=18863 createSurf, flag=24000, Surface(name=8c5cec7 NavigationBar0)/@0xa68870 - animation-leash of insets_animation#18863
04-15 09:53:48.102  1542  2472 I SystemKeyManager: requested systemKeyInfo size=1 focusedWindow=com.catfact.app.feature.facts.test/androidx.activity.ComponentActivity
04-15 09:53:48.102  1542  2472 I SystemKeyManager: requested systemKeyInfo size=1 focusedWindow=com.catfact.app.feature.facts.test/androidx.activity.ComponentActivity
04-15 09:53:48.102  1542  2472 I WindowManager: Relayout hash=277234c, pid=19868, syncId=-1: mAttrs={(0,0)(fillxfill) sim={adjust=pan forwardNavigation} layoutInDisplayCutoutMode=always ty=BASE_APPLICATION wanim=0x1030317
04-15 09:53:48.102  1542  2472 I WindowManager:   fl=81810100
04-15 09:53:48.102  1542  2472 I WindowManager:   pfl=100088c0
04-15 09:53:48.102  1542  2472 I WindowManager:   apr=210
04-15 09:53:48.102  1542  2472 I WindowManager:   bhv=1
04-15 09:53:48.102  1542  2472 I WindowManager:   fitSides=0
04-15 09:53:48.102  1542  2472 I WindowManager:   frameRateBoostOnTouch=true
04-15 09:53:48.102  1542  2472 I WindowManager:   dvrrWindowFrameRateHint=true naviIconColor=0}
04-15 09:53:48.104 19868 19868 I BLASTBufferQueue_Java: new BLASTBufferQueue, mName= VRI[ComponentActivity]@76b057a mNativeObject= 0xb40000741c5c0d60 caller= android.view.ViewRootImpl.updateBlastSurfaceIfNeeded:3585 android.view.ViewRootImpl.relayoutWindow:11685 android.view.ViewRootImpl.performTraversals:4804 android.view.ViewRootImpl.doTraversal:3924 android.view.ViewRootImpl$TraversalRunnable.run:12903 android.view.Choreographer$CallbackRecord.run:1901 android.view.Choreographer$CallbackRecord.run:1910 android.view.Choreographer.doCallbacks:1367 android.view.Choreographer.doFrame:1292 android.view.Choreographer$FrameDisplayEventReceiver.run:1870
04-15 09:53:48.104 19868 19868 I BLASTBufferQueue_Java: update, w= 720 h= 1544 mName = VRI[ComponentActivity]@76b057a mNativeObject= 0xb40000741c5c0d60 sc.mNativeObject= 0xb40000751c4f2c90 format= -1 caller= android.view.ViewRootImpl.updateBlastSurfaceIfNeeded:3590 android.view.ViewRootImpl.relayoutWindow:11685 android.view.ViewRootImpl.performTraversals:4804 android.view.ViewRootImpl.doTraversal:3924 android.view.ViewRootImpl$TraversalRunnable.run:12903 android.view.Choreographer$CallbackRecord.run:1901
04-15 09:53:48.104 19868 19868 I VRI[ComponentActivity]@76b057a: Relayout returned: old=(0,0,720,1544) new=(0,0,720,1544) relayoutAsync=false req=(720,1544)0 dur=102 res=0x3 s={true 0xb40000748c51fb30} ch=true seqId=0
04-15 09:53:48.105 19868 19868 I VRI[ComponentActivity]@76b057a: performConfigurationChange setNightDimText nightDimLevel=0
04-15 09:53:48.105 19868 19868 D VRI[ComponentActivity]@76b057a: mThreadedRenderer.initialize() mSurface={isValid=true 0xb40000748c51fb30} hwInitialized=true
04-15 09:53:48.105 19868 19868 D VRI[ComponentActivity]@76b057a: reportNextDraw android.view.ViewRootImpl.performTraversals:5443 android.view.ViewRootImpl.doTraversal:3924 android.view.ViewRootImpl$TraversalRunnable.run:12903 android.view.Choreographer$CallbackRecord.run:1901 android.view.Choreographer$CallbackRecord.run:1910
04-15 09:53:48.105 19868 19868 D VRI[ComponentActivity]@76b057a: Setup new sync=wmsSync-VRI[ComponentActivity]@76b057a#4
04-15 09:53:48.105 19868 19868 I VRI[ComponentActivity]@76b057a: Creating new active sync group VRI[ComponentActivity]@76b057a#5
04-15 09:53:48.106 19868 19868 D VRI[ComponentActivity]@76b057a: registerCallbacksForSync syncBuffer=false
04-15 09:53:48.106  1151  1151 I SurfaceFlinger: [LayerHierarchy{RequestedLayerState{8c5cec7 NavigationBar0#91 parentId=18863} 1 children}] reparent to LayerHierarchy{RequestedLayerState{Surface(name=8c5cec7 NavigationBar0)/@0xa68870 - animation-leash of insets_animation#18863 parentId=90} 1 children}
04-15 09:53:48.106  1151  1151 I SurfaceFlinger: [LayerHierarchy{RequestedLayerState{3edafdc StatusBar#95 parentId=18862} 1 children}] reparent to LayerHierarchy{RequestedLayerState{Surface(name=3edafdc StatusBar)/@0x3b919ed - animation-leash of insets_animation#18862 parentId=94} 1 children}
04-15 09:53:48.106  1151  1151 I SurfaceFlinger: [LayerHierarchy{RequestedLayerState{Surface(name=3edafdc StatusBar)/@0x3b919ed - animation-leash of insets_animation#18859} no children}] reparent to OffscreenRoot
04-15 09:53:48.106  1151  1151 I SurfaceFlinger: [LayerHierarchy{RequestedLayerState{Surface(name=3edafdc StatusBar)/@0x3b919ed - animation-leash of insets_animation#18859} no children}] RelativeParent to null
04-15 09:53:48.106  1151  1151 I SurfaceFlinger: [LayerHierarchy{RequestedLayerState{Surface(name=8c5cec7 NavigationBar0)/@0xa68870 - animation-leash of insets_animation#18860} no children}] reparent to OffscreenRoot
04-15 09:53:48.106  1151  1151 I SurfaceFlinger: [LayerHierarchy{RequestedLayerState{Surface(name=8c5cec7 NavigationBar0)/@0xa68870 - animation-leash of insets_animation#18860} no children}] RelativeParent to null
04-15 09:53:48.106  1151  1151 I SurfaceFlinger: [Surface(name=3edafdc StatusBar)/@0x3b919ed - animation-leash of insets_animation#18862] attach to parent LayerHierarchy{RequestedLayerState{WindowToken{7a8fc4f type=2000 android.os.BinderProxy@a9d7329}#94 parentId=17} 1 children}
04-15 09:53:48.106  1151  1151 I SurfaceFlinger: [Surface(name=8c5cec7 NavigationBar0)/@0xa68870 - animation-leash of insets_animation#18863] attach to parent LayerHierarchy{RequestedLayerState{WindowToken{fc018e2 type=2019 android.os.BinderProxy@bda3ac4}#90 parentId=34} 1 children}
04-15 09:53:48.107 19868 19914 D VRI[ComponentActivity]@76b057a: Received frameDrawingCallback syncResult=0 frameNum=1.
04-15 09:53:48.107  3963  4335 I SemDvfsHyPerManager: acquire hyper - BaseTABoost/3963@25, type = -999
04-15 09:53:48.107 19868 19914 I VRI[ComponentActivity]@76b057a: mWNT: t=0xb4000074fc5146d0 mBlastBufferQueue=0xb40000741c5c0d60 fn= 1 HdrRenderState mRenderHdrSdrRatio=1.0 caller= android.view.ViewRootImpl$12.onFrameDraw:15441 android.view.ThreadedRenderer$1.onFrameDraw:718 <bottom of call stack>
04-15 09:53:48.107  2461  4179 I HoneySpace.RecentTasks: onRecentTasksChanged
04-15 09:53:48.107 19868 19914 I VRI[ComponentActivity]@76b057a: Setting up sync and frameCommitCallback
04-15 09:53:48.107  1059  1180 I HYPER-HAL: [RequestManager.cpp]acquire(): Acquired ID : 7954091  [3963 / 25]    HINT :      list : [TABoost / 1]
04-15 09:53:48.108  2000  2000 D NavigationBar: onSystemBarAttributesChanged() -  displayId:0, appearance:528, packageName: com.catfact.app.feature.facts.test (APPEARANCE_LIGHT_NAVIGATION_BARS ), navbarColorManagedByIme:false
