04-15 09:53:48.573 19868 19868 I View    : setRequestedFrameRate frameRate=NaN, this=android.view.View{1a7d175 V.ED..... ........ 0,0-0,0}, caller=androidx.compose.ui.platform.Api35Impl.setRequestedFrameRate:3822 androidx.compose.ui.platform.AndroidComposeView.dispatchDraw:2115 android.view.View.draw:26345 android.view.View.updateDisplayListIfDirty:25175 android.view.ViewGroup.recreateChildDisplayList:4794
04-15 09:53:48.575 19868 19901 I GSC     : SID[9] : 10d73abd60bbce65, Kind: 0, time : 2.948 ms
04-15 09:53:48.598  1144  1154 E HeatmapThread: ECT Thread time in milliseconds: 1776239628
04-15 09:53:48.598  1144  1154 D HeatmapThread: !@ batteryplugType : 0
04-15 09:53:48.598  1144  1154 D HeatmapThread: !@ batteryLevel : 0  batteryTemperature : 0
04-15 09:53:48.598  1144  1154 D HeatmapThread: !@ Heatmap currtime: 29603993
04-15 09:53:48.598  1144  1154 D HeatmapThread: !@ Heatmap prevtime: 29603990
04-15 09:53:48.598  1144  1154 D HeatmapThread: !@ Heatmap plugstarttime: 35791394
04-15 09:53:48.598  1144  1154 D HeatmapThread: !@ Heatmap prevv_dsoh_update_time: 29597770
04-15 09:53:48.598  1144  1154 E HeatmapThread: !@Could not open '/efs/FactoryApp/bsoh', errno = 13
04-15 09:53:48.598  1144  1154 E HeatmapThread: !@ CAM Could not access BSOH EFS
04-15 09:53:48.598  1144  1154 E HeatmapThread: !@ CAM New BSOH: 0
04-15 09:53:48.620  1542  4235 I SemDvfsHyPerManager: acquire hyper - AMS_ACT_START/1542@20, type = -999
04-15 09:53:48.620  1059  1180 I HYPER-HAL: [RequestManager.cpp]acquire(): Acquired ID : 1220723  [1542 / 20]    HINT : AMS_ACT_START    list :
04-15 09:53:48.621  1151  1378 I SurfaceFlinger: id=18866 createSurf, flag=84004, ActivityRecord{145905703 u0 com.catfact.app.feature.facts.test/androidx.test.core.app.InstrumentationActivityInvoker$EmptyActivity t3882}#18866
04-15 09:53:48.624  3152  3152 E pageboostd: Received HALT command code 2
04-15 09:53:48.625  2000  2105 D ShellDesktopMode: handleRequest: TransitionRequestInfo {type=1, tid=3882, debugId=1683}
04-15 09:53:48.626 19868 19868 D LifecycleMonitor: Lifecycle status change: androidx.activity.ComponentActivity@f2e1817 in: PAUSED
04-15 09:53:48.626 19868 19868 V ActivityScenario: Update currentActivityStage to PAUSED, currentActivity=androidx.activity.ComponentActivity@f2e1817
04-15 09:53:48.627  1542  4235 D InputDispatcher: Focused application(0): ActivityRecord{145905703 u0 com.catfact.app.feature.facts.test/androidx.test.core.app.InstrumentationActivityInvoker$EmptyActivity t3882}
04-15 09:53:48.629  1542  4235 D GraphicsStatsService: requestRenderEngineFor(com.catfact.app.feature.facts.test)
04-15 09:53:48.630 19868 19868 D LifecycleMonitor: Lifecycle status change: androidx.test.core.app.InstrumentationActivityInvoker$EmptyActivity@7e39f6b in: PRE_ON_CREATE
04-15 09:53:48.630 19868 19868 V ActivityScenario: Activity lifecycle changed event received but ignored because the intent does not match. startActivityIntent=Intent { act=android.intent.action.MAIN cat=[android.intent.category.LAUNCHER] flg=0x10008000 cmp=com.catfact.app.feature.facts.test/androidx.activity.ComponentActivity }, activity.getIntent()=Intent { act=android.intent.action.MAIN cat=[android.intent.category.LAUNCHER] flg=0x10000000 xflg=0x4 cmp=com.catfact.app.feature.facts.test/androidx.test.core.app.InstrumentationActivityInvoker$EmptyActivity }, activity=androidx.test.core.app.InstrumentationActivityInvoker$EmptyActivity@7e39f6b
04-15 09:53:48.630  2461  2461 I HoneySpace.EdgePanel.CocktailHostRepositoryImpl: onNoteResume
04-15 09:53:48.630  2461  2461 I HoneySpace.EdgePanel.EdgePanelContainerViewModel: cocktailHostRepository.edgePanelOperation NoteResumeComponent(componentName=ComponentInfo{com.catfact.app.feature.facts.test/androidx.test.core.app.InstrumentationActivityInvoker$EmptyActivity})
04-15 09:53:48.630  2461  2461 I HoneySpace.EdgePanel.ActivityUtils: HomePackage : com.sec.android.app.launcher, resumePackageName : com.catfact.app.feature.facts.test, className : androidx.test.core.app.InstrumentationActivityInvoker$EmptyActivity
04-15 09:53:48.630  1151  1151 I SurfaceFlinger: [Display 0 name="Built-in Screen"#49] setFrameRateCategory: High
04-15 09:53:48.631  1151  1151 I SurfaceFlinger: [ActivityRecord{145905703 u0 com.catfact.app.feature.facts.test/androidx.test.core.app.InstrumentationActivityInvoker$EmptyActivity t3882}#18866] attach to parent LayerHierarchy{RequestedLayerState{Task=3882#18851 parentId=10 z=13} 2 children}
04-15 09:53:48.633 19868 19868 I DecorView: setWindowBackground: isPopOver=false color=ffffffff d=android.graphics.drawable.ColorDrawable@aa6889d
04-15 09:53:48.634 19868 19868 D LifecycleMonitor: Lifecycle status change: androidx.test.core.app.InstrumentationActivityInvoker$EmptyActivity@7e39f6b in: CREATED
04-15 09:53:48.634 19868 19868 V ActivityScenario: Activity lifecycle changed event received but ignored because the intent does not match. startActivityIntent=Intent { act=android.intent.action.MAIN cat=[android.intent.category.LAUNCHER] flg=0x10008000 cmp=com.catfact.app.feature.facts.test/androidx.activity.ComponentActivity }, activity.getIntent()=Intent { act=android.intent.action.MAIN cat=[android.intent.category.LAUNCHER] flg=0x10000000 xflg=0x4 cmp=com.catfact.app.feature.facts.test/androidx.test.core.app.InstrumentationActivityInvoker$EmptyActivity }, activity=androidx.test.core.app.InstrumentationActivityInvoker$EmptyActivity@7e39f6b
04-15 09:53:48.634 19868 19868 D LifecycleMonitor: Lifecycle status change: androidx.test.core.app.InstrumentationActivityInvoker$EmptyActivity@7e39f6b in: STARTED
04-15 09:53:48.634 19868 19868 V ActivityScenario: Activity lifecycle changed event received but ignored because the intent does not match. startActivityIntent=Intent { act=android.intent.action.MAIN cat=[android.intent.category.LAUNCHER] flg=0x10008000 cmp=com.catfact.app.feature.facts.test/androidx.activity.ComponentActivity }, activity.getIntent()=Intent { act=android.intent.action.MAIN cat=[android.intent.category.LAUNCHER] flg=0x10000000 xflg=0x4 cmp=com.catfact.app.feature.facts.test/androidx.test.core.app.InstrumentationActivityInvoker$EmptyActivity }, activity=androidx.test.core.app.InstrumentationActivityInvoker$EmptyActivity@7e39f6b
04-15 09:53:48.635 19868 19868 D LifecycleMonitor: Lifecycle status change: androidx.test.core.app.InstrumentationActivityInvoker$EmptyActivity@7e39f6b in: RESUMED
04-15 09:53:48.635 19868 19868 V ActivityScenario: Activity lifecycle changed event received but ignored because the intent does not match. startActivityIntent=Intent { act=android.intent.action.MAIN cat=[android.intent.category.LAUNCHER] flg=0x10008000 cmp=com.catfact.app.feature.facts.test/androidx.activity.ComponentActivity }, activity.getIntent()=Intent { act=android.intent.action.MAIN cat=[android.intent.category.LAUNCHER] flg=0x10000000 xflg=0x4 cmp=com.catfact.app.feature.facts.test/androidx.test.core.app.InstrumentationActivityInvoker$EmptyActivity }, activity=androidx.test.core.app.InstrumentationActivityInvoker$EmptyActivity@7e39f6b
04-15 09:53:48.636  2461  4179 I HoneySpace.Memory-Monitor: current state = 2, didTrim = false
04-15 09:53:48.636 19868 19868 D ViewRootImpl: desktopMode is false
04-15 09:53:48.636  2000  2125 D StackScroller: onDisplayChanged for predraw skip to 2
04-15 09:53:48.636 19868 19868 I ViewRootImpl: dVRR is disabled
04-15 09:53:48.636 19868 19901 D NativeCustomFrequencyManager: [NativeCFMS] BpCustomFrequencyManager::BpCustomFrequencyManager()
04-15 09:53:48.636  2000  2000 D DisplayLifecycle: updateDisplay id = 0
04-15 09:53:48.638  1542  2475 D InputTransport: Input channel constructed: 'c1bf43b', fd=1041
04-15 09:53:48.638  1542  2475 D InputTransport: Input channel constructed: 'c1bf43b', fd=1433
04-15 09:53:48.638  1542  2475 D InputTransport: Input channel constructed: 'c1bf43b', fd=1437
04-15 09:53:48.638  1542  2475 D InputTransport: Input channel destroyed: 'c1bf43b', fd=1433
04-15 09:53:48.638  1151  1378 I SurfaceFlinger: id=18867 createSurf, flag=84004, c1bf43b com.catfact.app.feature.facts.test/androidx.test.core.app.InstrumentationActivityInvoker$EmptyActivity#18867
04-15 09:53:48.639  1151  1151 I SurfaceFlinger: [LayerHierarchy{RequestedLayerState{ImeContainer#15 parentId=18852 relativeParentId=18852 z=1} 1 children}] RelativeParent to null
04-15 09:53:48.639  1151  1151 I SurfaceFlinger: [c1bf43b com.catfact.app.feature.facts.test/androidx.test.core.app.InstrumentationActivityInvoker$EmptyActivity#18867] attach to parent LayerHierarchy{RequestedLayerState{ActivityRecord{145905703 u0 com.catfact.app.feature.facts.test/androidx.test.core.app.InstrumentationActivityInvoker$EmptyActivity t3882}#18866 parentId=18851} 1 children}
04-15 09:53:48.639  1542  2475 D InputTransport: Input channel destroyed: 'c1bf43b', fd=1437
04-15 09:53:48.639  1151  1151 I BpBinder: onLastStrongRef automatically unlinking death recipients:
04-15 09:53:48.639 19868 19868 D InputTransport: Input channel constructed: 'c1bf43b', fd=147
04-15 09:53:48.639 19868 19868 I InsetsController: onStateChanged: host=com.catfact.app.feature.facts.test/androidx.test.core.app.InstrumentationActivityInvoker$EmptyActivity, from=android.view.ViewRootImpl.onInsetsStateChanged:3026, state=InsetsState: {mDisplayFrame=Rect(0, 0 - 720, 1544), mDisplayCutout=DisplayCutout{insets=Rect(0, 50 - 0, 0) waterfall=Insets{left=0, top=0, right=0, bottom=0} boundingRect={Bounds=[Rect(0, 0 - 0, 0), Rect(341, 0 - 379, 50), Rect(0, 0 - 0, 0), Rect(0, 0 - 0, 0)]} cutoutPathParserInfo={CutoutPathParserInfo{displayWidth=720 displayHeight=1544 physicalDisplayWidth=720 physicalDisplayHeight=1544 density={1.875} cutoutSpec={M 0,0 H -10 V 26.66666666666667 H 10 V 0 H 0 Z @dp} rotation={0} scale={1.0} physicalPixelDisplaySizeRatio={1.0}}} sideOverrides={}}, mRoundedCorners=RoundedCorners{[RoundedCorner{position=TopLeft, radius=8, center=Point(8, 8)}, RoundedCorner{position=TopRight, radius=8, center=Point(712, 8)}, RoundedCorner{position=BottomRight, radius=8, center=Point(712, 1536)}, RoundedCorner{position=BottomLeft, radius=8, center=Point(8, 1536)}]}  mRoundedCornerFrame=Rect(0, 0 - 720, 1544), mPrivacyIndicatorBounds=PrivacyIndicatorBounds {static bounds=Rect(637, 0 - 720, 50) rotation=0}, mDisplayShape=DisplayShape{ spec=-311912193 displayWidth=720 displayHeight=1544 physicalPixelDisplaySizeRatio=0.5 rotation=0 offsetX=0 offsetY=0 scale=1.0}, mSources= { InsetsSource: {ec730001 mType=navigationBars mFrame=[0,1454][720,1544] mVisible=true mFlags= mSideHint=BOTTOM mBoundingRects=null}, InsetsSource: {ec730004 mType=systemGestures mFrame=[0,0][0,0] mVisible=true mFlags= mSideHint=NONE mBoundingRects=null}, InsetsSource: {ec730005 mType=mandatorySystemGestures mFrame=[0,1454][720,1544] mVisible=true mFlags= mSideHint=BOTTOM mBoundingRects=null}, InsetsSource: {ec730006 mType=tappableElement mFrame=[0,1454][720,1544] mVisible=true mFlags= mSideHint=BOTTOM mBoundingRects=null}, InsetsSource: {ec730024 mType=systemGestures mFrame=[0,0][0,0] mVisible=true mFlags= mSideHint=NONE mBoundingRects=null}, InsetsSource: {3 mType=ime mFrame=[0,0][0,0] mVisible=false mFlags= mSideHint=NONE mBoundingRects=null}, InsetsSource: {27 mType=displayCutout mFrame=[0,0][720,50] mVisible=true mFlags= mSideHint=TOP mBoundingRects=null}, InsetsSource: {43950000 mType=statusBars mFrame=[0,0][720,50] mVisible=true mFlags= mSideHint=TOP mBoundingRects=null}, InsetsSource: {43950005 mType=mandatorySystemGestures mFrame=[0,0][720,73] mVisible=true mFlags= mSideHint=TOP mBoundingRects=null}, InsetsSource: {43950006 mType=tappableElement mFrame=[0,0][720,50] mVisible=true mFlags= mSideHint=TOP mBoundingRects=null} }
04-15 09:53:48.640 19868 19868 I VRI[InstrumentationActivityInvoker$EmptyActivity]@fbf0ae0: synced displayState. AttachInfo displayState=2
04-15 09:53:48.640 19868 19868 I VRI[InstrumentationActivityInvoker$EmptyActivity]@fbf0ae0: setView = com.android.internal.policy.DecorView@473583f IsHRR=false mFlingFrameRateChange=0 TM=true
04-15 09:53:48.640 19868 19901 D HWUI    : HWUI - treat SMPTE_170M as sRGB
04-15 09:53:48.640  1151  1338 D SurfaceFlinger: [input] setFocusedWindow: <null>
04-15 09:53:48.640  1542  4235 D InputDispatcher: Once focus requested (0): <null>
04-15 09:53:48.640  1542  4235 D InputDispatcher: Focus request (0): <null> but waiting because NO_WINDOW
04-15 09:53:48.640  1542  4235 D InputDispatcher: Focus left window (0): 277234c com.catfact.app.feature.facts.test/androidx.activity.ComponentActivity
04-15 09:53:48.641  1542  2161 I WindowManager: Relayout Window{c1bf43b u0 com.catfact.app.feature.facts.test/androidx.test.core.app.InstrumentationActivityInvoker$EmptyActivity}: viewVisibility=0 req=720x1544 ty=1 d0
04-15 09:53:48.642  1151  1378 I SurfaceFlinger: id=18868 createSurf, flag=44004, com.catfact.app.feature.facts.test/androidx.test.core.app.InstrumentationActivityInvoker$EmptyActivity$_19868#18868
04-15 09:53:48.643  1542  2161 D SurfaceComposerClient: setCornerRadius ## c1bf43b com.catfact.app.feature.facts.test/androidx.test.core.app.InstrumentationActivityInvoker$EmptyActivity#18867 cornerRadius=0.000000
04-15 09:53:48.643  1542  2161 D SurfaceComposerClient: setCornerRadius ## c1bf43b com.catfact.app.feature.facts.test/androidx.test.core.app.InstrumentationActivityInvoker$EmptyActivity#18867 cornerRadius=0.000000
04-15 09:53:48.644  1151  1378 I SurfaceFlinger: id=18869 createSurf, flag=24000, Surface(name=3edafdc StatusBar)/@0x3b919ed - animation-leash of insets_animation#18869
04-15 09:53:48.645  1151  1378 I SurfaceFlinger: id=18870 createSurf, flag=24000, Surface(name=8c5cec7 NavigationBar0)/@0xa68870 - animation-leash of insets_animation#18870
04-15 09:53:48.646  1542  2161 I SystemKeyManager: requested systemKeyInfo size=1 focusedWindow=com.catfact.app.feature.facts.test/androidx.test.core.app.InstrumentationActivityInvoker$EmptyActivity
04-15 09:53:48.646  1542  2161 I SystemKeyManager: requested systemKeyInfo size=1 focusedWindow=com.catfact.app.feature.facts.test/androidx.test.core.app.InstrumentationActivityInvoker$EmptyActivity
04-15 09:53:48.646  2000  2000 D NavigationBar: onSystemBarAttributesChanged() -  displayId:0, appearance:16, packageName: com.catfact.app.feature.facts.test (APPEARANCE_LIGHT_NAVIGATION_BARS ), navbarColorManagedByIme:false
04-15 09:53:48.646  1542  2161 I WindowManager: Relayout hash=c1bf43b, pid=19868, syncId=-1: mAttrs={(0,0)(fillxfill) sim={adjust=pan forwardNavigation} layoutInDisplayCutoutMode=always ty=BASE_APPLICATION
04-15 09:53:48.646  1542  2161 I WindowManager:   fl=81810100
04-15 09:53:48.646  1542  2161 I WindowManager:   pfl=100088c0
04-15 09:53:48.646  1542  2161 I WindowManager:   bhv=1
04-15 09:53:48.646  1542  2161 I WindowManager:   fitSides=0
04-15 09:53:48.646  1542  2161 I WindowManager:   frameRateBoostOnTouch=true
04-15 09:53:48.646  1542  2161 I WindowManager:   dvrrWindowFrameRateHint=true naviIconColor=0}
04-15 09:53:48.647  1151  1151 I SurfaceFlinger: [com.catfact.app.feature.facts.test/androidx.test.core.app.InstrumentationActivityInvoker$EmptyActivity$_19868#18868] attach to parent LayerHierarchy{RequestedLayerState{c1bf43b com.catfact.app.feature.facts.test/androidx.test.core.app.InstrumentationActivityInvoker$EmptyActivity#18867 parentId=18866} 1 children}
04-15 09:53:48.647  1151  1151 I SurfaceFlinger: [Surface(name=3edafdc StatusBar)/@0x3b919ed - animation-leash of insets_animation#18869] attach to parent LayerHierarchy{RequestedLayerState{WindowToken{7a8fc4f type=2000 android.os.BinderProxy@a9d7329}#94 parentId=17} 2 children}
04-15 09:53:48.647  1151  1151 I SurfaceFlinger: [Surface(name=8c5cec7 NavigationBar0)/@0xa68870 - animation-leash of insets_animation#18870] attach to parent LayerHierarchy{RequestedLayerState{WindowToken{fc018e2 type=2019 android.os.BinderProxy@bda3ac4}#90 parentId=34} 2 children}
04-15 09:53:48.647 19868 19868 I BLASTBufferQueue_Java: new BLASTBufferQueue, mName= VRI[InstrumentationActivityInvoker$EmptyActivity]@fbf0ae0 mNativeObject= 0xb40000741c5f2070 caller= android.view.ViewRootImpl.updateBlastSurfaceIfNeeded:3585 android.view.ViewRootImpl.relayoutWindow:11685 android.view.ViewRootImpl.performTraversals:4804 android.view.ViewRootImpl.doTraversal:3924 android.view.ViewRootImpl$TraversalRunnable.run:12903 android.view.Choreographer$CallbackRecord.run:1901 android.view.Choreographer$CallbackRecord.run:1910 android.view.Choreographer.doCallbacks:1367 android.view.Choreographer.doFrame:1292 android.view.Choreographer$FrameDisplayEventReceiver.run:1870
04-15 09:53:48.647 19868 19868 I BLASTBufferQueue_Java: update, w= 720 h= 1544 mName = VRI[InstrumentationActivityInvoker$EmptyActivity]@fbf0ae0 mNativeObject= 0xb40000741c5f2070 sc.mNativeObject= 0xb40000751c4f2210 format= -1 caller= android.view.ViewRootImpl.updateBlastSurfaceIfNeeded:3590 android.view.ViewRootImpl.relayoutWindow:11685 android.view.ViewRootImpl.performTraversals:4804 android.view.ViewRootImpl.doTraversal:3924 android.view.ViewRootImpl$TraversalRunnable.run:12903 android.view.Choreographer$CallbackRecord.run:1901
04-15 09:53:48.648 19868 19868 I VRI[InstrumentationActivityInvoker$EmptyActivity]@fbf0ae0: Relayout returned: old=(0,0,720,1544) new=(0,0,720,1544) relayoutAsync=false req=(720,1544)0 dur=6 res=0x3 s={true 0xb40000748c537090} ch=true seqId=0
04-15 09:53:48.648 19868 19868 I VRI[InstrumentationActivityInvoker$EmptyActivity]@fbf0ae0: performConfigurationChange setNightDimText nightDimLevel=0
04-15 09:53:48.648 19868 19868 D VRI[InstrumentationActivityInvoker$EmptyActivity]@fbf0ae0: mThreadedRenderer.initialize() mSurface={isValid=true 0xb40000748c537090} hwInitialized=true
04-15 09:53:48.648 19868 19868 D VRI[InstrumentationActivityInvoker$EmptyActivity]@fbf0ae0: reportNextDraw android.view.ViewRootImpl.performTraversals:5443 android.view.ViewRootImpl.doTraversal:3924 android.view.ViewRootImpl$TraversalRunnable.run:12903 android.view.Choreographer$CallbackRecord.run:1901 android.view.Choreographer$CallbackRecord.run:1910
04-15 09:53:48.648 19868 19868 D VRI[InstrumentationActivityInvoker$EmptyActivity]@fbf0ae0: Setup new sync=wmsSync-VRI[InstrumentationActivityInvoker$EmptyActivity]@fbf0ae0#6
04-15 09:53:48.648 19868 19868 I VRI[InstrumentationActivityInvoker$EmptyActivity]@fbf0ae0: Creating new active sync group VRI[InstrumentationActivityInvoker$EmptyActivity]@fbf0ae0#7
04-15 09:53:48.649 19868 19868 D VRI[InstrumentationActivityInvoker$EmptyActivity]@fbf0ae0: registerCallbacksForSync syncBuffer=false
04-15 09:53:48.649 19868 19913 D VRI[InstrumentationActivityInvoker$EmptyActivity]@fbf0ae0: Received frameDrawingCallback syncResult=0 frameNum=1.
04-15 09:53:48.649 19868 19913 I VRI[InstrumentationActivityInvoker$EmptyActivity]@fbf0ae0: mWNT: t=0xb4000074fc51c310 mBlastBufferQueue=0xb40000741c5f2070 fn= 1 HdrRenderState mRenderHdrSdrRatio=1.0 caller= android.view.ViewRootImpl$12.onFrameDraw:15441 android.view.ThreadedRenderer$1.onFrameDraw:718 <bottom of call stack>
04-15 09:53:48.649 19868 19913 I VRI[InstrumentationActivityInvoker$EmptyActivity]@fbf0ae0: Setting up sync and frameCommitCallback
04-15 09:53:48.650 19868 19901 I BLASTBufferQueue: [VRI[InstrumentationActivityInvoker$EmptyActivity]@fbf0ae0#3](f:0,a:0,s:0) onFrameAvailable the first frame is available
04-15 09:53:48.650 19868 19901 I VRI[InstrumentationActivityInvoker$EmptyActivity]@fbf0ae0: Received frameCommittedCallback lastAttemptedDrawFrameNum=1 didProduceBuffer=true
04-15 09:53:48.650  1151  2758 I SurfaceFlinger: [com.catfact.app.feature.facts.test/androidx.test.core.app.InstrumentationActivityInvoker$EmptyActivity$_19868#18868] setTransactionState with the first frame. bufferData(ID: 85332410236940, frameNumber: 1)
04-15 09:53:48.650 19868 19901 D HWUI    : CFMS:: SetUp Pid : 19868    Tid : 19901
04-15 09:53:48.650 19868 19868 D VRI[InstrumentationActivityInvoker$EmptyActivity]@fbf0ae0: reportDrawFinished seqId=0
04-15 09:53:48.651  1542  1585 D SurfaceComposerClient: setCornerRadius ## c1bf43b com.catfact.app.feature.facts.test/androidx.test.core.app.InstrumentationActivityInvoker$EmptyActivity#18867 cornerRadius=0.000000
04-15 09:53:48.651  1542  1585 D SurfaceComposerClient: setCornerRadius ## c1bf43b com.catfact.app.feature.facts.test/androidx.test.core.app.InstrumentationActivityInvoker$EmptyActivity#18867 cornerRadius=0.000000
04-15 09:53:48.651  1542  1585 I SemDvfsHyPerManager: acquire hyper - AMS_RESUME_TAIL/1542@22, type = -999
04-15 09:53:48.651  1542  1585 I SemDvfsHyPerManager: acquire hyper - AMS_ACT_LAZY/1542@23, type = -999
04-15 09:53:48.651  1059  1180 I HYPER-HAL: [RequestManager.cpp]acquire(): Acquired ID : 1223852  [1542 / 22]    HINT : AMS_RESUME_TAIL    list :
04-15 09:53:48.652  1151  2758 I SurfaceFlinger: id=18871 createSurf, flag=84004, Transition Root: ActivityRecord{145905703 u0 com.catfact.app.feature.facts.test/androidx.test.core.app.InstrumentationActivityInvoker$EmptyActivity t3882}#18871
04-15 09:53:48.652  1059  1180 I HYPER-HAL: [RequestManager.cpp]releaseLocked(): Released ID : 1220723
04-15 09:53:48.653  1542  1585 I SurfaceControlRegistry: show, t=StartTransaction_SyncId<1683> sc=ActivityRecord{145905703 u0 com.catfact.app.feature.facts.test/androidx.test.core.app.InstrumentationActivityInvoker$EmptyActivity t3882}, caller=android.view.SurfaceControl$Transaction.show:3557 com.android.server.wm.Transition.onTransactionReady:2048 com.android.server.wm.BLASTSyncEngine$SyncGroup.finishNow:240 com.android.server.wm.BLASTSyncEngine.onSurfacePlacement:263 com.android.server.wm.RootWindowContainer.performSurfacePlacementNoTrace:1083 com.android.server.wm.WindowSurfacePlacer.performSurfacePlacement:166
04-15 09:53:48.653  1542  1585 D SurfaceComposerClient: setCornerRadius ## ActivityRecord{206515900 u0 com.catfact.app.feature.facts.test/androidx.activity.ComponentActivity t3882}#18852 cornerRadius=0.000000
04-15 09:53:48.653  1542  1585 D SurfaceComposerClient: setCornerRadius ## ActivityRecord{145905703 u0 com.catfact.app.feature.facts.test/androidx.test.core.app.InstrumentationActivityInvoker$EmptyActivity t3882}#18866 cornerRadius=0.000000
04-15 09:53:48.654  1542  1585 D ScreenCapture: [Capture_TEST] : setIsScreenShotBySystem false
04-15 09:53:48.654  1542  1581 I ActivityTaskManager: Displayed com.catfact.app.feature.facts.test/androidx.test.core.app.InstrumentationActivityInvoker$EmptyActivity for user 0: +33ms
04-15 09:53:48.654  1542  1585 I SurfaceComposerClient: captureLayers:childrenOnly:1, sync:1
04-15 09:53:48.654  3152  3152 E pageboostd: Received HALT command code 2
04-15 09:53:48.654  2000  2105 I SurfaceControlRegistry: hide, t=FinishTransaction_SyncId<1683> sc=ActivityRecord{206515900 u0 com.catfact.app.feature.facts.test/androidx.activity.ComponentActivity t3882}, caller=android.view.SurfaceControl$Transaction.hide:3583 com.android.wm.shell.transition.Transitions.dispatchReady:1263 com.android.wm.shell.transition.Transitions.onTransitionReady:251 com.android.wm.shell.transition.Transitions$TransitionPlayerImpl$$ExternalSyntheticLambda0.run:13 android.os.Handler.handleCallback:995 android.os.Handler.dispatchMessage:103
04-15 09:53:48.655  2000  2105 I SurfaceControlRegistry: show, t=StartTransaction_SyncId<1683> sc=ActivityRecord{145905703 u0 com.catfact.app.feature.facts.test/androidx.test.core.app.InstrumentationActivityInvoker$EmptyActivity t3882}, caller=android.view.SurfaceControl$Transaction.show:3557 com.android.wm.shell.transition.Transitions.dispatchReady:1279 com.android.wm.shell.transition.Transitions.onTransitionReady:251 com.android.wm.shell.transition.Transitions$TransitionPlayerImpl$$ExternalSyntheticLambda0.run:13 android.os.Handler.handleCallback:995 android.os.Handler.dispatchMessage:103
04-15 09:53:48.655  2000  2105 I SurfaceControlRegistry: show, t=FinishTransaction_SyncId<1683> sc=ActivityRecord{145905703 u0 com.catfact.app.feature.facts.test/androidx.test.core.app.InstrumentationActivityInvoker$EmptyActivity t3882}, caller=android.view.SurfaceControl$Transaction.show:3557 com.android.wm.shell.transition.Transitions.dispatchReady:1330 com.android.wm.shell.transition.Transitions.onTransitionReady:251 com.android.wm.shell.transition.Transitions$TransitionPlayerImpl$$ExternalSyntheticLambda0.run:13 android.os.Handler.handleCallback:995 android.os.Handler.dispatchMessage:103
04-15 09:53:48.655  2000  2105 I SurfaceControlRegistry: show, t=StartTransaction_SyncId<1683> sc=Transition Root: ActivityRecord{145905703 u0 com.catfact.app.feature.facts.test/androidx.test.core.app.InstrumentationActivityInvoker$EmptyActivity t3882}, caller=android.view.SurfaceControl$Transaction.show:3557 com.android.wm.shell.transition.Transitions.playTransition:79 com.android.wm.shell.transition.Transitions.processReadyQueue:239 com.android.wm.shell.transition.Transitions.dispatchReady:1352 com.android.wm.shell.transition.Transitions.onTransitionReady:251 com.android.wm.shell.transition.Transitions$TransitionPlayerImpl$$ExternalSyntheticLambda0.run:13
04-15 09:53:48.655  2000  2105 I SurfaceControlRegistry: apply, t=StartTransaction_SyncId<1683>, caller=android.view.SurfaceControl$Transaction.apply:3459 android.view.SurfaceControl$Transaction.apply:3447 android.view.SurfaceControl$Transaction.apply:3397 com.android.wm.shell.transition.DefaultTransitionHandler.startAnimation:3387 com.android.wm.shell.transition.Transitions.dispatchTransition:90 com.android.wm.shell.transition.Transitions.playTransition:774
04-15 09:53:48.656  2000  2105 I SurfaceControlRegistry: apply, t=FinishTransaction_SyncId<1683>, caller=android.view.SurfaceControl$Transaction.apply:3459 android.view.SurfaceControl$Transaction.apply:3447 android.view.SurfaceControl$Transaction.apply:3397 com.android.wm.shell.transition.Transitions.onFinish:315 com.android.wm.shell.transition.Transitions$$ExternalSyntheticLambda7.onTransitionFinished:12 com.android.wm.shell.transition.DefaultTransitionHandler$$ExternalSyntheticLambda2.run:36
04-15 09:53:48.657  1151  2758 I SurfaceFlinger: Capture layer list: 	 com.catfact.app.feature.facts.test/androidx.activity.ComponentActivity$_19868#18861(seamlessTransition:0)
04-15 09:53:48.657  1151  1151 I SurfaceFlinger: RequestedLayer [ActivityRecord{145905703 u0 com.catf[...]tyInvoker$EmptyActivity t3882}#18866] hidden!! flag  from(1) --> to(0)
04-15 09:53:48.657  1151  1151 E SurfaceFlinger: alpha changed 1.000 -> 0.000 - ActivityRecord{145905703 u0 com.catfact.app.feature.facts.test/androidx.test.core.app.InstrumentationActivityInvoker$EmptyActivity t3882}#18866
04-15 09:53:48.657  1151  1151 I SurfaceFlinger: RequestedLayer [c1bf43b com.catfact.app.feature.fact[...]nActivityInvoker$EmptyActivity#18867] hidden!! flag  from(1) --> to(0)
04-15 09:53:48.657  1151  2758 I CompositionEngine: [setDisplaySize] size=(720, 1544)
04-15 09:53:48.657  1151  1151 I SurfaceFlinger: RequestedLayer [com.catfact.app.feature.facts.test/a[...]tyInvoker$EmptyActivity$_19868#18868] hidden!! flag  from(1) --> to(0)
04-15 09:53:48.657  1151  1151 I SurfaceFlinger: RequestedLayer [Transition Root: ActivityRecord{1459[...]tyInvoker$EmptyActivity t3882}#18871] hidden!! flag  from(1) --> to(0)
04-15 09:53:48.657  1151  1151 I SurfaceFlinger: RequestedLayer [ActivityRecord{206515900 u0 com.catf[...]ivity.ComponentActivity t3882}#18852] hidden!! flag  from(0) --> to(1)
04-15 09:53:48.657  1151  1151 E SurfaceFlinger: alpha changed 0.000 -> 1.000 - ActivityRecord{145905703 u0 com.catfact.app.feature.facts.test/androidx.test.core.app.InstrumentationActivityInvoker$EmptyActivity t3882}#18866
04-15 09:53:48.657  1151  1151 I SurfaceFlinger: [LayerHierarchy{RequestedLayerState{8c5cec7 NavigationBar0#91 parentId=18870} 1 children}] reparent to LayerHierarchy{RequestedLayerState{Surface(name=8c5cec7 NavigationBar0)/@0xa68870 - animation-leash of insets_animation#18870 parentId=90} 1 children}
04-15 09:53:48.657  1151  1151 I SurfaceFlinger: [LayerHierarchy{RequestedLayerState{3edafdc StatusBar#95 parentId=18869} 1 children}] reparent to LayerHierarchy{RequestedLayerState{Surface(name=3edafdc StatusBar)/@0x3b919ed - animation-leash of insets_animation#18869 parentId=94} 1 children}
04-15 09:53:48.657  1151  1151 I SurfaceFlinger: [LayerHierarchy{RequestedLayerState{Surface(name=3edafdc StatusBar)/@0x3b919ed - animation-leash of insets_animation#18862} no children}] reparent to OffscreenRoot
04-15 09:53:48.657  1151  1151 I SurfaceFlinger: [LayerHierarchy{RequestedLayerState{Surface(name=3edafdc StatusBar)/@0x3b919ed - animation-leash of insets_animation#18862} no children}] RelativeParent to null
04-15 09:53:48.657  1151  1151 I SurfaceFlinger: [LayerHierarchy{RequestedLayerState{ActivityRecord{206515900 u0 com.catfact.app.feature.facts.test/androidx.activity.ComponentActivity t3882}#18852 parentId=18851} 3 children}] reparent to LayerHierarchy{RequestedLayerState{Task=3882#18851 parentId=10 z=13} 2 children}
04-15 09:53:48.657  1151  1151 I SurfaceFlinger: [LayerHierarchy{RequestedLayerState{Surface(name=8c5cec7 NavigationBar0)/@0xa68870 - animation-leash of insets_animation#18863} no children}] reparent to OffscreenRoot
04-15 09:53:48.657  1151  1151 I SurfaceFlinger: [LayerHierarchy{RequestedLayerState{Surface(name=8c5cec7 NavigationBar0)/@0xa68870 - animation-leash of insets_animation#18863} no children}] RelativeParent to null
04-15 09:53:48.657  1151  1151 I SurfaceFlinger: [LayerHierarchy{RequestedLayerState{ActivityRecord{145905703 u0 com.catfact.app.feature.facts.test/androidx.test.core.app.InstrumentationActivityInvoker$EmptyActivity t3882}#18866 parentId=18851 z=1} 1 children}] reparent to LayerHierarchy{RequestedLayerState{Task=3882#18851 parentId=10 z=13} 2 children}
04-15 09:53:48.657  1151  1151 I SurfaceFlinger: [Transition Root: ActivityRecord{145905703 u0 com.catfact.app.feature.facts.test/androidx.test.core.app.InstrumentationActivityInvoker$EmptyActivity t3882}#18871] attach to parent OffscreenRoot
04-15 09:53:48.657  1151  1206 D RenderEngine: [SEC_SF_EFFECTS] drawLayersInternal,1494, Rendering layer ScreenCaptureFillLayer at index 0
04-15 09:53:48.657  1151  1206 D RenderEngine: [SEC_SF_EFFECTS] drawLayersInternal,1494, Rendering layer com.catfact.app.feature.facts.test/androidx.activity.ComponentActivity$_19868#18861 at index 1
04-15 09:53:48.659  1542  1585 D SurfaceComposerClient: setCornerRadius ## c1bf43b com.catfact.app.feature.facts.test/androidx.test.core.app.InstrumentationActivityInvoker$EmptyActivity#18867 cornerRadius=0.000000
04-15 09:53:48.659  1542  1585 D SurfaceComposerClient: setCornerRadius ## c1bf43b com.catfact.app.feature.facts.test/androidx.test.core.app.InstrumentationActivityInvoker$EmptyActivity#18867 cornerRadius=0.000000
04-15 09:53:48.659  2000  2000 D NavigationBar: onSystemBarAttributesChanged() -  displayId:0, appearance:0, packageName: com.catfact.app.feature.facts.test, navbarColorManagedByIme:false
04-15 09:53:48.660  2000  2000 D SamsungLightBarControlHelper: updateNavigationBar (WHITE button) isLightOpaque:false, hasLightNavigationBarFlag:false, packageName:com.catfact.app.feature.facts.test, DirectReplying:false, NavBarColorMangedByIme:false, ForceDarkForScrim:false, ForceLightForScrim:false, QsCustomizing:false, QsExpanded:false
04-15 09:53:48.661 19868 19868 I ImeFocusController: onPreWindowFocus: skipped hasWindowFocus=false mHasImeFocus=true
04-15 09:53:48.661 19868 19868 I ImeFocusController: onPostWindowFocus: skipped hasWindowFocus=false mHasImeFocus=true
04-15 09:53:48.661  1151  1151 D SurfaceFlinger: Display 4633128672291735999 HWC layers:
04-15 09:53:48.661  1151  1151 D SurfaceFlinger:        DEVICE |           85332410236940 | 00002102 | RGBA_8888    |    0.0    0.0  720.0 1544.0 |    0    0  720 1544 | com.catfact.app.feature.facts.test/a[...]tyInvoker$EmptyActivity$_19868#18868 (1)
04-15 09:53:48.661  1151  1151 D SurfaceFlinger:        DEVICE |            8589934654694 | 00002100 | RGBA_8888    |    0.0    0.0  720.0   50.0 |    0    0  720   50 | StatusBar$_2000#102 (26501)
04-15 09:53:48.661  1151  1151 D SurfaceFlinger:        DEVICE |           10569914518889 | 00002100 | RGBA_8888    |    0.0    0.0   67.0  353.0 |  653  192  720  545 | com.sec.android.app.launcher/com.sam[...]l.app.CocktailBarService$_2461#16495 (1)
04-15 09:53:48.661  1151  1151 D SurfaceFlinger:        DEVICE |            8589934654692 | 00002100 | RGBA_8888    |    0.0    0.0  720.0   90.0 |    0 1454  720 1544 | NavigationBar0$_2000#98 (17274)
04-15 09:53:48.661  1151  1151 D SurfaceFlinger:
04-15 09:53:48.661  1151  1338 D SurfaceFlinger: [input] setFocusedWindow: c1bf43b com.catfact.app.feature.facts.test/androidx.test.core.app.InstrumentationActivityInvoker$EmptyActivity
04-15 09:53:48.661  1542  2103 D InputDispatcher: Once focus requested (0): c1bf43b com.catfact.app.feature.facts.test/androidx.test.core.app.InstrumentationActivityInvoker$EmptyActivity
04-15 09:53:48.661  1542  2103 D InputDispatcher: Focus request (0): c1bf43b com.catfact.app.feature.facts.test/androidx.test.core.app.InstrumentationActivityInvoker$EmptyActivity but waiting because NO_WINDOW
04-15 09:53:48.661  1542  2298 D InputDispatcher: Focus entered window (0): c1bf43b com.catfact.app.feature.facts.test/androidx.test.core.app.InstrumentationActivityInvoker$EmptyActivity
04-15 09:53:48.662  1151  1200 I SurfaceFlinger: id=18872 createSurf, flag=84000, d210541 ActivityRecordInputSink com.catfact.app.feature.facts.test/androidx.test.core.app.InstrumentationActivityInvoker$EmptyActivity#18872
04-15 09:53:48.663 19868 19960 D ProfileInstaller: Installing profile for com.catfact.app.feature.facts.test
04-15 09:53:48.664  1151  1151 I SurfaceFlinger: [Display 0 name="Built-in Screen"#49] setFrameRateCategory: Default
04-15 09:53:48.664  1151  1151 I SurfaceFlinger: [LayerHierarchy{RequestedLayerState{Transition Root: ActivityRecord{145905703 u0 com.catfact.app.feature.facts.test/androidx.test.core.app.InstrumentationActivityInvoker$EmptyActivity t3882}#18871 z=1} no children}] reparent to OffscreenRoot
04-15 09:53:48.664  1151  1151 I SurfaceFlinger: [LayerHierarchy{RequestedLayerState{Transition Root: ActivityRecord{145905703 u0 com.catfact.app.feature.facts.test/androidx.test.core.app.InstrumentationActivityInvoker$EmptyActivity t3882}#18871 z=1} no children}] RelativeParent to null
04-15 09:53:48.664  1151  1151 I SurfaceFlinger: [d210541 ActivityRecordInputSink com.catfact.app.feature.facts.test/androidx.test.core.app.InstrumentationActivityInvoker$EmptyActivity#18872] attach to parent LayerHierarchy{RequestedLayerState{ActivityRecord{145905703 u0 com.catfact.app.feature.facts.test/androidx.test.core.app.InstrumentationActivityInvoker$EmptyActivity t3882}#18866 parentId=18851 z=1} 2 children}
04-15 09:53:48.665  1151  1151 I SurfaceFlinger: id=18871 Removed Transition Root: ActivityRecord{145905703 u0 com.catfact.app.feature.facts.test/androidx.test.core.app.InstrumentationActivityInvoker$EmptyActivity t3882}#18871 (209)
04-15 09:53:48.667  2000  2105 D ShellDesktopMode: handleRequest: TransitionRequestInfo {type=2, tid=3882, debugId=1684}
04-15 09:53:48.669 19868 19868 I VRI[ComponentActivity]@76b057a: handleAppVisibility mAppVisible = true visible = false
04-15 09:53:48.669 19868 19868 D VRI[ComponentActivity]@76b057a: visibilityChanged oldVisibility=true newVisibility=false
04-15 09:53:48.670 19868 19868 D VRI[InstrumentationActivityInvoker$EmptyActivity]@fbf0ae0: mThreadedRenderer.initializeIfNeeded()#2 mSurface={isValid=true 0xb40000748c537090}
04-15 09:53:48.670 19868 19868 D InputMethodManagerUtils: startInputInner - Id : 0
04-15 09:53:48.670 19868 19868 I InputMethodManager: startInputInner - IInputMethodManagerGlobalInvoker.startInputOrWindowGainedFocus
04-15 09:53:48.671  1542  2472 I WindowManager: Relayout Window{277234c u0 com.catfact.app.feature.facts.test/androidx.activity.ComponentActivity}: viewVisibility=8 req=720x1544 ty=1 d0
04-15 09:53:48.671  2461  4418 I HoneySpace.RecentTasks: onRecentTasksChanged
04-15 09:53:48.672  1542  2472 I WindowManager: Relayout hash=277234c, pid=19868, syncId=-1: mAttrs={(0,0)(fillxfill) sim={adjust=pan forwardNavigation} layoutInDisplayCutoutMode=always ty=BASE_APPLICATION wanim=0x1030317
04-15 09:53:48.672  1542  2472 I WindowManager:   fl=81810100
04-15 09:53:48.672  1542  2472 I WindowManager:   pfl=100088c0
04-15 09:53:48.672  1542  2472 I WindowManager:   apr=210
04-15 09:53:48.672  1542  2472 I WindowManager:   bhv=1
04-15 09:53:48.672  1542  2472 I WindowManager:   fitSides=0
04-15 09:53:48.672  1542  2472 I WindowManager:   frameRateBoostOnTouch=true
04-15 09:53:48.672  1542  2472 I WindowManager:   dvrrWindowFrameRateHint=true naviIconColor=0}
04-15 09:53:48.673  2461  2584 I HoneySpace.TopTaskSource: onTaskMovedToFront : taskId = 3514, displayId = 0
04-15 09:53:48.673  1151  1151 I SurfaceFlinger: [Display 0 name="Built-in Screen"#49] setFrameRateCategory: High
04-15 09:53:48.673  2461  2584 I HoneySpace.TopTaskSource: onTaskMovedToFront : taskId = 3801, displayId = 0
04-15 09:53:48.673  1151  1151 I SurfaceFlinger: destroyed Transition Root: ActivityRecord{145905703 u0 com.catfact.app.feature.facts.test/androidx.test.core.app.InstrumentationActivityInvoker$EmptyActivity t3882}#18871
04-15 09:53:48.673  1151  2758 I SurfaceFlinger: id=18862 Removed Surface(name=3edafdc StatusBar)/@0x3b919ed - animation-leash of insets_animation#18862 (209)
04-15 09:53:48.673  1151  2758 I SurfaceFlinger: id=18863 Removed Surface(name=8c5cec7 NavigationBar0)/@0xa68870 - animation-leash of insets_animation#18863 (209)
04-15 09:53:48.673  2461  2586 I HoneySpace.TopTaskUseCase: topTasks 3801 ComponentInfo{com.google.android.calendar/com.google.android.calendar.allinone.AllInOneCalendarActivity}[displayId=0]
04-15 09:53:48.674 19868 19868 I VRI[ComponentActivity]@76b057a: Relayout returned: old=(0,0,720,1544) new=(0,0,720,1544) relayoutAsync=false req=(720,1544)8 dur=2 res=0x2 s={false 0x0} ch=true seqId=0
04-15 09:53:48.674 19868 19868 D VRI[ComponentActivity]@76b057a: Not drawing due to not visible. Reason=!mAppVisible && !mForceDecorViewVisibility
04-15 09:53:48.674  2000  2125 D StackScroller: onDisplayChanged for predraw skip to 2
04-15 09:53:48.674  2461  4179 I HoneySpace.Memory-Monitor: current state = 2, didTrim = false
04-15 09:53:48.674  2000  2000 D SystemUIService: SYSUI_RAM_OPTIMIZATION onTrimMemory=20
04-15 09:53:48.674 19868 19868 D ConnectivityManager: StackLog: [android.net.ConnectivityManager.unregisterNetworkCallback(ConnectivityManager.java:5575)] [com.catfact.app.core.designsystem.util.ConnectivityObserver$observe$1.invokeSuspend$lambda$1(ConnectivityObserver.kt:43)] [com.catfact.app.core.designsystem.util.ConnectivityObserver$observe$1$$ExternalSyntheticLambda0.invoke(D8$$SyntheticClass:0)] [kotlinx.coroutines.channels.ProduceKt.awaitClose(Produce.kt:69)] [kotlinx.coroutines.channels.ProduceKt$awaitClose$1.invokeSuspend(Unknown Source:13)] [kotlin.coroutines.jvm.internal.BaseContinuationImpl.resumeWith(ContinuationImpl.kt:34)] [androidx.compose.ui.test.ApplyingContinuationInterceptor$SendApplyContinuation.resumeWith(ApplyingContinuationInterceptor.kt:52)] [androidx.compose.ui.test.FrameDeferringContinuationInterceptor$FrameDeferredContinuation.resumeWith(FrameDeferringContinuationInterceptor.jvm.kt:187)] [kotlinx.coroutines.DispatchedTaskKt.resume(DispatchedTask.kt:165)] [kotlinx.coroutines.DispatchedTaskKt.dispatch(DispatchedTask.kt:154)] [kotlinx.coroutines.CancellableContinuationImpl.dispatchResume(CancellableContinuationImpl.kt:470)] [kotlinx.coroutines.CancellableContinuationImpl.cancel(CancellableContinuationImpl.kt:214)] [kotlinx.coroutines.CancellableContinuationImpl.parentCancelled$kotlinx_coroutines_core(CancellableContinuationImpl.kt:221)] [kotlinx.coroutines.ChildContinuation.invoke(CancellableContinuationImpl.kt:698)] [kotlinx.coroutines.JobSupport.notifyCancelling(JobSupport.kt:1604)] [kotlinx.coroutines.JobSupport.tryMakeCancelling(JobSupport.kt:826)] [kotlinx.coroutines.JobSupport.makeCancelling(JobSupport.kt:786)] [kotlinx.coroutines.JobSupport.cancelImpl$kotlinx_coroutines_core(JobSupport.kt:702)] [kotlinx.coroutines.JobSupport.parentCancelled(JobSupport.kt:668)] [kotlinx.coroutines.ChildHandleNode.invoke(JobSupport.kt:1580)] [kotlinx.coroutines.JobSupport.notifyCancelling(JobSupport.kt:1604)] [kotlinx.coroutines.JobSupport.tryMakeCancelling(JobSupport.kt:826)] [kotlinx.coroutines.JobSupport.makeCancelling(JobSupport.kt:786)] [kotlinx.coroutines.JobSupport.cancelImpl$kotlinx_coroutines_core(JobSupport.kt:702)] [kotlinx.coroutines.JobSupport.parentCancelled(JobSupport.kt:668)] [kotlinx.coroutines.ChildHandleNode.invoke(JobSupport.kt:1580)] [kotlinx.coroutines.JobSupport.notifyCancelling(JobSupport.kt:1604)] [kotlinx.coroutines.JobSupport.tryMakeCancelling(JobSupport.kt:826)] [kotlinx.coroutines.JobSupport.makeCancelling(JobSupport.kt:786)] [kotlinx.coroutines.JobSupport.cancelImpl$kotlinx_coroutines_core(JobSupport.kt:702)] [kotlinx.coroutines.JobSupport.parentCancelled(JobSupport.kt:668)] [kotlinx.coroutines.ChildHandleNode.invoke(JobSupport.kt:1580)] [kotlinx.coroutines.JobSupport.notifyCancelling(JobSupport.kt:1604)] [kotlinx.coroutines.JobSupport.tryMakeCancelling(JobSupport.kt:826)] [kotlinx.coroutines.JobSupport.makeCancelling(JobSupport.kt:786)] [kotlinx.coroutines.JobSupport.cancelImpl$kotlinx_coroutines_core(JobSupport.kt:702)] [kotlinx.coroutines.JobSupport.parentCancelled(JobSupport.kt:668)] [kotlinx.coroutines.ChildHandleNode.invoke(JobSupport.kt:1580)] [kotlinx.coroutines.JobSupport.notifyCancelling(JobSupport.kt:1604)] [kotlinx.coroutines.JobSupport.tryMakeCancelling(JobSupport.kt:826)] [kotlinx.coroutines.JobSupport.makeCancelling(JobSupport.kt:786)] [kotlinx.coroutines.JobSupport.cancelImpl$kotlinx_coroutines_core(JobSupport.kt:702)] [kotlinx.coroutines.JobSupport.parentCancelled(JobSupport.kt:668)] [kotlinx.coroutines.ChildHandleNode.invoke(JobSupport.kt:1580)] [kotlinx.coroutines.JobSupport.notifyCancelling(JobSupport.kt:1604)] [kotlinx.coroutines.JobSupport.tryMakeCancelling(JobSupport.kt:826)] [kotlinx.coroutines.JobSupport.makeCancelling(JobSupport.kt:786)] [kotlinx.coroutines.JobSupport.cancelImpl$kotlinx_coroutines_core(JobSupport.kt:702)] [kotlinx.coroutines.JobSupport.cancelInternal(JobSupport.kt:663)] [kotlinx.coroutines.JobSupport.cancel(JobSupport.kt:648)] [kotlinx.coroutines.Job$DefaultImpls.cancel$default(Job.kt:192)] [androidx.lifecycle.RepeatOnLifecycleKt$repeatOnLi
04-15 09:53:48.674  2000  2000 D CentralSurfaces: SYSUI_RAM_OPTIMIZATION onTrimMemory=20
04-15 09:53:48.675  2000  2000 D SystemUIService: SYSUI_RAM_OPTIMIZATION onTrimMemory=20
04-15 09:53:48.675  2000  2000 D CentralSurfaces: SYSUI_RAM_OPTIMIZATION onTrimMemory=20
04-15 09:53:48.675  1151  1151 I Layer   : id=18871 Destroyed Transition Root: ActivityRecord{145905703 u0 com.catfact.app.feature.facts.test/androidx.test.core.app.InstrumentationActivityInvoker$EmptyActivity t3882}#18871
04-15 09:53:48.675  2000  2000 D DisplayLifecycle: updateDisplay id = 0
04-15 09:53:48.675  2000  2196 D HWUI    : CacheManager::trimMemory(20)
04-15 09:53:48.676 19868 19868 I VRI[ComponentActivity]@76b057a: stopped(true) old = false
04-15 09:53:48.676 19868 19868 D VRI[ComponentActivity]@76b057a: WindowStopped on com.catfact.app.feature.facts.test/androidx.activity.ComponentActivity set to true
04-15 09:53:48.676 19868 19868 D LifecycleMonitor: Lifecycle status change: androidx.activity.ComponentActivity@f2e1817 in: STOPPED
04-15 09:53:48.676 19868 19868 V ActivityScenario: Update currentActivityStage to STOPPED, currentActivity=androidx.activity.ComponentActivity@f2e1817
04-15 09:53:48.676  2000  2125 D StackScroller: onDisplayChanged for predraw skip to 2
04-15 09:53:48.677  2000  2000 D DisplayLifecycle: updateDisplay id = 0
04-15 09:53:48.677  2000  2196 D HWUI    : CacheManager::trimMemory(20)
04-15 09:53:48.680  2461  4432 I HoneySpace.Memory-Monitor: current state = 2, didTrim = false
04-15 09:53:48.681  1151  1151 I SurfaceFlinger: RequestedLayer [com.catfact.app.feature.facts.test/a[...]ivity.ComponentActivity$_19868#18861] hidden!! flag  from(0) --> to(1)
04-15 09:53:48.681  1151  1151 I SurfaceFlinger: destroyed Surface(name=3edafdc StatusBar)/@0x3b919ed - animation-leash of insets_animation#18862
04-15 09:53:48.681  1151  1151 I SurfaceFlinger: destroyed Surface(name=8c5cec7 NavigationBar0)/@0xa68870 - animation-leash of insets_animation#18863
04-15 09:53:48.682  1151  1151 I Layer   : id=18862 Destroyed Surface(name=3edafdc StatusBar)/@0x3b919ed - animation-leash of insets_animation#18862
04-15 09:53:48.682  1151  1151 I Layer   : id=18863 Destroyed Surface(name=8c5cec7 NavigationBar0)/@0xa68870 - animation-leash of insets_animation#18863
04-15 09:53:48.685  1542  2475 D InputDispatcher: Focus left window (0): c1bf43b com.catfact.app.feature.facts.test/androidx.test.core.app.InstrumentationActivityInvoker$EmptyActivity
04-15 09:53:48.688 19868 19868 W WindowOnBackDispatcher: sendCancelIfRunning: isInProgress=false callback=android.app.Activity$$ExternalSyntheticLambda0@913ff46
04-15 09:53:48.688 19868 19868 D LifecycleMonitor: Lifecycle status change: androidx.activity.ComponentActivity@f2e1817 in: DESTROYED
04-15 09:53:48.688 19868 19868 V ActivityScenario: Update currentActivityStage to DESTROYED, currentActivity=null
04-15 09:53:48.689 19868 19868 D ViewRootImpl: Skipping stats log for color mode
04-15 09:53:48.689 19868 19868 I VRI[ComponentActivity]@76b057a: dispatchDetachedFromWindow
04-15 09:53:48.689  1542  2475 D InputTransport: Input channel destroyed: '277234c', fd=1434
04-15 09:53:48.689  1151  1151 I BpBinder: onLastStrongRef automatically unlinking death recipients:
04-15 09:53:48.690  1151  1378 I SurfaceFlinger: id=18873 createSurf, flag=24004, Surface(name=1d7a05f InputMethod)/@0x5f77a9d - animation-leash of insets_animation#18873
04-15 09:53:48.691  1542  2475 I ImeTracker: system_server:f307ffd7: onRequestHide at ORIGIN_SERVER reason IME_REQUESTED_CHANGED_LISTENER fromUser false
04-15 09:53:48.692  1542  1584 I ImeTracker: system_server:f307ffd7: onCancelled at PHASE_SERVER_SHOULD_HIDE
04-15 09:53:48.692 19868 19868 D InputTransport: Input channel destroyed: '277234c', fd=128
04-15 09:53:48.693  1151  1378 I SurfaceFlinger: id=18857 Removed 8d3a28e ActivityRecordInputSink com.catfact.app.feature.facts.test/androidx.activity.ComponentActivity#18857 (207)
04-15 09:53:48.694 19868 19868 D LifecycleMonitor: Lifecycle status change: androidx.test.core.app.InstrumentationActivityInvoker$EmptyActivity@7e39f6b in: PAUSED
04-15 09:53:48.694 19868 19868 V ActivityScenario: Activity lifecycle changed event received but ignored because the intent does not match. startActivityIntent=Intent { act=android.intent.action.MAIN cat=[android.intent.category.LAUNCHER] flg=0x10008000 cmp=com.catfact.app.feature.facts.test/androidx.activity.ComponentActivity }, activity.getIntent()=Intent { act=android.intent.action.MAIN cat=[android.intent.category.LAUNCHER] flg=0x10000000 xflg=0x4 cmp=com.catfact.app.feature.facts.test/androidx.test.core.app.InstrumentationActivityInvoker$EmptyActivity }, activity=androidx.test.core.app.InstrumentationActivityInvoker$EmptyActivity@7e39f6b
04-15 09:53:48.694  1542  2298 I SemDvfsHyPerManager: acquire hyper - AMS_ACT_RESUME/1542@19, type = -999
04-15 09:53:48.694  1059  1180 I HYPER-HAL: [RequestManager.cpp]acquire(): Acquired ID : 1219160  [1542 / 19]    HINT : AMS_ACT_RESUME    list :
04-15 09:53:48.696  1542  2298 D InputDispatcher: Focused application(0): ActivityRecord{243114305 u0 com.google.android.calendar/.allinone.AllInOneCalendarActivity t3801}
04-15 09:53:48.696  1542  1825 D AS.MultiSoundManager: mForegroundUid = 10279
04-15 09:53:48.697  1542  2475 D GraphicsStatsService: requestRenderEngineFor(com.google.android.calendar)
04-15 09:53:48.697  2000  2120 D ViewRootImpl: desktopMode is false
04-15 09:53:48.697  2000  2120 I ViewRootImpl: dVRR is disabled
04-15 09:53:48.697  2000  2196 D NativeCustomFrequencyManager: [NativeCFMS] BpCustomFrequencyManager::BpCustomFrequencyManager()
04-15 09:53:48.697 19868 19868 I InsetsSourceConsumer: applyRequestedVisibilityToControl: visible=true, type=statusBars, host=com.catfact.app.feature.facts.test/androidx.test.core.app.InstrumentationActivityInvoker$EmptyActivity
04-15 09:53:48.697  1151  1151 I SurfaceFlinger: [Surface(name=1d7a05f InputMethod)/@0x5f77a9d - animation-leash of insets_animation#18873] attach to parent LayerHierarchy{RequestedLayerState{WindowToken{d080c22 type=2011 android.os.Binder@459a5ed}#120 parentId=15} 2 children}
04-15 09:53:48.698 19868 19868 I InsetsSourceConsumer: applyRequestedVisibilityToControl: visible=true, type=navigationBars, host=com.catfact.app.feature.facts.test/androidx.test.core.app.InstrumentationActivityInvoker$EmptyActivity
04-15 09:53:48.698  1542  1598 W libprocessgroup: SetCgroup::ExecuteForProcess: failed to open /dev/cpuctl/foreground-boost/cgroup.procs: No such file or directory
04-15 09:53:48.699  2461  2584 I HoneySpace.TopTaskSource: onTaskFocusChanged(): taskId = 3801
04-15 09:53:48.700  2000  2000 I {OngoingActivityController}: onTaskFocusChanged but OA data is empty
04-15 09:53:48.700 19868 19868 I ImeFocusController: onPreWindowFocus: skipped hasWindowFocus=false mHasImeFocus=true
04-15 09:53:48.700 19868 19868 I ImeFocusController: onPostWindowFocus: skipped hasWindowFocus=false mHasImeFocus=true
04-15 09:53:48.700  1542  2475 D InputTransport: Input channel constructed: '18f761e', fd=1433
04-15 09:53:48.700  1542  2475 D InputTransport: Input channel constructed: '18f761e', fd=1434
04-15 09:53:48.700  1542  2475 D InputTransport: Input channel constructed: '18f761e', fd=1437
04-15 09:53:48.700  1542  2475 D InputTransport: Input channel destroyed: '18f761e', fd=1434
04-15 09:53:48.701  1151  2479 I SurfaceFlinger: id=18874 createSurf, flag=84004, 18f761e Splash Screen com.google.android.calendar#18874
