04-15 09:53:51.364  1151  1151 I SurfaceFlinger: [Transition Root: Task=3801#18947] attach to parent LayerHierarchy{RequestedLayerState{DefaultTaskDisplayArea_d0#10 parentId=9} 17 children}
04-15 09:53:51.366  2000  2105 I SurfaceControlRegistry: hide, t=FinishTransaction_SyncId<1690> sc=Task=3884, caller=android.view.SurfaceControl$Transaction.hide:3583 com.android.wm.shell.transition.Transitions.dispatchReady:1263 com.android.wm.shell.transition.Transitions.onTransitionReady:251 com.android.wm.shell.transition.Transitions$TransitionPlayerImpl$$ExternalSyntheticLambda0.run:13 android.os.Handler.handleCallback:995 android.os.Handler.dispatchMessage:103
04-15 09:53:51.366  2000  2105 I SurfaceControlRegistry: show, t=StartTransaction_SyncId<1690> sc=Task=3801, caller=android.view.SurfaceControl$Transaction.show:3557 com.android.wm.shell.transition.Transitions.dispatchReady:1279 com.android.wm.shell.transition.Transitions.onTransitionReady:251 com.android.wm.shell.transition.Transitions$TransitionPlayerImpl$$ExternalSyntheticLambda0.run:13 android.os.Handler.handleCallback:995 android.os.Handler.dispatchMessage:103
04-15 09:53:51.366  2000  2105 I SurfaceControlRegistry: show, t=FinishTransaction_SyncId<1690> sc=Task=3801, caller=android.view.SurfaceControl$Transaction.show:3557 com.android.wm.shell.transition.Transitions.dispatchReady:1330 com.android.wm.shell.transition.Transitions.onTransitionReady:251 com.android.wm.shell.transition.Transitions$TransitionPlayerImpl$$ExternalSyntheticLambda0.run:13 android.os.Handler.handleCallback:995 android.os.Handler.dispatchMessage:103
04-15 09:53:51.366  2000  2105 I SurfaceControlRegistry: show, t=StartTransaction_SyncId<1690> sc=Transition Root: Task=3801, caller=android.view.SurfaceControl$Transaction.show:3557 com.android.wm.shell.transition.Transitions.playTransition:79 com.android.wm.shell.transition.Transitions.processReadyQueue:239 com.android.wm.shell.transition.Transitions.dispatchReady:1352 com.android.wm.shell.transition.Transitions.onTransitionReady:251 com.android.wm.shell.transition.Transitions$TransitionPlayerImpl$$ExternalSyntheticLambda0.run:13
04-15 09:53:51.368  1151  1378 I SurfaceFlinger: id=18948 createSurf, flag=20004, DimTransitionLayer for Surface(name=Task=3884)/@0xc95de8c#18948
04-15 09:53:51.368  2000  2105 I SurfaceControlRegistry: show, t=StartTransaction_SyncId<1690> sc=DimTransitionLayer for Surface(name=Task=3884)/@0xc95de8c, caller=android.view.SurfaceControl$Transaction.show:3557 com.android.wm.shell.transition.DefaultTransitionHandler.startAnimation:2931 com.android.wm.shell.transition.Transitions.dispatchTransition:90 com.android.wm.shell.transition.Transitions.playTransition:774 com.android.wm.shell.transition.Transitions.processReadyQueue:239 com.android.wm.shell.transition.Transitions.dispatchReady:1352
04-15 09:53:51.369  2000  2105 I SurfaceControlRegistry: apply, t=StartTransaction_SyncId<1690>, caller=android.view.SurfaceControl$Transaction.apply:3459 android.view.SurfaceControl$Transaction.apply:3447 android.view.SurfaceControl$Transaction.apply:3397 com.android.wm.shell.transition.DefaultTransitionHandler.startAnimation:3387 com.android.wm.shell.transition.Transitions.dispatchTransition:90 com.android.wm.shell.transition.Transitions.playTransition:774
04-15 09:53:51.373  1151  2758 I SurfaceFlinger: Capture layer list: 	 com.catfact.app.feature.facts.test/androidx.test.core.app.InstrumentationActivityInvoker$EmptyActivity$_19868#18940(seamlessTransition:0)
04-15 09:53:51.373  1151  2758 I CompositionEngine: [setDisplaySize] size=(720, 1544)
04-15 09:53:51.373  1151  1151 I SurfaceFlinger: RequestedLayer [1708e0e Splash Screen com.google.android.calendar#18945] hidden!! flag  from(1) --> to(0)
04-15 09:53:51.373  1151  1151 I SurfaceFlinger: RequestedLayer [Splash Screen com.google.android.calendar$_2000#18946] hidden!! flag  from(1) --> to(0)
04-15 09:53:51.373  1151  1151 I SurfaceFlinger: RequestedLayer [Task=3801#16292] hidden!! flag  from(1) --> to(0)
04-15 09:53:51.373  1151  1151 I SurfaceFlinger: RequestedLayer [Transition Root: Task=3801#18947] hidden!! flag  from(1) --> to(0)
04-15 09:53:51.373  1151  1151 I SurfaceFlinger: RequestedLayer [ActivityRecord{243114305 u0 com.goog[...]llInOneCalendarActivity t3801}#16293] hidden!! flag  from(1) --> to(0)
04-15 09:53:51.373  1151  1151 I SurfaceFlinger: RequestedLayer [DimTransitionLayer for Surface(name=Task=3884)/@0xc95de8c#18948] hidden!! flag  from(1) --> to(0)
04-15 09:53:51.373  1151  1151 E SurfaceFlinger: alpha changed 1.000 -> 0.000 - DimTransitionLayer for Surface(name=Task=3884)/@0xc95de8c#18948
04-15 09:53:51.373  3979  3988 I ndroid.calendar: Background concurrent mark compact GC freed 27MB AllocSpace bytes, 2(32KB) LOS objects, 66% free, 19MB/58MB, paused 2.074ms,6.788ms total 282.517ms
04-15 09:53:51.373  1151  1151 E SurfaceFlinger: alpha changed 0.000 -> 0.180 - DimTransitionLayer for Surface(name=Task=3884)/@0xc95de8c#18948
04-15 09:53:51.373  1151  1151 I SurfaceFlinger: [LayerHierarchy{RequestedLayerState{Task=3801#16292 parentId=18947 z=3} 1 children}] reparent to LayerHierarchy{RequestedLayerState{Transition Root: Task=3801#18947 parentId=10 z=13} 1 children}
04-15 09:53:51.373  1151  1151 I SurfaceFlinger: [LayerHierarchy{RequestedLayerState{Task=3884#18923 parentId=18947 z=4} 2 children}] reparent to LayerHierarchy{RequestedLayerState{Transition Root: Task=3801#18947 parentId=10 z=13} 2 children}
04-15 09:53:51.373  1151  1151 I SurfaceFlinger: [DimTransitionLayer for Surface(name=Task=3884)/@0xc95de8c#18948] attach to parent LayerHierarchy{RequestedLayerState{Transition Root: Task=3801#18947 parentId=10 z=13} 3 children}
04-15 09:53:51.373  3979  4808 D HWUI    : CacheManager::trimMemory(20)
04-15 09:53:51.374  1151  1206 D RenderEngine: [SEC_SF_EFFECTS] drawLayersInternal,1494, Rendering layer ScreenCaptureFillLayer at index 0
04-15 09:53:51.374  1151  1206 D RenderEngine: [SEC_SF_EFFECTS] drawLayersInternal,1494, Rendering layer com.catfact.app.feature.facts.test/androidx.test.core.app.InstrumentationActivityInvoker$EmptyActivity$_19868#18940 at index 1
04-15 09:53:51.374  3979  4808 D HWUI    : CacheManager::trimMemory(20)
04-15 09:53:51.379  2000  2000 I {OngoingActivityController}: onTaskFocusChanged but OA data is empty
04-15 09:53:51.380  2461  2584 I HoneySpace.TopTaskSource: onTaskFocusChanged(): taskId = 3801
04-15 09:53:51.382  1542  2161 D SyncManager: userId - 0 auto - true
04-15 09:53:51.384  3723  4249 I [AirCmd]_ActivitySwitchDetector: onTaskFocusChanged : taskId=3801, componentName=ComponentInfo{com.google.android.calendar/com.google.android.calendar.allinone.AllInOneCalendarActivity}
04-15 09:53:51.384  3723  4249 I [AirCmd]_ActivitySwitchDetector: onTaskFocusChanged :mTopMostActivity = ComponentInfo{com.catfact.app.feature.facts.test/androidx.activity.ComponentActivity}
04-15 09:53:51.385  3723  4249 I [AirCmd]_CallbackRepeater: stopRepeat : isWorking=false
04-15 09:53:51.385  3723  4249 I [AirCmd]_MediaControlStateMonitor: isForegroundAppSupportsMediaButton : mediaSession is empty
04-15 09:53:51.385  2461  2461 I HoneySpace.EdgePanel.CocktailHostRepositoryImpl: onNoteResume
04-15 09:53:51.386  2461  2461 I HoneySpace.EdgePanel.EdgePanelContainerViewModel: cocktailHostRepository.edgePanelOperation NoteResumeComponent(componentName=ComponentInfo{com.google.android.calendar/com.google.android.calendar.allinone.AllInOneCalendarActivity})
04-15 09:53:51.386  2461  2461 I HoneySpace.EdgePanel.ActivityUtils: HomePackage : com.sec.android.app.launcher, resumePackageName : com.google.android.calendar, className : com.google.android.calendar.allinone.AllInOneCalendarActivity
04-15 09:53:51.386  3723  4249 E [AirCmd]_MediaControlStateMonitor: getActiveNotificationPackageName : notification service monitor is null
04-15 09:53:51.387  3723  4249 I [AirCmd]_ButtonEventDetectionThread: enableDoubleClickDetection: enabled= true, doubleClickWaitInterval=300
04-15 09:53:51.394  1542  4235 D SyncManager: userId - 0 auto - true
04-15 09:53:51.395  1542  1678 D SyncManager: userId - 0 auto - true
04-15 09:53:51.396  1151  1151 D SurfaceFlinger: Display 4633128672291735999 HWC layers:
04-15 09:53:51.396  1151  1151 D SurfaceFlinger:        DEVICE |            8589934656024 | 00002100 | RGBA_8888    |  219.0    0.0  720.0 1544.0 |    0    0  501 1544 | Splash Screen com.google.android.calendar$_2000#18946 (1)
04-15 09:53:51.396  1151  1151 D SurfaceFlinger:   SOLID_COLOR |                        0 | 00000000 | N/A          |    0.0    0.0    0.0    0.0 |    0    0  720 1544 | DimTransitionLayer for Surface(name=Task=3884)/@0xc95de8c#18948 (0)
04-15 09:53:51.396  1151  1151 D SurfaceFlinger:        DEVICE |           85332410236956 | 00002102 | RGBA_8888    |    0.0    0.0  699.0 1544.0 |   21    0  720 1544 | com.catfact.app.feature.facts.test/a[...]tyInvoker$EmptyActivity$_19868#18940 (1)
04-15 09:53:51.396  1151  1151 D SurfaceFlinger:        DEVICE |            8589934654742 | 00002100 | RGBA_8888    |    0.0    0.0  720.0   50.0 |    0    0  720   50 | StatusBar$_2000#102 (26568)
04-15 09:53:51.396  1151  1151 D SurfaceFlinger:        DEVICE |           10569914518889 | 00002100 | RGBA_8888    |    0.0    0.0   67.0  353.0 |  653  192  720  545 | com.sec.android.app.launcher/com.sam[...]l.app.CocktailBarService$_2461#16495 (1)
04-15 09:53:51.396  1151  1151 D SurfaceFlinger:        DEVICE |            8589934654693 | 00002100 | RGBA_8
04-15 09:53:51.396  1151  1151 D SurfaceFlinger: 888    |    0.0    0.0  720.0   90.0 |    0 1454  720 1544 | NavigationBar0$_2000#98 (17343)
04-15 09:53:51.396  1151  1151 D SurfaceFlinger:
04-15 09:53:51.399  3979  3979 D ViewRootImpl: desktopMode is false
04-15 09:53:51.399  3979  3979 I ViewRootImpl: dVRR is disabled
04-15 09:53:51.399  3979  4808 D NativeCustomFrequencyManager: [NativeCFMS] BpCustomFrequencyManager::BpCustomFrequencyManager()
04-15 09:53:51.401  1542  2476 D InputTransport: Input channel constructed: '9802b6e', fd=1256
04-15 09:53:51.401  1542  2476 D InputTransport: Input channel constructed: '9802b6e', fd=1263
04-15 09:53:51.401  1542  2476 D InputTransport: Input channel constructed: '9802b6e', fd=1274
04-15 09:53:51.401  1542  2476 D InputTransport: Input channel destroyed: '9802b6e', fd=1263
04-15 09:53:51.402  1151  1199 I SurfaceFlinger: id=18949 createSurf, flag=84004, 9802b6e com.google.android.calendar/com.google.android.calendar.allinone.AllInOneCalendarActivity#18949
04-15 09:53:51.403  1542  2476 D InputTransport: Input channel destroyed: '9802b6e', fd=1274
04-15 09:53:51.403  3979  3979 D InputTransport: Input channel constructed: '9802b6e', fd=169
04-15 09:53:51.403  3979  3979 I InsetsController: onStateChanged: host=com.google.android.calendar/com.google.android.calendar.allinone.AllInOneCalendarActivity, from=android.view.ViewRootImpl.onInsetsStateChanged:3026, state=InsetsState: {mDisplayFrame=Rect(0, 0 - 720, 1544), mDisplayCutout=DisplayCutout{insets=Rect(0, 50 - 0, 0) waterfall=Insets{left=0, top=0, right=0, bottom=0} boundingRect={Bounds=[Rect(0, 0 - 0, 0), Rect(341, 0 - 379, 50), Rect(0, 0 - 0, 0), Rect(0, 0 - 0, 0)]} cutoutPathParserInfo={CutoutPathParserInfo{displayWidth=720 displayHeight=1544 physicalDisplayWidth=720 physicalDisplayHeight=1544 density={1.875} cutoutSpec={M 0,0 H -10 V 26.66666666666667 H 10 V 0 H 0 Z @dp} rotation={0} scale={1.0} physicalPixelDisplaySizeRatio={1.0}}} sideOverrides={}}, mRoundedCorners=RoundedCorners{[RoundedCorner{position=TopLeft, radius=8, center=Point(8, 8)}, RoundedCorner{position=TopRight, radius=8, center=Point(712, 8)}, RoundedCorner{position=BottomRight, radius=8, center=Point(712, 1536)}, RoundedCorner{position=BottomLeft, radius=8, center=Point(8, 1536)}]}  mRoundedCornerFrame=Rect(0, 0 - 720, 1544), mPrivacyIndicatorBounds=PrivacyIndicatorBounds {static bounds=Rect(637, 0 - 720, 50) rotation=0}, mDisplayShape=DisplayShape{ spec=-311912193 displayWidth=720 displayHeight=1544 physicalPixelDisplaySizeRatio=0.5 rotation=0 offsetX=0 offsetY=0 scale=1.0}, mSources= { InsetsSource: {ec730001 mType=navigationBars mFrame=[0,1454][720,1544] mVisible=true mFlags= mSideHint=BOTTOM mBoundingRects=null}, InsetsSource: {ec730004 mType=systemGestures mFrame=[0,0][0,0] mVisible=true mFlags= mSideHint=NONE mBoundingRects=null}, InsetsSource: {ec730005 mType=mandatorySystemGestures mFrame=[0,1454][720,1544] mVisible=true mFlags= mSideHint=BOTTOM mBoundingRects=null}, InsetsSource: {ec730006 mType=tappableElement mFrame=[0,1454][720,1544] mVisible=true mFlags= mSideHint=BOTTOM mBoundingRects=null}, InsetsSource: {ec730024 mType=systemGestures mFrame=[0,0][0,0] mVisible=true mFlags= mSideHint=NONE mBoundingRects=null}, InsetsSource: {3 mType=ime mFrame=[0,0][0,0] mVisible=false mFlags= mSideHint=NONE mBoundingRects=null}, InsetsSource: {27 mType=displayCutout mFrame=[0,0][720,50] mVisible=true mFlags= mSideHint=TOP mBoundingRects=null}, InsetsSource: {43950000 mType=statusBars mFrame=[0,0][720,50] mVisible=true mFlags= mSideHint=TOP mBoundingRects=null}, InsetsSource: {43950005 mType=mandatorySystemGestures mFrame=[0,0][720,73] mVisible=true mFlags= mSideHint=TOP mBoundingRects=null}, InsetsSource: {43950006 mType=tappableElement mFrame=[0,0][720,50] mVisible=true mFlags= mSideHint=TOP mBoundingRects=null} }
04-15 09:53:51.405  3979  3979 I VRI[AllInOneCalendarActivity]@89bfaeb: synced displayState. AttachInfo displayState=2
04-15 09:53:51.405  3979  3979 I VRI[AllInOneCalendarActivity]@89bfaeb: setView = com.android.internal.policy.DecorView@710081d IsHRR=false mFlingFrameRateChange=0 TM=true
04-15 09:53:51.406  1151  1151 I SurfaceFlinger: [9802b6e com.google.android.calendar/com.google.android.calendar.allinone.AllInOneCalendarActivity#18949] attach to parent LayerHierarchy{RequestedLayerState{ActivityRecord{243114305 u0 com.google.android.calendar/.allinone.AllInOneCalendarActivity t3801}#16293 parentId=16292} 3 children}
04-15 09:53:51.414  1151  1151 I SurfaceFlinger: RequestedLayer [9802b6e com.google.android.calendar/[...]inone.AllInOneCalendarActivity#18949] hidden!! flag  from(1) --> to(0)
04-15 09:53:51.414  1542  2103 I WindowManager: Relayout Window{9802b6e u0 com.google.android.calendar/com.google.android.calendar.allinone.AllInOneCalendarActivity}: viewVisibility=0 req=720x1544 ty=1 d0
04-15 09:53:51.415  1151  1378 I SurfaceFlinger: id=18950 createSurf, flag=44004, com.google.android.calendar/com.google.android.calendar.allinone.AllInOneCalendarActivity$_3979#18950
04-15 09:53:51.417  1542  2103 D SurfaceComposerClient: setCornerRadius ## 1708e0e Splash Screen com.google.android.calendar#18945 cornerRadius=0.000000
04-15 09:53:51.417  1542  2103 D SurfaceComposerClient: setCornerRadius ## 9802b6e com.google.android.calendar/com.google.android.calendar.allinone.AllInOneCalendarActivity#18949 cornerRadius=0.000000
04-15 09:53:51.417  1151  1378 I SurfaceFlinger: id=18951 createSurf, flag=24000, Surface(name=3edafdc StatusBar)/@0x3b919ed - animation-leash of insets_animation#18951
04-15 09:53:51.419  1151  1378 I SurfaceFlinger: id=18952 createSurf, flag=24000, Surface(name=8c5cec7 NavigationBar0)/@0xa68870 - animation-leash of insets_animation#18952
04-15 09:53:51.420  1542  2103 D SurfaceComposerClient: setCornerRadius ## 1708e0e Splash Screen com.google.android.calendar#18945 cornerRadius=0.000000
04-15 09:53:51.420  1542  2103 D SurfaceComposerClient: setCornerRadius ## 9802b6e com.google.android.calendar/com.google.android.calendar.allinone.AllInOneCalendarActivity#18949 cornerRadius=0.000000
04-15 09:53:51.421  1151  1378 I SurfaceFlinger: id=18953 createSurf, flag=24000, Surface(name=3edafdc StatusBar)/@0x3b919ed - animation-leash of insets_animation#18953
04-15 09:53:51.423  1151  1199 I SurfaceFlinger: id=18954 createSurf, flag=24000, Surface(name=8c5cec7 NavigationBar0)/@0xa68870 - animation-leash of insets_animation#18954
04-15 09:53:51.423  1151  1151 I SurfaceFlinger: [com.google.android.calendar/com.google.android.calendar.allinone.AllInOneCalendarActivity$_3979#18950] attach to parent LayerHierarchy{RequestedLayerState{9802b6e com.google.android.calendar/com.google.android.calendar.allinone.AllInOneCalendarActivity#18949 parentId=16293} 1 children}
04-15 09:53:51.423  1151  1151 I SurfaceFlinger: [Surface(name=3edafdc StatusBar)/@0x3b919ed - animation-leash of insets_animation#18951] attach to parent LayerHierarchy{RequestedLayerState{WindowToken{7a8fc4f type=2000 android.os.BinderProxy@a9d7329}#94 parentId=17} 2 children}
04-15 09:53:51.423  1151  1151 I SurfaceFlinger: [Surface(name=8c5cec7 NavigationBar0)/@0xa68870 - animation-leash of insets_animation#18952] attach to parent LayerHierarchy{RequestedLayerState{WindowToken{fc018e2 type=2019 android.os.BinderProxy@bda3ac4}#90 parentId=34} 2 children}
04-15 09:53:51.423  1151  1151 I SurfaceFlinger: [Surface(name=3edafdc StatusBar)/@0x3b919ed - animation-leash of insets_animation#18953] attach to parent LayerHierarchy{RequestedLayerState{WindowToken{7a8fc4f type=2000 android.os.BinderProxy@a9d7329}#94 parentId=17} 3 children}
04-15 09:53:51.424  1542  2103 I SystemKeyManager: requested systemKeyInfo size=1 focusedWindow=com.google.android.calendar/com.google.android.calendar.allinone.AllInOneCalendarActivity
04-15 09:53:51.424  1542  2103 I SystemKeyManager: requested systemKeyInfo size=1 focusedWindow=com.google.android.calendar/com.google.android.calendar.allinone.AllInOneCalendarActivity
04-15 09:53:51.424  1542  2103 I WindowManager: Relayout hash=9802b6e, pid=3979, syncId=-1: mAttrs={(0,0)(fillxfill) sim={adjust=pan} layoutInDisplayCutoutMode=always ty=BASE_APPLICATION wanim=0x1030317
04-15 09:53:51.424  1542  2103 I WindowManager:   fl=81810100
04-15 09:53:51.424  1542  2103 I WindowManager:   pfl=100088c0
04-15 09:53:51.424  1542  2103 I WindowManager:   vsysui=700
04-15 09:53:51.424  1542  2103 I WindowManager:   bhv=1
04-15 09:53:51.424  1542  2103 I WindowManager:   fitSides=0
04-15 09:53:51.424  1542  2103 I WindowManager:   frameRateBoostOnTouch=true
04-15 09:53:51.424  1542  2103 I WindowManager:   dvrrWindowFrameRateHint=true naviIconColor=0}
04-15 09:53:51.425  3979  3979 I BLASTBufferQueue_Java: new BLASTBufferQueue, mName= VRI[AllInOneCalendarActivity]@89bfaeb mNativeObject= 0xb40000741c571870 caller= android.view.ViewRootImpl.updateBlastSurfaceIfNeeded:3585 android.view.ViewRootImpl.relayoutWindow:11685 android.view.ViewRootImpl.performTraversals:4804 android.view.ViewRootImpl.doTraversal:3924 android.view.ViewRootImpl$TraversalRunnable.run:12903 android.view.Choreographer$CallbackRecord.run:1901 android.view.Choreographer$CallbackRecord.run:1910 android.view.Choreographer.doCallbacks:1367 android.view.Choreographer.doFrame:1292 android.view.Choreographer$FrameDisplayEventReceiver.run:1870
04-15 09:53:51.425  3979  3979 I BLASTBufferQueue_Java: update, w= 720 h= 1544 mName = VRI[AllInOneCalendarActivity]@89bfaeb mNativeObject= 0xb40000741c571870 sc.mNativeObject= 0xb40000751c4f8d50 format= -1 caller= android.view.ViewRootImpl.updateBlastSurfaceIfNeeded:3590 android.view.ViewRootImpl.relayoutWindow:11685 android.view.ViewRootImpl.performTraversals:4804 android.view.ViewRootImpl.doTraversal:3924 android.view.ViewRootImpl$TraversalRunnable.run:12903 android.view.Choreographer$CallbackRecord.run:1901
04-15 09:53:51.426  3979  3979 I VRI[AllInOneCalendarActivity]@89bfaeb: Relayout returned: old=(0,0,720,1544) new=(0,0,720,1544) relayoutAsync=false req=(720,1544)0 dur=11 res=0x3 s={true 0xb40000748c53eae0} ch=true seqId=0
04-15 09:53:51.426  3979  3979 I VRI[AllInOneCalendarActivity]@89bfaeb: performConfigurationChange setNightDimText nightDimLevel=0
04-15 09:53:51.426  3979  3979 D VRI[AllInOneCalendarActivity]@89bfaeb: mThreadedRenderer.initialize() mSurface={isValid=true 0xb40000748c53eae0} hwInitialized=true
04-15 09:53:51.431  1151  1151 I SurfaceFlinger: [LayerHierarchy{RequestedLayerState{8c5cec7 NavigationBar0#91 parentId=18954} 1 children}] reparent to LayerHierarchy{RequestedLayerState{Surface(name=8c5cec7 NavigationBar0)/@0xa68870 - animation-leash of insets_animation#18954 parentId=90} 1 children}
04-15 09:53:51.431  1151  1151 I SurfaceFlinger: [LayerHierarchy{RequestedLayerState{3edafdc StatusBar#95 parentId=18953} 1 children}] reparent to LayerHierarchy{RequestedLayerState{Surface(name=3edafdc StatusBar)/@0x3b919ed - animation-leash of insets_animation#18953 parentId=94} 1 children}
04-15 09:53:51.431  1151  1151 I SurfaceFlinger: [LayerHierarchy{RequestedLayerState{Surface(name=8c5cec7 NavigationBar0)/@0xa68870 - animation-leash of insets_animation#18942} no children}] reparent to OffscreenRoot
04-15 09:53:51.431  1151  1151 I SurfaceFlinger: [LayerHierarchy{RequestedLayerState{Surface(name=8c5cec7 NavigationBar0)/@0xa68870 - animation-leash of insets_animation#18942} no children}] RelativeParent to null
04-15 09:53:51.431  1151  1151 I SurfaceFlinger: [LayerHierarchy{RequestedLayerState{Surface(name=3edafdc StatusBar)/@0x3b919ed - animation-leash of insets_animation#18941} no children}] reparent to OffscreenRoot
04-15 09:53:51.431  1151  1151 I SurfaceFlinger: [LayerHierarchy{RequestedLayerState{Surface(name=3edafdc StatusBar)/@0x3b919ed - animation-leash of insets_animation#18941} no children}] RelativeParent to null
04-15 09:53:51.431  1151  1151 I SurfaceFlinger: [LayerHierarchy{RequestedLayerState{Surface(name=3edafdc StatusBar)/@0x3b919ed - animation-leash of insets_animation#18951} no children}] reparent to OffscreenRoot
04-15 09:53:51.431  1151  1151 I SurfaceFlinger: [LayerHierarchy{RequestedLayerState{Surface(name=3edafdc StatusBar)/@0x3b919ed - animation-leash of insets_animation#18951} no children}] RelativeParent to null
04-15 09:53:51.431  1151  1151 I SurfaceFlinger: [LayerHierarchy{RequestedLayerState{Surface(name=8c5cec7 NavigationBar0)/@0xa68870 - animation-leash of insets_animation#18952} no children}] reparent to OffscreenRoot
04-15 09:53:51.431  1151  1151 I SurfaceFlinger: [LayerHierarchy{RequestedLayerState{Surface(name=8c5cec7 NavigationBar0)/@0xa68870 - animation-leash of insets_animation#18952} no children}] RelativeParent to null
04-15 09:53:51.431  1151  1151 I SurfaceFlinger: [Surface(name=8c5cec7 NavigationBar0)/@0xa68870 - animation-leash of insets_animation#18954] attach to parent LayerHierarchy{RequestedLayerState{WindowToken{fc018e2 type=2019 android.os.BinderProxy@bda3ac4}#90 parentId=34} 1 children}
04-15 09:53:51.432  3979  3979 W View    : requestLayout() improperly called by com.google.android.material.textview.MaterialTextView{8e64a24 V.ED..... ......ID 0,0-194,105 #7f0b01cc app:id/date_picker_text_view} during layout: running second layout pass
04-15 09:53:51.432  3979  3979 D VRI[AllInOneCalendarActivity]@89bfaeb: reportNextDraw android.view.ViewRootImpl.performTraversals:5443 android.view.ViewRootImpl.doTraversal:3924 android.view.ViewRootImpl$TraversalRunnable.run:12903 android.view.Choreographer$CallbackRecord.run:1901 android.view.Choreographer$CallbackRecord.run:1910
04-15 09:53:51.432  3979  3979 D VRI[AllInOneCalendarActivity]@89bfaeb: Canceling draw. cancelDueToPreDrawListener=true cancelDueToSync=false
04-15 09:53:51.433  1542  2472 D SyncManager: userId - 0 auto - true
04-15 09:53:51.434  3979  4808 D HWUI    : HWUI - treat SMPTE_170M as sRGB
04-15 09:53:51.435  1151  1378 I SurfaceFlinger: id=18951 Removed Surface(name=3edafdc StatusBar)/@0x3b919ed - animation-leash of insets_animation#18951 (230)
04-15 09:53:51.435  1151  1378 I SurfaceFlinger: id=18952 Removed Surface(name=8c5cec7 NavigationBar0)/@0xa68870 - animation-leash of insets_animation#18952 (230)
04-15 09:53:51.436  1151  1199 I SurfaceFlinger: id=18941 Removed Surface(name=3edafdc StatusBar)/@0x3b919ed - animation-leash of insets_animation#18941 (230)
04-15 09:53:51.436  1151  1199 I SurfaceFlinger: id=18942 Removed Surface(name=8c5cec7 NavigationBar0)/@0xa68870 - animation-leash of insets_animation#18942 (230)
04-15 09:53:51.436  2000  2120 I VRI[calendar]@36f9ae1: onActiveControlsChanged, removed=false, mAdded=true, caller=android.view.ViewRootImpl.handleInsetsControlChanged:3002 android.view.ViewRootImpl$ViewRootHandler.handleMessageImpl:8352 android.view.ViewRootImpl$ViewRootHandler.handleMessage:8301 android.os.Handler.dispatchMessage:110 android.os.Looper.loopOnce:273
04-15 09:53:51.438  1151  1338 D SurfaceFlinger: [input] setFocusedWindow: 9802b6e com.google.android.calendar/com.google.android.calendar.allinone.AllInOneCalendarActivity
04-15 09:53:51.438  1542  2103 D InputDispatcher: Once focus requested (0): 9802b6e com.google.android.calendar/com.google.android.calendar.allinone.AllInOneCalendarActivity
04-15 09:53:51.438  1542  2103 D InputDispatcher: Focus request (0): 9802b6e com.google.android.calendar/com.google.android.calendar.allinone.AllInOneCalendarActivity but waiting because NO_WINDOW
04-15 09:53:51.439  1151  1151 I SurfaceFlinger: destroyed Surface(name=8c5cec7 NavigationBar0)/@0xa68870 - animation-leash of insets_animation#18942
04-15 09:53:51.439  1151  1151 I SurfaceFlinger: destroyed Surface(name=3edafdc StatusBar)/@0x3b919ed - animation-leash of insets_animation#18941
04-15 09:53:51.439  1151  1151 I SurfaceFlinger: destroyed Surface(name=3edafdc StatusBar)/@0x3b919ed - animation-leash of insets_animation#18951
04-15 09:53:51.439  1151  1151 I SurfaceFlinger: destroyed Surface(name=8c5cec7 NavigationBar0)/@0xa68870 - animation-leash of insets_animation#18952
04-15 09:53:51.441  3963  4335 I SemDvfsHyPerManager: acquire hyper - BaseTABoost/3963@25, type = -999
04-15 09:53:51.441  1059  1180 I HYPER-HAL: [RequestManager.cpp]acquire(): Acquired ID : 7954091  [3963 / 25]    HINT :      list : [TABoost / 1]
04-15 09:53:51.442  1151  1151 I Layer   : id=18942 Destroyed Surface(name=8c5cec7 NavigationBar0)/@0xa68870 - animation-leash of insets_animation#18942
04-15 09:53:51.442  1151  1151 I Layer   : id=18941 Destroyed Surface(name=3edafdc StatusBar)/@0x3b919ed - animation-leash of insets_animation#18941
04-15 09:53:51.442  1151  1151 I Layer   : id=18951 Destroyed Surface(name=3edafdc StatusBar)/@0x3b919ed - animation-leash of insets_animation#18951
04-15 09:53:51.442  1151  1151 I Layer   : id=18952 Destroyed Surface(name=8c5cec7 NavigationBar0)/@0xa68870 - animation-leash of insets_animation#18952
04-15 09:53:51.442  3979  3979 W afzt    : Disc account not the same as selected account.
04-15 09:53:51.442  3979  3979 I InsetsSourceConsumer: applyRequestedVisibilityToControl: visible=true, type=statusBars, host=com.google.android.calendar/com.google.android.calendar.allinone.AllInOneCalendarActivity
04-15 09:53:51.443  3979  3979 I InsetsSourceConsumer: applyRequestedVisibilityToControl: visible=true, type=navigationBars, host=com.google.android.calendar/com.google.android.calendar.allinone.AllInOneCalendarActivity
04-15 09:53:51.443  3979  3979 D WindowLayoutComponentImpl: Register WindowLayoutInfoListener on Context=com.google.android.calendar.allinone.AllInOneCalendarActivity@78df46d, of which baseContext=cal.ym@e84bae4, of which baseContext=android.app.ContextImpl@fcd3b4d
04-15 09:53:51.444  2461  4179 I HoneySpace.RecentTasks: onRecentTasksChanged
04-15 09:53:51.446  3723  4249 I [AirCmd]_ActivitySwitchDetector: onTaskStackChanged : componentName - ComponentInfo{com.google.android.calendar/com.google.android.calendar.allinone.AllInOneCalendarActivity}
04-15 09:53:51.452  3979 18670 I Kumiho-Kumiho: getPackageName: com.google.android.syncadapters.calendar
04-15 09:53:51.453  3979 18670 I Kumiho-Kumiho: getPackageName: com.google.android.syncadapters.calendar
04-15 09:53:51.466  1542  1799 I MdnsReplySender: Sending {MdnsReplyInfo: /192.168.2.254:44064 to /192.168.2.254:44064, answers: 1, additionalAnswers: 0, knownAnswers: 0, sendDelayMs 66}
04-15 09:53:51.469  3979 18669 I Kumiho-Kumiho: getPackageName: com.google.android.syncadapters.calendar
04-15 09:53:51.469  3979 18669 I Kumiho-Kumiho: getPackageName: com.google.android.syncadapters.calendar
04-15 09:53:51.532  1151  1151 E SurfaceFlinger: alpha changed 0.011 -> 0.000 - DimTransitionLayer for Surface(name=Task=3884)/@0xc95de8c#18948
04-15 09:53:51.540  1151  1151 D SurfaceFlinger: Display 4633128672291735999 HWC layers:
04-15 09:53:51.540  1151  1151 D SurfaceFlinger:        DEVICE |            8589934656024 | 00002100 | RGBA_8888    |   40.0    0.0  720.0 1544.0 |    0    0  680 1544 | Splash Screen com.google.android.calendar$_2000#18946 (1)
04-15 09:53:51.540  1151  1151 D SurfaceFlinger:        DEVICE |           85332410236956 | 00002102 | RGBA_8888    |    0.0    0.0  127.0 1544.0 |  593    0  720 1544 | com.catfact.app.feature.facts.test/a[...]tyInvoker$EmptyActivity$_19868#18940 (1)
04-15 09:53:51.540  1151  1151 D SurfaceFlinger:        DEVICE |            8589934654742 | 00002100 | RGBA_8888    |    0.0    0.0  720.0   50.0 |    0    0  720   50 | StatusBar$_2000#102 (26568)
04-15 09:53:51.540  1151  1151 D SurfaceFlinger:        DEVICE |           10569914518889 | 00002100 | RGBA_8888    |    0.0    0.0   67.0  353.0 |  653  192  720  545 | com.sec.android.app.launcher/com.sam[...]l.app.CocktailBarService$_2461#16495 (1)
04-15 09:53:51.540  1151  1151 D SurfaceFlinger:        DEVICE |            8589934654691 | 00002100 | RGBA_8888    |    0.0    0.0  720.0   90.0 |    0 1454  720 1544 | NavigationBar0$_2000#98 (17353)
04-15 09:53:51.540  1151  1151 D SurfaceFlinger:
04-15 09:53:51.567  1059 19992 I HYPER-HAL: [ResourceManager.cpp]removeResource(): [CPULittleMinFreq] RemoveResource Request ID : 1222287
04-15 09:53:51.568  1059 19992 I HYPER-HAL: [RequestManager.cpp]releaseLocked(): Released ID : 1222287
04-15 09:53:51.598  1144  1154 E HeatmapThread: ECT Thread time in milliseconds: 1776239631
04-15 09:53:51.598  1144  1154 D HeatmapThread: !@ batteryplugType : 0
04-15 09:53:51.598  1144  1154 D HeatmapThread: !@ batteryLevel : 0  batteryTemperature : 0
04-15 09:53:51.598  1144  1154 D HeatmapThread: !@ Heatmap currtime: 29603993
04-15 09:53:51.598  1144  1154 D HeatmapThread: !@ Heatmap prevtime: 29603990
04-15 09:53:51.598  1144  1154 D HeatmapThread: !@ Heatmap plugstarttime: 35791394
04-15 09:53:51.598  1144  1154 D HeatmapThread: !@ Heatmap prevv_dsoh_update_time: 29597770
04-15 09:53:51.599  1144  1154 E HeatmapThread: !@Could not open '/efs/FactoryApp/bsoh', errno = 13
04-15 09:53:51.599  1144  1154 E HeatmapThread: !@ CAM Could not access BSOH EFS
04-15 09:53:51.599  1144  1154 E HeatmapThread: !@ CAM New BSOH: 0
04-15 09:53:51.619  1059 19999 I HYPER-HAL: [RequestManager.cpp]releaseLocked(): Released ID : 1223852
04-15 09:53:51.641  3979  3979 D VRI[AllInOneCalendarActivity]@89bfaeb: Setup new sync=wmsSync-VRI[AllInOneCalendarActivity]@89bfaeb#42
04-15 09:53:51.641  3979  3979 I VRI[AllInOneCalendarActivity]@89bfaeb: Creating new active sync group VRI[AllInOneCalendarActivity]@89bfaeb#43
04-15 09:53:51.641  3979  3979 D VRI[AllInOneCalendarActivity]@89bfaeb: Draw frame after cancel
04-15 09:53:51.641  3979  3979 D VRI[AllInOneCalendarActivity]@89bfaeb: registerCallbacksForSync syncBuffer=false
04-15 09:53:51.646  3979  3979 I View    : setRequestedFrameRate frameRate=0.0, this=cal.dfa{1cbf7f0 VFED..... ........ 0,0-720,1544 aid=1073741899}, caller=android.view.ViewGroup.setRequestedFrameRate:9952 cal.vw$$ExternalSyntheticApiModelOutline1.m:28 cal.dgw.a:1 cal.dfa.dispatchDraw:160 android.view.View.draw:26345
04-15 09:53:51.646  3979  3979 I View    : setRequestedFrameRate frameRate=-4.0, this=android.view.View{8cf4959 V.ED..... ......I. 0,0-0,0}, caller=cal.vw$$ExternalSyntheticApiModelOutline1.m:28 cal.dgw.a:1 cal.dfa.dispatchDraw:169 android.view.View.draw:26345 android.view.View.updateDisplayListIfDirty:25175
04-15 09:53:51.647  3979  4869 D VRI[AllInOneCalendarActivity]@89bfaeb: Received frameDrawingCallback syncResult=0 frameNum=1.
04-15 09:53:51.647  3979  4869 I VRI[AllInOneCalendarActivity]@89bfaeb: mWNT: t=0xb4000074fc552c50 mBlastBufferQueue=0xb40000741c571870 fn= 1 HdrRenderState mRenderHdrSdrRatio=1.0 caller= android.view.ViewRootImpl$12.onFrameDraw:15441 android.view.ThreadedRenderer$1.onFrameDraw:718 <bottom of call stack>
04-15 09:53:51.648  3979  4869 I VRI[AllInOneCalendarActivity]@89bfaeb: Setting up sync and frameCommitCallback
04-15 09:53:51.650  3979  4808 I BLASTBufferQueue: [VRI[AllInOneCalendarActivity]@89bfaeb#71](f:0,a:0,s:0) onFrameAvailable the first frame is available
04-15 09:53:51.650  3979  4808 I VRI[AllInOneCalendarActivity]@89bfaeb: Received frameCommittedCallback lastAttemptedDrawFrameNum=1 didProduceBuffer=true
04-15 09:53:51.651  1151  2758 I SurfaceFlinger: [com.google.android.calendar/com.google.android.calendar.allinone.AllInOneCalendarActivity$_3979#18950] setTransactionState with the first frame. bufferData(ID: 17089674871071, frameNumber: 1)
04-15 09:53:51.651  3979  4808 D HWUI    : CFMS:: SetUp Pid : 3979    Tid : 4808
04-15 09:53:51.651  3979  3979 D VRI[AllInOneCalendarActivity]@89bfaeb: reportDrawFinished seqId=0
04-15 09:53:51.652  1542  1585 D SurfaceComposerClient: setCornerRadius ## 1708e0e Splash Screen com.google.android.calendar#18945 cornerRadius=0.000000
04-15 09:53:51.652  1542  1585 D SurfaceComposerClient: setCornerRadius ## 9802b6e com.google.android.calendar/com.google.android.calendar.allinone.AllInOneCalendarActivity#18949 cornerRadius=0.000000
04-15 09:53:51.652  1542  1585 D SurfaceComposerClient: setCornerRadius ## 1708e0e Splash Screen com.google.android.calendar#18945 cornerRadius=0.000000
04-15 09:53:51.653  1151  2758 I SurfaceFlinger: id=18955 createSurf, flag=24000, Surface(name=9802b6e com.google.android.calendar/com.google.android.calendar.allinone.AllInOneCalendarActivity)/@0x4844c1e - animation-leash of starting_reveal#18955
04-15 09:53:51.655  1542  1585 D SurfaceComposerClient: setCornerRadius ## 9802b6e com.google.android.calendar/com.google.android.calendar.allinone.AllInOneCalendarActivity#18949 cornerRadius=0.000000
04-15 09:53:51.656  1542  1585 D SurfaceComposerClient: setCornerRadius ## 1708e0e Splash Screen com.google.android.calendar#18945 cornerRadius=0.000000
04-15 09:53:51.656  1542  1585 D SurfaceComposerClient: setCornerRadius ## 9802b6e com.google.android.calendar/com.google.android.calendar.allinone.AllInOneCalendarActivity#18949 cornerRadius=0.000000
04-15 09:53:51.656  1542  1585 D SurfaceComposerClient: setCornerRadius ## 1708e0e Splash Screen com.google.android.calendar#18945 cornerRadius=0.000000
04-15 09:53:51.656  1542  1585 D SurfaceComposerClient: setCornerRadius ## 9802b6e com.google.android.calendar/com.google.android.calendar.allinone.AllInOneCalendarActivity#18949 cornerRadius=0.000000
04-15 09:53:51.658  1151  1151 I SurfaceFlinger: [Surface(name=9802b6e com.google.android.calendar/com.google.android.calendar.allinone.AllInOneCalendarActivity)/@0x4844c1e - animation-leash of starting_reveal#18955] attach to parent LayerHierarchy{RequestedLayerState{ActivityRecord{243114305 u0 com.google.android.calendar/.allinone.AllInOneCalendarActivity t3801}#16293 parentId=16292} 4 children}
04-15 09:53:51.659  2000  2105 D ShellTaskOrganizer: removeStartingWindow, removalInfo=StartingWindowRemovalInfo{taskId=3801 frame=Rect(0, 0 - 720, 1544) playRevealAnimation=true roundedCornerRadius=0.0 deferRemoveMode=0 windowlessSurface=false removeImmediately=false}
04-15 09:53:51.666  2000  2194 I VRI[calendar]@36f9ae1: mWNT: t=0xb4000074fc75fc50 mBlastBufferQueue=0xb40000741cef9050 fn= 2 HdrRenderState mRenderHdrSdrRatio=1.0 caller= android.view.SyncRtSurfaceTransactionApplier.applyTransaction:100 android.view.SyncRtSurfaceTransactionApplier.lambda$scheduleApply$0:73 android.view.SyncRtSurfaceTransactionApplier.$r8$lambda$afI4fXg3U3-nBZQEDQMiNy-B06s:0
04-15 09:53:51.666  2000  2194 I VRI[calendar]@36f9ae1: mWNT: t=0xb4000074fc6e5990 mBlastBufferQueue=0xb40000741cef9050 fn= 2 HdrRenderState mRenderHdrSdrRatio=1.0 caller= android.view.SyncRtSurfaceTransactionApplier.applyTransaction:100 android.view.SyncRtSurfaceTransactionApplier.lambda$scheduleApply$0:73 android.view.SyncRtSurfaceTransactionApplier.$r8$lambda$afI4fXg3U3-nBZQEDQMiNy-B06s:0
04-15 09:53:51.666  1151  1151 I SurfaceFlinger: RequestedLayer [com.google.android.calendar/com.goog[...]AllInOneCalendarActivity$_3979#18950] hidden!! flag  from(1) --> to(0)
04-15 09:53:51.666  1151  1151 I SurfaceFlinger: [LayerHierarchy{RequestedLayerState{9802b6e com.google.android.calendar/com.google.android.calendar.allinone.AllInOneCalendarActivity#18949 parentId=18955} 1 children}] reparent to LayerHierarchy{RequestedLayerState{Surface(name=9802b6e com.google.android.calendar/com.google.android.calendar.allinone.AllInOneCalendarActivity)/@0x4844c1e - animation-leash of starting_reveal#18955 parentId=16293} 1 children}
04-15 09:53:51.671  1542  1585 D SurfaceComposerClient: setCornerRadius ## 1708e0e Splash Screen com.google.android.calendar#18945 cornerRadius=0.000000
04-15 09:53:51.671  1542  1585 D SurfaceComposerClient: setCornerRadius ## 9802b6e com.google.android.calendar/com.google.android.calendar.allinone.AllInOneCalendarActivity#18949 cornerRadius=0.000000
04-15 09:53:51.673  2000  2195 I VRI[calendar]@36f9ae1: mWNT: t=0xb4000074fc72ec50 mBlastBufferQueue=0xb40000741cef9050 fn= 3 HdrRenderState mRenderHdrSdrRatio=1.0 caller= android.view.SyncRtSurfaceTransactionApplier.applyTransaction:100 android.view.SyncRtSurfaceTransactionApplier.lambda$scheduleApply$0:73 android.view.SyncRtSurfaceTransactionApplier.$r8$lambda$afI4fXg3U3-nBZQEDQMiNy-B06s:0
04-15 09:53:51.675  1151  1151 D SurfaceFlinger: Display 4633128672291735999 HWC layers:
04-15 09:53:51.675  1151  1151 D SurfaceFlinger:        DEVICE |           17089674871070 | 00002102 | RGBA_8888    |    6.0    0.0  720.0 1544.0 |    0    0  714 1544 | com.google.android.calendar/com.goog[...]AllInOneCalendarActivity$_3979#18950 (2)
04-15 09:53:51.675  1151  1151 D SurfaceFlinger:        DEVICE |            8589934656024 | 00002100 | RGBA_8888    |    6.0    0.0  720.0 1544.0 |    0    0  714 1544 | Splash Screen com.google.android.calendar$_2000#18946 (1)
04-15 09:53:51.675  1151  1151 D SurfaceFlinger:        DEVICE |           85332410236956 | 00002102 | RGBA_8888    |    0.0    0.0   19.0 1544.0 |  701    0  720 1544 | com.catfact.app.feature.facts.test/a[...]tyInvoker$EmptyActivity$_19868#18940 (1)
04-15 09:53:51.675  1151  1151 D SurfaceFlinger:        DEVICE |            8589934654742 | 00002100 | RGBA_8888    |    0.0    0.0  720.0   50.0 |    0    0  720   50 | StatusBar$_2000#102 (26568)
04-15 09:53:51.675  1151  1151 D SurfaceFlinger:        DEVICE |           10569914518889 | 00002100 | RGBA_8888    |    0.0    0.0   67.0  353.0 |  653  192  720  545 | com.sec.android.app.launcher/com.sam[...]l.app.CocktailBarService$_2461#16495 (1)
04-15 09:53:51.675  1151  1151 D SurfaceFlinger:        DEVICE |            8589934654691 | 000
04-15 09:53:51.675  1151  1151 D SurfaceFlinger: 02100 | RGBA_8888    |    0.0    0.0  720.0   90.0 |    0 1454  720 1544 | NavigationBar0$_2000#98 (17353)
04-15 09:53:51.675  1151  1151 D SurfaceFlinger:
04-15 09:53:51.675  1542  2103 D InputDispatcher: Focus entered window (0): 9802b6e com.google.android.calendar/com.google.android.calendar.allinone.AllInOneCalendarActivity
04-15 09:53:51.682  2000  2194 I VRI[calendar]@36f9ae1: mWNT: t=0xb4000074fc6cda50 mBlastBufferQueue=0xb40000741cef9050 fn= 4 HdrRenderState mRenderHdrSdrRatio=1.0 caller= android.view.SyncRtSurfaceTransactionApplier.applyTransaction:100 android.view.SyncRtSurfaceTransactionApplier.lambda$scheduleApply$0:73 android.view.SyncRtSurfaceTransactionApplier.$r8$lambda$afI4fXg3U3-nBZQEDQMiNy-B06s:0
04-15 09:53:51.683  3979  3979 D VRI[AllInOneCalendarActivity]@89bfaeb: mThreadedRenderer.initializeIfNeeded()#2 mSurface={isValid=true 0xb40000748c53eae0}
04-15 09:53:51.683  3979  3979 D InputMethodManagerUtils: startInputInner - Id : 0
04-15 09:53:51.684  3979  3979 I InputMethodManager: startInputInner - IInputMethodManagerGlobalInvoker.startInputOrWindowGainedFocus
04-15 09:53:51.685  1542  1750 I ImeTracker: com.google.android.calendar:546ac110: onRequestHide at ORIGIN_SERVER reason HIDE_UNSPECIFIED_WINDOW fromUser false
04-15 09:53:51.685  3979  3979 I InputMethodManager: handleMessage: setImeVisibility visible=false
04-15 09:53:51.685  3979  3979 D InsetsController: hide(ime(), fromIme=false)
04-15 09:53:51.685  3979  3979 I ImeTracker: com.google.android.calendar:546ac110: onCancelled at PHASE_CLIENT_ALREADY_HIDDEN
04-15 09:53:51.686  1542  1750 D InputTransport: Input channel constructed: 'ClientS', fd=1250
04-15 09:53:51.686  1542  1750 D InputTransport: Input channel destroyed: 'ClientS', fd=1250
04-15 09:53:51.686  3979  8486 D InputTransport: Input channel constructed: 'ClientS', fd=214
04-15 09:53:51.686 19868 19868 D InputTransport: Input channel destroyed: 'ClientS', fd=134
04-15 09:53:51.686  3756  3756 I HBD     : HoneyBoardService onFinishInput
04-15 09:53:51.687  1151  2758 I SurfaceFlinger: id=18956 createSurf, flag=24004, Surface(name=1d7a05f InputMethod)/@0x5f77a9d - animation-leash of insets_animation#18956
04-15 09:53:51.687  3756  3756 I HBD     : a IC have been unbinding,  RemoteInputConnection{idHash=#3d8b88d}
04-15 09:53:51.687  3756  3756 I HBD     : HoneyBoardService [PF_CL][onFinishInput]  0 ms
04-15 09:53:51.687  3756  3756 I HBD     : HoneyBoardService [IMI] onStartInput - caller pid : 3979 , caller uid : 10279
04-15 09:53:51.687  3756  3756 I HBD     : k updateConfigs
04-15 09:53:51.687  3756  3756 I HBD     : k isEnabledNightMode : true
04-15 09:53:51.687  3756  3756 I HBD     : a IC have been binding, RemoteInputConnection{idHash=#58fba42}
04-15 09:53:51.687  3756  3756 I HBD     : h [EditorInputType]setPrivateImeOptionsToTable privateImeOptions ( null )
04-15 09:53:51.687  2461  2461 I HoneySpace.EdgePanel.EdgeVisibilityRepository: getComputedTrayVisible : keyguardState = 1
04-15 09:53:51.687  3756  3756 I HBD     : b incognitoMode : false
04-15 09:53:51.687  3756  3756 I HBD     : c needOff = true , isForceOff = false, isNullInputClass : true
04-15 09:53:51.687  2461  2461 I HoneySpace.EdgePanel.EdgeVisibilityRepository: updateTrayVisible: State = 0x1, visible = true, current containerState = 0, specificMode = 0
04-15 09:53:51.687  2461  2461 I HoneySpace.EdgePanel.EdgeVisibilityRepository: Same container state 0
04-15 09:53:51.687  3756  3756 I HBD     : h getDefaultInputRange : UNKNOWN
04-15 09:53:51.687  3756  3756 I HBD     : h getDefaultInputRange : UNKNOWN
04-15 09:53:51.687  3756  3756 I HBD     : h getDefaultInputRange : UNKNOWN
04-15 09:53:51.688  3756  3756 I HBD     : c needOff = true , isForceOff = false, isNullInputClass : true
04-15 09:53:51.688  3756  3756 I HBD     : c update cached prediction status : false
04-15 09:53:51.688  3756  3756 I HBD     : h getDefaultInputRange : UNKNOWN
04-15 09:53:51.688  3756  3756 I HBD     : a currentState : 0
04-15 09:53:51.688  3756  3756 I HBD     : a [UpdatePolicy] [post] a: 0 cl: 65538 kit: [0/0] vt: 0 ir: 1
04-15 09:53:51.688  1542  1678 I ImeTracker: system_server:c3beca4e: onRequestHide at ORIGIN_SERVER reason IME_REQUESTED_CHANGED_LISTENER fromUser false
04-15 09:53:51.689  1542  1584 I ImeTracker: system_server:c3beca4e: onCancelled at PHASE_SERVER_SHOULD_HIDE
04-15 09:53:51.689  3756  3756 I HBD     : a [NRIC] resetNoResponseState
04-15 09:53:51.689  3756  3756 I HBD     : c needOff = true , isForceOff = false, isNullInputClass : true
04-15 09:53:51.689  3756  3756 I HBD     : c update cached prediction status : false
04-15 09:53:51.689  3756  3756 I HBD     : b [AiWriter] setContact : com.google.android.calendar
04-15 09:53:51.689  3756  3756 I HBD     : a [AiWriter] setContact : com.google.android.calendar
04-15 09:53:51.689  1542  1585 D SurfaceComposerClient: setCornerRadius ## 1708e0e Splash Screen com.google.android.calendar#18945 cornerRadius=0.000000
04-15 09:53:51.689  1542  1585 D SurfaceComposerClient: setCornerRadius ## 9802b6e com.google.android.calendar/com.google.android.calendar.allinone.AllInOneCalendarActivity#18949 cornerRadius=0.000000
04-15 09:53:51.689  3756  3756 I HBD     : o0 EBD si S 0
04-15 09:53:51.689  3756  3756 I HBD     : r updateContactDBLanguage : 65538
04-15 09:53:51.690  3756  3756 I HBD     : g isCoverDisplay : false, cached selected json info : SelectedLanguageInfo(languageVersion=4.2, currentLanguageOrder=0, selectedLanguageList=[SelectedLanguage(id=65538, isUsed=true, engName=English, inputType=qwerty, activeOptionList=[auto_replace, auto_spacing, writing_assistant], bilingualId=-1), SelectedLanguage(id=5308416, isUsed=true, engName=Arabic, inputType=qwerty, activeOptionList=[auto_replace, auto_spacing], bilingualId=-1)])
04-15 09:53:51.690  3756  3756 I HBD     : g updateSelectedLanguageCache is succeeded. English
04-15 09:53:51.690  3756  3756 I HBD     : l writeToFile path : /data/user/0/com.samsung.android.honeyboard/files/selected.json
04-15 09:53:51.690  2000  2195 I VRI[calendar]@36f9ae1: mWNT: t=0xb4000074fc68b090 mBlastBufferQueue=0xb40000741cef9050 fn= 5 HdrRenderState mRenderHdrSdrRatio=1.0 caller= android.view.SyncRtSurfaceTransactionApplier.applyTransaction:100 android.view.SyncRtSurfaceTransactionApplier.lambda$scheduleApply$0:73 android.view.SyncRtSurfaceTransactionApplier.$r8$lambda$afI4fXg3U3-nBZQEDQMiNy-B06s:0
04-15 09:53:51.690  3756  3756 I HBD     : l writeToFile json : {"version":"4.2","currentLanguageOrder":0,"selected":[{"activeOptionList":["auto_replace","auto_spacing","writing_assistant"],"bilingualId":-1,"engName":"English","id":65538,"inputType":"qwerty","isUsed":true},{"activeOptionList":["auto_replace","auto_spacing"],"bilingualId":-1,"engName":"Arabic","id":5308416,"inputType":"qwerty","isUsed":true}]}
04-15 09:53:51.693  3756  3756 I HBD     : l writeToFile complete
04-15 09:53:51.693  1151  1151 I SurfaceFlinger: [Surface(name=1d7a05f InputMethod)/@0x5f77a9d - animation-leash of insets_animation#18956] attach to parent LayerHierarchy{RequestedLayerState{WindowToken{d080c22 type=2011 android.os.Binder@459a5ed}#120 parentId=15} 2 children}
04-15 09:53:51.693  3756  3756 I HBD     : g isCoverDisplay : false, cached selected json info : SelectedLanguageInfo(languageVersion=4.2, currentLanguageOrder=0, selectedLanguageList=[SelectedLanguage(id=65538, isUsed=true, engName=English, inputType=qwerty, activeOptionList=[auto_replace, auto_spacing, writing_assistant], bilingualId=-1), SelectedLanguage(id=5308416, isUsed=true, engName=Arabic, inputType=qwerty, activeOptionList=[auto_replace, auto_spacing], bilingualId=-1)])
04-15 09:53:51.693  3756  3756 I HBD     : n updateActionOptionFromPreference isCover = false
04-15 09:53:51.693  3756  3756 I HBD     : n before lang.activeOptionList =  [auto_replace, auto_spacing, writing_assistant]
04-15 09:53:51.695  3756  3756 I HBD     : n after lang.activeOptionList = [auto_replace, auto_spacing, writing_assistant]
04-15 09:53:51.695  3756  3756 I HBD     : l writeToFile path : /data/user/0/com.samsung.android.honeyboard/files/selected.json
04-15 09:53:51.695  3756  3756 I HBD     : l writeToFile json : {"version":"4.2","currentLanguageOrder":0,"selected":[{"activeOptionList":["auto_replace","auto_spacing","writing_assistant"],"bilingualId":-1,"engName":"English","id":65538,"inputType":"qwerty","isUsed":true},{"activeOptionList":["auto_replace","auto_spacing"],"bilingualId":-1,"engName":"Arabic","id":5308416,"inputType":"qwerty","isUsed":true}]}
04-15 09:53:51.696  3756 20004 I HBD     : l Write selected lang for DE
04-15 09:53:51.696  3756 20004 I HBD     : l writeToFile path : /data/user_de/0/com.samsung.android.honeyboard/files/selected.json
04-15 09:53:51.696  3756 20004 I HBD     : l writeToFile json : {"version":"4.2","currentLanguageOrder":0,"selected":[{"activeOptionList":["auto_replace","auto_spacing","writing_assistant"],"bilingualId":-1,"engName":"English","id":65538,"inputType":"qwerty","isUsed":true},{"activeOptionList":["auto_replace","auto_spacing"],"bilingualId":-1,"engName":"Arabic","id":5308416,"inputType":"qwerty","isUsed":true}]}
04-15 09:53:51.696  3756  3756 I HBD     : l writeToFile complete
04-15 09:53:51.696  1151  1151 D SurfaceFlinger: GPIS:: requestGpisForClientComposition
04-15 09:53:51.697  3756  3756 I HBD     : m normal : updateLanguage : English
04-15 09:53:51.697  3756  3756 I HBD     : g isCoverDisplay : false, cached selected json info : SelectedLanguageInfo(languageVersion=4.2, currentLanguageOrder=0, selectedLanguageList=[SelectedLanguage(id=65538, isUsed=true, engName=English, inputType=qwerty, activeOptionList=[auto_replace, auto_spacing, writing_assistant], bilingualId=-1), SelectedLanguage(id=5308416, isUsed=true, engName=Arabic, inputType=qwerty, activeOptionList=[auto_replace, auto_spacing], bilingualId=-1)])
04-15 09:53:51.697  3756  3756 I HBD     : g isCoverDisplay : false, cached selected json info : SelectedLanguageInfo(languageVersion=4.2, currentLanguageOrder=0, selectedLanguageList=[SelectedLanguage(id=65538, isUsed=true, engName=English, inputType=qwerty, activeOptionList=[auto_replace, auto_spacing, writing_assistant], bilingualId=-1), SelectedLanguage(id=5308416, isUsed=true, engName=Arabic, inputType=qwerty, activeOptionList=[auto_replace, auto_spacing], bilingualId=-1)])
04-15 09:53:51.697  3756  3756 I HBD     : n updateActionOptionFromPreference isCover = false
04-15 09:53:51.697  3756  3756 I HBD     : n before lang.activeOptionList =  [auto_replace, auto_spacing, writing_assistant]
04-15 09:53:51.697  3756 20004 I HBD     : l writeToFile complete
04-15 09:53:51.697  3756 20005 I HBD     : l Write selected lang for DE
04-15 09:53:51.697  3756  3756 I HBD     : n after lang.activeOptionList = [auto_replace, auto_spacing, writing_assistant]
04-15 09:53:51.698  3756  3756 I HBD     : l writeToFile path : /data/user/0/com.samsung.android.honeyboard/files/selected.json
