04-15 09:53:06.967 18572 18587 I TestRunner: started: bottomNavigation_displaysFavoritesTab(com.catfact.app.navigation.AppNavigationFlowTest)
04-15 09:53:06.998 18572 18587 I Tracing : Tracer added: class androidx.test.platform.tracing.AndroidXTracer
04-15 09:53:07.006 18572 18587 D IdlingRegistry: Registering idling resources: [androidx.compose.ui.test.EspressoLink@19c667b]
04-15 09:53:07.013 10618 10944 I Routine@Core[4.9.04.13]: AppFunctionsActionHandler: isSupported: supportStatus = SUPPORTED, tag = appfunction://com.samsung.android.support.senl.nt.app.main.appfunction#NoteFunctions_updateNote
04-15 09:53:07.014 18572 18587 W Settings: Setting always_finish_activities has moved from android.provider.Settings.System to android.provider.Settings.Global, returning read-only value.
04-15 09:53:07.016 10618 10944 I Routine@Core[4.9.04.13]: TASKD/ActionTaskAdapterFactoryImpl: getAdapter - metaId=appfunction://com.samsung.android.support.senl.nt.app.main.appfunction#NoteFunctions_findNotes(id=604)
04-15 09:53:07.026  1542  2484 I SemDvfsHyPerManager: acquire hyper - AMS_APP_SWITCH/1542@28, type = -999
04-15 09:53:07.026  1151  1378 I SurfaceFlinger: id=18284 createSurf, flag=24004, Task=3862#18284
04-15 09:53:07.027  1059  1180 I HYPER-HAL: [RequestManager.cpp]acquire(): Acquired ID : 1233263  [1542 / 28]    HINT : AMS_APP_SWITCH    list :
04-15 09:53:07.029  1151  2479 I SurfaceFlinger: id=18285 createSurf, flag=84004, ActivityRecord{39176162 u0 com.catfact.app/.MainActivity t3862}#18285
04-15 09:53:07.029  1059  1180 I HYPER-HAL: [ResourceManager.cpp]updateResource(): [CPULittleMinFreq] UpdateResource Request ID : 1233263    Value : 1824000
04-15 09:53:07.032  1542  2472 I SemDvfsHyPerManager: acquire hyper - AMS_APP_LAUNCH/1542@21, type = -999
04-15 09:53:07.032  2000  2105 D ShellDesktopMode: handleRequest: TransitionRequestInfo {type=1, tid=3862, debugId=1637}
04-15 09:53:07.032  3152  3152 E pageboostd: Received HALT command code 2
04-15 09:53:07.032  1059  1180 I HYPER-HAL: [RequestManager.cpp]acquire(): Acquired ID : 1222287  [1542 / 21]    HINT : AMS_APP_LAUNCH    list :
04-15 09:53:07.032  1059  1180 I HYPER-HAL: [ResourceManager.cpp]updateResource(): [CPULittleMinFreq] UpdateResource Request ID : 1222287    Value : 1824000
04-15 09:53:07.034  3963  3963 I SemDvfsHyPerManager: acquire hyper - APP_START_SHORT/3963@17, type = -999
04-15 09:53:07.035  1059  1180 I HYPER-HAL: [RequestManager.cpp]acquire(): Acquired ID : 7922207  [3963 / 17]    HINT : APP_START    list : [TIMEOUT / 1500]
04-15 09:53:07.035  2000  2120 D ViewRootImpl: desktopMode is false
04-15 09:53:07.035  2000  2120 I ViewRootImpl: dVRR is disabled
04-15 09:53:07.037  1542  2472 D InputDispatcher: Focused application(0): ActivityRecord{39176162 u0 com.catfact.app/.MainActivity t3862}
04-15 09:53:07.038  2000  2196 D NativeCustomFrequencyManager: [NativeCFMS] BpCustomFrequencyManager::BpCustomFrequencyManager()
04-15 09:53:07.038  2461  2584 I HoneySpace.TopTaskSource: onTaskMovedToFront : taskId = 3862, displayId = 0
04-15 09:53:07.038  2461  2586 I HoneySpace.TopTaskUseCase: topTasks 3862 ComponentInfo{com.catfact.app/com.catfact.app.MainActivity}[displayId=0]
04-15 09:53:07.040  1542  1825 D AS.MultiSoundManager: mForegroundUid = 10746
04-15 09:53:07.040  1542  1906 D SemWifiTransportLayerMonitor.TcpMonitorHandler: MSG_SAVE_PACKAGE_INFO
04-15 09:53:07.040  1542  1906 D SemWifiTransportLayerFileManager: saveWifiPackageInfoToFile
04-15 09:53:07.040  1542  1906 D SemWifiTransportLayerFileManager: writeWifiPackageInfoList
04-15 09:53:07.041  1542  4001 D GraphicsStatsService: requestRenderEngineFor(com.catfact.app)
04-15 09:53:07.041 18572 18572 D HWUI    : HWUI - treat SMPTE_170M as sRGB
04-15 09:53:07.041  2461  4418 I HoneySpace.RecentTasks: onRecentTasksChanged
04-15 09:53:07.045  1542  2473 D InputTransport: Input channel constructed: 'c47f151', fd=1322
04-15 09:53:07.045  1542  2473 D InputTransport: Input channel constructed: 'c47f151', fd=1324
04-15 09:53:07.045  1542  2473 D InputTransport: Input channel constructed: 'c47f151', fd=1325
04-15 09:53:07.045  1542  2473 D InputTransport: Input channel destroyed: 'c47f151', fd=1324
04-15 09:53:07.045  1151  2479 I SurfaceFlinger: id=18286 createSurf, flag=84004, c47f151 Splash Screen com.catfact.app#18286
04-15 09:53:07.045 18572 18596 D HWUI    : CacheManager constructor. deviceInfo=(1080, 1920)
04-15 09:53:07.045  1542  1582 D PkgPredictorService-SecIpmManagerServiceImpl: onForegroundActivitiesChanged pid:18572 uid:10746
04-15 09:53:07.045 18572 18596 D vulkan  : searching for layers in '/data/app/~~pxQQzNrPSK848Fivw6vGTQ==/com.catfact.app-HgidAcU9TeSip004HLVK8A==/lib/arm64'
04-15 09:53:07.046 18572 18596 D vulkan  : searching for layers in '/data/app/~~pnepM6cwi3jMdr8-rVezNg==/com.catfact.app.test-o_mQNbuPQnGPq66hi3BClw==/base.apk!/lib/arm64-v8a'
04-15 09:53:07.046 18572 18596 D vulkan  : searching for layers in '/data/app/~~pxQQzNrPSK848Fivw6vGTQ==/com.catfact.app-HgidAcU9TeSip004HLVK8A==/base.apk!/lib/arm64-v8a'
04-15 09:53:07.046 18572 18596 V XGL     : ----------------------------------------------------------------------
04-15 09:53:07.046  1542  1582 D NetworkPolicy: already checked 10746
04-15 09:53:07.046 18572 18596 V XGL     : SUMD version compiled date     = 2025-06-11 14:47 - KST
04-15 09:53:07.046 18572 18596 V XGL     : SUMD version revision number   = 1fc295b0d2
04-15 09:53:07.046 18572 18596 V XGL     : SUMD version info              = Driver version: 24.0.545, git hash: 1fc295b0d2
04-15 09:53:07.046 18572 18596 V XGL     : ----------------------------------------------------------------------
04-15 09:53:07.046 18572 18596 V XGL     : Entering: Create
04-15 09:53:07.047  1218  1218 I CameraService: onUidStateChanged: uid=10048, procState is changed. (0 -> 1)
04-15 09:53:07.046  3963  3963 I SemDvfsHyPerManager: acquire hyper - APP_START/3963@19, type = -999
04-15 09:53:07.047  1059  1180 I HYPER-HAL: [RequestManager.cpp]acquire(): Acquired ID : 7930172  [3963 / 19]    HINT : APP_START    list :
04-15 09:53:07.048  1542  2473 D InputTransport: Input channel destroyed: 'c47f151', fd=1325
04-15 09:53:07.049 18525 18790 I Rubin   : [146] M.c0.k(Unknown Source) : Notify com.samsung.android.rubin.inferenceengine.contextanalytics.engine.loggers.AppUsageLogger's database is updated.
04-15 09:53:07.056 18572 18596 V XGL     : Exiting: Create
04-15 09:53:07.056  2000  2120 D InputTransport: Input channel constructed: 'c47f151', fd=742
04-15 09:53:07.056  2000  2120 I InsetsController: onStateChanged: host=Splash Screen com.catfact.app, from=android.view.ViewRootImpl.onInsetsStateChanged:3026, state=InsetsState: {mDisplayFrame=Rect(0, 0 - 720, 1544), mDisplayCutout=DisplayCutout{insets=Rect(0, 50 - 0, 0) waterfall=Insets{left=0, top=0, right=0, bottom=0} boundingRect={Bounds=[Rect(0, 0 - 0, 0), Rect(341, 0 - 379, 50), Rect(0, 0 - 0, 0), Rect(0, 0 - 0, 0)]} cutoutPathParserInfo={CutoutPathParserInfo{displayWidth=720 displayHeight=1544 physicalDisplayWidth=720 physicalDisplayHeight=1544 density={1.875} cutoutSpec={M 0,0 H -10 V 26.66666666666667 H 10 V 0 H 0 Z @dp} rotation={0} scale={1.0} physicalPixelDisplaySizeRatio={1.0}}} sideOverrides={}}, mRoundedCorners=RoundedCorners{[RoundedCorner{position=TopLeft, radius=8, center=Point(8, 8)}, RoundedCorner{position=TopRight, radius=8, center=Point(712, 8)}, RoundedCorner{position=BottomRight, radius=8, center=Point(712, 1536)}, RoundedCorner{position=BottomLeft, radius=8, center=Point(8, 1536)}]}  mRoundedCornerFrame=Rect(0, 0 - 720, 1544), mPrivacyIndicatorBounds=PrivacyIndicatorBounds {static bounds=Rect(637, 0 - 720, 50) rotation=0}, mDisplayShape=DisplayShape{ spec=-311912193 displayWidth=720 displayHeight=1544 physicalPixelDisplaySizeRatio=0.5 rotation=0 offsetX=0 offsetY=0 scale=1.0}, mSources= { InsetsSource: {ec730001 mType=navigationBars mFrame=[0,1454][720,1544] mVisible=true mFlags= mSideHint=BOTTOM mBoundingRects=null}, InsetsSource: {ec730004 mType=systemGestures mFrame=[0,0][0,0] mVisible=true mFlags= mSideHint=NONE mBoundingRects=null}, InsetsSource: {ec730005 mType=mandatorySystemGestures mFrame=[0,1454][720,1544] mVisible=true mFlags= mSideHint=BOTTOM mBoundingRects=null}, InsetsSource: {ec730006 mType=tappableElement mFrame=[0,1454][720,1544] mVisible=true mFlags= mSideHint=BOTTOM mBoundingRects=null}, InsetsSource: {ec730024 mType=systemGestures mFrame=[0,0][0,0] mVisible=true mFlags= mSideHint=NONE mBoundingRects=null}, InsetsSource: {3 mType=ime mFrame=[0,0][0,0] mVisible=false mFlags= mSideHint=NONE mBoundingRects=null}, InsetsSource: {27 mType=displayCutout mFrame=[0,0][720,50] mVisible=true mFlags= mSideHint=TOP mBoundingRects=null}, InsetsSource: {43950000 mType=statusBars mFrame=[0,0][720,50] mVisible=true mFlags= mSideHint=TOP mBoundingRects=null}, InsetsSource: {43950005 mType=mandatorySystemGestures mFrame=[0,0][720,73] mVisible=true mFlags= mSideHint=TOP mBoundingRects=null}, InsetsSource: {43950006 mType=tappableElement mFrame=[0,0][720,50] mVisible=true mFlags= mSideHint=TOP mBoundingRects=null} }
04-15 09:53:07.056  2000  2120 I VRI[app]@cda25a1: onActiveControlsChanged, removed=false, mAdded=true, caller=android.view.ViewRootImpl.handleInsetsControlChanged:3002 android.view.ViewRootImpl.setView:2014 android.view.WindowManagerGlobal.addView:604 com.android.wm.shell.startingsurface.SplashscreenWindowCreator.addWindow:38 com.android.wm.shell.startingsurface.StartingWindowController$$ExternalSyntheticLambda4.run:1365
04-15 09:53:07.056  2000  2120 I VRI[app]@cda25a1: synced displayState. AttachInfo displayState=2
04-15 09:53:07.056  2000  2120 I VRI[app]@cda25a1: setView = android.widget.FrameLayout@9527add IsHRR=false mFlingFrameRateChange=0 TM=true
04-15 09:53:07.057  2000  2196 D HWUI    : HWUI - treat SMPTE_170M as sRGB
04-15 09:53:07.059  2461  2584 I HoneySpace.TopTaskSource: onTaskFocusChanged(): taskId = 3862
04-15 09:53:07.061  1151  1151 I SurfaceFlinger: [Display 0 name="Built-in Screen"#49] setFrameRateCategory: High
04-15 09:53:07.061  2000  2000 I {OngoingActivityController}: onTaskFocusChanged but OA data is empty
04-15 09:53:07.061  1151  1151 I SurfaceFlinger: [Task=3862#18284] attach to parent LayerHierarchy{RequestedLayerState{DefaultTaskDisplayArea_d0#10 parentId=9} 16 children}
04-15 09:53:07.061  1151  1151 I SurfaceFlinger: [ActivityRecord{39176162 u0 com.catfact.app/.MainActivity t3862}#18285] attach to parent LayerHierarchy{RequestedLayerState{Task=3862#18284 parentId=10} 1 children}
04-15 09:53:07.061  1151  1151 I SurfaceFlinger: [c47f151 Splash Screen com.catfact.app#18286] attach to parent LayerHierarchy{RequestedLayerState{ActivityRecord{39176162 u0 com.catfact.app/.MainActivity t3862}#18285 parentId=18284} 1 children}
04-15 09:53:07.061  1542  2472 I WindowManager: Relayout Window{c47f151 u0 Splash Screen com.catfact.app}: viewVisibility=0 req=720x1544 ty=3 d0
04-15 09:53:07.061  1151  2479 I SurfaceFlinger: id=18287 createSurf, flag=44004, Splash Screen com.catfact.app$_2000#18287
04-15 09:53:07.062  1151  1151 I BpBinder: onLastStrongRef automatically unlinking death recipients:
04-15 09:53:07.062  1542  2472 D SurfaceComposerClient: setCornerRadius ## c47f151 Splash Screen com.catfact.app#18286 cornerRadius=0.000000
04-15 09:53:07.062  1542  2472 D SurfaceComposerClient: setCornerRadius ## c47f151 Splash Screen com.catfact.app#18286 cornerRadius=0.000000
04-15 09:53:07.063  1542  2472 I WindowManager: Relayout hash=c47f151, pid=2000, syncId=-1: mAttrs={(0,0)(fillxfill) sim={adjust=pan} layoutInDisplayCutoutMode=always ty=APPLICATION_STARTING fmt=TRANSLUCENT wanim=0x1030317
04-15 09:53:07.063  1542  2472 I WindowManager:   fl=81030118
04-15 09:53:07.063  1542  2472 I WindowManager:   pfl=10000810
04-15 09:53:07.063  1542  2472 I WindowManager:   bhv=1
04-15 09:53:07.063  1542  2472 I WindowManager:   fitSides=0
04-15 09:53:07.063  1542  2472 I WindowManager:   frameRateBoostOnTouch=true
04-15 09:53:07.063  1542  2472 I WindowManager:   dvrrWindowFrameRateHint=true naviIconColor=0}
04-15 09:53:07.063  1151  1151 D DisplayModeController: setDesiredMode 4633128672291735999 {mode={fps=120.00 Hz, modePtr={id=14, vsyncRate=120.00 Hz, peakRefreshRate=120.00 Hz}}, emitEvent=true, force=false}
04-15 09:53:07.063  1151  1151 I LayerHistory: NavigationBar0$_2000#98 voted ExplicitCategory with category: High
04-15 09:53:07.063  1151  1151 I LayerHistory: com.sec.android.app.launcher/com.samsung.app.honeyspace.edge.edgepanel.app.CocktailBarService$_2461#16495 voted ExplicitCategory with category: High
04-15 09:53:07.063  1151  1151 I LayerHistory: StatusBar$_2000#102 voted ExplicitCategory with category: High
04-15 09:53:07.063  1151  1151 I LayerHistory: com.google.android.calendar/com.google.android.calendar.allinone.AllInOneCalendarActivity$_3979#18273 voted ExplicitCategory with category: High
04-15 09:53:07.063  1151  1151 I SurfaceFlinger: All layers Category Highscored - choose 120.00 Hz
04-15 09:53:07.063  2000  2120 I VRI[app]@cda25a1: onActiveControlsChanged, removed=false, mAdded=true, caller=android.view.ViewRootImpl.handleInsetsControlChanged:3002 android.view.ViewRootImpl.relayoutWindow:11629 android.view.ViewRootImpl.performTraversals:4804 android.view.ViewRootImpl.doTraversal:3924 android.view.ViewRootImpl$TraversalRunnable.run:12903
04-15 09:53:07.064  1151  1151 I HWComposer: [4633128672291735999] ActiveConfigToHWC, ID : 21
04-15 09:53:07.064  3723 15452 I [AirCmd]_ActivitySwitchDetector: onTaskFocusChanged : taskId=3862, componentName=ComponentInfo{com.catfact.app/com.catfact.app.MainActivity}
04-15 09:53:07.064  3723 15452 I [AirCmd]_ActivitySwitchDetector: onTaskFocusChanged :mTopMostActivity = ComponentInfo{com.google.android.calendar/com.google.android.calendar.allinone.AllInOneCalendarActivity}
04-15 09:53:07.064  2461  2461 I HoneySpace.EdgePanel.CocktailHostRepositoryImpl: onNoteResume
04-15 09:53:07.064  2461  2461 I HoneySpace.EdgePanel.EdgePanelContainerViewModel: cocktailHostRepository.edgePanelOperation NoteResumeComponent(componentName=ComponentInfo{com.catfact.app/com.catfact.app.MainActivity})
04-15 09:53:07.065  2461  2461 I HoneySpace.EdgePanel.ActivityUtils: HomePackage : com.sec.android.app.launcher, resumePackageName : com.catfact.app, className : com.catfact.app.MainActivity
04-15 09:53:07.065  3723 15452 I [AirCmd]_CallbackRepeater: stopRepeat : isWorking=false
04-15 09:53:07.065  2000  2120 I BLASTBufferQueue_Java: new BLASTBufferQueue, mName= VRI[app]@cda25a1 mNativeObject= 0xb40000741d269720 caller= android.view.ViewRootImpl.updateBlastSurfaceIfNeeded:3585 android.view.ViewRootImpl.relayoutWindow:11685 android.view.ViewRootImpl.performTraversals:4804 android.view.ViewRootImpl.doTraversal:3924 android.view.ViewRootImpl$TraversalRunnable.run:12903 android.view.Choreographer$CallbackRecord.run:1901 android.view.Choreographer$CallbackRecord.run:1910 android.view.Choreographer.doCallbacks:1367 android.view.Choreographer.doFrame:1292 android.view.Choreographer$FrameDisplayEventReceiver.run:1870
04-15 09:53:07.065  3723 15452 I [AirCmd]_MediaControlStateMonitor: isForegroundAppSupportsMediaButton : mediaSession is empty
04-15 09:53:07.065  2000  2120 I BLASTBufferQueue_Java: update, w= 720 h= 1544 mName = VRI[app]@cda25a1 mNativeObject= 0xb40000741d269720 sc.mNativeObject= 0xb40000751c52b8d0 format= -3 caller= android.view.ViewRootImpl.updateBlastSurfaceIfNeeded:3590 android.view.ViewRootImpl.relayoutWindow:11685 android.view.ViewRootImpl.performTraversals:4804 android.view.ViewRootImpl.doTraversal:3924 android.view.ViewRootImpl$TraversalRunnable.run:12903 android.view.Choreographer$CallbackRecord.run:1901
04-15 09:53:07.066  1047  1047 D display : setActiveConfigWithConstraints:: PrimaryDisplay config(21)
04-15 09:53:07.066  1047  1047 I display : Current VRR MODE is 1
04-15 09:53:07.066  1047  1047 I display : setActiveConfigWithConstraints:: HFR match - config: 21, base: 21, try: 0
04-15 09:53:07.066  1047  1047 I display : setActiveConfigWithConstraints::update 720x1544@120hs
04-15 09:53:07.066  2000  2120 I VRI[app]@cda25a1: Relayout returned: old=(0,0,720,1544) new=(0,0,720,1544) relayoutAsync=false req=(720,1544)0 dur=2 res=0x3 s={true 0xb40000748c7894c0} ch=true seqId=0
04-15 09:53:07.066  1047  1047 I display : commit modeset : 720x1544@120hs
04-15 09:53:07.067  3723 15452 E [AirCmd]_MediaControlStateMonitor: getActiveNotificationPackageName : notification service monitor is null
04-15 09:53:07.067  2000  2120 I VRI[app]@cda25a1: performConfigurationChange setNightDimText nightDimLevel=0
04-15 09:53:07.067  3723 15452 I [AirCmd]_ButtonEventDetectionThread: enableDoubleClickDetection: enabled= true, doubleClickWaitInterval=300
04-15 09:53:07.067 18572 18572 D LifecycleMonitor: Lifecycle status change: com.catfact.app.MainActivity@dff2461 in: PRE_ON_CREATE
04-15 09:53:07.067 18572 18572 V ActivityScenario: Activity lifecycle changed event received but ignored because the reported transition was not ON_CREATE while the last known transition was PRE_ON_CREATE
04-15 09:53:07.069  2000  2120 D VRI[app]@cda25a1: mThreadedRenderer.initialize() mSurface={isValid=true 0xb40000748c7894c0} hwInitialized=true
04-15 09:53:07.069  2000  2120 D VRI[app]@cda25a1: reportNextDraw android.view.ViewRootImpl.performTraversals:5443 android.view.ViewRootImpl.doTraversal:3924 android.view.ViewRootImpl$TraversalRunnable.run:12903 android.view.Choreographer$CallbackRecord.run:1901 android.view.Choreographer$CallbackRecord.run:1910
04-15 09:53:07.069  2000  2120 D VRI[app]@cda25a1: Setup new sync=wmsSync-VRI[app]@cda25a1#40
04-15 09:53:07.069  2000  2120 I VRI[app]@cda25a1: Creating new active sync group VRI[app]@cda25a1#41
04-15 09:53:07.069  2000  2120 D VRI[app]@cda25a1: registerCallbacksForSync syncBuffer=false
04-15 09:53:07.070  2000  2194 D VRI[app]@cda25a1: Received frameDrawingCallback syncResult=0 frameNum=1.
04-15 09:53:07.070  2000  2194 I VRI[app]@cda25a1: mWNT: t=0xb4000074fc702950 mBlastBufferQueue=0xb40000741d269720 fn= 1 HdrRenderState mRenderHdrSdrRatio=1.0 caller= android.view.ViewRootImpl$12.onFrameDraw:15441 android.view.ThreadedRenderer$1.onFrameDraw:718 <bottom of call stack>
04-15 09:53:07.070  2000  2194 I VRI[app]@cda25a1: Setting up sync and frameCommitCallback
04-15 09:53:07.071 10618 10944 I Routine@Core[4.9.04.13]: AppFunctionsActionHandler: isSupported: supportStatus = SUPPORTED, tag = appfunction://com.samsung.android.support.senl.nt.app.main.appfunction#NoteFunctions_findNotes
04-15 09:53:07.071  2000  2196 I BLASTBufferQueue: [VRI[app]@cda25a1#822](f:0,a:0,s:0) onFrameAvailable the first frame is available
04-15 09:53:07.071  2000  2196 I VRI[app]@cda25a1: Received frameCommittedCallback lastAttemptedDrawFrameNum=1 didProduceBuffer=true
04-15 09:53:07.071  1151  1200 I SurfaceFlinger: [Splash Screen com.catfact.app$_2000#18287] setTransactionState with the first frame. bufferData(ID: 8589934655664, frameNumber: 1)
04-15 09:53:07.071  2000  2196 D HWUI    : CFMS:: SetUp Pid : 2000    Tid : 2196
04-15 09:53:07.071  2000  2120 D VRI[app]@cda25a1: reportDrawFinished seqId=0
04-15 09:53:07.072  1542  1585 D SurfaceComposerClient: setCornerRadius ## c47f151 Splash Screen com.catfact.app#18286 cornerRadius=0.000000
04-15 09:53:07.072  1542  1585 D SurfaceComposerClient: setCornerRadius ## c47f151 Splash Screen com.catfact.app#18286 cornerRadius=0.000000
04-15 09:53:07.073  1151  1200 I SurfaceFlinger: id=18288 createSurf, flag=84004, Transition Root: Task=3862#18288
04-15 09:53:07.073 10618 10944 I Routine@Core[4.9.04.13]: TASKD/ActionTaskAdapterFactoryImpl: getAdapter - metaId=appfunction://com.samsung.android.app.reminder.data.crossappactions#TaskFunctions_updateTask(id=605)
04-15 09:53:07.075  1542  1585 I SurfaceControlRegistry: show, t=StartTransaction_SyncId<1637> sc=ActivityRecord{39176162 u0 com.catfact.app/.MainActivity t3862}, caller=android.view.SurfaceControl$Transaction.show:3557 com.android.server.wm.Transition.onTransactionReady:2048 com.android.server.wm.BLASTSyncEngine$SyncGroup.finishNow:240 com.android.server.wm.BLASTSyncEngine.onSurfacePlacement:263 com.android.server.wm.RootWindowContainer.performSurfacePlacementNoTrace:1083 com.android.server.wm.WindowSurfacePlacer.performSurfacePlacement:166
04-15 09:53:07.075  1542  1585 D SurfaceComposerClient: setCornerRadius ## Task=3801#16292 cornerRadius=0.000000
04-15 09:53:07.075  1542  1585 D SurfaceComposerClient: setCornerRadius ## Task=3862#18284 cornerRadius=0.000000
04-15 09:53:07.077  1542  1585 D ScreenCapture: [Capture_TEST] : setIsScreenShotBySystem false
04-15 09:53:07.077  1542  1585 I SurfaceComposerClient: captureLayers:childrenOnly:1, sync:1
04-15 09:53:07.078  2000  2105 I SurfaceControlRegistry: hide, t=FinishTransaction_SyncId<1637> sc=Task=3801, caller=android.view.SurfaceControl$Transaction.hide:3583 com.android.wm.shell.transition.Transitions.dispatchReady:1263 com.android.wm.shell.transition.Transitions.onTransitionReady:251 com.android.wm.shell.transition.Transitions$TransitionPlayerImpl$$ExternalSyntheticLambda0.run:13 android.os.Handler.handleCallback:995 android.os.Handler.dispatchMessage:103
04-15 09:53:07.078  2000  2105 I SurfaceControlRegistry: show, t=StartTransaction_SyncId<1637> sc=Task=3862, caller=android.view.SurfaceControl$Transaction.show:3557 com.android.wm.shell.transition.Transitions.dispatchReady:1279 com.android.wm.shell.transition.Transitions.onTransitionReady:251 com.android.wm.shell.transition.Transitions$TransitionPlayerImpl$$ExternalSyntheticLambda0.run:13 android.os.Handler.handleCallback:995 android.os.Handler.dispatchMessage:103
04-15 09:53:07.078  2000  2105 I SurfaceControlRegistry: show, t=FinishTransaction_SyncId<1637> sc=Task=3862, caller=android.view.SurfaceControl$Transaction.show:3557 com.android.wm.shell.transition.Transitions.dispatchReady:1330 com.android.wm.shell.transition.Transitions.onTransitionReady:251 com.android.wm.shell.transition.Transitions$TransitionPlayerImpl$$ExternalSyntheticLambda0.run:13 android.os.Handler.handleCallback:995 android.os.Handler.dispatchMessage:103
04-15 09:53:07.078  2000  2105 I SurfaceControlRegistry: show, t=StartTransaction_SyncId<1637> sc=Transition Root: Task=3862, caller=android.view.SurfaceControl$Transaction.show:3557 com.android.wm.shell.transition.Transitions.playTransition:79 com.android.wm.shell.transition.Transitions.processReadyQueue:239 com.android.wm.shell.transition.Transitions.dispatchReady:1352 com.android.wm.shell.transition.Transitions.onTransitionReady:251 com.android.wm.shell.transition.Transitions$TransitionPlayerImpl$$ExternalSyntheticLambda0.run:13
04-15 09:53:07.085  1047  1047 W display : deliverWinConfigData:: commit modeset time (19 ms)
04-15 09:53:07.086  1047  1137 I display : [compareVsyncPeriod] set the lowest(mode:0) vsync 83 of display(0)
04-15 09:53:07.086  1047  1137 I display : getFpsForPerformance, performance table found using table(key:120, cpu:255)
04-15 09:53:07.086  1047  1137 I display : Set m2mMPP capacity(4) for fps(120)
04-15 09:53:07.086  1047  1137 I display : getFpsForPerformance, performance table found using table(key:120, cpu:255)
04-15 09:53:07.086  1047  1137 I display : Set Affinity config for fps(120) : cpuIDs : 255
04-15 09:53:07.086  1047  1137 I display : Set Affinity CPU ID : 0
04-15 09:53:07.086  1047  1137 I display : Set Affinity CPU ID : 1
04-15 09:53:07.086  1047  1137 I display : Set Affinity CPU ID : 2
04-15 09:53:07.086  1047  1137 I display : Set Affinity CPU ID : 3
04-15 09:53:07.086  1047  1137 I display : Set Affinity CPU ID : 4
04-15 09:53:07.086  1047  1137 I display : Set Affinity CPU ID : 5
04-15 09:53:07.086  1047  1137 I display : Set Affinity CPU ID : 6
04-15 09:53:07.086  1047  1137 I display : Set Affinity CPU ID : 7
04-15 09:53:07.086  1047  1137 I display : Set affinity HWC : 1047
04-15 09:53:07.086  1047  1137 I display : CPU set : Cluster(0), min_clock(0)
04-15 09:53:07.086  1047  1137 I display : CPU set : Cluster(1), min_clock(0)
04-15 09:53:07.086  1047  1137 I display : CPU set : Cluster(2), min_clock(0)
04-15 09:53:07.087 18572 18572 D CompatChangeReporter: Compat change id reported: 377864165; UID 10746; state: ENABLED
04-15 09:53:07.089 18572 18572 D DesktopModeFlags: Toggle override initialized to: OVERRIDE_UNSET
04-15 09:53:07.090  1151  1200 I SurfaceFlinger: Capture layer list: 	 com.google.android.calendar/com.google.android.calendar.allinone.AllInOneCalendarActivity$_3979#18273(seamlessTransition:0)
04-15 09:53:07.090  1151  1200 I CompositionEngine: [setDisplaySize] size=(720, 1544)
04-15 09:53:07.091  1151  1206 D RenderEngine: [SEC_SF_EFFECTS] drawLayersInternal,1494, Rendering layer ScreenCaptureFillLayer at index 0
04-15 09:53:07.091  1151  1206 D RenderEngine: [SEC_SF_EFFECTS] drawLayersInternal,1494, Rendering layer com.google.android.calendar/com.google.android.calendar.allinone.AllInOneCalendarActivity$_3979#18273 at index 1
04-15 09:53:07.091 18572 18572 I DecorView: setWindowBackground: isPopOver=false color=ff141218 d=android.graphics.drawable.ColorDrawable@dbafa6c
04-15 09:53:07.094  1151  1292 I VSyncReactor: Current= 24, Period= 120, hwcPeriod= 120
04-15 09:53:07.095  2000  2000 D DisplayLifecycle: updateDisplay id = 0
04-15 09:53:07.095  2000  2125 D StackScroller: onDisplayChanged for predraw skip to 2
04-15 09:53:07.096  1151  1200 I SurfaceFlinger: id=18289 createSurf, flag=24000, Surface(name=3edafdc StatusBar)/@0x3b919ed - animation-leash of insets_animation#18289
04-15 09:53:07.097  2000  2105 D SurfaceComposerClient: [Task=3801#16292] setEdgeExtension Right
04-15 09:53:07.098  1151  1200 I SurfaceFlinger: id=18290 createSurf, flag=24000, Surface(name=8c5cec7 NavigationBar0)/@0xa68870 - animation-leash of insets_animation#18290
04-15 09:53:07.098  2461  4418 I HoneySpace.Memory-Monitor: current state = 2, didTrim = false
04-15 09:53:07.098  1151  2479 I SurfaceFlinger: id=18291 createSurf, flag=20004, DimTransitionLayer for Surface(name=Task=3862)/@0x9e0704c#18291
04-15 09:53:07.099  2000  2105 I SurfaceControlRegistry: show, t=StartTransaction_SyncId<1637> sc=DimTransitionLayer for Surface(name=Task=3862)/@0x9e0704c, caller=android.view.SurfaceControl$Transaction.show:3557 com.android.wm.shell.transition.DefaultTransitionHandler.startAnimation:2931 com.android.wm.shell.transition.Transitions.dispatchTransition:90 com.android.wm.shell.transition.Transitions.playTransition:774 com.android.wm.shell.transition.Transitions.processReadyQueue:239 com.android.wm.shell.transition.Transitions.dispatchReady:1352
04-15 09:53:07.099  2000  2105 I SurfaceControlRegistry: apply, t=StartTransaction_SyncId<1637>, caller=android.view.SurfaceControl$Transaction.apply:3459 android.view.SurfaceControl$Transaction.apply:3447 android.view.SurfaceControl$Transaction.apply:3397 com.android.wm.shell.transition.DefaultTransitionHandler.startAnimation:3387 com.android.wm.shell.transition.Transitions.dispatchTransition:90 com.android.wm.shell.transition.Transitions.playTransition:774
04-15 09:53:07.099  1542  1585 D SurfaceComposerClient: setCornerRadius ## c47f151 Splash Screen com.catfact.app#18286 cornerRadius=0.000000
04-15 09:53:07.101  2461  4419 I HoneySpace.RecentTasks: onRunningTaskAppeared
04-15 09:53:07.101  2461  4419 I HoneySpace.RecentTasks: onRecentTasksChanged
04-15 09:53:07.102  1151  1151 I SurfaceFlinger: finalizeDisplayModeChange 4633128672291735999
04-15 09:53:07.102 18572 18572 D LifecycleMonitor: Lifecycle status change: com.catfact.app.MainActivity@dff2461 in: CREATED
04-15 09:53:07.103  1151  2479 I SurfaceFlinger: id=18292 createSurf, flag=84000, f9691c4 ActivityRecordInputSink com.catfact.app/.MainActivity#18292
04-15 09:53:07.103 18572 18572 V ActivityScenario: Update currentActivityStage to CREATED, currentActivity=com.catfact.app.MainActivity@dff2461
04-15 09:53:07.103  1151  1151 I SurfaceFlinger: RequestedLayer [c47f151 Splash Screen com.catfact.app#18286] hidden!! flag  from(1) --> to(0)
04-15 09:53:07.103  1151  1151 I SurfaceFlinger: RequestedLayer [Splash Screen com.catfact.app$_2000#18287] hidden!! flag  from(1) --> to(0)
04-15 09:53:07.103  1151  1151 I SurfaceFlinger: RequestedLayer [Task=3862#18284] hidden!! flag  from(1) --> to(0)
04-15 09:53:07.103  1151  1151 E SurfaceFlinger: alpha changed 1.000 -> 0.000 - Task=3862#18284
04-15 09:53:07.103  1151  1151 I SurfaceFlinger: RequestedLayer [Transition Root: Task=3862#18288] hidden!! flag  from(1) --> to(0)
04-15 09:53:07.103  1151  1151 I SurfaceFlinger: RequestedLayer [ActivityRecord{39176162 u0 com.catfact.app/.MainActivity t3862}#18285] hidden!! flag  from(1) --> to(0)
04-15 09:53:07.103  1151  1151 I SurfaceFlinger: RequestedLayer [DimTransitionLayer for Surface(name=Task=3862)/@0x9e0704c#18291] hidden!! flag  from(1) --> to(0)
04-15 09:53:07.103  1151  1151 E SurfaceFlinger: alpha changed 1.000 -> 0.000 - DimTransitionLayer for Surface(name=Task=3862)/@0x9e0704c#18291
04-15 09:53:07.103  1151  1151 E SurfaceFlinger: alpha changed 0.000 -> 1.000 - Task=3862#18284
04-15 09:53:07.103  1151  1151 E SurfaceFlinger: alpha changed 0.000 -> 0.000 - DimTransitionLayer for Surface(name=Task=3862)/@0x9e0704c#18291
04-15 09:53:07.103  1151  1151 I SurfaceFlinger: [LayerHierarchy{RequestedLayerState{ImeContainer#15 parentId=16293 relativeParentId=16293 z=1} 1 children}] RelativeParent to null
04-15 09:53:07.103  1151  1151 I SurfaceFlinger: [LayerHierarchy{RequestedLayerState{Task=3801#16292 parentId=18288 z=2} 1 children}] reparent to LayerHierarchy{RequestedLayerState{Transition Root: Task=3862#18288 parentId=10 z=13} 1 children}
04-15 09:53:07.103  1151  1151 I SurfaceFlinger: [LayerHierarchy{RequestedLayerState{Task=3862#18284 parentId=18288 z=5} 1 children}] reparent to LayerHierarchy{RequestedLayerState{Transition Root: Task=3862#18288 parentId=10 z=13} 2 children}
04-15 09:53:07.103  1151  1151 I SurfaceFlinger: [Splash Screen com.catfact.app$_2000#18287] attach to parent LayerHierarchy{RequestedLayerState{c47f151 Splash Screen com.catfact.app#18286 parentId=18285 z=2147483647} 1 children}
04-15 09:53:07.103  1151  1151 I SurfaceFlinger: [Transition Root: Task=3862#18288] attach to parent LayerHierarchy{RequestedLayerState{DefaultTaskDisplayArea_d0#10 parentId=9} 15 children}
04-15 09:53:07.103  1151  1151 I SurfaceFlinger: [Surface(name=3edafdc StatusBar)/@0x3b919ed - animation-leash of insets_animation#18289] attach to parent LayerHierarchy{RequestedLayerState{WindowToken{7a8fc4f type=2000 android.os.BinderProxy@a9d7329}#94 parentId=17} 2 children}
04-15 09:53:07.103  1151  1151 I SurfaceFlinger: [Surface(name=8c5cec7 NavigationBar0)/@0xa68870 - animation-leash of insets_animation#18290] attach to parent LayerHierarchy{RequestedLayerState{WindowToken{fc018e2 type=2019 android.os.BinderProxy@bda3ac4}#90 parentId=34} 2 children}
04-15 09:53:07.103  1151  1151 I SurfaceFlinger: [DimTransitionLayer for Surface(name=Task=3862)/@0x9e0704c#18291] attach to parent LayerHierarchy{RequestedLayerState{Transition Root: Task=3862#18288 parentId=10 z=13} 3 children}
04-15 09:53:07.103 18572 18572 D LifecycleMonitor: Lifecycle status change: com.catfact.app.MainActivity@dff2461 in: STARTED
04-15 09:53:07.103 18572 18572 V ActivityScenario: Update currentActivityStage to STARTED, currentActivity=com.catfact.app.MainActivity@dff2461
04-15 09:53:07.106  1542  1582 D SurfaceComposerClient: setCornerRadius ## c47f151 Splash Screen com.catfact.app#18286 cornerRadius=0.000000
04-15 09:53:07.106  1542  1542 D MotionRecognitionService: [DisplayListener] getRefreshRate 120.00001
04-15 09:53:07.106  1542  3037 D LiftUpHandler: [LTW] Stopped already.
04-15 09:53:07.106  1542  1542 D AODManagerService: requestReCalToTSP IsSingleTouchMode = falserequestedReCalToTSP = false / previousDisplayState = ON
04-15 09:53:07.106  1140 10107 D AudioFlinger: setParameters: filtered dev setParameters keyvalue screen_state=on
04-15 09:53:07.107  2000  2000 D DisplayLifecycle: updateDisplay id = 0
04-15 09:53:07.107  3756  3756 I HBD     : DeX h DeX mode state change in non-main thread
04-15 09:53:07.107  3756  3756 I HBD     : DeX h DeX mode state change: 3
04-15 09:53:07.107  3756  3756 I SPenContext: virtual void SPen::Context::SetDisplayRefreshRate(float) framerate=120
04-15 09:53:07.107  3756  3756 I LatencyConfiguration: void SPen::LatencyConfiguration::UpdateRefreshRate(float) RefreshRate=120.000008
04-15 09:53:07.107  3756  3756 I LatencyConfiguration: void SPen::LatencyConfiguration::UpdateRefreshRate(float) RefreshRateCallback 0xb4000074fc51b890
04-15 09:53:07.107  3756  3756 I spe_log : virtual void SPen::FbrDrawPad::SetRefreshRate(float) = 120.000
04-15 09:53:07.107  3756  3756 I spe_log : virtual void SPen::FbrDrawPad::SetRefreshRate(float) mFrameDurationNano=8333333, mDisplayRefreshDurationNano: 8333333
04-15 09:53:07.107  3756  3756 I spe_log : virtual void SPen::LowLatencyStrokeView::SetRefreshRate(float) refresh rate=120.000
04-15 09:53:07.107  1041  1606 D audio_hw_primary: device-adev_set_parameters: enter
04-15 09:53:07.107  2000  2125 D StackScroller: onDisplayChanged for predraw skip to 2
04-15 09:53:07.107  1041  1606 I audio_hw_proxy2: proxy-proxy_set_parameters: set Screen-state 1
04-15 09:53:07.107  1041  1606 D audio_hw_primary: device-adev_set_parameters: param (screen_state=on)
04-15 09:53:07.107  1041  1606 I Audio_a2dpsink_hw: adev_set_parameters: kevpairs=[screen_state=on]
04-15 09:53:07.107  1542  1776 D MotionRecognitionService: Inject RefreshRate: 120
04-15 09:53:07.108  1542  1825 D AS.DesktopModeHelper: onDisplayChanged: #Id=0
04-15 09:53:07.108  1542  1776 D SensorService: setSContextDataLocked ints length 3 , byte length 8
04-15 09:53:07.108  1542  1776 D SensorService: setSContextDataLocked 100048c1
04-15 09:53:07.108  1054  1054 D Sensors : c1 48 00 10 78 00 00 00
04-15 09:53:07.108  1054  1054 E Sensors : inject_scontext_data: New ssp_data_injection_fd(45)
04-15 09:53:07.108  1054  1054 D Sensors : SContext Data Injection return 8
04-15 09:53:07.109 18572 18572 D LifecycleMonitor: Lifecycle status change: com.catfact.app.MainActivity@dff2461 in: RESUMED
04-15 09:53:07.109 18572 18572 V ActivityScenario: Update currentActivityStage to RESUMED, currentActivity=com.catfact.app.MainActivity@dff2461
04-15 09:53:07.109  1151  1151 D SurfaceFlinger: GPIS:: requestGpisForSFSluggish
04-15 09:53:07.109  1151  2910 D NativeSemDvfsManager: acquire:: timeout = 2000 mIsAcquired = 1  mTagName : SurfaceFlinger
04-15 09:53:07.110  2461  4419 I HoneySpace.RefreshRateSource: singleFrameMs 8
04-15 09:53:07.110  1151  1338 D SurfaceFlinger: [input] setFocusedWindow: <null>
04-15 09:53:07.110  1151  2910 E NativeCustomFrequencyManager: [NativeCFMS] BpCustomFrequencyManager::acquire()
04-15 09:53:07.110  1542  2472 D InputDispatcher: Focus left window (0): ce88f54 com.google.android.calendar/com.google.android.calendar.allinone.AllInOneCalendarActivity
04-15 09:53:07.110  2461  2474 I HoneySpace.Memory-Monitor: current state = 2, didTrim = false
04-15 09:53:07.110  1059  1180 I HYPER-HAL: [RequestManager.cpp]acquire(): Acquired ID : 2315476  [1151 / 1000]    HINT : SF_GPU_MINLOCK    list : [TIMEOUT / 2000]
04-15 09:53:07.110  1542  2473 D InputDispatcher: Once focus requested (0): <null>
04-15 09:53:07.110  1151  1292 I VSyncReactor: Current= 120, Period= 120, Distance= 0
04-15 09:53:07.111  3979  3979 I ImeFocusController: onPreWindowFocus: skipped hasWindowFocus=false mHasImeFocus=true
04-15 09:53:07.111  1151  1151 I SurfaceFlinger: [LayerHierarchy{RequestedLayerState{8c5cec7 NavigationBar0#91 parentId=18290} 1 children}] reparent to LayerHierarchy{RequestedLayerState{Surface(name=8c5cec7 NavigationBar0)/@0xa68870 - animation-leash of insets_animation#18290 parentId=90} 1 children}
04-15 09:53:07.111  1151  1151 I SurfaceFlinger: [LayerHierarchy{RequestedLayerState{3edafdc StatusBar#95 parentId=18289} 1 children}] reparent to LayerHierarchy{RequestedLayerState{Surface(name=3edafdc StatusBar)/@0x3b919ed - animation-leash of insets_animation#18289 parentId=94} 1 children}
04-15 09:53:07.111  1151  1151 I SurfaceFlinger: [LayerHierarchy{RequestedLayerState{Surface(name=3edafdc StatusBar)/@0x3b919ed - animation-leash of insets_animation#18276} no children}] reparent to OffscreenRoot
04-15 09:53:07.111  1151  1151 I SurfaceFlinger: [LayerHierarchy{RequestedLayerState{Surface(name=3edafdc StatusBar)/@0x3b919ed - animation-leash of insets_animation#18276} no children}] RelativeParent to null
04-15 09:53:07.111  1151  1151 I SurfaceFlinger: [LayerHierarchy{RequestedLayerState{Surface(name=8c5cec7 NavigationBar0)/@0xa68870 - animation-leash of insets_animation#18277} no children}] reparent to OffscreenRoot
04-15 09:53:07.111  1151  1151 I SurfaceFlinger: [LayerHierarchy{RequestedLayerState{Surface(name=8c5cec7 NavigationBar0)/@0xa68870 - animation-leash of insets_animation#18277} no children}] RelativeParent to null
04-15 09:53:07.111  3979  3979 I ImeFocusController: onPostWindowFocus: skipped hasWindowFocus=false mHasImeFocus=true
04-15 09:53:07.111  1151  1151 I SurfaceFlinger: [f9691c4 ActivityRecordInputSink com.catfact.app/.MainActivity#18292] attach to parent LayerHierarchy{RequestedLayerState{ActivityRecord{39176162 u0 com.catfact.app/.MainActivity t3862}#18285 parentId=18284} 2 children}
04-15 09:53:07.113  1151  2479 I SurfaceFlinger: id=18276 Removed Surface(name=3edafdc StatusBar)/@0x3b919ed - animation-leash of insets_animation#18276 (176)
04-15 09:53:07.113  1151  2479 I SurfaceFlinger: id=18277 Removed Surface(name=8c5cec7 NavigationBar0)/@0xa68870 - animation-leash of insets_animation#18277 (176)
04-15 09:53:07.113  2000  2120 I VRI[app]@cda25a1: onActiveControlsChanged, removed=false, mAdded=true, caller=android.view.ViewRootImpl.handleInsetsControlChanged:3002 android.view.ViewRootImpl$ViewRootHandler.handleMessageImpl:8352 android.view.ViewRootImpl$ViewRootHandler.handleMessage:8301 android.os.Handler.dispatchMessage:110 android.os.Looper.loopOnce:273
04-15 09:53:07.113  2000  2120 I InsetsSourceConsumer: applyRequestedVisibilityToControl: visible=true, type=statusBars, host=Splash Screen com.catfact.app
04-15 09:53:07.114  2000  2120 I InsetsSourceConsumer: applyRequestedVisibilityToControl: visible=true, type=navigationBars, host=Splash Screen com.catfact.app
04-15 09:53:07.114 18572 18572 D ViewRootImpl: desktopMode is false
04-15 09:53:07.116 18572 18572 I ViewRootImpl: dVRR is disabled
04-15 09:53:07.116 10618 10944 I Routine@Core[4.9.04.13]: AppFunctionsActionHandler: isSupported: supportStatus = SUPPORTED, tag = appfunction://com.samsung.android.app.reminder.data.crossappactions#TaskFunctions_updateTask
04-15 09:53:07.116 18572 18572 D HardwareRenderer: onDisplayChanged. displayId=0 current wxh=720x1544 mLargest wxh=0x0
04-15 09:53:07.116 18572 18572 D HardwareRenderer: Set largestWidth and largestHeight as logical resolution. (720x1544)
04-15 09:53:07.116 18572 18596 D HWUI    : setMaxSurfaceArea requested wxh=(720,1544) requestedSurfaceArea(1111680) is smaller than defaultSurfaceArea(2073600). Use default.
04-15 09:53:07.117 18572 18596 D NativeCustomFrequencyManager: [NativeCFMS] BpCustomFrequencyManager::BpCustomFrequencyManager()
04-15 09:53:07.118 18572 18612 I com.catfact.app: [HIDL_FETCH_IMapper] android.hardware.graphics.mapper@4.0: Loaded Mapper successfully.
04-15 09:53:07.118 10618 10944 I Routine@Core[4.9.04.13]: TASKD/ActionTaskAdapterFactoryImpl: getAdapter - metaId=appfunction://com.samsung.android.app.reminder.data.crossappactions#TaskFunctions_findTasks(id=606)
04-15 09:53:07.119  1151  1292 I VSyncReactor: Current= 120, Period= 120, Distance= 120
04-15 09:53:07.119  1151  1151 I SurfaceFlinger: destroyed Surface(name=3edafdc StatusBar)/@0x3b919ed - animation-leash of insets_animation#18276
04-15 09:53:07.119  1151  1151 I SurfaceFlinger: destroyed Surface(name=8c5cec7 NavigationBar0)/@0xa68870 - animation-leash of insets_animation#18277
04-15 09:53:07.120  1151  1151 I Layer   : id=18276 Destroyed Surface(name=3edafdc StatusBar)/@0x3b919ed - animation-leash of insets_animation#18276
04-15 09:53:07.120  1542  2477 D InputTransport: Input channel constructed: 'ebc2d87', fd=1324
04-15 09:53:07.120  1542  2477 D InputTransport: Input channel constructed: 'ebc2d87', fd=1325
04-15 09:53:07.120  1151  1151 I Layer   : id=18277 Destroyed Surface(name=8c5cec7 NavigationBar0)/@0xa68870 - animation-leash of insets_animation#18277
04-15 09:53:07.120  1542  2477 D InputTransport: Input channel constructed: 'ebc2d87', fd=1326
04-15 09:53:07.120  1542  2477 D InputTransport: Input channel destroyed: 'ebc2d87', fd=1325
04-15 09:53:07.121  1151  1378 I SurfaceFlinger: id=18293 createSurf, flag=84004, ebc2d87 com.catfact.app/com.catfact.app.MainActivity#18293
04-15 09:53:07.122  1542  2477 D InputTransport: Input channel destroyed: 'ebc2d87', fd=1326
04-15 09:53:07.123 18572 18572 D InputTransport: Input channel constructed: 'ebc2d87', fd=127
04-15 09:53:07.123 18572 18572 I InsetsController: onStateChanged: host=com.catfact.app/com.catfact.app.MainActivity, from=android.view.ViewRootImpl.onInsetsStateChanged:3026, state=InsetsState: {mDisplayFrame=Rect(0, 0 - 720, 1544), mDisplayCutout=DisplayCutout{insets=Rect(0, 50 - 0, 0) waterfall=Insets{left=0, top=0, right=0, bottom=0} boundingRect={Bounds=[Rect(0, 0 - 0, 0), Rect(341, 0 - 379, 50), Rect(0, 0 - 0, 0), Rect(0, 0 - 0, 0)]} cutoutPathParserInfo={CutoutPathParserInfo{displayWidth=720 displayHeight=1544 physicalDisplayWidth=720 physicalDisplayHeight=1544 density={1.875} cutoutSpec={M 0,0 H -10 V 26.66666666666667 H 10 V 0 H 0 Z @dp} rotation={0} scale={1.0} physicalPixelDisplaySizeRatio={1.0}}} sideOverrides={}}, mRoundedCorners=RoundedCorners{[RoundedCorner{position=TopLeft, radius=8, center=Point(8, 8)}, RoundedCorner{position=TopRight, radius=8, center=Point(712, 8)}, RoundedCorner{position=BottomRight, radius=8, center=Point(712, 1536)}, RoundedCorner{position=BottomLeft, radius=8, center=Point(8, 1536)}]}  mRoundedCornerFrame=Rect(0, 0 - 720, 1544), mPrivacyIndicatorBounds=PrivacyIndicatorBounds {static bounds=Rect(637, 0 - 720, 50) rotation=0}, mDisplayShape=DisplayShape{ spec=-311912193 displayWidth=720 displayHeight=1544 physicalPixelDisplaySizeRatio=0.5 rotation=0 offsetX=0 offsetY=0 scale=1.0}, mSources= { InsetsSource: {ec730001 mType=navigationBars mFrame=[0,1454][720,1544] mVisible=true mFlags= mSideHint=BOTTOM mBoundingRects=null}, InsetsSource: {ec730004 mType=systemGestures mFrame=[0,0][0,0] mVisible=true mFlags= mSideHint=NONE mBoundingRects=null}, InsetsSource: {ec730005 mType=mandatorySystemGestures mFrame=[0,1454][720,1544] mVisible=true mFlags= mSideHint=BOTTOM mBoundingRects=null}, InsetsSource: {ec730006 mType=tappableElement mFrame=[0,1454][720,1544] mVisible=true mFlags= mSideHint=BOTTOM mBoundingRects=null}, InsetsSource: {ec730024 mType=systemGestures mFrame=[0,0][0,0] mVisible=true mFlags= mSideHint=NONE mBoundingRects=null}, InsetsSource: {3 mType=ime mFrame=[0,0][0,0] mVisible=false mFlags= mSideHint=NONE mBoundingRects=null}, InsetsSource: {27 mType=displayCutout mFrame=[0,0][720,50] mVisible=true mFlags= mSideHint=TOP mBoundingRects=null}, InsetsSource: {43950000 mType=statusBars mFrame=[0,0][720,50] mVisible=true mFlags= mSideHint=TOP mBoundingRects=null}, InsetsSource: {43950005 mType=mandatorySystemGestures mFrame=[0,0][720,73] mVisible=true mFlags= mSideHint=TOP mBoundingRects=null}, InsetsSource: {43950006 mType=tappableElement mFrame=[0,0][720,50] mVisible=true mFlags= mSideHint=TOP mBoundingRects=null} }
04-15 09:53:07.124 18572 18572 I VRI[MainActivity]@8218a5: synced displayState. AttachInfo displayState=2
04-15 09:53:07.125 18572 18572 I VRI[MainActivity]@8218a5: setView = com.android.internal.policy.DecorView@3209a21 IsHRR=false mFlingFrameRateChange=0 TM=true
04-15 09:53:07.125 18572 18572 I IDS_TAG : Starting IDS observe window
04-15 09:53:07.125 18572 18572 I IDS_TAG : Getting Shared Preference for com.catfact.app.HiltTestApplicationBase_Application@cc6972d uid = 10746
04-15 09:53:07.126 18572 18572 I IDS_TAG : App com.catfact.app.HiltTestApplicationBase_Application@cc6972d has not finished training
04-15 09:53:07.127 18572 18596 D HWUI    : HWUI - treat SMPTE_170M as sRGB
04-15 09:53:07.127 18572 18572 I IDS_TAG : Closing IDS observe window
04-15 09:53:07.127 18572 18572 I IDS_TAG : Getting Shared Preference for com.catfact.app.HiltTestApplicationBase_Application@cc6972d uid = 10746
04-15 09:53:07.127  1151  1151 I SurfaceFlinger: [ebc2d87 com.catfact.app/com.catfact.app.MainActivity#18293] attach to parent LayerHierarchy{RequestedLayerState{ActivityRecord{39176162 u0 com.catfact.app/.MainActivity t3862}#18285 parentId=18284} 3 children}
04-15 09:53:07.128 18572 18572 I IDS_TAG : IDS count updated to 1 for com.catfact.app.HiltTestApplicationBase_Application@cc6972d
04-15 09:53:07.139  3963  4335 I SemDvfsHyPerManager: acquire hyper - BaseTABoost/3963@25, type = -999
04-15 09:53:07.140  1059  1180 I HYPER-HAL: [RequestManager.cpp]acquire(): Acquired ID : 7954091  [3963 / 25]    HINT :      list : [TABoost / 1]
04-15 09:53:07.140  2461  2474 I HoneySpace.RecentTasks: onRecentTasksChanged
04-15 09:53:07.141  3723 29073 I [AirCmd]_ActivitySwitchDetector: onTaskStackChanged : componentName - ComponentInfo{com.catfact.app/com.catfact.app.MainActivity}
04-15 09:53:07.152  1151  1151 I SurfaceFlinger: RequestedLayer [ebc2d87 com.catfact.app/com.catfact.app.MainActivity#18293] hidden!! flag  from(1) --> to(0)
04-15 09:53:07.152  1151  1151 E SurfaceFlinger: alpha changed 0.000 -> 0.010 - DimTransitionLayer for Surface(name=Task=3862)/@0x9e0704c#18291
04-15 09:53:07.159  1151  1151 D SurfaceFlinger: Display 4633128672291735999 HWC layers:
04-15 09:53:07.159  1151  1151 D SurfaceFlinger:        CLIENT |           17089674870997 | 00002102 | RGBA_8888    |   10.0    0.0  720.0 1544.0 |    0    0  720 1544 | com.google.android.calendar/com.goog[...]AllInOneCalendarActivity$_3979#18273 (335)
04-15 09:53:07.159  1151  1151 D SurfaceFlinger:   SOLID_COLOR |                        0 | 00000000 | N/A          |    0.0    0.0    0.0    0.0 |    0    0  720 1544 | DimTransitionLayer for Surface(name=Task=3862)/@0x9e0704c#18291 (0)
04-15 09:53:07.159  1151  1151 D SurfaceFlinger:        DEVICE |            8589934655664 | 00002100 | RGBA_8888    |    0.0    0.0   33.0 1544.0 |  687    0  720 1544 | Splash Screen com.catfact.app$_2000#18287 (1)
04-15 09:53:07.159  1151  1151 D SurfaceFlinger:        DEVICE |            8589934654694 | 00002100 | RGBA_8888    |    0.0    0.0  720.0   50.0 |    0    0  720   50 | StatusBar$_2000#102 (26009)
04-15 09:53:07.159  1151  1151 D SurfaceFlinger:        DEVICE |           10569914518889 | 00002100 | RGBA_8888    |    0.0    0.0   67.0  353.0 |  653  192  720  545 | com.sec.android.app.launcher/com.sam[...]l.app.CocktailBarService$_2461#16495 (1)
04-15 09:53:07.159  1151  1151 D SurfaceFlinger:        DEVICE |            8589934654691 | 00002100 | RGBA_8888    |
04-15 09:53:07.159  1151  1151 D SurfaceFlinger:   0.0    0.0  720.0   90.0 |    0 1454  720 1544 | NavigationBar0$_2000#98 (16813)
04-15 09:53:07.159  1151  1151 D SurfaceFlinger:
04-15 09:53:07.160 10618 10944 I Routine@Core[4.9.04.13]: AppFunctionsActionHandler: isSupported: supportStatus = SUPPORTED, tag = appfunction://com.samsung.android.app.reminder.data.crossappactions#TaskFunctions_findTasks
04-15 09:53:07.163 10618 10944 I Routine@Core[4.9.04.13]: TASKD/ActionTaskAdapterFactoryImpl: getAdapter - metaId=appfunction://com.samsung.android.gallery.crossapp.function#PhotoFunctions_findMediaItems(id=607)
04-15 09:53:07.203 10618 10944 I Routine@Core[4.9.04.13]: AppFunctionsActionHandler: isSupported: supportStatus = SUPPORTED, tag = appfunction://com.samsung.android.gallery.crossapp.function#PhotoFunctions_findMediaItems
04-15 09:53:07.206 10618 10944 I Routine@Core[4.9.04.13]: TASKD/ActionTaskAdapterFactoryImpl: getAdapter - metaId=appfunction://com.samsung.android.app.calendar.crossapp#CrossAppEvent_findEvents(id=608)
04-15 09:53:07.222 18572 18576 I com.catfact.app: Compiler allocated 5066KB to compile void android.view.ViewRootImpl.performTraversals()
04-15 09:53:07.237 18572 18572 I com.catfact.app: hiddenapi: Accessing hidden method Landroid/os/SystemProperties;->addChangeCallback(Ljava/lang/Runnable;)V (runtime_flags=0, domain=platform, api=unsupported) from Landroidx/compose/ui/platform/AndroidComposeView$Companion; (domain=app, TargetSdkVersion=36) using reflection: allowed
04-15 09:53:07.245 10618 10944 I Routine@Core[4.9.04.13]: AppFunctionsActionHandler: isSupported: supportStatus = SUPPORTED, tag = appfunction://com.samsung.android.app.calendar.crossapp#CrossAppEvent_findEvents
04-15 09:53:07.248 10618 10944 I Routine@Core[4.9.04.13]: TASKD/ActionTaskAdapterFactoryImpl: getAdapter - metaId=appfunction://com.samsung.android.app.calendar.crossapp#CrossAppEvent_createEvent(id=609)
04-15 09:53:07.287 10618 10944 I Routine@Core[4.9.04.13]: AppFunctionsActionHandler: isSupported: supportStatus = SUPPORTED, tag = appfunction://com.samsung.android.app.calendar.crossapp#CrossAppEvent_createEvent
04-15 09:53:07.289 10618 10944 I Routine@Core[4.9.04.13]: TASKD/ActionTaskAdapterFactoryImpl: getAdapter - metaId=appfunction://com.samsung.android.app.calendar.crossapp#CrossAppEvent_updateEvent(id=610)
04-15 09:53:07.327 10618 10944 I Routine@Core[4.9.04.13]: AppFunctionsActionHandler: isSupported: supportStatus = SUPPORTED, tag = appfunction://com.samsung.android.app.calendar.crossapp#CrossAppEvent_updateEvent
04-15 09:53:07.330 10618 10944 I Routine@Core[4.9.04.13]: TASKD/ActionTaskAdapterFactoryImpl: getAdapter - metaId=appfunction://com.samsung.android.app.calendar.crossapp#CrossAppEvent_showEvent(id=611)
04-15 09:53:07.366  2461  2461 I HoneySpace.EdgePanel.EdgeVisibilityRepository: getComputedTrayVisible : keyguardState = 1
