04-15 09:53:15.187  2000  2120 I BLASTBufferQueue_Java: new BLASTBufferQueue, mName= VRI[calendar]@95519a3 mNativeObject= 0xb40000741d2414a0 caller= android.view.ViewRootImpl.updateBlastSurfaceIfNeeded:3585 android.view.ViewRootImpl.relayoutWindow:11685 android.view.ViewRootImpl.performTraversals:4804 android.view.ViewRootImpl.doTraversal:3924 android.view.ViewRootImpl$TraversalRunnable.run:12903 android.view.Choreographer$CallbackRecord.run:1901 android.view.Choreographer$CallbackRecord.run:1910 android.view.Choreographer.doCallbacks:1367 android.view.Choreographer.doFrame:1292 android.view.Choreographer$FrameDisplayEventReceiver.run:1870
04-15 09:53:15.187  2000  2120 I BLASTBufferQueue_Java: update, w= 720 h= 1544 mName = VRI[calendar]@95519a3 mNativeObject= 0xb40000741d2414a0 sc.mNativeObject= 0xb40000751c550050 format= -3 caller= android.view.ViewRootImpl.updateBlastSurfaceIfNeeded:3590 android.view.ViewRootImpl.relayoutWindow:11685 android.view.ViewRootImpl.performTraversals:4804 android.view.ViewRootImpl.doTraversal:3924 android.view.ViewRootImpl$TraversalRunnable.run:12903 android.view.Choreographer$CallbackRecord.run:1901
04-15 09:53:15.187  2982  6680 I NSLocationManager_FLP: getGPSUsingApps, No change
04-15 09:53:15.187  2000  2120 I VRI[calendar]@95519a3: Relayout returned: old=(0,0,720,1544) new=(0,0,720,1544) relayoutAsync=false req=(720,1544)0 dur=7 res=0x3 s={true 0xb40000748ce3db20} ch=true seqId=0
04-15 09:53:15.188  1151  1151 I SurfaceFlinger: destroyed Surface(name=8c5cec7 NavigationBar0)/@0xa68870 - animation-leash of insets_animation#18479
04-15 09:53:15.188  1151  1151 I SurfaceFlinger: destroyed Surface(name=3edafdc StatusBar)/@0x3b919ed - animation-leash of insets_animation#18478
04-15 09:53:15.188  1151  1151 I SurfaceFlinger: [Splash Screen com.google.android.calendar$_2000#18483] attach to parent LayerHierarchy{RequestedLayerState{4eaba0c Splash Screen com.google.android.calendar#18482 parentId=16293} 1 children}
04-15 09:53:15.190 18525 18790 I Rubin   : [146] M.c0.k(Unknown Source) : Notify com.samsung.android.rubin.inferenceengine.contextanalytics.engine.loggers.AppUsageLogger's database is updated.
04-15 09:53:15.191  1151  1151 I Layer   : id=18479 Destroyed Surface(name=8c5cec7 NavigationBar0)/@0xa68870 - animation-leash of insets_animation#18479
04-15 09:53:15.191  1151  1151 I Layer   : id=18478 Destroyed Surface(name=3edafdc StatusBar)/@0x3b919ed - animation-leash of insets_animation#18478
04-15 09:53:15.192  3979  3979 I DecorView: setWindowBackground: isPopOver=false color=ff121318 d=android.graphics.drawable.ColorDrawable@be93a3b
04-15 09:53:15.193 11141 11141 I Finsky  : [2] WM::SCH: Logging work start for 12-1
04-15 09:53:15.193 11141 11141 I Finsky  : [2] [ContentSync] job started
04-15 09:53:15.193  1542  1585 D SurfaceComposerClient: setCornerRadius ## 4eaba0c Splash Screen com.google.android.calendar#18482 cornerRadius=0.000000
04-15 09:53:15.195  2000  2120 I VRI[calendar]@95519a3: performConfigurationChange setNightDimText nightDimLevel=0
04-15 09:53:15.195  2000  2120 D VRI[calendar]@95519a3: mThreadedRenderer.initialize() mSurface={isValid=true 0xb40000748ce3db20} hwInitialized=true
04-15 09:53:15.196  2000  2120 D VRI[calendar]@95519a3: reportNextDraw android.view.ViewRootImpl.performTraversals:5443 android.view.ViewRootImpl.doTraversal:3924 android.view.ViewRootImpl$TraversalRunnable.run:12903 android.view.Choreographer$CallbackRecord.run:1901 android.view.Choreographer$CallbackRecord.run:1910
04-15 09:53:15.196  2000  2120 D VRI[calendar]@95519a3: Setup new sync=wmsSync-VRI[calendar]@95519a3#68
04-15 09:53:15.196  2000  2120 I VRI[calendar]@95519a3: Creating new active sync group VRI[calendar]@95519a3#69
04-15 09:53:15.198  2000  2120 D VRI[calendar]@95519a3: registerCallbacksForSync syncBuffer=false
04-15 09:53:15.199  2000  2195 D VRI[calendar]@95519a3: Received frameDrawingCallback syncResult=0 frameNum=1.
04-15 09:53:15.199  2000  2195 I VRI[calendar]@95519a3: mWNT: t=0xb4000074fc8dfe50 mBlastBufferQueue=0xb40000741d2414a0 fn= 1 HdrRenderState mRenderHdrSdrRatio=1.0 caller= android.view.ViewRootImpl$12.onFrameDraw:15441 android.view.ThreadedRenderer$1.onFrameDraw:718 <bottom of call stack>
04-15 09:53:15.199  2000  2195 I VRI[calendar]@95519a3: Setting up sync and frameCommitCallback
04-15 09:53:15.199  2000  2196 I BLASTBufferQueue: [VRI[calendar]@95519a3#836](f:0,a:0,s:0) onFrameAvailable the first frame is available
04-15 09:53:15.199  2000  2196 I VRI[calendar]@95519a3: Received frameCommittedCallback lastAttemptedDrawFrameNum=1 didProduceBuffer=true
04-15 09:53:15.200  1151  2479 I SurfaceFlinger: [Splash Screen com.google.android.calendar$_2000#18483] setTransactionState with the first frame. bufferData(ID: 8589934655791, frameNumber: 1)
04-15 09:53:15.200  2000  2196 D HWUI    : CFMS:: SetUp Pid : 2000    Tid : 2196
04-15 09:53:15.200  1542  3015 I NSLocationMonitor: getGPSUsingApps() called
04-15 09:53:15.200  2000  2120 D VRI[calendar]@95519a3: reportDrawFinished seqId=0
04-15 09:53:15.201  2982  6680 I NSLocationManager_FLP: getGPSUsingApps, No change
04-15 09:53:15.201  2000  2120 I VRI[test]@53e5910: onActiveControlsChanged, removed=false, mAdded=true, caller=android.view.ViewRootImpl.handleInsetsControlChanged:3002 android.view.ViewRootImpl$ViewRootHandler.handleMessageImpl:8352 android.view.ViewRootImpl$ViewRootHandler.handleMessage:8301 android.os.Handler.dispatchMessage:110 android.os.Looper.loopOnce:273
04-15 09:53:15.201  2000  2120 I InsetsSourceConsumer: applyRequestedVisibilityToControl: visible=true, type=statusBars, host=Splash Screen com.catfact.app.test
04-15 09:53:15.201  1542  1585 D SurfaceComposerClient: setCornerRadius ## 4eaba0c Splash Screen com.google.android.calendar#18482 cornerRadius=0.000000
04-15 09:53:15.201  2000  2120 I InsetsSourceConsumer: applyRequestedVisibilityToControl: visible=true, type=navigationBars, host=Splash Screen com.catfact.app.test
04-15 09:53:15.201  1542  1585 D SurfaceComposerClient: setCornerRadius ## 4eaba0c Splash Screen com.google.android.calendar#18482 cornerRadius=0.000000
04-15 09:53:15.202  1151  2758 I SurfaceFlinger: id=18484 createSurf, flag=84004, Transition Root: Task=3801#18484
04-15 09:53:15.206  1542  1585 I SurfaceControlRegistry: show, t=StartTransaction_SyncId<1651> sc=ActivityRecord{243114305 u0 com.google.android.calendar/.allinone.AllInOneCalendarActivity t3801}, caller=android.view.SurfaceControl$Transaction.show:3557 com.android.server.wm.Transition.onTransactionReady:2048 com.android.server.wm.BLASTSyncEngine$SyncGroup.finishNow:240 com.android.server.wm.BLASTSyncEngine.onSurfacePlacement:263 com.android.server.wm.RootWindowContainer.performSurfacePlacementNoTrace:1083 com.android.server.wm.WindowSurfacePlacer.performSurfacePlacement:166
04-15 09:53:15.206  1542  1585 D SurfaceComposerClient: setCornerRadius ## Task=3871#18467 cornerRadius=0.000000
04-15 09:53:15.206  1542  1585 D SurfaceComposerClient: setCornerRadius ## Task=3801#16292 cornerRadius=0.000000
04-15 09:53:15.207  1542  1585 D ScreenCapture: [Capture_TEST] : setIsScreenShotBySystem false
04-15 09:53:15.207  1542  1585 I SurfaceComposerClient: captureLayers:childrenOnly:1, sync:1
04-15 09:53:15.210  6698 17042 I NearbyMediums: No BLE Fast/GATT advertisements found in the latest cycle.
04-15 09:53:15.210  6698 17042 I NearbyMediums: Current Tracked Scanning Clients are : {NearbyConnections.EnvironmentMonitor, NearbySharing, NearbyConnections.TxAdvertisement}
04-15 09:53:15.211  1151  1151 I SurfaceFlinger: [Transition Root: Task=3801#18484] attach to parent LayerHierarchy{RequestedLayerState{DefaultTaskDisplayArea_d0#10 parentId=9} 17 children}
04-15 09:53:15.211  3723 26412 I [AirCmd]_ActivitySwitchDetector: onTaskFocusChanged : taskId=3801, componentName=ComponentInfo{com.google.android.calendar/com.google.android.calendar.allinone.AllInOneCalendarActivity}
04-15 09:53:15.211  3723 26412 I [AirCmd]_ActivitySwitchDetector: onTaskFocusChanged :mTopMostActivity = ComponentInfo{com.catfact.app.test/androidx.test.core.app.InstrumentationActivityInvoker$EmptyActivity}
04-15 09:53:15.211  2000  2105 I SurfaceControlRegistry: hide, t=FinishTransaction_SyncId<1651> sc=Task=3871, caller=android.view.SurfaceControl$Transaction.hide:3583 com.android.wm.shell.transition.Transitions.dispatchReady:1263 com.android.wm.shell.transition.Transitions.onTransitionReady:251 com.android.wm.shell.transition.Transitions$TransitionPlayerImpl$$ExternalSyntheticLambda0.run:13 android.os.Handler.handleCallback:995 android.os.Handler.dispatchMessage:103
04-15 09:53:15.211  2000  2105 I SurfaceControlRegistry: show, t=StartTransaction_SyncId<1651> sc=Task=3801, caller=android.view.SurfaceControl$Transaction.show:3557 com.android.wm.shell.transition.Transitions.dispatchReady:1279 com.android.wm.shell.transition.Transitions.onTransitionReady:251 com.android.wm.shell.transition.Transitions$TransitionPlayerImpl$$ExternalSyntheticLambda0.run:13 android.os.Handler.handleCallback:995 android.os.Handler.dispatchMessage:103
04-15 09:53:15.211  2000  2105 I SurfaceControlRegistry: show, t=FinishTransaction_SyncId<1651> sc=Task=3801, caller=android.view.SurfaceControl$Transaction.show:3557 com.android.wm.shell.transition.Transitions.dispatchReady:1330 com.android.wm.shell.transition.Transitions.onTransitionReady:251 com.android.wm.shell.transition.Transitions$TransitionPlayerImpl$$ExternalSyntheticLambda0.run:13 android.os.Handler.handleCallback:995 android.os.Handler.dispatchMessage:103
04-15 09:53:15.213  3723 26412 I [AirCmd]_CallbackRepeater: stopRepeat : isWorking=false
04-15 09:53:15.213  3723 26412 I [AirCmd]_MediaControlStateMonitor: isForegroundAppSupportsMediaButton : mediaSession is empty
04-15 09:53:15.213  2000  2105 I SurfaceControlRegistry: apply, t=FinishTransaction_SyncId<1650>, caller=android.view.SurfaceControl$Transaction.apply:3459 android.view.SurfaceControl$Transaction.apply:3447 android.view.SurfaceControl$Transaction.apply:3397 com.android.wm.shell.transition.Transitions.onFinish:315 com.android.wm.shell.transition.Transitions$$ExternalSyntheticLambda7.onTransitionFinished:12 com.android.wm.shell.transition.DefaultTransitionHandler$$ExternalSyntheticLambda2.run:36
04-15 09:53:15.216  3723 26412 E [AirCmd]_MediaControlStateMonitor: getActiveNotificationPackageName : notification service monitor is null
04-15 09:53:15.217  3723 26412 I [AirCmd]_ButtonEventDetectionThread: enableDoubleClickDetection: enabled= true, doubleClickWaitInterval=300
04-15 09:53:15.218 11141 11199 E Finsky  : [242] [Counters] attempted to use a non-positive increment for: 4753
04-15 09:53:15.219  1151  1199 I SurfaceFlinger: Capture layer list: 	 com.catfact.app.test/androidx.test.core.app.InstrumentationActivityInvoker$EmptyActivity$_18638#18475(seamlessTransition:0)
04-15 09:53:15.219  1151  1199 I SurfaceFlinger: Capture layer list: 	 Splash Screen com.catfact.app.test$_2000#18470(seamlessTransition:0)
04-15 09:53:15.219  1151  1199 I CompositionEngine: [setDisplaySize] size=(720, 1544)
04-15 09:53:15.219  1151  1206 D RenderEngine: [SEC_SF_EFFECTS] drawLayersInternal,1494, Rendering layer ScreenCaptureFillLayer at index 0
04-15 09:53:15.219  1151  1206 D RenderEngine: [SEC_SF_EFFECTS] drawLayersInternal,1494, Rendering layer com.catfact.app.test/androidx.test.core.app.InstrumentationActivityInvoker$EmptyActivity$_18638#18475 at index 1
04-15 09:53:15.220  1151  1206 D RenderEngine: [SEC_SF_EFFECTS] drawLayersInternal,1494, Rendering layer Splash Screen com.catfact.app.test$_2000#18470 at index 2
04-15 09:53:15.220  1151  1151 I SurfaceFlinger: RequestedLayer [Task=3870#18451] hidden!! flag  from(0) --> to(1)
04-15 09:53:15.221  1151  1151 I SurfaceFlinger: [LayerHierarchy{RequestedLayerState{Task=3870#18451 parentId=10 z=13} 1 children}] reparent to LayerHierarchy{RequestedLayerState{DefaultTaskDisplayArea_d0#10 parentId=9} 18 children}
04-15 09:53:15.221  1151  1151 I SurfaceFlinger: [LayerHierarchy{RequestedLayerState{Task=3871#18467 parentId=10 z=14} 2 children}] reparent to LayerHierarchy{RequestedLayerState{DefaultTaskDisplayArea_d0#10 parentId=9} 19 children}
04-15 09:53:15.221  1151  1151 I SurfaceFlinger: [LayerHierarchy{RequestedLayerState{Transition Root: Task=3871#18471 z=14} 1 children}] reparent to OffscreenRoot
04-15 09:53:15.221  1151  1151 I SurfaceFlinger: [LayerHierarchy{RequestedLayerState{Transition Root: Task=3871#18471 z=14} 1 children}] RelativeParent to null
04-15 09:53:15.221  1151  1151 I SurfaceFlinger: [LayerHierarchy{RequestedLayerState{DimTransitionLayer for Surface(name=Task=3871)/@0x697b27d#18472 z=-1} no children}] reparent to OffscreenRoot
04-15 09:53:15.221  1151  1151 I SurfaceFlinger: [LayerHierarchy{RequestedLayerState{DimTransitionLayer for Surface(name=Task=3871)/@0x697b27d#18472 z=-1} no children}] RelativeParent to null
04-15 09:53:15.222  1151  1151 I SurfaceFlinger: id=18472 Removed DimTransitionLayer for Surface(name=Task=3871)/@0x697b27d#18472 (203)
04-15 09:53:15.226 11141 11141 I Finsky  : [2] Starting WearSupportService for send_installed_apps
04-15 09:53:15.226  2000  2105 I SurfaceControlRegistry: show, t=StartTransaction_SyncId<1651> sc=Transition Root: Task=3801, caller=android.view.SurfaceControl$Transaction.show:3557 com.android.wm.shell.transition.Transitions.playTransition:79 com.android.wm.shell.transition.Transitions.processReadyQueue:239 com.android.wm.shell.transition.Transitions.onFinish:528 com.android.wm.shell.transition.Transitions$$ExternalSyntheticLambda7.onTransitionFinished:12 com.android.wm.shell.transition.DefaultTransitionHandler$$ExternalSyntheticLambda2.run:36
04-15 09:53:15.226 11141 11141 I Finsky  : [2] Connected to GMS
04-15 09:53:15.226 11141 11141 I Finsky  : [2] ForegroundServiceConnection connected for task 8
04-15 09:53:15.227  1151  1151 D SurfaceFlinger: Display 4633128672291735999 HWC layers:
04-15 09:53:15.227  1151  1151 D SurfaceFlinger:        DEVICE |           80049600462864 | 00002102 | RGBA_8888    |    0.0    0.0  720.0 1544.0 |    0    0  720 1544 | com.catfact.app.test/androidx.test.c[...]tyInvoker$EmptyActivity$_18638#18475 (1)
04-15 09:53:15.227  1151  1151 D SurfaceFlinger:        DEVICE |            8589934655781 | 00002100 | RGBA_8888    |    0.0    0.0  720.0 1544.0 |    0    0  720 1544 | Splash Screen com.catfact.app.test$_2000#18470 (1)
04-15 09:53:15.227  1151  1151 D SurfaceFlinger:        DEVICE |            8589934654704 | 00002100 | RGBA_8888    |    0.0    0.0  720.0   50.0 |    0    0  720   50 | StatusBar$_2000#102 (26127)
04-15 09:53:15.227  1151  1151 D SurfaceFlinger:        DEVICE |           10569914518889 | 00002100 | RGBA_8888    |    0.0    0.0   67.0  353.0 |  653  192  720  545 | com.sec.android.app.launcher/com.sam[...]l.app.CocktailBarService$_2461#16495 (1)
04-15 09:53:15.227  1151  1151 D SurfaceFlinger:        DEVICE |            8589934654705 | 00002100 | RGBA_8888    |    0.0    0.0  720.0   90.0 |    0 1454  720 1544 | NavigationBar0$_2000#98 (16928)
04-15 09:53:15.227  1151  1151 D SurfaceFlinger:
04-15 09:53:15.227  1151  1200 I SurfaceFlinger: id=18485 createSurf, flag=20004, DimTransitionLayer for Surface(name=Task=3871)/@0x99c4ee8#18485
04-15 09:53:15.227  2000  2105 I SurfaceControlRegistry: show, t=StartTransaction_SyncId<1651> sc=DimTransitionLayer for Surface(name=Task=3871)/@0x99c4ee8, caller=android.view.SurfaceControl$Transaction.show:3557 com.android.wm.shell.transition.DefaultTransitionHandler.startAnimation:2931 com.android.wm.shell.transition.Transitions.dispatchTransition:90 com.android.wm.shell.transition.Transitions.playTransition:774 com.android.wm.shell.transition.Transitions.processReadyQueue:239 com.android.wm.shell.transition.Transitions.onFinish:528
04-15 09:53:15.228  2000  2105 I SurfaceControlRegistry: apply, t=StartTransaction_SyncId<1651>, caller=android.view.SurfaceControl$Transaction.apply:3459 android.view.SurfaceControl$Transaction.apply:3447 android.view.SurfaceControl$Transaction.apply:3397 com.android.wm.shell.transition.DefaultTransitionHandler.startAnimation:3387 com.android.wm.shell.transition.Transitions.dispatchTransition:90 com.android.wm.shell.transition.Transitions.playTransition:774
04-15 09:53:15.228 18572 18572 I VRI[MainActivity]@5dba6d0: handleAppVisibility mAppVisible = true visible = false
04-15 09:53:15.228 18572 18572 D VRI[MainActivity]@5dba6d0: visibilityChanged oldVisibility=true newVisibility=false
04-15 09:53:15.229  1151  1151 I SurfaceFlinger: RequestedLayer [Task=3801#16292] hidden!! flag  from(1) --> to(0)
04-15 09:53:15.229  1151  1151 I SurfaceFlinger: destroyed DimTransitionLayer for Surface(name=Task=3871)/@0x697b27d#18472
04-15 09:53:15.229  1151  1151 I SurfaceFlinger: [LayerHierarchy{RequestedLayerState{Transition Root: Task=3871#18471 z=14} no children}] reparent to OffscreenRoot
04-15 09:53:15.229  1151  1151 I SurfaceFlinger: [LayerHierarchy{RequestedLayerState{Transition Root: Task=3871#18471 z=14} no children}] RelativeParent to null
04-15 09:53:15.229  1151  1151 I SurfaceFlinger: [DimTransitionLayer for Surface(name=Task=3871)/@0x99c4ee8#18485] attach to parent LayerHierarchy{RequestedLayerState{Transition Root: Task=3801#18484 parentId=10} 1 children}
04-15 09:53:15.229  1151  1151 I Layer   : id=18472 Destroyed DimTransitionLayer for Surface(name=Task=3871)/@0x697b27d#18472
04-15 09:53:15.229  1151  1151 I SurfaceFlinger: id=18471 Removed Transition Root: Task=3871#18471 (203)
04-15 09:53:15.233  1151  1200 I SurfaceFlinger: id=18486 createSurf, flag=24000, Surface(name=3edafdc StatusBar)/@0x3b919ed - animation-leash of insets_animation#18486
04-15 09:53:15.234  1542  2462 D SyncManager: userId - 0 auto - true
04-15 09:53:15.235  1151  1200 I SurfaceFlinger: id=18487 createSurf, flag=24000, Surface(name=8c5cec7 NavigationBar0)/@0xa68870 - animation-leash of insets_animation#18487
04-15 09:53:15.236  1542  1585 D SurfaceComposerClient: setCornerRadius ## 4eaba0c Splash Screen com.google.android.calendar#18482 cornerRadius=0.000000
04-15 09:53:15.237  1151  1151 I SurfaceFlinger: RequestedLayer [com.catfact.app/com.catfact.app.MainActivity$_18572#18460] hidden!! flag  from(0) --> to(1)
04-15 09:53:15.237  1151  1151 I SurfaceFlinger: RequestedLayer [ActivityRecord{231472614 u0 com.catfact.app/.MainActivity t3870}#18452] hidden!! flag  from(0) --> to(1)
04-15 09:53:15.237  1151  1151 I SurfaceFlinger: RequestedLayer [4eaba0c Splash Screen com.google.android.calendar#18482] hidden!! flag  from(1) --> to(0)
04-15 09:53:15.237  1151  1151 I SurfaceFlinger: RequestedLayer [Splash Screen com.google.android.calendar$_2000#18483] hidden!! flag  from(1) --> to(0)
04-15 09:53:15.237  1151  1151 I SurfaceFlinger: RequestedLayer [Transition Root: Task=3801#18484] hidden!! flag  from(1) --> to(0)
04-15 09:53:15.237  1151  1151 I SurfaceFlinger: RequestedLayer [ActivityRecord{243114305 u0 com.goog[...]llInOneCalendarActivity t3801}#16293] hidden!! flag  from(1) --> to(0)
04-15 09:53:15.237  1151  1151 I SurfaceFlinger: RequestedLayer [DimTransitionLayer for Surface(name=Task=3871)/@0x99c4ee8#18485] hidden!! flag  from(1) --> to(0)
04-15 09:53:15.237  1151  1151 E SurfaceFlinger: alpha changed 1.000 -> 0.000 - DimTransitionLayer for Surface(name=Task=3871)/@0x99c4ee8#18485
04-15 09:53:15.237  1151  1151 E SurfaceFlinger: alpha changed 0.000 -> 0.180 - DimTransitionLayer for Surface(name=Task=3871)/@0x99c4ee8#18485
04-15 09:53:15.237  1151  1151 I SurfaceFlinger: destroyed Transition Root: Task=3871#18471
04-15 09:53:15.237  1151  1151 I SurfaceFlinger: [LayerHierarchy{RequestedLayerState{Task=3801#16292 parentId=18484 z=3} 1 children}] reparent to LayerHierarchy{RequestedLayerState{Transition Root: Task=3801#18484 parentId=10 z=14} 2 children}
04-15 09:53:15.237  1151  1151 I SurfaceFlinger: [LayerHierarchy{RequestedLayerState{Task=3871#18467 parentId=18484 z=4} 1 children}] reparent to LayerHierarchy{RequestedLayerState{Transition Root: Task=3801#18484 parentId=10 z=14} 3 children}
04-15 09:53:15.237  1151  1151 I SurfaceFlinger: [Surface(name=8c5cec7 NavigationBar0)/@0xa68870 - animation-leash of insets_animation#18487] attach to parent LayerHierarchy{RequestedLayerState{WindowToken{fc018e2 type=2019 android.os.BinderProxy@bda3ac4}#90 parentId=34} 2 children}
04-15 09:53:15.237  1151  1151 I SurfaceFlinger: [LayerHierarchy{RequestedLayerState{DimTransitionLayer for Surface(name=Task=3871)/@0x99c4ee8#18485 parentId=18484 relativeParentId=18467 z=-1} no children}] RelativeParent to LayerHierarchy{RequestedLayerState{Task=3871#18467 parentId=18484 z=4} 2 children}
04-15 09:53:15.237  1151  1151 I SurfaceFlinger: [Surface(name=3edafdc StatusBar)/@0x3b919ed - animation-leash of insets_animation#18486] attach to parent LayerHierarchy{RequestedLayerState{WindowToken{7a8fc4f type=2000 android.os.BinderProxy@a9d7329}#94 parentId=17} 2 children}
04-15 09:53:15.237  1151  1151 I Layer   : id=18471 Destroyed Transition Root: Task=3871#18471
04-15 09:53:15.238 18572 18596 D HWUI    : CacheManager::trimMemory(20)
04-15 09:53:15.240  2000  2000 D SamsungLightBarControlHelper: updateStatusBar (WHITE icon) numStacks:1, StatusBarMode:MODE_TRANSPARENT, lightBarBounds:[], StatusBarState:SHADE, packageName:, isWhiteKeyguardStatusBar:false
04-15 09:53:15.240  2000  2000 D SamsungLightBarControlHelper: onStatusBarAppearanceChanged() -  sbModeChanged:false, statusBarMode:0, barState:MODE_TRANSPARENT, isKeyguardShowing:false, navbarColorManagedByIme:false, (AppearanceRegion{ bounds=[0,0][720,1544]}, )
04-15 09:53:15.240  2000  2000 D NavigationBar: onSystemBarAttributesChanged() -  displayId:0, appearance:0, packageName: com.google.android.calendar, navbarColorManagedByIme:false
04-15 09:53:15.240  2000  2000 D SamsungLightBarControlHelper: updateNavigationBar (WHITE button) isLightOpaque:false, hasLightNavigationBarFlag:false, packageName:com.google.android.calendar, DirectReplying:false, NavBarColorMangedByIme:false, ForceDarkForScrim:false, ForceLightForScrim:false, QsCustomizing:false, QsExpanded:false
04-15 09:53:15.241  1151  1200 I SurfaceFlinger: id=18488 createSurf, flag=24000, Surface(name=bf94626 com.catfact.app.test/androidx.test.core.app.InstrumentationActivityInvoker$EmptyActivity)/@0x44406b1 - animation-leash of starting_reveal#18488
04-15 09:53:15.242  2000  2105 D ShellTaskOrganizer: removeStartingWindow, removalInfo=StartingWindowRemovalInfo{taskId=3871 frame=Rect(0, 0 - 720, 1544) playRevealAnimation=true roundedCornerRadius=0.0 deferRemoveMode=0 windowlessSurface=false removeImmediately=false}
04-15 09:53:15.242  1542  4025 I WindowManager: Relayout Window{d52031b u0 com.catfact.app/com.catfact.app.MainActivity}: viewVisibility=8 req=720x1544 ty=1 d0
04-15 09:53:15.243  1542  4025 D SurfaceComposerClient: setCornerRadius ## 4eaba0c Splash Screen com.google.android.calendar#18482 cornerRadius=0.000000
04-15 09:53:15.243  1542  4025 D SurfaceComposerClient: setCornerRadius ## 4eaba0c Splash Screen com.google.android.calendar#18482 cornerRadius=0.000000
04-15 09:53:15.244  1542  4025 I WindowManager: Relayout hash=d52031b, pid=18572, syncId=-1: mAttrs={(0,0)(fillxfill) sim={adjust=pan forwardNavigation} layoutInDisplayCutoutMode=always ty=BASE_APPLICATION wanim=0x1030317
04-15 09:53:15.244  1542  4025 I WindowManager:   fl=81810100
04-15 09:53:15.244  1542  4025 I WindowManager:   pfl=100088c0
04-15 09:53:15.244  1542  4025 I WindowManager:   bhv=1
04-15 09:53:15.244  1542  4025 I WindowManager:   fitSides=0
04-15 09:53:15.244  1542  4025 I WindowManager:   frameRateBoostOnTouch=true
04-15 09:53:15.244  1542  4025 I WindowManager:   dvrrWindowFrameRateHint=true naviIconColor=0}
04-15 09:53:15.245  1151  1151 I SurfaceFlinger: [LayerHierarchy{RequestedLayerState{8c5cec7 NavigationBar0#91 parentId=18487} 1 children}] reparent to LayerHierarchy{RequestedLayerState{Surface(name=8c5cec7 NavigationBar0)/@0xa68870 - animation-leash of insets_animation#18487 parentId=90} 1 children}
04-15 09:53:15.245  1151  1151 I SurfaceFlinger: [LayerHierarchy{RequestedLayerState{3edafdc StatusBar#95 parentId=18486} 1 children}] reparent to LayerHierarchy{RequestedLayerState{Surface(name=3edafdc StatusBar)/@0x3b919ed - animation-leash of insets_animation#18486 parentId=94} 1 children}
04-15 09:53:15.245  1151  1151 I SurfaceFlinger: [LayerHierarchy{RequestedLayerState{Surface(name=3edafdc StatusBar)/@0x3b919ed - animation-leash of insets_animation#18480} no children}] reparent to OffscreenRoot
04-15 09:53:15.245  1151  1151 I SurfaceFlinger: [LayerHierarchy{RequestedLayerState{Surface(name=3edafdc StatusBar)/@0x3b919ed - animation-leash of insets_animation#18480} no children}] RelativeParent to null
04-15 09:53:15.245  1151  1151 I SurfaceFlinger: [LayerHierarchy{RequestedLayerState{Surface(name=8c5cec7 NavigationBar0)/@0xa68870 - animation-leash of insets_animation#18481} no children}] reparent to OffscreenRoot
04-15 09:53:15.245  1151  1151 I SurfaceFlinger: [LayerHierarchy{RequestedLayerState{Surface(name=8c5cec7 NavigationBar0)/@0xa68870 - animation-leash of insets_animation#18481} no children}] RelativeParent to null
04-15 09:53:15.245  1151  1151 I SurfaceFlinger: [Surface(name=bf94626 com.catfact.app.test/androidx.test.core.app.InstrumentationActivityInvoker$EmptyActivity)/@0x44406b1 - animation-leash of starting_reveal#18488] attach to parent LayerHierarchy{RequestedLayerState{ActivityRecord{20923897 u0 com.catfact.app.test/androidx.test.core.app.InstrumentationActivityInvoker$EmptyActivity t3871}#18468 parentId=18467} 4 children}
04-15 09:53:15.246  2000  2194 I VRI[test]@53e5910: mWNT: t=0xb4000074fc834490 mBlastBufferQueue=0xb40000741d217200 fn= 2 HdrRenderState mRenderHdrSdrRatio=1.0 caller= android.view.SyncRtSurfaceTransactionApplier.applyTransaction:100 android.view.SyncRtSurfaceTransactionApplier.lambda$scheduleApply$0:73 android.view.SyncRtSurfaceTransactionApplier.$r8$lambda$afI4fXg3U3-nBZQEDQMiNy-B06s:0
04-15 09:53:15.246  2000  2194 I VRI[test]@53e5910: mWNT: t=0xb4000074fc8bcad0 mBlastBufferQueue=0xb40000741d217200 fn= 2 HdrRenderState mRenderHdrSdrRatio=1.0 caller= android.view.SyncRtSurfaceTransactionApplier.applyTransaction:100 android.view.SyncRtSurfaceTransactionApplier.lambda$scheduleApply$0:73 android.view.SyncRtSurfaceTransactionApplier.$r8$lambda$afI4fXg3U3-nBZQEDQMiNy-B06s:0
04-15 09:53:15.248 18572 18572 I VRI[MainActivity]@5dba6d0: Relayout returned: old=(0,0,720,1544) new=(0,0,720,1544) relayoutAsync=false req=(720,1544)8 dur=7 res=0x2 s={false 0x0} ch=true seqId=0
04-15 09:53:15.248 18572 18572 D VRI[MainActivity]@5dba6d0: Not drawing due to not visible. Reason=!mAppVisible && !mForceDecorViewVisibility
04-15 09:53:15.248  2000  2931 D SecFgsManagerController: onForegroundStateChanged: [dialog:false]:[isForeground:true]:[packageName:com.android.vending]:[token:android.os.BinderProxy@98a4d06]:[userId:0]
04-15 09:53:15.250  2000  2931 D SecFgsManagerController: updateUiControl[com.android.vending]: 300
04-15 09:53:15.250  2000  2931 D SecFgsManagerController: updateNumberOfVisibleRunningPackagesLocked: 1
04-15 09:53:15.253  1542  1598 W libprocessgroup: SetCgroup::ExecuteForProcess: failed to open /dev/cpuctl/foreground-boost/cgroup.procs: No such file or directory
04-15 09:53:15.253  1151  1151 I SurfaceFlinger: [LayerHierarchy{RequestedLayerState{bf94626 com.catfact.app.test/androidx.test.core.app.InstrumentationActivityInvoker$EmptyActivity#18474 parentId=18488} 1 children}] reparent to LayerHierarchy{RequestedLayerState{Surface(name=bf94626 com.catfact.app.test/androidx.test.core.app.InstrumentationActivityInvoker$EmptyActivity)/@0x44406b1 - animation-leash of starting_reveal#18488 parentId=18468} 1 children}
04-15 09:53:15.255 11141 11141 I Finsky  : [2] Showing notification: [ID=notificationType959, Title=, Message=Checking for updates for Wear..., channelId=maintenance-v2, filtered=0, targetType=3, returnCode=-1, uiElementType=959]
04-15 09:53:15.255  2000  2195 I VRI[test]@53e5910: mWNT: t=0xb4000074fc874610 mBlastBufferQueue=0xb40000741d217200 fn= 3 HdrRenderState mRenderHdrSdrRatio=1.0 caller= android.view.SyncRtSurfaceTransactionApplier.applyTransaction:100 android.view.SyncRtSurfaceTransactionApplier.lambda$scheduleApply$0:73 android.view.SyncRtSurfaceTransactionApplier.$r8$lambda$afI4fXg3U3-nBZQEDQMiNy-B06s:0
04-15 09:53:15.255  2000  2120 I VRI[test]@53e5910: onActiveControlsChanged, removed=false, mAdded=true, caller=android.view.ViewRootImpl.handleInsetsControlChanged:3002 android.view.ViewRootImpl$ViewRootHandler.handleMessageImpl:8352 android.view.ViewRootImpl$ViewRootHandler.handleMessage:8301 android.os.Handler.dispatchMessage:110 android.os.Looper.loopOnce:273
04-15 09:53:15.255  1151  1200 I SurfaceFlinger: id=18480 Removed Surface(name=3edafdc StatusBar)/@0x3b919ed - animation-leash of insets_animation#18480 (205)
04-15 09:53:15.255  1151  1200 I SurfaceFlinger: id=18481 Removed Surface(name=8c5cec7 NavigationBar0)/@0xa68870 - animation-leash of insets_animation#18481 (205)
04-15 09:53:15.255  2000  2120 I VRI[calendar]@95519a3: onActiveControlsChanged, removed=false, mAdded=true, caller=android.view.ViewRootImpl.handleInsetsControlChanged:3002 android.view.ViewRootImpl$ViewRootHandler.handleMessageImpl:8352 android.view.ViewRootImpl$ViewRootHandler.handleMessage:8301 android.os.Handler.dispatchMessage:110 android.os.Looper.loopOnce:273
04-15 09:53:15.255  2000  2120 I InsetsSourceConsumer: applyRequestedVisibilityToControl: visible=true, type=statusBars, host=Splash Screen com.google.android.calendar
04-15 09:53:15.255  2000  2120 I InsetsSourceConsumer: applyRequestedVisibilityToControl: visible=true, type=navigationBars, host=Splash Screen com.google.android.calendar
04-15 09:53:15.255  1542  1598 W libprocessgroup: SetCgroup::ExecuteForProcess: failed to open /dev/cpuctl/foreground-boost/cgroup.procs: No such file or directory
04-15 09:53:15.257  1151  1151 D SurfaceFlinger: Display 4633128672291735999 HWC layers:
04-15 09:53:15.257  1151  1151 D SurfaceFlinger:        DEVICE |            8589934655791 | 00002100 | RGBA_8888    |  219.0    0.0  720.0 1544.0 |    0    0  501 1544 | Splash Screen com.google.android.calendar$_2000#18483 (1)
04-15 09:53:15.257  1151  1151 D SurfaceFlinger:   SOLID_COLOR |                        0 | 00000000 | N/A          |    0.0    0.0    0.0    0.0 |    0    0  720 1544 | DimTransitionLayer for Surface(name=Task=3871)/@0x99c4ee8#18485 (0)
04-15 09:53:15.257  1151  1151 D SurfaceFlinger:        DEVICE |           80049600462864 | 00002102 | RGBA_8888    |    0.0    0.0  699.0 1506.0 |   21   38  720 1544 | com.catfact.app.test/androidx.test.c[...]tyInvoker$EmptyActivity$_18638#18475 (1)
04-15 09:53:15.257  1151  1151 D SurfaceFlinger:        DEVICE |            8589934655784 | 00002100 | RGBA_8888    |    0.0    0.0  699.0 1544.0 |   21    0  720 1544 | Splash Screen com.catfact.app.test$_2000#18470 (2)
04-15 09:53:15.257  1151  1151 D SurfaceFlinger:        DEVICE |            8589934654704 | 00002100 | RGBA_8888    |    0.0    0.0  720.0   50.0 |    0    0  720   50 | StatusBar$_2000#102 (26131)
04-15 09:53:15.257  1151  1151 D SurfaceFlinger:        DEVICE |           10569914518889 | 00002100 | RGBA_8888    |    0.0    0.0   67.0
04-15 09:53:15.257  1151  1151 D SurfaceFlinger: 353.0 |  653  192  720  545 | com.sec.android.app.launcher/com.sam[...]l.app.CocktailBarService$_2461#16495 (1)
04-15 09:53:15.257  1151  1151 D SurfaceFlinger:        DEVICE |            8589934654705 | 00002100 | RGBA_8888    |    0.0    0.0  720.0   90.0 |    0 1454  720 1544 | NavigationBar0$_2000#98 (16932)
04-15 09:53:15.257  1151  1151 D SurfaceFlinger:
04-15 09:53:15.258  1542  2477 D SyncManager: userId - 0 auto - true
04-15 09:53:15.262  1151  1151 I SurfaceFlinger: destroyed Surface(name=3edafdc StatusBar)/@0x3b919ed - animation-leash of insets_animation#18480
04-15 09:53:15.262  1151  1151 I SurfaceFlinger: destroyed Surface(name=8c5cec7 NavigationBar0)/@0xa68870 - animation-leash of insets_animation#18481
04-15 09:53:15.263  1151  1151 I Layer   : id=18480 Destroyed Surface(name=3edafdc StatusBar)/@0x3b919ed - animation-leash of insets_animation#18480
04-15 09:53:15.263  1151  1151 I Layer   : id=18481 Destroyed Surface(name=8c5cec7 NavigationBar0)/@0xa68870 - animation-leash of insets_animation#18481
04-15 09:53:15.264  1542  2462 D SyncManager: userId - 0 auto - true
04-15 09:53:15.264  2000  2194 I VRI[test]@53e5910: mWNT: t=0xb4000074fc88e310 mBlastBufferQueue=0xb40000741d217200 fn= 4 HdrRenderState mRenderHdrSdrRatio=1.0 caller= android.view.SyncRtSurfaceTransactionApplier.applyTransaction:100 android.view.SyncRtSurfaceTransactionApplier.lambda$scheduleApply$0:73 android.view.SyncRtSurfaceTransactionApplier.$r8$lambda$afI4fXg3U3-nBZQEDQMiNy-B06s:0
04-15 09:53:15.268 11141 11141 I Finsky  : [2] Starting WearSupportService for send_installed_apps
04-15 09:53:15.268 11141 11141 I Finsky  : [2] Connected to GMS
04-15 09:53:15.270  3979  3979 D ViewRootImpl: desktopMode is false
04-15 09:53:15.270  3979  3979 I ViewRootImpl: dVRR is disabled
04-15 09:53:15.271  3979  4808 D NativeCustomFrequencyManager: [NativeCFMS] BpCustomFrequencyManager::BpCustomFrequencyManager()
04-15 09:53:15.272  2000  2195 I VRI[test]@53e5910: mWNT: t=0xb4000074fc899910 mBlastBufferQueue=0xb40000741d217200 fn= 5 HdrRenderState mRenderHdrSdrRatio=1.0 caller= android.view.SyncRtSurfaceTransactionApplier.applyTransaction:100 android.view.SyncRtSurfaceTransactionApplier.lambda$scheduleApply$0:73 android.view.SyncRtSurfaceTransactionApplier.$r8$lambda$afI4fXg3U3-nBZQEDQMiNy-B06s:0
04-15 09:53:15.275  2461  4418 I HoneySpace.RecentTasks: onRecentTasksChanged
04-15 09:53:15.276  1542  2462 D InputTransport: Input channel constructed: 'b6a7246', fd=1248
04-15 09:53:15.276  1542  2462 D InputTransport: Input channel constructed: 'b6a7246', fd=1280
04-15 09:53:15.276  1542  2462 D InputTransport: Input channel constructed: 'b6a7246', fd=1281
04-15 09:53:15.276  1542  2462 D InputTransport: Input channel destroyed: 'b6a7246', fd=1280
04-15 09:53:15.276  3963  4335 I SemDvfsHyPerManager: acquire hyper - BaseTABoost/3963@25, type = -999
04-15 09:53:15.276  1059  1180 I HYPER-HAL: [RequestManager.cpp]acquire(): Acquired ID : 7954091  [3963 / 25]    HINT :      list : [TABoost / 1]
04-15 09:53:15.276  1151  2758 I SurfaceFlinger: id=18489 createSurf, flag=84004, b6a7246 com.google.android.calendar/com.google.android.calendar.allinone.AllInOneCalendarActivity#18489
04-15 09:53:15.277  1542  2462 D InputTransport: Input channel destroyed: 'b6a7246', fd=1281
04-15 09:53:15.278  1151  1151 I SurfaceFlinger: [b6a7246 com.google.android.calendar/com.google.android.calendar.allinone.AllInOneCalendarActivity#18489] attach to parent LayerHierarchy{RequestedLayerState{ActivityRecord{243114305 u0 com.google.android.calendar/.allinone.AllInOneCalendarActivity t3801}#16293 parentId=16292} 3 children}
04-15 09:53:15.280  2000  2194 I VRI[test]@53e5910: mWNT: t=0xb4000074fc8ab650 mBlastBufferQueue=0xb40000741d217200 fn= 6 HdrRenderState mRenderHdrSdrRatio=1.0 caller= android.view.SyncRtSurfaceTransactionApplier.applyTransaction:100 android.view.SyncRtSurfaceTransactionApplier.lambda$scheduleApply$0:73 android.view.SyncRtSurfaceTransactionApplier.$r8$lambda$afI4fXg3U3-nBZQEDQMiNy-B06s:0
04-15 09:53:15.281  3979  3979 D InputTransport: Input channel constructed: 'b6a7246', fd=170
04-15 09:53:15.282  3979  3979 I InsetsController: onStateChanged: host=com.google.android.calendar/com.google.android.calendar.allinone.AllInOneCalendarActivity, from=android.view.ViewRootImpl.onInsetsStateChanged:3026, state=InsetsState: {mDisplayFrame=Rect(0, 0 - 720, 1544), mDisplayCutout=DisplayCutout{insets=Rect(0, 50 - 0, 0) waterfall=Insets{left=0, top=0, right=0, bottom=0} boundingRect={Bounds=[Rect(0, 0 - 0, 0), Rect(341, 0 - 379, 50), Rect(0, 0 - 0, 0), Rect(0, 0 - 0, 0)]} cutoutPathParserInfo={CutoutPathParserInfo{displayWidth=720 displayHeight=1544 physicalDisplayWidth=720 physicalDisplayHeight=1544 density={1.875} cutoutSpec={M 0,0 H -10 V 26.66666666666667 H 10 V 0 H 0 Z @dp} rotation={0} scale={1.0} physicalPixelDisplaySizeRatio={1.0}}} sideOverrides={}}, mRoundedCorners=RoundedCorners{[RoundedCorner{position=TopLeft, radius=8, center=Point(8, 8)}, RoundedCorner{position=TopRight, radius=8, center=Point(712, 8)}, RoundedCorner{position=BottomRight, radius=8, center=Point(712, 1536)}, RoundedCorner{position=BottomLeft, radius=8, center=Point(8, 1536)}]}  mRoundedCornerFrame=Rect(0, 0 - 720, 1544), mPrivacyIndicatorBounds=PrivacyIndicatorBounds {static bounds=Rect(637, 0 - 720, 50) rotation=0}, mDisplayShape=DisplayShape{ spec=-311912193 displayWidth=720 displayHeight=1544 physicalPixelDisplaySizeRatio=0.5 rotation=0 offsetX=0 offsetY=0 scale=1.0}, mSources= { InsetsSource: {ec730001 mType=navigationBars mFrame=[0,1454][720,1544] mVisible=true mFlags= mSideHint=BOTTOM mBoundingRects=null}, InsetsSource: {ec730004 mType=systemGestures mFrame=[0,0][0,0] mVisible=true mFlags= mSideHint=NONE mBoundingRects=null}, InsetsSource: {ec730005 mType=mandatorySystemGestures mFrame=[0,1454][720,1544] mVisible=true mFlags= mSideHint=BOTTOM mBoundingRects=null}, InsetsSource: {ec730006 mType=tappableElement mFrame=[0,1454][720,1544] mVisible=true mFlags= mSideHint=BOTTOM mBoundingRects=null}, InsetsSource: {ec730024 mType=systemGestures mFrame=[0,0][0,0] mVisible=true mFlags= mSideHint=NONE mBoundingRects=null}, InsetsSource: {3 mType=ime mFrame=[0,0][0,0] mVisible=false mFlags= mSideHint=NONE mBoundingRects=null}, InsetsSource: {27 mType=displayCutout mFrame=[0,0][720,50] mVisible=true mFlags= mSideHint=TOP mBoundingRects=null}, InsetsSource: {43950000 mType=statusBars mFrame=[0,0][720,50] mVisible=true mFlags= mSideHint=TOP mBoundingRects=null}, InsetsSource: {43950005 mType=mandatorySystemGestures mFrame=[0,0][720,73] mVisible=true mFlags= mSideHint=TOP mBoundingRects=null}, InsetsSource: {43950006 mType=tappableElement mFrame=[0,0][720,50] mVisible=true mFlags= mSideHint=TOP mBoundingRects=null} }
04-15 09:53:15.286  3979  3979 I VRI[AllInOneCalendarActivity]@65809d: synced displayState. AttachInfo displayState=2
04-15 09:53:15.286  3979  3979 I VRI[AllInOneCalendarActivity]@65809d: setView = com.android.internal.policy.DecorView@5e462e0 IsHRR=false mFlingFrameRateChange=0 TM=true
04-15 09:53:15.287  1151  1151 I SurfaceFlinger: RequestedLayer [b6a7246 com.google.android.calendar/[...]inone.AllInOneCalendarActivity#18489] hidden!! flag  from(1) --> to(0)
04-15 09:53:15.289  2000  2195 I VRI[test]@53e5910: mWNT: t=0xb4000074fc889ed0 mBlastBufferQueue=0xb40000741d217200 fn= 7 HdrRenderState mRenderHdrSdrRatio=1.0 caller= android.view.SyncRtSurfaceTransactionApplier.applyTransaction:100 android.view.SyncRtSurfaceTransactionApplier.lambda$scheduleApply$0:73 android.view.SyncRtSurfaceTransactionApplier.$r8$lambda$afI4fXg3U3-nBZQEDQMiNy-B06s:0
04-15 09:53:15.290  3723 26412 I [AirCmd]_ActivitySwitchDetector: onTaskStackChanged : componentName - ComponentInfo{com.google.android.calendar/com.google.android.calendar.allinone.AllInOneCalendarActivity}
04-15 09:53:15.297  1542  4025 I WindowManager: Relayout Window{943f9a2 u0 Splash Screen com.catfact.app.test}: viewVisibility=8 req=720x1544 ty=3 d0
04-15 09:53:15.297  1542  4025 D SurfaceComposerClient: setCornerRadius ## 4eaba0c Splash Screen com.google.android.calendar#18482 cornerRadius=0.000000
04-15 09:53:15.297  1542  4025 D SurfaceComposerClient: setCornerRadius ## b6a7246 com.google.android.calendar/com.google.android.calendar.allinone.AllInOneCalendarActivity#18489 cornerRadius=0.000000
04-15 09:53:15.298  1542  4025 D SurfaceComposerClient: setCornerRadius ## 4eaba0c Splash Screen com.google.android.calendar#18482 cornerRadius=0.000000
04-15 09:53:15.299  1542  4025 D SurfaceComposerClient: setCornerRadius ## b6a7246 com.google.android.calendar/com.google.android.calendar.allinone.AllInOneCalendarActivity#18489 cornerRadius=0.000000
04-15 09:53:15.301  1542  2477 I WindowManager: Relayout Window{b6a7246 u0 com.google.android.calendar/com.google.android.calendar.allinone.AllInOneCalendarActivity}: viewVisibility=0 req=720x1544 ty=1 d0
04-15 09:53:15.302  1151  2479 I SurfaceFlinger: id=18490 createSurf, flag=44004, com.google.android.calendar/com.google.android.calendar.allinone.AllInOneCalendarActivity$_3979#18490
04-15 09:53:15.303  1542  2477 D SurfaceComposerClient: setCornerRadius ## 4eaba0c Splash Screen com.google.android.calendar#18482 cornerRadius=0.000000
04-15 09:53:15.303  1542  2477 D SurfaceComposerClient: setCornerRadius ## b6a7246 com.google.android.calendar/com.google.android.calendar.allinone.AllInOneCalendarActivity#18489 cornerRadius=0.000000
04-15 09:53:15.303  1542  2477 D SurfaceComposerClient: setCornerRadius ## 4eaba0c Splash Screen com.google.android.calendar#18482 cornerRadius=0.000000
04-15 09:53:15.303  1542  2477 D SurfaceComposerClient: setCornerRadius ## b6a7246 com.google.android.calendar/com.google.android.calendar.allinone.AllInOneCalendarActivity#18489 cornerRadius=0.000000
04-15 09:53:15.303  1151  1151 I SurfaceFlinger: [com.google.android.calendar/com.google.android.calendar.allinone.AllInOneCalendarActivity$_3979#18490] attach to parent LayerHierarchy{RequestedLayerState{b6a7246 com.google.android.calendar/com.google.android.calendar.allinone.AllInOneCalendarActivity#18489 parentId=16293} 1 children}
04-15 09:53:15.304  1542  4025 I WindowManager: Relayout hash=943f9a2, pid=2000, syncId=-1: mAttrs={(0,0)(fillxfill) sim={adjust=pan} layoutInDisplayCutoutMode=always ty=APPLICATION_STARTING fmt=TRANSLUCENT
04-15 09:53:15.304  1542  4025 I WindowManager:   fl=81030118
04-15 09:53:15.304  1542  4025 I WindowManager:   pfl=10000810
04-15 09:53:15.304  1542  4025 I WindowManager:   apr=18
04-15 09:53:15.304  1542  4025 I WindowManager:   bhv=1
04-15 09:53:15.304  1542  4025 I WindowManager:   fitSides=0
04-15 09:53:15.304  1542  4025 I WindowManager:   frameRateBoostOnTouch=true
04-15 09:53:15.304  1542  4025 I WindowManager:   dvrrWindowFrameRateHint=true naviIconColor=0}
04-15 09:53:15.304  1151  2479 I SurfaceFlinger: id=18491 createSurf, flag=24000, Surface(name=3edafdc StatusBar)/@0x3b919ed - animation-leash of insets_animation#18491
04-15 09:53:15.305  2000  2120 I VRI[test]@53e5910: onActiveControlsChanged, removed=false, mAdded=true, caller=android.view.ViewRootImpl.handleInsetsControlChanged:3002 android.view.ViewRootImpl.relayoutWindow:11629 android.view.ViewRootImpl.performTraversals:4804 android.view.ViewRootImpl.doTraversal:3924 android.view.ViewRootImpl$TraversalRunnable.run:12903
04-15 09:53:15.305 11141 11199 I Finsky  : [242] AIM: AppInfoManager-Perf > ItemModel > CacheSize=314, cacheHitCount=0, cacheMissCount=0, total appsWithNoServerDataCount=22. Missed  in cache (limit 10) : []
04-15 09:53:15.305  1151  2479 I SurfaceFlinger: id=18492 createSurf, flag=24000, Surface(name=8c5cec7 NavigationBar0)/@0xa68870 - animation-leash of insets_animation#18492
04-15 09:53:15.306  1542  2477 I SystemKeyManager: requested systemKeyInfo size=1 focusedWindow=com.google.android.calendar/com.google.android.calendar.allinone.AllInOneCalendarActivity
04-15 09:53:15.306  1542  2477 I SystemKeyManager: requested systemKeyInfo size=1 focusedWindow=com.google.android.calendar/com.google.android.calendar.allinone.AllInOneCalendarActivity
04-15 09:53:15.307  1542  2477 I WindowManager: Relayout hash=b6a7246, pid=3979, syncId=-1: mAttrs={(0,0)(fillxfill) sim={adjust=pan} layoutInDisplayCutoutMode=always ty=BASE_APPLICATION wanim=0x1030317
04-15 09:53:15.307  1542  2477 I WindowManager:   fl=81810100
04-15 09:53:15.307  1542  2477 I WindowManager:   pfl=100088c0
04-15 09:53:15.307  1542  2477 I WindowManager:   vsysui=700
04-15 09:53:15.307  1542  2477 I WindowManager:   bhv=1
04-15 09:53:15.307  1542  2477 I WindowManager:   fitSides=0
04-15 09:53:15.307  1542  2477 I WindowManager:   frameRateBoostOnTouch=true
04-15 09:53:15.307  1542  2477 I WindowManager:   dvrrWindowFrameRateHint=true naviIconColor=0}
04-15 09:53:15.307 11141 11199 I Finsky  : [242] AIM: AppInfoManager-Perf > ItemModel > CacheSize=314, cacheHitCount=0, cacheMissCount=0, total appsWithNoServerDataCount=22. Missed  in cache (limit 10) : []
04-15 09:53:15.307  3979  3979 I BLASTBufferQueue_Java: new BLASTBufferQueue, mName= VRI[AllInOneCalendarActivity]@65809d mNativeObject= 0xb40000741c51f350 caller= android.view.ViewRootImpl.updateBlastSurfaceIfNeeded:3585 android.view.ViewRootImpl.relayoutWindow:11685 android.view.ViewRootImpl.performTraversals:4804 android.view.ViewRootImpl.doTraversal:3924 android.view.ViewRootImpl$TraversalRunnable.run:12903 android.view.Choreographer$CallbackRecord.run:1901 android.view.Choreographer$CallbackRecord.run:1910 android.view.Choreographer.doCallbacks:1367 android.view.Choreographer.doFrame:1292 android.view.Choreographer$FrameDisplayEventReceiver.run:1870
04-15 09:53:15.307  3979  3979 I BLASTBufferQueue_Java: update, w= 720 h= 1544 mName = VRI[AllInOneCalendarActivity]@65809d mNativeObject= 0xb40000741c51f350 sc.mNativeObject= 0xb40000751c4fb5d0 format= -1 caller= android.view.ViewRootImpl.updateBlastSurfaceIfNeeded:3590 android.view.ViewRootImpl.relayoutWindow:11685 android.view.ViewRootImpl.performTraversals:4804 android.view.ViewRootImpl.doTraversal:3924 android.view.ViewRootImpl$TraversalRunnable.run:12903 android.view.Choreographer$CallbackRecord.run:1901
04-15 09:53:15.307  2000  2120 I VRI[test]@53e5910: Relayout returned: old=(0,0,720,1544) new=(0,0,720,1544) relayoutAsync=false req=(720,1544)8 dur=10 res=0x2 s={false 0x0} ch=true seqId=0
04-15 09:53:15.308  2000  2120 D VRI[test]@53e5910: Not drawing due to not visible. Reason=View.GONE
04-15 09:53:15.308  2000  2120 I VRI[test]@53e5910: dispatchDetachedFromWindow
04-15 09:53:15.308  3979  3979 I VRI[AllInOneCalendarActivity]@65809d: Relayout returned: old=(0,0,720,1544) new=(0,0,720,1544) relayoutAsync=false req=(720,1544)0 dur=6 res=0x3 s={true 0xb40000748c5b9650} ch=true seqId=0
04-15 09:53:15.308  1218  6568 I CameraService: onUidStateChanged: uid=10048, procState is changed. (1 -> 0)
04-15 09:53:15.308  2000  2000 D SystemUIService: SYSUI_RAM_OPTIMIZATION onTrimMemory=20
04-15 09:53:15.308  3979  3979 I VRI[AllInOneCalendarActivity]@65809d: performConfigurationChange setNightDimText nightDimLevel=0
04-15 09:53:15.308  2000  2000 D CentralSurfaces: SYSUI_RAM_OPTIMIZATION onTrimMemory=20
04-15 09:53:15.308  3979  3979 D VRI[AllInOneCalendarActivity]@65809d: mThreadedRenderer.initialize() mSurface={isValid=true 0xb40000748c5b9650} hwInitialized=true
04-15 09:53:15.309  2000  2196 D HWUI    : CacheManager::trimMemory(20)
04-15 09:53:15.312  1151  1151 I SurfaceFlinger: RequestedLayer [Splash Screen com.catfact.app.test$_2000#18470] hidden!! flag  from(0) --> to(1)
04-15 09:53:15.312  1151  1151 I SurfaceFlinger: [LayerHierarchy{RequestedLayerState{8c5cec7 NavigationBar0#91 parentId=18492} 1 children}] reparent to LayerHierarchy{RequestedLayerState{Surface(name=8c5cec7 NavigationBar0)/@0xa68870 - animation-leash of insets_animation#18492 parentId=90} 1 children}
04-15 09:53:15.312  1151  1151 I SurfaceFlinger: [LayerHierarchy{RequestedLayerState{3edafdc StatusBar#95 parentId=18491} 1 children}] reparent to LayerHierarchy{RequestedLayerState{Surface(name=3edafdc StatusBar)/@0x3b919ed - animation-leash of insets_animation#18491 parentId=94} 1 children}
04-15 09:53:15.312  1151  1151 I SurfaceFlinger: [LayerHierarchy{RequestedLayerState{Surface(name=8c5cec7 NavigationBar0)/@0xa68870 - animation-leash of insets_animation#18487} no children}] reparent to OffscreenRoot
04-15 09:53:15.312  1151  1151 I SurfaceFlinger: [LayerHierarchy{RequestedLayerState{Surface(name=8c5cec7 NavigationBar0)/@0xa68870 - animation-leash of insets_animation#18487} no children}] RelativeParent to null
04-15 09:53:15.312  1151  1151 I SurfaceFlinger: [LayerHierarchy{RequestedLayerState{Surface(name=3edafdc StatusBar)/@0x3b919ed - animation-leash of insets_animation#18486} no children}] reparent to OffscreenRoot
04-15 09:53:15.312  1151  1151 I SurfaceFlinger: [LayerHierarchy{RequestedLayerState{Surface(name=3edafdc StatusBar)/@0x3b919ed - animation-leash of insets_animation#18486} no children}] RelativeParent to null
04-15 09:53:15.312  1151  1151 I SurfaceFlinger: [Surface(name=3edafdc StatusBar)/@0x3b919ed - animation-leash of insets_animation#18491] attach to parent LayerHierarchy{RequestedLayerState{WindowToken{7a8fc4f type=2000 android.os.BinderProxy@a9d7329}#94 parentId=17} 1 children}
04-15 09:53:15.312  1151  1151 I SurfaceFlinger: [Surface(name=8c5cec7 NavigationBar0)/@0xa68870 - animation-leash of insets_animation#18492] attach to parent LayerHierarchy{RequestedLayerState{WindowToken{fc018e2 type=2019 android.os.BinderProxy@bda3ac4}#90 parentId=34} 1 children}
04-15 09:53:15.315  1151  1151 D SurfaceFlinger: Display 4633128672291735999 HWC layers:
04-15 09:53:15.315  1151  1151 D SurfaceFlinger:        DEVICE |            8589934655791 | 00002100 | RGBA_8888    |  116.0    0.0  720.0 1544.0 |    0    0  604 1544 | Splash Screen com.google.android.calendar$_2000#18483 (1)
04-15 09:53:15.315  1151  1151 D SurfaceFlinger:   SOLID_COLOR |                        0 | 00000000 | N/A          |    0.0    0.0    0.0    0.0 |    0    0  720 1544 | DimTransitionLayer for Surface(name=Task=3871)/@0x99c4ee8#18485 (0)
04-15 09:53:15.315  1151  1151 D SurfaceFlinger:        DEVICE |           80049600462864 | 00002102 | RGBA_8888    |    0.0    0.0  370.0 1544.0 |  350    0  720 1544 | com.catfact.app.test/androidx.test.c[...]tyInvoker$EmptyActivity$_18638#18475 (1)
04-15 09:53:15.315  1151  1151 D SurfaceFlinger:        DEVICE |            8589934654687 | 00002100 | RGBA_8888    |    0.0    0.0  720.0   50.0 |    0    0  720   50 | StatusBar$_2000#102 (26138)
