04-15 09:53:09.730  1151  1378 I SurfaceFlinger: id=18356 createSurf, flag=24000, Surface(name=8c5cec7 NavigationBar0)/@0xa68870 - animation-leash of insets_animation#18356
04-15 09:53:09.732  1151  1151 I SurfaceFlinger: RequestedLayer [com.catfact.app/com.catfact.app.MainActivity$_18572#18333] hidden!! flag  from(0) --> to(1)
04-15 09:53:09.732  1151  1151 I SurfaceFlinger: RequestedLayer [ActivityRecord{79570143 u0 com.catfact.app/.MainActivity t3864}#18326] hidden!! flag  from(0) --> to(1)
04-15 09:53:09.732  1151  1151 I SurfaceFlinger: RequestedLayer [Task=3801#16292] hidden!! flag  from(1) --> to(0)
04-15 09:53:09.732  1151  1151 I SurfaceFlinger: RequestedLayer [febb356 Splash Screen com.google.android.calendar#18351] hidden!! flag  from(1) --> to(0)
04-15 09:53:09.732  1151  1151 I SurfaceFlinger: RequestedLayer [Splash Screen com.google.android.calendar$_2000#18352] hidden!! flag  from(1) --> to(0)
04-15 09:53:09.732  1542  1585 D SurfaceComposerClient: setCornerRadius ## febb356 Splash Screen com.google.android.calendar#18351 cornerRadius=0.000000
04-15 09:53:09.732  1151  1151 I SurfaceFlinger: RequestedLayer [Transition Root: Task=3801#18353] hidden!! flag  from(1) --> to(0)
04-15 09:53:09.732  1151  1151 I SurfaceFlinger: RequestedLayer [ActivityRecord{243114305 u0 com.goog[...]llInOneCalendarActivity t3801}#16293] hidden!! flag  from(1) --> to(0)
04-15 09:53:09.732  1151  1151 I SurfaceFlinger: RequestedLayer [DimTransitionLayer for Surface(name=Task=3865)/@0x21444e9#18354] hidden!! flag  from(1) --> to(0)
04-15 09:53:09.732  1151  1151 E SurfaceFlinger: alpha changed 1.000 -> 0.000 - DimTransitionLayer for Surface(name=Task=3865)/@0x21444e9#18354
04-15 09:53:09.732  1151  1151 E SurfaceFlinger: alpha changed 0.000 -> 0.180 - DimTransitionLayer for Surface(name=Task=3865)/@0x21444e9#18354
04-15 09:53:09.732  1151  1151 I SurfaceFlinger: [LayerHierarchy{RequestedLayerState{Task=3801#16292 parentId=18353 z=3} 1 children}] reparent to LayerHierarchy{RequestedLayerState{Transition Root: Task=3801#18353 parentId=10 z=14} 1 children}
04-15 09:53:09.732  1542  2162 I WindowManager: Relayout Window{e4886b7 u0 com.catfact.app/com.catfact.app.MainActivity}: viewVisibility=8 req=720x1544 ty=1 d0
04-15 09:53:09.732  1151  1151 I SurfaceFlinger: [LayerHierarchy{RequestedLayerState{Task=3865#18340 parentId=18353 z=4} 1 children}] reparent to LayerHierarchy{RequestedLayerState{Transition Root: Task=3801#18353 parentId=10 z=14} 2 children}
04-15 09:53:09.732  1151  1151 I SurfaceFlinger: [LayerHierarchy{RequestedLayerState{Transition Root: Task=3865#18344 z=14} no children}] reparent to OffscreenRoot
04-15 09:53:09.732  1542  2162 D SurfaceComposerClient: setCornerRadius ## febb356 Splash Screen com.google.android.calendar#18351 cornerRadius=0.000000
04-15 09:53:09.732  1151  1151 I SurfaceFlinger: [LayerHierarchy{RequestedLayerState{Transition Root: Task=3865#18344 z=14} no children}] RelativeParent to null
04-15 09:53:09.732  1151  1151 I SurfaceFlinger: [DimTransitionLayer for Surface(name=Task=3865)/@0x21444e9#18354] attach to parent LayerHierarchy{RequestedLayerState{Transition Root: Task=3801#18353 parentId=10 z=14} 3 children}
04-15 09:53:09.733  1151  1151 I SurfaceFlinger: [Surface(name=3edafdc StatusBar)/@0x3b919ed - animation-leash of insets_animation#18355] attach to parent LayerHierarchy{RequestedLayerState{WindowToken{7a8fc4f type=2000 android.os.BinderProxy@a9d7329}#94 parentId=17} 2 children}
04-15 09:53:09.733  1151  1151 I SurfaceFlinger: [Surface(name=8c5cec7 NavigationBar0)/@0xa68870 - animation-leash of insets_animation#18356] attach to parent LayerHierarchy{RequestedLayerState{WindowToken{fc018e2 type=2019 android.os.BinderProxy@bda3ac4}#90 parentId=34} 2 children}
04-15 09:53:09.733  1542  2162 D SurfaceComposerClient: setCornerRadius ## febb356 Splash Screen com.google.android.calendar#18351 cornerRadius=0.000000
04-15 09:53:09.733  1542  2162 I WindowManager: Relayout hash=e4886b7, pid=18572, syncId=-1: mAttrs={(0,0)(fillxfill) sim={adjust=pan forwardNavigation} layoutInDisplayCutoutMode=always ty=BASE_APPLICATION wanim=0x1030317
04-15 09:53:09.733  1542  2162 I WindowManager:   fl=81810100
04-15 09:53:09.733  1542  2162 I WindowManager:   pfl=100088c0
04-15 09:53:09.733  1542  2162 I WindowManager:   bhv=1
04-15 09:53:09.733  1542  2162 I WindowManager:   fitSides=0
04-15 09:53:09.733  1542  2162 I WindowManager:   frameRateBoostOnTouch=true
04-15 09:53:09.733  1542  2162 I WindowManager:   dvrrWindowFrameRateHint=true naviIconColor=0}
04-15 09:53:09.735 18572 18572 I VRI[MainActivity]@292741c: Relayout returned: old=(0,0,720,1544) new=(0,0,720,1544) relayoutAsync=false req=(720,1544)8 dur=4 res=0x2 s={false 0x0} ch=true seqId=0
04-15 09:53:09.735 18572 18572 D VRI[MainActivity]@292741c: Not drawing due to not visible. Reason=!mAppVisible && !mForceDecorViewVisibility
04-15 09:53:09.735  1542  3802 D SyncManager: userId - 0 auto - true
04-15 09:53:09.737  1151  1151 I SurfaceFlinger: id=18344 Removed Transition Root: Task=3865#18344 (190)
04-15 09:53:09.739  2000  2000 D SamsungLightBarControlHelper: updateStatusBar (WHITE icon) numStacks:1, StatusBarMode:MODE_TRANSPARENT, lightBarBounds:[], StatusBarState:SHADE, packageName:, isWhiteKeyguardStatusBar:false
04-15 09:53:09.739  2000  2000 D SamsungLightBarControlHelper: onStatusBarAppearanceChanged() -  sbModeChanged:false, statusBarMode:0, barState:MODE_TRANSPARENT, isKeyguardShowing:false, navbarColorManagedByIme:false, (AppearanceRegion{ bounds=[0,0][720,1544]}, )
04-15 09:53:09.739  2000  2000 D NavigationBar: onSystemBarAttributesChanged() -  displayId:0, appearance:0, packageName: com.google.android.calendar, navbarColorManagedByIme:false
04-15 09:53:09.739  2000  2000 D SamsungLightBarControlHelper: updateNavigationBar (WHITE button) isLightOpaque:false, hasLightNavigationBarFlag:false, packageName:com.google.android.calendar, DirectReplying:false, NavBarColorMangedByIme:false, ForceDarkForScrim:false, ForceLightForScrim:false, QsCustomizing:false, QsExpanded:false
04-15 09:53:09.740  1151  1199 I SurfaceFlinger: id=18357 createSurf, flag=24000, Surface(name=1373d2a com.catfact.app.test/androidx.test.core.app.InstrumentationActivityInvoker$EmptyActivity)/@0xf6794b6 - animation-leash of starting_reveal#18357
04-15 09:53:09.741  1151  1151 I SurfaceFlinger: destroyed Transition Root: Task=3865#18344
04-15 09:53:09.741  1151  1151 I SurfaceFlinger: [LayerHierarchy{RequestedLayerState{8c5cec7 NavigationBar0#91 parentId=18356} 1 children}] reparent to LayerHierarchy{RequestedLayerState{Surface(name=8c5cec7 NavigationBar0)/@0xa68870 - animation-leash of insets_animation#18356 parentId=90} 1 children}
04-15 09:53:09.741  1151  1151 I SurfaceFlinger: [LayerHierarchy{RequestedLayerState{3edafdc StatusBar#95 parentId=18355} 1 children}] reparent to LayerHierarchy{RequestedLayerState{Surface(name=3edafdc StatusBar)/@0x3b919ed - animation-leash of insets_animation#18355 parentId=94} 1 children}
04-15 09:53:09.741  1151  1151 I SurfaceFlinger: [LayerHierarchy{RequestedLayerState{Surface(name=8c5cec7 NavigationBar0)/@0xa68870 - animation-leash of insets_animation#18349} no children}] reparent to OffscreenRoot
04-15 09:53:09.741  1151  1151 I SurfaceFlinger: [LayerHierarchy{RequestedLayerState{Surface(name=8c5cec7 NavigationBar0)/@0xa68870 - animation-leash of insets_animation#18349} no children}] RelativeParent to null
04-15 09:53:09.741  1151  1151 I SurfaceFlinger: [Surface(name=1373d2a com.catfact.app.test/androidx.test.core.app.InstrumentationActivityInvoker$EmptyActivity)/@0xf6794b6 - animation-leash of starting_reveal#18357] attach to parent LayerHierarchy{RequestedLayerState{ActivityRecord{247465683 u0 com.catfact.app.test/androidx.test.core.app.InstrumentationActivityInvoker$EmptyActivity t3865}#18341 parentId=18340} 4 children}
04-15 09:53:09.741  1151  1151 I SurfaceFlinger: [LayerHierarchy{RequestedLayerState{Surface(name=3edafdc StatusBar)/@0x3b919ed - animation-leash of insets_animation#18348} no children}] reparent to OffscreenRoot
04-15 09:53:09.741  1151  1151 I SurfaceFlinger: [LayerHierarchy{RequestedLayerState{Surface(name=3edafdc StatusBar)/@0x3b919ed - animation-leash of insets_animation#18348} no children}] RelativeParent to null
04-15 09:53:09.741  1151  1151 I Layer   : id=18344 Destroyed Transition Root: Task=3865#18344
04-15 09:53:09.742  2000  2105 D ShellTaskOrganizer: removeStartingWindow, removalInfo=StartingWindowRemovalInfo{taskId=3865 frame=Rect(0, 0 - 720, 1544) playRevealAnimation=true roundedCornerRadius=0.0 deferRemoveMode=0 windowlessSurface=false removeImmediately=false}
04-15 09:53:09.746  2000  2194 I VRI[test]@7a691c8: mWNT: t=0xb4000074fc6ef010 mBlastBufferQueue=0xb40000741cff9040 fn= 2 HdrRenderState mRenderHdrSdrRatio=1.0 caller= android.view.SyncRtSurfaceTransactionApplier.applyTransaction:100 android.view.SyncRtSurfaceTransactionApplier.lambda$scheduleApply$0:73 android.view.SyncRtSurfaceTransactionApplier.$r8$lambda$afI4fXg3U3-nBZQEDQMiNy-B06s:0
04-15 09:53:09.746  2000  2194 I VRI[test]@7a691c8: mWNT: t=0xb4000074fc704550 mBlastBufferQueue=0xb40000741cff9040 fn= 2 HdrRenderState mRenderHdrSdrRatio=1.0 caller= android.view.SyncRtSurfaceTransactionApplier.applyTransaction:100 android.view.SyncRtSurfaceTransactionApplier.lambda$scheduleApply$0:73 android.view.SyncRtSurfaceTransactionApplier.$r8$lambda$afI4fXg3U3-nBZQEDQMiNy-B06s:0
04-15 09:53:09.752  1542  2162 D SyncManager: userId - 0 auto - true
04-15 09:53:09.754  1542  2472 D SyncManager: userId - 0 auto - true
04-15 09:53:09.755  2000  2120 I VRI[calendar]@ece70be: onActiveControlsChanged, removed=false, mAdded=true, caller=android.view.ViewRootImpl.handleInsetsControlChanged:3002 android.view.ViewRootImpl$ViewRootHandler.handleMessageImpl:8352 android.view.ViewRootImpl$ViewRootHandler.handleMessage:8301 android.os.Handler.dispatchMessage:110 android.os.Looper.loopOnce:273
04-15 09:53:09.755  2000  2120 I InsetsSourceConsumer: applyRequestedVisibilityToControl: visible=true, type=statusBars, host=Splash Screen com.google.android.calendar
04-15 09:53:09.755  2000  2195 I VRI[test]@7a691c8: mWNT: t=0xb4000074fc78af90 mBlastBufferQueue=0xb40000741cff9040 fn= 3 HdrRenderState mRenderHdrSdrRatio=1.0 caller= android.view.SyncRtSurfaceTransactionApplier.applyTransaction:100 android.view.SyncRtSurfaceTransactionApplier.lambda$scheduleApply$0:73 android.view.SyncRtSurfaceTransactionApplier.$r8$lambda$afI4fXg3U3-nBZQEDQMiNy-B06s:0
04-15 09:53:09.756  2000  2120 I InsetsSourceConsumer: applyRequestedVisibilityToControl: visible=true, type=navigationBars, host=Splash Screen com.google.android.calendar
04-15 09:53:09.757  2000  2120 I VRI[test]@7a691c8: onActiveControlsChanged, removed=false, mAdded=true, caller=android.view.ViewRootImpl.handleInsetsControlChanged:3002 android.view.ViewRootImpl$ViewRootHandler.handleMessageImpl:8352 android.view.ViewRootImpl$ViewRootHandler.handleMessage:8301 android.os.Handler.dispatchMessage:110 android.os.Looper.loopOnce:273
04-15 09:53:09.757  1151  1199 I SurfaceFlinger: id=18348 Removed Surface(name=3edafdc StatusBar)/@0x3b919ed - animation-leash of insets_animation#18348 (190)
04-15 09:53:09.757  1151  1199 I SurfaceFlinger: id=18349 Removed Surface(name=8c5cec7 NavigationBar0)/@0xa68870 - animation-leash of insets_animation#18349 (190)
04-15 09:53:09.758  3979  3979 D ViewRootImpl: desktopMode is false
04-15 09:53:09.758  3979  3979 I ViewRootImpl: dVRR is disabled
04-15 09:53:09.758  3979  4808 D NativeCustomFrequencyManager: [NativeCFMS] BpCustomFrequencyManager::BpCustomFrequencyManager()
04-15 09:53:09.760  1542  4025 D InputTransport: Input channel constructed: '3b069f9', fd=1332
04-15 09:53:09.760  1542  4025 D InputTransport: Input channel constructed: '3b069f9', fd=1392
04-15 09:53:09.760  1542  4025 D InputTransport: Input channel constructed: '3b069f9', fd=1433
04-15 09:53:09.760  1542  4025 D InputTransport: Input channel destroyed: '3b069f9', fd=1392
04-15 09:53:09.760  1151  2479 I SurfaceFlinger: id=18358 createSurf, flag=84004, 3b069f9 com.google.android.calendar/com.google.android.calendar.allinone.AllInOneCalendarActivity#18358
04-15 09:53:09.762  1151  1151 D SurfaceFlinger: Display 4633128672291735999 HWC layers:
04-15 09:53:09.762  1151  1151 D SurfaceFlinger:        DEVICE |            8589934655709 | 00002100 | RGBA_8888    |  219.0    0.0  720.0 1544.0 |    0    0  501 1544 | Splash Screen com.google.android.calendar$_2000#18352 (1)
04-15 09:53:09.762  1151  1151 D SurfaceFlinger:   SOLID_COLOR |                        0 | 00000000 | N/A          |    0.0    0.0    0.0    0.0 |    0    0  720 1544 | DimTransitionLayer for Surface(name=Task=3865)/@0x21444e9#18354 (0)
04-15 09:53:09.762  1151  1151 D SurfaceFlinger:        DEVICE |           80049600462852 | 00002102 | RGBA_8888    |    0.0    0.0  699.0 1544.0 |   21    0  720 1544 | com.catfact.app.test/androidx.test.c[...]tyInvoker$EmptyActivity$_18638#18350 (1)
04-15 09:53:09.762  1151  1151 D SurfaceFlinger:        DEVICE |            8589934655703 | 00002100 | RGBA_8888    |    0.0    0.0  699.0 1544.0 |   21    0  720 1544 | Splash Screen com.catfact.app.test$_2000#18343 (2)
04-15 09:53:09.762  1151  1151 D SurfaceFlinger:        DEVICE |            8589934654742 | 00002100 | RGBA_8888    |    0.0    0.0  720.0   50.0 |    0    0  720   50 | StatusBar$_2000#102 (26044)
04-15 09:53:09.762  1151  1151 D SurfaceFlinger:        DEVICE |           10569914518889 | 00002100 | RGBA_8888    |    0.0    0.0   67.0
04-15 09:53:09.762  1151  1151 D SurfaceFlinger: 353.0 |  653  192  720  545 | com.sec.android.app.launcher/com.sam[...]l.app.CocktailBarService$_2461#16495 (1)
04-15 09:53:09.762  1151  1151 D SurfaceFlinger:        DEVICE |            8589934654691 | 00002100 | RGBA_8888    |    0.0    0.0  720.0   90.0 |    0 1454  720 1544 | NavigationBar0$_2000#98 (16845)
04-15 09:53:09.762  1151  1151 D SurfaceFlinger:
04-15 09:53:09.762  1151  1151 I SurfaceFlinger: destroyed Surface(name=8c5cec7 NavigationBar0)/@0xa68870 - animation-leash of insets_animation#18349
04-15 09:53:09.762  1151  1151 I SurfaceFlinger: destroyed Surface(name=3edafdc StatusBar)/@0x3b919ed - animation-leash of insets_animation#18348
04-15 09:53:09.762  1151  1151 I SurfaceFlinger: [3b069f9 com.google.android.calendar/com.google.android.calendar.allinone.AllInOneCalendarActivity#18358] attach to parent LayerHierarchy{RequestedLayerState{ActivityRecord{243114305 u0 com.google.android.calendar/.allinone.AllInOneCalendarActivity t3801}#16293 parentId=16292} 3 children}
04-15 09:53:09.762  1542  4025 D InputTransport: Input channel destroyed: '3b069f9', fd=1433
04-15 09:53:09.763  3979  3979 D InputTransport: Input channel constructed: '3b069f9', fd=170
04-15 09:53:09.763  3979  3979 I InsetsController: onStateChanged: host=com.google.android.calendar/com.google.android.calendar.allinone.AllInOneCalendarActivity, from=android.view.ViewRootImpl.onInsetsStateChanged:3026, state=InsetsState: {mDisplayFrame=Rect(0, 0 - 720, 1544), mDisplayCutout=DisplayCutout{insets=Rect(0, 50 - 0, 0) waterfall=Insets{left=0, top=0, right=0, bottom=0} boundingRect={Bounds=[Rect(0, 0 - 0, 0), Rect(341, 0 - 379, 50), Rect(0, 0 - 0, 0), Rect(0, 0 - 0, 0)]} cutoutPathParserInfo={CutoutPathParserInfo{displayWidth=720 displayHeight=1544 physicalDisplayWidth=720 physicalDisplayHeight=1544 density={1.875} cutoutSpec={M 0,0 H -10 V 26.66666666666667 H 10 V 0 H 0 Z @dp} rotation={0} scale={1.0} physicalPixelDisplaySizeRatio={1.0}}} sideOverrides={}}, mRoundedCorners=RoundedCorners{[RoundedCorner{position=TopLeft, radius=8, center=Point(8, 8)}, RoundedCorner{position=TopRight, radius=8, center=Point(712, 8)}, RoundedCorner{position=BottomRight, radius=8, center=Point(712, 1536)}, RoundedCorner{position=BottomLeft, radius=8, center=Point(8, 1536)}]}  mRoundedCornerFrame=Rect(0, 0 - 720, 1544), mPrivacyIndicatorBounds=PrivacyIndicatorBounds {static bounds=Rect(637, 0 - 720, 50) rotation=0}, mDisplayShape=DisplayShape{ spec=-311912193 displayWidth=720 displayHeight=1544 physicalPixelDisplaySizeRatio=0.5 rotation=0 offsetX=0 offsetY=0 scale=1.0}, mSources= { InsetsSource: {ec730001 mType=navigationBars mFrame=[0,1454][720,1544] mVisible=true mFlags= mSideHint=BOTTOM mBoundingRects=null}, InsetsSource: {ec730004 mType=systemGestures mFrame=[0,0][0,0] mVisible=true mFlags= mSideHint=NONE mBoundingRects=null}, InsetsSource: {ec730005 mType=mandatorySystemGestures mFrame=[0,1454][720,1544] mVisible=true mFlags= mSideHint=BOTTOM mBoundingRects=null}, InsetsSource: {ec730006 mType=tappableElement mFrame=[0,1454][720,1544] mVisible=true mFlags= mSideHint=BOTTOM mBoundingRects=null}, InsetsSource: {ec730024 mType=systemGestures mFrame=[0,0][0,0] mVisible=true mFlags= mSideHint=NONE mBoundingRects=null}, InsetsSource: {3 mType=ime mFrame=[0,0][0,0] mVisible=false mFlags= mSideHint=NONE mBoundingRects=null}, InsetsSource: {27 mType=displayCutout mFrame=[0,0][720,50] mVisible=true mFlags= mSideHint=TOP mBoundingRects=null}, InsetsSource: {43950000 mType=statusBars mFrame=[0,0][720,50] mVisible=true mFlags= mSideHint=TOP mBoundingRects=null}, InsetsSource: {43950005 mType=mandatorySystemGestures mFrame=[0,0][720,73] mVisible=true mFlags= mSideHint=TOP mBoundingRects=null}, InsetsSource: {43950006 mType=tappableElement mFrame=[0,0][720,50] mVisible=true mFlags= mSideHint=TOP mBoundingRects=null} }
04-15 09:53:09.764  2461  2474 I HoneySpace.RecentTasks: onRecentTasksChanged
04-15 09:53:09.765  1151  1151 I Layer   : id=18349 Destroyed Surface(name=8c5cec7 NavigationBar0)/@0xa68870 - animation-leash of insets_animation#18349
04-15 09:53:09.765  1151  1151 I Layer   : id=18348 Destroyed Surface(name=3edafdc StatusBar)/@0x3b919ed - animation-leash of insets_animation#18348
04-15 09:53:09.766  3963  4335 I SemDvfsHyPerManager: acquire hyper - BaseTABoost/3963@25, type = -999
04-15 09:53:09.766  1059  1180 I HYPER-HAL: [RequestManager.cpp]acquire(): Acquired ID : 7954091  [3963 / 25]    HINT :      list : [TABoost / 1]
04-15 09:53:09.767  2000  2194 I VRI[test]@7a691c8: mWNT: t=0xb4000074fc767510 mBlastBufferQueue=0xb40000741cff9040 fn= 4 HdrRenderState mRenderHdrSdrRatio=1.0 caller= android.view.SyncRtSurfaceTransactionApplier.applyTransaction:100 android.view.SyncRtSurfaceTransactionApplier.lambda$scheduleApply$0:73 android.view.SyncRtSurfaceTransactionApplier.$r8$lambda$afI4fXg3U3-nBZQEDQMiNy-B06s:0
04-15 09:53:09.768  3723 29073 I [AirCmd]_ActivitySwitchDetector: onTaskStackChanged : componentName - ComponentInfo{com.google.android.calendar/com.google.android.calendar.allinone.AllInOneCalendarActivity}
04-15 09:53:09.768  3979  3979 I VRI[AllInOneCalendarActivity]@f52f197: synced displayState. AttachInfo displayState=2
04-15 09:53:09.768  3979  3979 I VRI[AllInOneCalendarActivity]@f52f197: setView = com.android.internal.policy.DecorView@ccedba2 IsHRR=false mFlingFrameRateChange=0 TM=true
04-15 09:53:09.770  2000  2195 I VRI[test]@7a691c8: mWNT: t=0xb4000074fc6e88d0 mBlastBufferQueue=0xb40000741cff9040 fn= 5 HdrRenderState mRenderHdrSdrRatio=1.0 caller= android.view.SyncRtSurfaceTransactionApplier.applyTransaction:100 android.view.SyncRtSurfaceTransactionApplier.lambda$scheduleApply$0:73 android.view.SyncRtSurfaceTransactionApplier.$r8$lambda$afI4fXg3U3-nBZQEDQMiNy-B06s:0
04-15 09:53:09.772  1542  2162 D SyncManager: userId - 0 auto - true
04-15 09:53:09.772  1151  1151 I SurfaceFlinger: RequestedLayer [3b069f9 com.google.android.calendar/[...]inone.AllInOneCalendarActivity#18358] hidden!! flag  from(1) --> to(0)
04-15 09:53:09.772  1151  1151 I SurfaceFlinger: [LayerHierarchy{RequestedLayerState{1373d2a com.catfact.app.test/androidx.test.core.app.InstrumentationActivityInvoker$EmptyActivity#18345 parentId=18357} 1 children}] reparent to LayerHierarchy{RequestedLayerState{Surface(name=1373d2a com.catfact.app.test/androidx.test.core.app.InstrumentationActivityInvoker$EmptyActivity)/@0xf6794b6 - animation-leash of starting_reveal#18357 parentId=18341} 1 children}
04-15 09:53:09.773  3979  4808 D HWUI    : HWUI - treat SMPTE_170M as sRGB
04-15 09:53:09.778  2000  2194 I VRI[test]@7a691c8: mWNT: t=0xb4000074fc7a0d90 mBlastBufferQueue=0xb40000741cff9040 fn= 6 HdrRenderState mRenderHdrSdrRatio=1.0 caller= android.view.SyncRtSurfaceTransactionApplier.applyTransaction:100 android.view.SyncRtSurfaceTransactionApplier.lambda$scheduleApply$0:73 android.view.SyncRtSurfaceTransactionApplier.$r8$lambda$afI4fXg3U3-nBZQEDQMiNy-B06s:0
04-15 09:53:09.780  1542  4025 I WindowManager: Relayout Window{3b069f9 u0 com.google.android.calendar/com.google.android.calendar.allinone.AllInOneCalendarActivity}: viewVisibility=0 req=720x1544 ty=1 d0
04-15 09:53:09.780  1151  2479 I SurfaceFlinger: id=18359 createSurf, flag=44004, com.google.android.calendar/com.google.android.calendar.allinone.AllInOneCalendarActivity$_3979#18359
04-15 09:53:09.781  1151  1151 I SurfaceFlinger: [com.google.android.calendar/com.google.android.calendar.allinone.AllInOneCalendarActivity$_3979#18359] attach to parent LayerHierarchy{RequestedLayerState{3b069f9 com.google.android.calendar/com.google.android.calendar.allinone.AllInOneCalendarActivity#18358 parentId=16293} 1 children}
04-15 09:53:09.782  1542  4025 D SurfaceComposerClient: setCornerRadius ## febb356 Splash Screen com.google.android.calendar#18351 cornerRadius=0.000000
04-15 09:53:09.782  1542  4025 D SurfaceComposerClient: setCornerRadius ## 3b069f9 com.google.android.calendar/com.google.android.calendar.allinone.AllInOneCalendarActivity#18358 cornerRadius=0.000000
04-15 09:53:09.783  1542  4025 D SurfaceComposerClient: setCornerRadius ## febb356 Splash Screen com.google.android.calendar#18351 cornerRadius=0.000000
04-15 09:53:09.783  1542  4025 D SurfaceComposerClient: setCornerRadius ## 3b069f9 com.google.android.calendar/com.google.android.calendar.allinone.AllInOneCalendarActivity#18358 cornerRadius=0.000000
04-15 09:53:09.784  1151  2479 I SurfaceFlinger: id=18360 createSurf, flag=24000, Surface(name=3edafdc StatusBar)/@0x3b919ed - animation-leash of insets_animation#18360
04-15 09:53:09.785  1151  2479 I SurfaceFlinger: id=18361 createSurf, flag=24000, Surface(name=8c5cec7 NavigationBar0)/@0xa68870 - animation-leash of insets_animation#18361
04-15 09:53:09.786  1542  4025 I SystemKeyManager: requested systemKeyInfo size=1 focusedWindow=com.google.android.calendar/com.google.android.calendar.allinone.AllInOneCalendarActivity
04-15 09:53:09.786  1542  4025 I SystemKeyManager: requested systemKeyInfo size=1 focusedWindow=com.google.android.calendar/com.google.android.calendar.allinone.AllInOneCalendarActivity
04-15 09:53:09.787  1151  1151 I SurfaceFlinger: [Surface(name=3edafdc StatusBar)/@0x3b919ed - animation-leash of insets_animation#18360] attach to parent LayerHierarchy{RequestedLayerState{WindowToken{7a8fc4f type=2000 android.os.BinderProxy@a9d7329}#94 parentId=17} 2 children}
04-15 09:53:09.787  1151  1151 I SurfaceFlinger: [Surface(name=8c5cec7 NavigationBar0)/@0xa68870 - animation-leash of insets_animation#18361] attach to parent LayerHierarchy{RequestedLayerState{WindowToken{fc018e2 type=2019 android.os.BinderProxy@bda3ac4}#90 parentId=34} 2 children}
04-15 09:53:09.787  1542  4025 I WindowManager: Relayout hash=3b069f9, pid=3979, syncId=-1: mAttrs={(0,0)(fillxfill) sim={adjust=pan} layoutInDisplayCutoutMode=always ty=BASE_APPLICATION wanim=0x1030317
04-15 09:53:09.787  1542  4025 I WindowManager:   fl=81810100
04-15 09:53:09.787  1542  4025 I WindowManager:   pfl=100088c0
04-15 09:53:09.787  1542  4025 I WindowManager:   vsysui=700
04-15 09:53:09.787  1542  4025 I WindowManager:   bhv=1
04-15 09:53:09.787  1542  4025 I WindowManager:   fitSides=0
04-15 09:53:09.787  1542  4025 I WindowManager:   frameRateBoostOnTouch=true
04-15 09:53:09.787  1542  4025 I WindowManager:   dvrrWindowFrameRateHint=true naviIconColor=0}
04-15 09:53:09.789  2000  2195 I VRI[test]@7a691c8: mWNT: t=0xb4000074fc723b90 mBlastBufferQueue=0xb40000741cff9040 fn= 7 HdrRenderState mRenderHdrSdrRatio=1.0 caller= android.view.SyncRtSurfaceTransactionApplier.applyTransaction:100 android.view.SyncRtSurfaceTransactionApplier.lambda$scheduleApply$0:73 android.view.SyncRtSurfaceTransactionApplier.$r8$lambda$afI4fXg3U3-nBZQEDQMiNy-B06s:0
04-15 09:53:09.790  3979  3979 I BLASTBufferQueue_Java: new BLASTBufferQueue, mName= VRI[AllInOneCalendarActivity]@f52f197 mNativeObject= 0xb40000741c5758b0 caller= android.view.ViewRootImpl.updateBlastSurfaceIfNeeded:3585 android.view.ViewRootImpl.relayoutWindow:11685 android.view.ViewRootImpl.performTraversals:4804 android.view.ViewRootImpl.doTraversal:3924 android.view.ViewRootImpl$TraversalRunnable.run:12903 android.view.Choreographer$CallbackRecord.run:1901 android.view.Choreographer$CallbackRecord.run:1910 android.view.Choreographer.doCallbacks:1367 android.view.Choreographer.doFrame:1292 android.view.Choreographer$FrameDisplayEventReceiver.run:1870
04-15 09:53:09.790  3979  3979 I BLASTBufferQueue_Java: update, w= 720 h= 1544 mName = VRI[AllInOneCalendarActivity]@f52f197 mNativeObject= 0xb40000741c5758b0 sc.mNativeObject= 0xb40000751c506610 format= -1 caller= android.view.ViewRootImpl.updateBlastSurfaceIfNeeded:3590 android.view.ViewRootImpl.relayoutWindow:11685 android.view.ViewRootImpl.performTraversals:4804 android.view.ViewRootImpl.doTraversal:3924 android.view.ViewRootImpl$TraversalRunnable.run:12903 android.view.Choreographer$CallbackRecord.run:1901
04-15 09:53:09.791  3979  3979 I VRI[AllInOneCalendarActivity]@f52f197: Relayout returned: old=(0,0,720,1544) new=(0,0,720,1544) relayoutAsync=false req=(720,1544)0 dur=10 res=0x3 s={true 0xb40000748c58b200} ch=true seqId=0
04-15 09:53:09.791  3979  3979 I VRI[AllInOneCalendarActivity]@f52f197: performConfigurationChange setNightDimText nightDimLevel=0
04-15 09:53:09.791  3979  3979 D VRI[AllInOneCalendarActivity]@f52f197: mThreadedRenderer.initialize() mSurface={isValid=true 0xb40000748c58b200} hwInitialized=true
04-15 09:53:09.795  1542  4025 I WindowManager: Relayout Window{5f213b1 u0 Splash Screen com.catfact.app.test}: viewVisibility=8 req=720x1544 ty=3 d0
04-15 09:53:09.796  1151  1151 I SurfaceFlinger: [LayerHierarchy{RequestedLayerState{8c5cec7 NavigationBar0#91 parentId=18361} 1 children}] reparent to LayerHierarchy{RequestedLayerState{Surface(name=8c5cec7 NavigationBar0)/@0xa68870 - animation-leash of insets_animation#18361 parentId=90} 1 children}
04-15 09:53:09.796  1151  1151 I SurfaceFlinger: [LayerHierarchy{RequestedLayerState{3edafdc StatusBar#95 parentId=18360} 1 children}] reparent to LayerHierarchy{RequestedLayerState{Surface(name=3edafdc StatusBar)/@0x3b919ed - animation-leash of insets_animation#18360 parentId=94} 1 children}
04-15 09:53:09.796  1151  1151 I SurfaceFlinger: [LayerHierarchy{RequestedLayerState{Surface(name=8c5cec7 NavigationBar0)/@0xa68870 - animation-leash of insets_animation#18356} no children}] reparent to OffscreenRoot
04-15 09:53:09.796  1151  1151 I SurfaceFlinger: [LayerHierarchy{RequestedLayerState{Surface(name=8c5cec7 NavigationBar0)/@0xa68870 - animation-leash of insets_animation#18356} no children}] RelativeParent to null
04-15 09:53:09.796  1151  1151 I SurfaceFlinger: [LayerHierarchy{RequestedLayerState{Surface(name=3edafdc StatusBar)/@0x3b919ed - animation-leash of insets_animation#18355} no children}] reparent to OffscreenRoot
04-15 09:53:09.796  1542  4025 D SurfaceComposerClient: setCornerRadius ## febb356 Splash Screen com.google.android.calendar#18351 cornerRadius=0.000000
04-15 09:53:09.796  1151  1151 I SurfaceFlinger: [LayerHierarchy{RequestedLayerState{Surface(name=3edafdc StatusBar)/@0x3b919ed - animation-leash of insets_animation#18355} no children}] RelativeParent to null
04-15 09:53:09.796  1542  4025 D SurfaceComposerClient: setCornerRadius ## 3b069f9 com.google.android.calendar/com.google.android.calendar.allinone.AllInOneCalendarActivity#18358 cornerRadius=0.000000
04-15 09:53:09.796  1542  4025 D SurfaceComposerClient: setCornerRadius ## febb356 Splash Screen com.google.android.calendar#18351 cornerRadius=0.000000
04-15 09:53:09.796  1542  4025 D SurfaceComposerClient: setCornerRadius ## 3b069f9 com.google.android.calendar/com.google.android.calendar.allinone.AllInOneCalendarActivity#18358 cornerRadius=0.000000
04-15 09:53:09.797  1542  4025 I WindowManager: Relayout hash=5f213b1, pid=2000, syncId=-1: mAttrs={(0,0)(fillxfill) sim={adjust=pan} layoutInDisplayCutoutMode=always ty=APPLICATION_STARTING fmt=TRANSLUCENT
04-15 09:53:09.797  1542  4025 I WindowManager:   fl=81030118
04-15 09:53:09.797  1542  4025 I WindowManager:   pfl=10000810
04-15 09:53:09.797  1542  4025 I WindowManager:   apr=18
04-15 09:53:09.797  1542  4025 I WindowManager:   bhv=1
04-15 09:53:09.797  1542  4025 I WindowManager:   fitSides=0
04-15 09:53:09.797  1542  4025 I WindowManager:   frameRateBoostOnTouch=true
04-15 09:53:09.797  1542  4025 I WindowManager:   dvrrWindowFrameRateHint=true naviIconColor=0}
04-15 09:53:09.798  2000  2120 I VRI[test]@7a691c8: onActiveControlsChanged, removed=false, mAdded=true, caller=android.view.ViewRootImpl.handleInsetsControlChanged:3002 android.view.ViewRootImpl.relayoutWindow:11629 android.view.ViewRootImpl.performTraversals:4804 android.view.ViewRootImpl.doTraversal:3924 android.view.ViewRootImpl$TraversalRunnable.run:12903
04-15 09:53:09.799  2000  2120 I VRI[test]@7a691c8: Relayout returned: old=(0,0,720,1544) new=(0,0,720,1544) relayoutAsync=false req=(720,1544)8 dur=4 res=0x2 s={false 0x0} ch=true seqId=0
04-15 09:53:09.799  2000  2120 D VRI[test]@7a691c8: Not drawing due to not visible. Reason=View.GONE
04-15 09:53:09.799  3979  3979 W View    : requestLayout() improperly called by com.google.android.material.textview.MaterialTextView{2c73ba V.ED..... ......ID 0,0-90,105 #7f0b01cc app:id/date_picker_text_view} during layout: running second layout pass
04-15 09:53:09.799  2000  2120 I VRI[test]@7a691c8: dispatchDetachedFromWindow
04-15 09:53:09.799  3979  3979 D VRI[AllInOneCalendarActivity]@f52f197: reportNextDraw android.view.ViewRootImpl.performTraversals:5443 android.view.ViewRootImpl.doTraversal:3924 android.view.ViewRootImpl$TraversalRunnable.run:12903 android.view.Choreographer$CallbackRecord.run:1901 android.view.Choreographer$CallbackRecord.run:1910
04-15 09:53:09.799  3979  3979 D VRI[AllInOneCalendarActivity]@f52f197: Canceling draw. cancelDueToPreDrawListener=true cancelDueToSync=false
04-15 09:53:09.799  1542  4001 D InputTransport: Input channel destroyed: '5f213b1', fd=1277
04-15 09:53:09.800  1542  4001 D SurfaceComposerClient: setCornerRadius ## febb356 Splash Screen com.google.android.calendar#18351 cornerRadius=0.000000
04-15 09:53:09.800  1542  4001 D SurfaceComposerClient: setCornerRadius ## 3b069f9 com.google.android.calendar/com.google.android.calendar.allinone.AllInOneCalendarActivity#18358 cornerRadius=0.000000
04-15 09:53:09.800  1542  4001 D SurfaceComposerClient: setCornerRadius ## febb356 Splash Screen com.google.android.calendar#18351 cornerRadius=0.000000
04-15 09:53:09.800  1542  4001 D SurfaceComposerClient: setCornerRadius ## 3b069f9 com.google.android.calendar/com.google.android.calendar.allinone.AllInOneCalendarActivity#18358 cornerRadius=0.000000
04-15 09:53:09.801  2000  2120 D InputTransport: Input channel destroyed: '5f213b1', fd=589
04-15 09:53:09.803  2000  2120 I VRI[calendar]@ece70be: onActiveControlsChanged, removed=false, mAdded=true, caller=android.view.ViewRootImpl.handleInsetsControlChanged:3002 android.view.ViewRootImpl$ViewRootHandler.handleMessageImpl:8352 android.view.ViewRootImpl$ViewRootHandler.handleMessage:8301 android.os.Handler.dispatchMessage:110 android.os.Looper.loopOnce:273
04-15 09:53:09.803  1151  1378 I SurfaceFlinger: id=18355 Removed Surface(name=3edafdc StatusBar)/@0x3b919ed - animation-leash of insets_animation#18355 (192)
04-15 09:53:09.803  1151  1378 I SurfaceFlinger: id=18356 Removed Surface(name=8c5cec7 NavigationBar0)/@0xa68870 - animation-leash of insets_animation#18356 (192)
04-15 09:53:09.804  1151  1151 I SurfaceFlinger: destroyed Surface(name=8c5cec7 NavigationBar0)/@0xa68870 - animation-leash of insets_animation#18356
04-15 09:53:09.804  1151  1151 I SurfaceFlinger: destroyed Surface(name=3edafdc StatusBar)/@0x3b919ed - animation-leash of insets_animation#18355
04-15 09:53:09.804  1151  1338 D SurfaceFlinger: [input] setFocusedWindow: 3b069f9 com.google.android.calendar/com.google.android.calendar.allinone.AllInOneCalendarActivity
04-15 09:53:09.804  1542  2162 D InputDispatcher: Once focus requested (0): 3b069f9 com.google.android.calendar/com.google.android.calendar.allinone.AllInOneCalendarActivity
04-15 09:53:09.804  1542  2162 D InputDispatcher: Focus request (0): 3b069f9 com.google.android.calendar/com.google.android.calendar.allinone.AllInOneCalendarActivity but waiting because NO_WINDOW
04-15 09:53:09.805  1151  1151 I Layer   : id=18356 Destroyed Surface(name=8c5cec7 NavigationBar0)/@0xa68870 - animation-leash of insets_animation#18356
04-15 09:53:09.805  1151  1151 I Layer   : id=18355 Destroyed Surface(name=3edafdc StatusBar)/@0x3b919ed - animation-leash of insets_animation#18355
04-15 09:53:09.806  1218  6568 I CameraService: onUidStateChanged: uid=10048, procState is changed. (1 -> 0)
04-15 09:53:09.807  1542  1585 D SurfaceComposerClient: setCornerRadius ## febb356 Splash Screen com.google.android.calendar#18351 cornerRadius=0.000000
04-15 09:53:09.807  1542  1585 D SurfaceComposerClient: setCornerRadius ## 3b069f9 com.google.android.calendar/com.google.android.calendar.allinone.AllInOneCalendarActivity#18358 cornerRadius=0.000000
04-15 09:53:09.808  3979  3979 D AppWidgetProvider: onReceive:com.google.android.calendar.ACTION_CALENDAR_PROVIDER_CHANGED
04-15 09:53:09.808  2000  2000 D SystemUIService: SYSUI_RAM_OPTIMIZATION onTrimMemory=20
04-15 09:53:09.809  2000  2000 D CentralSurfaces: SYSUI_RAM_OPTIMIZATION onTrimMemory=20
04-15 09:53:09.809 18219 18292 I DigitalKey: [GmsCarKeyFwWorker] runCheckComponentAvailability interval count = 13
04-15 09:53:09.810 18219 18292 I DigitalKey: [GmsCarKeyFwWorker] runCheckComponentAvailability disabled yet (count=13)
04-15 09:53:09.810 18219 18292 I DigitalKey: [GmsCarKeyFwWorker] runCheckComponentAvailability interval count = 13
04-15 09:53:09.810 18219 18292 I DigitalKey: [GmsCarKeyFwWorker] runCheckComponentAvailability disabled yet (count=13)
04-15 09:53:09.810  2000  2196 D HWUI    : CacheManager::trimMemory(20)
04-15 09:53:09.812  1151  1151 I SurfaceFlinger: RequestedLayer [Splash Screen com.catfact.app.test$_2000#18343] hidden!! flag  from(0) --> to(1)
04-15 09:53:09.812  1151  1151 I SurfaceFlinger: [LayerHierarchy{RequestedLayerState{Surface(name=1373d2a com.catfact.app.test/androidx.test.core.app.InstrumentationActivityInvoker$EmptyActivity)/@0xf6794b6 - animation-leash of starting_reveal#18357} 1 children}] reparent to OffscreenRoot
04-15 09:53:09.812  1151  1151 I SurfaceFlinger: [LayerHierarchy{RequestedLayerState{Surface(name=1373d2a com.catfact.app.test/androidx.test.core.app.InstrumentationActivityInvoker$EmptyActivity)/@0xf6794b6 - animation-leash of starting_reveal#18357} 1 children}] RelativeParent to null
04-15 09:53:09.812  1151  1151 I SurfaceFlinger: [LayerHierarchy{RequestedLayerState{1373d2a com.catfact.app.test/androidx.test.core.app.InstrumentationActivityInvoker$EmptyActivity#18345 parentId=18341} 1 children}] reparent to LayerHierarchy{RequestedLayerState{ActivityRecord{247465683 u0 com.catfact.app.test/androidx.test.core.app.InstrumentationActivityInvoker$EmptyActivity t3865}#18341 parentId=18340} 3 children}
04-15 09:53:09.813  3979  3979 I AppWidgetManager: updateAppWidget() appWidgetIds = [11]
04-15 09:53:09.814  1542  2162 I AppWidgetServiceImpl: Null RemoteViews on updateAppWidgetIds
04-15 09:53:09.815 18219 18292 I DigitalKey: [GmsCarKeyFwWorker] runCheckComponentAvailability interval count = 13
04-15 09:53:09.815 18219 18292 I DigitalKey: [GmsCarKeyFwWorker] runCheckComponentAvailability disabled yet (count=13)
04-15 09:53:09.816  3979  3979 I InsetsSourceConsumer: applyRequestedVisibilityToControl: visible=true, type=statusBars, host=com.google.android.calendar/com.google.android.calendar.allinone.AllInOneCalendarActivity
04-15 09:53:09.817  3979  3979 I InsetsSourceConsumer: applyRequestedVisibilityToControl: visible=true, type=navigationBars, host=com.google.android.calendar/com.google.android.calendar.allinone.AllInOneCalendarActivity
04-15 09:53:09.818  3979  3979 D WindowLayoutComponentImpl: Register WindowLayoutInfoListener on Context=com.google.android.calendar.allinone.AllInOneCalendarActivity@8c8c5b2, of which baseContext=cal.ym@680a827, of which baseContext=android.app.ContextImpl@d2daad4
04-15 09:53:09.821  1151  1151 D SurfaceFlinger: Display 4633128672291735999 HWC layers:
04-15 09:53:09.821  1151  1151 D SurfaceFlinger:        DEVICE |            8589934655709 | 00002100 | RGBA_8888    |  116.0    0.0  720.0 1544.0 |    0    0  604 1544 | Splash Screen com.google.android.calendar$_2000#18352 (1)
04-15 09:53:09.821  1151  1151 D SurfaceFlinger:   SOLID_COLOR |                        0 | 00000000 | N/A          |    0.0    0.0    0.0    0.0 |    0    0  720 1544 | DimTransitionLayer for Surface(name=Task=3865)/@0x21444e9#18354 (0)
04-15 09:53:09.821  1151  1151 D SurfaceFlinger:        DEVICE |           80049600462852 | 00002102 | RGBA_8888    |    0.0    0.0  370.0 1544.0 |  350    0  720 1544 | com.catfact.app.test/androidx.test.c[...]tyInvoker$EmptyActivity$_18638#18350 (1)
04-15 09:53:09.821  1151  1151 D SurfaceFlinger:        DEVICE |            8589934654687 | 00002100 | RGBA_8888    |    0.0    0.0  720.0   50.0 |    0    0  720   50 | StatusBar$_2000#102 (26050)
04-15 09:53:09.821  1151  1151 D SurfaceFlinger:        DEVICE |           10569914518889 | 00002100 | RGBA_8888    |    0.0    0.0   67.0  353.0 |  653  192  720  545 | com.sec.android.app.launcher/com.sam[...]l.app.CocktailBarService$_2461#16495 (1)
04-15 09:53:09.821  1151  1151 D SurfaceFlinger:        DEVICE |            8589934654693 | 00002100 | RGBA_8
04-15 09:53:09.821  1151  1151 D SurfaceFlinger: 888    |    0.0    0.0  720.0   90.0 |    0 1454  720 1544 | NavigationBar0$_2000#98 (16851)
04-15 09:53:09.821  1151  1151 D SurfaceFlinger:
04-15 09:53:09.828  3979  3979 D AppWidgetProvider: onReceive:com.google.android.calendar.ACTION_CALENDAR_PROVIDER_CHANGED
04-15 09:53:09.830  3979  4895 I SyncerLog: [37] Total requests: 1 (plus 0 retried)
04-15 09:53:09.830  3979  4895 I SyncerLog: [37] Sync Result: SUCCESS
04-15 09:53:09.831  3979  3979 I AppWidgetManager: updateAppWidget() appWidgetIds = [11]
04-15 09:53:09.831  1542  4001 I AppWidgetServiceImpl: Null RemoteViews on updateAppWidgetIds
04-15 09:53:09.840  3756  3756 I InputMethodService: removeImeSurface
04-15 09:53:09.840  3756  3756 I InputMethodService: cancelImeSurfaceRemoval: removeCallbacks
04-15 09:53:09.861  3979  3979 D AppWidgetProvider: onReceive:com.google.android.calendar.ACTION_CALENDAR_PROVIDER_CHANGED
04-15 09:53:09.864  3979  3979 I AppWidgetManager: updateAppWidget() appWidgetIds = [11]
04-15 09:53:09.865  1542  2162 I AppWidgetServiceImpl: Null RemoteViews on updateAppWidgetIds
04-15 09:53:09.878  3979  3979 D AppWidgetProvider: onReceive:com.google.android.calendar.ACTION_CALENDAR_PROVIDER_CHANGED
04-15 09:53:09.882  3979  3979 I AppWidgetManager: updateAppWidget() appWidgetIds = [11]
04-15 09:53:09.882  1542  2162 I AppWidgetServiceImpl: Null RemoteViews on updateAppWidgetIds
04-15 09:53:09.894  3979  3979 D AppWidgetProvider: onReceive:com.google.android.calendar.ACTION_CALENDAR_PROVIDER_CHANGED
04-15 09:53:09.895  1151  1151 E SurfaceFlinger: alpha changed 0.010 -> 0.000 - DimTransitionLayer for Surface(name=Task=3865)/@0x21444e9#18354
04-15 09:53:09.897  3979  3979 I AppWidgetManager: updateAppWidget() appWidgetIds = [11]
04-15 09:53:09.898  1542  4025 I AppWidgetServiceImpl: Null RemoteViews on updateAppWidgetIds
04-15 09:53:09.903  1151  1151 D SurfaceFlinger: Display 4633128672291735999 HWC layers:
04-15 09:53:09.903  1151  1151 D SurfaceFlinger:        DEVICE |            8589934655709 | 00002100 | RGBA_8888    |   40.0    0.0  720.0 1544.0 |    0    0  680 1544 | Splash Screen com.google.android.calendar$_2000#18352 (1)
04-15 09:53:09.903  1151  1151 D SurfaceFlinger:        DEVICE |           80049600462852 | 00002102 | RGBA_8888    |    0.0    0.0  127.0 1544.0 |  593    0  720 1544 | com.catfact.app.test/androidx.test.c[...]tyInvoker$EmptyActivity$_18638#18350 (1)
04-15 09:53:09.903  1151  1151 D SurfaceFlinger:        DEVICE |            8589934654687 | 00002100 | RGBA_8888    |    0.0    0.0  720.0   50.0 |    0    0  720   50 | StatusBar$_2000#102 (26058)
04-15 09:53:09.903  1151  1151 D SurfaceFlinger:        DEVICE |           10569914518889 | 00002100 | RGBA_8888    |    0.0    0.0   67.0  353.0 |  653  192  720  545 | com.sec.android.app.launcher/com.sam[...]l.app.CocktailBarService$_2461#16495 (1)
04-15 09:53:09.903  1151  1151 D SurfaceFlinger:        DEVICE |            8589934654705 | 00002100 | RGBA_8888    |    0.0    0.0  720.0   90.0 |    0 1454  720 1544 | NavigationBar0$_2000#98 (16860)
04-15 09:53:09.903  1151  1151 D SurfaceFlinger:
04-15 09:53:09.923  2185  2639 D IpClient/wlan0: addressUpdated: fd4c:4b32:3031:0:e889:d8ff:fe82:aeed/64 on ifindex 25 flags 0x00000100 scope 0
04-15 09:53:09.924  2185  2639 D IpClient/wlan0: addressUpdated: fd4c:4b32:3031:0:653:bbf3:6190:b847/64 on ifindex 25 flags 0x00000001 scope 0
04-15 09:53:09.924  2185  2639 W AlarmManager: Unrecognized alarm listener com.android.networkstack.android.net.ip.IpClientLinkObserver$Dhcp6PdPreferredPrefixAlarmListener@f30c542
04-15 09:53:09.924  2185  2639 D IpClient/wlan0: addressUpdated: 2a02:a45d:3d16:0:e889:d8ff:fe82:aeed/64 on ifindex 25 flags 0x00000100 scope 0
04-15 09:53:09.924  2185  2639 D IpClient/wlan0: addressUpdated: 2a02:a45d:3d16:0:ac7:e88c:3bbc:7a4e/64 on ifindex 25 flags 0x00000001 scope 0
04-15 09:53:09.924  2185  2639 W AlarmManager: Unrecognized alarm listener com.android.networkstack.android.net.ip.IpClientLinkObserver$Dhcp6PdPreferredPrefixAlarmListener@f30c542
04-15 09:53:09.925  2216  2216 I EPDG -- SIM0 [EpdgIntfCont]: sendInterfaceMessage, not mobile, ignore
04-15 09:53:09.925  2216  2216 I EPDG -- SIM0 [EpdgIntfCont]: sendInterfaceMessage, not mobile, ignore
04-15 09:53:09.925  2216  2216 I EPDG -- SIM0 [EpdgIntfCont]: sendInterfaceMessage, not mobile, ignore
04-15 09:53:09.926  2216  2216 I EPDG -- SIM1 [EpdgIntfCont]: sendInterfaceMessage, not mobile, ignore
04-15 09:53:09.926  1027  1067 W Netd    : No subsystem found in netlink event
04-15 09:53:09.926  2216  2216 I EPDG -- SIM1 [EpdgIntfCont]: sendInterfaceMessage, not mobile, ignore
04-15 09:53:09.926  2216  2216 I EPDG -- SIM1 [EpdgIntfCont]: sendInterfaceMessage, not mobile, ignore
04-15 09:53:09.926  2216  2216 I EPDG -- SIM1 [EpdgIntfCont]: sendInterfaceMessage, not mobile, ignore
04-15 09:53:09.926  2216  2216 I EPDG -- SIM0 [EpdgIntfCont]: sendInterfaceMessage, not mobile, ignore
04-15 09:53:09.926  2185  2639 D ApfFilter: (wlan0): Adding RA fe80::6e99:61ff:feee:1330 -> ff02::1 180s fd4c:4b32:3031::/64 900s/300s 2a02:a45d:3d16::/64 86400s/600s DNS 60s 2a02:a45d:3d16:0:6e99:61ff:feee:1330
04-15 09:53:09.929  1056  1056 D WifiHAL : Setting APF program, halHandle = 0xb4000070e7a6b8d0
04-15 09:53:09.929  1056  1056 I WifiHAL : createRequest: APF set program request
04-15 09:53:09.929  1048  1048 I android.hardware.health@2.1-service-samsung: updateLrpSysfs: write: 346
04-15 09:53:09.930  1059 18724 I HYPER-HAL: [RequestManager.cpp]releaseLocked(): Released ID : 1223852
04-15 09:53:09.939  1542  2472 D SyncManager: userId - 0 auto - true
04-15 09:53:09.945  1056  1056 I WifiHAL : Done!
04-15 09:53:09.948  3979 18669 I Kumiho-Kumiho: getPackageName: com.google.android.syncadapters.calendar
04-15 09:53:09.949  3979 18669 I Kumiho-Kumiho: getPackageName: com.google.android.syncadapters.calendar
04-15 09:53:09.954  1542  2472 D SyncManager: userId - 0 auto - true
04-15 09:53:09.969  3979  3979 W afzt    : Disc account not the same as selected account.
04-15 09:53:09.973  1542  4025 D SyncManager: userId - 0 auto - true
04-15 09:53:09.980  2461  2461 I HoneySpace.EdgePanel.EdgeVisibilityRepository: getComputedTrayVisible : keyguardState = 1
04-15 09:53:09.980  2461  2461 I HoneySpace.EdgePanel.EdgeVisibilityRepository: updateTrayVisible: State = 0x1, visible = true, current containerState = 0, specificMode = 0
04-15 09:53:09.980  2461  2461 I HoneySpace.EdgePanel.EdgeVisibilityRepository: Same container state 0
04-15 09:53:09.992  1542  2477 D SyncManager: userId - 0 auto - true
04-15 09:53:10.055  1151  1151 D SurfaceFlinger: GPIS:: requestGpisForClientComposition
04-15 09:53:10.079  1048  1071 E BatteryDump: !@new_battery_dump : 4234,-498,1300,3150,100,328,308,388,328,0,337,343,0,Full,NO_CHARGING,Additional,Good,USB_CDP,2,Normal,0,0,5399,0x8000,0x20000,0x0,0,0,0000,0000,00000000,0,0,0,0,1050,4261,10000,990,0,
04-15 09:53:10.139  2000  2105 I SurfaceControlRegistry: apply, t=FinishTransaction_SyncId<1642>, caller=android.view.SurfaceControl$Transaction.apply:3459 android.view.SurfaceControl$Transaction.apply:3447 android.view.SurfaceControl$Transaction.apply:3397 com.android.wm.shell.transition.Transitions.onFinish:315 com.android.wm.shell.transition.Transitions$$ExternalSyntheticLambda7.onTransitionFinished:12 com.android.wm.shell.transition.DefaultTransitionHandler$$ExternalSyntheticLambda2.run:36
04-15 09:53:10.145  1151  1151 D SurfaceFlinger: Display 4633128672291735999 HWC layers:
04-15 09:53:10.145  1151  1151 D SurfaceFlinger:        DEVICE |            8589934655709 | 00002100 | RGBA_8888    |    0.0    0.0  720.0 1544.0 |    0    0  720 1544 | Splash Screen com.google.android.calendar$_2000#18352 (1)
04-15 09:53:10.145  1151  1151 D SurfaceFlinger:        DEVICE |            8589934654687 | 00002100 | RGBA_8888    |    0.0    0.0  720.0   50.0 |    0    0  720   50 | StatusBar$_2000#102 (26058)
04-15 09:53:10.145  1151  1151 D SurfaceFlinger:        DEVICE |           10569914518889 | 00002100 | RGBA_8888    |    0.0    0.0   67.0  353.0 |  653  192  720  545 | com.sec.android.app.launcher/com.sam[...]l.app.CocktailBarService$_2461#16495 (1)
04-15 09:53:10.145  1151  1151 D SurfaceFlinger:        DEVICE |            8589934654705 | 00002100 | RGBA_8888    |    0.0    0.0  720.0   90.0 |    0 1454  720 1544 | NavigationBar0$_2000#98 (16860)
04-15 09:53:10.145  1151  1151 D SurfaceFlinger:
04-15 09:53:10.146  1151  1151 I SurfaceFlinger: RequestedLayer [Task=3865#18340] hidden!! flag  from(0) --> to(1)
04-15 09:53:10.146  1151  1151 I SurfaceFlinger: [LayerHierarchy{RequestedLayerState{Task=3801#16292 parentId=10 z=14} 1 children}] reparent to LayerHierarchy{RequestedLayerState{DefaultTaskDisplayArea_d0#10 parentId=9} 17 children}
04-15 09:53:10.146 18638 18638 I VRI[InstrumentationActivityInvoker$EmptyActivity]@c813050: handleAppVisibility mAppVisible = true visible = false
04-15 09:53:10.146  1151  1151 I SurfaceFlinger: [LayerHierarchy{RequestedLayerState{Task=3865#18340 parentId=10 z=13} 2 children}] reparent to LayerHierarchy{RequestedLayerState{DefaultTaskDisplayArea_d0#10 parentId=9} 18 children}
04-15 09:53:10.146 18638 18638 D VRI[InstrumentationActivityInvoker$EmptyActivity]@c813050: visibilityChanged oldVisibility=true newVisibility=false
04-15 09:53:10.146  1151  1151 I SurfaceFlinger: [LayerHierarchy{RequestedLayerState{Transition Root: Task=3801#18353 z=14} 1 children}] reparent to OffscreenRoot
04-15 09:53:10.146  1151  1151 I SurfaceFlinger: [LayerHierarchy{RequestedLayerState{Transition Root: Task=3801#18353 z=14} 1 children}] RelativeParent to null
04-15 09:53:10.146  1151  1151 I SurfaceFlinger: [LayerHierarchy{RequestedLayerState{DimTransitionLayer for Surface(name=Task=3865)/@0x21444e9#18354 z=-1} no children}] reparent to OffscreenRoot
04-15 09:53:10.146  1151  1151 I SurfaceFlinger: [LayerHierarchy{RequestedLayerState{DimTransitionLayer for Surface(name=Task=3865)/@0x21444e9#18354 z=-1} no children}] RelativeParent to null
04-15 09:53:10.148  1151  1151 I SurfaceFlinger: id=18354 Removed DimTransitionLayer for Surface(name=Task=3865)/@0x21444e9#18354 (190)
04-15 09:53:10.148  1542  2162 D SurfaceComposerClient: setCornerRadius ## febb356 Splash Screen com.google.android.calendar#18351 cornerRadius=0.000000
04-15 09:53:10.148  1151  1151 I SurfaceFlinger: id=18353 Removed Transition Root: Task=3801#18353 (190)
04-15 09:53:10.148  1542  2162 D SurfaceComposerClient: setCornerRadius ## 3b069f9 com.google.android.calendar/com.google.android.calendar.allinone.AllInOneCalendarActivity#18358 cornerRadius=0.000000
04-15 09:53:10.149  1542  2162 D SurfaceComposerClient: setCornerRadius ## febb356 Splash Screen com.google.android.calendar#18351 cornerRadius=0.000000
04-15 09:53:10.149  1542  2162 D SurfaceComposerClient: setCornerRadius ## 3b069f9 com.google.android.calendar/com.google.android.calendar.allinone.AllInOneCalendarActivity#18358 cornerRadius=0.000000
04-15 09:53:10.153  2000  2000 D SystemUIService: SYSUI_RAM_OPTIMIZATION onTrimMemory=20
04-15 09:53:10.153  2000  2000 D CentralSurfaces: SYSUI_RAM_OPTIMIZATION onTrimMemory=20
04-15 09:53:10.154  1151  1151 I SurfaceFlinger: [Display 0 name="Built-in Screen"#49] setFrameRateCategory: Default
04-15 09:53:10.154  1151  1151 I SurfaceFlinger: RequestedLayer [com.catfact.app.test/androidx.test.c[...]tyInvoker$EmptyActivity$_18638#18350] hidden!! flag  from(0) --> to(1)
04-15 09:53:10.154  1151  1151 I SurfaceFlinger: RequestedLayer [ActivityRecord{247465683 u0 com.catf[...]tyInvoker$EmptyActivity t3865}#18341] hidden!! flag  from(0) --> to(1)
04-15 09:53:10.154  1151  1151 I SurfaceFlinger: destroyed Transition Root: Task=3801#18353
04-15 09:53:10.154  1151  1151 I SurfaceFlinger: destroyed DimTransitionLayer for Surface(name=Task=3865)/@0x21444e9#18354
