04-15 09:53:10.154  1151  1151 I SurfaceFlinger: [LayerHierarchy{RequestedLayerState{5f213b1 Splash Screen com.catfact.app.test#18342 z=2147483647} 1 children}] reparent to OffscreenRoot
04-15 09:53:10.154  1151  1151 I SurfaceFlinger: [LayerHierarchy{RequestedLayerState{5f213b1 Splash Screen com.catfact.app.test#18342 z=2147483647} 1 children}] RelativeParent to null
04-15 09:53:10.154  1151  1151 I SurfaceFlinger: [LayerHierarchy{RequestedLayerState{Splash Screen com.catfact.app.test$_2000#18343} no children}] reparent to OffscreenRoot
04-15 09:53:10.154  1151  1151 I SurfaceFlinger: [LayerHierarchy{RequestedLayerState{Splash Screen com.catfact.app.test$_2000#18343} no children}] RelativeParent to null
04-15 09:53:10.154  1542  1585 D SurfaceComposerClient: setCornerRadius ## febb356 Splash Screen com.google.android.calendar#18351 cornerRadius=0.000000
04-15 09:53:10.154  1542  1585 D SurfaceComposerClient: setCornerRadius ## 3b069f9 com.google.android.calendar/com.google.android.calendar.allinone.AllInOneCalendarActivity#18358 cornerRadius=0.000000
04-15 09:53:10.155  2000  2196 D HWUI    : CacheManager::trimMemory(20)
04-15 09:53:10.155 18638 18653 D HWUI    : CacheManager::trimMemory(20)
04-15 09:53:10.156  1151  1151 I Layer   : id=18353 Destroyed Transition Root: Task=3801#18353
04-15 09:53:10.156  1151  1151 I Layer   : id=18354 Destroyed DimTransitionLayer for Surface(name=Task=3865)/@0x21444e9#18354
04-15 09:53:10.156  1151  1151 I SurfaceFlinger: id=18342 Removed 5f213b1 Splash Screen com.catfact.app.test#18342 (188)
04-15 09:53:10.156  1151  1151 I SurfaceFlinger: id=18343 Removed Splash Screen com.catfact.app.test$_2000#18343 (188)
04-15 09:53:10.158  1542  1585 D SurfaceComposerClient: setCornerRadius ## febb356 Splash Screen com.google.android.calendar#18351 cornerRadius=0.000000
04-15 09:53:10.158  1542  1585 D SurfaceComposerClient: setCornerRadius ## 3b069f9 com.google.android.calendar/com.google.android.calendar.allinone.AllInOneCalendarActivity#18358 cornerRadius=0.000000
04-15 09:53:10.159  2000  2000 D DisplayLifecycle: updateDisplay id = 0
04-15 09:53:10.160  2000  2125 D StackScroller: onDisplayChanged for predraw skip to 2
04-15 09:53:10.160  1542  4025 I WindowManager: Relayout Window{1373d2a u0 com.catfact.app.test/androidx.test.core.app.InstrumentationActivityInvoker$EmptyActivity}: viewVisibility=8 req=720x1544 ty=1 d0
04-15 09:53:10.160  1542  4025 D SurfaceComposerClient: setCornerRadius ## febb356 Splash Screen com.google.android.calendar#18351 cornerRadius=0.000000
04-15 09:53:10.160  1542  4025 D SurfaceComposerClient: setCornerRadius ## 3b069f9 com.google.android.calendar/com.google.android.calendar.allinone.AllInOneCalendarActivity#18358 cornerRadius=0.000000
04-15 09:53:10.160  1542  4025 D SurfaceComposerClient: setCornerRadius ## febb356 Splash Screen com.google.android.calendar#18351 cornerRadius=0.000000
04-15 09:53:10.160  1542  4025 D SurfaceComposerClient: setCornerRadius ## 3b069f9 com.google.android.calendar/com.google.android.calendar.allinone.AllInOneCalendarActivity#18358 cornerRadius=0.000000
04-15 09:53:10.161  2461  2474 I HoneySpace.Memory-Monitor: current state = 2, didTrim = false
04-15 09:53:10.162  1542  4025 I WindowManager: Relayout hash=1373d2a, pid=18638, syncId=-1: mAttrs={(0,0)(fillxfill) sim={adjust=pan forwardNavigation} layoutInDisplayCutoutMode=always ty=BASE_APPLICATION
04-15 09:53:10.162  1542  4025 I WindowManager:   fl=81810100
04-15 09:53:10.162  1542  4025 I WindowManager:   pfl=100088c0
04-15 09:53:10.162  1542  4025 I WindowManager:   bhv=1
04-15 09:53:10.162  1542  4025 I WindowManager:   fitSides=0
04-15 09:53:10.162  1542  4025 I WindowManager:   frameRateBoostOnTouch=true
04-15 09:53:10.162  1542  4025 I WindowManager:   dvrrWindowFrameRateHint=true naviIconColor=0}
04-15 09:53:10.162  1151  1151 I SurfaceFlinger: destroyed 5f213b1 Splash Screen com.catfact.app.test#18342
04-15 09:53:10.162  1151  1151 I SurfaceFlinger: destroyed Splash Screen com.catfact.app.test$_2000#18343
04-15 09:53:10.164  1151  1151 I Layer   : id=18342 Destroyed 5f213b1 Splash Screen com.catfact.app.test#18342
04-15 09:53:10.164  1151  1151 I Layer   : id=18343 Destroyed Splash Screen com.catfact.app.test$_2000#18343
04-15 09:53:10.167 18638 18638 I VRI[InstrumentationActivityInvoker$EmptyActivity]@c813050: Relayout returned: old=(0,0,720,1544) new=(0,0,720,1544) relayoutAsync=false req=(720,1544)8 dur=9 res=0x2 s={false 0x0} ch=true seqId=0
04-15 09:53:10.168 18638 18638 D VRI[InstrumentationActivityInvoker$EmptyActivity]@c813050: Not drawing due to not visible. Reason=!mAppVisible && !mForceDecorViewVisibility
04-15 09:53:10.266  1542  1553 I system_server: Background concurrent mark compact GC freed 38MB AllocSpace bytes, 157(5456KB) LOS objects, 24% free, 144MB/192MB, paused 2.383ms,10.238ms total 487.490ms
04-15 09:53:10.272  1542  1555 W System  : A resource failed to call release.
04-15 09:53:10.278  1542  1555 W System  : A resource failed to call release.
04-15 09:53:10.278  1542  1555 W System  : A resource failed to call release.
04-15 09:53:10.403  1542  1882 I SemWifiServiceDetector: Service det. resumed: T / T / 2770
04-15 09:53:10.436  3979  3988 I ndroid.calendar: Background concurrent mark compact GC freed 78MB AllocSpace bytes, 393(11MB) LOS objects, 42% free, 64MB/112MB, paused 2.782ms,3.900ms total 120.539ms
04-15 09:53:10.541  2185  2639 D IpClient/wlan0: addressUpdated: fd51:8338:3b02:ea0b:e889:d8ff:fe82:aeed/64 on ifindex 25 flags 0x00000100 scope 0
04-15 09:53:10.541  2185  2639 D IpClient/wlan0: addressUpdated: fd51:8338:3b02:ea0b:c5f4:f0d0:8c82:af8f/64 on ifindex 25 flags 0x00000001 scope 0
04-15 09:53:10.541  2185  2639 W AlarmManager: Unrecognized alarm listener com.android.networkstack.android.net.ip.IpClientLinkObserver$Dhcp6PdPreferredPrefixAlarmListener@f30c542
04-15 09:53:10.542  2216  2216 I EPDG -- SIM1 [EpdgIntfCont]: sendInterfaceMessage, not mobile, ignore
04-15 09:53:10.542  2216  2216 I EPDG -- SIM1 [EpdgIntfCont]: sendInterfaceMessage, not mobile, ignore
04-15 09:53:10.543  2216  2216 I EPDG -- SIM0 [EpdgIntfCont]: sendInterfaceMessage, not mobile, ignore
04-15 09:53:10.543  2216  2216 I EPDG -- SIM0 [EpdgIntfCont]: sendInterfaceMessage, not mobile, ignore
04-15 09:53:10.543  2185  2639 D ApfFilter: (wlan0): Ignoring RA RA fe80::2f60:b89:b12a:48b8 -> ff02::1 0s fd51:8338:3b02:ea0b::/64 1800s/1800s RIO 1800s fdeb:4602:c913:1::/64  which matches RA fe80::2f60:b89:b12a:48b8 -> ff02::1 0s fd51:8338:3b02:ea0b::/64 1800s/1800s RIO 1800s fdeb:4602:c913:1::/64
04-15 09:53:10.557  3979  3979 D VRI[AllInOneCalendarActivity]@f52f197: Setup new sync=wmsSync-VRI[AllInOneCalendarActivity]@f52f197#10
04-15 09:53:10.557  3979  3979 I VRI[AllInOneCalendarActivity]@f52f197: Creating new active sync group VRI[AllInOneCalendarActivity]@f52f197#11
04-15 09:53:10.557  3979  3979 D VRI[AllInOneCalendarActivity]@f52f197: Draw frame after cancel
04-15 09:53:10.557  3979  3979 D VRI[AllInOneCalendarActivity]@f52f197: registerCallbacksForSync syncBuffer=false
04-15 09:53:10.562  3979  3979 I View    : setRequestedFrameRate frameRate=0.0, this=cal.dfa{fd53011 VFED..... ........ 0,0-720,1544 aid=1073741883}, caller=android.view.ViewGroup.setRequestedFrameRate:9952 cal.vw$$ExternalSyntheticApiModelOutline1.m:28 cal.dgw.a:1 cal.dfa.dispatchDraw:160 android.view.View.draw:26345
04-15 09:53:10.562  3979  3979 I View    : setRequestedFrameRate frameRate=-4.0, this=android.view.View{b4d111c V.ED..... ......I. 0,0-0,0}, caller=cal.vw$$ExternalSyntheticApiModelOutline1.m:28 cal.dgw.a:1 cal.dfa.dispatchDraw:169 android.view.View.draw:26345 android.view.View.updateDisplayListIfDirty:25175
04-15 09:53:10.564  3979  4869 D VRI[AllInOneCalendarActivity]@f52f197: Received frameDrawingCallback syncResult=0 frameNum=1.
04-15 09:53:10.565  3979  4869 I VRI[AllInOneCalendarActivity]@f52f197: mWNT: t=0xb4000074fc588b10 mBlastBufferQueue=0xb40000741c5758b0 fn= 1 HdrRenderState mRenderHdrSdrRatio=1.0 caller= android.view.ViewRootImpl$12.onFrameDraw:15441 android.view.ThreadedRenderer$1.onFrameDraw:718 <bottom of call stack>
04-15 09:53:10.565  3979  4869 I VRI[AllInOneCalendarActivity]@f52f197: Setting up sync and frameCommitCallback
04-15 09:53:10.566  1059 18637 I HYPER-HAL: [ResourceManager.cpp]removeResource(): [CPULittleMinFreq] RemoveResource Request ID : 1222287
04-15 09:53:10.568  3979  4808 I BLASTBufferQueue: [VRI[AllInOneCalendarActivity]@f52f197#55](f:0,a:0,s:0) onFrameAvailable the first frame is available
04-15 09:53:10.568  3979  4808 I VRI[AllInOneCalendarActivity]@f52f197: Received frameCommittedCallback lastAttemptedDrawFrameNum=1 didProduceBuffer=true
04-15 09:53:10.568  1151  1378 I SurfaceFlinger: [com.google.android.calendar/com.google.android.calendar.allinone.AllInOneCalendarActivity$_3979#18359] setTransactionState with the first frame. bufferData(ID: 17089674871007, frameNumber: 1)
04-15 09:53:10.569  3979  4808 D HWUI    : CFMS:: SetUp Pid : 3979    Tid : 4808
04-15 09:53:10.569  3979  3979 D VRI[AllInOneCalendarActivity]@f52f197: reportDrawFinished seqId=0
04-15 09:53:10.569  1151  1292 I VSyncReactor: Current= 120, Period= 120, Distance= 0
04-15 09:53:10.570  1542  1585 D SurfaceComposerClient: setCornerRadius ## febb356 Splash Screen com.google.android.calendar#18351 cornerRadius=0.000000
04-15 09:53:10.570  1542  1585 D SurfaceComposerClient: setCornerRadius ## 3b069f9 com.google.android.calendar/com.google.android.calendar.allinone.AllInOneCalendarActivity#18358 cornerRadius=0.000000
04-15 09:53:10.570  1542  1585 D SurfaceComposerClient: setCornerRadius ## febb356 Splash Screen com.google.android.calendar#18351 cornerRadius=0.000000
04-15 09:53:10.570  1059 18637 I HYPER-HAL: [RequestManager.cpp]releaseLocked(): Released ID : 1222287
04-15 09:53:10.571  1151  1378 I SurfaceFlinger: id=18362 createSurf, flag=24000, Surface(name=3b069f9 com.google.android.calendar/com.google.android.calendar.allinone.AllInOneCalendarActivity)/@0xfe5e60a - animation-leash of starting_reveal#18362
04-15 09:53:10.572  1542  1585 D SurfaceComposerClient: setCornerRadius ## 3b069f9 com.google.android.calendar/com.google.android.calendar.allinone.AllInOneCalendarActivity#18358 cornerRadius=0.000000
04-15 09:53:10.572  2000  2105 D ShellTaskOrganizer: removeStartingWindow, removalInfo=StartingWindowRemovalInfo{taskId=3801 frame=Rect(0, 0 - 720, 1544) playRevealAnimation=true roundedCornerRadius=0.0 deferRemoveMode=0 windowlessSurface=false removeImmediately=false}
04-15 09:53:10.573  1542  1585 D SurfaceComposerClient: setCornerRadius ## febb356 Splash Screen com.google.android.calendar#18351 cornerRadius=0.000000
04-15 09:53:10.573  1542  1585 D SurfaceComposerClient: setCornerRadius ## 3b069f9 com.google.android.calendar/com.google.android.calendar.allinone.AllInOneCalendarActivity#18358 cornerRadius=0.000000
04-15 09:53:10.573  1542  1585 D SurfaceComposerClient: setCornerRadius ## febb356 Splash Screen com.google.android.calendar#18351 cornerRadius=0.000000
04-15 09:53:10.573  1542  1585 D SurfaceComposerClient: setCornerRadius ## 3b069f9 com.google.android.calendar/com.google.android.calendar.allinone.AllInOneCalendarActivity#18358 cornerRadius=0.000000
04-15 09:53:10.576  1542  1582 D PkgPredictorService-SecIpmManagerServiceImpl: bg information pid:18572 uid:10746 pkgName:com.catfact.app
04-15 09:53:10.576 18572 18572 D ConnectivityManager: StackLog: [android.net.ConnectivityManager.unregisterNetworkCallback(ConnectivityManager.java:5575)] [com.catfact.app.core.designsystem.util.ConnectivityObserver$observe$1.invokeSuspend$lambda$1(ConnectivityObserver.kt:43)] [com.catfact.app.core.designsystem.util.ConnectivityObserver$observe$1$$ExternalSyntheticLambda1.invoke(D8$$SyntheticClass:0)] [kotlinx.coroutines.channels.ProduceKt.awaitClose(Produce.kt:69)] [kotlinx.coroutines.channels.ProduceKt$awaitClose$1.invokeSuspend(Unknown Source:17)] [kotlin.coroutines.jvm.internal.BaseContinuationImpl.resumeWith(ContinuationImpl.kt:34)] [androidx.compose.ui.test.ApplyingContinuationInterceptor$SendApplyContinuation.resumeWith(ApplyingContinuationInterceptor.kt:52)] [androidx.compose.ui.test.FrameDeferringContinuationInterceptor$FrameDeferredContinuation.resumeWith(FrameDeferringContinuationInterceptor.jvm.kt:187)] [kotlinx.coroutines.DispatchedTaskKt.resume(DispatchedTask.kt:165)] [kotlinx.coroutines.DispatchedTaskKt.dispatch(DispatchedTask.kt:154)] [kotlinx.coroutines.CancellableContinuationImpl.dispatchResume(CancellableContinuationImpl.kt:470)] [kotlinx.coroutines.CancellableContinuationImpl.cancel(CancellableContinuationImpl.kt:214)] [kotlinx.coroutines.CancellableContinuationImpl.parentCancelled$kotlinx_coroutines_core(CancellableContinuationImpl.kt:221)] [kotlinx.coroutines.ChildContinuation.invoke(CancellableContinuationImpl.kt:698)] [kotlinx.coroutines.JobSupport.notifyCancelling(JobSupport.kt:1604)] [kotlinx.coroutines.JobSupport.tryMakeCancelling(JobSupport.kt:826)] [kotlinx.coroutines.JobSupport.makeCancelling(JobSupport.kt:786)] [kotlinx.coroutines.JobSupport.cancelImpl$kotlinx_coroutines_core(JobSupport.kt:702)] [kotlinx.coroutines.JobSupport.parentCancelled(JobSupport.kt:668)] [kotlinx.coroutines.ChildHandleNode.invoke(JobSupport.kt:1580)] [kotlinx.coroutines.JobSupport.notifyCancelling(JobSupport.kt:1604)] [kotlinx.coroutines.JobSupport.tryMakeCancelling(JobSupport.kt:826)] [kotlinx.coroutines.JobSupport.makeCancelling(JobSupport.kt:786)] [kotlinx.coroutines.JobSupport.cancelImpl$kotlinx_coroutines_core(JobSupport.kt:702)] [kotlinx.coroutines.JobSupport.parentCancelled(JobSupport.kt:668)] [kotlinx.coroutines.ChildHandleNode.invoke(JobSupport.kt:1580)] [kotlinx.coroutines.JobSupport.notifyCancelling(JobSupport.kt:1604)] [kotlinx.coroutines.JobSupport.tryMakeCancelling(JobSupport.kt:826)] [kotlinx.coroutines.JobSupport.makeCancelling(JobSupport.kt:786)] [kotlinx.coroutines.JobSupport.cancelImpl$kotlinx_coroutines_core(JobSupport.kt:702)] [kotlinx.coroutines.JobSupport.parentCancelled(JobSupport.kt:668)] [kotlinx.coroutines.ChildHandleNode.invoke(JobSupport.kt:1580)] [kotlinx.coroutines.JobSupport.notifyCancelling(JobSupport.kt:1604)] [kotlinx.coroutines.JobSupport.tryMakeCancelling(JobSupport.kt:826)] [kotlinx.coroutines.JobSupport.makeCancelling(JobSupport.kt:786)] [kotlinx.coroutines.JobSupport.cancelImpl$kotlinx_coroutines_core(JobSupport.kt:702)] [kotlinx.coroutines.JobSupport.parentCancelled(JobSupport.kt:668)] [kotlinx.coroutines.ChildHandleNode.invoke(JobSupport.kt:1580)] [kotlinx.coroutines.JobSupport.notifyCancelling(JobSupport.kt:1604)] [kotlinx.coroutines.JobSupport.tryMakeCancelling(JobSupport.kt:826)] [kotlinx.coroutines.JobSupport.makeCancelling(JobSupport.kt:786)] [kotlinx.coroutines.JobSupport.cancelImpl$kotlinx_coroutines_core(JobSupport.kt:702)] [kotlinx.coroutines.JobSupport.parentCancelled(JobSupport.kt:668)] [kotlinx.coroutines.ChildHandleNode.invoke(JobSupport.kt:1580)] [kotlinx.coroutines.JobSupport.notifyCancelling(JobSupport.kt:1604)] [kotlinx.coroutines.JobSupport.tryMakeCancelling(JobSupport.kt:826)] [kotlinx.coroutines.JobSupport.makeCancelling(JobSupport.kt:786)] [kotlinx.coroutines.JobSupport.cancelImpl$kotlinx_coroutines_core(JobSupport.kt:702)] [kotlinx.coroutines.JobSupport.cancelInternal(JobSupport.kt:663)] [kotlinx.coroutines.JobSupport.cancel(JobSupport.kt:648)] [kotlinx.coroutines.Job$DefaultImpls.cancel$default(Job.kt:192)] [androidx.lifecycle.RepeatOnLifecycleKt$repeatOnLi
04-15 09:53:10.577 18638 18638 I VRI[InstrumentationActivityInvoker$EmptyActivity]@c813050: stopped(true) old = false
04-15 09:53:10.577 18638 18638 D VRI[InstrumentationActivityInvoker$EmptyActivity]@c813050: WindowStopped on com.catfact.app.test/androidx.test.core.app.InstrumentationActivityInvoker$EmptyActivity set to true
04-15 09:53:10.577 18638 18653 D HWUI    : CacheManager::trimMemory(20)
04-15 09:53:10.577  1542  1582 D PkgPredictorService-SecIpmManagerServiceImpl: bg information pid:18638 uid:10747 pkgName:com.catfact.app.test
04-15 09:53:10.578  1151  1151 I SurfaceFlinger: [Surface(name=3b069f9 com.google.android.calendar/com.google.android.calendar.allinone.AllInOneCalendarActivity)/@0xfe5e60a - animation-leash of starting_reveal#18362] attach to parent LayerHierarchy{RequestedLayerState{ActivityRecord{243114305 u0 com.google.android.calendar/.allinone.AllInOneCalendarActivity t3801}#16293 parentId=16292} 4 children}
04-15 09:53:10.581  1151  1292 I VSyncReactor: Current= 120, Period= 120, Distance= 120
04-15 09:53:10.581 18572 18572 I VRI[MainActivity]@292741c: stopped(true) old = false
04-15 09:53:10.581 18572 18572 D VRI[MainActivity]@292741c: WindowStopped on com.catfact.app/com.catfact.app.MainActivity set to true
04-15 09:53:10.582  3979  3997 I ndroid.calendar: Waiting for a blocking GC ProfileSaver
04-15 09:53:10.582 18572 18596 D HWUI    : CacheManager::trimMemory(20)
04-15 09:53:10.583 18638 18638 W WindowOnBackDispatcher: sendCancelIfRunning: isInProgress=false callback=android.app.Activity$$ExternalSyntheticLambda0@599a05
04-15 09:53:10.584  2000  2194 I VRI[calendar]@ece70be: mWNT: t=0xb4000074fc600910 mBlastBufferQueue=0xb40000741d0737e0 fn= 2 HdrRenderState mRenderHdrSdrRatio=1.0 caller= android.view.SyncRtSurfaceTransactionApplier.applyTransaction:100 android.view.SyncRtSurfaceTransactionApplier.lambda$scheduleApply$0:73 android.view.SyncRtSurfaceTransactionApplier.$r8$lambda$afI4fXg3U3-nBZQEDQMiNy-B06s:0
04-15 09:53:10.584  2000  2194 I VRI[calendar]@ece70be: mWNT: t=0xb4000074fc729150 mBlastBufferQueue=0xb40000741d0737e0 fn= 2 HdrRenderState mRenderHdrSdrRatio=1.0 caller= android.view.SyncRtSurfaceTransactionApplier.applyTransaction:100 android.view.SyncRtSurfaceTransactionApplier.lambda$scheduleApply$0:73 android.view.SyncRtSurfaceTransactionApplier.$r8$lambda$afI4fXg3U3-nBZQEDQMiNy-B06s:0
04-15 09:53:10.586  1151  1151 I SurfaceFlinger: [Display 0 name="Built-in Screen"#49] setFrameRateCategory: High
04-15 09:53:10.586  1151  1151 I SurfaceFlinger: RequestedLayer [com.google.android.calendar/com.goog[...]AllInOneCalendarActivity$_3979#18359] hidden!! flag  from(1) --> to(0)
04-15 09:53:10.586  1151  1151 I SurfaceFlinger: [LayerHierarchy{RequestedLayerState{3b069f9 com.google.android.calendar/com.google.android.calendar.allinone.AllInOneCalendarActivity#18358 parentId=18362} 1 children}] reparent to LayerHierarchy{RequestedLayerState{Surface(name=3b069f9 com.google.android.calendar/com.google.android.calendar.allinone.AllInOneCalendarActivity)/@0xfe5e60a - animation-leash of starting_reveal#18362 parentId=16293} 1 children}
04-15 09:53:10.587 18572 18572 D LifecycleMonitor: Lifecycle status change: com.catfact.app.MainActivity@f8d4a31 in: STOPPED
04-15 09:53:10.587 18572 18572 V ActivityScenario: Update currentActivityStage to STOPPED, currentActivity=com.catfact.app.MainActivity@f8d4a31
04-15 09:53:10.588 18638 18653 D HWUI    : CacheManager::trimMemory(20)
04-15 09:53:10.590  1542  1585 D SurfaceComposerClient: setCornerRadius ## febb356 Splash Screen com.google.android.calendar#18351 cornerRadius=0.000000
04-15 09:53:10.590  1542  1585 D SurfaceComposerClient: setCornerRadius ## 3b069f9 com.google.android.calendar/com.google.android.calendar.allinone.AllInOneCalendarActivity#18358 cornerRadius=0.000000
04-15 09:53:10.591  2000  2000 D DisplayLifecycle: updateDisplay id = 0
04-15 09:53:10.591  2000  2125 D StackScroller: onDisplayChanged for predraw skip to 2
04-15 09:53:10.592  2461  4416 I HoneySpace.Memory-Monitor: current state = 2, didTrim = false
04-15 09:53:10.592 18638 18638 D ViewRootImpl: Skipping stats log for color mode
04-15 09:53:10.592 18638 18638 I VRI[InstrumentationActivityInvoker$EmptyActivity]@c813050: dispatchDetachedFromWindow
04-15 09:53:10.592  2000  2195 I VRI[calendar]@ece70be: mWNT: t=0xb4000074fc7a12d0 mBlastBufferQueue=0xb40000741d0737e0 fn= 3 HdrRenderState mRenderHdrSdrRatio=1.0 caller= android.view.SyncRtSurfaceTransactionApplier.applyTransaction:100 android.view.SyncRtSurfaceTransactionApplier.lambda$scheduleApply$0:73 android.view.SyncRtSurfaceTransactionApplier.$r8$lambda$afI4fXg3U3-nBZQEDQMiNy-B06s:0
04-15 09:53:10.592  1542  2477 D InputTransport: Input channel destroyed: '1373d2a', fd=1280
04-15 09:53:10.592  3979  3988 I ndroid.calendar: Background concurrent mark compact GC freed 67MB AllocSpace bytes, 6(9200KB) LOS objects, 38% free, 75MB/123MB, paused 1.911ms,2.588ms total 155.333ms
04-15 09:53:10.593  1542  2477 D SurfaceComposerClient: setCornerRadius ## febb356 Splash Screen com.google.android.calendar#18351 cornerRadius=0.000000
04-15 09:53:10.593  1542  2477 D SurfaceComposerClient: setCornerRadius ## 3b069f9 com.google.android.calendar/com.google.android.calendar.allinone.AllInOneCalendarActivity#18358 cornerRadius=0.000000
04-15 09:53:10.593  1542  2477 D SurfaceComposerClient: setCornerRadius ## febb356 Splash Screen com.google.android.calendar#18351 cornerRadius=0.000000
04-15 09:53:10.593  1542  2477 D SurfaceComposerClient: setCornerRadius ## 3b069f9 com.google.android.calendar/com.google.android.calendar.allinone.AllInOneCalendarActivity#18358 cornerRadius=0.000000
04-15 09:53:10.594 18638 18638 D InputTransport: Input channel destroyed: '1373d2a', fd=117
04-15 09:53:10.594  3979  3997 I ndroid.calendar: WaitForGcToComplete blocked ProfileSaver on Background for 12.488ms
04-15 09:53:10.597  1151  1151 D SurfaceFlinger: Display 4633128672291735999 HWC layers:
04-15 09:53:10.597  1151  1151 D SurfaceFlinger:        DEVICE |           17089674871006 | 00002102 | RGBA_8888    |    0.0    0.0  720.0 1544.0 |    0    0  720 1544 | com.google.android.calendar/com.goog[...]AllInOneCalendarActivity$_3979#18359 (2)
04-15 09:53:10.597  1151  1151 D SurfaceFlinger:        DEVICE |            8589934655709 | 00002100 | RGBA_8888    |    0.0    0.0  720.0 1544.0 |    0    0  720 1544 | Splash Screen com.google.android.calendar$_2000#18352 (1)
04-15 09:53:10.597  1151  1151 D SurfaceFlinger:        DEVICE |            8589934654687 | 00002100 | RGBA_8888    |    0.0    0.0  720.0   50.0 |    0    0  720   50 | StatusBar$_2000#102 (26058)
04-15 09:53:10.597  1151  1151 D SurfaceFlinger:        DEVICE |           10569914518889 | 00002100 | RGBA_8888    |    0.0    0.0   67.0  353.0 |  653  192  720  545 | com.sec.android.app.launcher/com.sam[...]l.app.CocktailBarService$_2461#16495 (1)
04-15 09:53:10.597  1151  1151 D SurfaceFlinger:        DEVICE |            8589934654705 | 00002100 | RGBA_8888    |    0.0    0.0  720.0   90.0 |    0 1454  720 1544 | NavigationBar0$_2000#98 (16860)
04-15 09:53:10.597  1151  1151 D SurfaceFlinger:
04-15 09:53:10.598  1151  1151 I SurfaceFlinger: [LayerHierarchy{RequestedLayerState{com.catfact.app.test/androidx.test.core.app.InstrumentationActivityInvoker$EmptyActivity$_18638#18350} no children}] reparent to OffscreenRoot
04-15 09:53:10.598  1151  1151 I SurfaceFlinger: [LayerHierarchy{RequestedLayerState{com.catfact.app.test/androidx.test.core.app.InstrumentationActivityInvoker$EmptyActivity$_18638#18350} no children}] RelativeParent to null
04-15 09:53:10.598  1151  1151 I SurfaceFlinger: [LayerHierarchy{RequestedLayerState{1373d2a com.catfact.app.test/androidx.test.core.app.InstrumentationActivityInvoker$EmptyActivity#18345} no children}] reparent to OffscreenRoot
04-15 09:53:10.598  1151  1151 I SurfaceFlinger: [LayerHierarchy{RequestedLayerState{1373d2a com.catfact.app.test/androidx.test.core.app.InstrumentationActivityInvoker$EmptyActivity#18345} no children}] RelativeParent to null
04-15 09:53:10.599  2000  2194 I VRI[calendar]@ece70be: mWNT: t=0xb4000074fc77b010 mBlastBufferQueue=0xb40000741d0737e0 fn= 4 HdrRenderState mRenderHdrSdrRatio=1.0 caller= android.view.SyncRtSurfaceTransactionApplier.applyTransaction:100 android.view.SyncRtSurfaceTransactionApplier.lambda$scheduleApply$0:73 android.view.SyncRtSurfaceTransactionApplier.$r8$lambda$afI4fXg3U3-nBZQEDQMiNy-B06s:0
04-15 09:53:10.600  1542  2477 D InputDispatcher: Focus entered window (0): 3b069f9 com.google.android.calendar/com.google.android.calendar.allinone.AllInOneCalendarActivity
04-15 09:53:10.600  1151  2758 I SurfaceFlinger: id=18363 createSurf, flag=24004, Task=3865#18363
04-15 09:53:10.600  1151  1151 I SurfaceFlinger: id=18345 Removed 1373d2a com.catfact.app.test/androidx.test.core.app.InstrumentationActivityInvoker$EmptyActivity#18345 (188)
04-15 09:53:10.600  1151  1151 I SurfaceFlinger: id=18350 Removed com.catfact.app.test/androidx.test.core.app.InstrumentationActivityInvoker$EmptyActivity$_18638#18350 (188)
04-15 09:53:10.601  1151  2479 I SurfaceFlinger: id=18346 Removed 5f4310d ActivityRecordInputSink com.catfact.app.test/androidx.test.core.app.InstrumentationActivityInvoker$EmptyActivity#18346 (188)
04-15 09:53:10.602  1144  1154 E HeatmapThread: ECT Thread time in milliseconds: 1776239590
04-15 09:53:10.602  1144  1154 D HeatmapThread: !@ batteryplugType : 0
04-15 09:53:10.602  1144  1154 D HeatmapThread: !@ batteryLevel : 0  batteryTemperature : 0
04-15 09:53:10.602  1144  1154 D HeatmapThread: !@ Heatmap currtime: 29603993
04-15 09:53:10.602  1144  1154 D HeatmapThread: !@ Heatmap prevtime: 29603990
04-15 09:53:10.602  1144  1154 D HeatmapThread: !@ Heatmap plugstarttime: 35791394
04-15 09:53:10.602  1144  1154 D HeatmapThread: !@ Heatmap prevv_dsoh_update_time: 29597770
04-15 09:53:10.602  1144  1154 E HeatmapThread: !@Could not open '/efs/FactoryApp/bsoh', errno = 13
04-15 09:53:10.602  1144  1154 E HeatmapThread: !@ CAM Could not access BSOH EFS
04-15 09:53:10.602  1144  1154 E HeatmapThread: !@ CAM New BSOH: 0
04-15 09:53:10.604  3979  3979 D VRI[AllInOneCalendarActivity]@f52f197: mThreadedRenderer.initializeIfNeeded()#2 mSurface={isValid=true 0xb40000748c58b200}
04-15 09:53:10.605  1151  1151 I SurfaceFlinger: destroyed com.catfact.app.test/androidx.test.core.app.InstrumentationActivityInvoker$EmptyActivity$_18638#18350
04-15 09:53:10.606  1151  1151 I SurfaceFlinger: destroyed 1373d2a com.catfact.app.test/androidx.test.core.app.InstrumentationActivityInvoker$EmptyActivity#18345
04-15 09:53:10.606  1151  1151 I SurfaceFlinger: [Task=3865#18363] attach to parent OffscreenRoot
04-15 09:53:10.606  1151  1151 I SurfaceFlinger: [LayerHierarchy{RequestedLayerState{Task=3865#18340 z=13} 1 children}] reparent to OffscreenRoot
04-15 09:53:10.606  1151  1151 I SurfaceFlinger: [LayerHierarchy{RequestedLayerState{Task=3865#18340 z=13} 1 children}] RelativeParent to null
04-15 09:53:10.606  1151  1151 I SurfaceFlinger: [LayerHierarchy{RequestedLayerState{ActivityRecord{247465683 u0 com.catfact.app.test/androidx.test.core.app.InstrumentationActivityInvoker$EmptyActivity t3865}#18341} 1 children}] reparent to OffscreenRoot
04-15 09:53:10.606  1151  1151 I SurfaceFlinger: [LayerHierarchy{RequestedLayerState{ActivityRecord{247465683 u0 com.catfact.app.test/androidx.test.core.app.InstrumentationActivityInvoker$EmptyActivity t3865}#18341} 1 children}] RelativeParent to null
04-15 09:53:10.607  3979  3979 D InputMethodManagerUtils: startInputInner - Id : 0
04-15 09:53:10.607  3979  3979 I InputMethodManager: startInputInner - IInputMethodManagerGlobalInvoker.startInputOrWindowGainedFocus
04-15 09:53:10.607  2461  2474 I HoneySpace.RecentTasks: onRunningTaskVanished
04-15 09:53:10.607  2461  2474 I HoneySpace.RecentTasks: onRecentTasksChanged
04-15 09:53:10.608  1151  1151 I Layer   : id=18350 Destroyed com.catfact.app.test/androidx.test.core.app.InstrumentationActivityInvoker$EmptyActivity$_18638#18350
04-15 09:53:10.608  2461  2461 I HoneySpace.TaskStackChangeRepositoryImpl: onTaskRemoved : 3865
04-15 09:53:10.608  1151  1151 I Layer   : id=18345 Destroyed 1373d2a com.catfact.app.test/androidx.test.core.app.InstrumentationActivityInvoker$EmptyActivity#18345
04-15 09:53:10.608  2461  2461 I HoneySpace.TaskStackChangeRepositoryImpl: onTaskRemoved : 3865
04-15 09:53:10.608  2461  2584 I HoneySpace.TopTaskSource: onTaskRemoved: 3865
04-15 09:53:10.608  1151  1151 I SurfaceFlinger: id=18363 Removed Task=3865#18363 (186)
04-15 09:53:10.608  1151  1151 I SurfaceFlinger: id=18341 Removed ActivityRecord{247465683 u0 com.catfact.app.test/androidx.test.core.app.InstrumentationActivityInvoker$EmptyActivity t3865}#18341 (186)
04-15 09:53:10.609  2461  2461 I HoneySpace.TaskListViewModel[173795743]: taskRemoveId, 3865
04-15 09:53:10.609  2461  2461 W HoneySpace.TaskListViewModel[173795743]: task is already removed: 3865
04-15 09:53:10.609  2461  2461 I HoneySpace.TaskListViewModel[173795743]: taskRemoveId, 3865
04-15 09:53:10.609  2461  2461 W HoneySpace.TaskListViewModel[173795743]: task is already removed: 3865
04-15 09:53:10.609  2461  2584 I HoneySpace.TopTaskSource: onTaskRemoved: 3865
04-15 09:53:10.614  1151  1151 I SurfaceFlinger: destroyed Task=3865#18363
04-15 09:53:10.614  1151  1151 I SurfaceFlinger: destroyed ActivityRecord{247465683 u0 com.catfact.app.test/androidx.test.core.app.InstrumentationActivityInvoker$EmptyActivity t3865}#18341
04-15 09:53:10.614  1151  1151 I SurfaceFlinger: destroyed 5f4310d ActivityRecordInputSink com.catfact.app.test/androidx.test.core.app.InstrumentationActivityInvoker$EmptyActivity#18346
04-15 09:53:10.615  1542  1750 I ImeTracker: com.google.android.calendar:6e9d1631: onRequestHide at ORIGIN_SERVER reason HIDE_UNSPECIFIED_WINDOW fromUser false
04-15 09:53:10.616  1151  1151 I Layer   : id=18363 Destroyed Task=3865#18363
04-15 09:53:10.616 18638 18653 D HWUI    : CacheManager::trimMemory(40)
04-15 09:53:10.616  1151  1151 I Layer   : id=18341 Destroyed ActivityRecord{247465683 u0 com.catfact.app.test/androidx.test.core.app.InstrumentationActivityInvoker$EmptyActivity t3865}#18341
04-15 09:53:10.616  1151  1151 I Layer   : id=18346 Destroyed 5f4310d ActivityRecordInputSink com.catfact.app.test/androidx.test.core.app.InstrumentationActivityInvoker$EmptyActivity#18346
04-15 09:53:10.618  1542  1750 D InputTransport: Input channel constructed: 'ClientS', fd=972
04-15 09:53:10.618  1542  1750 D InputTransport: Input channel destroyed: 'ClientS', fd=972
04-15 09:53:10.618  3979  3979 I InputMethodManager: handleMessage: setImeVisibility visible=false
04-15 09:53:10.618  3979  3979 D InsetsController: hide(ime(), fromIme=false)
04-15 09:53:10.618  3756  3756 I HBD     : HoneyBoardService onFinishInput
04-15 09:53:10.619  3756  3756 I HBD     : a IC have been unbinding,  RemoteInputConnection{idHash=#e63267f}
04-15 09:53:10.619  3979  4094 D InputTransport: Input channel constructed: 'ClientS', fd=213
04-15 09:53:10.619  3756  3756 I HBD     : HoneyBoardService [PF_CL][onFinishInput]  1 ms
04-15 09:53:10.619  3756  3756 I HBD     : HoneyBoardService [IMI] onStartInput - caller pid : 3979 , caller uid : 10279
04-15 09:53:10.619  3756  3756 I HBD     : k updateConfigs
04-15 09:53:10.619  3756  3756 I HBD     : k isEnabledNightMode : true
04-15 09:53:10.619  3756  3756 I HBD     : a IC have been binding, RemoteInputConnection{idHash=#1abfe02}
04-15 09:53:10.619  3756  3756 I HBD     : h [EditorInputType]setPrivateImeOptionsToTable privateImeOptions ( null )
04-15 09:53:10.619  3756  3756 I HBD     : b incognitoMode : false
04-15 09:53:10.619  3979  3979 I ImeTracker: com.google.android.calendar:6e9d1631: onCancelled at PHASE_CLIENT_ALREADY_HIDDEN
04-15 09:53:10.619  3756  3756 I HBD     : c needOff = true , isForceOff = false, isNullInputClass : true
04-15 09:53:10.619  3756  3756 I HBD     : h getDefaultInputRange : UNKNOWN
04-15 09:53:10.619  3756  3756 I HBD     : h getDefaultInputRange : UNKNOWN
04-15 09:53:10.619  3756  3756 I HBD     : h getDefaultInputRange : UNKNOWN
04-15 09:53:10.620  3756  3756 I HBD     : c needOff = true , isForceOff = false, isNullInputClass : true
04-15 09:53:10.620  3756  3756 I HBD     : c update cached prediction status : false
04-15 09:53:10.620  3756  3756 I HBD     : h getDefaultInputRange : UNKNOWN
04-15 09:53:10.620  3756  3756 I HBD     : a currentState : 0
04-15 09:53:10.620  3756  3756 I HBD     : a [UpdatePolicy] [post] a: 0 cl: 65538 kit: [0/0] vt: 0 ir: 1
04-15 09:53:10.620  1151  2479 I SurfaceFlinger: id=18364 createSurf, flag=24004, Surface(name=1d7a05f InputMethod)/@0x5f77a9d - animation-leash of insets_animation#18364
04-15 09:53:10.622  3756  3756 I HBD     : a [NRIC] resetNoResponseState
04-15 09:53:10.622  1542  2472 I ImeTracker: system_server:f1549594: onRequestHide at ORIGIN_SERVER reason IME_REQUESTED_CHANGED_LISTENER fromUser false
04-15 09:53:10.622  3756  3756 I HBD     : c needOff = true , isForceOff = false, isNullInputClass : true
04-15 09:53:10.622  3756  3756 I HBD     : c update cached prediction status : false
04-15 09:53:10.622  3756  3756 I HBD     : b [AiWriter] setContact : com.google.android.calendar
04-15 09:53:10.622  3756  3756 I HBD     : a [AiWriter] setContact : com.google.android.calendar
04-15 09:53:10.622  3756  3756 I HBD     : o0 EBD si S 0
04-15 09:53:10.622  3756  3756 I HBD     : r updateContactDBLanguage : 65538
04-15 09:53:10.622  3756  3756 I HBD     : g isCoverDisplay : false, cached selected json info : SelectedLanguageInfo(languageVersion=4.2, currentLanguageOrder=0, selectedLanguageList=[SelectedLanguage(id=65538, isUsed=true, engName=English, inputType=qwerty, activeOptionList=[auto_replace, auto_spacing, writing_assistant], bilingualId=-1), SelectedLanguage(id=5308416, isUsed=true, engName=Arabic, inputType=qwerty, activeOptionList=[auto_replace, auto_spacing], bilingualId=-1)])
04-15 09:53:10.622  3756  3756 I HBD     : g updateSelectedLanguageCache is succeeded. English
04-15 09:53:10.622  1542  1585 D SurfaceComposerClient: setCornerRadius ## febb356 Splash Screen com.google.android.calendar#18351 cornerRadius=0.000000
04-15 09:53:10.623  1542  1585 D SurfaceComposerClient: setCornerRadius ## 3b069f9 com.google.android.calendar/com.google.android.calendar.allinone.AllInOneCalendarActivity#18358 cornerRadius=0.000000
04-15 09:53:10.623  3756  3756 I HBD     : l writeToFile path : /data/user/0/com.samsung.android.honeyboard/files/selected.json
04-15 09:53:10.623  3756  3756 I HBD     : l writeToFile json : {"version":"4.2","currentLanguageOrder":0,"selected":[{"activeOptionList":["auto_replace","auto_spacing","writing_assistant"],"bilingualId":-1,"engName":"English","id":65538,"inputType":"qwerty","isUsed":true},{"activeOptionList":["auto_replace","auto_spacing"],"bilingualId":-1,"engName":"Arabic","id":5308416,"inputType":"qwerty","isUsed":true}]}
04-15 09:53:10.624  1542  1584 I ImeTracker: system_server:f1549594: onCancelled at PHASE_SERVER_SHOULD_HIDE
04-15 09:53:10.625  3756  3756 I HBD     : l writeToFile complete
04-15 09:53:10.625  3756  3756 I HBD     : g isCoverDisplay : false, cached selected json info : SelectedLanguageInfo(languageVersion=4.2, currentLanguageOrder=0, selectedLanguageList=[SelectedLanguage(id=65538, isUsed=true, engName=English, inputType=qwerty, activeOptionList=[auto_replace, auto_spacing, writing_assistant], bilingualId=-1), SelectedLanguage(id=5308416, isUsed=true, engName=Arabic, inputType=qwerty, activeOptionList=[auto_replace, auto_spacing], bilingualId=-1)])
04-15 09:53:10.625  3756  3756 I HBD     : n updateActionOptionFromPreference isCover = false
04-15 09:53:10.625  3756  3756 I HBD     : n before lang.activeOptionList =  [auto_replace, auto_spacing, writing_assistant]
04-15 09:53:10.625  2000  2195 I VRI[calendar]@ece70be: mWNT: t=0xb4000074fc740d10 mBlastBufferQueue=0xb40000741d0737e0 fn= 5 HdrRenderState mRenderHdrSdrRatio=1.0 caller= android.view.SyncRtSurfaceTransactionApplier.applyTransaction:100 android.view.SyncRtSurfaceTransactionApplier.lambda$scheduleApply$0:73 android.view.SyncRtSurfaceTransactionApplier.$r8$lambda$afI4fXg3U3-nBZQEDQMiNy-B06s:0
04-15 09:53:10.626  3756 18732 I HBD     : l Write selected lang for DE
04-15 09:53:10.626  3756 18732 I HBD     : l writeToFile path : /data/user_de/0/com.samsung.android.honeyboard/files/selected.json
04-15 09:53:10.626  3756 18732 I HBD     : l writeToFile json : {"version":"4.2","currentLanguageOrder":0,"selected":[{"activeOptionList":["auto_replace","auto_spacing","writing_assistant"],"bilingualId":-1,"engName":"English","id":65538,"inputType":"qwerty","isUsed":true},{"activeOptionList":["auto_replace","auto_spacing"],"bilingualId":-1,"engName":"Arabic","id":5308416,"inputType":"qwerty","isUsed":true}]}
04-15 09:53:10.627  3756  3756 I HBD     : n after lang.activeOptionList = [auto_replace, auto_spacing, writing_assistant]
04-15 09:53:10.628  3756 18732 I HBD     : l writeToFile complete
04-15 09:53:10.628  1151  1151 I SurfaceFlinger: [Surface(name=1d7a05f InputMethod)/@0x5f77a9d - animation-leash of insets_animation#18364] attach to parent LayerHierarchy{RequestedLayerState{WindowToken{d080c22 type=2011 android.os.Binder@459a5ed}#120 parentId=15} 2 children}
04-15 09:53:10.630  3756  3756 I HBD     : l writeToFile path : /data/user/0/com.samsung.android.honeyboard/files/selected.json
04-15 09:53:10.630  3756  3756 I HBD     : l writeToFile json : {"version":"4.2","currentLanguageOrder":0,"selected":[{"activeOptionList":["auto_replace","auto_spacing","writing_assistant"],"bilingualId":-1,"engName":"English","id":65538,"inputType":"qwerty","isUsed":true},{"activeOptionList":["auto_replace","auto_spacing"],"bilingualId":-1,"engName":"Arabic","id":5308416,"inputType":"qwerty","isUsed":true}]}
04-15 09:53:10.632  1542  3802 I WindowManager: Relayout Window{febb356 u0 Splash Screen com.google.android.calendar}: viewVisibility=8 req=720x1544 ty=3 d0
04-15 09:53:10.632  1542  3802 D SurfaceComposerClient: setCornerRadius ## 3b069f9 com.google.android.calendar/com.google.android.calendar.allinone.AllInOneCalendarActivity#18358 cornerRadius=0.000000
04-15 09:53:10.632  1542  3802 D SurfaceComposerClient: setCornerRadius ## febb356 Splash Screen com.google.android.calendar#18351 cornerRadius=0.000000
04-15 09:53:10.632  1542  3802 D SurfaceComposerClient: setCornerRadius ## 3b069f9 com.google.android.calendar/com.google.android.calendar.allinone.AllInOneCalendarActivity#18358 cornerRadius=0.000000
04-15 09:53:10.633  1542  3802 I WindowManager: Relayout hash=febb356, pid=2000, syncId=-1: mAttrs={(0,0)(fillxfill) sim={adjust=pan} layoutInDisplayCutoutMode=always ty=APPLICATION_STARTING fmt=TRANSLUCENT wanim=0x1030317
04-15 09:53:10.633  1542  3802 I WindowManager:   fl=81030118
04-15 09:53:10.633  1542  3802 I WindowManager:   pfl=10000810
04-15 09:53:10.633  1542  3802 I WindowManager:   bhv=1
04-15 09:53:10.633  1542  3802 I WindowManager:   fitSides=0
04-15 09:53:10.633  1542  3802 I WindowManager:   frameRateBoostOnTouch=true
04-15 09:53:10.633  1542  3802 I WindowManager:   dvrrWindowFrameRateHint=true naviIconColor=0}
04-15 09:53:10.634  2000  2120 I VRI[calendar]@ece70be: onActiveControlsChanged, removed=false, mAdded=true, caller=android.view.ViewRootImpl.handleInsetsControlChanged:3002 android.view.ViewRootImpl.relayoutWindow:11629 android.view.ViewRootImpl.performTraversals:4804 android.view.ViewRootImpl.doTraversal:3924 android.view.ViewRootImpl$TraversalRunnable.run:12903
04-15 09:53:10.635  2000  2120 I VRI[calendar]@ece70be: Relayout returned: old=(0,0,720,1544) new=(0,0,720,1544) relayoutAsync=false req=(720,1544)8 dur=3 res=0x2 s={false 0x0} ch=true seqId=0
04-15 09:53:10.635  2000  2120 D VRI[calendar]@ece70be: Not drawing due to not visible. Reason=View.GONE
04-15 09:53:10.636  2000  2120 I VRI[calendar]@ece70be: dispatchDetachedFromWindow
04-15 09:53:10.636  3756  3756 I HBD     : l writeToFile complete
04-15 09:53:10.638  3756  3756 I HBD     : m normal : updateLanguage : English
04-15 09:53:10.639  3756  3756 I HBD     : g isCoverDisplay : false, cached selected json info : SelectedLanguageInfo(languageVersion=4.2, currentLanguageOrder=0, selectedLanguageList=[SelectedLanguage(id=65538, isUsed=true, engName=English, inputType=qwerty, activeOptionList=[auto_replace, auto_spacing, writing_assistant], bilingualId=-1), SelectedLanguage(id=5308416, isUsed=true, engName=Arabic, inputType=qwerty, activeOptionList=[auto_replace, auto_spacing], bilingualId=-1)])
04-15 09:53:10.639  3756 18733 I HBD     : l Write selected lang for DE
04-15 09:53:10.639  3756 18733 I HBD     : l writeToFile path : /data/user_de/0/com.samsung.android.honeyboard/files/selected.json
04-15 09:53:10.639  3756 18733 I HBD     : l writeToFile json : {"version":"4.2","currentLanguageOrder":0,"selected":[{"activeOptionList":["auto_replace","auto_spacing","writing_assistant"],"bilingualId":-1,"engName":"English","id":65538,"inputType":"qwerty","isUsed":true},{"activeOptionList":["auto_replace","auto_spacing"],"bilingualId":-1,"engName":"Arabic","id":5308416,"inputType":"qwerty","isUsed":true}]}
04-15 09:53:10.639  3756  3756 I HBD     : g isCoverDisplay : false, cached selected json info : SelectedLanguageInfo(languageVersion=4.2, currentLanguageOrder=0, selectedLanguageList=[SelectedLanguage(id=65538, isUsed=true, engName=English, inputType=qwerty, activeOptionList=[auto_replace, auto_spacing, writing_assistant], bilingualId=-1), SelectedLanguage(id=5308416, isUsed=true, engName=Arabic, inputType=qwerty, activeOptionList=[auto_replace, auto_spacing], bilingualId=-1)])
04-15 09:53:10.639  3756  3756 I HBD     : n updateActionOptionFromPreference isCover = false
04-15 09:53:10.640  3756  3756 I HBD     : n before lang.activeOptionList =  [auto_replace, auto_spacing, writing_assistant]
04-15 09:53:10.641  3756  3756 I HBD     : n after lang.activeOptionList = [auto_replace, auto_spacing, writing_assistant]
04-15 09:53:10.641  1542  2472 D InputTransport: Input channel destroyed: 'febb356', fd=1324
04-15 09:53:10.641  1542  2472 D SurfaceComposerClient: setCornerRadius ## 3b069f9 com.google.android.calendar/com.google.android.calendar.allinone.AllInOneCalendarActivity#18358 cornerRadius=0.000000
04-15 09:53:10.642  1542  2472 D SurfaceComposerClient: setCornerRadius ## 3b069f9 com.google.android.calendar/com.google.android.calendar.allinone.AllInOneCalendarActivity#18358 cornerRadius=0.000000
04-15 09:53:10.642  3756  3756 I HBD     : l writeToFile path : /data/user/0/com.samsung.android.honeyboard/files/selected.json
04-15 09:53:10.642  3756  3756 I HBD     : l writeToFile json : {"version":"4.2","currentLanguageOrder":0,"selected":[{"activeOptionList":["auto_replace","auto_spacing","writing_assistant"],"bilingualId":-1,"engName":"English","id":65538,"inputType":"qwerty","isUsed":true},{"activeOptionList":["auto_replace","auto_spacing"],"bilingualId":-1,"engName":"Arabic","id":5308416,"inputType":"qwerty","isUsed":true}]}
04-15 09:53:10.642  1059  1180 I HYPER-HAL: [RequestManager.cpp]releaseLocked(): Released ID : 1219160
04-15 09:53:10.643  2000  2120 D InputTransport: Input channel destroyed: 'febb356', fd=768
04-15 09:53:10.643  3756 18733 I HBD     : l writeToFile complete
04-15 09:53:10.643  3756  3756 I HBD     : l writeToFile complete
04-15 09:53:10.644  3756 18734 I HBD     : l Write selected lang for DE
04-15 09:53:10.645  1151  1151 I SurfaceFlinger: RequestedLayer [Surface(name=1d7a05f InputMethod)/@0[...]tion-leash of insets_animation#18364] hidden!! flag  from(1) --> to(0)
04-15 09:53:10.645  1151  1151 E SurfaceFlinger: alpha changed 1.000 -> 0.000 - Surface(name=1d7a05f InputMethod)/@0x5f77a9d - animation-leash of insets_animation#18364
04-15 09:53:10.645  1151  1151 I SurfaceFlinger: RequestedLayer [Splash Screen com.google.android.calendar$_2000#18352] hidden!! flag  from(0) --> to(1)
04-15 09:53:10.645  1151  1151 I SurfaceFlinger: [Display 0 name="Built-in Screen"#49] setFrameRateCategory: Default
04-15 09:53:10.645  3756 18734 I HBD     : l writeToFile path : /data/user_de/0/com.samsung.android.honeyboard/files/selected.json
04-15 09:53:10.645  1151  1151 I SurfaceFlinger: [LayerHierarchy{RequestedLayerState{ImeContainer#15 parentId=16293 relativeParentId=18358 z=1} 1 children}] reparent to LayerHierarchy{RequestedLayerState{ActivityRecord{243114305 u0 com.google.android.calendar/.allinone.AllInOneCalendarActivity t3801}#16293 parentId=16292} 4 children}
04-15 09:53:10.645  3756 18734 I HBD     : l writeToFile json : {"version":"4.2","currentLanguageOrder":0,"selected":[{"activeOptionList":["auto_replace","auto_spacing","writing_assistant"],"bilingualId":-1,"engName":"English","id":65538,"inputType":"qwerty","isUsed":true},{"activeOptionList":["auto_replace","auto_spacing"],"bilingualId":-1,"engName":"Arabic","id":5308416,"inputType":"qwerty","isUsed":true}]}
04-15 09:53:10.645  1151  1151 I SurfaceFlinger: [LayerHierarchy{RequestedLayerState{ImeContainer#15 parentId=16293 relativeParentId=18358 z=1} 1 children}] RelativeParent to LayerHierarchy{RequestedLayerState{3b069f9 com.google.android.calendar/com.google.android.calendar.allinone.AllInOneCalendarActivity#18358 parentId=16293} 2 children}
04-15 09:53:10.645  1151  1151 I SurfaceFlinger: [LayerHierarchy{RequestedLayerState{1d7a05f InputMethod#134 parentId=18364} no children}] reparent to LayerHierarchy{RequestedLayerState{Surface(name=1d7a05f InputMethod)/@0x5f77a9d - animation-leash of insets_animation#18364 parentId=120} 1 children}
04-15 09:53:10.645  1151  1151 I SurfaceFlinger: [LayerHierarchy{RequestedLayerState{febb356 Splash Screen com.google.android.calendar#18351 z=2147483647} 1 children}] reparent to OffscreenRoot
04-15 09:53:10.645  1151  1151 I SurfaceFlinger: [LayerHierarchy{RequestedLayerState{febb356 Splash Screen com.google.android.calendar#18351 z=2147483647} 1 children}] RelativeParent to null
04-15 09:53:10.645  1151  1151 I SurfaceFlinger: [LayerHierarchy{RequestedLayerState{Surface(name=1d7a05f InputMethod)/@0x5f77a9d - animation-leash of insets_animation#18339} no children}] reparent to OffscreenRoot
04-15 09:53:10.645  1151  1151 I SurfaceFlinger: [LayerHierarchy{RequestedLayerState{Surface(name=1d7a05f InputMethod)/@0x5f77a9d - animation-leash of insets_animation#18339} no children}] RelativeParent to null
04-15 09:53:10.645  1151  1151 I SurfaceFlinger: [LayerHierarchy{RequestedLayerState{3b069f9 com.google.android.calendar/com.google.android.calendar.allinone.AllInOneCalendarActivity#18358 parentId=16293} 2 children}] reparent to LayerHierarchy{RequestedLayerState{ActivityRecord{243114305 u0 com.google.android.calendar/.allinone.AllInOneCalendarActivity t3801}#16293 parentId=16292} 4 children}
04-15 09:53:10.645  1151  1151 I SurfaceFlinger: [LayerHierarchy{RequestedLayerState{Splash Screen com.google.android.calendar$_2000#18352} no children}] reparent to OffscreenRoot
04-15 09:53:10.645  1151  1151 I SurfaceFlinger: [LayerHierarchy{RequestedLayerState{Splash Screen com.google.android.calendar$_2000#18352} no children}] RelativeParent to null
04-15 09:53:10.645  1151  1151 I SurfaceFlinger: [LayerHierarchy{RequestedLayerState{Surface(name=3b069f9 com.google.android.calendar/com.google.android.calendar.allinone.AllInOneCalendarActivity)/@0xfe5e60a - animation-leash of starting_reveal#18362} no children}] reparent to OffscreenRoot
04-15 09:53:10.645  1151  1151 I SurfaceFlinger: [LayerHierarchy{RequestedLayerState{Surface(name=3b069f9 com.google.android.calendar/com.google.android.calendar.allinone.AllInOneCalendarActivity)/@0xfe5e60a - animation-leash of starting_reveal#18362} no children}] RelativeParent to null
04-15 09:53:10.646  3756  3756 I HBD     : m normal : updateLanguage : English
04-15 09:53:10.647  3756  3756 I HBD     : g isCoverDisplay : false, cached selected json info : SelectedLanguageInfo(languageVersion=4.2, currentLanguageOrder=0, selectedLanguageList=[SelectedLanguage(id=65538, isUsed=true, engName=English, inputType=qwerty, activeOptionList=[auto_replace, auto_spacing, writing_assistant], bilingualId=-1), SelectedLanguage(id=5308416, isUsed=true, engName=Arabic, inputType=qwerty, activeOptionList=[auto_replace, auto_spacing], bilingualId=-1)])
04-15 09:53:10.647  3756  3756 I HBD     : g isCoverDisplay : false, cached selected json info : SelectedLanguageInfo(languageVersion=4.2, currentLanguageOrder=0, selectedLanguageList=[SelectedLanguage(id=65538, isUsed=true, engName=English, inputType=qwerty, activeOptionList=[auto_replace, auto_spacing, writing_assistant], bilingualId=-1), SelectedLanguage(id=5308416, isUsed=true, engName=Arabic, inputType=qwerty, activeOptionList=[auto_replace, auto_spacing], bilingualId=-1)])
04-15 09:53:10.647  3756  3756 I HBD     : g updateSelectedLanguageCache is succeeded. English
04-15 09:53:10.648  1151  1200 I SurfaceFlinger: id=18351 Removed febb356 Splash Screen com.google.android.calendar#18351 (184)
04-15 09:53:10.648  1151  2758 I SurfaceFlinger: id=18339 Removed Surface(name=1d7a05f InputMethod)/@0x5f77a9d - animation-leash of insets_animation#18339 (184)
04-15 09:53:10.648  1151  2758 I SurfaceFlinger: id=18352 Removed Splash Screen com.google.android.calendar$_2000#18352 (184)
04-15 09:53:10.649  1542  1585 D SurfaceComposerClient: setCornerRadius ## 3b069f9 com.google.android.calendar/com.google.android.calendar.allinone.AllInOneCalendarActivity#18358 cornerRadius=0.000000
04-15 09:53:10.649  3756  3756 I HBD     : l writeToFile path : /data/user/0/com.samsung.android.honeyboard/files/selected.json
04-15 09:53:10.649  3756  3756 I HBD     : l writeToFile json : {"version":"4.2","currentLanguageOrder":0,"selected":[{"activeOptionList":["auto_replace","auto_spacing","writing_assistant"],"bilingualId":-1,"engName":"English","id":65538,"inputType":"qwerty","isUsed":true},{"activeOptionList":["auto_replace","auto_spacing"],"bilingualId":-1,"engName":"Arabic","id":5308416,"inputType":"qwerty","isUsed":true}]}
04-15 09:53:10.651  1151  1151 D SurfaceFlinger: Display 4633128672291735999 HWC layers:
04-15 09:53:10.651  1151  1151 D SurfaceFlinger:        DEVICE |           17089674871005 | 00002102 | RGBA_8888    |    0.0    0.0  720.0 1544.0 |    0    0  720 1544 | com.google.android.calendar/com.goog[...]AllInOneCalendarActivity$_3979#18359 (3)
04-15 09:53:10.651  1151  1151 D SurfaceFlinger:        DEVICE |            8589934654687 | 00002100 | RGBA_8888    |    0.0    0.0  720.0   50.0 |    0    0  720   50 | StatusBar$_2000#102 (26058)
