04-15 09:53:13.182  1151  1378 I SurfaceFlinger: id=18427 createSurf, flag=20004, DimTransitionLayer for Surface(name=Task=3869)/@0x52aaf18#18427
04-15 09:53:13.182  1151  1200 I SurfaceFlinger: Capture layer list: 	 com.catfact.app/com.catfact.app.MainActivity$_18572#18417(seamlessTransition:0)
04-15 09:53:13.182  1151  1200 I CompositionEngine: [setDisplaySize] size=(720, 1544)
04-15 09:53:13.182  2000  2105 I SurfaceControlRegistry: show, t=StartTransaction_SyncId<1647> sc=DimTransitionLayer for Surface(name=Task=3869)/@0x52aaf18, caller=android.view.SurfaceControl$Transaction.show:3557 com.android.wm.shell.transition.DefaultTransitionHandler.startAnimation:2931 com.android.wm.shell.transition.Transitions.dispatchTransition:90 com.android.wm.shell.transition.Transitions.playTransition:774 com.android.wm.shell.transition.Transitions.processReadyQueue:239 com.android.wm.shell.transition.Transitions.dispatchReady:1352
04-15 09:53:13.182  2000  2105 I SurfaceControlRegistry: apply, t=StartTransaction_SyncId<1647>, caller=android.view.SurfaceControl$Transaction.apply:3459 android.view.SurfaceControl$Transaction.apply:3447 android.view.SurfaceControl$Transaction.apply:3397 com.android.wm.shell.transition.DefaultTransitionHandler.startAnimation:3387 com.android.wm.shell.transition.Transitions.dispatchTransition:90 com.android.wm.shell.transition.Transitions.playTransition:774
04-15 09:53:13.182 18525 18790 I Rubin   : [146] M.c0.k(Unknown Source) : Notify com.samsung.android.rubin.inferenceengine.contextanalytics.engine.loggers.AppUsageLogger's database is updated.
04-15 09:53:13.183  1151  1206 D RenderEngine: [SEC_SF_EFFECTS] drawLayersInternal,1494, Rendering layer ScreenCaptureFillLayer at index 0
04-15 09:53:13.183  1151  1206 D RenderEngine: [SEC_SF_EFFECTS] drawLayersInternal,1494, Rendering layer com.catfact.app/com.catfact.app.MainActivity$_18572#18417 at index 1
04-15 09:53:13.186  3723 26412 I [AirCmd]_ActivitySwitchDetector: onTaskFocusChanged : taskId=3869, componentName=ComponentInfo{com.catfact.app.test/androidx.test.core.app.InstrumentationActivityInvoker$EmptyActivity}
04-15 09:53:13.186  3723 26412 I [AirCmd]_ActivitySwitchDetector: onTaskFocusChanged :mTopMostActivity = ComponentInfo{com.catfact.app/com.catfact.app.MainActivity}
04-15 09:53:13.186  3723 26412 I [AirCmd]_CallbackRepeater: stopRepeat : isWorking=false
04-15 09:53:13.186  3723 26412 I [AirCmd]_MediaControlStateMonitor: isForegroundAppSupportsMediaButton : mediaSession is empty
04-15 09:53:13.186  1542  2162 D InputTransport: Input channel constructed: 'a10effd', fd=1146
04-15 09:53:13.186  1542  2162 D InputTransport: Input channel constructed: 'a10effd', fd=1248
04-15 09:53:13.187  1542  2162 D InputTransport: Input channel constructed: 'a10effd', fd=1263
04-15 09:53:13.187  1542  2162 D InputTransport: Input channel destroyed: 'a10effd', fd=1248
04-15 09:53:13.187  1151  1151 I SurfaceFlinger: RequestedLayer [32609eb Splash Screen com.catfact.app.test#18424] hidden!! flag  from(1) --> to(0)
04-15 09:53:13.187  1151  1151 I SurfaceFlinger: RequestedLayer [Splash Screen com.catfact.app.test$_2000#18425] hidden!! flag  from(1) --> to(0)
04-15 09:53:13.187  1151  1151 I SurfaceFlinger: RequestedLayer [Task=3869#18422] hidden!! flag  from(1) --> to(0)
04-15 09:53:13.187  1151  1151 E SurfaceFlinger: alpha changed 1.000 -> 0.000 - Task=3869#18422
04-15 09:53:13.187  1151  1151 I SurfaceFlinger: RequestedLayer [Transition Root: Task=3869#18426] hidden!! flag  from(1) --> to(0)
04-15 09:53:13.187  1151  1151 I SurfaceFlinger: RequestedLayer [ActivityRecord{57447510 u0 com.catfa[...]tyInvoker$EmptyActivity t3869}#18423] hidden!! flag  from(1) --> to(0)
04-15 09:53:13.187  1151  1151 I SurfaceFlinger: RequestedLayer [DimTransitionLayer for Surface(name=Task=3869)/@0x52aaf18#18427] hidden!! flag  from(1) --> to(0)
04-15 09:53:13.187  1151  1151 E SurfaceFlinger: alpha changed 1.000 -> 0.000 - DimTransitionLayer for Surface(name=Task=3869)/@0x52aaf18#18427
04-15 09:53:13.187  1151  1151 E SurfaceFlinger: alpha changed 0.000 -> 1.000 - Task=3869#18422
04-15 09:53:13.187  1151  1151 E SurfaceFlinger: alpha changed 0.000 -> 0.000 - DimTransitionLayer for Surface(name=Task=3869)/@0x52aaf18#18427
04-15 09:53:13.187  1151  1378 I SurfaceFlinger: id=18428 createSurf, flag=84004, a10effd com.catfact.app.test/androidx.test.core.app.InstrumentationActivityInvoker$EmptyActivity#18428
04-15 09:53:13.187  1151  1151 I SurfaceFlinger: [LayerHierarchy{RequestedLayerState{Task=3868#18406 parentId=18426 z=2} 1 children}] reparent to LayerHierarchy{RequestedLayerState{Transition Root: Task=3869#18426 parentId=10 z=14} 1 children}
04-15 09:53:13.187  1151  1151 I SurfaceFlinger: [LayerHierarchy{RequestedLayerState{Task=3869#18422 parentId=18426 z=5} 1 children}] reparent to LayerHierarchy{RequestedLayerState{Transition Root: Task=3869#18426 parentId=10 z=14} 2 children}
04-15 09:53:13.187  1151  1151 I SurfaceFlinger: [DimTransitionLayer for Surface(name=Task=3869)/@0x52aaf18#18427] attach to parent LayerHierarchy{RequestedLayerState{Transition Root: Task=3869#18426 parentId=10 z=14} 3 children}
04-15 09:53:13.187  3723 26412 E [AirCmd]_MediaControlStateMonitor: getActiveNotificationPackageName : notification service monitor is null
04-15 09:53:13.187  3723 26412 I [AirCmd]_ButtonEventDetectionThread: enableDoubleClickDetection: enabled= true, doubleClickWaitInterval=300
04-15 09:53:13.188  1542  2162 D InputTransport: Input channel destroyed: 'a10effd', fd=1263
04-15 09:53:13.188 18638 18638 D InputTransport: Input channel constructed: 'a10effd', fd=117
04-15 09:53:13.188  1151  1378 I SurfaceFlinger: id=18429 createSurf, flag=84000, 1d96418 ActivityRecordInputSink com.catfact.app.test/androidx.test.core.app.InstrumentationActivityInvoker$EmptyActivity#18429
04-15 09:53:13.189 18638 18638 I InsetsController: onStateChanged: host=com.catfact.app.test/androidx.test.core.app.InstrumentationActivityInvoker$EmptyActivity, from=android.view.ViewRootImpl.onInsetsStateChanged:3026, state=InsetsState: {mDisplayFrame=Rect(0, 0 - 720, 1544), mDisplayCutout=DisplayCutout{insets=Rect(0, 50 - 0, 0) waterfall=Insets{left=0, top=0, right=0, bottom=0} boundingRect={Bounds=[Rect(0, 0 - 0, 0), Rect(341, 0 - 379, 50), Rect(0, 0 - 0, 0), Rect(0, 0 - 0, 0)]} cutoutPathParserInfo={CutoutPathParserInfo{displayWidth=720 displayHeight=1544 physicalDisplayWidth=720 physicalDisplayHeight=1544 density={1.875} cutoutSpec={M 0,0 H -10 V 26.66666666666667 H 10 V 0 H 0 Z @dp} rotation={0} scale={1.0} physicalPixelDisplaySizeRatio={1.0}}} sideOverrides={}}, mRoundedCorners=RoundedCorners{[RoundedCorner{position=TopLeft, radius=8, center=Point(8, 8)}, RoundedCorner{position=TopRight, radius=8, center=Point(712, 8)}, RoundedCorner{position=BottomRight, radius=8, center=Point(712, 1536)}, RoundedCorner{position=BottomLeft, radius=8, center=Point(8, 1536)}]}  mRoundedCornerFrame=Rect(0, 0 - 720, 1544), mPrivacyIndicatorBounds=PrivacyIndicatorBounds {static bounds=Rect(637, 0 - 720, 50) rotation=0}, mDisplayShape=DisplayShape{ spec=-311912193 displayWidth=720 displayHeight=1544 physicalPixelDisplaySizeRatio=0.5 rotation=0 offsetX=0 offsetY=0 scale=1.0}, mSources= { InsetsSource: {ec730001 mType=navigationBars mFrame=[0,1454][720,1544] mVisible=true mFlags= mSideHint=BOTTOM mBoundingRects=null}, InsetsSource: {ec730004 mType=systemGestures mFrame=[0,0][0,0] mVisible=true mFlags= mSideHint=NONE mBoundingRects=null}, InsetsSource: {ec730005 mType=mandatorySystemGestures mFrame=[0,1454][720,1544] mVisible=true mFlags= mSideHint=BOTTOM mBoundingRects=null}, InsetsSource: {ec730006 mType=tappableElement mFrame=[0,1454][720,1544] mVisible=true mFlags= mSideHint=BOTTOM mBoundingRects=null}, InsetsSource: {ec730024 mType=systemGestures mFrame=[0,0][0,0] mVisible=true mFlags= mSideHint=NONE mBoundingRects=null}, InsetsSource: {3 mType=ime mFrame=[0,0][0,0] mVisible=false mFlags= mSideHint=NONE mBoundingRects=null}, InsetsSource: {27 mType=displayCutout mFrame=[0,0][720,50] mVisible=true mFlags= mSideHint=TOP mBoundingRects=null}, InsetsSource: {43950000 mType=statusBars mFrame=[0,0][720,50] mVisible=true mFlags= mSideHint=TOP mBoundingRects=null}, InsetsSource: {43950005 mType=mandatorySystemGestures mFrame=[0,0][720,73] mVisible=true mFlags= mSideHint=TOP mBoundingRects=null}, InsetsSource: {43950006 mType=tappableElement mFrame=[0,0][720,50] mVisible=true mFlags= mSideHint=TOP mBoundingRects=null} }
04-15 09:53:13.189 18638 18638 I VRI[InstrumentationActivityInvoker$EmptyActivity]@1b28a12: synced displayState. AttachInfo displayState=2
04-15 09:53:13.190 18638 18638 I VRI[InstrumentationActivityInvoker$EmptyActivity]@1b28a12: setView = com.android.internal.policy.DecorView@26efe99 IsHRR=false mFlingFrameRateChange=0 TM=true
04-15 09:53:13.190  2000  2000 D DisplayLifecycle: updateDisplay id = 0
04-15 09:53:13.190 18638 18653 D HWUI    : HWUI - treat SMPTE_170M as sRGB
04-15 09:53:13.191  1151  1378 I SurfaceFlinger: id=18430 createSurf, flag=24000, Surface(name=3edafdc StatusBar)/@0x3b919ed - animation-leash of insets_animation#18430
04-15 09:53:13.191  2461  4432 I HoneySpace.Memory-Monitor: current state = 2, didTrim = false
04-15 09:53:13.192  2000  2125 D StackScroller: onDisplayChanged for predraw skip to 2
04-15 09:53:13.193  1151  1199 I SurfaceFlinger: id=18431 createSurf, flag=24000, Surface(name=8c5cec7 NavigationBar0)/@0xa68870 - animation-leash of insets_animation#18431
04-15 09:53:13.194  1542  1585 D SurfaceComposerClient: setCornerRadius ## 32609eb Splash Screen com.catfact.app.test#18424 cornerRadius=0.000000
04-15 09:53:13.194  1542  1585 D SurfaceComposerClient: setCornerRadius ## a10effd com.catfact.app.test/androidx.test.core.app.InstrumentationActivityInvoker$EmptyActivity#18428 cornerRadius=0.000000
04-15 09:53:13.194  2000  2000 D SamsungLightBarControlHelper: updateStatusBar (BLACK icon) numStacks:1, StatusBarMode:MODE_TRANSPARENT, lightBarBounds:[Rect(0, 0 - 720, 1544)], StatusBarState:SHADE, packageName:, isWhiteKeyguardStatusBar:false
04-15 09:53:13.194  1542  2473 I WindowManager: Relayout Window{a10effd u0 com.catfact.app.test/androidx.test.core.app.InstrumentationActivityInvoker$EmptyActivity}: viewVisibility=0 req=720x1544 ty=1 d0
04-15 09:53:13.195  2000  2000 D SamsungLightBarControlHelper: onStatusBarAppearanceChanged() -  sbModeChanged:false, statusBarMode:0, barState:MODE_TRANSPARENT, isKeyguardShowing:false, navbarColorManagedByIme:false, (AppearanceRegion{LIGHT_STATUS_BARS bounds=[0,0][720,1544]}, )
04-15 09:53:13.195  2000  2000 D NavigationBar: onSystemBarAttributesChanged() -  displayId:0, appearance:24, packageName: com.catfact.app.test (APPEARANCE_LIGHT_STATUS_BARS APPEARANCE_LIGHT_NAVIGATION_BARS ), navbarColorManagedByIme:false
04-15 09:53:13.195  1151  1199 I SurfaceFlinger: id=18432 createSurf, flag=44004, com.catfact.app.test/androidx.test.core.app.InstrumentationActivityInvoker$EmptyActivity$_18638#18432
04-15 09:53:13.195  2000  2000 D SamsungLightBarControlHelper: updateNavigationBar (BLACK button) isLightOpaque:false, hasLightNavigationBarFlag:true, packageName:com.catfact.app.test, DirectReplying:false, NavBarColorMangedByIme:false, ForceDarkForScrim:false, ForceLightForScrim:false, QsCustomizing:false, QsExpanded:false
04-15 09:53:13.195  1151  1151 I SurfaceFlinger: RequestedLayer [a10effd com.catfact.app.test/android[...]nActivityInvoker$EmptyActivity#18428] hidden!! flag  from(1) --> to(0)
04-15 09:53:13.195  1151  1151 I SurfaceFlinger: [a10effd com.catfact.app.test/androidx.test.core.app.InstrumentationActivityInvoker$EmptyActivity#18428] attach to parent LayerHierarchy{RequestedLayerState{ActivityRecord{57447510 u0 com.catfact.app.test/androidx.test.core.app.InstrumentationActivityInvoker$EmptyActivity t3869}#18423 parentId=18422} 2 children}
04-15 09:53:13.195  1151  1151 I SurfaceFlinger: [1d96418 ActivityRecordInputSink com.catfact.app.test/androidx.test.core.app.InstrumentationActivityInvoker$EmptyActivity#18429] attach to parent LayerHierarchy{RequestedLayerState{ActivityRecord{57447510 u0 com.catfact.app.test/androidx.test.core.app.InstrumentationActivityInvoker$EmptyActivity t3869}#18423 parentId=18422} 3 children}
04-15 09:53:13.195  1151  1151 I SurfaceFlinger: [Surface(name=3edafdc StatusBar)/@0x3b919ed - animation-leash of insets_animation#18430] attach to parent LayerHierarchy{RequestedLayerState{WindowToken{7a8fc4f type=2000 android.os.BinderProxy@a9d7329}#94 parentId=17} 2 children}
04-15 09:53:13.195  1151  1151 I SurfaceFlinger: [Surface(name=8c5cec7 NavigationBar0)/@0xa68870 - animation-leash of insets_animation#18431] attach to parent LayerHierarchy{RequestedLayerState{WindowToken{fc018e2 type=2019 android.os.BinderProxy@bda3ac4}#90 parentId=34} 2 children}
04-15 09:53:13.195  1151  1151 I SurfaceFlinger: [com.catfact.app.test/androidx.test.core.app.InstrumentationActivityInvoker$EmptyActivity$_18638#18432] attach to parent LayerHierarchy{RequestedLayerState{a10effd com.catfact.app.test/androidx.test.core.app.InstrumentationActivityInvoker$EmptyActivity#18428 parentId=18423} 1 children}
04-15 09:53:13.195  1542  2473 D SurfaceComposerClient: setCornerRadius ## 32609eb Splash Screen com.catfact.app.test#18424 cornerRadius=0.000000
04-15 09:53:13.195  1542  2473 D SurfaceComposerClient: setCornerRadius ## a10effd com.catfact.app.test/androidx.test.core.app.InstrumentationActivityInvoker$EmptyActivity#18428 cornerRadius=0.000000
04-15 09:53:13.196  1542  2473 D SurfaceComposerClient: setCornerRadius ## 32609eb Splash Screen com.catfact.app.test#18424 cornerRadius=0.000000
04-15 09:53:13.196  1542  2473 D SurfaceComposerClient: setCornerRadius ## a10effd com.catfact.app.test/androidx.test.core.app.InstrumentationActivityInvoker$EmptyActivity#18428 cornerRadius=0.000000
04-15 09:53:13.196  1151  1378 I SurfaceFlinger: id=18433 createSurf, flag=24000, Surface(name=3edafdc StatusBar)/@0x3b919ed - animation-leash of insets_animation#18433
04-15 09:53:13.198  1151  1199 I SurfaceFlinger: id=18434 createSurf, flag=24000, Surface(name=8c5cec7 NavigationBar0)/@0xa68870 - animation-leash of insets_animation#18434
04-15 09:53:13.199  1542  2473 I SystemKeyManager: requested systemKeyInfo size=1 focusedWindow=com.catfact.app.test/androidx.test.core.app.InstrumentationActivityInvoker$EmptyActivity
04-15 09:53:13.199  1542  2473 I SystemKeyManager: requested systemKeyInfo size=1 focusedWindow=com.catfact.app.test/androidx.test.core.app.InstrumentationActivityInvoker$EmptyActivity
04-15 09:53:13.199  2000  2000 D NavigationBar: onSystemBarAttributesChanged() -  displayId:0, appearance:16, packageName: com.catfact.app.test (APPEARANCE_LIGHT_NAVIGATION_BARS ), navbarColorManagedByIme:false
04-15 09:53:13.199  2461  4419 I HoneySpace.RecentTasks: onRunningTaskAppeared
04-15 09:53:13.199  2461  4419 I HoneySpace.RecentTasks: onRecentTasksChanged
04-15 09:53:13.199  1542  2473 I WindowManager: Relayout hash=a10effd, pid=18638, syncId=-1: mAttrs={(0,0)(fillxfill) sim={adjust=pan forwardNavigation} layoutInDisplayCutoutMode=always ty=BASE_APPLICATION
04-15 09:53:13.199  1542  2473 I WindowManager:   fl=81810100
04-15 09:53:13.199  1542  2473 I WindowManager:   pfl=100088c0
04-15 09:53:13.199  1542  2473 I WindowManager:   bhv=1
04-15 09:53:13.199  1542  2473 I WindowManager:   fitSides=0
04-15 09:53:13.199  1542  2473 I WindowManager:   frameRateBoostOnTouch=true
04-15 09:53:13.199  1542  2473 I WindowManager:   dvrrWindowFrameRateHint=true naviIconColor=0}
04-15 09:53:13.201 18638 18638 I BLASTBufferQueue_Java: new BLASTBufferQueue, mName= VRI[InstrumentationActivityInvoker$EmptyActivity]@1b28a12 mNativeObject= 0xb40000741c57c920 caller= android.view.ViewRootImpl.updateBlastSurfaceIfNeeded:3585 android.view.ViewRootImpl.relayoutWindow:11685 android.view.ViewRootImpl.performTraversals:4804 android.view.ViewRootImpl.doTraversal:3924 android.view.ViewRootImpl$TraversalRunnable.run:12903 android.view.Choreographer$CallbackRecord.run:1901 android.view.Choreographer$CallbackRecord.run:1910 android.view.Choreographer.doCallbacks:1367 android.view.Choreographer.doFrame:1292 android.view.Choreographer$FrameDisplayEventReceiver.run:1870
04-15 09:53:13.201 18638 18638 I BLASTBufferQueue_Java: update, w= 720 h= 1544 mName = VRI[InstrumentationActivityInvoker$EmptyActivity]@1b28a12 mNativeObject= 0xb40000741c57c920 sc.mNativeObject= 0xb40000751c4ea1d0 format= -1 caller= android.view.ViewRootImpl.updateBlastSurfaceIfNeeded:3590 android.view.ViewRootImpl.relayoutWindow:11685 android.view.ViewRootImpl.performTraversals:4804 android.view.ViewRootImpl.doTraversal:3924 android.view.ViewRootImpl$TraversalRunnable.run:12903 android.view.Choreographer$CallbackRecord.run:1901
04-15 09:53:13.201 18638 18638 I VRI[InstrumentationActivityInvoker$EmptyActivity]@1b28a12: Relayout returned: old=(0,0,720,1544) new=(0,0,720,1544) relayoutAsync=false req=(720,1544)0 dur=9 res=0x3 s={true 0xb40000748c5146f0} ch=true seqId=0
04-15 09:53:13.202 18638 18638 I VRI[InstrumentationActivityInvoker$EmptyActivity]@1b28a12: performConfigurationChange setNightDimText nightDimLevel=0
04-15 09:53:13.202 18638 18638 D VRI[InstrumentationActivityInvoker$EmptyActivity]@1b28a12: mThreadedRenderer.initialize() mSurface={isValid=true 0xb40000748c5146f0} hwInitialized=true
04-15 09:53:13.203 18638 18638 D VRI[InstrumentationActivityInvoker$EmptyActivity]@1b28a12: reportNextDraw android.view.ViewRootImpl.performTraversals:5443 android.view.ViewRootImpl.doTraversal:3924 android.view.ViewRootImpl$TraversalRunnable.run:12903 android.view.Choreographer$CallbackRecord.run:1901 android.view.Choreographer$CallbackRecord.run:1910
04-15 09:53:13.203 18638 18638 D VRI[InstrumentationActivityInvoker$EmptyActivity]@1b28a12: Setup new sync=wmsSync-VRI[InstrumentationActivityInvoker$EmptyActivity]@1b28a12#6
04-15 09:53:13.203 18638 18638 I VRI[InstrumentationActivityInvoker$EmptyActivity]@1b28a12: Creating new active sync group VRI[InstrumentationActivityInvoker$EmptyActivity]@1b28a12#7
04-15 09:53:13.204  1151  1151 E SurfaceFlinger: alpha changed 0.000 -> 0.010 - DimTransitionLayer for Surface(name=Task=3869)/@0x52aaf18#18427
04-15 09:53:13.204  1151  1151 I SurfaceFlinger: [LayerHierarchy{RequestedLayerState{8c5cec7 NavigationBar0#91 parentId=18434} 1 children}] reparent to LayerHierarchy{RequestedLayerState{Surface(name=8c5cec7 NavigationBar0)/@0xa68870 - animation-leash of insets_animation#18434 parentId=90} 1 children}
04-15 09:53:13.204  1151  1151 I SurfaceFlinger: [LayerHierarchy{RequestedLayerState{3edafdc StatusBar#95 parentId=18433} 1 children}] reparent to LayerHierarchy{RequestedLayerState{Surface(name=3edafdc StatusBar)/@0x3b919ed - animation-leash of insets_animation#18433 parentId=94} 1 children}
04-15 09:53:13.204  1151  1151 I SurfaceFlinger: [LayerHierarchy{RequestedLayerState{Surface(name=8c5cec7 NavigationBar0)/@0xa68870 - animation-leash of insets_animation#18419} no children}] reparent to OffscreenRoot
04-15 09:53:13.204  1151  1151 I SurfaceFlinger: [LayerHierarchy{RequestedLayerState{Surface(name=8c5cec7 NavigationBar0)/@0xa68870 - animation-leash of insets_animation#18419} no children}] RelativeParent to null
04-15 09:53:13.204  1151  1151 I SurfaceFlinger: [LayerHierarchy{RequestedLayerState{Surface(name=3edafdc StatusBar)/@0x3b919ed - animation-leash of insets_animation#18418} no children}] reparent to OffscreenRoot
04-15 09:53:13.204  1151  1151 I SurfaceFlinger: [LayerHierarchy{RequestedLayerState{Surface(name=3edafdc StatusBar)/@0x3b919ed - animation-leash of insets_animation#18418} no children}] RelativeParent to null
04-15 09:53:13.204  1151  1151 I SurfaceFlinger: [LayerHierarchy{RequestedLayerState{Surface(name=3edafdc StatusBar)/@0x3b919ed - animation-leash of insets_animation#18430} no children}] reparent to OffscreenRoot
04-15 09:53:13.204  1151  1151 I SurfaceFlinger: [LayerHierarchy{RequestedLayerState{Surface(name=3edafdc StatusBar)/@0x3b919ed - animation-leash of insets_animation#18430} no children}] RelativeParent to null
04-15 09:53:13.204  1151  1151 I SurfaceFlinger: [LayerHierarchy{RequestedLayerState{Surface(name=8c5cec7 NavigationBar0)/@0xa68870 - animation-leash of insets_animation#18431} no children}] reparent to OffscreenRoot
04-15 09:53:13.204  1151  1151 I SurfaceFlinger: [LayerHierarchy{RequestedLayerState{Surface(name=8c5cec7 NavigationBar0)/@0xa68870 - animation-leash of insets_animation#18431} no children}] RelativeParent to null
04-15 09:53:13.204  1151  1151 I SurfaceFlinger: [Surface(name=3edafdc StatusBar)/@0x3b919ed - animation-leash of insets_animation#18433] attach to parent LayerHierarchy{RequestedLayerState{WindowToken{7a8fc4f type=2000 android.os.BinderProxy@a9d7329}#94 parentId=17} 1 children}
04-15 09:53:13.204  1151  1151 I SurfaceFlinger: [Surface(name=8c5cec7 NavigationBar0)/@0xa68870 - animation-leash of insets_animation#18434] attach to parent LayerHierarchy{RequestedLayerState{WindowToken{fc018e2 type=2019 android.os.BinderProxy@bda3ac4}#90 parentId=34} 1 children}
04-15 09:53:13.207  1151  2758 I SurfaceFlinger: id=18430 Removed Surface(name=3edafdc StatusBar)/@0x3b919ed - animation-leash of insets_animation#18430 (199)
04-15 09:53:13.207  1151  2758 I SurfaceFlinger: id=18431 Removed Surface(name=8c5cec7 NavigationBar0)/@0xa68870 - animation-leash of insets_animation#18431 (199)
04-15 09:53:13.208 18638 18638 D VRI[InstrumentationActivityInvoker$EmptyActivity]@1b28a12: registerCallbacksForSync syncBuffer=false
04-15 09:53:13.208 18638 18659 D VRI[InstrumentationActivityInvoker$EmptyActivity]@1b28a12: Received frameDrawingCallback syncResult=0 frameNum=1.
04-15 09:53:13.211 18638 18659 I VRI[InstrumentationActivityInvoker$EmptyActivity]@1b28a12: mWNT: t=0xb4000074fc514510 mBlastBufferQueue=0xb40000741c57c920 fn= 1 HdrRenderState mRenderHdrSdrRatio=1.0 caller= android.view.ViewRootImpl$12.onFrameDraw:15441 android.view.ThreadedRenderer$1.onFrameDraw:718 <bottom of call stack>
04-15 09:53:13.211 18638 18659 I VRI[InstrumentationActivityInvoker$EmptyActivity]@1b28a12: Setting up sync and frameCommitCallback
04-15 09:53:13.212 18638 18653 I BLASTBufferQueue: [VRI[InstrumentationActivityInvoker$EmptyActivity]@1b28a12#3](f:0,a:0,s:0) onFrameAvailable the first frame is available
04-15 09:53:13.212 18638 18653 I VRI[InstrumentationActivityInvoker$EmptyActivity]@1b28a12: Received frameCommittedCallback lastAttemptedDrawFrameNum=1 didProduceBuffer=true
04-15 09:53:13.212 18638 18653 D HWUI    : CFMS:: SetUp Pid : 18638    Tid : 18653
04-15 09:53:13.212 18638 18638 D VRI[InstrumentationActivityInvoker$EmptyActivity]@1b28a12: reportDrawFinished seqId=0
04-15 09:53:13.213  1151  1378 I SurfaceFlinger: [com.catfact.app.test/androidx.test.core.app.InstrumentationActivityInvoker$EmptyActivity$_18638#18432] setTransactionState with the first frame. bufferData(ID: 80049600462860, frameNumber: 1)
04-15 09:53:13.213  1151  2758 I SurfaceFlinger: id=18418 Removed Surface(name=3edafdc StatusBar)/@0x3b919ed - animation-leash of insets_animation#18418 (199)
04-15 09:53:13.213  1151  2758 I SurfaceFlinger: id=18419 Removed Surface(name=8c5cec7 NavigationBar0)/@0xa68870 - animation-leash of insets_animation#18419 (199)
04-15 09:53:13.213  1542  1585 D SurfaceComposerClient: setCornerRadius ## 32609eb Splash Screen com.catfact.app.test#18424 cornerRadius=0.000000
04-15 09:53:13.213  1542  1585 D SurfaceComposerClient: setCornerRadius ## a10effd com.catfact.app.test/androidx.test.core.app.InstrumentationActivityInvoker$EmptyActivity#18428 cornerRadius=0.000000
04-15 09:53:13.213  1542  1585 D SurfaceComposerClient: setCornerRadius ## 32609eb Splash Screen com.catfact.app.test#18424 cornerRadius=0.000000
04-15 09:53:13.214  1151  2758 I SurfaceFlinger: id=18435 createSurf, flag=24000, Surface(name=a10effd com.catfact.app.test/androidx.test.core.app.InstrumentationActivityInvoker$EmptyActivity)/@0x9798716 - animation-leash of starting_reveal#18435
04-15 09:53:13.214  2000  2120 I VRI[test]@97e22e7: onActiveControlsChanged, removed=false, mAdded=true, caller=android.view.ViewRootImpl.handleInsetsControlChanged:3002 android.view.ViewRootImpl$ViewRootHandler.handleMessageImpl:8352 android.view.ViewRootImpl$ViewRootHandler.handleMessage:8301 android.os.Handler.dispatchMessage:110 android.os.Looper.loopOnce:273
04-15 09:53:13.216  1151  1151 D SurfaceFlinger: Display 4633128672291735999 HWC layers:
04-15 09:53:13.216  1151  1151 D SurfaceFlinger:        CLIENT |           79766132621326 | 00002102 | RGBA_8888    |   10.0    0.0  720.0 1544.0 |    0    0  720 1544 | com.catfact.app/com.catfact.app.MainActivity$_18572#18417 (2)
04-15 09:53:13.216  1151  1151 D SurfaceFlinger:   SOLID_COLOR |                        0 | 00000000 | N/A          |    0.0    0.0    0.0    0.0 |    0    0  720 1544 | DimTransitionLayer for Surface(name=Task=3869)/@0x52aaf18#18427 (0)
04-15 09:53:13.216  1151  1151 D SurfaceFlinger:        DEVICE |            8589934655754 | 00002100 | RGBA_8888    |    0.0    0.0   33.0 1544.0 |  687    0  720 1544 | Splash Screen com.catfact.app.test$_2000#18425 (1)
04-15 09:53:13.216  1151  1151 D SurfaceFlinger:        DEVICE |            8589934654704 | 00002100 | RGBA_8888    |    0.0    0.0  720.0   50.0 |    0    0  720   50 | StatusBar$_2000#102 (26091)
04-15 09:53:13.216  1151  1151 D SurfaceFlinger:        DEVICE |           10569914518889 | 00002100 | RGBA_8888    |    0.0    0.0   67.0  353.0 |  653  192  720  545 | com.sec.android.app.launcher/com.sam[...]l.app.CocktailBarService$_2461#16495 (1)
04-15 09:53:13.216  1151  1151 D SurfaceFlinger:        DEVICE |            8589934654705 | 00002100 | RGBA_8888    |    0.0    0.0  720
04-15 09:53:13.216  1151  1151 D SurfaceFlinger: .0   90.0 |    0 1454  720 1544 | NavigationBar0$_2000#98 (16892)
04-15 09:53:13.216  1151  1151 D SurfaceFlinger:
04-15 09:53:13.216  2000  2105 D ShellTaskOrganizer: removeStartingWindow, removalInfo=StartingWindowRemovalInfo{taskId=3869 frame=Rect(0, 0 - 720, 1544) playRevealAnimation=true roundedCornerRadius=0.0 deferRemoveMode=0 windowlessSurface=false removeImmediately=false}
04-15 09:53:13.217  1542  1585 D SurfaceComposerClient: setCornerRadius ## a10effd com.catfact.app.test/androidx.test.core.app.InstrumentationActivityInvoker$EmptyActivity#18428 cornerRadius=0.000000
04-15 09:53:13.217  1151  1151 I SurfaceFlinger: destroyed Surface(name=8c5cec7 NavigationBar0)/@0xa68870 - animation-leash of insets_animation#18419
04-15 09:53:13.217  1151  1151 I SurfaceFlinger: destroyed Surface(name=3edafdc StatusBar)/@0x3b919ed - animation-leash of insets_animation#18418
04-15 09:53:13.217  1151  1151 I SurfaceFlinger: destroyed Surface(name=3edafdc StatusBar)/@0x3b919ed - animation-leash of insets_animation#18430
04-15 09:53:13.217  1151  1151 I SurfaceFlinger: destroyed Surface(name=8c5cec7 NavigationBar0)/@0xa68870 - animation-leash of insets_animation#18431
04-15 09:53:13.217  1151  1151 I SurfaceFlinger: [Surface(name=a10effd com.catfact.app.test/androidx.test.core.app.InstrumentationActivityInvoker$EmptyActivity)/@0x9798716 - animation-leash of starting_reveal#18435] attach to parent LayerHierarchy{RequestedLayerState{ActivityRecord{57447510 u0 com.catfact.app.test/androidx.test.core.app.InstrumentationActivityInvoker$EmptyActivity t3869}#18423 parentId=18422} 4 children}
04-15 09:53:13.217  1542  1585 D SurfaceComposerClient: setCornerRadius ## 32609eb Splash Screen com.catfact.app.test#18424 cornerRadius=0.000000
04-15 09:53:13.217  1542  1585 D SurfaceComposerClient: setCornerRadius ## a10effd com.catfact.app.test/androidx.test.core.app.InstrumentationActivityInvoker$EmptyActivity#18428 cornerRadius=0.000000
04-15 09:53:13.217  1542  1585 D SurfaceComposerClient: setCornerRadius ## 32609eb Splash Screen com.catfact.app.test#18424 cornerRadius=0.000000
04-15 09:53:13.217  1542  1585 D SurfaceComposerClient: setCornerRadius ## a10effd com.catfact.app.test/androidx.test.core.app.InstrumentationActivityInvoker$EmptyActivity#18428 cornerRadius=0.000000
04-15 09:53:13.219  2000  2105 D ShellDesktopMode: handleRequest: TransitionRequestInfo {type=2, tid=3869, debugId=1648}
04-15 09:53:13.219  1151  1151 I Layer   : id=18419 Destroyed Surface(name=8c5cec7 NavigationBar0)/@0xa68870 - animation-leash of insets_animation#18419
04-15 09:53:13.219  1151  1151 I Layer   : id=18418 Destroyed Surface(name=3edafdc StatusBar)/@0x3b919ed - animation-leash of insets_animation#18418
04-15 09:53:13.220  1151  1151 I Layer   : id=18430 Destroyed Surface(name=3edafdc StatusBar)/@0x3b919ed - animation-leash of insets_animation#18430
04-15 09:53:13.220  1151  1151 I Layer   : id=18431 Destroyed Surface(name=8c5cec7 NavigationBar0)/@0xa68870 - animation-leash of insets_animation#18431
04-15 09:53:13.221 18638 18638 I InsetsSourceConsumer: applyRequestedVisibilityToControl: visible=true, type=statusBars, host=com.catfact.app.test/androidx.test.core.app.InstrumentationActivityInvoker$EmptyActivity
04-15 09:53:13.221  2000  2194 I VRI[test]@97e22e7: mWNT: t=0xb4000074fc715b90 mBlastBufferQueue=0xb40000741d2cbd40 fn= 2 HdrRenderState mRenderHdrSdrRatio=1.0 caller= android.view.SyncRtSurfaceTransactionApplier.applyTransaction:100 android.view.SyncRtSurfaceTransactionApplier.lambda$scheduleApply$0:73 android.view.SyncRtSurfaceTransactionApplier.$r8$lambda$afI4fXg3U3-nBZQEDQMiNy-B06s:0
04-15 09:53:13.221  2000  2194 I VRI[test]@97e22e7: mWNT: t=0xb4000074fc704fd0 mBlastBufferQueue=0xb40000741d2cbd40 fn= 2 HdrRenderState mRenderHdrSdrRatio=1.0 caller= android.view.SyncRtSurfaceTransactionApplier.applyTransaction:100 android.view.SyncRtSurfaceTransactionApplier.lambda$scheduleApply$0:73 android.view.SyncRtSurfaceTransactionApplier.$r8$lambda$afI4fXg3U3-nBZQEDQMiNy-B06s:0
04-15 09:53:13.224 18638 18638 I InsetsSourceConsumer: applyRequestedVisibilityToControl: visible=true, type=navigationBars, host=com.catfact.app.test/androidx.test.core.app.InstrumentationActivityInvoker$EmptyActivity
04-15 09:53:13.226  1542  2484 I SemDvfsHyPerManager: acquire hyper - AMS_APP_SWITCH/1542@28, type = -999
04-15 09:53:13.228  1542  2298 D InputDispatcher: Focused application(0): ActivityRecord{243114305 u0 com.google.android.calendar/.allinone.AllInOneCalendarActivity t3801}
04-15 09:53:13.229  1542  1825 D AS.MultiSoundManager: mForegroundUid = 10279
04-15 09:53:13.229  1151  1199 I SurfaceFlinger: id=18436 createSurf, flag=24000, Surface(name=3edafdc StatusBar)/@0x3b919ed - animation-leash of insets_animation#18436
04-15 09:53:13.230  2000  2195 I VRI[test]@97e22e7: mWNT: t=0xb4000074fc7a51d0 mBlastBufferQueue=0xb40000741d2cbd40 fn= 3 HdrRenderState mRenderHdrSdrRatio=1.0 caller= android.view.SyncRtSurfaceTransactionApplier.applyTransaction:100 android.view.SyncRtSurfaceTransactionApplier.lambda$scheduleApply$0:73 android.view.SyncRtSurfaceTransactionApplier.$r8$lambda$afI4fXg3U3-nBZQEDQMiNy-B06s:0
04-15 09:53:13.231  2000  2120 D ViewRootImpl: desktopMode is false
04-15 09:53:13.231  2000  2120 I ViewRootImpl: dVRR is disabled
04-15 09:53:13.232  1151  1338 D SurfaceFlinger: [input] setFocusedWindow: a10effd com.catfact.app.test/androidx.test.core.app.InstrumentationActivityInvoker$EmptyActivity
04-15 09:53:13.232  1542  4025 D InputDispatcher: Once focus requested (0): a10effd com.catfact.app.test/androidx.test.core.app.InstrumentationActivityInvoker$EmptyActivity
04-15 09:53:13.232  1542  4025 D InputDispatcher: Focus request (0): a10effd com.catfact.app.test/androidx.test.core.app.InstrumentationActivityInvoker$EmptyActivity but waiting because NOT_VISIBLE
04-15 09:53:13.232  1151  1378 I SurfaceFlinger: id=18437 createSurf, flag=24000, Surface(name=8c5cec7 NavigationBar0)/@0xa68870 - animation-leash of insets_animation#18437
04-15 09:53:13.232  1151  1151 I SurfaceFlinger: RequestedLayer [com.catfact.app.test/androidx.test.c[...]tyInvoker$EmptyActivity$_18638#18432] hidden!! flag  from(1) --> to(0)
04-15 09:53:13.232  1151  1151 I SurfaceFlinger: [LayerHierarchy{RequestedLayerState{a10effd com.catfact.app.test/androidx.test.core.app.InstrumentationActivityInvoker$EmptyActivity#18428 parentId=18435} 1 children}] reparent to LayerHierarchy{RequestedLayerState{Surface(name=a10effd com.catfact.app.test/androidx.test.core.app.InstrumentationActivityInvoker$EmptyActivity)/@0x9798716 - animation-leash of starting_reveal#18435 parentId=18423} 1 children}
04-15 09:53:13.232  1151  1151 I SurfaceFlinger: [Surface(name=3edafdc StatusBar)/@0x3b919ed - animation-leash of insets_animation#18436] attach to parent LayerHierarchy{RequestedLayerState{WindowToken{7a8fc4f type=2000 android.os.BinderProxy@a9d7329}#94 parentId=17} 2 children}
04-15 09:53:13.232  2461  2584 I HoneySpace.TopTaskSource: onTaskMovedToFront : taskId = 3514, displayId = 0
04-15 09:53:13.232  2461  2584 I HoneySpace.TopTaskSource: onTaskMovedToFront : taskId = 3801, displayId = 0
04-15 09:53:13.232  2461  2586 I HoneySpace.TopTaskUseCase: topTasks 3801 ComponentInfo{com.google.android.calendar/com.google.android.calendar.allinone.AllInOneCalendarActivity}[displayId=0]
04-15 09:53:13.233  1059  1180 I HYPER-HAL: [RequestManager.cpp]acquire(): Acquired ID : 1233263  [1542 / 28]    HINT : AMS_APP_SWITCH    list :
04-15 09:53:13.233  1059  1180 I HYPER-HAL: [ResourceManager.cpp]updateResource(): [CPULittleMinFreq] UpdateResource Request ID : 1233263    Value : 1824000
04-15 09:53:13.233  3963  3963 I SemDvfsHyPerManager: acquire hyper - APP_START_SHORT/3963@17, type = -999
04-15 09:53:13.235  1542  1581 I PkgPredictorService-SecIpmManagerServiceImpl: reportToNAP uid:10747 com.catfact.app.test/androidx.test.core.app.InstrumentationActivityInvoker$EmptyActivity thisTime:75
04-15 09:53:13.235  1542  1581 D PkgPredictorService-SecIpmManagerServiceImpl: reportToNAP: mHeavyLaunchCounter is false
04-15 09:53:13.235  1059  1180 I HYPER-HAL: [RequestManager.cpp]acquire(): Acquired ID : 7922207  [3963 / 17]    HINT : APP_START    list : [TIMEOUT / 1500]
04-15 09:53:13.236  1542  2944 D PkgPredictorService-SecIpmManagerServiceImpl: ACTION_FOREGROUND_FINISH_EVENT sCurForegroundApp :com.catfact.app.test
04-15 09:53:13.237  1542  1581 I ActivityTaskManager: Displayed com.catfact.app.test/androidx.test.core.app.InstrumentationActivityInvoker$EmptyActivity for user 0: +75ms
04-15 09:53:13.237  1151  1151 D SurfaceFlinger: Display 4633128672291735999 HWC layers:
04-15 09:53:13.237  1151  1151 D SurfaceFlinger:        CLIENT |           79766132621326 | 00002102 | RGBA_8888    |   50.0    0.0  720.0 1544.0 |    0    0  720 1544 | com.catfact.app/com.catfact.app.MainActivity$_18572#18417 (2)
04-15 09:53:13.237  1151  1151 D SurfaceFlinger:   SOLID_COLOR |                        0 | 00000000 | N/A          |    0.0    0.0    0.0    0.0 |    0    0  720 1544 | DimTransitionLayer for Surface(name=Task=3869)/@0x52aaf18#18427 (0)
04-15 09:53:13.237  1151  1151 D SurfaceFlinger:        DEVICE |           80049600462860 | 00002102 | RGBA_8888    |    0.0    0.0  159.0 1506.0 |  561   38  720 1544 | com.catfact.app.test/androidx.test.c[...]tyInvoker$EmptyActivity$_18638#18432 (1)
04-15 09:53:13.237  1151  1151 D SurfaceFlinger:        DEVICE |            8589934655757 | 00002100 | RGBA_8888    |    0.0    0.0  159.0 1544.0 |  561    0  720 1544 | Splash Screen com.catfact.app.test$_2000#18425 (2)
04-15 09:53:13.237  1151  1151 D SurfaceFlinger:        DEVICE |            8589934654694 | 00002100 | RGBA_8888    |    0.0    0.0  720.0   50.0 |    0    0  720   50 | StatusBar$_2000#102 (26093)
04-15 09:53:13.237  1151  1151 D SurfaceFlinger:        DEVICE |           10569914518889 | 00002100 | RGBA_8888    |    0.0    0.0   67
04-15 09:53:13.237  1151  1151 D SurfaceFlinger: .0  353.0 |  653  192  720  545 | com.sec.android.app.launcher/com.sam[...]l.app.CocktailBarService$_2461#16495 (1)
04-15 09:53:13.237  1151  1151 D SurfaceFlinger:        DEVICE |            8589934654692 | 00002100 | RGBA_8888    |    0.0    0.0  720.0   90.0 |    0 1454  720 1544 | NavigationBar0$_2000#98 (16894)
04-15 09:53:13.237  1151  1151 D SurfaceFlinger:
04-15 09:53:13.237  1542  1598 W libprocessgroup: SetCgroup::ExecuteForProcess: failed to open /dev/cpuctl/foreground-boost/cgroup.procs: No such file or directory
04-15 09:53:13.237  2461  4419 I HoneySpace.RecentTasks: onRecentTasksChanged
04-15 09:53:13.237  1542  1582 D PkgPredictorService-SecIpmManagerServiceImpl: onForegroundActivitiesChanged pid:3979 uid:10279
04-15 09:53:13.238  1151  1151 I SurfaceFlinger: [LayerHierarchy{RequestedLayerState{8c5cec7 NavigationBar0#91 parentId=18437} 1 children}] reparent to LayerHierarchy{RequestedLayerState{Surface(name=8c5cec7 NavigationBar0)/@0xa68870 - animation-leash of insets_animation#18437 parentId=90} 1 children}
04-15 09:53:13.238  1151  1151 I SurfaceFlinger: [LayerHierarchy{RequestedLayerState{3edafdc StatusBar#95 parentId=18436} 1 children}] reparent to LayerHierarchy{RequestedLayerState{Surface(name=3edafdc StatusBar)/@0x3b919ed - animation-leash of insets_animation#18436 parentId=94} 1 children}
04-15 09:53:13.238  1151  1151 I SurfaceFlinger: [LayerHierarchy{RequestedLayerState{Surface(name=8c5cec7 NavigationBar0)/@0xa68870 - animation-leash of insets_animation#18434} no children}] reparent to OffscreenRoot
04-15 09:53:13.238  1151  1151 I SurfaceFlinger: [LayerHierarchy{RequestedLayerState{Surface(name=8c5cec7 NavigationBar0)/@0xa68870 - animation-leash of insets_animation#18434} no children}] RelativeParent to null
04-15 09:53:13.238  1542  1582 D NetworkPolicy: already checked 10279
04-15 09:53:13.238  1151  1151 I SurfaceFlinger: [LayerHierarchy{RequestedLayerState{Surface(name=3edafdc StatusBar)/@0x3b919ed - animation-leash of insets_animation#18433} no children}] reparent to OffscreenRoot
04-15 09:53:13.238  1151  1151 I SurfaceFlinger: [LayerHierarchy{RequestedLayerState{Surface(name=3edafdc StatusBar)/@0x3b919ed - animation-leash of insets_animation#18433} no children}] RelativeParent to null
04-15 09:53:13.238  1151  1151 I SurfaceFlinger: [Surface(name=8c5cec7 NavigationBar0)/@0xa68870 - animation-leash of insets_animation#18437] attach to parent LayerHierarchy{RequestedLayerState{WindowToken{fc018e2 type=2019 android.os.BinderProxy@bda3ac4}#90 parentId=34} 1 children}
04-15 09:53:13.238  1542  1582 D NetworkPolicy: already checked 10279
04-15 09:53:13.239  1542  1598 W libprocessgroup: SetCgroup::ExecuteForProcess: failed to open /dev/cpuctl/foreground-boost/cgroup.procs: No such file or directory
04-15 09:53:13.239  1542  1598 W libprocessgroup: SetCgroup::ExecuteForProcess: failed to open /dev/cpuctl/foreground-boost/cgroup.procs: No such file or directory
04-15 09:53:13.240  2461  2584 I HoneySpace.TopTaskSource: onTaskFocusChanged(): taskId = 3801
04-15 09:53:13.242  1151  1199 I SurfaceFlinger: id=18433 Removed Surface(name=3edafdc StatusBar)/@0x3b919ed - animation-leash of insets_animation#18433 (198)
04-15 09:53:13.242  1151  1199 I SurfaceFlinger: id=18434 Removed Surface(name=8c5cec7 NavigationBar0)/@0xa68870 - animation-leash of insets_animation#18434 (198)
04-15 09:53:13.242  3152  3152 E pageboostd: Received HALT command code 2
04-15 09:53:13.243  1542  2473 D GraphicsStatsService: requestRenderEngineFor(com.google.android.calendar)
04-15 09:53:13.244  2461  2461 I HoneySpace.EdgePanel.CocktailHostRepositoryImpl: onNoteResume
04-15 09:53:13.244  2461  2461 I HoneySpace.EdgePanel.EdgePanelContainerViewModel: cocktailHostRepository.edgePanelOperation NoteResumeComponent(componentName=ComponentInfo{com.google.android.calendar/com.google.android.calendar.allinone.AllInOneCalendarActivity})
04-15 09:53:13.244 18525 18790 I Rubin   : [146] M.c0.k(Unknown Source) : Notify com.samsung.android.rubin.inferenceengine.contextanalytics.engine.loggers.AppUsageLogger's database is updated.
04-15 09:53:13.245  2000  2196 D NativeCustomFrequencyManager: [NativeCFMS] BpCustomFrequencyManager::BpCustomFrequencyManager()
04-15 09:53:13.246  2000  2000 D NavigationBar: onSystemBarAttributesChanged() -  displayId:0, appearance:24, packageName: com.catfact.app.test (APPEARANCE_LIGHT_STATUS_BARS APPEARANCE_LIGHT_NAVIGATION_BARS ), navbarColorManagedByIme:false
04-15 09:53:13.247  2461  2461 I HoneySpace.EdgePanel.ActivityUtils: HomePackage : com.sec.android.app.launcher, resumePackageName : com.google.android.calendar, className : com.google.android.calendar.allinone.AllInOneCalendarActivity
04-15 09:53:13.247  1151  1151 I SurfaceFlinger: destroyed Surface(name=8c5cec7 NavigationBar0)/@0xa68870 - animation-leash of insets_animation#18434
04-15 09:53:13.247  1151  1151 I SurfaceFlinger: destroyed Surface(name=3edafdc StatusBar)/@0x3b919ed - animation-leash of insets_animation#18433
04-15 09:53:13.247  3723  6775 I [AirCmd]_ActivitySwitchDetector: onTaskFocusChanged : taskId=3801, componentName=ComponentInfo{com.google.android.calendar/com.google.android.calendar.allinone.AllInOneCalendarActivity}
04-15 09:53:13.247  3723  6775 I [AirCmd]_ActivitySwitchDetector: onTaskFocusChanged :mTopMostActivity = ComponentInfo{com.catfact.app.test/androidx.test.core.app.InstrumentationActivityInvoker$EmptyActivity}
04-15 09:53:13.248  2000  2000 I {OngoingActivityController}: onTaskFocusChanged but OA data is empty
04-15 09:53:13.248  3723  6775 I [AirCmd]_CallbackRepeater: stopRepeat : isWorking=false
04-15 09:53:13.248  3723  6775 I [AirCmd]_MediaControlStateMonitor: isForegroundAppSupportsMediaButton : mediaSession is empty
04-15 09:53:13.249  1542  2298 D InputTransport: Input channel constructed: '961a587', fd=1263
04-15 09:53:13.249  1542  2298 D InputTransport: Input channel constructed: '961a587', fd=1280
04-15 09:53:13.249  1151  1151 I Layer   : id=18434 Destroyed Surface(name=8c5cec7 NavigationBar0)/@0xa68870 - animation-leash of insets_animation#18434
04-15 09:53:13.249  1542  2298 D InputTransport: Input channel constructed: '961a587', fd=1281
04-15 09:53:13.249  1542  2298 D InputTransport: Input channel destroyed: '961a587', fd=1280
04-15 09:53:13.249  1151  1151 I Layer   : id=18433 Destroyed Surface(name=3edafdc StatusBar)/@0x3b919ed - animation-leash of insets_animation#18433
04-15 09:53:13.249  1151  1200 I SurfaceFlinger: id=18438 createSurf, flag=84004, 961a587 Splash Screen com.google.android.calendar#18438
04-15 09:53:13.250  3723  6775 E [AirCmd]_MediaControlStateMonitor: getActiveNotificationPackageName : notification service monitor is null
04-15 09:53:13.250  3723  6775 I [AirCmd]_ButtonEventDetectionThread: enableDoubleClickDetection: enabled= true, doubleClickWaitInterval=300
04-15 09:53:13.251  1542  2298 D InputTransport: Input channel destroyed: '961a587', fd=1281
04-15 09:53:13.251  2000  2120 D InputTransport: Input channel constructed: '961a587', fd=685
04-15 09:53:13.251  2000  2120 I InsetsController: onStateChanged: host=Splash Screen com.google.android.calendar, from=android.view.ViewRootImpl.onInsetsStateChanged:3026, state=InsetsState: {mDisplayFrame=Rect(0, 0 - 720, 1544), mDisplayCutout=DisplayCutout{insets=Rect(0, 50 - 0, 0) waterfall=Insets{left=0, top=0, right=0, bottom=0} boundingRect={Bounds=[Rect(0, 0 - 0, 0), Rect(341, 0 - 379, 50), Rect(0, 0 - 0, 0), Rect(0, 0 - 0, 0)]} cutoutPathParserInfo={CutoutPathParserInfo{displayWidth=720 displayHeight=1544 physicalDisplayWidth=720 physicalDisplayHeight=1544 density={1.875} cutoutSpec={M 0,0 H -10 V 26.66666666666667 H 10 V 0 H 0 Z @dp} rotation={0} scale={1.0} physicalPixelDisplaySizeRatio={1.0}}} sideOverrides={}}, mRoundedCorners=RoundedCorners{[RoundedCorner{position=TopLeft, radius=8, center=Point(8, 8)}, RoundedCorner{position=TopRight, radius=8, center=Point(712, 8)}, RoundedCorner{position=BottomRight, radius=8, center=Point(712, 1536)}, RoundedCorner{position=BottomLeft, radius=8, center=Point(8, 1536)}]}  mRoundedCornerFrame=Rect(0, 0 - 720, 1544), mPrivacyIndicatorBounds=PrivacyIndicatorBounds {static bounds=Rect(637, 0 - 720, 50) rotation=0}, mDisplayShape=DisplayShape{ spec=-311912193 displayWidth=720 displayHeight=1544 physicalPixelDisplaySizeRatio=0.5 rotation=0 offsetX=0 offsetY=0 scale=1.0}, mSources= { InsetsSource: {ec730001 mType=navigationBars mFrame=[0,1454][720,1544] mVisible=true mFlags= mSideHint=BOTTOM mBoundingRects=null}, InsetsSource: {ec730004 mType=systemGestures mFrame=[0,0][0,0] mVisible=true mFlags= mSideHint=NONE mBoundingRects=null}, InsetsSource: {ec730005 mType=mandatorySystemGestures mFrame=[0,1454][720,1544] mVisible=true mFlags= mSideHint=BOTTOM mBoundingRects=null}, InsetsSource: {ec730006 mType=tappableElement mFrame=[0,1454][720,1544] mVisible=true mFlags= mSideHint=BOTTOM mBoundingRects=null}, InsetsSource: {ec730024 mType=systemGestures mFrame=[0,0][0,0] mVisible=true mFlags= mSideHint=NONE mBoundingRects=null}, InsetsSource: {3 mType=ime mFrame=[0,0][0,0] mVisible=false mFlags= mSideHint=NONE mBoundingRects=null}, InsetsSource: {27 mType=displayCutout mFrame=[0,0][720,50] mVisible=true mFlags= mSideHint=TOP mBoundingRects=null}, InsetsSource: {43950000 mType=statusBars mFrame=[0,0][720,50] mVisible=true mFlags= mSideHint=TOP mBoundingRects=null}, InsetsSource: {43950005 mType=mandatorySystemGestures mFrame=[0,0][720,73] mVisible=true mFlags= mSideHint=TOP mBoundingRects=null}, InsetsSource: {43950006 mType=tappableElement mFrame=[0,0][720,50] mVisible=true mFlags= mSideHint=TOP mBoundingRects=null} }
04-15 09:53:13.251  2000  2120 I VRI[calendar]@4841f90: onActiveControlsChanged, removed=false, mAdded=true, caller=android.view.ViewRootImpl.handleInsetsControlChanged:3002 android.view.ViewRootImpl.setView:2014 android.view.WindowManagerGlobal.addView:604 com.android.wm.shell.startingsurface.SplashscreenWindowCreator.addWindow:38 com.android.wm.shell.startingsurface.StartingWindowController$$ExternalSyntheticLambda4.run:1365
04-15 09:53:13.252  2000  2120 I VRI[calendar]@4841f90: synced displayState. AttachInfo displayState=2
04-15 09:53:13.252  1542  1585 D SurfaceComposerClient: setCornerRadius ## 961a587 Splash Screen com.google.android.calendar#18438 cornerRadius=0.000000
04-15 09:53:13.252  2000  2120 I VRI[calendar]@4841f90: setView = android.widget.FrameLayout@44db0cb IsHRR=false mFlingFrameRateChange=0 TM=true
04-15 09:53:13.252  1542  1585 D SurfaceComposerClient: setCornerRadius ## 961a587 Splash Screen com.google.android.calendar#18438 cornerRadius=0.000000
04-15 09:53:13.252  2000  2196 D HWUI    : HWUI - treat SMPTE_170M as sRGB
04-15 09:53:13.254  3979  3979 I DecorView: setWindowBackground: isPopOver=false color=ff121318 d=android.graphics.drawable.ColorDrawable@a928339
04-15 09:53:13.255  1542  2298 I WindowManager: Relayout Window{961a587 u0 Splash Screen com.google.android.calendar}: viewVisibility=0 req=720x1544 ty=3 d0
04-15 09:53:13.255  1151  1200 I SurfaceFlinger: id=18439 createSurf, flag=44004, Splash Screen com.google.android.calendar$_2000#18439
04-15 09:53:13.256  1151  1151 I SurfaceFlinger: [961a587 Splash Screen com.google.android.calendar#18438] attach to parent LayerHierarchy{RequestedLayerState{ActivityRecord{243114305 u0 com.google.android.calendar/.allinone.AllInOneCalendarActivity t3801}#16293 parentId=16292} 2 children}
04-15 09:53:13.256  1151  1151 I SurfaceFlinger: [Splash Screen com.google.android.calendar$_2000#18439] attach to parent LayerHierarchy{RequestedLayerState{961a587 Splash Screen com.google.android.calendar#18438 parentId=16293} 1 children}
04-15 09:53:13.257  1542  2298 D SurfaceComposerClient: setCornerRadius ## 961a587 Splash Screen com.google.android.calendar#18438 cornerRadius=0.000000
04-15 09:53:13.257  1542  2298 D SurfaceComposerClient: setCornerRadius ## 961a587 Splash Screen com.google.android.calendar#18438 cornerRadius=0.000000
04-15 09:53:13.258  1542  2298 I WindowManager: Relayout hash=961a587, pid=2000, syncId=-1: mAttrs={(0,0)(fillxfill) sim={adjust=pan} layoutInDisplayCutoutMode=always ty=APPLICATION_STARTING fmt=TRANSLUCENT wanim=0x1030317
04-15 09:53:13.258  1542  2298 I WindowManager:   fl=81030118
04-15 09:53:13.258  1542  2298 I WindowManager:   pfl=10000810
04-15 09:53:13.258  1542  2298 I WindowManager:   bhv=1
04-15 09:53:13.258  1542  2298 I WindowManager:   fitSides=0
04-15 09:53:13.258  1542  2298 I WindowManager:   frameRateBoostOnTouch=true
04-15 09:53:13.258  1542  2298 I WindowManager:   dvrrWindowFrameRateHint=true naviIconColor=0}
04-15 09:53:13.259  2000  2120 I VRI[calendar]@4841f90: onActiveControlsChanged, removed=false, mAdded=true, caller=android.view.ViewRootImpl.handleInsetsControlChanged:3002 android.view.ViewRootImpl.relayoutWindow:11629 android.view.ViewRootImpl.performTraversals:4804 android.view.ViewRootImpl.doTraversal:3924 android.view.ViewRootImpl$TraversalRunnable.run:12903
04-15 09:53:13.261  2000  2120 I BLASTBufferQueue_Java: new BLASTBufferQueue, mName= VRI[calendar]@4841f90 mNativeObject= 0xb40000741d2151e0 caller= android.view.ViewRootImpl.updateBlastSurfaceIfNeeded:3585 android.view.ViewRootImpl.relayoutWindow:11685 android.view.ViewRootImpl.performTraversals:4804 android.view.ViewRootImpl.doTraversal:3924 android.view.ViewRootImpl$TraversalRunnable.run:12903 android.view.Choreographer$CallbackRecord.run:1901 android.view.Choreographer$CallbackRecord.run:1910 android.view.Choreographer.doCallbacks:1367 android.view.Choreographer.doFrame:1292 android.view.Choreographer$FrameDisplayEventReceiver.run:1870
04-15 09:53:13.261  2000  2120 I BLASTBufferQueue_Java: update, w= 720 h= 1544 mName = VRI[calendar]@4841f90 mNativeObject= 0xb40000741d2151e0 sc.mNativeObject= 0xb40000751c5c0850 format= -3 caller= android.view.ViewRootImpl.updateBlastSurfaceIfNeeded:3590 android.view.ViewRootImpl.relayoutWindow:11685 android.view.ViewRootImpl.performTraversals:4804 android.view.ViewRootImpl.doTraversal:3924 android.view.ViewRootImpl$TraversalRunnable.run:12903 android.view.Choreographer$CallbackRecord.run:1901
