04-15 09:53:13.718 18572 18587 I TestRunner: started: navigateBackToFacts_showsFactsScreen(com.catfact.app.navigation.AppNavigationFlowTest)
04-15 09:53:13.722  1151  1151 I SurfaceFlinger: destroyed c3cb214 ActivityRecordInputSink com.catfact.app/.MainActivity#18414
04-15 09:53:13.722  1151  1151 I SurfaceFlinger: destroyed ActivityRecord{121428864 u0 com.catfact.app/.MainActivity t3868}#18407
04-15 09:53:13.723  1151  1151 I Layer   : id=18414 Destroyed c3cb214 ActivityRecordInputSink com.catfact.app/.MainActivity#18414
04-15 09:53:13.723  1151  1151 I Layer   : id=18407 Destroyed ActivityRecord{121428864 u0 com.catfact.app/.MainActivity t3868}#18407
04-15 09:53:13.724 18572 18587 D IdlingRegistry: Registering idling resources: [androidx.compose.ui.test.EspressoLink@f6b321]
04-15 09:53:13.726 18572 18587 W Settings: Setting always_finish_activities has moved from android.provider.Settings.System to android.provider.Settings.Global, returning read-only value.
04-15 09:53:13.732  1542  2484 I SemDvfsHyPerManager: acquire hyper - AMS_APP_SWITCH/1542@28, type = -999
04-15 09:53:13.733  1151  1199 I SurfaceFlinger: id=18451 createSurf, flag=24004, Task=3870#18451
04-15 09:53:13.733  3963  3963 I SemDvfsHyPerManager: acquire hyper - APP_START_SHORT/3963@17, type = -999
04-15 09:53:13.734  1059  1180 I HYPER-HAL: [RequestManager.cpp]acquire(): Acquired ID : 1233263  [1542 / 28]    HINT : AMS_APP_SWITCH    list :
04-15 09:53:13.735  1059  1180 I HYPER-HAL: [ResourceManager.cpp]updateResource(): [CPULittleMinFreq] UpdateResource Request ID : 1233263    Value : 1824000
04-15 09:53:13.735  1151  1199 I SurfaceFlinger: id=18452 createSurf, flag=84004, ActivityRecord{231472614 u0 com.catfact.app/.MainActivity t3870}#18452
04-15 09:53:13.735  1059  1180 I HYPER-HAL: [RequestManager.cpp]acquire(): Acquired ID : 7922207  [3963 / 17]    HINT : APP_START    list : [TIMEOUT / 1500]
04-15 09:53:13.739  2000  2105 I SurfaceControlRegistry: apply, t=FinishTransaction_SyncId<1648>, caller=android.view.SurfaceControl$Transaction.apply:3459 android.view.SurfaceControl$Transaction.apply:3447 android.view.SurfaceControl$Transaction.apply:3397 com.android.wm.shell.transition.Transitions.onFinish:315 com.android.wm.shell.transition.Transitions$$ExternalSyntheticLambda7.onTransitionFinished:12 com.android.wm.shell.transition.DefaultTransitionHandler$$ExternalSyntheticLambda2.run:36
04-15 09:53:13.740  1151  1151 I SurfaceFlinger: [Task=3870#18451] attach to parent LayerHierarchy{RequestedLayerState{DefaultTaskDisplayArea_d0#10 parentId=9} 16 children}
04-15 09:53:13.740  1151  1151 I SurfaceFlinger: [ActivityRecord{231472614 u0 com.catfact.app/.MainActivity t3870}#18452] attach to parent LayerHierarchy{RequestedLayerState{Task=3870#18451 parentId=10} 1 children}
04-15 09:53:13.742  1151  1199 I SurfaceFlinger: id=18450 Removed Task=3868#18450 (199)
04-15 09:53:13.742  1542  3802 I SemDvfsHyPerManager: acquire hyper - AMS_APP_LAUNCH/1542@21, type = -999
04-15 09:53:13.743  3963  3963 I SemDvfsHyPerManager: acquire hyper - APP_START/3963@19, type = -999
04-15 09:53:13.744  1059  1180 I HYPER-HAL: [RequestManager.cpp]acquire(): Acquired ID : 1222287  [1542 / 21]    HINT : AMS_APP_LAUNCH    list :
04-15 09:53:13.744  3152  3152 E pageboostd: Received HALT command code 2
04-15 09:53:13.744  1059  1180 I HYPER-HAL: [ResourceManager.cpp]updateResource(): [CPULittleMinFreq] UpdateResource Request ID : 1222287    Value : 1824000
04-15 09:53:13.744  1059  1180 I HYPER-HAL: [RequestManager.cpp]acquire(): Acquired ID : 7930172  [3963 / 19]    HINT : APP_START    list :
04-15 09:53:13.746  1151  1200 I SurfaceFlinger: id=18439 Removed Splash Screen com.google.android.calendar$_2000#18439 (199)
04-15 09:53:13.747  1542  2473 I SemDvfsHyPerManager: acquire hyper - AMS_RESUME_TAIL/1542@22, type = -999
04-15 09:53:13.747  1542  2473 I SemDvfsHyPerManager: acquire hyper - AMS_ACT_LAZY/1542@23, type = -999
04-15 09:53:13.748  1151  1151 D SurfaceFlinger: Display 4633128672291735999 HWC layers:
04-15 09:53:13.748  1151  1151 D SurfaceFlinger:        DEVICE |           17089674871013 | 00002102 | RGBA_8888    |    0.0    0.0  720.0 1544.0 |    0    0  720 1544 | com.google.android.calendar/com.goog[...]AllInOneCalendarActivity$_3979#18445 (11)
04-15 09:53:13.748  1151  1151 D SurfaceFlinger:        DEVICE |            8589934654687 | 00002100 | RGBA_8888    |    0.0    0.0  720.0   50.0 |    0    0  720   50 | StatusBar$_2000#102 (26118)
04-15 09:53:13.748  1151  1151 D SurfaceFlinger:        DEVICE |           10569914518889 | 00002100 | RGBA_8888    |    0.0    0.0   67.0  353.0 |  653  192  720  545 | com.sec.android.app.launcher/com.sam[...]l.app.CocktailBarService$_2461#16495 (1)
04-15 09:53:13.748  1151  1151 D SurfaceFlinger:        DEVICE |            8589934654693 | 00002100 | RGBA_8888    |    0.0    0.0  720.0   90.0 |    0 1454  720 1544 | NavigationBar0$_2000#98 (16919)
04-15 09:53:13.748  1151  1151 D SurfaceFlinger:
04-15 09:53:13.748  1151  1151 I SurfaceFlinger: RequestedLayer [Task=3869#18422] hidden!! flag  from(0) --> to(1)
04-15 09:53:13.748  1151  1151 I SurfaceFlinger: [Display 0 name="Built-in Screen"#49] setFrameRateCategory: Default
04-15 09:53:13.749  1151  1151 I SurfaceFlinger: destroyed Task=3868#18450
04-15 09:53:13.749  1151  1151 I SurfaceFlinger: destroyed Splash Screen com.google.android.calendar$_2000#18439
04-15 09:53:13.749  1151  1151 I SurfaceFlinger: [LayerHierarchy{RequestedLayerState{Task=3801#16292 parentId=10 z=14} 1 children}] reparent to LayerHierarchy{RequestedLayerState{DefaultTaskDisplayArea_d0#10 parentId=9} 17 children}
04-15 09:53:13.749  1151  1151 I SurfaceFlinger: [LayerHierarchy{RequestedLayerState{Task=3869#18422 parentId=10 z=13} 2 children}] reparent to LayerHierarchy{RequestedLayerState{DefaultTaskDisplayArea_d0#10 parentId=9} 18 children}
04-15 09:53:13.749  1151  1151 I SurfaceFlinger: [LayerHierarchy{RequestedLayerState{DimTransitionLayer for Surface(name=Task=3869)/@0x3f020b5#18443 z=-1} no children}] reparent to OffscreenRoot
04-15 09:53:13.749  1151  1151 I SurfaceFlinger: [LayerHierarchy{RequestedLayerState{DimTransitionLayer for Surface(name=Task=3869)/@0x3f020b5#18443 z=-1} no children}] RelativeParent to null
04-15 09:53:13.749  1059  1180 I HYPER-HAL: [RequestManager.cpp]acquire(): Acquired ID : 1223852  [1542 / 22]    HINT : AMS_RESUME_TAIL    list :
04-15 09:53:13.749  1151  1151 I SurfaceFlinger: [LayerHierarchy{RequestedLayerState{Transition Root: Task=3801#18440 z=14} no children}] reparent to OffscreenRoot
04-15 09:53:13.749  1151  1151 I SurfaceFlinger: [LayerHierarchy{RequestedLayerState{Transition Root: Task=3801#18440 z=14} no children}] RelativeParent to null
04-15 09:53:13.750  1059  1180 I HYPER-HAL: [ResourceManager.cpp]removeResource(): [CPULittleMinFreq] RemoveResource Request ID : 1233263
04-15 09:53:13.751  1151  1151 I Layer   : id=18450 Destroyed Task=3868#18450
04-15 09:53:13.751  1059  1180 I HYPER-HAL: [RequestManager.cpp]releaseLocked(): Released ID : 1233263
04-15 09:53:13.752  1151  1151 I Layer   : id=18439 Destroyed Splash Screen com.google.android.calendar$_2000#18439
04-15 09:53:13.752  1151  1151 I SurfaceFlinger: id=18443 Removed DimTransitionLayer for Surface(name=Task=3869)/@0x3f020b5#18443 (197)
04-15 09:53:13.752  1151  1151 I SurfaceFlinger: id=18440 Removed Transition Root: Task=3801#18440 (197)
04-15 09:53:13.752  1151  1151 I SurfaceFlinger: id=18438 Removed 961a587 Splash Screen com.google.android.calendar#18438 (197)
04-15 09:53:13.753  1151  1151 I SurfaceFlinger: id=18424 Removed 32609eb Splash Screen com.catfact.app.test#18424 (197)
04-15 09:53:13.753  1542  3802 I SemDvfsHyPerManager: acquire hyper - AMS_ACT_RESUME/1542@19, type = -999
04-15 09:53:13.753  1059  1180 I HYPER-HAL: [RequestManager.cpp]acquire(): Acquired ID : 1219160  [1542 / 19]    HINT : AMS_ACT_RESUME    list :
04-15 09:53:13.754 18638 18638 I VRI[InstrumentationActivityInvoker$EmptyActivity]@1b28a12: handleAppVisibility mAppVisible = true visible = false
04-15 09:53:13.754 18638 18638 D VRI[InstrumentationActivityInvoker$EmptyActivity]@1b28a12: visibilityChanged oldVisibility=true newVisibility=false
04-15 09:53:13.755  2000  2000 D SystemUIService: SYSUI_RAM_OPTIMIZATION onTrimMemory=20
04-15 09:53:13.755  2000  2000 D CentralSurfaces: SYSUI_RAM_OPTIMIZATION onTrimMemory=20
04-15 09:53:13.755  2000  2105 D ShellDesktopMode: handleRequest: TransitionRequestInfo {type=1, tid=3870, debugId=1649}
04-15 09:53:13.755  1542  3802 D InputDispatcher: Focused application(0): ActivityRecord{231472614 u0 com.catfact.app/.MainActivity t3870}
04-15 09:53:13.757  1151  1151 I SurfaceFlinger: destroyed 32609eb Splash Screen com.catfact.app.test#18424
04-15 09:53:13.757  1151  1151 I SurfaceFlinger: destroyed 961a587 Splash Screen com.google.android.calendar#18438
04-15 09:53:13.757  1151  1151 I SurfaceFlinger: destroyed DimTransitionLayer for Surface(name=Task=3869)/@0x3f020b5#18443
04-15 09:53:13.757  1151  1151 I SurfaceFlinger: destroyed Transition Root: Task=3801#18440
04-15 09:53:13.758  2000  2196 D HWUI    : CacheManager::trimMemory(20)
04-15 09:53:13.759  1151  1151 I Layer   : id=18424 Destroyed 32609eb Splash Screen com.catfact.app.test#18424
04-15 09:53:13.759  1151  1151 I Layer   : id=18438 Destroyed 961a587 Splash Screen com.google.android.calendar#18438
04-15 09:53:13.759  1151  1151 I Layer   : id=18443 Destroyed DimTransitionLayer for Surface(name=Task=3869)/@0x3f020b5#18443
04-15 09:53:13.759  1151  1151 I Layer   : id=18440 Destroyed Transition Root: Task=3801#18440
04-15 09:53:13.762  2461  2584 I HoneySpace.TopTaskSource: onTaskMovedToFront : taskId = 3870, displayId = 0
04-15 09:53:13.764  1542  1825 D AS.MultiSoundManager: mForegroundUid = 10746
04-15 09:53:13.765  2461  2586 I HoneySpace.TopTaskUseCase: topTasks 3870 ComponentInfo{com.catfact.app/com.catfact.app.MainActivity}[displayId=0]
04-15 09:53:13.765  2461  4419 I HoneySpace.RecentTasks: onRecentTasksChanged
04-15 09:53:13.765 18638 18653 D HWUI    : CacheManager::trimMemory(20)
04-15 09:53:13.765  2461  4416 I HoneySpace.RecentTasks: onRecentTasksChanged
04-15 09:53:13.766  1542  2473 D GraphicsStatsService: requestRenderEngineFor(com.catfact.app)
04-15 09:53:13.768  2000  2120 D ViewRootImpl: desktopMode is false
04-15 09:53:13.768  2000  2120 I ViewRootImpl: dVRR is disabled
04-15 09:53:13.768  1542  1582 D PkgPredictorService-SecIpmManagerServiceImpl: onForegroundActivitiesChanged pid:18572 uid:10746
04-15 09:53:13.768  1542  1582 D NetworkPolicy: already checked 10746
04-15 09:53:13.770  1151  1151 I SurfaceFlinger: [Display 0 name="Built-in Screen"#49] setFrameRateCategory: High
04-15 09:53:13.770  1151  1151 I SurfaceFlinger: RequestedLayer [com.catfact.app.test/androidx.test.c[...]tyInvoker$EmptyActivity$_18638#18432] hidden!! flag  from(0) --> to(1)
04-15 09:53:13.770  1151  1151 I SurfaceFlinger: RequestedLayer [ActivityRecord{57447510 u0 com.catfa[...]tyInvoker$EmptyActivity t3869}#18423] hidden!! flag  from(0) --> to(1)
04-15 09:53:13.770  1151  1151 I SurfaceFlinger: [LayerHierarchy{RequestedLayerState{ImeContainer#15 parentId=16293 relativeParentId=16293 z=1} 1 children}] RelativeParent to null
04-15 09:53:13.770  1542  2477 I WindowManager: Relayout Window{a10effd u0 com.catfact.app.test/androidx.test.core.app.InstrumentationActivityInvoker$EmptyActivity}: viewVisibility=8 req=720x1544 ty=1 d0
04-15 09:53:13.771  1542  1582 D NetworkPolicy: already checked 10746
04-15 09:53:13.773 18572 18572 D LifecycleMonitor: Lifecycle status change: com.catfact.app.MainActivity@20e3e15 in: PRE_ON_CREATE
04-15 09:53:13.773 18572 18572 V ActivityScenario: Activity lifecycle changed event received but ignored because the reported transition was not ON_CREATE while the last known transition was PRE_ON_CREATE
04-15 09:53:13.774  1542  2477 I WindowManager: Relayout hash=a10effd, pid=18638, syncId=-1: mAttrs={(0,0)(fillxfill) sim={adjust=pan forwardNavigation} layoutInDisplayCutoutMode=always ty=BASE_APPLICATION
04-15 09:53:13.774  1542  2477 I WindowManager:   fl=81810100
04-15 09:53:13.774  1542  2477 I WindowManager:   pfl=100088c0
04-15 09:53:13.774  1542  2477 I WindowManager:   bhv=1
04-15 09:53:13.774  1542  2477 I WindowManager:   fitSides=0
04-15 09:53:13.774  1542  2477 I WindowManager:   frameRateBoostOnTouch=true
04-15 09:53:13.774  1542  2477 I WindowManager:   dvrrWindowFrameRateHint=true naviIconColor=0}
04-15 09:53:13.775  3723  6775 I [AirCmd]_ActivitySwitchDetector: onTaskFocusChanged : taskId=3870, componentName=ComponentInfo{com.catfact.app/com.catfact.app.MainActivity}
04-15 09:53:13.775  2000  2196 D NativeCustomFrequencyManager: [NativeCFMS] BpCustomFrequencyManager::BpCustomFrequencyManager()
04-15 09:53:13.775  3723  6775 I [AirCmd]_ActivitySwitchDetector: onTaskFocusChanged :mTopMostActivity = ComponentInfo{com.google.android.calendar/com.google.android.calendar.allinone.AllInOneCalendarActivity}
04-15 09:53:13.775  3723  6775 I [AirCmd]_CallbackRepeater: stopRepeat : isWorking=false
04-15 09:53:13.775  3723  6775 I [AirCmd]_MediaControlStateMonitor: isForegroundAppSupportsMediaButton : mediaSession is empty
04-15 09:53:13.775  2461  2584 I HoneySpace.TopTaskSource: onTaskFocusChanged(): taskId = 3870
04-15 09:53:13.776 18525 18790 I Rubin   : [146] M.c0.k(Unknown Source) : Notify com.samsung.android.rubin.inferenceengine.contextanalytics.engine.loggers.AppUsageLogger's database is updated.
04-15 09:53:13.778 18572 18572 I DecorView: setWindowBackground: isPopOver=false color=ff141218 d=android.graphics.drawable.ColorDrawable@eba49f6
04-15 09:53:13.779  1218  6568 I CameraService: onUidStateChanged: uid=10048, procState is changed. (0 -> 1)
04-15 09:53:13.780  1151  1151 I BpBinder: onLastStrongRef automatically unlinking death recipients:
04-15 09:53:13.781 18572 18572 D LifecycleMonitor: Lifecycle status change: com.catfact.app.MainActivity@20e3e15 in: CREATED
04-15 09:53:13.781 18572 18572 V ActivityScenario: Update currentActivityStage to CREATED, currentActivity=com.catfact.app.MainActivity@20e3e15
04-15 09:53:13.782 18572 18572 D LifecycleMonitor: Lifecycle status change: com.catfact.app.MainActivity@20e3e15 in: STARTED
04-15 09:53:13.782 18572 18572 V ActivityScenario: Update currentActivityStage to STARTED, currentActivity=com.catfact.app.MainActivity@20e3e15
04-15 09:53:13.784  1151  1338 D SurfaceFlinger: [input] setFocusedWindow: <null>
04-15 09:53:13.784  1542  2477 D InputDispatcher: Focus left window (0): 97bb147 com.google.android.calendar/com.google.android.calendar.allinone.AllInOneCalendarActivity
04-15 09:53:13.784  1542  3802 D InputDispatcher: Once focus requested (0): <null>
04-15 09:53:13.784 18572 18572 D LifecycleMonitor: Lifecycle status change: com.catfact.app.MainActivity@20e3e15 in: RESUMED
04-15 09:53:13.785 18572 18572 V ActivityScenario: Update currentActivityStage to RESUMED, currentActivity=com.catfact.app.MainActivity@20e3e15
04-15 09:53:13.785 18572 18572 D ViewRootImpl: desktopMode is false
04-15 09:53:13.786 18572 18572 I ViewRootImpl: dVRR is disabled
04-15 09:53:13.786  1542  4001 D InputTransport: Input channel constructed: 'c74e2a3', fd=972
04-15 09:53:13.786  1542  4001 D InputTransport: Input channel constructed: 'c74e2a3', fd=1263
04-15 09:53:13.786  1542  4001 D InputTransport: Input channel constructed: 'c74e2a3', fd=1280
04-15 09:53:13.786  1542  4001 D InputTransport: Input channel destroyed: 'c74e2a3', fd=1263
04-15 09:53:13.786 18572 18596 D NativeCustomFrequencyManager: [NativeCFMS] BpCustomFrequencyManager::BpCustomFrequencyManager()
04-15 09:53:13.787  1151  1200 I SurfaceFlinger: id=18453 createSurf, flag=84004, c74e2a3 Splash Screen com.catfact.app#18453
04-15 09:53:13.787  1151  1151 I SurfaceFlinger: [c74e2a3 Splash Screen com.catfact.app#18453] attach to parent LayerHierarchy{RequestedLayerState{ActivityRecord{231472614 u0 com.catfact.app/.MainActivity t3870}#18452 parentId=18451} 1 children}
04-15 09:53:13.788  2000  2000 I {OngoingActivityController}: onTaskFocusChanged but OA data is empty
04-15 09:53:13.788  2461  2461 I HoneySpace.EdgePanel.CocktailHostRepositoryImpl: onNoteResume
04-15 09:53:13.788  2461  2461 I HoneySpace.EdgePanel.EdgePanelContainerViewModel: cocktailHostRepository.edgePanelOperation NoteResumeComponent(componentName=ComponentInfo{com.catfact.app/com.catfact.app.MainActivity})
04-15 09:53:13.788  1542  4001 D InputTransport: Input channel destroyed: 'c74e2a3', fd=1280
04-15 09:53:13.788  2461  2461 I HoneySpace.EdgePanel.ActivityUtils: HomePackage : com.sec.android.app.launcher, resumePackageName : com.catfact.app, className : com.catfact.app.MainActivity
04-15 09:53:13.789  3723  6775 E [AirCmd]_MediaControlStateMonitor: getActiveNotificationPackageName : notification service monitor is null
04-15 09:53:13.789  2000  2120 D InputTransport: Input channel constructed: 'c74e2a3', fd=595
04-15 09:53:13.789  3723  6775 I [AirCmd]_ButtonEventDetectionThread: enableDoubleClickDetection: enabled= true, doubleClickWaitInterval=300
04-15 09:53:13.789  2000  2120 I InsetsController: onStateChanged: host=Splash Screen com.catfact.app, from=android.view.ViewRootImpl.onInsetsStateChanged:3026, state=InsetsState: {mDisplayFrame=Rect(0, 0 - 720, 1544), mDisplayCutout=DisplayCutout{insets=Rect(0, 50 - 0, 0) waterfall=Insets{left=0, top=0, right=0, bottom=0} boundingRect={Bounds=[Rect(0, 0 - 0, 0), Rect(341, 0 - 379, 50), Rect(0, 0 - 0, 0), Rect(0, 0 - 0, 0)]} cutoutPathParserInfo={CutoutPathParserInfo{displayWidth=720 displayHeight=1544 physicalDisplayWidth=720 physicalDisplayHeight=1544 density={1.875} cutoutSpec={M 0,0 H -10 V 26.66666666666667 H 10 V 0 H 0 Z @dp} rotation={0} scale={1.0} physicalPixelDisplaySizeRatio={1.0}}} sideOverrides={}}, mRoundedCorners=RoundedCorners{[RoundedCorner{position=TopLeft, radius=8, center=Point(8, 8)}, RoundedCorner{position=TopRight, radius=8, center=Point(712, 8)}, RoundedCorner{position=BottomRight, radius=8, center=Point(712, 1536)}, RoundedCorner{position=BottomLeft, radius=8, center=Point(8, 1536)}]}  mRoundedCornerFrame=Rect(0, 0 - 720, 1544), mPrivacyIndicatorBounds=PrivacyIndicatorBounds {static bounds=Rect(637, 0 - 720, 50) rotation=0}, mDisplayShape=DisplayShape{ spec=-311912193 displayWidth=720 displayHeight=1544 physicalPixelDisplaySizeRatio=0.5 rotation=0 offsetX=0 offsetY=0 scale=1.0}, mSources= { InsetsSource: {ec730001 mType=navigationBars mFrame=[0,1454][720,1544] mVisible=true mFlags= mSideHint=BOTTOM mBoundingRects=null}, InsetsSource: {ec730004 mType=systemGestures mFrame=[0,0][0,0] mVisible=true mFlags= mSideHint=NONE mBoundingRects=null}, InsetsSource: {ec730005 mType=mandatorySystemGestures mFrame=[0,1454][720,1544] mVisible=true mFlags= mSideHint=BOTTOM mBoundingRects=null}, InsetsSource: {ec730006 mType=tappableElement mFrame=[0,1454][720,1544] mVisible=true mFlags= mSideHint=BOTTOM mBoundingRects=null}, InsetsSource: {ec730024 mType=systemGestures mFrame=[0,0][0,0] mVisible=true mFlags= mSideHint=NONE mBoundingRects=null}, InsetsSource: {3 mType=ime mFrame=[0,0][0,0] mVisible=false mFlags= mSideHint=NONE mBoundingRects=null}, InsetsSource: {27 mType=displayCutout mFrame=[0,0][720,50] mVisible=true mFlags= mSideHint=TOP mBoundingRects=null}, InsetsSource: {43950000 mType=statusBars mFrame=[0,0][720,50] mVisible=true mFlags= mSideHint=TOP mBoundingRects=null}, InsetsSource: {43950005 mType=mandatorySystemGestures mFrame=[0,0][720,73] mVisible=true mFlags= mSideHint=TOP mBoundingRects=null}, InsetsSource: {43950006 mType=tappableElement mFrame=[0,0][720,50] mVisible=true mFlags= mSideHint=TOP mBoundingRects=null} }
04-15 09:53:13.789  2000  2120 I VRI[app]@5530b57: onActiveControlsChanged, removed=false, mAdded=true, caller=android.view.ViewRootImpl.handleInsetsControlChanged:3002 android.view.ViewRootImpl.setView:2014 android.view.WindowManagerGlobal.addView:604 com.android.wm.shell.startingsurface.SplashscreenWindowCreator.addWindow:38 com.android.wm.shell.startingsurface.StartingWindowController$$ExternalSyntheticLambda4.run:1365
04-15 09:53:13.790 18638 18638 I VRI[InstrumentationActivityInvoker$EmptyActivity]@1b28a12: Relayout returned: old=(0,0,720,1544) new=(0,0,720,1544) relayoutAsync=false req=(720,1544)8 dur=16 res=0x2 s={false 0x0} ch=true seqId=0
04-15 09:53:13.790  1542  1582 D PkgPredictorService-SecIpmManagerServiceImpl: bg information pid:18638 uid:10747 pkgName:com.catfact.app.test
04-15 09:53:13.790 18638 18638 D VRI[InstrumentationActivityInvoker$EmptyActivity]@1b28a12: Not drawing due to not visible. Reason=!mAppVisible && !mForceDecorViewVisibility
04-15 09:53:13.791  2000  2120 I VRI[app]@5530b57: synced displayState. AttachInfo displayState=2
04-15 09:53:13.791  2000  2120 I VRI[app]@5530b57: setView = android.widget.FrameLayout@8a1062 IsHRR=false mFlingFrameRateChange=0 TM=true
04-15 09:53:13.791 18638 18638 I VRI[InstrumentationActivityInvoker$EmptyActivity]@1b28a12: stopped(true) old = false
04-15 09:53:13.791 18638 18638 D VRI[InstrumentationActivityInvoker$EmptyActivity]@1b28a12: WindowStopped on com.catfact.app.test/androidx.test.core.app.InstrumentationActivityInvoker$EmptyActivity set to true
04-15 09:53:13.791  1542  2477 D InputTransport: Input channel constructed: 'd52031b', fd=1263
04-15 09:53:13.791  1542  2477 D InputTransport: Input channel constructed: 'd52031b', fd=1280
04-15 09:53:13.791  1542  2477 D InputTransport: Input channel constructed: 'd52031b', fd=1307
04-15 09:53:13.791  1542  2477 D InputTransport: Input channel destroyed: 'd52031b', fd=1280
04-15 09:53:13.792  2000  2196 D HWUI    : HWUI - treat SMPTE_170M as sRGB
04-15 09:53:13.792  1151  1199 I SurfaceFlinger: id=18454 createSurf, flag=84004, d52031b com.catfact.app/com.catfact.app.MainActivity#18454
04-15 09:53:13.793  3979  3979 I ImeFocusController: onPreWindowFocus: skipped hasWindowFocus=false mHasImeFocus=true
04-15 09:53:13.793  3979  3979 I ImeFocusController: onPostWindowFocus: skipped hasWindowFocus=false mHasImeFocus=true
04-15 09:53:13.791 18638 18653 D HWUI    : CacheManager::trimMemory(40)
04-15 09:53:13.794  1542  2477 D InputTransport: Input channel destroyed: 'd52031b', fd=1307
04-15 09:53:13.794 18572 18572 D InputTransport: Input channel constructed: 'd52031b', fd=134
04-15 09:53:13.795 18572 18572 I InsetsController: onStateChanged: host=com.catfact.app/com.catfact.app.MainActivity, from=android.view.ViewRootImpl.onInsetsStateChanged:3026, state=InsetsState: {mDisplayFrame=Rect(0, 0 - 720, 1544), mDisplayCutout=DisplayCutout{insets=Rect(0, 50 - 0, 0) waterfall=Insets{left=0, top=0, right=0, bottom=0} boundingRect={Bounds=[Rect(0, 0 - 0, 0), Rect(341, 0 - 379, 50), Rect(0, 0 - 0, 0), Rect(0, 0 - 0, 0)]} cutoutPathParserInfo={CutoutPathParserInfo{displayWidth=720 displayHeight=1544 physicalDisplayWidth=720 physicalDisplayHeight=1544 density={1.875} cutoutSpec={M 0,0 H -10 V 26.66666666666667 H 10 V 0 H 0 Z @dp} rotation={0} scale={1.0} physicalPixelDisplaySizeRatio={1.0}}} sideOverrides={}}, mRoundedCorners=RoundedCorners{[RoundedCorner{position=TopLeft, radius=8, center=Point(8, 8)}, RoundedCorner{position=TopRight, radius=8, center=Point(712, 8)}, RoundedCorner{position=BottomRight, radius=8, center=Point(712, 1536)}, RoundedCorner{position=BottomLeft, radius=8, center=Point(8, 1536)}]}  mRoundedCornerFrame=Rect(0, 0 - 720, 1544), mPrivacyIndicatorBounds=PrivacyIndicatorBounds {static bounds=Rect(637, 0 - 720, 50) rotation=0}, mDisplayShape=DisplayShape{ spec=-311912193 displayWidth=720 displayHeight=1544 physicalPixelDisplaySizeRatio=0.5 rotation=0 offsetX=0 offsetY=0 scale=1.0}, mSources= { InsetsSource: {ec730001 mType=navigationBars mFrame=[0,1454][720,1544] mVisible=true mFlags= mSideHint=BOTTOM mBoundingRects=null}, InsetsSource: {ec730004 mType=systemGestures mFrame=[0,0][0,0] mVisible=true mFlags= mSideHint=NONE mBoundingRects=null}, InsetsSource: {ec730005 mType=mandatorySystemGestures mFrame=[0,1454][720,1544] mVisible=true mFlags= mSideHint=BOTTOM mBoundingRects=null}, InsetsSource: {ec730006 mType=tappableElement mFrame=[0,1454][720,1544] mVisible=true mFlags= mSideHint=BOTTOM mBoundingRects=null}, InsetsSource: {ec730024 mType=systemGestures mFrame=[0,0][0,0] mVisible=true mFlags= mSideHint=NONE mBoundingRects=null}, InsetsSource: {3 mType=ime mFrame=[0,0][0,0] mVisible=false mFlags= mSideHint=NONE mBoundingRects=null}, InsetsSource: {27 mType=displayCutout mFrame=[0,0][720,50] mVisible=true mFlags= mSideHint=TOP mBoundingRects=null}, InsetsSource: {43950000 mType=statusBars mFrame=[0,0][720,50] mVisible=true mFlags= mSideHint=TOP mBoundingRects=null}, InsetsSource: {43950005 mType=mandatorySystemGestures mFrame=[0,0][720,73] mVisible=true mFlags= mSideHint=TOP mBoundingRects=null}, InsetsSource: {43950006 mType=tappableElement mFrame=[0,0][720,50] mVisible=true mFlags= mSideHint=TOP mBoundingRects=null} }
04-15 09:53:13.795  1542  4025 I WindowManager: Relayout Window{c74e2a3 u0 Splash Screen com.catfact.app}: viewVisibility=0 req=720x1544 ty=3 d0
04-15 09:53:13.795 18572 18572 I VRI[MainActivity]@5dba6d0: synced displayState. AttachInfo displayState=2
04-15 09:53:13.796  1151  1199 I SurfaceFlinger: id=18455 createSurf, flag=44004, Splash Screen com.catfact.app$_2000#18455
04-15 09:53:13.796 18572 18572 I VRI[MainActivity]@5dba6d0: setView = com.android.internal.policy.DecorView@d61d8ef IsHRR=false mFlingFrameRateChange=0 TM=true
04-15 09:53:13.796  1151  1151 I SurfaceFlinger: [d52031b com.catfact.app/com.catfact.app.MainActivity#18454] attach to parent LayerHierarchy{RequestedLayerState{ActivityRecord{231472614 u0 com.catfact.app/.MainActivity t3870}#18452 parentId=18451} 2 children}
04-15 09:53:13.796 18572 18596 D HWUI    : HWUI - treat SMPTE_170M as sRGB
04-15 09:53:13.797  1542  4025 D SurfaceComposerClient: setCornerRadius ## c74e2a3 Splash Screen com.catfact.app#18453 cornerRadius=0.000000
04-15 09:53:13.797  1542  4025 D SurfaceComposerClient: setCornerRadius ## d52031b com.catfact.app/com.catfact.app.MainActivity#18454 cornerRadius=0.000000
04-15 09:53:13.797  1542  4025 D SurfaceComposerClient: setCornerRadius ## c74e2a3 Splash Screen com.catfact.app#18453 cornerRadius=0.000000
04-15 09:53:13.797  1542  4025 D SurfaceComposerClient: setCornerRadius ## d52031b com.catfact.app/com.catfact.app.MainActivity#18454 cornerRadius=0.000000
04-15 09:53:13.799  1542  4025 I WindowManager: Relayout hash=c74e2a3, pid=2000, syncId=-1: mAttrs={(0,0)(fillxfill) sim={adjust=pan} layoutInDisplayCutoutMode=always ty=APPLICATION_STARTING fmt=TRANSLUCENT wanim=0x1030317
04-15 09:53:13.799  1542  4025 I WindowManager:   fl=81030118
04-15 09:53:13.799  1542  4025 I WindowManager:   pfl=10000810
04-15 09:53:13.799  1542  4025 I WindowManager:   bhv=1
04-15 09:53:13.799  1542  4025 I WindowManager:   fitSides=0
04-15 09:53:13.799  1542  4025 I WindowManager:   frameRateBoostOnTouch=true
04-15 09:53:13.799  1542  4025 I WindowManager:   dvrrWindowFrameRateHint=true naviIconColor=0}
04-15 09:53:13.800  2000  2120 I VRI[app]@5530b57: onActiveControlsChanged, removed=false, mAdded=true, caller=android.view.ViewRootImpl.handleInsetsControlChanged:3002 android.view.ViewRootImpl.relayoutWindow:11629 android.view.ViewRootImpl.performTraversals:4804 android.view.ViewRootImpl.doTraversal:3924 android.view.ViewRootImpl$TraversalRunnable.run:12903
04-15 09:53:13.802  2000  2120 I BLASTBufferQueue_Java: new BLASTBufferQueue, mName= VRI[app]@5530b57 mNativeObject= 0xb40000741d2959e0 caller= android.view.ViewRootImpl.updateBlastSurfaceIfNeeded:3585 android.view.ViewRootImpl.relayoutWindow:11685 android.view.ViewRootImpl.performTraversals:4804 android.view.ViewRootImpl.doTraversal:3924 android.view.ViewRootImpl$TraversalRunnable.run:12903 android.view.Choreographer$CallbackRecord.run:1901 android.view.Choreographer$CallbackRecord.run:1910 android.view.Choreographer.doCallbacks:1367 android.view.Choreographer.doFrame:1292 android.view.Choreographer$FrameDisplayEventReceiver.run:1870
04-15 09:53:13.802  2000  2120 I BLASTBufferQueue_Java: update, w= 720 h= 1544 mName = VRI[app]@5530b57 mNativeObject= 0xb40000741d2959e0 sc.mNativeObject= 0xb40000751c5d6b10 format= -3 caller= android.view.ViewRootImpl.updateBlastSurfaceIfNeeded:3590 android.view.ViewRootImpl.relayoutWindow:11685 android.view.ViewRootImpl.performTraversals:4804 android.view.ViewRootImpl.doTraversal:3924 android.view.ViewRootImpl$TraversalRunnable.run:12903 android.view.Choreographer$CallbackRecord.run:1901
04-15 09:53:13.803  2000  2120 I VRI[app]@5530b57: Relayout returned: old=(0,0,720,1544) new=(0,0,720,1544) relayoutAsync=false req=(720,1544)0 dur=8 res=0x3 s={true 0xb40000748ce95010} ch=true seqId=0
04-15 09:53:13.804  1542  3015 I NSLocationMonitor: getGPSUsingApps() called
04-15 09:53:13.804  1542  1585 D SurfaceComposerClient: setCornerRadius ## c74e2a3 Splash Screen com.catfact.app#18453 cornerRadius=0.000000
04-15 09:53:13.804  1542  1585 D SurfaceComposerClient: setCornerRadius ## d52031b com.catfact.app/com.catfact.app.MainActivity#18454 cornerRadius=0.000000
04-15 09:53:13.804  1151  1151 I SurfaceFlinger: [Splash Screen com.catfact.app$_2000#18455] attach to parent LayerHierarchy{RequestedLayerState{c74e2a3 Splash Screen com.catfact.app#18453 parentId=18452} 1 children}
04-15 09:53:13.804  2000  2120 I VRI[app]@5530b57: performConfigurationChange setNightDimText nightDimLevel=0
04-15 09:53:13.804  2000  2120 D VRI[app]@5530b57: mThreadedRenderer.initialize() mSurface={isValid=true 0xb40000748ce95010} hwInitialized=true
04-15 09:53:13.805  2000  2120 D VRI[app]@5530b57: reportNextDraw android.view.ViewRootImpl.performTraversals:5443 android.view.ViewRootImpl.doTraversal:3924 android.view.ViewRootImpl$TraversalRunnable.run:12903 android.view.Choreographer$CallbackRecord.run:1901 android.view.Choreographer$CallbackRecord.run:1910
04-15 09:53:13.805  2000  2120 D VRI[app]@5530b57: Setup new sync=wmsSync-VRI[app]@5530b57#64
04-15 09:53:13.805  2000  2120 I VRI[app]@5530b57: Creating new active sync group VRI[app]@5530b57#65
04-15 09:53:13.805  2000  2120 D VRI[app]@5530b57: registerCallbacksForSync syncBuffer=false
04-15 09:53:13.805  2982  6680 I NSLocationManager_FLP: getGPSUsingApps, No change
04-15 09:53:13.805  1542  1585 D SurfaceComposerClient: setCornerRadius ## c74e2a3 Splash Screen com.catfact.app#18453 cornerRadius=0.000000
04-15 09:53:13.805  1542  1585 D SurfaceComposerClient: setCornerRadius ## d52031b com.catfact.app/com.catfact.app.MainActivity#18454 cornerRadius=0.000000
04-15 09:53:13.805  2000  2195 D VRI[app]@5530b57: Received frameDrawingCallback syncResult=0 frameNum=1.
04-15 09:53:13.806  2000  2195 I VRI[app]@5530b57: mWNT: t=0xb4000074fc727390 mBlastBufferQueue=0xb40000741d2959e0 fn= 1 HdrRenderState mRenderHdrSdrRatio=1.0 caller= android.view.ViewRootImpl$12.onFrameDraw:15441 android.view.ThreadedRenderer$1.onFrameDraw:718 <bottom of call stack>
04-15 09:53:13.806  2000  2195 I VRI[app]@5530b57: Setting up sync and frameCommitCallback
04-15 09:53:13.809 18638 18638 W WindowOnBackDispatcher: sendCancelIfRunning: isInProgress=false callback=android.app.Activity$$ExternalSyntheticLambda0@e2b355e
04-15 09:53:13.809  2000  2196 I BLASTBufferQueue: [VRI[app]@5530b57#834](f:0,a:0,s:0) onFrameAvailable the first frame is available
04-15 09:53:13.809  2000  2196 I VRI[app]@5530b57: Received frameCommittedCallback lastAttemptedDrawFrameNum=1 didProduceBuffer=true
04-15 09:53:13.809  1542  3015 I NSLocationMonitor: getGPSUsingApps() called
04-15 09:53:13.809  1151  1200 I SurfaceFlinger: [Splash Screen com.catfact.app$_2000#18455] setTransactionState with the first frame. bufferData(ID: 8589934655772, frameNumber: 1)
04-15 09:53:13.810  2000  2196 D HWUI    : CFMS:: SetUp Pid : 2000    Tid : 2196
04-15 09:53:13.810  2982  6680 I NSLocationManager_FLP: getGPSUsingApps, No change
04-15 09:53:13.810 18638 18638 D ViewRootImpl: Skipping stats log for color mode
04-15 09:53:13.810 18638 18638 I VRI[InstrumentationActivityInvoker$EmptyActivity]@1b28a12: dispatchDetachedFromWindow
04-15 09:53:13.810  2000  2120 D VRI[app]@5530b57: reportDrawFinished seqId=0
04-15 09:53:13.810  1542  2477 D InputTransport: Input channel destroyed: 'a10effd', fd=1146
04-15 09:53:13.811  1542  2477 D SurfaceComposerClient: setCornerRadius ## c74e2a3 Splash Screen com.catfact.app#18453 cornerRadius=0.000000
04-15 09:53:13.811  1542  2477 D SurfaceComposerClient: setCornerRadius ## c74e2a3 Splash Screen com.catfact.app#18453 cornerRadius=0.000000
04-15 09:53:13.811  1542  2477 D SurfaceComposerClient: setCornerRadius ## d52031b com.catfact.app/com.catfact.app.MainActivity#18454 cornerRadius=0.000000
04-15 09:53:13.812 18638 18638 D InputTransport: Input channel destroyed: 'a10effd', fd=117
04-15 09:53:13.813  1542  1585 D SurfaceComposerClient: setCornerRadius ## c74e2a3 Splash Screen com.catfact.app#18453 cornerRadius=0.000000
04-15 09:53:13.813  1542  1585 D SurfaceComposerClient: setCornerRadius ## c74e2a3 Splash Screen com.catfact.app#18453 cornerRadius=0.000000
04-15 09:53:13.813  1542  1585 D SurfaceComposerClient: setCornerRadius ## d52031b com.catfact.app/com.catfact.app.MainActivity#18454 cornerRadius=0.000000
04-15 09:53:13.814  1151  1378 I SurfaceFlinger: id=18456 createSurf, flag=84004, Transition Root: Task=3870#18456
04-15 09:53:13.816  1542  1585 I SurfaceControlRegistry: show, t=StartTransaction_SyncId<1649> sc=ActivityRecord{231472614 u0 com.catfact.app/.MainActivity t3870}, caller=android.view.SurfaceControl$Transaction.show:3557 com.android.server.wm.Transition.onTransactionReady:2048 com.android.server.wm.BLASTSyncEngine$SyncGroup.finishNow:240 com.android.server.wm.BLASTSyncEngine.onSurfacePlacement:263 com.android.server.wm.RootWindowContainer.performSurfacePlacementNoTrace:1083 com.android.server.wm.WindowSurfacePlacer.performSurfacePlacement:166
04-15 09:53:13.816  1542  1585 D SurfaceComposerClient: setCornerRadius ## Task=3801#16292 cornerRadius=0.000000
04-15 09:53:13.816  1542  1585 D SurfaceComposerClient: setCornerRadius ## Task=3870#18451 cornerRadius=0.000000
04-15 09:53:13.817  1542  1585 D ScreenCapture: [Capture_TEST] : setIsScreenShotBySystem false
04-15 09:53:13.817  1542  1585 I SurfaceComposerClient: captureLayers:childrenOnly:1, sync:1
04-15 09:53:13.820  1151  1151 I SurfaceFlinger: [LayerHierarchy{RequestedLayerState{com.catfact.app.test/androidx.test.core.app.InstrumentationActivityInvoker$EmptyActivity$_18638#18432} no children}] reparent to OffscreenRoot
04-15 09:53:13.820  1151  1151 I SurfaceFlinger: [LayerHierarchy{RequestedLayerState{com.catfact.app.test/androidx.test.core.app.InstrumentationActivityInvoker$EmptyActivity$_18638#18432} no children}] RelativeParent to null
04-15 09:53:13.820  1151  1151 I SurfaceFlinger: [LayerHierarchy{RequestedLayerState{a10effd com.catfact.app.test/androidx.test.core.app.InstrumentationActivityInvoker$EmptyActivity#18428} no children}] reparent to OffscreenRoot
04-15 09:53:13.820  1151  1151 I SurfaceFlinger: [LayerHierarchy{RequestedLayerState{a10effd com.catfact.app.test/androidx.test.core.app.InstrumentationActivityInvoker$EmptyActivity#18428} no children}] RelativeParent to null
04-15 09:53:13.820  1151  1151 I SurfaceFlinger: [Transition Root: Task=3870#18456] attach to parent LayerHierarchy{RequestedLayerState{DefaultTaskDisplayArea_d0#10 parentId=9} 18 children}
04-15 09:53:13.821  1151  1200 I SurfaceFlinger: Capture layer list: 	 com.google.android.calendar/com.google.android.calendar.allinone.AllInOneCalendarActivity$_3979#18445(seamlessTransition:0)
04-15 09:53:13.821  1151  1200 I CompositionEngine: [setDisplaySize] size=(720, 1544)
04-15 09:53:13.821  1151  1151 I SurfaceFlinger: id=18428 Removed a10effd com.catfact.app.test/androidx.test.core.app.InstrumentationActivityInvoker$EmptyActivity#18428 (197)
04-15 09:53:13.821  1151  1151 I SurfaceFlinger: id=18432 Removed com.catfact.app.test/androidx.test.core.app.InstrumentationActivityInvoker$EmptyActivity$_18638#18432 (197)
04-15 09:53:13.822  1151  1206 D RenderEngine: [SEC_SF_EFFECTS] drawLayersInternal,1494, Rendering layer ScreenCaptureFillLayer at index 0
04-15 09:53:13.822  1151  1206 D RenderEngine: [SEC_SF_EFFECTS] drawLayersInternal,1494, Rendering layer com.google.android.calendar/com.google.android.calendar.allinone.AllInOneCalendarActivity$_3979#18445 at index 1
04-15 09:53:13.825  2000  2105 I SurfaceControlRegistry: hide, t=FinishTransaction_SyncId<1649> sc=Task=3801, caller=android.view.SurfaceControl$Transaction.hide:3583 com.android.wm.shell.transition.Transitions.dispatchReady:1263 com.android.wm.shell.transition.Transitions.onTransitionReady:251 com.android.wm.shell.transition.Transitions$TransitionPlayerImpl$$ExternalSyntheticLambda0.run:13 android.os.Handler.handleCallback:995 android.os.Handler.dispatchMessage:103
04-15 09:53:13.825  2000  2105 I SurfaceControlRegistry: show, t=StartTransaction_SyncId<1649> sc=Task=3870, caller=android.view.SurfaceControl$Transaction.show:3557 com.android.wm.shell.transition.Transitions.dispatchReady:1279 com.android.wm.shell.transition.Transitions.onTransitionReady:251 com.android.wm.shell.transition.Transitions$TransitionPlayerImpl$$ExternalSyntheticLambda0.run:13 android.os.Handler.handleCallback:995 android.os.Handler.dispatchMessage:103
04-15 09:53:13.825  2000  2105 I SurfaceControlRegistry: show, t=FinishTransaction_SyncId<1649> sc=Task=3870, caller=android.view.SurfaceControl$Transaction.show:3557 com.android.wm.shell.transition.Transitions.dispatchReady:1330 com.android.wm.shell.transition.Transitions.onTransitionReady:251 com.android.wm.shell.transition.Transitions$TransitionPlayerImpl$$ExternalSyntheticLambda0.run:13 android.os.Handler.handleCallback:995 android.os.Handler.dispatchMessage:103
04-15 09:53:13.825  2000  2105 I SurfaceControlRegistry: show, t=StartTransaction_SyncId<1649> sc=Transition Root: Task=3870, caller=android.view.SurfaceControl$Transaction.show:3557 com.android.wm.shell.transition.Transitions.playTransition:79 com.android.wm.shell.transition.Transitions.processReadyQueue:239 com.android.wm.shell.transition.Transitions.dispatchReady:1352 com.android.wm.shell.transition.Transitions.onTransitionReady:251 com.android.wm.shell.transition.Transitions$TransitionPlayerImpl$$ExternalSyntheticLambda0.run:13
04-15 09:53:13.826  1151  1200 I SurfaceFlinger: id=18457 createSurf, flag=84000, deaaf28 ActivityRecordInputSink com.catfact.app/.MainActivity#18457
04-15 09:53:13.826  2000  2105 D SurfaceComposerClient: [Task=3801#16292] setEdgeExtension Right
04-15 09:53:13.827  1151  1200 I SurfaceFlinger: id=18458 createSurf, flag=20004, DimTransitionLayer for Surface(name=Task=3870)/@0xef97ae5#18458
04-15 09:53:13.827  2000  2105 I SurfaceControlRegistry: show, t=StartTransaction_SyncId<1649> sc=DimTransitionLayer for Surface(name=Task=3870)/@0xef97ae5, caller=android.view.SurfaceControl$Transaction.show:3557 com.android.wm.shell.transition.DefaultTransitionHandler.startAnimation:2931 com.android.wm.shell.transition.Transitions.dispatchTransition:90 com.android.wm.shell.transition.Transitions.playTransition:774 com.android.wm.shell.transition.Transitions.processReadyQueue:239 com.android.wm.shell.transition.Transitions.dispatchReady:1352
04-15 09:53:13.827  2000  2105 I SurfaceControlRegistry: apply, t=StartTransaction_SyncId<1649>, caller=android.view.SurfaceControl$Transaction.apply:3459 android.view.SurfaceControl$Transaction.apply:3447 android.view.SurfaceControl$Transaction.apply:3397 com.android.wm.shell.transition.DefaultTransitionHandler.startAnimation:3387 com.android.wm.shell.transition.Transitions.dispatchTransition:90 com.android.wm.shell.transition.Transitions.playTransition:774
04-15 09:53:13.829  1151  1151 I SurfaceFlinger: RequestedLayer [c74e2a3 Splash Screen com.catfact.app#18453] hidden!! flag  from(1) --> to(0)
04-15 09:53:13.829  1151  1151 I SurfaceFlinger: RequestedLayer [d52031b com.catfact.app/com.catfact.app.MainActivity#18454] hidden!! flag  from(1) --> to(0)
04-15 09:53:13.829  1151  1151 I SurfaceFlinger: RequestedLayer [Splash Screen com.catfact.app$_2000#18455] hidden!! flag  from(1) --> to(0)
04-15 09:53:13.829  1151  1151 I SurfaceFlinger: RequestedLayer [Task=3870#18451] hidden!! flag  from(1) --> to(0)
04-15 09:53:13.829  1151  1151 E SurfaceFlinger: alpha changed 1.000 -> 0.000 - Task=3870#18451
04-15 09:53:13.829  1151  2758 I SurfaceFlinger: id=18459 createSurf, flag=24004, Task=3869#18459
04-15 09:53:13.829  1151  1151 I SurfaceFlinger: RequestedLayer [Transition Root: Task=3870#18456] hidden!! flag  from(1) --> to(0)
04-15 09:53:13.829  1151  1151 I SurfaceFlinger: RequestedLayer [ActivityRecord{231472614 u0 com.catfact.app/.MainActivity t3870}#18452] hidden!! flag  from(1) --> to(0)
04-15 09:53:13.829  1151  1151 I SurfaceFlinger: RequestedLayer [DimTransitionLayer for Surface(name=Task=3870)/@0xef97ae5#18458] hidden!! flag  from(1) --> to(0)
04-15 09:53:13.829  1151  1151 E SurfaceFlinger: alpha changed 1.000 -> 0.000 - DimTransitionLayer for Surface(name=Task=3870)/@0xef97ae5#18458
04-15 09:53:13.829  1151  1151 I SurfaceFlinger: destroyed com.catfact.app.test/androidx.test.core.app.InstrumentationActivityInvoker$EmptyActivity$_18638#18432
04-15 09:53:13.829  1151  1151 I SurfaceFlinger: destroyed a10effd com.catfact.app.test/androidx.test.core.app.InstrumentationActivityInvoker$EmptyActivity#18428
04-15 09:53:13.829  1151  2479 I SurfaceFlinger: id=18429 Removed 1d96418 ActivityRecordInputSink com.catfact.app.test/androidx.test.core.app.InstrumentationActivityInvoker$EmptyActivity#18429 (200)
04-15 09:53:13.829  1151  1151 I SurfaceFlinger: [LayerHierarchy{RequestedLayerState{Task=3801#16292 parentId=18456 z=2} 1 children}] reparent to LayerHierarchy{RequestedLayerState{Transition Root: Task=3870#18456 parentId=10 z=14} 1 children}
04-15 09:53:13.829  1151  1151 I SurfaceFlinger: [DimTransitionLayer for Surface(name=Task=3870)/@0xef97ae5#18458] attach to parent LayerHierarchy{RequestedLayerState{Transition Root: Task=3870#18456 parentId=10 z=14} 2 children}
04-15 09:53:13.829  1151  1151 I SurfaceFlinger: [LayerHierarchy{RequestedLayerState{Task=3870#18451 parentId=18456 z=5} 2 children}] reparent to LayerHierarchy{RequestedLayerState{Transition Root: Task=3870#18456 parentId=10 z=14} 3 children}
04-15 09:53:13.829  1151  1151 I SurfaceFlinger: [deaaf28 ActivityRecordInputSink com.catfact.app/.MainActivity#18457] attach to parent LayerHierarchy{RequestedLayerState{ActivityRecord{231472614 u0 com.catfact.app/.MainActivity t3870}#18452 parentId=18451} 3 children}
04-15 09:53:13.832  1151  1151 I Layer   : id=18432 Destroyed com.catfact.app.test/androidx.test.core.app.InstrumentationActivityInvoker$EmptyActivity$_18638#18432
04-15 09:53:13.832  1151  1151 I Layer   : id=18428 Destroyed a10effd com.catfact.app.test/androidx.test.core.app.InstrumentationActivityInvoker$EmptyActivity#18428
04-15 09:53:13.835  2461  2461 I HoneySpace.TaskStackChangeRepositoryImpl: onTaskRemoved : 3869
04-15 09:53:13.835  2461  2461 I HoneySpace.TaskStackChangeRepositoryImpl: onTaskRemoved : 3869
04-15 09:53:13.835  2461  2584 I HoneySpace.TopTaskSource: onTaskRemoved: 3869
04-15 09:53:13.837  2461  4417 I HoneySpace.RecentTasks: onRunningTaskAppeared
04-15 09:53:13.837  2461  4417 I HoneySpace.RecentTasks: onRecentTasksChanged
04-15 09:53:13.838  2461  4432 I HoneySpace.RecentTasks: onRunningTaskVanished
04-15 09:53:13.838  2461  4432 I HoneySpace.RecentTasks: onRecentTasksChanged
04-15 09:53:13.839  2461  2461 I HoneySpace.TaskListViewModel[173795743]: taskRemoveId, 3869
04-15 09:53:13.839  2461  2461 W HoneySpace.TaskListViewModel[173795743]: task is already removed: 3869
04-15 09:53:13.839  2461  2461 I HoneySpace.TaskListViewModel[173795743]: taskRemoveId, 3869
04-15 09:53:13.839  2461  2461 W HoneySpace.TaskListViewModel[173795743]: task is already removed: 3869
04-15 09:53:13.840  1151  1151 E SurfaceFlinger: alpha changed 0.000 -> 1.000 - Task=3870#18451
04-15 09:53:13.840  1151  1151 I SurfaceFlinger: [LayerHierarchy{RequestedLayerState{Task=3869#18422 z=12} 1 children}] reparent to OffscreenRoot
04-15 09:53:13.840  1151  1151 I SurfaceFlinger: [LayerHierarchy{RequestedLayerState{Task=3869#18422 z=12} 1 children}] RelativeParent to null
04-15 09:53:13.840  1151  1151 I SurfaceFlinger: [LayerHierarchy{RequestedLayerState{ActivityRecord{57447510 u0 com.catfact.app.test/androidx.test.core.app.InstrumentationActivityInvoker$EmptyActivity t3869}#18423} 1 children}] reparent to OffscreenRoot
04-15 09:53:13.840  1151  1151 I SurfaceFlinger: [LayerHierarchy{RequestedLayerState{ActivityRecord{57447510 u0 com.catfact.app.test/androidx.test.core.app.InstrumentationActivityInvoker$EmptyActivity t3869}#18423} 1 children}] RelativeParent to null
04-15 09:53:13.841  1151  1151 I SurfaceFlinger: [Task=3869#18459] attach to parent OffscreenRoot
04-15 09:53:13.843  1151  1151 I SurfaceFlinger: id=18459 Removed Task=3869#18459 (198)
04-15 09:53:13.843  1151  1151 I SurfaceFlinger: id=18423 Removed ActivityRecord{57447510 u0 com.catfact.app.test/androidx.test.core.app.InstrumentationActivityInvoker$EmptyActivity t3869}#18423 (198)
04-15 09:53:13.844  2461  2584 I HoneySpace.TopTaskSource: onTaskRemoved: 3869
04-15 09:53:13.849  1151  1151 I SurfaceFlinger: destroyed ActivityRecord{57447510 u0 com.catfact.app.test/androidx.test.core.app.InstrumentationActivityInvoker$EmptyActivity t3869}#18423
04-15 09:53:13.849  1151  1151 I SurfaceFlinger: destroyed Task=3869#18459
04-15 09:53:13.849  1151  1151 I SurfaceFlinger: destroyed 1d96418 ActivityRecordInputSink com.catfact.app.test/androidx.test.core.app.InstrumentationActivityInvoker$EmptyActivity#18429
04-15 09:53:13.851  1151  1151 I Layer   : id=18423 Destroyed ActivityRecord{57447510 u0 com.catfact.app.test/androidx.test.core.app.InstrumentationActivityInvoker$EmptyActivity t3869}#18423
04-15 09:53:13.851  1151  1151 I Layer   : id=18459 Destroyed Task=3869#18459
04-15 09:53:13.851  1151  1151 I Layer   : id=18429 Destroyed 1d96418 ActivityRecordInputSink com.catfact.app.test/androidx.test.core.app.InstrumentationActivityInvoker$EmptyActivity#18429
04-15 09:53:13.856  1151  1151 E SurfaceFlinger: alpha changed 0.000 -> 0.010 - DimTransitionLayer for Surface(name=Task=3870)/@0xef97ae5#18458
04-15 09:53:13.858  2461  4418 I HoneySpace.RecentTasks: onRecentTasksChanged
04-15 09:53:13.859  3963  4335 I SemDvfsHyPerManager: acquire hyper - BaseTABoost/3963@25, type = -999
04-15 09:53:13.859  1059  1180 I HYPER-HAL: [RequestManager.cpp]acquire(): Acquired ID : 7954091  [3963 / 25]    HINT :      list : [TABoost / 1]
04-15 09:53:13.860  3723  3374 I [AirCmd]_ActivitySwitchDetector: onTaskStackChanged : componentName - ComponentInfo{com.catfact.app/com.catfact.app.MainActivity}
04-15 09:53:13.864  1151  1151 D SurfaceFlinger: Display 4633128672291735999 HWC layers:
04-15 09:53:13.864  1151  1151 D SurfaceFlinger:        CLIENT |           17089674871014 | 00002102 | RGBA_8888    |   10.0    0.0  720.0 1544.0 |    0    0  720 1544 | com.google.android.calendar/com.goog[...]AllInOneCalendarActivity$_3979#18445 (14)
04-15 09:53:13.864  1151  1151 D SurfaceFlinger:   SOLID_COLOR |                        0 | 00000000 | N/A          |    0.0    0.0    0.0    0.0 |    0    0  720 1544 | DimTransitionLayer for Surface(name=Task=3870)/@0xef97ae5#18458 (0)
04-15 09:53:13.864  1151  1151 D SurfaceFlinger:        DEVICE |            8589934655772 | 00002100 | RGBA_8888    |    0.0    0.0   33.0 1544.0 |  687    0  720 1544 | Splash Screen com.catfact.app$_2000#18455 (1)
04-15 09:53:13.864  1151  1151 D SurfaceFlinger:        DEVICE |            8589934654687 | 00002100 | RGBA_8888    |    0.0    0.0  720.0   50.0 |    0    0  720   50 | StatusBar$_2000#102 (26118)
04-15 09:53:13.864  1151  1151 D SurfaceFlinger:        DEVICE |           10569914518889 | 00002100 | RGBA_8888    |    0.0    0.0   67.0  353.0 |  653  192  720  545 | com.sec.android.app.launcher/com.sam[...]l.app.CocktailBarService$_2461#16495 (1)
04-15 09:53:13.864  1151  1151 D SurfaceFlinger:        DEVICE |            8589934654693 | 00002100 | RGBA_8888    |
04-15 09:53:13.864  1151  1151 D SurfaceFlinger:  0.0    0.0  720.0   90.0 |    0 1454  720 1544 | NavigationBar0$_2000#98 (16919)
04-15 09:53:13.864  1151  1151 D SurfaceFlinger:
