04-15 09:53:13.261  2000  2120 I VRI[calendar]@4841f90: Relayout returned: old=(0,0,720,1544) new=(0,0,720,1544) relayoutAsync=false req=(720,1544)0 dur=5 res=0x3 s={true 0xb40000748ce99d50} ch=true seqId=0
04-15 09:53:13.262  2000  2120 I VRI[calendar]@4841f90: performConfigurationChange setNightDimText nightDimLevel=0
04-15 09:53:13.262  2000  2120 D VRI[calendar]@4841f90: mThreadedRenderer.initialize() mSurface={isValid=true 0xb40000748ce99d50} hwInitialized=true
04-15 09:53:13.262  2000  2120 D VRI[calendar]@4841f90: reportNextDraw android.view.ViewRootImpl.performTraversals:5443 android.view.ViewRootImpl.doTraversal:3924 android.view.ViewRootImpl$TraversalRunnable.run:12903 android.view.Choreographer$CallbackRecord.run:1901 android.view.Choreographer$CallbackRecord.run:1910
04-15 09:53:13.262  2000  2120 D VRI[calendar]@4841f90: Setup new sync=wmsSync-VRI[calendar]@4841f90#62
04-15 09:53:13.263  2000  2120 I VRI[calendar]@4841f90: Creating new active sync group VRI[calendar]@4841f90#63
04-15 09:53:13.263  2000  2120 D VRI[calendar]@4841f90: registerCallbacksForSync syncBuffer=false
04-15 09:53:13.264  2000  2194 D VRI[calendar]@4841f90: Received frameDrawingCallback syncResult=0 frameNum=1.
04-15 09:53:13.264  2000  2194 I VRI[calendar]@4841f90: mWNT: t=0xb4000074fc793d50 mBlastBufferQueue=0xb40000741d2151e0 fn= 1 HdrRenderState mRenderHdrSdrRatio=1.0 caller= android.view.ViewRootImpl$12.onFrameDraw:15441 android.view.ThreadedRenderer$1.onFrameDraw:718 <bottom of call stack>
04-15 09:53:13.264  2000  2194 I VRI[calendar]@4841f90: Setting up sync and frameCommitCallback
04-15 09:53:13.265  2000  2196 I BLASTBufferQueue: [VRI[calendar]@4841f90#833](f:0,a:0,s:0) onFrameAvailable the first frame is available
04-15 09:53:13.266  2000  2196 I VRI[calendar]@4841f90: Received frameCommittedCallback lastAttemptedDrawFrameNum=1 didProduceBuffer=true
04-15 09:53:13.266  2000  2196 D HWUI    : CFMS:: SetUp Pid : 2000    Tid : 2196
04-15 09:53:13.266  1151  1199 I SurfaceFlinger: [Splash Screen com.google.android.calendar$_2000#18439] setTransactionState with the first frame. bufferData(ID: 8589934655763, frameNumber: 1)
04-15 09:53:13.267  2000  2120 D VRI[calendar]@4841f90: reportDrawFinished seqId=0
04-15 09:53:13.267  2000  2120 I VRI[test]@97e22e7: onActiveControlsChanged, removed=false, mAdded=true, caller=android.view.ViewRootImpl.handleInsetsControlChanged:3002 android.view.ViewRootImpl$ViewRootHandler.handleMessageImpl:8352 android.view.ViewRootImpl$ViewRootHandler.handleMessage:8301 android.os.Handler.dispatchMessage:110 android.os.Looper.loopOnce:273
04-15 09:53:13.267  2000  2120 I InsetsSourceConsumer: applyRequestedVisibilityToControl: visible=true, type=statusBars, host=Splash Screen com.catfact.app.test
04-15 09:53:13.267  1542  1585 D SurfaceComposerClient: setCornerRadius ## 961a587 Splash Screen com.google.android.calendar#18438 cornerRadius=0.000000
04-15 09:53:13.268  2000  2120 I InsetsSourceConsumer: applyRequestedVisibilityToControl: visible=true, type=navigationBars, host=Splash Screen com.catfact.app.test
04-15 09:53:13.268  2000  2195 I VRI[test]@97e22e7: mWNT: t=0xb4000074fc8cf7d0 mBlastBufferQueue=0xb40000741d2cbd40 fn= 4 HdrRenderState mRenderHdrSdrRatio=1.0 caller= android.view.SyncRtSurfaceTransactionApplier.applyTransaction:100 android.view.SyncRtSurfaceTransactionApplier.lambda$scheduleApply$0:73 android.view.SyncRtSurfaceTransactionApplier.$r8$lambda$afI4fXg3U3-nBZQEDQMiNy-B06s:0
04-15 09:53:13.268  1542  1585 D SurfaceComposerClient: setCornerRadius ## 961a587 Splash Screen com.google.android.calendar#18438 cornerRadius=0.000000
04-15 09:53:13.269  1151  1200 I SurfaceFlinger: id=18440 createSurf, flag=84004, Transition Root: Task=3801#18440
04-15 09:53:13.269  2000  2194 I VRI[test]@97e22e7: mWNT: t=0xb4000074fc875b10 mBlastBufferQueue=0xb40000741d2cbd40 fn= 5 HdrRenderState mRenderHdrSdrRatio=1.0 caller= android.view.SyncRtSurfaceTransactionApplier.applyTransaction:100 android.view.SyncRtSurfaceTransactionApplier.lambda$scheduleApply$0:73 android.view.SyncRtSurfaceTransactionApplier.$r8$lambda$afI4fXg3U3-nBZQEDQMiNy-B06s:0
04-15 09:53:13.271  1542  1585 I SurfaceControlRegistry: show, t=StartTransaction_SyncId<1648> sc=ActivityRecord{243114305 u0 com.google.android.calendar/.allinone.AllInOneCalendarActivity t3801}, caller=android.view.SurfaceControl$Transaction.show:3557 com.android.server.wm.Transition.onTransactionReady:2048 com.android.server.wm.BLASTSyncEngine$SyncGroup.finishNow:240 com.android.server.wm.BLASTSyncEngine.onSurfacePlacement:263 com.android.server.wm.RootWindowContainer.performSurfacePlacementNoTrace:1083 com.android.server.wm.WindowSurfacePlacer.performSurfacePlacement:166
04-15 09:53:13.272  1542  1585 D SurfaceComposerClient: setCornerRadius ## Task=3869#18422 cornerRadius=0.000000
04-15 09:53:13.272  1542  1585 D SurfaceComposerClient: setCornerRadius ## Task=3801#16292 cornerRadius=0.000000
04-15 09:53:13.273  1542  1585 D ScreenCapture: [Capture_TEST] : setIsScreenShotBySystem false
04-15 09:53:13.273  1542  1585 I SurfaceComposerClient: captureLayers:childrenOnly:1, sync:1
04-15 09:53:13.275  2000  2105 I SurfaceControlRegistry: hide, t=FinishTransaction_SyncId<1648> sc=Task=3869, caller=android.view.SurfaceControl$Transaction.hide:3583 com.android.wm.shell.transition.Transitions.dispatchReady:1263 com.android.wm.shell.transition.Transitions.onTransitionReady:251 com.android.wm.shell.transition.Transitions$TransitionPlayerImpl$$ExternalSyntheticLambda0.run:13 android.os.Handler.handleCallback:995 android.os.Handler.dispatchMessage:103
04-15 09:53:13.275  2000  2105 I SurfaceControlRegistry: show, t=StartTransaction_SyncId<1648> sc=Task=3801, caller=android.view.SurfaceControl$Transaction.show:3557 com.android.wm.shell.transition.Transitions.dispatchReady:1279 com.android.wm.shell.transition.Transitions.onTransitionReady:251 com.android.wm.shell.transition.Transitions$TransitionPlayerImpl$$ExternalSyntheticLambda0.run:13 android.os.Handler.handleCallback:995 android.os.Handler.dispatchMessage:103
04-15 09:53:13.275  2000  2105 I SurfaceControlRegistry: show, t=FinishTransaction_SyncId<1648> sc=Task=3801, caller=android.view.SurfaceControl$Transaction.show:3557 com.android.wm.shell.transition.Transitions.dispatchReady:1330 com.android.wm.shell.transition.Transitions.onTransitionReady:251 com.android.wm.shell.transition.Transitions$TransitionPlayerImpl$$ExternalSyntheticLambda0.run:13 android.os.Handler.handleCallback:995 android.os.Handler.dispatchMessage:103
04-15 09:53:13.275  1151  1151 I SurfaceFlinger: [Transition Root: Task=3801#18440] attach to parent LayerHierarchy{RequestedLayerState{DefaultTaskDisplayArea_d0#10 parentId=9} 17 children}
04-15 09:53:13.276  2000  2105 I SurfaceControlRegistry: apply, t=FinishTransaction_SyncId<1647>, caller=android.view.SurfaceControl$Transaction.apply:3459 android.view.SurfaceControl$Transaction.apply:3447 android.view.SurfaceControl$Transaction.apply:3397 com.android.wm.shell.transition.Transitions.onFinish:315 com.android.wm.shell.transition.Transitions$$ExternalSyntheticLambda7.onTransitionFinished:12 com.android.wm.shell.transition.DefaultTransitionHandler$$ExternalSyntheticLambda2.run:36
04-15 09:53:13.281  2000  2000 D SystemUIService: SYSUI_RAM_OPTIMIZATION onTrimMemory=20
04-15 09:53:13.281  2000  2000 D CentralSurfaces: SYSUI_RAM_OPTIMIZATION onTrimMemory=20
04-15 09:53:13.281  2000  2196 D HWUI    : CacheManager::trimMemory(20)
04-15 09:53:13.282 18082 18086 W android.dqagent: userfaultfd: MOVE ioctl seems unsupported: Connection timed out
04-15 09:53:13.287  1151  1151 I SurfaceFlinger: RequestedLayer [Task=3868#18406] hidden!! flag  from(0) --> to(1)
04-15 09:53:13.287  1151  1151 I SurfaceFlinger: [LayerHierarchy{RequestedLayerState{Task=3868#18406 parentId=10 z=13} 1 children}] reparent to LayerHierarchy{RequestedLayerState{DefaultTaskDisplayArea_d0#10 parentId=9} 18 children}
04-15 09:53:13.287  1151  1151 I SurfaceFlinger: [LayerHierarchy{RequestedLayerState{Task=3869#18422 parentId=10 z=14} 2 children}] reparent to LayerHierarchy{RequestedLayerState{DefaultTaskDisplayArea_d0#10 parentId=9} 19 children}
04-15 09:53:13.287  1151  1151 I SurfaceFlinger: [LayerHierarchy{RequestedLayerState{Transition Root: Task=3869#18426 z=14} 1 children}] reparent to OffscreenRoot
04-15 09:53:13.287  1151  1151 I SurfaceFlinger: [LayerHierarchy{RequestedLayerState{Transition Root: Task=3869#18426 z=14} 1 children}] RelativeParent to null
04-15 09:53:13.287  1151  1151 I SurfaceFlinger: [LayerHierarchy{RequestedLayerState{DimTransitionLayer for Surface(name=Task=3869)/@0x52aaf18#18427 z=-1} no children}] reparent to OffscreenRoot
04-15 09:53:13.287  1151  1151 I SurfaceFlinger: [LayerHierarchy{RequestedLayerState{DimTransitionLayer for Surface(name=Task=3869)/@0x52aaf18#18427 z=-1} no children}] RelativeParent to null
04-15 09:53:13.287  1151  1378 I SurfaceFlinger: Capture layer list: 	 com.catfact.app.test/androidx.test.core.app.InstrumentationActivityInvoker$EmptyActivity$_18638#18432(seamlessTransition:0)
04-15 09:53:13.287  1151  1378 I SurfaceFlinger: Capture layer list: 	 Splash Screen com.catfact.app.test$_2000#18425(seamlessTransition:0)
04-15 09:53:13.287  1151  1378 I CompositionEngine: [setDisplaySize] size=(720, 1544)
04-15 09:53:13.288  1151  1151 I SurfaceFlinger: id=18427 Removed DimTransitionLayer for Surface(name=Task=3869)/@0x52aaf18#18427 (199)
04-15 09:53:13.288  1151  1206 D RenderEngine: [SEC_SF_EFFECTS] drawLayersInternal,1494, Rendering layer ScreenCaptureFillLayer at index 0
04-15 09:53:13.288  1151  1206 D RenderEngine: [SEC_SF_EFFECTS] drawLayersInternal,1494, Rendering layer com.catfact.app.test/androidx.test.core.app.InstrumentationActivityInvoker$EmptyActivity$_18638#18432 at index 1
04-15 09:53:13.288  1151  1206 D RenderEngine: [SEC_SF_EFFECTS] drawLayersInternal,1494, Rendering layer Splash Screen com.catfact.app.test$_2000#18425 at index 2
04-15 09:53:13.292  1542  2477 I WindowManager: Relayout Window{32609eb u0 Splash Screen com.catfact.app.test}: viewVisibility=8 req=720x1544 ty=3 d0
04-15 09:53:13.292  1151  1151 D SurfaceFlinger: Display 4633128672291735999 HWC layers:
04-15 09:53:13.292  1151  1151 D SurfaceFlinger:        DEVICE |           80049600462860 | 00002102 | RGBA_8888    |    0.0    0.0  720.0 1540.0 |    0    4  720 1544 | com.catfact.app.test/androidx.test.c[...]tyInvoker$EmptyActivity$_18638#18432 (1)
04-15 09:53:13.292  1151  1151 D SurfaceFlinger:        DEVICE |            8589934655755 | 00002100 | RGBA_8888    |    0.0    0.0  720.0 1544.0 |    0    0  720 1544 | Splash Screen com.catfact.app.test$_2000#18425 (4)
04-15 09:53:13.292  1151  1151 D SurfaceFlinger:        DEVICE |            8589934654704 | 00002100 | RGBA_8888    |    0.0    0.0  720.0   50.0 |    0    0  720   50 | StatusBar$_2000#102 (26099)
04-15 09:53:13.292  1151  1151 D SurfaceFlinger:        DEVICE |           10569914518889 | 00002100 | RGBA_8888    |    0.0    0.0   67.0  353.0 |  653  192  720  545 | com.sec.android.app.launcher/com.sam[...]l.app.CocktailBarService$_2461#16495 (1)
04-15 09:53:13.292  1151  1151 D SurfaceFlinger:        DEVICE |            8589934654705 | 00002100 | RGBA_8888    |    0.0    0.0  720.0   90.0 |    0 1454  720 1544 | NavigationBar0$_2000#98 (16900)
04-15 09:53:13.292  1151  1151 D SurfaceFlinger:
04-15 09:53:13.293  1542  2477 D SurfaceComposerClient: setCornerRadius ## 961a587 Splash Screen com.google.android.calendar#18438 cornerRadius=0.000000
04-15 09:53:13.293  1151  1151 I SurfaceFlinger: destroyed DimTransitionLayer for Surface(name=Task=3869)/@0x52aaf18#18427
04-15 09:53:13.293  1151  1200 I SurfaceFlinger: id=18441 createSurf, flag=24000, Surface(name=3edafdc StatusBar)/@0x3b919ed - animation-leash of insets_animation#18441
04-15 09:53:13.294  1151  1151 I Layer   : id=18427 Destroyed DimTransitionLayer for Surface(name=Task=3869)/@0x52aaf18#18427
04-15 09:53:13.295  1151  1200 I SurfaceFlinger: id=18442 createSurf, flag=24000, Surface(name=8c5cec7 NavigationBar0)/@0xa68870 - animation-leash of insets_animation#18442
04-15 09:53:13.296  1542  2477 D SurfaceComposerClient: setCornerRadius ## 961a587 Splash Screen com.google.android.calendar#18438 cornerRadius=0.000000
04-15 09:53:13.297  1542  2477 I WindowManager: Relayout hash=32609eb, pid=2000, syncId=-1: mAttrs={(0,0)(fillxfill) sim={adjust=pan} layoutInDisplayCutoutMode=always ty=APPLICATION_STARTING fmt=TRANSLUCENT
04-15 09:53:13.297  1542  2477 I WindowManager:   fl=81030118
04-15 09:53:13.297  1542  2477 I WindowManager:   pfl=10000810
04-15 09:53:13.297  1542  2477 I WindowManager:   apr=18
04-15 09:53:13.297  1542  2477 I WindowManager:   bhv=1
04-15 09:53:13.297  1542  2477 I WindowManager:   fitSides=0
04-15 09:53:13.297  1542  2477 I WindowManager:   frameRateBoostOnTouch=true
04-15 09:53:13.297  1542  2477 I WindowManager:   dvrrWindowFrameRateHint=true naviIconColor=0}
04-15 09:53:13.297  1151  1151 I SurfaceFlinger: [Surface(name=3edafdc StatusBar)/@0x3b919ed - animation-leash of insets_animation#18441] attach to parent LayerHierarchy{RequestedLayerState{WindowToken{7a8fc4f type=2000 android.os.BinderProxy@a9d7329}#94 parentId=17} 2 children}
04-15 09:53:13.297  1151  1151 I SurfaceFlinger: [Surface(name=8c5cec7 NavigationBar0)/@0xa68870 - animation-leash of insets_animation#18442] attach to parent LayerHierarchy{RequestedLayerState{WindowToken{fc018e2 type=2019 android.os.BinderProxy@bda3ac4}#90 parentId=34} 2 children}
04-15 09:53:13.298  1218  6568 I CameraService: onUidStateChanged: uid=10048, procState is changed. (1 -> 0)
04-15 09:53:13.298  2000  2000 D SamsungLightBarControlHelper: updateStatusBar (WHITE icon) numStacks:1, StatusBarMode:MODE_TRANSPARENT, lightBarBounds:[], StatusBarState:SHADE, packageName:, isWhiteKeyguardStatusBar:false
04-15 09:53:13.299  2000  2000 D SamsungLightBarControlHelper: onStatusBarAppearanceChanged() -  sbModeChanged:false, statusBarMode:0, barState:MODE_TRANSPARENT, isKeyguardShowing:false, navbarColorManagedByIme:false, (AppearanceRegion{ bounds=[0,0][720,1544]}, )
04-15 09:53:13.299  2000  2000 D NavigationBar: onSystemBarAttributesChanged() -  displayId:0, appearance:0, packageName: com.google.android.calendar, navbarColorManagedByIme:false
04-15 09:53:13.299 18572 18572 I VRI[MainActivity]@22ae84b: handleAppVisibility mAppVisible = true visible = false
04-15 09:53:13.299  2000  2000 D SamsungLightBarControlHelper: updateNavigationBar (WHITE button) isLightOpaque:false, hasLightNavigationBarFlag:false, packageName:com.google.android.calendar, DirectReplying:false, NavBarColorMangedByIme:false, ForceDarkForScrim:false, ForceLightForScrim:false, QsCustomizing:false, QsExpanded:false
04-15 09:53:13.299 18572 18572 D VRI[MainActivity]@22ae84b: visibilityChanged oldVisibility=true newVisibility=false
04-15 09:53:13.300  2000  2105 I SurfaceControlRegistry: show, t=StartTransaction_SyncId<1648> sc=Transition Root: Task=3801, caller=android.view.SurfaceControl$Transaction.show:3557 com.android.wm.shell.transition.Transitions.playTransition:79 com.android.wm.shell.transition.Transitions.processReadyQueue:239 com.android.wm.shell.transition.Transitions.onFinish:528 com.android.wm.shell.transition.Transitions$$ExternalSyntheticLambda7.onTransitionFinished:12 com.android.wm.shell.transition.DefaultTransitionHandler$$ExternalSyntheticLambda2.run:36
04-15 09:53:13.300  2000  2120 I VRI[test]@97e22e7: onActiveControlsChanged, removed=false, mAdded=true, caller=android.view.ViewRootImpl.handleInsetsControlChanged:3002 android.view.ViewRootImpl.relayoutWindow:11629 android.view.ViewRootImpl.performTraversals:4804 android.view.ViewRootImpl.doTraversal:3924 android.view.ViewRootImpl$TraversalRunnable.run:12903
04-15 09:53:13.301  2000  2120 E BLASTBufferQueue: [VRI[test]@97e22e7#832](f:0,a:1) Applying pending transactions on dtor 1
04-15 09:53:13.302  1542  1585 D SurfaceComposerClient: setCornerRadius ## 961a587 Splash Screen com.google.android.calendar#18438 cornerRadius=0.000000
04-15 09:53:13.302  2185  2639 D IpClient/wlan0: addressUpdated: fd4c:4b32:3031:0:e889:d8ff:fe82:aeed/64 on ifindex 25 flags 0x00000100 scope 0
04-15 09:53:13.303  2185  2639 D IpClient/wlan0: addressUpdated: fd4c:4b32:3031:0:653:bbf3:6190:b847/64 on ifindex 25 flags 0x00000001 scope 0
04-15 09:53:13.303  2185  2639 W AlarmManager: Unrecognized alarm listener com.android.networkstack.android.net.ip.IpClientLinkObserver$Dhcp6PdPreferredPrefixAlarmListener@f30c542
04-15 09:53:13.303  2185  2639 D IpClient/wlan0: addressUpdated: 2a02:a45d:3d16:0:e889:d8ff:fe82:aeed/64 on ifindex 25 flags 0x00000100 scope 0
04-15 09:53:13.303  2185  2639 D IpClient/wlan0: addressUpdated: 2a02:a45d:3d16:0:ac7:e88c:3bbc:7a4e/64 on ifindex 25 flags 0x00000001 scope 0
04-15 09:53:13.303  2185  2639 W AlarmManager: Unrecognized alarm listener com.android.networkstack.android.net.ip.IpClientLinkObserver$Dhcp6PdPreferredPrefixAlarmListener@f30c542
04-15 09:53:13.303  2185  2639 D ApfFilter: (wlan0): Ignoring RA RA fe80::6e99:61ff:feee:1330 -> ff02::1 180s fd4c:4b32:3031::/64 900s/300s 2a02:a45d:3d16::/64 86400s/600s DNS 60s 2a02:a45d:3d16:0:6e99:61ff:feee:1330  which matches RA fe80::6e99:61ff:feee:1330 -> ff02::1 180s fd4c:4b32:3031::/64 900s/300s 2a02:a45d:3d16::/64 86400s/600s DNS 60s 2a02:a45d:3d16:0:6e99:61ff:feee:1330
04-15 09:53:13.305  1151  1151 I SurfaceFlinger: RequestedLayer [com.catfact.app/com.catfact.app.MainActivity$_18572#18417] hidden!! flag  from(0) --> to(1)
04-15 09:53:13.305  1151  1151 I SurfaceFlinger: RequestedLayer [ActivityRecord{121428864 u0 com.catfact.app/.MainActivity t3868}#18407] hidden!! flag  from(0) --> to(1)
04-15 09:53:13.305  1151  1151 I SurfaceFlinger: RequestedLayer [Splash Screen com.catfact.app.test$_2000#18425] hidden!! flag  from(0) --> to(1)
04-15 09:53:13.305  1151  1151 I SurfaceFlinger: RequestedLayer [Task=3801#16292] hidden!! flag  from(1) --> to(0)
04-15 09:53:13.306  1151  1151 I SurfaceFlinger: [LayerHierarchy{RequestedLayerState{8c5cec7 NavigationBar0#91 parentId=18442} 1 children}] reparent to LayerHierarchy{RequestedLayerState{Surface(name=8c5cec7 NavigationBar0)/@0xa68870 - animation-leash of insets_animation#18442 parentId=90} 1 children}
04-15 09:53:13.306  1151  1151 I SurfaceFlinger: [LayerHierarchy{RequestedLayerState{3edafdc StatusBar#95 parentId=18441} 1 children}] reparent to LayerHierarchy{RequestedLayerState{Surface(name=3edafdc StatusBar)/@0x3b919ed - animation-leash of insets_animation#18441 parentId=94} 1 children}
04-15 09:53:13.306  1151  1151 I SurfaceFlinger: [LayerHierarchy{RequestedLayerState{Surface(name=8c5cec7 NavigationBar0)/@0xa68870 - animation-leash of insets_animation#18437} no children}] reparent to OffscreenRoot
04-15 09:53:13.306  1151  1151 I SurfaceFlinger: [LayerHierarchy{RequestedLayerState{Surface(name=8c5cec7 NavigationBar0)/@0xa68870 - animation-leash of insets_animation#18437} no children}] RelativeParent to null
04-15 09:53:13.306  1151  1151 I SurfaceFlinger: [LayerHierarchy{RequestedLayerState{Transition Root: Task=3869#18426 z=14} no children}] reparent to OffscreenRoot
04-15 09:53:13.306  1151  1151 I SurfaceFlinger: [LayerHierarchy{RequestedLayerState{Transition Root: Task=3869#18426 z=14} no children}] RelativeParent to null
04-15 09:53:13.306  1151  1151 I SurfaceFlinger: [LayerHierarchy{RequestedLayerState{Surface(name=3edafdc StatusBar)/@0x3b919ed - animation-leash of insets_animation#18436} no children}] reparent to OffscreenRoot
04-15 09:53:13.306  1151  1151 I SurfaceFlinger: [LayerHierarchy{RequestedLayerState{Surface(name=3edafdc StatusBar)/@0x3b919ed - animation-leash of insets_animation#18436} no children}] RelativeParent to null
04-15 09:53:13.306  1542  2477 D SyncManager: userId - 0 auto - true
04-15 09:53:13.309  1151  1151 I SurfaceFlinger: id=18426 Removed Transition Root: Task=3869#18426 (200)
04-15 09:53:13.310  1151  1199 I SurfaceFlinger: id=18436 Removed Surface(name=3edafdc StatusBar)/@0x3b919ed - animation-leash of insets_animation#18436 (200)
04-15 09:53:13.310  1151  1199 I SurfaceFlinger: id=18437 Removed Surface(name=8c5cec7 NavigationBar0)/@0xa68870 - animation-leash of insets_animation#18437 (200)
04-15 09:53:13.310  1027  1067 W Netd    : No subsystem found in netlink event
04-15 09:53:13.314  2000  2120 I VRI[test]@97e22e7: Relayout returned: old=(0,0,720,1544) new=(0,0,720,1544) relayoutAsync=false req=(720,1544)8 dur=26 res=0x2 s={false 0x0} ch=true seqId=0
04-15 09:53:13.315  2000  2120 D VRI[test]@97e22e7: Not drawing due to not visible. Reason=View.GONE
04-15 09:53:13.315  2000  2120 I VRI[test]@97e22e7: dispatchDetachedFromWindow
04-15 09:53:13.315  1542  4001 I SemDvfsHyPerManager: acquire hyper - AMS_RESUME_TAIL/1542@22, type = -999
04-15 09:53:13.315  1542  4001 I SemDvfsHyPerManager: acquire hyper - AMS_ACT_LAZY/1542@23, type = -999
04-15 09:53:13.315  1542  4001 D InputTransport: Input channel destroyed: '32609eb', fd=1041
04-15 09:53:13.316  1542  4001 D SurfaceComposerClient: setCornerRadius ## 961a587 Splash Screen com.google.android.calendar#18438 cornerRadius=0.000000
04-15 09:53:13.316  1151  1151 D SurfaceFlinger: Display 4633128672291735999 HWC layers:
04-15 09:53:13.316  1151  1151 D SurfaceFlinger:        DEVICE |           80049600462860 | 00002102 | RGBA_8888    |    0.0    0.0  720.0 1544.0 |    0    0  720 1544 | com.catfact.app.test/androidx.test.c[...]tyInvoker$EmptyActivity$_18638#18432 (1)
04-15 09:53:13.316  1151  1151 D SurfaceFlinger:        DEVICE |            8589934654687 | 00002100 | RGBA_8888    |    0.0    0.0  720.0   50.0 |    0    0  720   50 | StatusBar$_2000#102 (26102)
04-15 09:53:13.316  1151  1151 D SurfaceFlinger:        DEVICE |           10569914518889 | 00002100 | RGBA_8888    |    0.0    0.0   67.0  353.0 |  653  192  720  545 | com.sec.android.app.launcher/com.sam[...]l.app.CocktailBarService$_2461#16495 (1)
04-15 09:53:13.316  1151  1151 D SurfaceFlinger:        DEVICE |            8589934654693 | 00002100 | RGBA_8888    |    0.0    0.0  720.0   90.0 |    0 1454  720 1544 | NavigationBar0$_2000#98 (16903)
04-15 09:53:13.316  1151  1151 D SurfaceFlinger:
04-15 09:53:13.316  1542  4001 D SurfaceComposerClient: setCornerRadius ## 961a587 Splash Screen com.google.android.calendar#18438 cornerRadius=0.000000
04-15 09:53:13.316  2000  2120 D InputTransport: Input channel destroyed: '32609eb', fd=688
04-15 09:53:13.317  1151  1151 I SurfaceFlinger: destroyed Surface(name=8c5cec7 NavigationBar0)/@0xa68870 - animation-leash of insets_animation#18437
04-15 09:53:13.317  1151  1151 I SurfaceFlinger: destroyed Transition Root: Task=3869#18426
04-15 09:53:13.317  1151  1151 I SurfaceFlinger: destroyed Surface(name=3edafdc StatusBar)/@0x3b919ed - animation-leash of insets_animation#18436
04-15 09:53:13.317  1151  1200 I SurfaceFlinger: id=18443 createSurf, flag=20004, DimTransitionLayer for Surface(name=Task=3869)/@0x3f020b5#18443
04-15 09:53:13.318  1542  1585 D SurfaceComposerClient: setCornerRadius ## 961a587 Splash Screen com.google.android.calendar#18438 cornerRadius=0.000000
04-15 09:53:13.319  1151  1151 I Layer   : id=18437 Destroyed Surface(name=8c5cec7 NavigationBar0)/@0xa68870 - animation-leash of insets_animation#18437
04-15 09:53:13.319  2000  2105 I SurfaceControlRegistry: show, t=StartTransaction_SyncId<1648> sc=DimTransitionLayer for Surface(name=Task=3869)/@0x3f020b5, caller=android.view.SurfaceControl$Transaction.show:3557 com.android.wm.shell.transition.DefaultTransitionHandler.startAnimation:2931 com.android.wm.shell.transition.Transitions.dispatchTransition:90 com.android.wm.shell.transition.Transitions.playTransition:774 com.android.wm.shell.transition.Transitions.processReadyQueue:239 com.android.wm.shell.transition.Transitions.onFinish:528
04-15 09:53:13.319  1151  1151 I Layer   : id=18426 Destroyed Transition Root: Task=3869#18426
04-15 09:53:13.319  1151  1151 I Layer   : id=18436 Destroyed Surface(name=3edafdc StatusBar)/@0x3b919ed - animation-leash of insets_animation#18436
04-15 09:53:13.319  2000  2120 I VRI[calendar]@4841f90: onActiveControlsChanged, removed=false, mAdded=true, caller=android.view.ViewRootImpl.handleInsetsControlChanged:3002 android.view.ViewRootImpl$ViewRootHandler.handleMessageImpl:8352 android.view.ViewRootImpl$ViewRootHandler.handleMessage:8301 android.os.Handler.dispatchMessage:110 android.os.Looper.loopOnce:273
04-15 09:53:13.320  2000  2120 I InsetsSourceConsumer: applyRequestedVisibilityToControl: visible=true, type=statusBars, host=Splash Screen com.google.android.calendar
04-15 09:53:13.321  1059  1180 I HYPER-HAL: [RequestManager.cpp]acquire(): Acquired ID : 1223852  [1542 / 22]    HINT : AMS_RESUME_TAIL    list :
04-15 09:53:13.321  2000  2120 I InsetsSourceConsumer: applyRequestedVisibilityToControl: visible=true, type=navigationBars, host=Splash Screen com.google.android.calendar
04-15 09:53:13.322  2000  2120 I VRI[test]@97e22e7: onActiveControlsChanged, removed=true, mAdded=false, caller=android.view.ViewRootImpl.handleInsetsControlChanged:3002 android.view.ViewRootImpl$ViewRootHandler.handleMessageImpl:8352 android.view.ViewRootImpl$ViewRootHandler.handleMessage:8301 android.os.Handler.dispatchMessage:110 android.os.Looper.loopOnce:273
04-15 09:53:13.323  2000  2105 I SurfaceControlRegistry: apply, t=StartTransaction_SyncId<1648>, caller=android.view.SurfaceControl$Transaction.apply:3459 android.view.SurfaceControl$Transaction.apply:3447 android.view.SurfaceControl$Transaction.apply:3397 com.android.wm.shell.transition.DefaultTransitionHandler.startAnimation:3387 com.android.wm.shell.transition.Transitions.dispatchTransition:90 com.android.wm.shell.transition.Transitions.playTransition:774
04-15 09:53:13.324  1542  1585 D SurfaceComposerClient: setCornerRadius ## 961a587 Splash Screen com.google.android.calendar#18438 cornerRadius=0.000000
04-15 09:53:13.324  1151  1151 I SurfaceFlinger: [DimTransitionLayer for Surface(name=Task=3869)/@0x3f020b5#18443] attach to parent LayerHierarchy{RequestedLayerState{Transition Root: Task=3801#18440 parentId=10} 1 children}
04-15 09:53:13.326  1059  1180 I HYPER-HAL: [ResourceManager.cpp]removeResource(): [CPULittleMinFreq] RemoveResource Request ID : 1233263
04-15 09:53:13.327  1059  1180 I HYPER-HAL: [RequestManager.cpp]releaseLocked(): Released ID : 1233263
04-15 09:53:13.331  1151  1151 I SurfaceFlinger: RequestedLayer [961a587 Splash Screen com.google.android.calendar#18438] hidden!! flag  from(1) --> to(0)
04-15 09:53:13.331  1151  1151 I SurfaceFlinger: RequestedLayer [Splash Screen com.google.android.calendar$_2000#18439] hidden!! flag  from(1) --> to(0)
04-15 09:53:13.331  1151  1151 I SurfaceFlinger: RequestedLayer [Transition Root: Task=3801#18440] hidden!! flag  from(1) --> to(0)
04-15 09:53:13.331  1151  1151 I SurfaceFlinger: RequestedLayer [ActivityRecord{243114305 u0 com.goog[...]llInOneCalendarActivity t3801}#16293] hidden!! flag  from(1) --> to(0)
04-15 09:53:13.331  1151  1151 I SurfaceFlinger: RequestedLayer [DimTransitionLayer for Surface(name=Task=3869)/@0x3f020b5#18443] hidden!! flag  from(1) --> to(0)
04-15 09:53:13.331  1151  1151 E SurfaceFlinger: alpha changed 1.000 -> 0.000 - DimTransitionLayer for Surface(name=Task=3869)/@0x3f020b5#18443
04-15 09:53:13.331  2216  2216 I EPDG -- SIM0 [EpdgIntfCont]: sendInterfaceMessage, not mobile, ignore
04-15 09:53:13.331  2216  2216 I EPDG -- SIM0 [EpdgIntfCont]: sendInterfaceMessage, not mobile, ignore
04-15 09:53:13.331  2216  2216 I EPDG -- SIM0 [EpdgIntfCont]: sendInterfaceMessage, not mobile, ignore
04-15 09:53:13.331  2216  2216 I EPDG -- SIM1 [EpdgIntfCont]: sendInterfaceMessage, not mobile, ignore
04-15 09:53:13.331  1151  1151 I SurfaceFlinger: [LayerHierarchy{RequestedLayerState{Task=3801#16292 parentId=18440 z=3} 1 children}] reparent to LayerHierarchy{RequestedLayerState{Transition Root: Task=3801#18440 parentId=10 z=14} 2 children}
04-15 09:53:13.331  2216  2216 I EPDG -- SIM1 [EpdgIntfCont]: sendInterfaceMessage, not mobile, ignore
04-15 09:53:13.331  2216  2216 I EPDG -- SIM1 [EpdgIntfCont]: sendInterfaceMessage, not mobile, ignore
04-15 09:53:13.331  1151  1151 I SurfaceFlinger: [LayerHierarchy{RequestedLayerState{Task=3869#18422 parentId=18440 z=4} 1 children}] reparent to LayerHierarchy{RequestedLayerState{Transition Root: Task=3801#18440 parentId=10 z=14} 3 children}
04-15 09:53:13.331  2216  2216 I EPDG -- SIM1 [EpdgIntfCont]: sendInterfaceMessage, not mobile, ignore
04-15 09:53:13.331  2216  2216 I EPDG -- SIM0 [EpdgIntfCont]: sendInterfaceMessage, not mobile, ignore
04-15 09:53:13.331  1151  1151 I SurfaceFlinger: [LayerHierarchy{RequestedLayerState{DimTransitionLayer for Surface(name=Task=3869)/@0x3f020b5#18443 parentId=18440 relativeParentId=18422 z=-1} no children}] RelativeParent to LayerHierarchy{RequestedLayerState{Task=3869#18422 parentId=18440 z=4} 2 children}
04-15 09:53:13.331  1542  3015 I NSLocationMonitor: getGPSUsingApps() called
04-15 09:53:13.333  2982  6680 I NSLocationManager_FLP: getGPSUsingApps, No change
04-15 09:53:13.337 18572 18596 D HWUI    : CacheManager::trimMemory(20)
04-15 09:53:13.338  2461  4419 I HoneySpace.RecentTasks: onRecentTasksChanged
04-15 09:53:13.338  1151  1151 E SurfaceFlinger: alpha changed 0.000 -> 0.180 - DimTransitionLayer for Surface(name=Task=3869)/@0x3f020b5#18443
04-15 09:53:13.338  1151  1151 I SurfaceFlinger: [LayerHierarchy{RequestedLayerState{Surface(name=a10effd com.catfact.app.test/androidx.test.core.app.InstrumentationActivityInvoker$EmptyActivity)/@0x9798716 - animation-leash of starting_reveal#18435} 1 children}] reparent to OffscreenRoot
04-15 09:53:13.338  3963  4335 I SemDvfsHyPerManager: acquire hyper - BaseTABoost/3963@25, type = -999
04-15 09:53:13.338  1151  1151 I SurfaceFlinger: [LayerHierarchy{RequestedLayerState{Surface(name=a10effd com.catfact.app.test/androidx.test.core.app.InstrumentationActivityInvoker$EmptyActivity)/@0x9798716 - animation-leash of starting_reveal#18435} 1 children}] RelativeParent to null
04-15 09:53:13.338  1151  1151 I SurfaceFlinger: [LayerHierarchy{RequestedLayerState{32609eb Splash Screen com.catfact.app.test#18424 z=2147483647} 1 children}] reparent to OffscreenRoot
04-15 09:53:13.338  1151  1151 I SurfaceFlinger: [LayerHierarchy{RequestedLayerState{32609eb Splash Screen com.catfact.app.test#18424 z=2147483647} 1 children}] RelativeParent to null
04-15 09:53:13.339  1151  1151 I SurfaceFlinger: [LayerHierarchy{RequestedLayerState{Splash Screen com.catfact.app.test$_2000#18425} no children}] reparent to OffscreenRoot
04-15 09:53:13.339  1151  1151 I SurfaceFlinger: [LayerHierarchy{RequestedLayerState{Splash Screen com.catfact.app.test$_2000#18425} no children}] RelativeParent to null
04-15 09:53:13.339  1151  1151 I SurfaceFlinger: [LayerHierarchy{RequestedLayerState{a10effd com.catfact.app.test/androidx.test.core.app.InstrumentationActivityInvoker$EmptyActivity#18428 parentId=18423} 1 children}] reparent to LayerHierarchy{RequestedLayerState{ActivityRecord{57447510 u0 com.catfact.app.test/androidx.test.core.app.InstrumentationActivityInvoker$EmptyActivity t3869}#18423 parentId=18422} 2 children}
04-15 09:53:13.339  1059  1180 I HYPER-HAL: [RequestManager.cpp]acquire(): Acquired ID : 7954091  [3963 / 25]    HINT :      list : [TABoost / 1]
04-15 09:53:13.340  1151  1151 I SurfaceFlinger: id=18425 Removed Splash Screen com.catfact.app.test$_2000#18425 (198)
04-15 09:53:13.343  1542  3802 I WindowManager: Relayout Window{27c92d4 u0 com.catfact.app/com.catfact.app.MainActivity}: viewVisibility=8 req=720x1544 ty=1 d0
04-15 09:53:13.344  1542  3802 D SurfaceComposerClient: setCornerRadius ## 961a587 Splash Screen com.google.android.calendar#18438 cornerRadius=0.000000
04-15 09:53:13.344  1542  3802 D SurfaceComposerClient: setCornerRadius ## 961a587 Splash Screen com.google.android.calendar#18438 cornerRadius=0.000000
04-15 09:53:13.346  1151  1151 I SurfaceFlinger: destroyed Splash Screen com.catfact.app.test$_2000#18425
04-15 09:53:13.346  1151  1151 I Layer   : id=18425 Destroyed Splash Screen com.catfact.app.test$_2000#18425
04-15 09:53:13.346  3979  3988 I ndroid.calendar: Background concurrent mark compact GC freed 33MB AllocSpace bytes, 1(16KB) LOS objects, 66% free, 16MB/48MB, paused 1.583ms,3.986ms total 262.508ms
04-15 09:53:13.347  3979  4808 D HWUI    : CacheManager::trimMemory(20)
04-15 09:53:13.347  1542  2473 D SyncManager: userId - 0 auto - true
04-15 09:53:13.347  1542  3802 I WindowManager: Relayout hash=27c92d4, pid=18572, syncId=-1: mAttrs={(0,0)(fillxfill) sim={adjust=pan forwardNavigation} layoutInDisplayCutoutMode=always ty=BASE_APPLICATION wanim=0x1030317
04-15 09:53:13.347  1542  3802 I WindowManager:   fl=81810100
04-15 09:53:13.347  1542  3802 I WindowManager:   pfl=100088c0
04-15 09:53:13.347  1542  3802 I WindowManager:   bhv=1
04-15 09:53:13.347  1542  3802 I WindowManager:   fitSides=0
04-15 09:53:13.347  1542  3802 I WindowManager:   frameRateBoostOnTouch=true
04-15 09:53:13.347  1542  3802 I WindowManager:   dvrrWindowFrameRateHint=true naviIconColor=0}
04-15 09:53:13.349  1542  4025 D SyncManager: userId - 0 auto - true
04-15 09:53:13.350  3979  4808 D HWUI    : CacheManager::trimMemory(20)
04-15 09:53:13.350  3723 26412 I [AirCmd]_ActivitySwitchDetector: onTaskStackChanged : componentName - ComponentInfo{com.google.android.calendar/com.google.android.calendar.allinone.AllInOneCalendarActivity}
04-15 09:53:13.351 18572 18572 I VRI[MainActivity]@22ae84b: Relayout returned: old=(0,0,720,1544) new=(0,0,720,1544) relayoutAsync=false req=(720,1544)8 dur=7 res=0x2 s={false 0x0} ch=true seqId=0
04-15 09:53:13.351 18572 18572 D VRI[MainActivity]@22ae84b: Not drawing due to not visible. Reason=!mAppVisible && !mForceDecorViewVisibility
04-15 09:53:13.354  3979  3979 D ViewRootImpl: desktopMode is false
04-15 09:53:13.354  3979  3979 I ViewRootImpl: dVRR is disabled
04-15 09:53:13.354  3979  4808 D NativeCustomFrequencyManager: [NativeCFMS] BpCustomFrequencyManager::BpCustomFrequencyManager()
04-15 09:53:13.355  1542  3802 D InputTransport: Input channel constructed: '97bb147', fd=1041
04-15 09:53:13.355  1542  3802 D InputTransport: Input channel constructed: '97bb147', fd=1248
04-15 09:53:13.355  1542  3802 D InputTransport: Input channel constructed: '97bb147', fd=1280
04-15 09:53:13.355  1542  3802 D InputTransport: Input channel destroyed: '97bb147', fd=1248
04-15 09:53:13.356  1151  1199 I SurfaceFlinger: id=18444 createSurf, flag=84004, 97bb147 com.google.android.calendar/com.google.android.calendar.allinone.AllInOneCalendarActivity#18444
04-15 09:53:13.357  1542  3802 D InputTransport: Input channel destroyed: '97bb147', fd=1280
04-15 09:53:13.357  3979  3979 D InputTransport: Input channel constructed: '97bb147', fd=170
04-15 09:53:13.358  1542  3015 I NSLocationMonitor: getGPSUsingApps() called
04-15 09:53:13.358  2982  6680 I NSLocationManager_FLP: getGPSUsingApps, No change
04-15 09:53:13.358  3979  3979 I InsetsController: onStateChanged: host=com.google.android.calendar/com.google.android.calendar.allinone.AllInOneCalendarActivity, from=android.view.ViewRootImpl.onInsetsStateChanged:3026, state=InsetsState: {mDisplayFrame=Rect(0, 0 - 720, 1544), mDisplayCutout=DisplayCutout{insets=Rect(0, 50 - 0, 0) waterfall=Insets{left=0, top=0, right=0, bottom=0} boundingRect={Bounds=[Rect(0, 0 - 0, 0), Rect(341, 0 - 379, 50), Rect(0, 0 - 0, 0), Rect(0, 0 - 0, 0)]} cutoutPathParserInfo={CutoutPathParserInfo{displayWidth=720 displayHeight=1544 physicalDisplayWidth=720 physicalDisplayHeight=1544 density={1.875} cutoutSpec={M 0,0 H -10 V 26.66666666666667 H 10 V 0 H 0 Z @dp} rotation={0} scale={1.0} physicalPixelDisplaySizeRatio={1.0}}} sideOverrides={}}, mRoundedCorners=RoundedCorners{[RoundedCorner{position=TopLeft, radius=8, center=Point(8, 8)}, RoundedCorner{position=TopRight, radius=8, center=Point(712, 8)}, RoundedCorner{position=BottomRight, radius=8, center=Point(712, 1536)}, RoundedCorner{position=BottomLeft, radius=8, center=Point(8, 1536)}]}  mRoundedCornerFrame=Rect(0, 0 - 720, 1544), mPrivacyIndicatorBounds=PrivacyIndicatorBounds {static bounds=Rect(637, 0 - 720, 50) rotation=0}, mDisplayShape=DisplayShape{ spec=-311912193 displayWidth=720 displayHeight=1544 physicalPixelDisplaySizeRatio=0.5 rotation=0 offsetX=0 offsetY=0 scale=1.0}, mSources= { InsetsSource: {ec730001 mType=navigationBars mFrame=[0,1454][720,1544] mVisible=true mFlags= mSideHint=BOTTOM mBoundingRects=null}, InsetsSource: {ec730004 mType=systemGestures mFrame=[0,0][0,0] mVisible=true mFlags= mSideHint=NONE mBoundingRects=null}, InsetsSource: {ec730005 mType=mandatorySystemGestures mFrame=[0,1454][720,1544] mVisible=true mFlags= mSideHint=BOTTOM mBoundingRects=null}, InsetsSource: {ec730006 mType=tappableElement mFrame=[0,1454][720,1544] mVisible=true mFlags= mSideHint=BOTTOM mBoundingRects=null}, InsetsSource: {ec730024 mType=systemGestures mFrame=[0,0][0,0] mVisible=true mFlags= mSideHint=NONE mBoundingRects=null}, InsetsSource: {3 mType=ime mFrame=[0,0][0,0] mVisible=false mFlags= mSideHint=NONE mBoundingRects=null}, InsetsSource: {27 mType=displayCutout mFrame=[0,0][720,50] mVisible=true mFlags= mSideHint=TOP mBoundingRects=null}, InsetsSource: {43950000 mType=statusBars mFrame=[0,0][720,50] mVisible=true mFlags= mSideHint=TOP mBoundingRects=null}, InsetsSource: {43950005 mType=mandatorySystemGestures mFrame=[0,0][720,73] mVisible=true mFlags= mSideHint=TOP mBoundingRects=null}, InsetsSource: {43950006 mType=tappableElement mFrame=[0,0][720,50] mVisible=true mFlags= mSideHint=TOP mBoundingRects=null} }
04-15 09:53:13.360  3979  3979 I VRI[AllInOneCalendarActivity]@aee126e: synced displayState. AttachInfo displayState=2
04-15 09:53:13.360  3979  3979 I VRI[AllInOneCalendarActivity]@aee126e: setView = com.android.internal.policy.DecorView@695f7a5 IsHRR=false mFlingFrameRateChange=0 TM=true
04-15 09:53:13.363  1151  1151 D SurfaceFlinger: Display 4633128672291735999 HWC layers:
04-15 09:53:13.363  1151  1151 D SurfaceFlinger:        DEVICE |            8589934655763 | 00002100 | RGBA_8888    |  219.0    0.0  720.0 1544.0 |    0    0  501 1544 | Splash Screen com.google.android.calendar$_2000#18439 (1)
04-15 09:53:13.363  1151  1151 D SurfaceFlinger:   SOLID_COLOR |                        0 | 00000000 | N/A          |    0.0    0.0    0.0    0.0 |    0    0  720 1544 | DimTransitionLayer for Surface(name=Task=3869)/@0x3f020b5#18443 (0)
04-15 09:53:13.363  1151  1151 D SurfaceFlinger:        DEVICE |           80049600462860 | 00002102 | RGBA_8888    |    0.0    0.0  699.0 1544.0 |   21    0  720 1544 | com.catfact.app.test/androidx.test.c[...]tyInvoker$EmptyActivity$_18638#18432 (1)
04-15 09:53:13.363  1151  1151 D SurfaceFlinger:        DEVICE |            8589934654742 | 00002100 | RGBA_8888    |    0.0    0.0  720.0   50.0 |    0    0  720   50 | StatusBar$_2000#102 (26108)
04-15 09:53:13.363  1151  1151 D SurfaceFlinger:        DEVICE |           10569914518889 | 00002100 | RGBA_8888    |    0.0    0.0   67.0  353.0 |  653  192  720  545 | com.sec.android.app.launcher/com.sam[...]l.app.CocktailBarService$_2461#16495 (1)
04-15 09:53:13.363  1151  1151 D SurfaceFlinger:        DEVICE |            8589934654691 | 00002100 | RGBA_8
04-15 09:53:13.363  1151  1151 D SurfaceFlinger: 888    |    0.0    0.0  720.0   90.0 |    0 1454  720 1544 | NavigationBar0$_2000#98 (16909)
04-15 09:53:13.363  1151  1151 D SurfaceFlinger:
04-15 09:53:13.364  1151  1151 I SurfaceFlinger: [97bb147 com.google.android.calendar/com.google.android.calendar.allinone.AllInOneCalendarActivity#18444] attach to parent LayerHierarchy{RequestedLayerState{ActivityRecord{243114305 u0 com.google.android.calendar/.allinone.AllInOneCalendarActivity t3801}#16293 parentId=16292} 3 children}
04-15 09:53:13.371  1542  2477 I WindowManager: Relayout Window{97bb147 u0 com.google.android.calendar/com.google.android.calendar.allinone.AllInOneCalendarActivity}: viewVisibility=0 req=720x1544 ty=1 d0
04-15 09:53:13.372  1151  1200 I SurfaceFlinger: id=18445 createSurf, flag=44004, com.google.android.calendar/com.google.android.calendar.allinone.AllInOneCalendarActivity$_3979#18445
04-15 09:53:13.372  1151  1151 I SurfaceFlinger: RequestedLayer [97bb147 com.google.android.calendar/[...]inone.AllInOneCalendarActivity#18444] hidden!! flag  from(1) --> to(0)
04-15 09:53:13.372  1151  1151 I SurfaceFlinger: [com.google.android.calendar/com.google.android.calendar.allinone.AllInOneCalendarActivity$_3979#18445] attach to parent LayerHierarchy{RequestedLayerState{97bb147 com.google.android.calendar/com.google.android.calendar.allinone.AllInOneCalendarActivity#18444 parentId=16293} 1 children}
04-15 09:53:13.373  1542  2477 D SurfaceComposerClient: setCornerRadius ## 961a587 Splash Screen com.google.android.calendar#18438 cornerRadius=0.000000
04-15 09:53:13.374  1542  2477 D SurfaceComposerClient: setCornerRadius ## 97bb147 com.google.android.calendar/com.google.android.calendar.allinone.AllInOneCalendarActivity#18444 cornerRadius=0.000000
04-15 09:53:13.374  1542  2477 D SurfaceComposerClient: setCornerRadius ## 961a587 Splash Screen com.google.android.calendar#18438 cornerRadius=0.000000
04-15 09:53:13.374  1542  2477 D SurfaceComposerClient: setCornerRadius ## 97bb147 com.google.android.calendar/com.google.android.calendar.allinone.AllInOneCalendarActivity#18444 cornerRadius=0.000000
04-15 09:53:13.375  1151  1378 I SurfaceFlinger: id=18446 createSurf, flag=24000, Surface(name=3edafdc StatusBar)/@0x3b919ed - animation-leash of insets_animation#18446
04-15 09:53:13.376  1151  1378 I SurfaceFlinger: id=18447 createSurf, flag=24000, Surface(name=8c5cec7 NavigationBar0)/@0xa68870 - animation-leash of insets_animation#18447
04-15 09:53:13.377  1542  2477 I SystemKeyManager: requested systemKeyInfo size=1 focusedWindow=com.google.android.calendar/com.google.android.calendar.allinone.AllInOneCalendarActivity
04-15 09:53:13.377  1542  2477 I SystemKeyManager: requested systemKeyInfo size=1 focusedWindow=com.google.android.calendar/com.google.android.calendar.allinone.AllInOneCalendarActivity
04-15 09:53:13.377  1542  2477 I WindowManager: Relayout hash=97bb147, pid=3979, syncId=-1: mAttrs={(0,0)(fillxfill) sim={adjust=pan} layoutInDisplayCutoutMode=always ty=BASE_APPLICATION wanim=0x1030317
04-15 09:53:13.377  1542  2477 I WindowManager:   fl=81810100
04-15 09:53:13.377  1542  2477 I WindowManager:   pfl=100088c0
04-15 09:53:13.377  1542  2477 I WindowManager:   vsysui=700
04-15 09:53:13.377  1542  2477 I WindowManager:   bhv=1
04-15 09:53:13.377  1542  2477 I WindowManager:   fitSides=0
04-15 09:53:13.377  1542  2477 I WindowManager:   frameRateBoostOnTouch=true
04-15 09:53:13.377  1542  2477 I WindowManager:   dvrrWindowFrameRateHint=true naviIconColor=0}
04-15 09:53:13.378  3979  3979 I BLASTBufferQueue_Java: new BLASTBufferQueue, mName= VRI[AllInOneCalendarActivity]@aee126e mNativeObject= 0xb40000741c552680 caller= android.view.ViewRootImpl.updateBlastSurfaceIfNeeded:3585 android.view.ViewRootImpl.relayoutWindow:11685 android.view.ViewRootImpl.performTraversals:4804 android.view.ViewRootImpl.doTraversal:3924 android.view.ViewRootImpl$TraversalRunnable.run:12903 android.view.Choreographer$CallbackRecord.run:1901 android.view.Choreographer$CallbackRecord.run:1910 android.view.Choreographer.doCallbacks:1367 android.view.Choreographer.doFrame:1292 android.view.Choreographer$FrameDisplayEventReceiver.run:1870
04-15 09:53:13.378  3979  3979 I BLASTBufferQueue_Java: update, w= 720 h= 1544 mName = VRI[AllInOneCalendarActivity]@aee126e mNativeObject= 0xb40000741c552680 sc.mNativeObject= 0xb40000751c4f7cd0 format= -1 caller= android.view.ViewRootImpl.updateBlastSurfaceIfNeeded:3590 android.view.ViewRootImpl.relayoutWindow:11685 android.view.ViewRootImpl.performTraversals:4804 android.view.ViewRootImpl.doTraversal:3924 android.view.ViewRootImpl$TraversalRunnable.run:12903 android.view.Choreographer$CallbackRecord.run:1901
04-15 09:53:13.379  3979  3979 I VRI[AllInOneCalendarActivity]@aee126e: Relayout returned: old=(0,0,720,1544) new=(0,0,720,1544) relayoutAsync=false req=(720,1544)0 dur=7 res=0x3 s={true 0xb40000748c500510} ch=true seqId=0
04-15 09:53:13.379  3979  3979 I VRI[AllInOneCalendarActivity]@aee126e: performConfigurationChange setNightDimText nightDimLevel=0
04-15 09:53:13.380  3979  3979 D VRI[AllInOneCalendarActivity]@aee126e: mThreadedRenderer.initialize() mSurface={isValid=true 0xb40000748c500510} hwInitialized=true
04-15 09:53:13.380  1151  1151 I SurfaceFlinger: [Surface(name=3edafdc StatusBar)/@0x3b919ed - animation-leash of insets_animation#18446] attach to parent LayerHierarchy{RequestedLayerState{WindowToken{7a8fc4f type=2000 android.os.BinderProxy@a9d7329}#94 parentId=17} 2 children}
04-15 09:53:13.380  1151  1151 I SurfaceFlinger: [Surface(name=8c5cec7 NavigationBar0)/@0xa68870 - animation-leash of insets_animation#18447] attach to parent LayerHierarchy{RequestedLayerState{WindowToken{fc018e2 type=2019 android.os.BinderProxy@bda3ac4}#90 parentId=34} 2 children}
04-15 09:53:13.384  3979  3979 W View    : requestLayout() improperly called by com.google.android.material.textview.MaterialTextView{96366ff V.ED..... ......ID 0,0-194,105 #7f0b01cc app:id/date_picker_text_view} during layout: running second layout pass
04-15 09:53:13.384  3979  3979 D VRI[AllInOneCalendarActivity]@aee126e: reportNextDraw android.view.ViewRootImpl.performTraversals:5443 android.view.ViewRootImpl.doTraversal:3924 android.view.ViewRootImpl$TraversalRunnable.run:12903 android.view.Choreographer$CallbackRecord.run:1901 android.view.Choreographer$CallbackRecord.run:1910
04-15 09:53:13.384  3979  3979 D VRI[AllInOneCalendarActivity]@aee126e: Canceling draw. cancelDueToPreDrawListener=true cancelDueToSync=false
04-15 09:53:13.385  1542  2477 D SyncManager: userId - 0 auto - true
04-15 09:53:13.386  3979  4808 D HWUI    : HWUI - treat SMPTE_170M as sRGB
04-15 09:53:13.389  1151  1151 I SurfaceFlinger: [LayerHierarchy{RequestedLayerState{8c5cec7 NavigationBar0#91 parentId=18447} 1 children}] reparent to LayerHierarchy{RequestedLayerState{Surface(name=8c5cec7 NavigationBar0)/@0xa68870 - animation-leash of insets_animation#18447 parentId=90} 1 children}
04-15 09:53:13.389  1151  1151 I SurfaceFlinger: [LayerHierarchy{RequestedLayerState{3edafdc StatusBar#95 parentId=18446} 1 children}] reparent to LayerHierarchy{RequestedLayerState{Surface(name=3edafdc StatusBar)/@0x3b919ed - animation-leash of insets_animation#18446 parentId=94} 1 children}
04-15 09:53:13.389  1151  1151 I SurfaceFlinger: [LayerHierarchy{RequestedLayerState{Surface(name=8c5cec7 NavigationBar0)/@0xa68870 - animation-leash of insets_animation#18442} no children}] reparent to OffscreenRoot
04-15 09:53:13.389  1151  1151 I SurfaceFlinger: [LayerHierarchy{RequestedLayerState{Surface(name=8c5cec7 NavigationBar0)/@0xa68870 - animation-leash of insets_animation#18442} no children}] RelativeParent to null
04-15 09:53:13.389  1151  1151 I SurfaceFlinger: [LayerHierarchy{RequestedLayerState{Surface(name=3edafdc StatusBar)/@0x3b919ed - animation-leash of insets_animation#18441} no children}] reparent to OffscreenRoot
04-15 09:53:13.389  1151  1151 I SurfaceFlinger: [LayerHierarchy{RequestedLayerState{Surface(name=3edafdc StatusBar)/@0x3b919ed - animation-leash of insets_animation#18441} no children}] RelativeParent to null
04-15 09:53:13.393  3979  3979 I InsetsSourceConsumer: applyRequestedVisibilityToControl: visible=true, type=statusBars, host=com.google.android.calendar/com.google.android.calendar.allinone.AllInOneCalendarActivity
04-15 09:53:13.394  3979  3979 I InsetsSourceConsumer: applyRequestedVisibilityToControl: visible=true, type=navigationBars, host=com.google.android.calendar/com.google.android.calendar.allinone.AllInOneCalendarActivity
04-15 09:53:13.394  3979  3979 D WindowLayoutComponentImpl: Register WindowLayoutInfoListener on Context=com.google.android.calendar.allinone.AllInOneCalendarActivity@154e38a, of which baseContext=cal.ym@1713bf4, of which baseContext=android.app.ContextImpl@330f1d
04-15 09:53:13.397  1151  1338 D SurfaceFlinger: [input] setFocusedWindow: 97bb147 com.google.android.calendar/com.google.android.calendar.allinone.AllInOneCalendarActivity
04-15 09:53:13.397  1542  3802 D InputDispatcher: Once focus requested (0): 97bb147 com.google.android.calendar/com.google.android.calendar.allinone.AllInOneCalendarActivity
04-15 09:53:13.397  1542  3802 D InputDispatcher: Focus request (0): 97bb147 com.google.android.calendar/com.google.android.calendar.allinone.AllInOneCalendarActivity but waiting because NO_WINDOW
04-15 09:53:13.399  2000  2120 I VRI[calendar]@4841f90: onActiveControlsChanged, removed=false, mAdded=true, caller=android.view.ViewRootImpl.handleInsetsControlChanged:3002 android.view.ViewRootImpl$ViewRootHandler.handleMessageImpl:8352 android.view.ViewRootImpl$ViewRootHandler.handleMessage:8301 android.os.Handler.dispatchMessage:110 android.os.Looper.loopOnce:273
04-15 09:53:13.399  1151  1378 I SurfaceFlinger: id=18441 Removed Surface(name=3edafdc StatusBar)/@0x3b919ed - animation-leash of insets_animation#18441 (201)
04-15 09:53:13.399  1151  1378 I SurfaceFlinger: id=18442 Removed Surface(name=8c5cec7 NavigationBar0)/@0xa68870 - animation-leash of insets_animation#18442 (201)
04-15 09:53:13.403  3979 18670 I Kumiho-Kumiho: getPackageName: com.google.android.syncadapters.calendar
04-15 09:53:13.404  3979 18670 I Kumiho-Kumiho: getPackageName: com.google.android.syncadapters.calendar
04-15 09:53:13.405  1151  1151 I SurfaceFlinger: destroyed Surface(name=8c5cec7 NavigationBar0)/@0xa68870 - animation-leash of insets_animation#18442
04-15 09:53:13.405  1151  1151 I SurfaceFlinger: destroyed Surface(name=3edafdc StatusBar)/@0x3b919ed - animation-leash of insets_animation#18441
04-15 09:53:13.407  1151  1151 I Layer   : id=18442 Destroyed Surface(name=8c5cec7 NavigationBar0)/@0xa68870 - animation-leash of insets_animation#18442
