04-15 09:53:13.407  1151  1151 I Layer   : id=18441 Destroyed Surface(name=3edafdc StatusBar)/@0x3b919ed - animation-leash of insets_animation#18441
04-15 09:53:13.409  1542  1882 I SemWifiServiceDetector: Service det. suspended: T / T / 2770
04-15 09:53:13.497  1151  1151 E SurfaceFlinger: alpha changed 0.010 -> 0.000 - DimTransitionLayer for Surface(name=Task=3869)/@0x3f020b5#18443
04-15 09:53:13.504  1151  1151 D SurfaceFlinger: Display 4633128672291735999 HWC layers:
04-15 09:53:13.504  1151  1151 D SurfaceFlinger:        DEVICE |            8589934655763 | 00002100 | RGBA_8888    |   40.0    0.0  720.0 1544.0 |    0    0  680 1544 | Splash Screen com.google.android.calendar$_2000#18439 (1)
04-15 09:53:13.504  1151  1151 D SurfaceFlinger:        DEVICE |           80049600462860 | 00002102 | RGBA_8888    |    0.0    0.0  127.0 1544.0 |  593    0  720 1544 | com.catfact.app.test/androidx.test.c[...]tyInvoker$EmptyActivity$_18638#18432 (1)
04-15 09:53:13.504  1151  1151 D SurfaceFlinger:        DEVICE |            8589934654687 | 00002100 | RGBA_8888    |    0.0    0.0  720.0   50.0 |    0    0  720   50 | StatusBar$_2000#102 (26118)
04-15 09:53:13.504  1151  1151 D SurfaceFlinger:        DEVICE |           10569914518889 | 00002100 | RGBA_8888    |    0.0    0.0   67.0  353.0 |  653  192  720  545 | com.sec.android.app.launcher/com.sam[...]l.app.CocktailBarService$_2461#16495 (1)
04-15 09:53:13.504  1151  1151 D SurfaceFlinger:        DEVICE |            8589934654693 | 00002100 | RGBA_8888    |    0.0    0.0  720.0   90.0 |    0 1454  720 1544 | NavigationBar0$_2000#98 (16919)
04-15 09:53:13.504  1151  1151 D SurfaceFlinger:
04-15 09:53:13.546  2461  2461 I HoneySpace.EdgePanel.EdgeVisibilityRepository: getComputedTrayVisible : keyguardState = 1
04-15 09:53:13.547  2461  2461 I HoneySpace.EdgePanel.EdgeVisibilityRepository: updateTrayVisible: State = 0x1, visible = true, current containerState = 0, specificMode = 0
04-15 09:53:13.547  2461  2461 I HoneySpace.EdgePanel.EdgeVisibilityRepository: Same container state 0
04-15 09:53:13.597  3979  3979 D VRI[AllInOneCalendarActivity]@aee126e: Setup new sync=wmsSync-VRI[AllInOneCalendarActivity]@aee126e#14
04-15 09:53:13.597  3979  3979 I VRI[AllInOneCalendarActivity]@aee126e: Creating new active sync group VRI[AllInOneCalendarActivity]@aee126e#15
04-15 09:53:13.597  3979  3979 D VRI[AllInOneCalendarActivity]@aee126e: Draw frame after cancel
04-15 09:53:13.598  3979  3979 D VRI[AllInOneCalendarActivity]@aee126e: registerCallbacksForSync syncBuffer=false
04-15 09:53:13.598  1144  1154 E HeatmapThread: ECT Thread time in milliseconds: 1776239593
04-15 09:53:13.598  1144  1154 D HeatmapThread: !@ batteryplugType : 0
04-15 09:53:13.598  1144  1154 D HeatmapThread: !@ batteryLevel : 0  batteryTemperature : 0
04-15 09:53:13.598  1144  1154 D HeatmapThread: !@ Heatmap currtime: 29603993
04-15 09:53:13.598  1144  1154 D HeatmapThread: !@ Heatmap prevtime: 29603990
04-15 09:53:13.598  1144  1154 D HeatmapThread: !@ Heatmap plugstarttime: 35791394
04-15 09:53:13.598  1144  1154 D HeatmapThread: !@ Heatmap prevv_dsoh_update_time: 29597770
04-15 09:53:13.599  1144  1154 E HeatmapThread: !@Could not open '/efs/FactoryApp/bsoh', errno = 13
04-15 09:53:13.599  1144  1154 E HeatmapThread: !@ CAM Could not access BSOH EFS
04-15 09:53:13.599  1144  1154 E HeatmapThread: !@ CAM New BSOH: 0
04-15 09:53:13.601  3979  3979 I View    : setRequestedFrameRate frameRate=0.0, this=cal.dfa{55e1cfb VFED..... ........ 0,0-720,1544 aid=1073741885}, caller=android.view.ViewGroup.setRequestedFrameRate:9952 cal.vw$$ExternalSyntheticApiModelOutline1.m:28 cal.dgw.a:1 cal.dfa.dispatchDraw:160 android.view.View.draw:26345
04-15 09:53:13.601  3979  3979 I View    : setRequestedFrameRate frameRate=-4.0, this=android.view.View{3a2174f V.ED..... ......I. 0,0-0,0}, caller=cal.vw$$ExternalSyntheticApiModelOutline1.m:28 cal.dgw.a:1 cal.dfa.dispatchDraw:169 android.view.View.draw:26345 android.view.View.updateDisplayListIfDirty:25175
04-15 09:53:13.604  3979  4869 D VRI[AllInOneCalendarActivity]@aee126e: Received frameDrawingCallback syncResult=0 frameNum=1.
04-15 09:53:13.604  3979  4869 I VRI[AllInOneCalendarActivity]@aee126e: mWNT: t=0xb4000074fc50fd50 mBlastBufferQueue=0xb40000741c552680 fn= 1 HdrRenderState mRenderHdrSdrRatio=1.0 caller= android.view.ViewRootImpl$12.onFrameDraw:15441 android.view.ThreadedRenderer$1.onFrameDraw:718 <bottom of call stack>
04-15 09:53:13.604  3979  4869 I VRI[AllInOneCalendarActivity]@aee126e: Setting up sync and frameCommitCallback
04-15 09:53:13.605  3979  4808 I BLASTBufferQueue: [VRI[AllInOneCalendarActivity]@aee126e#57](f:0,a:0,s:0) onFrameAvailable the first frame is available
04-15 09:53:13.606  3979  4808 I VRI[AllInOneCalendarActivity]@aee126e: Received frameCommittedCallback lastAttemptedDrawFrameNum=1 didProduceBuffer=true
04-15 09:53:13.606  1151  2479 I SurfaceFlinger: [com.google.android.calendar/com.google.android.calendar.allinone.AllInOneCalendarActivity$_3979#18445] setTransactionState with the first frame. bufferData(ID: 17089674871015, frameNumber: 1)
04-15 09:53:13.606  3979  4808 D HWUI    : CFMS:: SetUp Pid : 3979    Tid : 4808
04-15 09:53:13.606  3979  3979 D VRI[AllInOneCalendarActivity]@aee126e: reportDrawFinished seqId=0
04-15 09:53:13.607  1542  1585 D SurfaceComposerClient: setCornerRadius ## 961a587 Splash Screen com.google.android.calendar#18438 cornerRadius=0.000000
04-15 09:53:13.607  1542  1585 D SurfaceComposerClient: setCornerRadius ## 97bb147 com.google.android.calendar/com.google.android.calendar.allinone.AllInOneCalendarActivity#18444 cornerRadius=0.000000
04-15 09:53:13.607  1542  1585 D SurfaceComposerClient: setCornerRadius ## 961a587 Splash Screen com.google.android.calendar#18438 cornerRadius=0.000000
04-15 09:53:13.608  1151  2479 I SurfaceFlinger: id=18448 createSurf, flag=24000, Surface(name=97bb147 com.google.android.calendar/com.google.android.calendar.allinone.AllInOneCalendarActivity)/@0x25bd70c - animation-leash of starting_reveal#18448
04-15 09:53:13.610  1542  1585 D SurfaceComposerClient: setCornerRadius ## 97bb147 com.google.android.calendar/com.google.android.calendar.allinone.AllInOneCalendarActivity#18444 cornerRadius=0.000000
04-15 09:53:13.610  1542  1585 D SurfaceComposerClient: setCornerRadius ## 961a587 Splash Screen com.google.android.calendar#18438 cornerRadius=0.000000
04-15 09:53:13.610  2000  2105 D ShellTaskOrganizer: removeStartingWindow, removalInfo=StartingWindowRemovalInfo{taskId=3801 frame=Rect(0, 0 - 720, 1544) playRevealAnimation=true roundedCornerRadius=0.0 deferRemoveMode=0 windowlessSurface=false removeImmediately=false}
04-15 09:53:13.610  1542  1585 D SurfaceComposerClient: setCornerRadius ## 97bb147 com.google.android.calendar/com.google.android.calendar.allinone.AllInOneCalendarActivity#18444 cornerRadius=0.000000
04-15 09:53:13.610  1542  1585 D SurfaceComposerClient: setCornerRadius ## 961a587 Splash Screen com.google.android.calendar#18438 cornerRadius=0.000000
04-15 09:53:13.610  1542  1585 D SurfaceComposerClient: setCornerRadius ## 97bb147 com.google.android.calendar/com.google.android.calendar.allinone.AllInOneCalendarActivity#18444 cornerRadius=0.000000
04-15 09:53:13.613  1151  1151 I SurfaceFlinger: [Surface(name=97bb147 com.google.android.calendar/com.google.android.calendar.allinone.AllInOneCalendarActivity)/@0x25bd70c - animation-leash of starting_reveal#18448] attach to parent LayerHierarchy{RequestedLayerState{ActivityRecord{243114305 u0 com.google.android.calendar/.allinone.AllInOneCalendarActivity t3801}#16293 parentId=16292} 4 children}
04-15 09:53:13.614  2000  2195 I VRI[calendar]@4841f90: mWNT: t=0xb4000074fc738810 mBlastBufferQueue=0xb40000741d2151e0 fn= 2 HdrRenderState mRenderHdrSdrRatio=1.0 caller= android.view.SyncRtSurfaceTransactionApplier.applyTransaction:100 android.view.SyncRtSurfaceTransactionApplier.lambda$scheduleApply$0:73 android.view.SyncRtSurfaceTransactionApplier.$r8$lambda$afI4fXg3U3-nBZQEDQMiNy-B06s:0
04-15 09:53:13.614  2000  2195 I VRI[calendar]@4841f90: mWNT: t=0xb4000074fc732990 mBlastBufferQueue=0xb40000741d2151e0 fn= 2 HdrRenderState mRenderHdrSdrRatio=1.0 caller= android.view.SyncRtSurfaceTransactionApplier.applyTransaction:100 android.view.SyncRtSurfaceTransactionApplier.lambda$scheduleApply$0:73 android.view.SyncRtSurfaceTransactionApplier.$r8$lambda$afI4fXg3U3-nBZQEDQMiNy-B06s:0
04-15 09:53:13.621  2000  2194 I VRI[calendar]@4841f90: mWNT: t=0xb4000074fc7f9390 mBlastBufferQueue=0xb40000741d2151e0 fn= 3 HdrRenderState mRenderHdrSdrRatio=1.0 caller= android.view.SyncRtSurfaceTransactionApplier.applyTransaction:100 android.view.SyncRtSurfaceTransactionApplier.lambda$scheduleApply$0:73 android.view.SyncRtSurfaceTransactionApplier.$r8$lambda$afI4fXg3U3-nBZQEDQMiNy-B06s:0
04-15 09:53:13.621  1151  1151 I SurfaceFlinger: RequestedLayer [com.google.android.calendar/com.goog[...]AllInOneCalendarActivity$_3979#18445] hidden!! flag  from(1) --> to(0)
04-15 09:53:13.622  1151  1151 I SurfaceFlinger: [LayerHierarchy{RequestedLayerState{97bb147 com.google.android.calendar/com.google.android.calendar.allinone.AllInOneCalendarActivity#18444 parentId=18448} 1 children}] reparent to LayerHierarchy{RequestedLayerState{Surface(name=97bb147 com.google.android.calendar/com.google.android.calendar.allinone.AllInOneCalendarActivity)/@0x25bd70c - animation-leash of starting_reveal#18448 parentId=16293} 1 children}
04-15 09:53:13.625  1542  1585 D SurfaceComposerClient: setCornerRadius ## 961a587 Splash Screen com.google.android.calendar#18438 cornerRadius=0.000000
04-15 09:53:13.625  1542  1585 D SurfaceComposerClient: setCornerRadius ## 97bb147 com.google.android.calendar/com.google.android.calendar.allinone.AllInOneCalendarActivity#18444 cornerRadius=0.000000
04-15 09:53:13.626  1059 18848 I HYPER-HAL: [RequestManager.cpp]releaseLocked(): Released ID : 1223852
04-15 09:53:13.629  2000  2195 I VRI[calendar]@4841f90: mWNT: t=0xb4000074fc8326d0 mBlastBufferQueue=0xb40000741d2151e0 fn= 4 HdrRenderState mRenderHdrSdrRatio=1.0 caller= android.view.SyncRtSurfaceTransactionApplier.applyTransaction:100 android.view.SyncRtSurfaceTransactionApplier.lambda$scheduleApply$0:73 android.view.SyncRtSurfaceTransactionApplier.$r8$lambda$afI4fXg3U3-nBZQEDQMiNy-B06s:0
04-15 09:53:13.630  1151  1151 D SurfaceFlinger: Display 4633128672291735999 HWC layers:
04-15 09:53:13.630  1151  1151 D SurfaceFlinger:        DEVICE |           17089674871014 | 00002102 | RGBA_8888    |    7.0    0.0  720.0 1506.0 |    0   38  713 1544 | com.google.android.calendar/com.goog[...]AllInOneCalendarActivity$_3979#18445 (2)
04-15 09:53:13.630  1151  1151 D SurfaceFlinger:        DEVICE |            8589934655766 | 00002100 | RGBA_8888    |    7.0    0.0  720.0 1544.0 |    0    0  713 1544 | Splash Screen com.google.android.calendar$_2000#18439 (2)
04-15 09:53:13.630  1151  1151 D SurfaceFlinger:        DEVICE |           80049600462860 | 00002102 | RGBA_8888    |    0.0    0.0   22.0 1544.0 |  698    0  720 1544 | com.catfact.app.test/androidx.test.c[...]tyInvoker$EmptyActivity$_18638#18432 (1)
04-15 09:53:13.630  1151  1151 D SurfaceFlinger:        DEVICE |            8589934654687 | 00002100 | RGBA_8888    |    0.0    0.0  720.0   50.0 |    0    0  720   50 | StatusBar$_2000#102 (26118)
04-15 09:53:13.630  1151  1151 D SurfaceFlinger:        DEVICE |           10569914518889 | 00002100 | RGBA_8888    |    0.0    0.0   67.0  353.0 |  653  192  720  545 | com.sec.android.app.launcher/com.sam[...]l.app.CocktailBarService$_2461#16495 (1)
04-15 09:53:13.630  1151  1151 D SurfaceFlinger:        DEVICE |            8589934654693 | 000
04-15 09:53:13.630  1151  1151 D SurfaceFlinger: 02100 | RGBA_8888    |    0.0    0.0  720.0   90.0 |    0 1454  720 1544 | NavigationBar0$_2000#98 (16919)
04-15 09:53:13.630  1151  1151 D SurfaceFlinger:
04-15 09:53:13.630  1542  2473 D InputDispatcher: Focus entered window (0): 97bb147 com.google.android.calendar/com.google.android.calendar.allinone.AllInOneCalendarActivity
04-15 09:53:13.632  3979  3979 D VRI[AllInOneCalendarActivity]@aee126e: mThreadedRenderer.initializeIfNeeded()#2 mSurface={isValid=true 0xb40000748c500510}
04-15 09:53:13.632 18572 18572 D ConnectivityManager: StackLog: [android.net.ConnectivityManager.unregisterNetworkCallback(ConnectivityManager.java:5575)] [com.catfact.app.core.designsystem.util.ConnectivityObserver$observe$1.invokeSuspend$lambda$1(ConnectivityObserver.kt:43)] [com.catfact.app.core.designsystem.util.ConnectivityObserver$observe$1$$ExternalSyntheticLambda1.invoke(D8$$SyntheticClass:0)] [kotlinx.coroutines.channels.ProduceKt.awaitClose(Produce.kt:69)] [kotlinx.coroutines.channels.ProduceKt$awaitClose$1.invokeSuspend(Unknown Source:17)] [kotlin.coroutines.jvm.internal.BaseContinuationImpl.resumeWith(ContinuationImpl.kt:34)] [androidx.compose.ui.test.ApplyingContinuationInterceptor$SendApplyContinuation.resumeWith(ApplyingContinuationInterceptor.kt:52)] [androidx.compose.ui.test.FrameDeferringContinuationInterceptor$FrameDeferredContinuation.resumeWith(FrameDeferringContinuationInterceptor.jvm.kt:187)] [kotlinx.coroutines.DispatchedTaskKt.resume(DispatchedTask.kt:165)] [kotlinx.coroutines.DispatchedTaskKt.dispatch(DispatchedTask.kt:154)] [kotlinx.coroutines.CancellableContinuationImpl.dispatchResume(CancellableContinuationImpl.kt:470)] [kotlinx.coroutines.CancellableContinuationImpl.cancel(CancellableContinuationImpl.kt:214)] [kotlinx.coroutines.CancellableContinuationImpl.parentCancelled$kotlinx_coroutines_core(CancellableContinuationImpl.kt:221)] [kotlinx.coroutines.ChildContinuation.invoke(CancellableContinuationImpl.kt:698)] [kotlinx.coroutines.JobSupport.notifyCancelling(JobSupport.kt:1604)] [kotlinx.coroutines.JobSupport.tryMakeCancelling(JobSupport.kt:826)] [kotlinx.coroutines.JobSupport.makeCancelling(JobSupport.kt:786)] [kotlinx.coroutines.JobSupport.cancelImpl$kotlinx_coroutines_core(JobSupport.kt:702)] [kotlinx.coroutines.JobSupport.parentCancelled(JobSupport.kt:668)] [kotlinx.coroutines.ChildHandleNode.invoke(JobSupport.kt:1580)] [kotlinx.coroutines.JobSupport.notifyCancelling(JobSupport.kt:1604)] [kotlinx.coroutines.JobSupport.tryMakeCancelling(JobSupport.kt:826)] [kotlinx.coroutines.JobSupport.makeCancelling(JobSupport.kt:786)] [kotlinx.coroutines.JobSupport.cancelImpl$kotlinx_coroutines_core(JobSupport.kt:702)] [kotlinx.coroutines.JobSupport.parentCancelled(JobSupport.kt:668)] [kotlinx.coroutines.ChildHandleNode.invoke(JobSupport.kt:1580)] [kotlinx.coroutines.JobSupport.notifyCancelling(JobSupport.kt:1604)] [kotlinx.coroutines.JobSupport.tryMakeCancelling(JobSupport.kt:826)] [kotlinx.coroutines.JobSupport.makeCancelling(JobSupport.kt:786)] [kotlinx.coroutines.JobSupport.cancelImpl$kotlinx_coroutines_core(JobSupport.kt:702)] [kotlinx.coroutines.JobSupport.parentCancelled(JobSupport.kt:668)] [kotlinx.coroutines.ChildHandleNode.invoke(JobSupport.kt:1580)] [kotlinx.coroutines.JobSupport.notifyCancelling(JobSupport.kt:1604)] [kotlinx.coroutines.JobSupport.tryMakeCancelling(JobSupport.kt:826)] [kotlinx.coroutines.JobSupport.makeCancelling(JobSupport.kt:786)] [kotlinx.coroutines.JobSupport.cancelImpl$kotlinx_coroutines_core(JobSupport.kt:702)] [kotlinx.coroutines.JobSupport.parentCancelled(JobSupport.kt:668)] [kotlinx.coroutines.ChildHandleNode.invoke(JobSupport.kt:1580)] [kotlinx.coroutines.JobSupport.notifyCancelling(JobSupport.kt:1604)] [kotlinx.coroutines.JobSupport.tryMakeCancelling(JobSupport.kt:826)] [kotlinx.coroutines.JobSupport.makeCancelling(JobSupport.kt:786)] [kotlinx.coroutines.JobSupport.cancelImpl$kotlinx_coroutines_core(JobSupport.kt:702)] [kotlinx.coroutines.JobSupport.parentCancelled(JobSupport.kt:668)] [kotlinx.coroutines.ChildHandleNode.invoke(JobSupport.kt:1580)] [kotlinx.coroutines.JobSupport.notifyCancelling(JobSupport.kt:1604)] [kotlinx.coroutines.JobSupport.tryMakeCancelling(JobSupport.kt:826)] [kotlinx.coroutines.JobSupport.makeCancelling(JobSupport.kt:786)] [kotlinx.coroutines.JobSupport.cancelImpl$kotlinx_coroutines_core(JobSupport.kt:702)] [kotlinx.coroutines.JobSupport.cancelInternal(JobSupport.kt:663)] [kotlinx.coroutines.JobSupport.cancel(JobSupport.kt:648)] [kotlinx.coroutines.Job$DefaultImpls.cancel$default(Job.kt:192)] [androidx.lifecycle.RepeatOnLifecycleKt$repeatOnLi
04-15 09:53:13.633  1542  1582 D PkgPredictorService-SecIpmManagerServiceImpl: bg information pid:18572 uid:10746 pkgName:com.catfact.app
04-15 09:53:13.633  3979  3979 D InputMethodManagerUtils: startInputInner - Id : 0
04-15 09:53:13.633  3979  3979 I InputMethodManager: startInputInner - IInputMethodManagerGlobalInvoker.startInputOrWindowGainedFocus
04-15 09:53:13.635 18572 18572 I VRI[MainActivity]@22ae84b: stopped(true) old = false
04-15 09:53:13.635 18572 18572 D VRI[MainActivity]@22ae84b: WindowStopped on com.catfact.app/com.catfact.app.MainActivity set to true
04-15 09:53:13.635  1542  1750 I ImeTracker: com.google.android.calendar:24bf06e2: onRequestHide at ORIGIN_SERVER reason HIDE_UNSPECIFIED_WINDOW fromUser false
04-15 09:53:13.635 18572 18596 D HWUI    : CacheManager::trimMemory(20)
04-15 09:53:13.636  3979  3979 I InputMethodManager: handleMessage: setImeVisibility visible=false
04-15 09:53:13.636  3979  3979 D InsetsController: hide(ime(), fromIme=false)
04-15 09:53:13.636  3979  3979 I ImeTracker: com.google.android.calendar:24bf06e2: onCancelled at PHASE_CLIENT_ALREADY_HIDDEN
04-15 09:53:13.639  2000  2194 I VRI[calendar]@4841f90: mWNT: t=0xb4000074fc804b50 mBlastBufferQueue=0xb40000741d2151e0 fn= 5 HdrRenderState mRenderHdrSdrRatio=1.0 caller= android.view.SyncRtSurfaceTransactionApplier.applyTransaction:100 android.view.SyncRtSurfaceTransactionApplier.lambda$scheduleApply$0:73 android.view.SyncRtSurfaceTransactionApplier.$r8$lambda$afI4fXg3U3-nBZQEDQMiNy-B06s:0
04-15 09:53:13.639 18572 18572 D LifecycleMonitor: Lifecycle status change: com.catfact.app.MainActivity@3e5aea4 in: STOPPED
04-15 09:53:13.640 18572 18572 V ActivityScenario: Update currentActivityStage to STOPPED, currentActivity=com.catfact.app.MainActivity@3e5aea4
04-15 09:53:13.640  1542  1750 D InputTransport: Input channel constructed: 'ClientS', fd=1248
04-15 09:53:13.640  1542  1750 D InputTransport: Input channel destroyed: 'ClientS', fd=1248
04-15 09:53:13.641  3756  3756 I HBD     : HoneyBoardService onFinishInput
04-15 09:53:13.641  3979  8486 D InputTransport: Input channel constructed: 'ClientS', fd=215
04-15 09:53:13.641  3756  3756 I HBD     : a IC have been unbinding,  RemoteInputConnection{idHash=#cb876f3}
04-15 09:53:13.641  3756  3756 I HBD     : HoneyBoardService [PF_CL][onFinishInput]  0 ms
04-15 09:53:13.641  3756  3756 I HBD     : HoneyBoardService [IMI] onStartInput - caller pid : 3979 , caller uid : 10279
04-15 09:53:13.641  3756  3756 I HBD     : k updateConfigs
04-15 09:53:13.641  3756  3756 I HBD     : k isEnabledNightMode : true
04-15 09:53:13.641  3756  3756 I HBD     : a IC have been binding, RemoteInputConnection{idHash=#33ecc86}
04-15 09:53:13.641  3756  3756 I HBD     : h [EditorInputType]setPrivateImeOptionsToTable privateImeOptions ( null )
04-15 09:53:13.641  3756  3756 I HBD     : b incognitoMode : false
04-15 09:53:13.641  3756  3756 I HBD     : c needOff = true , isForceOff = false, isNullInputClass : true
04-15 09:53:13.641  3756  3756 I HBD     : h getDefaultInputRange : UNKNOWN
04-15 09:53:13.642  3756  3756 I HBD     : h getDefaultInputRange : UNKNOWN
04-15 09:53:13.642  3756  3756 I HBD     : h getDefaultInputRange : UNKNOWN
04-15 09:53:13.642  1151  2479 I SurfaceFlinger: id=18449 createSurf, flag=24004, Surface(name=1d7a05f InputMethod)/@0x5f77a9d - animation-leash of insets_animation#18449
04-15 09:53:13.643  1542  2477 I ImeTracker: system_server:262ee8c0: onRequestHide at ORIGIN_SERVER reason IME_REQUESTED_CHANGED_LISTENER fromUser false
04-15 09:53:13.643  1542  1585 D SurfaceComposerClient: setCornerRadius ## 961a587 Splash Screen com.google.android.calendar#18438 cornerRadius=0.000000
04-15 09:53:13.643  1542  1585 D SurfaceComposerClient: setCornerRadius ## 97bb147 com.google.android.calendar/com.google.android.calendar.allinone.AllInOneCalendarActivity#18444 cornerRadius=0.000000
04-15 09:53:13.644  1542  1584 I ImeTracker: system_server:262ee8c0: onCancelled at PHASE_SERVER_SHOULD_HIDE
04-15 09:53:13.645  3756  3756 I HBD     : c needOff = true , isForceOff = false, isNullInputClass : true
04-15 09:53:13.645  3756  3756 I HBD     : c update cached prediction status : false
04-15 09:53:13.645  3756  3756 I HBD     : h getDefaultInputRange : UNKNOWN
04-15 09:53:13.645  3756  3756 I HBD     : a currentState : 0
04-15 09:53:13.645  3756  3756 I HBD     : a [UpdatePolicy] [post] a: 0 cl: 65538 kit: [0/0] vt: 0 ir: 1
04-15 09:53:13.646  2000  2195 I VRI[calendar]@4841f90: mWNT: t=0xb4000074fc825310 mBlastBufferQueue=0xb40000741d2151e0 fn= 6 HdrRenderState mRenderHdrSdrRatio=1.0 caller= android.view.SyncRtSurfaceTransactionApplier.applyTransaction:100 android.view.SyncRtSurfaceTransactionApplier.lambda$scheduleApply$0:73 android.view.SyncRtSurfaceTransactionApplier.$r8$lambda$afI4fXg3U3-nBZQEDQMiNy-B06s:0
04-15 09:53:13.647  1151  1151 I SurfaceFlinger: [Surface(name=1d7a05f InputMethod)/@0x5f77a9d - animation-leash of insets_animation#18449] attach to parent LayerHierarchy{RequestedLayerState{WindowToken{d080c22 type=2011 android.os.Binder@459a5ed}#120 parentId=15} 2 children}
04-15 09:53:13.648  3756  3756 I HBD     : a [NRIC] resetNoResponseState
04-15 09:53:13.648  3756  3756 I HBD     : c needOff = true , isForceOff = false, isNullInputClass : true
04-15 09:53:13.648  3756  3756 I HBD     : c update cached prediction status : false
04-15 09:53:13.648  3756  3756 I HBD     : b [AiWriter] setContact : com.google.android.calendar
04-15 09:53:13.648  3756  3756 I HBD     : a [AiWriter] setContact : com.google.android.calendar
04-15 09:53:13.648  3756  3756 I HBD     : o0 EBD si S 0
04-15 09:53:13.648  3756  3756 I HBD     : r updateContactDBLanguage : 65538
04-15 09:53:13.649  3756  3756 I HBD     : g isCoverDisplay : false, cached selected json info : SelectedLanguageInfo(languageVersion=4.2, currentLanguageOrder=0, selectedLanguageList=[SelectedLanguage(id=65538, isUsed=true, engName=English, inputType=qwerty, activeOptionList=[auto_replace, auto_spacing, writing_assistant], bilingualId=-1), SelectedLanguage(id=5308416, isUsed=true, engName=Arabic, inputType=qwerty, activeOptionList=[auto_replace, auto_spacing], bilingualId=-1)])
04-15 09:53:13.649  3756  3756 I HBD     : g updateSelectedLanguageCache is succeeded. English
04-15 09:53:13.649  3756  3756 I HBD     : l writeToFile path : /data/user/0/com.samsung.android.honeyboard/files/selected.json
04-15 09:53:13.649  3756  3756 I HBD     : l writeToFile json : {"version":"4.2","currentLanguageOrder":0,"selected":[{"activeOptionList":["auto_replace","auto_spacing","writing_assistant"],"bilingualId":-1,"engName":"English","id":65538,"inputType":"qwerty","isUsed":true},{"activeOptionList":["auto_replace","auto_spacing"],"bilingualId":-1,"engName":"Arabic","id":5308416,"inputType":"qwerty","isUsed":true}]}
04-15 09:53:13.651  3756  3756 I HBD     : l writeToFile complete
04-15 09:53:13.652  3756  3756 I HBD     : g isCoverDisplay : false, cached selected json info : SelectedLanguageInfo(languageVersion=4.2, currentLanguageOrder=0, selectedLanguageList=[SelectedLanguage(id=65538, isUsed=true, engName=English, inputType=qwerty, activeOptionList=[auto_replace, auto_spacing, writing_assistant], bilingualId=-1), SelectedLanguage(id=5308416, isUsed=true, engName=Arabic, inputType=qwerty, activeOptionList=[auto_replace, auto_spacing], bilingualId=-1)])
04-15 09:53:13.652  3756 18853 I HBD     : l Write selected lang for DE
04-15 09:53:13.652  3756  3756 I HBD     : n updateActionOptionFromPreference isCover = false
04-15 09:53:13.652  3756  3756 I HBD     : n before lang.activeOptionList =  [auto_replace, auto_spacing, writing_assistant]
04-15 09:53:13.652  3756 18853 I HBD     : l writeToFile path : /data/user_de/0/com.samsung.android.honeyboard/files/selected.json
04-15 09:53:13.652  3756 18853 I HBD     : l writeToFile json : {"version":"4.2","currentLanguageOrder":0,"selected":[{"activeOptionList":["auto_replace","auto_spacing","writing_assistant"],"bilingualId":-1,"engName":"English","id":65538,"inputType":"qwerty","isUsed":true},{"activeOptionList":["auto_replace","auto_spacing"],"bilingualId":-1,"engName":"Arabic","id":5308416,"inputType":"qwerty","isUsed":true}]}
04-15 09:53:13.653  3756  3756 I HBD     : n after lang.activeOptionList = [auto_replace, auto_spacing, writing_assistant]
04-15 09:53:13.653  3756  3756 I HBD     : l writeToFile path : /data/user/0/com.samsung.android.honeyboard/files/selected.json
04-15 09:53:13.653  3756  3756 I HBD     : l writeToFile json : {"version":"4.2","currentLanguageOrder":0,"selected":[{"activeOptionList":["auto_replace","auto_spacing","writing_assistant"],"bilingualId":-1,"engName":"English","id":65538,"inputType":"qwerty","isUsed":true},{"activeOptionList":["auto_replace","auto_spacing"],"bilingualId":-1,"engName":"Arabic","id":5308416,"inputType":"qwerty","isUsed":true}]}
04-15 09:53:13.653  3756  3756 I HBD     : l writeToFile complete
04-15 09:53:13.654  3756  3756 I HBD     : m normal : updateLanguage : English
04-15 09:53:13.654  3756  3756 I HBD     : g isCoverDisplay : false, cached selected json info : SelectedLanguageInfo(languageVersion=4.2, currentLanguageOrder=0, selectedLanguageList=[SelectedLanguage(id=65538, isUsed=true, engName=English, inputType=qwerty, activeOptionList=[auto_replace, auto_spacing, writing_assistant], bilingualId=-1), SelectedLanguage(id=5308416, isUsed=true, engName=Arabic, inputType=qwerty, activeOptionList=[auto_replace, auto_spacing], bilingualId=-1)])
04-15 09:53:13.654  3756  3756 I HBD     : g isCoverDisplay : false, cached selected json info : SelectedLanguageInfo(languageVersion=4.2, currentLanguageOrder=0, selectedLanguageList=[SelectedLanguage(id=65538, isUsed=true, engName=English, inputType=qwerty, activeOptionList=[auto_replace, auto_spacing, writing_assistant], bilingualId=-1), SelectedLanguage(id=5308416, isUsed=true, engName=Arabic, inputType=qwerty, activeOptionList=[auto_replace, auto_spacing], bilingualId=-1)])
04-15 09:53:13.654  3756  3756 I HBD     : n updateActionOptionFromPreference isCover = false
04-15 09:53:13.654  3756  3756 I HBD     : n before lang.activeOptionList =  [auto_replace, auto_spacing, writing_assistant]
04-15 09:53:13.654  3756  3756 I HBD     : n after lang.activeOptionList = [auto_replace, auto_spacing, writing_assistant]
04-15 09:53:13.654  3756 18854 I HBD     : l Write selected lang for DE
04-15 09:53:13.654  3756 18854 I HBD     : l writeToFile path : /data/user_de/0/com.samsung.android.honeyboard/files/selected.json
04-15 09:53:13.654  3756 18854 I HBD     : l writeToFile json : {"version":"4.2","currentLanguageOrder":0,"selected":[{"activeOptionList":["auto_replace","auto_spacing","writing_assistant"],"bilingualId":-1,"engName":"English","id":65538,"inputType":"qwerty","isUsed":true},{"activeOptionList":["auto_replace","auto_spacing"],"bilingualId":-1,"engName":"Arabic","id":5308416,"inputType":"qwerty","isUsed":true}]}
04-15 09:53:13.655  3756  3756 I HBD     : l writeToFile path : /data/user/0/com.samsung.android.honeyboard/files/selected.json
04-15 09:53:13.655  3756  3756 I HBD     : l writeToFile json : {"version":"4.2","currentLanguageOrder":0,"selected":[{"activeOptionList":["auto_replace","auto_spacing","writing_assistant"],"bilingualId":-1,"engName":"English","id":65538,"inputType":"qwerty","isUsed":true},{"activeOptionList":["auto_replace","auto_spacing"],"bilingualId":-1,"engName":"Arabic","id":5308416,"inputType":"qwerty","isUsed":true}]}
04-15 09:53:13.655  3756  3756 I HBD     : l writeToFile complete
04-15 09:53:13.655  3756  3756 I HBD     : m normal : updateLanguage : English
04-15 09:53:13.655  3756  3756 I HBD     : g isCoverDisplay : false, cached selected json info : SelectedLanguageInfo(languageVersion=4.2, currentLanguageOrder=0, selectedLanguageList=[SelectedLanguage(id=65538, isUsed=true, engName=English, inputType=qwerty, activeOptionList=[auto_replace, auto_spacing, writing_assistant], bilingualId=-1), SelectedLanguage(id=5308416, isUsed=true, engName=Arabic, inputType=qwerty, activeOptionList=[auto_replace, auto_spacing], bilingualId=-1)])
04-15 09:53:13.656  3756  3756 I HBD     : g isCoverDisplay : false, cached selected json info : SelectedLanguageInfo(languageVersion=4.2, currentLanguageOrder=0, selectedLanguageList=[SelectedLanguage(id=65538, isUsed=true, engName=English, inputType=qwerty, activeOptionList=[auto_replace, auto_spacing, writing_assistant], bilingualId=-1), SelectedLanguage(id=5308416, isUsed=true, engName=Arabic, inputType=qwerty, activeOptionList=[auto_replace, auto_spacing], bilingualId=-1)])
04-15 09:53:13.656  3756  3756 I HBD     : g updateSelectedLanguageCache is succeeded. English
04-15 09:53:13.656  3756  3756 I HBD     : l writeToFile path : /data/user/0/com.samsung.android.honeyboard/files/selected.json
04-15 09:53:13.656  3756  3756 I HBD     : l writeToFile json : {"version":"4.2","currentLanguageOrder":0,"selected":[{"activeOptionList":["auto_replace","auto_spacing","writing_assistant"],"bilingualId":-1,"engName":"English","id":65538,"inputType":"qwerty","isUsed":true},{"activeOptionList":["auto_replace","auto_spacing"],"bilingualId":-1,"engName":"Arabic","id":5308416,"inputType":"qwerty","isUsed":true}]}
04-15 09:53:13.656  1151  1151 I SurfaceFlinger: RequestedLayer [Surface(name=1d7a05f InputMethod)/@0[...]tion-leash of insets_animation#18449] hidden!! flag  from(1) --> to(0)
04-15 09:53:13.656  1151  1151 E SurfaceFlinger: alpha changed 1.000 -> 0.000 - Surface(name=1d7a05f InputMethod)/@0x5f77a9d - animation-leash of insets_animation#18449
04-15 09:53:13.656  1151  1151 I SurfaceFlinger: [LayerHierarchy{RequestedLayerState{ImeContainer#15 parentId=16293 relativeParentId=16293 z=3} 1 children}] reparent to LayerHierarchy{RequestedLayerState{ActivityRecord{243114305 u0 com.google.android.calendar/.allinone.AllInOneCalendarActivity t3801}#16293 parentId=16292} 4 children}
04-15 09:53:13.656  1151  1151 I SurfaceFlinger: [LayerHierarchy{RequestedLayerState{ImeContainer#15 parentId=16293 relativeParentId=16293 z=3} 1 children}] RelativeParent to null
04-15 09:53:13.656  3756  3756 I HBD     : l writeToFile complete
04-15 09:53:13.656  1151  1151 I SurfaceFlinger: [LayerHierarchy{RequestedLayerState{1d7a05f InputMethod#134 parentId=18449} no children}] reparent to LayerHierarchy{RequestedLayerState{Surface(name=1d7a05f InputMethod)/@0x5f77a9d - animation-leash of insets_animation#18449 parentId=120} 1 children}
04-15 09:53:13.656  1151  1151 I SurfaceFlinger: [LayerHierarchy{RequestedLayerState{Surface(name=1d7a05f InputMethod)/@0x5f77a9d - animation-leash of insets_animation#18421} no children}] reparent to OffscreenRoot
04-15 09:53:13.656  1151  1151 I SurfaceFlinger: [LayerHierarchy{RequestedLayerState{Surface(name=1d7a05f InputMethod)/@0x5f77a9d - animation-leash of insets_animation#18421} no children}] RelativeParent to null
04-15 09:53:13.657  3756 18855 I HBD     : l Write selected lang for DE
04-15 09:53:13.657  3756 18855 I HBD     : l writeToFile path : /data/user_de/0/com.samsung.android.honeyboard/files/selected.json
04-15 09:53:13.657  3756 18855 I HBD     : l writeToFile json : {"version":"4.2","currentLanguageOrder":0,"selected":[{"activeOptionList":["auto_replace","auto_spacing","writing_assistant"],"bilingualId":-1,"engName":"English","id":65538,"inputType":"qwerty","isUsed":true},{"activeOptionList":["auto_replace","auto_spacing"],"bilingualId":-1,"engName":"Arabic","id":5308416,"inputType":"qwerty","isUsed":true}]}
04-15 09:53:13.657  3756  3756 I HBD     : g isCoverDisplay : false, cached selected json info : SelectedLanguageInfo(languageVersion=4.2, currentLanguageOrder=0, selectedLanguageList=[SelectedLanguage(id=65538, isUsed=true, engName=English, inputType=qwerty, activeOptionList=[auto_replace, auto_spacing, writing_assistant], bilingualId=-1), SelectedLanguage(id=5308416, isUsed=true, engName=Arabic, inputType=qwerty, activeOptionList=[auto_replace, auto_spacing], bilingualId=-1)])
04-15 09:53:13.657  3756  3756 I HBD     : g updateSelectedLanguageCache is succeeded. English
04-15 09:53:13.657  2000  2194 I VRI[calendar]@4841f90: mWNT: t=0xb4000074fc812d10 mBlastBufferQueue=0xb40000741d2151e0 fn= 7 HdrRenderState mRenderHdrSdrRatio=1.0 caller= android.view.SyncRtSurfaceTransactionApplier.applyTransaction:100 android.view.SyncRtSurfaceTransactionApplier.lambda$scheduleApply$0:73 android.view.SyncRtSurfaceTransactionApplier.$r8$lambda$afI4fXg3U3-nBZQEDQMiNy-B06s:0
04-15 09:53:13.657  3756  3756 I HBD     : l writeToFile path : /data/user/0/com.samsung.android.honeyboard/files/selected.json
04-15 09:53:13.657  3756  3756 I HBD     : l writeToFile json : {"version":"4.2","currentLanguageOrder":0,"selected":[{"activeOptionList":["auto_replace","auto_spacing","writing_assistant"],"bilingualId":-1,"engName":"English","id":65538,"inputType":"qwerty","isUsed":true},{"activeOptionList":["auto_replace","auto_spacing"],"bilingualId":-1,"engName":"Arabic","id":5308416,"inputType":"qwerty","isUsed":true}]}
04-15 09:53:13.657  3756 18854 I HBD     : l writeToFile complete
04-15 09:53:13.658  3756  3756 I HBD     : l writeToFile complete
04-15 09:53:13.659  3756  3756 I HBD     : a [UpdatePolicy] [post] a: 31 cl: 65538 kit: [0/0] vt: 0 ir: 1
04-15 09:53:13.659  1542  3802 D SecContentProvider: query(), uri = 17 selection = isSettingsChangesAllowed
04-15 09:53:13.659  3756  3756 I HBD     : HoneyBoardService [PF_OP][onStartInput]  18 ms
04-15 09:53:13.659  3756  3756 I HBD     : [DirectWriting] DirectWriting emitInputConnection : RemoteInputConnection{idHash=#33ecc86}
04-15 09:53:13.659  1542  2477 D SecContentProvider: query(), uri = 17 selection = isSettingsChangesAllowed
04-15 09:53:13.659  1151  1151 D SurfaceFlinger: GPIS:: requestGpisForClientComposition
04-15 09:53:13.660  3756 18858 I HBD     : l Write selected lang for DE
04-15 09:53:13.660  3756 18858 I HBD     : l writeToFile path : /data/user_de/0/com.samsung.android.honeyboard/files/selected.json
04-15 09:53:13.660  3756 18858 I HBD     : l writeToFile json : {"version":"4.2","currentLanguageOrder":0,"selected":[{"activeOptionList":["auto_replace","auto_spacing","writing_assistant"],"bilingualId":-1,"engName":"English","id":65538,"inputType":"qwerty","isUsed":true},{"activeOptionList":["auto_replace","auto_spacing"],"bilingualId":-1,"engName":"Arabic","id":5308416,"inputType":"qwerty","isUsed":true}]}
04-15 09:53:13.660  1151  2479 I SurfaceFlinger: id=18421 Removed Surface(name=1d7a05f InputMethod)/@0x5f77a9d - animation-leash of insets_animation#18421 (201)
04-15 09:53:13.661  3756 30781 I HBD     : a [SKE_SPECIFIC] specific model[com.google.android.calendar] loaded, 1005156 ns
04-15 09:53:13.662  1542  2473 D SecContentProvider: query(), uri = 17 selection = isSettingsChangesAllowed
04-15 09:53:13.664  3756  2073 I HBD     : u updated Sub Types. English
04-15 09:53:13.664  3756 18858 I HBD     : l writeToFile complete
04-15 09:53:13.664  3756 18856 I HBD     : l Write selected lang for DE
04-15 09:53:13.664  1542  3802 D SecContentProvider: query(), uri = 17 selection = isSettingsChangesAllowed
04-15 09:53:13.664  3756 18856 I HBD     : l writeToFile path : /data/user_de/0/com.samsung.android.honeyboard/files/selected.json
04-15 09:53:13.664  3756  3756 I InputMethodService: scheduleImeSurfaceRemoval: removeImeSurface is posted.
04-15 09:53:13.664  3756 18856 I HBD     : l writeToFile json : {"version":"4.2","currentLanguageOrder":0,"selected":[{"activeOptionList":["auto_replace","auto_spacing","writing_assistant"],"bilingualId":-1,"engName":"English","id":65538,"inputType":"qwerty","isUsed":true},{"activeOptionList":["auto_replace","auto_spacing"],"bilingualId":-1,"engName":"Arabic","id":5308416,"inputType":"qwerty","isUsed":true}]}
04-15 09:53:13.665  3756  2074 I HBD     : u updated Sub Types. English
04-15 09:53:13.665  1151  1151 I SurfaceFlinger: destroyed Surface(name=1d7a05f InputMethod)/@0x5f77a9d - animation-leash of insets_animation#18421
04-15 09:53:13.666  3756 18861 I HBD     : b InputMethodSubtype is set as local:en_GB
04-15 09:53:13.667  1542  2473 I WindowManager: Relayout Window{961a587 u0 Splash Screen com.google.android.calendar}: viewVisibility=8 req=720x1544 ty=3 d0
04-15 09:53:13.667  1151  1151 I Layer   : id=18421 Destroyed Surface(name=1d7a05f InputMethod)/@0x5f77a9d - animation-leash of insets_animation#18421
04-15 09:53:13.667  1542  2473 D SurfaceComposerClient: setCornerRadius ## 97bb147 com.google.android.calendar/com.google.android.calendar.allinone.AllInOneCalendarActivity#18444 cornerRadius=0.000000
04-15 09:53:13.668  1542  2473 D SurfaceComposerClient: setCornerRadius ## 961a587 Splash Screen com.google.android.calendar#18438 cornerRadius=0.000000
04-15 09:53:13.668  1542  2473 D SurfaceComposerClient: setCornerRadius ## 97bb147 com.google.android.calendar/com.google.android.calendar.allinone.AllInOneCalendarActivity#18444 cornerRadius=0.000000
04-15 09:53:13.668  1542  2473 I WindowManager: Relayout hash=961a587, pid=2000, syncId=-1: mAttrs={(0,0)(fillxfill) sim={adjust=pan} layoutInDisplayCutoutMode=always ty=APPLICATION_STARTING fmt=TRANSLUCENT wanim=0x1030317
04-15 09:53:13.668  1542  2473 I WindowManager:   fl=81030118
04-15 09:53:13.668  1542  2473 I WindowManager:   pfl=10000810
04-15 09:53:13.668  1542  2473 I WindowManager:   bhv=1
04-15 09:53:13.668  1542  2473 I WindowManager:   fitSides=0
04-15 09:53:13.668  1542  2473 I WindowManager:   frameRateBoostOnTouch=true
04-15 09:53:13.668  1542  2473 I WindowManager:   dvrrWindowFrameRateHint=true naviIconColor=0}
04-15 09:53:13.669  2000  2120 I VRI[calendar]@4841f90: onActiveControlsChanged, removed=false, mAdded=true, caller=android.view.ViewRootImpl.handleInsetsControlChanged:3002 android.view.ViewRootImpl.relayoutWindow:11629 android.view.ViewRootImpl.performTraversals:4804 android.view.ViewRootImpl.doTraversal:3924 android.view.ViewRootImpl$TraversalRunnable.run:12903
04-15 09:53:13.670  2000  2120 I VRI[calendar]@4841f90: Relayout returned: old=(0,0,720,1544) new=(0,0,720,1544) relayoutAsync=false req=(720,1544)8 dur=3 res=0x2 s={false 0x0} ch=true seqId=0
04-15 09:53:13.670  2000  2120 D VRI[calendar]@4841f90: Not drawing due to not visible. Reason=View.GONE
04-15 09:53:13.671  2000  2120 I VRI[calendar]@4841f90: dispatchDetachedFromWindow
04-15 09:53:13.671  3756 18860 I HBD     : b InputMethodSubtype is set as local:en_GB
04-15 09:53:13.673  1542  3802 D InputTransport: Input channel destroyed: '961a587', fd=1263
04-15 09:53:13.674  1151  1151 I SurfaceFlinger: RequestedLayer [Splash Screen com.google.android.calendar$_2000#18439] hidden!! flag  from(0) --> to(1)
04-15 09:53:13.674  1542  3802 D SurfaceComposerClient: setCornerRadius ## 97bb147 com.google.android.calendar/com.google.android.calendar.allinone.AllInOneCalendarActivity#18444 cornerRadius=0.000000
04-15 09:53:13.674  1542  3802 D SurfaceComposerClient: setCornerRadius ## 97bb147 com.google.android.calendar/com.google.android.calendar.allinone.AllInOneCalendarActivity#18444 cornerRadius=0.000000
04-15 09:53:13.675  1542  1585 D SurfaceComposerClient: setCornerRadius ## 97bb147 com.google.android.calendar/com.google.android.calendar.allinone.AllInOneCalendarActivity#18444 cornerRadius=0.000000
04-15 09:53:13.675  2000  2120 D InputTransport: Input channel destroyed: '961a587', fd=685
04-15 09:53:13.676  3979  3988 I ndroid.calendar: Background concurrent mark compact GC freed 59MB AllocSpace bytes, 0(0B) LOS objects, 62% free, 28MB/76MB, paused 2.168ms,2.548ms total 124.621ms
04-15 09:53:13.679  1542  1585 D SurfaceComposerClient: setCornerRadius ## 97bb147 com.google.android.calendar/com.google.android.calendar.allinone.AllInOneCalendarActivity#18444 cornerRadius=0.000000
04-15 09:53:13.682  1151  1151 D SurfaceFlinger: Display 4633128672291735999 HWC layers:
04-15 09:53:13.682  1151  1151 D SurfaceFlinger:        DEVICE |           17089674871015 | 00002102 | RGBA_8888    |    2.0    0.0  720.0 1544.0 |    0    0  718 1544 | com.google.android.calendar/com.goog[...]AllInOneCalendarActivity$_3979#18445 (5)
04-15 09:53:13.682  1151  1151 D SurfaceFlinger:        CLIENT |           80049600462860 | 00002102 | RGBA_8888    |    0.0    0.0    7.0 1544.0 |  713    0  720 1544 | com.catfact.app.test/androidx.test.c[...]tyInvoker$EmptyActivity$_18638#18432 (1)
04-15 09:53:13.682  1151  1151 D SurfaceFlinger:        DEVICE |            8589934654687 | 00002100 | RGBA_8888    |    0.0    0.0  720.0   50.0 |    0    0  720   50 | StatusBar$_2000#102 (26118)
04-15 09:53:13.682  1151  1151 D SurfaceFlinger:        DEVICE |           10569914518889 | 00002100 | RGBA_8888    |    0.0    0.0   67.0  353.0 |  653  192  720  545 | com.sec.android.app.launcher/com.sam[...]l.app.CocktailBarService$_2461#16495 (1)
04-15 09:53:13.682  1151  1151 D SurfaceFlinger:        DEVICE |            8589934654693 | 00002100 | RGBA_8888    |    0.0    0.0  720.0   90.0 |    0 1454  720 1544 | NavigationBar0$_2000#98 (16919)
04-15 09:53:13.682  1151  1151 D SurfaceFlinger:
04-15 09:53:13.687  3756 18853 I HBD     : l writeToFile complete
04-15 09:53:13.687  3756 18855 E AtomicFile: Failed to rename /data/user_de/0/com.samsung.android.honeyboard/files/selected.json.new to /data/user_de/0/com.samsung.android.honeyboard/files/selected.json
04-15 09:53:13.687  3756 18855 I HBD     : l writeToFile complete
04-15 09:53:13.689 18572 18572 W WindowOnBackDispatcher: sendCancelIfRunning: isInProgress=false callback=android.app.Activity$$ExternalSyntheticLambda0@35b3d72
04-15 09:53:13.689 18572 18572 D LifecycleMonitor: Lifecycle status change: com.catfact.app.MainActivity@3e5aea4 in: DESTROYED
04-15 09:53:13.689 18572 18572 V ActivityScenario: Update currentActivityStage to DESTROYED, currentActivity=null
04-15 09:53:13.690  1151  1151 I SurfaceFlinger: [LayerHierarchy{RequestedLayerState{ImeContainer#15 parentId=16293 relativeParentId=18444 z=1} 1 children}] RelativeParent to LayerHierarchy{RequestedLayerState{97bb147 com.google.android.calendar/com.google.android.calendar.allinone.AllInOneCalendarActivity#18444 parentId=16293} 2 children}
04-15 09:53:13.690  1151  1151 I SurfaceFlinger: [LayerHierarchy{RequestedLayerState{Splash Screen com.google.android.calendar$_2000#18439} no children}] reparent to OffscreenRoot
04-15 09:53:13.690  1151  1151 I SurfaceFlinger: [LayerHierarchy{RequestedLayerState{Splash Screen com.google.android.calendar$_2000#18439} no children}] RelativeParent to null
04-15 09:53:13.690  1151  1151 I SurfaceFlinger: [LayerHierarchy{RequestedLayerState{961a587 Splash Screen com.google.android.calendar#18438 z=2147483647} no children}] reparent to OffscreenRoot
04-15 09:53:13.690  1151  1151 I SurfaceFlinger: [LayerHierarchy{RequestedLayerState{961a587 Splash Screen com.google.android.calendar#18438 z=2147483647} no children}] RelativeParent to null
04-15 09:53:13.690  1151  1151 I SurfaceFlinger: [LayerHierarchy{RequestedLayerState{97bb147 com.google.android.calendar/com.google.android.calendar.allinone.AllInOneCalendarActivity#18444 parentId=16293} 2 children}] reparent to LayerHierarchy{RequestedLayerState{ActivityRecord{243114305 u0 com.google.android.calendar/.allinone.AllInOneCalendarActivity t3801}#16293 parentId=16292} 4 children}
04-15 09:53:13.690  1151  1151 I SurfaceFlinger: [LayerHierarchy{RequestedLayerState{Surface(name=97bb147 com.google.android.calendar/com.google.android.calendar.allinone.AllInOneCalendarActivity)/@0x25bd70c - animation-leash of starting_reveal#18448} no children}] reparent to OffscreenRoot
04-15 09:53:13.690  1151  1151 I SurfaceFlinger: [LayerHierarchy{RequestedLayerState{Surface(name=97bb147 com.google.android.calendar/com.google.android.calendar.allinone.AllInOneCalendarActivity)/@0x25bd70c - animation-leash of starting_reveal#18448} no children}] RelativeParent to null
04-15 09:53:13.690  3756 18856 E AtomicFile: Failed to rename /data/user_de/0/com.samsung.android.honeyboard/files/selected.json.new to /data/user_de/0/com.samsung.android.honeyboard/files/selected.json
04-15 09:53:13.690  3756 18856 I HBD     : l writeToFile complete
04-15 09:53:13.692 18572 18596 D HWUI    : CacheManager::trimMemory(20)
04-15 09:53:13.693 18572 18572 D ViewRootImpl: Skipping stats log for color mode
04-15 09:53:13.693 18572 18572 I VRI[MainActivity]@22ae84b: dispatchDetachedFromWindow
04-15 09:53:13.694  1542  3802 D InputTransport: Input channel destroyed: '27c92d4', fd=972
04-15 09:53:13.694  1542  3802 D SurfaceComposerClient: setCornerRadius ## 97bb147 com.google.android.calendar/com.google.android.calendar.allinone.AllInOneCalendarActivity#18444 cornerRadius=0.000000
04-15 09:53:13.695  1542  3802 D SurfaceComposerClient: setCornerRadius ## 97bb147 com.google.android.calendar/com.google.android.calendar.allinone.AllInOneCalendarActivity#18444 cornerRadius=0.000000
04-15 09:53:13.695 18572 18572 D InputTransport: Input channel destroyed: '27c92d4', fd=134
04-15 09:53:13.696 18572 18572 D BBA2    : setIsFg isFg = false; delayValue 3999ms
04-15 09:53:13.696 18572 18572 D InputTransport: Input channel destroyed: 'ClientS', fd=145
04-15 09:53:13.697  1151  1199 I SurfaceFlinger: id=18414 Removed c3cb214 ActivityRecordInputSink com.catfact.app/.MainActivity#18414 (200)
04-15 09:53:13.697  1151  1199 I SurfaceFlinger: id=18450 createSurf, flag=24004, Task=3868#18450
04-15 09:53:13.698  1151  1151 I SurfaceFlinger: [LayerHierarchy{RequestedLayerState{27c92d4 com.catfact.app/com.catfact.app.MainActivity#18413} 1 children}] reparent to OffscreenRoot
04-15 09:53:13.698  1151  1151 I SurfaceFlinger: [LayerHierarchy{RequestedLayerState{27c92d4 com.catfact.app/com.catfact.app.MainActivity#18413} 1 children}] RelativeParent to null
04-15 09:53:13.698  1151  1151 I SurfaceFlinger: [LayerHierarchy{RequestedLayerState{com.catfact.app/com.catfact.app.MainActivity$_18572#18417} no children}] reparent to OffscreenRoot
04-15 09:53:13.698  1151  1151 I SurfaceFlinger: [LayerHierarchy{RequestedLayerState{com.catfact.app/com.catfact.app.MainActivity$_18572#18417} no children}] RelativeParent to null
04-15 09:53:13.698  1151  1151 I SurfaceFlinger: [Task=3868#18450] attach to parent Root
04-15 09:53:13.700  1151  1151 I SurfaceFlinger: id=18413 Removed 27c92d4 com.catfact.app/com.catfact.app.MainActivity#18413 (201)
04-15 09:53:13.700  1151  1151 I SurfaceFlinger: id=18417 Removed com.catfact.app/com.catfact.app.MainActivity$_18572#18417 (201)
04-15 09:53:13.700  2461  2461 I HoneySpace.TaskStackChangeRepositoryImpl: onTaskRemoved : 3868
04-15 09:53:13.700  2461  2461 I HoneySpace.TaskStackChangeRepositoryImpl: onTaskRemoved : 3868
04-15 09:53:13.703  2461  2461 I HoneySpace.TaskListViewModel[173795743]: taskRemoveId, 3868
04-15 09:53:13.704  2461  2584 I HoneySpace.TopTaskSource: onTaskRemoved: 3868
04-15 09:53:13.705  2461  2461 W HoneySpace.TaskListViewModel[173795743]: task is already removed: 3868
04-15 09:53:13.705  2461  2461 I HoneySpace.TaskListViewModel[173795743]: taskRemoveId, 3868
04-15 09:53:13.705  2461  2461 W HoneySpace.TaskListViewModel[173795743]: task is already removed: 3868
04-15 09:53:13.706  1151  1151 I SurfaceFlinger: destroyed 27c92d4 com.catfact.app/com.catfact.app.MainActivity#18413
04-15 09:53:13.706  1151  1151 I SurfaceFlinger: destroyed com.catfact.app/com.catfact.app.MainActivity$_18572#18417
04-15 09:53:13.707  2461  4418 I HoneySpace.RecentTasks: onRunningTaskVanished
04-15 09:53:13.707  1151  1151 I Layer   : id=18413 Destroyed 27c92d4 com.catfact.app/com.catfact.app.MainActivity#18413
04-15 09:53:13.707  2461  4419 I HoneySpace.RecentTasks: onRecentTasksChanged
04-15 09:53:13.707  1151  1151 I Layer   : id=18417 Destroyed com.catfact.app/com.catfact.app.MainActivity$_18572#18417
04-15 09:53:13.708  2461  2584 I HoneySpace.TopTaskSource: onTaskRemoved: 3868
04-15 09:53:13.709 18572 18587 D IdlingRegistry: Unregistering idling resources: [androidx.compose.ui.test.EspressoLink@741efe0]
04-15 09:53:13.713  1151  1151 I SurfaceFlinger: [LayerHierarchy{RequestedLayerState{Task=3868#18406 z=12} 1 children}] reparent to OffscreenRoot
04-15 09:53:13.713  1151  1151 I SurfaceFlinger: [LayerHierarchy{RequestedLayerState{Task=3868#18406 z=12} 1 children}] RelativeParent to null
04-15 09:53:13.713  1151  1151 I SurfaceFlinger: [LayerHierarchy{RequestedLayerState{Task=3868#18450 z=12} no children}] reparent to OffscreenRoot
04-15 09:53:13.713  1151  1151 I SurfaceFlinger: [LayerHierarchy{RequestedLayerState{Task=3868#18450 z=12} no children}] RelativeParent to null
04-15 09:53:13.713  1151  1151 I SurfaceFlinger: [LayerHierarchy{RequestedLayerState{ActivityRecord{121428864 u0 com.catfact.app/.MainActivity t3868}#18407} 1 children}] reparent to OffscreenRoot
04-15 09:53:13.713  1151  1151 I SurfaceFlinger: [LayerHierarchy{RequestedLayerState{ActivityRecord{121428864 u0 com.catfact.app/.MainActivity t3868}#18407} 1 children}] RelativeParent to null
04-15 09:53:13.713  1151  1151 I SurfaceFlinger: id=18407 Removed ActivityRecord{121428864 u0 com.catfact.app/.MainActivity t3868}#18407 (199)
04-15 09:53:13.715 18572 18587 I TestRunner: finished: hiltGraphResolvesAndActivityLaunches(com.catfact.app.navigation.AppNavigationFlowTest)
