04-15 09:53:11.076  2000  2120 I InsetsController: onStateChanged: host=Splash Screen com.catfact.app, from=android.view.ViewRootImpl.onInsetsStateChanged:3026, state=InsetsState: {mDisplayFrame=Rect(0, 0 - 720, 1544), mDisplayCutout=DisplayCutout{insets=Rect(0, 50 - 0, 0) waterfall=Insets{left=0, top=0, right=0, bottom=0} boundingRect={Bounds=[Rect(0, 0 - 0, 0), Rect(341, 0 - 379, 50), Rect(0, 0 - 0, 0), Rect(0, 0 - 0, 0)]} cutoutPathParserInfo={CutoutPathParserInfo{displayWidth=720 displayHeight=1544 physicalDisplayWidth=720 physicalDisplayHeight=1544 density={1.875} cutoutSpec={M 0,0 H -10 V 26.66666666666667 H 10 V 0 H 0 Z @dp} rotation={0} scale={1.0} physicalPixelDisplaySizeRatio={1.0}}} sideOverrides={}}, mRoundedCorners=RoundedCorners{[RoundedCorner{position=TopLeft, radius=8, center=Point(8, 8)}, RoundedCorner{position=TopRight, radius=8, center=Point(712, 8)}, RoundedCorner{position=BottomRight, radius=8, center=Point(712, 1536)}, RoundedCorner{position=BottomLeft, radius=8, center=Point(8, 1536)}]}  mRoundedCornerFrame=Rect(0, 0 - 720, 1544), mPrivacyIndicatorBounds=PrivacyIndicatorBounds {static bounds=Rect(637, 0 - 720, 50) rotation=0}, mDisplayShape=DisplayShape{ spec=-311912193 displayWidth=720 displayHeight=1544 physicalPixelDisplaySizeRatio=0.5 rotation=0 offsetX=0 offsetY=0 scale=1.0}, mSources= { InsetsSource: {ec730001 mType=navigationBars mFrame=[0,1454][720,1544] mVisible=true mFlags= mSideHint=BOTTOM mBoundingRects=null}, InsetsSource: {ec730004 mType=systemGestures mFrame=[0,0][0,0] mVisible=true mFlags= mSideHint=NONE mBoundingRects=null}, InsetsSource: {ec730005 mType=mandatorySystemGestures mFrame=[0,1454][720,1544] mVisible=true mFlags= mSideHint=BOTTOM mBoundingRects=null}, InsetsSource: {ec730006 mType=tappableElement mFrame=[0,1454][720,1544] mVisible=true mFlags= mSideHint=BOTTOM mBoundingRects=null}, InsetsSource: {ec730024 mType=systemGestures mFrame=[0,0][0,0] mVisible=true mFlags= mSideHint=NONE mBoundingRects=null}, InsetsSource: {3 mType=ime mFrame=[0,0][0,0] mVisible=false mFlags= mSideHint=NONE mBoundingRects=null}, InsetsSource: {27 mType=displayCutout mFrame=[0,0][720,50] mVisible=true mFlags= mSideHint=TOP mBoundingRects=null}, InsetsSource: {43950000 mType=statusBars mFrame=[0,0][720,50] mVisible=true mFlags= mSideHint=TOP mBoundingRects=null}, InsetsSource: {43950005 mType=mandatorySystemGestures mFrame=[0,0][720,73] mVisible=true mFlags= mSideHint=TOP mBoundingRects=null}, InsetsSource: {43950006 mType=tappableElement mFrame=[0,0][720,50] mVisible=true mFlags= mSideHint=TOP mBoundingRects=null} }
04-15 09:53:11.076  2000  2120 I VRI[app]@811dde1: onActiveControlsChanged, removed=false, mAdded=true, caller=android.view.ViewRootImpl.handleInsetsControlChanged:3002 android.view.ViewRootImpl$ViewRootHandler.handleMessageImpl:8352 android.view.ViewRootImpl$ViewRootHandler.handleMessage:8301 android.os.Handler.dispatchMessage:110 android.os.Looper.loopOnce:273
04-15 09:53:11.081  1151  1151 I SurfaceFlinger: destroyed Surface(name=3edafdc StatusBar)/@0x3b919ed - animation-leash of insets_animation#18360
04-15 09:53:11.081  1151  1151 I SurfaceFlinger: destroyed Surface(name=8c5cec7 NavigationBar0)/@0xa68870 - animation-leash of insets_animation#18361
04-15 09:53:11.081  1151  1151 I SurfaceFlinger: destroyed Surface(name=3edafdc StatusBar)/@0x3b919ed - animation-leash of insets_animation#18375
04-15 09:53:11.081  1151  1151 I SurfaceFlinger: destroyed Surface(name=8c5cec7 NavigationBar0)/@0xa68870 - animation-leash of insets_animation#18376
04-15 09:53:11.081  1151  1338 D SurfaceFlinger: [input] setFocusedWindow: 6a740a0 com.catfact.app/com.catfact.app.MainActivity
04-15 09:53:11.082  1542  4025 D InputDispatcher: Once focus requested (0): 6a740a0 com.catfact.app/com.catfact.app.MainActivity
04-15 09:53:11.082  1542  4025 D InputDispatcher: Focus request (0): 6a740a0 com.catfact.app/com.catfact.app.MainActivity but waiting because NOT_VISIBLE
04-15 09:53:11.082  1151  1151 I Layer   : id=18360 Destroyed Surface(name=3edafdc StatusBar)/@0x3b919ed - animation-leash of insets_animation#18360
04-15 09:53:11.083  1151  1151 I Layer   : id=18361 Destroyed Surface(name=8c5cec7 NavigationBar0)/@0xa68870 - animation-leash of insets_animation#18361
04-15 09:53:11.083  1151  1151 I Layer   : id=18375 Destroyed Surface(name=3edafdc StatusBar)/@0x3b919ed - animation-leash of insets_animation#18375
04-15 09:53:11.083  1151  1151 I Layer   : id=18376 Destroyed Surface(name=8c5cec7 NavigationBar0)/@0xa68870 - animation-leash of insets_animation#18376
04-15 09:53:11.096 18572 18572 D VRI[MainActivity]@747e498: reportNextDraw android.view.ViewRootImpl.performTraversals:5443 android.view.ViewRootImpl.doTraversal:3924 android.view.ViewRootImpl$TraversalRunnable.run:12903 android.view.Choreographer$CallbackRecord.run:1901 android.view.Choreographer$CallbackRecord.run:1910
04-15 09:53:11.097 18572 18572 D VRI[MainActivity]@747e498: Setup new sync=wmsSync-VRI[MainActivity]@747e498#4
04-15 09:53:11.097 18572 18572 I VRI[MainActivity]@747e498: Creating new active sync group VRI[MainActivity]@747e498#5
04-15 09:53:11.097 18572 18572 D VRI[MainActivity]@747e498: registerCallbacksForSync syncBuffer=false
04-15 09:53:11.114 18572 18572 I View    : setRequestedFrameRate frameRate=0.0, this=androidx.compose.ui.platform.AndroidComposeView{daecf2d VFED..... ........ 0,0-720,1544 aid=1073741824}, caller=android.view.ViewGroup.setRequestedFrameRate:9952 androidx.compose.ui.platform.Api35Impl.setRequestedFrameRate:3822 androidx.compose.ui.platform.AndroidComposeView.dispatchDraw:2114 android.view.View.draw:26345 android.view.View.updateDisplayListIfDirty:25175
04-15 09:53:11.114 18572 18572 I View    : setRequestedFrameRate frameRate=-4.0, this=android.view.View{733d1c6 V.ED..... ......I. 0,0-0,0}, caller=androidx.compose.ui.platform.Api35Impl.setRequestedFrameRate:3822 androidx.compose.ui.platform.AndroidComposeView.dispatchDraw:2115 android.view.View.draw:26345 android.view.View.updateDisplayListIfDirty:25175 android.view.View.draw:26072
04-15 09:53:11.117 18572 18613 D VRI[MainActivity]@747e498: Received frameDrawingCallback syncResult=0 frameNum=1.
04-15 09:53:11.117 18572 18613 I VRI[MainActivity]@747e498: mWNT: t=0xb4000074fc52b110 mBlastBufferQueue=0xb40000741c5cee40 fn= 1 HdrRenderState mRenderHdrSdrRatio=1.0 caller= android.view.ViewRootImpl$12.onFrameDraw:15441 android.view.ThreadedRenderer$1.onFrameDraw:718 <bottom of call stack>
04-15 09:53:11.117 18572 18613 I VRI[MainActivity]@747e498: Setting up sync and frameCommitCallback
04-15 09:53:11.118 18572 18596 I BLASTBufferQueue: [VRI[MainActivity]@747e498#2](f:0,a:0,s:0) onFrameAvailable the first frame is available
04-15 09:53:11.118 18572 18596 I VRI[MainActivity]@747e498: Received frameCommittedCallback lastAttemptedDrawFrameNum=1 didProduceBuffer=true
04-15 09:53:11.118  1151  2479 I SurfaceFlinger: [com.catfact.app/com.catfact.app.MainActivity$_18572#18374] setTransactionState with the first frame. bufferData(ID: 79766132621323, frameNumber: 1)
04-15 09:53:11.119 18572 18596 D HWUI    : CFMS:: SetUp Pid : 18572    Tid : 18596
04-15 09:53:11.119 18572 18572 D VRI[MainActivity]@747e498: reportDrawFinished seqId=0
04-15 09:53:11.120  1542  1585 D SurfaceComposerClient: setCornerRadius ## 6243628 Splash Screen com.catfact.app#18368 cornerRadius=0.000000
04-15 09:53:11.120  1542  1585 D SurfaceComposerClient: setCornerRadius ## 6a740a0 com.catfact.app/com.catfact.app.MainActivity#18373 cornerRadius=0.000000
04-15 09:53:11.120  1542  1585 D SurfaceComposerClient: setCornerRadius ## 6243628 Splash Screen com.catfact.app#18368 cornerRadius=0.000000
04-15 09:53:11.121  1151  1199 I SurfaceFlinger: id=18379 createSurf, flag=24000, Surface(name=6a740a0 com.catfact.app/com.catfact.app.MainActivity)/@0xcdc11d0 - animation-leash of starting_reveal#18379
04-15 09:53:11.121 18572 18572 I Choreographer: Skipped 31 frames!  The application may be doing too much work on its main thread.
04-15 09:53:11.123  1542  1585 D SurfaceComposerClient: setCornerRadius ## 6a740a0 com.catfact.app/com.catfact.app.MainActivity#18373 cornerRadius=0.000000
04-15 09:53:11.123  1542  1585 D SurfaceComposerClient: setCornerRadius ## 6243628 Splash Screen com.catfact.app#18368 cornerRadius=0.000000
04-15 09:53:11.123  1542  1585 D SurfaceComposerClient: setCornerRadius ## 6a740a0 com.catfact.app/com.catfact.app.MainActivity#18373 cornerRadius=0.000000
04-15 09:53:11.123  1542  1585 D SurfaceComposerClient: setCornerRadius ## 6243628 Splash Screen com.catfact.app#18368 cornerRadius=0.000000
04-15 09:53:11.123  1542  1585 D SurfaceComposerClient: setCornerRadius ## 6a740a0 com.catfact.app/com.catfact.app.MainActivity#18373 cornerRadius=0.000000
04-15 09:53:11.125 18572 18572 I InsetsSourceConsumer: applyRequestedVisibilityToControl: visible=true, type=statusBars, host=com.catfact.app/com.catfact.app.MainActivity
04-15 09:53:11.125  2000  2105 D ShellTaskOrganizer: removeStartingWindow, removalInfo=StartingWindowRemovalInfo{taskId=3866 frame=Rect(0, 0 - 720, 1544) playRevealAnimation=true roundedCornerRadius=0.0 deferRemoveMode=0 windowlessSurface=false removeImmediately=false}
04-15 09:53:11.125 18572 18572 I InsetsSourceConsumer: applyRequestedVisibilityToControl: visible=true, type=navigationBars, host=com.catfact.app/com.catfact.app.MainActivity
04-15 09:53:11.126  1151  1151 I SurfaceFlinger: [Surface(name=6a740a0 com.catfact.app/com.catfact.app.MainActivity)/@0xcdc11d0 - animation-leash of starting_reveal#18379] attach to parent LayerHierarchy{RequestedLayerState{ActivityRecord{130087478 u0 com.catfact.app/.MainActivity t3866}#18367 parentId=18366} 4 children}
04-15 09:53:11.131  1542  4025 I SemDvfsHyPerManager: acquire hyper - AMS_RESUME_TAIL/1542@22, type = -999
04-15 09:53:11.131  1542  4025 I SemDvfsHyPerManager: acquire hyper - AMS_ACT_LAZY/1542@23, type = -999
04-15 09:53:11.131  2461  2461 I HoneySpace.EdgePanel.EdgeVisibilityRepository: getComputedTrayVisible : keyguardState = 1
04-15 09:53:11.131  2461  2461 I HoneySpace.EdgePanel.EdgeVisibilityRepository: updateTrayVisible: State = 0x1, visible = true, current containerState = 0, specificMode = 0
04-15 09:53:11.131  2461  2461 I HoneySpace.EdgePanel.EdgeVisibilityRepository: Same container state 0
04-15 09:53:11.132  1059  1180 I HYPER-HAL: [RequestManager.cpp]acquire(): Acquired ID : 1223852  [1542 / 22]    HINT : AMS_RESUME_TAIL    list :
04-15 09:53:11.134  1151  1151 I SurfaceFlinger: RequestedLayer [com.catfact.app/com.catfact.app.MainActivity$_18572#18374] hidden!! flag  from(1) --> to(0)
04-15 09:53:11.134  1151  1151 I SurfaceFlinger: [LayerHierarchy{RequestedLayerState{6a740a0 com.catfact.app/com.catfact.app.MainActivity#18373 parentId=18379} 1 children}] reparent to LayerHierarchy{RequestedLayerState{Surface(name=6a740a0 com.catfact.app/com.catfact.app.MainActivity)/@0xcdc11d0 - animation-leash of starting_reveal#18379 parentId=18367} 1 children}
04-15 09:53:11.135  1059  1180 I HYPER-HAL: [ResourceManager.cpp]removeResource(): [CPULittleMinFreq] RemoveResource Request ID : 1233263
04-15 09:53:11.135 18219 18292 I DigitalKey: [GmsCarKeyFwWorker] runCheckComponentAvailability interval count = 14
04-15 09:53:11.135  1059  1180 I HYPER-HAL: [RequestManager.cpp]releaseLocked(): Released ID : 1233263
04-15 09:53:11.138  2000  2195 I VRI[app]@811dde1: mWNT: t=0xb4000074fc6f0350 mBlastBufferQueue=0xb40000741d17c860 fn= 2 HdrRenderState mRenderHdrSdrRatio=1.0 caller= android.view.SyncRtSurfaceTransactionApplier.applyTransaction:100 android.view.SyncRtSurfaceTransactionApplier.lambda$scheduleApply$0:73 android.view.SyncRtSurfaceTransactionApplier.$r8$lambda$afI4fXg3U3-nBZQEDQMiNy-B06s:0
04-15 09:53:11.138  2000  2195 I VRI[app]@811dde1: mWNT: t=0xb4000074fc761850 mBlastBufferQueue=0xb40000741d17c860 fn= 2 HdrRenderState mRenderHdrSdrRatio=1.0 caller= android.view.SyncRtSurfaceTransactionApplier.applyTransaction:100 android.view.SyncRtSurfaceTransactionApplier.lambda$scheduleApply$0:73 android.view.SyncRtSurfaceTransactionApplier.$r8$lambda$afI4fXg3U3-nBZQEDQMiNy-B06s:0
04-15 09:53:11.138 18219 18292 I DigitalKey: [GmsCarKeyFwWorker] runCheckComponentAvailability disabled yet (count=14)
04-15 09:53:11.138 18219 18292 I DigitalKey: [GmsCarKeyFwWorker] runCheckComponentAvailability interval count = 14
04-15 09:53:11.139 18219 18292 I DigitalKey: [GmsCarKeyFwWorker] runCheckComponentAvailability disabled yet (count=14)
04-15 09:53:11.139  1542  1585 D SurfaceComposerClient: setCornerRadius ## 6243628 Splash Screen com.catfact.app#18368 cornerRadius=0.000000
04-15 09:53:11.139 18219 18292 I DigitalKey: [GmsCarKeyFwWorker] runCheckComponentAvailability interval count = 14
04-15 09:53:11.139  1542  1585 D SurfaceComposerClient: setCornerRadius ## 6a740a0 com.catfact.app/com.catfact.app.MainActivity#18373 cornerRadius=0.000000
04-15 09:53:11.141  1542  1581 I PkgPredictorService-SecIpmManagerServiceImpl: reportToNAP uid:10746 com.catfact.app/com.catfact.app.MainActivity thisTime:375
04-15 09:53:11.141  1542  1581 D PkgPredictorService-SecIpmManagerServiceImpl: reportToNAP: mHeavyLaunchCounter is false
04-15 09:53:11.141  1542  1581 I ActivityTaskManager: Displayed com.catfact.app/.MainActivity for user 0: +375ms
04-15 09:53:11.141 18219 18292 I DigitalKey: [GmsCarKeyFwWorker] runCheckComponentAvailability disabled yet (count=14)
04-15 09:53:11.142  3152  3152 E pageboostd: Received HALT command code 2
04-15 09:53:11.142  1151  1151 D SurfaceFlinger: Display 4633128672291735999 HWC layers:
04-15 09:53:11.142  1151  1151 D SurfaceFlinger:        CLIENT |           17089674871007 | 00002102 | RGBA_8888    |  218.0    0.0  720.0 1544.0 |    0    0  720 1544 | com.google.android.calendar/com.goog[...]AllInOneCalendarActivity$_3979#18359 (13)
04-15 09:53:11.142  1151  1151 D SurfaceFlinger:   SOLID_COLOR |                        0 | 00000000 | N/A          |    0.0    0.0    0.0    0.0 |    0    0  720 1544 | DimTransitionLayer for Surface(name=Task=3866)/@0x57ed2bf#18371 (0)
04-15 09:53:11.142  1151  1151 D SurfaceFlinger:        DEVICE |           79766132621323 | 00002102 | RGBA_8888    |    0.0    0.0  697.0 1544.0 |   23    0  720 1544 | com.catfact.app/com.catfact.app.MainActivity$_18572#18374 (1)
04-15 09:53:11.142  1151  1151 D SurfaceFlinger:        DEVICE |            8589934655718 | 00002100 | RGBA_8888    |    0.0    0.0  697.0 1544.0 |   23    0  720 1544 | Splash Screen com.catfact.app$_2000#18369 (1)
04-15 09:53:11.142  1151  1151 D SurfaceFlinger:        DEVICE |            8589934654704 | 00002100 | RGBA_8888    |    0.0    0.0  720.0   50.0 |    0    0  720   50 | StatusBar$_2000#102 (26059)
04-15 09:53:11.142  1151  1151 D SurfaceFlinger:        DEVICE |           10569914518889 | 00002100 | RGBA_8888    |    0.0    0.0   67.0
04-15 09:53:11.142  1151  1151 D SurfaceFlinger: 353.0 |  653  192  720  545 | com.sec.android.app.launcher/com.sam[...]l.app.CocktailBarService$_2461#16495 (1)
04-15 09:53:11.142  1151  1151 D SurfaceFlinger:        DEVICE |            8589934654705 | 00002100 | RGBA_8888    |    0.0    0.0  720.0   90.0 |    0 1454  720 1544 | NavigationBar0$_2000#98 (16860)
04-15 09:53:11.142  1151  1151 D SurfaceFlinger:
04-15 09:53:11.143  1542  4001 D InputDispatcher: Focus entered window (0): 6a740a0 com.catfact.app/com.catfact.app.MainActivity
04-15 09:53:11.144 18572 18572 D VRI[MainActivity]@747e498: mThreadedRenderer.initializeIfNeeded()#2 mSurface={isValid=true 0xb40000748c5417f0}
04-15 09:53:11.144 18572 18572 D InputMethodManagerUtils: startInputInner - Id : 0
04-15 09:53:11.145 18572 18572 I InputMethodManager: startInputInner - IInputMethodManagerGlobalInvoker.startInputOrWindowGainedFocus
04-15 09:53:11.145  2000  2194 I VRI[app]@811dde1: mWNT: t=0xb4000074fc6f0dd0 mBlastBufferQueue=0xb40000741d17c860 fn= 3 HdrRenderState mRenderHdrSdrRatio=1.0 caller= android.view.SyncRtSurfaceTransactionApplier.applyTransaction:100 android.view.SyncRtSurfaceTransactionApplier.lambda$scheduleApply$0:73 android.view.SyncRtSurfaceTransactionApplier.$r8$lambda$afI4fXg3U3-nBZQEDQMiNy-B06s:0
04-15 09:53:11.149  1542  1750 I ImeTracker: com.catfact.app:906f1431: onRequestHide at ORIGIN_SERVER reason HIDE_UNSPECIFIED_WINDOW fromUser false
04-15 09:53:11.151  1542  3015 I NSLocationMonitor: getGPSUsingApps() called
04-15 09:53:11.152  2982  6680 I NSLocationManager_FLP: getGPSUsingApps, No change
04-15 09:53:11.155  3979  3979 D InputTransport: Input channel destroyed: 'ClientS', fd=213
04-15 09:53:11.156  1542  3015 W Binder  : Outgoing transactions from this process must be FLAG_ONEWAY
04-15 09:53:11.156  1542  3015 W Binder  : java.lang.Throwable
04-15 09:53:11.156  1542  3015 W Binder  : 	at android.os.BinderProxy.transact(BinderProxy.java:566)
04-15 09:53:11.156  1542  3015 W Binder  : 	at android.bluetooth.IBluetoothGatt$Stub$Proxy.getAdvertisingSetUids(IBluetoothGatt.java:1678)
04-15 09:53:11.156  1542  3015 W Binder  : 	at android.bluetooth.BluetoothAdapter.getAdvertisingSetUids(BluetoothAdapter.java:8476)
04-15 09:53:11.156  1542  3015 W Binder  : 	at android.bluetooth.BluetoothAdapter.getHWUsingApps(BluetoothAdapter.java:1342)
04-15 09:53:11.156  1542  3015 W Binder  : 	at com.android.server.am.mars.filter.filter.BlueToothConnectedFilter.updateBTUsingPackages(qb/106579837 41bd6649a5bb053b68d2b16c1bbb7c9198eb32665b636c0bbec506912035f7b6:22)
04-15 09:53:11.156  1542  3015 W Binder  : 	at com.android.server.am.FreecessController.freeze(qb/106579837 41bd6649a5bb053b68d2b16c1bbb7c9198eb32665b636c0bbec506912035f7b6:117)
04-15 09:53:11.156  1542  3015 W Binder  : 	at com.android.server.am.FreecessHandler$MainHandler.handleLcdOnFreeze(qb/106579837 41bd6649a5bb053b68d2b16c1bbb7c9198eb32665b636c0bbec506912035f7b6:55)
04-15 09:53:11.156  1542  3015 W Binder  : 	at com.android.server.am.FreecessHandler$MainHandler.handleMessage(qb/106579837 41bd6649a5bb053b68d2b16c1bbb7c9198eb32665b636c0bbec506912035f7b6:793)
04-15 09:53:11.156  1542  3015 W Binder  : 	at android.os.Handler.dispatchMessage(Handler.java:110)
04-15 09:53:11.156  1542  3015 W Binder  : 	at android.os.Looper.loopOnce(Looper.java:273)
04-15 09:53:11.156  1542  3015 W Binder  : 	at android.os.Looper.loop(Looper.java:363)
04-15 09:53:11.156  1542  3015 W Binder  : 	at android.os.HandlerThread.run(HandlerThread.java:85)
04-15 09:53:11.157  1542  1750 D InputTransport: Input channel constructed: 'ClientS', fd=1230
04-15 09:53:11.158  1542  1750 D InputTransport: Input channel destroyed: 'ClientS', fd=1230
04-15 09:53:11.158  2000  2195 I VRI[app]@811dde1: mWNT: t=0xb4000074fc72ab90 mBlastBufferQueue=0xb40000741d17c860 fn= 4 HdrRenderState mRenderHdrSdrRatio=1.0 caller= android.view.SyncRtSurfaceTransactionApplier.applyTransaction:100 android.view.SyncRtSurfaceTransactionApplier.lambda$scheduleApply$0:73 android.view.SyncRtSurfaceTransactionApplier.$r8$lambda$afI4fXg3U3-nBZQEDQMiNy-B06s:0
04-15 09:53:11.160  3756  3756 I HBD     : HoneyBoardService onFinishInput
04-15 09:53:11.160  3756  3756 I HBD     : a IC have been unbinding,  RemoteInputConnection{idHash=#1abfe02}
04-15 09:53:11.160  3756  3756 I HBD     : HoneyBoardService [PF_CL][onFinishInput]  0 ms
04-15 09:53:11.160  3756  3756 I HBD     : HoneyBoardService [IMI] onStartInput - caller pid : 18572 , caller uid : 10746
04-15 09:53:11.160  3756  3756 I HBD     : k updateConfigs
04-15 09:53:11.161  3756  3756 I HBD     : k isEnabledNightMode : true
04-15 09:53:11.161  3756  3756 I HBD     : a IC have been binding, RemoteInputConnection{idHash=#bb48681}
04-15 09:53:11.161  3756  3756 I HBD     : h [EditorInputType]setPrivateImeOptionsToTable privateImeOptions ( null )
04-15 09:53:11.161  3756  3756 I HBD     : b incognitoMode : false
04-15 09:53:11.161  3756  3756 I HBD     : c needOff = true , isForceOff = false, isNullInputClass : true
04-15 09:53:11.161  3756  3756 I HBD     : h getDefaultInputRange : UNKNOWN
04-15 09:53:11.161  3756  3756 I HBD     : h getDefaultInputRange : UNKNOWN
04-15 09:53:11.161  3756  3756 I HBD     : h getDefaultInputRange : UNKNOWN
04-15 09:53:11.161  3756  3756 I HBD     : c needOff = true , isForceOff = false, isNullInputClass : true
04-15 09:53:11.161  3756  3756 I HBD     : c update cached prediction status : false
04-15 09:53:11.161  3756  3756 I HBD     : h getDefaultInputRange : UNKNOWN
04-15 09:53:11.161  3756  3756 I HBD     : a currentState : 0
04-15 09:53:11.161  3756  3756 I HBD     : a [UpdatePolicy] [post] a: 0 cl: 65538 kit: [0/0] vt: 0 ir: 1
04-15 09:53:11.162  1151  2479 I SurfaceFlinger: id=18380 createSurf, flag=24004, Surface(name=1d7a05f InputMethod)/@0x5f77a9d - animation-leash of insets_animation#18380
04-15 09:53:11.163  2000  2194 I VRI[app]@811dde1: mWNT: t=0xb4000074fc7805d0 mBlastBufferQueue=0xb40000741d17c860 fn= 5 HdrRenderState mRenderHdrSdrRatio=1.0 caller= android.view.SyncRtSurfaceTransactionApplier.applyTransaction:100 android.view.SyncRtSurfaceTransactionApplier.lambda$scheduleApply$0:73 android.view.SyncRtSurfaceTransactionApplier.$r8$lambda$afI4fXg3U3-nBZQEDQMiNy-B06s:0
04-15 09:53:11.166  1151  1151 I SurfaceFlinger: [Surface(name=1d7a05f InputMethod)/@0x5f77a9d - animation-leash of insets_animation#18380] attach to parent LayerHierarchy{RequestedLayerState{WindowToken{d080c22 type=2011 android.os.Binder@459a5ed}#120 parentId=15} 2 children}
04-15 09:53:11.171  1542  4001 I ImeTracker: system_server:825d12a2: onRequestHide at ORIGIN_SERVER reason IME_REQUESTED_CHANGED_LISTENER fromUser false
04-15 09:53:11.172  1542  1584 I ImeTracker: system_server:825d12a2: onCancelled at PHASE_SERVER_SHOULD_HIDE
04-15 09:53:11.172  1542  1585 D SurfaceComposerClient: setCornerRadius ## 6243628 Splash Screen com.catfact.app#18368 cornerRadius=0.000000
04-15 09:53:11.172  1542  1585 D SurfaceComposerClient: setCornerRadius ## 6a740a0 com.catfact.app/com.catfact.app.MainActivity#18373 cornerRadius=0.000000
04-15 09:53:11.172  3756  3756 I HBD     : a [NRIC] resetNoResponseState
04-15 09:53:11.173  3756  3756 I HBD     : c needOff = true , isForceOff = false, isNullInputClass : true
04-15 09:53:11.173  3756  3756 I HBD     : c update cached prediction status : false
04-15 09:53:11.173  3756  3756 I HBD     : b [AiWriter] setContact : com.catfact.app
04-15 09:53:11.173  3756  3756 I HBD     : a [AiWriter] setContact : com.catfact.app
04-15 09:53:11.174  3756  3756 I HBD     : o0 EBD si S 0
04-15 09:53:11.174  3756  3756 I HBD     : r updateContactDBLanguage : 65538
04-15 09:53:11.175  3756  3756 I HBD     : g isCoverDisplay : false, cached selected json info : SelectedLanguageInfo(languageVersion=4.2, currentLanguageOrder=0, selectedLanguageList=[SelectedLanguage(id=65538, isUsed=true, engName=English, inputType=qwerty, activeOptionList=[auto_replace, auto_spacing, writing_assistant], bilingualId=-1), SelectedLanguage(id=5308416, isUsed=true, engName=Arabic, inputType=qwerty, activeOptionList=[auto_replace, auto_spacing], bilingualId=-1)])
04-15 09:53:11.175  3756  3756 I HBD     : g updateSelectedLanguageCache is succeeded. English
04-15 09:53:11.180  3756  3756 I HBD     : l writeToFile path : /data/user/0/com.samsung.android.honeyboard/files/selected.json
04-15 09:53:11.180  3756  3756 I HBD     : l writeToFile json : {"version":"4.2","currentLanguageOrder":0,"selected":[{"activeOptionList":["auto_replace","auto_spacing","writing_assistant"],"bilingualId":-1,"engName":"English","id":65538,"inputType":"qwerty","isUsed":true},{"activeOptionList":["auto_replace","auto_spacing"],"bilingualId":-1,"engName":"Arabic","id":5308416,"inputType":"qwerty","isUsed":true}]}
04-15 09:53:11.181 18572 18581 D InputTransport: Input channel constructed: 'ClientS', fd=145
04-15 09:53:11.181  2000  2195 I VRI[app]@811dde1: mWNT: t=0xb4000074fc72e550 mBlastBufferQueue=0xb40000741d17c860 fn= 6 HdrRenderState mRenderHdrSdrRatio=1.0 caller= android.view.SyncRtSurfaceTransactionApplier.applyTransaction:100 android.view.SyncRtSurfaceTransactionApplier.lambda$scheduleApply$0:73 android.view.SyncRtSurfaceTransactionApplier.$r8$lambda$afI4fXg3U3-nBZQEDQMiNy-B06s:0
04-15 09:53:11.182 18572 18572 I InputMethodManager: handleMessage: setImeVisibility visible=false
04-15 09:53:11.182 18572 18572 D InsetsController: hide(ime(), fromIme=false)
04-15 09:53:11.182 18572 18572 I ImeTracker: com.catfact.app:906f1431: onCancelled at PHASE_CLIENT_ALREADY_HIDDEN
04-15 09:53:11.185  3756  3756 I HBD     : l writeToFile complete
04-15 09:53:11.186  3756  3756 I HBD     : g isCoverDisplay : false, cached selected json info : SelectedLanguageInfo(languageVersion=4.2, currentLanguageOrder=0, selectedLanguageList=[SelectedLanguage(id=65538, isUsed=true, engName=English, inputType=qwerty, activeOptionList=[auto_replace, auto_spacing, writing_assistant], bilingualId=-1), SelectedLanguage(id=5308416, isUsed=true, engName=Arabic, inputType=qwerty, activeOptionList=[auto_replace, auto_spacing], bilingualId=-1)])
04-15 09:53:11.186  3756  3756 I HBD     : n updateActionOptionFromPreference isCover = false
04-15 09:53:11.186  3756  3756 I HBD     : n before lang.activeOptionList =  [auto_replace, auto_spacing, writing_assistant]
04-15 09:53:11.186  1151  1151 I SurfaceFlinger: RequestedLayer [Surface(name=1d7a05f InputMethod)/@0[...]tion-leash of insets_animation#18380] hidden!! flag  from(1) --> to(0)
04-15 09:53:11.187  1151  1151 E SurfaceFlinger: alpha changed 1.000 -> 0.000 - Surface(name=1d7a05f InputMethod)/@0x5f77a9d - animation-leash of insets_animation#18380
04-15 09:53:11.187  1151  1151 I SurfaceFlinger: [LayerHierarchy{RequestedLayerState{ImeContainer#15 parentId=18367 relativeParentId=18367 z=3} 1 children}] reparent to LayerHierarchy{RequestedLayerState{ActivityRecord{130087478 u0 com.catfact.app/.MainActivity t3866}#18367 parentId=18366} 4 children}
04-15 09:53:11.187  1151  1151 I SurfaceFlinger: [LayerHierarchy{RequestedLayerState{ImeContainer#15 parentId=18367 relativeParentId=18367 z=3} 1 children}] RelativeParent to null
04-15 09:53:11.187  1151  1151 I SurfaceFlinger: [LayerHierarchy{RequestedLayerState{1d7a05f InputMethod#134 parentId=18380} no children}] reparent to LayerHierarchy{RequestedLayerState{Surface(name=1d7a05f InputMethod)/@0x5f77a9d - animation-leash of insets_animation#18380 parentId=120} 1 children}
04-15 09:53:11.187  1151  1151 I SurfaceFlinger: [LayerHierarchy{RequestedLayerState{Surface(name=1d7a05f InputMethod)/@0x5f77a9d - animation-leash of insets_animation#18364} no children}] reparent to OffscreenRoot
04-15 09:53:11.187  1151  1151 I SurfaceFlinger: [LayerHierarchy{RequestedLayerState{Surface(name=1d7a05f InputMethod)/@0x5f77a9d - animation-leash of insets_animation#18364} no children}] RelativeParent to null
04-15 09:53:11.188  1542  2477 I WindowManager: Relayout Window{6243628 u0 Splash Screen com.catfact.app}: viewVisibility=8 req=720x1544 ty=3 d0
04-15 09:53:11.188  1542  2477 D SurfaceComposerClient: setCornerRadius ## 6a740a0 com.catfact.app/com.catfact.app.MainActivity#18373 cornerRadius=0.000000
04-15 09:53:11.189  1542  2477 D SurfaceComposerClient: setCornerRadius ## 6243628 Splash Screen com.catfact.app#18368 cornerRadius=0.000000
04-15 09:53:11.189  1542  2477 D SurfaceComposerClient: setCornerRadius ## 6a740a0 com.catfact.app/com.catfact.app.MainActivity#18373 cornerRadius=0.000000
04-15 09:53:11.189  3756  3756 I HBD     : n after lang.activeOptionList = [auto_replace, auto_spacing, writing_assistant]
04-15 09:53:11.189  3756 18748 I HBD     : l Write selected lang for DE
04-15 09:53:11.189  3756  3756 I HBD     : l writeToFile path : /data/user/0/com.samsung.android.honeyboard/files/selected.json
04-15 09:53:11.189  3756  3756 I HBD     : l writeToFile json : {"version":"4.2","currentLanguageOrder":0,"selected":[{"activeOptionList":["auto_replace","auto_spacing","writing_assistant"],"bilingualId":-1,"engName":"English","id":65538,"inputType":"qwerty","isUsed":true},{"activeOptionList":["auto_replace","auto_spacing"],"bilingualId":-1,"engName":"Arabic","id":5308416,"inputType":"qwerty","isUsed":true}]}
04-15 09:53:11.189  1542  2477 I WindowManager: Relayout hash=6243628, pid=2000, syncId=-1: mAttrs={(0,0)(fillxfill) sim={adjust=pan} layoutInDisplayCutoutMode=always ty=APPLICATION_STARTING fmt=TRANSLUCENT wanim=0x1030317
04-15 09:53:11.189  1542  2477 I WindowManager:   fl=81030118
04-15 09:53:11.189  1542  2477 I WindowManager:   pfl=10000810
04-15 09:53:11.189  1542  2477 I WindowManager:   bhv=1
04-15 09:53:11.189  1542  2477 I WindowManager:   fitSides=0
04-15 09:53:11.189  1542  2477 I WindowManager:   frameRateBoostOnTouch=true
04-15 09:53:11.189  1542  2477 I WindowManager:   dvrrWindowFrameRateHint=true naviIconColor=0}
04-15 09:53:11.189  3756 18748 I HBD     : l writeToFile path : /data/user_de/0/com.samsung.android.honeyboard/files/selected.json
04-15 09:53:11.190  3756 18748 I HBD     : l writeToFile json : {"version":"4.2","currentLanguageOrder":0,"selected":[{"activeOptionList":["auto_replace","auto_spacing","writing_assistant"],"bilingualId":-1,"engName":"English","id":65538,"inputType":"qwerty","isUsed":true},{"activeOptionList":["auto_replace","auto_spacing"],"bilingualId":-1,"engName":"Arabic","id":5308416,"inputType":"qwerty","isUsed":true}]}
04-15 09:53:11.190  1218  6568 I CameraService: onUidStateChanged: uid=10048, procState is changed. (1 -> 0)
04-15 09:53:11.191  2000  2120 I VRI[app]@811dde1: onActiveControlsChanged, removed=false, mAdded=true, caller=android.view.ViewRootImpl.handleInsetsControlChanged:3002 android.view.ViewRootImpl.relayoutWindow:11629 android.view.ViewRootImpl.performTraversals:4804 android.view.ViewRootImpl.doTraversal:3924 android.view.ViewRootImpl$TraversalRunnable.run:12903
04-15 09:53:11.192  2000  2120 I VRI[app]@811dde1: Relayout returned: old=(0,0,720,1544) new=(0,0,720,1544) relayoutAsync=false req=(720,1544)8 dur=3 res=0x2 s={false 0x0} ch=true seqId=0
04-15 09:53:11.192  2000  2120 D VRI[app]@811dde1: Not drawing due to not visible. Reason=View.GONE
04-15 09:53:11.192  2000  2120 I VRI[app]@811dde1: dispatchDetachedFromWindow
04-15 09:53:11.192  3756 18748 I HBD     : l writeToFile complete
04-15 09:53:11.193  1151  1378 I SurfaceFlinger: id=18364 Removed Surface(name=1d7a05f InputMethod)/@0x5f77a9d - animation-leash of insets_animation#18364 (188)
04-15 09:53:11.194  3756  3756 I HBD     : l writeToFile complete
04-15 09:53:11.194  3756  3756 I HBD     : m normal : updateLanguage : English
04-15 09:53:11.194  3756  3756 I HBD     : g isCoverDisplay : false, cached selected json info : SelectedLanguageInfo(languageVersion=4.2, currentLanguageOrder=0, selectedLanguageList=[SelectedLanguage(id=65538, isUsed=true, engName=English, inputType=qwerty, activeOptionList=[auto_replace, auto_spacing, writing_assistant], bilingualId=-1), SelectedLanguage(id=5308416, isUsed=true, engName=Arabic, inputType=qwerty, activeOptionList=[auto_replace, auto_spacing], bilingualId=-1)])
04-15 09:53:11.194  3756  3756 I HBD     : g isCoverDisplay : false, cached selected json info : SelectedLanguageInfo(languageVersion=4.2, currentLanguageOrder=0, selectedLanguageList=[SelectedLanguage(id=65538, isUsed=true, engName=English, inputType=qwerty, activeOptionList=[auto_replace, auto_spacing, writing_assistant], bilingualId=-1), SelectedLanguage(id=5308416, isUsed=true, engName=Arabic, inputType=qwerty, activeOptionList=[auto_replace, auto_spacing], bilingualId=-1)])
04-15 09:53:11.194  3756  3756 I HBD     : n updateActionOptionFromPreference isCover = false
04-15 09:53:11.194  3756  3756 I HBD     : n before lang.activeOptionList =  [auto_replace, auto_spacing, writing_assistant]
04-15 09:53:11.195  1151  1151 I SurfaceFlinger: destroyed Surface(name=1d7a05f InputMethod)/@0x5f77a9d - animation-leash of insets_animation#18364
04-15 09:53:11.195  3756  3756 I HBD     : n after lang.activeOptionList = [auto_replace, auto_spacing, writing_assistant]
04-15 09:53:11.196  2000  2000 D SystemUIService: SYSUI_RAM_OPTIMIZATION onTrimMemory=20
04-15 09:53:11.196  2000  2000 D CentralSurfaces: SYSUI_RAM_OPTIMIZATION onTrimMemory=20
04-15 09:53:11.196  3756  3756 I HBD     : l writeToFile path : /data/user/0/com.samsung.android.honeyboard/files/selected.json
04-15 09:53:11.196  3756  3756 I HBD     : l writeToFile json : {"version":"4.2","currentLanguageOrder":0,"selected":[{"activeOptionList":["auto_replace","auto_spacing","writing_assistant"],"bilingualId":-1,"engName":"English","id":65538,"inputType":"qwerty","isUsed":true},{"activeOptionList":["auto_replace","auto_spacing"],"bilingualId":-1,"engName":"Arabic","id":5308416,"inputType":"qwerty","isUsed":true}]}
04-15 09:53:11.196  2000  2196 D HWUI    : CacheManager::trimMemory(20)
04-15 09:53:11.196  1542  2162 D InputTransport: Input channel destroyed: '6243628', fd=1256
04-15 09:53:11.196  3756 18749 I HBD     : l Write selected lang for DE
04-15 09:53:11.196  3756 18749 I HBD     : l writeToFile path : /data/user_de/0/com.samsung.android.honeyboard/files/selected.json
04-15 09:53:11.196  3756 18749 I HBD     : l writeToFile json : {"version":"4.2","currentLanguageOrder":0,"selected":[{"activeOptionList":["auto_replace","auto_spacing","writing_assistant"],"bilingualId":-1,"engName":"English","id":65538,"inputType":"qwerty","isUsed":true},{"activeOptionList":["auto_replace","auto_spacing"],"bilingualId":-1,"engName":"Arabic","id":5308416,"inputType":"qwerty","isUsed":true}]}
04-15 09:53:11.197  1542  2162 D SurfaceComposerClient: setCornerRadius ## 6a740a0 com.catfact.app/com.catfact.app.MainActivity#18373 cornerRadius=0.000000
04-15 09:53:11.197  1151  1151 I Layer   : id=18364 Destroyed Surface(name=1d7a05f InputMethod)/@0x5f77a9d - animation-leash of insets_animation#18364
04-15 09:53:11.197  1542  2162 D SurfaceComposerClient: setCornerRadius ## 6a740a0 com.catfact.app/com.catfact.app.MainActivity#18373 cornerRadius=0.000000
04-15 09:53:11.198  3756  3756 I HBD     : l writeToFile complete
04-15 09:53:11.198  2000  2120 D InputTransport: Input channel destroyed: '6243628', fd=589
04-15 09:53:11.199  3756  3756 I HBD     : m normal : updateLanguage : English
04-15 09:53:11.199  3756  3756 I HBD     : g isCoverDisplay : false, cached selected json info : SelectedLanguageInfo(languageVersion=4.2, currentLanguageOrder=0, selectedLanguageList=[SelectedLanguage(id=65538, isUsed=true, engName=English, inputType=qwerty, activeOptionList=[auto_replace, auto_spacing, writing_assistant], bilingualId=-1), SelectedLanguage(id=5308416, isUsed=true, engName=Arabic, inputType=qwerty, activeOptionList=[auto_replace, auto_spacing], bilingualId=-1)])
04-15 09:53:11.199  3756  3756 I HBD     : g isCoverDisplay : false, cached selected json info : SelectedLanguageInfo(languageVersion=4.2, currentLanguageOrder=0, selectedLanguageList=[SelectedLanguage(id=65538, isUsed=true, engName=English, inputType=qwerty, activeOptionList=[auto_replace, auto_spacing, writing_assistant], bilingualId=-1), SelectedLanguage(id=5308416, isUsed=true, engName=Arabic, inputType=qwerty, activeOptionList=[auto_replace, auto_spacing], bilingualId=-1)])
04-15 09:53:11.199  3756  3756 I HBD     : g updateSelectedLanguageCache is succeeded. English
04-15 09:53:11.199  3756  3756 I HBD     : l writeToFile path : /data/user/0/com.samsung.android.honeyboard/files/selected.json
04-15 09:53:11.199  3756  3756 I HBD     : l writeToFile json : {"version":"4.2","currentLanguageOrder":0,"selected":[{"activeOptionList":["auto_replace","auto_spacing","writing_assistant"],"bilingualId":-1,"engName":"English","id":65538,"inputType":"qwerty","isUsed":true},{"activeOptionList":["auto_replace","auto_spacing"],"bilingualId":-1,"engName":"Arabic","id":5308416,"inputType":"qwerty","isUsed":true}]}
04-15 09:53:11.200  3756 18750 I HBD     : l Write selected lang for DE
04-15 09:53:11.200  3756 18750 I HBD     : l writeToFile path : /data/user_de/0/com.samsung.android.honeyboard/files/selected.json
04-15 09:53:11.200  3756 18750 I HBD     : l writeToFile json : {"version":"4.2","currentLanguageOrder":0,"selected":[{"activeOptionList":["auto_replace","auto_spacing","writing_assistant"],"bilingualId":-1,"engName":"English","id":65538,"inputType":"qwerty","isUsed":true},{"activeOptionList":["auto_replace","auto_spacing"],"bilingualId":-1,"engName":"Arabic","id":5308416,"inputType":"qwerty","isUsed":true}]}
04-15 09:53:11.201  3756  3756 I HBD     : l writeToFile complete
04-15 09:53:11.202  3756 18749 I HBD     : l writeToFile complete
04-15 09:53:11.203  3756  3756 I HBD     : g isCoverDisplay : false, cached selected json info : SelectedLanguageInfo(languageVersion=4.2, currentLanguageOrder=0, selectedLanguageList=[SelectedLanguage(id=65538, isUsed=true, engName=English, inputType=qwerty, activeOptionList=[auto_replace, auto_spacing, writing_assistant], bilingualId=-1), SelectedLanguage(id=5308416, isUsed=true, engName=Arabic, inputType=qwerty, activeOptionList=[auto_replace, auto_spacing], bilingualId=-1)])
04-15 09:53:11.203  3756  3756 I HBD     : g updateSelectedLanguageCache is succeeded. English
04-15 09:53:11.203  3756  3756 I HBD     : l writeToFile path : /data/user/0/com.samsung.android.honeyboard/files/selected.json
04-15 09:53:11.203  3756  3756 I HBD     : l writeToFile json : {"version":"4.2","currentLanguageOrder":0,"selected":[{"activeOptionList":["auto_replace","auto_spacing","writing_assistant"],"bilingualId":-1,"engName":"English","id":65538,"inputType":"qwerty","isUsed":true},{"activeOptionList":["auto_replace","auto_spacing"],"bilingualId":-1,"engName":"Arabic","id":5308416,"inputType":"qwerty","isUsed":true}]}
04-15 09:53:11.205  1542  4001 D SecContentProvider: query(), uri = 17 selection = isSettingsChangesAllowed
04-15 09:53:11.206  1542  1585 D SurfaceComposerClient: setCornerRadius ## 6a740a0 com.catfact.app/com.catfact.app.MainActivity#18373 cornerRadius=0.000000
04-15 09:53:11.206  3756  3756 I HBD     : l writeToFile complete
04-15 09:53:11.206  1542  4001 D SecContentProvider: query(), uri = 17 selection = isSettingsChangesAllowed
04-15 09:53:11.207  3756  2074 I HBD     : u updated Sub Types. English
04-15 09:53:11.208  3756 18752 I HBD     : l Write selected lang for DE
04-15 09:53:11.208  3756 18753 I HBD     : b InputMethodSubtype is set as local:en_GB
04-15 09:53:11.209  3756 18752 I HBD     : l writeToFile path : /data/user_de/0/com.samsung.android.honeyboard/files/selected.json
04-15 09:53:11.209  3756 18752 I HBD     : l writeToFile json : {"version":"4.2","currentLanguageOrder":0,"selected":[{"activeOptionList":["auto_replace","auto_spacing","writing_assistant"],"bilingualId":-1,"engName":"English","id":65538,"inputType":"qwerty","isUsed":true},{"activeOptionList":["auto_replace","auto_spacing"],"bilingualId":-1,"engName":"Arabic","id":5308416,"inputType":"qwerty","isUsed":true}]}
04-15 09:53:11.211  1542  3015 I NSLocationMonitor: getGPSUsingApps() called
04-15 09:53:11.211  3756 18754 I HBD     : l Write selected lang for DE
04-15 09:53:11.211  3756 18754 I HBD     : l writeToFile path : /data/user_de/0/com.samsung.android.honeyboard/files/selected.json
04-15 09:53:11.211  3756 18754 I HBD     : l writeToFile json : {"version":"4.2","currentLanguageOrder":0,"selected":[{"activeOptionList":["auto_replace","auto_spacing","writing_assistant"],"bilingualId":-1,"engName":"English","id":65538,"inputType":"qwerty","isUsed":true},{"activeOptionList":["auto_replace","auto_spacing"],"bilingualId":-1,"engName":"Arabic","id":5308416,"inputType":"qwerty","isUsed":true}]}
04-15 09:53:11.211  2982  6680 I NSLocationManager_FLP: getGPSUsingApps, No change
04-15 09:53:11.211  3756  3756 I HBD     : a [UpdatePolicy] [post] a: 31 cl: 65538 kit: [0/0] vt: 0 ir: 1
04-15 09:53:11.211  1542  4001 D SecContentProvider: query(), uri = 17 selection = isSettingsChangesAllowed
04-15 09:53:11.212  1151  1151 I SurfaceFlinger: RequestedLayer [Splash Screen com.catfact.app$_2000#18369] hidden!! flag  from(0) --> to(1)
04-15 09:53:11.212  1151  1151 I SurfaceFlinger: [LayerHierarchy{RequestedLayerState{6a740a0 com.catfact.app/com.catfact.app.MainActivity#18373 parentId=18367} 1 children}] reparent to LayerHierarchy{RequestedLayerState{ActivityRecord{130087478 u0 com.catfact.app/.MainActivity t3866}#18367 parentId=18366} 5 children}
04-15 09:53:11.212  1151  1151 I SurfaceFlinger: [LayerHierarchy{RequestedLayerState{Surface(name=6a740a0 com.catfact.app/com.catfact.app.MainActivity)/@0xcdc11d0 - animation-leash of starting_reveal#18379} no children}] reparent to OffscreenRoot
04-15 09:53:11.212  1151  1151 I SurfaceFlinger: [LayerHierarchy{RequestedLayerState{Surface(name=6a740a0 com.catfact.app/com.catfact.app.MainActivity)/@0xcdc11d0 - animation-leash of starting_reveal#18379} no children}] RelativeParent to null
04-15 09:53:11.213  1542  4001 D SecContentProvider: query(), uri = 17 selection = isSettingsChangesAllowed
04-15 09:53:11.213  3756  2074 I HBD     : u updated Sub Types. English
04-15 09:53:11.213  3756  3756 I HBD     : HoneyBoardService [PF_OP][onStartInput]  53 ms
04-15 09:53:11.213  3756  3756 I InputMethodService: removeImeSurface
04-15 09:53:11.213  3756  3756 I InputMethodService: cancelImeSurfaceRemoval: removeCallbacks
04-15 09:53:11.214  3756 18758 I HBD     : b InputMethodSubtype is set as local:en_GB
04-15 09:53:11.214  3756  3756 I InputMethodService: scheduleImeSurfaceRemoval: removeImeSurface is posted.
04-15 09:53:11.214  3756  3756 I HBD     : [DirectWriting] DirectWriting emitInputConnection : RemoteInputConnection{idHash=#bb48681}
04-15 09:53:11.215  3756  2074 I HBD     : a [SKE_SPECIFIC] specific model[com.catfact.app] loaded, 898203 ns
04-15 09:53:11.219  1151  1151 D SurfaceFlinger: Display 4633128672291735999 HWC layers:
04-15 09:53:11.219  1151  1151 D SurfaceFlinger:        CLIENT |           17089674871006 | 00002102 | RGBA_8888    |  223.0    0.0  720.0 1544.0 |    0    0  720 1544 | com.google.android.calendar/com.goog[...]AllInOneCalendarActivity$_3979#18359 (14)
04-15 09:53:11.219  1151  1151 D SurfaceFlinger:   SOLID_COLOR |                        0 | 00000000 | N/A          |    0.0    0.0    0.0    0.0 |    0    0  720 1544 | DimTransitionLayer for Surface(name=Task=3866)/@0x57ed2bf#18371 (0)
04-15 09:53:11.219  1151  1151 D SurfaceFlinger:        DEVICE |           79766132621323 | 00002102 | RGBA_8888    |    0.0    0.0  715.0 1544.0 |    5    0  720 1544 | com.catfact.app/com.catfact.app.MainActivity$_18572#18374 (1)
04-15 09:53:11.219  1151  1151 D SurfaceFlinger:        DEVICE |            8589934654704 | 00002100 | RGBA_8888    |    0.0    0.0  720.0   50.0 |    0    0  720   50 | StatusBar$_2000#102 (26059)
04-15 09:53:11.219  1151  1151 D SurfaceFlinger:        DEVICE |           10569914518889 | 00002100 | RGBA_8888    |    0.0    0.0   67.0  353.0 |  653  192  720  545 | com.sec.android.app.launcher/com.sam[...]l.app.CocktailBarService$_2461#16495 (1)
04-15 09:53:11.219  1151  1151 D SurfaceFlinger:        DEVICE |            8589934654705 | 00002100 | R
04-15 09:53:11.220  1151  1151 D SurfaceFlinger: GBA_8888    |    0.0    0.0  720.0   90.0 |    0 1454  720 1544 | NavigationBar0$_2000#98 (16860)
04-15 09:53:11.220  1151  1151 D SurfaceFlinger:
04-15 09:53:11.237  3756 18752 I HBD     : l writeToFile complete
04-15 09:53:11.237  3756 18750 E AtomicFile: Failed to rename /data/user_de/0/com.samsung.android.honeyboard/files/selected.json.new to /data/user_de/0/com.samsung.android.honeyboard/files/selected.json
04-15 09:53:11.237  3756 18750 I HBD     : l writeToFile complete
04-15 09:53:11.238  3756 18754 I HBD     : l writeToFile complete
04-15 09:53:11.283  1151  1151 D SurfaceFlinger: Display 4633128672291735999 HWC layers:
04-15 09:53:11.283  1151  1151 D SurfaceFlinger:        DEVICE |           79766132621323 | 00002102 | RGBA_8888    |    0.0    0.0  720.0 1544.0 |    0    0  720 1544 | com.catfact.app/com.catfact.app.MainActivity$_18572#18374 (1)
04-15 09:53:11.283  1151  1151 D SurfaceFlinger:        DEVICE |            8589934654704 | 00002100 | RGBA_8888    |    0.0    0.0  720.0   50.0 |    0    0  720   50 | StatusBar$_2000#102 (26059)
04-15 09:53:11.283  1151  1151 D SurfaceFlinger:        DEVICE |           10569914518889 | 00002100 | RGBA_8888    |    0.0    0.0   67.0  353.0 |  653  192  720  545 | com.sec.android.app.launcher/com.sam[...]l.app.CocktailBarService$_2461#16495 (1)
04-15 09:53:11.283  1151  1151 D SurfaceFlinger:        DEVICE |            8589934654705 | 00002100 | RGBA_8888    |    0.0    0.0  720.0   90.0 |    0 1454  720 1544 | NavigationBar0$_2000#98 (16860)
04-15 09:53:11.283  1151  1151 D SurfaceFlinger:
04-15 09:53:11.290  2000  2105 I SurfaceControlRegistry: apply, t=FinishTransaction_SyncId<1643>, caller=android.view.SurfaceControl$Transaction.apply:3459 android.view.SurfaceControl$Transaction.apply:3447 android.view.SurfaceControl$Transaction.apply:3397 com.android.wm.shell.transition.Transitions.onFinish:315 com.android.wm.shell.transition.Transitions$$ExternalSyntheticLambda7.onTransitionFinished:12 com.android.wm.shell.transition.DefaultTransitionHandler$$ExternalSyntheticLambda2.run:36
04-15 09:53:11.294  1542  2162 D SurfaceComposerClient: setCornerRadius ## 6a740a0 com.catfact.app/com.catfact.app.MainActivity#18373 cornerRadius=0.000000
04-15 09:53:11.294  1542  2162 D SurfaceComposerClient: setCornerRadius ## 6a740a0 com.catfact.app/com.catfact.app.MainActivity#18373 cornerRadius=0.000000
04-15 09:53:11.295  1151  1151 I SurfaceFlinger: RequestedLayer [Task=3801#16292] hidden!! flag  from(0) --> to(1)
04-15 09:53:11.295  1151  1151 I SurfaceFlinger: [Display 0 name="Built-in Screen"#49] setFrameRateCategory: Default
04-15 09:53:11.295  1151  1151 I SurfaceFlinger: [LayerHierarchy{RequestedLayerState{Task=3801#16292 parentId=10 z=12} 1 children}] reparent to LayerHierarchy{RequestedLayerState{DefaultTaskDisplayArea_d0#10 parentId=9} 16 children}
04-15 09:53:11.295  1151  1151 I SurfaceFlinger: [LayerHierarchy{RequestedLayerState{Task=3866#18366 parentId=10 z=13} 2 children}] reparent to LayerHierarchy{RequestedLayerState{DefaultTaskDisplayArea_d0#10 parentId=9} 17 children}
04-15 09:53:11.295  1151  1151 I SurfaceFlinger: [LayerHierarchy{RequestedLayerState{Transition Root: Task=3866#18370 z=13} 1 children}] reparent to OffscreenRoot
04-15 09:53:11.295  1151  1151 I SurfaceFlinger: [LayerHierarchy{RequestedLayerState{Transition Root: Task=3866#18370 z=13} 1 children}] RelativeParent to null
04-15 09:53:11.295  1151  1151 I SurfaceFlinger: [LayerHierarchy{RequestedLayerState{DimTransitionLayer for Surface(name=Task=3866)/@0x57ed2bf#18371 z=-1} no children}] reparent to OffscreenRoot
04-15 09:53:11.295  1151  1151 I SurfaceFlinger: [LayerHierarchy{RequestedLayerState{DimTransitionLayer for Surface(name=Task=3866)/@0x57ed2bf#18371 z=-1} no children}] RelativeParent to null
04-15 09:53:11.297  1151  1151 I SurfaceFlinger: id=18371 Removed DimTransitionLayer for Surface(name=Task=3866)/@0x57ed2bf#18371 (187)
04-15 09:53:11.297  1151  1151 I SurfaceFlinger: id=18370 Removed Transition Root: Task=3866#18370 (187)
04-15 09:53:11.303  1151  1151 I SurfaceFlinger: RequestedLayer [com.google.android.calendar/com.goog[...]AllInOneCalendarActivity$_3979#18359] hidden!! flag  from(0) --> to(1)
04-15 09:53:11.303  1151  1151 I SurfaceFlinger: RequestedLayer [ActivityRecord{243114305 u0 com.goog[...]llInOneCalendarActivity t3801}#16293] hidden!! flag  from(0) --> to(1)
04-15 09:53:11.303  1151  1151 I SurfaceFlinger: destroyed Transition Root: Task=3866#18370
04-15 09:53:11.303  1151  1151 I SurfaceFlinger: destroyed DimTransitionLayer for Surface(name=Task=3866)/@0x57ed2bf#18371
04-15 09:53:11.304  1151  1151 I SurfaceFlinger: [LayerHierarchy{RequestedLayerState{ImeContainer#15 parentId=18367 relativeParentId=18373 z=1} 1 children}] RelativeParent to LayerHierarchy{RequestedLayerState{6a740a0 com.catfact.app/com.catfact.app.MainActivity#18373 parentId=18367} 2 children}
04-15 09:53:11.304  1151  1151 I SurfaceFlinger: [LayerHierarchy{RequestedLayerState{6243628 Splash Screen com.catfact.app#18368 z=2147483647} 1 children}] reparent to OffscreenRoot
04-15 09:53:11.304  1151  1151 I SurfaceFlinger: [LayerHierarchy{RequestedLayerState{6243628 Splash Screen com.catfact.app#18368 z=2147483647} 1 children}] RelativeParent to null
04-15 09:53:11.304  1151  1151 I SurfaceFlinger: [LayerHierarchy{RequestedLayerState{Splash Screen com.catfact.app$_2000#18369} no children}] reparent to OffscreenRoot
04-15 09:53:11.304  1151  1151 I SurfaceFlinger: [LayerHierarchy{RequestedLayerState{Splash Screen com.catfact.app$_2000#18369} no children}] RelativeParent to null
04-15 09:53:11.304  1542  1585 D SurfaceComposerClient: setCornerRadius ## 6a740a0 com.catfact.app/com.catfact.app.MainActivity#18373 cornerRadius=0.000000
04-15 09:53:11.305  1151  1151 I Layer   : id=18370 Destroyed Transition Root: Task=3866#18370
04-15 09:53:11.305  1151  1151 I Layer   : id=18371 Destroyed DimTransitionLayer for Surface(name=Task=3866)/@0x57ed2bf#18371
04-15 09:53:11.306  1151  1151 I SurfaceFlinger: id=18368 Removed 6243628 Splash Screen com.catfact.app#18368 (185)
04-15 09:53:11.306  1151  1151 I SurfaceFlinger: id=18369 Removed Splash Screen com.catfact.app$_2000#18369 (185)
04-15 09:53:11.308  8561  8655 I SCS@AiSearch user 0: (AppsDataWorker) [androidx.work-2] entering in doWork():
04-15 09:53:11.308  8561  8655 I SCS@AiSearch user 0: (AppsDataObserver) [androidx.work-2] entering in execute():
04-15 09:53:11.308  8561  8655 I SCS@AiSearch user 0: (AppsDataObserver-CMD_UPDATE_LIST) changed package count: 1
04-15 09:53:11.311  2461  4432 I HoneySpace.Memory-Monitor: current state = 2, didTrim = false
04-15 09:53:11.311  1151  1151 I SurfaceFlinger: destroyed 6243628 Splash Screen com.catfact.app#18368
04-15 09:53:11.311  1151  1151 I SurfaceFlinger: destroyed Splash Screen com.catfact.app$_2000#18369
04-15 09:53:11.312  2000  2000 D SystemUIService: SYSUI_RAM_OPTIMIZATION onTrimMemory=20
04-15 09:53:11.312  2000  2000 D CentralSurfaces: SYSUI_RAM_OPTIMIZATION onTrimMemory=20
