04-15 09:53:12.170  1151  1151 I SurfaceFlinger: RequestedLayer [Splash Screen com.catfact.app.test$_2000#18384] hidden!! flag  from(0) --> to(1)
04-15 09:53:12.171 18759 18788 D WM-SystemJobScheduler: Scheduling work ID 35bc00d4-c5e5-41b0-98a6-2f392c748300Job ID 36442
04-15 09:53:12.171  2000  2120 D InputTransport: Input channel destroyed: '4d3a880', fd=575
04-15 09:53:12.172  1542  1585 D SurfaceComposerClient: setCornerRadius ## a92626e Splash Screen com.google.android.calendar#18392 cornerRadius=0.000000
04-15 09:53:12.172  1542  1585 D SurfaceComposerClient: setCornerRadius ## cf3dde com.google.android.calendar/com.google.android.calendar.allinone.AllInOneCalendarActivity#18399 cornerRadius=0.000000
04-15 09:53:12.173  1151  1151 D SurfaceFlinger: Display 4633128672291735999 HWC layers:
04-15 09:53:12.173  1151  1151 D SurfaceFlinger:        DEVICE |            8589934655736 | 00002100 | RGBA_8888    |  116.0    0.0  720.0 1544.0 |    0    0  604 1544 | Splash Screen com.google.android.calendar$_2000#18393 (1)
04-15 09:53:12.173  1151  1151 D SurfaceFlinger:   SOLID_COLOR |                        0 | 00000000 | N/A          |    0.0    0.0    0.0    0.0 |    0    0  720 1544 | DimTransitionLayer for Surface(name=Task=3867)/@0xdafc344#18395 (0)
04-15 09:53:12.173  1151  1151 D SurfaceFlinger:        DEVICE |           80049600462857 | 00002102 | RGBA_8888    |    0.0    0.0  370.0 1544.0 |  350    0  720 1544 | com.catfact.app.test/androidx.test.c[...]tyInvoker$EmptyActivity$_18638#18391 (1)
04-15 09:53:12.173  1151  1151 D SurfaceFlinger:        DEVICE |            8589934654687 | 00002100 | RGBA_8888    |    0.0    0.0  720.0   50.0 |    0    0  720   50 | StatusBar$_2000#102 (26082)
04-15 09:53:12.173  1151  1151 D SurfaceFlinger:        DEVICE |           10569914518889 | 00002100 | RGBA_8888    |    0.0    0.0   67.0  353.0 |  653  192  720  545 | com.sec.android.app.launcher/com.sam[...]l.app.CocktailBarService$_2461#16495 (1)
04-15 09:53:12.173  1151  1151 D SurfaceFlinger:        DEVICE |            8589934654693 | 00002100 | RGBA_8
04-15 09:53:12.173  1151  1151 D SurfaceFlinger: 888    |    0.0    0.0  720.0   90.0 |    0 1454  720 1544 | NavigationBar0$_2000#98 (16883)
04-15 09:53:12.173  1151  1151 D SurfaceFlinger:
04-15 09:53:12.173  1542  2473 I WindowManager: Relayout Window{cf3dde u0 com.google.android.calendar/com.google.android.calendar.allinone.AllInOneCalendarActivity}: viewVisibility=0 req=720x1544 ty=1 d0
04-15 09:53:12.173  1151  1378 I SurfaceFlinger: id=18400 createSurf, flag=44004, com.google.android.calendar/com.google.android.calendar.allinone.AllInOneCalendarActivity$_3979#18400
04-15 09:53:12.174  2000  2000 D SystemUIService: SYSUI_RAM_OPTIMIZATION onTrimMemory=20
04-15 09:53:12.174  2000  2000 D CentralSurfaces: SYSUI_RAM_OPTIMIZATION onTrimMemory=20
04-15 09:53:12.174  2000  2196 D HWUI    : CacheManager::trimMemory(20)
04-15 09:53:12.175  1542  2473 D SurfaceComposerClient: setCornerRadius ## a92626e Splash Screen com.google.android.calendar#18392 cornerRadius=0.000000
04-15 09:53:12.175  1542  2473 D SurfaceComposerClient: setCornerRadius ## cf3dde com.google.android.calendar/com.google.android.calendar.allinone.AllInOneCalendarActivity#18399 cornerRadius=0.000000
04-15 09:53:12.175  1542  2473 D SurfaceComposerClient: setCornerRadius ## a92626e Splash Screen com.google.android.calendar#18392 cornerRadius=0.000000
04-15 09:53:12.175  1542  2473 D SurfaceComposerClient: setCornerRadius ## cf3dde com.google.android.calendar/com.google.android.calendar.allinone.AllInOneCalendarActivity#18399 cornerRadius=0.000000
04-15 09:53:12.176  1151  1378 I SurfaceFlinger: id=18401 createSurf, flag=24000, Surface(name=3edafdc StatusBar)/@0x3b919ed - animation-leash of insets_animation#18401
04-15 09:53:12.177 18759 18788 D WM-SystemJobScheduler: Scheduling work ID 65b099e4-2c0c-464e-8258-fcea7bdf9be2Job ID 36443
04-15 09:53:12.178  1151  1378 I SurfaceFlinger: id=18402 createSurf, flag=24000, Surface(name=8c5cec7 NavigationBar0)/@0xa68870 - animation-leash of insets_animation#18402
04-15 09:53:12.178  1151  1151 I SurfaceFlinger: [LayerHierarchy{RequestedLayerState{e25d540 com.catfact.app.test/androidx.test.core.app.InstrumentationActivityInvoker$EmptyActivity#18390 parentId=18382} 1 children}] reparent to LayerHierarchy{RequestedLayerState{ActivityRecord{143575888 u0 com.catfact.app.test/androidx.test.core.app.InstrumentationActivityInvoker$EmptyActivity t3867}#18382 parentId=18381} 4 children}
04-15 09:53:12.178  1151  1151 I SurfaceFlinger: [LayerHierarchy{RequestedLayerState{4d3a880 Splash Screen com.catfact.app.test#18383 z=2147483647} 1 children}] reparent to OffscreenRoot
04-15 09:53:12.178  1151  1151 I SurfaceFlinger: [LayerHierarchy{RequestedLayerState{4d3a880 Splash Screen com.catfact.app.test#18383 z=2147483647} 1 children}] RelativeParent to null
04-15 09:53:12.178  1151  1151 I SurfaceFlinger: [LayerHierarchy{RequestedLayerState{Splash Screen com.catfact.app.test$_2000#18384} no children}] reparent to OffscreenRoot
04-15 09:53:12.178  1151  1151 I SurfaceFlinger: [LayerHierarchy{RequestedLayerState{Splash Screen com.catfact.app.test$_2000#18384} no children}] RelativeParent to null
04-15 09:53:12.178  1151  1151 I SurfaceFlinger: [LayerHierarchy{RequestedLayerState{Surface(name=e25d540 com.catfact.app.test/androidx.test.core.app.InstrumentationActivityInvoker$EmptyActivity)/@0xbdc1de8 - animation-leash of starting_reveal#18398} no children}] reparent to OffscreenRoot
04-15 09:53:12.178  1151  1151 I SurfaceFlinger: [LayerHierarchy{RequestedLayerState{Surface(name=e25d540 com.catfact.app.test/androidx.test.core.app.InstrumentationActivityInvoker$EmptyActivity)/@0xbdc1de8 - animation-leash of starting_reveal#18398} no children}] RelativeParent to null
04-15 09:53:12.178  1151  1151 I SurfaceFlinger: [com.google.android.calendar/com.google.android.calendar.allinone.AllInOneCalendarActivity$_3979#18400] attach to parent LayerHierarchy{RequestedLayerState{cf3dde com.google.android.calendar/com.google.android.calendar.allinone.AllInOneCalendarActivity#18399 parentId=16293} 1 children}
04-15 09:53:12.178  1151  1151 I SurfaceFlinger: [Surface(name=3edafdc StatusBar)/@0x3b919ed - animation-leash of insets_animation#18401] attach to parent LayerHierarchy{RequestedLayerState{WindowToken{7a8fc4f type=2000 android.os.BinderProxy@a9d7329}#94 parentId=17} 2 children}
04-15 09:53:12.178  1151  1151 I SurfaceFlinger: [Surface(name=8c5cec7 NavigationBar0)/@0xa68870 - animation-leash of insets_animation#18402] attach to parent LayerHierarchy{RequestedLayerState{WindowToken{fc018e2 type=2019 android.os.BinderProxy@bda3ac4}#90 parentId=34} 2 children}
04-15 09:53:12.179  1151  1151 I SurfaceFlinger: id=18384 Removed Splash Screen com.catfact.app.test$_2000#18384 (197)
04-15 09:53:12.180  1542  2473 I SystemKeyManager: requested systemKeyInfo size=1 focusedWindow=com.google.android.calendar/com.google.android.calendar.allinone.AllInOneCalendarActivity
04-15 09:53:12.180  1542  2473 I SystemKeyManager: requested systemKeyInfo size=1 focusedWindow=com.google.android.calendar/com.google.android.calendar.allinone.AllInOneCalendarActivity
04-15 09:53:12.181  1542  2473 I WindowManager: Relayout hash=cf3dde, pid=3979, syncId=-1: mAttrs={(0,0)(fillxfill) sim={adjust=pan} layoutInDisplayCutoutMode=always ty=BASE_APPLICATION wanim=0x1030317
04-15 09:53:12.181  1542  2473 I WindowManager:   fl=81810100
04-15 09:53:12.181  1542  2473 I WindowManager:   pfl=100088c0
04-15 09:53:12.181  1542  2473 I WindowManager:   vsysui=700
04-15 09:53:12.181  1542  2473 I WindowManager:   bhv=1
04-15 09:53:12.181  1542  2473 I WindowManager:   fitSides=0
04-15 09:53:12.181  1542  2473 I WindowManager:   frameRateBoostOnTouch=true
04-15 09:53:12.181  1542  2473 I WindowManager:   dvrrWindowFrameRateHint=true naviIconColor=0}
04-15 09:53:12.182  3979  3979 I BLASTBufferQueue_Java: new BLASTBufferQueue, mName= VRI[AllInOneCalendarActivity]@d9f489d mNativeObject= 0xb40000741c55e740 caller= android.view.ViewRootImpl.updateBlastSurfaceIfNeeded:3585 android.view.ViewRootImpl.relayoutWindow:11685 android.view.ViewRootImpl.performTraversals:4804 android.view.ViewRootImpl.doTraversal:3924 android.view.ViewRootImpl$TraversalRunnable.run:12903 android.view.Choreographer$CallbackRecord.run:1901 android.view.Choreographer$CallbackRecord.run:1910 android.view.Choreographer.doCallbacks:1367 android.view.Choreographer.doFrame:1292 android.view.Choreographer$FrameDisplayEventReceiver.run:1870
04-15 09:53:12.182  3979  3979 I BLASTBufferQueue_Java: update, w= 720 h= 1544 mName = VRI[AllInOneCalendarActivity]@d9f489d mNativeObject= 0xb40000741c55e740 sc.mNativeObject= 0xb40000751c4f76d0 format= -1 caller= android.view.ViewRootImpl.updateBlastSurfaceIfNeeded:3590 android.view.ViewRootImpl.relayoutWindow:11685 android.view.ViewRootImpl.performTraversals:4804 android.view.ViewRootImpl.doTraversal:3924 android.view.ViewRootImpl$TraversalRunnable.run:12903 android.view.Choreographer$CallbackRecord.run:1901
04-15 09:53:12.183  3979  3979 I VRI[AllInOneCalendarActivity]@d9f489d: Relayout returned: old=(0,0,720,1544) new=(0,0,720,1544) relayoutAsync=false req=(720,1544)0 dur=10 res=0x3 s={true 0xb40000748c5eae20} ch=true seqId=0
04-15 09:53:12.183  3979  3979 I VRI[AllInOneCalendarActivity]@d9f489d: performConfigurationChange setNightDimText nightDimLevel=0
04-15 09:53:12.184  3979  3979 D VRI[AllInOneCalendarActivity]@d9f489d: mThreadedRenderer.initialize() mSurface={isValid=true 0xb40000748c5eae20} hwInitialized=true
04-15 09:53:12.187  1151  1151 I SurfaceFlinger: destroyed Splash Screen com.catfact.app.test$_2000#18384
04-15 09:53:12.187  1151  1151 I SurfaceFlinger: [LayerHierarchy{RequestedLayerState{8c5cec7 NavigationBar0#91 parentId=18402} 1 children}] reparent to LayerHierarchy{RequestedLayerState{Surface(name=8c5cec7 NavigationBar0)/@0xa68870 - animation-leash of insets_animation#18402 parentId=90} 1 children}
04-15 09:53:12.187  1151  1151 I SurfaceFlinger: [LayerHierarchy{RequestedLayerState{3edafdc StatusBar#95 parentId=18401} 1 children}] reparent to LayerHierarchy{RequestedLayerState{Surface(name=3edafdc StatusBar)/@0x3b919ed - animation-leash of insets_animation#18401 parentId=94} 1 children}
04-15 09:53:12.187  1151  1151 I SurfaceFlinger: [LayerHierarchy{RequestedLayerState{Surface(name=8c5cec7 NavigationBar0)/@0xa68870 - animation-leash of insets_animation#18397} no children}] reparent to OffscreenRoot
04-15 09:53:12.187  1151  1151 I SurfaceFlinger: [LayerHierarchy{RequestedLayerState{Surface(name=8c5cec7 NavigationBar0)/@0xa68870 - animation-leash of insets_animation#18397} no children}] RelativeParent to null
04-15 09:53:12.187  1151  1151 I SurfaceFlinger: [LayerHierarchy{RequestedLayerState{Surface(name=3edafdc StatusBar)/@0x3b919ed - animation-leash of insets_animation#18396} no children}] reparent to OffscreenRoot
04-15 09:53:12.187  1151  1151 I SurfaceFlinger: [LayerHierarchy{RequestedLayerState{Surface(name=3edafdc StatusBar)/@0x3b919ed - animation-leash of insets_animation#18396} no children}] RelativeParent to null
04-15 09:53:12.190  1151  1151 I Layer   : id=18384 Destroyed Splash Screen com.catfact.app.test$_2000#18384
04-15 09:53:12.192 18759 18788 D WM-SystemJobScheduler: Scheduling work ID 0df6dc9d-a74b-42dd-9173-d4852c630e87Job ID 36444
04-15 09:53:12.194  1151  1338 D SurfaceFlinger: [input] setFocusedWindow: cf3dde com.google.android.calendar/com.google.android.calendar.allinone.AllInOneCalendarActivity
04-15 09:53:12.194  1542  4025 D InputDispatcher: Once focus requested (0): cf3dde com.google.android.calendar/com.google.android.calendar.allinone.AllInOneCalendarActivity
04-15 09:53:12.194  1542  4025 D InputDispatcher: Focus request (0): cf3dde com.google.android.calendar/com.google.android.calendar.allinone.AllInOneCalendarActivity but waiting because NO_WINDOW
04-15 09:53:12.196  3979  3979 W View    : requestLayout() improperly called by com.google.android.material.textview.MaterialTextView{b34e547 V.ED..... ......ID 0,0-194,105 #7f0b01cc app:id/date_picker_text_view} during layout: running second layout pass
04-15 09:53:12.197  3979  3979 D VRI[AllInOneCalendarActivity]@d9f489d: reportNextDraw android.view.ViewRootImpl.performTraversals:5443 android.view.ViewRootImpl.doTraversal:3924 android.view.ViewRootImpl$TraversalRunnable.run:12903 android.view.Choreographer$CallbackRecord.run:1901 android.view.Choreographer$CallbackRecord.run:1910
04-15 09:53:12.197  3979  3979 D VRI[AllInOneCalendarActivity]@d9f489d: Canceling draw. cancelDueToPreDrawListener=true cancelDueToSync=false
04-15 09:53:12.198 18759 18788 D WM-SystemJobScheduler: Scheduling work ID 87cf59dd-40d0-477c-844a-51a2f829cda0Job ID 36471
04-15 09:53:12.202  1542  2477 D SyncManager: userId - 0 auto - true
04-15 09:53:12.202 18759 18788 D WM-SystemJobScheduler: Scheduling work ID def66254-73cd-4163-b47d-f5ec7cbc4d41Job ID 36476
04-15 09:53:12.203  3979  4808 D HWUI    : HWUI - treat SMPTE_170M as sRGB
04-15 09:53:12.205  2000  2120 I VRI[calendar]@6cb2f05: onActiveControlsChanged, removed=false, mAdded=true, caller=android.view.ViewRootImpl.handleInsetsControlChanged:3002 android.view.ViewRootImpl$ViewRootHandler.handleMessageImpl:8352 android.view.ViewRootImpl$ViewRootHandler.handleMessage:8301 android.os.Handler.dispatchMessage:110 android.os.Looper.loopOnce:273
04-15 09:53:12.205  1151  1378 I SurfaceFlinger: id=18396 Removed Surface(name=3edafdc StatusBar)/@0x3b919ed - animation-leash of insets_animation#18396 (196)
04-15 09:53:12.206  1151  2479 I SurfaceFlinger: id=18397 Removed Surface(name=8c5cec7 NavigationBar0)/@0xa68870 - animation-leash of insets_animation#18397 (196)
04-15 09:53:12.212  1151  1151 I SurfaceFlinger: destroyed Surface(name=8c5cec7 NavigationBar0)/@0xa68870 - animation-leash of insets_animation#18397
04-15 09:53:12.212  1151  1151 I SurfaceFlinger: destroyed Surface(name=3edafdc StatusBar)/@0x3b919ed - animation-leash of insets_animation#18396
04-15 09:53:12.212  3979  3979 I InsetsSourceConsumer: applyRequestedVisibilityToControl: visible=true, type=statusBars, host=com.google.android.calendar/com.google.android.calendar.allinone.AllInOneCalendarActivity
04-15 09:53:12.213  3979  3979 I InsetsSourceConsumer: applyRequestedVisibilityToControl: visible=true, type=navigationBars, host=com.google.android.calendar/com.google.android.calendar.allinone.AllInOneCalendarActivity
04-15 09:53:12.214  3979  3979 D WindowLayoutComponentImpl: Register WindowLayoutInfoListener on Context=com.google.android.calendar.allinone.AllInOneCalendarActivity@5af704, of which baseContext=cal.ym@3d9c588, of which baseContext=android.app.ContextImpl@d18bb21
04-15 09:53:12.214 18759 18788 D WM-SystemJobScheduler: Scheduling work ID d4ae0e28-8ec7-4d56-9bd4-dc2a7c9514edJob ID 36478
04-15 09:53:12.215  1151  1151 I Layer   : id=18397 Destroyed Surface(name=8c5cec7 NavigationBar0)/@0xa68870 - animation-leash of insets_animation#18397
04-15 09:53:12.215  1151  1151 I Layer   : id=18396 Destroyed Surface(name=3edafdc StatusBar)/@0x3b919ed - animation-leash of insets_animation#18396
04-15 09:53:12.221  2000  2000 D QSClock : onDarkChanged tint=WHITE
04-15 09:53:12.222 18759 18788 D WM-SystemJobScheduler: Scheduling work ID 7fd4da96-d588-4a15-8441-41ef53c5e09cJob ID 36479
04-15 09:53:12.225 18759 18788 D WM-GreedyScheduler: Ignoring {WorkSpec: a5b47666-6166-4085-9798-bed3cefd9363}. Requires device idle.
04-15 09:53:12.239 18759 18788 D WM-PackageManagerHelper: Skipping component enablement for androidx.work.impl.background.systemalarm.RescheduleReceiver
04-15 09:53:12.248  3979 18670 I Kumiho-Kumiho: getPackageName: com.google.android.syncadapters.calendar
04-15 09:53:12.250  3979 18670 I Kumiho-Kumiho: getPackageName: com.google.android.syncadapters.calendar
04-15 09:53:12.253  1151  1151 E SurfaceFlinger: alpha changed 0.010 -> 0.000 - DimTransitionLayer for Surface(name=Task=3867)/@0xdafc344#18395
04-15 09:53:12.256  1151  1151 D SurfaceFlinger: Display 4633128672291735999 HWC layers:
04-15 09:53:12.256  1151  1151 D SurfaceFlinger:        DEVICE |            8589934655736 | 00002100 | RGBA_8888    |   40.0    0.0  720.0 1544.0 |    0    0  680 1544 | Splash Screen com.google.android.calendar$_2000#18393 (1)
04-15 09:53:12.256  1151  1151 D SurfaceFlinger:        DEVICE |           80049600462857 | 00002102 | RGBA_8888    |    0.0    0.0  127.0 1544.0 |  593    0  720 1544 | com.catfact.app.test/androidx.test.c[...]tyInvoker$EmptyActivity$_18638#18391 (1)
04-15 09:53:12.256  1151  1151 D SurfaceFlinger:        DEVICE |            8589934654687 | 00002100 | RGBA_8888    |    0.0    0.0  720.0   50.0 |    0    0  720   50 | StatusBar$_2000#102 (26090)
04-15 09:53:12.256  1151  1151 D SurfaceFlinger:        DEVICE |           10569914518889 | 00002100 | RGBA_8888    |    0.0    0.0   67.0  353.0 |  653  192  720  545 | com.sec.android.app.launcher/com.sam[...]l.app.CocktailBarService$_2461#16495 (1)
04-15 09:53:12.256  1151  1151 D SurfaceFlinger:        DEVICE |            8589934654693 | 00002100 | RGBA_8888    |    0.0    0.0  720.0   90.0 |    0 1454  720 1544 | NavigationBar0$_2000#98 (16891)
04-15 09:53:12.256  1151  1151 D SurfaceFlinger:
04-15 09:53:12.297  6698 17042 W PhBaseOp: Phenotype API error. Event: # izge@ad148df5, EventCode: COMMIT_CONFIG [CONTEXT service_id=51 ]
04-15 09:53:12.297  6698 17042 W PhBaseOp: android.database.sqlite.SQLiteException: no such table: ChangeCounts (code 1 SQLITE_ERROR[1]): , while compiling: SELECT EXISTS (
04-15 09:53:12.297  6698 17042 W PhBaseOp:       SELECT NULL
04-15 09:53:12.297  6698 17042 W PhBaseOp:       FROM ChangeCounts
04-15 09:53:12.297  6698 17042 W PhBaseOp:       WHERE
04-15 09:53:12.297  6698 17042 W PhBaseOp:         packageName = ?1
04-15 09:53:12.297  6698 17042 W PhBaseOp:         AND count > ?2
04-15 09:53:12.297  6698 17042 W PhBaseOp:     );
04-15 09:53:12.297  6698 17042 W PhBaseOp: 	at android.database.sqlite.SQLiteConnection.nativePrepareStatement(Native Method)
04-15 09:53:12.297  6698 17042 W PhBaseOp: 	at android.database.sqlite.SQLiteConnection.-$$Nest$smnativePrepareStatement(Unknown Source:0)
04-15 09:53:12.297  6698 17042 W PhBaseOp: 	at android.database.sqlite.SQLiteConnection$PreparedStatementCache.createStatement(SQLiteConnection.java:2056)
04-15 09:53:12.297  6698 17042 W PhBaseOp: 	at android.database.sqlite.SQLiteConnection.acquirePreparedStatementLI(SQLiteConnection.java:1570)
04-15 09:53:12.297  6698 17042 W PhBaseOp: 	at android.database.sqlite.SQLiteConnection.acquirePreparedStatement(SQLiteConnection.java:1598)
04-15 09:53:12.297  6698 17042 W PhBaseOp: 	at android.database.sqlite.SQLiteConnection.prepare(SQLiteConnection.java:1004)
04-15 09:53:12.297  6698 17042 W PhBaseOp: 	at android.database.sqlite.SQLiteSession.prepare(SQLiteSession.java:625)
04-15 09:53:12.297  6698 17042 W PhBaseOp: 	at android.database.sqlite.SQLiteProgram.<init>(SQLiteProgram.java:63)
04-15 09:53:12.297  6698 17042 W PhBaseOp: 	at android.database.sqlite.SQLiteStatement.<init>(SQLiteStatement.java:34)
04-15 09:53:12.297  6698 17042 W PhBaseOp: 	at android.database.sqlite.SQLiteDatabase.compileStatement(SQLiteDatabase.java:2063)
04-15 09:53:12.297  6698 17042 W PhBaseOp: 	at eyxr.b(:com.google.android.gms@261332035@26.13.32 (260400-895912391):7)
04-15 09:53:12.297  6698 17042 W PhBaseOp: 	at eyxr.g(:com.google.android.gms@261332035@26.13.32 (260400-895912391):1)
04-15 09:53:12.297  6698 17042 W PhBaseOp: 	at ezam.d(:com.google.android.gms@261332035@26.13.32 (260400-895912391):401)
04-15 09:53:12.297  6698 17042 W PhBaseOp: 	at ezam.b(:com.google.android.gms@261332035@26.13.32 (260400-895912391):44)
04-15 09:53:12.297  6698 17042 W PhBaseOp: 	at ezal.i(:com.google.android.gms@261332035@26.13.32 (260400-895912391):3)
04-15 09:53:12.297  6698 17042 W PhBaseOp: 	at ezah.h(:com.google.android.gms@261332035@26.13.32 (260400-895912391):31)
04-15 09:53:12.297  6698 17042 W PhBaseOp: 	at ezah.f(:com.google.android.gms@261332035@26.13.32 (260400-895912391):13)
04-15 09:53:12.297  6698 17042 W PhBaseOp: 	at cwsd.fD(:com.google.android.gms@261332035@26.13.32 (260400-895912391):1)
04-15 09:53:12.297  6698 17042 W PhBaseOp: 	at cwso.run(:com.google.android.gms@261332035@26.13.32 (260400-895912391):118)
04-15 09:53:12.297  6698 17042 W PhBaseOp: 	at gztg.run(:com.google.android.gms@261332035@26.13.32 (260400-895912391):19)
04-15 09:53:12.297  6698 17042 W PhBaseOp: 	at bjlx.c(:com.google.android.gms@261332035@26.13.32 (260400-895912391):50)
04-15 09:53:12.297  6698 17042 W PhBaseOp: 	at bjlx.run(:com.google.android.gms@261332035@26.13.32 (260400-895912391):92)
04-15 09:53:12.297  6698 17042 W PhBaseOp: 	at java.util.concurrent.ThreadPoolExecutor.runWorker(ThreadPoolExecutor.java:1154)
04-15 09:53:12.297  6698 17042 W PhBaseOp: 	at java.util.concurrent.ThreadPoolExecutor$Worker.run(ThreadPoolExecutor.java:652)
04-15 09:53:12.297  6698 17042 W PhBaseOp: 	at bjro.run(:com.google.android.gms@261332035@26.13.32 (260400-895912391):8)
04-15 09:53:12.297  6698 17042 W PhBaseOp: 	at java.lang.Thread.run(Thread.java:1564)
04-15 09:53:12.310  1059 18808 I HYPER-HAL: [RequestManager.cpp]releaseLocked(): Released ID : 1223852
04-15 09:53:12.329 18759 18792 I CPController: register the profile change listener
04-15 09:53:12.333  2461  2461 I HoneySpace.EdgePanel.EdgeVisibilityRepository: getComputedTrayVisible : keyguardState = 1
04-15 09:53:12.334  2461  2461 I HoneySpace.EdgePanel.EdgeVisibilityRepository: updateTrayVisible: State = 0x1, visible = true, current containerState = 0, specificMode = 0
04-15 09:53:12.334  2461  2461 I HoneySpace.EdgePanel.EdgeVisibilityRepository: Same container state 0
04-15 09:53:12.344 18759 18791 I crbv    : (REDACTED) remove request for trigger key: %s, isClientInitiated: %s
04-15 09:53:12.367 18759 18781 W crbn    : (REDACTED) No expiration policy for request: %s from client: %s
04-15 09:53:12.377  1542  2220 D SLocation: WifiBssidMonitor - requestRefresh
04-15 09:53:12.378  1542  2220 W SLocation: WifiBssidMonitor - connected wifi : (82:a3:29:**:**:a7/859)
04-15 09:53:12.384 18759 18791 W crbn    : (REDACTED) No expiration policy for request: %s from client: %s
04-15 09:53:12.399 18759 18819 I bnnf    : CTF Update success.
04-15 09:53:12.403 18759 18791 I blwc    : (REDACTED) Updating user context. Event: %s
04-15 09:53:12.405  3979  3979 D VRI[AllInOneCalendarActivity]@d9f489d: Setup new sync=wmsSync-VRI[AllInOneCalendarActivity]@d9f489d#12
04-15 09:53:12.406  3979  3979 I VRI[AllInOneCalendarActivity]@d9f489d: Creating new active sync group VRI[AllInOneCalendarActivity]@d9f489d#13
04-15 09:53:12.406  3979  3979 D VRI[AllInOneCalendarActivity]@d9f489d: Draw frame after cancel
04-15 09:53:12.406  3979  3979 D VRI[AllInOneCalendarActivity]@d9f489d: registerCallbacksForSync syncBuffer=false
04-15 09:53:12.409  3979  3979 I View    : setRequestedFrameRate frameRate=0.0, this=cal.dfa{3e91f88 VFED..... ........ 0,0-720,1544 aid=1073741884}, caller=android.view.ViewGroup.setRequestedFrameRate:9952 cal.vw$$ExternalSyntheticApiModelOutline1.m:28 cal.dgw.a:1 cal.dfa.dispatchDraw:160 android.view.View.draw:26345
04-15 09:53:12.410  3979  3979 I View    : setRequestedFrameRate frameRate=-4.0, this=android.view.View{5d0d9f9 V.ED..... ......I. 0,0-0,0}, caller=cal.vw$$ExternalSyntheticApiModelOutline1.m:28 cal.dgw.a:1 cal.dfa.dispatchDraw:169 android.view.View.draw:26345 android.view.View.updateDisplayListIfDirty:25175
04-15 09:53:12.411  3979  4868 D VRI[AllInOneCalendarActivity]@d9f489d: Received frameDrawingCallback syncResult=0 frameNum=1.
04-15 09:53:12.411  3979  4868 I VRI[AllInOneCalendarActivity]@d9f489d: mWNT: t=0xb4000074fc504910 mBlastBufferQueue=0xb40000741c55e740 fn= 1 HdrRenderState mRenderHdrSdrRatio=1.0 caller= android.view.ViewRootImpl$12.onFrameDraw:15441 android.view.ThreadedRenderer$1.onFrameDraw:718 <bottom of call stack>
04-15 09:53:12.411  3979  4868 I VRI[AllInOneCalendarActivity]@d9f489d: Setting up sync and frameCommitCallback
04-15 09:53:12.412  1151  2910 D NativeSemDvfsManager: acquire:: timeout = 2000 mIsAcquired = 1  mTagName : SurfaceFlinger
04-15 09:53:12.413  1151  2910 E NativeCustomFrequencyManager: [NativeCFMS] BpCustomFrequencyManager::acquire()
04-15 09:53:12.413  3979  4808 I BLASTBufferQueue: [VRI[AllInOneCalendarActivity]@d9f489d#56](f:0,a:0,s:0) onFrameAvailable the first frame is available
04-15 09:53:12.413  1059  1180 I HYPER-HAL: [RequestManager.cpp]acquire(): Acquired ID : 2315476  [1151 / 1000]    HINT : SF_GPU_MINLOCK    list : [TIMEOUT / 2000]
04-15 09:53:12.414  3979  4808 I VRI[AllInOneCalendarActivity]@d9f489d: Received frameCommittedCallback lastAttemptedDrawFrameNum=1 didProduceBuffer=true
04-15 09:53:12.414  1151  2758 I SurfaceFlinger: [com.google.android.calendar/com.google.android.calendar.allinone.AllInOneCalendarActivity$_3979#18400] setTransactionState with the first frame. bufferData(ID: 17089674871011, frameNumber: 1)
04-15 09:53:12.414  3979  4808 D HWUI    : CFMS:: SetUp Pid : 3979    Tid : 4808
04-15 09:53:12.414  3979  3979 D VRI[AllInOneCalendarActivity]@d9f489d: reportDrawFinished seqId=0
04-15 09:53:12.415  1542  1585 D SurfaceComposerClient: setCornerRadius ## a92626e Splash Screen com.google.android.calendar#18392 cornerRadius=0.000000
04-15 09:53:12.415  1542  1585 D SurfaceComposerClient: setCornerRadius ## cf3dde com.google.android.calendar/com.google.android.calendar.allinone.AllInOneCalendarActivity#18399 cornerRadius=0.000000
04-15 09:53:12.415  1542  1585 D SurfaceComposerClient: setCornerRadius ## a92626e Splash Screen com.google.android.calendar#18392 cornerRadius=0.000000
04-15 09:53:12.416  1151  2758 I SurfaceFlinger: id=18403 createSurf, flag=24000, Surface(name=cf3dde com.google.android.calendar/com.google.android.calendar.allinone.AllInOneCalendarActivity)/@0x23ff784 - animation-leash of starting_reveal#18403
04-15 09:53:12.418  1542  1585 D SurfaceComposerClient: setCornerRadius ## cf3dde com.google.android.calendar/com.google.android.calendar.allinone.AllInOneCalendarActivity#18399 cornerRadius=0.000000
04-15 09:53:12.418  2000  2105 D ShellTaskOrganizer: removeStartingWindow, removalInfo=StartingWindowRemovalInfo{taskId=3801 frame=Rect(0, 0 - 720, 1544) playRevealAnimation=true roundedCornerRadius=0.0 deferRemoveMode=0 windowlessSurface=false removeImmediately=false}
04-15 09:53:12.418  1542  1585 D SurfaceComposerClient: setCornerRadius ## a92626e Splash Screen com.google.android.calendar#18392 cornerRadius=0.000000
04-15 09:53:12.419  1542  1585 D SurfaceComposerClient: setCornerRadius ## cf3dde com.google.android.calendar/com.google.android.calendar.allinone.AllInOneCalendarActivity#18399 cornerRadius=0.000000
04-15 09:53:12.419  1542  1585 D SurfaceComposerClient: setCornerRadius ## a92626e Splash Screen com.google.android.calendar#18392 cornerRadius=0.000000
04-15 09:53:12.419  1542  1585 D SurfaceComposerClient: setCornerRadius ## cf3dde com.google.android.calendar/com.google.android.calendar.allinone.AllInOneCalendarActivity#18399 cornerRadius=0.000000
04-15 09:53:12.421 18572 18572 I VRI[MainActivity]@747e498: stopped(true) old = false
04-15 09:53:12.421 18572 18572 D VRI[MainActivity]@747e498: WindowStopped on com.catfact.app/com.catfact.app.MainActivity set to true
04-15 09:53:12.422 18572 18596 D HWUI    : CacheManager::trimMemory(20)
04-15 09:53:12.422  1151  1151 I SurfaceFlinger: [Surface(name=cf3dde com.google.android.calendar/com.google.android.calendar.allinone.AllInOneCalendarActivity)/@0x23ff784 - animation-leash of starting_reveal#18403] attach to parent LayerHierarchy{RequestedLayerState{ActivityRecord{243114305 u0 com.google.android.calendar/.allinone.AllInOneCalendarActivity t3801}#16293 parentId=16292} 4 children}
04-15 09:53:12.424  2000  2194 I VRI[calendar]@6cb2f05: mWNT: t=0xb4000074fc825850 mBlastBufferQueue=0xb40000741d2dfe80 fn= 2 HdrRenderState mRenderHdrSdrRatio=1.0 caller= android.view.SyncRtSurfaceTransactionApplier.applyTransaction:100 android.view.SyncRtSurfaceTransactionApplier.lambda$scheduleApply$0:73 android.view.SyncRtSurfaceTransactionApplier.$r8$lambda$afI4fXg3U3-nBZQEDQMiNy-B06s:0
04-15 09:53:12.424  2000  2194 I VRI[calendar]@6cb2f05: mWNT: t=0xb4000074fc761850 mBlastBufferQueue=0xb40000741d2dfe80 fn= 2 HdrRenderState mRenderHdrSdrRatio=1.0 caller= android.view.SyncRtSurfaceTransactionApplier.applyTransaction:100 android.view.SyncRtSurfaceTransactionApplier.lambda$scheduleApply$0:73 android.view.SyncRtSurfaceTransactionApplier.$r8$lambda$afI4fXg3U3-nBZQEDQMiNy-B06s:0
04-15 09:53:12.425 18572 18572 D LifecycleMonitor: Lifecycle status change: com.catfact.app.MainActivity@d103cbd in: STOPPED
04-15 09:53:12.425 18572 18572 V ActivityScenario: Update currentActivityStage to STOPPED, currentActivity=com.catfact.app.MainActivity@d103cbd
04-15 09:53:12.427  1542  1582 D PkgPredictorService-SecIpmManagerServiceImpl: bg information pid:18572 uid:10746 pkgName:com.catfact.app
04-15 09:53:12.430  1151  1151 I SurfaceFlinger: RequestedLayer [com.google.android.calendar/com.goog[...]AllInOneCalendarActivity$_3979#18400] hidden!! flag  from(1) --> to(0)
04-15 09:53:12.430  1151  1151 I SurfaceFlinger: [LayerHierarchy{RequestedLayerState{cf3dde com.google.android.calendar/com.google.android.calendar.allinone.AllInOneCalendarActivity#18399 parentId=18403} 1 children}] reparent to LayerHierarchy{RequestedLayerState{Surface(name=cf3dde com.google.android.calendar/com.google.android.calendar.allinone.AllInOneCalendarActivity)/@0x23ff784 - animation-leash of starting_reveal#18403 parentId=16293} 1 children}
04-15 09:53:12.431  2000  2195 I VRI[calendar]@6cb2f05: mWNT: t=0xb4000074fc85dbd0 mBlastBufferQueue=0xb40000741d2dfe80 fn= 3 HdrRenderState mRenderHdrSdrRatio=1.0 caller= android.view.SyncRtSurfaceTransactionApplier.applyTransaction:100 android.view.SyncRtSurfaceTransactionApplier.lambda$scheduleApply$0:73 android.view.SyncRtSurfaceTransactionApplier.$r8$lambda$afI4fXg3U3-nBZQEDQMiNy-B06s:0
04-15 09:53:12.431  4813  4813 D BoundBrokerSvc: onBind: Intent { act=com.google.android.gms.wallet.service.BIND xflg=0x4 pkg=com.google.android.gms }
04-15 09:53:12.431  4813  4813 D BoundBrokerSvc: Loading bound service for intent: Intent { act=com.google.android.gms.wallet.service.BIND xflg=0x4 pkg=com.google.android.gms }
04-15 09:53:12.436  1542  1585 D SurfaceComposerClient: setCornerRadius ## a92626e Splash Screen com.google.android.calendar#18392 cornerRadius=0.000000
04-15 09:53:12.436  1542  1585 D SurfaceComposerClient: setCornerRadius ## cf3dde com.google.android.calendar/com.google.android.calendar.allinone.AllInOneCalendarActivity#18399 cornerRadius=0.000000
04-15 09:53:12.440  2000  2194 I VRI[calendar]@6cb2f05: mWNT: t=0xb4000074fc8270d0 mBlastBufferQueue=0xb40000741d2dfe80 fn= 4 HdrRenderState mRenderHdrSdrRatio=1.0 caller= android.view.SyncRtSurfaceTransactionApplier.applyTransaction:100 android.view.SyncRtSurfaceTransactionApplier.lambda$scheduleApply$0:73 android.view.SyncRtSurfaceTransactionApplier.$r8$lambda$afI4fXg3U3-nBZQEDQMiNy-B06s:0
04-15 09:53:12.441  1151  1151 D SurfaceFlinger: Display 4633128672291735999 HWC layers:
04-15 09:53:12.441  1151  1151 D SurfaceFlinger:        DEVICE |           17089674871010 | 00002102 | RGBA_8888    |    2.0    0.0  720.0 1544.0 |    0    0  718 1544 | com.google.android.calendar/com.goog[...]AllInOneCalendarActivity$_3979#18400 (2)
04-15 09:53:12.441  1151  1151 D SurfaceFlinger:        DEVICE |            8589934655739 | 00002100 | RGBA_8888    |    2.0    0.0  720.0 1544.0 |    0    0  718 1544 | Splash Screen com.google.android.calendar$_2000#18393 (2)
04-15 09:53:12.441  1151  1151 D SurfaceFlinger:        CLIENT |           80049600462857 | 00002102 | RGBA_8888    |    0.0    0.0    7.0 1544.0 |  713    0  720 1544 | com.catfact.app.test/androidx.test.c[...]tyInvoker$EmptyActivity$_18638#18391 (1)
04-15 09:53:12.441  1151  1151 D SurfaceFlinger:        DEVICE |            8589934654687 | 00002100 | RGBA_8888    |    0.0    0.0  720.0   50.0 |    0    0  720   50 | StatusBar$_2000#102 (26090)
04-15 09:53:12.441  1151  1151 D SurfaceFlinger:        DEVICE |           10569914518889 | 00002100 | RGBA_8888    |    0.0    0.0   67.0  353.0 |  653  192  720  545 | com.sec.android.app.launcher/com.sam[...]l.app.CocktailBarService$_2461#16495 (1)
04-15 09:53:12.441  1151  1151 D SurfaceFlinger:        DEVICE |            8589934654693 | 000
04-15 09:53:12.441  1151  1151 D SurfaceFlinger: 02100 | RGBA_8888    |    0.0    0.0  720.0   90.0 |    0 1454  720 1544 | NavigationBar0$_2000#98 (16891)
04-15 09:53:12.441  1151  1151 D SurfaceFlinger:
04-15 09:53:12.442  1542  2473 D InputDispatcher: Focus entered window (0): cf3dde com.google.android.calendar/com.google.android.calendar.allinone.AllInOneCalendarActivity
04-15 09:53:12.442  3979  3979 D VRI[AllInOneCalendarActivity]@d9f489d: mThreadedRenderer.initializeIfNeeded()#2 mSurface={isValid=true 0xb40000748c5eae20}
04-15 09:53:12.442  3979  3979 D InputMethodManagerUtils: startInputInner - Id : 0
04-15 09:53:12.443  3979  3979 I InputMethodManager: startInputInner - IInputMethodManagerGlobalInvoker.startInputOrWindowGainedFocus
04-15 09:53:12.448  2000  2195 I VRI[calendar]@6cb2f05: mWNT: t=0xb4000074fc86b690 mBlastBufferQueue=0xb40000741d2dfe80 fn= 5 HdrRenderState mRenderHdrSdrRatio=1.0 caller= android.view.SyncRtSurfaceTransactionApplier.applyTransaction:100 android.view.SyncRtSurfaceTransactionApplier.lambda$scheduleApply$0:73 android.view.SyncRtSurfaceTransactionApplier.$r8$lambda$afI4fXg3U3-nBZQEDQMiNy-B06s:0
04-15 09:53:12.448 18572 18572 W WindowOnBackDispatcher: sendCancelIfRunning: isInProgress=false callback=android.app.Activity$$ExternalSyntheticLambda0@822b244
04-15 09:53:12.449 18572 18572 D LifecycleMonitor: Lifecycle status change: com.catfact.app.MainActivity@d103cbd in: DESTROYED
04-15 09:53:12.450 18572 18572 V ActivityScenario: Update currentActivityStage to DESTROYED, currentActivity=null
04-15 09:53:12.450  1542  1750 I ImeTracker: com.google.android.calendar:c0819a4f: onRequestHide at ORIGIN_SERVER reason HIDE_UNSPECIFIED_WINDOW fromUser false
04-15 09:53:12.451  3979  3979 I InputMethodManager: handleMessage: setImeVisibility visible=false
04-15 09:53:12.451  3979  3979 D InsetsController: hide(ime(), fromIme=false)
04-15 09:53:12.451  3979  3979 I ImeTracker: com.google.android.calendar:c0819a4f: onCancelled at PHASE_CLIENT_ALREADY_HIDDEN
04-15 09:53:12.454 18572 18587 D IdlingRegistry: Unregistering idling resources: [androidx.compose.ui.test.EspressoLink@a91da49]
04-15 09:53:12.455  1151  1151 D SurfaceFlinger: GPIS:: requestGpisForClientComposition
04-15 09:53:12.455  1542  1750 D InputTransport: Input channel constructed: 'ClientS', fd=1146
04-15 09:53:12.455 18572 18596 D HWUI    : CacheManager::trimMemory(20)
04-15 09:53:12.455  1542  1750 D InputTransport: Input channel destroyed: 'ClientS', fd=1146
04-15 09:53:12.455  3756  3756 I HBD     : HoneyBoardService onFinishInput
04-15 09:53:12.456  3756  3756 I HBD     : a IC have been unbinding,  RemoteInputConnection{idHash=#bb48681}
04-15 09:53:12.456  3756  3756 I HBD     : HoneyBoardService [PF_CL][onFinishInput]  1 ms
04-15 09:53:12.456  3979  5908 D InputTransport: Input channel constructed: 'ClientS', fd=213
04-15 09:53:12.456  3756  3756 I HBD     : HoneyBoardService [IMI] onStartInput - caller pid : 3979 , caller uid : 10279
04-15 09:53:12.456  3756  3756 I HBD     : k updateConfigs
04-15 09:53:12.456  3756  3756 I HBD     : k isEnabledNightMode : true
04-15 09:53:12.456  3756  3756 I HBD     : a IC have been binding, RemoteInputConnection{idHash=#a0daac}
04-15 09:53:12.456  3756  3756 I HBD     : h [EditorInputType]setPrivateImeOptionsToTable privateImeOptions ( null )
04-15 09:53:12.456  3756  3756 I HBD     : b incognitoMode : false
04-15 09:53:12.456  3756  3756 I HBD     : c needOff = true , isForceOff = false, isNullInputClass : true
04-15 09:53:12.456  3756  3756 I HBD     : h getDefaultInputRange : UNKNOWN
04-15 09:53:12.456  3756  3756 I HBD     : h getDefaultInputRange : UNKNOWN
04-15 09:53:12.456  3756  3756 I HBD     : h getDefaultInputRange : UNKNOWN
04-15 09:53:12.457 18572 18572 D ViewRootImpl: Skipping stats log for color mode
04-15 09:53:12.457  1151  1200 I SurfaceFlinger: id=18404 createSurf, flag=24004, Surface(name=1d7a05f InputMethod)/@0x5f77a9d - animation-leash of insets_animation#18404
04-15 09:53:12.458 18572 18572 I VRI[MainActivity]@747e498: dispatchDetachedFromWindow
04-15 09:53:12.459  1542  2473 I ImeTracker: system_server:132a555e: onRequestHide at ORIGIN_SERVER reason IME_REQUESTED_CHANGED_LISTENER fromUser false
04-15 09:53:12.460  1542  1584 I ImeTracker: system_server:132a555e: onCancelled at PHASE_SERVER_SHOULD_HIDE
04-15 09:53:12.460  1542  1585 D SurfaceComposerClient: setCornerRadius ## a92626e Splash Screen com.google.android.calendar#18392 cornerRadius=0.000000
04-15 09:53:12.460  1542  1585 D SurfaceComposerClient: setCornerRadius ## cf3dde com.google.android.calendar/com.google.android.calendar.allinone.AllInOneCalendarActivity#18399 cornerRadius=0.000000
04-15 09:53:12.460  3756  3756 I HBD     : c needOff = true , isForceOff = false, isNullInputClass : true
04-15 09:53:12.460  3756  3756 I HBD     : c update cached prediction status : false
04-15 09:53:12.460  3756  3756 I HBD     : h getDefaultInputRange : UNKNOWN
04-15 09:53:12.460  1542  4025 D InputTransport: Input channel destroyed: '6a740a0', fd=972
04-15 09:53:12.460  3756  3756 I HBD     : a currentState : 0
04-15 09:53:12.460  3756  3756 I HBD     : a [UpdatePolicy] [post] a: 0 cl: 65538 kit: [0/0] vt: 0 ir: 1
04-15 09:53:12.461  1542  4025 D SurfaceComposerClient: setCornerRadius ## a92626e Splash Screen com.google.android.calendar#18392 cornerRadius=0.000000
04-15 09:53:12.461  1542  4025 D SurfaceComposerClient: setCornerRadius ## cf3dde com.google.android.calendar/com.google.android.calendar.allinone.AllInOneCalendarActivity#18399 cornerRadius=0.000000
04-15 09:53:12.461  1542  4025 D SurfaceComposerClient: setCornerRadius ## a92626e Splash Screen com.google.android.calendar#18392 cornerRadius=0.000000
04-15 09:53:12.461  2000  2194 I VRI[calendar]@6cb2f05: mWNT: t=0xb4000074fc8af010 mBlastBufferQueue=0xb40000741d2dfe80 fn= 6 HdrRenderState mRenderHdrSdrRatio=1.0 caller= android.view.SyncRtSurfaceTransactionApplier.applyTransaction:100 android.view.SyncRtSurfaceTransactionApplier.lambda$scheduleApply$0:73 android.view.SyncRtSurfaceTransactionApplier.$r8$lambda$afI4fXg3U3-nBZQEDQMiNy-B06s:0
04-15 09:53:12.461  1542  4025 D SurfaceComposerClient: setCornerRadius ## cf3dde com.google.android.calendar/com.google.android.calendar.allinone.AllInOneCalendarActivity#18399 cornerRadius=0.000000
04-15 09:53:12.461 18572 18572 D InputTransport: Input channel destroyed: '6a740a0', fd=134
04-15 09:53:12.463  2000  2195 I VRI[calendar]@6cb2f05: mWNT: t=0xb4000074fc8c56d0 mBlastBufferQueue=0xb40000741d2dfe80 fn= 7 HdrRenderState mRenderHdrSdrRatio=1.0 caller= android.view.SyncRtSurfaceTransactionApplier.applyTransaction:100 android.view.SyncRtSurfaceTransactionApplier.lambda$scheduleApply$0:73 android.view.SyncRtSurfaceTransactionApplier.$r8$lambda$afI4fXg3U3-nBZQEDQMiNy-B06s:0
04-15 09:53:12.463  1151  1151 I SurfaceFlinger: [Surface(name=1d7a05f InputMethod)/@0x5f77a9d - animation-leash of insets_animation#18404] attach to parent LayerHierarchy{RequestedLayerState{WindowToken{d080c22 type=2011 android.os.Binder@459a5ed}#120 parentId=15} 2 children}
04-15 09:53:12.463 18572 18572 D BBA2    : setIsFg isFg = false; delayValue 3999ms
04-15 09:53:12.464 18572 18572 D InputTransport: Input channel destroyed: 'ClientS', fd=145
04-15 09:53:12.464  1151  1199 I SurfaceFlinger: id=18372 Removed 72f1ef8 ActivityRecordInputSink com.catfact.app/.MainActivity#18372 (196)
04-15 09:53:12.465  1151  1199 I SurfaceFlinger: id=18405 createSurf, flag=24004, Task=3866#18405
04-15 09:53:12.469  2461  2461 I HoneySpace.TaskStackChangeRepositoryImpl: onTaskRemoved : 3866
04-15 09:53:12.469  3756  3756 I HBD     : a [NRIC] resetNoResponseState
04-15 09:53:12.469  3756  3756 I HBD     : c needOff = true , isForceOff = false, isNullInputClass : true
04-15 09:53:12.469  3756  3756 I HBD     : c update cached prediction status : false
04-15 09:53:12.469  3756  3756 I HBD     : b [AiWriter] setContact : com.google.android.calendar
04-15 09:53:12.469  3756  3756 I HBD     : a [AiWriter] setContact : com.google.android.calendar
04-15 09:53:12.469  2461  2461 I HoneySpace.TaskStackChangeRepositoryImpl: onTaskRemoved : 3866
04-15 09:53:12.469  2461  2584 I HoneySpace.TopTaskSource: onTaskRemoved: 3866
04-15 09:53:12.469  2461  2461 I HoneySpace.TaskListViewModel[173795743]: taskRemoveId, 3866
04-15 09:53:12.469  2461  2461 W HoneySpace.TaskListViewModel[173795743]: task is already removed: 3866
04-15 09:53:12.471  3756  3756 I HBD     : o0 EBD si S 0
04-15 09:53:12.471  2461  2461 I HoneySpace.TaskListViewModel[173795743]: taskRemoveId, 3866
04-15 09:53:12.471  3756  3756 I HBD     : r updateContactDBLanguage : 65538
04-15 09:53:12.472  2461  2584 I HoneySpace.TopTaskSource: onTaskRemoved: 3866
04-15 09:53:12.472  3756  3756 I HBD     : g isCoverDisplay : false, cached selected json info : SelectedLanguageInfo(languageVersion=4.2, currentLanguageOrder=0, selectedLanguageList=[SelectedLanguage(id=65538, isUsed=true, engName=English, inputType=qwerty, activeOptionList=[auto_replace, auto_spacing, writing_assistant], bilingualId=-1), SelectedLanguage(id=5308416, isUsed=true, engName=Arabic, inputType=qwerty, activeOptionList=[auto_replace, auto_spacing], bilingualId=-1)])
04-15 09:53:12.472  3756  3756 I HBD     : g updateSelectedLanguageCache is succeeded. English
04-15 09:53:12.472  2461  2461 W HoneySpace.TaskListViewModel[173795743]: task is already removed: 3866
04-15 09:53:12.472  1151  1151 I SurfaceFlinger: RequestedLayer [Surface(name=1d7a05f InputMethod)/@0[...]tion-leash of insets_animation#18404] hidden!! flag  from(1) --> to(0)
04-15 09:53:12.472  1151  1151 E SurfaceFlinger: alpha changed 1.000 -> 0.000 - Surface(name=1d7a05f InputMethod)/@0x5f77a9d - animation-leash of insets_animation#18404
04-15 09:53:12.472  1151  1151 I SurfaceFlinger: [LayerHierarchy{RequestedLayerState{ImeContainer#15 parentId=16293 relativeParentId=16293 z=3} 1 children}] reparent to LayerHierarchy{RequestedLayerState{ActivityRecord{243114305 u0 com.google.android.calendar/.allinone.AllInOneCalendarActivity t3801}#16293 parentId=16292} 4 children}
04-15 09:53:12.472  1151  1151 I SurfaceFlinger: [LayerHierarchy{RequestedLayerState{ImeContainer#15 parentId=16293 relativeParentId=16293 z=3} 1 children}] RelativeParent to null
04-15 09:53:12.472  1151  1151 I SurfaceFlinger: [LayerHierarchy{RequestedLayerState{1d7a05f InputMethod#134 parentId=18404} no children}] reparent to LayerHierarchy{RequestedLayerState{Surface(name=1d7a05f InputMethod)/@0x5f77a9d - animation-leash of insets_animation#18404 parentId=120} 1 children}
04-15 09:53:12.472  3756  3756 I HBD     : l writeToFile path : /data/user/0/com.samsung.android.honeyboard/files/selected.json
04-15 09:53:12.472  3756  3756 I HBD     : l writeToFile json : {"version":"4.2","currentLanguageOrder":0,"selected":[{"activeOptionList":["auto_replace","auto_spacing","writing_assistant"],"bilingualId":-1,"engName":"English","id":65538,"inputType":"qwerty","isUsed":true},{"activeOptionList":["auto_replace","auto_spacing"],"bilingualId":-1,"engName":"Arabic","id":5308416,"inputType":"qwerty","isUsed":true}]}
04-15 09:53:12.472  1151  1151 I SurfaceFlinger: [LayerHierarchy{RequestedLayerState{Surface(name=1d7a05f InputMethod)/@0x5f77a9d - animation-leash of insets_animation#18380} no children}] reparent to OffscreenRoot
04-15 09:53:12.472  1151  1151 I SurfaceFlinger: [LayerHierarchy{RequestedLayerState{Surface(name=1d7a05f InputMethod)/@0x5f77a9d - animation-leash of insets_animation#18380} no children}] RelativeParent to null
04-15 09:53:12.473  1151  1151 I SurfaceFlinger: [LayerHierarchy{RequestedLayerState{com.catfact.app/com.catfact.app.MainActivity$_18572#18374} no children}] reparent to OffscreenRoot
04-15 09:53:12.473  1151  1151 I SurfaceFlinger: [LayerHierarchy{RequestedLayerState{com.catfact.app/com.catfact.app.MainActivity$_18572#18374} no children}] RelativeParent to null
04-15 09:53:12.473  1151  1151 I SurfaceFlinger: [LayerHierarchy{RequestedLayerState{6a740a0 com.catfact.app/com.catfact.app.MainActivity#18373} no children}] reparent to OffscreenRoot
04-15 09:53:12.473  1151  1151 I SurfaceFlinger: [LayerHierarchy{RequestedLayerState{6a740a0 com.catfact.app/com.catfact.app.MainActivity#18373} no children}] RelativeParent to null
04-15 09:53:12.473  1151  1151 I SurfaceFlinger: [Task=3866#18405] attach to parent Root
04-15 09:53:12.474  2461  4417 I HoneySpace.RecentTasks: onRunningTaskVanished
04-15 09:53:12.474  2461  4417 I HoneySpace.RecentTasks: onRecentTasksChanged
04-15 09:53:12.474  3756  3756 I HBD     : l writeToFile complete
04-15 09:53:12.474  3756 18821 I HBD     : l Write selected lang for DE
04-15 09:53:12.474  3756 18821 I HBD     : l writeToFile path : /data/user_de/0/com.samsung.android.honeyboard/files/selected.json
04-15 09:53:12.474  3756  3756 I HBD     : g isCoverDisplay : false, cached selected json info : SelectedLanguageInfo(languageVersion=4.2, currentLanguageOrder=0, selectedLanguageList=[SelectedLanguage(id=65538, isUsed=true, engName=English, inputType=qwerty, activeOptionList=[auto_replace, auto_spacing, writing_assistant], bilingualId=-1), SelectedLanguage(id=5308416, isUsed=true, engName=Arabic, inputType=qwerty, activeOptionList=[auto_replace, auto_spacing], bilingualId=-1)])
04-15 09:53:12.475  3756  3756 I HBD     : n updateActionOptionFromPreference isCover = false
04-15 09:53:12.475  3756 18821 I HBD     : l writeToFile json : {"version":"4.2","currentLanguageOrder":0,"selected":[{"activeOptionList":["auto_replace","auto_spacing","writing_assistant"],"bilingualId":-1,"engName":"English","id":65538,"inputType":"qwerty","isUsed":true},{"activeOptionList":["auto_replace","auto_spacing"],"bilingualId":-1,"engName":"Arabic","id":5308416,"inputType":"qwerty","isUsed":true}]}
04-15 09:53:12.475  3756  3756 I HBD     : n before lang.activeOptionList =  [auto_replace, auto_spacing, writing_assistant]
04-15 09:53:12.475  3756  3756 I HBD     : n after lang.activeOptionList = [auto_replace, auto_spacing, writing_assistant]
04-15 09:53:12.475  3756 18821 I HBD     : l writeToFile complete
04-15 09:53:12.475  3756  3756 I HBD     : l writeToFile path : /data/user/0/com.samsung.android.honeyboard/files/selected.json
04-15 09:53:12.476  3756  3756 I HBD     : l writeToFile json : {"version":"4.2","currentLanguageOrder":0,"selected":[{"activeOptionList":["auto_replace","auto_spacing","writing_assistant"],"bilingualId":-1,"engName":"English","id":65538,"inputType":"qwerty","isUsed":true},{"activeOptionList":["auto_replace","auto_spacing"],"bilingualId":-1,"engName":"Arabic","id":5308416,"inputType":"qwerty","isUsed":true}]}
04-15 09:53:12.476  1542  2477 I WindowManager: Relayout Window{a92626e u0 Splash Screen com.google.android.calendar}: viewVisibility=8 req=720x1544 ty=3 d0
04-15 09:53:12.476  1542  2477 D SurfaceComposerClient: setCornerRadius ## cf3dde com.google.android.calendar/com.google.android.calendar.allinone.AllInOneCalendarActivity#18399 cornerRadius=0.000000
04-15 09:53:12.476  1151  1200 I SurfaceFlinger: id=18380 Removed Surface(name=1d7a05f InputMethod)/@0x5f77a9d - animation-leash of insets_animation#18380 (197)
04-15 09:53:12.476  1151  1200 I SurfaceFlinger: id=18373 Removed 6a740a0 com.catfact.app/com.catfact.app.MainActivity#18373 (197)
04-15 09:53:12.476  1151  1200 I SurfaceFlinger: id=18374 Removed com.catfact.app/com.catfact.app.MainActivity$_18572#18374 (197)
04-15 09:53:12.476  3756  3756 I HBD     : l writeToFile complete
04-15 09:53:12.476  3756  3756 I HBD     : m normal : updateLanguage : English
04-15 09:53:12.476  1542  2477 D SurfaceComposerClient: setCornerRadius ## a92626e Splash Screen com.google.android.calendar#18392 cornerRadius=0.000000
04-15 09:53:12.477  1542  2477 D SurfaceComposerClient: setCornerRadius ## cf3dde com.google.android.calendar/com.google.android.calendar.allinone.AllInOneCalendarActivity#18399 cornerRadius=0.000000
04-15 09:53:12.477  3756 18822 I HBD     : l Write selected lang for DE
04-15 09:53:12.477  3756  3756 I HBD     : g isCoverDisplay : false, cached selected json info : SelectedLanguageInfo(languageVersion=4.2, currentLanguageOrder=0, selectedLanguageList=[SelectedLanguage(id=65538, isUsed=true, engName=English, inputType=qwerty, activeOptionList=[auto_replace, auto_spacing, writing_assistant], bilingualId=-1), SelectedLanguage(id=5308416, isUsed=true, engName=Arabic, inputType=qwerty, activeOptionList=[auto_replace, auto_spacing], bilingualId=-1)])
04-15 09:53:12.477  3756 18822 I HBD     : l writeToFile path : /data/user_de/0/com.samsung.android.honeyboard/files/selected.json
04-15 09:53:12.477  3756 18822 I HBD     : l writeToFile json : {"version":"4.2","currentLanguageOrder":0,"selected":[{"activeOptionList":["auto_replace","auto_spacing","writing_assistant"],"bilingualId":-1,"engName":"English","id":65538,"inputType":"qwerty","isUsed":true},{"activeOptionList":["auto_replace","auto_spacing"],"bilingualId":-1,"engName":"Arabic","id":5308416,"inputType":"qwerty","isUsed":true}]}
04-15 09:53:12.477  3756  3756 I HBD     : g isCoverDisplay : false, cached selected json info : SelectedLanguageInfo(languageVersion=4.2, currentLanguageOrder=0, selectedLanguageList=[SelectedLanguage(id=65538, isUsed=true, engName=English, inputType=qwerty, activeOptionList=[auto_replace, auto_spacing, writing_assistant], bilingualId=-1), SelectedLanguage(id=5308416, isUsed=true, engName=Arabic, inputType=qwerty, activeOptionList=[auto_replace, auto_spacing], bilingualId=-1)])
