04-15 09:53:09.613  2000  2105 I SurfaceControlRegistry: show, t=FinishTransaction_SyncId<1641> sc=Task=3865, caller=android.view.SurfaceControl$Transaction.show:3557 com.android.wm.shell.transition.Transitions.dispatchReady:1330 com.android.wm.shell.transition.Transitions.onTransitionReady:251 com.android.wm.shell.transition.Transitions$TransitionPlayerImpl$$ExternalSyntheticLambda0.run:13 android.os.Handler.handleCallback:995 android.os.Handler.dispatchMessage:103
04-15 09:53:09.613  2000  2105 I SurfaceControlRegistry: show, t=StartTransaction_SyncId<1641> sc=Transition Root: Task=3865, caller=android.view.SurfaceControl$Transaction.show:3557 com.android.wm.shell.transition.Transitions.playTransition:79 com.android.wm.shell.transition.Transitions.processReadyQueue:239 com.android.wm.shell.transition.Transitions.dispatchReady:1352 com.android.wm.shell.transition.Transitions.onTransitionReady:251 com.android.wm.shell.transition.Transitions$TransitionPlayerImpl$$ExternalSyntheticLambda0.run:13
04-15 09:53:09.613  1542  2477 D InputTransport: Input channel destroyed: '1373d2a', fd=1329
04-15 09:53:09.614 18638 18638 D InputTransport: Input channel constructed: '1373d2a', fd=117
04-15 09:53:09.614  2000  2105 D SurfaceComposerClient: [Task=3864#18325] setEdgeExtension Right
04-15 09:53:09.614  1151  1200 I SurfaceFlinger: id=18346 createSurf, flag=84000, 5f4310d ActivityRecordInputSink com.catfact.app.test/androidx.test.core.app.InstrumentationActivityInvoker$EmptyActivity#18346
04-15 09:53:09.614 18638 18638 I InsetsController: onStateChanged: host=com.catfact.app.test/androidx.test.core.app.InstrumentationActivityInvoker$EmptyActivity, from=android.view.ViewRootImpl.onInsetsStateChanged:3026, state=InsetsState: {mDisplayFrame=Rect(0, 0 - 720, 1544), mDisplayCutout=DisplayCutout{insets=Rect(0, 50 - 0, 0) waterfall=Insets{left=0, top=0, right=0, bottom=0} boundingRect={Bounds=[Rect(0, 0 - 0, 0), Rect(341, 0 - 379, 50), Rect(0, 0 - 0, 0), Rect(0, 0 - 0, 0)]} cutoutPathParserInfo={CutoutPathParserInfo{displayWidth=720 displayHeight=1544 physicalDisplayWidth=720 physicalDisplayHeight=1544 density={1.875} cutoutSpec={M 0,0 H -10 V 26.66666666666667 H 10 V 0 H 0 Z @dp} rotation={0} scale={1.0} physicalPixelDisplaySizeRatio={1.0}}} sideOverrides={}}, mRoundedCorners=RoundedCorners{[RoundedCorner{position=TopLeft, radius=8, center=Point(8, 8)}, RoundedCorner{position=TopRight, radius=8, center=Point(712, 8)}, RoundedCorner{position=BottomRight, radius=8, center=Point(712, 1536)}, RoundedCorner{position=BottomLeft, radius=8, center=Point(8, 1536)}]}  mRoundedCornerFrame=Rect(0, 0 - 720, 1544), mPrivacyIndicatorBounds=PrivacyIndicatorBounds {static bounds=Rect(637, 0 - 720, 50) rotation=0}, mDisplayShape=DisplayShape{ spec=-311912193 displayWidth=720 displayHeight=1544 physicalPixelDisplaySizeRatio=0.5 rotation=0 offsetX=0 offsetY=0 scale=1.0}, mSources= { InsetsSource: {ec730001 mType=navigationBars mFrame=[0,1454][720,1544] mVisible=true mFlags= mSideHint=BOTTOM mBoundingRects=null}, InsetsSource: {ec730004 mType=systemGestures mFrame=[0,0][0,0] mVisible=true mFlags= mSideHint=NONE mBoundingRects=null}, InsetsSource: {ec730005 mType=mandatorySystemGestures mFrame=[0,1454][720,1544] mVisible=true mFlags= mSideHint=BOTTOM mBoundingRects=null}, InsetsSource: {ec730006 mType=tappableElement mFrame=[0,1454][720,1544] mVisible=true mFlags= mSideHint=BOTTOM mBoundingRects=null}, InsetsSource: {ec730024 mType=systemGestures mFrame=[0,0][0,0] mVisible=true mFlags= mSideHint=NONE mBoundingRects=null}, InsetsSource: {3 mType=ime mFrame=[0,0][0,0] mVisible=false mFlags= mSideHint=NONE mBoundingRects=null}, InsetsSource: {27 mType=displayCutout mFrame=[0,0][720,50] mVisible=true mFlags= mSideHint=TOP mBoundingRects=null}, InsetsSource: {43950000 mType=statusBars mFrame=[0,0][720,50] mVisible=true mFlags= mSideHint=TOP mBoundingRects=null}, InsetsSource: {43950005 mType=mandatorySystemGestures mFrame=[0,0][720,73] mVisible=true mFlags= mSideHint=TOP mBoundingRects=null}, InsetsSource: {43950006 mType=tappableElement mFrame=[0,0][720,50] mVisible=true mFlags= mSideHint=TOP mBoundingRects=null} }
04-15 09:53:09.614  1151  1378 I SurfaceFlinger: id=18347 createSurf, flag=20004, DimTransitionLayer for Surface(name=Task=3865)/@0xd29955#18347
04-15 09:53:09.615  2000  2105 I SurfaceControlRegistry: show, t=StartTransaction_SyncId<1641> sc=DimTransitionLayer for Surface(name=Task=3865)/@0xd29955, caller=android.view.SurfaceControl$Transaction.show:3557 com.android.wm.shell.transition.DefaultTransitionHandler.startAnimation:2931 com.android.wm.shell.transition.Transitions.dispatchTransition:90 com.android.wm.shell.transition.Transitions.playTransition:774 com.android.wm.shell.transition.Transitions.processReadyQueue:239 com.android.wm.shell.transition.Transitions.dispatchReady:1352
04-15 09:53:09.615  2000  2105 I SurfaceControlRegistry: apply, t=StartTransaction_SyncId<1641>, caller=android.view.SurfaceControl$Transaction.apply:3459 android.view.SurfaceControl$Transaction.apply:3447 android.view.SurfaceControl$Transaction.apply:3397 com.android.wm.shell.transition.DefaultTransitionHandler.startAnimation:3387 com.android.wm.shell.transition.Transitions.dispatchTransition:90 com.android.wm.shell.transition.Transitions.playTransition:774
04-15 09:53:09.615 18525 18790 I Rubin   : [146] M.c0.k(Unknown Source) : Notify com.samsung.android.rubin.inferenceengine.contextanalytics.engine.loggers.AppUsageLogger's database is updated.
04-15 09:53:09.616 18638 18638 I VRI[InstrumentationActivityInvoker$EmptyActivity]@c813050: synced displayState. AttachInfo displayState=2
04-15 09:53:09.616 18638 18638 I VRI[InstrumentationActivityInvoker$EmptyActivity]@c813050: setView = com.android.internal.policy.DecorView@4e6106f IsHRR=false mFlingFrameRateChange=0 TM=true
04-15 09:53:09.617 18638 18653 D HWUI    : HWUI - treat SMPTE_170M as sRGB
04-15 09:53:09.617  2461  4432 I HoneySpace.RecentTasks: onRunningTaskAppeared
04-15 09:53:09.617  2461  4432 I HoneySpace.RecentTasks: onRecentTasksChanged
04-15 09:53:09.619  1151  1151 I SurfaceFlinger: RequestedLayer [1373d2a com.catfact.app.test/android[...]nActivityInvoker$EmptyActivity#18345] hidden!! flag  from(1) --> to(0)
04-15 09:53:09.619  1151  1151 I SurfaceFlinger: RequestedLayer [5f213b1 Splash Screen com.catfact.app.test#18342] hidden!! flag  from(1) --> to(0)
04-15 09:53:09.619  1151  1151 I SurfaceFlinger: RequestedLayer [Splash Screen com.catfact.app.test$_2000#18343] hidden!! flag  from(1) --> to(0)
04-15 09:53:09.619  1151  1151 I SurfaceFlinger: RequestedLayer [Task=3865#18340] hidden!! flag  from(1) --> to(0)
04-15 09:53:09.619  1151  1151 E SurfaceFlinger: alpha changed 1.000 -> 0.000 - Task=3865#18340
04-15 09:53:09.619  1151  1151 I SurfaceFlinger: RequestedLayer [Transition Root: Task=3865#18344] hidden!! flag  from(1) --> to(0)
04-15 09:53:09.619  1151  1151 I SurfaceFlinger: RequestedLayer [ActivityRecord{247465683 u0 com.catf[...]tyInvoker$EmptyActivity t3865}#18341] hidden!! flag  from(1) --> to(0)
04-15 09:53:09.619  1151  1151 I SurfaceFlinger: RequestedLayer [DimTransitionLayer for Surface(name=Task=3865)/@0xd29955#18347] hidden!! flag  from(1) --> to(0)
04-15 09:53:09.619  1151  1151 E SurfaceFlinger: alpha changed 1.000 -> 0.000 - DimTransitionLayer for Surface(name=Task=3865)/@0xd29955#18347
04-15 09:53:09.619  1151  1151 E SurfaceFlinger: alpha changed 0.000 -> 1.000 - Task=3865#18340
04-15 09:53:09.619  1151  1151 E SurfaceFlinger: alpha changed 0.000 -> 0.000 - DimTransitionLayer for Surface(name=Task=3865)/@0xd29955#18347
04-15 09:53:09.619  1151  1151 I SurfaceFlinger: [LayerHierarchy{RequestedLayerState{Task=3864#18325 parentId=18344 z=2} 1 children}] reparent to LayerHierarchy{RequestedLayerState{Transition Root: Task=3865#18344 parentId=10 z=14} 1 children}
04-15 09:53:09.619  1151  1151 I SurfaceFlinger: [LayerHierarchy{RequestedLayerState{Task=3865#18340 parentId=18344 z=5} 1 children}] reparent to LayerHierarchy{RequestedLayerState{Transition Root: Task=3865#18344 parentId=10 z=14} 2 children}
04-15 09:53:09.619  1151  1151 I SurfaceFlinger: [Transition Root: Task=3865#18344] attach to parent LayerHierarchy{RequestedLayerState{DefaultTaskDisplayArea_d0#10 parentId=9} 16 children}
04-15 09:53:09.619  1151  1151 I SurfaceFlinger: [1373d2a com.catfact.app.test/androidx.test.core.app.InstrumentationActivityInvoker$EmptyActivity#18345] attach to parent LayerHierarchy{RequestedLayerState{ActivityRecord{247465683 u0 com.catfact.app.test/androidx.test.core.app.InstrumentationActivityInvoker$EmptyActivity t3865}#18341 parentId=18340} 2 children}
04-15 09:53:09.620  1151  1151 I SurfaceFlinger: [5f4310d ActivityRecordInputSink com.catfact.app.test/androidx.test.core.app.InstrumentationActivityInvoker$EmptyActivity#18346] attach to parent LayerHierarchy{RequestedLayerState{ActivityRecord{247465683 u0 com.catfact.app.test/androidx.test.core.app.InstrumentationActivityInvoker$EmptyActivity t3865}#18341 parentId=18340} 3 children}
04-15 09:53:09.620  1151  1151 I SurfaceFlinger: [DimTransitionLayer for Surface(name=Task=3865)/@0xd29955#18347] attach to parent LayerHierarchy{RequestedLayerState{Transition Root: Task=3865#18344 parentId=10 z=14} 3 children}
04-15 09:53:09.620  1151  2479 I SurfaceFlinger: id=18348 createSurf, flag=24000, Surface(name=3edafdc StatusBar)/@0x3b919ed - animation-leash of insets_animation#18348
04-15 09:53:09.622  1151  1378 I SurfaceFlinger: id=18349 createSurf, flag=24000, Surface(name=8c5cec7 NavigationBar0)/@0xa68870 - animation-leash of insets_animation#18349
04-15 09:53:09.623  2000  2000 D SamsungLightBarControlHelper: updateStatusBar (BLACK icon) numStacks:1, StatusBarMode:MODE_TRANSPARENT, lightBarBounds:[Rect(0, 0 - 720, 1544)], StatusBarState:SHADE, packageName:, isWhiteKeyguardStatusBar:false
04-15 09:53:09.623  2000  2000 D SamsungLightBarControlHelper: onStatusBarAppearanceChanged() -  sbModeChanged:false, statusBarMode:0, barState:MODE_TRANSPARENT, isKeyguardShowing:false, navbarColorManagedByIme:false, (AppearanceRegion{LIGHT_STATUS_BARS bounds=[0,0][720,1544]}, )
04-15 09:53:09.623  2000  2000 D NavigationBar: onSystemBarAttributesChanged() -  displayId:0, appearance:24, packageName: com.catfact.app.test (APPEARANCE_LIGHT_STATUS_BARS APPEARANCE_LIGHT_NAVIGATION_BARS ), navbarColorManagedByIme:false
04-15 09:53:09.623  2000  2000 D SamsungLightBarControlHelper: updateNavigationBar (BLACK button) isLightOpaque:false, hasLightNavigationBarFlag:true, packageName:com.catfact.app.test, DirectReplying:false, NavBarColorMangedByIme:false, ForceDarkForScrim:false, ForceLightForScrim:false, QsCustomizing:false, QsExpanded:false
04-15 09:53:09.625  1542  1584 I SemDvfsHyPerManager: acquire hyper - AMS_RESUME_TAIL/1542@22, type = -999
04-15 09:53:09.625  1542  1584 I SemDvfsHyPerManager: acquire hyper - AMS_ACT_LAZY/1542@23, type = -999
04-15 09:53:09.625  2000  2105 D ShellDesktopMode: handleRequest: TransitionRequestInfo {type=2, tid=3865, debugId=1642}
04-15 09:53:09.626  1059  1180 I HYPER-HAL: [RequestManager.cpp]acquire(): Acquired ID : 1223852  [1542 / 22]    HINT : AMS_RESUME_TAIL    list :
04-15 09:53:09.628  1151  1151 I SurfaceFlinger: [LayerHierarchy{RequestedLayerState{8c5cec7 NavigationBar0#91 parentId=18349} 1 children}] reparent to LayerHierarchy{RequestedLayerState{Surface(name=8c5cec7 NavigationBar0)/@0xa68870 - animation-leash of insets_animation#18349 parentId=90} 1 children}
04-15 09:53:09.628  2000  2000 D DisplayLifecycle: updateDisplay id = 0
04-15 09:53:09.628  1151  1151 I SurfaceFlinger: [LayerHierarchy{RequestedLayerState{3edafdc StatusBar#95 parentId=18348} 1 children}] reparent to LayerHierarchy{RequestedLayerState{Surface(name=3edafdc StatusBar)/@0x3b919ed - animation-leash of insets_animation#18348 parentId=94} 1 children}
04-15 09:53:09.628  1151  1151 I SurfaceFlinger: [LayerHierarchy{RequestedLayerState{Surface(name=8c5cec7 NavigationBar0)/@0xa68870 - animation-leash of insets_animation#18337} no children}] reparent to OffscreenRoot
04-15 09:53:09.628  1151  1151 I SurfaceFlinger: [LayerHierarchy{RequestedLayerState{Surface(name=8c5cec7 NavigationBar0)/@0xa68870 - animation-leash of insets_animation#18337} no children}] RelativeParent to null
04-15 09:53:09.628  1151  1151 I SurfaceFlinger: [LayerHierarchy{RequestedLayerState{Surface(name=3edafdc StatusBar)/@0x3b919ed - animation-leash of insets_animation#18336} no children}] reparent to OffscreenRoot
04-15 09:53:09.628  1151  1151 I SurfaceFlinger: [LayerHierarchy{RequestedLayerState{Surface(name=3edafdc StatusBar)/@0x3b919ed - animation-leash of insets_animation#18336} no children}] RelativeParent to null
04-15 09:53:09.628  1151  1151 I SurfaceFlinger: [Surface(name=3edafdc StatusBar)/@0x3b919ed - animation-leash of insets_animation#18348] attach to parent LayerHierarchy{RequestedLayerState{WindowToken{7a8fc4f type=2000 android.os.BinderProxy@a9d7329}#94 parentId=17} 1 children}
04-15 09:53:09.628  1151  1151 I SurfaceFlinger: [Surface(name=8c5cec7 NavigationBar0)/@0xa68870 - animation-leash of insets_animation#18349] attach to parent LayerHierarchy{RequestedLayerState{WindowToken{fc018e2 type=2019 android.os.BinderProxy@bda3ac4}#90 parentId=34} 1 children}
04-15 09:53:09.628  2000  2125 D StackScroller: onDisplayChanged for predraw skip to 2
04-15 09:53:09.628  3723 29073 I [AirCmd]_ActivitySwitchDetector: onTaskFocusChanged : taskId=3865, componentName=ComponentInfo{com.catfact.app.test/androidx.test.core.app.InstrumentationActivityInvoker$EmptyActivity}
04-15 09:53:09.628  3723 29073 I [AirCmd]_ActivitySwitchDetector: onTaskFocusChanged :mTopMostActivity = ComponentInfo{com.catfact.app/com.catfact.app.MainActivity}
04-15 09:53:09.629  1059  1180 I HYPER-HAL: [ResourceManager.cpp]removeResource(): [CPULittleMinFreq] RemoveResource Request ID : 1233263
04-15 09:53:09.629  1059  1180 I HYPER-HAL: [RequestManager.cpp]releaseLocked(): Released ID : 1233263
04-15 09:53:09.630  3723 29073 I [AirCmd]_CallbackRepeater: stopRepeat : isWorking=false
04-15 09:53:09.630  3723 29073 I [AirCmd]_MediaControlStateMonitor: isForegroundAppSupportsMediaButton : mediaSession is empty
04-15 09:53:09.631  2000  2120 I VRI[test]@7a691c8: onActiveControlsChanged, removed=false, mAdded=true, caller=android.view.ViewRootImpl.handleInsetsControlChanged:3002 android.view.ViewRootImpl$ViewRootHandler.handleMessageImpl:8352 android.view.ViewRootImpl$ViewRootHandler.handleMessage:8301 android.os.Handler.dispatchMessage:110 android.os.Looper.loopOnce:273
04-15 09:53:09.631  2000  2120 I InsetsSourceConsumer: applyRequestedVisibilityToControl: visible=true, type=statusBars, host=Splash Screen com.catfact.app.test
04-15 09:53:09.631  1151  1199 I SurfaceFlinger: id=18336 Removed Surface(name=3edafdc StatusBar)/@0x3b919ed - animation-leash of insets_animation#18336 (186)
04-15 09:53:09.631  1151  1199 I SurfaceFlinger: id=18337 Removed Surface(name=8c5cec7 NavigationBar0)/@0xa68870 - animation-leash of insets_animation#18337 (186)
04-15 09:53:09.631  1542  2477 I WindowManager: Relayout Window{1373d2a u0 com.catfact.app.test/androidx.test.core.app.InstrumentationActivityInvoker$EmptyActivity}: viewVisibility=0 req=720x1544 ty=1 d0
04-15 09:53:09.631  2000  2120 I InsetsSourceConsumer: applyRequestedVisibilityToControl: visible=true, type=navigationBars, host=Splash Screen com.catfact.app.test
04-15 09:53:09.632  1151  1200 I SurfaceFlinger: id=18350 createSurf, flag=44004, com.catfact.app.test/androidx.test.core.app.InstrumentationActivityInvoker$EmptyActivity$_18638#18350
04-15 09:53:09.633  1542  2477 D SurfaceComposerClient: setCornerRadius ## 1373d2a com.catfact.app.test/androidx.test.core.app.InstrumentationActivityInvoker$EmptyActivity#18345 cornerRadius=0.000000
04-15 09:53:09.634  2461  4417 I HoneySpace.Memory-Monitor: current state = 2, didTrim = false
04-15 09:53:09.634  1542  2477 I WindowManager: Relayout hash=1373d2a, pid=18638, syncId=-1: mAttrs={(0,0)(fillxfill) sim={adjust=pan forwardNavigation} layoutInDisplayCutoutMode=always ty=BASE_APPLICATION
04-15 09:53:09.634  1542  2477 I WindowManager:   fl=81810100
04-15 09:53:09.634  1542  2477 I WindowManager:   pfl=100088c0
04-15 09:53:09.634  1542  2477 I WindowManager:   bhv=1
04-15 09:53:09.634  1542  2477 I WindowManager:   fitSides=0
04-15 09:53:09.634  1542  2477 I WindowManager:   frameRateBoostOnTouch=true
04-15 09:53:09.634  1542  2477 I WindowManager:   dvrrWindowFrameRateHint=true naviIconColor=0}
04-15 09:53:09.635  3723 29073 E [AirCmd]_MediaControlStateMonitor: getActiveNotificationPackageName : notification service monitor is null
04-15 09:53:09.635  3723 29073 I [AirCmd]_ButtonEventDetectionThread: enableDoubleClickDetection: enabled= true, doubleClickWaitInterval=300
04-15 09:53:09.636  1151  1151 E SurfaceFlinger: alpha changed 0.000 -> 0.011 - DimTransitionLayer for Surface(name=Task=3865)/@0xd29955#18347
04-15 09:53:09.636  1151  1151 I SurfaceFlinger: destroyed Surface(name=8c5cec7 NavigationBar0)/@0xa68870 - animation-leash of insets_animation#18337
04-15 09:53:09.636  1151  1151 I SurfaceFlinger: destroyed Surface(name=3edafdc StatusBar)/@0x3b919ed - animation-leash of insets_animation#18336
04-15 09:53:09.636  1151  1151 I SurfaceFlinger: [com.catfact.app.test/androidx.test.core.app.InstrumentationActivityInvoker$EmptyActivity$_18638#18350] attach to parent LayerHierarchy{RequestedLayerState{1373d2a com.catfact.app.test/androidx.test.core.app.InstrumentationActivityInvoker$EmptyActivity#18345 parentId=18341} 1 children}
04-15 09:53:09.637  2461  2584 I HoneySpace.TopTaskSource: onTaskMovedToFront : taskId = 3514, displayId = 0
04-15 09:53:09.637  1151  1151 I Layer   : id=18337 Destroyed Surface(name=8c5cec7 NavigationBar0)/@0xa68870 - animation-leash of insets_animation#18337
04-15 09:53:09.638  1151  1151 I Layer   : id=18336 Destroyed Surface(name=3edafdc StatusBar)/@0x3b919ed - animation-leash of insets_animation#18336
04-15 09:53:09.638  2461  2584 I HoneySpace.TopTaskSource: onTaskMovedToFront : taskId = 3801, displayId = 0
04-15 09:53:09.638  2461  2586 I HoneySpace.TopTaskUseCase: topTasks 3801 ComponentInfo{com.google.android.calendar/com.google.android.calendar.allinone.AllInOneCalendarActivity}[displayId=0]
04-15 09:53:09.638  2461  2474 I HoneySpace.RecentTasks: onRecentTasksChanged
04-15 09:53:09.642  1542  3015 I NSLocationMonitor: getGPSUsingApps() called
04-15 09:53:09.642 18638 18638 I BLASTBufferQueue_Java: new BLASTBufferQueue, mName= VRI[InstrumentationActivityInvoker$EmptyActivity]@c813050 mNativeObject= 0xb40000741c5081e0 caller= android.view.ViewRootImpl.updateBlastSurfaceIfNeeded:3585 android.view.ViewRootImpl.relayoutWindow:11685 android.view.ViewRootImpl.performTraversals:4804 android.view.ViewRootImpl.doTraversal:3924 android.view.ViewRootImpl$TraversalRunnable.run:12903 android.view.Choreographer$CallbackRecord.run:1901 android.view.Choreographer$CallbackRecord.run:1910 android.view.Choreographer.doCallbacks:1367 android.view.Choreographer.doFrame:1292 android.view.Choreographer$FrameDisplayEventReceiver.run:1870
04-15 09:53:09.642 18638 18638 I BLASTBufferQueue_Java: update, w= 720 h= 1544 mName = VRI[InstrumentationActivityInvoker$EmptyActivity]@c813050 mNativeObject= 0xb40000741c5081e0 sc.mNativeObject= 0xb40000751c4ea1d0 format= -1 caller= android.view.ViewRootImpl.updateBlastSurfaceIfNeeded:3590 android.view.ViewRootImpl.relayoutWindow:11685 android.view.ViewRootImpl.performTraversals:4804 android.view.ViewRootImpl.doTraversal:3924 android.view.ViewRootImpl$TraversalRunnable.run:12903 android.view.Choreographer$CallbackRecord.run:1901
04-15 09:53:09.642  2982  6680 I NSLocationManager_FLP: getGPSUsingApps, No change
04-15 09:53:09.643 18638 18638 I VRI[InstrumentationActivityInvoker$EmptyActivity]@c813050: Relayout returned: old=(0,0,720,1544) new=(0,0,720,1544) relayoutAsync=false req=(720,1544)0 dur=11 res=0x3 s={true 0xb40000748c509920} ch=true seqId=0
04-15 09:53:09.644 18638 18638 D VRI[InstrumentationActivityInvoker$EmptyActivity]@c813050: mThreadedRenderer.initialize() mSurface={isValid=true 0xb40000748c509920} hwInitialized=true
04-15 09:53:09.644  1151  1151 D SurfaceFlinger: Display 4633128672291735999 HWC layers:
04-15 09:53:09.644  1151  1151 D SurfaceFlinger:        CLIENT |           79766132621318 | 00002102 | RGBA_8888    |   12.0    0.0  720.0 1544.0 |    0    0  720 1544 | com.catfact.app/com.catfact.app.MainActivity$_18572#18333 (2)
04-15 09:53:09.644  1151  1151 D SurfaceFlinger:   SOLID_COLOR |                        0 | 00000000 | N/A          |    0.0    0.0    0.0    0.0 |    0    0  720 1544 | DimTransitionLayer for Surface(name=Task=3865)/@0xd29955#18347 (0)
04-15 09:53:09.644  1151  1151 D SurfaceFlinger:        DEVICE |            8589934655700 | 00002100 | RGBA_8888    |    0.0    0.0   37.0 1544.0 |  683    0  720 1544 | Splash Screen com.catfact.app.test$_2000#18343 (1)
04-15 09:53:09.644  1151  1151 D SurfaceFlinger:        DEVICE |            8589934654687 | 00002100 | RGBA_8888    |    0.0    0.0  720.0   50.0 |    0    0  720   50 | StatusBar$_2000#102 (26038)
04-15 09:53:09.644  1151  1151 D SurfaceFlinger:        DEVICE |           10569914518889 | 00002100 | RGBA_8888    |    0.0    0.0   67.0  353.0 |  653  192  720  545 | com.sec.android.app.launcher/com.sam[...]l.app.CocktailBarService$_2461#16495 (1)
04-15 09:53:09.644  1151  1151 D SurfaceFlinger:        DEVICE |            8589934654705 | 00002100 | RGBA_8888    |    0.0    0.0  720.
04-15 09:53:09.644  1151  1151 D SurfaceFlinger: 0   90.0 |    0 1454  720 1544 | NavigationBar0$_2000#98 (16840)
04-15 09:53:09.644  1151  1151 D SurfaceFlinger:
04-15 09:53:09.644 18638 18638 D VRI[InstrumentationActivityInvoker$EmptyActivity]@c813050: reportNextDraw android.view.ViewRootImpl.performTraversals:5443 android.view.ViewRootImpl.doTraversal:3924 android.view.ViewRootImpl$TraversalRunnable.run:12903 android.view.Choreographer$CallbackRecord.run:1901 android.view.Choreographer$CallbackRecord.run:1910
04-15 09:53:09.644 18638 18638 D VRI[InstrumentationActivityInvoker$EmptyActivity]@c813050: Setup new sync=wmsSync-VRI[InstrumentationActivityInvoker$EmptyActivity]@c813050#2
04-15 09:53:09.644 18638 18638 I VRI[InstrumentationActivityInvoker$EmptyActivity]@c813050: Creating new active sync group VRI[InstrumentationActivityInvoker$EmptyActivity]@c813050#3
04-15 09:53:09.645 18638 18638 D VRI[InstrumentationActivityInvoker$EmptyActivity]@c813050: registerCallbacksForSync syncBuffer=false
04-15 09:53:09.645 18638 18659 D VRI[InstrumentationActivityInvoker$EmptyActivity]@c813050: Received frameDrawingCallback syncResult=0 frameNum=1.
04-15 09:53:09.645 18638 18659 I VRI[InstrumentationActivityInvoker$EmptyActivity]@c813050: mWNT: t=0xb4000074fc50df90 mBlastBufferQueue=0xb40000741c5081e0 fn= 1 HdrRenderState mRenderHdrSdrRatio=1.0 caller= android.view.ViewRootImpl$12.onFrameDraw:15441 android.view.ThreadedRenderer$1.onFrameDraw:718 <bottom of call stack>
04-15 09:53:09.645 18638 18659 I VRI[InstrumentationActivityInvoker$EmptyActivity]@c813050: Setting up sync and frameCommitCallback
04-15 09:53:09.651  1542  3015 I NSLocationMonitor: getGPSUsingApps() called
04-15 09:53:09.652  2982  6680 I NSLocationManager_FLP: getGPSUsingApps, No change
04-15 09:53:09.653 18638 18653 I GSC     : SID[2] : fe6ff4e467193f9c, Kind: 1, time : 6.426 ms
04-15 09:53:09.657 18638 18653 I GSC     : SID[3] : 9fb7104710fc7e74, Kind: 0, time : 3.397 ms
04-15 09:53:09.658 18638 18653 I BLASTBufferQueue: [VRI[InstrumentationActivityInvoker$EmptyActivity]@c813050#1](f:0,a:0,s:0) onFrameAvailable the first frame is available
04-15 09:53:09.658 18638 18653 I VRI[InstrumentationActivityInvoker$EmptyActivity]@c813050: Received frameCommittedCallback lastAttemptedDrawFrameNum=1 didProduceBuffer=true
04-15 09:53:09.658  1151  1200 I SurfaceFlinger: [com.catfact.app.test/androidx.test.core.app.InstrumentationActivityInvoker$EmptyActivity$_18638#18350] setTransactionState with the first frame. bufferData(ID: 80049600462852, frameNumber: 1)
04-15 09:53:09.658 18638 18653 D HWUI    : CFMS:: SetUp Pid : 18638    Tid : 18653
04-15 09:53:09.659 18638 18638 D VRI[InstrumentationActivityInvoker$EmptyActivity]@c813050: reportDrawFinished seqId=0
04-15 09:53:09.660  1542  2477 I SemDvfsHyPerManager: acquire hyper - AMS_ACT_RESUME/1542@19, type = -999
04-15 09:53:09.660  1059  1180 I HYPER-HAL: [RequestManager.cpp]acquire(): Acquired ID : 1219160  [1542 / 19]    HINT : AMS_ACT_RESUME    list :
04-15 09:53:09.663  1542  1825 D AS.MultiSoundManager: mForegroundUid = 10279
04-15 09:53:09.663  1542  2477 D InputDispatcher: Focused application(0): ActivityRecord{243114305 u0 com.google.android.calendar/.allinone.AllInOneCalendarActivity t3801}
04-15 09:53:09.663  3979  3979 D AppWidgetProvider: onReceive:com.google.android.calendar.ACTION_CALENDAR_PROVIDER_CHANGED
04-15 09:53:09.663  2000  2120 D ViewRootImpl: desktopMode is false
04-15 09:53:09.663  2000  2120 I ViewRootImpl: dVRR is disabled
04-15 09:53:09.666  2000  2196 D NativeCustomFrequencyManager: [NativeCFMS] BpCustomFrequencyManager::BpCustomFrequencyManager()
04-15 09:53:09.668  1542  4025 D InputTransport: Input channel constructed: 'febb356', fd=1324
04-15 09:53:09.668  1542  4025 D InputTransport: Input channel constructed: 'febb356', fd=1329
04-15 09:53:09.668  1542  4025 D InputTransport: Input channel constructed: 'febb356', fd=1332
04-15 09:53:09.668  1542  4025 D InputTransport: Input channel destroyed: 'febb356', fd=1329
04-15 09:53:09.668  1151  1200 I SurfaceFlinger: id=18351 createSurf, flag=84004, febb356 Splash Screen com.google.android.calendar#18351
04-15 09:53:09.669  1151  1151 I SurfaceFlinger: RequestedLayer [com.catfact.app.test/androidx.test.c[...]tyInvoker$EmptyActivity$_18638#18350] hidden!! flag  from(1) --> to(0)
04-15 09:53:09.669  1151  1151 I SurfaceFlinger: [febb356 Splash Screen com.google.android.calendar#18351] attach to parent LayerHierarchy{RequestedLayerState{ActivityRecord{243114305 u0 com.google.android.calendar/.allinone.AllInOneCalendarActivity t3801}#16293 parentId=16292} 2 children}
04-15 09:53:09.670  1542  4025 D InputTransport: Input channel destroyed: 'febb356', fd=1332
04-15 09:53:09.670  1542  1598 W libprocessgroup: SetCgroup::ExecuteForProcess: failed to open /dev/cpuctl/foreground-boost/cgroup.procs: No such file or directory
04-15 09:53:09.670  1542  1598 W libprocessgroup: SetCgroup::ExecuteForProcess: failed to open /dev/cpuctl/foreground-boost/cgroup.procs: No such file or directory
04-15 09:53:09.671  2000  2120 D InputTransport: Input channel constructed: 'febb356', fd=768
04-15 09:53:09.671  1542  1598 W libprocessgroup: SetCgroup::ExecuteForProcess: failed to open /dev/cpuctl/foreground-boost/cgroup.procs: No such file or directory
04-15 09:53:09.671  2000  2120 I InsetsController: onStateChanged: host=Splash Screen com.google.android.calendar, from=android.view.ViewRootImpl.onInsetsStateChanged:3026, state=InsetsState: {mDisplayFrame=Rect(0, 0 - 720, 1544), mDisplayCutout=DisplayCutout{insets=Rect(0, 50 - 0, 0) waterfall=Insets{left=0, top=0, right=0, bottom=0} boundingRect={Bounds=[Rect(0, 0 - 0, 0), Rect(341, 0 - 379, 50), Rect(0, 0 - 0, 0), Rect(0, 0 - 0, 0)]} cutoutPathParserInfo={CutoutPathParserInfo{displayWidth=720 displayHeight=1544 physicalDisplayWidth=720 physicalDisplayHeight=1544 density={1.875} cutoutSpec={M 0,0 H -10 V 26.66666666666667 H 10 V 0 H 0 Z @dp} rotation={0} scale={1.0} physicalPixelDisplaySizeRatio={1.0}}} sideOverrides={}}, mRoundedCorners=RoundedCorners{[RoundedCorner{position=TopLeft, radius=8, center=Point(8, 8)}, RoundedCorner{position=TopRight, radius=8, center=Point(712, 8)}, RoundedCorner{position=BottomRight, radius=8, center=Point(712, 1536)}, RoundedCorner{position=BottomLeft, radius=8, center=Point(8, 1536)}]}  mRoundedCornerFrame=Rect(0, 0 - 720, 1544), mPrivacyIndicatorBounds=PrivacyIndicatorBounds {static bounds=Rect(637, 0 - 720, 50) rotation=0}, mDisplayShape=DisplayShape{ spec=-311912193 displayWidth=720 displayHeight=1544 physicalPixelDisplaySizeRatio=0.5 rotation=0 offsetX=0 offsetY=0 scale=1.0}, mSources= { InsetsSource: {ec730001 mType=navigationBars mFrame=[0,1454][720,1544] mVisible=true mFlags= mSideHint=BOTTOM mBoundingRects=null}, InsetsSource: {ec730004 mType=systemGestures mFrame=[0,0][0,0] mVisible=true mFlags= mSideHint=NONE mBoundingRects=null}, InsetsSource: {ec730005 mType=mandatorySystemGestures mFrame=[0,1454][720,1544] mVisible=true mFlags= mSideHint=BOTTOM mBoundingRects=null}, InsetsSource: {ec730006 mType=tappableElement mFrame=[0,1454][720,1544] mVisible=true mFlags= mSideHint=BOTTOM mBoundingRects=null}, InsetsSource: {ec730024 mType=systemGestures mFrame=[0,0][0,0] mVisible=true mFlags= mSideHint=NONE mBoundingRects=null}, InsetsSource: {3 mType=ime mFrame=[0,0][0,0] mVisible=false mFlags= mSideHint=NONE mBoundingRects=null}, InsetsSource: {27 mType=displayCutout mFrame=[0,0][720,50] mVisible=true mFlags= mSideHint=TOP mBoundingRects=null}, InsetsSource: {43950000 mType=statusBars mFrame=[0,0][720,50] mVisible=true mFlags= mSideHint=TOP mBoundingRects=null}, InsetsSource: {43950005 mType=mandatorySystemGestures mFrame=[0,0][720,73] mVisible=true mFlags= mSideHint=TOP mBoundingRects=null}, InsetsSource: {43950006 mType=tappableElement mFrame=[0,0][720,50] mVisible=true mFlags= mSideHint=TOP mBoundingRects=null} }
04-15 09:53:09.672  2000  2120 I VRI[calendar]@ece70be: onActiveControlsChanged, removed=false, mAdded=true, caller=android.view.ViewRootImpl.handleInsetsControlChanged:3002 android.view.ViewRootImpl.setView:2014 android.view.WindowManagerGlobal.addView:604 com.android.wm.shell.startingsurface.SplashscreenWindowCreator.addWindow:38 com.android.wm.shell.startingsurface.StartingWindowController$$ExternalSyntheticLambda4.run:1365
04-15 09:53:09.673  2000  2120 I VRI[calendar]@ece70be: synced displayState. AttachInfo displayState=2
04-15 09:53:09.673  1542  1582 D PkgPredictorService-SecIpmManagerServiceImpl: onForegroundActivitiesChanged pid:3979 uid:10279
04-15 09:53:09.673  1542  1582 D NetworkPolicy: already checked 10279
04-15 09:53:09.674  2461  2584 I HoneySpace.TopTaskSource: onTaskFocusChanged(): taskId = 3801
04-15 09:53:09.674  1542  1582 D NetworkPolicy: already checked 10279
04-15 09:53:09.674  2000  2000 I {OngoingActivityController}: onTaskFocusChanged but OA data is empty
04-15 09:53:09.677  1151  1151 D SurfaceFlinger: Display 4633128672291735999 HWC layers:
04-15 09:53:09.677  1151  1151 D SurfaceFlinger:        CLIENT |           79766132621318 | 00002102 | RGBA_8888    |   68.0    0.0  720.0 1544.0 |    0    0  720 1544 | com.catfact.app/com.catfact.app.MainActivity$_18572#18333 (2)
04-15 09:53:09.677  1151  1151 D SurfaceFlinger:   SOLID_COLOR |                        0 | 00000000 | N/A          |    0.0    0.0    0.0    0.0 |    0    0  720 1544 | DimTransitionLayer for Surface(name=Task=3865)/@0xd29955#18347 (0)
04-15 09:53:09.677  1151  1151 D SurfaceFlinger:        DEVICE |           80049600462852 | 00002102 | RGBA_8888    |    0.0    0.0  219.0 1544.0 |  501    0  720 1544 | com.catfact.app.test/androidx.test.c[...]tyInvoker$EmptyActivity$_18638#18350 (1)
04-15 09:53:09.677  1151  1151 D SurfaceFlinger:        DEVICE |            8589934655700 | 00002100 | RGBA_8888    |    0.0    0.0  219.0 1544.0 |  501    0  720 1544 | Splash Screen com.catfact.app.test$_2000#18343 (1)
04-15 09:53:09.677  1151  1151 D SurfaceFlinger:        DEVICE |            8589934654687 | 00002100 | RGBA_8888    |    0.0    0.0  720.0   50.0 |    0    0  720   50 | StatusBar$_2000#102 (26038)
04-15 09:53:09.677  1151  1151 D SurfaceFlinger:        DEVICE |           10569914518889 | 00002100 | RGBA_8888    |    0.0    0.0   67.
04-15 09:53:09.677  1151  1151 D SurfaceFlinger: 0  353.0 |  653  192  720  545 | com.sec.android.app.launcher/com.sam[...]l.app.CocktailBarService$_2461#16495 (1)
04-15 09:53:09.677  1151  1151 D SurfaceFlinger:        DEVICE |            8589934654705 | 00002100 | RGBA_8888    |    0.0    0.0  720.0   90.0 |    0 1454  720 1544 | NavigationBar0$_2000#98 (16840)
04-15 09:53:09.677  1151  1151 D SurfaceFlinger:
04-15 09:53:09.679  2461  2461 I HoneySpace.EdgePanel.CocktailHostRepositoryImpl: onNoteResume
04-15 09:53:09.679  2461  2461 I HoneySpace.EdgePanel.EdgePanelContainerViewModel: cocktailHostRepository.edgePanelOperation NoteResumeComponent(componentName=ComponentInfo{com.google.android.calendar/com.google.android.calendar.allinone.AllInOneCalendarActivity})
04-15 09:53:09.679  2461  2461 I HoneySpace.EdgePanel.ActivityUtils: HomePackage : com.sec.android.app.launcher, resumePackageName : com.google.android.calendar, className : com.google.android.calendar.allinone.AllInOneCalendarActivity
04-15 09:53:09.679  2000  2120 I VRI[calendar]@ece70be: setView = android.widget.FrameLayout@68b6635 IsHRR=false mFlingFrameRateChange=0 TM=true
04-15 09:53:09.680 18525 18790 I Rubin   : [146] M.c0.k(Unknown Source) : Notify com.samsung.android.rubin.inferenceengine.contextanalytics.engine.loggers.AppUsageLogger's database is updated.
04-15 09:53:09.681  2000  2196 D HWUI    : HWUI - treat SMPTE_170M as sRGB
04-15 09:53:09.682  1542  2477 I WindowManager: Relayout Window{febb356 u0 Splash Screen com.google.android.calendar}: viewVisibility=0 req=720x1544 ty=3 d0
04-15 09:53:09.682  1151  1199 I SurfaceFlinger: id=18352 createSurf, flag=44004, Splash Screen com.google.android.calendar$_2000#18352
04-15 09:53:09.683  3723 29073 I [AirCmd]_ActivitySwitchDetector: onTaskFocusChanged : taskId=3801, componentName=ComponentInfo{com.google.android.calendar/com.google.android.calendar.allinone.AllInOneCalendarActivity}
04-15 09:53:09.683  3723 29073 I [AirCmd]_ActivitySwitchDetector: onTaskFocusChanged :mTopMostActivity = ComponentInfo{com.catfact.app.test/androidx.test.core.app.InstrumentationActivityInvoker$EmptyActivity}
04-15 09:53:09.683  3723 29073 I [AirCmd]_CallbackRepeater: stopRepeat : isWorking=false
04-15 09:53:09.683  3723 29073 I [AirCmd]_MediaControlStateMonitor: isForegroundAppSupportsMediaButton : mediaSession is empty
04-15 09:53:09.683  1542  2477 D SurfaceComposerClient: setCornerRadius ## febb356 Splash Screen com.google.android.calendar#18351 cornerRadius=0.000000
04-15 09:53:09.684  1542  2477 D SurfaceComposerClient: setCornerRadius ## febb356 Splash Screen com.google.android.calendar#18351 cornerRadius=0.000000
04-15 09:53:09.684  1542  2477 I WindowManager: Relayout hash=febb356, pid=2000, syncId=-1: mAttrs={(0,0)(fillxfill) sim={adjust=pan} layoutInDisplayCutoutMode=always ty=APPLICATION_STARTING fmt=TRANSLUCENT wanim=0x1030317
04-15 09:53:09.684  1542  2477 I WindowManager:   fl=81030118
04-15 09:53:09.684  1542  2477 I WindowManager:   pfl=10000810
04-15 09:53:09.684  1542  2477 I WindowManager:   bhv=1
04-15 09:53:09.684  1542  2477 I WindowManager:   fitSides=0
04-15 09:53:09.684  1542  2477 I WindowManager:   frameRateBoostOnTouch=true
04-15 09:53:09.684  1542  2477 I WindowManager:   dvrrWindowFrameRateHint=true naviIconColor=0}
04-15 09:53:09.685  3723 29073 E [AirCmd]_MediaControlStateMonitor: getActiveNotificationPackageName : notification service monitor is null
04-15 09:53:09.686  3723 29073 I [AirCmd]_ButtonEventDetectionThread: enableDoubleClickDetection: enabled= true, doubleClickWaitInterval=300
04-15 09:53:09.687  3979  3979 I AppWidgetManager: updateAppWidget() appWidgetIds = [11]
04-15 09:53:09.687  1151  1151 I SurfaceFlinger: [Splash Screen com.google.android.calendar$_2000#18352] attach to parent LayerHierarchy{RequestedLayerState{febb356 Splash Screen com.google.android.calendar#18351 parentId=16293} 1 children}
04-15 09:53:09.687  2000  2120 I VRI[calendar]@ece70be: onActiveControlsChanged, removed=false, mAdded=true, caller=android.view.ViewRootImpl.handleInsetsControlChanged:3002 android.view.ViewRootImpl.relayoutWindow:11629 android.view.ViewRootImpl.performTraversals:4804 android.view.ViewRootImpl.doTraversal:3924 android.view.ViewRootImpl$TraversalRunnable.run:12903
04-15 09:53:09.687  1542  2477 I AppWidgetServiceImpl: Null RemoteViews on updateAppWidgetIds
04-15 09:53:09.689  1542  1585 D SurfaceComposerClient: setCornerRadius ## febb356 Splash Screen com.google.android.calendar#18351 cornerRadius=0.000000
04-15 09:53:09.689  1542  2477 D GraphicsStatsService: requestRenderEngineFor(com.google.android.calendar)
04-15 09:53:09.690  2000  2120 I BLASTBufferQueue_Java: new BLASTBufferQueue, mName= VRI[calendar]@ece70be mNativeObject= 0xb40000741d0737e0 caller= android.view.ViewRootImpl.updateBlastSurfaceIfNeeded:3585 android.view.ViewRootImpl.relayoutWindow:11685 android.view.ViewRootImpl.performTraversals:4804 android.view.ViewRootImpl.doTraversal:3924 android.view.ViewRootImpl$TraversalRunnable.run:12903 android.view.Choreographer$CallbackRecord.run:1901 android.view.Choreographer$CallbackRecord.run:1910 android.view.Choreographer.doCallbacks:1367 android.view.Choreographer.doFrame:1292 android.view.Choreographer$FrameDisplayEventReceiver.run:1870
04-15 09:53:09.691  2000  2120 I BLASTBufferQueue_Java: update, w= 720 h= 1544 mName = VRI[calendar]@ece70be mNativeObject= 0xb40000741d0737e0 sc.mNativeObject= 0xb40000751c53df90 format= -3 caller= android.view.ViewRootImpl.updateBlastSurfaceIfNeeded:3590 android.view.ViewRootImpl.relayoutWindow:11685 android.view.ViewRootImpl.performTraversals:4804 android.view.ViewRootImpl.doTraversal:3924 android.view.ViewRootImpl$TraversalRunnable.run:12903 android.view.Choreographer$CallbackRecord.run:1901
04-15 09:53:09.691  2000  2120 I VRI[calendar]@ece70be: Relayout returned: old=(0,0,720,1544) new=(0,0,720,1544) relayoutAsync=false req=(720,1544)0 dur=9 res=0x3 s={true 0xb40000748ce0d6a0} ch=true seqId=0
04-15 09:53:09.691  2000  2120 I VRI[calendar]@ece70be: performConfigurationChange setNightDimText nightDimLevel=0
04-15 09:53:09.691  2000  2120 D VRI[calendar]@ece70be: mThreadedRenderer.initialize() mSurface={isValid=true 0xb40000748ce0d6a0} hwInitialized=true
04-15 09:53:09.692  2000  2120 D VRI[calendar]@ece70be: reportNextDraw android.view.ViewRootImpl.performTraversals:5443 android.view.ViewRootImpl.doTraversal:3924 android.view.ViewRootImpl$TraversalRunnable.run:12903 android.view.Choreographer$CallbackRecord.run:1901 android.view.Choreographer$CallbackRecord.run:1910
04-15 09:53:09.692  2000  2120 D VRI[calendar]@ece70be: Setup new sync=wmsSync-VRI[calendar]@ece70be#50
04-15 09:53:09.692  2000  2120 I VRI[calendar]@ece70be: Creating new active sync group VRI[calendar]@ece70be#51
04-15 09:53:09.693  2000  2120 D VRI[calendar]@ece70be: registerCallbacksForSync syncBuffer=false
04-15 09:53:09.693  2000  2195 D VRI[calendar]@ece70be: Received frameDrawingCallback syncResult=0 frameNum=1.
04-15 09:53:09.693  2000  2195 I VRI[calendar]@ece70be: mWNT: t=0xb4000074fc7b8e90 mBlastBufferQueue=0xb40000741d0737e0 fn= 1 HdrRenderState mRenderHdrSdrRatio=1.0 caller= android.view.ViewRootImpl$12.onFrameDraw:15441 android.view.ThreadedRenderer$1.onFrameDraw:718 <bottom of call stack>
04-15 09:53:09.693  2000  2195 I VRI[calendar]@ece70be: Setting up sync and frameCommitCallback
04-15 09:53:09.695  2000  2196 I BLASTBufferQueue: [VRI[calendar]@ece70be#827](f:0,a:0,s:0) onFrameAvailable the first frame is available
04-15 09:53:09.695  2000  2196 I VRI[calendar]@ece70be: Received frameCommittedCallback lastAttemptedDrawFrameNum=1 didProduceBuffer=true
04-15 09:53:09.696  1151  1378 I SurfaceFlinger: [Splash Screen com.google.android.calendar$_2000#18352] setTransactionState with the first frame. bufferData(ID: 8589934655709, frameNumber: 1)
04-15 09:53:09.696  2000  2196 D HWUI    : CFMS:: SetUp Pid : 2000    Tid : 2196
04-15 09:53:09.696  2000  2120 D VRI[calendar]@ece70be: reportDrawFinished seqId=0
04-15 09:53:09.697  1542  1585 D SurfaceComposerClient: setCornerRadius ## febb356 Splash Screen com.google.android.calendar#18351 cornerRadius=0.000000
04-15 09:53:09.698  1542  1585 D SurfaceComposerClient: setCornerRadius ## febb356 Splash Screen com.google.android.calendar#18351 cornerRadius=0.000000
04-15 09:53:09.699  3979  3979 I DecorView: setWindowBackground: isPopOver=false color=ff121318 d=android.graphics.drawable.ColorDrawable@7806881
04-15 09:53:09.699  1151  1199 I SurfaceFlinger: id=18353 createSurf, flag=84004, Transition Root: Task=3801#18353
04-15 09:53:09.701  1542  1585 I SurfaceControlRegistry: show, t=StartTransaction_SyncId<1642> sc=ActivityRecord{243114305 u0 com.google.android.calendar/.allinone.AllInOneCalendarActivity t3801}, caller=android.view.SurfaceControl$Transaction.show:3557 com.android.server.wm.Transition.onTransactionReady:2048 com.android.server.wm.BLASTSyncEngine$SyncGroup.finishNow:240 com.android.server.wm.BLASTSyncEngine.onSurfacePlacement:263 com.android.server.wm.RootWindowContainer.performSurfacePlacementNoTrace:1083 com.android.server.wm.WindowSurfacePlacer.performSurfacePlacement:166
04-15 09:53:09.701  1542  1585 D SurfaceComposerClient: setCornerRadius ## Task=3865#18340 cornerRadius=0.000000
04-15 09:53:09.701  1542  1585 D SurfaceComposerClient: setCornerRadius ## Task=3801#16292 cornerRadius=0.000000
04-15 09:53:09.703  1542  1585 D ScreenCapture: [Capture_TEST] : setIsScreenShotBySystem false
04-15 09:53:09.703  1542  1585 I SurfaceComposerClient: captureLayers:childrenOnly:1, sync:1
04-15 09:53:09.703  3979  3988 I ndroid.calendar: Background concurrent mark compact GC freed 25MB AllocSpace bytes, 2(104KB) LOS objects, 66% free, 20MB/60MB, paused 3.916ms,18.339ms total 384.914ms
04-15 09:53:09.704  1151  1151 I SurfaceFlinger: [Transition Root: Task=3801#18353] attach to parent LayerHierarchy{RequestedLayerState{DefaultTaskDisplayArea_d0#10 parentId=9} 17 children}
04-15 09:53:09.704  2000  2105 I SurfaceControlRegistry: hide, t=FinishTransaction_SyncId<1642> sc=Task=3865, caller=android.view.SurfaceControl$Transaction.hide:3583 com.android.wm.shell.transition.Transitions.dispatchReady:1263 com.android.wm.shell.transition.Transitions.onTransitionReady:251 com.android.wm.shell.transition.Transitions$TransitionPlayerImpl$$ExternalSyntheticLambda0.run:13 android.os.Handler.handleCallback:995 android.os.Handler.dispatchMessage:103
04-15 09:53:09.705  2000  2105 I SurfaceControlRegistry: show, t=StartTransaction_SyncId<1642> sc=Task=3801, caller=android.view.SurfaceControl$Transaction.show:3557 com.android.wm.shell.transition.Transitions.dispatchReady:1279 com.android.wm.shell.transition.Transitions.onTransitionReady:251 com.android.wm.shell.transition.Transitions$TransitionPlayerImpl$$ExternalSyntheticLambda0.run:13 android.os.Handler.handleCallback:995 android.os.Handler.dispatchMessage:103
04-15 09:53:09.705  2000  2105 I SurfaceControlRegistry: show, t=FinishTransaction_SyncId<1642> sc=Task=3801, caller=android.view.SurfaceControl$Transaction.show:3557 com.android.wm.shell.transition.Transitions.dispatchReady:1330 com.android.wm.shell.transition.Transitions.onTransitionReady:251 com.android.wm.shell.transition.Transitions$TransitionPlayerImpl$$ExternalSyntheticLambda0.run:13 android.os.Handler.handleCallback:995 android.os.Handler.dispatchMessage:103
04-15 09:53:09.705  2000  2105 I SurfaceControlRegistry: apply, t=FinishTransaction_SyncId<1641>, caller=android.view.SurfaceControl$Transaction.apply:3459 android.view.SurfaceControl$Transaction.apply:3447 android.view.SurfaceControl$Transaction.apply:3397 com.android.wm.shell.transition.Transitions.onFinish:315 com.android.wm.shell.transition.Transitions$$ExternalSyntheticLambda7.onTransitionFinished:12 com.android.wm.shell.transition.DefaultTransitionHandler$$ExternalSyntheticLambda2.run:36
04-15 09:53:09.709  3979  4897 I SyncerLog: [34] Total requests: 1 (plus 0 retried)
04-15 09:53:09.710  3979  4897 I SyncerLog: [34] Sync Result: SUCCESS
04-15 09:53:09.715  1151  1151 I SurfaceFlinger: RequestedLayer [Task=3864#18325] hidden!! flag  from(0) --> to(1)
04-15 09:53:09.716  1151  1151 I SurfaceFlinger: [LayerHierarchy{RequestedLayerState{Task=3864#18325 parentId=10 z=13} 1 children}] reparent to LayerHierarchy{RequestedLayerState{DefaultTaskDisplayArea_d0#10 parentId=9} 18 children}
04-15 09:53:09.716  1151  1151 I SurfaceFlinger: [LayerHierarchy{RequestedLayerState{Task=3865#18340 parentId=10 z=14} 2 children}] reparent to LayerHierarchy{RequestedLayerState{DefaultTaskDisplayArea_d0#10 parentId=9} 19 children}
04-15 09:53:09.716  1151  1151 I SurfaceFlinger: [LayerHierarchy{RequestedLayerState{Transition Root: Task=3865#18344 z=14} 1 children}] reparent to OffscreenRoot
04-15 09:53:09.716  1151  1151 I SurfaceFlinger: [LayerHierarchy{RequestedLayerState{Transition Root: Task=3865#18344 z=14} 1 children}] RelativeParent to null
04-15 09:53:09.716  1151  1151 I SurfaceFlinger: [LayerHierarchy{RequestedLayerState{DimTransitionLayer for Surface(name=Task=3865)/@0xd29955#18347 z=-1} no children}] reparent to OffscreenRoot
04-15 09:53:09.716  1151  1151 I SurfaceFlinger: [LayerHierarchy{RequestedLayerState{DimTransitionLayer for Surface(name=Task=3865)/@0xd29955#18347 z=-1} no children}] RelativeParent to null
04-15 09:53:09.717  1151  1151 I SurfaceFlinger: id=18347 Removed DimTransitionLayer for Surface(name=Task=3865)/@0xd29955#18347 (188)
04-15 09:53:09.718  1151  1199 I SurfaceFlinger: Capture layer list: 	 com.catfact.app.test/androidx.test.core.app.InstrumentationActivityInvoker$EmptyActivity$_18638#18350(seamlessTransition:0)
04-15 09:53:09.718  1151  1199 I SurfaceFlinger: Capture layer list: 	 Splash Screen com.catfact.app.test$_2000#18343(seamlessTransition:0)
04-15 09:53:09.719  1151  1199 I CompositionEngine: [setDisplaySize] size=(720, 1544)
04-15 09:53:09.719  1151  1206 D RenderEngine: [SEC_SF_EFFECTS] drawLayersInternal,1494, Rendering layer ScreenCaptureFillLayer at index 0
04-15 09:53:09.719  1151  1206 D RenderEngine: [SEC_SF_EFFECTS] drawLayersInternal,1494, Rendering layer com.catfact.app.test/androidx.test.core.app.InstrumentationActivityInvoker$EmptyActivity$_18638#18350 at index 1
04-15 09:53:09.719  1151  1206 D RenderEngine: [SEC_SF_EFFECTS] drawLayersInternal,1494, Rendering layer Splash Screen com.catfact.app.test$_2000#18343 at index 2
04-15 09:53:09.723  1151  1151 D SurfaceFlinger: Display 4633128672291735999 HWC layers:
04-15 09:53:09.723  1151  1151 D SurfaceFlinger:        DEVICE |           80049600462852 | 00002102 | RGBA_8888    |    0.0    0.0  720.0 1544.0 |    0    0  720 1544 | com.catfact.app.test/androidx.test.c[...]tyInvoker$EmptyActivity$_18638#18350 (1)
04-15 09:53:09.723  1151  1151 D SurfaceFlinger:        DEVICE |            8589934655700 | 00002100 | RGBA_8888    |    0.0    0.0  720.0 1544.0 |    0    0  720 1544 | Splash Screen com.catfact.app.test$_2000#18343 (1)
04-15 09:53:09.723  1151  1151 D SurfaceFlinger:        DEVICE |            8589934654704 | 00002100 | RGBA_8888    |    0.0    0.0  720.0   50.0 |    0    0  720   50 | StatusBar$_2000#102 (26039)
04-15 09:53:09.723  1151  1151 D SurfaceFlinger:        DEVICE |           10569914518889 | 00002100 | RGBA_8888    |    0.0    0.0   67.0  353.0 |  653  192  720  545 | com.sec.android.app.launcher/com.sam[...]l.app.CocktailBarService$_2461#16495 (1)
04-15 09:53:09.723  1151  1151 D SurfaceFlinger:        DEVICE |            8589934654691 | 00002100 | RGBA_8888    |    0.0    0.0  720.0   90.0 |    0 1454  720 1544 | NavigationBar0$_2000#98 (16841)
04-15 09:53:09.723  1151  1151 D SurfaceFlinger:
04-15 09:53:09.723  1151  1151 I SurfaceFlinger: destroyed DimTransitionLayer for Surface(name=Task=3865)/@0xd29955#18347
04-15 09:53:09.724 18572 18572 I VRI[MainActivity]@292741c: handleAppVisibility mAppVisible = true visible = false
04-15 09:53:09.724 18572 18572 D VRI[MainActivity]@292741c: visibilityChanged oldVisibility=true newVisibility=false
04-15 09:53:09.725  2000  2105 I SurfaceControlRegistry: show, t=StartTransaction_SyncId<1642> sc=Transition Root: Task=3801, caller=android.view.SurfaceControl$Transaction.show:3557 com.android.wm.shell.transition.Transitions.playTransition:79 com.android.wm.shell.transition.Transitions.processReadyQueue:239 com.android.wm.shell.transition.Transitions.onFinish:528 com.android.wm.shell.transition.Transitions$$ExternalSyntheticLambda7.onTransitionFinished:12 com.android.wm.shell.transition.DefaultTransitionHandler$$ExternalSyntheticLambda2.run:36
04-15 09:53:09.726  1151  1151 I Layer   : id=18347 Destroyed DimTransitionLayer for Surface(name=Task=3865)/@0xd29955#18347
04-15 09:53:09.726  1151  1200 I SurfaceFlinger: id=18354 createSurf, flag=20004, DimTransitionLayer for Surface(name=Task=3865)/@0x21444e9#18354
04-15 09:53:09.726  2000  2105 I SurfaceControlRegistry: show, t=StartTransaction_SyncId<1642> sc=DimTransitionLayer for Surface(name=Task=3865)/@0x21444e9, caller=android.view.SurfaceControl$Transaction.show:3557 com.android.wm.shell.transition.DefaultTransitionHandler.startAnimation:2931 com.android.wm.shell.transition.Transitions.dispatchTransition:90 com.android.wm.shell.transition.Transitions.playTransition:774 com.android.wm.shell.transition.Transitions.processReadyQueue:239 com.android.wm.shell.transition.Transitions.onFinish:528
04-15 09:53:09.727  2000  2105 I SurfaceControlRegistry: apply, t=StartTransaction_SyncId<1642>, caller=android.view.SurfaceControl$Transaction.apply:3459 android.view.SurfaceControl$Transaction.apply:3447 android.view.SurfaceControl$Transaction.apply:3397 com.android.wm.shell.transition.DefaultTransitionHandler.startAnimation:3387 com.android.wm.shell.transition.Transitions.dispatchTransition:90 com.android.wm.shell.transition.Transitions.playTransition:774
04-15 09:53:09.728  1151  2758 I SurfaceFlinger: id=18355 createSurf, flag=24000, Surface(name=3edafdc StatusBar)/@0x3b919ed - animation-leash of insets_animation#18355
04-15 09:53:09.729 18572 18596 D HWUI    : CacheManager::trimMemory(20)
