04-15 09:53:15.107 18638 18638 I DecorView: setWindowBackground: isPopOver=false color=ffffffff d=android.graphics.drawable.ColorDrawable@4d9442f
04-15 09:53:15.107  2000  2196 D HWUI    : CFMS:: SetUp Pid : 2000    Tid : 2196
04-15 09:53:15.107  2000  2120 D VRI[test]@53e5910: reportDrawFinished seqId=0
04-15 09:53:15.107  1151  1199 I SurfaceFlinger: [Splash Screen com.catfact.app.test$_2000#18470] setTransactionState with the first frame. bufferData(ID: 8589934655781, frameNumber: 1)
04-15 09:53:15.108  1151  1338 D SurfaceFlinger: [input] setFocusedWindow: <null>
04-15 09:53:15.108  1542  2162 D InputDispatcher: Once focus requested (0): <null>
04-15 09:53:15.108  1542  2162 D InputDispatcher: Focus request (0): <null> but waiting because NO_WINDOW
04-15 09:53:15.108  1542  2162 D InputDispatcher: Focus left window (0): d52031b com.catfact.app/com.catfact.app.MainActivity
04-15 09:53:15.108  1542  1585 D SurfaceComposerClient: setCornerRadius ## 943f9a2 Splash Screen com.catfact.app.test#18469 cornerRadius=0.000000
04-15 09:53:15.108 18638 18653 V XGL     : Exiting: Create
04-15 09:53:15.108  2000  2125 D StackScroller: onDisplayChanged for predraw skip to 2
04-15 09:53:15.108 18572 18572 I ImeFocusController: onPreWindowFocus: skipped hasWindowFocus=false mHasImeFocus=true
04-15 09:53:15.108  2000  2000 D DisplayLifecycle: updateDisplay id = 0
04-15 09:53:15.109  1542  1585 D SurfaceComposerClient: setCornerRadius ## 943f9a2 Splash Screen com.catfact.app.test#18469 cornerRadius=0.000000
04-15 09:53:15.109 18572 18572 I ImeFocusController: onPostWindowFocus: skipped hasWindowFocus=false mHasImeFocus=true
04-15 09:53:15.109  1542  1585 D SurfaceComposerClient: setCornerRadius ## 943f9a2 Splash Screen com.catfact.app.test#18469 cornerRadius=0.000000
04-15 09:53:15.109  1151  1200 I SurfaceFlinger: id=18471 createSurf, flag=84004, Transition Root: Task=3871#18471
04-15 09:53:15.110  2461  4418 I HoneySpace.Memory-Monitor: current state = 2, didTrim = false
04-15 09:53:15.111  1542  1585 I SurfaceControlRegistry: show, t=StartTransaction_SyncId<1650> sc=ActivityRecord{20923897 u0 com.catfact.app.test/androidx.test.core.app.InstrumentationActivityInvoker$EmptyActivity t3871}, caller=android.view.SurfaceControl$Transaction.show:3557 com.android.server.wm.Transition.onTransactionReady:2048 com.android.server.wm.BLASTSyncEngine$SyncGroup.finishNow:240 com.android.server.wm.BLASTSyncEngine.onSurfacePlacement:263 com.android.server.wm.RootWindowContainer.performSurfacePlacementNoTrace:1083 com.android.server.wm.WindowSurfacePlacer.performSurfacePlacement:166
04-15 09:53:15.111  1542  1585 D SurfaceComposerClient: setCornerRadius ## Task=3870#18451 cornerRadius=0.000000
04-15 09:53:15.111  1542  1585 D SurfaceComposerClient: setCornerRadius ## Task=3871#18467 cornerRadius=0.000000
04-15 09:53:15.112  1151  1151 I SurfaceFlinger: [Transition Root: Task=3871#18471] attach to parent LayerHierarchy{RequestedLayerState{DefaultTaskDisplayArea_d0#10 parentId=9} 18 children}
04-15 09:53:15.112  1542  1585 D ScreenCapture: [Capture_TEST] : setIsScreenShotBySystem false
04-15 09:53:15.112  1542  1585 I SurfaceComposerClient: captureLayers:childrenOnly:1, sync:1
04-15 09:53:15.113 11141 11141 I Finsky  : [2] Wear companion app detected on device: com.google.android.apps.wear.companion
04-15 09:53:15.113  2000  2105 I SurfaceControlRegistry: hide, t=FinishTransaction_SyncId<1650> sc=Task=3870, caller=android.view.SurfaceControl$Transaction.hide:3583 com.android.wm.shell.transition.Transitions.dispatchReady:1263 com.android.wm.shell.transition.Transitions.onTransitionReady:251 com.android.wm.shell.transition.Transitions$TransitionPlayerImpl$$ExternalSyntheticLambda0.run:13 android.os.Handler.handleCallback:995 android.os.Handler.dispatchMessage:103
04-15 09:53:15.113  2000  2105 I SurfaceControlRegistry: show, t=StartTransaction_SyncId<1650> sc=Task=3871, caller=android.view.SurfaceControl$Transaction.show:3557 com.android.wm.shell.transition.Transitions.dispatchReady:1279 com.android.wm.shell.transition.Transitions.onTransitionReady:251 com.android.wm.shell.transition.Transitions$TransitionPlayerImpl$$ExternalSyntheticLambda0.run:13 android.os.Handler.handleCallback:995 android.os.Handler.dispatchMessage:103
04-15 09:53:15.113  2000  2105 I SurfaceControlRegistry: show, t=FinishTransaction_SyncId<1650> sc=Task=3871, caller=android.view.SurfaceControl$Transaction.show:3557 com.android.wm.shell.transition.Transitions.dispatchReady:1330 com.android.wm.shell.transition.Transitions.onTransitionReady:251 com.android.wm.shell.transition.Transitions$TransitionPlayerImpl$$ExternalSyntheticLambda0.run:13 android.os.Handler.handleCallback:995 android.os.Handler.dispatchMessage:103
04-15 09:53:15.113  2000  2105 I SurfaceControlRegistry: show, t=StartTransaction_SyncId<1650> sc=Transition Root: Task=3871, caller=android.view.SurfaceControl$Transaction.show:3557 com.android.wm.shell.transition.Transitions.playTransition:79 com.android.wm.shell.transition.Transitions.processReadyQueue:239 com.android.wm.shell.transition.Transitions.dispatchReady:1352 com.android.wm.shell.transition.Transitions.onTransitionReady:251 com.android.wm.shell.transition.Transitions$TransitionPlayerImpl$$ExternalSyntheticLambda0.run:13
04-15 09:53:15.114  2000  2105 D SurfaceComposerClient: [Task=3870#18451] setEdgeExtension Right
04-15 09:53:15.114  1151  1200 I SurfaceFlinger: id=18472 createSurf, flag=20004, DimTransitionLayer for Surface(name=Task=3871)/@0x697b27d#18472
04-15 09:53:15.115  2000  2105 I SurfaceControlRegistry: show, t=StartTransaction_SyncId<1650> sc=DimTransitionLayer for Surface(name=Task=3871)/@0x697b27d, caller=android.view.SurfaceControl$Transaction.show:3557 com.android.wm.shell.transition.DefaultTransitionHandler.startAnimation:2931 com.android.wm.shell.transition.Transitions.dispatchTransition:90 com.android.wm.shell.transition.Transitions.playTransition:774 com.android.wm.shell.transition.Transitions.processReadyQueue:239 com.android.wm.shell.transition.Transitions.dispatchReady:1352
04-15 09:53:15.115  2000  2105 I SurfaceControlRegistry: apply, t=StartTransaction_SyncId<1650>, caller=android.view.SurfaceControl$Transaction.apply:3459 android.view.SurfaceControl$Transaction.apply:3447 android.view.SurfaceControl$Transaction.apply:3397 com.android.wm.shell.transition.DefaultTransitionHandler.startAnimation:3387 com.android.wm.shell.transition.Transitions.dispatchTransition:90 com.android.wm.shell.transition.Transitions.playTransition:774
04-15 09:53:15.118  1151  1378 I SurfaceFlinger: Capture layer list: 	 com.catfact.app/com.catfact.app.MainActivity$_18572#18460(seamlessTransition:0)
04-15 09:53:15.118  1151  1378 I CompositionEngine: [setDisplaySize] size=(720, 1544)
04-15 09:53:15.119  1151  1206 D RenderEngine: [SEC_SF_EFFECTS] drawLayersInternal,1494, Rendering layer ScreenCaptureFillLayer at index 0
04-15 09:53:15.119  1151  1206 D RenderEngine: [SEC_SF_EFFECTS] drawLayersInternal,1494, Rendering layer com.catfact.app/com.catfact.app.MainActivity$_18572#18460 at index 1
04-15 09:53:15.120  1151  1151 I SurfaceFlinger: RequestedLayer [943f9a2 Splash Screen com.catfact.app.test#18469] hidden!! flag  from(1) --> to(0)
04-15 09:53:15.120  1151  1151 I SurfaceFlinger: RequestedLayer [Splash Screen com.catfact.app.test$_2000#18470] hidden!! flag  from(1) --> to(0)
04-15 09:53:15.120  1151  1151 I SurfaceFlinger: RequestedLayer [Task=3871#18467] hidden!! flag  from(1) --> to(0)
04-15 09:53:15.120  1151  1151 E SurfaceFlinger: alpha changed 1.000 -> 0.000 - Task=3871#18467
04-15 09:53:15.120  1151  1151 I SurfaceFlinger: RequestedLayer [Transition Root: Task=3871#18471] hidden!! flag  from(1) --> to(0)
04-15 09:53:15.120  1151  1151 I SurfaceFlinger: RequestedLayer [ActivityRecord{20923897 u0 com.catfa[...]tyInvoker$EmptyActivity t3871}#18468] hidden!! flag  from(1) --> to(0)
04-15 09:53:15.120  1151  1151 I SurfaceFlinger: RequestedLayer [DimTransitionLayer for Surface(name=Task=3871)/@0x697b27d#18472] hidden!! flag  from(1) --> to(0)
04-15 09:53:15.120  1151  1151 E SurfaceFlinger: alpha changed 1.000 -> 0.000 - DimTransitionLayer for Surface(name=Task=3871)/@0x697b27d#18472
04-15 09:53:15.120  1151  1151 E SurfaceFlinger: alpha changed 0.000 -> 1.000 - Task=3871#18467
04-15 09:53:15.120  1151  1151 E SurfaceFlinger: alpha changed 0.000 -> 0.000 - DimTransitionLayer for Surface(name=Task=3871)/@0x697b27d#18472
04-15 09:53:15.121  1151  1151 I SurfaceFlinger: [LayerHierarchy{RequestedLayerState{Task=3870#18451 parentId=18471 z=2} 1 children}] reparent to LayerHierarchy{RequestedLayerState{Transition Root: Task=3871#18471 parentId=10 z=14} 1 children}
04-15 09:53:15.121  1151  1151 I SurfaceFlinger: [LayerHierarchy{RequestedLayerState{Task=3871#18467 parentId=18471 z=5} 1 children}] reparent to LayerHierarchy{RequestedLayerState{Transition Root: Task=3871#18471 parentId=10 z=14} 2 children}
04-15 09:53:15.121  1151  1151 I SurfaceFlinger: [DimTransitionLayer for Surface(name=Task=3871)/@0x697b27d#18472] attach to parent LayerHierarchy{RequestedLayerState{Transition Root: Task=3871#18471 parentId=10 z=14} 3 children}
04-15 09:53:15.121 11141 11141 I Finsky  : [2] DTU: Received onPackageAdded, replacing: false
04-15 09:53:15.121 11141 11141 I Finsky  : [2] AIM: AppInfoCacheUpdater -> invalidating apps: [com.catfact.app]
04-15 09:53:15.122 11141 11141 I Finsky  : [2] AIM: AppInfoManager-Perf > getApps > called for 1 apps
04-15 09:53:15.123 11141 11141 I Finsky  : [2] Clearing split related stale data.
04-15 09:53:15.123  1151  1200 I SurfaceFlinger: id=18473 createSurf, flag=84000, f99d643 ActivityRecordInputSink com.catfact.app.test/androidx.test.core.app.InstrumentationActivityInvoker$EmptyActivity#18473
04-15 09:53:15.124 18638 18638 D ViewRootImpl: desktopMode is false
04-15 09:53:15.124 18638 18638 I ViewRootImpl: dVRR is disabled
04-15 09:53:15.124 18638 18653 D NativeCustomFrequencyManager: [NativeCFMS] BpCustomFrequencyManager::BpCustomFrequencyManager()
04-15 09:53:15.124 11141 11141 I Finsky  : [2] aiyb - Received: android.intent.action.PACKAGE_ADDED, [oYiZ5BDGlZNg6n5F0wXAhBsajZdUiKaHfAEUuGnPda8]
04-15 09:53:15.126 11141 11197 I Finsky  : [241] AIM: AppInfoManager-Perf > OnDeviceAppInfo > cacheHitCount=0, cacheMissCount=1. Missed  in cache (limit 10) : [com.catfact.app]
04-15 09:53:15.126  1542  4025 D InputTransport: Input channel constructed: 'bf94626', fd=1041
04-15 09:53:15.126  1542  4025 D InputTransport: Input channel constructed: 'bf94626', fd=1146
04-15 09:53:15.126  1542  4025 D InputTransport: Input channel constructed: 'bf94626', fd=1248
04-15 09:53:15.126  1542  4025 D InputTransport: Input channel destroyed: 'bf94626', fd=1146
04-15 09:53:15.127  1151  2758 I SurfaceFlinger: id=18474 createSurf, flag=84004, bf94626 com.catfact.app.test/androidx.test.core.app.InstrumentationActivityInvoker$EmptyActivity#18474
04-15 09:53:15.128  1542  4025 D InputTransport: Input channel destroyed: 'bf94626', fd=1248
04-15 09:53:15.128 18638 18638 D InputTransport: Input channel constructed: 'bf94626', fd=117
04-15 09:53:15.129  1151  1151 I SurfaceFlinger: [f99d643 ActivityRecordInputSink com.catfact.app.test/androidx.test.core.app.InstrumentationActivityInvoker$EmptyActivity#18473] attach to parent LayerHierarchy{RequestedLayerState{ActivityRecord{20923897 u0 com.catfact.app.test/androidx.test.core.app.InstrumentationActivityInvoker$EmptyActivity t3871}#18468 parentId=18467} 2 children}
04-15 09:53:15.129  1151  1151 I SurfaceFlinger: [bf94626 com.catfact.app.test/androidx.test.core.app.InstrumentationActivityInvoker$EmptyActivity#18474] attach to parent LayerHierarchy{RequestedLayerState{ActivityRecord{20923897 u0 com.catfact.app.test/androidx.test.core.app.InstrumentationActivityInvoker$EmptyActivity t3871}#18468 parentId=18467} 3 children}
04-15 09:53:15.129 18638 18638 I InsetsController: onStateChanged: host=com.catfact.app.test/androidx.test.core.app.InstrumentationActivityInvoker$EmptyActivity, from=android.view.ViewRootImpl.onInsetsStateChanged:3026, state=InsetsState: {mDisplayFrame=Rect(0, 0 - 720, 1544), mDisplayCutout=DisplayCutout{insets=Rect(0, 50 - 0, 0) waterfall=Insets{left=0, top=0, right=0, bottom=0} boundingRect={Bounds=[Rect(0, 0 - 0, 0), Rect(341, 0 - 379, 50), Rect(0, 0 - 0, 0), Rect(0, 0 - 0, 0)]} cutoutPathParserInfo={CutoutPathParserInfo{displayWidth=720 displayHeight=1544 physicalDisplayWidth=720 physicalDisplayHeight=1544 density={1.875} cutoutSpec={M 0,0 H -10 V 26.66666666666667 H 10 V 0 H 0 Z @dp} rotation={0} scale={1.0} physicalPixelDisplaySizeRatio={1.0}}} sideOverrides={}}, mRoundedCorners=RoundedCorners{[RoundedCorner{position=TopLeft, radius=8, center=Point(8, 8)}, RoundedCorner{position=TopRight, radius=8, center=Point(712, 8)}, RoundedCorner{position=BottomRight, radius=8, center=Point(712, 1536)}, RoundedCorner{position=BottomLeft, radius=8, center=Point(8, 1536)}]}  mRoundedCornerFrame=Rect(0, 0 - 720, 1544), mPrivacyIndicatorBounds=PrivacyIndicatorBounds {static bounds=Rect(637, 0 - 720, 50) rotation=0}, mDisplayShape=DisplayShape{ spec=-311912193 displayWidth=720 displayHeight=1544 physicalPixelDisplaySizeRatio=0.5 rotation=0 offsetX=0 offsetY=0 scale=1.0}, mSources= { InsetsSource: {ec730001 mType=navigationBars mFrame=[0,1454][720,1544] mVisible=true mFlags= mSideHint=BOTTOM mBoundingRects=null}, InsetsSource: {ec730004 mType=systemGestures mFrame=[0,0][0,0] mVisible=true mFlags= mSideHint=NONE mBoundingRects=null}, InsetsSource: {ec730005 mType=mandatorySystemGestures mFrame=[0,1454][720,1544] mVisible=true mFlags= mSideHint=BOTTOM mBoundingRects=null}, InsetsSource: {ec730006 mType=tappableElement mFrame=[0,1454][720,1544] mVisible=true mFlags= mSideHint=BOTTOM mBoundingRects=null}, InsetsSource: {ec730024 mType=systemGestures mFrame=[0,0][0,0] mVisible=true mFlags= mSideHint=NONE mBoundingRects=null}, InsetsSource: {3 mType=ime mFrame=[0,0][0,0] mVisible=false mFlags= mSideHint=NONE mBoundingRects=null}, InsetsSource: {27 mType=displayCutout mFrame=[0,0][720,50] mVisible=true mFlags= mSideHint=TOP mBoundingRects=null}, InsetsSource: {43950000 mType=statusBars mFrame=[0,0][720,50] mVisible=true mFlags= mSideHint=TOP mBoundingRects=null}, InsetsSource: {43950005 mType=mandatorySystemGestures mFrame=[0,0][720,73] mVisible=true mFlags= mSideHint=TOP mBoundingRects=null}, InsetsSource: {43950006 mType=tappableElement mFrame=[0,0][720,50] mVisible=true mFlags= mSideHint=TOP mBoundingRects=null} }
04-15 09:53:15.129 18638 18638 I VRI[InstrumentationActivityInvoker$EmptyActivity]@da6e11a: synced displayState. AttachInfo displayState=2
04-15 09:53:15.129 18638 18638 I VRI[InstrumentationActivityInvoker$EmptyActivity]@da6e11a: setView = com.android.internal.policy.DecorView@5026741 IsHRR=false mFlingFrameRateChange=0 TM=true
04-15 09:53:15.129 11141 18398 I Finsky  : [361] [ContentSync] finished, scheduled=false
04-15 09:53:15.130 18638 18653 D HWUI    : HWUI - treat SMPTE_170M as sRGB
04-15 09:53:15.131  1151  1151 D SurfaceFlinger: GPIS:: requestGpisForClientComposition
04-15 09:53:15.131  1542  4025 I WindowManager: Relayout Window{bf94626 u0 com.catfact.app.test/androidx.test.core.app.InstrumentationActivityInvoker$EmptyActivity}: viewVisibility=0 req=720x1544 ty=1 d0
04-15 09:53:15.132  1151  1378 I SurfaceFlinger: id=18475 createSurf, flag=44004, com.catfact.app.test/androidx.test.core.app.InstrumentationActivityInvoker$EmptyActivity$_18638#18475
04-15 09:53:15.132  2461  4416 I HoneySpace.RecentTasks: onRunningTaskAppeared
04-15 09:53:15.132  2461  4416 I HoneySpace.RecentTasks: onRecentTasksChanged
04-15 09:53:15.133  1542  4025 D SurfaceComposerClient: setCornerRadius ## 943f9a2 Splash Screen com.catfact.app.test#18469 cornerRadius=0.000000
04-15 09:53:15.133  1542  4025 D SurfaceComposerClient: setCornerRadius ## bf94626 com.catfact.app.test/androidx.test.core.app.InstrumentationActivityInvoker$EmptyActivity#18474 cornerRadius=0.000000
04-15 09:53:15.133  1151  1378 I SurfaceFlinger: id=18476 createSurf, flag=24000, Surface(name=3edafdc StatusBar)/@0x3b919ed - animation-leash of insets_animation#18476
04-15 09:53:15.134  1151  1378 I SurfaceFlinger: id=18477 createSurf, flag=24000, Surface(name=8c5cec7 NavigationBar0)/@0xa68870 - animation-leash of insets_animation#18477
04-15 09:53:15.135 11141 11141 I Finsky  : [2] Wear companion app detected on device: com.google.android.apps.wear.companion
04-15 09:53:15.136  1542  4025 D SurfaceComposerClient: setCornerRadius ## 943f9a2 Splash Screen com.catfact.app.test#18469 cornerRadius=0.000000
04-15 09:53:15.136  1542  4025 D SurfaceComposerClient: setCornerRadius ## bf94626 com.catfact.app.test/androidx.test.core.app.InstrumentationActivityInvoker$EmptyActivity#18474 cornerRadius=0.000000
04-15 09:53:15.136  2000  2000 D SamsungLightBarControlHelper: updateStatusBar (BLACK icon) numStacks:1, StatusBarMode:MODE_TRANSPARENT, lightBarBounds:[Rect(0, 0 - 720, 1544)], StatusBarState:SHADE, packageName:, isWhiteKeyguardStatusBar:false
04-15 09:53:15.136  2000  2000 D SamsungLightBarControlHelper: onStatusBarAppearanceChanged() -  sbModeChanged:false, statusBarMode:0, barState:MODE_TRANSPARENT, isKeyguardShowing:false, navbarColorManagedByIme:false, (AppearanceRegion{LIGHT_STATUS_BARS bounds=[0,0][720,1544]}, )
04-15 09:53:15.136  2000  2000 D NavigationBar: onSystemBarAttributesChanged() -  displayId:0, appearance:24, packageName: com.catfact.app.test (APPEARANCE_LIGHT_STATUS_BARS APPEARANCE_LIGHT_NAVIGATION_BARS ), navbarColorManagedByIme:false
04-15 09:53:15.136  1151  1378 I SurfaceFlinger: id=18478 createSurf, flag=24000, Surface(name=3edafdc StatusBar)/@0x3b919ed - animation-leash of insets_animation#18478
04-15 09:53:15.136  2000  2000 D SamsungLightBarControlHelper: updateNavigationBar (BLACK button) isLightOpaque:false, hasLightNavigationBarFlag:true, packageName:com.catfact.app.test, DirectReplying:false, NavBarColorMangedByIme:false, ForceDarkForScrim:false, ForceLightForScrim:false, QsCustomizing:false, QsExpanded:false
04-15 09:53:15.137  1151  1151 I SurfaceFlinger: RequestedLayer [bf94626 com.catfact.app.test/android[...]nActivityInvoker$EmptyActivity#18474] hidden!! flag  from(1) --> to(0)
04-15 09:53:15.137  1151  1151 E SurfaceFlinger: alpha changed 0.000 -> 0.011 - DimTransitionLayer for Surface(name=Task=3871)/@0x697b27d#18472
04-15 09:53:15.137  1151  1151 I SurfaceFlinger: [com.catfact.app.test/androidx.test.core.app.InstrumentationActivityInvoker$EmptyActivity$_18638#18475] attach to parent LayerHierarchy{RequestedLayerState{bf94626 com.catfact.app.test/androidx.test.core.app.InstrumentationActivityInvoker$EmptyActivity#18474 parentId=18468} 1 children}
04-15 09:53:15.137  1151  1151 I SurfaceFlinger: [Surface(name=3edafdc StatusBar)/@0x3b919ed - animation-leash of insets_animation#18476] attach to parent LayerHierarchy{RequestedLayerState{WindowToken{7a8fc4f type=2000 android.os.BinderProxy@a9d7329}#94 parentId=17} 2 children}
04-15 09:53:15.137  1151  1151 I SurfaceFlinger: [Surface(name=8c5cec7 NavigationBar0)/@0xa68870 - animation-leash of insets_animation#18477] attach to parent LayerHierarchy{RequestedLayerState{WindowToken{fc018e2 type=2019 android.os.BinderProxy@bda3ac4}#90 parentId=34} 2 children}
04-15 09:53:15.137  1151  1151 I SurfaceFlinger: [Surface(name=3edafdc StatusBar)/@0x3b919ed - animation-leash of insets_animation#18478] attach to parent LayerHierarchy{RequestedLayerState{WindowToken{7a8fc4f type=2000 android.os.BinderProxy@a9d7329}#94 parentId=17} 3 children}
04-15 09:53:15.138  1151  1199 I SurfaceFlinger: id=18479 createSurf, flag=24000, Surface(name=8c5cec7 NavigationBar0)/@0xa68870 - animation-leash of insets_animation#18479
04-15 09:53:15.139 11141 11202 I Finsky  : [243] AIM: Got app ownership map. App counts: . Unique apps: 0
04-15 09:53:15.139 11141 11202 E Finsky  : [243] [Counters] attempted to use a non-positive increment for: 4752
04-15 09:53:15.139  1542  4025 I SystemKeyManager: requested systemKeyInfo size=1 focusedWindow=com.catfact.app.test/androidx.test.core.app.InstrumentationActivityInvoker$EmptyActivity
04-15 09:53:15.139  1542  4025 I SystemKeyManager: requested systemKeyInfo size=1 focusedWindow=com.catfact.app.test/androidx.test.core.app.InstrumentationActivityInvoker$EmptyActivity
04-15 09:53:15.139 11141 11199 I Finsky  : [242] AIM: AppInfoManager-Perf > OnDeviceAppInfo > cacheHitCount=0, cacheMissCount=1. Missed  in cache (limit 10) : [com.catfact.app]
04-15 09:53:15.139  2000  2000 D NavigationBar: onSystemBarAttributesChanged() -  displayId:0, appearance:16, packageName: com.catfact.app.test (APPEARANCE_LIGHT_NAVIGATION_BARS ), navbarColorManagedByIme:false
04-15 09:53:15.140 11141 11199 I Finsky  : [242] AIM: Got app ownership map. App counts: . Unique apps: 0
04-15 09:53:15.140 11141 11199 E Finsky  : [242] [Counters] attempted to use a non-positive increment for: 4752
04-15 09:53:15.140  1542  4025 I WindowManager: Relayout hash=bf94626, pid=18638, syncId=-1: mAttrs={(0,0)(fillxfill) sim={adjust=pan forwardNavigation} layoutInDisplayCutoutMode=always ty=BASE_APPLICATION
04-15 09:53:15.140  1542  4025 I WindowManager:   fl=81810100
04-15 09:53:15.140  1542  4025 I WindowManager:   pfl=100088c0
04-15 09:53:15.140  1542  4025 I WindowManager:   bhv=1
04-15 09:53:15.140  1542  4025 I WindowManager:   fitSides=0
04-15 09:53:15.140  1542  4025 I WindowManager:   frameRateBoostOnTouch=true
04-15 09:53:15.140  1542  4025 I WindowManager:   dvrrWindowFrameRateHint=true naviIconColor=0}
04-15 09:53:15.141 11141 11199 E Finsky  : [242] [Counters] attempted to use a non-positive increment for: 4753
04-15 09:53:15.141 18638 18638 I BLASTBufferQueue_Java: new BLASTBufferQueue, mName= VRI[InstrumentationActivityInvoker$EmptyActivity]@da6e11a mNativeObject= 0xb40000741c5495f0 caller= android.view.ViewRootImpl.updateBlastSurfaceIfNeeded:3585 android.view.ViewRootImpl.relayoutWindow:11685 android.view.ViewRootImpl.performTraversals:4804 android.view.ViewRootImpl.doTraversal:3924 android.view.ViewRootImpl$TraversalRunnable.run:12903 android.view.Choreographer$CallbackRecord.run:1901 android.view.Choreographer$CallbackRecord.run:1910 android.view.Choreographer.doCallbacks:1367 android.view.Choreographer.doFrame:1292 android.view.Choreographer$FrameDisplayEventReceiver.run:1870
04-15 09:53:15.142 18638 18638 I BLASTBufferQueue_Java: update, w= 720 h= 1544 mName = VRI[InstrumentationActivityInvoker$EmptyActivity]@da6e11a mNativeObject= 0xb40000741c5495f0 sc.mNativeObject= 0xb40000751c4ea1d0 format= -1 caller= android.view.ViewRootImpl.updateBlastSurfaceIfNeeded:3590 android.view.ViewRootImpl.relayoutWindow:11685 android.view.ViewRootImpl.performTraversals:4804 android.view.ViewRootImpl.doTraversal:3924 android.view.ViewRootImpl$TraversalRunnable.run:12903 android.view.Choreographer$CallbackRecord.run:1901
04-15 09:53:15.142 18638 18638 I VRI[InstrumentationActivityInvoker$EmptyActivity]@da6e11a: Relayout returned: old=(0,0,720,1544) new=(0,0,720,1544) relayoutAsync=false req=(720,1544)0 dur=10 res=0x3 s={true 0xb40000748c51a110} ch=true seqId=0
04-15 09:53:15.142 18638 18638 I VRI[InstrumentationActivityInvoker$EmptyActivity]@da6e11a: performConfigurationChange setNightDimText nightDimLevel=0
04-15 09:53:15.143 18638 18638 D VRI[InstrumentationActivityInvoker$EmptyActivity]@da6e11a: mThreadedRenderer.initialize() mSurface={isValid=true 0xb40000748c51a110} hwInitialized=true
04-15 09:53:15.143 18638 18638 D VRI[InstrumentationActivityInvoker$EmptyActivity]@da6e11a: reportNextDraw android.view.ViewRootImpl.performTraversals:5443 android.view.ViewRootImpl.doTraversal:3924 android.view.ViewRootImpl$TraversalRunnable.run:12903 android.view.Choreographer$CallbackRecord.run:1901 android.view.Choreographer$CallbackRecord.run:1910
04-15 09:53:15.143 18638 18638 D VRI[InstrumentationActivityInvoker$EmptyActivity]@da6e11a: Setup new sync=wmsSync-VRI[InstrumentationActivityInvoker$EmptyActivity]@da6e11a#8
04-15 09:53:15.143 18638 18638 I VRI[InstrumentationActivityInvoker$EmptyActivity]@da6e11a: Creating new active sync group VRI[InstrumentationActivityInvoker$EmptyActivity]@da6e11a#9
04-15 09:53:15.143 18638 18638 D VRI[InstrumentationActivityInvoker$EmptyActivity]@da6e11a: registerCallbacksForSync syncBuffer=false
04-15 09:53:15.144 18638 18658 D VRI[InstrumentationActivityInvoker$EmptyActivity]@da6e11a: Received frameDrawingCallback syncResult=0 frameNum=1.
04-15 09:53:15.144 18638 18658 I VRI[InstrumentationActivityInvoker$EmptyActivity]@da6e11a: mWNT: t=0xb4000074fc513c50 mBlastBufferQueue=0xb40000741c5495f0 fn= 1 HdrRenderState mRenderHdrSdrRatio=1.0 caller= android.view.ViewRootImpl$12.onFrameDraw:15441 android.view.ThreadedRenderer$1.onFrameDraw:718 <bottom of call stack>
04-15 09:53:15.144 18638 18658 I VRI[InstrumentationActivityInvoker$EmptyActivity]@da6e11a: Setting up sync and frameCommitCallback
04-15 09:53:15.145  1151  1151 D SurfaceFlinger: Display 4633128672291735999 HWC layers:
04-15 09:53:15.145  1151  1151 D SurfaceFlinger:        CLIENT |           79766132621330 | 00002102 | RGBA_8888    |   12.0    0.0  720.0 1544.0 |    0    0  720 1544 | com.catfact.app/com.catfact.app.MainActivity$_18572#18460 (74)
04-15 09:53:15.145  1151  1151 D SurfaceFlinger:   SOLID_COLOR |                        0 | 00000000 | N/A          |    0.0    0.0    0.0    0.0 |    0    0  720 1544 | DimTransitionLayer for Surface(name=Task=3871)/@0x697b27d#18472 (0)
04-15 09:53:15.145  1151  1151 D SurfaceFlinger:        DEVICE |            8589934655781 | 00002100 | RGBA_8888    |    0.0    0.0   37.0 1544.0 |  683    0  720 1544 | Splash Screen com.catfact.app.test$_2000#18470 (1)
04-15 09:53:15.145  1151  1151 D SurfaceFlinger:        DEVICE |            8589934654687 | 00002100 | RGBA_8888    |    0.0    0.0  720.0   50.0 |    0    0  720   50 | StatusBar$_2000#102 (26118)
04-15 09:53:15.145  1151  1151 D SurfaceFlinger:        DEVICE |           10569914518889 | 00002100 | RGBA_8888    |    0.0    0.0   67.0  353.0 |  653  192  720  545 | com.sec.android.app.launcher/com.sam[...]l.app.CocktailBarService$_2461#16495 (1)
04-15 09:53:15.145  1151  1151 D SurfaceFlinger:        DEVICE |            8589934654693 | 00002100 | RGBA_8888    |    0.0    0.0  72
04-15 09:53:15.145  1151  1151 D SurfaceFlinger: 0.0   90.0 |    0 1454  720 1544 | NavigationBar0$_2000#98 (16919)
04-15 09:53:15.145  1151  1151 D SurfaceFlinger:
04-15 09:53:15.145 18638 18653 I BLASTBufferQueue: [VRI[InstrumentationActivityInvoker$EmptyActivity]@da6e11a#4](f:0,a:0,s:0) onFrameAvailable the first frame is available
04-15 09:53:15.146 18638 18653 I VRI[InstrumentationActivityInvoker$EmptyActivity]@da6e11a: Received frameCommittedCallback lastAttemptedDrawFrameNum=1 didProduceBuffer=true
04-15 09:53:15.146  1151  2758 I SurfaceFlinger: [com.catfact.app.test/androidx.test.core.app.InstrumentationActivityInvoker$EmptyActivity$_18638#18475] setTransactionState with the first frame. bufferData(ID: 80049600462864, frameNumber: 1)
04-15 09:53:15.146 18638 18653 D HWUI    : CFMS:: SetUp Pid : 18638    Tid : 18653
04-15 09:53:15.146  1151  1151 I SurfaceFlinger: [LayerHierarchy{RequestedLayerState{8c5cec7 NavigationBar0#91 parentId=18479} 1 children}] reparent to LayerHierarchy{RequestedLayerState{Surface(name=8c5cec7 NavigationBar0)/@0xa68870 - animation-leash of insets_animation#18479 parentId=90} 1 children}
04-15 09:53:15.146  1151  1151 I SurfaceFlinger: [LayerHierarchy{RequestedLayerState{3edafdc StatusBar#95 parentId=18478} 1 children}] reparent to LayerHierarchy{RequestedLayerState{Surface(name=3edafdc StatusBar)/@0x3b919ed - animation-leash of insets_animation#18478 parentId=94} 1 children}
04-15 09:53:15.146  1151  1151 I SurfaceFlinger: [LayerHierarchy{RequestedLayerState{Surface(name=3edafdc StatusBar)/@0x3b919ed - animation-leash of insets_animation#18463} no children}] reparent to OffscreenRoot
04-15 09:53:15.146  1151  1151 I SurfaceFlinger: [LayerHierarchy{RequestedLayerState{Surface(name=3edafdc StatusBar)/@0x3b919ed - animation-leash of insets_animation#18463} no children}] RelativeParent to null
04-15 09:53:15.146  1151  1151 I SurfaceFlinger: [LayerHierarchy{RequestedLayerState{Surface(name=8c5cec7 NavigationBar0)/@0xa68870 - animation-leash of insets_animation#18464} no children}] reparent to OffscreenRoot
04-15 09:53:15.146  1151  1151 I SurfaceFlinger: [LayerHierarchy{RequestedLayerState{Surface(name=8c5cec7 NavigationBar0)/@0xa68870 - animation-leash of insets_animation#18464} no children}] RelativeParent to null
04-15 09:53:15.146  1151  1151 I SurfaceFlinger: [LayerHierarchy{RequestedLayerState{Surface(name=3edafdc StatusBar)/@0x3b919ed - animation-leash of insets_animation#18476} no children}] reparent to OffscreenRoot
04-15 09:53:15.146  1151  1151 I SurfaceFlinger: [LayerHierarchy{RequestedLayerState{Surface(name=3edafdc StatusBar)/@0x3b919ed - animation-leash of insets_animation#18476} no children}] RelativeParent to null
04-15 09:53:15.146  1151  1151 I SurfaceFlinger: [LayerHierarchy{RequestedLayerState{Surface(name=8c5cec7 NavigationBar0)/@0xa68870 - animation-leash of insets_animation#18477} no children}] reparent to OffscreenRoot
04-15 09:53:15.146  1151  1151 I SurfaceFlinger: [LayerHierarchy{RequestedLayerState{Surface(name=8c5cec7 NavigationBar0)/@0xa68870 - animation-leash of insets_animation#18477} no children}] RelativeParent to null
04-15 09:53:15.146  1151  1151 I SurfaceFlinger: [Surface(name=8c5cec7 NavigationBar0)/@0xa68870 - animation-leash of insets_animation#18479] attach to parent LayerHierarchy{RequestedLayerState{WindowToken{fc018e2 type=2019 android.os.BinderProxy@bda3ac4}#90 parentId=34} 1 children}
04-15 09:53:15.147 18638 18638 D VRI[InstrumentationActivityInvoker$EmptyActivity]@da6e11a: reportDrawFinished seqId=0
04-15 09:53:15.148  2000  2105 D ShellDesktopMode: handleRequest: TransitionRequestInfo {type=2, tid=3871, debugId=1651}
04-15 09:53:15.149  1151  2758 I SurfaceFlinger: id=18476 Removed Surface(name=3edafdc StatusBar)/@0x3b919ed - animation-leash of insets_animation#18476 (204)
04-15 09:53:15.149  1151  2758 I SurfaceFlinger: id=18477 Removed Surface(name=8c5cec7 NavigationBar0)/@0xa68870 - animation-leash of insets_animation#18477 (204)
04-15 09:53:15.143 11141 11141 I Finsky  : [2] DTU: Received onPackageAdded, replacing: false
04-15 09:53:15.150 11141 11141 I Finsky  : [2] AIM: AppInfoCacheUpdater -> invalidating apps: [com.catfact.app.test]
04-15 09:53:15.150 11141 11141 I Finsky  : [2] AIM: AppInfoManager-Perf > getApps > called for 1 apps
04-15 09:53:15.150 11141 11202 E Finsky  : [243] [Counters] attempted to use a non-positive increment for: 4753
04-15 09:53:15.152  1151  2758 I SurfaceFlinger: id=18463 Removed Surface(name=3edafdc StatusBar)/@0x3b919ed - animation-leash of insets_animation#18463 (204)
04-15 09:53:15.152  1151  2758 I SurfaceFlinger: id=18464 Removed Surface(name=8c5cec7 NavigationBar0)/@0xa68870 - animation-leash of insets_animation#18464 (204)
04-15 09:53:15.153  1151  1338 D SurfaceFlinger: [input] setFocusedWindow: bf94626 com.catfact.app.test/androidx.test.core.app.InstrumentationActivityInvoker$EmptyActivity
04-15 09:53:15.153  1542  2477 D InputDispatcher: Once focus requested (0): bf94626 com.catfact.app.test/androidx.test.core.app.InstrumentationActivityInvoker$EmptyActivity
04-15 09:53:15.153  1542  2477 D InputDispatcher: Focus request (0): bf94626 com.catfact.app.test/androidx.test.core.app.InstrumentationActivityInvoker$EmptyActivity but waiting because NO_WINDOW
04-15 09:53:15.153  1542  1585 I SemDvfsHyPerManager: acquire hyper - AMS_RESUME_TAIL/1542@22, type = -999
04-15 09:53:15.154  1542  1585 I SemDvfsHyPerManager: acquire hyper - AMS_ACT_LAZY/1542@23, type = -999
04-15 09:53:15.154  1151  1151 I SurfaceFlinger: destroyed Surface(name=3edafdc StatusBar)/@0x3b919ed - animation-leash of insets_animation#18463
04-15 09:53:15.154  1151  1151 I SurfaceFlinger: destroyed Surface(name=8c5cec7 NavigationBar0)/@0xa68870 - animation-leash of insets_animation#18464
04-15 09:53:15.154  1151  1151 I SurfaceFlinger: destroyed Surface(name=3edafdc StatusBar)/@0x3b919ed - animation-leash of insets_animation#18476
04-15 09:53:15.154  1059  1180 I HYPER-HAL: [RequestManager.cpp]acquire(): Acquired ID : 1223852  [1542 / 22]    HINT : AMS_RESUME_TAIL    list :
04-15 09:53:15.154  1151  1151 I SurfaceFlinger: destroyed Surface(name=8c5cec7 NavigationBar0)/@0xa68870 - animation-leash of insets_animation#18477
04-15 09:53:15.154  1059  1180 I HYPER-HAL: [ResourceManager.cpp]removeResource(): [CPULittleMinFreq] RemoveResource Request ID : 1233263
04-15 09:53:15.154  2461  4416 I HoneySpace.RecentTasks: onRecentTasksChanged
04-15 09:53:15.154  1059  1180 I HYPER-HAL: [RequestManager.cpp]releaseLocked(): Released ID : 1233263
04-15 09:53:15.155 18219 18292 I DigitalKey: [GmsCarKeyFwWorker] runCheckComponentAvailability interval count = 18
04-15 09:53:15.155  2461  2584 I HoneySpace.TopTaskSource: onTaskMovedToFront : taskId = 3514, displayId = 0
04-15 09:53:15.155  1151  1151 I Layer   : id=18463 Destroyed Surface(name=3edafdc StatusBar)/@0x3b919ed - animation-leash of insets_animation#18463
04-15 09:53:15.155  2461  2586 I HoneySpace.TopTaskUseCase: topTasks 3514 ComponentInfo{com.sec.android.app.launcher/com.sec.android.app.launcher.Launcher}[displayId=0]
04-15 09:53:15.155  1151  1151 I Layer   : id=18464 Destroyed Surface(name=8c5cec7 NavigationBar0)/@0xa68870 - animation-leash of insets_animation#18464
04-15 09:53:15.156  1151  1151 I Layer   : id=18476 Destroyed Surface(name=3edafdc StatusBar)/@0x3b919ed - animation-leash of insets_animation#18476
04-15 09:53:15.156  2461  2584 I HoneySpace.TopTaskSource: onTaskMovedToFront : taskId = 3801, displayId = 0
04-15 09:53:15.156  1151  1151 I Layer   : id=18477 Destroyed Surface(name=8c5cec7 NavigationBar0)/@0xa68870 - animation-leash of insets_animation#18477
04-15 09:53:15.156 18219 18292 I DigitalKey: [GmsCarKeyFwWorker] runCheckComponentAvailability disabled yet (count=18)
04-15 09:53:15.156  2461  2586 I HoneySpace.TopTaskUseCase: topTasks 3801 ComponentInfo{com.google.android.calendar/com.google.android.calendar.allinone.AllInOneCalendarActivity}[displayId=0]
04-15 09:53:15.156 18219 18292 I DigitalKey: [GmsCarKeyFwWorker] runCheckComponentAvailability interval count = 18
04-15 09:53:15.157 18219 18292 I DigitalKey: [GmsCarKeyFwWorker] runCheckComponentAvailability disabled yet (count=18)
04-15 09:53:15.157 18219 18292 I DigitalKey: [GmsCarKeyFwWorker] runCheckComponentAvailability interval count = 18
04-15 09:53:15.158 18219 18292 I DigitalKey: [GmsCarKeyFwWorker] runCheckComponentAvailability disabled yet (count=18)
04-15 09:53:15.158  2000  2120 I VRI[test]@53e5910: onActiveControlsChanged, removed=false, mAdded=true, caller=android.view.ViewRootImpl.handleInsetsControlChanged:3002 android.view.ViewRootImpl$ViewRootHandler.handleMessageImpl:8352 android.view.ViewRootImpl$ViewRootHandler.handleMessage:8301 android.os.Handler.dispatchMessage:110 android.os.Looper.loopOnce:273
04-15 09:53:15.159  1542  4025 I SemDvfsHyPerManager: acquire hyper - AMS_ACT_RESUME/1542@19, type = -999
04-15 09:53:15.159  1059  1180 I HYPER-HAL: [RequestManager.cpp]acquire(): Acquired ID : 1219160  [1542 / 19]    HINT : AMS_ACT_RESUME    list :
04-15 09:53:15.161 11141 11141 I Finsky  : [2] Clearing split related stale data.
04-15 09:53:15.161  1542  4025 D InputDispatcher: Focused application(0): ActivityRecord{243114305 u0 com.google.android.calendar/.allinone.AllInOneCalendarActivity t3801}
04-15 09:53:15.161  1542  1825 D AS.MultiSoundManager: mForegroundUid = 10279
04-15 09:53:15.162  1151  1151 I SurfaceFlinger: RequestedLayer [com.catfact.app.test/androidx.test.c[...]tyInvoker$EmptyActivity$_18638#18475] hidden!! flag  from(1) --> to(0)
04-15 09:53:15.162  2000  2120 D ViewRootImpl: desktopMode is false
04-15 09:53:15.162  2000  2120 I ViewRootImpl: dVRR is disabled
04-15 09:53:15.162 11141 18398 I Finsky  : [361] [ContentSync] finished, scheduled=false
04-15 09:53:15.162 11141 11202 I Finsky  : [243] AIM: AppInfoManager-Perf > OnDeviceAppInfo > cacheHitCount=0, cacheMissCount=1. Missed  in cache (limit 10) : [com.catfact.app.test]
04-15 09:53:15.163  2000  2196 D NativeCustomFrequencyManager: [NativeCFMS] BpCustomFrequencyManager::BpCustomFrequencyManager()
04-15 09:53:15.163  1542  2462 D GraphicsStatsService: requestRenderEngineFor(com.google.android.calendar)
04-15 09:53:15.164  1151  2479 I SurfaceFlinger: id=18480 createSurf, flag=24000, Surface(name=3edafdc StatusBar)/@0x3b919ed - animation-leash of insets_animation#18480
04-15 09:53:15.164 11141 11141 I Finsky  : [2] SCH: job service start with id 9989.
04-15 09:53:15.165 11141 11202 I Finsky  : [243] AIM: Got app ownership map. App counts: . Unique apps: 0
04-15 09:53:15.165 11141 11202 E Finsky  : [243] [Counters] attempted to use a non-positive increment for: 4752
04-15 09:53:15.166 11141 11141 I Finsky  : [2] Task 8 requested foreground
04-15 09:53:15.166 11141 11141 I Finsky  : [2] Entering foreground
04-15 09:53:15.167  1151  1199 I SurfaceFlinger: id=18481 createSurf, flag=24000, Surface(name=8c5cec7 NavigationBar0)/@0xa68870 - animation-leash of insets_animation#18481
04-15 09:53:15.169  1151  1151 D SurfaceFlinger: Display 4633128672291735999 HWC layers:
04-15 09:53:15.169  1151  1151 D SurfaceFlinger:        CLIENT |           79766132621331 | 00002102 | RGBA_8888    |   52.0    0.0  720.0 1544.0 |    0    0  720 1544 | com.catfact.app/com.catfact.app.MainActivity$_18572#18460 (77)
04-15 09:53:15.169  1151  1151 D SurfaceFlinger:   SOLID_COLOR |                        0 | 00000000 | N/A          |    0.0    0.0    0.0    0.0 |    0    0  720 1544 | DimTransitionLayer for Surface(name=Task=3871)/@0x697b27d#18472 (0)
04-15 09:53:15.169  1151  1151 D SurfaceFlinger:        DEVICE |           80049600462864 | 00002102 | RGBA_8888    |    0.0    0.0  166.0 1544.0 |  554    0  720 1544 | com.catfact.app.test/androidx.test.c[...]tyInvoker$EmptyActivity$_18638#18475 (1)
04-15 09:53:15.169  1151  1151 D SurfaceFlinger:        DEVICE |            8589934655781 | 00002100 | RGBA_8888    |    0.0    0.0  166.0 1544.0 |  554    0  720 1544 | Splash Screen com.catfact.app.test$_2000#18470 (1)
04-15 09:53:15.169  1151  1151 D SurfaceFlinger:        DEVICE |            8589934654694 | 00002100 | RGBA_8888    |    0.0    0.0  720.0   50.0 |    0    0  720   50 | StatusBar$_2000#102 (26121)
04-15 09:53:15.169  1151  1151 D SurfaceFlinger:        DEVICE |           10569914518889 | 00002100 | RGBA_8888    |    0.0    0.0   6
04-15 09:53:15.169  1151  1151 D SurfaceFlinger: 7.0  353.0 |  653  192  720  545 | com.sec.android.app.launcher/com.sam[...]l.app.CocktailBarService$_2461#16495 (1)
04-15 09:53:15.169  1151  1151 D SurfaceFlinger:        DEVICE |            8589934654692 | 00002100 | RGBA_8888    |    0.0    0.0  720.0   90.0 |    0 1454  720 1544 | NavigationBar0$_2000#98 (16922)
04-15 09:53:15.169  1151  1151 D SurfaceFlinger:
04-15 09:53:15.170  1151  1151 I SurfaceFlinger: [Surface(name=3edafdc StatusBar)/@0x3b919ed - animation-leash of insets_animation#18480] attach to parent LayerHierarchy{RequestedLayerState{WindowToken{7a8fc4f type=2000 android.os.BinderProxy@a9d7329}#94 parentId=17} 2 children}
04-15 09:53:15.170  1151  1151 I SurfaceFlinger: [Surface(name=8c5cec7 NavigationBar0)/@0xa68870 - animation-leash of insets_animation#18481] attach to parent LayerHierarchy{RequestedLayerState{WindowToken{fc018e2 type=2019 android.os.BinderProxy@bda3ac4}#90 parentId=34} 2 children}
04-15 09:53:15.171 18638 18638 I InsetsSourceConsumer: applyRequestedVisibilityToControl: visible=true, type=statusBars, host=com.catfact.app.test/androidx.test.core.app.InstrumentationActivityInvoker$EmptyActivity
04-15 09:53:15.172 18638 18638 I InsetsSourceConsumer: applyRequestedVisibilityToControl: visible=true, type=navigationBars, host=com.catfact.app.test/androidx.test.core.app.InstrumentationActivityInvoker$EmptyActivity
04-15 09:53:15.175  1542  3802 D InputTransport: Input channel constructed: '4eaba0c', fd=1146
04-15 09:53:15.175  1542  3802 D InputTransport: Input channel constructed: '4eaba0c', fd=1248
04-15 09:53:15.175  2000  2000 D NavigationBar: onSystemBarAttributesChanged() -  displayId:0, appearance:24, packageName: com.catfact.app.test (APPEARANCE_LIGHT_STATUS_BARS APPEARANCE_LIGHT_NAVIGATION_BARS ), navbarColorManagedByIme:false
04-15 09:53:15.175  1542  3802 D InputTransport: Input channel constructed: '4eaba0c', fd=1280
04-15 09:53:15.175  1542  3802 D InputTransport: Input channel destroyed: '4eaba0c', fd=1248
04-15 09:53:15.175  1151  2758 I SurfaceFlinger: id=18482 createSurf, flag=84004, 4eaba0c Splash Screen com.google.android.calendar#18482
04-15 09:53:15.175  1542  1598 W libprocessgroup: SetCgroup::ExecuteForProcess: failed to open /dev/cpuctl/foreground-boost/cgroup.procs: No such file or directory
04-15 09:53:15.176 11141 11197 I Finsky  : [241] AIM: AppInfoManager-Perf > OnDeviceAppInfo > cacheHitCount=0, cacheMissCount=1. Missed  in cache (limit 10) : [com.catfact.app.test]
04-15 09:53:15.177  1542  3802 D InputTransport: Input channel destroyed: '4eaba0c', fd=1280
04-15 09:53:15.177 11141 18398 I Finsky  : [361] SCH: Satisfied jobs for 9989 are: 12-1
04-15 09:53:15.178 11141 18886 I Finsky  : [372] SCH: Job 12-1 starting
04-15 09:53:15.178  1542  1582 D PkgPredictorService-SecIpmManagerServiceImpl: onForegroundActivitiesChanged pid:3979 uid:10279
04-15 09:53:15.178  2000  2120 D InputTransport: Input channel constructed: '4eaba0c', fd=719
04-15 09:53:15.178  1542  1582 D NetworkPolicy: already checked 10279
04-15 09:53:15.178  2000  2120 I InsetsController: onStateChanged: host=Splash Screen com.google.android.calendar, from=android.view.ViewRootImpl.onInsetsStateChanged:3026, state=InsetsState: {mDisplayFrame=Rect(0, 0 - 720, 1544), mDisplayCutout=DisplayCutout{insets=Rect(0, 50 - 0, 0) waterfall=Insets{left=0, top=0, right=0, bottom=0} boundingRect={Bounds=[Rect(0, 0 - 0, 0), Rect(341, 0 - 379, 50), Rect(0, 0 - 0, 0), Rect(0, 0 - 0, 0)]} cutoutPathParserInfo={CutoutPathParserInfo{displayWidth=720 displayHeight=1544 physicalDisplayWidth=720 physicalDisplayHeight=1544 density={1.875} cutoutSpec={M 0,0 H -10 V 26.66666666666667 H 10 V 0 H 0 Z @dp} rotation={0} scale={1.0} physicalPixelDisplaySizeRatio={1.0}}} sideOverrides={}}, mRoundedCorners=RoundedCorners{[RoundedCorner{position=TopLeft, radius=8, center=Point(8, 8)}, RoundedCorner{position=TopRight, radius=8, center=Point(712, 8)}, RoundedCorner{position=BottomRight, radius=8, center=Point(712, 1536)}, RoundedCorner{position=BottomLeft, radius=8, center=Point(8, 1536)}]}  mRoundedCornerFrame=Rect(0, 0 - 720, 1544), mPrivacyIndicatorBounds=PrivacyIndicatorBounds {static bounds=Rect(637, 0 - 720, 50) rotation=0}, mDisplayShape=DisplayShape{ spec=-311912193 displayWidth=720 displayHeight=1544 physicalPixelDisplaySizeRatio=0.5 rotation=0 offsetX=0 offsetY=0 scale=1.0}, mSources= { InsetsSource: {ec730001 mType=navigationBars mFrame=[0,1454][720,1544] mVisible=true mFlags= mSideHint=BOTTOM mBoundingRects=null}, InsetsSource: {ec730004 mType=systemGestures mFrame=[0,0][0,0] mVisible=true mFlags= mSideHint=NONE mBoundingRects=null}, InsetsSource: {ec730005 mType=mandatorySystemGestures mFrame=[0,1454][720,1544] mVisible=true mFlags= mSideHint=BOTTOM mBoundingRects=null}, InsetsSource: {ec730006 mType=tappableElement mFrame=[0,1454][720,1544] mVisible=true mFlags= mSideHint=BOTTOM mBoundingRects=null}, InsetsSource: {ec730024 mType=systemGestures mFrame=[0,0][0,0] mVisible=true mFlags= mSideHint=NONE mBoundingRects=null}, InsetsSource: {3 mType=ime mFrame=[0,0][0,0] mVisible=false mFlags= mSideHint=NONE mBoundingRects=null}, InsetsSource: {27 mType=displayCutout mFrame=[0,0][720,50] mVisible=true mFlags= mSideHint=TOP mBoundingRects=null}, InsetsSource: {43950000 mType=statusBars mFrame=[0,0][720,50] mVisible=true mFlags= mSideHint=TOP mBoundingRects=null}, InsetsSource: {43950005 mType=mandatorySystemGestures mFrame=[0,0][720,73] mVisible=true mFlags= mSideHint=TOP mBoundingRects=null}, InsetsSource: {43950006 mType=tappableElement mFrame=[0,0][720,50] mVisible=true mFlags= mSideHint=TOP mBoundingRects=null} }
04-15 09:53:15.178  2000  2120 I VRI[calendar]@95519a3: onActiveControlsChanged, removed=false, mAdded=true, caller=android.view.ViewRootImpl.handleInsetsControlChanged:3002 android.view.ViewRootImpl.setView:2014 android.view.WindowManagerGlobal.addView:604 com.android.wm.shell.startingsurface.SplashscreenWindowCreator.addWindow:38 com.android.wm.shell.startingsurface.StartingWindowController$$ExternalSyntheticLambda4.run:1365
04-15 09:53:15.178  1151  1151 I SurfaceFlinger: [LayerHierarchy{RequestedLayerState{8c5cec7 NavigationBar0#91 parentId=18481} 1 children}] reparent to LayerHierarchy{RequestedLayerState{Surface(name=8c5cec7 NavigationBar0)/@0xa68870 - animation-leash of insets_animation#18481 parentId=90} 1 children}
04-15 09:53:15.178  1151  1151 I SurfaceFlinger: [LayerHierarchy{RequestedLayerState{3edafdc StatusBar#95 parentId=18480} 1 children}] reparent to LayerHierarchy{RequestedLayerState{Surface(name=3edafdc StatusBar)/@0x3b919ed - animation-leash of insets_animation#18480 parentId=94} 1 children}
04-15 09:53:15.178  1151  1151 I SurfaceFlinger: [LayerHierarchy{RequestedLayerState{Surface(name=8c5cec7 NavigationBar0)/@0xa68870 - animation-leash of insets_animation#18479} no children}] reparent to OffscreenRoot
04-15 09:53:15.178  1151  1151 I SurfaceFlinger: [LayerHierarchy{RequestedLayerState{Surface(name=8c5cec7 NavigationBar0)/@0xa68870 - animation-leash of insets_animation#18479} no children}] RelativeParent to null
04-15 09:53:15.178  1151  1151 I SurfaceFlinger: [LayerHierarchy{RequestedLayerState{Surface(name=3edafdc StatusBar)/@0x3b919ed - animation-leash of insets_animation#18478} no children}] reparent to OffscreenRoot
04-15 09:53:15.178  1151  1151 I SurfaceFlinger: [LayerHierarchy{RequestedLayerState{Surface(name=3edafdc StatusBar)/@0x3b919ed - animation-leash of insets_animation#18478} no children}] RelativeParent to null
04-15 09:53:15.178  1151  1151 I SurfaceFlinger: [4eaba0c Splash Screen com.google.android.calendar#18482] attach to parent LayerHierarchy{RequestedLayerState{ActivityRecord{243114305 u0 com.google.android.calendar/.allinone.AllInOneCalendarActivity t3801}#16293 parentId=16292} 2 children}
04-15 09:53:15.179  2000  2120 I VRI[calendar]@95519a3: synced displayState. AttachInfo displayState=2
04-15 09:53:15.179  2000  2120 I VRI[calendar]@95519a3: setView = android.widget.FrameLayout@465bc2a IsHRR=false mFlingFrameRateChange=0 TM=true
04-15 09:53:15.179  2461  2584 I HoneySpace.TopTaskSource: onTaskFocusChanged(): taskId = 3801
04-15 09:53:15.179  2000  2196 D HWUI    : HWUI - treat SMPTE_170M as sRGB
04-15 09:53:15.179  1542  2477 I WindowManager: Relayout Window{4eaba0c u0 Splash Screen com.google.android.calendar}: viewVisibility=0 req=720x1544 ty=3 d0
04-15 09:53:15.179  1542  1582 D NetworkPolicy: already checked 10279
04-15 09:53:15.179  1151  2758 I SurfaceFlinger: id=18483 createSurf, flag=44004, Splash Screen com.google.android.calendar$_2000#18483
04-15 09:53:15.179 11141 11197 E Finsky  : [241] [Counters] attempted to use a non-positive increment for: 4753
04-15 09:53:15.180 11141 11197 I Finsky  : [241] AIM: Got app ownership map. App counts: . Unique apps: 0
04-15 09:53:15.180 11141 11197 E Finsky  : [241] [Counters] attempted to use a non-positive increment for: 4752
04-15 09:53:15.183  1151  1199 I SurfaceFlinger: id=18479 Removed Surface(name=8c5cec7 NavigationBar0)/@0xa68870 - animation-leash of insets_animation#18479 (204)
04-15 09:53:15.183  2000  2000 I {OngoingActivityController}: onTaskFocusChanged but OA data is empty
04-15 09:53:15.184  1151  2479 I SurfaceFlinger: id=18478 Removed Surface(name=3edafdc StatusBar)/@0x3b919ed - animation-leash of insets_animation#18478 (204)
04-15 09:53:15.184  2461  2461 I HoneySpace.EdgePanel.CocktailHostRepositoryImpl: onNoteResume
04-15 09:53:15.184  1542  2477 D SurfaceComposerClient: setCornerRadius ## 4eaba0c Splash Screen com.google.android.calendar#18482 cornerRadius=0.000000
04-15 09:53:15.184  2461  2461 I HoneySpace.EdgePanel.EdgePanelContainerViewModel: cocktailHostRepository.edgePanelOperation NoteResumeComponent(componentName=ComponentInfo{com.google.android.calendar/com.google.android.calendar.allinone.AllInOneCalendarActivity})
04-15 09:53:15.184  2461  2461 I HoneySpace.EdgePanel.ActivityUtils: HomePackage : com.sec.android.app.launcher, resumePackageName : com.google.android.calendar, className : com.google.android.calendar.allinone.AllInOneCalendarActivity
04-15 09:53:15.185  1542  2477 D SurfaceComposerClient: setCornerRadius ## 4eaba0c Splash Screen com.google.android.calendar#18482 cornerRadius=0.000000
04-15 09:53:15.185  1542  2477 I WindowManager: Relayout hash=4eaba0c, pid=2000, syncId=-1: mAttrs={(0,0)(fillxfill) sim={adjust=pan} layoutInDisplayCutoutMode=always ty=APPLICATION_STARTING fmt=TRANSLUCENT wanim=0x1030317
04-15 09:53:15.185  1542  2477 I WindowManager:   fl=81030118
04-15 09:53:15.185  1542  2477 I WindowManager:   pfl=10000810
04-15 09:53:15.185  1542  2477 I WindowManager:   bhv=1
04-15 09:53:15.185  1542  2477 I WindowManager:   fitSides=0
04-15 09:53:15.185  1542  2477 I WindowManager:   frameRateBoostOnTouch=true
04-15 09:53:15.185  1542  2477 I WindowManager:   dvrrWindowFrameRateHint=true naviIconColor=0}
04-15 09:53:15.186  2000  2120 I VRI[calendar]@95519a3: onActiveControlsChanged, removed=false, mAdded=true, caller=android.view.ViewRootImpl.handleInsetsControlChanged:3002 android.view.ViewRootImpl.relayoutWindow:11629 android.view.ViewRootImpl.performTraversals:4804 android.view.ViewRootImpl.doTraversal:3924 android.view.ViewRootImpl$TraversalRunnable.run:12903
04-15 09:53:15.187  1542  3015 I NSLocationMonitor: getGPSUsingApps() called
