04-15 09:53:09.337  3756 18711 I HBD     : l writeToFile json : {"version":"4.2","currentLanguageOrder":0,"selected":[{"activeOptionList":["auto_replace","auto_spacing","writing_assistant"],"bilingualId":-1,"engName":"English","id":65538,"inputType":"qwerty","isUsed":true},{"activeOptionList":["auto_replace","auto_spacing"],"bilingualId":-1,"engName":"Arabic","id":5308416,"inputType":"qwerty","isUsed":true}]}
04-15 09:53:09.338  1542  2162 D SecContentProvider: query(), uri = 17 selection = isSettingsChangesAllowed
04-15 09:53:09.338  1218  6568 I CameraService: onUidStateChanged: uid=10048, procState is changed. (1 -> 0)
04-15 09:53:09.340  3756  3756 I InputMethodService: scheduleImeSurfaceRemoval: removeImeSurface is posted.
04-15 09:53:09.340  3756 18712 I HBD     : l writeToFile complete
04-15 09:53:09.340  3756  2074 I HBD     : u updated Sub Types. English
04-15 09:53:09.341  1542  2473 I WindowManager: Relayout Window{78d3419 u0 Splash Screen com.catfact.app}: viewVisibility=8 req=720x1544 ty=3 d0
04-15 09:53:09.341  1542  2473 D SurfaceComposerClient: setCornerRadius ## e4886b7 com.catfact.app/com.catfact.app.MainActivity#18329 cornerRadius=0.000000
04-15 09:53:09.341  1542  2473 D SurfaceComposerClient: setCornerRadius ## 78d3419 Splash Screen com.catfact.app#18327 cornerRadius=0.000000
04-15 09:53:09.341  1542  2473 D SurfaceComposerClient: setCornerRadius ## e4886b7 com.catfact.app/com.catfact.app.MainActivity#18329 cornerRadius=0.000000
04-15 09:53:09.342  3756 18715 I HBD     : b InputMethodSubtype is set as local:en_GB
04-15 09:53:09.343  1542  2473 I WindowManager: Relayout hash=78d3419, pid=2000, syncId=-1: mAttrs={(0,0)(fillxfill) sim={adjust=pan} layoutInDisplayCutoutMode=always ty=APPLICATION_STARTING fmt=TRANSLUCENT wanim=0x1030317
04-15 09:53:09.343  1542  2473 I WindowManager:   fl=81030118
04-15 09:53:09.343  1542  2473 I WindowManager:   pfl=10000810
04-15 09:53:09.343  1542  2473 I WindowManager:   bhv=1
04-15 09:53:09.343  1542  2473 I WindowManager:   fitSides=0
04-15 09:53:09.343  1542  2473 I WindowManager:   frameRateBoostOnTouch=true
04-15 09:53:09.343  1542  2473 I WindowManager:   dvrrWindowFrameRateHint=true naviIconColor=0}
04-15 09:53:09.343  2000  2120 I VRI[app]@e070e6f: onActiveControlsChanged, removed=false, mAdded=true, caller=android.view.ViewRootImpl.handleInsetsControlChanged:3002 android.view.ViewRootImpl.relayoutWindow:11629 android.view.ViewRootImpl.performTraversals:4804 android.view.ViewRootImpl.doTraversal:3924 android.view.ViewRootImpl$TraversalRunnable.run:12903
04-15 09:53:09.344  2000  2000 D SystemUIService: SYSUI_RAM_OPTIMIZATION onTrimMemory=20
04-15 09:53:09.344  2000  2000 D CentralSurfaces: SYSUI_RAM_OPTIMIZATION onTrimMemory=20
04-15 09:53:09.344  3756 18711 E AtomicFile: Failed to rename /data/user_de/0/com.samsung.android.honeyboard/files/selected.json.new to /data/user_de/0/com.samsung.android.honeyboard/files/selected.json
04-15 09:53:09.344  3756 18711 I HBD     : l writeToFile complete
04-15 09:53:09.345  2000  2196 D HWUI    : CacheManager::trimMemory(20)
04-15 09:53:09.346  2000  2120 I VRI[app]@e070e6f: Relayout returned: old=(0,0,720,1544) new=(0,0,720,1544) relayoutAsync=false req=(720,1544)8 dur=5 res=0x2 s={false 0x0} ch=true seqId=0
04-15 09:53:09.346  2000  2120 D VRI[app]@e070e6f: Not drawing due to not visible. Reason=View.GONE
04-15 09:53:09.346  2000  2120 I VRI[app]@e070e6f: dispatchDetachedFromWindow
04-15 09:53:09.347  1542  2472 D InputTransport: Input channel destroyed: '78d3419', fd=1324
04-15 09:53:09.347  3979  3979 I AppWidgetManager: updateAppWidget() appWidgetIds = [11]
04-15 09:53:09.348  1542  2472 D SurfaceComposerClient: setCornerRadius ## e4886b7 com.catfact.app/com.catfact.app.MainActivity#18329 cornerRadius=0.000000
04-15 09:53:09.348  1542  2473 I AppWidgetServiceImpl: Null RemoteViews on updateAppWidgetIds
04-15 09:53:09.348  1542  2472 D SurfaceComposerClient: setCornerRadius ## e4886b7 com.catfact.app/com.catfact.app.MainActivity#18329 cornerRadius=0.000000
04-15 09:53:09.348 24430 24454 I SimModel: [C] CompleteActiveSubscriptionInfoList : 1
04-15 09:53:09.348 24430 24454 I SimDataSource: [C] getSimIconIndex() iccTypeSlot : 2,0
04-15 09:53:09.348 24430 24454 I SimDataSource: [C] getSimIconIndex() [0] nIndex : 0
04-15 09:53:09.348 24430 24454 I SimDataSource: [C] getSimIcon(0) simIcon: 2131231692, iconIdx: 0
04-15 09:53:09.348  1542  1585 D SurfaceComposerClient: setCornerRadius ## e4886b7 com.catfact.app/com.catfact.app.MainActivity#18329 cornerRadius=0.000000
04-15 09:53:09.348  2000  2120 D InputTransport: Input channel destroyed: '78d3419', fd=589
04-15 09:53:09.350  1542  2473 D SecContentProvider2: query(), uri = 18 selection = isCopyContactToSimAllowed
04-15 09:53:09.350  1542  2473 D SecContentProvider2: isCopyContactToSimAllowed = true
04-15 09:53:09.351  3979  3979 D InputTransport: Input channel destroyed: 'ClientS', fd=215
04-15 09:53:09.353  1151  1151 I SurfaceFlinger: RequestedLayer [Splash Screen com.catfact.app$_2000#18328] hidden!! flag  from(0) --> to(1)
04-15 09:53:09.354  1542  1585 D SurfaceComposerClient: setCornerRadius ## e4886b7 com.catfact.app/com.catfact.app.MainActivity#18329 cornerRadius=0.000000
04-15 09:53:09.356 24430 24454 I SimModel: [C] CompleteActiveSubscriptionInfoList : 1
04-15 09:53:09.356 24430 24454 I AccountTypeLoader: [C] add sim2 account(support:true, opportunistic:false)
04-15 09:53:09.356 24430 24454 I EsimUtil: [C] simslot : SIM_SLOT_2, slotswitch : tsds2, esimState : false
04-15 09:53:09.357 24430 24454 I CmcSettingManager: cmc activation : 0
04-15 09:53:09.357 24430 24454 I TelephonyDataSource: [C] isMultiSimModel multiSimConfig : dsds
04-15 09:53:09.357 24430 24454 I SimModel: [C] isMultiSimModel : true
04-15 09:53:09.358 24430 24454 I SimModel: [C] CompleteActiveSubscriptionInfoList : 1
04-15 09:53:09.359 24430 24454 I SimDataSource: [C] getSimIconIndex() iccTypeSlot : 2,0
04-15 09:53:09.359 24430 24454 I SimDataSource: [C] getSimIconIndex() [1] nIndex : 15
04-15 09:53:09.359 24430 24454 I SimDataSource: [C] getSimIcon(1) simIcon: 2131231695, iconIdx: 15
04-15 09:53:09.360  1542  2473 D SecContentProvider2: query(), uri = 18 selection = isCopyContactToSimAllowed
04-15 09:53:09.361  1542  2473 D SecContentProvider2: isCopyContactToSimAllowed = true
04-15 09:53:09.361  1151  1151 D SurfaceFlinger: Display 4633128672291735999 HWC layers:
04-15 09:53:09.361  1151  1151 D SurfaceFlinger:        CLIENT |           17089674871003 | 00002102 | RGBA_8888    |  222.0    0.0  720.0 1544.0 |    0    0  720 1544 | com.google.android.calendar/com.goog[...]AllInOneCalendarActivity$_3979#18318 (61)
04-15 09:53:09.361  1151  1151 D SurfaceFlinger:   SOLID_COLOR |                        0 | 00000000 | N/A          |    0.0    0.0    0.0    0.0 |    0    0  720 1544 | DimTransitionLayer for Surface(name=Task=3864)/@0xf11f2bd#18332 (0)
04-15 09:53:09.361  1151  1151 D SurfaceFlinger:        DEVICE |           79766132621319 | 00002102 | RGBA_8888    |    0.0    0.0  711.0 1544.0 |    9    0  720 1544 | com.catfact.app/com.catfact.app.MainActivity$_18572#18333 (1)
04-15 09:53:09.361  1151  1151 D SurfaceFlinger:        DEVICE |            8589934654687 | 00002100 | RGBA_8888    |    0.0    0.0  720.0   50.0 |    0    0  720   50 | StatusBar$_2000#102 (26038)
04-15 09:53:09.361  1151  1151 D SurfaceFlinger:        DEVICE |           10569914518889 | 00002100 | RGBA_8888    |    0.0    0.0   67.0  353.0 |  653  192  720  545 | com.sec.android.app.launcher/com.sam[...]l.app.CocktailBarService$_2461#16495 (1)
04-15 09:53:09.361  1151  1151 D SurfaceFlinger:        DEVICE |            8589934654705 | 00002100 | R
04-15 09:53:09.361  1151  1151 D SurfaceFlinger: GBA_8888    |    0.0    0.0  720.0   90.0 |    0 1454  720 1544 | NavigationBar0$_2000#98 (16840)
04-15 09:53:09.361  1151  1151 D SurfaceFlinger:
04-15 09:53:09.361  1151  1151 I SurfaceFlinger: [LayerHierarchy{RequestedLayerState{ImeContainer#15 parentId=18326 relativeParentId=18329 z=1} 1 children}] RelativeParent to LayerHierarchy{RequestedLayerState{e4886b7 com.catfact.app/com.catfact.app.MainActivity#18329 parentId=18326} 2 children}
04-15 09:53:09.361  1151  1151 I SurfaceFlinger: [LayerHierarchy{RequestedLayerState{78d3419 Splash Screen com.catfact.app#18327 z=2147483647} 1 children}] reparent to OffscreenRoot
04-15 09:53:09.361  1151  1151 I SurfaceFlinger: [LayerHierarchy{RequestedLayerState{78d3419 Splash Screen com.catfact.app#18327 z=2147483647} 1 children}] RelativeParent to null
04-15 09:53:09.361  1151  1151 I SurfaceFlinger: [LayerHierarchy{RequestedLayerState{Splash Screen com.catfact.app$_2000#18328} no children}] reparent to OffscreenRoot
04-15 09:53:09.361  1151  1151 I SurfaceFlinger: [LayerHierarchy{RequestedLayerState{Splash Screen com.catfact.app$_2000#18328} no children}] RelativeParent to null
04-15 09:53:09.361  1151  1151 I SurfaceFlinger: [LayerHierarchy{RequestedLayerState{e4886b7 com.catfact.app/com.catfact.app.MainActivity#18329 parentId=18326} 2 children}] reparent to LayerHierarchy{RequestedLayerState{ActivityRecord{79570143 u0 com.catfact.app/.MainActivity t3864}#18326 parentId=18325} 4 children}
04-15 09:53:09.361  1151  1151 I SurfaceFlinger: [LayerHierarchy{RequestedLayerState{Surface(name=e4886b7 com.catfact.app/com.catfact.app.MainActivity)/@0x5d51fa1 - animation-leash of starting_reveal#18338} no children}] reparent to OffscreenRoot
04-15 09:53:09.361  1151  1151 I SurfaceFlinger: [LayerHierarchy{RequestedLayerState{Surface(name=e4886b7 com.catfact.app/com.catfact.app.MainActivity)/@0x5d51fa1 - animation-leash of starting_reveal#18338} no children}] RelativeParent to null
04-15 09:53:09.362 24430 24454 I AccountTypeLoader: [C] add syncable account types
04-15 09:53:09.369  1542  1784 D WifiConfigStore: Writing to stores completed in 14 ms.
04-15 09:53:09.370 24430 24454 I CscFeatureUtil: [C] getOpStyleVariation mOpStyleVariation ()
04-15 09:53:09.370 24430 24454 I CscFeatureUtil: [C] getOpStyleVariation mOpStyleVariation ()
04-15 09:53:09.370 24430 24454 I CscFeatureUtil: [C] getOpStyleVariation mOpStyleVariation ()
04-15 09:53:09.371 24430 24454 I AccountTypeLoader: [C]  > added: accountType : com.google, dataSet : null
04-15 09:53:09.371 24430 24454 I ExternalAccountType: [C] loadContactsXml : com.google.android.apps.tachyon
04-15 09:53:09.373 24430 24454 I ExternalAccountType: [C] Metadata loaded from: com.google.android.apps.tachyon, com.google.android.apps.tachyon.contacts.sync.SyncService, android.provider.CONTACTS_STRUCTURE
04-15 09:53:09.373 24430 24454 I AccountTypeLoader: [C]  > added: accountType : com.google.android.apps.tachyon, dataSet : null, resource : com.google.android.apps.tachyon, adapter : com.google.android.apps.tachyon, isExtension : false
04-15 09:53:09.373 24430 24454 I ExternalAccountType: [C] loadContactsXml : com.whatsapp
04-15 09:53:09.373 24430 24454 I ExternalAccountType: [C] Metadata loaded from: com.whatsapp, com.whatsapp.contact.ui.sync.ContactsSyncAdapterService, android.provider.CONTACTS_STRUCTURE
04-15 09:53:09.373 24430 24454 I AccountTypeLoader: [C]  > added: accountType : com.whatsapp, dataSet : null, resource : com.whatsapp, adapter : com.whatsapp, isExtension : false
04-15 09:53:09.373 24430 24454 I ExternalAccountType: [C] loadContactsXml : com.whatsapp.w4b
04-15 09:53:09.374 24430 24454 I ExternalAccountType: [C] Metadata loaded from: com.whatsapp.w4b, com.whatsapp.contact.ui.sync.ContactsSyncAdapterService, android.provider.CONTACTS_STRUCTURE
04-15 09:53:09.375 24430 24454 I AccountTypeLoader: [C]  > added: accountType : com.whatsapp.w4b, dataSet : null, resource : com.whatsapp.w4b, adapter : com.whatsapp.w4b, isExtension : false
04-15 09:53:09.375 24430 24454 I CscFeatureUtil: [C] getOpStyleVariation mOpStyleVariation ()
04-15 09:53:09.375 24430 24454 I CscFeatureUtil: [C] getOpStyleVariation mOpStyleVariation ()
04-15 09:53:09.375 24430 24454 I AccountTypeLoader: [C]  > added: accountType : com.google.android.gm.exchange, dataSet : null
04-15 09:53:09.375 24430 24454 I ExternalAccountType: [C] loadContactsXml : com.revolut.revolut
04-15 09:53:09.376 24430 24454 I ExternalAccountType: [C] Metadata loaded from: com.revolut.revolut, com.revolut.feature.mainscreen.impl.toexctract.contacts.ContactsSyncAdapterService, android.provider.CONTACTS_STRUCTURE
04-15 09:53:09.376 24430 24454 I AccountTypeLoader: [C]  > added: accountType : com.revolut, dataSet : null, resource : com.revolut.revolut, adapter : com.revolut.revolut, isExtension : false
04-15 09:53:09.376 24430 24454 I CscFeatureUtil: [C] getOpStyleVariation mOpStyleVariation ()
04-15 09:53:09.376 24430 24454 I CscFeatureUtil: [C] getOpStyleVariation mOpStyleVariation ()
04-15 09:53:09.377 24430 24454 I AccountTypeLoader: [C]  > added: accountType : com.osp.app.signin, dataSet : null
04-15 09:53:09.377 24430 24454 I ExternalAccountType: [C] loadContactsXml : com.facebook.orca
04-15 09:53:09.377 24430 24454 I ExternalAccountType: [C] Metadata loaded from: com.facebook.orca, com.facebook.messaging.phonebookintegration.account.MessengerSyncAdapterService, android.provider.CONTACTS_STRUCTURE
04-15 09:53:09.377 24430 24454 I AccountTypeLoader: [C]  > added: accountType : com.facebook.messenger, dataSet : null, resource : com.facebook.orca, adapter : com.facebook.orca, isExtension : false
04-15 09:53:09.377 24430 24454 I CscFeatureUtil: [C] getOpStyleVariation mOpStyleVariation ()
04-15 09:53:09.377 24430 24454 I CscFeatureUtil: [C] getOpStyleVariation mOpStyleVariation ()
04-15 09:53:09.378 24430 24454 I AccountTypeLoader: [C]  > added: accountType : com.samsung.android.coreapps, dataSet : null
04-15 09:53:09.378 24430 24454 I ExternalAccountType: [C] loadContactsXml : com.esim.numero
04-15 09:53:09.379 24430 24454 I ExternalAccountType: [C] Metadata loaded from: com.esim.numero, org.linphone.sync.SyncService, android.provider.CONTACTS_STRUCTURE
04-15 09:53:09.380 24430 24454 I AccountTypeLoader: [C]  > added: accountType : org.linphone, dataSet : null, resource : com.esim.numero, adapter : com.esim.numero, isExtension : false
04-15 09:53:09.380 24430 24454 I ExternalAccountType: [C] loadContactsXml : com.google.android.apps.plus
04-15 09:53:09.380 24430 24454 I ExternalAccountType: [C] Package was found, but that doesn't contain the CONTACTS_STRUCTURE metadata
04-15 09:53:09.380 24430 24454 I AccountTypeLoader: [C] add syncable accounts (table:false, UIM:false, Samsung:false)
04-15 09:53:09.381 24430 24454 I AccountTypeLoader: [C]  > added account: com.whatsapp
04-15 09:53:09.381 24430 24454 I AccountTypeLoader: [C]  > added account: com.google
04-15 09:53:09.382 24430 24454 I AccountTypeLoader: [C]  > added account: com.google
04-15 09:53:09.382 24430 24454 I AccountTypeLoader: [C]  > added account: com.google
04-15 09:53:09.384 24430 24454 I AccountTypeLoader: [C]  > added account: com.google
04-15 09:53:09.384 24430 24454 I AccountTypeLoader: [C]  > added account: com.google.android.apps.tachyon
04-15 09:53:09.391  3979  3979 D AppWidgetProvider: onReceive:com.google.android.calendar.ACTION_CALENDAR_PROVIDER_CHANGED
04-15 09:53:09.392 11551 11562 I PrivacyDashboard: PermissionAccessInformationContentProvider  bulkInsert : 11
04-15 09:53:09.397  3979  3979 I AppWidgetManager: updateAppWidget() appWidgetIds = [11]
04-15 09:53:09.397  1542  2472 I AppWidgetServiceImpl: Null RemoteViews on updateAppWidgetIds
04-15 09:53:09.398 24430 24454 I AccountTypeModel: [C] Accounts and types are same. loaded = true
04-15 09:53:09.398 24430 24454 I AccountTypeModel: [C] account reload finish: 3
04-15 09:53:09.401  3979  3979 D AppWidgetProvider: onReceive:com.google.android.calendar.ACTION_CALENDAR_PROVIDER_CHANGED
04-15 09:53:09.407  3979  3979 I AppWidgetManager: updateAppWidget() appWidgetIds = [11]
04-15 09:53:09.407  1542  2473 I AppWidgetServiceImpl: Null RemoteViews on updateAppWidgetIds
04-15 09:53:09.410  3979  3979 D AppWidgetProvider: onReceive:com.google.android.calendar.ACTION_CALENDAR_PROVIDER_CHANGED
04-15 09:53:09.417  3979  3979 I AppWidgetManager: updateAppWidget() appWidgetIds = [11]
04-15 09:53:09.418  1542  2473 I AppWidgetServiceImpl: Null RemoteViews on updateAppWidgetIds
04-15 09:53:09.454  1151  1151 D SurfaceFlinger: Display 4633128672291735999 HWC layers:
04-15 09:53:09.454  1151  1151 D SurfaceFlinger:        DEVICE |           79766132621319 | 00002102 | RGBA_8888    |    0.0    0.0  720.0 1544.0 |    0    0  720 1544 | com.catfact.app/com.catfact.app.MainActivity$_18572#18333 (1)
04-15 09:53:09.454  1151  1151 D SurfaceFlinger:        DEVICE |            8589934654687 | 00002100 | RGBA_8888    |    0.0    0.0  720.0   50.0 |    0    0  720   50 | StatusBar$_2000#102 (26038)
04-15 09:53:09.454  1151  1151 D SurfaceFlinger:        DEVICE |           10569914518889 | 00002100 | RGBA_8888    |    0.0    0.0   67.0  353.0 |  653  192  720  545 | com.sec.android.app.launcher/com.sam[...]l.app.CocktailBarService$_2461#16495 (1)
04-15 09:53:09.454  1151  1151 D SurfaceFlinger:        DEVICE |            8589934654705 | 00002100 | RGBA_8888    |    0.0    0.0  720.0   90.0 |    0 1454  720 1544 | NavigationBar0$_2000#98 (16840)
04-15 09:53:09.454  1151  1151 D SurfaceFlinger:
04-15 09:53:09.454  2000  2105 I SurfaceControlRegistry: apply, t=FinishTransaction_SyncId<1640>, caller=android.view.SurfaceControl$Transaction.apply:3459 android.view.SurfaceControl$Transaction.apply:3447 android.view.SurfaceControl$Transaction.apply:3397 com.android.wm.shell.transition.Transitions.onFinish:315 com.android.wm.shell.transition.Transitions$$ExternalSyntheticLambda7.onTransitionFinished:12 com.android.wm.shell.transition.DefaultTransitionHandler$$ExternalSyntheticLambda2.run:36
04-15 09:53:09.458  1151  1200 I SurfaceFlinger: id=18328 Removed Splash Screen com.catfact.app$_2000#18328 (182)
04-15 09:53:09.458  3979  3979 I VRI[AllInOneCalendarActivity]@4ccb45e: handleAppVisibility mAppVisible = true visible = false
04-15 09:53:09.458  3979  3979 D VRI[AllInOneCalendarActivity]@4ccb45e: visibilityChanged oldVisibility=true newVisibility=false
04-15 09:53:09.462  2000  2000 D SystemUIService: SYSUI_RAM_OPTIMIZATION onTrimMemory=20
04-15 09:53:09.462  2000  2000 D CentralSurfaces: SYSUI_RAM_OPTIMIZATION onTrimMemory=20
04-15 09:53:09.462  1151  1151 I SurfaceFlinger: RequestedLayer [Task=3801#16292] hidden!! flag  from(0) --> to(1)
04-15 09:53:09.462  1151  1151 I SurfaceFlinger: [Display 0 name="Built-in Screen"#49] setFrameRateCategory: Default
04-15 09:53:09.462  1151  1151 I SurfaceFlinger: RequestedLayer [com.google.android.calendar/com.goog[...]AllInOneCalendarActivity$_3979#18318] hidden!! flag  from(0) --> to(1)
04-15 09:53:09.462  1151  1151 I SurfaceFlinger: RequestedLayer [ActivityRecord{243114305 u0 com.goog[...]llInOneCalendarActivity t3801}#16293] hidden!! flag  from(0) --> to(1)
04-15 09:53:09.462  1151  1151 I SurfaceFlinger: destroyed Splash Screen com.catfact.app$_2000#18328
04-15 09:53:09.463  1151  1151 I SurfaceFlinger: [LayerHierarchy{RequestedLayerState{Task=3801#16292 parentId=10 z=12} 1 children}] reparent to LayerHierarchy{RequestedLayerState{DefaultTaskDisplayArea_d0#10 parentId=9} 16 children}
04-15 09:53:09.463  1151  1151 I SurfaceFlinger: [LayerHierarchy{RequestedLayerState{Task=3864#18325 parentId=10 z=13} 2 children}] reparent to LayerHierarchy{RequestedLayerState{DefaultTaskDisplayArea_d0#10 parentId=9} 17 children}
04-15 09:53:09.463  1151  1151 I SurfaceFlinger: [LayerHierarchy{RequestedLayerState{Transition Root: Task=3864#18330 z=13} 1 children}] reparent to OffscreenRoot
04-15 09:53:09.463  1151  1151 I SurfaceFlinger: [LayerHierarchy{RequestedLayerState{Transition Root: Task=3864#18330 z=13} 1 children}] RelativeParent to null
04-15 09:53:09.463  1151  1151 I SurfaceFlinger: [LayerHierarchy{RequestedLayerState{DimTransitionLayer for Surface(name=Task=3864)/@0xf11f2bd#18332 z=-1} no children}] reparent to OffscreenRoot
04-15 09:53:09.463  1151  1151 I SurfaceFlinger: [LayerHierarchy{RequestedLayerState{DimTransitionLayer for Surface(name=Task=3864)/@0xf11f2bd#18332 z=-1} no children}] RelativeParent to null
04-15 09:53:09.464  1151  1151 I Layer   : id=18328 Destroyed Splash Screen com.catfact.app$_2000#18328
04-15 09:53:09.464  1151  1151 I SurfaceFlinger: id=18332 Removed DimTransitionLayer for Surface(name=Task=3864)/@0xf11f2bd#18332 (181)
04-15 09:53:09.464  1151  1151 I SurfaceFlinger: id=18330 Removed Transition Root: Task=3864#18330 (181)
04-15 09:53:09.464  1151  1151 I SurfaceFlinger: id=18327 Removed 78d3419 Splash Screen com.catfact.app#18327 (181)
04-15 09:53:09.465  3979  4808 D HWUI    : CacheManager::trimMemory(20)
04-15 09:53:09.466  1542  1585 D SurfaceComposerClient: setCornerRadius ## e4886b7 com.catfact.app/com.catfact.app.MainActivity#18329 cornerRadius=0.000000
04-15 09:53:09.467  1542  2473 I WindowManager: Relayout Window{25d273a u0 com.google.android.calendar/com.google.android.calendar.allinone.AllInOneCalendarActivity}: viewVisibility=8 req=720x1544 ty=1 d0
04-15 09:53:09.467  1542  2473 D SurfaceComposerClient: setCornerRadius ## e4886b7 com.catfact.app/com.catfact.app.MainActivity#18329 cornerRadius=0.000000
04-15 09:53:09.467  1542  2473 D SurfaceComposerClient: setCornerRadius ## e4886b7 com.catfact.app/com.catfact.app.MainActivity#18329 cornerRadius=0.000000
04-15 09:53:09.468  1542  2473 I WindowManager: Relayout hash=25d273a, pid=3979, syncId=-1: mAttrs={(0,0)(fillxfill) sim={adjust=pan} layoutInDisplayCutoutMode=always ty=BASE_APPLICATION wanim=0x1030317
04-15 09:53:09.468  1542  2473 I WindowManager:   fl=81810100
04-15 09:53:09.468  1542  2473 I WindowManager:   pfl=100088c0
04-15 09:53:09.468  1542  2473 I WindowManager:   vsysui=700
04-15 09:53:09.468  1542  2473 I WindowManager:   bhv=1
04-15 09:53:09.468  1542  2473 I WindowManager:   fitSides=0
04-15 09:53:09.468  1542  2473 I WindowManager:   frameRateBoostOnTouch=true
04-15 09:53:09.468  1542  2473 I WindowManager:   dvrrWindowFrameRateHint=true naviIconColor=0}
04-15 09:53:09.469  3979  3979 I VRI[AllInOneCalendarActivity]@4ccb45e: Relayout returned: old=(0,0,720,1544) new=(0,0,720,1544) relayoutAsync=false req=(720,1544)8 dur=2 res=0x2 s={false 0x0} ch=true seqId=0
04-15 09:53:09.469  1151  1151 I SurfaceFlinger: destroyed 78d3419 Splash Screen com.catfact.app#18327
04-15 09:53:09.469  1151  1151 I SurfaceFlinger: destroyed Transition Root: Task=3864#18330
04-15 09:53:09.469  1151  1151 I SurfaceFlinger: destroyed DimTransitionLayer for Surface(name=Task=3864)/@0xf11f2bd#18332
04-15 09:53:09.470  3979  3979 D VRI[AllInOneCalendarActivity]@4ccb45e: Not drawing due to not visible. Reason=!mAppVisible && !mForceDecorViewVisibility
04-15 09:53:09.470  1151  1151 I Layer   : id=18327 Destroyed 78d3419 Splash Screen com.catfact.app#18327
04-15 09:53:09.470  1151  1151 I Layer   : id=18330 Destroyed Transition Root: Task=3864#18330
04-15 09:53:09.470  1151  1151 I Layer   : id=18332 Destroyed DimTransitionLayer for Surface(name=Task=3864)/@0xf11f2bd#18332
04-15 09:53:09.470  3979  4808 D HWUI    : CacheManager::trimMemory(20)
04-15 09:53:09.471  2000  2196 D HWUI    : CacheManager::trimMemory(20)
04-15 09:53:09.471  3979  3979 I VRI[AllInOneCalendarActivity]@4ccb45e: stopped(true) old = false
04-15 09:53:09.471  3979  3979 D VRI[AllInOneCalendarActivity]@4ccb45e: WindowStopped on com.google.android.calendar/com.google.android.calendar.allinone.AllInOneCalendarActivity set to true
04-15 09:53:09.472  3979  4808 D HWUI    : CacheManager::trimMemory(20)
04-15 09:53:09.472  2461  4417 I HoneySpace.Memory-Monitor: current state = 2, didTrim = false
04-15 09:53:09.472  2000  2125 D StackScroller: onDisplayChanged for predraw skip to 2
04-15 09:53:09.473  2000  2000 D DisplayLifecycle: updateDisplay id = 0
04-15 09:53:09.486  1151  1151 I SurfaceFlinger: [LayerHierarchy{RequestedLayerState{com.google.android.calendar/com.google.android.calendar.allinone.AllInOneCalendarActivity$_3979#18318} no children}] reparent to OffscreenRoot
04-15 09:53:09.486  1151  1151 I SurfaceFlinger: [LayerHierarchy{RequestedLayerState{com.google.android.calendar/com.google.android.calendar.allinone.AllInOneCalendarActivity$_3979#18318} no children}] RelativeParent to null
04-15 09:53:09.487  1151  1151 I SurfaceFlinger: id=18318 Removed com.google.android.calendar/com.google.android.calendar.allinone.AllInOneCalendarActivity$_3979#18318 (178)
04-15 09:53:09.492  1542  1582 D PkgPredictorService-SecIpmManagerServiceImpl: bg information pid:3979 uid:10279 pkgName:com.google.android.calendar
04-15 09:53:09.493  3979  3979 D BBA2    : setIsFg isFg = false; delayValue 3999ms
04-15 09:53:09.494  1151  1151 I SurfaceFlinger: destroyed com.google.android.calendar/com.google.android.calendar.allinone.AllInOneCalendarActivity$_3979#18318
04-15 09:53:09.495  1151  1151 I Layer   : id=18318 Destroyed com.google.android.calendar/com.google.android.calendar.allinone.AllInOneCalendarActivity$_3979#18318
04-15 09:53:09.499  3979  3979 W WindowOnBackDispatcher: sendCancelIfRunning: isInProgress=false callback=android.app.Activity$$ExternalSyntheticLambda0@b35da70
04-15 09:53:09.508  3979  4808 D HWUI    : CacheManager::trimMemory(20)
04-15 09:53:09.509  3979  3979 D ViewRootImpl: Skipping stats log for color mode
04-15 09:53:09.510  3979  3979 I VRI[AllInOneCalendarActivity]@4ccb45e: dispatchDetachedFromWindow
04-15 09:53:09.510  1542  2298 D InputTransport: Input channel destroyed: '25d273a', fd=1280
04-15 09:53:09.511  1542  2298 D SurfaceComposerClient: setCornerRadius ## e4886b7 com.catfact.app/com.catfact.app.MainActivity#18329 cornerRadius=0.000000
04-15 09:53:09.511  1542  2298 D SurfaceComposerClient: setCornerRadius ## e4886b7 com.catfact.app/com.catfact.app.MainActivity#18329 cornerRadius=0.000000
04-15 09:53:09.512  3979  3979 D InputTransport: Input channel destroyed: '25d273a', fd=166
04-15 09:53:09.520 18572 18572 I View    : setRequestedFrameRate frameRate=NaN, this=androidx.compose.ui.platform.AndroidComposeView{4d421a1 VFED..... ........ 0,0-720,1544 aid=1073741824}, caller=android.view.ViewGroup.setRequestedFrameRate:9952 androidx.compose.ui.platform.Api35Impl.setRequestedFrameRate:3822 androidx.compose.ui.platform.AndroidComposeView.dispatchDraw:2114 android.view.View.draw:26345 android.view.View.updateDisplayListIfDirty:25175
04-15 09:53:09.520 18572 18572 I View    : setRequestedFrameRate frameRate=NaN, this=android.view.View{14413ea V.ED..... ........ 0,0-0,0}, caller=androidx.compose.ui.platform.Api35Impl.setRequestedFrameRate:3822 androidx.compose.ui.platform.AndroidComposeView.dispatchDraw:2115 android.view.View.draw:26345 android.view.View.updateDisplayListIfDirty:25175 android.view.ViewGroup.recreateChildDisplayList:4794
04-15 09:53:09.527  1151  1151 I SurfaceFlinger: [LayerHierarchy{RequestedLayerState{25d273a com.google.android.calendar/com.google.android.calendar.allinone.AllInOneCalendarActivity#18317} no children}] reparent to OffscreenRoot
04-15 09:53:09.527  1151  1151 I SurfaceFlinger: [LayerHierarchy{RequestedLayerState{25d273a com.google.android.calendar/com.google.android.calendar.allinone.AllInOneCalendarActivity#18317} no children}] RelativeParent to null
04-15 09:53:09.529  1151  1151 I SurfaceFlinger: id=18317 Removed 25d273a com.google.android.calendar/com.google.android.calendar.allinone.AllInOneCalendarActivity#18317 (177)
04-15 09:53:09.535  1151  1151 I SurfaceFlinger: destroyed 25d273a com.google.android.calendar/com.google.android.calendar.allinone.AllInOneCalendarActivity#18317
04-15 09:53:09.536  1151  1151 I Layer   : id=18317 Destroyed 25d273a com.google.android.calendar/com.google.android.calendar.allinone.AllInOneCalendarActivity#18317
04-15 09:53:09.551 18638 18643 I atfact.app.test: Compiler allocated 5066KB to compile void android.view.ViewRootImpl.performTraversals()
04-15 09:53:09.559  1542  2484 I SemDvfsHyPerManager: acquire hyper - AMS_APP_SWITCH/1542@28, type = -999
04-15 09:53:09.560  1059  1180 I HYPER-HAL: [RequestManager.cpp]acquire(): Acquired ID : 1233263  [1542 / 28]    HINT : AMS_APP_SWITCH    list :
04-15 09:53:09.560  3963  3963 I SemDvfsHyPerManager: acquire hyper - APP_START_SHORT/3963@17, type = -999
04-15 09:53:09.560  1151  1200 I SurfaceFlinger: id=18340 createSurf, flag=24004, Task=3865#18340
04-15 09:53:09.563  1151  1199 I SurfaceFlinger: id=18341 createSurf, flag=84004, ActivityRecord{247465683 u0 com.catfact.app.test/androidx.test.core.app.InstrumentationActivityInvoker$EmptyActivity t3865}#18341
04-15 09:53:09.564  1059  1180 I HYPER-HAL: [ResourceManager.cpp]updateResource(): [CPULittleMinFreq] UpdateResource Request ID : 1233263    Value : 1824000
04-15 09:53:09.564  1059  1180 I HYPER-HAL: [RequestManager.cpp]acquire(): Acquired ID : 7922207  [3963 / 17]    HINT : APP_START    list : [TIMEOUT / 1500]
04-15 09:53:09.565  1542  2473 I SemDvfsHyPerManager: acquire hyper - AMS_APP_LAUNCH/1542@21, type = -999
04-15 09:53:09.566  1059  1180 I HYPER-HAL: [RequestManager.cpp]acquire(): Acquired ID : 1222287  [1542 / 21]    HINT : AMS_APP_LAUNCH    list :
04-15 09:53:09.566  1059  1180 I HYPER-HAL: [ResourceManager.cpp]updateResource(): [CPULittleMinFreq] UpdateResource Request ID : 1222287    Value : 1824000
04-15 09:53:09.566  3963  3963 I SemDvfsHyPerManager: acquire hyper - APP_START/3963@19, type = -999
04-15 09:53:09.566  2000  2120 D ViewRootImpl: desktopMode is false
04-15 09:53:09.566  2000  2120 I ViewRootImpl: dVRR is disabled
04-15 09:53:09.566  2000  2196 D NativeCustomFrequencyManager: [NativeCFMS] BpCustomFrequencyManager::BpCustomFrequencyManager()
04-15 09:53:09.567 18572 18572 D LifecycleMonitor: Lifecycle status change: com.catfact.app.MainActivity@f8d4a31 in: PAUSED
04-15 09:53:09.567 18572 18572 V ActivityScenario: Update currentActivityStage to PAUSED, currentActivity=com.catfact.app.MainActivity@f8d4a31
04-15 09:53:09.567  3152  3152 E pageboostd: Received HALT command code 2
04-15 09:53:09.567  1059  1180 I HYPER-HAL: [RequestManager.cpp]acquire(): Acquired ID : 7930172  [3963 / 19]    HINT : APP_START    list :
04-15 09:53:09.568  1542  2162 D InputDispatcher: Focused application(0): ActivityRecord{247465683 u0 com.catfact.app.test/androidx.test.core.app.InstrumentationActivityInvoker$EmptyActivity t3865}
04-15 09:53:09.569  2000  2105 D ShellDesktopMode: handleRequest: TransitionRequestInfo {type=1, tid=3865, debugId=1641}
04-15 09:53:09.570  1542  2477 D GraphicsStatsService: requestRenderEngineFor(com.catfact.app.test)
04-15 09:53:09.571 18638 18653 V XGL     : ----------------------------------------------------------------------
04-15 09:53:09.571 18638 18653 V XGL     : SUMD version compiled date     = 2025-06-11 14:47 - KST
04-15 09:53:09.571 18638 18653 V XGL     : SUMD version revision number   = 1fc295b0d2
04-15 09:53:09.571 18638 18653 V XGL     : SUMD version info              = Driver version: 24.0.545, git hash: 1fc295b0d2
04-15 09:53:09.571 18638 18653 V XGL     : ----------------------------------------------------------------------
04-15 09:53:09.571 18638 18653 V XGL     : Entering: Create
04-15 09:53:09.575  1542  2472 D InputTransport: Input channel constructed: '5f213b1', fd=1277
04-15 09:53:09.575  1542  2472 D InputTransport: Input channel constructed: '5f213b1', fd=1280
04-15 09:53:09.575  1542  2472 D InputTransport: Input channel constructed: '5f213b1', fd=1329
04-15 09:53:09.575  1542  2472 D InputTransport: Input channel destroyed: '5f213b1', fd=1280
04-15 09:53:09.575  1151  1199 I SurfaceFlinger: id=18342 createSurf, flag=84004, 5f213b1 Splash Screen com.catfact.app.test#18342
04-15 09:53:09.576  1542  2472 D InputTransport: Input channel destroyed: '5f213b1', fd=1329
04-15 09:53:09.577  1542  1825 D AS.MultiSoundManager: mForegroundUid = 10747
04-15 09:53:09.577  2000  2120 D InputTransport: Input channel constructed: '5f213b1', fd=589
04-15 09:53:09.577  1151  1151 I SurfaceFlinger: [LayerHierarchy{RequestedLayerState{ImeContainer#15 parentId=18326 relativeParentId=18326 z=1} 1 children}] RelativeParent to null
04-15 09:53:09.577  1151  1151 I SurfaceFlinger: [Task=3865#18340] attach to parent LayerHierarchy{RequestedLayerState{DefaultTaskDisplayArea_d0#10 parentId=9} 17 children}
04-15 09:53:09.577  1151  1151 I SurfaceFlinger: [ActivityRecord{247465683 u0 com.catfact.app.test/androidx.test.core.app.InstrumentationActivityInvoker$EmptyActivity t3865}#18341] attach to parent LayerHierarchy{RequestedLayerState{Task=3865#18340 parentId=10} 1 children}
04-15 09:53:09.577  1151  1151 I SurfaceFlinger: [5f213b1 Splash Screen com.catfact.app.test#18342] attach to parent LayerHierarchy{RequestedLayerState{ActivityRecord{247465683 u0 com.catfact.app.test/androidx.test.core.app.InstrumentationActivityInvoker$EmptyActivity t3865}#18341 parentId=18340} 1 children}
04-15 09:53:09.577  2000  2120 I InsetsController: onStateChanged: host=Splash Screen com.catfact.app.test, from=android.view.ViewRootImpl.onInsetsStateChanged:3026, state=InsetsState: {mDisplayFrame=Rect(0, 0 - 720, 1544), mDisplayCutout=DisplayCutout{insets=Rect(0, 50 - 0, 0) waterfall=Insets{left=0, top=0, right=0, bottom=0} boundingRect={Bounds=[Rect(0, 0 - 0, 0), Rect(341, 0 - 379, 50), Rect(0, 0 - 0, 0), Rect(0, 0 - 0, 0)]} cutoutPathParserInfo={CutoutPathParserInfo{displayWidth=720 displayHeight=1544 physicalDisplayWidth=720 physicalDisplayHeight=1544 density={1.875} cutoutSpec={M 0,0 H -10 V 26.66666666666667 H 10 V 0 H 0 Z @dp} rotation={0} scale={1.0} physicalPixelDisplaySizeRatio={1.0}}} sideOverrides={}}, mRoundedCorners=RoundedCorners{[RoundedCorner{position=TopLeft, radius=8, center=Point(8, 8)}, RoundedCorner{position=TopRight, radius=8, center=Point(712, 8)}, RoundedCorner{position=BottomRight, radius=8, center=Point(712, 1536)}, RoundedCorner{position=BottomLeft, radius=8, center=Point(8, 1536)}]}  mRoundedCornerFrame=Rect(0, 0 - 720, 1544), mPrivacyIndicatorBounds=PrivacyIndicatorBounds {static bounds=Rect(637, 0 - 720, 50) rotation=0}, mDisplayShape=DisplayShape{ spec=-311912193 displayWidth=720 displayHeight=1544 physicalPixelDisplaySizeRatio=0.5 rotation=0 offsetX=0 offsetY=0 scale=1.0}, mSources= { InsetsSource: {ec730001 mType=navigationBars mFrame=[0,1454][720,1544] mVisible=true mFlags= mSideHint=BOTTOM mBoundingRects=null}, InsetsSource: {ec730004 mType=systemGestures mFrame=[0,0][0,0] mVisible=true mFlags= mSideHint=NONE mBoundingRects=null}, InsetsSource: {ec730005 mType=mandatorySystemGestures mFrame=[0,1454][720,1544] mVisible=true mFlags= mSideHint=BOTTOM mBoundingRects=null}, InsetsSource: {ec730006 mType=tappableElement mFrame=[0,1454][720,1544] mVisible=true mFlags= mSideHint=BOTTOM mBoundingRects=null}, InsetsSource: {ec730024 mType=systemGestures mFrame=[0,0][0,0] mVisible=true mFlags= mSideHint=NONE mBoundingRects=null}, InsetsSource: {3 mType=ime mFrame=[0,0][0,0] mVisible=false mFlags= mSideHint=NONE mBoundingRects=null}, InsetsSource: {27 mType=displayCutout mFrame=[0,0][720,50] mVisible=true mFlags= mSideHint=TOP mBoundingRects=null}, InsetsSource: {43950000 mType=statusBars mFrame=[0,0][720,50] mVisible=true mFlags= mSideHint=TOP mBoundingRects=null}, InsetsSource: {43950005 mType=mandatorySystemGestures mFrame=[0,0][720,73] mVisible=true mFlags= mSideHint=TOP mBoundingRects=null}, InsetsSource: {43950006 mType=tappableElement mFrame=[0,0][720,50] mVisible=true mFlags= mSideHint=TOP mBoundingRects=null} }
04-15 09:53:09.577  2000  2120 I VRI[test]@7a691c8: onActiveControlsChanged, removed=false, mAdded=true, caller=android.view.ViewRootImpl.handleInsetsControlChanged:3002 android.view.ViewRootImpl.setView:2014 android.view.WindowManagerGlobal.addView:604 com.android.wm.shell.startingsurface.SplashscreenWindowCreator.addWindow:38 com.android.wm.shell.startingsurface.StartingWindowController$$ExternalSyntheticLambda4.run:1365
04-15 09:53:09.577  2000  2120 I VRI[test]@7a691c8: synced displayState. AttachInfo displayState=2
04-15 09:53:09.577  2000  2120 I VRI[test]@7a691c8: setView = android.widget.FrameLayout@e8de012 IsHRR=false mFlingFrameRateChange=0 TM=true
04-15 09:53:09.578  2000  2196 D HWUI    : HWUI - treat SMPTE_170M as sRGB
04-15 09:53:09.578  1542  1585 D SurfaceComposerClient: setCornerRadius ## 5f213b1 Splash Screen com.catfact.app.test#18342 cornerRadius=0.000000
04-15 09:53:09.579  1542  1585 D SurfaceComposerClient: setCornerRadius ## 5f213b1 Splash Screen com.catfact.app.test#18342 cornerRadius=0.000000
04-15 09:53:09.579  1151  1338 D SurfaceFlinger: [input] setFocusedWindow: <null>
04-15 09:53:09.579  1542  2473 I WindowManager: Relayout Window{5f213b1 u0 Splash Screen com.catfact.app.test}: viewVisibility=0 req=720x1544 ty=3 d0
04-15 09:53:09.579  1542  2298 D InputDispatcher: Focus left window (0): e4886b7 com.catfact.app/com.catfact.app.MainActivity
04-15 09:53:09.579  1151  2479 I SurfaceFlinger: id=18343 createSurf, flag=44004, Splash Screen com.catfact.app.test$_2000#18343
04-15 09:53:09.579  1542  2477 D InputDispatcher: Once focus requested (0): <null>
04-15 09:53:09.581  1542  2473 D SurfaceComposerClient: setCornerRadius ## 5f213b1 Splash Screen com.catfact.app.test#18342 cornerRadius=0.000000
04-15 09:53:09.581  1542  2473 D SurfaceComposerClient: setCornerRadius ## 5f213b1 Splash Screen com.catfact.app.test#18342 cornerRadius=0.000000
04-15 09:53:09.581 18572 18572 I ImeFocusController: onPreWindowFocus: skipped hasWindowFocus=false mHasImeFocus=true
04-15 09:53:09.581  1542  2473 I WindowManager: Relayout hash=5f213b1, pid=2000, syncId=-1: mAttrs={(0,0)(fillxfill) sim={adjust=pan} layoutInDisplayCutoutMode=always ty=APPLICATION_STARTING fmt=TRANSLUCENT
04-15 09:53:09.581  1542  2473 I WindowManager:   fl=81030118
04-15 09:53:09.581  1542  2473 I WindowManager:   pfl=10000810
04-15 09:53:09.581  1542  2473 I WindowManager:   apr=18
04-15 09:53:09.581  1542  2473 I WindowManager:   bhv=1
04-15 09:53:09.581  1542  2473 I WindowManager:   fitSides=0
04-15 09:53:09.581  1542  2473 I WindowManager:   frameRateBoostOnTouch=true
04-15 09:53:09.581  1542  2473 I WindowManager:   dvrrWindowFrameRateHint=true naviIconColor=0}
04-15 09:53:09.581 18572 18572 I ImeFocusController: onPostWindowFocus: skipped hasWindowFocus=false mHasImeFocus=true
04-15 09:53:09.582  2000  2120 I VRI[test]@7a691c8: onActiveControlsChanged, removed=false, mAdded=true, caller=android.view.ViewRootImpl.handleInsetsControlChanged:3002 android.view.ViewRootImpl.relayoutWindow:11629 android.view.ViewRootImpl.performTraversals:4804 android.view.ViewRootImpl.doTraversal:3924 android.view.ViewRootImpl$TraversalRunnable.run:12903
04-15 09:53:09.582  2000  2120 I BLASTBufferQueue_Java: new BLASTBufferQueue, mName= VRI[test]@7a691c8 mNativeObject= 0xb40000741cff9040 caller= android.view.ViewRootImpl.updateBlastSurfaceIfNeeded:3585 android.view.ViewRootImpl.relayoutWindow:11685 android.view.ViewRootImpl.performTraversals:4804 android.view.ViewRootImpl.doTraversal:3924 android.view.ViewRootImpl$TraversalRunnable.run:12903 android.view.Choreographer$CallbackRecord.run:1901 android.view.Choreographer$CallbackRecord.run:1910 android.view.Choreographer.doCallbacks:1367 android.view.Choreographer.doFrame:1292 android.view.Choreographer$FrameDisplayEventReceiver.run:1870
04-15 09:53:09.582  2000  2120 I BLASTBufferQueue_Java: update, w= 720 h= 1544 mName = VRI[test]@7a691c8 mNativeObject= 0xb40000741cff9040 sc.mNativeObject= 0xb40000751c5756d0 format= -3 caller= android.view.ViewRootImpl.updateBlastSurfaceIfNeeded:3590 android.view.ViewRootImpl.relayoutWindow:11685 android.view.ViewRootImpl.performTraversals:4804 android.view.ViewRootImpl.doTraversal:3924 android.view.ViewRootImpl$TraversalRunnable.run:12903 android.view.Choreographer$CallbackRecord.run:1901
04-15 09:53:09.583  2000  2120 I VRI[test]@7a691c8: Relayout returned: old=(0,0,720,1544) new=(0,0,720,1544) relayoutAsync=false req=(720,1544)0 dur=4 res=0x3 s={true 0xb40000748cd8bdc0} ch=true seqId=0
04-15 09:53:09.583  2000  2120 I VRI[test]@7a691c8: performConfigurationChange setNightDimText nightDimLevel=0
04-15 09:53:09.583  2000  2120 D VRI[test]@7a691c8: mThreadedRenderer.initialize() mSurface={isValid=true 0xb40000748cd8bdc0} hwInitialized=true
04-15 09:53:09.584  2000  2120 D VRI[test]@7a691c8: reportNextDraw android.view.ViewRootImpl.performTraversals:5443 android.view.ViewRootImpl.doTraversal:3924 android.view.ViewRootImpl$TraversalRunnable.run:12903 android.view.Choreographer$CallbackRecord.run:1901 android.view.Choreographer$CallbackRecord.run:1910
04-15 09:53:09.584  2000  2120 D VRI[test]@7a691c8: Setup new sync=wmsSync-VRI[test]@7a691c8#48
04-15 09:53:09.584  2000  2120 I VRI[test]@7a691c8: Creating new active sync group VRI[test]@7a691c8#49
04-15 09:53:09.584  2000  2120 D VRI[test]@7a691c8: registerCallbacksForSync syncBuffer=false
04-15 09:53:09.584  2000  2194 D VRI[test]@7a691c8: Received frameDrawingCallback syncResult=0 frameNum=1.
04-15 09:53:09.584  2000  2194 I VRI[test]@7a691c8: mWNT: t=0xb4000074fc7c1fd0 mBlastBufferQueue=0xb40000741cff9040 fn= 1 HdrRenderState mRenderHdrSdrRatio=1.0 caller= android.view.ViewRootImpl$12.onFrameDraw:15441 android.view.ThreadedRenderer$1.onFrameDraw:718 <bottom of call stack>
04-15 09:53:09.584  2000  2194 I VRI[test]@7a691c8: Setting up sync and frameCommitCallback
04-15 09:53:09.585 18638 18638 I DecorView: setWindowBackground: isPopOver=false color=ffffffff d=android.graphics.drawable.ColorDrawable@12fee4d
04-15 09:53:09.586  1151  1151 I SurfaceFlinger: [Display 0 name="Built-in Screen"#49] setFrameRateCategory: High
04-15 09:53:09.586  1151  1151 I SurfaceFlinger: [Splash Screen com.catfact.app.test$_2000#18343] attach to parent LayerHierarchy{RequestedLayerState{5f213b1 Splash Screen com.catfact.app.test#18342 parentId=18341} 1 children}
04-15 09:53:09.588  2000  2196 I BLASTBufferQueue: [VRI[test]@7a691c8#826](f:0,a:0,s:0) onFrameAvailable the first frame is available
04-15 09:53:09.589  2000  2196 I VRI[test]@7a691c8: Received frameCommittedCallback lastAttemptedDrawFrameNum=1 didProduceBuffer=true
04-15 09:53:09.589  1151  1200 I SurfaceFlinger: [Splash Screen com.catfact.app.test$_2000#18343] setTransactionState with the first frame. bufferData(ID: 8589934655700, frameNumber: 1)
04-15 09:53:09.590  1218  6568 I CameraService: onUidStateChanged: uid=10048, procState is changed. (0 -> 1)
04-15 09:53:09.590 18638 18638 D ViewRootImpl: desktopMode is false
04-15 09:53:09.590 18638 18638 I ViewRootImpl: dVRR is disabled
04-15 09:53:09.590  1542  1582 D PkgPredictorService-SecIpmManagerServiceImpl: onForegroundActivitiesChanged pid:18638 uid:10747
04-15 09:53:09.590  1542  1582 D NetworkPolicy: already checked 10747
04-15 09:53:09.591  1542  1582 D NetworkPolicy: already checked 10747
04-15 09:53:09.591  1542  2944 V PkgPredictorService-SecIpmManagerServiceImpl: discard foreground app:com.catfact.app.test 1|true
04-15 09:53:09.591  2461  4432 I HoneySpace.RecentTasks: onRecentTasksChanged
04-15 09:53:09.592  2461  4432 I HoneySpace.RecentTasks: onRecentTasksChanged
04-15 09:53:09.592  1542  1906 D SemWifiTransportLayerMonitor.TcpMonitorHandler: MSG_SAVE_PACKAGE_INFO
04-15 09:53:09.592  1542  1906 D SemWifiTransportLayerFileManager: saveWifiPackageInfoToFile
04-15 09:53:09.592  1542  1906 D SemWifiTransportLayerFileManager: writeWifiPackageInfoList
04-15 09:53:09.593  1059 18706 I HYPER-HAL: [RequestManager.cpp]releaseLocked(): Released ID : 1223852
04-15 09:53:09.593  2000  2000 I {OngoingActivityController}: onTaskFocusChanged but OA data is empty
04-15 09:53:09.595  1151  1151 I BpBinder: onLastStrongRef automatically unlinking death recipients:
04-15 09:53:09.597  2000  2196 D HWUI    : CFMS:: SetUp Pid : 2000    Tid : 2196
04-15 09:53:09.597  2000  2120 D VRI[test]@7a691c8: reportDrawFinished seqId=0
04-15 09:53:09.598  6698  6698 D BoundBrokerSvc: onRebind: Intent { act=com.google.android.gms.libs.gmscorelogger.service.START dat=chimera-action:/... xflg=0x4 cmp=com.google.android.gms/.chimera.PersistentDirectBootAwareApiService }
04-15 09:53:09.598  1144  1154 E HeatmapThread: ECT Thread time in milliseconds: 1776239589
04-15 09:53:09.598  2461  2461 I HoneySpace.EdgePanel.CocktailHostRepositoryImpl: onNoteResume
04-15 09:53:09.598  1144  1154 D HeatmapThread: !@ batteryplugType : 0
04-15 09:53:09.598  1144  1154 D HeatmapThread: !@ batteryLevel : 0  batteryTemperature : 0
04-15 09:53:09.598  2461  2461 I HoneySpace.EdgePanel.EdgePanelContainerViewModel: cocktailHostRepository.edgePanelOperation NoteResumeComponent(componentName=ComponentInfo{com.catfact.app.test/androidx.test.core.app.InstrumentationActivityInvoker$EmptyActivity})
04-15 09:53:09.598  1144  1154 D HeatmapThread: !@ Heatmap currtime: 29603993
04-15 09:53:09.598  1144  1154 D HeatmapThread: !@ Heatmap prevtime: 29603990
04-15 09:53:09.598  1144  1154 D HeatmapThread: !@ Heatmap plugstarttime: 35791394
04-15 09:53:09.598  1144  1154 D HeatmapThread: !@ Heatmap prevv_dsoh_update_time: 29597770
04-15 09:53:09.598  2461  2461 I HoneySpace.EdgePanel.ActivityUtils: HomePackage : com.sec.android.app.launcher, resumePackageName : com.catfact.app.test, className : androidx.test.core.app.InstrumentationActivityInvoker$EmptyActivity
04-15 09:53:09.598  1144  1154 E HeatmapThread: !@Could not open '/efs/FactoryApp/bsoh', errno = 13
04-15 09:53:09.598  1144  1154 E HeatmapThread: !@ CAM Could not access BSOH EFS
04-15 09:53:09.598  1144  1154 E HeatmapThread: !@ CAM New BSOH: 0
04-15 09:53:09.600  1542  1585 D SurfaceComposerClient: setCornerRadius ## 5f213b1 Splash Screen com.catfact.app.test#18342 cornerRadius=0.000000
04-15 09:53:09.600  2461  2584 I HoneySpace.TopTaskSource: onTaskMovedToFront : taskId = 3865, displayId = 0
04-15 09:53:09.600  1542  1585 D SurfaceComposerClient: setCornerRadius ## 5f213b1 Splash Screen com.catfact.app.test#18342 cornerRadius=0.000000
04-15 09:53:09.600 18638 18653 V XGL     : Exiting: Create
04-15 09:53:09.600  2461  2586 I HoneySpace.TopTaskUseCase: topTasks 3865 ComponentInfo{com.catfact.app.test/androidx.test.core.app.InstrumentationActivityInvoker$EmptyActivity}[displayId=0]
04-15 09:53:09.600  2461  2584 I HoneySpace.TopTaskSource: onTaskFocusChanged(): taskId = 3865
04-15 09:53:09.601  1151  2479 I SurfaceFlinger: id=18344 createSurf, flag=84004, Transition Root: Task=3865#18344
04-15 09:53:09.603 18638 18653 D NativeCustomFrequencyManager: [NativeCFMS] BpCustomFrequencyManager::BpCustomFrequencyManager()
04-15 09:53:09.604  1542  1585 I SurfaceControlRegistry: show, t=StartTransaction_SyncId<1641> sc=ActivityRecord{247465683 u0 com.catfact.app.test/androidx.test.core.app.InstrumentationActivityInvoker$EmptyActivity t3865}, caller=android.view.SurfaceControl$Transaction.show:3557 com.android.server.wm.Transition.onTransactionReady:2048 com.android.server.wm.BLASTSyncEngine$SyncGroup.finishNow:240 com.android.server.wm.BLASTSyncEngine.onSurfacePlacement:263 com.android.server.wm.RootWindowContainer.performSurfacePlacementNoTrace:1083 com.android.server.wm.WindowSurfacePlacer.performSurfacePlacement:166
04-15 09:53:09.604  1542  1585 D SurfaceComposerClient: setCornerRadius ## Task=3864#18325 cornerRadius=0.000000
04-15 09:53:09.604  1542  1585 D SurfaceComposerClient: setCornerRadius ## Task=3865#18340 cornerRadius=0.000000
04-15 09:53:09.605  1542  1585 D ScreenCapture: [Capture_TEST] : setIsScreenShotBySystem false
04-15 09:53:09.605  1542  1585 I SurfaceComposerClient: captureLayers:childrenOnly:1, sync:1
04-15 09:53:09.606  3979  4894 I SyncerLog: [35] Total requests: 1 (plus 0 retried)
04-15 09:53:09.607  3979  4894 I SyncerLog: [35] Sync Result: SUCCESS
04-15 09:53:09.608  1151  2479 I SurfaceFlinger: Capture layer list: 	 com.catfact.app/com.catfact.app.MainActivity$_18572#18333(seamlessTransition:0)
04-15 09:53:09.608  1151  2479 I CompositionEngine: [setDisplaySize] size=(720, 1544)
04-15 09:53:09.608  1151  1206 D RenderEngine: [SEC_SF_EFFECTS] drawLayersInternal,1494, Rendering layer ScreenCaptureFillLayer at index 0
04-15 09:53:09.608  1151  1206 D RenderEngine: [SEC_SF_EFFECTS] drawLayersInternal,1494, Rendering layer com.catfact.app/com.catfact.app.MainActivity$_18572#18333 at index 1
04-15 09:53:09.611  1542  2477 D InputTransport: Input channel constructed: '1373d2a', fd=1280
04-15 09:53:09.611  1542  2477 D InputTransport: Input channel constructed: '1373d2a', fd=1324
04-15 09:53:09.611  1542  2477 D InputTransport: Input channel constructed: '1373d2a', fd=1329
04-15 09:53:09.611  1542  2477 D InputTransport: Input channel destroyed: '1373d2a', fd=1324
04-15 09:53:09.612  1151  2479 I SurfaceFlinger: id=18345 createSurf, flag=84004, 1373d2a com.catfact.app.test/androidx.test.core.app.InstrumentationActivityInvoker$EmptyActivity#18345
04-15 09:53:09.613  2000  2105 I SurfaceControlRegistry: hide, t=FinishTransaction_SyncId<1641> sc=Task=3864, caller=android.view.SurfaceControl$Transaction.hide:3583 com.android.wm.shell.transition.Transitions.dispatchReady:1263 com.android.wm.shell.transition.Transitions.onTransitionReady:251 com.android.wm.shell.transition.Transitions$TransitionPlayerImpl$$ExternalSyntheticLambda0.run:13 android.os.Handler.handleCallback:995 android.os.Handler.dispatchMessage:103
04-15 09:53:09.613  2000  2105 I SurfaceControlRegistry: show, t=StartTransaction_SyncId<1641> sc=Task=3865, caller=android.view.SurfaceControl$Transaction.show:3557 com.android.wm.shell.transition.Transitions.dispatchReady:1279 com.android.wm.shell.transition.Transitions.onTransitionReady:251 com.android.wm.shell.transition.Transitions$TransitionPlayerImpl$$ExternalSyntheticLambda0.run:13 android.os.Handler.handleCallback:995 android.os.Handler.dispatchMessage:103
