04-15 09:53:08.137  1151  1151 I SurfaceFlinger: [76e8c45 ActivityRecordInputSink com.catfact.app.test/androidx.test.core.app.InstrumentationActivityInvoker$EmptyActivity#18307] attach to parent LayerHierarchy{RequestedLayerState{ActivityRecord{239018187 u0 com.catfact.app.test/androidx.test.core.app.InstrumentationActivityInvoker$EmptyActivity t3863}#18300 parentId=18299} 2 children}
04-15 09:53:08.141  1542  1584 D InputDispatcher: Focused application(0): ActivityRecord{239018187 u0 com.catfact.app.test/androidx.test.core.app.InstrumentationActivityInvoker$EmptyActivity t3863}
04-15 09:53:08.143  1542  1582 D PkgPredictorService-SecIpmManagerServiceImpl: onForegroundActivitiesChanged pid:18638 uid:10747
04-15 09:53:08.144  1542  2944 V PkgPredictorService-SecIpmManagerServiceImpl: discard foreground app:com.catfact.app.test 1|true
04-15 09:53:08.144  2461  2584 I HoneySpace.TopTaskSource: onTaskFocusChanged(): taskId = 3863
04-15 09:53:08.145  1542  1825 D AS.MultiSoundManager: mForegroundUid = 10747
04-15 09:53:08.145  1542  1582 D NetworkPolicy: already checked 10747
04-15 09:53:08.147  1151  1151 I SurfaceFlinger: [LayerHierarchy{RequestedLayerState{8c5cec7 NavigationBar0#91 parentId=18306} 1 children}] reparent to LayerHierarchy{RequestedLayerState{Surface(name=8c5cec7 NavigationBar0)/@0xa68870 - animation-leash of insets_animation#18306 parentId=90} 1 children}
04-15 09:53:08.147  1151  1151 I SurfaceFlinger: [LayerHierarchy{RequestedLayerState{3edafdc StatusBar#95 parentId=18305} 1 children}] reparent to LayerHierarchy{RequestedLayerState{Surface(name=3edafdc StatusBar)/@0x3b919ed - animation-leash of insets_animation#18305 parentId=94} 1 children}
04-15 09:53:08.147  1151  1151 I SurfaceFlinger: [LayerHierarchy{RequestedLayerState{Surface(name=3edafdc StatusBar)/@0x3b919ed - animation-leash of insets_animation#18295} no children}] reparent to OffscreenRoot
04-15 09:53:08.147  1151  1151 I SurfaceFlinger: [LayerHierarchy{RequestedLayerState{Surface(name=3edafdc StatusBar)/@0x3b919ed - animation-leash of insets_animation#18295} no children}] RelativeParent to null
04-15 09:53:08.147  1151  1151 I SurfaceFlinger: [LayerHierarchy{RequestedLayerState{Surface(name=8c5cec7 NavigationBar0)/@0xa68870 - animation-leash of insets_animation#18296} no children}] reparent to OffscreenRoot
04-15 09:53:08.147  1151  1151 I SurfaceFlinger: [LayerHierarchy{RequestedLayerState{Surface(name=8c5cec7 NavigationBar0)/@0xa68870 - animation-leash of insets_animation#18296} no children}] RelativeParent to null
04-15 09:53:08.148 18525 18790 I Rubin   : [146] M.c0.k(Unknown Source) : Notify com.samsung.android.rubin.inferenceengine.contextanalytics.engine.loggers.AppUsageLogger's database is updated.
04-15 09:53:08.150  2461  2461 I HoneySpace.EdgePanel.CocktailHostRepositoryImpl: onNoteResume
04-15 09:53:08.150  2461  2461 I HoneySpace.EdgePanel.EdgePanelContainerViewModel: cocktailHostRepository.edgePanelOperation NoteResumeComponent(componentName=ComponentInfo{com.catfact.app.test/androidx.test.core.app.InstrumentationActivityInvoker$EmptyActivity})
04-15 09:53:08.150  2461  2461 I HoneySpace.EdgePanel.ActivityUtils: HomePackage : com.sec.android.app.launcher, resumePackageName : com.catfact.app.test, className : androidx.test.core.app.InstrumentationActivityInvoker$EmptyActivity
04-15 09:53:08.152  3723  3374 I [AirCmd]_ActivitySwitchDetector: onTaskFocusChanged : taskId=3863, componentName=ComponentInfo{com.catfact.app.test/androidx.test.core.app.InstrumentationActivityInvoker$EmptyActivity}
04-15 09:53:08.152  3723  3374 I [AirCmd]_ActivitySwitchDetector: onTaskFocusChanged :mTopMostActivity = ComponentInfo{com.catfact.app/com.catfact.app.MainActivity}
04-15 09:53:08.153  3723  3374 I [AirCmd]_CallbackRepeater: stopRepeat : isWorking=false
04-15 09:53:08.153  3723  3374 I [AirCmd]_MediaControlStateMonitor: isForegroundAppSupportsMediaButton : mediaSession is empty
04-15 09:53:08.161  3723  3374 E [AirCmd]_MediaControlStateMonitor: getActiveNotificationPackageName : notification service monitor is null
04-15 09:53:08.165  3963  4335 I SemDvfsHyPerManager: acquire hyper - BaseTABoost/3963@25, type = -999
04-15 09:53:08.165  1059  1180 I HYPER-HAL: [RequestManager.cpp]acquire(): Acquired ID : 7954091  [3963 / 25]    HINT :      list : [TABoost / 1]
04-15 09:53:08.165  1151  1200 I SurfaceFlinger: id=18295 Removed Surface(name=3edafdc StatusBar)/@0x3b919ed - animation-leash of insets_animation#18295 (180)
04-15 09:53:08.165  1151  1200 I SurfaceFlinger: id=18296 Removed Surface(name=8c5cec7 NavigationBar0)/@0xa68870 - animation-leash of insets_animation#18296 (180)
04-15 09:53:08.166  3723  3374 I [AirCmd]_ButtonEventDetectionThread: enableDoubleClickDetection: enabled= true, doubleClickWaitInterval=300
04-15 09:53:08.166  2461 30001 I HoneySpace.RecentTasks: onRecentTasksChanged
04-15 09:53:08.170  1151  1151 I SurfaceFlinger: destroyed Surface(name=3edafdc StatusBar)/@0x3b919ed - animation-leash of insets_animation#18295
04-15 09:53:08.171  1151  1151 I SurfaceFlinger: destroyed Surface(name=8c5cec7 NavigationBar0)/@0xa68870 - animation-leash of insets_animation#18296
04-15 09:53:08.172  1151  1151 I Layer   : id=18295 Destroyed Surface(name=3edafdc StatusBar)/@0x3b919ed - animation-leash of insets_animation#18295
04-15 09:53:08.172  1151  1151 I Layer   : id=18296 Destroyed Surface(name=8c5cec7 NavigationBar0)/@0xa68870 - animation-leash of insets_animation#18296
04-15 09:53:08.175  2000  2000 I {OngoingActivityController}: onTaskFocusChanged but OA data is empty
04-15 09:53:08.175  2000  2120 I VRI[test]@8b204ac: onActiveControlsChanged, removed=false, mAdded=true, caller=android.view.ViewRootImpl.handleInsetsControlChanged:3002 android.view.ViewRootImpl$ViewRootHandler.handleMessageImpl:8352 android.view.ViewRootImpl$ViewRootHandler.handleMessage:8301 android.os.Handler.dispatchMessage:110 android.os.Looper.loopOnce:273
04-15 09:53:08.175  2000  2120 I InsetsSourceConsumer: applyRequestedVisibilityToControl: visible=true, type=statusBars, host=Splash Screen com.catfact.app.test
04-15 09:53:08.176  2000  2120 I InsetsSourceConsumer: applyRequestedVisibilityToControl: visible=true, type=navigationBars, host=Splash Screen com.catfact.app.test
04-15 09:53:08.176  3723  3374 I [AirCmd]_ActivitySwitchDetector: onTaskStackChanged : componentName - ComponentInfo{com.catfact.app.test/androidx.test.core.app.InstrumentationActivityInvoker$EmptyActivity}
04-15 09:53:08.191  3152  3152 E pageboostd: Received HALT command code 2
04-15 09:53:08.243  1542  1553 I system_server: Background concurrent mark compact GC freed 26MB AllocSpace bytes, 137(4156KB) LOS objects, 24% free, 149MB/197MB, paused 4.305ms,8.905ms total 435.627ms
04-15 09:53:08.244  2000  2000 D QSClock : onDarkChanged tint=DARK
04-15 09:53:08.250 18638 18638 D nativeloader: Configuring clns-9 for other apk /data/app/~~pnepM6cwi3jMdr8-rVezNg==/com.catfact.app.test-o_mQNbuPQnGPq66hi3BClw==/base.apk. target_sdk_version=36, uses_libraries=, library_path=/data/app/~~pnepM6cwi3jMdr8-rVezNg==/com.catfact.app.test-o_mQNbuPQnGPq66hi3BClw==/lib/arm64, permitted_path=/data:/mnt/expand:/data/user/0/com.catfact.app.test
04-15 09:53:08.251  1542  1555 W System  : A resource failed to call release.
04-15 09:53:08.258 18638 18638 V GraphicsEnvironment: Currently set values for:
04-15 09:53:08.258 18638 18638 V GraphicsEnvironment:   angle_gl_driver_selection_pkgs=[]
04-15 09:53:08.258 18638 18638 V GraphicsEnvironment:   angle_gl_driver_selection_values=[]
04-15 09:53:08.258 18638 18638 V GraphicsEnvironment: com.catfact.app.test is not listed in per-application setting
04-15 09:53:08.258 18638 18638 V GraphicsEnvironment: ANGLE allowlist from config:
04-15 09:53:08.258 18638 18638 V GraphicsEnvironment: com.catfact.app.test is not listed in ANGLE allowlist or settings, returning default
04-15 09:53:08.258 18638 18638 V GraphicsEnvironment: App is not on the allowlist for updatable production driver.
04-15 09:53:08.296  1542  3802 D GraphicsStatsService: requestRenderEngineFor(com.catfact.app.test)
04-15 09:53:08.297 18638 18638 D HWUI    : HWUI - treat SMPTE_170M as sRGB
04-15 09:53:08.299 18638 18653 D HWUI    : CacheManager constructor. deviceInfo=(1080, 1920)
04-15 09:53:08.299 18638 18653 V XGL     : ----------------------------------------------------------------------
04-15 09:53:08.299 18638 18653 V XGL     : SUMD version compiled date     = 2025-06-11 14:47 - KST
04-15 09:53:08.299 18638 18653 V XGL     : SUMD version revision number   = 1fc295b0d2
04-15 09:53:08.299 18638 18653 V XGL     : SUMD version info              = Driver version: 24.0.545, git hash: 1fc295b0d2
04-15 09:53:08.299 18638 18653 V XGL     : ----------------------------------------------------------------------
04-15 09:53:08.299 18638 18653 V XGL     : Entering: Create
04-15 09:53:08.304 18638 18638 E ashmem  : Pinning is deprecated since Android Q. Please use trim or other methods.
04-15 09:53:08.308 18638 18653 V XGL     : Exiting: Create
04-15 09:53:08.315 18638 18638 D CompatChangeReporter: Compat change id reported: 377864165; UID 10747; state: ENABLED
04-15 09:53:08.316 18638 18638 D DesktopModeFlags: Toggle override initialized to: OVERRIDE_UNSET
04-15 09:53:08.318 18638 18638 I DecorView: setWindowBackground: isPopOver=false color=ffffffff d=android.graphics.drawable.ColorDrawable@2855731
04-15 09:53:08.335 18638 18638 D ViewRootImpl: desktopMode is false
04-15 09:53:08.340 18638 18638 I ViewRootImpl: dVRR is disabled
04-15 09:53:08.341 18638 18638 D HardwareRenderer: onDisplayChanged. displayId=0 current wxh=720x1544 mLargest wxh=0x0
04-15 09:53:08.341 18638 18638 D HardwareRenderer: Set largestWidth and largestHeight as logical resolution. (720x1544)
04-15 09:53:08.341 18638 18653 D HWUI    : setMaxSurfaceArea requested wxh=(720,1544) requestedSurfaceArea(1111680) is smaller than defaultSurfaceArea(2073600). Use default.
04-15 09:53:08.342 18638 18653 D NativeCustomFrequencyManager: [NativeCFMS] BpCustomFrequencyManager::BpCustomFrequencyManager()
04-15 09:53:08.342 18638 18659 I atfact.app.test: [HIDL_FETCH_IMapper] android.hardware.graphics.mapper@4.0: Loaded Mapper successfully.
04-15 09:53:08.345  1542  3802 D InputTransport: Input channel constructed: '1df1627', fd=1277
04-15 09:53:08.345  1542  3802 D InputTransport: Input channel constructed: '1df1627', fd=1280
04-15 09:53:08.345  1542  3802 D InputTransport: Input channel constructed: '1df1627', fd=1281
04-15 09:53:08.345  1542  3802 D InputTransport: Input channel destroyed: '1df1627', fd=1280
04-15 09:53:08.345  1151  1378 I SurfaceFlinger: id=18308 createSurf, flag=84004, 1df1627 com.catfact.app.test/androidx.test.core.app.InstrumentationActivityInvoker$EmptyActivity#18308
04-15 09:53:08.346  1542  3802 D InputTransport: Input channel destroyed: '1df1627', fd=1281
04-15 09:53:08.347 18638 18638 D InputTransport: Input channel constructed: '1df1627', fd=113
04-15 09:53:08.348 18638 18638 I InsetsController: onStateChanged: host=com.catfact.app.test/androidx.test.core.app.InstrumentationActivityInvoker$EmptyActivity, from=android.view.ViewRootImpl.onInsetsStateChanged:3026, state=InsetsState: {mDisplayFrame=Rect(0, 0 - 720, 1544), mDisplayCutout=DisplayCutout{insets=Rect(0, 50 - 0, 0) waterfall=Insets{left=0, top=0, right=0, bottom=0} boundingRect={Bounds=[Rect(0, 0 - 0, 0), Rect(341, 0 - 379, 50), Rect(0, 0 - 0, 0), Rect(0, 0 - 0, 0)]} cutoutPathParserInfo={CutoutPathParserInfo{displayWidth=720 displayHeight=1544 physicalDisplayWidth=720 physicalDisplayHeight=1544 density={1.875} cutoutSpec={M 0,0 H -10 V 26.66666666666667 H 10 V 0 H 0 Z @dp} rotation={0} scale={1.0} physicalPixelDisplaySizeRatio={1.0}}} sideOverrides={}}, mRoundedCorners=RoundedCorners{[RoundedCorner{position=TopLeft, radius=8, center=Point(8, 8)}, RoundedCorner{position=TopRight, radius=8, center=Point(712, 8)}, RoundedCorner{position=BottomRight, radius=8, center=Point(712, 1536)}, RoundedCorner{position=BottomLeft, radius=8, center=Point(8, 1536)}]}  mRoundedCornerFrame=Rect(0, 0 - 720, 1544), mPrivacyIndicatorBounds=PrivacyIndicatorBounds {static bounds=Rect(637, 0 - 720, 50) rotation=0}, mDisplayShape=DisplayShape{ spec=-311912193 displayWidth=720 displayHeight=1544 physicalPixelDisplaySizeRatio=0.5 rotation=0 offsetX=0 offsetY=0 scale=1.0}, mSources= { InsetsSource: {ec730001 mType=navigationBars mFrame=[0,1454][720,1544] mVisible=true mFlags= mSideHint=BOTTOM mBoundingRects=null}, InsetsSource: {ec730004 mType=systemGestures mFrame=[0,0][0,0] mVisible=true mFlags= mSideHint=NONE mBoundingRects=null}, InsetsSource: {ec730005 mType=mandatorySystemGestures mFrame=[0,1454][720,1544] mVisible=true mFlags= mSideHint=BOTTOM mBoundingRects=null}, InsetsSource: {ec730006 mType=tappableElement mFrame=[0,1454][720,1544] mVisible=true mFlags= mSideHint=BOTTOM mBoundingRects=null}, InsetsSource: {ec730024 mType=systemGestures mFrame=[0,0][0,0] mVisible=true mFlags= mSideHint=NONE mBoundingRects=null}, InsetsSource: {3 mType=ime mFrame=[0,0][0,0] mVisible=false mFlags= mSideHint=NONE mBoundingRects=null}, InsetsSource: {27 mType=displayCutout mFrame=[0,0][720,50] mVisible=true mFlags= mSideHint=TOP mBoundingRects=null}, InsetsSource: {43950000 mType=statusBars mFrame=[0,0][720,50] mVisible=true mFlags= mSideHint=TOP mBoundingRects=null}, InsetsSource: {43950005 mType=mandatorySystemGestures mFrame=[0,0][720,73] mVisible=true mFlags= mSideHint=TOP mBoundingRects=null}, InsetsSource: {43950006 mType=tappableElement mFrame=[0,0][720,50] mVisible=true mFlags= mSideHint=TOP mBoundingRects=null} }
04-15 09:53:08.349 18638 18638 I VRI[InstrumentationActivityInvoker$EmptyActivity]@6d4c51c: synced displayState. AttachInfo displayState=2
04-15 09:53:08.349 18638 18638 I VRI[InstrumentationActivityInvoker$EmptyActivity]@6d4c51c: setView = com.android.internal.policy.DecorView@ef71708 IsHRR=false mFlingFrameRateChange=0 TM=true
04-15 09:53:08.349 18638 18638 I IDS_TAG : Starting IDS observe window
04-15 09:53:08.350 18638 18638 I IDS_TAG : Getting Shared Preference for android.app.Application@5d42f66 uid = 10747
04-15 09:53:08.351 18638 18638 I IDS_TAG : App android.app.Application@5d42f66 has not finished training
04-15 09:53:08.353 18638 18653 D HWUI    : HWUI - treat SMPTE_170M as sRGB
04-15 09:53:08.354  1151  1151 I SurfaceFlinger: [1df1627 com.catfact.app.test/androidx.test.core.app.InstrumentationActivityInvoker$EmptyActivity#18308] attach to parent LayerHierarchy{RequestedLayerState{ActivityRecord{239018187 u0 com.catfact.app.test/androidx.test.core.app.InstrumentationActivityInvoker$EmptyActivity t3863}#18300 parentId=18299} 3 children}
04-15 09:53:08.355  2000  2105 D ShellDesktopMode: handleRequest: TransitionRequestInfo {type=2, tid=3863, debugId=1639}
04-15 09:53:08.357 18638 18638 I IDS_TAG : Closing IDS observe window
04-15 09:53:08.357 18638 18638 I IDS_TAG : Getting Shared Preference for android.app.Application@5d42f66 uid = 10747
04-15 09:53:08.357 18638 18638 I IDS_TAG : IDS count updated to 1 for android.app.Application@5d42f66
04-15 09:53:08.358  2461  2584 I HoneySpace.TopTaskSource: onTaskMovedToFront : taskId = 3514, displayId = 0
04-15 09:53:08.358  2461 30001 I HoneySpace.RecentTasks: onRecentTasksChanged
04-15 09:53:08.358  2461  2586 I HoneySpace.TopTaskUseCase: topTasks 3514 ComponentInfo{com.sec.android.app.launcher/com.sec.android.app.launcher.Launcher}[displayId=0]
04-15 09:53:08.359  2461  2584 I HoneySpace.TopTaskSource: onTaskMovedToFront : taskId = 3801, displayId = 0
04-15 09:53:08.359  2461  2586 I HoneySpace.TopTaskUseCase: topTasks 3801 ComponentInfo{com.google.android.calendar/com.google.android.calendar.allinone.AllInOneCalendarActivity}[displayId=0]
04-15 09:53:08.360  3756  3756 I InputMethodService: removeImeSurface
04-15 09:53:08.360  3756  3756 I InputMethodService: cancelImeSurfaceRemoval: removeCallbacks
04-15 09:53:08.361  1542  3802 I WindowManager: Relayout Window{1df1627 u0 com.catfact.app.test/androidx.test.core.app.InstrumentationActivityInvoker$EmptyActivity}: viewVisibility=0 req=720x1544 ty=1 d0
04-15 09:53:08.361  1151  2479 I SurfaceFlinger: id=18309 createSurf, flag=44004, com.catfact.app.test/androidx.test.core.app.InstrumentationActivityInvoker$EmptyActivity$_18638#18309
04-15 09:53:08.362  1542  3802 D SurfaceComposerClient: setCornerRadius ## 1df1627 com.catfact.app.test/androidx.test.core.app.InstrumentationActivityInvoker$EmptyActivity#18308 cornerRadius=0.000000
04-15 09:53:08.362  1151  1151 I SurfaceFlinger: RequestedLayer [1df1627 com.catfact.app.test/android[...]nActivityInvoker$EmptyActivity#18308] hidden!! flag  from(1) --> to(0)
04-15 09:53:08.362  1151  1151 I SurfaceFlinger: [com.catfact.app.test/androidx.test.core.app.InstrumentationActivityInvoker$EmptyActivity$_18638#18309] attach to parent LayerHierarchy{RequestedLayerState{1df1627 com.catfact.app.test/androidx.test.core.app.InstrumentationActivityInvoker$EmptyActivity#18308 parentId=18300} 1 children}
04-15 09:53:08.363  1542  3802 I WindowManager: Relayout hash=1df1627, pid=18638, syncId=-1: mAttrs={(0,0)(fillxfill) sim={adjust=pan forwardNavigation} layoutInDisplayCutoutMode=always ty=BASE_APPLICATION
04-15 09:53:08.363  1542  3802 I WindowManager:   fl=81810100
04-15 09:53:08.363  1542  3802 I WindowManager:   pfl=100088c0
04-15 09:53:08.363  1542  3802 I WindowManager:   bhv=1
04-15 09:53:08.363  1542  3802 I WindowManager:   fitSides=0
04-15 09:53:08.363  1542  3802 I WindowManager:   frameRateBoostOnTouch=true
04-15 09:53:08.363  1542  3802 I WindowManager:   dvrrWindowFrameRateHint=true naviIconColor=0}
04-15 09:53:08.365 18638 18638 I BLASTBufferQueue_Java: new BLASTBufferQueue, mName= VRI[InstrumentationActivityInvoker$EmptyActivity]@6d4c51c mNativeObject= 0xb40000741c5576d0 caller= android.view.ViewRootImpl.updateBlastSurfaceIfNeeded:3585 android.view.ViewRootImpl.relayoutWindow:11685 android.view.ViewRootImpl.performTraversals:4804 android.view.ViewRootImpl.doTraversal:3924 android.view.ViewRootImpl$TraversalRunnable.run:12903 android.view.Choreographer$CallbackRecord.run:1901 android.view.Choreographer$CallbackRecord.run:1910 android.view.Choreographer.doCallbacks:1367 android.view.Choreographer.doFrame:1292 android.view.Choreographer$FrameDisplayEventReceiver.run:1870
04-15 09:53:08.365 18638 18638 I BLASTBufferQueue_Java: update, w= 720 h= 1544 mName = VRI[InstrumentationActivityInvoker$EmptyActivity]@6d4c51c mNativeObject= 0xb40000741c5576d0 sc.mNativeObject= 0xb40000751c4ea1d0 format= -1 caller= android.view.ViewRootImpl.updateBlastSurfaceIfNeeded:3590 android.view.ViewRootImpl.relayoutWindow:11685 android.view.ViewRootImpl.performTraversals:4804 android.view.ViewRootImpl.doTraversal:3924 android.view.ViewRootImpl$TraversalRunnable.run:12903 android.view.Choreographer$CallbackRecord.run:1901
04-15 09:53:08.366  1151  2479 W ServiceManagerCppClient: Permission failure: android.permission.ACCESS_SURFACE_FLINGER from uid=10747 pid=0
04-15 09:53:08.366  1151  2479 D PermissionCache: checking android.permission.ACCESS_SURFACE_FLINGER for uid=10747 => denied (265 us)
04-15 09:53:08.366 18638 18638 I VRI[InstrumentationActivityInvoker$EmptyActivity]@6d4c51c: Relayout returned: old=(0,0,720,1544) new=(0,0,720,1544) relayoutAsync=false req=(720,1544)0 dur=3 res=0x3 s={true 0xb40000748c50a600} ch=true seqId=0
04-15 09:53:08.366  1151  2479 W ServiceManagerCppClient: Permission failure: android.permission.ROTATE_SURFACE_FLINGER from uid=10747 pid=0
04-15 09:53:08.366  1151  2479 D PermissionCache: checking android.permission.ROTATE_SURFACE_FLINGER for uid=10747 => denied (187 us)
04-15 09:53:08.366  1151  2479 W ServiceManagerCppClient: Permission failure: android.permission.INTERNAL_SYSTEM_WINDOW from uid=10747 pid=0
04-15 09:53:08.366  1151  2479 D PermissionCache: checking android.permission.INTERNAL_SYSTEM_WINDOW for uid=10747 => denied (159 us)
04-15 09:53:08.366  1151  1200 W ServiceManagerCppClient: Permission failure: android.permission.ROTATE_SURFACE_FLINGER from uid=10747 pid=18638
04-15 09:53:08.366  1151  1200 D PermissionCache: checking android.permission.ROTATE_SURFACE_FLINGER for uid=10747 => denied (196 us)
04-15 09:53:08.367 18638 18638 D VRI[InstrumentationActivityInvoker$EmptyActivity]@6d4c51c: mThreadedRenderer.initialize() mSurface={isValid=true 0xb40000748c50a600} hwInitialized=true
04-15 09:53:08.368 18638 18638 D VRI[InstrumentationActivityInvoker$EmptyActivity]@6d4c51c: reportNextDraw android.view.ViewRootImpl.performTraversals:5443 android.view.ViewRootImpl.doTraversal:3924 android.view.ViewRootImpl$TraversalRunnable.run:12903 android.view.Choreographer$CallbackRecord.run:1901 android.view.Choreographer$CallbackRecord.run:1910
04-15 09:53:08.368 18638 18638 D VRI[InstrumentationActivityInvoker$EmptyActivity]@6d4c51c: Setup new sync=wmsSync-VRI[InstrumentationActivityInvoker$EmptyActivity]@6d4c51c#0
04-15 09:53:08.368 18638 18638 I VRI[InstrumentationActivityInvoker$EmptyActivity]@6d4c51c: Creating new active sync group VRI[InstrumentationActivityInvoker$EmptyActivity]@6d4c51c#1
04-15 09:53:08.369 18638 18638 D VRI[InstrumentationActivityInvoker$EmptyActivity]@6d4c51c: registerCallbacksForSync syncBuffer=false
04-15 09:53:08.370 18638 18658 D VRI[InstrumentationActivityInvoker$EmptyActivity]@6d4c51c: Received frameDrawingCallback syncResult=0 frameNum=1.
04-15 09:53:08.370 18638 18658 I VRI[InstrumentationActivityInvoker$EmptyActivity]@6d4c51c: mWNT: t=0xb4000074fc50d890 mBlastBufferQueue=0xb40000741c5576d0 fn= 1 HdrRenderState mRenderHdrSdrRatio=1.0 caller= android.view.ViewRootImpl$12.onFrameDraw:15441 android.view.ThreadedRenderer$1.onFrameDraw:718 <bottom of call stack>
04-15 09:53:08.370 18638 18658 I VRI[InstrumentationActivityInvoker$EmptyActivity]@6d4c51c: Setting up sync and frameCommitCallback
04-15 09:53:08.381 18638 18653 I GSC     : SID[0] : fe6ff4e467193f9c, Kind: 1, time : 6.471 ms
04-15 09:53:08.384 18638 18653 I GSC     : SID[1] : 9fb7104710fc7e74, Kind: 0, time : 3.554 ms
04-15 09:53:08.385 18638 18653 I BLASTBufferQueue: [VRI[InstrumentationActivityInvoker$EmptyActivity]@6d4c51c#0](f:0,a:0,s:0) onFrameAvailable the first frame is available
04-15 09:53:08.386 18638 18653 I VRI[InstrumentationActivityInvoker$EmptyActivity]@6d4c51c: Received frameCommittedCallback lastAttemptedDrawFrameNum=1 didProduceBuffer=true
04-15 09:53:08.386  1151  2479 I SurfaceFlinger: [com.catfact.app.test/androidx.test.core.app.InstrumentationActivityInvoker$EmptyActivity$_18638#18309] setTransactionState with the first frame. bufferData(ID: 80049600462849, frameNumber: 1)
04-15 09:53:08.387 18638 18653 D HWUI    : CFMS:: SetUp Pid : 18638    Tid : 18653
04-15 09:53:08.387 18638 18638 D VRI[InstrumentationActivityInvoker$EmptyActivity]@6d4c51c: reportDrawFinished seqId=0
04-15 09:53:08.387  1542  3802 W ServiceManagerCppClient: Permission failure: android.permission.ACCESS_SURFACE_FLINGER from uid=10747 pid=0
04-15 09:53:08.387  1542  3802 D PermissionCache: checking android.permission.ACCESS_SURFACE_FLINGER for uid=10747 => denied (128 us)
04-15 09:53:08.387  1542  3802 W ServiceManagerCppClient: Permission failure: android.permission.ROTATE_SURFACE_FLINGER from uid=10747 pid=0
04-15 09:53:08.387  1542  3802 D PermissionCache: checking android.permission.ROTATE_SURFACE_FLINGER for uid=10747 => denied (30 us)
04-15 09:53:08.387  1542  3802 W ServiceManagerCppClient: Permission failure: android.permission.INTERNAL_SYSTEM_WINDOW from uid=10747 pid=0
04-15 09:53:08.387  1542  3802 D PermissionCache: checking android.permission.INTERNAL_SYSTEM_WINDOW for uid=10747 => denied (22 us)
04-15 09:53:08.388  1542  1585 I SemDvfsHyPerManager: acquire hyper - AMS_RESUME_TAIL/1542@22, type = -999
04-15 09:53:08.389  1542  1585 I SemDvfsHyPerManager: acquire hyper - AMS_ACT_LAZY/1542@23, type = -999
04-15 09:53:08.389  1059  1180 I HYPER-HAL: [RequestManager.cpp]acquire(): Acquired ID : 1223852  [1542 / 22]    HINT : AMS_RESUME_TAIL    list :
04-15 09:53:08.391  1059  1180 I HYPER-HAL: [ResourceManager.cpp]removeResource(): [CPULittleMinFreq] RemoveResource Request ID : 1233263
04-15 09:53:08.392  1059  1180 I HYPER-HAL: [RequestManager.cpp]releaseLocked(): Released ID : 1233263
04-15 09:53:08.394  1542  3802 I SemDvfsHyPerManager: acquire hyper - AMS_ACT_RESUME/1542@19, type = -999
04-15 09:53:08.396  1059  1180 I HYPER-HAL: [RequestManager.cpp]acquire(): Acquired ID : 1219160  [1542 / 19]    HINT : AMS_ACT_RESUME    list :
04-15 09:53:08.398  1542  3802 D InputDispatcher: Focused application(0): ActivityRecord{243114305 u0 com.google.android.calendar/.allinone.AllInOneCalendarActivity t3801}
04-15 09:53:08.398  1542  1825 D AS.MultiSoundManager: mForegroundUid = 10279
04-15 09:53:08.398  2000  2120 D ViewRootImpl: desktopMode is false
04-15 09:53:08.398  2000  2120 I ViewRootImpl: dVRR is disabled
04-15 09:53:08.398  2000  2196 D NativeCustomFrequencyManager: [NativeCFMS] BpCustomFrequencyManager::BpCustomFrequencyManager()
04-15 09:53:08.398  1542  2298 D GraphicsStatsService: requestRenderEngineFor(com.google.android.calendar)
04-15 09:53:08.401  1542  2298 D InputTransport: Input channel constructed: '8bcf29c', fd=1286
04-15 09:53:08.401  1542  2298 D InputTransport: Input channel constructed: '8bcf29c', fd=1296
04-15 09:53:08.401  1542  2298 D InputTransport: Input channel constructed: '8bcf29c', fd=1280
04-15 09:53:08.401  1542  2298 D InputTransport: Input channel destroyed: '8bcf29c', fd=1296
04-15 09:53:08.401  1151  2758 I SurfaceFlinger: id=18310 createSurf, flag=84004, 8bcf29c Splash Screen com.google.android.calendar#18310
04-15 09:53:08.403  1542  2298 D InputTransport: Input channel destroyed: '8bcf29c', fd=1280
04-15 09:53:08.403  2000  2120 D InputTransport: Input channel constructed: '8bcf29c', fd=589
04-15 09:53:08.403  2000  2120 I InsetsController: onStateChanged: host=Splash Screen com.google.android.calendar, from=android.view.ViewRootImpl.onInsetsStateChanged:3026, state=InsetsState: {mDisplayFrame=Rect(0, 0 - 720, 1544), mDisplayCutout=DisplayCutout{insets=Rect(0, 50 - 0, 0) waterfall=Insets{left=0, top=0, right=0, bottom=0} boundingRect={Bounds=[Rect(0, 0 - 0, 0), Rect(341, 0 - 379, 50), Rect(0, 0 - 0, 0), Rect(0, 0 - 0, 0)]} cutoutPathParserInfo={CutoutPathParserInfo{displayWidth=720 displayHeight=1544 physicalDisplayWidth=720 physicalDisplayHeight=1544 density={1.875} cutoutSpec={M 0,0 H -10 V 26.66666666666667 H 10 V 0 H 0 Z @dp} rotation={0} scale={1.0} physicalPixelDisplaySizeRatio={1.0}}} sideOverrides={}}, mRoundedCorners=RoundedCorners{[RoundedCorner{position=TopLeft, radius=8, center=Point(8, 8)}, RoundedCorner{position=TopRight, radius=8, center=Point(712, 8)}, RoundedCorner{position=BottomRight, radius=8, center=Point(712, 1536)}, RoundedCorner{position=BottomLeft, radius=8, center=Point(8, 1536)}]}  mRoundedCornerFrame=Rect(0, 0 - 720, 1544), mPrivacyIndicatorBounds=PrivacyIndicatorBounds {static bounds=Rect(637, 0 - 720, 50) rotation=0}, mDisplayShape=DisplayShape{ spec=-311912193 displayWidth=720 displayHeight=1544 physicalPixelDisplaySizeRatio=0.5 rotation=0 offsetX=0 offsetY=0 scale=1.0}, mSources= { InsetsSource: {ec730001 mType=navigationBars mFrame=[0,1454][720,1544] mVisible=true mFlags= mSideHint=BOTTOM mBoundingRects=null}, InsetsSource: {ec730004 mType=systemGestures mFrame=[0,0][0,0] mVisible=true mFlags= mSideHint=NONE mBoundingRects=null}, InsetsSource: {ec730005 mType=mandatorySystemGestures mFrame=[0,1454][720,1544] mVisible=true mFlags= mSideHint=BOTTOM mBoundingRects=null}, InsetsSource: {ec730006 mType=tappableElement mFrame=[0,1454][720,1544] mVisible=true mFlags= mSideHint=BOTTOM mBoundingRects=null}, InsetsSource: {ec730024 mType=systemGestures mFrame=[0,0][0,0] mVisible=true mFlags= mSideHint=NONE mBoundingRects=null}, InsetsSource: {3 mType=ime mFrame=[0,0][0,0] mVisible=false mFlags= mSideHint=NONE mBoundingRects=null}, InsetsSource: {27 mType=displayCutout mFrame=[0,0][720,50] mVisible=true mFlags= mSideHint=TOP mBoundingRects=null}, InsetsSource: {43950000 mType=statusBars mFrame=[0,0][720,50] mVisible=true mFlags= mSideHint=TOP mBoundingRects=null}, InsetsSource: {43950005 mType=mandatorySystemGestures mFrame=[0,0][720,73] mVisible=true mFlags= mSideHint=TOP mBoundingRects=null}, InsetsSource: {43950006 mType=tappableElement mFrame=[0,0][720,50] mVisible=true mFlags= mSideHint=TOP mBoundingRects=null} }
04-15 09:53:08.404  2000  2120 I VRI[calendar]@90e9a17: onActiveControlsChanged, removed=false, mAdded=true, caller=android.view.ViewRootImpl.handleInsetsControlChanged:3002 android.view.ViewRootImpl.setView:2014 android.view.WindowManagerGlobal.addView:604 com.android.wm.shell.startingsurface.SplashscreenWindowCreator.addWindow:38 com.android.wm.shell.startingsurface.StartingWindowController$$ExternalSyntheticLambda4.run:1365
04-15 09:53:08.404  2000  2120 I VRI[calendar]@90e9a17: synced displayState. AttachInfo displayState=2
04-15 09:53:08.404  2000  2120 I VRI[calendar]@90e9a17: setView = android.widget.FrameLayout@b92ea51 IsHRR=false mFlingFrameRateChange=0 TM=true
04-15 09:53:08.404  1151  1151 I SurfaceFlinger: RequestedLayer [com.catfact.app.test/androidx.test.c[...]tyInvoker$EmptyActivity$_18638#18309] hidden!! flag  from(1) --> to(0)
04-15 09:53:08.404  2000  2196 D HWUI    : HWUI - treat SMPTE_170M as sRGB
04-15 09:53:08.404  1151  1151 I SurfaceFlinger: [8bcf29c Splash Screen com.google.android.calendar#18310] attach to parent LayerHierarchy{RequestedLayerState{ActivityRecord{243114305 u0 com.google.android.calendar/.allinone.AllInOneCalendarActivity t3801}#16293 parentId=16292} 2 children}
04-15 09:53:08.405  1542  2298 I WindowManager: Relayout Window{8bcf29c u0 Splash Screen com.google.android.calendar}: viewVisibility=0 req=720x1544 ty=3 d0
04-15 09:53:08.405  1542  1582 D PkgPredictorService-SecIpmManagerServiceImpl: onForegroundActivitiesChanged pid:3979 uid:10279
04-15 09:53:08.405  1151  2758 I SurfaceFlinger: id=18311 createSurf, flag=44004, Splash Screen com.google.android.calendar$_2000#18311
04-15 09:53:08.405  1542  1582 D NetworkPolicy: already checked 10279
04-15 09:53:08.405  1542  2298 D SurfaceComposerClient: setCornerRadius ## 8bcf29c Splash Screen com.google.android.calendar#18310 cornerRadius=0.000000
04-15 09:53:08.406  1542  2298 D SurfaceComposerClient: setCornerRadius ## 8bcf29c Splash Screen com.google.android.calendar#18310 cornerRadius=0.000000
04-15 09:53:08.407  1542  2298 I WindowManager: Relayout hash=8bcf29c, pid=2000, syncId=-1: mAttrs={(0,0)(fillxfill) sim={adjust=pan} layoutInDisplayCutoutMode=always ty=APPLICATION_STARTING fmt=TRANSLUCENT wanim=0x1030317
04-15 09:53:08.407  1542  2298 I WindowManager:   fl=81030118
04-15 09:53:08.407  1542  2298 I WindowManager:   pfl=10000810
04-15 09:53:08.407  1542  2298 I WindowManager:   bhv=1
04-15 09:53:08.407  1542  2298 I WindowManager:   fitSides=0
04-15 09:53:08.407  1542  2298 I WindowManager:   frameRateBoostOnTouch=true
04-15 09:53:08.407  1542  2298 I WindowManager:   dvrrWindowFrameRateHint=true naviIconColor=0}
04-15 09:53:08.407  2000  2120 I VRI[calendar]@90e9a17: onActiveControlsChanged, removed=false, mAdded=true, caller=android.view.ViewRootImpl.handleInsetsControlChanged:3002 android.view.ViewRootImpl.relayoutWindow:11629 android.view.ViewRootImpl.performTraversals:4804 android.view.ViewRootImpl.doTraversal:3924 android.view.ViewRootImpl$TraversalRunnable.run:12903
04-15 09:53:08.408  2000  2120 I BLASTBufferQueue_Java: new BLASTBufferQueue, mName= VRI[calendar]@90e9a17 mNativeObject= 0xb40000741cf1a260 caller= android.view.ViewRootImpl.updateBlastSurfaceIfNeeded:3585 android.view.ViewRootImpl.relayoutWindow:11685 android.view.ViewRootImpl.performTraversals:4804 android.view.ViewRootImpl.doTraversal:3924 android.view.ViewRootImpl$TraversalRunnable.run:12903 android.view.Choreographer$CallbackRecord.run:1901 android.view.Choreographer$CallbackRecord.run:1910 android.view.Choreographer.doCallbacks:1367 android.view.Choreographer.doFrame:1292 android.view.Choreographer$FrameDisplayEventReceiver.run:1870
04-15 09:53:08.408  1542  1582 D NetworkPolicy: already checked 10279
04-15 09:53:08.408  2000  2120 I BLASTBufferQueue_Java: update, w= 720 h= 1544 mName = VRI[calendar]@90e9a17 mNativeObject= 0xb40000741cf1a260 sc.mNativeObject= 0xb40000751c5a8cd0 format= -3 caller= android.view.ViewRootImpl.updateBlastSurfaceIfNeeded:3590 android.view.ViewRootImpl.relayoutWindow:11685 android.view.ViewRootImpl.performTraversals:4804 android.view.ViewRootImpl.doTraversal:3924 android.view.ViewRootImpl$TraversalRunnable.run:12903 android.view.Choreographer$CallbackRecord.run:1901
04-15 09:53:08.408  2000  2120 I VRI[calendar]@90e9a17: Relayout returned: old=(0,0,720,1544) new=(0,0,720,1544) relayoutAsync=false req=(720,1544)0 dur=3 res=0x3 s={true 0xb40000748ce841b0} ch=true seqId=0
04-15 09:53:08.410  3979  3979 I DecorView: setWindowBackground: isPopOver=false color=ff121318 d=android.graphics.drawable.ColorDrawable@b7d382b
04-15 09:53:08.410  2461  2584 I HoneySpace.TopTaskSource: onTaskFocusChanged(): taskId = 3801
04-15 09:53:08.411  2000  2000 I {OngoingActivityController}: onTaskFocusChanged but OA data is empty
04-15 09:53:08.412  2000  2120 I VRI[calendar]@90e9a17: performConfigurationChange setNightDimText nightDimLevel=0
04-15 09:53:08.412  1542  3015 I NSLocationMonitor: getGPSUsingApps() called
04-15 09:53:08.412  2000  2120 D VRI[calendar]@90e9a17: mThreadedRenderer.initialize() mSurface={isValid=true 0xb40000748ce841b0} hwInitialized=true
04-15 09:53:08.412  2000  2120 D VRI[calendar]@90e9a17: reportNextDraw android.view.ViewRootImpl.performTraversals:5443 android.view.ViewRootImpl.doTraversal:3924 android.view.ViewRootImpl$TraversalRunnable.run:12903 android.view.Choreographer$CallbackRecord.run:1901 android.view.Choreographer$CallbackRecord.run:1910
04-15 09:53:08.412  1151  1151 D SurfaceFlinger: Display 4633128672291735999 HWC layers:
04-15 09:53:08.412  1151  1151 D SurfaceFlinger:        CLIENT |           79766132621313 | 00002102 | RGBA_8888    |  218.0    0.0  720.0 1544.0 |    0    0  720 1544 | com.catfact.app/com.catfact.app.MainActivity$_18572#18294 (3)
04-15 09:53:08.412  1151  1151 D SurfaceFlinger:   SOLID_COLOR |                        0 | 00000000 | N/A          |    0.0    0.0    0.0    0.0 |    0    0  720 1544 | DimTransitionLayer for Surface(name=Task=3863)/@0xf4acfae#18304 (0)
04-15 09:53:08.412  1151  1151 D SurfaceFlinger:        DEVICE |           80049600462849 | 00002102 | RGBA_8888    |    0.0    0.0  697.0 1544.0 |   23    0  720 1544 | com.catfact.app.test/androidx.test.c[...]tyInvoker$EmptyActivity$_18638#18309 (1)
04-15 09:53:08.412  1151  1151 D SurfaceFlinger:        DEVICE |            8589934655673 | 00002100 | RGBA_8888    |    0.0    0.0  697.0 1544.0 |   23    0  720 1544 | Splash Screen com.catfact.app.test$_2000#18302 (1)
04-15 09:53:08.412  1151  1151 D SurfaceFlinger:        DEVICE |            8589934654704 | 00002100 | RGBA_8888    |    0.0    0.0  720.0   50.0 |    0    0  720   50 | StatusBar$_2000#102 (26023)
04-15 09:53:08.412  1151  1151 D SurfaceFlinger:        DEVICE |           10569914518889 | 00002100 | RGBA_8888    |    0.0    0.0   67
04-15 09:53:08.412  1151  1151 D SurfaceFlinger: .0  353.0 |  653  192  720  545 | com.sec.android.app.launcher/com.sam[...]l.app.CocktailBarService$_2461#16495 (1)
04-15 09:53:08.412  1151  1151 D SurfaceFlinger:        DEVICE |            8589934654692 | 00002100 | RGBA_8888    |    0.0    0.0  720.0   90.0 |    0 1454  720 1544 | NavigationBar0$_2000#98 (16826)
04-15 09:53:08.412  1151  1151 D SurfaceFlinger:
04-15 09:53:08.412  2000  2120 D VRI[calendar]@90e9a17: Setup new sync=wmsSync-VRI[calendar]@90e9a17#44
04-15 09:53:08.412  2000  2120 I VRI[calendar]@90e9a17: Creating new active sync group VRI[calendar]@90e9a17#45
04-15 09:53:08.413  2000  2120 D VRI[calendar]@90e9a17: registerCallbacksForSync syncBuffer=false
04-15 09:53:08.413  1151  1151 I SurfaceFlinger: [Splash Screen com.google.android.calendar$_2000#18311] attach to parent LayerHierarchy{RequestedLayerState{8bcf29c Splash Screen com.google.android.calendar#18310 parentId=16293} 1 children}
04-15 09:53:08.413  2000  2194 D VRI[calendar]@90e9a17: Received frameDrawingCallback syncResult=0 frameNum=1.
04-15 09:53:08.413  2000  2194 I VRI[calendar]@90e9a17: mWNT: t=0xb4000074fc7160d0 mBlastBufferQueue=0xb40000741cf1a260 fn= 1 HdrRenderState mRenderHdrSdrRatio=1.0 caller= android.view.ViewRootImpl$12.onFrameDraw:15441 android.view.ThreadedRenderer$1.onFrameDraw:718 <bottom of call stack>
04-15 09:53:08.413  2000  2194 I VRI[calendar]@90e9a17: Setting up sync and frameCommitCallback
04-15 09:53:08.414 18525 18790 I Rubin   : [146] M.c0.k(Unknown Source) : Notify com.samsung.android.rubin.inferenceengine.contextanalytics.engine.loggers.AppUsageLogger's database is updated.
04-15 09:53:08.414  2461  2461 I HoneySpace.EdgePanel.CocktailHostRepositoryImpl: onNoteResume
04-15 09:53:08.415  2461  2461 I HoneySpace.EdgePanel.EdgePanelContainerViewModel: cocktailHostRepository.edgePanelOperation NoteResumeComponent(componentName=ComponentInfo{com.google.android.calendar/com.google.android.calendar.allinone.AllInOneCalendarActivity})
04-15 09:53:08.415  2461  2461 I HoneySpace.EdgePanel.ActivityUtils: HomePackage : com.sec.android.app.launcher, resumePackageName : com.google.android.calendar, className : com.google.android.calendar.allinone.AllInOneCalendarActivity
04-15 09:53:08.415  2000  2196 I BLASTBufferQueue: [VRI[calendar]@90e9a17#824](f:0,a:0,s:0) onFrameAvailable the first frame is available
04-15 09:53:08.415  2000  2196 I VRI[calendar]@90e9a17: Received frameCommittedCallback lastAttemptedDrawFrameNum=1 didProduceBuffer=true
04-15 09:53:08.415  1151  1200 I SurfaceFlinger: [Splash Screen com.google.android.calendar$_2000#18311] setTransactionState with the first frame. bufferData(ID: 8589934655682, frameNumber: 1)
04-15 09:53:08.416  2000  2196 D HWUI    : CFMS:: SetUp Pid : 2000    Tid : 2196
04-15 09:53:08.416  2000  2120 D VRI[calendar]@90e9a17: reportDrawFinished seqId=0
04-15 09:53:08.417  2982  6680 I NSLocationManager_FLP: getGPSUsingApps, No change
04-15 09:53:08.417  1542  1585 D SurfaceComposerClient: setCornerRadius ## 8bcf29c Splash Screen com.google.android.calendar#18310 cornerRadius=0.000000
04-15 09:53:08.418  1542  1585 D SurfaceComposerClient: setCornerRadius ## 8bcf29c Splash Screen com.google.android.calendar#18310 cornerRadius=0.000000
04-15 09:53:08.419  1151  2758 I SurfaceFlinger: id=18312 createSurf, flag=84004, Transition Root: Task=3801#18312
04-15 09:53:08.420  1542  1585 I SurfaceControlRegistry: show, t=StartTransaction_SyncId<1639> sc=ActivityRecord{243114305 u0 com.google.android.calendar/.allinone.AllInOneCalendarActivity t3801}, caller=android.view.SurfaceControl$Transaction.show:3557 com.android.server.wm.Transition.onTransactionReady:2048 com.android.server.wm.BLASTSyncEngine$SyncGroup.finishNow:240 com.android.server.wm.BLASTSyncEngine.onSurfacePlacement:263 com.android.server.wm.RootWindowContainer.performSurfacePlacementNoTrace:1083 com.android.server.wm.WindowSurfacePlacer.performSurfacePlacement:166
04-15 09:53:08.420  1542  1585 D SurfaceComposerClient: setCornerRadius ## Task=3863#18299 cornerRadius=0.000000
04-15 09:53:08.420  1542  1585 D SurfaceComposerClient: setCornerRadius ## Task=3801#16292 cornerRadius=0.000000
04-15 09:53:08.420  1542  3015 W Binder  : Outgoing transactions from this process must be FLAG_ONEWAY
04-15 09:53:08.420  1542  3015 W Binder  : java.lang.Throwable
04-15 09:53:08.420  1542  3015 W Binder  : 	at android.os.BinderProxy.transact(BinderProxy.java:566)
04-15 09:53:08.420  1542  3015 W Binder  : 	at android.bluetooth.IBluetoothGatt$Stub$Proxy.getAdvertisingSetUids(IBluetoothGatt.java:1678)
04-15 09:53:08.420  1542  3015 W Binder  : 	at android.bluetooth.BluetoothAdapter.getAdvertisingSetUids(BluetoothAdapter.java:8476)
04-15 09:53:08.420  1542  3015 W Binder  : 	at android.bluetooth.BluetoothAdapter.getHWUsingApps(BluetoothAdapter.java:1342)
04-15 09:53:08.420  1542  3015 W Binder  : 	at com.android.server.am.mars.filter.filter.BlueToothConnectedFilter.updateBTUsingPackages(qb/106579837 41bd6649a5bb053b68d2b16c1bbb7c9198eb32665b636c0bbec506912035f7b6:22)
04-15 09:53:08.420  1542  3015 W Binder  : 	at com.android.server.am.FreecessController.freeze(qb/106579837 41bd6649a5bb053b68d2b16c1bbb7c9198eb32665b636c0bbec506912035f7b6:117)
04-15 09:53:08.420  1542  3015 W Binder  : 	at com.android.server.am.FreecessHandler$MainHandler.handleLcdOnFreeze(qb/106579837 41bd6649a5bb053b68d2b16c1bbb7c9198eb32665b636c0bbec506912035f7b6:55)
04-15 09:53:08.420  1542  3015 W Binder  : 	at com.android.server.am.FreecessHandler$MainHandler.handleMessage(qb/106579837 41bd6649a5bb053b68d2b16c1bbb7c9198eb32665b636c0bbec506912035f7b6:793)
04-15 09:53:08.420  1542  3015 W Binder  : 	at android.os.Handler.dispatchMessage(Handler.java:110)
04-15 09:53:08.420  1542  3015 W Binder  : 	at android.os.Looper.loopOnce(Looper.java:273)
04-15 09:53:08.420  1542  3015 W Binder  : 	at android.os.Looper.loop(Looper.java:363)
04-15 09:53:08.420  1542  3015 W Binder  : 	at android.os.HandlerThread.run(HandlerThread.java:85)
04-15 09:53:08.421  1151  1151 I SurfaceFlinger: [Transition Root: Task=3801#18312] attach to parent LayerHierarchy{RequestedLayerState{DefaultTaskDisplayArea_d0#10 parentId=9} 17 children}
04-15 09:53:08.421  1542  1585 D ScreenCapture: [Capture_TEST] : setIsScreenShotBySystem false
04-15 09:53:08.421  1542  1585 I SurfaceComposerClient: captureLayers:childrenOnly:1, sync:1
04-15 09:53:08.422  3723  3374 I [AirCmd]_ActivitySwitchDetector: onTaskFocusChanged : taskId=3801, componentName=ComponentInfo{com.google.android.calendar/com.google.android.calendar.allinone.AllInOneCalendarActivity}
04-15 09:53:08.422  3723  3374 I [AirCmd]_ActivitySwitchDetector: onTaskFocusChanged :mTopMostActivity = ComponentInfo{com.catfact.app.test/androidx.test.core.app.InstrumentationActivityInvoker$EmptyActivity}
04-15 09:53:08.422  2000  2105 I SurfaceControlRegistry: hide, t=FinishTransaction_SyncId<1639> sc=Task=3863, caller=android.view.SurfaceControl$Transaction.hide:3583 com.android.wm.shell.transition.Transitions.dispatchReady:1263 com.android.wm.shell.transition.Transitions.onTransitionReady:251 com.android.wm.shell.transition.Transitions$TransitionPlayerImpl$$ExternalSyntheticLambda0.run:13 android.os.Handler.handleCallback:995 android.os.Handler.dispatchMessage:103
04-15 09:53:08.422  2000  2105 I SurfaceControlRegistry: show, t=StartTransaction_SyncId<1639> sc=Task=3801, caller=android.view.SurfaceControl$Transaction.show:3557 com.android.wm.shell.transition.Transitions.dispatchReady:1279 com.android.wm.shell.transition.Transitions.onTransitionReady:251 com.android.wm.shell.transition.Transitions$TransitionPlayerImpl$$ExternalSyntheticLambda0.run:13 android.os.Handler.handleCallback:995 android.os.Handler.dispatchMessage:103
04-15 09:53:08.422  2000  2105 I SurfaceControlRegistry: show, t=FinishTransaction_SyncId<1639> sc=Task=3801, caller=android.view.SurfaceControl$Transaction.show:3557 com.android.wm.shell.transition.Transitions.dispatchReady:1330 com.android.wm.shell.transition.Transitions.onTransitionReady:251 com.android.wm.shell.transition.Transitions$TransitionPlayerImpl$$ExternalSyntheticLambda0.run:13 android.os.Handler.handleCallback:995 android.os.Handler.dispatchMessage:103
04-15 09:53:08.422  3723  3374 I [AirCmd]_CallbackRepeater: stopRepeat : isWorking=false
04-15 09:53:08.422  3723  3374 I [AirCmd]_MediaControlStateMonitor: isForegroundAppSupportsMediaButton : mediaSession is empty
04-15 09:53:08.423  3723  3374 E [AirCmd]_MediaControlStateMonitor: getActiveNotificationPackageName : notification service monitor is null
04-15 09:53:08.423  3723  3374 I [AirCmd]_ButtonEventDetectionThread: enableDoubleClickDetection: enabled= true, doubleClickWaitInterval=300
04-15 09:53:08.424  2000  2105 I SurfaceControlRegistry: apply, t=FinishTransaction_SyncId<1638>, caller=android.view.SurfaceControl$Transaction.apply:3459 android.view.SurfaceControl$Transaction.apply:3447 android.view.SurfaceControl$Transaction.apply:3397 com.android.wm.shell.transition.Transitions.onFinish:315 com.android.wm.shell.transition.Transitions$$ExternalSyntheticLambda7.onTransitionFinished:12 com.android.wm.shell.transition.DefaultTransitionHandler$$ExternalSyntheticLambda2.run:36
04-15 09:53:08.430  1151  1151 I SurfaceFlinger: RequestedLayer [Task=3862#18284] hidden!! flag  from(0) --> to(1)
04-15 09:53:08.430  1151  1151 I SurfaceFlinger: [LayerHierarchy{RequestedLayerState{Task=3862#18284 parentId=10 z=13} 1 children}] reparent to LayerHierarchy{RequestedLayerState{DefaultTaskDisplayArea_d0#10 parentId=9} 18 children}
04-15 09:53:08.431  1151  1151 I SurfaceFlinger: [LayerHierarchy{RequestedLayerState{Task=3863#18299 parentId=10 z=14} 2 children}] reparent to LayerHierarchy{RequestedLayerState{DefaultTaskDisplayArea_d0#10 parentId=9} 19 children}
04-15 09:53:08.431  1151  1151 I SurfaceFlinger: [LayerHierarchy{RequestedLayerState{Transition Root: Task=3863#18303 z=14} 1 children}] reparent to OffscreenRoot
04-15 09:53:08.431  1151  1151 I SurfaceFlinger: [LayerHierarchy{RequestedLayerState{Transition Root: Task=3863#18303 z=14} 1 children}] RelativeParent to null
04-15 09:53:08.431  1151  1151 I SurfaceFlinger: [LayerHierarchy{RequestedLayerState{DimTransitionLayer for Surface(name=Task=3863)/@0xf4acfae#18304 z=-1} no children}] reparent to OffscreenRoot
04-15 09:53:08.431  1151  1151 I SurfaceFlinger: [LayerHierarchy{RequestedLayerState{DimTransitionLayer for Surface(name=Task=3863)/@0xf4acfae#18304 z=-1} no children}] RelativeParent to null
04-15 09:53:08.432  1151  1151 I SurfaceFlinger: id=18304 Removed DimTransitionLayer for Surface(name=Task=3863)/@0xf4acfae#18304 (183)
04-15 09:53:08.433  1151  2479 I SurfaceFlinger: Capture layer list: 	 com.catfact.app.test/androidx.test.core.app.InstrumentationActivityInvoker$EmptyActivity$_18638#18309(seamlessTransition:0)
04-15 09:53:08.433  1151  2479 I SurfaceFlinger: Capture layer list: 	 Splash Screen com.catfact.app.test$_2000#18302(seamlessTransition:0)
04-15 09:53:08.433  1151  2479 I CompositionEngine: [setDisplaySize] size=(720, 1544)
04-15 09:53:08.433  1151  1206 D RenderEngine: [SEC_SF_EFFECTS] drawLayersInternal,1494, Rendering layer ScreenCaptureFillLayer at index 0
04-15 09:53:08.433  1151  1206 D RenderEngine: [SEC_SF_EFFECTS] drawLayersInternal,1494, Rendering layer com.catfact.app.test/androidx.test.core.app.InstrumentationActivityInvoker$EmptyActivity$_18638#18309 at index 1
04-15 09:53:08.433  1151  1206 D RenderEngine: [SEC_SF_EFFECTS] drawLayersInternal,1494, Rendering layer Splash Screen com.catfact.app.test$_2000#18302 at index 2
04-15 09:53:08.437  1151  1151 D SurfaceFlinger: Display 4633128672291735999 HWC layers:
04-15 09:53:08.437  1151  1151 D SurfaceFlinger:        DEVICE |           80049600462849 | 00002102 | RGBA_8888    |    0.0    0.0  720.0 1544.0 |    0    0  720 1544 | com.catfact.app.test/androidx.test.c[...]tyInvoker$EmptyActivity$_18638#18309 (1)
04-15 09:53:08.437  1151  1151 D SurfaceFlinger:        DEVICE |            8589934655673 | 00002100 | RGBA_8888    |    0.0    0.0  720.0 1544.0 |    0    0  720 1544 | Splash Screen com.catfact.app.test$_2000#18302 (1)
04-15 09:53:08.437  1151  1151 D SurfaceFlinger:        DEVICE |            8589934654704 | 00002100 | RGBA_8888    |    0.0    0.0  720.0   50.0 |    0    0  720   50 | StatusBar$_2000#102 (26023)
04-15 09:53:08.437  1151  1151 D SurfaceFlinger:        DEVICE |           10569914518889 | 00002100 | RGBA_8888    |    0.0    0.0   67.0  353.0 |  653  192  720  545 | com.sec.android.app.launcher/com.sam[...]l.app.CocktailBarService$_2461#16495 (1)
04-15 09:53:08.437  1151  1151 D SurfaceFlinger:        DEVICE |            8589934654692 | 00002100 | RGBA_8888    |    0.0    0.0  720.0   90.0 |    0 1454  720 1544 | NavigationBar0$_2000#98 (16826)
04-15 09:53:08.437  1151  1151 D SurfaceFlinger:
04-15 09:53:08.437  1151  1151 I SurfaceFlinger: destroyed DimTransitionLayer for Surface(name=Task=3863)/@0xf4acfae#18304
04-15 09:53:08.437  1542  1598 W libprocessgroup: SetCgroup::ExecuteForProcess: failed to open /dev/cpuctl/foreground-boost/cgroup.procs: No such file or directory
04-15 09:53:08.438  1542  1598 W libprocessgroup: SetCgroup::ExecuteForProcess: failed to open /dev/cpuctl/foreground-boost/cgroup.procs: No such file or directory
04-15 09:53:08.438  1542  3015 I NSLocationMonitor: getGPSUsingApps() called
04-15 09:53:08.438  1151  1151 I Layer   : id=18304 Destroyed DimTransitionLayer for Surface(name=Task=3863)/@0xf4acfae#18304
04-15 09:53:08.438  2000  2105 I SurfaceControlRegistry: show, t=StartTransaction_SyncId<1639> sc=Transition Root: Task=3801, caller=android.view.SurfaceControl$Transaction.show:3557 com.android.wm.shell.transition.Transitions.playTransition:79 com.android.wm.shell.transition.Transitions.processReadyQueue:239 com.android.wm.shell.transition.Transitions.onFinish:528 com.android.wm.shell.transition.Transitions$$ExternalSyntheticLambda7.onTransitionFinished:12 com.android.wm.shell.transition.DefaultTransitionHandler$$ExternalSyntheticLambda2.run:36
04-15 09:53:08.438  2982  6680 I NSLocationManager_FLP: getGPSUsingApps, No change
04-15 09:53:08.439  1151  2758 I SurfaceFlinger: id=18313 createSurf, flag=20004, DimTransitionLayer for Surface(name=Task=3863)/@0xc179289#18313
04-15 09:53:08.439 18572 18572 I VRI[MainActivity]@8218a5: handleAppVisibility mAppVisible = true visible = false
04-15 09:53:08.440 18572 18572 D VRI[MainActivity]@8218a5: visibilityChanged oldVisibility=true newVisibility=false
