04-15 09:53:15.645  1151  1151 I SurfaceFlinger: [LayerHierarchy{RequestedLayerState{Task=3801#16292 parentId=10 z=14} 1 children}] reparent to LayerHierarchy{RequestedLayerState{DefaultTaskDisplayArea_d0#10 parentId=9} 17 children}
04-15 09:53:15.645  1151  1151 I SurfaceFlinger: [LayerHierarchy{RequestedLayerState{Surface(name=1d7a05f InputMethod)/@0x5f77a9d - animation-leash of insets_animation#18466} no children}] reparent to OffscreenRoot
04-15 09:53:15.645  1151  1151 I SurfaceFlinger: [LayerHierarchy{RequestedLayerState{Surface(name=1d7a05f InputMethod)/@0x5f77a9d - animation-leash of insets_animation#18466} no children}] RelativeParent to null
04-15 09:53:15.645  1151  1151 I SurfaceFlinger: [LayerHierarchy{RequestedLayerState{Task=3871#18467 parentId=10 z=13} 2 children}] reparent to LayerHierarchy{RequestedLayerState{DefaultTaskDisplayArea_d0#10 parentId=9} 18 children}
04-15 09:53:15.645  1151  1151 I SurfaceFlinger: [LayerHierarchy{RequestedLayerState{DimTransitionLayer for Surface(name=Task=3871)/@0x99c4ee8#18485 z=-1} no children}] reparent to OffscreenRoot
04-15 09:53:15.645  1151  1151 I SurfaceFlinger: [LayerHierarchy{RequestedLayerState{DimTransitionLayer for Surface(name=Task=3871)/@0x99c4ee8#18485 z=-1} no children}] RelativeParent to null
04-15 09:53:15.645  1151  1151 I SurfaceFlinger: [LayerHierarchy{RequestedLayerState{Transition Root: Task=3801#18484 z=14} no children}] reparent to OffscreenRoot
04-15 09:53:15.645  1151  1151 I SurfaceFlinger: [LayerHierarchy{RequestedLayerState{Transition Root: Task=3801#18484 z=14} no children}] RelativeParent to null
04-15 09:53:15.646  1151  1151 I SurfaceFlinger: id=18485 Removed DimTransitionLayer for Surface(name=Task=3871)/@0x99c4ee8#18485 (206)
04-15 09:53:15.647  1151  1378 I SurfaceFlinger: id=18466 Removed Surface(name=1d7a05f InputMethod)/@0x5f77a9d - animation-leash of insets_animation#18466 (206)
04-15 09:53:15.647  1151  1378 I SurfaceFlinger: id=18469 Removed 943f9a2 Splash Screen com.catfact.app.test#18469 (206)
04-15 09:53:15.648 18638 18638 I VRI[InstrumentationActivityInvoker$EmptyActivity]@da6e11a: handleAppVisibility mAppVisible = true visible = false
04-15 09:53:15.648 18638 18638 D VRI[InstrumentationActivityInvoker$EmptyActivity]@da6e11a: visibilityChanged oldVisibility=true newVisibility=false
04-15 09:53:15.649  3756  3756 I InputMethodService: scheduleImeSurfaceRemoval: removeImeSurface is posted.
04-15 09:53:15.649  1542  1585 D SurfaceComposerClient: setCornerRadius ## 4eaba0c Splash Screen com.google.android.calendar#18482 cornerRadius=0.000000
04-15 09:53:15.649  1542  1585 D SurfaceComposerClient: setCornerRadius ## b6a7246 com.google.android.calendar/com.google.android.calendar.allinone.AllInOneCalendarActivity#18489 cornerRadius=0.000000
04-15 09:53:15.652  1542  1582 D PkgPredictorService-SecIpmManagerServiceImpl: bg information pid:18638 uid:10747 pkgName:com.catfact.app.test
04-15 09:53:15.653  1151  1151 I SurfaceFlinger: destroyed Surface(name=1d7a05f InputMethod)/@0x5f77a9d - animation-leash of insets_animation#18466
04-15 09:53:15.653  1151  1151 I SurfaceFlinger: destroyed 943f9a2 Splash Screen com.catfact.app.test#18469
04-15 09:53:15.653  1151  1151 I SurfaceFlinger: destroyed DimTransitionLayer for Surface(name=Task=3871)/@0x99c4ee8#18485
04-15 09:53:15.653  1151  1151 I SurfaceFlinger: [LayerHierarchy{RequestedLayerState{Transition Root: Task=3801#18484 z=14} no children}] reparent to OffscreenRoot
04-15 09:53:15.653  1151  1151 I SurfaceFlinger: [LayerHierarchy{RequestedLayerState{Transition Root: Task=3801#18484 z=14} no children}] RelativeParent to null
04-15 09:53:15.654  1151  1151 I Layer   : id=18466 Destroyed Surface(name=1d7a05f InputMethod)/@0x5f77a9d - animation-leash of insets_animation#18466
04-15 09:53:15.654  1151  1151 I Layer   : id=18469 Destroyed 943f9a2 Splash Screen com.catfact.app.test#18469
04-15 09:53:15.654  1151  1151 I Layer   : id=18485 Destroyed DimTransitionLayer for Surface(name=Task=3871)/@0x99c4ee8#18485
04-15 09:53:15.654  1151  1151 I SurfaceFlinger: id=18484 Removed Transition Root: Task=3801#18484 (203)
04-15 09:53:15.656 18638 18653 D HWUI    : CacheManager::trimMemory(20)
04-15 09:53:15.657  2000  2000 D SystemUIService: SYSUI_RAM_OPTIMIZATION onTrimMemory=20
04-15 09:53:15.657  2000  2000 D CentralSurfaces: SYSUI_RAM_OPTIMIZATION onTrimMemory=20
04-15 09:53:15.658  1542  2462 I WindowManager: Relayout Window{bf94626 u0 com.catfact.app.test/androidx.test.core.app.InstrumentationActivityInvoker$EmptyActivity}: viewVisibility=8 req=720x1544 ty=1 d0
04-15 09:53:15.659  1542  2462 D SurfaceComposerClient: setCornerRadius ## 4eaba0c Splash Screen com.google.android.calendar#18482 cornerRadius=0.000000
04-15 09:53:15.659  1542  2462 D SurfaceComposerClient: setCornerRadius ## b6a7246 com.google.android.calendar/com.google.android.calendar.allinone.AllInOneCalendarActivity#18489 cornerRadius=0.000000
04-15 09:53:15.659 11141 18888 E Finsky  : [373] Got null initiating package name for com.android.stk2
04-15 09:53:15.659  1542  2462 D SurfaceComposerClient: setCornerRadius ## 4eaba0c Splash Screen com.google.android.calendar#18482 cornerRadius=0.000000
04-15 09:53:15.659  1542  2462 D SurfaceComposerClient: setCornerRadius ## b6a7246 com.google.android.calendar/com.google.android.calendar.allinone.AllInOneCalendarActivity#18489 cornerRadius=0.000000
04-15 09:53:15.660  1542  2462 I WindowManager: Relayout hash=bf94626, pid=18638, syncId=-1: mAttrs={(0,0)(fillxfill) sim={adjust=pan forwardNavigation} layoutInDisplayCutoutMode=always ty=BASE_APPLICATION
04-15 09:53:15.660  1542  2462 I WindowManager:   fl=81810100
04-15 09:53:15.660  1542  2462 I WindowManager:   pfl=100088c0
04-15 09:53:15.660  1542  2462 I WindowManager:   bhv=1
04-15 09:53:15.660  1542  2462 I WindowManager:   fitSides=0
04-15 09:53:15.660  1542  2462 I WindowManager:   frameRateBoostOnTouch=true
04-15 09:53:15.660  1542  2462 I WindowManager:   dvrrWindowFrameRateHint=true naviIconColor=0}
04-15 09:53:15.660 11141 18888 E Finsky  : [373] Got null initiating package name for com.samsung.android.mobileservice
04-15 09:53:15.661  2000  2196 D HWUI    : CacheManager::trimMemory(20)
04-15 09:53:15.662  1151  1151 I SurfaceFlinger: RequestedLayer [com.catfact.app.test/androidx.test.c[...]tyInvoker$EmptyActivity$_18638#18475] hidden!! flag  from(0) --> to(1)
04-15 09:53:15.663  1151  1151 I SurfaceFlinger: RequestedLayer [ActivityRecord{20923897 u0 com.catfa[...]tyInvoker$EmptyActivity t3871}#18468] hidden!! flag  from(0) --> to(1)
04-15 09:53:15.663  1151  1151 I SurfaceFlinger: destroyed Transition Root: Task=3801#18484
04-15 09:53:15.664 11141 18888 E Finsky  : [373] Got null initiating package name for com.google.android.overlay.modules.captiveportallogin.forframework
04-15 09:53:15.665  1151  1151 I Layer   : id=18484 Destroyed Transition Root: Task=3801#18484
04-15 09:53:15.667 11141 18888 E Finsky  : [373] Got null initiating package name for com.sec.bcservice
04-15 09:53:15.670 11141 18888 E Finsky  : [373] Got null initiating package name for com.google.android.safetycenter.resources
04-15 09:53:15.671  1542  2462 I WindowManager: Relayout Window{4eaba0c u0 Splash Screen com.google.android.calendar}: viewVisibility=8 req=720x1544 ty=3 d0
04-15 09:53:15.671  1542  2462 D SurfaceComposerClient: setCornerRadius ## b6a7246 com.google.android.calendar/com.google.android.calendar.allinone.AllInOneCalendarActivity#18489 cornerRadius=0.000000
04-15 09:53:15.671  1542  2462 D SurfaceComposerClient: setCornerRadius ## 4eaba0c Splash Screen com.google.android.calendar#18482 cornerRadius=0.000000
04-15 09:53:15.671  1542  2462 D SurfaceComposerClient: setCornerRadius ## b6a7246 com.google.android.calendar/com.google.android.calendar.allinone.AllInOneCalendarActivity#18489 cornerRadius=0.000000
04-15 09:53:15.671 11141 18888 E Finsky  : [373] Got null initiating package name for com.android.cts.ctsshim
04-15 09:53:15.672  1542  2462 I WindowManager: Relayout hash=4eaba0c, pid=2000, syncId=-1: mAttrs={(0,0)(fillxfill) sim={adjust=pan} layoutInDisplayCutoutMode=always ty=APPLICATION_STARTING fmt=TRANSLUCENT wanim=0x1030317
04-15 09:53:15.672  1542  2462 I WindowManager:   fl=81030118
04-15 09:53:15.672  1542  2462 I WindowManager:   pfl=10000810
04-15 09:53:15.672  1542  2462 I WindowManager:   bhv=1
04-15 09:53:15.672  1542  2462 I WindowManager:   fitSides=0
04-15 09:53:15.672  1542  2462 I WindowManager:   frameRateBoostOnTouch=true
04-15 09:53:15.672  1542  2462 I WindowManager:   dvrrWindowFrameRateHint=true naviIconColor=0}
04-15 09:53:15.672 11141 18888 E Finsky  : [373] Got null initiating package name for com.android.mtp
04-15 09:53:15.674 11141 18888 E Finsky  : [373] Got null initiating package name for com.android.wifi
04-15 09:53:15.674 11141 18888 E Finsky  : [373] Got null initiating package name for com.knox.vpn.proxyhandler
04-15 09:53:15.674  2000  2120 I VRI[calendar]@95519a3: onActiveControlsChanged, removed=false, mAdded=true, caller=android.view.ViewRootImpl.handleInsetsControlChanged:3002 android.view.ViewRootImpl.relayoutWindow:11629 android.view.ViewRootImpl.performTraversals:4804 android.view.ViewRootImpl.doTraversal:3924 android.view.ViewRootImpl$TraversalRunnable.run:12903
04-15 09:53:15.675 11141 18888 E Finsky  : [373] Got null initiating package name for com.monotype.android.font.samsungone
04-15 09:53:15.677  2000  2120 I VRI[calendar]@95519a3: Relayout returned: old=(0,0,720,1544) new=(0,0,720,1544) relayoutAsync=false req=(720,1544)8 dur=4 res=0x2 s={false 0x0} ch=true seqId=0
04-15 09:53:15.677  2000  2120 D VRI[calendar]@95519a3: Not drawing due to not visible. Reason=View.GONE
04-15 09:53:15.677 18638 18638 I VRI[InstrumentationActivityInvoker$EmptyActivity]@da6e11a: Relayout returned: old=(0,0,720,1544) new=(0,0,720,1544) relayoutAsync=false req=(720,1544)8 dur=17 res=0x2 s={false 0x0} ch=true seqId=0
04-15 09:53:15.677  2000  2120 I VRI[calendar]@95519a3: dispatchDetachedFromWindow
04-15 09:53:15.677 11141 18888 E Finsky  : [373] Got null initiating package name for com.samsung.android.camera.unihal
04-15 09:53:15.678  1542  2462 D InputTransport: Input channel destroyed: '4eaba0c', fd=1146
04-15 09:53:15.678  1542  2462 D SurfaceComposerClient: setCornerRadius ## b6a7246 com.google.android.calendar/com.google.android.calendar.allinone.AllInOneCalendarActivity#18489 cornerRadius=0.000000
04-15 09:53:15.678  1059  1180 I HYPER-HAL: [RequestManager.cpp]releaseLocked(): Released ID : 1219160
04-15 09:53:15.678  1542  2462 D SurfaceComposerClient: setCornerRadius ## b6a7246 com.google.android.calendar/com.google.android.calendar.allinone.AllInOneCalendarActivity#18489 cornerRadius=0.000000
04-15 09:53:15.679  1542  1585 D SurfaceComposerClient: setCornerRadius ## b6a7246 com.google.android.calendar/com.google.android.calendar.allinone.AllInOneCalendarActivity#18489 cornerRadius=0.000000
04-15 09:53:15.679  2000  2120 D InputTransport: Input channel destroyed: '4eaba0c', fd=719
04-15 09:53:15.680 11141 18888 E Finsky  : [373] Got null initiating package name for com.samsung.android.providers.trash
04-15 09:53:15.681  1542  1585 D SurfaceComposerClient: setCornerRadius ## b6a7246 com.google.android.calendar/com.google.android.calendar.allinone.AllInOneCalendarActivity#18489 cornerRadius=0.000000
04-15 09:53:15.681 11141 18888 E Finsky  : [373] Got null initiating package name for com.samsung.internal.systemui.navbar.gestural_no_hint
04-15 09:53:15.682 11141 18888 E Finsky  : [373] Got null initiating package name for com.samsung.android.svcagent
04-15 09:53:15.682 11141 18888 E Finsky  : [373] Got null initiating package name for com.samsung.android.app.taskedge
04-15 09:53:15.683 11141 18888 E Finsky  : [373] Got null initiating package name for com.android.companiondevicemanager
04-15 09:53:15.683 18638 18638 D VRI[InstrumentationActivityInvoker$EmptyActivity]@da6e11a: Not drawing due to not visible. Reason=!mAppVisible && !mForceDecorViewVisibility
04-15 09:53:15.684 18638 18653 D HWUI    : CacheManager::trimMemory(40)
04-15 09:53:15.684 11141 18888 E Finsky  : [373] Got null initiating package name for com.android.uwb.resources
04-15 09:53:15.685 18638 18638 I VRI[InstrumentationActivityInvoker$EmptyActivity]@da6e11a: stopped(true) old = false
04-15 09:53:15.685 18638 18638 D VRI[InstrumentationActivityInvoker$EmptyActivity]@da6e11a: WindowStopped on com.catfact.app.test/androidx.test.core.app.InstrumentationActivityInvoker$EmptyActivity set to true
04-15 09:53:15.685 11141 18888 E Finsky  : [373] Got null initiating package name for com.wssyncmldm
04-15 09:53:15.686 18572 18572 W WindowOnBackDispatcher: sendCancelIfRunning: isInProgress=false callback=android.app.Activity$$ExternalSyntheticLambda0@a9c5ffc
04-15 09:53:15.687 18572 18572 D LifecycleMonitor: Lifecycle status change: com.catfact.app.MainActivity@20e3e15 in: DESTROYED
04-15 09:53:15.687 18572 18572 V ActivityScenario: Update currentActivityStage to DESTROYED, currentActivity=null
04-15 09:53:15.687  1151  1151 I SurfaceFlinger: [Display 0 name="Built-in Screen"#49] setFrameRateCategory: Default
04-15 09:53:15.687  1151  1151 I SurfaceFlinger: [LayerHierarchy{RequestedLayerState{ImeContainer#15 parentId=16293 relativeParentId=18489 z=1} 1 children}] RelativeParent to LayerHierarchy{RequestedLayerState{b6a7246 com.google.android.calendar/com.google.android.calendar.allinone.AllInOneCalendarActivity#18489 parentId=16293} 2 children}
04-15 09:53:15.687  1151  1151 I SurfaceFlinger: [LayerHierarchy{RequestedLayerState{Splash Screen com.google.android.calendar$_2000#18483} no children}] reparent to OffscreenRoot
04-15 09:53:15.687  1151  1151 I SurfaceFlinger: [LayerHierarchy{RequestedLayerState{Splash Screen com.google.android.calendar$_2000#18483} no children}] RelativeParent to null
04-15 09:53:15.687  1151  1151 I SurfaceFlinger: [LayerHierarchy{RequestedLayerState{4eaba0c Splash Screen com.google.android.calendar#18482 z=2147483647} no children}] reparent to OffscreenRoot
04-15 09:53:15.687  1151  1151 I SurfaceFlinger: [LayerHierarchy{RequestedLayerState{4eaba0c Splash Screen com.google.android.calendar#18482 z=2147483647} no children}] RelativeParent to null
04-15 09:53:15.687  1151  1151 I SurfaceFlinger: [LayerHierarchy{RequestedLayerState{Surface(name=b6a7246 com.google.android.calendar/com.google.android.calendar.allinone.AllInOneCalendarActivity)/@0x72f27b2 - animation-leash of starting_reveal#18493} 1 children}] reparent to OffscreenRoot
04-15 09:53:15.687  1151  1151 I SurfaceFlinger: [LayerHierarchy{RequestedLayerState{Surface(name=b6a7246 com.google.android.calendar/com.google.android.calendar.allinone.AllInOneCalendarActivity)/@0x72f27b2 - animation-leash of starting_reveal#18493} 1 children}] RelativeParent to null
04-15 09:53:15.687  1151  1151 I SurfaceFlinger: [LayerHierarchy{RequestedLayerState{b6a7246 com.google.android.calendar/com.google.android.calendar.allinone.AllInOneCalendarActivity#18489 parentId=16293} 2 children}] reparent to LayerHierarchy{RequestedLayerState{ActivityRecord{243114305 u0 com.google.android.calendar/.allinone.AllInOneCalendarActivity t3801}#16293 parentId=16292} 3 children}
04-15 09:53:15.689 18572 18596 D HWUI    : CacheManager::trimMemory(20)
04-15 09:53:15.689  1151  1151 I SurfaceFlinger: id=18483 Removed Splash Screen com.google.android.calendar$_2000#18483 (202)
04-15 09:53:15.689  1151  1151 I SurfaceFlinger: id=18482 Removed 4eaba0c Splash Screen com.google.android.calendar#18482 (202)
04-15 09:53:15.690 18572 18572 D ViewRootImpl: Skipping stats log for color mode
04-15 09:53:15.690 18572 18572 I VRI[MainActivity]@5dba6d0: dispatchDetachedFromWindow
04-15 09:53:15.690 11141 18888 E Finsky  : [373] Got null initiating package name for com.google.android.overlay.modules.healthfitness.forframework
04-15 09:53:15.692  2461 30001 I HoneySpace.Memory-Monitor: current state = 2, didTrim = false
04-15 09:53:15.692  1542  2462 D InputTransport: Input channel destroyed: 'd52031b', fd=1263
04-15 09:53:15.692  2000  2125 D StackScroller: onDisplayChanged for predraw skip to 2
04-15 09:53:15.692 11141 18888 E Finsky  : [373] Got null initiating package name for com.samsung.sec.android.teegris.tui_service
04-15 09:53:15.693  1542  2462 D SurfaceComposerClient: setCornerRadius ## b6a7246 com.google.android.calendar/com.google.android.calendar.allinone.AllInOneCalendarActivity#18489 cornerRadius=0.000000
04-15 09:53:15.693  2000  2000 D DisplayLifecycle: updateDisplay id = 0
04-15 09:53:15.693  1151  1151 D SurfaceFlinger: Display 4633128672291735999 HWC layers:
04-15 09:53:15.693  1151  1151 D SurfaceFlinger:        DEVICE |           17089674871016 | 00002102 | RGBA_8888    |    0.0    0.0  720.0 1544.0 |    0    0  720 1544 | com.google.android.calendar/com.goog[...]AllInOneCalendarActivity$_3979#18490 (8)
04-15 09:53:15.693  1151  1151 D SurfaceFlinger:        DEVICE |            8589934654687 | 00002100 | RGBA_8888    |    0.0    0.0  720.0   50.0 |    0    0  720   50 | StatusBar$_2000#102 (26146)
04-15 09:53:15.693  1151  1151 D SurfaceFlinger:        DEVICE |           10569914518889 | 00002100 | RGBA_8888    |    0.0    0.0   67.0  353.0 |  653  192  720  545 | com.sec.android.app.launcher/com.sam[...]l.app.CocktailBarService$_2461#16495 (1)
04-15 09:53:15.693  1151  1151 D SurfaceFlinger:        DEVICE |            8589934654693 | 00002100 | RGBA_8888    |    0.0    0.0  720.0   90.0 |    0 1454  720 1544 | NavigationBar0$_2000#98 (16947)
04-15 09:53:15.693  1151  1151 D SurfaceFlinger:
04-15 09:53:15.693  1542  2462 D SurfaceComposerClient: setCornerRadius ## b6a7246 com.google.android.calendar/com.google.android.calendar.allinone.AllInOneCalendarActivity#18489 cornerRadius=0.000000
04-15 09:53:15.694  1542  1585 D SurfaceComposerClient: setCornerRadius ## b6a7246 com.google.android.calendar/com.google.android.calendar.allinone.AllInOneCalendarActivity#18489 cornerRadius=0.000000
04-15 09:53:15.694 11141 18888 E Finsky  : [373] Got null initiating package name for com.samsung.android.dqagent
04-15 09:53:15.694 18638 18638 W WindowOnBackDispatcher: sendCancelIfRunning: isInProgress=false callback=android.app.Activity$$ExternalSyntheticLambda0@ac1f4e6
04-15 09:53:15.695 11141 18888 E Finsky  : [373] Got null initiating package name for com.samsung.android.app.updatecenter
04-15 09:53:15.695 11141 18888 E Finsky  : [373] Got null initiating package name for com.android.providers.userdictionary
04-15 09:53:15.695 11141 18888 E Finsky  : [373] Got null initiating package name for com.samsung.android.singletake.service
04-15 09:53:15.695  1151  1151 I SurfaceFlinger: destroyed Splash Screen com.google.android.calendar$_2000#18483
04-15 09:53:15.695  1151  1151 I SurfaceFlinger: destroyed 4eaba0c Splash Screen com.google.android.calendar#18482
04-15 09:53:15.696 18572 18572 D InputTransport: Input channel destroyed: 'd52031b', fd=134
04-15 09:53:15.697 18638 18638 D ViewRootImpl: Skipping stats log for color mode
04-15 09:53:15.697 18638 18638 I VRI[InstrumentationActivityInvoker$EmptyActivity]@da6e11a: dispatchDetachedFromWindow
04-15 09:53:15.697  1151  1151 I Layer   : id=18483 Destroyed Splash Screen com.google.android.calendar$_2000#18483
04-15 09:53:15.698  1151  1151 I Layer   : id=18482 Destroyed 4eaba0c Splash Screen com.google.android.calendar#18482
04-15 09:53:15.699  1151  1200 I SurfaceFlinger: id=18457 Removed deaaf28 ActivityRecordInputSink com.catfact.app/.MainActivity#18457 (200)
04-15 09:53:15.699 11141 18888 E Finsky  : [373] Got null initiating package name for com.google.android.federatedcompute
04-15 09:53:15.700  1151  1200 I SurfaceFlinger: id=18495 createSurf, flag=24004, Task=3870#18495
04-15 09:53:15.700 18572 18572 D BBA2    : setIsFg isFg = false; delayValue 3999ms
04-15 09:53:15.700 18572 18572 D InputTransport: Input channel destroyed: 'ClientS', fd=145
04-15 09:53:15.700 11141 18888 E Finsky  : [373] Got null initiating package name for com.sec.android.app.hwmoduletest
04-15 09:53:15.702  1542  2473 D InputTransport: Input channel destroyed: 'bf94626', fd=1041
04-15 09:53:15.702  1542  2473 D SurfaceComposerClient: setCornerRadius ## b6a7246 com.google.android.calendar/com.google.android.calendar.allinone.AllInOneCalendarActivity#18489 cornerRadius=0.000000
04-15 09:53:15.703  1542  2473 D SurfaceComposerClient: setCornerRadius ## b6a7246 com.google.android.calendar/com.google.android.calendar.allinone.AllInOneCalendarActivity#18489 cornerRadius=0.000000
04-15 09:53:15.703 18638 18638 D InputTransport: Input channel destroyed: 'bf94626', fd=117
04-15 09:53:15.704  1151  1151 I SurfaceFlinger: [LayerHierarchy{RequestedLayerState{d52031b com.catfact.app/com.catfact.app.MainActivity#18454} 1 children}] reparent to OffscreenRoot
04-15 09:53:15.704  2461  2461 I HoneySpace.TaskStackChangeRepositoryImpl: onTaskRemoved : 3870
04-15 09:53:15.704  1151  1151 I SurfaceFlinger: [LayerHierarchy{RequestedLayerState{d52031b com.catfact.app/com.catfact.app.MainActivity#18454} 1 children}] RelativeParent to null
04-15 09:53:15.704  1151  1151 I SurfaceFlinger: [LayerHierarchy{RequestedLayerState{com.catfact.app/com.catfact.app.MainActivity$_18572#18460} no children}] reparent to OffscreenRoot
04-15 09:53:15.704  1151  1151 I SurfaceFlinger: [LayerHierarchy{RequestedLayerState{com.catfact.app/com.catfact.app.MainActivity$_18572#18460} no children}] RelativeParent to null
04-15 09:53:15.704  1151  1151 I SurfaceFlinger: [Task=3870#18495] attach to parent Root
04-15 09:53:15.704  2461  2461 I HoneySpace.TaskStackChangeRepositoryImpl: onTaskRemoved : 3870
04-15 09:53:15.705 11141 18888 E Finsky  : [373] Got null initiating package name for com.samsung.android.honeyboard
04-15 09:53:15.704  2461  2584 I HoneySpace.TopTaskSource: onTaskRemoved: 3870
04-15 09:53:15.706  2461  2461 I HoneySpace.TaskListViewModel[173795743]: taskRemoveId, 3870
04-15 09:53:15.706  2461  2461 W HoneySpace.TaskListViewModel[173795743]: task is already removed: 3870
04-15 09:53:15.706  1151  1151 I SurfaceFlinger: id=18454 Removed d52031b com.catfact.app/com.catfact.app.MainActivity#18454 (201)
04-15 09:53:15.706  2461  2461 I HoneySpace.TaskListViewModel[173795743]: taskRemoveId, 3870
04-15 09:53:15.706  2461  2461 W HoneySpace.TaskListViewModel[173795743]: task is already removed: 3870
04-15 09:53:15.706  1151  1151 I SurfaceFlinger: id=18460 Removed com.catfact.app/com.catfact.app.MainActivity$_18572#18460 (201)
04-15 09:53:15.707  2461  2584 I HoneySpace.TopTaskSource: onTaskRemoved: 3870
04-15 09:53:15.709 18572 18587 D IdlingRegistry: Unregistering idling resources: [androidx.compose.ui.test.EspressoLink@f6b321]
04-15 09:53:15.710  1151  2479 I SurfaceFlinger: id=18473 Removed f99d643 ActivityRecordInputSink com.catfact.app.test/androidx.test.core.app.InstrumentationActivityInvoker$EmptyActivity#18473 (201)
04-15 09:53:15.711  1151  1199 I SurfaceFlinger: id=18496 createSurf, flag=24004, Task=3871#18496
04-15 09:53:15.712  1151  1151 I SurfaceFlinger: destroyed d52031b com.catfact.app/com.catfact.app.MainActivity#18454
04-15 09:53:15.712  1151  1151 I SurfaceFlinger: destroyed com.catfact.app/com.catfact.app.MainActivity$_18572#18460
04-15 09:53:15.712  1151  1151 I SurfaceFlinger: [LayerHierarchy{RequestedLayerState{ActivityRecord{231472614 u0 com.catfact.app/.MainActivity t3870}#18452} 1 children}] reparent to OffscreenRoot
04-15 09:53:15.712  1151  1151 I SurfaceFlinger: [LayerHierarchy{RequestedLayerState{ActivityRecord{231472614 u0 com.catfact.app/.MainActivity t3870}#18452} 1 children}] RelativeParent to null
04-15 09:53:15.712  1151  1151 I SurfaceFlinger: [Task=3871#18496] attach to parent Root
04-15 09:53:15.712  1151  1151 I SurfaceFlinger: [LayerHierarchy{RequestedLayerState{Task=3870#18495 z=12} no children}] reparent to OffscreenRoot
04-15 09:53:15.712  1151  1151 I SurfaceFlinger: [LayerHierarchy{RequestedLayerState{Task=3870#18495 z=12} no children}] RelativeParent to null
04-15 09:53:15.713  1151  1151 I SurfaceFlinger: [LayerHierarchy{RequestedLayerState{Task=3870#18451 z=12} no children}] reparent to OffscreenRoot
04-15 09:53:15.713  1151  1151 I SurfaceFlinger: [LayerHierarchy{RequestedLayerState{Task=3870#18451 z=12} no children}] RelativeParent to null
04-15 09:53:15.713  1151  1151 I SurfaceFlinger: [LayerHierarchy{RequestedLayerState{bf94626 com.catfact.app.test/androidx.test.core.app.InstrumentationActivityInvoker$EmptyActivity#18474} 1 children}] reparent to OffscreenRoot
04-15 09:53:15.713  1151  1151 I SurfaceFlinger: [LayerHierarchy{RequestedLayerState{bf94626 com.catfact.app.test/androidx.test.core.app.InstrumentationActivityInvoker$EmptyActivity#18474} 1 children}] RelativeParent to null
04-15 09:53:15.713  1151  1151 I SurfaceFlinger: [LayerHierarchy{RequestedLayerState{com.catfact.app.test/androidx.test.core.app.InstrumentationActivityInvoker$EmptyActivity$_18638#18475} no children}] reparent to OffscreenRoot
04-15 09:53:15.713  1151  1151 I SurfaceFlinger: [LayerHierarchy{RequestedLayerState{com.catfact.app.test/androidx.test.core.app.InstrumentationActivityInvoker$EmptyActivity$_18638#18475} no children}] RelativeParent to null
04-15 09:53:15.715  1151  1151 I Layer   : id=18454 Destroyed d52031b com.catfact.app/com.catfact.app.MainActivity#18454
04-15 09:53:15.715 11141 18888 E Finsky  : [373] Got null initiating package name for com.sec.mhs.smarttethering
04-15 09:53:15.715  1151  1151 I Layer   : id=18460 Destroyed com.catfact.app/com.catfact.app.MainActivity$_18572#18460
04-15 09:53:15.716 18572 18587 I TestRunner: finished: navigateBackToFacts_showsFactsScreen(com.catfact.app.navigation.AppNavigationFlowTest)
