04-15 09:53:07.588  3979  3979 D VRI[AllInOneCalendarActivity]@f72de33: visibilityChanged oldVisibility=true newVisibility=false
04-15 09:53:07.590  1542  1585 D SurfaceComposerClient: setCornerRadius ## c47f151 Splash Screen com.catfact.app#18286 cornerRadius=0.000000
04-15 09:53:07.591  1542  1585 D SurfaceComposerClient: setCornerRadius ## ebc2d87 com.catfact.app/com.catfact.app.MainActivity#18293 cornerRadius=0.000000
04-15 09:53:07.594  1151  1151 I SurfaceFlinger: RequestedLayer [Task=3801#16292] hidden!! flag  from(0) --> to(1)
04-15 09:53:07.594  1151  1151 I SurfaceFlinger: [Display 0 name="Built-in Screen"#49] setFrameRateCategory: Default
04-15 09:53:07.594  1151  1151 I SurfaceFlinger: [LayerHierarchy{RequestedLayerState{Task=3801#16292 parentId=10 z=12} 1 children}] reparent to LayerHierarchy{RequestedLayerState{DefaultTaskDisplayArea_d0#10 parentId=9} 16 children}
04-15 09:53:07.594  1151  1151 I SurfaceFlinger: [LayerHierarchy{RequestedLayerState{DimTransitionLayer for Surface(name=Task=3862)/@0x9e0704c#18291 z=-1} no children}] reparent to OffscreenRoot
04-15 09:53:07.594  1151  1151 I SurfaceFlinger: [LayerHierarchy{RequestedLayerState{DimTransitionLayer for Surface(name=Task=3862)/@0x9e0704c#18291 z=-1} no children}] RelativeParent to null
04-15 09:53:07.594  1151  1151 I SurfaceFlinger: [LayerHierarchy{RequestedLayerState{Task=3862#18284 parentId=10 z=13} 1 children}] reparent to LayerHierarchy{RequestedLayerState{DefaultTaskDisplayArea_d0#10 parentId=9} 17 children}
04-15 09:53:07.594  1151  1151 I SurfaceFlinger: [LayerHierarchy{RequestedLayerState{Transition Root: Task=3862#18288 z=13} no children}] reparent to OffscreenRoot
04-15 09:53:07.594  1151  1151 I SurfaceFlinger: [LayerHierarchy{RequestedLayerState{Transition Root: Task=3862#18288 z=13} no children}] RelativeParent to null
04-15 09:53:07.595  1151  1151 I SurfaceFlinger: id=18291 Removed DimTransitionLayer for Surface(name=Task=3862)/@0x9e0704c#18291 (175)
04-15 09:53:07.595  1151  1151 I SurfaceFlinger: id=18288 Removed Transition Root: Task=3862#18288 (175)
04-15 09:53:07.598  1542  1585 D SurfaceComposerClient: setCornerRadius ## c47f151 Splash Screen com.catfact.app#18286 cornerRadius=0.000000
04-15 09:53:07.598  1542  1585 D SurfaceComposerClient: setCornerRadius ## ebc2d87 com.catfact.app/com.catfact.app.MainActivity#18293 cornerRadius=0.000000
04-15 09:53:07.598  1144  1154 E HeatmapThread: ECT Thread time in milliseconds: 1776239587
04-15 09:53:07.598  1144  1154 D HeatmapThread: !@ batteryplugType : 0
04-15 09:53:07.598  1144  1154 D HeatmapThread: !@ batteryLevel : 0  batteryTemperature : 0
04-15 09:53:07.598  1144  1154 D HeatmapThread: !@ Heatmap currtime: 29603993
04-15 09:53:07.598  1144  1154 D HeatmapThread: !@ Heatmap prevtime: 29603990
04-15 09:53:07.598  1144  1154 D HeatmapThread: !@ Heatmap plugstarttime: 35791394
04-15 09:53:07.598  1144  1154 D HeatmapThread: !@ Heatmap prevv_dsoh_update_time: 29597770
04-15 09:53:07.598  2461  2474 I HoneySpace.Memory-Monitor: current state = 2, didTrim = false
04-15 09:53:07.598  1144  1154 E HeatmapThread: !@Could not open '/efs/FactoryApp/bsoh', errno = 13
04-15 09:53:07.598  1144  1154 E HeatmapThread: !@ CAM Could not access BSOH EFS
04-15 09:53:07.598  1144  1154 E HeatmapThread: !@ CAM New BSOH: 0
04-15 09:53:07.599  1151  1151 D SurfaceFlinger: Display 4633128672291735999 HWC layers:
04-15 09:53:07.599  1151  1151 D SurfaceFlinger:        DEVICE |            8589934655664 | 00002100 | RGBA_8888    |    0.0    0.0  720.0 1544.0 |    0    0  720 1544 | Splash Screen com.catfact.app$_2000#18287 (1)
04-15 09:53:07.599  1151  1151 D SurfaceFlinger:        DEVICE |            8589934654694 | 00002100 | RGBA_8888    |    0.0    0.0  720.0   50.0 |    0    0  720   50 | StatusBar$_2000#102 (26009)
04-15 09:53:07.599  1151  1151 D SurfaceFlinger:        DEVICE |           10569914518889 | 00002100 | RGBA_8888    |    0.0    0.0   67.0  353.0 |  653  192  720  545 | com.sec.android.app.launcher/com.sam[...]l.app.CocktailBarService$_2461#16495 (1)
04-15 09:53:07.599  1151  1151 D SurfaceFlinger:        DEVICE |            8589934654691 | 00002100 | RGBA_8888    |    0.0    0.0  720.0   90.0 |    0 1454  720 1544 | NavigationBar0$_2000#98 (16813)
04-15 09:53:07.599  1151  1151 D SurfaceFlinger:
04-15 09:53:07.599  3979  4808 D HWUI    : CacheManager::trimMemory(20)
04-15 09:53:07.602  1151  1151 I SurfaceFlinger: RequestedLayer [com.google.android.calendar/com.goog[...]AllInOneCalendarActivity$_3979#18273] hidden!! flag  from(0) --> to(1)
04-15 09:53:07.602  1151  1151 I SurfaceFlinger: RequestedLayer [ActivityRecord{243114305 u0 com.goog[...]llInOneCalendarActivity t3801}#16293] hidden!! flag  from(0) --> to(1)
04-15 09:53:07.602  1151  1151 I SurfaceFlinger: destroyed DimTransitionLayer for Surface(name=Task=3862)/@0x9e0704c#18291
04-15 09:53:07.602  1151  1151 I SurfaceFlinger: destroyed Transition Root: Task=3862#18288
04-15 09:53:07.604  1151  1151 I Layer   : id=18291 Destroyed DimTransitionLayer for Surface(name=Task=3862)/@0x9e0704c#18291
04-15 09:53:07.604  1151  1151 I Layer   : id=18288 Destroyed Transition Root: Task=3862#18288
04-15 09:53:07.607  1542  2472 I WindowManager: Relayout Window{ce88f54 u0 com.google.android.calendar/com.google.android.calendar.allinone.AllInOneCalendarActivity}: viewVisibility=8 req=720x1544 ty=1 d0
04-15 09:53:07.608  1542  2472 D SurfaceComposerClient: setCornerRadius ## c47f151 Splash Screen com.catfact.app#18286 cornerRadius=0.000000
04-15 09:53:07.608  1542  2472 D SurfaceComposerClient: setCornerRadius ## ebc2d87 com.catfact.app/com.catfact.app.MainActivity#18293 cornerRadius=0.000000
04-15 09:53:07.608  1542  2472 D SurfaceComposerClient: setCornerRadius ## c47f151 Splash Screen com.catfact.app#18286 cornerRadius=0.000000
04-15 09:53:07.608  1542  2472 D SurfaceComposerClient: setCornerRadius ## ebc2d87 com.catfact.app/com.catfact.app.MainActivity#18293 cornerRadius=0.000000
04-15 09:53:07.609  1542  2472 I WindowManager: Relayout hash=ce88f54, pid=3979, syncId=-1: mAttrs={(0,0)(fillxfill) sim={adjust=pan} layoutInDisplayCutoutMode=always ty=BASE_APPLICATION wanim=0x1030317
04-15 09:53:07.609  1542  2472 I WindowManager:   fl=81810100
04-15 09:53:07.609  1542  2472 I WindowManager:   pfl=100088c0
04-15 09:53:07.609  1542  2472 I WindowManager:   vsysui=700
04-15 09:53:07.609  1542  2472 I WindowManager:   bhv=1
04-15 09:53:07.609  1542  2472 I WindowManager:   fitSides=0
04-15 09:53:07.609  1542  2472 I WindowManager:   frameRateBoostOnTouch=true
04-15 09:53:07.609  1542  2472 I WindowManager:   dvrrWindowFrameRateHint=true naviIconColor=0}
04-15 09:53:07.610  2000  2000 D DisplayLifecycle: updateDisplay id = 0
04-15 09:53:07.614  1542  1590 D LauncherApps: onPackageChanged 0,com.catfact.app
04-15 09:53:07.614  2000  2163 D LauncherApps: onPackageChanged 0,com.catfact.app
04-15 09:53:07.615  2461  2461 I HoneySpace.PackageOperationTracker: onPackageChanged - com.catfact.app UserHandle{0}
04-15 09:53:07.615  2461  2461 I HoneySpace.PackageChangedCallbackImpl: onPackageChanged: com.catfact.app / UserHandle{0}
04-15 09:53:07.617  3979  3979 I VRI[AllInOneCalendarActivity]@f72de33: Relayout returned: old=(0,0,720,1544) new=(0,0,720,1544) relayoutAsync=false req=(720,1544)8 dur=11 res=0x2 s={false 0x0} ch=true seqId=0
04-15 09:53:07.617  3979  3979 D VRI[AllInOneCalendarActivity]@f72de33: Not drawing due to not visible. Reason=!mAppVisible && !mForceDecorViewVisibility
04-15 09:53:07.618  2461  2474 I HoneySpace.FilteredItemProvider[ArchivedApps]: updateArchivedApps: []
04-15 09:53:07.620  2000  2125 D StackScroller: onDisplayChanged for predraw skip to 2
04-15 09:53:07.620  2461  4417 I HoneySpace.IconCache: remove icon cache & DB : com.catfact.app UserHandle{0}
04-15 09:53:07.620  2461  4417 I HoneySpace.IconCache: removeSpecificIconDb: com.catfact.app UserHandle{0}
04-15 09:53:07.627  2461  4417 I AppIconSolution: getThemeIconWithBG called with public API, pkg = com.catfact.app, mode = 48
04-15 09:53:07.627  2461  4417 I AppIconSolution: return adaptive icon for com.catfact.app, isNight = true
04-15 09:53:07.627  2461  4417 I AppIconSolution: skip applying night layer bitmap because of abnormal icon size = 0
04-15 09:53:07.627  2461  4417 I AppIconSolution: skip wrapping shadow bitmap because of abnormal icon size = 0
04-15 09:53:07.627  2461  4417 I LauncherActivityInfo: packageName: com.catfact.app, useThemeIcon: false, height: 0, width: 0, density: 480
04-15 09:53:07.629  2461  4417 I HoneySpace.PackageSourceImpl: package changed info list size : 1
04-15 09:53:07.629  2461  2474 I HoneySpace.IconCache: add icon DB: [com.catfact.app/.MainActivity#UserHandle{0}] - IconAndLabel(icon=android.graphics.Bitmap@a7896c8, label=CatFact) | false | 480 | false |true | -10354450
04-15 09:53:07.630  2461  4179 I HoneySpace.HoneySpacePackageSourceImpl: Package changed : com.catfact.app
04-15 09:53:07.630  2461  2461 I HoneySpace.HoneySpaceManagerContainer: packageUpdateEvent - com.honeyspace.sdk.source.entity.PackageOperation$Changed@3e45774
04-15 09:53:07.630  2461  2461 I HoneySpace.HoneySpaceManagerContainer: refreshHoneyPlugin, packageName: com.catfact.app
04-15 09:53:07.630  2461  4432 I SearchableManager: invalidate: com.catfact.app
04-15 09:53:07.630  2461  2461 I HoneySpace.AppsEdgePanel.ViewModel: packageChanged : com.catfact.app
04-15 09:53:07.630  2461  2461 I HoneySpace.HoneySpacePackageSourceImpl: getHiddenItems : 0
04-15 09:53:07.631  1542  2472 D ApplicationPolicy: getApplicationUninstallationEnabled
04-15 09:53:07.631  1542  2472 D ApplicationPolicy: getApplicationUninstallationEnabled :  enabled true
04-15 09:53:07.631  1542  2472 D ApplicationPolicy: getApplicationUninstallationEnabled
04-15 09:53:07.631  1542  2472 D ApplicationPolicy: getApplicationUninstallationEnabled :  enabled true
04-15 09:53:07.671  1542  2472 I WindowManager: Relayout Window{ebc2d87 u0 com.catfact.app/com.catfact.app.MainActivity}: viewVisibility=0 req=720x1544 ty=1 d0
04-15 09:53:07.672  1151  2479 I SurfaceFlinger: id=18294 createSurf, flag=44004, com.catfact.app/com.catfact.app.MainActivity$_18572#18294
04-15 09:53:07.673  1542  2472 D SurfaceComposerClient: setCornerRadius ## c47f151 Splash Screen com.catfact.app#18286 cornerRadius=0.000000
04-15 09:53:07.674  1542  2472 D SurfaceComposerClient: setCornerRadius ## ebc2d87 com.catfact.app/com.catfact.app.MainActivity#18293 cornerRadius=0.000000
04-15 09:53:07.674  1542  2472 D SurfaceComposerClient: setCornerRadius ## c47f151 Splash Screen com.catfact.app#18286 cornerRadius=0.000000
04-15 09:53:07.674  1542  2472 D SurfaceComposerClient: setCornerRadius ## ebc2d87 com.catfact.app/com.catfact.app.MainActivity#18293 cornerRadius=0.000000
04-15 09:53:07.675  1151  2479 I SurfaceFlinger: id=18295 createSurf, flag=24000, Surface(name=3edafdc StatusBar)/@0x3b919ed - animation-leash of insets_animation#18295
04-15 09:53:07.676  1151  2479 I SurfaceFlinger: id=18296 createSurf, flag=24000, Surface(name=8c5cec7 NavigationBar0)/@0xa68870 - animation-leash of insets_animation#18296
04-15 09:53:07.677  1542  2472 I SystemKeyManager: requested systemKeyInfo size=1 focusedWindow=com.catfact.app/com.catfact.app.MainActivity
04-15 09:53:07.677  1542  2472 I SystemKeyManager: requested systemKeyInfo size=1 focusedWindow=com.catfact.app/com.catfact.app.MainActivity
04-15 09:53:07.677  1542  2472 I WindowManager: Relayout hash=ebc2d87, pid=18572, syncId=-1: mAttrs={(0,0)(fillxfill) sim={adjust=pan forwardNavigation} layoutInDisplayCutoutMode=always ty=BASE_APPLICATION wanim=0x1030317
04-15 09:53:07.677  1542  2472 I WindowManager:   fl=81810100
04-15 09:53:07.677  1542  2472 I WindowManager:   pfl=100088c0
04-15 09:53:07.677  1542  2472 I WindowManager:   bhv=1
04-15 09:53:07.677  1542  2472 I WindowManager:   fitSides=0
04-15 09:53:07.677  1542  2472 I WindowManager:   frameRateBoostOnTouch=true
04-15 09:53:07.677  1542  2472 I WindowManager:   dvrrWindowFrameRateHint=true naviIconColor=0}
04-15 09:53:07.679 18572 18572 I BLASTBufferQueue_Java: new BLASTBufferQueue, mName= VRI[MainActivity]@8218a5 mNativeObject= 0xb40000741c55a700 caller= android.view.ViewRootImpl.updateBlastSurfaceIfNeeded:3585 android.view.ViewRootImpl.relayoutWindow:11685 android.view.ViewRootImpl.performTraversals:4804 android.view.ViewRootImpl.doTraversal:3924 android.view.ViewRootImpl$TraversalRunnable.run:12903 android.view.Choreographer$CallbackRecord.run:1901 android.view.Choreographer$CallbackRecord.run:1910 android.view.Choreographer.doCallbacks:1367 android.view.Choreographer.doFrame:1292 android.view.Choreographer$FrameDisplayEventReceiver.run:1870
04-15 09:53:07.679 18572 18572 I BLASTBufferQueue_Java: update, w= 720 h= 1544 mName = VRI[MainActivity]@8218a5 mNativeObject= 0xb40000741c55a700 sc.mNativeObject= 0xb40000751c4ed050 format= -1 caller= android.view.ViewRootImpl.updateBlastSurfaceIfNeeded:3590 android.view.ViewRootImpl.relayoutWindow:11685 android.view.ViewRootImpl.performTraversals:4804 android.view.ViewRootImpl.doTraversal:3924 android.view.ViewRootImpl$TraversalRunnable.run:12903 android.view.Choreographer$CallbackRecord.run:1901
04-15 09:53:07.680  1151  2479 W ServiceManagerCppClient: Permission failure: android.permission.ACCESS_SURFACE_FLINGER from uid=10746 pid=0
04-15 09:53:07.680 18572 18572 I VRI[MainActivity]@8218a5: Relayout returned: old=(0,0,720,1544) new=(0,0,720,1544) relayoutAsync=false req=(720,1544)0 dur=7 res=0x3 s={true 0xb40000748c5153d0} ch=true seqId=0
04-15 09:53:07.680  1151  2479 D PermissionCache: checking android.permission.ACCESS_SURFACE_FLINGER for uid=10746 => denied (200 us)
04-15 09:53:07.680  1151  2479 W ServiceManagerCppClient: Permission failure: android.permission.ROTATE_SURFACE_FLINGER from uid=10746 pid=0
04-15 09:53:07.680  1151  2479 D PermissionCache: checking android.permission.ROTATE_SURFACE_FLINGER for uid=10746 => denied (161 us)
04-15 09:53:07.680  1151  1378 W ServiceManagerCppClient: Permission failure: android.permission.ROTATE_SURFACE_FLINGER from uid=10746 pid=18572
04-15 09:53:07.680  1151  1378 D PermissionCache: checking android.permission.ROTATE_SURFACE_FLINGER for uid=10746 => denied (124 us)
04-15 09:53:07.680  1151  2479 W ServiceManagerCppClient: Permission failure: android.permission.INTERNAL_SYSTEM_WINDOW from uid=10746 pid=0
04-15 09:53:07.680  1151  1378 W ServiceManagerCppClient: Permission failure: android.permission.INTERNAL_SYSTEM_WINDOW from uid=10746 pid=18572
04-15 09:53:07.680  1151  2479 D PermissionCache: checking android.permission.INTERNAL_SYSTEM_WINDOW for uid=10746 => denied (210 us)
04-15 09:53:07.680  1151  1378 D PermissionCache: checking android.permission.INTERNAL_SYSTEM_WINDOW for uid=10746 => denied (114 us)
04-15 09:53:07.680 18572 18572 I VRI[MainActivity]@8218a5: performConfigurationChange setNightDimText nightDimLevel=0
04-15 09:53:07.681 18572 18572 D VRI[MainActivity]@8218a5: mThreadedRenderer.initialize() mSurface={isValid=true 0xb40000748c5153d0} hwInitialized=true
04-15 09:53:07.686  1151  1151 I SurfaceFlinger: [LayerHierarchy{RequestedLayerState{8c5cec7 NavigationBar0#91 parentId=18296} 1 children}] reparent to LayerHierarchy{RequestedLayerState{Surface(name=8c5cec7 NavigationBar0)/@0xa68870 - animation-leash of insets_animation#18296 parentId=90} 1 children}
04-15 09:53:07.686  1151  1151 I SurfaceFlinger: [LayerHierarchy{RequestedLayerState{3edafdc StatusBar#95 parentId=18295} 1 children}] reparent to LayerHierarchy{RequestedLayerState{Surface(name=3edafdc StatusBar)/@0x3b919ed - animation-leash of insets_animation#18295 parentId=94} 1 children}
04-15 09:53:07.686  1151  1151 I SurfaceFlinger: [LayerHierarchy{RequestedLayerState{Surface(name=8c5cec7 NavigationBar0)/@0xa68870 - animation-leash of insets_animation#18290} no children}] reparent to OffscreenRoot
04-15 09:53:07.686  1151  1151 I SurfaceFlinger: [LayerHierarchy{RequestedLayerState{Surface(name=8c5cec7 NavigationBar0)/@0xa68870 - animation-leash of insets_animation#18290} no children}] RelativeParent to null
04-15 09:53:07.686  1151  1151 I SurfaceFlinger: [LayerHierarchy{RequestedLayerState{Surface(name=3edafdc StatusBar)/@0x3b919ed - animation-leash of insets_animation#18289} no children}] reparent to OffscreenRoot
04-15 09:53:07.686  1151  1151 I SurfaceFlinger: [LayerHierarchy{RequestedLayerState{Surface(name=3edafdc StatusBar)/@0x3b919ed - animation-leash of insets_animation#18289} no children}] RelativeParent to null
04-15 09:53:07.686  1151  1151 I SurfaceFlinger: [com.catfact.app/com.catfact.app.MainActivity$_18572#18294] attach to parent LayerHierarchy{RequestedLayerState{ebc2d87 com.catfact.app/com.catfact.app.MainActivity#18293 parentId=18285} 1 children}
04-15 09:53:07.686  1151  1151 I SurfaceFlinger: [Surface(name=3edafdc StatusBar)/@0x3b919ed - animation-leash of insets_animation#18295] attach to parent LayerHierarchy{RequestedLayerState{WindowToken{7a8fc4f type=2000 android.os.BinderProxy@a9d7329}#94 parentId=17} 1 children}
04-15 09:53:07.686  1151  1151 I SurfaceFlinger: [Surface(name=8c5cec7 NavigationBar0)/@0xa68870 - animation-leash of insets_animation#18296] attach to parent LayerHierarchy{RequestedLayerState{WindowToken{fc018e2 type=2019 android.os.BinderProxy@bda3ac4}#90 parentId=34} 1 children}
04-15 09:53:07.688  2000  2120 I VRI[app]@cda25a1: onActiveControlsChanged, removed=false, mAdded=true, caller=android.view.ViewRootImpl.handleInsetsControlChanged:3002 android.view.ViewRootImpl$ViewRootHandler.handleMessageImpl:8352 android.view.ViewRootImpl$ViewRootHandler.handleMessage:8301 android.os.Handler.dispatchMessage:110 android.os.Looper.loopOnce:273
04-15 09:53:07.688  1151  2758 I SurfaceFlinger: id=18289 Removed Surface(name=3edafdc StatusBar)/@0x3b919ed - animation-leash of insets_animation#18289 (176)
04-15 09:53:07.688  1151  2758 I SurfaceFlinger: id=18290 Removed Surface(name=8c5cec7 NavigationBar0)/@0xa68870 - animation-leash of insets_animation#18290 (176)
04-15 09:53:07.689  1151  1338 D SurfaceFlinger: [input] setFocusedWindow: ebc2d87 com.catfact.app/com.catfact.app.MainActivity
04-15 09:53:07.689  1542  2462 D InputDispatcher: Once focus requested (0): ebc2d87 com.catfact.app/com.catfact.app.MainActivity
04-15 09:53:07.689  1542  2462 D InputDispatcher: Focus request (0): ebc2d87 com.catfact.app/com.catfact.app.MainActivity but waiting because NO_WINDOW
04-15 09:53:07.694  1151  1151 I SurfaceFlinger: destroyed Surface(name=8c5cec7 NavigationBar0)/@0xa68870 - animation-leash of insets_animation#18290
04-15 09:53:07.694  1151  1151 I SurfaceFlinger: destroyed Surface(name=3edafdc StatusBar)/@0x3b919ed - animation-leash of insets_animation#18289
04-15 09:53:07.694  1151  1151 I Layer   : id=18290 Destroyed Surface(name=8c5cec7 NavigationBar0)/@0xa68870 - animation-leash of insets_animation#18290
04-15 09:53:07.695  1151  1151 I Layer   : id=18289 Destroyed Surface(name=3edafdc StatusBar)/@0x3b919ed - animation-leash of insets_animation#18289
04-15 09:53:07.718 18572 18572 D VRI[MainActivity]@8218a5: reportNextDraw android.view.ViewRootImpl.performTraversals:5443 android.view.ViewRootImpl.doTraversal:3924 android.view.ViewRootImpl$TraversalRunnable.run:12903 android.view.Choreographer$CallbackRecord.run:1901 android.view.Choreographer$CallbackRecord.run:1910
04-15 09:53:07.718 18572 18572 D VRI[MainActivity]@8218a5: Setup new sync=wmsSync-VRI[MainActivity]@8218a5#0
04-15 09:53:07.718 18572 18572 I VRI[MainActivity]@8218a5: Creating new active sync group VRI[MainActivity]@8218a5#1
04-15 09:53:07.719 18572 18572 D VRI[MainActivity]@8218a5: registerCallbacksForSync syncBuffer=false
04-15 09:53:07.738 18572 18572 I View    : setRequestedFrameRate frameRate=0.0, this=androidx.compose.ui.platform.AndroidComposeView{4934d91 VFED..... ........ 0,0-720,1544 aid=1073741824}, caller=android.view.ViewGroup.setRequestedFrameRate:9952 androidx.compose.ui.platform.Api35Impl.setRequestedFrameRate:3822 androidx.compose.ui.platform.AndroidComposeView.dispatchDraw:2114 android.view.View.draw:26345 android.view.View.updateDisplayListIfDirty:25175
04-15 09:53:07.738 18572 18572 I View    : setRequestedFrameRate frameRate=-4.0, this=android.view.View{b75f621 V.ED..... ......I. 0,0-0,0}, caller=androidx.compose.ui.platform.Api35Impl.setRequestedFrameRate:3822 androidx.compose.ui.platform.AndroidComposeView.dispatchDraw:2115 android.view.View.draw:26345 android.view.View.updateDisplayListIfDirty:25175 android.view.View.draw:26072
04-15 09:53:07.738 18572 18613 D VRI[MainActivity]@8218a5: Received frameDrawingCallback syncResult=0 frameNum=1.
04-15 09:53:07.739 18572 18613 I VRI[MainActivity]@8218a5: mWNT: t=0xb4000074fc510990 mBlastBufferQueue=0xb40000741c55a700 fn= 1 HdrRenderState mRenderHdrSdrRatio=1.0 caller= android.view.ViewRootImpl$12.onFrameDraw:15441 android.view.ThreadedRenderer$1.onFrameDraw:718 <bottom of call stack>
04-15 09:53:07.739 18572 18613 I VRI[MainActivity]@8218a5: Setting up sync and frameCommitCallback
04-15 09:53:07.742 10618 18617 I Routine@Core[4.9.04.13]: RunningNotificationUpdater: update
04-15 09:53:07.751 10618 18617 I Routine@Core[4.9.04.13]: RunningNotificationUpdater: updateNotificationImpl: no running routines, then noti cancel
04-15 09:53:07.751 10618 18617 I Routine@Core[4.9.04.13]: NotificationUpdateService: Stop no more task
04-15 09:53:07.752  1542  1803 D RingtoneManager: getActualDefaultRingtoneUri  type    :2
04-15 09:53:07.752  1542  1803 I RingtoneManager: Ringtone value : content://media/internal/audio/media/49?title=Spaceline&canonical=1
04-15 09:53:07.752  1542  1803 W Utils   : The vibration Uri is null.
04-15 09:53:07.752  1542  1803 D RingtoneManager: getActualDefaultRingtoneUri  type    :2
04-15 09:53:07.752  1542  1803 I RingtoneManager: Ringtone value : content://media/internal/audio/media/49?title=Spaceline&canonical=1
04-15 09:53:07.752  1542  1803 W Utils   : The vibration Uri is null.
04-15 09:53:07.752  1542  1803 D RingtoneManager: getActualDefaultRingtoneUri  type    :2
04-15 09:53:07.752  1542  1803 I RingtoneManager: Ringtone value : content://media/internal/audio/media/49?title=Spaceline&canonical=1
04-15 09:53:07.752  1542  1803 W Utils   : The vibration Uri is null.
04-15 09:53:07.752  1542  1803 D RingtoneManager: getActualDefaultRingtoneUri  type    :2
04-15 09:53:07.752  1542  1803 I RingtoneManager: Ringtone value : content://media/internal/audio/media/49?title=Spaceline&canonical=1
04-15 09:53:07.752  1542  1803 W Utils   : The vibration Uri is null.
04-15 09:53:07.752  1542  1803 D RingtoneManager: getActualDefaultRingtoneUri  type    :2
04-15 09:53:07.752  1542  1803 I RingtoneManager: Ringtone value : content://media/internal/audio/media/49?title=Spaceline&canonical=1
04-15 09:53:07.752  1542  1803 W Utils   : The vibration Uri is null.
04-15 09:53:07.753  1542  1803 D RingtoneManager: getActualDefaultRingtoneUri  type    :2
04-15 09:53:07.753  1542  1803 I RingtoneManager: Ringtone value : content://media/internal/audio/media/49?title=Spaceline&canonical=1
04-15 09:53:07.753  1542  1803 W Utils   : The vibration Uri is null.
04-15 09:53:07.753  1542  1803 D RingtoneManager: getActualDefaultRingtoneUri  type    :2
04-15 09:53:07.753  1542  1803 I RingtoneManager: Ringtone value : content://media/internal/audio/media/49?title=Spaceline&canonical=1
04-15 09:53:07.753  1542  1803 W Utils   : The vibration Uri is null.
04-15 09:53:07.754  1542  1803 D RingtoneManager: getActualDefaultRingtoneUri  type    :2
04-15 09:53:07.754  1542  1803 I RingtoneManager: Ringtone value : content://media/internal/audio/media/49?title=Spaceline&canonical=1
04-15 09:53:07.754  1542  1803 W Utils   : The vibration Uri is null.
04-15 09:53:07.754  1542  1803 D RingtoneManager: getActualDefaultRingtoneUri  type    :2
04-15 09:53:07.754  1542  1803 I RingtoneManager: Ringtone value : content://media/internal/audio/media/49?title=Spaceline&canonical=1
04-15 09:53:07.754  1542  1803 W Utils   : The vibration Uri is null.
04-15 09:53:07.754  1542  1803 D RingtoneManager: getActualDefaultRingtoneUri  type    :2
04-15 09:53:07.754  1542  1803 I RingtoneManager: Ringtone value : content://media/internal/audio/media/49?title=Spaceline&canonical=1
04-15 09:53:07.754  1542  1803 W Utils   : The vibration Uri is null.
04-15 09:53:07.754  1542  1803 D RingtoneManager: getActualDefaultRingtoneUri  type    :2
04-15 09:53:07.754  1542  1803 I RingtoneManager: Ringtone value : content://media/internal/audio/media/49?title=Spaceline&canonical=1
04-15 09:53:07.754  1542  1803 W Utils   : The vibration Uri is null.
04-15 09:53:07.754  1542  1803 D RingtoneManager: getActualDefaultRingtoneUri  type    :2
04-15 09:53:07.754  1542  1803 I RingtoneManager: Ringtone value : content://media/internal/audio/media/49?title=Spaceline&canonical=1
04-15 09:53:07.754  1542  1803 W Utils   : The vibration Uri is null.
04-15 09:53:07.759 18572 18596 I GSC     : SID[0] : c948cc50a16c2423, Kind: 1, time : 13.247 ms
04-15 09:53:07.761 10618 10618 I Routine@Core[4.9.04.13]: RoutineApplication: onTrimMemory: level : 40
04-15 09:53:07.762 18572 18596 I GSC     : SID[1] : 10d73abd60bbce65, Kind: 0, time : 3.302 ms
04-15 09:53:07.766 18572 18596 I GSC     : SID[2] : f63a2158e89a0558, Kind: 1, time : 2.182 ms
04-15 09:53:07.770 18572 18596 I GSC     : SID[3] : a5d43e0d6582489f, Kind: 0, time : 3.124 ms
04-15 09:53:07.773 18572 18596 I GSC     : SID[4] : 8be787c94791c0d0, Kind: 1, time : 2.078 ms
04-15 09:53:07.776 18572 18596 I GSC     : SID[5] : 4549be712cc9690d, Kind: 0, time : 2.960 ms
04-15 09:53:07.780 18572 18596 I GSC     : SID[6] : b0da60527cf2974b, Kind: 1, time : 2.514 ms
04-15 09:53:07.783 18572 18596 I GSC     : SID[7] : 6b14dbf9508248c1, Kind: 0, time : 3.241 ms
04-15 09:53:07.785 18572 18596 I GSC     : SID[8] : fe6ff4e467193f9c, Kind: 1, time : 1.105 ms
04-15 09:53:07.788 18572 18596 I GSC     : SID[9] : 9fb7104710fc7e74, Kind: 0, time : 2.620 ms
04-15 09:53:07.791 18572 18596 I GSC     : SID[10] : 5541629e65e81fc7, Kind: 1, time : 1.814 ms
04-15 09:53:07.793 18572 18596 I GSC     : SID[11] : a5d43e0d6582489f, Kind: 0, time : 2.773 ms
04-15 09:53:07.794 18572 18596 I BLASTBufferQueue: [VRI[MainActivity]@8218a5#0](f:0,a:0,s:0) onFrameAvailable the first frame is available
04-15 09:53:07.795 18572 18596 I VRI[MainActivity]@8218a5: Received frameCommittedCallback lastAttemptedDrawFrameNum=1 didProduceBuffer=true
04-15 09:53:07.795  1151  1200 I SurfaceFlinger: [com.catfact.app/com.catfact.app.MainActivity$_18572#18294] setTransactionState with the first frame. bufferData(ID: 79766132621315, frameNumber: 1)
04-15 09:53:07.795 18572 18596 D HWUI    : CFMS:: SetUp Pid : 18572    Tid : 18596
04-15 09:53:07.795 18572 18572 D VRI[MainActivity]@8218a5: reportDrawFinished seqId=0
04-15 09:53:07.796  1542  2472 W ServiceManagerCppClient: Permission failure: android.permission.ACCESS_SURFACE_FLINGER from uid=10746 pid=0
04-15 09:53:07.796  1542  2472 D PermissionCache: checking android.permission.ACCESS_SURFACE_FLINGER for uid=10746 => denied (114 us)
04-15 09:53:07.796  1542  2472 W ServiceManagerCppClient: Permission failure: android.permission.ROTATE_SURFACE_FLINGER from uid=10746 pid=0
04-15 09:53:07.796  1542  2472 D PermissionCache: checking android.permission.ROTATE_SURFACE_FLINGER for uid=10746 => denied (51 us)
04-15 09:53:07.796  1542  2472 W ServiceManagerCppClient: Permission failure: android.permission.INTERNAL_SYSTEM_WINDOW from uid=10746 pid=0
04-15 09:53:07.796  1542  2472 D PermissionCache: checking android.permission.INTERNAL_SYSTEM_WINDOW for uid=10746 => denied (24 us)
04-15 09:53:07.796 18572 18572 I Choreographer: Skipped 79 frames!  The application may be doing too much work on its main thread.
04-15 09:53:07.796  1542  1585 D SurfaceComposerClient: setCornerRadius ## c47f151 Splash Screen com.catfact.app#18286 cornerRadius=0.000000
04-15 09:53:07.796  1542  1585 D SurfaceComposerClient: setCornerRadius ## ebc2d87 com.catfact.app/com.catfact.app.MainActivity#18293 cornerRadius=0.000000
04-15 09:53:07.796  1542  1585 D SurfaceComposerClient: setCornerRadius ## c47f151 Splash Screen com.catfact.app#18286 cornerRadius=0.000000
04-15 09:53:07.797  1151  1200 I SurfaceFlinger: id=18297 createSurf, flag=24000, Surface(name=ebc2d87 com.catfact.app/com.catfact.app.MainActivity)/@0x5d8da - animation-leash of starting_reveal#18297
04-15 09:53:07.797 18572 18572 I InsetsSourceConsumer: applyRequestedVisibilityToControl: visible=true, type=statusBars, host=com.catfact.app/com.catfact.app.MainActivity
04-15 09:53:07.798 18572 18572 I InsetsSourceConsumer: applyRequestedVisibilityToControl: visible=true, type=navigationBars, host=com.catfact.app/com.catfact.app.MainActivity
04-15 09:53:07.799  1542  1585 D SurfaceComposerClient: setCornerRadius ## ebc2d87 com.catfact.app/com.catfact.app.MainActivity#18293 cornerRadius=0.000000
04-15 09:53:07.799  1542  1585 D SurfaceComposerClient: setCornerRadius ## c47f151 Splash Screen com.catfact.app#18286 cornerRadius=0.000000
04-15 09:53:07.799  1542  1585 D SurfaceComposerClient: setCornerRadius ## ebc2d87 com.catfact.app/com.catfact.app.MainActivity#18293 cornerRadius=0.000000
04-15 09:53:07.799  1542  1585 D SurfaceComposerClient: setCornerRadius ## c47f151 Splash Screen com.catfact.app#18286 cornerRadius=0.000000
04-15 09:53:07.799  1542  1585 D SurfaceComposerClient: setCornerRadius ## ebc2d87 com.catfact.app/com.catfact.app.MainActivity#18293 cornerRadius=0.000000
04-15 09:53:07.800  2000  2105 D ShellTaskOrganizer: removeStartingWindow, removalInfo=StartingWindowRemovalInfo{taskId=3862 frame=Rect(0, 0 - 720, 1544) playRevealAnimation=true roundedCornerRadius=0.0 deferRemoveMode=0 windowlessSurface=false removeImmediately=false}
04-15 09:53:07.800  1542  2462 I SemDvfsHyPerManager: acquire hyper - AMS_RESUME_TAIL/1542@22, type = -999
04-15 09:53:07.800  1542  2462 I SemDvfsHyPerManager: acquire hyper - AMS_ACT_LAZY/1542@23, type = -999
04-15 09:53:07.801  1059  1180 I HYPER-HAL: [RequestManager.cpp]acquire(): Acquired ID : 1223852  [1542 / 22]    HINT : AMS_RESUME_TAIL    list :
04-15 09:53:07.802  1151  1151 I SurfaceFlinger: [Surface(name=ebc2d87 com.catfact.app/com.catfact.app.MainActivity)/@0x5d8da - animation-leash of starting_reveal#18297] attach to parent LayerHierarchy{RequestedLayerState{ActivityRecord{39176162 u0 com.catfact.app/.MainActivity t3862}#18285 parentId=18284} 4 children}
04-15 09:53:07.803  1059  1180 I HYPER-HAL: [ResourceManager.cpp]removeResource(): [CPULittleMinFreq] RemoveResource Request ID : 1233263
04-15 09:53:07.803  3979  3979 I VRI[AllInOneCalendarActivity]@f72de33: stopped(true) old = false
04-15 09:53:07.803  3979  3979 D VRI[AllInOneCalendarActivity]@f72de33: WindowStopped on com.google.android.calendar/com.google.android.calendar.allinone.AllInOneCalendarActivity set to true
04-15 09:53:07.804  3979  4808 D HWUI    : CacheManager::trimMemory(20)
04-15 09:53:07.804 18219 18292 I DigitalKey: [GmsCarKeyFwWorker] runCheckComponentAvailability interval count = 11
04-15 09:53:07.804  1059  1180 I HYPER-HAL: [RequestManager.cpp]releaseLocked(): Released ID : 1233263
04-15 09:53:07.804 18219 18292 I DigitalKey: [GmsCarKeyFwWorker] runCheckComponentAvailability disabled yet (count=11)
04-15 09:53:07.804  1542  1581 I PkgPredictorService-SecIpmManagerServiceImpl: reportToNAP uid:10746 com.catfact.app/com.catfact.app.MainActivity thisTime:779
04-15 09:53:07.804  1542  1581 D PkgPredictorService-SecIpmManagerServiceImpl: reportToNAP: mHeavyLaunchCounter is false
04-15 09:53:07.804 18219 18292 I DigitalKey: [GmsCarKeyFwWorker] runCheckComponentAvailability interval count = 11
04-15 09:53:07.805 18219 18292 I DigitalKey: [GmsCarKeyFwWorker] runCheckComponentAvailability disabled yet (count=11)
04-15 09:53:07.805 18219 18292 I DigitalKey: [GmsCarKeyFwWorker] runCheckComponentAvailability interval count = 11
04-15 09:53:07.806  1542  1598 W libprocessgroup: SetCgroup::ExecuteForProcess: failed to open /dev/cpuctl/foreground-boost/cgroup.procs: No such file or directory
04-15 09:53:07.806  1542  1598 W libprocessgroup: SetCgroup::ExecuteForProcess: failed to open /dev/cpuctl/foreground-boost/cgroup.procs: No such file or directory
04-15 09:53:07.806  2000  2195 I VRI[app]@cda25a1: mWNT: t=0xb4000074fc738110 mBlastBufferQueue=0xb40000741d269720 fn= 2 HdrRenderState mRenderHdrSdrRatio=1.0 caller= android.view.SyncRtSurfaceTransactionApplier.applyTransaction:100 android.view.SyncRtSurfaceTransactionApplier.lambda$scheduleApply$0:73 android.view.SyncRtSurfaceTransactionApplier.$r8$lambda$afI4fXg3U3-nBZQEDQMiNy-B06s:0
04-15 09:53:07.806  2000  2195 I VRI[app]@cda25a1: mWNT: t=0xb4000074fc793d50 mBlastBufferQueue=0xb40000741d269720 fn= 2 HdrRenderState mRenderHdrSdrRatio=1.0 caller= android.view.SyncRtSurfaceTransactionApplier.applyTransaction:100 android.view.SyncRtSurfaceTransactionApplier.lambda$scheduleApply$0:73 android.view.SyncRtSurfaceTransactionApplier.$r8$lambda$afI4fXg3U3-nBZQEDQMiNy-B06s:0
04-15 09:53:07.809  6698 23906 I FontLog : (REDACTED) Received query %s, URI %s
04-15 09:53:07.809  6698 23906 I FontLog : (REDACTED) Query [%s] resolved to %s
04-15 09:53:07.809  6698 23906 I FontLog : (REDACTED) Fetch %s end status %s
04-15 09:53:07.810  3979  8661 D Choreographer: BBA2 receive callback when in bg : 4
04-15 09:53:07.810  1542  1581 I ActivityTaskManager: Displayed com.catfact.app/.MainActivity for user 0: +779ms
04-15 09:53:07.811  1151  1151 I SurfaceFlinger: [Display 0 name="Built-in Screen"#49] setFrameRateCategory: High
04-15 09:53:07.811  1151  1151 I SurfaceFlinger: RequestedLayer [com.catfact.app/com.catfact.app.MainActivity$_18572#18294] hidden!! flag  from(1) --> to(0)
04-15 09:53:07.811  1151  1151 I SurfaceFlinger: [LayerHierarchy{RequestedLayerState{ebc2d87 com.catfact.app/com.catfact.app.MainActivity#18293 parentId=18297} 1 children}] reparent to LayerHierarchy{RequestedLayerState{Surface(name=ebc2d87 com.catfact.app/com.catfact.app.MainActivity)/@0x5d8da - animation-leash of starting_reveal#18297 parentId=18285} 1 children}
04-15 09:53:07.811 18219 18292 I DigitalKey: [GmsCarKeyFwWorker] runCheckComponentAvailability disabled yet (count=11)
04-15 09:53:07.811  3979  4808 D HWUI    : CacheManager::trimMemory(20)
04-15 09:53:07.812  2000  2194 I VRI[app]@cda25a1: mWNT: t=0xb4000074fc793d50 mBlastBufferQueue=0xb40000741d269720 fn= 3 HdrRenderState mRenderHdrSdrRatio=1.0 caller= android.view.SyncRtSurfaceTransactionApplier.applyTransaction:100 android.view.SyncRtSurfaceTransactionApplier.lambda$scheduleApply$0:73 android.view.SyncRtSurfaceTransactionApplier.$r8$lambda$afI4fXg3U3-nBZQEDQMiNy-B06s:0
04-15 09:53:07.813  6698 23906 I FontLog : (REDACTED) Pulling font file for id = %d, cache size = %d
04-15 09:53:07.814  3152  3152 E pageboostd: Received HALT command code 2
04-15 09:53:07.815  6698 23906 I FontLog : (REDACTED) Pulling font file for id = %d, cache size = %d
04-15 09:53:07.816 30143 30165 D LauncherApps: onPackageChanged 0,com.catfact.app
04-15 09:53:07.817  1542  1585 D SurfaceComposerClient: setCornerRadius ## c47f151 Splash Screen com.catfact.app#18286 cornerRadius=0.000000
04-15 09:53:07.817  1542  1585 D SurfaceComposerClient: setCornerRadius ## ebc2d87 com.catfact.app/com.catfact.app.MainActivity#18293 cornerRadius=0.000000
04-15 09:53:07.817  1151  1151 D SurfaceFlinger: Display 4633128672291735999 HWC layers:
04-15 09:53:07.817  1151  1151 D SurfaceFlinger:        DEVICE |           79766132621315 | 00002102 | RGBA_8888    |    0.0    0.0  720.0 1506.0 |    0   38  720 1544 | com.catfact.app/com.catfact.app.MainActivity$_18572#18294 (1)
04-15 09:53:07.817  1151  1151 D SurfaceFlinger:        DEVICE |            8589934655667 | 00002100 | RGBA_8888    |    0.0    0.0  720.0 1544.0 |    0    0  720 1544 | Splash Screen com.catfact.app$_2000#18287 (2)
04-15 09:53:07.817  1151  1151 D SurfaceFlinger:        DEVICE |            8589934654694 | 00002100 | RGBA_8888    |    0.0    0.0  720.0   50.0 |    0    0  720   50 | StatusBar$_2000#102 (26009)
04-15 09:53:07.817  1151  1151 D SurfaceFlinger:        DEVICE |           10569914518889 | 00002100 | RGBA_8888    |    0.0    0.0   67.0  353.0 |  653  192  720  545 | com.sec.android.app.launcher/com.sam[...]l.app.CocktailBarService$_2461#16495 (1)
04-15 09:53:07.817  1151  1151 D SurfaceFlinger:        DEVICE |            8589934654691 | 00002100 | RGBA_8888    |    0.0    0.0  720.0   90.0 |    0 1454  720 1544 | NavigationBar0$_2000#98 (16813)
04-15 09:53:07.817  1151  1151 D SurfaceFlinger:
04-15 09:53:07.818  1542  2462 D InputDispatcher: Focus entered window (0): ebc2d87 com.catfact.app/com.catfact.app.MainActivity
04-15 09:53:07.819 18572 18572 D VRI[MainActivity]@8218a5: mThreadedRenderer.initializeIfNeeded()#2 mSurface={isValid=true 0xb40000748c5153d0}
04-15 09:53:07.820 18572 18572 D InputMethodManagerUtils: startInputInner - Id : 0
04-15 09:53:07.820  2000  2000 D DisplayLifecycle: updateDisplay id = 0
04-15 09:53:07.820  2000  2125 D StackScroller: onDisplayChanged for predraw skip to 2
04-15 09:53:07.820 18572 18572 I InputMethodManager: startInputInner - IInputMethodManagerGlobalInvoker.startInputOrWindowGainedFocus
04-15 09:53:07.820  2461  2474 I HoneySpace.Memory-Monitor: current state = 2, didTrim = false
04-15 09:53:07.821  2000  2195 I VRI[app]@cda25a1: mWNT: t=0xb4000074fc738110 mBlastBufferQueue=0xb40000741d269720 fn= 4 HdrRenderState mRenderHdrSdrRatio=1.0 caller= android.view.SyncRtSurfaceTransactionApplier.applyTransaction:100 android.view.SyncRtSurfaceTransactionApplier.lambda$scheduleApply$0:73 android.view.SyncRtSurfaceTransactionApplier.$r8$lambda$afI4fXg3U3-nBZQEDQMiNy-B06s:0
04-15 09:53:07.822  1542  1750 I ImeTracker: com.catfact.app:32f35cda: onRequestHide at ORIGIN_SERVER reason HIDE_UNSPECIFIED_WINDOW fromUser false
04-15 09:53:07.823  1542  1750 D InputTransport: Input channel constructed: 'ClientS', fd=1325
04-15 09:53:07.823  1542  1750 D InputTransport: Input channel constructed: 'ClientS', fd=1354
04-15 09:53:07.823  1542  1750 D InputTransport: Input channel destroyed: 'ClientS', fd=1354
04-15 09:53:07.824  3979  3979 D InputTransport: Input channel destroyed: 'ClientS', fd=216
04-15 09:53:07.825 18572 18572 I InputMethodManager: handleMessage: setImeVisibility visible=false
04-15 09:53:07.825 18572 18572 D InsetsController: hide(ime(), fromIme=false)
04-15 09:53:07.825 18572 18572 I ImeTracker: com.catfact.app:32f35cda: onCancelled at PHASE_CLIENT_ALREADY_HIDDEN
04-15 09:53:07.825  1542  3015 I NSLocationMonitor: getGPSUsingApps() called
04-15 09:53:07.826  1542  4025 D InputTransport: Input channel constructed: 'ClientS', fd=1354
04-15 09:53:07.826  2982  6680 I NSLocationManager_FLP: getGPSUsingApps, No change
04-15 09:53:07.826  1542  4025 D InputTransport: Input channel destroyed: 'ClientS', fd=1354
04-15 09:53:07.826  3756  3756 I HBD     : HoneyBoardService onFinishInput
04-15 09:53:07.827  3756  3756 I HBD     : a IC have been unbinding,  RemoteInputConnection{idHash=#f2bf63e}
04-15 09:53:07.827  3756  3756 I HBD     : HoneyBoardService [PF_CL][onFinishInput]  1 ms
04-15 09:53:07.827  3756  3756 I HBD     : HoneyBoardService [IMI] onStartInput - caller pid : 18572 , caller uid : 10746
04-15 09:53:07.827  3756  3756 I HBD     : k updateConfigs
04-15 09:53:07.827  3756  3756 I HBD     : k isEnabledNightMode : true
04-15 09:53:07.827  3756  3756 I HBD     : a IC have been binding, RemoteInputConnection{idHash=#1e17a6d}
04-15 09:53:07.827  3756  3756 I HBD     : h [EditorInputType]setPrivateImeOptionsToTable privateImeOptions ( null )
04-15 09:53:07.827  3756  3756 I HBD     : b incognitoMode : false
04-15 09:53:07.827  3756  3756 I HBD     : c needOff = true , isForceOff = false, isNullInputClass : true
04-15 09:53:07.827  3756  3756 I HBD     : h getDefaultInputRange : UNKNOWN
04-15 09:53:07.827  3756  3756 I HBD     : h getDefaultInputRange : UNKNOWN
04-15 09:53:07.827  3756  3756 I HBD     : h getDefaultInputRange : UNKNOWN
04-15 09:53:07.827 18572 18626 D InputTransport: Input channel constructed: 'ClientS', fd=146
04-15 09:53:07.827  1151  1151 I SurfaceFlinger: [LayerHierarchy{RequestedLayerState{com.google.android.calendar/com.google.android.calendar.allinone.AllInOneCalendarActivity$_3979#18273} no children}] reparent to OffscreenRoot
04-15 09:53:07.827  1151  1151 I SurfaceFlinger: [LayerHierarchy{RequestedLayerState{com.google.android.calendar/com.google.android.calendar.allinone.AllInOneCalendarActivity$_3979#18273} no children}] RelativeParent to null
04-15 09:53:07.828  2000  2194 I VRI[app]@cda25a1: mWNT: t=0xb4000074fc738110 mBlastBufferQueue=0xb40000741d269720 fn= 5 HdrRenderState mRenderHdrSdrRatio=1.0 caller= android.view.SyncRtSurfaceTransactionApplier.applyTransaction:100 android.view.SyncRtSurfaceTransactionApplier.lambda$scheduleApply$0:73 android.view.SyncRtSurfaceTransactionApplier.$r8$lambda$afI4fXg3U3-nBZQEDQMiNy-B06s:0
04-15 09:53:07.829  1151  1151 I SurfaceFlinger: id=18273 Removed com.google.android.calendar/com.google.android.calendar.allinone.AllInOneCalendarActivity$_3979#18273 (175)
04-15 09:53:07.829  3756  3756 I HBD     : c needOff = true , isForceOff = false, isNullInputClass : true
04-15 09:53:07.829  3756  3756 I HBD     : c update cached prediction status : false
04-15 09:53:07.829  3756  3756 I HBD     : h getDefaultInputRange : UNKNOWN
04-15 09:53:07.829  3756  3756 I HBD     : a currentState : 0
04-15 09:53:07.829  3756  3756 I HBD     : a [UpdatePolicy] [post] a: 0 cl: 65538 kit: [0/0] vt: 0 ir: 1
04-15 09:53:07.830  1151  1200 I SurfaceFlinger: id=18298 createSurf, flag=24004, Surface(name=1d7a05f InputMethod)/@0x5f77a9d - animation-leash of insets_animation#18298
04-15 09:53:07.830  1542  3015 W Binder  : Outgoing transactions from this process must be FLAG_ONEWAY
04-15 09:53:07.830  1542  3015 W Binder  : java.lang.Throwable
04-15 09:53:07.830  1542  3015 W Binder  : 	at android.os.BinderProxy.transact(BinderProxy.java:566)
04-15 09:53:07.830  1542  3015 W Binder  : 	at android.bluetooth.IBluetoothGatt$Stub$Proxy.getAdvertisingSetUids(IBluetoothGatt.java:1678)
04-15 09:53:07.830  1542  3015 W Binder  : 	at android.bluetooth.BluetoothAdapter.getAdvertisingSetUids(BluetoothAdapter.java:8476)
04-15 09:53:07.830  1542  3015 W Binder  : 	at android.bluetooth.BluetoothAdapter.getHWUsingApps(BluetoothAdapter.java:1342)
04-15 09:53:07.830  1542  3015 W Binder  : 	at com.android.server.am.mars.filter.filter.BlueToothConnectedFilter.updateBTUsingPackages(qb/106579837 41bd6649a5bb053b68d2b16c1bbb7c9198eb32665b636c0bbec506912035f7b6:22)
04-15 09:53:07.830  1542  3015 W Binder  : 	at com.android.server.am.FreecessController.freeze(qb/106579837 41bd6649a5bb053b68d2b16c1bbb7c9198eb32665b636c0bbec506912035f7b6:117)
04-15 09:53:07.830  1542  3015 W Binder  : 	at com.android.server.am.FreecessHandler$MainHandler.handleLcdOnFreeze(qb/106579837 41bd6649a5bb053b68d2b16c1bbb7c9198eb32665b636c0bbec506912035f7b6:55)
04-15 09:53:07.830  1542  3015 W Binder  : 	at com.android.server.am.FreecessHandler$MainHandler.handleMessage(qb/106579837 41bd6649a5bb053b68d2b16c1bbb7c9198eb32665b636c0bbec506912035f7b6:793)
04-15 09:53:07.830  1542  3015 W Binder  : 	at android.os.Handler.dispatchMessage(Handler.java:110)
04-15 09:53:07.830  1542  3015 W Binder  : 	at android.os.Looper.loopOnce(Looper.java:273)
04-15 09:53:07.830  1542  3015 W Binder  : 	at android.os.Looper.loop(Looper.java:363)
04-15 09:53:07.830  1542  3015 W Binder  : 	at android.os.HandlerThread.run(HandlerThread.java:85)
04-15 09:53:07.831  3756  3756 I HBD     : a [NRIC] resetNoResponseState
04-15 09:53:07.831  3756  3756 I HBD     : c needOff = true , isForceOff = false, isNullInputClass : true
04-15 09:53:07.831  3756  3756 I HBD     : c update cached prediction status : false
04-15 09:53:07.831  3756  3756 I HBD     : b [AiWriter] setContact : com.catfact.app
04-15 09:53:07.831  3756  3756 I HBD     : a [AiWriter] setContact : com.catfact.app
04-15 09:53:07.831  1542  2162 I ImeTracker: system_server:e88ca8e5: onRequestHide at ORIGIN_SERVER reason IME_REQUESTED_CHANGED_LISTENER fromUser false
04-15 09:53:07.831  3756  3756 I HBD     : o0 EBD si S 0
04-15 09:53:07.831  3756  3756 I HBD     : r updateContactDBLanguage : 65538
04-15 09:53:07.831  3756  3756 I HBD     : g isCoverDisplay : false, cached selected json info : SelectedLanguageInfo(languageVersion=4.2, currentLanguageOrder=0, selectedLanguageList=[SelectedLanguage(id=65538, isUsed=true, engName=English, inputType=qwerty, activeOptionList=[auto_replace, auto_spacing, writing_assistant], bilingualId=-1), SelectedLanguage(id=5308416, isUsed=true, engName=Arabic, inputType=qwerty, activeOptionList=[auto_replace, auto_spacing], bilingualId=-1)])
04-15 09:53:07.831  3756  3756 I HBD     : g updateSelectedLanguageCache is succeeded. English
04-15 09:53:07.832  3756  3756 I HBD     : l writeToFile path : /data/user/0/com.samsung.android.honeyboard/files/selected.json
04-15 09:53:07.832  3756  3756 I HBD     : l writeToFile json : {"version":"4.2","currentLanguageOrder":0,"selected":[{"activeOptionList":["auto_replace","auto_spacing","writing_assistant"],"bilingualId":-1,"engName":"English","id":65538,"inputType":"qwerty","isUsed":true},{"activeOptionList":["auto_replace","auto_spacing"],"bilingualId":-1,"engName":"Arabic","id":5308416,"inputType":"qwerty","isUsed":true}]}
04-15 09:53:07.832  1542  1582 D PkgPredictorService-SecIpmManagerServiceImpl: bg information pid:3979 uid:10279 pkgName:com.google.android.calendar
04-15 09:53:07.833  1542  1584 I ImeTracker: system_server:e88ca8e5: onCancelled at PHASE_SERVER_SHOULD_HIDE
04-15 09:53:07.833  1542  1585 D SurfaceComposerClient: setCornerRadius ## c47f151 Splash Screen com.catfact.app#18286 cornerRadius=0.000000
04-15 09:53:07.833  1542  1585 D SurfaceComposerClient: setCornerRadius ## ebc2d87 com.catfact.app/com.catfact.app.MainActivity#18293 cornerRadius=0.000000
04-15 09:53:07.833  1542  1585 D SurfaceComposerClient: setCornerRadius ## c47f151 Splash Screen com.catfact.app#18286 cornerRadius=0.000000
04-15 09:53:07.833  1542  1585 D SurfaceComposerClient: setCornerRadius ## ebc2d87 com.catfact.app/com.catfact.app.MainActivity#18293 cornerRadius=0.000000
04-15 09:53:07.834  3756  3756 I HBD     : l writeToFile complete
04-15 09:53:07.834  3756 18627 I HBD     : l Write selected lang for DE
04-15 09:53:07.834  3756 18627 I HBD     : l writeToFile path : /data/user_de/0/com.samsung.android.honeyboard/files/selected.json
04-15 09:53:07.835  3756 18627 I HBD     : l writeToFile json : {"version":"4.2","currentLanguageOrder":0,"selected":[{"activeOptionList":["auto_replace","auto_spacing","writing_assistant"],"bilingualId":-1,"engName":"English","id":65538,"inputType":"qwerty","isUsed":true},{"activeOptionList":["auto_replace","auto_spacing"],"bilingualId":-1,"engName":"Arabic","id":5308416,"inputType":"qwerty","isUsed":true}]}
04-15 09:53:07.835  3756  3756 I HBD     : g isCoverDisplay : false, cached selected json info : SelectedLanguageInfo(languageVersion=4.2, currentLanguageOrder=0, selectedLanguageList=[SelectedLanguage(id=65538, isUsed=true, engName=English, inputType=qwerty, activeOptionList=[auto_replace, auto_spacing, writing_assistant], bilingualId=-1), SelectedLanguage(id=5308416, isUsed=true, engName=Arabic, inputType=qwerty, activeOptionList=[auto_replace, auto_spacing], bilingualId=-1)])
04-15 09:53:07.835  3756  3756 I HBD     : n updateActionOptionFromPreference isCover = false
04-15 09:53:07.835  3756  3756 I HBD     : n before lang.activeOptionList =  [auto_replace, auto_spacing, writing_assistant]
04-15 09:53:07.836  1151  1151 I SurfaceFlinger: destroyed com.google.android.calendar/com.google.android.calendar.allinone.AllInOneCalendarActivity$_3979#18273
04-15 09:53:07.836  1151  1151 I SurfaceFlinger: [Surface(name=1d7a05f InputMethod)/@0x5f77a9d - animation-leash of insets_animation#18298] attach to parent LayerHierarchy{RequestedLayerState{WindowToken{d080c22 type=2011 android.os.Binder@459a5ed}#120 parentId=15} 2 children}
04-15 09:53:07.837  2000  2195 I VRI[app]@cda25a1: mWNT: t=0xb4000074fc7d6550 mBlastBufferQueue=0xb40000741d269720 fn= 6 HdrRenderState mRenderHdrSdrRatio=1.0 caller= android.view.SyncRtSurfaceTransactionApplier.applyTransaction:100 android.view.SyncRtSurfaceTransactionApplier.lambda$scheduleApply$0:73 android.view.SyncRtSurfaceTransactionApplier.$r8$lambda$afI4fXg3U3-nBZQEDQMiNy-B06s:0
04-15 09:53:07.837  1151  1151 I Layer   : id=18273 Destroyed com.google.android.calendar/com.google.android.calendar.allinone.AllInOneCalendarActivity$_3979#18273
04-15 09:53:07.840  3756  3756 I HBD     : n after lang.activeOptionList = [auto_replace, auto_spacing, writing_assistant]
04-15 09:53:07.840  3756  3756 I HBD     : l writeToFile path : /data/user/0/com.samsung.android.honeyboard/files/selected.json
04-15 09:53:07.840  3756  3756 I HBD     : l writeToFile json : {"version":"4.2","currentLanguageOrder":0,"selected":[{"activeOptionList":["auto_replace","auto_spacing","writing_assistant"],"bilingualId":-1,"engName":"English","id":65538,"inputType":"qwerty","isUsed":true},{"activeOptionList":["auto_replace","auto_spacing"],"bilingualId":-1,"engName":"Arabic","id":5308416,"inputType":"qwerty","isUsed":true}]}
04-15 09:53:07.841  3756 18627 I HBD     : l writeToFile complete
04-15 09:53:07.842  3756  3756 I HBD     : l writeToFile complete
04-15 09:53:07.842  3756  3756 I HBD     : m normal : updateLanguage : English
04-15 09:53:07.842  3756  3756 I HBD     : g isCoverDisplay : false, cached selected json info : SelectedLanguageInfo(languageVersion=4.2, currentLanguageOrder=0, selectedLanguageList=[SelectedLanguage(id=65538, isUsed=true, engName=English, inputType=qwerty, activeOptionList=[auto_replace, auto_spacing, writing_assistant], bilingualId=-1), SelectedLanguage(id=5308416, isUsed=true, engName=Arabic, inputType=qwerty, activeOptionList=[auto_replace, auto_spacing], bilingualId=-1)])
