04-15 09:53:12.597 18572 18572 I InsetsController: onStateChanged: host=com.catfact.app/com.catfact.app.MainActivity, from=android.view.ViewRootImpl.onInsetsStateChanged:3026, state=InsetsState: {mDisplayFrame=Rect(0, 0 - 720, 1544), mDisplayCutout=DisplayCutout{insets=Rect(0, 50 - 0, 0) waterfall=Insets{left=0, top=0, right=0, bottom=0} boundingRect={Bounds=[Rect(0, 0 - 0, 0), Rect(341, 0 - 379, 50), Rect(0, 0 - 0, 0), Rect(0, 0 - 0, 0)]} cutoutPathParserInfo={CutoutPathParserInfo{displayWidth=720 displayHeight=1544 physicalDisplayWidth=720 physicalDisplayHeight=1544 density={1.875} cutoutSpec={M 0,0 H -10 V 26.66666666666667 H 10 V 0 H 0 Z @dp} rotation={0} scale={1.0} physicalPixelDisplaySizeRatio={1.0}}} sideOverrides={}}, mRoundedCorners=RoundedCorners{[RoundedCorner{position=TopLeft, radius=8, center=Point(8, 8)}, RoundedCorner{position=TopRight, radius=8, center=Point(712, 8)}, RoundedCorner{position=BottomRight, radius=8, center=Point(712, 1536)}, RoundedCorner{position=BottomLeft, radius=8, center=Point(8, 1536)}]}  mRoundedCornerFrame=Rect(0, 0 - 720, 1544), mPrivacyIndicatorBounds=PrivacyIndicatorBounds {static bounds=Rect(637, 0 - 720, 50) rotation=0}, mDisplayShape=DisplayShape{ spec=-311912193 displayWidth=720 displayHeight=1544 physicalPixelDisplaySizeRatio=0.5 rotation=0 offsetX=0 offsetY=0 scale=1.0}, mSources= { InsetsSource: {ec730001 mType=navigationBars mFrame=[0,1454][720,1544] mVisible=true mFlags= mSideHint=BOTTOM mBoundingRects=null}, InsetsSource: {ec730004 mType=systemGestures mFrame=[0,0][0,0] mVisible=true mFlags= mSideHint=NONE mBoundingRects=null}, InsetsSource: {ec730005 mType=mandatorySystemGestures mFrame=[0,1454][720,1544] mVisible=true mFlags= mSideHint=BOTTOM mBoundingRects=null}, InsetsSource: {ec730006 mType=tappableElement mFrame=[0,1454][720,1544] mVisible=true mFlags= mSideHint=BOTTOM mBoundingRects=null}, InsetsSource: {ec730024 mType=systemGestures mFrame=[0,0][0,0] mVisible=true mFlags= mSideHint=NONE mBoundingRects=null}, InsetsSource: {3 mType=ime mFrame=[0,0][0,0] mVisible=false mFlags= mSideHint=NONE mBoundingRects=null}, InsetsSource: {27 mType=displayCutout mFrame=[0,0][720,50] mVisible=true mFlags= mSideHint=TOP mBoundingRects=null}, InsetsSource: {43950000 mType=statusBars mFrame=[0,0][720,50] mVisible=true mFlags= mSideHint=TOP mBoundingRects=null}, InsetsSource: {43950005 mType=mandatorySystemGestures mFrame=[0,0][720,73] mVisible=true mFlags= mSideHint=TOP mBoundingRects=null}, InsetsSource: {43950006 mType=tappableElement mFrame=[0,0][720,50] mVisible=true mFlags= mSideHint=TOP mBoundingRects=null} }
04-15 09:53:12.597  2000  2000 D DisplayLifecycle: updateDisplay id = 0
04-15 09:53:12.597  2000  2125 D StackScroller: onDisplayChanged for predraw skip to 2
04-15 09:53:12.597  2461 30001 I HoneySpace.Memory-Monitor: current state = 2, didTrim = false
04-15 09:53:12.598  1151  2758 I SurfaceFlinger: id=18414 createSurf, flag=84000, c3cb214 ActivityRecordInputSink com.catfact.app/.MainActivity#18414
04-15 09:53:12.598  1144  1154 E HeatmapThread: ECT Thread time in milliseconds: 1776239592
04-15 09:53:12.598  1144  1154 D HeatmapThread: !@ batteryplugType : 0
04-15 09:53:12.598  1144  1154 D HeatmapThread: !@ batteryLevel : 0  batteryTemperature : 0
04-15 09:53:12.598  1144  1154 D HeatmapThread: !@ Heatmap currtime: 29603993
04-15 09:53:12.598  1144  1154 D HeatmapThread: !@ Heatmap prevtime: 29603990
04-15 09:53:12.598  1144  1154 D HeatmapThread: !@ Heatmap plugstarttime: 35791394
04-15 09:53:12.598  1144  1154 D HeatmapThread: !@ Heatmap prevv_dsoh_update_time: 29597770
04-15 09:53:12.598 18572 18572 I VRI[MainActivity]@22ae84b: synced displayState. AttachInfo displayState=2
04-15 09:53:12.598  1144  1154 E HeatmapThread: !@Could not open '/efs/FactoryApp/bsoh', errno = 13
04-15 09:53:12.598  1144  1154 E HeatmapThread: !@ CAM Could not access BSOH EFS
04-15 09:53:12.598  1144  1154 E HeatmapThread: !@ CAM New BSOH: 0
04-15 09:53:12.598 18572 18572 I VRI[MainActivity]@22ae84b: setView = com.android.internal.policy.DecorView@e9078e6 IsHRR=false mFlingFrameRateChange=0 TM=true
04-15 09:53:12.604  1151  1151 I SurfaceFlinger: RequestedLayer [27c92d4 com.catfact.app/com.catfact.app.MainActivity#18413] hidden!! flag  from(1) --> to(0)
04-15 09:53:12.604  1151  1151 I SurfaceFlinger: [c3cb214 ActivityRecordInputSink com.catfact.app/.MainActivity#18414] attach to parent LayerHierarchy{RequestedLayerState{ActivityRecord{121428864 u0 com.catfact.app/.MainActivity t3868}#18407 parentId=18406} 3 children}
04-15 09:53:12.604  1151  1200 I SurfaceFlinger: id=18415 createSurf, flag=24000, Surface(name=3edafdc StatusBar)/@0x3b919ed - animation-leash of insets_animation#18415
04-15 09:53:12.605  1151  1199 I SurfaceFlinger: id=18416 createSurf, flag=24000, Surface(name=8c5cec7 NavigationBar0)/@0xa68870 - animation-leash of insets_animation#18416
04-15 09:53:12.607  1542  1585 D SurfaceComposerClient: setCornerRadius ## e38f40c Splash Screen com.catfact.app#18408 cornerRadius=0.000000
04-15 09:53:12.607  1542  1585 D SurfaceComposerClient: setCornerRadius ## 27c92d4 com.catfact.app/com.catfact.app.MainActivity#18413 cornerRadius=0.000000
04-15 09:53:12.607  2461  4417 I HoneySpace.RecentTasks: onRecentTasksChanged
04-15 09:53:12.611  2461 30001 I HoneySpace.RecentTasks: onRunningTaskAppeared
04-15 09:53:12.612  1151  1151 E SurfaceFlinger: alpha changed 0.000 -> 0.011 - DimTransitionLayer for Surface(name=Task=3868)/@0x71ea9d2#18412
04-15 09:53:12.612  1151  1151 I SurfaceFlinger: [LayerHierarchy{RequestedLayerState{8c5cec7 NavigationBar0#91 parentId=18416} 1 children}] reparent to LayerHierarchy{RequestedLayerState{Surface(name=8c5cec7 NavigationBar0)/@0xa68870 - animation-leash of insets_animation#18416 parentId=90} 1 children}
04-15 09:53:12.612  1151  1151 I SurfaceFlinger: [LayerHierarchy{RequestedLayerState{3edafdc StatusBar#95 parentId=18415} 1 children}] reparent to LayerHierarchy{RequestedLayerState{Surface(name=3edafdc StatusBar)/@0x3b919ed - animation-leash of insets_animation#18415 parentId=94} 1 children}
04-15 09:53:12.612  1151  1151 I SurfaceFlinger: [LayerHierarchy{RequestedLayerState{Surface(name=8c5cec7 NavigationBar0)/@0xa68870 - animation-leash of insets_animation#18402} no children}] reparent to OffscreenRoot
04-15 09:53:12.612  1151  1151 I SurfaceFlinger: [LayerHierarchy{RequestedLayerState{Surface(name=8c5cec7 NavigationBar0)/@0xa68870 - animation-leash of insets_animation#18402} no children}] RelativeParent to null
04-15 09:53:12.612  1151  1151 I SurfaceFlinger: [LayerHierarchy{RequestedLayerState{Surface(name=3edafdc StatusBar)/@0x3b919ed - animation-leash of insets_animation#18401} no children}] reparent to OffscreenRoot
04-15 09:53:12.612  1151  1151 I SurfaceFlinger: [LayerHierarchy{RequestedLayerState{Surface(name=3edafdc StatusBar)/@0x3b919ed - animation-leash of insets_animation#18401} no children}] RelativeParent to null
04-15 09:53:12.612  1151  1151 I SurfaceFlinger: [Surface(name=3edafdc StatusBar)/@0x3b919ed - animation-leash of insets_animation#18415] attach to parent LayerHierarchy{RequestedLayerState{WindowToken{7a8fc4f type=2000 android.os.BinderProxy@a9d7329}#94 parentId=17} 1 children}
04-15 09:53:12.612  1151  1151 I SurfaceFlinger: [Surface(name=8c5cec7 NavigationBar0)/@0xa68870 - animation-leash of insets_animation#18416] attach to parent LayerHierarchy{RequestedLayerState{WindowToken{fc018e2 type=2019 android.os.BinderProxy@bda3ac4}#90 parentId=34} 1 children}
04-15 09:53:12.615 18572 18831 D ProfileInstaller: Installing profile for com.catfact.app
04-15 09:53:12.616  2000  2120 I VRI[app]@3481f9c: onActiveControlsChanged, removed=false, mAdded=true, caller=android.view.ViewRootImpl.handleInsetsControlChanged:3002 android.view.ViewRootImpl$ViewRootHandler.handleMessageImpl:8352 android.view.ViewRootImpl$ViewRootHandler.handleMessage:8301 android.os.Handler.dispatchMessage:110 android.os.Looper.loopOnce:273
04-15 09:53:12.616  2000  2120 I InsetsSourceConsumer: applyRequestedVisibilityToControl: visible=true, type=statusBars, host=Splash Screen com.catfact.app
04-15 09:53:12.616  2000  2120 I InsetsSourceConsumer: applyRequestedVisibilityToControl: visible=true, type=navigationBars, host=Splash Screen com.catfact.app
04-15 09:53:12.620  1151  1151 D SurfaceFlinger: Display 4633128672291735999 HWC layers:
04-15 09:53:12.620  1151  1151 D SurfaceFlinger:        CLIENT |           17089674871008 | 00002102 | RGBA_8888    |   12.0    0.0  720.0 1544.0 |    0    0  720 1544 | com.google.android.calendar/com.goog[...]AllInOneCalendarActivity$_3979#18400 (8)
04-15 09:53:12.620  1151  1151 D SurfaceFlinger:   SOLID_COLOR |                        0 | 00000000 | N/A          |    0.0    0.0    0.0    0.0 |    0    0  720 1544 | DimTransitionLayer for Surface(name=Task=3868)/@0x71ea9d2#18412 (0)
04-15 09:53:12.620  1151  1151 D SurfaceFlinger:        DEVICE |            8589934655745 | 00002100 | RGBA_8888    |    0.0    0.0   37.0 1544.0 |  683    0  720 1544 | Splash Screen com.catfact.app$_2000#18410 (1)
04-15 09:53:12.620  1151  1151 D SurfaceFlinger:        DEVICE |            8589934654687 | 00002100 | RGBA_8888    |    0.0    0.0  720.0   50.0 |    0    0  720   50 | StatusBar$_2000#102 (26090)
04-15 09:53:12.620  1151  1151 D SurfaceFlinger:        DEVICE |           10569914518889 | 00002100 | RGBA_8888    |    0.0    0.0   67.0  353.0 |  653  192  720  545 | com.sec.android.app.launcher/com.sam[...]l.app.CocktailBarService$_2461#16495 (1)
04-15 09:53:12.620  1151  1151 D SurfaceFlinger:        DEVICE |            8589934654693 | 00002100 | RGBA_8888    |
04-15 09:53:12.620  1151  1151 D SurfaceFlinger: 0.0    0.0  720.0   90.0 |    0 1454  720 1544 | NavigationBar0$_2000#98 (16891)
04-15 09:53:12.620  1151  1151 D SurfaceFlinger:
04-15 09:53:12.622  1151  1200 I SurfaceFlinger: id=18401 Removed Surface(name=3edafdc StatusBar)/@0x3b919ed - animation-leash of insets_animation#18401 (194)
04-15 09:53:12.624  1151  1200 I SurfaceFlinger: id=18402 Removed Surface(name=8c5cec7 NavigationBar0)/@0xa68870 - animation-leash of insets_animation#18402 (194)
04-15 09:53:12.628  1151  1151 I SurfaceFlinger: destroyed Surface(name=8c5cec7 NavigationBar0)/@0xa68870 - animation-leash of insets_animation#18402
04-15 09:53:12.628  1151  1151 I SurfaceFlinger: destroyed Surface(name=3edafdc StatusBar)/@0x3b919ed - animation-leash of insets_animation#18401
04-15 09:53:12.629  1151  1151 I Layer   : id=18402 Destroyed Surface(name=8c5cec7 NavigationBar0)/@0xa68870 - animation-leash of insets_animation#18402
04-15 09:53:12.629  1151  1151 I Layer   : id=18401 Destroyed Surface(name=3edafdc StatusBar)/@0x3b919ed - animation-leash of insets_animation#18401
04-15 09:53:12.659  2461  4417 I HoneySpace.RecentTasks: onRecentTasksChanged
04-15 09:53:12.660  3963  4335 I SemDvfsHyPerManager: acquire hyper - BaseTABoost/3963@25, type = -999
04-15 09:53:12.661  1059  1180 I HYPER-HAL: [RequestManager.cpp]acquire(): Acquired ID : 7954091  [3963 / 25]    HINT :      list : [TABoost / 1]
04-15 09:53:12.662  3723 15452 I [AirCmd]_ActivitySwitchDetector: onTaskStackChanged : componentName - ComponentInfo{com.catfact.app/com.catfact.app.MainActivity}
04-15 09:53:12.706 18572 18572 D ConnectivityManager: StackLog: [android.net.ConnectivityManager.sendRequestForNetwork(ConnectivityManager.java:4740)] [android.net.ConnectivityManager.sendRequestForNetwork(ConnectivityManager.java:4908)] [android.net.ConnectivityManager.registerNetworkCallback(ConnectivityManager.java:5325)] [android.net.ConnectivityManager.registerNetworkCallback(ConnectivityManager.java:5295)] [com.catfact.app.core.designsystem.util.ConnectivityObserver$observe$1.invokeSuspend(ConnectivityObserver.kt:40)] [com.catfact.app.core.designsystem.util.ConnectivityObserver$observe$1.invoke(Unknown Source:14)] [com.catfact.app.core.designsystem.util.ConnectivityObserver$observe$1.invoke(Unknown Source:12)] [kotlinx.coroutines.flow.ChannelFlowBuilder.collectTo$suspendImpl(Builders.kt:316)] [kotlinx.coroutines.flow.ChannelFlowBuilder.collectTo(Unknown Source:4)] [kotlinx.coroutines.flow.CallbackFlowBuilder.collectTo(Builders.kt:330)] [kotlinx.coroutines.flow.internal.ChannelFlow$collectToFun$1.invokeSuspend(ChannelFlow.kt:56)] [kotlin.coroutines.jvm.internal.BaseContinuationImpl.resumeWith(ContinuationImpl.kt:34)] [androidx.compose.ui.test.ApplyingContinuationInterceptor$SendApplyContinuation.resumeWith(ApplyingContinuationInterceptor.kt:52)] [androidx.compose.ui.test.FrameDeferringContinuationInterceptor$FrameDeferredContinuation.resumeWith(FrameDeferringContinuationInterceptor.jvm.kt:187)] [kotlin.coroutines.ContinuationKt.startCoroutine(Continuation.kt:129)] [kotlinx.coroutines.CoroutineStart.invoke(CoroutineStart.kt:359)] [kotlinx.coroutines.AbstractCoroutine.start(AbstractCoroutine.kt:124)] [kotlinx.coroutines.channels.ProduceKt.produce(Produce.kt:281)] [kotlinx.coroutines.channels.ProduceKt.produce$default(Produce.kt:269)] [kotlinx.coroutines.flow.internal.ChannelFlow.produceImpl(ChannelFlow.kt:115)] [kotlinx.coroutines.flow.internal.ChannelFlow$collect$2.invokeSuspend(ChannelFlow.kt:119)] [kotlinx.coroutines.flow.internal.ChannelFlow$collect$2.invoke(Unknown Source:12)] [kotlinx.coroutines.flow.internal.ChannelFlow$collect$2.invoke(Unknown Source:10)] [kotlinx.coroutines.intrinsics.UndispatchedKt.startUndispatchedOrReturn(Undispatched.kt:42)] [kotlinx.coroutines.CoroutineScopeKt.coroutineScope(CoroutineScope.kt:261)] [kotlinx.coroutines.flow.internal.ChannelFlow.collect$suspendImpl(ChannelFlow.kt:118)] [kotlinx.coroutines.flow.internal.ChannelFlow.collect(Unknown Source:4)] [kotlinx.coroutines.flow.DistinctFlowImpl.collect(Distinct.kt:68)] [kotlinx.coroutines.flow.internal.ChannelFlowOperatorImpl.flowCollect(ChannelFlow.kt:191)] [kotlinx.coroutines.flow.internal.ChannelFlowOperator.collectTo$suspendImpl(ChannelFlow.kt:153)] [kotlinx.coroutines.flow.internal.ChannelFlowOperator.collectTo(Unknown Source:4)] [kotlinx.coroutines.flow.internal.ChannelFlow$collectToFun$1.invokeSuspend(ChannelFlow.kt:56)] [kotlin.coroutines.jvm.internal.BaseContinuationImpl.resumeWith(ContinuationImpl.kt:34)] [androidx.compose.ui.test.ApplyingContinuationInterceptor$SendApplyContinuation.resumeWith(ApplyingContinuationInterceptor.kt:52)] [androidx.compose.ui.test.FrameDeferringContinuationInterceptor$FrameDeferredContinuation.resumeWith(FrameDeferringContinuationInterceptor.jvm.kt:187)] [kotlin.coroutines.ContinuationKt.startCoroutine(Continuation.kt:129)] [kotlinx.coroutines.CoroutineStart.invoke(CoroutineStart.kt:359)] [kotlinx.coroutines.AbstractCoroutine.start(AbstractCoroutine.kt:124)] [kotlinx.coroutines.channels.ProduceKt.produce(Produce.kt:281)] [kotlinx.coroutines.channels.ProduceKt.produce$default(Produce.kt:269)] [kotlinx.coroutines.flow.internal.ChannelFlow.produceImpl(ChannelFlow.kt:115)] [kotlinx.coroutines.flow.internal.ChannelFlow$collect$2.invokeSuspend(ChannelFlow.kt:119)] [kotlinx.coroutines.flow.internal.ChannelFlow$collect$2.invoke(Unknown Source:12)] [kotlinx.coroutines.flow.internal.ChannelFlow$collect$2.invoke(Unknown Source:10)] [kotlinx.coroutines.intrinsics.UndispatchedKt.startUndispatchedOrReturn(Undispatched.kt:42)] [kotlinx.coroutines.CoroutineScopeKt.coroutineScope(CoroutineScope.kt:261)] [kotlinx.corou
04-15 09:53:12.712  1542  1796 D ConnectivityService: Rematched networks [computed 1ms] [applied 0ms] [issued 2]
04-15 09:53:12.712  1542  1796 D ConnectivityService: NetworkReassignment : no changes
04-15 09:53:12.733  3979  3988 I ndroid.calendar: Background concurrent mark compact GC freed 36MB AllocSpace bytes, 0(0B) LOS objects, 66% free, 15MB/47MB, paused 1.568ms,2.645ms total 122.253ms
04-15 09:53:12.784  1542  2162 I WindowManager: Relayout Window{27c92d4 u0 com.catfact.app/com.catfact.app.MainActivity}: viewVisibility=0 req=720x1544 ty=1 d0
04-15 09:53:12.784  1151  2758 I SurfaceFlinger: id=18417 createSurf, flag=44004, com.catfact.app/com.catfact.app.MainActivity$_18572#18417
04-15 09:53:12.786  1542  2162 D SurfaceComposerClient: setCornerRadius ## e38f40c Splash Screen com.catfact.app#18408 cornerRadius=0.000000
04-15 09:53:12.786  1542  2162 D SurfaceComposerClient: setCornerRadius ## 27c92d4 com.catfact.app/com.catfact.app.MainActivity#18413 cornerRadius=0.000000
04-15 09:53:12.786  1542  2162 D SurfaceComposerClient: setCornerRadius ## e38f40c Splash Screen com.catfact.app#18408 cornerRadius=0.000000
04-15 09:53:12.786  1542  2162 D SurfaceComposerClient: setCornerRadius ## 27c92d4 com.catfact.app/com.catfact.app.MainActivity#18413 cornerRadius=0.000000
04-15 09:53:12.787  1151  1151 I SurfaceFlinger: [com.catfact.app/com.catfact.app.MainActivity$_18572#18417] attach to parent LayerHierarchy{RequestedLayerState{27c92d4 com.catfact.app/com.catfact.app.MainActivity#18413 parentId=18407} 1 children}
04-15 09:53:12.787  1151  1200 I SurfaceFlinger: id=18418 createSurf, flag=24000, Surface(name=3edafdc StatusBar)/@0x3b919ed - animation-leash of insets_animation#18418
04-15 09:53:12.789  1151  1199 I SurfaceFlinger: id=18419 createSurf, flag=24000, Surface(name=8c5cec7 NavigationBar0)/@0xa68870 - animation-leash of insets_animation#18419
04-15 09:53:12.790  1542  2162 I SystemKeyManager: requested systemKeyInfo size=1 focusedWindow=com.catfact.app/com.catfact.app.MainActivity
04-15 09:53:12.790  1542  2162 I SystemKeyManager: requested systemKeyInfo size=1 focusedWindow=com.catfact.app/com.catfact.app.MainActivity
04-15 09:53:12.791  1542  2162 I WindowManager: Relayout hash=27c92d4, pid=18572, syncId=-1: mAttrs={(0,0)(fillxfill) sim={adjust=pan forwardNavigation} layoutInDisplayCutoutMode=always ty=BASE_APPLICATION wanim=0x1030317
04-15 09:53:12.791  1542  2162 I WindowManager:   fl=81810100
04-15 09:53:12.791  1542  2162 I WindowManager:   pfl=100088c0
04-15 09:53:12.791  1542  2162 I WindowManager:   bhv=1
04-15 09:53:12.791  1542  2162 I WindowManager:   fitSides=0
04-15 09:53:12.791  1542  2162 I WindowManager:   frameRateBoostOnTouch=true
04-15 09:53:12.791  1542  2162 I WindowManager:   dvrrWindowFrameRateHint=true naviIconColor=0}
04-15 09:53:12.792 18572 18572 I BLASTBufferQueue_Java: new BLASTBufferQueue, mName= VRI[MainActivity]@22ae84b mNativeObject= 0xb40000741c594aa0 caller= android.view.ViewRootImpl.updateBlastSurfaceIfNeeded:3585 android.view.ViewRootImpl.relayoutWindow:11685 android.view.ViewRootImpl.performTraversals:4804 android.view.ViewRootImpl.doTraversal:3924 android.view.ViewRootImpl$TraversalRunnable.run:12903 android.view.Choreographer$CallbackRecord.run:1901 android.view.Choreographer$CallbackRecord.run:1910 android.view.Choreographer.doCallbacks:1367 android.view.Choreographer.doFrame:1292 android.view.Choreographer$FrameDisplayEventReceiver.run:1870
04-15 09:53:12.792 18572 18572 I BLASTBufferQueue_Java: update, w= 720 h= 1544 mName = VRI[MainActivity]@22ae84b mNativeObject= 0xb40000741c594aa0 sc.mNativeObject= 0xb40000751c4ed050 format= -1 caller= android.view.ViewRootImpl.updateBlastSurfaceIfNeeded:3590 android.view.ViewRootImpl.relayoutWindow:11685 android.view.ViewRootImpl.performTraversals:4804 android.view.ViewRootImpl.doTraversal:3924 android.view.ViewRootImpl$TraversalRunnable.run:12903 android.view.Choreographer$CallbackRecord.run:1901
04-15 09:53:12.792 18572 18572 I VRI[MainActivity]@22ae84b: Relayout returned: old=(0,0,720,1544) new=(0,0,720,1544) relayoutAsync=false req=(720,1544)0 dur=8 res=0x3 s={true 0xb40000748c55ad80} ch=true seqId=0
04-15 09:53:12.793 18572 18572 I VRI[MainActivity]@22ae84b: performConfigurationChange setNightDimText nightDimLevel=0
04-15 09:53:12.793 18572 18572 D VRI[MainActivity]@22ae84b: mThreadedRenderer.initialize() mSurface={isValid=true 0xb40000748c55ad80} hwInitialized=true
04-15 09:53:12.795  1151  1151 I SurfaceFlinger: [LayerHierarchy{RequestedLayerState{8c5cec7 NavigationBar0#91 parentId=18419} 1 children}] reparent to LayerHierarchy{RequestedLayerState{Surface(name=8c5cec7 NavigationBar0)/@0xa68870 - animation-leash of insets_animation#18419 parentId=90} 1 children}
04-15 09:53:12.796  1151  1151 I SurfaceFlinger: [LayerHierarchy{RequestedLayerState{3edafdc StatusBar#95 parentId=18418} 1 children}] reparent to LayerHierarchy{RequestedLayerState{Surface(name=3edafdc StatusBar)/@0x3b919ed - animation-leash of insets_animation#18418 parentId=94} 1 children}
04-15 09:53:12.796  1151  1151 I SurfaceFlinger: [LayerHierarchy{RequestedLayerState{Surface(name=8c5cec7 NavigationBar0)/@0xa68870 - animation-leash of insets_animation#18416} no children}] reparent to OffscreenRoot
04-15 09:53:12.796  1151  1151 I SurfaceFlinger: [LayerHierarchy{RequestedLayerState{Surface(name=8c5cec7 NavigationBar0)/@0xa68870 - animation-leash of insets_animation#18416} no children}] RelativeParent to null
04-15 09:53:12.796  1151  1151 I SurfaceFlinger: [LayerHierarchy{RequestedLayerState{Surface(name=3edafdc StatusBar)/@0x3b919ed - animation-leash of insets_animation#18415} no children}] reparent to OffscreenRoot
04-15 09:53:12.796  1151  1151 I SurfaceFlinger: [LayerHierarchy{RequestedLayerState{Surface(name=3edafdc StatusBar)/@0x3b919ed - animation-leash of insets_animation#18415} no children}] RelativeParent to null
04-15 09:53:12.796  1151  1151 I SurfaceFlinger: [Surface(name=3edafdc StatusBar)/@0x3b919ed - animation-leash of insets_animation#18418] attach to parent LayerHierarchy{RequestedLayerState{WindowToken{7a8fc4f type=2000 android.os.BinderProxy@a9d7329}#94 parentId=17} 1 children}
04-15 09:53:12.796  1151  1151 I SurfaceFlinger: [Surface(name=8c5cec7 NavigationBar0)/@0xa68870 - animation-leash of insets_animation#18419] attach to parent LayerHierarchy{RequestedLayerState{WindowToken{fc018e2 type=2019 android.os.BinderProxy@bda3ac4}#90 parentId=34} 1 children}
04-15 09:53:12.799  2000  2120 I VRI[app]@3481f9c: onActiveControlsChanged, removed=false, mAdded=true, caller=android.view.ViewRootImpl.handleInsetsControlChanged:3002 android.view.ViewRootImpl$ViewRootHandler.handleMessageImpl:8352 android.view.ViewRootImpl$ViewRootHandler.handleMessage:8301 android.os.Handler.dispatchMessage:110 android.os.Looper.loopOnce:273
04-15 09:53:12.800  1151  2758 I SurfaceFlinger: id=18415 Removed Surface(name=3edafdc StatusBar)/@0x3b919ed - animation-leash of insets_animation#18415 (195)
04-15 09:53:12.800  1151  2758 I SurfaceFlinger: id=18416 Removed Surface(name=8c5cec7 NavigationBar0)/@0xa68870 - animation-leash of insets_animation#18416 (195)
04-15 09:53:12.803  1151  1151 I SurfaceFlinger: destroyed Surface(name=8c5cec7 NavigationBar0)/@0xa68870 - animation-leash of insets_animation#18416
04-15 09:53:12.803  1151  1338 D SurfaceFlinger: [input] setFocusedWindow: 27c92d4 com.catfact.app/com.catfact.app.MainActivity
04-15 09:53:12.803  1151  1151 I SurfaceFlinger: destroyed Surface(name=3edafdc StatusBar)/@0x3b919ed - animation-leash of insets_animation#18415
04-15 09:53:12.804  1542  4025 D InputDispatcher: Once focus requested (0): 27c92d4 com.catfact.app/com.catfact.app.MainActivity
04-15 09:53:12.804  1542  4025 D InputDispatcher: Focus request (0): 27c92d4 com.catfact.app/com.catfact.app.MainActivity but waiting because NO_WINDOW
04-15 09:53:12.805  1151  1151 I Layer   : id=18416 Destroyed Surface(name=8c5cec7 NavigationBar0)/@0xa68870 - animation-leash of insets_animation#18416
04-15 09:53:12.805  1151  1151 I Layer   : id=18415 Destroyed Surface(name=3edafdc StatusBar)/@0x3b919ed - animation-leash of insets_animation#18415
04-15 09:53:12.820 18572 18572 D VRI[MainActivity]@22ae84b: reportNextDraw android.view.ViewRootImpl.performTraversals:5443 android.view.ViewRootImpl.doTraversal:3924 android.view.ViewRootImpl$TraversalRunnable.run:12903 android.view.Choreographer$CallbackRecord.run:1901 android.view.Choreographer$CallbackRecord.run:1910
04-15 09:53:12.820 18572 18572 D VRI[MainActivity]@22ae84b: Setup new sync=wmsSync-VRI[MainActivity]@22ae84b#6
04-15 09:53:12.820 18572 18572 I VRI[MainActivity]@22ae84b: Creating new active sync group VRI[MainActivity]@22ae84b#7
04-15 09:53:12.820 18572 18572 D VRI[MainActivity]@22ae84b: registerCallbacksForSync syncBuffer=false
04-15 09:53:12.835 18572 18572 I View    : setRequestedFrameRate frameRate=0.0, this=androidx.compose.ui.platform.AndroidComposeView{2be15c3 VFED..... ........ 0,0-720,1544 aid=1073741824}, caller=android.view.ViewGroup.setRequestedFrameRate:9952 androidx.compose.ui.platform.Api35Impl.setRequestedFrameRate:3822 androidx.compose.ui.platform.AndroidComposeView.dispatchDraw:2114 android.view.View.draw:26345 android.view.View.updateDisplayListIfDirty:25175
04-15 09:53:12.835 18572 18572 I View    : setRequestedFrameRate frameRate=-4.0, this=android.view.View{668002d V.ED..... ......I. 0,0-0,0}, caller=androidx.compose.ui.platform.Api35Impl.setRequestedFrameRate:3822 androidx.compose.ui.platform.AndroidComposeView.dispatchDraw:2115 android.view.View.draw:26345 android.view.View.updateDisplayListIfDirty:25175 android.view.View.draw:26072
04-15 09:53:12.836 18572 18612 D VRI[MainActivity]@22ae84b: Received frameDrawingCallback syncResult=0 frameNum=1.
04-15 09:53:12.836 18572 18612 I VRI[MainActivity]@22ae84b: mWNT: t=0xb4000074fc52bd50 mBlastBufferQueue=0xb40000741c594aa0 fn= 1 HdrRenderState mRenderHdrSdrRatio=1.0 caller= android.view.ViewRootImpl$12.onFrameDraw:15441 android.view.ThreadedRenderer$1.onFrameDraw:718 <bottom of call stack>
04-15 09:53:12.836 18572 18612 I VRI[MainActivity]@22ae84b: Setting up sync and frameCommitCallback
04-15 09:53:12.837 18572 18596 I BLASTBufferQueue: [VRI[MainActivity]@22ae84b#3](f:0,a:0,s:0) onFrameAvailable the first frame is available
04-15 09:53:12.837 18572 18596 I VRI[MainActivity]@22ae84b: Received frameCommittedCallback lastAttemptedDrawFrameNum=1 didProduceBuffer=true
04-15 09:53:12.837  1151  2758 I SurfaceFlinger: [com.catfact.app/com.catfact.app.MainActivity$_18572#18417] setTransactionState with the first frame. bufferData(ID: 79766132621327, frameNumber: 1)
04-15 09:53:12.837 18572 18596 D HWUI    : CFMS:: SetUp Pid : 18572    Tid : 18596
04-15 09:53:12.837 18572 18572 D VRI[MainActivity]@22ae84b: reportDrawFinished seqId=0
04-15 09:53:12.838 18572 18596 D HWUI    : HWUI - treat SMPTE_170M as sRGB
04-15 09:53:12.839  1542  1585 D SurfaceComposerClient: setCornerRadius ## e38f40c Splash Screen com.catfact.app#18408 cornerRadius=0.000000
04-15 09:53:12.839  1542  1585 D SurfaceComposerClient: setCornerRadius ## 27c92d4 com.catfact.app/com.catfact.app.MainActivity#18413 cornerRadius=0.000000
04-15 09:53:12.839  1542  1585 D SurfaceComposerClient: setCornerRadius ## e38f40c Splash Screen com.catfact.app#18408 cornerRadius=0.000000
04-15 09:53:12.839 18572 18572 I InsetsSourceConsumer: applyRequestedVisibilityToControl: visible=true, type=statusBars, host=com.catfact.app/com.catfact.app.MainActivity
04-15 09:53:12.839 18572 18572 I InsetsSourceConsumer: applyRequestedVisibilityToControl: visible=true, type=navigationBars, host=com.catfact.app/com.catfact.app.MainActivity
04-15 09:53:12.840  1151  1199 I SurfaceFlinger: id=18420 createSurf, flag=24000, Surface(name=27c92d4 com.catfact.app/com.catfact.app.MainActivity)/@0xe306196 - animation-leash of starting_reveal#18420
04-15 09:53:12.843  2000  2105 D ShellTaskOrganizer: removeStartingWindow, removalInfo=StartingWindowRemovalInfo{taskId=3868 frame=Rect(0, 0 - 720, 1544) playRevealAnimation=true roundedCornerRadius=0.0 deferRemoveMode=0 windowlessSurface=false removeImmediately=false}
04-15 09:53:12.843  1542  1585 D SurfaceComposerClient: setCornerRadius ## 27c92d4 com.catfact.app/com.catfact.app.MainActivity#18413 cornerRadius=0.000000
04-15 09:53:12.843  1542  1585 D SurfaceComposerClient: setCornerRadius ## e38f40c Splash Screen com.catfact.app#18408 cornerRadius=0.000000
04-15 09:53:12.843  1542  1585 D SurfaceComposerClient: setCornerRadius ## 27c92d4 com.catfact.app/com.catfact.app.MainActivity#18413 cornerRadius=0.000000
04-15 09:53:12.843  1542  1585 D SurfaceComposerClient: setCornerRadius ## e38f40c Splash Screen com.catfact.app#18408 cornerRadius=0.000000
04-15 09:53:12.843  1542  1585 D SurfaceComposerClient: setCornerRadius ## 27c92d4 com.catfact.app/com.catfact.app.MainActivity#18413 cornerRadius=0.000000
04-15 09:53:12.844  1542  2162 I SemDvfsHyPerManager: acquire hyper - AMS_RESUME_TAIL/1542@22, type = -999
04-15 09:53:12.844  1542  2162 I SemDvfsHyPerManager: acquire hyper - AMS_ACT_LAZY/1542@23, type = -999
04-15 09:53:12.844  1059  1180 I HYPER-HAL: [RequestManager.cpp]acquire(): Acquired ID : 1223852  [1542 / 22]    HINT : AMS_RESUME_TAIL    list :
04-15 09:53:12.845  1151  1151 I SurfaceFlinger: [Surface(name=27c92d4 com.catfact.app/com.catfact.app.MainActivity)/@0xe306196 - animation-leash of starting_reveal#18420] attach to parent LayerHierarchy{RequestedLayerState{ActivityRecord{121428864 u0 com.catfact.app/.MainActivity t3868}#18407 parentId=18406} 4 children}
04-15 09:53:12.846  1059  1180 I HYPER-HAL: [ResourceManager.cpp]removeResource(): [CPULittleMinFreq] RemoveResource Request ID : 1233263
04-15 09:53:12.847  1059  1180 I HYPER-HAL: [RequestManager.cpp]releaseLocked(): Released ID : 1233263
04-15 09:53:12.853  2000  2195 I VRI[app]@3481f9c: mWNT: t=0xb4000074fc63ac10 mBlastBufferQueue=0xb40000741d0fc060 fn= 2 HdrRenderState mRenderHdrSdrRatio=1.0 caller= android.view.SyncRtSurfaceTransactionApplier.applyTransaction:100 android.view.SyncRtSurfaceTransactionApplier.lambda$scheduleApply$0:73 android.view.SyncRtSurfaceTransactionApplier.$r8$lambda$afI4fXg3U3-nBZQEDQMiNy-B06s:0
04-15 09:53:12.853  2000  2195 I VRI[app]@3481f9c: mWNT: t=0xb4000074fc7bcd90 mBlastBufferQueue=0xb40000741d0fc060 fn= 2 HdrRenderState mRenderHdrSdrRatio=1.0 caller= android.view.SyncRtSurfaceTransactionApplier.applyTransaction:100 android.view.SyncRtSurfaceTransactionApplier.lambda$scheduleApply$0:73 android.view.SyncRtSurfaceTransactionApplier.$r8$lambda$afI4fXg3U3-nBZQEDQMiNy-B06s:0
04-15 09:53:12.855  1542  3015 I NSLocationMonitor: getGPSUsingApps() called
04-15 09:53:12.857  1151  1151 I SurfaceFlinger: RequestedLayer [com.catfact.app/com.catfact.app.MainActivity$_18572#18417] hidden!! flag  from(1) --> to(0)
04-15 09:53:12.857  1151  1151 I SurfaceFlinger: [LayerHierarchy{RequestedLayerState{27c92d4 com.catfact.app/com.catfact.app.MainActivity#18413 parentId=18420} 1 children}] reparent to LayerHierarchy{RequestedLayerState{Surface(name=27c92d4 com.catfact.app/com.catfact.app.MainActivity)/@0xe306196 - animation-leash of starting_reveal#18420 parentId=18407} 1 children}
04-15 09:53:12.857  2982  6680 I NSLocationManager_FLP: getGPSUsingApps, No change
04-15 09:53:12.859  2000  2194 I VRI[app]@3481f9c: mWNT: t=0xb4000074fc8d5650 mBlastBufferQueue=0xb40000741d0fc060 fn= 3 HdrRenderState mRenderHdrSdrRatio=1.0 caller= android.view.SyncRtSurfaceTransactionApplier.applyTransaction:100 android.view.SyncRtSurfaceTransactionApplier.lambda$scheduleApply$0:73 android.view.SyncRtSurfaceTransactionApplier.$r8$lambda$afI4fXg3U3-nBZQEDQMiNy-B06s:0
04-15 09:53:12.860  1542  1585 D SurfaceComposerClient: setCornerRadius ## e38f40c Splash Screen com.catfact.app#18408 cornerRadius=0.000000
04-15 09:53:12.860  1542  1585 D SurfaceComposerClient: setCornerRadius ## 27c92d4 com.catfact.app/com.catfact.app.MainActivity#18413 cornerRadius=0.000000
04-15 09:53:12.862  2000  2195 I VRI[app]@3481f9c: mWNT: t=0xb4000074fc89a1d0 mBlastBufferQueue=0xb40000741d0fc060 fn= 4 HdrRenderState mRenderHdrSdrRatio=1.0 caller= android.view.SyncRtSurfaceTransactionApplier.applyTransaction:100 android.view.SyncRtSurfaceTransactionApplier.lambda$scheduleApply$0:73 android.view.SyncRtSurfaceTransactionApplier.$r8$lambda$afI4fXg3U3-nBZQEDQMiNy-B06s:0
04-15 09:53:12.865  1151  1151 D SurfaceFlinger: Display 4633128672291735999 HWC layers:
04-15 09:53:12.865  1151  1151 D SurfaceFlinger:        CLIENT |           17089674871009 | 00002102 | RGBA_8888    |  214.0    0.0  720.0 1544.0 |    0    0  720 1544 | com.google.android.calendar/com.goog[...]AllInOneCalendarActivity$_3979#18400 (19)
04-15 09:53:12.865  1151  1151 D SurfaceFlinger:   SOLID_COLOR |                        0 | 00000000 | N/A          |    0.0    0.0    0.0    0.0 |    0    0  720 1544 | DimTransitionLayer for Surface(name=Task=3868)/@0x71ea9d2#18412 (0)
04-15 09:53:12.865  1151  1151 D SurfaceFlinger:        DEVICE |           79766132621327 | 00002102 | RGBA_8888    |    0.0    0.0  684.0 1506.0 |   36   38  720 1544 | com.catfact.app/com.catfact.app.MainActivity$_18572#18417 (1)
04-15 09:53:12.865  1151  1151 D SurfaceFlinger:        DEVICE |            8589934655748 | 00002100 | RGBA_8888    |    0.0    0.0  684.0 1544.0 |   36    0  720 1544 | Splash Screen com.catfact.app$_2000#18410 (2)
04-15 09:53:12.865  1151  1151 D SurfaceFlinger:        DEVICE |            8589934654687 | 00002100 | RGBA_8888    |    0.0    0.0  720.0   50.0 |    0    0  720   50 | StatusBar$_2000#102 (26090)
04-15 09:53:12.865  1151  1151 D SurfaceFlinger:        DEVICE |           10569914518889 | 00002100 | RGBA_8888    |    0.0    0.0   67.0
04-15 09:53:12.865  1151  1151 D SurfaceFlinger: 353.0 |  653  192  720  545 | com.sec.android.app.launcher/com.sam[...]l.app.CocktailBarService$_2461#16495 (1)
04-15 09:53:12.865  1151  1151 D SurfaceFlinger:        DEVICE |            8589934654693 | 00002100 | RGBA_8888    |    0.0    0.0  720.0   90.0 |    0 1454  720 1544 | NavigationBar0$_2000#98 (16891)
04-15 09:53:12.865  1151  1151 D SurfaceFlinger:
04-15 09:53:12.865  1542  2162 D InputDispatcher: Focus entered window (0): 27c92d4 com.catfact.app/com.catfact.app.MainActivity
04-15 09:53:12.867 18572 18572 D VRI[MainActivity]@22ae84b: mThreadedRenderer.initializeIfNeeded()#2 mSurface={isValid=true 0xb40000748c55ad80}
04-15 09:53:12.868 18572 18572 D InputMethodManagerUtils: startInputInner - Id : 0
04-15 09:53:12.868 18572 18572 I InputMethodManager: startInputInner - IInputMethodManagerGlobalInvoker.startInputOrWindowGainedFocus
04-15 09:53:12.868  1542  1581 I PkgPredictorService-SecIpmManagerServiceImpl: reportToNAP uid:10746 com.catfact.app/com.catfact.app.MainActivity thisTime:310
04-15 09:53:12.868  1542  1581 D PkgPredictorService-SecIpmManagerServiceImpl: reportToNAP: mHeavyLaunchCounter is false
04-15 09:53:12.869  1542  1750 I ImeTracker: com.catfact.app:5d45eb3c: onRequestHide at ORIGIN_SERVER reason HIDE_UNSPECIFIED_WINDOW fromUser false
04-15 09:53:12.869 18572 18572 I InputMethodManager: handleMessage: setImeVisibility visible=false
04-15 09:53:12.869 18572 18572 D InsetsController: hide(ime(), fromIme=false)
04-15 09:53:12.869 18572 18572 I ImeTracker: com.catfact.app:5d45eb3c: onCancelled at PHASE_CLIENT_ALREADY_HIDDEN
04-15 09:53:12.870  1542  1750 D InputTransport: Input channel constructed: 'ClientS', fd=1248
04-15 09:53:12.871  1542  1750 D InputTransport: Input channel destroyed: 'ClientS', fd=1248
04-15 09:53:12.871 18572 18581 D InputTransport: Input channel constructed: 'ClientS', fd=145
04-15 09:53:12.871  1542  1581 I ActivityTaskManager: Displayed com.catfact.app/.MainActivity for user 0: +310ms
04-15 09:53:12.871  3756  3756 I HBD     : HoneyBoardService onFinishInput
04-15 09:53:12.871  2000  2194 I VRI[app]@3481f9c: mWNT: t=0xb4000074fc8d8ad0 mBlastBufferQueue=0xb40000741d0fc060 fn= 5 HdrRenderState mRenderHdrSdrRatio=1.0 caller= android.view.SyncRtSurfaceTransactionApplier.applyTransaction:100 android.view.SyncRtSurfaceTransactionApplier.lambda$scheduleApply$0:73 android.view.SyncRtSurfaceTransactionApplier.$r8$lambda$afI4fXg3U3-nBZQEDQMiNy-B06s:0
04-15 09:53:12.872  3756  3756 I HBD     : a IC have been unbinding,  RemoteInputConnection{idHash=#a0daac}
04-15 09:53:12.872  3756  3756 I HBD     : HoneyBoardService [PF_CL][onFinishInput]  1 ms
04-15 09:53:12.872  3756  3756 I HBD     : HoneyBoardService [IMI] onStartInput - caller pid : 18572 , caller uid : 10746
04-15 09:53:12.872  3756  3756 I HBD     : k updateConfigs
04-15 09:53:12.872  3756  3756 I HBD     : k isEnabledNightMode : true
04-15 09:53:12.872  3756  3756 I HBD     : a IC have been binding, RemoteInputConnection{idHash=#cb876f3}
04-15 09:53:12.872  3756  3756 I HBD     : h [EditorInputType]setPrivateImeOptionsToTable privateImeOptions ( null )
04-15 09:53:12.872  3756  3756 I HBD     : b incognitoMode : false
04-15 09:53:12.872  3756  3756 I HBD     : c needOff = true , isForceOff = false, isNullInputClass : true
04-15 09:53:12.872  3756  3756 I HBD     : h getDefaultInputRange : UNKNOWN
04-15 09:53:12.872  3756  3756 I HBD     : h getDefaultInputRange : UNKNOWN
04-15 09:53:12.872  3756  3756 I HBD     : h getDefaultInputRange : UNKNOWN
04-15 09:53:12.876  3152  3152 E pageboostd: Received HALT command code 2
04-15 09:53:12.877  3756  3756 I HBD     : c needOff = true , isForceOff = false, isNullInputClass : true
04-15 09:53:12.877  3756  3756 I HBD     : c update cached prediction status : false
04-15 09:53:12.877  3756  3756 I HBD     : h getDefaultInputRange : UNKNOWN
04-15 09:53:12.877  3756  3756 I HBD     : a currentState : 0
04-15 09:53:12.877  3756  3756 I HBD     : a [UpdatePolicy] [post] a: 0 cl: 65538 kit: [0/0] vt: 0 ir: 1
04-15 09:53:12.878  3756  3756 I HBD     : a [NRIC] resetNoResponseState
04-15 09:53:12.878  3756  3756 I HBD     : c needOff = true , isForceOff = false, isNullInputClass : true
04-15 09:53:12.878  3756  3756 I HBD     : c update cached prediction status : false
04-15 09:53:12.878  3756  3756 I HBD     : b [AiWriter] setContact : com.catfact.app
04-15 09:53:12.878  3756  3756 I HBD     : a [AiWriter] setContact : com.catfact.app
04-15 09:53:12.878  3756  3756 I HBD     : o0 EBD si S 0
04-15 09:53:12.878  3756  3756 I HBD     : r updateContactDBLanguage : 65538
04-15 09:53:12.878  3756  3756 I HBD     : g isCoverDisplay : false, cached selected json info : SelectedLanguageInfo(languageVersion=4.2, currentLanguageOrder=0, selectedLanguageList=[SelectedLanguage(id=65538, isUsed=true, engName=English, inputType=qwerty, activeOptionList=[auto_replace, auto_spacing, writing_assistant], bilingualId=-1), SelectedLanguage(id=5308416, isUsed=true, engName=Arabic, inputType=qwerty, activeOptionList=[auto_replace, auto_spacing], bilingualId=-1)])
04-15 09:53:12.878  3756  3756 I HBD     : g updateSelectedLanguageCache is succeeded. English
04-15 09:53:12.879  3756  3756 I HBD     : l writeToFile path : /data/user/0/com.samsung.android.honeyboard/files/selected.json
04-15 09:53:12.879  3756  3756 I HBD     : l writeToFile json : {"version":"4.2","currentLanguageOrder":0,"selected":[{"activeOptionList":["auto_replace","auto_spacing","writing_assistant"],"bilingualId":-1,"engName":"English","id":65538,"inputType":"qwerty","isUsed":true},{"activeOptionList":["auto_replace","auto_spacing"],"bilingualId":-1,"engName":"Arabic","id":5308416,"inputType":"qwerty","isUsed":true}]}
04-15 09:53:12.880  2000  2195 I VRI[app]@3481f9c: mWNT: t=0xb4000074fc88d510 mBlastBufferQueue=0xb40000741d0fc060 fn= 6 HdrRenderState mRenderHdrSdrRatio=1.0 caller= android.view.SyncRtSurfaceTransactionApplier.applyTransaction:100 android.view.SyncRtSurfaceTransactionApplier.lambda$scheduleApply$0:73 android.view.SyncRtSurfaceTransactionApplier.$r8$lambda$afI4fXg3U3-nBZQEDQMiNy-B06s:0
04-15 09:53:12.882  3979  3979 D InputTransport: Input channel destroyed: 'ClientS', fd=213
04-15 09:53:12.887  2000  2194 I VRI[app]@3481f9c: mWNT: t=0xb4000074fc8d98d0 mBlastBufferQueue=0xb40000741d0fc060 fn= 7 HdrRenderState mRenderHdrSdrRatio=1.0 caller= android.view.SyncRtSurfaceTransactionApplier.applyTransaction:100 android.view.SyncRtSurfaceTransactionApplier.lambda$scheduleApply$0:73 android.view.SyncRtSurfaceTransactionApplier.$r8$lambda$afI4fXg3U3-nBZQEDQMiNy-B06s:0
04-15 09:53:12.888  1151  2758 I SurfaceFlinger: id=18421 createSurf, flag=24004, Surface(name=1d7a05f InputMethod)/@0x5f77a9d - animation-leash of insets_animation#18421
04-15 09:53:12.889  1151  1151 I SurfaceFlinger: [Surface(name=1d7a05f InputMethod)/@0x5f77a9d - animation-leash of insets_animation#18421] attach to parent LayerHierarchy{RequestedLayerState{WindowToken{d080c22 type=2011 android.os.Binder@459a5ed}#120 parentId=15} 2 children}
04-15 09:53:12.891  1542  2298 I ImeTracker: system_server:aacb4106: onRequestHide at ORIGIN_SERVER reason IME_REQUESTED_CHANGED_LISTENER fromUser false
04-15 09:53:12.891  1542  1584 I ImeTracker: system_server:aacb4106: onCancelled at PHASE_SERVER_SHOULD_HIDE
04-15 09:53:12.902  3756  3756 I HBD     : l writeToFile complete
04-15 09:53:12.903  3756 18834 I HBD     : l Write selected lang for DE
04-15 09:53:12.903  3756  3756 I HBD     : g isCoverDisplay : false, cached selected json info : SelectedLanguageInfo(languageVersion=4.2, currentLanguageOrder=0, selectedLanguageList=[SelectedLanguage(id=65538, isUsed=true, engName=English, inputType=qwerty, activeOptionList=[auto_replace, auto_spacing, writing_assistant], bilingualId=-1), SelectedLanguage(id=5308416, isUsed=true, engName=Arabic, inputType=qwerty, activeOptionList=[auto_replace, auto_spacing], bilingualId=-1)])
04-15 09:53:12.903  3756  3756 I HBD     : n updateActionOptionFromPreference isCover = false
04-15 09:53:12.903  3756 18834 I HBD     : l writeToFile path : /data/user_de/0/com.samsung.android.honeyboard/files/selected.json
04-15 09:53:12.903  3756 18834 I HBD     : l writeToFile json : {"version":"4.2","currentLanguageOrder":0,"selected":[{"activeOptionList":["auto_replace","auto_spacing","writing_assistant"],"bilingualId":-1,"engName":"English","id":65538,"inputType":"qwerty","isUsed":true},{"activeOptionList":["auto_replace","auto_spacing"],"bilingualId":-1,"engName":"Arabic","id":5308416,"inputType":"qwerty","isUsed":true}]}
04-15 09:53:12.903  3756  3756 I HBD     : n before lang.activeOptionList =  [auto_replace, auto_spacing, writing_assistant]
04-15 09:53:12.904  3756 18834 I HBD     : l writeToFile complete
04-15 09:53:12.906  3756  3756 I HBD     : n after lang.activeOptionList = [auto_replace, auto_spacing, writing_assistant]
04-15 09:53:12.906  3756  3756 I HBD     : l writeToFile path : /data/user/0/com.samsung.android.honeyboard/files/selected.json
04-15 09:53:12.906  3756  3756 I HBD     : l writeToFile json : {"version":"4.2","currentLanguageOrder":0,"selected":[{"activeOptionList":["auto_replace","auto_spacing","writing_assistant"],"bilingualId":-1,"engName":"English","id":65538,"inputType":"qwerty","isUsed":true},{"activeOptionList":["auto_replace","auto_spacing"],"bilingualId":-1,"engName":"Arabic","id":5308416,"inputType":"qwerty","isUsed":true}]}
04-15 09:53:12.909  2461  2461 I HoneySpace.EdgePanel.EdgeVisibilityRepository: getComputedTrayVisible : keyguardState = 1
04-15 09:53:12.909  2461  2461 I HoneySpace.EdgePanel.EdgeVisibilityRepository: updateTrayVisible: State = 0x1, visible = true, current containerState = 0, specificMode = 0
04-15 09:53:12.910  2461  2461 I HoneySpace.EdgePanel.EdgeVisibilityRepository: Same container state 0
04-15 09:53:12.910  3756  3756 I HBD     : l writeToFile complete
04-15 09:53:12.910  1542  1585 D SurfaceComposerClient: setCornerRadius ## e38f40c Splash Screen com.catfact.app#18408 cornerRadius=0.000000
04-15 09:53:12.910  3756  3756 I HBD     : m normal : updateLanguage : English
04-15 09:53:12.910  1542  1585 D SurfaceComposerClient: setCornerRadius ## 27c92d4 com.catfact.app/com.catfact.app.MainActivity#18413 cornerRadius=0.000000
04-15 09:53:12.911  3756  3756 I HBD     : g isCoverDisplay : false, cached selected json info : SelectedLanguageInfo(languageVersion=4.2, currentLanguageOrder=0, selectedLanguageList=[SelectedLanguage(id=65538, isUsed=true, engName=English, inputType=qwerty, activeOptionList=[auto_replace, auto_spacing, writing_assistant], bilingualId=-1), SelectedLanguage(id=5308416, isUsed=true, engName=Arabic, inputType=qwerty, activeOptionList=[auto_replace, auto_spacing], bilingualId=-1)])
04-15 09:53:12.911  3756  3756 I HBD     : g isCoverDisplay : false, cached selected json info : SelectedLanguageInfo(languageVersion=4.2, currentLanguageOrder=0, selectedLanguageList=[SelectedLanguage(id=65538, isUsed=true, engName=English, inputType=qwerty, activeOptionList=[auto_replace, auto_spacing, writing_assistant], bilingualId=-1), SelectedLanguage(id=5308416, isUsed=true, engName=Arabic, inputType=qwerty, activeOptionList=[auto_replace, auto_spacing], bilingualId=-1)])
04-15 09:53:12.911  3756  3756 I HBD     : n updateActionOptionFromPreference isCover = false
04-15 09:53:12.911  3756  3756 I HBD     : n before lang.activeOptionList =  [auto_replace, auto_spacing, writing_assistant]
04-15 09:53:12.911  3756 18835 I HBD     : l Write selected lang for DE
04-15 09:53:12.911  3756 18835 I HBD     : l writeToFile path : /data/user_de/0/com.samsung.android.honeyboard/files/selected.json
04-15 09:53:12.911  3756 18835 I HBD     : l writeToFile json : {"version":"4.2","currentLanguageOrder":0,"selected":[{"activeOptionList":["auto_replace","auto_spacing","writing_assistant"],"bilingualId":-1,"engName":"English","id":65538,"inputType":"qwerty","isUsed":true},{"activeOptionList":["auto_replace","auto_spacing"],"bilingualId":-1,"engName":"Arabic","id":5308416,"inputType":"qwerty","isUsed":true}]}
04-15 09:53:12.912  3756 18835 I HBD     : l writeToFile complete
04-15 09:53:12.912  2000  2000 D SystemUIService: SYSUI_RAM_OPTIMIZATION onTrimMemory=20
04-15 09:53:12.912  2000  2000 D CentralSurfaces: SYSUI_RAM_OPTIMIZATION onTrimMemory=20
04-15 09:53:12.913  2000  2196 D HWUI    : CacheManager::trimMemory(20)
04-15 09:53:12.913  3756  3756 I HBD     : n after lang.activeOptionList = [auto_replace, auto_spacing, writing_assistant]
04-15 09:53:12.913  1542  2162 I WindowManager: Relayout Window{e38f40c u0 Splash Screen com.catfact.app}: viewVisibility=8 req=720x1544 ty=3 d0
04-15 09:53:12.913  3756  3756 I HBD     : l writeToFile path : /data/user/0/com.samsung.android.honeyboard/files/selected.json
04-15 09:53:12.913  3756  3756 I HBD     : l writeToFile json : {"version":"4.2","currentLanguageOrder":0,"selected":[{"activeOptionList":["auto_replace","auto_spacing","writing_assistant"],"bilingualId":-1,"engName":"English","id":65538,"inputType":"qwerty","isUsed":true},{"activeOptionList":["auto_replace","auto_spacing"],"bilingualId":-1,"engName":"Arabic","id":5308416,"inputType":"qwerty","isUsed":true}]}
04-15 09:53:12.913  1542  2162 D SurfaceComposerClient: setCornerRadius ## 27c92d4 com.catfact.app/com.catfact.app.MainActivity#18413 cornerRadius=0.000000
04-15 09:53:12.914  3756  3756 I HBD     : l writeToFile complete
04-15 09:53:12.914  3756  3756 I HBD     : m normal : updateLanguage : English
04-15 09:53:12.914  1542  2162 D SurfaceComposerClient: setCornerRadius ## e38f40c Splash Screen com.catfact.app#18408 cornerRadius=0.000000
04-15 09:53:12.914  3756 18836 I HBD     : l Write selected lang for DE
04-15 09:53:12.914  1542  2162 D SurfaceComposerClient: setCornerRadius ## 27c92d4 com.catfact.app/com.catfact.app.MainActivity#18413 cornerRadius=0.000000
04-15 09:53:12.914  3756  3756 I HBD     : g isCoverDisplay : false, cached selected json info : SelectedLanguageInfo(languageVersion=4.2, currentLanguageOrder=0, selectedLanguageList=[SelectedLanguage(id=65538, isUsed=true, engName=English, inputType=qwerty, activeOptionList=[auto_replace, auto_spacing, writing_assistant], bilingualId=-1), SelectedLanguage(id=5308416, isUsed=true, engName=Arabic, inputType=qwerty, activeOptionList=[auto_replace, auto_spacing], bilingualId=-1)])
04-15 09:53:12.914  3756 18836 I HBD     : l writeToFile path : /data/user_de/0/com.samsung.android.honeyboard/files/selected.json
04-15 09:53:12.914  3756 18836 I HBD     : l writeToFile json : {"version":"4.2","currentLanguageOrder":0,"selected":[{"activeOptionList":["auto_replace","auto_spacing","writing_assistant"],"bilingualId":-1,"engName":"English","id":65538,"inputType":"qwerty","isUsed":true},{"activeOptionList":["auto_replace","auto_spacing"],"bilingualId":-1,"engName":"Arabic","id":5308416,"inputType":"qwerty","isUsed":true}]}
04-15 09:53:12.914  3756  3756 I HBD     : g isCoverDisplay : false, cached selected json info : SelectedLanguageInfo(languageVersion=4.2, currentLanguageOrder=0, selectedLanguageList=[SelectedLanguage(id=65538, isUsed=true, engName=English, inputType=qwerty, activeOptionList=[auto_replace, auto_spacing, writing_assistant], bilingualId=-1), SelectedLanguage(id=5308416, isUsed=true, engName=Arabic, inputType=qwerty, activeOptionList=[auto_replace, auto_spacing], bilingualId=-1)])
04-15 09:53:12.914  3756  3756 I HBD     : g updateSelectedLanguageCache is succeeded. English
04-15 09:53:12.914  3756  3756 I HBD     : l writeToFile path : /data/user/0/com.samsung.android.honeyboard/files/selected.json
04-15 09:53:12.914  3756  3756 I HBD     : l writeToFile json : {"version":"4.2","currentLanguageOrder":0,"selected":[{"activeOptionList":["auto_replace","auto_spacing","writing_assistant"],"bilingualId":-1,"engName":"English","id":65538,"inputType":"qwerty","isUsed":true},{"activeOptionList":["auto_replace","auto_spacing"],"bilingualId":-1,"engName":"Arabic","id":5308416,"inputType":"qwerty","isUsed":true}]}
04-15 09:53:12.915  3756  3756 I HBD     : l writeToFile complete
04-15 09:53:12.915  1542  2162 I WindowManager: Relayout hash=e38f40c, pid=2000, syncId=-1: mAttrs={(0,0)(fillxfill) sim={adjust=pan} layoutInDisplayCutoutMode=always ty=APPLICATION_STARTING fmt=TRANSLUCENT wanim=0x1030317
04-15 09:53:12.915  1542  2162 I WindowManager:   fl=81030118
04-15 09:53:12.915  1542  2162 I WindowManager:   pfl=10000810
04-15 09:53:12.915  1542  2162 I WindowManager:   bhv=1
04-15 09:53:12.915  1542  2162 I WindowManager:   fitSides=0
04-15 09:53:12.915  1542  2162 I WindowManager:   frameRateBoostOnTouch=true
04-15 09:53:12.915  1542  2162 I WindowManager:   dvrrWindowFrameRateHint=true naviIconColor=0}
