04-15 09:53:11.921  2000  2194 I VRI[test]@96ee6f9: mWNT: t=0xb4000074fc6d0b50 mBlastBufferQueue=0xb40000741d1a1ab0 fn= 1 HdrRenderState mRenderHdrSdrRatio=1.0 caller= android.view.ViewRootImpl$12.onFrameDraw:15441 android.view.ThreadedRenderer$1.onFrameDraw:718 <bottom of call stack>
04-15 09:53:11.921  2000  2194 I VRI[test]@96ee6f9: Setting up sync and frameCommitCallback
04-15 09:53:11.923  2000  2196 I BLASTBufferQueue: [VRI[test]@96ee6f9#829](f:0,a:0,s:0) onFrameAvailable the first frame is available
04-15 09:53:11.923  2000  2196 I VRI[test]@96ee6f9: Received frameCommittedCallback lastAttemptedDrawFrameNum=1 didProduceBuffer=true
04-15 09:53:11.924  1542  1770 D SemContextService: Service.updateContext() : service = SLocation Core
04-15 09:53:11.924  1151  2758 I SurfaceFlinger: [Splash Screen com.catfact.app.test$_2000#18384] setTransactionState with the first frame. bufferData(ID: 8589934655727, frameNumber: 1)
04-15 09:53:11.924  2000  2196 D HWUI    : CFMS:: SetUp Pid : 2000    Tid : 2196
04-15 09:53:11.924  2000  2120 D VRI[test]@96ee6f9: reportDrawFinished seqId=0
04-15 09:53:11.925  1542  1585 D SurfaceComposerClient: setCornerRadius ## 4d3a880 Splash Screen com.catfact.app.test#18383 cornerRadius=0.000000
04-15 09:53:11.926  1542  1585 D SurfaceComposerClient: setCornerRadius ## 4d3a880 Splash Screen com.catfact.app.test#18383 cornerRadius=0.000000
04-15 09:53:11.926  1542  2220 D SLocation: GeopointLastLocation - last location still available 75 / 9223372036854775807
04-15 09:53:11.926  1542  2220 D SLocation: GeopointGeofenceObserver - location : [F, A : 100.00, T : 1776239591850, ET : 373363875, h : 28/19], radius : 3187633
04-15 09:53:11.926  1542  2220 D SLocation: LocationProviderStatus - try to update provider status (GPS/NLP)
04-15 09:53:11.926  1542  2220 D SLocation: LocationProviderStatus - set isGpsOn : true, isNlpOn : true
04-15 09:53:11.926  1542  2220 D SLocation: LocationProviderStatus - gps & nlp status not changed
04-15 09:53:11.926  1542  2220 D SLocation: GeofenceCoreManager - geofence core command pending size : 2
04-15 09:53:11.926  1542  2220 D SLocation: GeofenceCoreRecovery - removeGeofenceInfo id = 15000
04-15 09:53:11.926  1542  2220 D SLocation: SLocationCoreSem - send to coreSem, packet length : 3 / [17, 58, 152]
04-15 09:53:11.926  1542  2220 D SemContextLocationCoreAttribute: setAttribute() mode : 0 action : 23
04-15 09:53:11.926  1542  2220 D SemContextService: lock : changeParameters
04-15 09:53:11.927  1542  2220 D SemContext.CaeProvider.LocationCoreImpl: setAttribute() mode : 0 action : 23
04-15 09:53:11.927  1542  2220 W CAE     : setCAProperty(ContextAwareService.java:509) - [setProperty 01] Mutex is locked for SLOCATION_RUNNER
04-15 09:53:11.927  1542  2220 I CAE     : setPropertyValue(SLocationRunner.java:116) - SLocationRunner setProperty header : 17, len : 3
04-15 09:53:11.927 18759 18788 D WM-SystemJobScheduler: Reconciling jobs
04-15 09:53:11.927  1542  1542 D SemContextManager: onSemContextChanged() : event = SLocation Core
04-15 09:53:11.927  1151  1378 I SurfaceFlinger: id=18385 createSurf, flag=84004, Transition Root: Task=3867#18385
04-15 09:53:11.927  1542  1542 D SLocation: SensorHubWrapper - SemContextChanged type = 47, packet received
04-15 09:53:11.928  1151  1151 I SurfaceFlinger: [Transition Root: Task=3867#18385] attach to parent LayerHierarchy{RequestedLayerState{DefaultTaskDisplayArea_d0#10 parentId=9} 18 children}
04-15 09:53:11.930  3723 15452 I [AirCmd]_ActivitySwitchDetector: onTaskFocusChanged : taskId=3867, componentName=ComponentInfo{com.catfact.app.test/androidx.test.core.app.InstrumentationActivityInvoker$EmptyActivity}
04-15 09:53:11.930  3723 15452 I [AirCmd]_ActivitySwitchDetector: onTaskFocusChanged :mTopMostActivity = ComponentInfo{com.catfact.app/com.catfact.app.MainActivity}
04-15 09:53:11.930  1542  1585 I SurfaceControlRegistry: show, t=StartTransaction_SyncId<1644> sc=ActivityRecord{143575888 u0 com.catfact.app.test/androidx.test.core.app.InstrumentationActivityInvoker$EmptyActivity t3867}, caller=android.view.SurfaceControl$Transaction.show:3557 com.android.server.wm.Transition.onTransactionReady:2048 com.android.server.wm.BLASTSyncEngine$SyncGroup.finishNow:240 com.android.server.wm.BLASTSyncEngine.onSurfacePlacement:263 com.android.server.wm.RootWindowContainer.performSurfacePlacementNoTrace:1083 com.android.server.wm.WindowSurfacePlacer.performSurfacePlacement:166
04-15 09:53:11.930  1542  1585 D SurfaceComposerClient: setCornerRadius ## Task=3866#18366 cornerRadius=0.000000
04-15 09:53:11.930  3723 15452 I [AirCmd]_CallbackRepeater: stopRepeat : isWorking=false
04-15 09:53:11.931  1542  1585 D SurfaceComposerClient: setCornerRadius ## Task=3867#18381 cornerRadius=0.000000
04-15 09:53:11.931  3723 15452 I [AirCmd]_MediaControlStateMonitor: isForegroundAppSupportsMediaButton : mediaSession is empty
04-15 09:53:11.932  1542  1585 D ScreenCapture: [Capture_TEST] : setIsScreenShotBySystem false
04-15 09:53:11.932  1542  1585 I SurfaceComposerClient: captureLayers:childrenOnly:1, sync:1
04-15 09:53:11.932  1542  1775 D SensorService: setSContextDataLocked ints length 3 , byte length 6
04-15 09:53:11.932  1542  1775 D SensorService: setSContextDataLocked 113717c1
04-15 09:53:11.932  1054  1054 D Sensors : c1 17 37 11 3a 98
04-15 09:53:11.932  1054  1054 E Sensors : inject_scontext_data: New ssp_data_injection_fd(45)
04-15 09:53:11.932  1054  1054 D Sensors : SContext Data Injection return 6
04-15 09:53:11.933  1542  2220 W CAE     : setCAProperty(ContextAwareService.java:515) - [setProperty 02] Mutex is unlocked for SLOCATION_RUNNER
04-15 09:53:11.933  1542  2220 D SemContextService: unlock : changeParameters
04-15 09:53:11.933  1542  2220 D SemContextManager:   .changeParameters : listener = Z.i@22298d7, service=SLocation Core
04-15 09:53:11.933  1542  2220 D SLocation: GeofenceCoreManager - geofence core command pending size : 1
04-15 09:53:11.933  1542  2220 D SLocation: GeofenceCoreRecovery - storeGeofenceInfo 1 id = 15000, radius = 3187633
04-15 09:53:11.933  1542  2220 D SLocation: SLocationCoreSem - send to coreSem, packet length : 16 / [16, 58, 152, 31, 59, 136, 237, 3, 36, 236, 63, 0, 48, 163, 177, 1]
04-15 09:53:11.933  1542  2220 D SemContextLocationCoreAttribute: setAttribute() mode : 0 action : 23
04-15 09:53:11.933  1542  2220 D SemContextService: lock : changeParameters
04-15 09:53:11.933  1542  2220 D SemContext.CaeProvider.LocationCoreImpl: setAttribute() mode : 0 action : 23
04-15 09:53:11.933  1542  2220 W CAE     : setCAProperty(ContextAwareService.java:509) - [setProperty 01] Mutex is locked for SLOCATION_RUNNER
04-15 09:53:11.933  1542  2220 I CAE     : setPropertyValue(SLocationRunner.java:116) - SLocationRunner setProperty header : 16, len : 16
04-15 09:53:11.933  2000  2105 I SurfaceControlRegistry: hide, t=FinishTransaction_SyncId<1644> sc=Task=3866, caller=android.view.SurfaceControl$Transaction.hide:3583 com.android.wm.shell.transition.Transitions.dispatchReady:1263 com.android.wm.shell.transition.Transitions.onTransitionReady:251 com.android.wm.shell.transition.Transitions$TransitionPlayerImpl$$ExternalSyntheticLambda0.run:13 android.os.Handler.handleCallback:995 android.os.Handler.dispatchMessage:103
04-15 09:53:11.934  2000  2105 I SurfaceControlRegistry: show, t=StartTransaction_SyncId<1644> sc=Task=3867, caller=android.view.SurfaceControl$Transaction.show:3557 com.android.wm.shell.transition.Transitions.dispatchReady:1279 com.android.wm.shell.transition.Transitions.onTransitionReady:251 com.android.wm.shell.transition.Transitions$TransitionPlayerImpl$$ExternalSyntheticLambda0.run:13 android.os.Handler.handleCallback:995 android.os.Handler.dispatchMessage:103
04-15 09:53:11.934  1151  2479 I SurfaceFlinger: Capture layer list: 	 com.catfact.app/com.catfact.app.MainActivity$_18572#18374(seamlessTransition:0)
04-15 09:53:11.934  1151  2479 I CompositionEngine: [setDisplaySize] size=(720, 1544)
04-15 09:53:11.934  2000  2105 I SurfaceControlRegistry: show, t=FinishTransaction_SyncId<1644> sc=Task=3867, caller=android.view.SurfaceControl$Transaction.show:3557 com.android.wm.shell.transition.Transitions.dispatchReady:1330 com.android.wm.shell.transition.Transitions.onTransitionReady:251 com.android.wm.shell.transition.Transitions$TransitionPlayerImpl$$ExternalSyntheticLambda0.run:13 android.os.Handler.handleCallback:995 android.os.Handler.dispatchMessage:103
04-15 09:53:11.934  2000  2105 I SurfaceControlRegistry: show, t=StartTransaction_SyncId<1644> sc=Transition Root: Task=3867, caller=android.view.SurfaceControl$Transaction.show:3557 com.android.wm.shell.transition.Transitions.playTransition:79 com.android.wm.shell.transition.Transitions.processReadyQueue:239 com.android.wm.shell.transition.Transitions.dispatchReady:1352 com.android.wm.shell.transition.Transitions.onTransitionReady:251 com.android.wm.shell.transition.Transitions$TransitionPlayerImpl$$ExternalSyntheticLambda0.run:13
04-15 09:53:11.934  1151  1206 D RenderEngine: [SEC_SF_EFFECTS] drawLayersInternal,1494, Rendering layer ScreenCaptureFillLayer at index 0
04-15 09:53:11.934  1151  1206 D RenderEngine: [SEC_SF_EFFECTS] drawLayersInternal,1494, Rendering layer com.catfact.app/com.catfact.app.MainActivity$_18572#18374 at index 1
04-15 09:53:11.934  1542  1775 D SensorService: setSContextDataLocked ints length 6 , byte length 19
04-15 09:53:11.934  1542  1775 D SensorService: setSContextDataLocked 103717c1
04-15 09:53:11.934  1054  1054 D Sensors : c1 17 37 10 3a 98 1f 3b 88 ed 03 24 ec 3f 00 30
04-15 09:53:11.934  1054  1054 D Sensors : a3 b1 01
04-15 09:53:11.934  1054  1054 E Sensors : inject_scontext_data: New ssp_data_injection_fd(45)
04-15 09:53:11.934  1054  1054 D Sensors : SContext Data Injection return 19
04-15 09:53:11.935  2000  2105 D SurfaceComposerClient: [Task=3866#18366] setEdgeExtension Right
04-15 09:53:11.936  1542  1773 D CAE     : onGetSensorHubData(SensorHubParserProvider.java:92) - onGetSensorHubData Event [event buffer len :10], AP_WAKEUP
04-15 09:53:11.936  1542  1773 I CAE     : parse(SensorHubParserProvider.java:188) - buffer size = 10
04-15 09:53:11.936  1542  1773 I CAE     : parse(SensorHubParserProvider.java:199) - 1, 1, 55, 0, 5, 2, 17, 0, 58, -104,
04-15 09:53:11.936  1542  1773 I CAE     : parse(SLocationRunner.java:88) - SLocationRunner parse start : 3
04-15 09:53:11.937  1542  2220 W CAE     : setCAProperty(ContextAwareService.java:515) - [setProperty 02] Mutex is unlocked for SLOCATION_RUNNER
04-15 09:53:11.937  1542  1773 D CAE     : display(ContextProvider.java:375) - ================= SLOCATION_RUNNER =================
04-15 09:53:11.937  1151  1151 I SurfaceFlinger: [DimTransitionLayer for Surface(name=Task=3867)/@0x3f8097#18386] attach to parent LayerHierarchy{RequestedLayerState{Transition Root: Task=3867#18385 parentId=10} 1 children}
04-15 09:53:11.937  1151  1378 I SurfaceFlinger: id=18386 createSurf, flag=20004, DimTransitionLayer for Surface(name=Task=3867)/@0x3f8097#18386
04-15 09:53:11.937  1542  1773 I CAE     : display(ContextProvider.java:391) - ExtraDataArray=[1, 1, 55, 0, 5, 2, 17, 0, 58, -104]
04-15 09:53:11.937  1542  1773 I CAE     : parse(SLocationRunner.java:96) - SLocationRunner parse end:10
04-15 09:53:11.937  2000  2105 I SurfaceControlRegistry: show, t=StartTransaction_SyncId<1644> sc=DimTransitionLayer for Surface(name=Task=3867)/@0x3f8097, caller=android.view.SurfaceControl$Transaction.show:3557 com.android.wm.shell.transition.DefaultTransitionHandler.startAnimation:2931 com.android.wm.shell.transition.Transitions.dispatchTransition:90 com.android.wm.shell.transition.Transitions.playTransition:774 com.android.wm.shell.transition.Transitions.processReadyQueue:239 com.android.wm.shell.transition.Transitions.dispatchReady:1352
04-15 09:53:11.938  1542  2220 D SemContextService: unlock : changeParameters
04-15 09:53:11.938  1542  2220 D SemContextManager:   .changeParameters : listener = Z.i@22298d7, service=SLocation Core
04-15 09:53:11.938  2000  2105 I SurfaceControlRegistry: apply, t=StartTransaction_SyncId<1644>, caller=android.view.SurfaceControl$Transaction.apply:3459 android.view.SurfaceControl$Transaction.apply:3447 android.view.SurfaceControl$Transaction.apply:3397 com.android.wm.shell.transition.DefaultTransitionHandler.startAnimation:3387 com.android.wm.shell.transition.Transitions.dispatchTransition:90 com.android.wm.shell.transition.Transitions.playTransition:774
04-15 09:53:11.938  1542  2220 D SLocation: GeofenceCoreManager - received Extra Data from core, len : 5
04-15 09:53:11.938  1542  2220 D SLocation: GeofenceCoreManager - handleCommandCallback - UNKNOWN_CALLBACK 2 SUCCESS
04-15 09:53:11.938  1542  2220 D SLocation: CommonCoreManager - received Extra Data from core, len : 5
04-15 09:53:11.938  1542  2220 D SLocation: CommonCoreManager - handleCommandCallback - FUNC_TYPE : SET_LOCATION  ERROR_CODE : ERROR_NONE
04-15 09:53:11.938  1542  1770 D SemContextService: Service.updateContext() : service = SLocation Core
04-15 09:53:11.939  1542  1542 D SemContextManager: onSemContextChanged() : event = SLocation Core
04-15 09:53:11.939  1542  1542 D SLocation: SensorHubWrapper - SemContextChanged type = 47, packet received
04-15 09:53:11.940  1542  2220 D SLocation: GeofenceCoreManager - received Extra Data from core, len : 5
04-15 09:53:11.940  1542  2220 D SLocation: GeofenceCoreManager - handleCommandCallback - GEOFENCE_REMOVE SUCCESS
04-15 09:53:11.940  1542  2220 I SLocation: SHardwareManager - handleRemoveCallback : GEOFENCE_SUCCESS, id = 15000
04-15 09:53:11.940  1542  2220 D SLocation: CommonCoreManager - received Extra Data from core, len : 5
04-15 09:53:11.940 18638 18638 I DecorView: setWindowBackground: isPopOver=false color=ffffffff d=android.graphics.drawable.ColorDrawable@15c1ac
04-15 09:53:11.941  3723 15452 E [AirCmd]_MediaControlStateMonitor: getActiveNotificationPackageName : notification service monitor is null
04-15 09:53:11.941  3723 15452 I [AirCmd]_ButtonEventDetectionThread: enableDoubleClickDetection: enabled= true, doubleClickWaitInterval=300
04-15 09:53:11.942  1151  1200 I SurfaceFlinger: id=18387 createSurf, flag=84000, f518002 ActivityRecordInputSink com.catfact.app.test/androidx.test.core.app.InstrumentationActivityInvoker$EmptyActivity#18387
04-15 09:53:11.943 18638 18638 D ViewRootImpl: desktopMode is false
04-15 09:53:11.944 18638 18638 I ViewRootImpl: dVRR is disabled
04-15 09:53:11.944 18638 18653 D NativeCustomFrequencyManager: [NativeCFMS] BpCustomFrequencyManager::BpCustomFrequencyManager()
04-15 09:53:11.945  1542  1773 D CAE     : onGetSensorHubData(SensorHubParserProvider.java:92) - onGetSensorHubData Event [event buffer len :10], AP_WAKEUP
04-15 09:53:11.945  1542  1773 I CAE     : parse(SensorHubParserProvider.java:188) - buffer size = 10
04-15 09:53:11.945  1542  1773 I CAE     : parse(SensorHubParserProvider.java:199) - 1, 1, 55, 0, 5, 2, 16, 0, 58, -104,
04-15 09:53:11.945  1542  1773 I CAE     : parse(SLocationRunner.java:88) - SLocationRunner parse start : 3
04-15 09:53:11.945  1542  1773 D CAE     : display(ContextProvider.java:375) - ================= SLOCATION_RUNNER =================
04-15 09:53:11.945  1542  1773 I CAE     : display(ContextProvider.java:391) - ExtraDataArray=[1, 1, 55, 0, 5, 2, 16, 0, 58, -104]
04-15 09:53:11.945  1151  1151 I SurfaceFlinger: RequestedLayer [4d3a880 Splash Screen com.catfact.app.test#18383] hidden!! flag  from(1) --> to(0)
04-15 09:53:11.945  1542  1773 I CAE     : parse(SLocationRunner.java:96) - SLocationRunner parse end:10
04-15 09:53:11.945  1151  1151 I SurfaceFlinger: RequestedLayer [Splash Screen com.catfact.app.test$_2000#18384] hidden!! flag  from(1) --> to(0)
04-15 09:53:11.945  1151  1151 I SurfaceFlinger: RequestedLayer [Task=3867#18381] hidden!! flag  from(1) --> to(0)
04-15 09:53:11.945  1151  1151 E SurfaceFlinger: alpha changed 1.000 -> 0.000 - Task=3867#18381
04-15 09:53:11.945  1151  1151 I SurfaceFlinger: RequestedLayer [Transition Root: Task=3867#18385] hidden!! flag  from(1) --> to(0)
04-15 09:53:11.945  1151  1151 I SurfaceFlinger: RequestedLayer [ActivityRecord{143575888 u0 com.catf[...]tyInvoker$EmptyActivity t3867}#18382] hidden!! flag  from(1) --> to(0)
04-15 09:53:11.945  1151  1151 I SurfaceFlinger: RequestedLayer [DimTransitionLayer for Surface(name=Task=3867)/@0x3f8097#18386] hidden!! flag  from(1) --> to(0)
04-15 09:53:11.945  1151  1151 E SurfaceFlinger: alpha changed 1.000 -> 0.000 - DimTransitionLayer for Surface(name=Task=3867)/@0x3f8097#18386
04-15 09:53:11.945  1151  1151 E SurfaceFlinger: alpha changed 0.000 -> 1.000 - Task=3867#18381
04-15 09:53:11.945  1151  1151 E SurfaceFlinger: alpha changed 0.000 -> 0.000 - DimTransitionLayer for Surface(name=Task=3867)/@0x3f8097#18386
04-15 09:53:11.946  1151  1151 I SurfaceFlinger: [LayerHierarchy{RequestedLayerState{Task=3866#18366 parentId=18385 z=2} 1 children}] reparent to LayerHierarchy{RequestedLayerState{Transition Root: Task=3867#18385 parentId=10 z=14} 2 children}
04-15 09:53:11.946  1151  1151 I SurfaceFlinger: [LayerHierarchy{RequestedLayerState{Task=3867#18381 parentId=18385 z=5} 1 children}] reparent to LayerHierarchy{RequestedLayerState{Transition Root: Task=3867#18385 parentId=10 z=14} 3 children}
04-15 09:53:11.946  1151  1151 I SurfaceFlinger: [LayerHierarchy{RequestedLayerState{DimTransitionLayer for Surface(name=Task=3867)/@0x3f8097#18386 parentId=18385 relativeParentId=18381 z=-1} no children}] RelativeParent to LayerHierarchy{RequestedLayerState{Task=3867#18381 parentId=18385 z=5} 2 children}
04-15 09:53:11.946  1151  1151 I SurfaceFlinger: [f518002 ActivityRecordInputSink com.catfact.app.test/androidx.test.core.app.InstrumentationActivityInvoker$EmptyActivity#18387] attach to parent LayerHierarchy{RequestedLayerState{ActivityRecord{143575888 u0 com.catfact.app.test/androidx.test.core.app.InstrumentationActivityInvoker$EmptyActivity t3867}#18382 parentId=18381} 2 children}
04-15 09:53:11.946  1542  1770 D SemContextService: Service.updateContext() : service = SLocation Core
04-15 09:53:11.946  1542  1542 D SemContextManager: onSemContextChanged() : event = SLocation Core
04-15 09:53:11.946  1542  1542 D SLocation: SensorHubWrapper - SemContextChanged type = 47, packet received
04-15 09:53:11.946  1542  2220 D SLocation: GeofenceCoreManager - received Extra Data from core, len : 5
04-15 09:53:11.946  1542  2220 D SLocation: GeofenceCoreManager - handleCommandCallback - GEOFENCE_ADD SUCCESS
04-15 09:53:11.946  1542  2220 I SLocation: SHardwareManager - handleAddCallback : GEOFENCE_SUCCESS id = 15000
04-15 09:53:11.946  1542  2220 D SLocation: CommonCoreManager - received Extra Data from core, len : 5
04-15 09:53:11.948  2461  4432 I HoneySpace.RecentTasks: onRunningTaskAppeared
04-15 09:53:11.948  2461  4432 I HoneySpace.RecentTasks: onRecentTasksChanged
04-15 09:53:11.949  2461  2461 I HoneySpace.EdgePanel.CocktailHostRepositoryImpl: onNoteResume
04-15 09:53:11.949  2461  2461 I HoneySpace.EdgePanel.EdgePanelContainerViewModel: cocktailHostRepository.edgePanelOperation NoteResumeComponent(componentName=ComponentInfo{com.catfact.app.test/androidx.test.core.app.InstrumentationActivityInvoker$EmptyActivity})
04-15 09:53:11.951  2461  2461 I HoneySpace.EdgePanel.ActivityUtils: HomePackage : com.sec.android.app.launcher, resumePackageName : com.catfact.app.test, className : androidx.test.core.app.InstrumentationActivityInvoker$EmptyActivity
04-15 09:53:11.953  1151  1151 D SurfaceFlinger: GPIS:: requestGpisForSFSluggish
04-15 09:53:11.955  1151  2479 I SurfaceFlinger: id=18388 createSurf, flag=24000, Surface(name=3edafdc StatusBar)/@0x3b919ed - animation-leash of insets_animation#18388
04-15 09:53:11.956  2000  2000 D DisplayLifecycle: updateDisplay id = 0
04-15 09:53:11.957  1151  2479 I SurfaceFlinger: id=18389 createSurf, flag=24000, Surface(name=8c5cec7 NavigationBar0)/@0xa68870 - animation-leash of insets_animation#18389
04-15 09:53:11.958  2000  2125 D StackScroller: onDisplayChanged for predraw skip to 2
04-15 09:53:11.958  1542  1585 D SurfaceComposerClient: setCornerRadius ## 4d3a880 Splash Screen com.catfact.app.test#18383 cornerRadius=0.000000
04-15 09:53:11.961  1151  1151 E SurfaceFlinger: alpha changed 0.000 -> 0.011 - DimTransitionLayer for Surface(name=Task=3867)/@0x3f8097#18386
04-15 09:53:11.961  1151  1151 I SurfaceFlinger: [Surface(name=3edafdc StatusBar)/@0x3b919ed - animation-leash of insets_animation#18388] attach to parent LayerHierarchy{RequestedLayerState{WindowToken{7a8fc4f type=2000 android.os.BinderProxy@a9d7329}#94 parentId=17} 2 children}
04-15 09:53:11.961  1151  1151 I SurfaceFlinger: [Surface(name=8c5cec7 NavigationBar0)/@0xa68870 - animation-leash of insets_animation#18389] attach to parent LayerHierarchy{RequestedLayerState{WindowToken{fc018e2 type=2019 android.os.BinderProxy@bda3ac4}#90 parentId=34} 2 children}
04-15 09:53:11.964  2000  2000 D SamsungLightBarControlHelper: updateStatusBar (BLACK icon) numStacks:1, StatusBarMode:MODE_TRANSPARENT, lightBarBounds:[Rect(0, 0 - 720, 1544)], StatusBarState:SHADE, packageName:, isWhiteKeyguardStatusBar:false
04-15 09:53:11.964  2000  2000 D SamsungLightBarControlHelper: onStatusBarAppearanceChanged() -  sbModeChanged:false, statusBarMode:0, barState:MODE_TRANSPARENT, isKeyguardShowing:false, navbarColorManagedByIme:false, (AppearanceRegion{LIGHT_STATUS_BARS bounds=[0,0][720,1544]}, )
04-15 09:53:11.964  2000  2000 D NavigationBar: onSystemBarAttributesChanged() -  displayId:0, appearance:24, packageName: com.catfact.app.test (APPEARANCE_LIGHT_STATUS_BARS APPEARANCE_LIGHT_NAVIGATION_BARS ), navbarColorManagedByIme:false
04-15 09:53:11.965  2000  2000 D SamsungLightBarControlHelper: updateNavigationBar (BLACK button) isLightOpaque:false, hasLightNavigationBarFlag:true, packageName:com.catfact.app.test, DirectReplying:false, NavBarColorMangedByIme:false, ForceDarkForScrim:false, ForceLightForScrim:false, QsCustomizing:false, QsExpanded:false
04-15 09:53:11.965  1542  2477 D InputTransport: Input channel constructed: 'e25d540', fd=1248
04-15 09:53:11.965  1542  2477 D InputTransport: Input channel constructed: 'e25d540', fd=1263
04-15 09:53:11.965  1542  2477 D InputTransport: Input channel constructed: 'e25d540', fd=1041
04-15 09:53:11.965  2461  4432 I HoneySpace.Memory-Monitor: current state = 2, didTrim = false
04-15 09:53:11.965  1542  2477 D InputTransport: Input channel destroyed: 'e25d540', fd=1263
04-15 09:53:11.966  1151  1378 I SurfaceFlinger: id=18390 createSurf, flag=84004, e25d540 com.catfact.app.test/androidx.test.core.app.InstrumentationActivityInvoker$EmptyActivity#18390
04-15 09:53:11.967  1542  2477 D InputTransport: Input channel destroyed: 'e25d540', fd=1041
04-15 09:53:11.967  1151  1151 D SurfaceFlinger: Display 4633128672291735999 HWC layers:
04-15 09:53:11.967  1151  1151 D SurfaceFlinger:        CLIENT |           79766132621322 | 00002102 | RGBA_8888    |   12.0    0.0  720.0 1544.0 |    0    0  720 1544 | com.catfact.app/com.catfact.app.MainActivity$_18572#18374 (46)
04-15 09:53:11.967  1151  1151 D SurfaceFlinger:   SOLID_COLOR |                        0 | 00000000 | N/A          |    0.0    0.0    0.0    0.0 |    0    0  720 1544 | DimTransitionLayer for Surface(name=Task=3867)/@0x3f8097#18386 (0)
04-15 09:53:11.967  1151  1151 D SurfaceFlinger:        DEVICE |            8589934655727 | 00002100 | RGBA_8888    |    0.0    0.0   37.0 1544.0 |  683    0  720 1544 | Splash Screen com.catfact.app.test$_2000#18384 (1)
04-15 09:53:11.967  1151  1151 D SurfaceFlinger:        DEVICE |            8589934654704 | 00002100 | RGBA_8888    |    0.0    0.0  720.0   50.0 |    0    0  720   50 | StatusBar$_2000#102 (26059)
04-15 09:53:11.967  1151  1151 D SurfaceFlinger:        DEVICE |           10569914518889 | 00002100 | RGBA_8888    |    0.0    0.0   67.0  353.0 |  653  192  720  545 | com.sec.android.app.launcher/com.sam[...]l.app.CocktailBarService$_2461#16495 (1)
04-15 09:53:11.967  1151  1151 D SurfaceFlinger:        DEVICE |            8589934654705 | 00002100 | RGBA_8888    |    0.0    0.0  720
04-15 09:53:11.967  1151  1151 D SurfaceFlinger: .0   90.0 |    0 1454  720 1544 | NavigationBar0$_2000#98 (16860)
04-15 09:53:11.967  1151  1151 D SurfaceFlinger:
04-15 09:53:11.968 18638 18638 D InputTransport: Input channel constructed: 'e25d540', fd=117
04-15 09:53:11.968 18638 18638 I InsetsController: onStateChanged: host=com.catfact.app.test/androidx.test.core.app.InstrumentationActivityInvoker$EmptyActivity, from=android.view.ViewRootImpl.onInsetsStateChanged:3026, state=InsetsState: {mDisplayFrame=Rect(0, 0 - 720, 1544), mDisplayCutout=DisplayCutout{insets=Rect(0, 50 - 0, 0) waterfall=Insets{left=0, top=0, right=0, bottom=0} boundingRect={Bounds=[Rect(0, 0 - 0, 0), Rect(341, 0 - 379, 50), Rect(0, 0 - 0, 0), Rect(0, 0 - 0, 0)]} cutoutPathParserInfo={CutoutPathParserInfo{displayWidth=720 displayHeight=1544 physicalDisplayWidth=720 physicalDisplayHeight=1544 density={1.875} cutoutSpec={M 0,0 H -10 V 26.66666666666667 H 10 V 0 H 0 Z @dp} rotation={0} scale={1.0} physicalPixelDisplaySizeRatio={1.0}}} sideOverrides={}}, mRoundedCorners=RoundedCorners{[RoundedCorner{position=TopLeft, radius=8, center=Point(8, 8)}, RoundedCorner{position=TopRight, radius=8, center=Point(712, 8)}, RoundedCorner{position=BottomRight, radius=8, center=Point(712, 1536)}, RoundedCorner{position=BottomLeft, radius=8, center=Point(8, 1536)}]}  mRoundedCornerFrame=Rect(0, 0 - 720, 1544), mPrivacyIndicatorBounds=PrivacyIndicatorBounds {static bounds=Rect(637, 0 - 720, 50) rotation=0}, mDisplayShape=DisplayShape{ spec=-311912193 displayWidth=720 displayHeight=1544 physicalPixelDisplaySizeRatio=0.5 rotation=0 offsetX=0 offsetY=0 scale=1.0}, mSources= { InsetsSource: {ec730001 mType=navigationBars mFrame=[0,1454][720,1544] mVisible=true mFlags= mSideHint=BOTTOM mBoundingRects=null}, InsetsSource: {ec730004 mType=systemGestures mFrame=[0,0][0,0] mVisible=true mFlags= mSideHint=NONE mBoundingRects=null}, InsetsSource: {ec730005 mType=mandatorySystemGestures mFrame=[0,1454][720,1544] mVisible=true mFlags= mSideHint=BOTTOM mBoundingRects=null}, InsetsSource: {ec730006 mType=tappableElement mFrame=[0,1454][720,1544] mVisible=true mFlags= mSideHint=BOTTOM mBoundingRects=null}, InsetsSource: {ec730024 mType=systemGestures mFrame=[0,0][0,0] mVisible=true mFlags= mSideHint=NONE mBoundingRects=null}, InsetsSource: {3 mType=ime mFrame=[0,0][0,0] mVisible=false mFlags= mSideHint=NONE mBoundingRects=null}, InsetsSource: {27 mType=displayCutout mFrame=[0,0][720,50] mVisible=true mFlags= mSideHint=TOP mBoundingRects=null}, InsetsSource: {43950000 mType=statusBars mFrame=[0,0][720,50] mVisible=true mFlags= mSideHint=TOP mBoundingRects=null}, InsetsSource: {43950005 mType=mandatorySystemGestures mFrame=[0,0][720,73] mVisible=true mFlags= mSideHint=TOP mBoundingRects=null}, InsetsSource: {43950006 mType=tappableElement mFrame=[0,0][720,50] mVisible=true mFlags= mSideHint=TOP mBoundingRects=null} }
04-15 09:53:11.969 18638 18638 I VRI[InstrumentationActivityInvoker$EmptyActivity]@19c667b: synced displayState. AttachInfo displayState=2
04-15 09:53:11.969 18638 18638 I VRI[InstrumentationActivityInvoker$EmptyActivity]@19c667b: setView = com.android.internal.policy.DecorView@fe9f0d6 IsHRR=false mFlingFrameRateChange=0 TM=true
04-15 09:53:11.970 18638 18653 D HWUI    : HWUI - treat SMPTE_170M as sRGB
04-15 09:53:11.970  1151  1151 I SurfaceFlinger: [LayerHierarchy{RequestedLayerState{8c5cec7 NavigationBar0#91 parentId=18389} 1 children}] reparent to LayerHierarchy{RequestedLayerState{Surface(name=8c5cec7 NavigationBar0)/@0xa68870 - animation-leash of insets_animation#18389 parentId=90} 1 children}
04-15 09:53:11.970  1151  1151 I SurfaceFlinger: [LayerHierarchy{RequestedLayerState{3edafdc StatusBar#95 parentId=18388} 1 children}] reparent to LayerHierarchy{RequestedLayerState{Surface(name=3edafdc StatusBar)/@0x3b919ed - animation-leash of insets_animation#18388 parentId=94} 1 children}
04-15 09:53:11.970  1151  1151 I SurfaceFlinger: [LayerHierarchy{RequestedLayerState{Surface(name=8c5cec7 NavigationBar0)/@0xa68870 - animation-leash of insets_animation#18378} no children}] reparent to OffscreenRoot
04-15 09:53:11.970  1151  1151 I SurfaceFlinger: [LayerHierarchy{RequestedLayerState{Surface(name=8c5cec7 NavigationBar0)/@0xa68870 - animation-leash of insets_animation#18378} no children}] RelativeParent to null
04-15 09:53:11.970  1151  1151 I SurfaceFlinger: [LayerHierarchy{RequestedLayerState{Surface(name=3edafdc StatusBar)/@0x3b919ed - animation-leash of insets_animation#18377} no children}] reparent to OffscreenRoot
04-15 09:53:11.970  1151  1151 I SurfaceFlinger: [LayerHierarchy{RequestedLayerState{Surface(name=3edafdc StatusBar)/@0x3b919ed - animation-leash of insets_animation#18377} no children}] RelativeParent to null
04-15 09:53:11.970  1151  1151 I SurfaceFlinger: [e25d540 com.catfact.app.test/androidx.test.core.app.InstrumentationActivityInvoker$EmptyActivity#18390] attach to parent LayerHierarchy{RequestedLayerState{ActivityRecord{143575888 u0 com.catfact.app.test/androidx.test.core.app.InstrumentationActivityInvoker$EmptyActivity t3867}#18382 parentId=18381} 3 children}
04-15 09:53:11.974  2000  2105 D ShellDesktopMode: handleRequest: TransitionRequestInfo {type=2, tid=3867, debugId=1645}
04-15 09:53:11.978  2461  4432 I HoneySpace.RecentTasks: onRecentTasksChanged
04-15 09:53:11.978  2461  2584 I HoneySpace.TopTaskSource: onTaskMovedToFront : taskId = 3514, displayId = 0
04-15 09:53:11.978  1151  1151 I SurfaceFlinger: RequestedLayer [e25d540 com.catfact.app.test/android[...]nActivityInvoker$EmptyActivity#18390] hidden!! flag  from(1) --> to(0)
04-15 09:53:11.978  2461  2586 I HoneySpace.TopTaskUseCase: topTasks 3514 ComponentInfo{com.sec.android.app.launcher/com.sec.android.app.launcher.Launcher}[displayId=0]
04-15 09:53:11.979  1151  1199 I SurfaceFlinger: id=18377 Removed Surface(name=3edafdc StatusBar)/@0x3b919ed - animation-leash of insets_animation#18377 (191)
04-15 09:53:11.980  1151  1199 I SurfaceFlinger: id=18378 Removed Surface(name=8c5cec7 NavigationBar0)/@0xa68870 - animation-leash of insets_animation#18378 (191)
04-15 09:53:11.981  2461  2584 I HoneySpace.TopTaskSource: onTaskMovedToFront : taskId = 3801, displayId = 0
04-15 09:53:11.982  1542  2477 I WindowManager: Relayout Window{e25d540 u0 com.catfact.app.test/androidx.test.core.app.InstrumentationActivityInvoker$EmptyActivity}: viewVisibility=0 req=720x1544 ty=1 d0
04-15 09:53:11.982  2461  2586 I HoneySpace.TopTaskUseCase: topTasks 3801 ComponentInfo{com.google.android.calendar/com.google.android.calendar.allinone.AllInOneCalendarActivity}[displayId=0]
04-15 09:53:11.982  1151  1200 I SurfaceFlinger: id=18391 createSurf, flag=44004, com.catfact.app.test/androidx.test.core.app.InstrumentationActivityInvoker$EmptyActivity$_18638#18391
04-15 09:53:11.983  1542  2477 D SurfaceComposerClient: setCornerRadius ## e25d540 com.catfact.app.test/androidx.test.core.app.InstrumentationActivityInvoker$EmptyActivity#18390 cornerRadius=0.000000
04-15 09:53:11.984  1542  2477 I WindowManager: Relayout hash=e25d540, pid=18638, syncId=-1: mAttrs={(0,0)(fillxfill) sim={adjust=pan forwardNavigation} layoutInDisplayCutoutMode=always ty=BASE_APPLICATION
04-15 09:53:11.984  1542  2477 I WindowManager:   fl=81810100
04-15 09:53:11.984  1542  2477 I WindowManager:   pfl=100088c0
04-15 09:53:11.984  1542  2477 I WindowManager:   bhv=1
04-15 09:53:11.984  1542  2477 I WindowManager:   fitSides=0
04-15 09:53:11.984  1542  2477 I WindowManager:   frameRateBoostOnTouch=true
04-15 09:53:11.984  1542  2477 I WindowManager:   dvrrWindowFrameRateHint=true naviIconColor=0}
04-15 09:53:11.985 18638 18638 I BLASTBufferQueue_Java: new BLASTBufferQueue, mName= VRI[InstrumentationActivityInvoker$EmptyActivity]@19c667b mNativeObject= 0xb40000741c570860 caller= android.view.ViewRootImpl.updateBlastSurfaceIfNeeded:3585 android.view.ViewRootImpl.relayoutWindow:11685 android.view.ViewRootImpl.performTraversals:4804 android.view.ViewRootImpl.doTraversal:3924 android.view.ViewRootImpl$TraversalRunnable.run:12903 android.view.Choreographer$CallbackRecord.run:1901 android.view.Choreographer$CallbackRecord.run:1910 android.view.Choreographer.doCallbacks:1367 android.view.Choreographer.doFrame:1292 android.view.Choreographer$FrameDisplayEventReceiver.run:1870
04-15 09:53:11.986 18638 18638 I BLASTBufferQueue_Java: update, w= 720 h= 1544 mName = VRI[InstrumentationActivityInvoker$EmptyActivity]@19c667b mNativeObject= 0xb40000741c570860 sc.mNativeObject= 0xb40000751c4ea1d0 format= -1 caller= android.view.ViewRootImpl.updateBlastSurfaceIfNeeded:3590 android.view.ViewRootImpl.relayoutWindow:11685 android.view.ViewRootImpl.performTraversals:4804 android.view.ViewRootImpl.doTraversal:3924 android.view.ViewRootImpl$TraversalRunnable.run:12903 android.view.Choreographer$CallbackRecord.run:1901
04-15 09:53:11.986 18638 18638 I VRI[InstrumentationActivityInvoker$EmptyActivity]@19c667b: Relayout returned: old=(0,0,720,1544) new=(0,0,720,1544) relayoutAsync=false req=(720,1544)0 dur=6 res=0x3 s={true 0xb40000748c5126c0} ch=true seqId=0
04-15 09:53:11.987  1151  1151 I SurfaceFlinger: destroyed Surface(name=8c5cec7 NavigationBar0)/@0xa68870 - animation-leash of insets_animation#18378
04-15 09:53:11.987  1151  1151 I SurfaceFlinger: destroyed Surface(name=3edafdc StatusBar)/@0x3b919ed - animation-leash of insets_animation#18377
04-15 09:53:11.987  1151  1151 I SurfaceFlinger: [com.catfact.app.test/androidx.test.core.app.InstrumentationActivityInvoker$EmptyActivity$_18638#18391] attach to parent LayerHierarchy{RequestedLayerState{e25d540 com.catfact.app.test/androidx.test.core.app.InstrumentationActivityInvoker$EmptyActivity#18390 parentId=18382} 1 children}
04-15 09:53:11.988 18638 18638 D VRI[InstrumentationActivityInvoker$EmptyActivity]@19c667b: mThreadedRenderer.initialize() mSurface={isValid=true 0xb40000748c5126c0} hwInitialized=true
04-15 09:53:11.988 18638 18638 D VRI[InstrumentationActivityInvoker$EmptyActivity]@19c667b: reportNextDraw android.view.ViewRootImpl.performTraversals:5443 android.view.ViewRootImpl.doTraversal:3924 android.view.ViewRootImpl$TraversalRunnable.run:12903 android.view.Choreographer$CallbackRecord.run:1901 android.view.Choreographer$CallbackRecord.run:1910
04-15 09:53:11.988 18638 18638 D VRI[InstrumentationActivityInvoker$EmptyActivity]@19c667b: Setup new sync=wmsSync-VRI[InstrumentationActivityInvoker$EmptyActivity]@19c667b#4
04-15 09:53:11.988 18638 18638 I VRI[InstrumentationActivityInvoker$EmptyActivity]@19c667b: Creating new active sync group VRI[InstrumentationActivityInvoker$EmptyActivity]@19c667b#5
04-15 09:53:11.989 18638 18638 D VRI[InstrumentationActivityInvoker$EmptyActivity]@19c667b: registerCallbacksForSync syncBuffer=false
04-15 09:53:11.990  2000  2120 I VRI[test]@96ee6f9: onActiveControlsChanged, removed=false, mAdded=true, caller=android.view.ViewRootImpl.handleInsetsControlChanged:3002 android.view.ViewRootImpl$ViewRootHandler.handleMessageImpl:8352 android.view.ViewRootImpl$ViewRootHandler.handleMessage:8301 android.os.Handler.dispatchMessage:110 android.os.Looper.loopOnce:273
04-15 09:53:11.990  2000  2120 I InsetsSourceConsumer: applyRequestedVisibilityToControl: visible=true, type=statusBars, host=Splash Screen com.catfact.app.test
04-15 09:53:11.990  2000  2120 I InsetsSourceConsumer: applyRequestedVisibilityToControl: visible=true, type=navigationBars, host=Splash Screen com.catfact.app.test
04-15 09:53:11.990  1151  1151 I Layer   : id=18378 Destroyed Surface(name=8c5cec7 NavigationBar0)/@0xa68870 - animation-leash of insets_animation#18378
04-15 09:53:11.990  1151  1151 I Layer   : id=18377 Destroyed Surface(name=3edafdc StatusBar)/@0x3b919ed - animation-leash of insets_animation#18377
04-15 09:53:11.990 18638 18658 D VRI[InstrumentationActivityInvoker$EmptyActivity]@19c667b: Received frameDrawingCallback syncResult=0 frameNum=1.
04-15 09:53:11.991 18638 18658 I VRI[InstrumentationActivityInvoker$EmptyActivity]@19c667b: mWNT: t=0xb4000074fc50f650 mBlastBufferQueue=0xb40000741c570860 fn= 1 HdrRenderState mRenderHdrSdrRatio=1.0 caller= android.view.ViewRootImpl$12.onFrameDraw:15441 android.view.ThreadedRenderer$1.onFrameDraw:718 <bottom of call stack>
04-15 09:53:11.991 18638 18658 I VRI[InstrumentationActivityInvoker$EmptyActivity]@19c667b: Setting up sync and frameCommitCallback
04-15 09:53:11.998  3723 26412 I [AirCmd]_ActivitySwitchDetector: onTaskStackChanged : componentName - null
04-15 09:53:11.999  2461  4432 I HoneySpace.RecentTasks: onRecentTasksChanged
04-15 09:53:12.000 18638 18653 I GSC     : SID[4] : fe6ff4e467193f9c, Kind: 1, time : 8.338 ms
04-15 09:53:12.001  3963  4335 I SemDvfsHyPerManager: acquire hyper - BaseTABoost/3963@25, type = -999
04-15 09:53:12.001  1059  1180 I HYPER-HAL: [RequestManager.cpp]acquire(): Acquired ID : 7954091  [3963 / 25]    HINT :      list : [TABoost / 1]
04-15 09:53:12.002 18759 18788 D WM-ForceStopRunnable: Found unfinished work, scheduling it.
04-15 09:53:12.005 18638 18653 I GSC     : SID[5] : 9fb7104710fc7e74, Kind: 0, time : 4.539 ms
04-15 09:53:12.006 18638 18653 I BLASTBufferQueue: [VRI[InstrumentationActivityInvoker$EmptyActivity]@19c667b#2](f:0,a:0,s:0) onFrameAvailable the first frame is available
04-15 09:53:12.007 18638 18653 I VRI[InstrumentationActivityInvoker$EmptyActivity]@19c667b: Received frameCommittedCallback lastAttemptedDrawFrameNum=1 didProduceBuffer=true
04-15 09:53:12.007  1151  2479 I SurfaceFlinger: [com.catfact.app.test/androidx.test.core.app.InstrumentationActivityInvoker$EmptyActivity$_18638#18391] setTransactionState with the first frame. bufferData(ID: 80049600462857, frameNumber: 1)
04-15 09:53:12.007 18638 18653 D HWUI    : CFMS:: SetUp Pid : 18638    Tid : 18653
04-15 09:53:12.007 18638 18638 D VRI[InstrumentationActivityInvoker$EmptyActivity]@19c667b: reportDrawFinished seqId=0
04-15 09:53:12.009  1542  1585 I SemDvfsHyPerManager: acquire hyper - AMS_RESUME_TAIL/1542@22, type = -999
04-15 09:53:12.009  1542  1585 I SemDvfsHyPerManager: acquire hyper - AMS_ACT_LAZY/1542@23, type = -999
04-15 09:53:12.009  1059  1180 I HYPER-HAL: [RequestManager.cpp]acquire(): Acquired ID : 1223852  [1542 / 22]    HINT : AMS_RESUME_TAIL    list :
04-15 09:53:12.010  1059  1180 I HYPER-HAL: [ResourceManager.cpp]removeResource(): [CPULittleMinFreq] RemoveResource Request ID : 1233263
04-15 09:53:12.010  1059  1180 I HYPER-HAL: [RequestManager.cpp]releaseLocked(): Released ID : 1233263
04-15 09:53:12.011  1542  3802 I SemDvfsHyPerManager: acquire hyper - AMS_ACT_RESUME/1542@19, type = -999
04-15 09:53:12.014  1059  1180 I HYPER-HAL: [RequestManager.cpp]acquire(): Acquired ID : 1219160  [1542 / 19]    HINT : AMS_ACT_RESUME    list :
04-15 09:53:12.014  2000  2120 D ViewRootImpl: desktopMode is false
04-15 09:53:12.014  2000  2120 I ViewRootImpl: dVRR is disabled
04-15 09:53:12.014  2000  2196 D NativeCustomFrequencyManager: [NativeCFMS] BpCustomFrequencyManager::BpCustomFrequencyManager()
04-15 09:53:12.015  1542  3802 D InputDispatcher: Focused application(0): ActivityRecord{243114305 u0 com.google.android.calendar/.allinone.AllInOneCalendarActivity t3801}
04-15 09:53:12.015  1542  1825 D AS.MultiSoundManager: mForegroundUid = 10279
04-15 09:53:12.020  1151  1151 I SurfaceFlinger: RequestedLayer [com.catfact.app.test/androidx.test.c[...]tyInvoker$EmptyActivity$_18638#18391] hidden!! flag  from(1) --> to(0)
04-15 09:53:12.022  1542  1598 W libprocessgroup: SetCgroup::ExecuteForProcess: failed to open /dev/cpuctl/foreground-boost/cgroup.procs: No such file or directory
04-15 09:53:12.022  1542  1598 W libprocessgroup: SetCgroup::ExecuteForProcess: failed to open /dev/cpuctl/foreground-boost/cgroup.procs: No such file or directory
04-15 09:53:12.022  1542  1598 W libprocessgroup: SetCgroup::ExecuteForProcess: failed to open /dev/cpuctl/foreground-boost/cgroup.procs: No such file or directory
04-15 09:53:12.023  2461  2584 I HoneySpace.TopTaskSource: onTaskFocusChanged(): taskId = 3801
04-15 09:53:12.023  1542  4025 D InputTransport: Input channel constructed: 'a92626e', fd=1263
04-15 09:53:12.023  1542  4025 D InputTransport: Input channel constructed: 'a92626e', fd=1286
04-15 09:53:12.023  1542  4025 D InputTransport: Input channel constructed: 'a92626e', fd=1296
04-15 09:53:12.023  1542  4025 D InputTransport: Input channel destroyed: 'a92626e', fd=1286
04-15 09:53:12.023  2000  2000 I {OngoingActivityController}: onTaskFocusChanged but OA data is empty
04-15 09:53:12.024  1542  2162 D GraphicsStatsService: requestRenderEngineFor(com.google.android.calendar)
04-15 09:53:12.024  1151  2479 I SurfaceFlinger: id=18392 createSurf, flag=84004, a92626e Splash Screen com.google.android.calendar#18392
04-15 09:53:12.026  1542  4025 D InputTransport: Input channel destroyed: 'a92626e', fd=1296
04-15 09:53:12.027  2000  2120 D InputTransport: Input channel constructed: 'a92626e', fd=674
04-15 09:53:12.027  2000  2120 I InsetsController: onStateChanged: host=Splash Screen com.google.android.calendar, from=android.view.ViewRootImpl.onInsetsStateChanged:3026, state=InsetsState: {mDisplayFrame=Rect(0, 0 - 720, 1544), mDisplayCutout=DisplayCutout{insets=Rect(0, 50 - 0, 0) waterfall=Insets{left=0, top=0, right=0, bottom=0} boundingRect={Bounds=[Rect(0, 0 - 0, 0), Rect(341, 0 - 379, 50), Rect(0, 0 - 0, 0), Rect(0, 0 - 0, 0)]} cutoutPathParserInfo={CutoutPathParserInfo{displayWidth=720 displayHeight=1544 physicalDisplayWidth=720 physicalDisplayHeight=1544 density={1.875} cutoutSpec={M 0,0 H -10 V 26.66666666666667 H 10 V 0 H 0 Z @dp} rotation={0} scale={1.0} physicalPixelDisplaySizeRatio={1.0}}} sideOverrides={}}, mRoundedCorners=RoundedCorners{[RoundedCorner{position=TopLeft, radius=8, center=Point(8, 8)}, RoundedCorner{position=TopRight, radius=8, center=Point(712, 8)}, RoundedCorner{position=BottomRight, radius=8, center=Point(712, 1536)}, RoundedCorner{position=BottomLeft, radius=8, center=Point(8, 1536)}]}  mRoundedCornerFrame=Rect(0, 0 - 720, 1544), mPrivacyIndicatorBounds=PrivacyIndicatorBounds {static bounds=Rect(637, 0 - 720, 50) rotation=0}, mDisplayShape=DisplayShape{ spec=-311912193 displayWidth=720 displayHeight=1544 physicalPixelDisplaySizeRatio=0.5 rotation=0 offsetX=0 offsetY=0 scale=1.0}, mSources= { InsetsSource: {ec730001 mType=navigationBars mFrame=[0,1454][720,1544] mVisible=true mFlags= mSideHint=BOTTOM mBoundingRects=null}, InsetsSource: {ec730004 mType=systemGestures mFrame=[0,0][0,0] mVisible=true mFlags= mSideHint=NONE mBoundingRects=null}, InsetsSource: {ec730005 mType=mandatorySystemGestures mFrame=[0,1454][720,1544] mVisible=true mFlags= mSideHint=BOTTOM mBoundingRects=null}, InsetsSource: {ec730006 mType=tappableElement mFrame=[0,1454][720,1544] mVisible=true mFlags= mSideHint=BOTTOM mBoundingRects=null}, InsetsSource: {ec730024 mType=systemGestures mFrame=[0,0][0,0] mVisible=true mFlags= mSideHint=NONE mBoundingRects=null}, InsetsSource: {3 mType=ime mFrame=[0,0][0,0] mVisible=false mFlags= mSideHint=NONE mBoundingRects=null}, InsetsSource: {27 mType=displayCutout mFrame=[0,0][720,50] mVisible=true mFlags= mSideHint=TOP mBoundingRects=null}, InsetsSource: {43950000 mType=statusBars mFrame=[0,0][720,50] mVisible=true mFlags= mSideHint=TOP mBoundingRects=null}, InsetsSource: {43950005 mType=mandatorySystemGestures mFrame=[0,0][720,73] mVisible=true mFlags= mSideHint=TOP mBoundingRects=null}, InsetsSource: {43950006 mType=tappableElement mFrame=[0,0][720,50] mVisible=true mFlags= mSideHint=TOP mBoundingRects=null} }
04-15 09:53:12.027  2000  2120 I VRI[calendar]@6cb2f05: onActiveControlsChanged, removed=false, mAdded=true, caller=android.view.ViewRootImpl.handleInsetsControlChanged:3002 android.view.ViewRootImpl.setView:2014 android.view.WindowManagerGlobal.addView:604 com.android.wm.shell.startingsurface.SplashscreenWindowCreator.addWindow:38 com.android.wm.shell.startingsurface.StartingWindowController$$ExternalSyntheticLambda4.run:1365
04-15 09:53:12.027  2000  2120 I VRI[calendar]@6cb2f05: synced displayState. AttachInfo displayState=2
04-15 09:53:12.027  2000  2120 I VRI[calendar]@6cb2f05: setView = android.widget.FrameLayout@a733326 IsHRR=false mFlingFrameRateChange=0 TM=true
04-15 09:53:12.028  1151  1151 D SurfaceFlinger: Display 4633128672291735999 HWC layers:
04-15 09:53:12.028  1151  1151 D SurfaceFlinger:        CLIENT |           79766132621322 | 00002102 | RGBA_8888    |  120.0    0.0  720.0 1544.0 |    0    0  720 1544 | com.catfact.app/com.catfact.app.MainActivity$_18572#18374 (50)
04-15 09:53:12.028  1151  1151 D SurfaceFlinger:   SOLID_COLOR |                        0 | 00000000 | N/A          |    0.0    0.0    0.0    0.0 |    0    0  720 1544 | DimTransitionLayer for Surface(name=Task=3867)/@0x3f8097#18386 (0)
04-15 09:53:12.028  1151  1151 D SurfaceFlinger:        DEVICE |           80049600462857 | 00002102 | RGBA_8888    |    0.0    0.0  385.0 1544.0 |  335    0  720 1544 | com.catfact.app.test/androidx.test.c[...]tyInvoker$EmptyActivity$_18638#18391 (1)
04-15 09:53:12.028  1151  1151 D SurfaceFlinger:        DEVICE |            8589934655727 | 00002100 | RGBA_8888    |    0.0    0.0  385.0 1544.0 |  335    0  720 1544 | Splash Screen com.catfact.app.test$_2000#18384 (1)
04-15 09:53:12.028  1151  1151 D SurfaceFlinger:        DEVICE |            8589934654694 | 00002100 | RGBA_8888    |    0.0    0.0  720.0   50.0 |    0    0  720   50 | StatusBar$_2000#102 (26065)
04-15 09:53:12.028  1151  1151 D SurfaceFlinger:        DEVICE |           10569914518889 | 00002100 | RGBA_8888    |    0.0    0.0   67
04-15 09:53:12.028  1151  1151 D SurfaceFlinger: .0  353.0 |  653  192  720  545 | com.sec.android.app.launcher/com.sam[...]l.app.CocktailBarService$_2461#16495 (1)
04-15 09:53:12.028  1151  1151 D SurfaceFlinger:        DEVICE |            8589934654691 | 00002100 | RGBA_8888    |    0.0    0.0  720.0   90.0 |    0 1454  720 1544 | NavigationBar0$_2000#98 (16865)
04-15 09:53:12.028  1151  1151 D SurfaceFlinger:
04-15 09:53:12.028  1151  1151 I SurfaceFlinger: [a92626e Splash Screen com.google.android.calendar#18392] attach to parent LayerHierarchy{RequestedLayerState{ActivityRecord{243114305 u0 com.google.android.calendar/.allinone.AllInOneCalendarActivity t3801}#16293 parentId=16292} 2 children}
04-15 09:53:12.030  2000  2196 D HWUI    : HWUI - treat SMPTE_170M as sRGB
04-15 09:53:12.030  1542  1582 D PkgPredictorService-SecIpmManagerServiceImpl: onForegroundActivitiesChanged pid:3979 uid:10279
04-15 09:53:12.030  1542  1582 D NetworkPolicy: already checked 10279
04-15 09:53:12.030  1542  4025 I WindowManager: Relayout Window{a92626e u0 Splash Screen com.google.android.calendar}: viewVisibility=0 req=720x1544 ty=3 d0
04-15 09:53:12.032  1151  1200 I SurfaceFlinger: id=18393 createSurf, flag=44004, Splash Screen com.google.android.calendar$_2000#18393
04-15 09:53:12.032  2461  2461 I HoneySpace.EdgePanel.CocktailHostRepositoryImpl: onNoteResume
04-15 09:53:12.032  2461  2461 I HoneySpace.EdgePanel.EdgePanelContainerViewModel: cocktailHostRepository.edgePanelOperation NoteResumeComponent(componentName=ComponentInfo{com.google.android.calendar/com.google.android.calendar.allinone.AllInOneCalendarActivity})
04-15 09:53:12.032  2461  2461 I HoneySpace.EdgePanel.ActivityUtils: HomePackage : com.sec.android.app.launcher, resumePackageName : com.google.android.calendar, className : com.google.android.calendar.allinone.AllInOneCalendarActivity
04-15 09:53:12.033  1542  4025 D SurfaceComposerClient: setCornerRadius ## a92626e Splash Screen com.google.android.calendar#18392 cornerRadius=0.000000
04-15 09:53:12.035  1542  4025 D SurfaceComposerClient: setCornerRadius ## a92626e Splash Screen com.google.android.calendar#18392 cornerRadius=0.000000
04-15 09:53:12.036  1151  1151 I SurfaceFlinger: [Splash Screen com.google.android.calendar$_2000#18393] attach to parent LayerHierarchy{RequestedLayerState{a92626e Splash Screen com.google.android.calendar#18392 parentId=16293} 1 children}
04-15 09:53:12.037  1542  4025 I WindowManager: Relayout hash=a92626e, pid=2000, syncId=-1: mAttrs={(0,0)(fillxfill) sim={adjust=pan} layoutInDisplayCutoutMode=always ty=APPLICATION_STARTING fmt=TRANSLUCENT wanim=0x1030317
04-15 09:53:12.037  1542  4025 I WindowManager:   fl=81030118
04-15 09:53:12.037  1542  4025 I WindowManager:   pfl=10000810
04-15 09:53:12.037  1542  4025 I WindowManager:   bhv=1
04-15 09:53:12.037  1542  4025 I WindowManager:   fitSides=0
04-15 09:53:12.037  1542  4025 I WindowManager:   frameRateBoostOnTouch=true
04-15 09:53:12.037  1542  4025 I WindowManager:   dvrrWindowFrameRateHint=true naviIconColor=0}
04-15 09:53:12.038  2000  2120 I VRI[calendar]@6cb2f05: onActiveControlsChanged, removed=false, mAdded=true, caller=android.view.ViewRootImpl.handleInsetsControlChanged:3002 android.view.ViewRootImpl.relayoutWindow:11629 android.view.ViewRootImpl.performTraversals:4804 android.view.ViewRootImpl.doTraversal:3924 android.view.ViewRootImpl$TraversalRunnable.run:12903
04-15 09:53:12.039  2000  2120 I BLASTBufferQueue_Java: new BLASTBufferQueue, mName= VRI[calendar]@6cb2f05 mNativeObject= 0xb40000741d2dfe80 caller= android.view.ViewRootImpl.updateBlastSurfaceIfNeeded:3585 android.view.ViewRootImpl.relayoutWindow:11685 android.view.ViewRootImpl.performTraversals:4804 android.view.ViewRootImpl.doTraversal:3924 android.view.ViewRootImpl$TraversalRunnable.run:12903 android.view.Choreographer$CallbackRecord.run:1901 android.view.Choreographer$CallbackRecord.run:1910 android.view.Choreographer.doCallbacks:1367 android.view.Choreographer.doFrame:1292 android.view.Choreographer$FrameDisplayEventReceiver.run:1870
