04-15 09:53:07.842  3756 18628 I HBD     : l Write selected lang for DE
04-15 09:53:07.842  3756  3756 I HBD     : g isCoverDisplay : false, cached selected json info : SelectedLanguageInfo(languageVersion=4.2, currentLanguageOrder=0, selectedLanguageList=[SelectedLanguage(id=65538, isUsed=true, engName=English, inputType=qwerty, activeOptionList=[auto_replace, auto_spacing, writing_assistant], bilingualId=-1), SelectedLanguage(id=5308416, isUsed=true, engName=Arabic, inputType=qwerty, activeOptionList=[auto_replace, auto_spacing], bilingualId=-1)])
04-15 09:53:07.843  3756  3756 I HBD     : n updateActionOptionFromPreference isCover = false
04-15 09:53:07.843  3756 18628 I HBD     : l writeToFile path : /data/user_de/0/com.samsung.android.honeyboard/files/selected.json
04-15 09:53:07.843  3756 18628 I HBD     : l writeToFile json : {"version":"4.2","currentLanguageOrder":0,"selected":[{"activeOptionList":["auto_replace","auto_spacing","writing_assistant"],"bilingualId":-1,"engName":"English","id":65538,"inputType":"qwerty","isUsed":true},{"activeOptionList":["auto_replace","auto_spacing"],"bilingualId":-1,"engName":"Arabic","id":5308416,"inputType":"qwerty","isUsed":true}]}
04-15 09:53:07.843  3756  3756 I HBD     : n before lang.activeOptionList =  [auto_replace, auto_spacing, writing_assistant]
04-15 09:53:07.843  3756  3756 I HBD     : n after lang.activeOptionList = [auto_replace, auto_spacing, writing_assistant]
04-15 09:53:07.844  1151  1151 I SurfaceFlinger: RequestedLayer [Surface(name=1d7a05f InputMethod)/@0[...]tion-leash of insets_animation#18298] hidden!! flag  from(1) --> to(0)
04-15 09:53:07.844  1151  1151 E SurfaceFlinger: alpha changed 1.000 -> 0.000 - Surface(name=1d7a05f InputMethod)/@0x5f77a9d - animation-leash of insets_animation#18298
04-15 09:53:07.844  3756 18628 I HBD     : l writeToFile complete
04-15 09:53:07.844  1151  1151 I SurfaceFlinger: [LayerHierarchy{RequestedLayerState{ImeContainer#15 parentId=18285 relativeParentId=18285 z=3} 1 children}] reparent to LayerHierarchy{RequestedLayerState{ActivityRecord{39176162 u0 com.catfact.app/.MainActivity t3862}#18285 parentId=18284} 4 children}
04-15 09:53:07.844  1151  1151 I SurfaceFlinger: [LayerHierarchy{RequestedLayerState{ImeContainer#15 parentId=18285 relativeParentId=18285 z=3} 1 children}] RelativeParent to null
04-15 09:53:07.844  1151  1151 I SurfaceFlinger: [LayerHierarchy{RequestedLayerState{Surface(name=1d7a05f InputMethod)/@0x5f77a9d - animation-leash of insets_animation#18279} 1 children}] reparent to OffscreenRoot
04-15 09:53:07.844  1151  1151 I SurfaceFlinger: [LayerHierarchy{RequestedLayerState{Surface(name=1d7a05f InputMethod)/@0x5f77a9d - animation-leash of insets_animation#18279} 1 children}] RelativeParent to null
04-15 09:53:07.844  1151  1151 I SurfaceFlinger: [LayerHierarchy{RequestedLayerState{1d7a05f InputMethod#134 parentId=18298} no children}] reparent to LayerHierarchy{RequestedLayerState{Surface(name=1d7a05f InputMethod)/@0x5f77a9d - animation-leash of insets_animation#18298 parentId=120} 1 children}
04-15 09:53:07.845  3756  3756 I HBD     : l writeToFile path : /data/user/0/com.samsung.android.honeyboard/files/selected.json
04-15 09:53:07.845  3756  3756 I HBD     : l writeToFile json : {"version":"4.2","currentLanguageOrder":0,"selected":[{"activeOptionList":["auto_replace","auto_spacing","writing_assistant"],"bilingualId":-1,"engName":"English","id":65538,"inputType":"qwerty","isUsed":true},{"activeOptionList":["auto_replace","auto_spacing"],"bilingualId":-1,"engName":"Arabic","id":5308416,"inputType":"qwerty","isUsed":true}]}
04-15 09:53:07.845  2000  2194 I VRI[app]@cda25a1: mWNT: t=0xb4000074fc7d6550 mBlastBufferQueue=0xb40000741d269720 fn= 7 HdrRenderState mRenderHdrSdrRatio=1.0 caller= android.view.SyncRtSurfaceTransactionApplier.applyTransaction:100 android.view.SyncRtSurfaceTransactionApplier.lambda$scheduleApply$0:73 android.view.SyncRtSurfaceTransactionApplier.$r8$lambda$afI4fXg3U3-nBZQEDQMiNy-B06s:0
04-15 09:53:07.846  1542  3015 I NSLocationMonitor: getGPSUsingApps() called
04-15 09:53:07.847  2982  6680 I NSLocationManager_FLP: getGPSUsingApps, No change
04-15 09:53:07.847  3756  3756 I HBD     : l writeToFile complete
04-15 09:53:07.847  3756  3756 I HBD     : m normal : updateLanguage : English
04-15 09:53:07.847  3756  3756 I HBD     : g isCoverDisplay : false, cached selected json info : SelectedLanguageInfo(languageVersion=4.2, currentLanguageOrder=0, selectedLanguageList=[SelectedLanguage(id=65538, isUsed=true, engName=English, inputType=qwerty, activeOptionList=[auto_replace, auto_spacing, writing_assistant], bilingualId=-1), SelectedLanguage(id=5308416, isUsed=true, engName=Arabic, inputType=qwerty, activeOptionList=[auto_replace, auto_spacing], bilingualId=-1)])
04-15 09:53:07.848  3756  3756 I HBD     : g isCoverDisplay : false, cached selected json info : SelectedLanguageInfo(languageVersion=4.2, currentLanguageOrder=0, selectedLanguageList=[SelectedLanguage(id=65538, isUsed=true, engName=English, inputType=qwerty, activeOptionList=[auto_replace, auto_spacing, writing_assistant], bilingualId=-1), SelectedLanguage(id=5308416, isUsed=true, engName=Arabic, inputType=qwerty, activeOptionList=[auto_replace, auto_spacing], bilingualId=-1)])
04-15 09:53:07.848  1151  2758 I SurfaceFlinger: id=18279 Removed Surface(name=1d7a05f InputMethod)/@0x5f77a9d - animation-leash of insets_animation#18279 (175)
04-15 09:53:07.848  3756  3756 I HBD     : g updateSelectedLanguageCache is succeeded. English
04-15 09:53:07.848  3756  3756 I HBD     : l writeToFile path : /data/user/0/com.samsung.android.honeyboard/files/selected.json
04-15 09:53:07.848  3756  3756 I HBD     : l writeToFile json : {"version":"4.2","currentLanguageOrder":0,"selected":[{"activeOptionList":["auto_replace","auto_spacing","writing_assistant"],"bilingualId":-1,"engName":"English","id":65538,"inputType":"qwerty","isUsed":true},{"activeOptionList":["auto_replace","auto_spacing"],"bilingualId":-1,"engName":"Arabic","id":5308416,"inputType":"qwerty","isUsed":true}]}
04-15 09:53:07.848  3756 18629 I HBD     : l Write selected lang for DE
04-15 09:53:07.848  3979  3979 W WindowOnBackDispatcher: sendCancelIfRunning: isInProgress=false callback=android.app.Activity$$ExternalSyntheticLambda0@8732a8f
04-15 09:53:07.848  3756 18629 I HBD     : l writeToFile path : /data/user_de/0/com.samsung.android.honeyboard/files/selected.json
04-15 09:53:07.849  3756 18629 I HBD     : l writeToFile json : {"version":"4.2","currentLanguageOrder":0,"selected":[{"activeOptionList":["auto_replace","auto_spacing","writing_assistant"],"bilingualId":-1,"engName":"English","id":65538,"inputType":"qwerty","isUsed":true},{"activeOptionList":["auto_replace","auto_spacing"],"bilingualId":-1,"engName":"Arabic","id":5308416,"inputType":"qwerty","isUsed":true}]}
04-15 09:53:07.849  3756  3756 I HBD     : l writeToFile complete
04-15 09:53:07.850  3756 18629 I HBD     : l writeToFile complete
04-15 09:53:07.851  3756  3756 I HBD     : g isCoverDisplay : false, cached selected json info : SelectedLanguageInfo(languageVersion=4.2, currentLanguageOrder=0, selectedLanguageList=[SelectedLanguage(id=65538, isUsed=true, engName=English, inputType=qwerty, activeOptionList=[auto_replace, auto_spacing, writing_assistant], bilingualId=-1), SelectedLanguage(id=5308416, isUsed=true, engName=Arabic, inputType=qwerty, activeOptionList=[auto_replace, auto_spacing], bilingualId=-1)])
04-15 09:53:07.851  3756  3756 I HBD     : g updateSelectedLanguageCache is succeeded. English
04-15 09:53:07.851  1542  2162 D SecContentProvider: query(), uri = 17 selection = isSettingsChangesAllowed
04-15 09:53:07.851  3756  3756 I HBD     : l writeToFile path : /data/user/0/com.samsung.android.honeyboard/files/selected.json
04-15 09:53:07.851  3756  3756 I HBD     : l writeToFile json : {"version":"4.2","currentLanguageOrder":0,"selected":[{"activeOptionList":["auto_replace","auto_spacing","writing_assistant"],"bilingualId":-1,"engName":"English","id":65538,"inputType":"qwerty","isUsed":true},{"activeOptionList":["auto_replace","auto_spacing"],"bilingualId":-1,"engName":"Arabic","id":5308416,"inputType":"qwerty","isUsed":true}]}
04-15 09:53:07.852  1542  2162 D SecContentProvider: query(), uri = 17 selection = isSettingsChangesAllowed
04-15 09:53:07.852  1151  1151 I SurfaceFlinger: destroyed Surface(name=1d7a05f InputMethod)/@0x5f77a9d - animation-leash of insets_animation#18279
04-15 09:53:07.853  1151  1151 I Layer   : id=18279 Destroyed Surface(name=1d7a05f InputMethod)/@0x5f77a9d - animation-leash of insets_animation#18279
04-15 09:53:07.853  3756  2074 I HBD     : u updated Sub Types. English
04-15 09:53:07.854  3756 18630 I HBD     : l Write selected lang for DE
04-15 09:53:07.855  3979  4808 D HWUI    : CacheManager::trimMemory(20)
04-15 09:53:07.856  3756 18631 I HBD     : b InputMethodSubtype is set as local:en_GB
04-15 09:53:07.856  3756 18630 I HBD     : l writeToFile path : /data/user_de/0/com.samsung.android.honeyboard/files/selected.json
04-15 09:53:07.856  3756 18630 I HBD     : l writeToFile json : {"version":"4.2","currentLanguageOrder":0,"selected":[{"activeOptionList":["auto_replace","auto_spacing","writing_assistant"],"bilingualId":-1,"engName":"English","id":65538,"inputType":"qwerty","isUsed":true},{"activeOptionList":["auto_replace","auto_spacing"],"bilingualId":-1,"engName":"Arabic","id":5308416,"inputType":"qwerty","isUsed":true}]}
04-15 09:53:07.857  3979  3979 D ViewRootImpl: Skipping stats log for color mode
04-15 09:53:07.857  1218  6568 I CameraService: onUidStateChanged: uid=10048, procState is changed. (1 -> 0)
04-15 09:53:07.857  1542  3015 I NSLocationMonitor: getGPSUsingApps() called
04-15 09:53:07.858  2982  6680 I NSLocationManager_FLP: getGPSUsingApps, No change
04-15 09:53:07.858  3979  3979 I VRI[AllInOneCalendarActivity]@f72de33: dispatchDetachedFromWindow
04-15 09:53:07.859  3756  3756 I HBD     : l writeToFile complete
04-15 09:53:07.859  1542  2162 I WindowManager: Relayout Window{c47f151 u0 Splash Screen com.catfact.app}: viewVisibility=8 req=720x1544 ty=3 d0
04-15 09:53:07.859  1542  2162 D SurfaceComposerClient: setCornerRadius ## ebc2d87 com.catfact.app/com.catfact.app.MainActivity#18293 cornerRadius=0.000000
04-15 09:53:07.859  1542  2162 D SurfaceComposerClient: setCornerRadius ## c47f151 Splash Screen com.catfact.app#18286 cornerRadius=0.000000
04-15 09:53:07.859  1542  2162 D SurfaceComposerClient: setCornerRadius ## ebc2d87 com.catfact.app/com.catfact.app.MainActivity#18293 cornerRadius=0.000000
04-15 09:53:07.859  3756  3756 I HBD     : a [UpdatePolicy] [post] a: 31 cl: 65538 kit: [0/0] vt: 0 ir: 1
04-15 09:53:07.860  3756 18632 I HBD     : l Write selected lang for DE
04-15 09:53:07.860  3756 18632 I HBD     : l writeToFile path : /data/user_de/0/com.samsung.android.honeyboard/files/selected.json
04-15 09:53:07.860  1542  2162 I WindowManager: Relayout hash=c47f151, pid=2000, syncId=-1: mAttrs={(0,0)(fillxfill) sim={adjust=pan} layoutInDisplayCutoutMode=always ty=APPLICATION_STARTING fmt=TRANSLUCENT wanim=0x1030317
04-15 09:53:07.860  1542  2162 I WindowManager:   fl=81030118
04-15 09:53:07.860  1542  2162 I WindowManager:   pfl=10000810
04-15 09:53:07.860  1542  2162 I WindowManager:   bhv=1
04-15 09:53:07.860  1542  2162 I WindowManager:   fitSides=0
04-15 09:53:07.860  1542  2162 I WindowManager:   frameRateBoostOnTouch=true
04-15 09:53:07.860  1542  2162 I WindowManager:   dvrrWindowFrameRateHint=true naviIconColor=0}
04-15 09:53:07.860  3756 18632 I HBD     : l writeToFile json : {"version":"4.2","currentLanguageOrder":0,"selected":[{"activeOptionList":["auto_replace","auto_spacing","writing_assistant"],"bilingualId":-1,"engName":"English","id":65538,"inputType":"qwerty","isUsed":true},{"activeOptionList":["auto_replace","auto_spacing"],"bilingualId":-1,"engName":"Arabic","id":5308416,"inputType":"qwerty","isUsed":true}]}
04-15 09:53:07.860  1542  2462 D SecContentProvider: query(), uri = 17 selection = isSettingsChangesAllowed
04-15 09:53:07.860  1542  2473 D InputTransport: Input channel destroyed: 'ce88f54', fd=1178
04-15 09:53:07.860  3756  3756 I HBD     : HoneyBoardService [PF_OP][onStartInput]  33 ms
04-15 09:53:07.860  1542  2473 D SurfaceComposerClient: setCornerRadius ## ebc2d87 com.catfact.app/com.catfact.app.MainActivity#18293 cornerRadius=0.000000
04-15 09:53:07.860  3756  3756 I InputMethodService: scheduleImeSurfaceRemoval: removeImeSurface is posted.
04-15 09:53:07.861  3756  3756 I HBD     : [DirectWriting] DirectWriting emitInputConnection : RemoteInputConnection{idHash=#1e17a6d}
04-15 09:53:07.861  1542  2473 D SurfaceComposerClient: setCornerRadius ## c47f151 Splash Screen com.catfact.app#18286 cornerRadius=0.000000
04-15 09:53:07.861  1542  2473 D SurfaceComposerClient: setCornerRadius ## ebc2d87 com.catfact.app/com.catfact.app.MainActivity#18293 cornerRadius=0.000000
04-15 09:53:07.861  2000  2120 I VRI[app]@cda25a1: onActiveControlsChanged, removed=false, mAdded=true, caller=android.view.ViewRootImpl.handleInsetsControlChanged:3002 android.view.ViewRootImpl.relayoutWindow:11629 android.view.ViewRootImpl.performTraversals:4804 android.view.ViewRootImpl.doTraversal:3924 android.view.ViewRootImpl$TraversalRunnable.run:12903
04-15 09:53:07.861  2000  2000 D SystemUIService: SYSUI_RAM_OPTIMIZATION onTrimMemory=20
04-15 09:53:07.861  3979  3979 D InputTransport: Input channel destroyed: 'ce88f54', fd=166
04-15 09:53:07.862  2000  2000 D CentralSurfaces: SYSUI_RAM_OPTIMIZATION onTrimMemory=20
04-15 09:53:07.862  2000  2120 I VRI[app]@cda25a1: Relayout returned: old=(0,0,720,1544) new=(0,0,720,1544) relayoutAsync=false req=(720,1544)8 dur=3 res=0x2 s={false 0x0} ch=true seqId=0
04-15 09:53:07.862  2000  2120 D VRI[app]@cda25a1: Not drawing due to not visible. Reason=View.GONE
04-15 09:53:07.862  2000  2196 D HWUI    : CacheManager::trimMemory(20)
04-15 09:53:07.862  2000  2120 I VRI[app]@cda25a1: dispatchDetachedFromWindow
04-15 09:53:07.862  1542  2462 D SecContentProvider: query(), uri = 17 selection = isSettingsChangesAllowed
04-15 09:53:07.862  1542  4025 D InputTransport: Input channel destroyed: 'c47f151', fd=1322
04-15 09:53:07.863  3756  4631 I HBD     : a [SKE_SPECIFIC] specific model[com.catfact.app] loaded, 2081993 ns
04-15 09:53:07.863  1542  4025 D SurfaceComposerClient: setCornerRadius ## ebc2d87 com.catfact.app/com.catfact.app.MainActivity#18293 cornerRadius=0.000000
04-15 09:53:07.863  3756  2074 I HBD     : u updated Sub Types. English
04-15 09:53:07.863  1542  4025 D SurfaceComposerClient: setCornerRadius ## ebc2d87 com.catfact.app/com.catfact.app.MainActivity#18293 cornerRadius=0.000000
04-15 09:53:07.863  3979  3979 D BBA2    : setIsFg isFg = false; delayValue 3999ms
04-15 09:53:07.863  2000  2120 D InputTransport: Input channel destroyed: 'c47f151', fd=742
04-15 09:53:07.864  3756 18630 I HBD     : l writeToFile complete
04-15 09:53:07.864  3756 18634 I HBD     : b InputMethodSubtype is set as local:en_GB
04-15 09:53:07.864  1542  1585 D SurfaceComposerClient: setCornerRadius ## ebc2d87 com.catfact.app/com.catfact.app.MainActivity#18293 cornerRadius=0.000000
04-15 09:53:07.870  1542  2472 D SurfaceComposerClient: setCornerRadius ## ebc2d87 com.catfact.app/com.catfact.app.MainActivity#18293 cornerRadius=0.000000
04-15 09:53:07.872  1542  1784 D WifiStaIfaceHidlImpl: getCachedScanData is not implemented by HIDL
04-15 09:53:07.876  3756 18632 E AtomicFile: Failed to rename /data/user_de/0/com.samsung.android.honeyboard/files/selected.json.new to /data/user_de/0/com.samsung.android.honeyboard/files/selected.json
04-15 09:53:07.876  3756 18632 I HBD     : l writeToFile complete
04-15 09:53:07.877  1151  1151 I SurfaceFlinger: [Display 0 name="Built-in Screen"#49] setFrameRateCategory: Default
04-15 09:53:07.878  1151  1151 I SurfaceFlinger: [LayerHierarchy{RequestedLayerState{ImeContainer#15 parentId=18285 relativeParentId=18293 z=1} 1 children}] RelativeParent to LayerHierarchy{RequestedLayerState{ebc2d87 com.catfact.app/com.catfact.app.MainActivity#18293 parentId=18285} 2 children}
04-15 09:53:07.878  1151  1151 I SurfaceFlinger: [LayerHierarchy{RequestedLayerState{Surface(name=ebc2d87 com.catfact.app/com.catfact.app.MainActivity)/@0x5d8da - animation-leash of starting_reveal#18297} 1 children}] reparent to OffscreenRoot
04-15 09:53:07.878  1151  1151 I SurfaceFlinger: [LayerHierarchy{RequestedLayerState{Surface(name=ebc2d87 com.catfact.app/com.catfact.app.MainActivity)/@0x5d8da - animation-leash of starting_reveal#18297} 1 children}] RelativeParent to null
04-15 09:53:07.878  1151  1151 I SurfaceFlinger: [LayerHierarchy{RequestedLayerState{ce88f54 com.google.android.calendar/com.google.android.calendar.allinone.AllInOneCalendarActivity#18272} no children}] reparent to OffscreenRoot
04-15 09:53:07.878  1151  1151 I SurfaceFlinger: [LayerHierarchy{RequestedLayerState{ce88f54 com.google.android.calendar/com.google.android.calendar.allinone.AllInOneCalendarActivity#18272} no children}] RelativeParent to null
04-15 09:53:07.878  1151  1151 I SurfaceFlinger: [LayerHierarchy{RequestedLayerState{ebc2d87 com.catfact.app/com.catfact.app.MainActivity#18293 parentId=18285} 2 children}] reparent to LayerHierarchy{RequestedLayerState{ActivityRecord{39176162 u0 com.catfact.app/.MainActivity t3862}#18285 parentId=18284} 4 children}
04-15 09:53:07.878  1151  1151 I SurfaceFlinger: [LayerHierarchy{RequestedLayerState{c47f151 Splash Screen com.catfact.app#18286 z=2147483647} 1 children}] reparent to OffscreenRoot
04-15 09:53:07.878  1151  1151 I SurfaceFlinger: [LayerHierarchy{RequestedLayerState{c47f151 Splash Screen com.catfact.app#18286 z=2147483647} 1 children}] RelativeParent to null
04-15 09:53:07.878  1151  1151 I SurfaceFlinger: [LayerHierarchy{RequestedLayerState{Splash Screen com.catfact.app$_2000#18287} no children}] reparent to OffscreenRoot
04-15 09:53:07.878  1151  1151 I SurfaceFlinger: [LayerHierarchy{RequestedLayerState{Splash Screen com.catfact.app$_2000#18287} no children}] RelativeParent to null
04-15 09:53:07.879  1151  1151 I SurfaceFlinger: id=18287 Removed Splash Screen com.catfact.app$_2000#18287 (174)
04-15 09:53:07.879  1151  1151 I SurfaceFlinger: id=18272 Removed ce88f54 com.google.android.calendar/com.google.android.calendar.allinone.AllInOneCalendarActivity#18272 (174)
04-15 09:53:07.879  1151  1151 I SurfaceFlinger: id=18286 Removed c47f151 Splash Screen com.catfact.app#18286 (174)
04-15 09:53:07.881  1542  1585 D SurfaceComposerClient: setCornerRadius ## ebc2d87 com.catfact.app/com.catfact.app.MainActivity#18293 cornerRadius=0.000000
04-15 09:53:07.882  2000  2000 D DisplayLifecycle: updateDisplay id = 0
04-15 09:53:07.883  2000  2125 D StackScroller: onDisplayChanged for predraw skip to 2
04-15 09:53:07.883  2461  4419 I HoneySpace.Memory-Monitor: current state = 2, didTrim = false
04-15 09:53:07.883  1151  1151 D SurfaceFlinger: Display 4633128672291735999 HWC layers:
04-15 09:53:07.883  1151  1151 D SurfaceFlinger:        DEVICE |           79766132621315 | 00002102 | RGBA_8888    |    0.0    0.0  720.0 1544.0 |    0    0  720 1544 | com.catfact.app/com.catfact.app.MainActivity$_18572#18294 (1)
04-15 09:53:07.883  1151  1151 D SurfaceFlinger:        DEVICE |            8589934654694 | 00002100 | RGBA_8888    |    0.0    0.0  720.0   50.0 |    0    0  720   50 | StatusBar$_2000#102 (26009)
04-15 09:53:07.883  1151  1151 D SurfaceFlinger:        DEVICE |           10569914518889 | 00002100 | RGBA_8888    |    0.0    0.0   67.0  353.0 |  653  192  720  545 | com.sec.android.app.launcher/com.sam[...]l.app.CocktailBarService$_2461#16495 (1)
04-15 09:53:07.883  1151  1151 D SurfaceFlinger:        DEVICE |            8589934654691 | 00002100 | RGBA_8888    |    0.0    0.0  720.0   90.0 |    0 1454  720 1544 | NavigationBar0$_2000#98 (16813)
04-15 09:53:07.883  1151  1151 D SurfaceFlinger:
04-15 09:53:07.885  1542  3015 W LocationManagerService: onFreezeStateChanged, uid[10293]=true
04-15 09:53:07.886  1151  1151 I SurfaceFlinger: destroyed ce88f54 com.google.android.calendar/com.google.android.calendar.allinone.AllInOneCalendarActivity#18272
04-15 09:53:07.886  1151  1151 I SurfaceFlinger: destroyed c47f151 Splash Screen com.catfact.app#18286
04-15 09:53:07.886  1151  1151 I SurfaceFlinger: destroyed Splash Screen com.catfact.app$_2000#18287
04-15 09:53:07.887  1151  1151 I Layer   : id=18272 Destroyed ce88f54 com.google.android.calendar/com.google.android.calendar.allinone.AllInOneCalendarActivity#18272
04-15 09:53:07.887  1151  1151 I Layer   : id=18286 Destroyed c47f151 Splash Screen com.catfact.app#18286
04-15 09:53:07.887  1151  1151 I Layer   : id=18287 Destroyed Splash Screen com.catfact.app$_2000#18287
04-15 09:53:07.901  1542 23285 D SemWifiUsabilityStatsMonitor: onWifiUsabilityStats - seqNum 10572, isSameBssidAndFreq true
04-15 09:53:07.947 18572 18572 I View    : setRequestedFrameRate frameRate=NaN, this=androidx.compose.ui.platform.AndroidComposeView{4934d91 VFED..... ........ 0,0-720,1544 aid=1073741824}, caller=android.view.ViewGroup.setRequestedFrameRate:9952 androidx.compose.ui.platform.Api35Impl.setRequestedFrameRate:3822 androidx.compose.ui.platform.AndroidComposeView.dispatchDraw:2114 android.view.View.draw:26345 android.view.View.updateDisplayListIfDirty:25175
04-15 09:53:07.947 18572 18572 I View    : setRequestedFrameRate frameRate=NaN, this=android.view.View{b75f621 V.ED..... ........ 0,0-0,0}, caller=androidx.compose.ui.platform.Api35Impl.setRequestedFrameRate:3822 androidx.compose.ui.platform.AndroidComposeView.dispatchDraw:2115 android.view.View.draw:26345 android.view.View.updateDisplayListIfDirty:25175 android.view.ViewGroup.recreateChildDisplayList:4794
04-15 09:53:07.987 18572 18572 I View    : setRequestedFrameRate frameRate=NaN, this=androidx.compose.ui.platform.AndroidComposeView{4934d91 VFED..... ........ 0,0-720,1544 aid=1073741824}, caller=android.view.ViewGroup.setRequestedFrameRate:9952 androidx.compose.ui.platform.Api35Impl.setRequestedFrameRate:3822 androidx.compose.ui.platform.AndroidComposeView.dispatchDraw:2114 android.view.View.draw:26345 android.view.View.updateDisplayListIfDirty:25175
04-15 09:53:07.987 18572 18572 I View    : setRequestedFrameRate frameRate=NaN, this=android.view.View{b75f621 V.ED..... ........ 0,0-0,0}, caller=androidx.compose.ui.platform.Api35Impl.setRequestedFrameRate:3822 androidx.compose.ui.platform.AndroidComposeView.dispatchDraw:2115 android.view.View.draw:26345 android.view.View.updateDisplayListIfDirty:25175 android.view.ViewGroup.recreateChildDisplayList:4794
04-15 09:53:08.032  1542  2484 I SemDvfsHyPerManager: acquire hyper - AMS_APP_SWITCH/1542@28, type = -999
04-15 09:53:08.032  1059  1180 I HYPER-HAL: [RequestManager.cpp]acquire(): Acquired ID : 1233263  [1542 / 28]    HINT : AMS_APP_SWITCH    list :
04-15 09:53:08.033  1059  1180 I HYPER-HAL: [ResourceManager.cpp]updateResource(): [CPULittleMinFreq] UpdateResource Request ID : 1233263    Value : 1824000
04-15 09:53:08.033  3963  3963 I SemDvfsHyPerManager: acquire hyper - APP_START_SHORT/3963@17, type = -999
04-15 09:53:08.033  1059 18594 I HYPER-HAL: [ResourceManager.cpp]removeResource(): [CPULittleMinFreq] RemoveResource Request ID : 1222287
04-15 09:53:08.034  1059 18594 I HYPER-HAL: [RequestManager.cpp]releaseLocked(): Released ID : 1222287
04-15 09:53:08.034  1151  1200 I SurfaceFlinger: id=18299 createSurf, flag=24004, Task=3863#18299
04-15 09:53:08.035  1059  1180 I HYPER-HAL: [RequestManager.cpp]acquire(): Acquired ID : 7922207  [3963 / 17]    HINT : APP_START    list : [TIMEOUT / 1500]
04-15 09:53:08.036  1151  1200 I SurfaceFlinger: id=18300 createSurf, flag=84004, ActivityRecord{239018187 u0 com.catfact.app.test/androidx.test.core.app.InstrumentationActivityInvoker$EmptyActivity t3863}#18300
04-15 09:53:08.040  1542  2473 I SemDvfsHyPerManager: acquire hyper - AMS_APP_LAUNCH/1542@21, type = -999
04-15 09:53:08.040  2000  2120 D ViewRootImpl: desktopMode is false
04-15 09:53:08.041  2000  2120 I ViewRootImpl: dVRR is disabled
04-15 09:53:08.041  1059  1180 I HYPER-HAL: [RequestManager.cpp]acquire(): Acquired ID : 1222287  [1542 / 21]    HINT : AMS_APP_LAUNCH    list :
04-15 09:53:08.041  2000  2196 D NativeCustomFrequencyManager: [NativeCFMS] BpCustomFrequencyManager::BpCustomFrequencyManager()
04-15 09:53:08.041  1059  1180 I HYPER-HAL: [ResourceManager.cpp]updateResource(): [CPULittleMinFreq] UpdateResource Request ID : 1222287    Value : 1824000
04-15 09:53:08.041  2000  2105 D ShellDesktopMode: handleRequest: TransitionRequestInfo {type=1, tid=3863, debugId=1638}
04-15 09:53:08.042 18572 18572 D LifecycleMonitor: Lifecycle status change: com.catfact.app.MainActivity@dff2461 in: PAUSED
04-15 09:53:08.042 18572 18572 V ActivityScenario: Update currentActivityStage to PAUSED, currentActivity=com.catfact.app.MainActivity@dff2461
04-15 09:53:08.043  2461  2584 I HoneySpace.TopTaskSource: onTaskMovedToFront : taskId = 3863, displayId = 0
04-15 09:53:08.044  2461  2586 I HoneySpace.TopTaskUseCase: topTasks 3863 ComponentInfo{com.catfact.app.test/androidx.test.core.app.InstrumentationActivityInvoker$EmptyActivity}[displayId=0]
04-15 09:53:08.044  3963  3963 I SemDvfsHyPerManager: acquire hyper - APP_START/3963@19, type = -999
04-15 09:53:08.045  1059  1180 I HYPER-HAL: [RequestManager.cpp]acquire(): Acquired ID : 7930172  [3963 / 19]    HINT : APP_START    list :
04-15 09:53:08.048  1542  1906 D SemWifiTransportLayerMonitor.TcpMonitorHandler: MSG_SAVE_PACKAGE_INFO
04-15 09:53:08.049  1542  1906 D SemWifiTransportLayerFileManager: saveWifiPackageInfoToFile
04-15 09:53:08.049  1542  1906 D SemWifiTransportLayerFileManager: writeWifiPackageInfoList
04-15 09:53:08.049  1542  4025 D InputTransport: Input channel constructed: '43442fa', fd=1322
04-15 09:53:08.049  1542  4025 D InputTransport: Input channel constructed: '43442fa', fd=1354
04-15 09:53:08.050  1542  4025 D InputTransport: Input channel constructed: '43442fa', fd=1356
04-15 09:53:08.050  1542  4025 D InputTransport: Input channel destroyed: '43442fa', fd=1354
04-15 09:53:08.050  1151  1200 I SurfaceFlinger: id=18301 createSurf, flag=84004, 43442fa Splash Screen com.catfact.app.test#18301
04-15 09:53:08.052  1542  4025 D InputTransport: Input channel destroyed: '43442fa', fd=1356
04-15 09:53:08.052  1151  1151 I SurfaceFlinger: [Display 0 name="Built-in Screen"#49] setFrameRateCategory: High
04-15 09:53:08.052  1151  1151 I SurfaceFlinger: [Task=3863#18299] attach to parent LayerHierarchy{RequestedLayerState{DefaultTaskDisplayArea_d0#10 parentId=9} 17 children}
04-15 09:53:08.052  1151  1151 I SurfaceFlinger: [ActivityRecord{239018187 u0 com.catfact.app.test/androidx.test.core.app.InstrumentationActivityInvoker$EmptyActivity t3863}#18300] attach to parent LayerHierarchy{RequestedLayerState{Task=3863#18299 parentId=10} 1 children}
04-15 09:53:08.052  1151  1151 I SurfaceFlinger: [43442fa Splash Screen com.catfact.app.test#18301] attach to parent LayerHierarchy{RequestedLayerState{ActivityRecord{239018187 u0 com.catfact.app.test/androidx.test.core.app.InstrumentationActivityInvoker$EmptyActivity t3863}#18300 parentId=18299} 1 children}
04-15 09:53:08.054  2000  2120 D InputTransport: Input channel constructed: '43442fa', fd=752
04-15 09:53:08.054  2000  2120 I InsetsController: onStateChanged: host=Splash Screen com.catfact.app.test, from=android.view.ViewRootImpl.onInsetsStateChanged:3026, state=InsetsState: {mDisplayFrame=Rect(0, 0 - 720, 1544), mDisplayCutout=DisplayCutout{insets=Rect(0, 50 - 0, 0) waterfall=Insets{left=0, top=0, right=0, bottom=0} boundingRect={Bounds=[Rect(0, 0 - 0, 0), Rect(341, 0 - 379, 50), Rect(0, 0 - 0, 0), Rect(0, 0 - 0, 0)]} cutoutPathParserInfo={CutoutPathParserInfo{displayWidth=720 displayHeight=1544 physicalDisplayWidth=720 physicalDisplayHeight=1544 density={1.875} cutoutSpec={M 0,0 H -10 V 26.66666666666667 H 10 V 0 H 0 Z @dp} rotation={0} scale={1.0} physicalPixelDisplaySizeRatio={1.0}}} sideOverrides={}}, mRoundedCorners=RoundedCorners{[RoundedCorner{position=TopLeft, radius=8, center=Point(8, 8)}, RoundedCorner{position=TopRight, radius=8, center=Point(712, 8)}, RoundedCorner{position=BottomRight, radius=8, center=Point(712, 1536)}, RoundedCorner{position=BottomLeft, radius=8, center=Point(8, 1536)}]}  mRoundedCornerFrame=Rect(0, 0 - 720, 1544), mPrivacyIndicatorBounds=PrivacyIndicatorBounds {static bounds=Rect(637, 0 - 720, 50) rotation=0}, mDisplayShape=DisplayShape{ spec=-311912193 displayWidth=720 displayHeight=1544 physicalPixelDisplaySizeRatio=0.5 rotation=0 offsetX=0 offsetY=0 scale=1.0}, mSources= { InsetsSource: {ec730001 mType=navigationBars mFrame=[0,1454][720,1544] mVisible=true mFlags= mSideHint=BOTTOM mBoundingRects=null}, InsetsSource: {ec730004 mType=systemGestures mFrame=[0,0][0,0] mVisible=true mFlags= mSideHint=NONE mBoundingRects=null}, InsetsSource: {ec730005 mType=mandatorySystemGestures mFrame=[0,1454][720,1544] mVisible=true mFlags= mSideHint=BOTTOM mBoundingRects=null}, InsetsSource: {ec730006 mType=tappableElement mFrame=[0,1454][720,1544] mVisible=true mFlags= mSideHint=BOTTOM mBoundingRects=null}, InsetsSource: {ec730024 mType=systemGestures mFrame=[0,0][0,0] mVisible=true mFlags= mSideHint=NONE mBoundingRects=null}, InsetsSource: {3 mType=ime mFrame=[0,0][0,0] mVisible=false mFlags= mSideHint=NONE mBoundingRects=null}, InsetsSource: {27 mType=displayCutout mFrame=[0,0][720,50] mVisible=true mFlags= mSideHint=TOP mBoundingRects=null}, InsetsSource: {43950000 mType=statusBars mFrame=[0,0][720,50] mVisible=true mFlags= mSideHint=TOP mBoundingRects=null}, InsetsSource: {43950005 mType=mandatorySystemGestures mFrame=[0,0][720,73] mVisible=true mFlags= mSideHint=TOP mBoundingRects=null}, InsetsSource: {43950006 mType=tappableElement mFrame=[0,0][720,50] mVisible=true mFlags= mSideHint=TOP mBoundingRects=null} }
04-15 09:53:08.054  2000  2120 I VRI[test]@8b204ac: onActiveControlsChanged, removed=false, mAdded=true, caller=android.view.ViewRootImpl.handleInsetsControlChanged:3002 android.view.ViewRootImpl.setView:2014 android.view.WindowManagerGlobal.addView:604 com.android.wm.shell.startingsurface.SplashscreenWindowCreator.addWindow:38 com.android.wm.shell.startingsurface.StartingWindowController$$ExternalSyntheticLambda4.run:1365
04-15 09:53:08.055  2000  2120 I VRI[test]@8b204ac: synced displayState. AttachInfo displayState=2
04-15 09:53:08.055  2461 30001 I HoneySpace.RecentTasks: onRecentTasksChanged
04-15 09:53:08.057  1030  1030 D Zygote  : Forked child process 18638
04-15 09:53:08.057  1542  1585 D SurfaceComposerClient: setCornerRadius ## 43442fa Splash Screen com.catfact.app.test#18301 cornerRadius=0.000000
04-15 09:53:08.057  1542  1585 D SurfaceComposerClient: setCornerRadius ## 43442fa Splash Screen com.catfact.app.test#18301 cornerRadius=0.000000
04-15 09:53:08.058  2000  2120 I VRI[test]@8b204ac: setView = android.widget.FrameLayout@d473e57 IsHRR=false mFlingFrameRateChange=0 TM=true
04-15 09:53:08.059  2000  2196 D HWUI    : HWUI - treat SMPTE_170M as sRGB
04-15 09:53:08.059  1218  6568 I CameraService: onUidStateChanged: uid=10048, procState is changed. (0 -> 1)
04-15 09:53:08.060  1542  4025 I WindowManager: Relayout Window{43442fa u0 Splash Screen com.catfact.app.test}: viewVisibility=0 req=720x1544 ty=3 d0
04-15 09:53:08.061  1151  1200 I SurfaceFlinger: id=18302 createSurf, flag=44004, Splash Screen com.catfact.app.test$_2000#18302
04-15 09:53:08.061  1151  1151 I SurfaceFlinger: [LayerHierarchy{RequestedLayerState{ImeContainer#15 parentId=18285 relativeParentId=18285 z=1} 1 children}] RelativeParent to null
04-15 09:53:08.061  1151  1151 I SurfaceFlinger: [Splash Screen com.catfact.app.test$_2000#18302] attach to parent LayerHierarchy{RequestedLayerState{43442fa Splash Screen com.catfact.app.test#18301 parentId=18300} 1 children}
04-15 09:53:08.061  2000  2000 D DisplayLifecycle: updateDisplay id = 0
04-15 09:53:08.062  1542  4025 D SurfaceComposerClient: setCornerRadius ## 43442fa Splash Screen com.catfact.app.test#18301 cornerRadius=0.000000
04-15 09:53:08.062  1151  1151 I BpBinder: onLastStrongRef automatically unlinking death recipients:
04-15 09:53:08.062  1542  4025 D SurfaceComposerClient: setCornerRadius ## 43442fa Splash Screen com.catfact.app.test#18301 cornerRadius=0.000000
04-15 09:53:08.063  2461  4417 I HoneySpace.Memory-Monitor: current state = 2, didTrim = false
04-15 09:53:08.063  1542  4025 I WindowManager: Relayout hash=43442fa, pid=2000, syncId=-1: mAttrs={(0,0)(fillxfill) sim={adjust=pan} layoutInDisplayCutoutMode=always ty=APPLICATION_STARTING fmt=TRANSLUCENT
04-15 09:53:08.063  1542  4025 I WindowManager:   fl=81030118
04-15 09:53:08.063  1542  4025 I WindowManager:   pfl=10000810
04-15 09:53:08.063  1542  4025 I WindowManager:   apr=18
04-15 09:53:08.063  1542  4025 I WindowManager:   bhv=1
04-15 09:53:08.063  1542  4025 I WindowManager:   fitSides=0
04-15 09:53:08.063  1542  4025 I WindowManager:   frameRateBoostOnTouch=true
04-15 09:53:08.063  1542  4025 I WindowManager:   dvrrWindowFrameRateHint=true naviIconColor=0}
04-15 09:53:08.064  2000  2125 D StackScroller: onDisplayChanged for predraw skip to 2
04-15 09:53:08.065  1542  4025 D InputDispatcher: Focus left window (0): ebc2d87 com.catfact.app/com.catfact.app.MainActivity
04-15 09:53:08.065  2000  2120 I VRI[test]@8b204ac: onActiveControlsChanged, removed=false, mAdded=true, caller=android.view.ViewRootImpl.handleInsetsControlChanged:3002 android.view.ViewRootImpl.relayoutWindow:11629 android.view.ViewRootImpl.performTraversals:4804 android.view.ViewRootImpl.doTraversal:3924 android.view.ViewRootImpl$TraversalRunnable.run:12903
04-15 09:53:08.065 18572 18572 I ImeFocusController: onPreWindowFocus: skipped hasWindowFocus=false mHasImeFocus=true
04-15 09:53:08.066 18572 18572 I ImeFocusController: onPostWindowFocus: skipped hasWindowFocus=false mHasImeFocus=true
04-15 09:53:08.067  2000  2120 I BLASTBufferQueue_Java: new BLASTBufferQueue, mName= VRI[test]@8b204ac mNativeObject= 0xb40000741cdfb080 caller= android.view.ViewRootImpl.updateBlastSurfaceIfNeeded:3585 android.view.ViewRootImpl.relayoutWindow:11685 android.view.ViewRootImpl.performTraversals:4804 android.view.ViewRootImpl.doTraversal:3924 android.view.ViewRootImpl$TraversalRunnable.run:12903 android.view.Choreographer$CallbackRecord.run:1901 android.view.Choreographer$CallbackRecord.run:1910 android.view.Choreographer.doCallbacks:1367 android.view.Choreographer.doFrame:1292 android.view.Choreographer$FrameDisplayEventReceiver.run:1870
04-15 09:53:08.067  2000  2120 I BLASTBufferQueue_Java: update, w= 720 h= 1544 mName = VRI[test]@8b204ac mNativeObject= 0xb40000741cdfb080 sc.mNativeObject= 0xb40000751c543c90 format= -3 caller= android.view.ViewRootImpl.updateBlastSurfaceIfNeeded:3590 android.view.ViewRootImpl.relayoutWindow:11685 android.view.ViewRootImpl.performTraversals:4804 android.view.ViewRootImpl.doTraversal:3924 android.view.ViewRootImpl$TraversalRunnable.run:12903 android.view.Choreographer$CallbackRecord.run:1901
04-15 09:53:08.067  2000  2120 I VRI[test]@8b204ac: Relayout returned: old=(0,0,720,1544) new=(0,0,720,1544) relayoutAsync=false req=(720,1544)0 dur=7 res=0x3 s={true 0xb40000748cc90650} ch=true seqId=0
04-15 09:53:08.068  2000  2120 I VRI[test]@8b204ac: performConfigurationChange setNightDimText nightDimLevel=0
04-15 09:53:08.068  2000  2120 D VRI[test]@8b204ac: mThreadedRenderer.initialize() mSurface={isValid=true 0xb40000748cc90650} hwInitialized=true
04-15 09:53:08.068  2000  2120 D VRI[test]@8b204ac: reportNextDraw android.view.ViewRootImpl.performTraversals:5443 android.view.ViewRootImpl.doTraversal:3924 android.view.ViewRootImpl$TraversalRunnable.run:12903 android.view.Choreographer$CallbackRecord.run:1901 android.view.Choreographer$CallbackRecord.run:1910
04-15 09:53:08.068  2000  2120 D VRI[test]@8b204ac: Setup new sync=wmsSync-VRI[test]@8b204ac#42
04-15 09:53:08.068  2000  2120 I VRI[test]@8b204ac: Creating new active sync group VRI[test]@8b204ac#43
04-15 09:53:08.069  2000  2120 D VRI[test]@8b204ac: registerCallbacksForSync syncBuffer=false
04-15 09:53:08.069  2000  2195 D VRI[test]@8b204ac: Received frameDrawingCallback syncResult=0 frameNum=1.
04-15 09:53:08.069  2000  2195 I VRI[test]@8b204ac: mWNT: t=0xb4000074fc78b310 mBlastBufferQueue=0xb40000741cdfb080 fn= 1 HdrRenderState mRenderHdrSdrRatio=1.0 caller= android.view.ViewRootImpl$12.onFrameDraw:15441 android.view.ThreadedRenderer$1.onFrameDraw:718 <bottom of call stack>
04-15 09:53:08.069  2000  2195 I VRI[test]@8b204ac: Setting up sync and frameCommitCallback
04-15 09:53:08.071  2000  2196 I BLASTBufferQueue: [VRI[test]@8b204ac#823](f:0,a:0,s:0) onFrameAvailable the first frame is available
04-15 09:53:08.072  2000  2196 I VRI[test]@8b204ac: Received frameCommittedCallback lastAttemptedDrawFrameNum=1 didProduceBuffer=true
04-15 09:53:08.072 18638 18638 I atfact.app.test: Late-enabling -Xcheck:jni
04-15 09:53:08.072  1151  1200 I SurfaceFlinger: [Splash Screen com.catfact.app.test$_2000#18302] setTransactionState with the first frame. bufferData(ID: 8589934655673, frameNumber: 1)
04-15 09:53:08.072  2000  2196 D HWUI    : CFMS:: SetUp Pid : 2000    Tid : 2196
04-15 09:53:08.073  2000  2120 D VRI[test]@8b204ac: reportDrawFinished seqId=0
04-15 09:53:08.076  1542  1585 D SurfaceComposerClient: setCornerRadius ## 43442fa Splash Screen com.catfact.app.test#18301 cornerRadius=0.000000
04-15 09:53:08.077  1542  1585 D SurfaceComposerClient: setCornerRadius ## 43442fa Splash Screen com.catfact.app.test#18301 cornerRadius=0.000000
04-15 09:53:08.082  1151  1200 I SurfaceFlinger: id=18303 createSurf, flag=84004, Transition Root: Task=3863#18303
04-15 09:53:08.095 18638 18638 I atfact.app.test: Using CollectorTypeCMC GC.
04-15 09:53:08.099  1542  1585 I SurfaceControlRegistry: show, t=StartTransaction_SyncId<1638> sc=ActivityRecord{239018187 u0 com.catfact.app.test/androidx.test.core.app.InstrumentationActivityInvoker$EmptyActivity t3863}, caller=android.view.SurfaceControl$Transaction.show:3557 com.android.server.wm.Transition.onTransactionReady:2048 com.android.server.wm.BLASTSyncEngine$SyncGroup.finishNow:240 com.android.server.wm.BLASTSyncEngine.onSurfacePlacement:263 com.android.server.wm.RootWindowContainer.performSurfacePlacementNoTrace:1083 com.android.server.wm.WindowSurfacePlacer.performSurfacePlacement:166
04-15 09:53:08.099  1542  1585 D SurfaceComposerClient: setCornerRadius ## Task=3862#18284 cornerRadius=0.000000
04-15 09:53:08.099  1542  1585 D SurfaceComposerClient: setCornerRadius ## Task=3863#18299 cornerRadius=0.000000
04-15 09:53:08.100  1216  1238 I adbd    : jdwp connection from 18638
04-15 09:53:08.101  1542  1585 D ScreenCapture: [Capture_TEST] : setIsScreenShotBySystem false
04-15 09:53:08.101  1542  1585 I SurfaceComposerClient: captureLayers:childrenOnly:1, sync:1
04-15 09:53:08.102  2000  2105 I SurfaceControlRegistry: hide, t=FinishTransaction_SyncId<1638> sc=Task=3862, caller=android.view.SurfaceControl$Transaction.hide:3583 com.android.wm.shell.transition.Transitions.dispatchReady:1263 com.android.wm.shell.transition.Transitions.onTransitionReady:251 com.android.wm.shell.transition.Transitions$TransitionPlayerImpl$$ExternalSyntheticLambda0.run:13 android.os.Handler.handleCallback:995 android.os.Handler.dispatchMessage:103
04-15 09:53:08.102  2000  2105 I SurfaceControlRegistry: show, t=StartTransaction_SyncId<1638> sc=Task=3863, caller=android.view.SurfaceControl$Transaction.show:3557 com.android.wm.shell.transition.Transitions.dispatchReady:1279 com.android.wm.shell.transition.Transitions.onTransitionReady:251 com.android.wm.shell.transition.Transitions$TransitionPlayerImpl$$ExternalSyntheticLambda0.run:13 android.os.Handler.handleCallback:995 android.os.Handler.dispatchMessage:103
04-15 09:53:08.102  2000  2105 I SurfaceControlRegistry: show, t=FinishTransaction_SyncId<1638> sc=Task=3863, caller=android.view.SurfaceControl$Transaction.show:3557 com.android.wm.shell.transition.Transitions.dispatchReady:1330 com.android.wm.shell.transition.Transitions.onTransitionReady:251 com.android.wm.shell.transition.Transitions$TransitionPlayerImpl$$ExternalSyntheticLambda0.run:13 android.os.Handler.handleCallback:995 android.os.Handler.dispatchMessage:103
04-15 09:53:08.102  2000  2105 I SurfaceControlRegistry: show, t=StartTransaction_SyncId<1638> sc=Transition Root: Task=3863, caller=android.view.SurfaceControl$Transaction.show:3557 com.android.wm.shell.transition.Transitions.playTransition:79 com.android.wm.shell.transition.Transitions.processReadyQueue:239 com.android.wm.shell.transition.Transitions.dispatchReady:1352 com.android.wm.shell.transition.Transitions.onTransitionReady:251 com.android.wm.shell.transition.Transitions$TransitionPlayerImpl$$ExternalSyntheticLambda0.run:13
04-15 09:53:08.103  2000  2105 D SurfaceComposerClient: [Task=3862#18284] setEdgeExtension Right
04-15 09:53:08.103  1059 18625 I HYPER-HAL: [RequestManager.cpp]releaseLocked(): Released ID : 1223852
04-15 09:53:08.103 18638 18638 D nativeloader: Load libframework-connectivity-tiramisu-jni.so using APEX ns com_android_tethering for caller /apex/com.android.tethering/javalib/framework-connectivity-t.jar: ok
04-15 09:53:08.104  1151  2758 I SurfaceFlinger: id=18304 createSurf, flag=20004, DimTransitionLayer for Surface(name=Task=3863)/@0xf4acfae#18304
04-15 09:53:08.104  2000  2105 I SurfaceControlRegistry: show, t=StartTransaction_SyncId<1638> sc=DimTransitionLayer for Surface(name=Task=3863)/@0xf4acfae, caller=android.view.SurfaceControl$Transaction.show:3557 com.android.wm.shell.transition.DefaultTransitionHandler.startAnimation:2931 com.android.wm.shell.transition.Transitions.dispatchTransition:90 com.android.wm.shell.transition.Transitions.playTransition:774 com.android.wm.shell.transition.Transitions.processReadyQueue:239 com.android.wm.shell.transition.Transitions.dispatchReady:1352
04-15 09:53:08.104  2000  2105 I SurfaceControlRegistry: apply, t=StartTransaction_SyncId<1638>, caller=android.view.SurfaceControl$Transaction.apply:3459 android.view.SurfaceControl$Transaction.apply:3447 android.view.SurfaceControl$Transaction.apply:3397 com.android.wm.shell.transition.DefaultTransitionHandler.startAnimation:3387 com.android.wm.shell.transition.Transitions.dispatchTransition:90 com.android.wm.shell.transition.Transitions.playTransition:774
04-15 09:53:08.105  1151  1200 I SurfaceFlinger: Capture layer list: 	 com.catfact.app/com.catfact.app.MainActivity$_18572#18294(seamlessTransition:0)
04-15 09:53:08.105  1151  1200 I CompositionEngine: [setDisplaySize] size=(720, 1544)
04-15 09:53:08.106  1151  1206 D RenderEngine: [SEC_SF_EFFECTS] drawLayersInternal,1494, Rendering layer ScreenCaptureFillLayer at index 0
04-15 09:53:08.106  1151  1206 D RenderEngine: [SEC_SF_EFFECTS] drawLayersInternal,1494, Rendering layer com.catfact.app/com.catfact.app.MainActivity$_18572#18294 at index 1
04-15 09:53:08.107 18638 18638 D ActivityThread: setConscryptValidator
04-15 09:53:08.107 18638 18638 D ActivityThread: setConscryptValidator - put
04-15 09:53:08.111  1151  1151 I SurfaceFlinger: RequestedLayer [43442fa Splash Screen com.catfact.app.test#18301] hidden!! flag  from(1) --> to(0)
04-15 09:53:08.111  1151  1151 I SurfaceFlinger: RequestedLayer [Splash Screen com.catfact.app.test$_2000#18302] hidden!! flag  from(1) --> to(0)
04-15 09:53:08.111  1151  1151 I SurfaceFlinger: RequestedLayer [Task=3863#18299] hidden!! flag  from(1) --> to(0)
04-15 09:53:08.111  1151  1151 E SurfaceFlinger: alpha changed 1.000 -> 0.000 - Task=3863#18299
04-15 09:53:08.111  1151  1151 I SurfaceFlinger: RequestedLayer [Transition Root: Task=3863#18303] hidden!! flag  from(1) --> to(0)
04-15 09:53:08.111  1151  1151 I SurfaceFlinger: RequestedLayer [ActivityRecord{239018187 u0 com.catf[...]tyInvoker$EmptyActivity t3863}#18300] hidden!! flag  from(1) --> to(0)
04-15 09:53:08.111  1151  1151 I SurfaceFlinger: RequestedLayer [DimTransitionLayer for Surface(name=Task=3863)/@0xf4acfae#18304] hidden!! flag  from(1) --> to(0)
04-15 09:53:08.111  1151  1151 E SurfaceFlinger: alpha changed 1.000 -> 0.000 - DimTransitionLayer for Surface(name=Task=3863)/@0xf4acfae#18304
04-15 09:53:08.111  1151  1151 E SurfaceFlinger: alpha changed 0.000 -> 1.000 - Task=3863#18299
04-15 09:53:08.111  1151  1151 E SurfaceFlinger: alpha changed 0.000 -> 0.000 - DimTransitionLayer for Surface(name=Task=3863)/@0xf4acfae#18304
04-15 09:53:08.111  1151  1151 I SurfaceFlinger: [LayerHierarchy{RequestedLayerState{Task=3862#18284 parentId=18303 z=2} 1 children}] reparent to LayerHierarchy{RequestedLayerState{Transition Root: Task=3863#18303 parentId=10 z=14} 1 children}
04-15 09:53:08.111  1151  1151 I SurfaceFlinger: [LayerHierarchy{RequestedLayerState{Task=3863#18299 parentId=18303 z=5} 1 children}] reparent to LayerHierarchy{RequestedLayerState{Transition Root: Task=3863#18303 parentId=10 z=14} 2 children}
04-15 09:53:08.111  1151  1151 I SurfaceFlinger: [Transition Root: Task=3863#18303] attach to parent LayerHierarchy{RequestedLayerState{DefaultTaskDisplayArea_d0#10 parentId=9} 16 children}
04-15 09:53:08.111  1151  1151 I SurfaceFlinger: [DimTransitionLayer for Surface(name=Task=3863)/@0xf4acfae#18304] attach to parent LayerHierarchy{RequestedLayerState{Transition Root: Task=3863#18303 parentId=10 z=14} 3 children}
04-15 09:53:08.111  1151  1200 I SurfaceFlinger: id=18305 createSurf, flag=24000, Surface(name=3edafdc StatusBar)/@0x3b919ed - animation-leash of insets_animation#18305
04-15 09:53:08.113  1151  1378 I SurfaceFlinger: id=18306 createSurf, flag=24000, Surface(name=8c5cec7 NavigationBar0)/@0xa68870 - animation-leash of insets_animation#18306
04-15 09:53:08.115  2000  2000 D SamsungLightBarControlHelper: updateStatusBar (BLACK icon) numStacks:1, StatusBarMode:MODE_TRANSPARENT, lightBarBounds:[Rect(0, 0 - 720, 1544)], StatusBarState:SHADE, packageName:, isWhiteKeyguardStatusBar:false
04-15 09:53:08.116  2000  2000 D SamsungLightBarControlHelper: onStatusBarAppearanceChanged() -  sbModeChanged:false, statusBarMode:0, barState:MODE_TRANSPARENT, isKeyguardShowing:false, navbarColorManagedByIme:false, (AppearanceRegion{LIGHT_STATUS_BARS bounds=[0,0][720,1544]}, )
04-15 09:53:08.116  2000  2000 D NavigationBar: onSystemBarAttributesChanged() -  displayId:0, appearance:24, packageName: com.catfact.app.test (APPEARANCE_LIGHT_STATUS_BARS APPEARANCE_LIGHT_NAVIGATION_BARS ), navbarColorManagedByIme:false
04-15 09:53:08.116  2000  2000 D SamsungLightBarControlHelper: updateNavigationBar (BLACK button) isLightOpaque:false, hasLightNavigationBarFlag:true, packageName:com.catfact.app.test, DirectReplying:false, NavBarColorMangedByIme:false, ForceDarkForScrim:false, ForceLightForScrim:false, QsCustomizing:false, QsExpanded:false
04-15 09:53:08.117  1542  1585 D SurfaceComposerClient: setCornerRadius ## 43442fa Splash Screen com.catfact.app.test#18301 cornerRadius=0.000000
04-15 09:53:08.118  1151  1151 D SurfaceFlinger: GPIS:: requestGpisForSFSluggish
04-15 09:53:08.119  2461 30001 I HoneySpace.RecentTasks: onRunningTaskAppeared
04-15 09:53:08.119  1151  1151 I SurfaceFlinger: [Surface(name=3edafdc StatusBar)/@0x3b919ed - animation-leash of insets_animation#18305] attach to parent LayerHierarchy{RequestedLayerState{WindowToken{7a8fc4f type=2000 android.os.BinderProxy@a9d7329}#94 parentId=17} 2 children}
04-15 09:53:08.119  1151  1151 I SurfaceFlinger: [Surface(name=8c5cec7 NavigationBar0)/@0xa68870 - animation-leash of insets_animation#18306] attach to parent LayerHierarchy{RequestedLayerState{WindowToken{fc018e2 type=2019 android.os.BinderProxy@bda3ac4}#90 parentId=34} 2 children}
04-15 09:53:08.122  2461 30001 I HoneySpace.RecentTasks: onRecentTasksChanged
04-15 09:53:08.127  1151  1151 E SurfaceFlinger: alpha changed 0.000 -> 0.010 - DimTransitionLayer for Surface(name=Task=3863)/@0xf4acfae#18304
04-15 09:53:08.131  3979  4808 D HWUI    : CacheManager::trimMemory(20)
04-15 09:53:08.132  1151  1200 I SurfaceFlinger: id=18307 createSurf, flag=84000, 76e8c45 ActivityRecordInputSink com.catfact.app.test/androidx.test.core.app.InstrumentationActivityInvoker$EmptyActivity#18307
04-15 09:53:08.133  3979  4808 D HWUI    : CacheManager::trimMemory(20)
04-15 09:53:08.136  1151  1151 D SurfaceFlinger: Display 4633128672291735999 HWC layers:
04-15 09:53:08.136  1151  1151 D SurfaceFlinger:        CLIENT |           79766132621313 | 00002102 | RGBA_8888    |   10.0    0.0  720.0 1544.0 |    0    0  720 1544 | com.catfact.app/com.catfact.app.MainActivity$_18572#18294 (3)
04-15 09:53:08.136  1151  1151 D SurfaceFlinger:   SOLID_COLOR |                        0 | 00000000 | N/A          |    0.0    0.0    0.0    0.0 |    0    0  720 1544 | DimTransitionLayer for Surface(name=Task=3863)/@0xf4acfae#18304 (0)
04-15 09:53:08.136  1151  1151 D SurfaceFlinger:        DEVICE |            8589934655673 | 00002100 | RGBA_8888    |    0.0    0.0   33.0 1544.0 |  687    0  720 1544 | Splash Screen com.catfact.app.test$_2000#18302 (1)
04-15 09:53:08.136  1151  1151 D SurfaceFlinger:        DEVICE |            8589934654694 | 00002100 | RGBA_8888    |    0.0    0.0  720.0   50.0 |    0    0  720   50 | StatusBar$_2000#102 (26009)
04-15 09:53:08.136  1151  1151 D SurfaceFlinger:        DEVICE |           10569914518889 | 00002100 | RGBA_8888    |    0.0    0.0   67.0  353.0 |  653  192  720  545 | com.sec.android.app.launcher/com.sam[...]l.app.CocktailBarService$_2461#16495 (1)
04-15 09:53:08.136  1151  1151 D SurfaceFlinger:        DEVICE |            8589934654691 | 00002100 | RGBA_8888    |    0.0    0.0  720
04-15 09:53:08.136  1151  1151 D SurfaceFlinger: .0   90.0 |    0 1454  720 1544 | NavigationBar0$_2000#98 (16813)
04-15 09:53:08.136  1151  1151 D SurfaceFlinger:
