04-15 09:53:10.710 18572 18587 I TestRunner: started: navigateToFavorites_showsFavoritesScreen(com.catfact.app.navigation.AppNavigationFlowTest)
04-15 09:53:10.712  1151  1151 I SurfaceFlinger: destroyed e4886b7 com.catfact.app/com.catfact.app.MainActivity#18329
04-15 09:53:10.712  1151  1151 I SurfaceFlinger: destroyed com.catfact.app/com.catfact.app.MainActivity$_18572#18333
04-15 09:53:10.712  1151  1151 I SurfaceFlinger: [LayerHierarchy{RequestedLayerState{ActivityRecord{79570143 u0 com.catfact.app/.MainActivity t3864}#18326} 1 children}] reparent to OffscreenRoot
04-15 09:53:10.712  1151  1151 I SurfaceFlinger: [LayerHierarchy{RequestedLayerState{ActivityRecord{79570143 u0 com.catfact.app/.MainActivity t3864}#18326} 1 children}] RelativeParent to null
04-15 09:53:10.712  1151  1151 I SurfaceFlinger: [LayerHierarchy{RequestedLayerState{Task=3864#18325 z=12} no children}] reparent to OffscreenRoot
04-15 09:53:10.712  1151  1151 I SurfaceFlinger: [LayerHierarchy{RequestedLayerState{Task=3864#18325 z=12} no children}] RelativeParent to null
04-15 09:53:10.712  1151  1151 I SurfaceFlinger: [LayerHierarchy{RequestedLayerState{Task=3864#18365 z=12} no children}] reparent to OffscreenRoot
04-15 09:53:10.712  1151  1151 I SurfaceFlinger: [LayerHierarchy{RequestedLayerState{Task=3864#18365 z=12} no children}] RelativeParent to null
04-15 09:53:10.713  1151  1151 I Layer   : id=18329 Destroyed e4886b7 com.catfact.app/com.catfact.app.MainActivity#18329
04-15 09:53:10.714  1151  1151 I Layer   : id=18333 Destroyed com.catfact.app/com.catfact.app.MainActivity$_18572#18333
04-15 09:53:10.714  1151  1151 I SurfaceFlinger: id=18365 Removed Task=3864#18365 (180)
04-15 09:53:10.714  1151  1151 I SurfaceFlinger: id=18326 Removed ActivityRecord{79570143 u0 com.catfact.app/.MainActivity t3864}#18326 (180)
04-15 09:53:10.720  1151  1151 I SurfaceFlinger: destroyed ActivityRecord{79570143 u0 com.catfact.app/.MainActivity t3864}#18326
04-15 09:53:10.720  1151  1151 I SurfaceFlinger: destroyed ee8a539 ActivityRecordInputSink com.catfact.app/.MainActivity#18331
04-15 09:53:10.720  1151  1151 I SurfaceFlinger: destroyed Task=3864#18365
04-15 09:53:10.722  1151  1151 I Layer   : id=18326 Destroyed ActivityRecord{79570143 u0 com.catfact.app/.MainActivity t3864}#18326
04-15 09:53:10.722  1151  1151 I Layer   : id=18331 Destroyed ee8a539 ActivityRecordInputSink com.catfact.app/.MainActivity#18331
04-15 09:53:10.722  1151  1151 I Layer   : id=18365 Destroyed Task=3864#18365
04-15 09:53:10.727  3979  3979 I AppWidgetManager: notifyAppWidgetViewDataChanged() appWidgetIds = [11], viewId = 2131427960
04-15 09:53:10.735 18572 18587 D IdlingRegistry: Registering idling resources: [androidx.compose.ui.test.EspressoLink@a91da49]
04-15 09:53:10.741 18572 18587 W Settings: Setting always_finish_activities has moved from android.provider.Settings.System to android.provider.Settings.Global, returning read-only value.
04-15 09:53:10.743  3979  3979 I AppWidgetManager: notifyAppWidgetViewDataChanged() appWidgetIds = [11], viewId = 2131427960
04-15 09:53:10.744  3979  3979 D AppWidgetProvider: onReceive:com.google.android.calendar.APPWIDGET_NEXT_UPDATE
04-15 09:53:10.751  1151  2479 I SurfaceFlinger: id=18366 createSurf, flag=24004, Task=3866#18366
04-15 09:53:10.751  1542  2484 I SemDvfsHyPerManager: acquire hyper - AMS_APP_SWITCH/1542@28, type = -999
04-15 09:53:10.751  1059  1180 I HYPER-HAL: [RequestManager.cpp]acquire(): Acquired ID : 1233263  [1542 / 28]    HINT : AMS_APP_SWITCH    list :
04-15 09:53:10.753  1059  1180 I HYPER-HAL: [ResourceManager.cpp]updateResource(): [CPULittleMinFreq] UpdateResource Request ID : 1233263    Value : 1824000
04-15 09:53:10.754  1151  2479 I SurfaceFlinger: id=18367 createSurf, flag=84004, ActivityRecord{130087478 u0 com.catfact.app/.MainActivity t3866}#18367
04-15 09:53:10.757  3963  3963 I SemDvfsHyPerManager: acquire hyper - APP_START_SHORT/3963@17, type = -999
04-15 09:53:10.758  1059  1180 I HYPER-HAL: [RequestManager.cpp]acquire(): Acquired ID : 7922207  [3963 / 17]    HINT : APP_START    list : [TIMEOUT / 1500]
04-15 09:53:10.760  1542  2472 I SemDvfsHyPerManager: acquire hyper - AMS_APP_LAUNCH/1542@21, type = -999
04-15 09:53:10.761  2000  2105 D ShellDesktopMode: handleRequest: TransitionRequestInfo {type=1, tid=3866, debugId=1643}
04-15 09:53:10.762  3152  3152 E pageboostd: Received HALT command code 2
04-15 09:53:10.763  1059  1180 I HYPER-HAL: [RequestManager.cpp]acquire(): Acquired ID : 1222287  [1542 / 21]    HINT : AMS_APP_LAUNCH    list :
04-15 09:53:10.763  1059  1180 I HYPER-HAL: [ResourceManager.cpp]updateResource(): [CPULittleMinFreq] UpdateResource Request ID : 1222287    Value : 1824000
04-15 09:53:10.764  2000  2120 D ViewRootImpl: desktopMode is false
04-15 09:53:10.764  2000  2120 I ViewRootImpl: dVRR is disabled
04-15 09:53:10.765  1059 18610 I HYPER-HAL: [RequestManager.cpp]releaseLocked(): Released ID : 2315476
04-15 09:53:10.765  2000  2196 D NativeCustomFrequencyManager: [NativeCFMS] BpCustomFrequencyManager::BpCustomFrequencyManager()
04-15 09:53:10.766  2461 30001 I HoneySpace.RecentTasks: onRecentTasksChanged
04-15 09:53:10.767  2461  4417 I HoneySpace.RecentTasks: onRecentTasksChanged
04-15 09:53:10.769  1542  2472 D InputTransport: Input channel constructed: '6243628', fd=1256
04-15 09:53:10.769  1542  2472 D InputTransport: Input channel constructed: '6243628', fd=1263
04-15 09:53:10.769  1542  2472 D InputTransport: Input channel constructed: '6243628', fd=1274
04-15 09:53:10.769  1542  2472 D InputTransport: Input channel destroyed: '6243628', fd=1263
04-15 09:53:10.770  1151  1200 I SurfaceFlinger: id=18368 createSurf, flag=84004, 6243628 Splash Screen com.catfact.app#18368
04-15 09:53:10.770  1151  1151 I SurfaceFlinger: [Display 0 name="Built-in Screen"#49] setFrameRateCategory: High
04-15 09:53:10.770  1151  1151 I SurfaceFlinger: [Task=3866#18366] attach to parent LayerHierarchy{RequestedLayerState{DefaultTaskDisplayArea_d0#10 parentId=9} 16 children}
04-15 09:53:10.770  1151  1151 I SurfaceFlinger: [ActivityRecord{130087478 u0 com.catfact.app/.MainActivity t3866}#18367] attach to parent LayerHierarchy{RequestedLayerState{Task=3866#18366 parentId=10} 1 children}
04-15 09:53:10.770  1151  1151 I SurfaceFlinger: [6243628 Splash Screen com.catfact.app#18368] attach to parent LayerHierarchy{RequestedLayerState{ActivityRecord{130087478 u0 com.catfact.app/.MainActivity t3866}#18367 parentId=18366} 1 children}
04-15 09:53:10.771  3963  3963 I SemDvfsHyPerManager: acquire hyper - APP_START/3963@19, type = -999
04-15 09:53:10.772  1151  1151 I BpBinder: onLastStrongRef automatically unlinking death recipients:
04-15 09:53:10.773  1542  2472 D InputTransport: Input channel destroyed: '6243628', fd=1274
04-15 09:53:10.773  1059  1180 I HYPER-HAL: [RequestManager.cpp]acquire(): Acquired ID : 7930172  [3963 / 19]    HINT : APP_START    list :
04-15 09:53:10.774  1542  1585 D SurfaceComposerClient: setCornerRadius ## 3b069f9 com.google.android.calendar/com.google.android.calendar.allinone.AllInOneCalendarActivity#18358 cornerRadius=0.000000
04-15 09:53:10.775  2000  2120 D InputTransport: Input channel constructed: '6243628', fd=589
04-15 09:53:10.776  2000  2120 I InsetsController: onStateChanged: host=Splash Screen com.catfact.app, from=android.view.ViewRootImpl.onInsetsStateChanged:3026, state=InsetsState: {mDisplayFrame=Rect(0, 0 - 720, 1544), mDisplayCutout=DisplayCutout{insets=Rect(0, 50 - 0, 0) waterfall=Insets{left=0, top=0, right=0, bottom=0} boundingRect={Bounds=[Rect(0, 0 - 0, 0), Rect(341, 0 - 379, 50), Rect(0, 0 - 0, 0), Rect(0, 0 - 0, 0)]} cutoutPathParserInfo={CutoutPathParserInfo{displayWidth=720 displayHeight=1544 physicalDisplayWidth=720 physicalDisplayHeight=1544 density={1.875} cutoutSpec={M 0,0 H -10 V 26.66666666666667 H 10 V 0 H 0 Z @dp} rotation={0} scale={1.0} physicalPixelDisplaySizeRatio={1.0}}} sideOverrides={}}, mRoundedCorners=RoundedCorners{[RoundedCorner{position=TopLeft, radius=8, center=Point(8, 8)}, RoundedCorner{position=TopRight, radius=8, center=Point(712, 8)}, RoundedCorner{position=BottomRight, radius=8, center=Point(712, 1536)}, RoundedCorner{position=BottomLeft, radius=8, center=Point(8, 1536)}]}  mRoundedCornerFrame=Rect(0, 0 - 720, 1544), mPrivacyIndicatorBounds=PrivacyIndicatorBounds {static bounds=Rect(637, 0 - 720, 50) rotation=0}, mDisplayShape=DisplayShape{ spec=-311912193 displayWidth=720 displayHeight=1544 physicalPixelDisplaySizeRatio=0.5 rotation=0 offsetX=0 offsetY=0 scale=1.0}, mSources= { InsetsSource: {ec730001 mType=navigationBars mFrame=[0,1454][720,1544] mVisible=true mFlags= mSideHint=BOTTOM mBoundingRects=null}, InsetsSource: {ec730004 mType=systemGestures mFrame=[0,0][0,0] mVisible=true mFlags= mSideHint=NONE mBoundingRects=null}, InsetsSource: {ec730005 mType=mandatorySystemGestures mFrame=[0,1454][720,1544] mVisible=true mFlags= mSideHint=BOTTOM mBoundingRects=null}, InsetsSource: {ec730006 mType=tappableElement mFrame=[0,1454][720,1544] mVisible=true mFlags= mSideHint=BOTTOM mBoundingRects=null}, InsetsSource: {ec730024 mType=systemGestures mFrame=[0,0][0,0] mVisible=true mFlags= mSideHint=NONE mBoundingRects=null}, InsetsSource: {27 mType=displayCutout mFrame=[0,0][720,50] mVisible=true mFlags= mSideHint=TOP mBoundingRects=null}, InsetsSource: {43950000 mType=statusBars mFrame=[0,0][720,50] mVisible=true mFlags= mSideHint=TOP mBoundingRects=null}, InsetsSource: {43950005 mType=mandatorySystemGestures mFrame=[0,0][720,73] mVisible=true mFlags= mSideHint=TOP mBoundingRects=null}, InsetsSource: {43950006 mType=tappableElement mFrame=[0,0][720,50] mVisible=true mFlags= mSideHint=TOP mBoundingRects=null} }
04-15 09:53:10.777  2461  4432 I HoneySpace.Memory-Monitor: current state = 2, didTrim = false
04-15 09:53:10.777  2000  2125 D StackScroller: onDisplayChanged for predraw skip to 2
04-15 09:53:10.778  2000  2120 I VRI[app]@811dde1: onActiveControlsChanged, removed=false, mAdded=true, caller=android.view.ViewRootImpl.handleInsetsControlChanged:3002 android.view.ViewRootImpl.setView:2014 android.view.WindowManagerGlobal.addView:604 com.android.wm.shell.startingsurface.SplashscreenWindowCreator.addWindow:38 com.android.wm.shell.startingsurface.StartingWindowController$$ExternalSyntheticLambda4.run:1365
04-15 09:53:10.778  2000  2120 I VRI[app]@811dde1: synced displayState. AttachInfo displayState=2
04-15 09:53:10.779  2000  2120 I VRI[app]@811dde1: setView = android.widget.FrameLayout@17443f4 IsHRR=false mFlingFrameRateChange=0 TM=true
04-15 09:53:10.779  2000  2196 D HWUI    : HWUI - treat SMPTE_170M as sRGB
04-15 09:53:10.781  2000  2000 D DisplayLifecycle: updateDisplay id = 0
04-15 09:53:10.781  1218  6568 I CameraService: onUidStateChanged: uid=10048, procState is changed. (0 -> 1)
04-15 09:53:10.781  1542  2472 I WindowManager: Relayout Window{6243628 u0 Splash Screen com.catfact.app}: viewVisibility=0 req=720x1544 ty=3 d0
04-15 09:53:10.782  1151  1200 I SurfaceFlinger: id=18369 createSurf, flag=44004, Splash Screen com.catfact.app$_2000#18369
04-15 09:53:10.783  1542  2472 D SurfaceComposerClient: setCornerRadius ## 6243628 Splash Screen com.catfact.app#18368 cornerRadius=0.000000
04-15 09:53:10.783  1542  2472 D SurfaceComposerClient: setCornerRadius ## 3b069f9 com.google.android.calendar/com.google.android.calendar.allinone.AllInOneCalendarActivity#18358 cornerRadius=0.000000
04-15 09:53:10.784  1542  2472 D SurfaceComposerClient: setCornerRadius ## 3b069f9 com.google.android.calendar/com.google.android.calendar.allinone.AllInOneCalendarActivity#18358 cornerRadius=0.000000
04-15 09:53:10.784  2461  2584 I HoneySpace.TopTaskSource: onTaskMovedToFront : taskId = 3866, displayId = 0
04-15 09:53:10.784  1542  2472 I WindowManager: Relayout hash=6243628, pid=2000, syncId=-1: mAttrs={(0,0)(fillxfill) sim={adjust=pan} layoutInDisplayCutoutMode=always ty=APPLICATION_STARTING fmt=TRANSLUCENT wanim=0x1030317
04-15 09:53:10.784  1542  2472 I WindowManager:   fl=81030118
04-15 09:53:10.784  1542  2472 I WindowManager:   pfl=10000810
04-15 09:53:10.784  1542  2472 I WindowManager:   bhv=1
04-15 09:53:10.784  1542  2472 I WindowManager:   fitSides=0
04-15 09:53:10.784  1542  2472 I WindowManager:   frameRateBoostOnTouch=true
04-15 09:53:10.784  1542  2472 I WindowManager:   dvrrWindowFrameRateHint=true naviIconColor=0}
04-15 09:53:10.786  1151  1151 I SurfaceFlinger: [Splash Screen com.catfact.app$_2000#18369] attach to parent LayerHierarchy{RequestedLayerState{6243628 Splash Screen com.catfact.app#18368 parentId=18367} 1 children}
04-15 09:53:10.787  2461  2586 I HoneySpace.TopTaskUseCase: topTasks 3866 ComponentInfo{com.catfact.app/com.catfact.app.MainActivity}[displayId=0]
04-15 09:53:10.790  2000  2120 I VRI[app]@811dde1: onActiveControlsChanged, removed=false, mAdded=true, caller=android.view.ViewRootImpl.handleInsetsControlChanged:3002 android.view.ViewRootImpl.relayoutWindow:11629 android.view.ViewRootImpl.performTraversals:4804 android.view.ViewRootImpl.doTraversal:3924 android.view.ViewRootImpl$TraversalRunnable.run:12903
04-15 09:53:10.792  2000  2120 I BLASTBufferQueue_Java: new BLASTBufferQueue, mName= VRI[app]@811dde1 mNativeObject= 0xb40000741d17c860 caller= android.view.ViewRootImpl.updateBlastSurfaceIfNeeded:3585 android.view.ViewRootImpl.relayoutWindow:11685 android.view.ViewRootImpl.performTraversals:4804 android.view.ViewRootImpl.doTraversal:3924 android.view.ViewRootImpl$TraversalRunnable.run:12903 android.view.Choreographer$CallbackRecord.run:1901 android.view.Choreographer$CallbackRecord.run:1910 android.view.Choreographer.doCallbacks:1367 android.view.Choreographer.doFrame:1292 android.view.Choreographer$FrameDisplayEventReceiver.run:1870
04-15 09:53:10.793  2000  2120 I BLASTBufferQueue_Java: update, w= 720 h= 1544 mName = VRI[app]@811dde1 mNativeObject= 0xb40000741d17c860 sc.mNativeObject= 0xb40000751c53df90 format= -3 caller= android.view.ViewRootImpl.updateBlastSurfaceIfNeeded:3590 android.view.ViewRootImpl.relayoutWindow:11685 android.view.ViewRootImpl.performTraversals:4804 android.view.ViewRootImpl.doTraversal:3924 android.view.ViewRootImpl$TraversalRunnable.run:12903 android.view.Choreographer$CallbackRecord.run:1901
04-15 09:53:10.796  1542  2477 D InputDispatcher: Focused application(0): ActivityRecord{130087478 u0 com.catfact.app/.MainActivity t3866}
04-15 09:53:10.798  1542  2477 D SurfaceComposerClient: setCornerRadius ## 6243628 Splash Screen com.catfact.app#18368 cornerRadius=0.000000
04-15 09:53:10.798  1542  2477 D SurfaceComposerClient: setCornerRadius ## 6243628 Splash Screen com.catfact.app#18368 cornerRadius=0.000000
04-15 09:53:10.799  3979  3979 D AppWidgetProvider: onReceive:com.google.android.calendar.APPWIDGET_NEXT_UPDATE
04-15 09:53:10.799  2000  2120 I VRI[app]@811dde1: Relayout returned: old=(0,0,720,1544) new=(0,0,720,1544) relayoutAsync=false req=(720,1544)0 dur=10 res=0x3 s={true 0xb40000748cd8bdc0} ch=true seqId=0
04-15 09:53:10.800  1542  1825 D AS.MultiSoundManager: mForegroundUid = 10746
04-15 09:53:10.802  2000  2120 D VRI[app]@811dde1: mThreadedRenderer.initialize() mSurface={isValid=true 0xb40000748cd8bdc0} hwInitialized=true
04-15 09:53:10.802  1542  2472 D GraphicsStatsService: requestRenderEngineFor(com.catfact.app)
04-15 09:53:10.803  1542  1582 D PkgPredictorService-SecIpmManagerServiceImpl: onForegroundActivitiesChanged pid:18572 uid:10746
04-15 09:53:10.803  1542  1582 D NetworkPolicy: already checked 10746
04-15 09:53:10.803  2000  2000 I {OngoingActivityController}: onTaskFocusChanged but OA data is empty
04-15 09:53:10.803  1542  1582 D NetworkPolicy: already checked 10746
04-15 09:53:10.804  2000  2120 D VRI[app]@811dde1: reportNextDraw android.view.ViewRootImpl.performTraversals:5443 android.view.ViewRootImpl.doTraversal:3924 android.view.ViewRootImpl$TraversalRunnable.run:12903 android.view.Choreographer$CallbackRecord.run:1901 android.view.Choreographer$CallbackRecord.run:1910
04-15 09:53:10.804  2000  2120 D VRI[app]@811dde1: Setup new sync=wmsSync-VRI[app]@811dde1#52
04-15 09:53:10.804  2000  2120 I VRI[app]@811dde1: Creating new active sync group VRI[app]@811dde1#53
04-15 09:53:10.805  2000  2120 D VRI[app]@811dde1: registerCallbacksForSync syncBuffer=false
04-15 09:53:10.806  2000  2194 D VRI[app]@811dde1: Received frameDrawingCallback syncResult=0 frameNum=1.
04-15 09:53:10.806  2000  2194 I VRI[app]@811dde1: mWNT: t=0xb4000074fc7a9290 mBlastBufferQueue=0xb40000741d17c860 fn= 1 HdrRenderState mRenderHdrSdrRatio=1.0 caller= android.view.ViewRootImpl$12.onFrameDraw:15441 android.view.ThreadedRenderer$1.onFrameDraw:718 <bottom of call stack>
04-15 09:53:10.806  2000  2194 I VRI[app]@811dde1: Setting up sync and frameCommitCallback
04-15 09:53:10.807  2000  2196 I BLASTBufferQueue: [VRI[app]@811dde1#828](f:0,a:0,s:0) onFrameAvailable the first frame is available
04-15 09:53:10.807  2000  2196 I VRI[app]@811dde1: Received frameCommittedCallback lastAttemptedDrawFrameNum=1 didProduceBuffer=true
04-15 09:53:10.807  1151  2479 I SurfaceFlinger: [Splash Screen com.catfact.app$_2000#18369] setTransactionState with the first frame. bufferData(ID: 8589934655718, frameNumber: 1)
04-15 09:53:10.808 18572 18572 D LifecycleMonitor: Lifecycle status change: com.catfact.app.MainActivity@d103cbd in: PRE_ON_CREATE
04-15 09:53:10.808 18572 18572 V ActivityScenario: Activity lifecycle changed event received but ignored because the reported transition was not ON_CREATE while the last known transition was PRE_ON_CREATE
04-15 09:53:10.809 18525 18790 I Rubin   : [146] M.c0.k(Unknown Source) : Notify com.samsung.android.rubin.inferenceengine.contextanalytics.engine.loggers.AppUsageLogger's database is updated.
04-15 09:53:10.810  2000  2196 D HWUI    : CFMS:: SetUp Pid : 2000    Tid : 2196
04-15 09:53:10.810  2000  2120 D VRI[app]@811dde1: reportDrawFinished seqId=0
04-15 09:53:10.811  1542  1585 D SurfaceComposerClient: setCornerRadius ## 6243628 Splash Screen com.catfact.app#18368 cornerRadius=0.000000
04-15 09:53:10.811  1542  1585 D SurfaceComposerClient: setCornerRadius ## 6243628 Splash Screen com.catfact.app#18368 cornerRadius=0.000000
04-15 09:53:10.811  1151  1151 I SurfaceFlinger: [LayerHierarchy{RequestedLayerState{ImeContainer#15 parentId=16293 relativeParentId=16293 z=1} 1 children}] RelativeParent to null
04-15 09:53:10.811 18572 18572 I DecorView: setWindowBackground: isPopOver=false color=ff141218 d=android.graphics.drawable.ColorDrawable@d7b37fe
04-15 09:53:10.812  3723 15452 I [AirCmd]_ActivitySwitchDetector: onTaskFocusChanged : taskId=3866, componentName=ComponentInfo{com.catfact.app/com.catfact.app.MainActivity}
04-15 09:53:10.812  1151  2758 I SurfaceFlinger: id=18370 createSurf, flag=84004, Transition Root: Task=3866#18370
04-15 09:53:10.812  3723 15452 I [AirCmd]_ActivitySwitchDetector: onTaskFocusChanged :mTopMostActivity = ComponentInfo{com.google.android.calendar/com.google.android.calendar.allinone.AllInOneCalendarActivity}
04-15 09:53:10.813 18572 18572 D LifecycleMonitor: Lifecycle status change: com.catfact.app.MainActivity@d103cbd in: CREATED
04-15 09:53:10.813 18572 18572 V ActivityScenario: Update currentActivityStage to CREATED, currentActivity=com.catfact.app.MainActivity@d103cbd
04-15 09:53:10.814  1151  1338 D SurfaceFlinger: [input] setFocusedWindow: <null>
04-15 09:53:10.814 18572 18572 D LifecycleMonitor: Lifecycle status change: com.catfact.app.MainActivity@d103cbd in: STARTED
04-15 09:53:10.814 18572 18572 V ActivityScenario: Update currentActivityStage to STARTED, currentActivity=com.catfact.app.MainActivity@d103cbd
04-15 09:53:10.814  1542  2162 D InputDispatcher: Focus left window (0): 3b069f9 com.google.android.calendar/com.google.android.calendar.allinone.AllInOneCalendarActivity
04-15 09:53:10.815  3979  3979 I ImeFocusController: onPreWindowFocus: skipped hasWindowFocus=false mHasImeFocus=true
04-15 09:53:10.815  1542  4001 D InputDispatcher: Once focus requested (0): <null>
04-15 09:53:10.815 18572 18572 D LifecycleMonitor: Lifecycle status change: com.catfact.app.MainActivity@d103cbd in: RESUMED
04-15 09:53:10.815 18572 18572 V ActivityScenario: Update currentActivityStage to RESUMED, currentActivity=com.catfact.app.MainActivity@d103cbd
04-15 09:53:10.815  3979  3979 I ImeFocusController: onPostWindowFocus: skipped hasWindowFocus=false mHasImeFocus=true
04-15 09:53:10.817 18572 18572 D ViewRootImpl: desktopMode is false
04-15 09:53:10.817  2461  2584 I HoneySpace.TopTaskSource: onTaskFocusChanged(): taskId = 3866
04-15 09:53:10.817  2461  2461 I HoneySpace.EdgePanel.CocktailHostRepositoryImpl: onNoteResume
04-15 09:53:10.817  2461  2461 I HoneySpace.EdgePanel.EdgePanelContainerViewModel: cocktailHostRepository.edgePanelOperation NoteResumeComponent(componentName=ComponentInfo{com.catfact.app/com.catfact.app.MainActivity})
04-15 09:53:10.817  2461  2461 I HoneySpace.EdgePanel.ActivityUtils: HomePackage : com.sec.android.app.launcher, resumePackageName : com.catfact.app, className : com.catfact.app.MainActivity
04-15 09:53:10.817  1542  1585 I SurfaceControlRegistry: show, t=StartTransaction_SyncId<1643> sc=ActivityRecord{130087478 u0 com.catfact.app/.MainActivity t3866}, caller=android.view.SurfaceControl$Transaction.show:3557 com.android.server.wm.Transition.onTransactionReady:2048 com.android.server.wm.BLASTSyncEngine$SyncGroup.finishNow:240 com.android.server.wm.BLASTSyncEngine.onSurfacePlacement:263 com.android.server.wm.RootWindowContainer.performSurfacePlacementNoTrace:1083 com.android.server.wm.WindowSurfacePlacer.performSurfacePlacement:166
04-15 09:53:10.817  1542  1585 D SurfaceComposerClient: setCornerRadius ## Task=3801#16292 cornerRadius=0.000000
04-15 09:53:10.817  1542  1585 D SurfaceComposerClient: setCornerRadius ## Task=3866#18366 cornerRadius=0.000000
04-15 09:53:10.818  1542  1585 D ScreenCapture: [Capture_TEST] : setIsScreenShotBySystem false
04-15 09:53:10.818  1542  1585 I SurfaceComposerClient: captureLayers:childrenOnly:1, sync:1
04-15 09:53:10.818 18572 18572 I ViewRootImpl: dVRR is disabled
04-15 09:53:10.819 18572 18596 D NativeCustomFrequencyManager: [NativeCFMS] BpCustomFrequencyManager::BpCustomFrequencyManager()
04-15 09:53:10.820  3723 15452 I [AirCmd]_CallbackRepeater: stopRepeat : isWorking=false
04-15 09:53:10.820  3723 15452 I [AirCmd]_MediaControlStateMonitor: isForegroundAppSupportsMediaButton : mediaSession is empty
04-15 09:53:10.821  1151  1200 I SurfaceFlinger: Capture layer list: 	 com.google.android.calendar/com.google.android.calendar.allinone.AllInOneCalendarActivity$_3979#18359(seamlessTransition:0)
04-15 09:53:10.821  1151  1200 I CompositionEngine: [setDisplaySize] size=(720, 1544)
04-15 09:53:10.822  1151  1206 D RenderEngine: [SEC_SF_EFFECTS] drawLayersInternal,1494, Rendering layer ScreenCaptureFillLayer at index 0
04-15 09:53:10.822  1151  1206 D RenderEngine: [SEC_SF_EFFECTS] drawLayersInternal,1494, Rendering layer com.google.android.calendar/com.google.android.calendar.allinone.AllInOneCalendarActivity$_3979#18359 at index 1
04-15 09:53:10.824  2000  2105 I SurfaceControlRegistry: hide, t=FinishTransaction_SyncId<1643> sc=Task=3801, caller=android.view.SurfaceControl$Transaction.hide:3583 com.android.wm.shell.transition.Transitions.dispatchReady:1263 com.android.wm.shell.transition.Transitions.onTransitionReady:251 com.android.wm.shell.transition.Transitions$TransitionPlayerImpl$$ExternalSyntheticLambda0.run:13 android.os.Handler.handleCallback:995 android.os.Handler.dispatchMessage:103
04-15 09:53:10.824  2000  2105 I SurfaceControlRegistry: show, t=StartTransaction_SyncId<1643> sc=Task=3866, caller=android.view.SurfaceControl$Transaction.show:3557 com.android.wm.shell.transition.Transitions.dispatchReady:1279 com.android.wm.shell.transition.Transitions.onTransitionReady:251 com.android.wm.shell.transition.Transitions$TransitionPlayerImpl$$ExternalSyntheticLambda0.run:13 android.os.Handler.handleCallback:995 android.os.Handler.dispatchMessage:103
04-15 09:53:10.824  2000  2105 I SurfaceControlRegistry: show, t=FinishTransaction_SyncId<1643> sc=Task=3866, caller=android.view.SurfaceControl$Transaction.show:3557 com.android.wm.shell.transition.Transitions.dispatchReady:1330 com.android.wm.shell.transition.Transitions.onTransitionReady:251 com.android.wm.shell.transition.Transitions$TransitionPlayerImpl$$ExternalSyntheticLambda0.run:13 android.os.Handler.handleCallback:995 android.os.Handler.dispatchMessage:103
04-15 09:53:10.824  2000  2105 I SurfaceControlRegistry: show, t=StartTransaction_SyncId<1643> sc=Transition Root: Task=3866, caller=android.view.SurfaceControl$Transaction.show:3557 com.android.wm.shell.transition.Transitions.playTransition:79 com.android.wm.shell.transition.Transitions.processReadyQueue:239 com.android.wm.shell.transition.Transitions.dispatchReady:1352 com.android.wm.shell.transition.Transitions.onTransitionReady:251 com.android.wm.shell.transition.Transitions$TransitionPlayerImpl$$ExternalSyntheticLambda0.run:13
04-15 09:53:10.825  3723 15452 E [AirCmd]_MediaControlStateMonitor: getActiveNotificationPackageName : notification service monitor is null
04-15 09:53:10.825  3723 15452 I [AirCmd]_ButtonEventDetectionThread: enableDoubleClickDetection: enabled= true, doubleClickWaitInterval=300
04-15 09:53:10.825  2000  2105 D SurfaceComposerClient: [Task=3801#16292] setEdgeExtension Right
04-15 09:53:10.826  1151  2758 I SurfaceFlinger: id=18371 createSurf, flag=20004, DimTransitionLayer for Surface(name=Task=3866)/@0x57ed2bf#18371
04-15 09:53:10.826  2000  2105 I SurfaceControlRegistry: show, t=StartTransaction_SyncId<1643> sc=DimTransitionLayer for Surface(name=Task=3866)/@0x57ed2bf, caller=android.view.SurfaceControl$Transaction.show:3557 com.android.wm.shell.transition.DefaultTransitionHandler.startAnimation:2931 com.android.wm.shell.transition.Transitions.dispatchTransition:90 com.android.wm.shell.transition.Transitions.playTransition:774 com.android.wm.shell.transition.Transitions.processReadyQueue:239 com.android.wm.shell.transition.Transitions.dispatchReady:1352
04-15 09:53:10.826  1151  2758 I SurfaceFlinger: id=18372 createSurf, flag=84000, 72f1ef8 ActivityRecordInputSink com.catfact.app/.MainActivity#18372
04-15 09:53:10.826  2000  2105 I SurfaceControlRegistry: apply, t=StartTransaction_SyncId<1643>, caller=android.view.SurfaceControl$Transaction.apply:3459 android.view.SurfaceControl$Transaction.apply:3447 android.view.SurfaceControl$Transaction.apply:3397 com.android.wm.shell.transition.DefaultTransitionHandler.startAnimation:3387 com.android.wm.shell.transition.Transitions.dispatchTransition:90 com.android.wm.shell.transition.Transitions.playTransition:774
04-15 09:53:10.828  1151  1151 I SurfaceFlinger: RequestedLayer [6243628 Splash Screen com.catfact.app#18368] hidden!! flag  from(1) --> to(0)
04-15 09:53:10.828  1151  1151 I SurfaceFlinger: RequestedLayer [Splash Screen com.catfact.app$_2000#18369] hidden!! flag  from(1) --> to(0)
04-15 09:53:10.828  1151  1151 I SurfaceFlinger: RequestedLayer [Task=3866#18366] hidden!! flag  from(1) --> to(0)
04-15 09:53:10.828  1151  1151 E SurfaceFlinger: alpha changed 1.000 -> 0.000 - Task=3866#18366
04-15 09:53:10.828  1151  1151 I SurfaceFlinger: RequestedLayer [Transition Root: Task=3866#18370] hidden!! flag  from(1) --> to(0)
04-15 09:53:10.828  1151  1151 I SurfaceFlinger: RequestedLayer [ActivityRecord{130087478 u0 com.catfact.app/.MainActivity t3866}#18367] hidden!! flag  from(1) --> to(0)
04-15 09:53:10.828  1151  1151 I SurfaceFlinger: RequestedLayer [DimTransitionLayer for Surface(name=Task=3866)/@0x57ed2bf#18371] hidden!! flag  from(1) --> to(0)
04-15 09:53:10.828  1151  1151 E SurfaceFlinger: alpha changed 1.000 -> 0.000 - DimTransitionLayer for Surface(name=Task=3866)/@0x57ed2bf#18371
04-15 09:53:10.828  1151  1151 I SurfaceFlinger: [LayerHierarchy{RequestedLayerState{Task=3801#16292 parentId=18370 z=2} 1 children}] reparent to LayerHierarchy{RequestedLayerState{Transition Root: Task=3866#18370 parentId=10 z=13} 1 children}
04-15 09:53:10.828  1151  1151 I SurfaceFlinger: [LayerHierarchy{RequestedLayerState{Task=3866#18366 parentId=18370 z=5} 1 children}] reparent to LayerHierarchy{RequestedLayerState{Transition Root: Task=3866#18370 parentId=10 z=13} 2 children}
04-15 09:53:10.828  1151  1151 I SurfaceFlinger: [Transition Root: Task=3866#18370] attach to parent LayerHierarchy{RequestedLayerState{DefaultTaskDisplayArea_d0#10 parentId=9} 15 children}
04-15 09:53:10.828  1151  1151 I SurfaceFlinger: [DimTransitionLayer for Surface(name=Task=3866)/@0x57ed2bf#18371] attach to parent LayerHierarchy{RequestedLayerState{Transition Root: Task=3866#18370 parentId=10 z=13} 3 children}
04-15 09:53:10.828  1151  1151 I SurfaceFlinger: [72f1ef8 ActivityRecordInputSink com.catfact.app/.MainActivity#18372] attach to parent LayerHierarchy{RequestedLayerState{ActivityRecord{130087478 u0 com.catfact.app/.MainActivity t3866}#18367 parentId=18366} 2 children}
04-15 09:53:10.831  1542  2162 D InputTransport: Input channel constructed: '6a740a0', fd=972
04-15 09:53:10.831  1542  2162 D InputTransport: Input channel constructed: '6a740a0', fd=1230
04-15 09:53:10.831  2461 30001 I HoneySpace.RecentTasks: onRunningTaskAppeared
04-15 09:53:10.831  1542  2162 D InputTransport: Input channel constructed: '6a740a0', fd=1263
04-15 09:53:10.831  1542  2162 D InputTransport: Input channel destroyed: '6a740a0', fd=1230
04-15 09:53:10.831  2461  4417 I HoneySpace.RecentTasks: onRecentTasksChanged
04-15 09:53:10.831  1151  2758 I SurfaceFlinger: id=18373 createSurf, flag=84004, 6a740a0 com.catfact.app/com.catfact.app.MainActivity#18373
04-15 09:53:10.833  1151  2910 D NativeSemDvfsManager: acquire:: timeout = 2000 mIsAcquired = 1  mTagName : SurfaceFlinger
04-15 09:53:10.833  1542  2162 D InputTransport: Input channel destroyed: '6a740a0', fd=1263
04-15 09:53:10.834  1151  2910 E NativeCustomFrequencyManager: [NativeCFMS] BpCustomFrequencyManager::acquire()
04-15 09:53:10.834 18572 18572 D InputTransport: Input channel constructed: '6a740a0', fd=134
04-15 09:53:10.834  1059  1180 I HYPER-HAL: [RequestManager.cpp]acquire(): Acquired ID : 2315476  [1151 / 1000]    HINT : SF_GPU_MINLOCK    list : [TIMEOUT / 2000]
04-15 09:53:10.835 18572 18572 I InsetsController: onStateChanged: host=com.catfact.app/com.catfact.app.MainActivity, from=android.view.ViewRootImpl.onInsetsStateChanged:3026, state=InsetsState: {mDisplayFrame=Rect(0, 0 - 720, 1544), mDisplayCutout=DisplayCutout{insets=Rect(0, 50 - 0, 0) waterfall=Insets{left=0, top=0, right=0, bottom=0} boundingRect={Bounds=[Rect(0, 0 - 0, 0), Rect(341, 0 - 379, 50), Rect(0, 0 - 0, 0), Rect(0, 0 - 0, 0)]} cutoutPathParserInfo={CutoutPathParserInfo{displayWidth=720 displayHeight=1544 physicalDisplayWidth=720 physicalDisplayHeight=1544 density={1.875} cutoutSpec={M 0,0 H -10 V 26.66666666666667 H 10 V 0 H 0 Z @dp} rotation={0} scale={1.0} physicalPixelDisplaySizeRatio={1.0}}} sideOverrides={}}, mRoundedCorners=RoundedCorners{[RoundedCorner{position=TopLeft, radius=8, center=Point(8, 8)}, RoundedCorner{position=TopRight, radius=8, center=Point(712, 8)}, RoundedCorner{position=BottomRight, radius=8, center=Point(712, 1536)}, RoundedCorner{position=BottomLeft, radius=8, center=Point(8, 1536)}]}  mRoundedCornerFrame=Rect(0, 0 - 720, 1544), mPrivacyIndicatorBounds=PrivacyIndicatorBounds {static bounds=Rect(637, 0 - 720, 50) rotation=0}, mDisplayShape=DisplayShape{ spec=-311912193 displayWidth=720 displayHeight=1544 physicalPixelDisplaySizeRatio=0.5 rotation=0 offsetX=0 offsetY=0 scale=1.0}, mSources= { InsetsSource: {ec730001 mType=navigationBars mFrame=[0,1454][720,1544] mVisible=true mFlags= mSideHint=BOTTOM mBoundingRects=null}, InsetsSource: {ec730004 mType=systemGestures mFrame=[0,0][0,0] mVisible=true mFlags= mSideHint=NONE mBoundingRects=null}, InsetsSource: {ec730005 mType=mandatorySystemGestures mFrame=[0,1454][720,1544] mVisible=true mFlags= mSideHint=BOTTOM mBoundingRects=null}, InsetsSource: {ec730006 mType=tappableElement mFrame=[0,1454][720,1544] mVisible=true mFlags= mSideHint=BOTTOM mBoundingRects=null}, InsetsSource: {ec730024 mType=systemGestures mFrame=[0,0][0,0] mVisible=true mFlags= mSideHint=NONE mBoundingRects=null}, InsetsSource: {3 mType=ime mFrame=[0,0][0,0] mVisible=false mFlags= mSideHint=NONE mBoundingRects=null}, InsetsSource: {27 mType=displayCutout mFrame=[0,0][720,50] mVisible=true mFlags= mSideHint=TOP mBoundingRects=null}, InsetsSource: {43950000 mType=statusBars mFrame=[0,0][720,50] mVisible=true mFlags= mSideHint=TOP mBoundingRects=null}, InsetsSource: {43950005 mType=mandatorySystemGestures mFrame=[0,0][720,73] mVisible=true mFlags= mSideHint=TOP mBoundingRects=null}, InsetsSource: {43950006 mType=tappableElement mFrame=[0,0][720,50] mVisible=true mFlags= mSideHint=TOP mBoundingRects=null} }
04-15 09:53:10.836  1151  1151 E SurfaceFlinger: alpha changed 0.000 -> 1.000 - Task=3866#18366
04-15 09:53:10.836  1151  1151 I SurfaceFlinger: [6a740a0 com.catfact.app/com.catfact.app.MainActivity#18373] attach to parent LayerHierarchy{RequestedLayerState{ActivityRecord{130087478 u0 com.catfact.app/.MainActivity t3866}#18367 parentId=18366} 3 children}
04-15 09:53:10.837  1151  1151 D SurfaceFlinger: GPIS:: requestGpisForClientComposition
04-15 09:53:10.838 18572 18572 I VRI[MainActivity]@747e498: synced displayState. AttachInfo displayState=2
04-15 09:53:10.839 18572 18572 I VRI[MainActivity]@747e498: setView = com.android.internal.policy.DecorView@6f06757 IsHRR=false mFlingFrameRateChange=0 TM=true
04-15 09:53:10.842 18572 18596 D HWUI    : HWUI - treat SMPTE_170M as sRGB
04-15 09:53:10.844  1151  1151 I SurfaceFlinger: RequestedLayer [6a740a0 com.catfact.app/com.catfact.app.MainActivity#18373] hidden!! flag  from(1) --> to(0)
04-15 09:53:10.853  1151  1151 E SurfaceFlinger: alpha changed 0.000 -> 0.010 - DimTransitionLayer for Surface(name=Task=3866)/@0x57ed2bf#18371
04-15 09:53:10.864  1151  1151 D SurfaceFlinger: Display 4633128672291735999 HWC layers:
04-15 09:53:10.864  1151  1151 D SurfaceFlinger:        CLIENT |           17089674871004 | 00002102 | RGBA_8888    |   10.0    0.0  720.0 1544.0 |    0    0  720 1544 | com.google.android.calendar/com.goog[...]AllInOneCalendarActivity$_3979#18359 (8)
04-15 09:53:10.864  1151  1151 D SurfaceFlinger:   SOLID_COLOR |                        0 | 00000000 | N/A          |    0.0    0.0    0.0    0.0 |    0    0  720 1544 | DimTransitionLayer for Surface(name=Task=3866)/@0x57ed2bf#18371 (0)
04-15 09:53:10.864  1151  1151 D SurfaceFlinger:        DEVICE |            8589934655718 | 00002100 | RGBA_8888    |    0.0    0.0   33.0 1544.0 |  687    0  720 1544 | Splash Screen com.catfact.app$_2000#18369 (1)
04-15 09:53:10.864  1151  1151 D SurfaceFlinger:        DEVICE |            8589934654687 | 00002100 | RGBA_8888    |    0.0    0.0  720.0   50.0 |    0    0  720   50 | StatusBar$_2000#102 (26058)
04-15 09:53:10.864  1151  1151 D SurfaceFlinger:        DEVICE |           10569914518889 | 00002100 | RGBA_8888    |    0.0    0.0   67.0  353.0 |  653  192  720  545 | com.sec.android.app.launcher/com.sam[...]l.app.CocktailBarService$_2461#16495 (1)
04-15 09:53:10.864  1151  1151 D SurfaceFlinger:        DEVICE |            8589934654705 | 00002100 | RGBA_8888    |
04-15 09:53:10.864  1151  1151 D SurfaceFlinger: 0.0    0.0  720.0   90.0 |    0 1454  720 1544 | NavigationBar0$_2000#98 (16860)
04-15 09:53:10.864  1151  1151 D SurfaceFlinger:
04-15 09:53:10.901  3963  4335 I SemDvfsHyPerManager: acquire hyper - BaseTABoost/3963@25, type = -999
04-15 09:53:10.904  3723 26412 I [AirCmd]_ActivitySwitchDetector: onTaskStackChanged : componentName - ComponentInfo{com.catfact.app/com.catfact.app.MainActivity}
04-15 09:53:10.905  2461  4417 I HoneySpace.RecentTasks: onRecentTasksChanged
04-15 09:53:10.907  1059  1180 I HYPER-HAL: [RequestManager.cpp]acquire(): Acquired ID : 7954091  [3963 / 25]    HINT :      list : [TABoost / 1]
04-15 09:53:10.959 18572 18572 D ConnectivityManager: StackLog: [android.net.ConnectivityManager.sendRequestForNetwork(ConnectivityManager.java:4740)] [android.net.ConnectivityManager.sendRequestForNetwork(ConnectivityManager.java:4908)] [android.net.ConnectivityManager.registerNetworkCallback(ConnectivityManager.java:5325)] [android.net.ConnectivityManager.registerNetworkCallback(ConnectivityManager.java:5295)] [com.catfact.app.core.designsystem.util.ConnectivityObserver$observe$1.invokeSuspend(ConnectivityObserver.kt:40)] [com.catfact.app.core.designsystem.util.ConnectivityObserver$observe$1.invoke(Unknown Source:14)] [com.catfact.app.core.designsystem.util.ConnectivityObserver$observe$1.invoke(Unknown Source:12)] [kotlinx.coroutines.flow.ChannelFlowBuilder.collectTo$suspendImpl(Builders.kt:316)] [kotlinx.coroutines.flow.ChannelFlowBuilder.collectTo(Unknown Source:4)] [kotlinx.coroutines.flow.CallbackFlowBuilder.collectTo(Builders.kt:330)] [kotlinx.coroutines.flow.internal.ChannelFlow$collectToFun$1.invokeSuspend(ChannelFlow.kt:56)] [kotlin.coroutines.jvm.internal.BaseContinuationImpl.resumeWith(ContinuationImpl.kt:34)] [androidx.compose.ui.test.ApplyingContinuationInterceptor$SendApplyContinuation.resumeWith(ApplyingContinuationInterceptor.kt:52)] [androidx.compose.ui.test.FrameDeferringContinuationInterceptor$FrameDeferredContinuation.resumeWith(FrameDeferringContinuationInterceptor.jvm.kt:187)] [kotlin.coroutines.ContinuationKt.startCoroutine(Continuation.kt:129)] [kotlinx.coroutines.CoroutineStart.invoke(CoroutineStart.kt:359)] [kotlinx.coroutines.AbstractCoroutine.start(AbstractCoroutine.kt:124)] [kotlinx.coroutines.channels.ProduceKt.produce(Produce.kt:281)] [kotlinx.coroutines.channels.ProduceKt.produce$default(Produce.kt:269)] [kotlinx.coroutines.flow.internal.ChannelFlow.produceImpl(ChannelFlow.kt:115)] [kotlinx.coroutines.flow.internal.ChannelFlow$collect$2.invokeSuspend(ChannelFlow.kt:119)] [kotlinx.coroutines.flow.internal.ChannelFlow$collect$2.invoke(Unknown Source:12)] [kotlinx.coroutines.flow.internal.ChannelFlow$collect$2.invoke(Unknown Source:10)] [kotlinx.coroutines.intrinsics.UndispatchedKt.startUndispatchedOrReturn(Undispatched.kt:42)] [kotlinx.coroutines.CoroutineScopeKt.coroutineScope(CoroutineScope.kt:261)] [kotlinx.coroutines.flow.internal.ChannelFlow.collect$suspendImpl(ChannelFlow.kt:118)] [kotlinx.coroutines.flow.internal.ChannelFlow.collect(Unknown Source:4)] [kotlinx.coroutines.flow.DistinctFlowImpl.collect(Distinct.kt:68)] [kotlinx.coroutines.flow.internal.ChannelFlowOperatorImpl.flowCollect(ChannelFlow.kt:191)] [kotlinx.coroutines.flow.internal.ChannelFlowOperator.collectTo$suspendImpl(ChannelFlow.kt:153)] [kotlinx.coroutines.flow.internal.ChannelFlowOperator.collectTo(Unknown Source:4)] [kotlinx.coroutines.flow.internal.ChannelFlow$collectToFun$1.invokeSuspend(ChannelFlow.kt:56)] [kotlin.coroutines.jvm.internal.BaseContinuationImpl.resumeWith(ContinuationImpl.kt:34)] [androidx.compose.ui.test.ApplyingContinuationInterceptor$SendApplyContinuation.resumeWith(ApplyingContinuationInterceptor.kt:52)] [androidx.compose.ui.test.FrameDeferringContinuationInterceptor$FrameDeferredContinuation.resumeWith(FrameDeferringContinuationInterceptor.jvm.kt:187)] [kotlin.coroutines.ContinuationKt.startCoroutine(Continuation.kt:129)] [kotlinx.coroutines.CoroutineStart.invoke(CoroutineStart.kt:359)] [kotlinx.coroutines.AbstractCoroutine.start(AbstractCoroutine.kt:124)] [kotlinx.coroutines.channels.ProduceKt.produce(Produce.kt:281)] [kotlinx.coroutines.channels.ProduceKt.produce$default(Produce.kt:269)] [kotlinx.coroutines.flow.internal.ChannelFlow.produceImpl(ChannelFlow.kt:115)] [kotlinx.coroutines.flow.internal.ChannelFlow$collect$2.invokeSuspend(ChannelFlow.kt:119)] [kotlinx.coroutines.flow.internal.ChannelFlow$collect$2.invoke(Unknown Source:12)] [kotlinx.coroutines.flow.internal.ChannelFlow$collect$2.invoke(Unknown Source:10)] [kotlinx.coroutines.intrinsics.UndispatchedKt.startUndispatchedOrReturn(Undispatched.kt:42)] [kotlinx.coroutines.CoroutineScopeKt.coroutineScope(CoroutineScope.kt:261)] [kotlinx.corou
04-15 09:53:10.964  3979  3979 I AppWidgetManager: notifyAppWidgetViewDataChanged() appWidgetIds = [11], viewId = 2131427960
04-15 09:53:10.970  1542  1796 D ConnectivityService: Rematched networks [computed 1ms] [applied 2ms] [issued 6]
04-15 09:53:10.970  1542  1796 D ConnectivityService: NetworkReassignment : no changes
04-15 09:53:10.972  3979  3979 D AppWidgetProvider: onReceive:com.google.android.calendar.APPWIDGET_NEXT_UPDATE
04-15 09:53:10.977  1542  1784 D WifiStaIfaceHidlImpl: getCachedScanData is not implemented by HIDL
04-15 09:53:10.989  3979  3988 I ndroid.calendar: Background concurrent mark compact GC freed 91MB AllocSpace bytes, 1(16KB) LOS objects, 29% free, 116MB/164MB, paused 2.650ms,5.279ms total 395.858ms
04-15 09:53:11.027  1542 23285 D SemWifiUsabilityStatsMonitor: onWifiUsabilityStats - seqNum 10573, isSameBssidAndFreq true
04-15 09:53:11.033  1542  1884 I SemWifiLinkQualityMonitor: Link stat: 895 / 25 / 1.03 (74) / 270 / -44.0 || 100.0 : 270.00 / 0.5 : 0.97 / 0.55 : 0.03 / G (G) || 29ac2da75320: 0.104 / 77.147 / N || N N / 0 0 / Y 2.0 / Y X 0 / 131935783 0 || Invalid
04-15 09:53:11.036  2461  2583 I HoneySpace.StatusIconTracker: invokeEvent() called with: event = Wifi(visible=true, resId=2131236023, activityId=2131236043)
04-15 09:53:11.043  2000  2125 D Tile.WifiTile: handleUpdateState isTransient=false transientEnabling =false cb.isTransient=false state.state = 2 mStateBeforeClick.value =false enabled =true
04-15 09:53:11.047  1542  3802 I WindowManager: Relayout Window{6a740a0 u0 com.catfact.app/com.catfact.app.MainActivity}: viewVisibility=0 req=720x1544 ty=1 d0
04-15 09:53:11.048  1151  2479 I SurfaceFlinger: id=18374 createSurf, flag=44004, com.catfact.app/com.catfact.app.MainActivity$_18572#18374
04-15 09:53:11.049  1542  3802 D SurfaceComposerClient: setCornerRadius ## 6243628 Splash Screen com.catfact.app#18368 cornerRadius=0.000000
04-15 09:53:11.049  1542  3802 D SurfaceComposerClient: setCornerRadius ## 6a740a0 com.catfact.app/com.catfact.app.MainActivity#18373 cornerRadius=0.000000
04-15 09:53:11.050  1151  1200 I SurfaceFlinger: id=18375 createSurf, flag=24000, Surface(name=3edafdc StatusBar)/@0x3b919ed - animation-leash of insets_animation#18375
04-15 09:53:11.051  1151  1200 I SurfaceFlinger: id=18376 createSurf, flag=24000, Surface(name=8c5cec7 NavigationBar0)/@0xa68870 - animation-leash of insets_animation#18376
04-15 09:53:11.053  1542  3802 D SurfaceComposerClient: setCornerRadius ## 6243628 Splash Screen com.catfact.app#18368 cornerRadius=0.000000
04-15 09:53:11.053  1542  3802 D SurfaceComposerClient: setCornerRadius ## 6a740a0 com.catfact.app/com.catfact.app.MainActivity#18373 cornerRadius=0.000000
04-15 09:53:11.054  1151  1151 I SurfaceFlinger: [com.catfact.app/com.catfact.app.MainActivity$_18572#18374] attach to parent LayerHierarchy{RequestedLayerState{6a740a0 com.catfact.app/com.catfact.app.MainActivity#18373 parentId=18367} 1 children}
04-15 09:53:11.054  1151  1151 I SurfaceFlinger: [Surface(name=3edafdc StatusBar)/@0x3b919ed - animation-leash of insets_animation#18375] attach to parent LayerHierarchy{RequestedLayerState{WindowToken{7a8fc4f type=2000 android.os.BinderProxy@a9d7329}#94 parentId=17} 2 children}
04-15 09:53:11.054  1151  1151 I SurfaceFlinger: [Surface(name=8c5cec7 NavigationBar0)/@0xa68870 - animation-leash of insets_animation#18376] attach to parent LayerHierarchy{RequestedLayerState{WindowToken{fc018e2 type=2019 android.os.BinderProxy@bda3ac4}#90 parentId=34} 2 children}
04-15 09:53:11.056  1151  1200 I SurfaceFlinger: id=18377 createSurf, flag=24000, Surface(name=3edafdc StatusBar)/@0x3b919ed - animation-leash of insets_animation#18377
04-15 09:53:11.058  1151  1200 I SurfaceFlinger: id=18378 createSurf, flag=24000, Surface(name=8c5cec7 NavigationBar0)/@0xa68870 - animation-leash of insets_animation#18378
04-15 09:53:11.060  1542  3802 I SystemKeyManager: requested systemKeyInfo size=1 focusedWindow=com.catfact.app/com.catfact.app.MainActivity
04-15 09:53:11.060  1542  3802 I SystemKeyManager: requested systemKeyInfo size=1 focusedWindow=com.catfact.app/com.catfact.app.MainActivity
04-15 09:53:11.060  1542  3802 I WindowManager: Relayout hash=6a740a0, pid=18572, syncId=-1: mAttrs={(0,0)(fillxfill) sim={adjust=pan forwardNavigation} layoutInDisplayCutoutMode=always ty=BASE_APPLICATION wanim=0x1030317
04-15 09:53:11.060  1542  3802 I WindowManager:   fl=81810100
04-15 09:53:11.060  1542  3802 I WindowManager:   pfl=100088c0
04-15 09:53:11.060  1542  3802 I WindowManager:   bhv=1
04-15 09:53:11.060  1542  3802 I WindowManager:   fitSides=0
04-15 09:53:11.060  1542  3802 I WindowManager:   frameRateBoostOnTouch=true
04-15 09:53:11.060  1542  3802 I WindowManager:   dvrrWindowFrameRateHint=true naviIconColor=0}
04-15 09:53:11.062 18572 18572 I BLASTBufferQueue_Java: new BLASTBufferQueue, mName= VRI[MainActivity]@747e498 mNativeObject= 0xb40000741c5cee40 caller= android.view.ViewRootImpl.updateBlastSurfaceIfNeeded:3585 android.view.ViewRootImpl.relayoutWindow:11685 android.view.ViewRootImpl.performTraversals:4804 android.view.ViewRootImpl.doTraversal:3924 android.view.ViewRootImpl$TraversalRunnable.run:12903 android.view.Choreographer$CallbackRecord.run:1901 android.view.Choreographer$CallbackRecord.run:1910 android.view.Choreographer.doCallbacks:1367 android.view.Choreographer.doFrame:1292 android.view.Choreographer$FrameDisplayEventReceiver.run:1870
04-15 09:53:11.063 18572 18572 I BLASTBufferQueue_Java: update, w= 720 h= 1544 mName = VRI[MainActivity]@747e498 mNativeObject= 0xb40000741c5cee40 sc.mNativeObject= 0xb40000751c4ed050 format= -1 caller= android.view.ViewRootImpl.updateBlastSurfaceIfNeeded:3590 android.view.ViewRootImpl.relayoutWindow:11685 android.view.ViewRootImpl.performTraversals:4804 android.view.ViewRootImpl.doTraversal:3924 android.view.ViewRootImpl$TraversalRunnable.run:12903 android.view.Choreographer$CallbackRecord.run:1901
04-15 09:53:11.063  1151  1151 I SurfaceFlinger: [Surface(name=3edafdc StatusBar)/@0x3b919ed - animation-leash of insets_animation#18377] attach to parent LayerHierarchy{RequestedLayerState{WindowToken{7a8fc4f type=2000 android.os.BinderProxy@a9d7329}#94 parentId=17} 3 children}
04-15 09:53:11.063  1151  1151 I SurfaceFlinger: [Surface(name=8c5cec7 NavigationBar0)/@0xa68870 - animation-leash of insets_animation#18378] attach to parent LayerHierarchy{RequestedLayerState{WindowToken{fc018e2 type=2019 android.os.BinderProxy@bda3ac4}#90 parentId=34} 3 children}
04-15 09:53:11.064 18572 18572 I VRI[MainActivity]@747e498: Relayout returned: old=(0,0,720,1544) new=(0,0,720,1544) relayoutAsync=false req=(720,1544)0 dur=14 res=0x3 s={true 0xb40000748c5417f0} ch=true seqId=0
04-15 09:53:11.065 18572 18572 I VRI[MainActivity]@747e498: performConfigurationChange setNightDimText nightDimLevel=0
04-15 09:53:11.066 18572 18572 D VRI[MainActivity]@747e498: mThreadedRenderer.initialize() mSurface={isValid=true 0xb40000748c5417f0} hwInitialized=true
04-15 09:53:11.070  1151  1151 I SurfaceFlinger: [LayerHierarchy{RequestedLayerState{8c5cec7 NavigationBar0#91 parentId=18378} 1 children}] reparent to LayerHierarchy{RequestedLayerState{Surface(name=8c5cec7 NavigationBar0)/@0xa68870 - animation-leash of insets_animation#18378 parentId=90} 1 children}
04-15 09:53:11.070  1151  1151 I SurfaceFlinger: [LayerHierarchy{RequestedLayerState{3edafdc StatusBar#95 parentId=18377} 1 children}] reparent to LayerHierarchy{RequestedLayerState{Surface(name=3edafdc StatusBar)/@0x3b919ed - animation-leash of insets_animation#18377 parentId=94} 1 children}
04-15 09:53:11.070  1151  1151 I SurfaceFlinger: [LayerHierarchy{RequestedLayerState{Surface(name=3edafdc StatusBar)/@0x3b919ed - animation-leash of insets_animation#18360} no children}] reparent to OffscreenRoot
04-15 09:53:11.070  1151  1151 I SurfaceFlinger: [LayerHierarchy{RequestedLayerState{Surface(name=3edafdc StatusBar)/@0x3b919ed - animation-leash of insets_animation#18360} no children}] RelativeParent to null
04-15 09:53:11.070  1151  1151 I SurfaceFlinger: [LayerHierarchy{RequestedLayerState{Surface(name=8c5cec7 NavigationBar0)/@0xa68870 - animation-leash of insets_animation#18361} no children}] reparent to OffscreenRoot
04-15 09:53:11.070  1151  1151 I SurfaceFlinger: [LayerHierarchy{RequestedLayerState{Surface(name=8c5cec7 NavigationBar0)/@0xa68870 - animation-leash of insets_animation#18361} no children}] RelativeParent to null
04-15 09:53:11.070  1151  1151 I SurfaceFlinger: [LayerHierarchy{RequestedLayerState{Surface(name=3edafdc StatusBar)/@0x3b919ed - animation-leash of insets_animation#18375} no children}] reparent to OffscreenRoot
04-15 09:53:11.070  1151  1151 I SurfaceFlinger: [LayerHierarchy{RequestedLayerState{Surface(name=3edafdc StatusBar)/@0x3b919ed - animation-leash of insets_animation#18375} no children}] RelativeParent to null
04-15 09:53:11.070  1151  1151 I SurfaceFlinger: [LayerHierarchy{RequestedLayerState{Surface(name=8c5cec7 NavigationBar0)/@0xa68870 - animation-leash of insets_animation#18376} no children}] reparent to OffscreenRoot
04-15 09:53:11.070  1151  1151 I SurfaceFlinger: [LayerHierarchy{RequestedLayerState{Surface(name=8c5cec7 NavigationBar0)/@0xa68870 - animation-leash of insets_animation#18376} no children}] RelativeParent to null
04-15 09:53:11.073  1151  1378 I SurfaceFlinger: id=18375 Removed Surface(name=3edafdc StatusBar)/@0x3b919ed - animation-leash of insets_animation#18375 (190)
04-15 09:53:11.073  1151  1378 I SurfaceFlinger: id=18376 Removed Surface(name=8c5cec7 NavigationBar0)/@0xa68870 - animation-leash of insets_animation#18376 (190)
04-15 09:53:11.075  1151  1200 I SurfaceFlinger: id=18360 Removed Surface(name=3edafdc StatusBar)/@0x3b919ed - animation-leash of insets_animation#18360 (190)
04-15 09:53:11.075  1151  1200 I SurfaceFlinger: id=18361 Removed Surface(name=8c5cec7 NavigationBar0)/@0xa68870 - animation-leash of insets_animation#18361 (190)
