04-15 09:53:34.081  2000  2105 I SurfaceControlRegistry: show, t=StartTransaction_SyncId<1672> sc=Transition Root: Task=3801, caller=android.view.SurfaceControl$Transaction.show:3557 com.android.wm.shell.transition.Transitions.playTransition:79 com.android.wm.shell.transition.Transitions.processReadyQueue:239 com.android.wm.shell.transition.Transitions.dispatchReady:1352 com.android.wm.shell.transition.Transitions.onTransitionReady:251 com.android.wm.shell.transition.Transitions$TransitionPlayerImpl$$ExternalSyntheticLambda0.run:13
04-15 09:53:34.082  1151  2758 I SurfaceFlinger: id=18737 createSurf, flag=20004, DimTransitionLayer for Surface(name=Task=3878)/@0xaee0f5#18737
04-15 09:53:34.083  2000  2105 I SurfaceControlRegistry: show, t=StartTransaction_SyncId<1672> sc=DimTransitionLayer for Surface(name=Task=3878)/@0xaee0f5, caller=android.view.SurfaceControl$Transaction.show:3557 com.android.wm.shell.transition.DefaultTransitionHandler.startAnimation:2931 com.android.wm.shell.transition.Transitions.dispatchTransition:90 com.android.wm.shell.transition.Transitions.playTransition:774 com.android.wm.shell.transition.Transitions.processReadyQueue:239 com.android.wm.shell.transition.Transitions.dispatchReady:1352
04-15 09:53:34.083  1151  1151 I SurfaceFlinger: [Transition Root: Task=3801#18736] attach to parent LayerHierarchy{RequestedLayerState{DefaultTaskDisplayArea_d0#10 parentId=9} 17 children}
04-15 09:53:34.084  1151  1151 I SurfaceFlinger: [DimTransitionLayer for Surface(name=Task=3878)/@0xaee0f5#18737] attach to parent LayerHierarchy{RequestedLayerState{Transition Root: Task=3801#18736 parentId=10} 1 children}
04-15 09:53:34.084  2000  2105 I SurfaceControlRegistry: apply, t=StartTransaction_SyncId<1672>, caller=android.view.SurfaceControl$Transaction.apply:3459 android.view.SurfaceControl$Transaction.apply:3447 android.view.SurfaceControl$Transaction.apply:3397 com.android.wm.shell.transition.DefaultTransitionHandler.startAnimation:3387 com.android.wm.shell.transition.Transitions.dispatchTransition:90 com.android.wm.shell.transition.Transitions.playTransition:774
04-15 09:53:34.084  1151  1378 I SurfaceFlinger: Capture layer list: 	 com.catfact.app.feature.factdetail.test/androidx.test.core.app.InstrumentationActivityInvoker$EmptyActivity$_19294#18729(seamlessTransition:0)
04-15 09:53:34.084  1151  1378 I CompositionEngine: [setDisplaySize] size=(720, 1544)
04-15 09:53:34.085  1151  1206 D RenderEngine: [SEC_SF_EFFECTS] drawLayersInternal,1494, Rendering layer ScreenCaptureFillLayer at index 0
04-15 09:53:34.085  1151  1206 D RenderEngine: [SEC_SF_EFFECTS] drawLayersInternal,1494, Rendering layer com.catfact.app.feature.factdetail.test/androidx.test.core.app.InstrumentationActivityInvoker$EmptyActivity$_19294#18729 at index 1
04-15 09:53:34.091  1151  1151 I SurfaceFlinger: RequestedLayer [faff7b4 Splash Screen com.google.android.calendar#18734] hidden!! flag  from(1) --> to(0)
04-15 09:53:34.091  1151  1151 I SurfaceFlinger: RequestedLayer [Splash Screen com.google.android.calendar$_2000#18735] hidden!! flag  from(1) --> to(0)
04-15 09:53:34.091  1151  1151 I SurfaceFlinger: RequestedLayer [Task=3801#16292] hidden!! flag  from(1) --> to(0)
04-15 09:53:34.091  1151  1151 I SurfaceFlinger: RequestedLayer [Transition Root: Task=3801#18736] hidden!! flag  from(1) --> to(0)
04-15 09:53:34.091  1151  1151 I SurfaceFlinger: RequestedLayer [ActivityRecord{243114305 u0 com.goog[...]llInOneCalendarActivity t3801}#16293] hidden!! flag  from(1) --> to(0)
04-15 09:53:34.091  1151  1151 I SurfaceFlinger: RequestedLayer [DimTransitionLayer for Surface(name=Task=3878)/@0xaee0f5#18737] hidden!! flag  from(1) --> to(0)
04-15 09:53:34.091  1151  1151 E SurfaceFlinger: alpha changed 1.000 -> 0.000 - DimTransitionLayer for Surface(name=Task=3878)/@0xaee0f5#18737
04-15 09:53:34.091  1151  1151 E SurfaceFlinger: alpha changed 0.000 -> 0.180 - DimTransitionLayer for Surface(name=Task=3878)/@0xaee0f5#18737
04-15 09:53:34.091  1151  1151 I SurfaceFlinger: [LayerHierarchy{RequestedLayerState{Task=3801#16292 parentId=18736 z=3} 1 children}] reparent to LayerHierarchy{RequestedLayerState{Transition Root: Task=3801#18736 parentId=10 z=13} 2 children}
04-15 09:53:34.091  1151  1151 I SurfaceFlinger: [LayerHierarchy{RequestedLayerState{Task=3878#18712 parentId=18736 z=4} 2 children}] reparent to LayerHierarchy{RequestedLayerState{Transition Root: Task=3801#18736 parentId=10 z=13} 3 children}
04-15 09:53:34.091  1151  1151 I SurfaceFlinger: [LayerHierarchy{RequestedLayerState{DimTransitionLayer for Surface(name=Task=3878)/@0xaee0f5#18737 parentId=18736 relativeParentId=18712 z=-1} no children}] RelativeParent to LayerHierarchy{RequestedLayerState{Task=3878#18712 parentId=18736 z=4} 3 children}
04-15 09:53:34.115  3979  3988 I ndroid.calendar: CollectorTransition concurrent mark compact GC freed 36MB AllocSpace bytes, 1(16KB) LOS objects, 66% free, 18MB/55MB, paused 3.618ms,3.133ms total 230.044ms
04-15 09:53:34.116  1151  1151 D SurfaceFlinger: Display 4633128672291735999 HWC layers:
04-15 09:53:34.116  1151  1151 D SurfaceFlinger:        DEVICE |            8589934655916 | 00002100 | RGBA_8888    |  219.0    0.0  720.0 1544.0 |    0    0  501 1544 | Splash Screen com.google.android.calendar$_2000#18735 (1)
04-15 09:53:34.116  1151  1151 D SurfaceFlinger:   SOLID_COLOR |                        0 | 00000000 | N/A          |    0.0    0.0    0.0    0.0 |    0    0  720 1544 | DimTransitionLayer for Surface(name=Task=3878)/@0xaee0f5#18737 (0)
04-15 09:53:34.116  1151  1151 D SurfaceFlinger:        DEVICE |           82867099009076 | 00002102 | RGBA_8888    |    0.0    0.0  699.0 1544.0 |   21    0  720 1544 | com.catfact.app.feature.factdetail.t[...]tyInvoker$EmptyActivity$_19294#18729 (1)
04-15 09:53:34.116  1151  1151 D SurfaceFlinger:        DEVICE |            8589934654687 | 00002100 | RGBA_8888    |    0.0    0.0  720.0   50.0 |    0    0  720   50 | StatusBar$_2000#102 (26366)
04-15 09:53:34.116  1151  1151 D SurfaceFlinger:        DEVICE |           10569914518889 | 00002100 | RGBA_8888    |    0.0    0.0   67.0  353.0 |  653  192  720  545 | com.sec.android.app.launcher/com.sam[...]l.app.CocktailBarService$_2461#16495 (1)
04-15 09:53:34.116  1151  1151 D SurfaceFlinger:        DEVICE |            8589934654693 | 00002100 | RGBA_88
04-15 09:53:34.116  1151  1151 D SurfaceFlinger: 88    |    0.0    0.0  720.0   90.0 |    0 1454  720 1544 | NavigationBar0$_2000#98 (17159)
04-15 09:53:34.116  1151  1151 D SurfaceFlinger:
04-15 09:53:34.119  1542  1677 D SyncManager: userId - 0 auto - true
04-15 09:53:34.120  1542  2101 D SyncManager: userId - 0 auto - true
04-15 09:53:34.123  3979  3979 D ViewRootImpl: desktopMode is false
04-15 09:53:34.123  3979  3979 I ViewRootImpl: dVRR is disabled
04-15 09:53:34.123  3979  4808 D NativeCustomFrequencyManager: [NativeCFMS] BpCustomFrequencyManager::BpCustomFrequencyManager()
04-15 09:53:34.125  1030  1030 D Zygote  : Forked child process 19505
04-15 09:53:34.126  1542  2101 D InputTransport: Input channel constructed: '1533b57', fd=1041
04-15 09:53:34.126  1542  2101 D InputTransport: Input channel constructed: '1533b57', fd=1248
04-15 09:53:34.126  1542  2101 D InputTransport: Input channel constructed: '1533b57', fd=1250
04-15 09:53:34.126  1542  2101 D InputTransport: Input channel destroyed: '1533b57', fd=1248
04-15 09:53:34.126  1151  2479 I SurfaceFlinger: id=18738 createSurf, flag=84004, 1533b57 com.google.android.calendar/com.google.android.calendar.allinone.AllInOneCalendarActivity#18738
04-15 09:53:34.127  1542  2101 D InputTransport: Input channel destroyed: '1533b57', fd=1250
04-15 09:53:34.129  1542  2101 D SyncManager: userId - 0 auto - true
04-15 09:53:34.129  3979  3979 D InputTransport: Input channel constructed: '1533b57', fd=170
04-15 09:53:34.129  3979  3979 I InsetsController: onStateChanged: host=com.google.android.calendar/com.google.android.calendar.allinone.AllInOneCalendarActivity, from=android.view.ViewRootImpl.onInsetsStateChanged:3026, state=InsetsState: {mDisplayFrame=Rect(0, 0 - 720, 1544), mDisplayCutout=DisplayCutout{insets=Rect(0, 50 - 0, 0) waterfall=Insets{left=0, top=0, right=0, bottom=0} boundingRect={Bounds=[Rect(0, 0 - 0, 0), Rect(341, 0 - 379, 50), Rect(0, 0 - 0, 0), Rect(0, 0 - 0, 0)]} cutoutPathParserInfo={CutoutPathParserInfo{displayWidth=720 displayHeight=1544 physicalDisplayWidth=720 physicalDisplayHeight=1544 density={1.875} cutoutSpec={M 0,0 H -10 V 26.66666666666667 H 10 V 0 H 0 Z @dp} rotation={0} scale={1.0} physicalPixelDisplaySizeRatio={1.0}}} sideOverrides={}}, mRoundedCorners=RoundedCorners{[RoundedCorner{position=TopLeft, radius=8, center=Point(8, 8)}, RoundedCorner{position=TopRight, radius=8, center=Point(712, 8)}, RoundedCorner{position=BottomRight, radius=8, center=Point(712, 1536)}, RoundedCorner{position=BottomLeft, radius=8, center=Point(8, 1536)}]}  mRoundedCornerFrame=Rect(0, 0 - 720, 1544), mPrivacyIndicatorBounds=PrivacyIndicatorBounds {static bounds=Rect(637, 0 - 720, 50) rotation=0}, mDisplayShape=DisplayShape{ spec=-311912193 displayWidth=720 displayHeight=1544 physicalPixelDisplaySizeRatio=0.5 rotation=0 offsetX=0 offsetY=0 scale=1.0}, mSources= { InsetsSource: {ec730001 mType=navigationBars mFrame=[0,1454][720,1544] mVisible=true mFlags= mSideHint=BOTTOM mBoundingRects=null}, InsetsSource: {ec730004 mType=systemGestures mFrame=[0,0][0,0] mVisible=true mFlags= mSideHint=NONE mBoundingRects=null}, InsetsSource: {ec730005 mType=mandatorySystemGestures mFrame=[0,1454][720,1544] mVisible=true mFlags= mSideHint=BOTTOM mBoundingRects=null}, InsetsSource: {ec730006 mType=tappableElement mFrame=[0,1454][720,1544] mVisible=true mFlags= mSideHint=BOTTOM mBoundingRects=null}, InsetsSource: {ec730024 mType=systemGestures mFrame=[0,0][0,0] mVisible=true mFlags= mSideHint=NONE mBoundingRects=null}, InsetsSource: {3 mType=ime mFrame=[0,0][0,0] mVisible=false mFlags= mSideHint=NONE mBoundingRects=null}, InsetsSource: {27 mType=displayCutout mFrame=[0,0][720,50] mVisible=true mFlags= mSideHint=TOP mBoundingRects=null}, InsetsSource: {43950000 mType=statusBars mFrame=[0,0][720,50] mVisible=true mFlags= mSideHint=TOP mBoundingRects=null}, InsetsSource: {43950005 mType=mandatorySystemGestures mFrame=[0,0][720,73] mVisible=true mFlags= mSideHint=TOP mBoundingRects=null}, InsetsSource: {43950006 mType=tappableElement mFrame=[0,0][720,50] mVisible=true mFlags= mSideHint=TOP mBoundingRects=null} }
04-15 09:53:34.130  3979  4808 D HWUI    : CacheManager::trimMemory(20)
04-15 09:53:34.131  3979  4808 D HWUI    : CacheManager::trimMemory(20)
04-15 09:53:34.133  3979  3979 I VRI[AllInOneCalendarActivity]@726e443: synced displayState. AttachInfo displayState=2
04-15 09:53:34.133  3979  3979 I VRI[AllInOneCalendarActivity]@726e443: setView = com.android.internal.policy.DecorView@71473ee IsHRR=false mFlingFrameRateChange=0 TM=true
04-15 09:53:34.134  1151  1151 I SurfaceFlinger: RequestedLayer [1533b57 com.google.android.calendar/[...]inone.AllInOneCalendarActivity#18738] hidden!! flag  from(1) --> to(0)
04-15 09:53:34.134  1151  1151 I SurfaceFlinger: [1533b57 com.google.android.calendar/com.google.android.calendar.allinone.AllInOneCalendarActivity#18738] attach to parent LayerHierarchy{RequestedLayerState{ActivityRecord{243114305 u0 com.google.android.calendar/.allinone.AllInOneCalendarActivity t3801}#16293 parentId=16292} 3 children}
04-15 09:53:34.143  2461  4416 I HoneySpace.RecentTasks: onRecentTasksChanged
04-15 09:53:34.144  3963  4335 I SemDvfsHyPerManager: acquire hyper - BaseTABoost/3963@25, type = -999
04-15 09:53:34.145  1059  1180 I HYPER-HAL: [RequestManager.cpp]acquire(): Acquired ID : 7954091  [3963 / 25]    HINT :      list : [TABoost / 1]
04-15 09:53:34.148  1542  2101 I WindowManager: Relayout Window{1533b57 u0 com.google.android.calendar/com.google.android.calendar.allinone.AllInOneCalendarActivity}: viewVisibility=0 req=720x1544 ty=1 d0
04-15 09:53:34.149  1151  2479 I SurfaceFlinger: id=18739 createSurf, flag=44004, com.google.android.calendar/com.google.android.calendar.allinone.AllInOneCalendarActivity$_3979#18739
04-15 09:53:34.150  1542  2161 D SyncManager: userId - 0 auto - true
04-15 09:53:34.151  1542  2101 D SurfaceComposerClient: setCornerRadius ## faff7b4 Splash Screen com.google.android.calendar#18734 cornerRadius=0.000000
04-15 09:53:34.151  1542  2101 D SurfaceComposerClient: setCornerRadius ## 1533b57 com.google.android.calendar/com.google.android.calendar.allinone.AllInOneCalendarActivity#18738 cornerRadius=0.000000
04-15 09:53:34.152  1151  1151 I SurfaceFlinger: [com.google.android.calendar/com.google.android.calendar.allinone.AllInOneCalendarActivity$_3979#18739] attach to parent LayerHierarchy{RequestedLayerState{1533b57 com.google.android.calendar/com.google.android.calendar.allinone.AllInOneCalendarActivity#18738 parentId=16293} 1 children}
04-15 09:53:34.153  1151  1200 I SurfaceFlinger: id=18740 createSurf, flag=24000, Surface(name=3edafdc StatusBar)/@0x3b919ed - animation-leash of insets_animation#18740
04-15 09:53:34.154  1151  1200 I SurfaceFlinger: id=18741 createSurf, flag=24000, Surface(name=8c5cec7 NavigationBar0)/@0xa68870 - animation-leash of insets_animation#18741
04-15 09:53:34.156  1542  2101 D SurfaceComposerClient: setCornerRadius ## faff7b4 Splash Screen com.google.android.calendar#18734 cornerRadius=0.000000
04-15 09:53:34.156  1542  2101 D SurfaceComposerClient: setCornerRadius ## 1533b57 com.google.android.calendar/com.google.android.calendar.allinone.AllInOneCalendarActivity#18738 cornerRadius=0.000000
04-15 09:53:34.157  1151  2479 I SurfaceFlinger: id=18742 createSurf, flag=24000, Surface(name=3edafdc StatusBar)/@0x3b919ed - animation-leash of insets_animation#18742
04-15 09:53:34.160  1151  2479 I SurfaceFlinger: id=18743 createSurf, flag=24000, Surface(name=8c5cec7 NavigationBar0)/@0xa68870 - animation-leash of insets_animation#18743
04-15 09:53:34.161 19505 19505 I android.youtube: Using CollectorTypeCMC GC.
04-15 09:53:34.161  1542  2101 I SystemKeyManager: requested systemKeyInfo size=1 focusedWindow=com.google.android.calendar/com.google.android.calendar.allinone.AllInOneCalendarActivity
04-15 09:53:34.161  1542  2101 I SystemKeyManager: requested systemKeyInfo size=1 focusedWindow=com.google.android.calendar/com.google.android.calendar.allinone.AllInOneCalendarActivity
04-15 09:53:34.162  1151  1151 I SurfaceFlinger: [Surface(name=3edafdc StatusBar)/@0x3b919ed - animation-leash of insets_animation#18740] attach to parent LayerHierarchy{RequestedLayerState{WindowToken{7a8fc4f type=2000 android.os.BinderProxy@a9d7329}#94 parentId=17} 2 children}
04-15 09:53:34.162  1151  1151 I SurfaceFlinger: [Surface(name=8c5cec7 NavigationBar0)/@0xa68870 - animation-leash of insets_animation#18741] attach to parent LayerHierarchy{RequestedLayerState{WindowToken{fc018e2 type=2019 android.os.BinderProxy@bda3ac4}#90 parentId=34} 2 children}
04-15 09:53:34.162  1151  1151 I SurfaceFlinger: [Surface(name=3edafdc StatusBar)/@0x3b919ed - animation-leash of insets_animation#18742] attach to parent LayerHierarchy{RequestedLayerState{WindowToken{7a8fc4f type=2000 android.os.BinderProxy@a9d7329}#94 parentId=17} 3 children}
04-15 09:53:34.162  1151  1151 I SurfaceFlinger: [Surface(name=8c5cec7 NavigationBar0)/@0xa68870 - animation-leash of insets_animation#18743] attach to parent LayerHierarchy{RequestedLayerState{WindowToken{fc018e2 type=2019 android.os.BinderProxy@bda3ac4}#90 parentId=34} 3 children}
04-15 09:53:34.162  1542  2101 I WindowManager: Relayout hash=1533b57, pid=3979, syncId=-1: mAttrs={(0,0)(fillxfill) sim={adjust=pan} layoutInDisplayCutoutMode=always ty=BASE_APPLICATION wanim=0x1030317
04-15 09:53:34.162  1542  2101 I WindowManager:   fl=81810100
04-15 09:53:34.162  1542  2101 I WindowManager:   pfl=100088c0
04-15 09:53:34.162  1542  2101 I WindowManager:   vsysui=700
04-15 09:53:34.162  1542  2101 I WindowManager:   bhv=1
04-15 09:53:34.162  1542  2101 I WindowManager:   fitSides=0
04-15 09:53:34.162  1542  2101 I WindowManager:   frameRateBoostOnTouch=true
04-15 09:53:34.162  1542  2101 I WindowManager:   dvrrWindowFrameRateHint=true naviIconColor=0}
04-15 09:53:34.165  3979  3979 I BLASTBufferQueue_Java: new BLASTBufferQueue, mName= VRI[AllInOneCalendarActivity]@726e443 mNativeObject= 0xb40000741c6eaff0 caller= android.view.ViewRootImpl.updateBlastSurfaceIfNeeded:3585 android.view.ViewRootImpl.relayoutWindow:11685 android.view.ViewRootImpl.performTraversals:4804 android.view.ViewRootImpl.doTraversal:3924 android.view.ViewRootImpl$TraversalRunnable.run:12903 android.view.Choreographer$CallbackRecord.run:1901 android.view.Choreographer$CallbackRecord.run:1910 android.view.Choreographer.doCallbacks:1367 android.view.Choreographer.doFrame:1292 android.view.Choreographer$FrameDisplayEventReceiver.run:1870
04-15 09:53:34.165  3979  3979 I BLASTBufferQueue_Java: update, w= 720 h= 1544 mName = VRI[AllInOneCalendarActivity]@726e443 mNativeObject= 0xb40000741c6eaff0 sc.mNativeObject= 0xb40000751c4f8bd0 format= -1 caller= android.view.ViewRootImpl.updateBlastSurfaceIfNeeded:3590 android.view.ViewRootImpl.relayoutWindow:11685 android.view.ViewRootImpl.performTraversals:4804 android.view.ViewRootImpl.doTraversal:3924 android.view.ViewRootImpl$TraversalRunnable.run:12903 android.view.Choreographer$CallbackRecord.run:1901
04-15 09:53:34.166  3979  3979 I VRI[AllInOneCalendarActivity]@726e443: Relayout returned: old=(0,0,720,1544) new=(0,0,720,1544) relayoutAsync=false req=(720,1544)0 dur=16 res=0x3 s={true 0xb40000748c5ded00} ch=true seqId=0
04-15 09:53:34.166  1542  1558 D SyncManager: userId - 0 auto - true
04-15 09:53:34.166  3979  3979 I VRI[AllInOneCalendarActivity]@726e443: performConfigurationChange setNightDimText nightDimLevel=0
04-15 09:53:34.167  3979  3979 D VRI[AllInOneCalendarActivity]@726e443: mThreadedRenderer.initialize() mSurface={isValid=true 0xb40000748c5ded00} hwInitialized=true
04-15 09:53:34.167 19505 19505 D nativeloader: Load libframework-connectivity-tiramisu-jni.so using APEX ns com_android_tethering for caller /apex/com.android.tethering/javalib/framework-connectivity-t.jar: ok
04-15 09:53:34.162  3723 26412 I [AirCmd]_ActivitySwitchDetector: onTaskStackChanged : componentName - ComponentInfo{com.google.android.calendar/com.google.android.calendar.allinone.AllInOneCalendarActivity}
04-15 09:53:34.169 19505 19505 D ActivityThread: setConscryptValidator
04-15 09:53:34.169 19505 19505 D ActivityThread: setConscryptValidator - put
04-15 09:53:34.171  1151  1151 I SurfaceFlinger: [LayerHierarchy{RequestedLayerState{8c5cec7 NavigationBar0#91 parentId=18743} 1 children}] reparent to LayerHierarchy{RequestedLayerState{Surface(name=8c5cec7 NavigationBar0)/@0xa68870 - animation-leash of insets_animation#18743 parentId=90} 1 children}
04-15 09:53:34.171  1151  1151 I SurfaceFlinger: [LayerHierarchy{RequestedLayerState{3edafdc StatusBar#95 parentId=18742} 1 children}] reparent to LayerHierarchy{RequestedLayerState{Surface(name=3edafdc StatusBar)/@0x3b919ed - animation-leash of insets_animation#18742 parentId=94} 1 children}
04-15 09:53:34.171  1151  1151 I SurfaceFlinger: [LayerHierarchy{RequestedLayerState{Surface(name=8c5cec7 NavigationBar0)/@0xa68870 - animation-leash of insets_animation#18731} no children}] reparent to OffscreenRoot
04-15 09:53:34.171  1151  1151 I SurfaceFlinger: [LayerHierarchy{RequestedLayerState{Surface(name=8c5cec7 NavigationBar0)/@0xa68870 - animation-leash of insets_animation#18731} no children}] RelativeParent to null
04-15 09:53:34.171  1151  1151 I SurfaceFlinger: [LayerHierarchy{RequestedLayerState{Surface(name=3edafdc StatusBar)/@0x3b919ed - animation-leash of insets_animation#18730} no children}] reparent to OffscreenRoot
04-15 09:53:34.171  1151  1151 I SurfaceFlinger: [LayerHierarchy{RequestedLayerState{Surface(name=3edafdc StatusBar)/@0x3b919ed - animation-leash of insets_animation#18730} no children}] RelativeParent to null
04-15 09:53:34.171  1151  1151 I SurfaceFlinger: [LayerHierarchy{RequestedLayerState{Surface(name=3edafdc StatusBar)/@0x3b919ed - animation-leash of insets_animation#18740} no children}] reparent to OffscreenRoot
04-15 09:53:34.171  1151  1151 I SurfaceFlinger: [LayerHierarchy{RequestedLayerState{Surface(name=3edafdc StatusBar)/@0x3b919ed - animation-leash of insets_animation#18740} no children}] RelativeParent to null
04-15 09:53:34.171  1151  1151 I SurfaceFlinger: [LayerHierarchy{RequestedLayerState{Surface(name=8c5cec7 NavigationBar0)/@0xa68870 - animation-leash of insets_animation#18741} no children}] reparent to OffscreenRoot
04-15 09:53:34.171  1151  1151 I SurfaceFlinger: [LayerHierarchy{RequestedLayerState{Surface(name=8c5cec7 NavigationBar0)/@0xa68870 - animation-leash of insets_animation#18741} no children}] RelativeParent to null
04-15 09:53:34.173  3979  3979 W View    : requestLayout() improperly called by com.google.android.material.textview.MaterialTextView{c95ca7f V.ED..... ......ID 0,0-194,105 #7f0b01cc app:id/date_picker_text_view} during layout: running second layout pass
04-15 09:53:34.173  3979  3979 D VRI[AllInOneCalendarActivity]@726e443: reportNextDraw android.view.ViewRootImpl.performTraversals:5443 android.view.ViewRootImpl.doTraversal:3924 android.view.ViewRootImpl$TraversalRunnable.run:12903 android.view.Choreographer$CallbackRecord.run:1901 android.view.Choreographer$CallbackRecord.run:1910
04-15 09:53:34.173  3979  3979 D VRI[AllInOneCalendarActivity]@726e443: Canceling draw. cancelDueToPreDrawListener=true cancelDueToSync=false
04-15 09:53:34.177  1151  1200 I SurfaceFlinger: id=18740 Removed Surface(name=3edafdc StatusBar)/@0x3b919ed - animation-leash of insets_animation#18740 (216)
04-15 09:53:34.177  1151  1338 D SurfaceFlinger: [input] setFocusedWindow: 1533b57 com.google.android.calendar/com.google.android.calendar.allinone.AllInOneCalendarActivity
04-15 09:53:34.178  1151  1200 I SurfaceFlinger: id=18741 Removed Surface(name=8c5cec7 NavigationBar0)/@0xa68870 - animation-leash of insets_animation#18741 (216)
04-15 09:53:34.180  1542  2161 D InputDispatcher: Once focus requested (0): 1533b57 com.google.android.calendar/com.google.android.calendar.allinone.AllInOneCalendarActivity
04-15 09:53:34.180  1542  2161 D InputDispatcher: Focus request (0): 1533b57 com.google.android.calendar/com.google.android.calendar.allinone.AllInOneCalendarActivity but waiting because NOT_VISIBLE
04-15 09:53:34.180  1542  1598 W libprocessgroup: SetCgroup::ExecuteForProcess: failed to open /dev/cpuctl/foreground-boost/cgroup.procs: No such file or directory
04-15 09:53:34.180  2000  2120 I VRI[calendar]@12dbaa6: onActiveControlsChanged, removed=false, mAdded=true, caller=android.view.ViewRootImpl.handleInsetsControlChanged:3002 android.view.ViewRootImpl$ViewRootHandler.handleMessageImpl:8352 android.view.ViewRootImpl$ViewRootHandler.handleMessage:8301 android.os.Handler.dispatchMessage:110 android.os.Looper.loopOnce:273
04-15 09:53:34.182  1542  1677 D SyncManager: userId - 0 auto - true
04-15 09:53:34.182  1151  1151 I SurfaceFlinger: destroyed Surface(name=3edafdc StatusBar)/@0x3b919ed - animation-leash of insets_animation#18740
04-15 09:53:34.182  1151  1151 I SurfaceFlinger: destroyed Surface(name=8c5cec7 NavigationBar0)/@0xa68870 - animation-leash of insets_animation#18741
04-15 09:53:34.183  3979  4808 D HWUI    : HWUI - treat SMPTE_170M as sRGB
04-15 09:53:34.185  1151  1151 I Layer   : id=18740 Destroyed Surface(name=3edafdc StatusBar)/@0x3b919ed - animation-leash of insets_animation#18740
04-15 09:53:34.185  1151  1151 I Layer   : id=18741 Destroyed Surface(name=8c5cec7 NavigationBar0)/@0xa68870 - animation-leash of insets_animation#18741
04-15 09:53:34.189  3979  3979 W afzt    : Disc account not the same as selected account.
04-15 09:53:34.189  3979  3979 I InsetsSourceConsumer: applyRequestedVisibilityToControl: visible=true, type=statusBars, host=com.google.android.calendar/com.google.android.calendar.allinone.AllInOneCalendarActivity
04-15 09:53:34.190 19505 19505 D ApplicationLoaders: Returning zygote-cached class loader: /system/framework/org.apache.http.legacy.jar
04-15 09:53:34.190 19505 19505 D ApplicationLoaders: Returning zygote-cached class loader: /system_ext/framework/androidx.window.extensions.jar
04-15 09:53:34.190  3979  3979 I InsetsSourceConsumer: applyRequestedVisibilityToControl: visible=true, type=navigationBars, host=com.google.android.calendar/com.google.android.calendar.allinone.AllInOneCalendarActivity
04-15 09:53:34.190 19505 19505 D ApplicationLoaders: Returning zygote-cached class loader: /system_ext/framework/androidx.window.sidecar.jar
04-15 09:53:34.190  3979  3979 D WindowLayoutComponentImpl: Register WindowLayoutInfoListener on Context=com.google.android.calendar.allinone.AllInOneCalendarActivity@3deefe, of which baseContext=cal.ym@cb2f30c, of which baseContext=android.app.ContextImpl@5875455
04-15 09:53:34.200  1542  2161 D SyncManager: userId - 0 auto - true
04-15 09:53:34.221  3979 18669 I Kumiho-Kumiho: getPackageName: com.google.android.syncadapters.calendar
04-15 09:53:34.223  3979 18669 I Kumiho-Kumiho: getPackageName: com.google.android.syncadapters.calendar
04-15 09:53:34.225  3979 18670 I Kumiho-Kumiho: getPackageName: com.google.android.syncadapters.calendar
04-15 09:53:34.227  3979 18670 I Kumiho-Kumiho: getPackageName: com.google.android.syncadapters.calendar
04-15 09:53:34.237 19505 19505 W android.youtube: Failed to find entry 'classes.dex': Entry not found
04-15 09:53:34.238 19505 19505 W android.youtube: Failed to find entry 'classes.dex': Entry not found
04-15 09:53:34.239 19505 19505 W android.youtube: Failed to find entry 'classes.dex': Entry not found
04-15 09:53:34.239 19505 19505 D nativeloader: Configuring clns-9 for other apk /data/app/~~PqN7XGH3l2Oc6kQglNl3BQ==/com.google.android.youtube-076LCczGWECOKAa96zV1rQ==/base.apk:/data/app/~~PqN7XGH3l2Oc6kQglNl3BQ==/com.google.android.youtube-076LCczGWECOKAa96zV1rQ==/split_config.arm64_v8a.apk:/data/app/~~PqN7XGH3l2Oc6kQglNl3BQ==/com.google.android.youtube-076LCczGWECOKAa96zV1rQ==/split_config.en.apk:/data/app/~~PqN7XGH3l2Oc6kQglNl3BQ==/com.google.android.youtube-076LCczGWECOKAa96zV1rQ==/split_config.xxhdpi.apk. target_sdk_version=36, uses_libraries=, library_path=/data/app/~~PqN7XGH3l2Oc6kQglNl3BQ==/com.google.android.youtube-076LCczGWECOKAa96zV1rQ==/lib/arm64:/data/app/~~PqN7XGH3l2Oc6kQglNl3BQ==/com.google.android.youtube-076LCczGWECOKAa96zV1rQ==/base.apk!/lib/arm64-v8a:/data/app/~~PqN7XGH3l2Oc6kQglNl3BQ==/com.google.android.youtube-076LCczGWECOKAa96zV1rQ==/split_config.arm64_v8a.apk!/lib/arm64-v8a:/data/app/~~PqN7XGH3l2Oc6kQglNl3BQ==/com.google.android.youtube-076LCczGWECOKAa96zV1rQ==/split_config.en.apk!/lib/arm64-v8a:/data/app/~~PqN7XGH3l2Oc6kQglNl3B
04-15 09:53:34.249  1151  1151 E SurfaceFlinger: alpha changed 0.011 -> 0.000 - DimTransitionLayer for Surface(name=Task=3878)/@0xaee0f5#18737
04-15 09:53:34.254  1151  1151 D SurfaceFlinger: Display 4633128672291735999 HWC layers:
04-15 09:53:34.254  1151  1151 D SurfaceFlinger:        DEVICE |            8589934655916 | 00002100 | RGBA_8888    |   40.0    0.0  720.0 1544.0 |    0    0  680 1544 | Splash Screen com.google.android.calendar$_2000#18735 (1)
04-15 09:53:34.254  1151  1151 D SurfaceFlinger:        DEVICE |           82867099009076 | 00002102 | RGBA_8888    |    0.0    0.0  127.0 1544.0 |  593    0  720 1544 | com.catfact.app.feature.factdetail.t[...]tyInvoker$EmptyActivity$_19294#18729 (1)
04-15 09:53:34.254  1151  1151 D SurfaceFlinger:        DEVICE |            8589934654687 | 00002100 | RGBA_8888    |    0.0    0.0  720.0   50.0 |    0    0  720   50 | StatusBar$_2000#102 (26366)
04-15 09:53:34.254  1151  1151 D SurfaceFlinger:        DEVICE |           10569914518889 | 00002100 | RGBA_8888    |    0.0    0.0   67.0  353.0 |  653  192  720  545 | com.sec.android.app.launcher/com.sam[...]l.app.CocktailBarService$_2461#16495 (1)
04-15 09:53:34.254  1151  1151 D SurfaceFlinger:        DEVICE |            8589934654693 | 00002100 | RGBA_8888    |    0.0    0.0  720.0   90.0 |    0 1454  720 1544 | NavigationBar0$_2000#98 (17167)
04-15 09:53:34.254  1151  1151 D SurfaceFlinger:
04-15 09:53:34.258 19505 19505 V GraphicsEnvironment: Currently set values for:
04-15 09:53:34.258 19505 19505 V GraphicsEnvironment:   angle_gl_driver_selection_pkgs=[]
04-15 09:53:34.258 19505 19505 V GraphicsEnvironment:   angle_gl_driver_selection_values=[]
04-15 09:53:34.258 19505 19505 V GraphicsEnvironment: com.google.android.youtube is not listed in per-application setting
04-15 09:53:34.258 19505 19505 V GraphicsEnvironment: ANGLE allowlist from config:
04-15 09:53:34.258 19505 19505 V GraphicsEnvironment: com.google.android.youtube is not listed in ANGLE allowlist or settings, returning default
04-15 09:53:34.258 19505 19505 V GraphicsEnvironment: App is not on the allowlist for updatable production driver.
04-15 09:53:34.312  1059 19495 I HYPER-HAL: [ResourceManager.cpp]removeResource(): [CPULittleMinFreq] RemoveResource Request ID : 1222287
04-15 09:53:34.313  1059 19495 I HYPER-HAL: [RequestManager.cpp]releaseLocked(): Released ID : 1222287
04-15 09:53:34.327  1059 19502 I HYPER-HAL: [RequestManager.cpp]releaseLocked(): Released ID : 1223852
04-15 09:53:34.357  2461  2461 I HoneySpace.EdgePanel.EdgeVisibilityRepository: getComputedTrayVisible : keyguardState = 1
04-15 09:53:34.357  2461  2461 I HoneySpace.EdgePanel.EdgeVisibilityRepository: updateTrayVisible: State = 0x1, visible = true, current containerState = 0, specificMode = 0
04-15 09:53:34.357  2461  2461 I HoneySpace.EdgePanel.EdgeVisibilityRepository: Same container state 0
04-15 09:53:34.365  1542  1937 D NetdEventListenerService: DNS Requested by 103, 10294(com.google.android.youtube), 4(FAIL), isBlocked=true, 0ms
04-15 09:53:34.367 19505 19524 D nativeloader: Load /data/app/~~PqN7XGH3l2Oc6kQglNl3BQ==/com.google.android.youtube-076LCczGWECOKAa96zV1rQ==/split_config.arm64_v8a.apk!/lib/arm64-v8a/libnative_crash_handler_jni.so using class loader ns clns-9 (caller=/data/app/~~PqN7XGH3l2Oc6kQglNl3BQ==/com.google.android.youtube-076LCczGWECOKAa96zV1rQ==/base.apk!classes2.dex): ok
04-15 09:53:34.373  3979  3979 D VRI[AllInOneCalendarActivity]@726e443: Setup new sync=wmsSync-VRI[AllInOneCalendarActivity]@726e443#30
04-15 09:53:34.373  3979  3979 I VRI[AllInOneCalendarActivity]@726e443: Creating new active sync group VRI[AllInOneCalendarActivity]@726e443#31
04-15 09:53:34.373  3979  3979 D VRI[AllInOneCalendarActivity]@726e443: Draw frame after cancel
04-15 09:53:34.374  3979  3979 D VRI[AllInOneCalendarActivity]@726e443: registerCallbacksForSync syncBuffer=false
04-15 09:53:34.395  3979  3979 I View    : setRequestedFrameRate frameRate=0.0, this=cal.dfa{cfd4bac VFED..... ........ 0,0-720,1544 aid=1073741893}, caller=android.view.ViewGroup.setRequestedFrameRate:9952 cal.vw$$ExternalSyntheticApiModelOutline1.m:28 cal.dgw.a:1 cal.dfa.dispatchDraw:160 android.view.View.draw:26345
04-15 09:53:34.396  3979  3979 I View    : setRequestedFrameRate frameRate=-4.0, this=android.view.View{ac0b663 V.ED..... ......I. 0,0-0,0}, caller=cal.vw$$ExternalSyntheticApiModelOutline1.m:28 cal.dgw.a:1 cal.dfa.dispatchDraw:169 android.view.View.draw:26345 android.view.View.updateDisplayListIfDirty:25175
04-15 09:53:34.400  3979  4869 D VRI[AllInOneCalendarActivity]@726e443: Received frameDrawingCallback syncResult=0 frameNum=1.
04-15 09:53:34.400  3979  4869 I VRI[AllInOneCalendarActivity]@726e443: mWNT: t=0xb4000074fc526cd0 mBlastBufferQueue=0xb40000741c6eaff0 fn= 1 HdrRenderState mRenderHdrSdrRatio=1.0 caller= android.view.ViewRootImpl$12.onFrameDraw:15441 android.view.ThreadedRenderer$1.onFrameDraw:718 <bottom of call stack>
04-15 09:53:34.400  3979  4869 I VRI[AllInOneCalendarActivity]@726e443: Setting up sync and frameCommitCallback
04-15 09:53:34.401  3979  4808 I BLASTBufferQueue: [VRI[AllInOneCalendarActivity]@726e443#65](f:0,a:0,s:0) onFrameAvailable the first frame is available
04-15 09:53:34.401  3979  4808 I VRI[AllInOneCalendarActivity]@726e443: Received frameCommittedCallback lastAttemptedDrawFrameNum=1 didProduceBuffer=true
04-15 09:53:34.402  1151  2479 I SurfaceFlinger: [com.google.android.calendar/com.google.android.calendar.allinone.AllInOneCalendarActivity$_3979#18739] setTransactionState with the first frame. bufferData(ID: 17089674871047, frameNumber: 1)
04-15 09:53:34.402  3979  4808 D HWUI    : CFMS:: SetUp Pid : 3979    Tid : 4808
04-15 09:53:34.402  3979  3979 D VRI[AllInOneCalendarActivity]@726e443: reportDrawFinished seqId=0
04-15 09:53:34.404  1542  1585 D SurfaceComposerClient: setCornerRadius ## faff7b4 Splash Screen com.google.android.calendar#18734 cornerRadius=0.000000
04-15 09:53:34.404  1542  1585 D SurfaceComposerClient: setCornerRadius ## 1533b57 com.google.android.calendar/com.google.android.calendar.allinone.AllInOneCalendarActivity#18738 cornerRadius=0.000000
04-15 09:53:34.405  1542  1585 D SurfaceComposerClient: setCornerRadius ## faff7b4 Splash Screen com.google.android.calendar#18734 cornerRadius=0.000000
04-15 09:53:34.406  1151  1200 I SurfaceFlinger: id=18744 createSurf, flag=24000, Surface(name=1533b57 com.google.android.calendar/com.google.android.calendar.allinone.AllInOneCalendarActivity)/@0xce2663c - animation-leash of starting_reveal#18744
04-15 09:53:34.408  1151  1151 I SurfaceFlinger: [Surface(name=1533b57 com.google.android.calendar/com.google.android.calendar.allinone.AllInOneCalendarActivity)/@0xce2663c - animation-leash of starting_reveal#18744] attach to parent LayerHierarchy{RequestedLayerState{ActivityRecord{243114305 u0 com.google.android.calendar/.allinone.AllInOneCalendarActivity t3801}#16293 parentId=16292} 4 children}
04-15 09:53:34.409  1542  1585 D SurfaceComposerClient: setCornerRadius ## 1533b57 com.google.android.calendar/com.google.android.calendar.allinone.AllInOneCalendarActivity#18738 cornerRadius=0.000000
04-15 09:53:34.410  2000  2105 D ShellTaskOrganizer: removeStartingWindow, removalInfo=StartingWindowRemovalInfo{taskId=3801 frame=Rect(0, 0 - 720, 1544) playRevealAnimation=true roundedCornerRadius=0.0 deferRemoveMode=0 windowlessSurface=false removeImmediately=false}
04-15 09:53:34.410  1542  1585 D SurfaceComposerClient: setCornerRadius ## faff7b4 Splash Screen com.google.android.calendar#18734 cornerRadius=0.000000
04-15 09:53:34.410  1542  1585 D SurfaceComposerClient: setCornerRadius ## 1533b57 com.google.android.calendar/com.google.android.calendar.allinone.AllInOneCalendarActivity#18738 cornerRadius=0.000000
04-15 09:53:34.410  1542  1585 D SurfaceComposerClient: setCornerRadius ## faff7b4 Splash Screen com.google.android.calendar#18734 cornerRadius=0.000000
04-15 09:53:34.410  1542  1585 D SurfaceComposerClient: setCornerRadius ## 1533b57 com.google.android.calendar/com.google.android.calendar.allinone.AllInOneCalendarActivity#18738 cornerRadius=0.000000
04-15 09:53:34.411  1151  1151 D SurfaceFlinger: GPIS:: requestGpisForClientComposition
04-15 09:53:34.418  1151  1151 I SurfaceFlinger: RequestedLayer [com.google.android.calendar/com.goog[...]AllInOneCalendarActivity$_3979#18739] hidden!! flag  from(1) --> to(0)
04-15 09:53:34.418  1151  1151 I SurfaceFlinger: [LayerHierarchy{RequestedLayerState{1533b57 com.google.android.calendar/com.google.android.calendar.allinone.AllInOneCalendarActivity#18738 parentId=18744} 1 children}] reparent to LayerHierarchy{RequestedLayerState{Surface(name=1533b57 com.google.android.calendar/com.google.android.calendar.allinone.AllInOneCalendarActivity)/@0xce2663c - animation-leash of starting_reveal#18744 parentId=16293} 1 children}
04-15 09:53:34.419  2000  2194 I VRI[calendar]@12dbaa6: mWNT: t=0xb4000074fc793b90 mBlastBufferQueue=0xb40000741d328300 fn= 2 HdrRenderState mRenderHdrSdrRatio=1.0 caller= android.view.SyncRtSurfaceTransactionApplier.applyTransaction:100 android.view.SyncRtSurfaceTransactionApplier.lambda$scheduleApply$0:73 android.view.SyncRtSurfaceTransactionApplier.$r8$lambda$afI4fXg3U3-nBZQEDQMiNy-B06s:0
04-15 09:53:34.419  2000  2194 I VRI[calendar]@12dbaa6: mWNT: t=0xb4000074fc7cc0d0 mBlastBufferQueue=0xb40000741d328300 fn= 2 HdrRenderState mRenderHdrSdrRatio=1.0 caller= android.view.SyncRtSurfaceTransactionApplier.applyTransaction:100 android.view.SyncRtSurfaceTransactionApplier.lambda$scheduleApply$0:73 android.view.SyncRtSurfaceTransactionApplier.$r8$lambda$afI4fXg3U3-nBZQEDQMiNy-B06s:0
04-15 09:53:34.422  1542  1585 D SurfaceComposerClient: setCornerRadius ## faff7b4 Splash Screen com.google.android.calendar#18734 cornerRadius=0.000000
04-15 09:53:34.422  1542  1585 D SurfaceComposerClient: setCornerRadius ## 1533b57 com.google.android.calendar/com.google.android.calendar.allinone.AllInOneCalendarActivity#18738 cornerRadius=0.000000
04-15 09:53:34.426  1151  1151 D SurfaceFlinger: Display 4633128672291735999 HWC layers:
04-15 09:53:34.426  1151  1151 D SurfaceFlinger:        DEVICE |           17089674871046 | 00002102 | RGBA_8888    |    3.0    0.0  720.0 1544.0 |    0    0  717 1544 | com.google.android.calendar/com.goog[...]AllInOneCalendarActivity$_3979#18739 (2)
04-15 09:53:34.426  1151  1151 D SurfaceFlinger:        DEVICE |            8589934655916 | 00002100 | RGBA_8888    |    3.0    0.0  720.0 1544.0 |    0    0  717 1544 | Splash Screen com.google.android.calendar$_2000#18735 (1)
04-15 09:53:34.426  1151  1151 D SurfaceFlinger:        CLIENT |           82867099009076 | 00002102 | RGBA_8888    |    0.0    0.0   10.0 1544.0 |  710    0  720 1544 | com.catfact.app.feature.factdetail.t[...]tyInvoker$EmptyActivity$_19294#18729 (1)
04-15 09:53:34.426  1151  1151 D SurfaceFlinger:        DEVICE |            8589934654687 | 00002100 | RGBA_8888    |    0.0    0.0  720.0   50.0 |    0    0  720   50 | StatusBar$_2000#102 (26366)
04-15 09:53:34.426  1151  1151 D SurfaceFlinger:        DEVICE |           10569914518889 | 00002100 | RGBA_8888    |    0.0    0.0   67.0  353.0 |  653  192  720  545 | com.sec.android.app.launcher/com.sam[...]l.app.CocktailBarService$_2461#16495 (1)
04-15 09:53:34.426  1151  1151 D SurfaceFlinger:        DEVICE |            8589934654693 | 000
04-15 09:53:34.426  1151  1151 D SurfaceFlinger: 02100 | RGBA_8888    |    0.0    0.0  720.0   90.0 |    0 1454  720 1544 | NavigationBar0$_2000#98 (17167)
04-15 09:53:34.426  1151  1151 D SurfaceFlinger:
04-15 09:53:34.427  2000  2195 I VRI[calendar]@12dbaa6: mWNT: t=0xb4000074fc71a510 mBlastBufferQueue=0xb40000741d328300 fn= 3 HdrRenderState mRenderHdrSdrRatio=1.0 caller= android.view.SyncRtSurfaceTransactionApplier.applyTransaction:100 android.view.SyncRtSurfaceTransactionApplier.lambda$scheduleApply$0:73 android.view.SyncRtSurfaceTransactionApplier.$r8$lambda$afI4fXg3U3-nBZQEDQMiNy-B06s:0
04-15 09:53:34.427  1542  2101 D InputDispatcher: Focus entered window (0): 1533b57 com.google.android.calendar/com.google.android.calendar.allinone.AllInOneCalendarActivity
04-15 09:53:34.433  2000  2194 I VRI[calendar]@12dbaa6: mWNT: t=0xb4000074fc753310 mBlastBufferQueue=0xb40000741d328300 fn= 4 HdrRenderState mRenderHdrSdrRatio=1.0 caller= android.view.SyncRtSurfaceTransactionApplier.applyTransaction:100 android.view.SyncRtSurfaceTransactionApplier.lambda$scheduleApply$0:73 android.view.SyncRtSurfaceTransactionApplier.$r8$lambda$afI4fXg3U3-nBZQEDQMiNy-B06s:0
04-15 09:53:34.437  3979  3979 D VRI[AllInOneCalendarActivity]@726e443: mThreadedRenderer.initializeIfNeeded()#2 mSurface={isValid=true 0xb40000748c5ded00}
04-15 09:53:34.445  3979  3979 D InputMethodManagerUtils: startInputInner - Id : 0
04-15 09:53:34.445  3979  3979 I InputMethodManager: startInputInner - IInputMethodManagerGlobalInvoker.startInputOrWindowGainedFocus
04-15 09:53:34.445  2000  2195 I VRI[calendar]@12dbaa6: mWNT: t=0xb4000074fc7b2750 mBlastBufferQueue=0xb40000741d328300 fn= 5 HdrRenderState mRenderHdrSdrRatio=1.0 caller= android.view.SyncRtSurfaceTransactionApplier.applyTransaction:100 android.view.SyncRtSurfaceTransactionApplier.lambda$scheduleApply$0:73 android.view.SyncRtSurfaceTransactionApplier.$r8$lambda$afI4fXg3U3-nBZQEDQMiNy-B06s:0
04-15 09:53:34.453  2000  2194 I VRI[calendar]@12dbaa6: mWNT: t=0xb4000074fc7b8410 mBlastBufferQueue=0xb40000741d328300 fn= 6 HdrRenderState mRenderHdrSdrRatio=1.0 caller= android.view.SyncRtSurfaceTransactionApplier.applyTransaction:100 android.view.SyncRtSurfaceTransactionApplier.lambda$scheduleApply$0:73 android.view.SyncRtSurfaceTransactionApplier.$r8$lambda$afI4fXg3U3-nBZQEDQMiNy-B06s:0
04-15 09:53:34.455  1542  1750 I ImeTracker: com.google.android.calendar:ffed12e6: onRequestHide at ORIGIN_SERVER reason HIDE_UNSPECIFIED_WINDOW fromUser false
04-15 09:53:34.460 19294 19294 D InputTransport: Input channel destroyed: 'ClientS', fd=135
04-15 09:53:34.461  2000  2195 I VRI[calendar]@12dbaa6: mWNT: t=0xb4000074fc765050 mBlastBufferQueue=0xb40000741d328300 fn= 7 HdrRenderState mRenderHdrSdrRatio=1.0 caller= android.view.SyncRtSurfaceTransactionApplier.applyTransaction:100 android.view.SyncRtSurfaceTransactionApplier.lambda$scheduleApply$0:73 android.view.SyncRtSurfaceTransactionApplier.$r8$lambda$afI4fXg3U3-nBZQEDQMiNy-B06s:0
04-15 09:53:34.461  3979  3979 I InputMethodManager: handleMessage: setImeVisibility visible=false
04-15 09:53:34.461  3979  3979 D InsetsController: hide(ime(), fromIme=false)
04-15 09:53:34.461  3979  3979 I ImeTracker: com.google.android.calendar:ffed12e6: onCancelled at PHASE_CLIENT_ALREADY_HIDDEN
04-15 09:53:34.471  1542  1750 D InputTransport: Input channel constructed: 'ClientS', fd=1250
04-15 09:53:34.471  1542  1750 D InputTransport: Input channel destroyed: 'ClientS', fd=1250
04-15 09:53:34.472  3979  4094 D InputTransport: Input channel constructed: 'ClientS', fd=223
04-15 09:53:34.473  3756  3756 I HBD     : HoneyBoardService onFinishInput
04-15 09:53:34.474  3756  3756 I HBD     : a IC have been unbinding,  RemoteInputConnection{idHash=#de17201}
04-15 09:53:34.475  3756  3756 I HBD     : HoneyBoardService [PF_CL][onFinishInput]  1 ms
04-15 09:53:34.475  1151  1200 I SurfaceFlinger: id=18745 createSurf, flag=24004, Surface(name=1d7a05f InputMethod)/@0x5f77a9d - animation-leash of insets_animation#18745
04-15 09:53:34.475  3756  3756 I HBD     : HoneyBoardService [IMI] onStartInput - caller pid : 3979 , caller uid : 10279
04-15 09:53:34.475  3756  3756 I HBD     : k updateConfigs
04-15 09:53:34.475  3756  3756 I HBD     : k isEnabledNightMode : true
04-15 09:53:34.475  3756  3756 I HBD     : a IC have been binding, RemoteInputConnection{idHash=#78008a6}
04-15 09:53:34.475  3756  3756 I HBD     : h [EditorInputType]setPrivateImeOptionsToTable privateImeOptions ( null )
04-15 09:53:34.475  3756  3756 I HBD     : b incognitoMode : false
04-15 09:53:34.475  3756  3756 I HBD     : c needOff = true , isForceOff = false, isNullInputClass : true
04-15 09:53:34.475  3756  3756 I HBD     : h getDefaultInputRange : UNKNOWN
04-15 09:53:34.475  3756  3756 I HBD     : h getDefaultInputRange : UNKNOWN
04-15 09:53:34.475  3756  3756 I HBD     : h getDefaultInputRange : UNKNOWN
04-15 09:53:34.476  3756  3756 I HBD     : c needOff = true , isForceOff = false, isNullInputClass : true
04-15 09:53:34.476  3756  3756 I HBD     : c update cached prediction status : false
04-15 09:53:34.476  3756  3756 I HBD     : h getDefaultInputRange : UNKNOWN
04-15 09:53:34.476  3756  3756 I HBD     : a currentState : 0
04-15 09:53:34.476  3756  3756 I HBD     : a [UpdatePolicy] [post] a: 0 cl: 65538 kit: [0/0] vt: 0 ir: 1
04-15 09:53:34.477  1151  1151 I SurfaceFlinger: [Surface(name=1d7a05f InputMethod)/@0x5f77a9d - animation-leash of insets_animation#18745] attach to parent LayerHierarchy{RequestedLayerState{WindowToken{d080c22 type=2011 android.os.Binder@459a5ed}#120 parentId=15} 2 children}
04-15 09:53:34.477  1542  2161 I ImeTracker: system_server:183999b: onRequestHide at ORIGIN_SERVER reason IME_REQUESTED_CHANGED_LISTENER fromUser false
04-15 09:53:34.478  3756  3756 I HBD     : a [NRIC] resetNoResponseState
04-15 09:53:34.478  1542  2101 I WindowManager: Relayout Window{faff7b4 u0 Splash Screen com.google.android.calendar}: viewVisibility=8 req=720x1544 ty=3 d0
04-15 09:53:34.478  3756  3756 I HBD     : c needOff = true , isForceOff = false, isNullInputClass : true
04-15 09:53:34.478  3756  3756 I HBD     : c update cached prediction status : false
04-15 09:53:34.478  3756  3756 I HBD     : b [AiWriter] setContact : com.google.android.calendar
04-15 09:53:34.478  1542  1584 I ImeTracker: system_server:183999b: onCancelled at PHASE_SERVER_SHOULD_HIDE
04-15 09:53:34.478  3756  3756 I HBD     : a [AiWriter] setContact : com.google.android.calendar
04-15 09:53:34.478  3756  3756 I HBD     : o0 EBD si S 0
04-15 09:53:34.478  3756  3756 I HBD     : r updateContactDBLanguage : 65538
04-15 09:53:34.478  1542  2101 D SurfaceComposerClient: setCornerRadius ## 1533b57 com.google.android.calendar/com.google.android.calendar.allinone.AllInOneCalendarActivity#18738 cornerRadius=0.000000
04-15 09:53:34.478  3756  3756 I HBD     : g isCoverDisplay : false, cached selected json info : SelectedLanguageInfo(languageVersion=4.2, currentLanguageOrder=0, selectedLanguageList=[SelectedLanguage(id=65538, isUsed=true, engName=English, inputType=qwerty, activeOptionList=[auto_replace, auto_spacing, writing_assistant], bilingualId=-1), SelectedLanguage(id=5308416, isUsed=true, engName=Arabic, inputType=qwerty, activeOptionList=[auto_replace, auto_spacing], bilingualId=-1)])
04-15 09:53:34.478  3756  3756 I HBD     : g updateSelectedLanguageCache is succeeded. English
04-15 09:53:34.478  1542  2101 D SurfaceComposerClient: setCornerRadius ## faff7b4 Splash Screen com.google.android.calendar#18734 cornerRadius=0.000000
04-15 09:53:34.479  3756  3756 I HBD     : l writeToFile path : /data/user/0/com.samsung.android.honeyboard/files/selected.json
04-15 09:53:34.479  3756  3756 I HBD     : l writeToFile json : {"version":"4.2","currentLanguageOrder":0,"selected":[{"activeOptionList":["auto_replace","auto_spacing","writing_assistant"],"bilingualId":-1,"engName":"English","id":65538,"inputType":"qwerty","isUsed":true},{"activeOptionList":["auto_replace","auto_spacing"],"bilingualId":-1,"engName":"Arabic","id":5308416,"inputType":"qwerty","isUsed":true}]}
04-15 09:53:34.479  1542  2101 D SurfaceComposerClient: setCornerRadius ## 1533b57 com.google.android.calendar/com.google.android.calendar.allinone.AllInOneCalendarActivity#18738 cornerRadius=0.000000
04-15 09:53:34.479  1542  2101 I WindowManager: Relayout hash=faff7b4, pid=2000, syncId=-1: mAttrs={(0,0)(fillxfill) sim={adjust=pan} layoutInDisplayCutoutMode=always ty=APPLICATION_STARTING fmt=TRANSLUCENT wanim=0x1030317
04-15 09:53:34.479  1542  2101 I WindowManager:   fl=81030118
04-15 09:53:34.479  1542  2101 I WindowManager:   pfl=10000810
04-15 09:53:34.479  1542  2101 I WindowManager:   bhv=1
04-15 09:53:34.479  1542  2101 I WindowManager:   fitSides=0
04-15 09:53:34.479  1542  2101 I WindowManager:   frameRateBoostOnTouch=true
04-15 09:53:34.479  1542  2101 I WindowManager:   dvrrWindowFrameRateHint=true naviIconColor=0}
04-15 09:53:34.480  1542  1585 D SurfaceComposerClient: setCornerRadius ## faff7b4 Splash Screen com.google.android.calendar#18734 cornerRadius=0.000000
04-15 09:53:34.480  1542  1585 D SurfaceComposerClient: setCornerRadius ## 1533b57 com.google.android.calendar/com.google.android.calendar.allinone.AllInOneCalendarActivity#18738 cornerRadius=0.000000
04-15 09:53:34.480  3756  3756 I HBD     : l writeToFile complete
04-15 09:53:34.481  3756  3756 I HBD     : g isCoverDisplay : false, cached selected json info : SelectedLanguageInfo(languageVersion=4.2, currentLanguageOrder=0, selectedLanguageList=[SelectedLanguage(id=65538, isUsed=true, engName=English, inputType=qwerty, activeOptionList=[auto_replace, auto_spacing, writing_assistant], bilingualId=-1), SelectedLanguage(id=5308416, isUsed=true, engName=Arabic, inputType=qwerty, activeOptionList=[auto_replace, auto_spacing], bilingualId=-1)])
04-15 09:53:34.481  3756  3756 I HBD     : n updateActionOptionFromPreference isCover = false
04-15 09:53:34.481  3756  3756 I HBD     : n before lang.activeOptionList =  [auto_replace, auto_spacing, writing_assistant]
04-15 09:53:34.481  2000  2120 I VRI[calendar]@12dbaa6: onActiveControlsChanged, removed=false, mAdded=true, caller=android.view.ViewRootImpl.handleInsetsControlChanged:3002 android.view.ViewRootImpl.relayoutWindow:11629 android.view.ViewRootImpl.performTraversals:4804 android.view.ViewRootImpl.doTraversal:3924 android.view.ViewRootImpl$TraversalRunnable.run:12903
04-15 09:53:34.481  1218  1218 I CameraService: onUidStateChanged: uid=10048, procState is changed. (1 -> 0)
04-15 09:53:34.481  3756 19557 I HBD     : l Write selected lang for DE
04-15 09:53:34.481  3756 19557 I HBD     : l writeToFile path : /data/user_de/0/com.samsung.android.honeyboard/files/selected.json
04-15 09:53:34.481  3756 19557 I HBD     : l writeToFile json : {"version":"4.2","currentLanguageOrder":0,"selected":[{"activeOptionList":["auto_replace","auto_spacing","writing_assistant"],"bilingualId":-1,"engName":"English","id":65538,"inputType":"qwerty","isUsed":true},{"activeOptionList":["auto_replace","auto_spacing"],"bilingualId":-1,"engName":"Arabic","id":5308416,"inputType":"qwerty","isUsed":true}]}
04-15 09:53:34.482  3756  3756 I HBD     : n after lang.activeOptionList = [auto_replace, auto_spacing, writing_assistant]
04-15 09:53:34.482  3756 19557 I HBD     : l writeToFile complete
04-15 09:53:34.482  3756  3756 I HBD     : l writeToFile path : /data/user/0/com.samsung.android.honeyboard/files/selected.json
04-15 09:53:34.482  3756  3756 I HBD     : l writeToFile json : {"version":"4.2","currentLanguageOrder":0,"selected":[{"activeOptionList":["auto_replace","auto_spacing","writing_assistant"],"bilingualId":-1,"engName":"English","id":65538,"inputType":"qwerty","isUsed":true},{"activeOptionList":["auto_replace","auto_spacing"],"bilingualId":-1,"engName":"Arabic","id":5308416,"inputType":"qwerty","isUsed":true}]}
