04-15 09:53:30.828  2000  2120 I VRI[test]@be3720: onActiveControlsChanged, removed=false, mAdded=true, caller=android.view.ViewRootImpl.handleInsetsControlChanged:3002 android.view.ViewRootImpl$ViewRootHandler.handleMessageImpl:8352 android.view.ViewRootImpl$ViewRootHandler.handleMessage:8301 android.os.Handler.dispatchMessage:110 android.os.Looper.loopOnce:273
04-15 09:53:30.829  1542  1585 D SurfaceComposerClient: setCornerRadius ## d49fd4a com.catfact.app.feature.factdetail.test/androidx.activity.ComponentActivity#18648 cornerRadius=0.000000
04-15 09:53:30.830  1542  1585 D SurfaceComposerClient: setCornerRadius ## e2a73bf Splash Screen com.catfact.app.feature.factdetail.test#18643 cornerRadius=0.000000
04-15 09:53:30.830  1542  1585 D SurfaceComposerClient: setCornerRadius ## d49fd4a com.catfact.app.feature.factdetail.test/androidx.activity.ComponentActivity#18648 cornerRadius=0.000000
04-15 09:53:30.830  1542  1585 D SurfaceComposerClient: setCornerRadius ## e2a73bf Splash Screen com.catfact.app.feature.factdetail.test#18643 cornerRadius=0.000000
04-15 09:53:30.830  1542  1585 D SurfaceComposerClient: setCornerRadius ## d49fd4a com.catfact.app.feature.factdetail.test/androidx.activity.ComponentActivity#18648 cornerRadius=0.000000
04-15 09:53:30.830  2000  2105 D ShellTaskOrganizer: removeStartingWindow, removalInfo=StartingWindowRemovalInfo{taskId=3876 frame=Rect(0, 0 - 720, 1544) playRevealAnimation=true roundedCornerRadius=0.0 deferRemoveMode=0 windowlessSurface=false removeImmediately=false}
04-15 09:53:30.830  1542  4043 I SemDvfsHyPerManager: acquire hyper - AMS_RESUME_TAIL/1542@22, type = -999
04-15 09:53:30.830  1542  4043 I SemDvfsHyPerManager: acquire hyper - AMS_ACT_LAZY/1542@23, type = -999
04-15 09:53:30.830  1151  1151 I Layer   : id=18637 Destroyed Surface(name=8c5cec7 NavigationBar0)/@0xa68870 - animation-leash of insets_animation#18637
04-15 09:53:30.831  1151  1151 I Layer   : id=18636 Destroyed Surface(name=3edafdc StatusBar)/@0x3b919ed - animation-leash of insets_animation#18636
04-15 09:53:30.832  1151  1378 I SurfaceFlinger: id=18649 Removed Surface(name=3edafdc StatusBar)/@0x3b919ed - animation-leash of insets_animation#18649 (196)
04-15 09:53:30.832  1151  1378 I SurfaceFlinger: id=18650 Removed Surface(name=8c5cec7 NavigationBar0)/@0xa68870 - animation-leash of insets_animation#18650 (196)
04-15 09:53:30.835  1059  1180 I HYPER-HAL: [RequestManager.cpp]acquire(): Acquired ID : 1223852  [1542 / 22]    HINT : AMS_RESUME_TAIL    list :
04-15 09:53:30.836  1059  1180 I HYPER-HAL: [ResourceManager.cpp]removeResource(): [CPULittleMinFreq] RemoveResource Request ID : 1233263
04-15 09:53:30.837  1542  1581 I PkgPredictorService-SecIpmManagerServiceImpl: reportToNAP uid:10748 com.catfact.app.feature.factdetail.test/androidx.activity.ComponentActivity thisTime:97
04-15 09:53:30.837  1542  1581 D PkgPredictorService-SecIpmManagerServiceImpl: reportToNAP: mHeavyLaunchCounter is false
04-15 09:53:30.837  1059  1180 I HYPER-HAL: [RequestManager.cpp]releaseLocked(): Released ID : 1233263
04-15 09:53:30.837  1542  2944 D PkgPredictorService-SecIpmManagerServiceImpl: ACTION_FOREGROUND_FINISH_EVENT sCurForegroundApp :com.catfact.app.feature.factdetail.test
04-15 09:53:30.837  1542  1581 I ActivityTaskManager: Displayed com.catfact.app.feature.factdetail.test/androidx.activity.ComponentActivity for user 0: +97ms
04-15 09:53:30.837  1151  1151 I SurfaceFlinger: RequestedLayer [com.catfact.app.feature.factdetail.t[...]ivity.ComponentActivity$_19294#18651] hidden!! flag  from(1) --> to(0)
04-15 09:53:30.837  1151  1151 I SurfaceFlinger: destroyed Surface(name=3edafdc StatusBar)/@0x3b919ed - animation-leash of insets_animation#18649
04-15 09:53:30.837  1151  1151 I SurfaceFlinger: destroyed Surface(name=8c5cec7 NavigationBar0)/@0xa68870 - animation-leash of insets_animation#18650
04-15 09:53:30.837  1151  1151 I SurfaceFlinger: [LayerHierarchy{RequestedLayerState{d49fd4a com.catfact.app.feature.factdetail.test/androidx.activity.ComponentActivity#18648 parentId=18654} 1 children}] reparent to LayerHierarchy{RequestedLayerState{Surface(name=d49fd4a com.catfact.app.feature.factdetail.test/androidx.activity.ComponentActivity)/@0xfebb969 - animation-leash of starting_reveal#18654 parentId=18642} 1 children}
04-15 09:53:30.837  1151  1151 I SurfaceFlinger: [Surface(name=d49fd4a com.catfact.app.feature.factdetail.test/androidx.activity.ComponentActivity)/@0xfebb969 - animation-leash of starting_reveal#18654] attach to parent LayerHierarchy{RequestedLayerState{ActivityRecord{176091740 u0 com.catfact.app.feature.factdetail.test/androidx.activity.ComponentActivity t3876}#18642 parentId=18641} 3 children}
04-15 09:53:30.838  1151  1151 I Layer   : id=18649 Destroyed Surface(name=3edafdc StatusBar)/@0x3b919ed - animation-leash of insets_animation#18649
04-15 09:53:30.838  1151  1151 I Layer   : id=18650 Destroyed Surface(name=8c5cec7 NavigationBar0)/@0xa68870 - animation-leash of insets_animation#18650
04-15 09:53:30.838  1151  1338 D SurfaceFlinger: [input] setFocusedWindow: d49fd4a com.catfact.app.feature.factdetail.test/androidx.activity.ComponentActivity
04-15 09:53:30.839  1542  2101 D InputDispatcher: Once focus requested (0): d49fd4a com.catfact.app.feature.factdetail.test/androidx.activity.ComponentActivity
04-15 09:53:30.839  1542  2101 D InputDispatcher: Focus request (0): d49fd4a com.catfact.app.feature.factdetail.test/androidx.activity.ComponentActivity but waiting because NOT_VISIBLE
04-15 09:53:30.840  1542  1585 D SurfaceComposerClient: setCornerRadius ## e2a73bf Splash Screen com.catfact.app.feature.factdetail.test#18643 cornerRadius=0.000000
04-15 09:53:30.840  1542  1585 D SurfaceComposerClient: setCornerRadius ## d49fd4a com.catfact.app.feature.factdetail.test/androidx.activity.ComponentActivity#18648 cornerRadius=0.000000
04-15 09:53:30.840 19294 19294 I InsetsSourceConsumer: applyRequestedVisibilityToControl: visible=true, type=statusBars, host=com.catfact.app.feature.factdetail.test/androidx.activity.ComponentActivity
04-15 09:53:30.841 19294 19294 I InsetsSourceConsumer: applyRequestedVisibilityToControl: visible=true, type=navigationBars, host=com.catfact.app.feature.factdetail.test/androidx.activity.ComponentActivity
04-15 09:53:30.842  3152  3152 E pageboostd: Received HALT command code 2
04-15 09:53:30.847  1151  1151 D SurfaceFlinger: Display 4633128672291735999 HWC layers:
04-15 09:53:30.847  1151  1151 D SurfaceFlinger:        CLIENT |           17089674871033 | 00002102 | RGBA_8888    |   50.0    0.0  720.0 1544.0 |    0    0  720 1544 | com.google.android.calendar/com.goog[...]AllInOneCalendarActivity$_3979#18633 (27)
04-15 09:53:30.847  1151  1151 D SurfaceFlinger:   SOLID_COLOR |                        0 | 00000000 | N/A          |    0.0    0.0    0.0    0.0 |    0    0  720 1544 | DimTransitionLayer for Surface(name=Task=3876)/@0xadd864d#18646 (0)
04-15 09:53:30.847  1151  1151 D SurfaceFlinger:        DEVICE |           82867099009056 | 00002102 | RGBA_8888    |    0.0    0.0  159.0 1544.0 |  561    0  720 1544 | com.catfact.app.feature.factdetail.t[...]ivity.ComponentActivity$_19294#18651 (1)
04-15 09:53:30.847  1151  1151 D SurfaceFlinger:        DEVICE |            8589934655871 | 00002100 | RGBA_8888    |    0.0    0.0  159.0 1544.0 |  561    0  720 1544 | Splash Screen com.catfact.app.feature.factdetail.test$_2000#18644 (1)
04-15 09:53:30.847  1151  1151 D SurfaceFlinger:        DEVICE |            8589934654694 | 00002100 | RGBA_8888    |    0.0    0.0  720.0   50.0 |    0    0  720   50 | StatusBar$_2000#102 (26277)
04-15 09:53:30.847  1151  1151 D SurfaceFlinger:        DEVICE |           10569914518889 | 0000
04-15 09:53:30.847  1151  1151 D SurfaceFlinger: 2100 | RGBA_8888    |    0.0    0.0   67.0  353.0 |  653  192  720  545 | com.sec.android.app.launcher/com.sam[...]l.app.CocktailBarService$_2461#16495 (1)
04-15 09:53:30.847  1151  1151 D SurfaceFlinger:        DEVICE |            8589934654705 | 00002100 | RGBA_8888    |    0.0    0.0  720.0   90.0 |    0 1454  720 1544 | NavigationBar0$_2000#98 (17076)
04-15 09:53:30.847  1151  1151 D SurfaceFlinger:
04-15 09:53:30.847  2000  2195 I VRI[test]@be3720: mWNT: t=0xb4000074fc7d5750 mBlastBufferQueue=0xb40000741d0fe080 fn= 2 HdrRenderState mRenderHdrSdrRatio=1.0 caller= android.view.SyncRtSurfaceTransactionApplier.applyTransaction:100 android.view.SyncRtSurfaceTransactionApplier.lambda$scheduleApply$0:73 android.view.SyncRtSurfaceTransactionApplier.$r8$lambda$afI4fXg3U3-nBZQEDQMiNy-B06s:0
04-15 09:53:30.847  2000  2195 I VRI[test]@be3720: mWNT: t=0xb4000074fc797010 mBlastBufferQueue=0xb40000741d0fe080 fn= 2 HdrRenderState mRenderHdrSdrRatio=1.0 caller= android.view.SyncRtSurfaceTransactionApplier.applyTransaction:100 android.view.SyncRtSurfaceTransactionApplier.lambda$scheduleApply$0:73 android.view.SyncRtSurfaceTransactionApplier.$r8$lambda$afI4fXg3U3-nBZQEDQMiNy-B06s:0
04-15 09:53:30.848  1542  3015 I NSLocationMonitor: getGPSUsingApps() called
04-15 09:53:30.849  2982  3043 I NSLocationManager_FLP: getGPSUsingApps, No change
04-15 09:53:30.850  3979  3988 I ndroid.calendar: Background concurrent mark compact GC freed 39MB AllocSpace bytes, 0(0B) LOS objects, 63% free, 27MB/75MB, paused 1.668ms,2.761ms total 111.231ms
04-15 09:53:30.850  1542  2101 D InputDispatcher: Focus entered window (0): d49fd4a com.catfact.app.feature.factdetail.test/androidx.activity.ComponentActivity
04-15 09:53:30.851 19294 19294 D VRI[ComponentActivity]@f7ee2b: mThreadedRenderer.initializeIfNeeded()#2 mSurface={isValid=true 0xb40000748c557a00}
04-15 09:53:30.851 19294 19294 D InputMethodManagerUtils: startInputInner - Id : 0
04-15 09:53:30.851 19294 19294 I InputMethodManager: startInputInner - IInputMethodManagerGlobalInvoker.startInputOrWindowGainedFocus
04-15 09:53:30.854  2000  2194 I VRI[test]@be3720: mWNT: t=0xb4000074fc7c3f50 mBlastBufferQueue=0xb40000741d0fe080 fn= 3 HdrRenderState mRenderHdrSdrRatio=1.0 caller= android.view.SyncRtSurfaceTransactionApplier.applyTransaction:100 android.view.SyncRtSurfaceTransactionApplier.lambda$scheduleApply$0:73 android.view.SyncRtSurfaceTransactionApplier.$r8$lambda$afI4fXg3U3-nBZQEDQMiNy-B06s:0
04-15 09:53:30.855  2000  2195 I VRI[test]@be3720: mWNT: t=0xb4000074fc72ad50 mBlastBufferQueue=0xb40000741d0fe080 fn= 4 HdrRenderState mRenderHdrSdrRatio=1.0 caller= android.view.SyncRtSurfaceTransactionApplier.applyTransaction:100 android.view.SyncRtSurfaceTransactionApplier.lambda$scheduleApply$0:73 android.view.SyncRtSurfaceTransactionApplier.$r8$lambda$afI4fXg3U3-nBZQEDQMiNy-B06s:0
04-15 09:53:30.857  2000  2194 I VRI[test]@be3720: mWNT: t=0xb4000074fc7002d0 mBlastBufferQueue=0xb40000741d0fe080 fn= 5 HdrRenderState mRenderHdrSdrRatio=1.0 caller= android.view.SyncRtSurfaceTransactionApplier.applyTransaction:100 android.view.SyncRtSurfaceTransactionApplier.lambda$scheduleApply$0:73 android.view.SyncRtSurfaceTransactionApplier.$r8$lambda$afI4fXg3U3-nBZQEDQMiNy-B06s:0
04-15 09:53:30.858  1542  1750 I ImeTracker: com.catfact.app.feature.factdetail.test:1c05d229: onRequestHide at ORIGIN_SERVER reason HIDE_UNSPECIFIED_WINDOW fromUser false
04-15 09:53:30.861  2461  4179 I HoneySpace.RecentTasks: onRecentTasksChanged
04-15 09:53:30.861 19294 19294 I InputMethodManager: handleMessage: setImeVisibility visible=false
04-15 09:53:30.861 19294 19294 D InsetsController: hide(ime(), fromIme=false)
04-15 09:53:30.861 19294 19294 I ImeTracker: com.catfact.app.feature.factdetail.test:1c05d229: onCancelled at PHASE_CLIENT_ALREADY_HIDDEN
04-15 09:53:30.862  3723  4249 I [AirCmd]_ActivitySwitchDetector: onTaskStackChanged : componentName - ComponentInfo{com.catfact.app.feature.factdetail.test/androidx.activity.ComponentActivity}
04-15 09:53:30.863  3963  4335 I SemDvfsHyPerManager: acquire hyper - BaseTABoost/3963@25, type = -999
04-15 09:53:30.863  1059  1180 I HYPER-HAL: [RequestManager.cpp]acquire(): Acquired ID : 7954091  [3963 / 25]    HINT :      list : [TABoost / 1]
04-15 09:53:30.863  3979  3979 D InputTransport: Input channel destroyed: 'ClientS', fd=216
04-15 09:53:30.864  1542  1750 D InputTransport: Input channel constructed: 'ClientS', fd=1280
04-15 09:53:30.864  1542  1750 D InputTransport: Input channel destroyed: 'ClientS', fd=1280
04-15 09:53:30.864  3756  3756 I HBD     : HoneyBoardService onFinishInput
04-15 09:53:30.864 19294 19459 D InputTransport: Input channel constructed: 'ClientS', fd=133
04-15 09:53:30.864  3756  3756 I HBD     : a IC have been unbinding,  RemoteInputConnection{idHash=#22321a0}
04-15 09:53:30.864  3756  3756 I HBD     : HoneyBoardService [PF_CL][onFinishInput]  0 ms
04-15 09:53:30.864  3756  3756 I HBD     : HoneyBoardService [IMI] onStartInput - caller pid : 19294 , caller uid : 10748
04-15 09:53:30.864  3756  3756 I HBD     : k updateConfigs
04-15 09:53:30.864  3756  3756 I HBD     : k isEnabledNightMode : true
04-15 09:53:30.865  3756  3756 I HBD     : a IC have been binding, RemoteInputConnection{idHash=#e4c1df7}
04-15 09:53:30.865  3756  3756 I HBD     : h [EditorInputType]setPrivateImeOptionsToTable privateImeOptions ( null )
04-15 09:53:30.865  3756  3756 I HBD     : b incognitoMode : false
04-15 09:53:30.865  3756  3756 I HBD     : c needOff = true , isForceOff = false, isNullInputClass : true
04-15 09:53:30.865  3756  3756 I HBD     : h getDefaultInputRange : UNKNOWN
04-15 09:53:30.865  3756  3756 I HBD     : h getDefaultInputRange : UNKNOWN
04-15 09:53:30.865  3756  3756 I HBD     : h getDefaultInputRange : UNKNOWN
04-15 09:53:30.865  3756  3756 I HBD     : c needOff = true , isForceOff = false, isNullInputClass : true
04-15 09:53:30.865  3756  3756 I HBD     : c update cached prediction status : false
04-15 09:53:30.865  3756  3756 I HBD     : h getDefaultInputRange : UNKNOWN
04-15 09:53:30.865  3756  3756 I HBD     : a currentState : 0
04-15 09:53:30.866  3756  3756 I HBD     : a [UpdatePolicy] [post] a: 0 cl: 65538 kit: [0/0] vt: 0 ir: 1
04-15 09:53:30.866  1151  2758 I SurfaceFlinger: id=18655 createSurf, flag=24004, Surface(name=1d7a05f InputMethod)/@0x5f77a9d - animation-leash of insets_animation#18655
04-15 09:53:30.866  2000  2195 I VRI[test]@be3720: mWNT: t=0xb4000074fc776a10 mBlastBufferQueue=0xb40000741d0fe080 fn= 6 HdrRenderState mRenderHdrSdrRatio=1.0 caller= android.view.SyncRtSurfaceTransactionApplier.applyTransaction:100 android.view.SyncRtSurfaceTransactionApplier.lambda$scheduleApply$0:73 android.view.SyncRtSurfaceTransactionApplier.$r8$lambda$afI4fXg3U3-nBZQEDQMiNy-B06s:0
04-15 09:53:30.867  1151  1151 I SurfaceFlinger: [Surface(name=1d7a05f InputMethod)/@0x5f77a9d - animation-leash of insets_animation#18655] attach to parent LayerHierarchy{RequestedLayerState{WindowToken{d080c22 type=2011 android.os.Binder@459a5ed}#120 parentId=15} 2 children}
04-15 09:53:30.867  1542  2101 I ImeTracker: system_server:9ec438fe: onRequestHide at ORIGIN_SERVER reason IME_REQUESTED_CHANGED_LISTENER fromUser false
04-15 09:53:30.867  3756  3756 I HBD     : a [NRIC] resetNoResponseState
04-15 09:53:30.867  3756  3756 I HBD     : c needOff = true , isForceOff = false, isNullInputClass : true
04-15 09:53:30.867  3756  3756 I HBD     : c update cached prediction status : false
04-15 09:53:30.867  3756  3756 I HBD     : b [AiWriter] setContact : com.catfact.app.feature.factdetail.test
04-15 09:53:30.867  3756  3756 I HBD     : a [AiWriter] setContact : com.catfact.app.feature.factdetail.test
04-15 09:53:30.867  1542  1584 I ImeTracker: system_server:9ec438fe: onCancelled at PHASE_SERVER_SHOULD_HIDE
04-15 09:53:30.868  1542  1585 D SurfaceComposerClient: setCornerRadius ## e2a73bf Splash Screen com.catfact.app.feature.factdetail.test#18643 cornerRadius=0.000000
04-15 09:53:30.868  1542  1585 D SurfaceComposerClient: setCornerRadius ## d49fd4a com.catfact.app.feature.factdetail.test/androidx.activity.ComponentActivity#18648 cornerRadius=0.000000
04-15 09:53:30.868  3756  3756 I HBD     : o0 EBD si S 0
04-15 09:53:30.868  3756  3756 I HBD     : r updateContactDBLanguage : 0
04-15 09:53:30.868  3756  3756 I HBD     : a [UpdatePolicy] [post] a: 31 cl: 65538 kit: [0/0] vt: 0 ir: 1
04-15 09:53:30.868  3756  3756 I HBD     : HoneyBoardService [PF_OP][onStartInput]  4 ms
04-15 09:53:30.868  3756  3756 I HBD     : [DirectWriting] DirectWriting emitInputConnection : RemoteInputConnection{idHash=#e4c1df7}
04-15 09:53:30.869  3756  2074 I HBD     : a [SKE_SPECIFIC] specific model[com.catfact.app.feature.factdetail.test] loaded, 884844 ns
04-15 09:53:30.872  1542  3015 I NSLocationMonitor: getGPSUsingApps() called
04-15 09:53:30.872  2982  3043 I NSLocationManager_FLP: getGPSUsingApps, No change
04-15 09:53:30.874  2000  2194 I VRI[test]@be3720: mWNT: t=0xb4000074fc6225d0 mBlastBufferQueue=0xb40000741d0fe080 fn= 7 HdrRenderState mRenderHdrSdrRatio=1.0 caller= android.view.SyncRtSurfaceTransactionApplier.applyTransaction:100 android.view.SyncRtSurfaceTransactionApplier.lambda$scheduleApply$0:73 android.view.SyncRtSurfaceTransactionApplier.$r8$lambda$afI4fXg3U3-nBZQEDQMiNy-B06s:0
04-15 09:53:30.886  1542  1677 I WindowManager: Relayout Window{e2a73bf u0 Splash Screen com.catfact.app.feature.factdetail.test}: viewVisibility=8 req=720x1544 ty=3 d0
04-15 09:53:30.886  1542  1677 D SurfaceComposerClient: setCornerRadius ## d49fd4a com.catfact.app.feature.factdetail.test/androidx.activity.ComponentActivity#18648 cornerRadius=0.000000
04-15 09:53:30.886  1542  1677 D SurfaceComposerClient: setCornerRadius ## e2a73bf Splash Screen com.catfact.app.feature.factdetail.test#18643 cornerRadius=0.000000
04-15 09:53:30.886  1542  1677 D SurfaceComposerClient: setCornerRadius ## d49fd4a com.catfact.app.feature.factdetail.test/androidx.activity.ComponentActivity#18648 cornerRadius=0.000000
04-15 09:53:30.887  1542  1677 I WindowManager: Relayout hash=e2a73bf, pid=2000, syncId=-1: mAttrs={(0,0)(fillxfill) sim={adjust=pan} layoutInDisplayCutoutMode=always ty=APPLICATION_STARTING fmt=TRANSLUCENT wanim=0x1030317
04-15 09:53:30.887  1542  1677 I WindowManager:   fl=81030118
04-15 09:53:30.887  1542  1677 I WindowManager:   pfl=10000810
04-15 09:53:30.887  1542  1677 I WindowManager:   apr=18
04-15 09:53:30.887  1542  1677 I WindowManager:   bhv=1
04-15 09:53:30.887  1542  1677 I WindowManager:   fitSides=0
04-15 09:53:30.887  1542  1677 I WindowManager:   frameRateBoostOnTouch=true
04-15 09:53:30.887  1542  1677 I WindowManager:   dvrrWindowFrameRateHint=true naviIconColor=0}
04-15 09:53:30.887  2000  2120 I VRI[test]@be3720: onActiveControlsChanged, removed=false, mAdded=true, caller=android.view.ViewRootImpl.handleInsetsControlChanged:3002 android.view.ViewRootImpl.relayoutWindow:11629 android.view.ViewRootImpl.performTraversals:4804 android.view.ViewRootImpl.doTraversal:3924 android.view.ViewRootImpl$TraversalRunnable.run:12903
04-15 09:53:30.887  1151  1151 I SurfaceFlinger: RequestedLayer [Surface(name=1d7a05f InputMethod)/@0[...]tion-leash of insets_animation#18655] hidden!! flag  from(1) --> to(0)
04-15 09:53:30.888  1151  1151 E SurfaceFlinger: alpha changed 1.000 -> 0.000 - Surface(name=1d7a05f InputMethod)/@0x5f77a9d - animation-leash of insets_animation#18655
04-15 09:53:30.888  1218  1218 I CameraService: onUidStateChanged: uid=10048, procState is changed. (1 -> 0)
04-15 09:53:30.888  1151  1151 I SurfaceFlinger: [LayerHierarchy{RequestedLayerState{ImeContainer#15 parentId=18642 relativeParentId=18642 z=3} 1 children}] reparent to LayerHierarchy{RequestedLayerState{ActivityRecord{176091740 u0 com.catfact.app.feature.factdetail.test/androidx.activity.ComponentActivity t3876}#18642 parentId=18641} 4 children}
04-15 09:53:30.888  1151  1151 I SurfaceFlinger: [LayerHierarchy{RequestedLayerState{ImeContainer#15 parentId=18642 relativeParentId=18642 z=3} 1 children}] RelativeParent to null
04-15 09:53:30.888  1151  1151 I SurfaceFlinger: [LayerHierarchy{RequestedLayerState{1d7a05f InputMethod#134 parentId=18655} no children}] reparent to LayerHierarchy{RequestedLayerState{Surface(name=1d7a05f InputMethod)/@0x5f77a9d - animation-leash of insets_animation#18655 parentId=120} 1 children}
04-15 09:53:30.888  1151  1151 I SurfaceFlinger: [LayerHierarchy{RequestedLayerState{Surface(name=1d7a05f InputMethod)/@0x5f77a9d - animation-leash of insets_animation#18639} no children}] reparent to OffscreenRoot
04-15 09:53:30.888  1151  1151 I SurfaceFlinger: [LayerHierarchy{RequestedLayerState{Surface(name=1d7a05f InputMethod)/@0x5f77a9d - animation-leash of insets_animation#18639} no children}] RelativeParent to null
04-15 09:53:30.890  2000  2120 I VRI[test]@be3720: Relayout returned: old=(0,0,720,1544) new=(0,0,720,1544) relayoutAsync=false req=(720,1544)8 dur=4 res=0x2 s={false 0x0} ch=true seqId=0
04-15 09:53:30.890  2000  2120 D VRI[test]@be3720: Not drawing due to not visible. Reason=View.GONE
04-15 09:53:30.892  2000  2120 I VRI[test]@be3720: dispatchDetachedFromWindow
04-15 09:53:30.893  1542  1677 D InputTransport: Input channel destroyed: 'e2a73bf', fd=972
04-15 09:53:30.894  1542  1677 D SurfaceComposerClient: setCornerRadius ## d49fd4a com.catfact.app.feature.factdetail.test/androidx.activity.ComponentActivity#18648 cornerRadius=0.000000
04-15 09:53:30.895  1542  1677 D SurfaceComposerClient: setCornerRadius ## d49fd4a com.catfact.app.feature.factdetail.test/androidx.activity.ComponentActivity#18648 cornerRadius=0.000000
04-15 09:53:30.896  1151  1200 I SurfaceFlinger: id=18639 Removed Surface(name=1d7a05f InputMethod)/@0x5f77a9d - animation-leash of insets_animation#18639 (195)
04-15 09:53:30.898  2000  2000 D SystemUIService: SYSUI_RAM_OPTIMIZATION onTrimMemory=20
04-15 09:53:30.898  2000  2000 D CentralSurfaces: SYSUI_RAM_OPTIMIZATION onTrimMemory=20
04-15 09:53:30.900  1542  1585 D SurfaceComposerClient: setCornerRadius ## d49fd4a com.catfact.app.feature.factdetail.test/androidx.activity.ComponentActivity#18648 cornerRadius=0.000000
04-15 09:53:30.900  2000  2196 D HWUI    : CacheManager::trimMemory(20)
04-15 09:53:30.902  2000  2120 D InputTransport: Input channel destroyed: 'e2a73bf', fd=510
04-15 09:53:30.903  1151  1151 I SurfaceFlinger: RequestedLayer [Splash Screen com.catfact.app.feature.factdetail.test$_2000#18644] hidden!! flag  from(0) --> to(1)
04-15 09:53:30.903  1151  1151 I SurfaceFlinger: destroyed Surface(name=1d7a05f InputMethod)/@0x5f77a9d - animation-leash of insets_animation#18639
04-15 09:53:30.904  3756  3756 I InputMethodService: scheduleImeSurfaceRemoval: canceled, mShowInputRequested=false, mWindowVisible=false, IsmWindowNull=false, IsmImeSurfaceRemoverRunnableNotNull=true
04-15 09:53:30.905  1151  1151 I Layer   : id=18639 Destroyed Surface(name=1d7a05f InputMethod)/@0x5f77a9d - animation-leash of insets_animation#18639
04-15 09:53:30.911  1151  1151 D SurfaceFlinger: Display 4633128672291735999 HWC layers:
04-15 09:53:30.911  1151  1151 D SurfaceFlinger:        CLIENT |           17089674871035 | 00002102 | RGBA_8888    |  160.0    0.0  720.0 1544.0 |    0    0  720 1544 | com.google.android.calendar/com.goog[...]AllInOneCalendarActivity$_3979#18633 (29)
04-15 09:53:30.911  1151  1151 D SurfaceFlinger:   SOLID_COLOR |                        0 | 00000000 | N/A          |    0.0    0.0    0.0    0.0 |    0    0  720 1544 | DimTransitionLayer for Surface(name=Task=3876)/@0xadd864d#18646 (0)
04-15 09:53:30.911  1151  1151 D SurfaceFlinger:        DEVICE |           82867099009056 | 00002102 | RGBA_8888    |    0.0    0.0  512.0 1544.0 |  208    0  720 1544 | com.catfact.app.feature.factdetail.t[...]ivity.ComponentActivity$_19294#18651 (1)
04-15 09:53:30.911  1151  1151 D SurfaceFlinger:        DEVICE |            8589934654687 | 00002100 | RGBA_8888    |    0.0    0.0  720.0   50.0 |    0    0  720   50 | StatusBar$_2000#102 (26282)
04-15 09:53:30.911  1151  1151 D SurfaceFlinger:        DEVICE |           10569914518889 | 00002100 | RGBA_8888    |    0.0    0.0   67.0  353.0 |  653  192  720  545 | com.sec.android.app.launcher/com.sam[...]l.app.CocktailBarService$_2461#16495 (1)
04-15 09:53:30.911  1151  1151 D SurfaceFlinger:        DEVICE |            85899346
04-15 09:53:30.911  1151  1151 D SurfaceFlinger: 54691 | 00002100 | RGBA_8888    |    0.0    0.0  720.0   90.0 |    0 1454  720 1544 | NavigationBar0$_2000#98 (17081)
04-15 09:53:30.911  1151  1151 D SurfaceFlinger:
04-15 09:53:30.911  2000  2000 D SamsungLightBarControlHelper: updateStatusBar (WHITE icon) numStacks:1, StatusBarMode:MODE_TRANSPARENT, lightBarBounds:[], StatusBarState:SHADE, packageName:, isWhiteKeyguardStatusBar:false
04-15 09:53:30.912  2000  2000 D SamsungLightBarControlHelper: onStatusBarAppearanceChanged() -  sbModeChanged:false, statusBarMode:0, barState:MODE_TRANSPARENT, isKeyguardShowing:false, navbarColorManagedByIme:false, (AppearanceRegion{ bounds=[0,0][720,1544]}, )
04-15 09:53:30.912  1151  1151 I SurfaceFlinger: [LayerHierarchy{RequestedLayerState{ImeContainer#15 parentId=18642 relativeParentId=18648 z=1} 1 children}] RelativeParent to LayerHierarchy{RequestedLayerState{d49fd4a com.catfact.app.feature.factdetail.test/androidx.activity.ComponentActivity#18648 parentId=18642} 2 children}
04-15 09:53:30.912  1151  1151 I SurfaceFlinger: [LayerHierarchy{RequestedLayerState{e2a73bf Splash Screen com.catfact.app.feature.factdetail.test#18643 z=2147483647} 1 children}] reparent to OffscreenRoot
04-15 09:53:30.912  1151  1151 I SurfaceFlinger: [LayerHierarchy{RequestedLayerState{e2a73bf Splash Screen com.catfact.app.feature.factdetail.test#18643 z=2147483647} 1 children}] RelativeParent to null
04-15 09:53:30.912  1151  1151 I SurfaceFlinger: [LayerHierarchy{RequestedLayerState{Splash Screen com.catfact.app.feature.factdetail.test$_2000#18644} no children}] reparent to OffscreenRoot
04-15 09:53:30.912  1151  1151 I SurfaceFlinger: [LayerHierarchy{RequestedLayerState{Splash Screen com.catfact.app.feature.factdetail.test$_2000#18644} no children}] RelativeParent to null
04-15 09:53:30.912  1151  1151 I SurfaceFlinger: [LayerHierarchy{RequestedLayerState{d49fd4a com.catfact.app.feature.factdetail.test/androidx.activity.ComponentActivity#18648 parentId=18642} 2 children}] reparent to LayerHierarchy{RequestedLayerState{ActivityRecord{176091740 u0 com.catfact.app.feature.factdetail.test/androidx.activity.ComponentActivity t3876}#18642 parentId=18641} 4 children}
04-15 09:53:30.912  1151  1151 I SurfaceFlinger: [LayerHierarchy{RequestedLayerState{Surface(name=d49fd4a com.catfact.app.feature.factdetail.test/androidx.activity.ComponentActivity)/@0xfebb969 - animation-leash of starting_reveal#18654} no children}] reparent to OffscreenRoot
04-15 09:53:30.912  1151  1151 I SurfaceFlinger: [LayerHierarchy{RequestedLayerState{Surface(name=d49fd4a com.catfact.app.feature.factdetail.test/androidx.activity.ComponentActivity)/@0xfebb969 - animation-leash of starting_reveal#18654} no children}] RelativeParent to null
04-15 09:53:31.047  3756  3756 I InputMethodService: removeImeSurface
04-15 09:53:31.047  3756  3756 I InputMethodService: cancelImeSurfaceRemoval: removeCallbacks
04-15 09:53:31.059  1151  1151 D SurfaceFlinger: GPIS:: requestGpisForClientComposition
04-15 09:53:31.069  2461  2461 I HoneySpace.EdgePanel.EdgeVisibilityRepository: getComputedTrayVisible : keyguardState = 1
04-15 09:53:31.069  2461  2461 I HoneySpace.EdgePanel.EdgeVisibilityRepository: updateTrayVisible: State = 0x1, visible = true, current containerState = 0, specificMode = 0
04-15 09:53:31.069  2461  2461 I HoneySpace.EdgePanel.EdgeVisibilityRepository: Same container state 0
04-15 09:53:31.104  3979  3988 I ndroid.calendar: Background concurrent mark compact GC freed 52MB AllocSpace bytes, 2(32KB) LOS objects, 63% free, 27MB/75MB, paused 1.376ms,2.726ms total 107.460ms
04-15 09:53:31.136  1059 19457 I HYPER-HAL: [RequestManager.cpp]releaseLocked(): Released ID : 1223852
04-15 09:53:31.242  1151  1151 D SurfaceFlinger: Display 4633128672291735999 HWC layers:
04-15 09:53:31.242  1151  1151 D SurfaceFlinger:        DEVICE |           82867099009056 | 00002102 | RGBA_8888    |    0.0    0.0  720.0 1544.0 |    0    0  720 1544 | com.catfact.app.feature.factdetail.t[...]ivity.ComponentActivity$_19294#18651 (1)
04-15 09:53:31.242  1151  1151 D SurfaceFlinger:        DEVICE |            8589934654742 | 00002100 | RGBA_8888    |    0.0    0.0  720.0   50.0 |    0    0  720   50 | StatusBar$_2000#102 (26300)
04-15 09:53:31.242  1151  1151 D SurfaceFlinger:        DEVICE |           10569914518889 | 00002100 | RGBA_8888    |    0.0    0.0   67.0  353.0 |  653  192  720  545 | com.sec.android.app.launcher/com.sam[...]l.app.CocktailBarService$_2461#16495 (1)
04-15 09:53:31.242  1151  1151 D SurfaceFlinger:        DEVICE |            8589934654693 | 00002100 | RGBA_8888    |    0.0    0.0  720.0   90.0 |    0 1454  720 1544 | NavigationBar0$_2000#98 (17087)
04-15 09:53:31.242  1151  1151 D SurfaceFlinger:
04-15 09:53:31.242  2000  2105 I SurfaceControlRegistry: apply, t=FinishTransaction_SyncId<1664>, caller=android.view.SurfaceControl$Transaction.apply:3459 android.view.SurfaceControl$Transaction.apply:3447 android.view.SurfaceControl$Transaction.apply:3397 com.android.wm.shell.transition.Transitions.onFinish:315 com.android.wm.shell.transition.Transitions$$ExternalSyntheticLambda7.onTransitionFinished:12 com.android.wm.shell.transition.DefaultTransitionHandler$$ExternalSyntheticLambda2.run:36
04-15 09:53:31.245  1151  1199 I SurfaceFlinger: id=18644 Removed Splash Screen com.catfact.app.feature.factdetail.test$_2000#18644 (194)
04-15 09:53:31.249  2000  2000 D SystemUIService: SYSUI_RAM_OPTIMIZATION onTrimMemory=20
04-15 09:53:31.249  2000  2000 D CentralSurfaces: SYSUI_RAM_OPTIMIZATION onTrimMemory=20
04-15 09:53:31.249  2000  2196 D HWUI    : CacheManager::trimMemory(20)
04-15 09:53:31.250  1151  1151 I SurfaceFlinger: RequestedLayer [Task=3801#16292] hidden!! flag  from(0) --> to(1)
04-15 09:53:31.250  1151  1151 I SurfaceFlinger: [Display 0 name="Built-in Screen"#49] setFrameRateCategory: Default
04-15 09:53:31.250  1151  1151 I SurfaceFlinger: RequestedLayer [com.google.android.calendar/com.goog[...]AllInOneCalendarActivity$_3979#18633] hidden!! flag  from(0) --> to(1)
04-15 09:53:31.250  1151  1151 I SurfaceFlinger: RequestedLayer [ActivityRecord{243114305 u0 com.goog[...]llInOneCalendarActivity t3801}#16293] hidden!! flag  from(0) --> to(1)
04-15 09:53:31.250  1151  1151 I SurfaceFlinger: destroyed Splash Screen com.catfact.app.feature.factdetail.test$_2000#18644
04-15 09:53:31.250  1151  1151 I SurfaceFlinger: [LayerHierarchy{RequestedLayerState{Task=3801#16292 parentId=10 z=12} 1 children}] reparent to LayerHierarchy{RequestedLayerState{DefaultTaskDisplayArea_d0#10 parentId=9} 16 children}
04-15 09:53:31.250  1151  1151 I SurfaceFlinger: [LayerHierarchy{RequestedLayerState{Task=3876#18641 parentId=10 z=13} 2 children}] reparent to LayerHierarchy{RequestedLayerState{DefaultTaskDisplayArea_d0#10 parentId=9} 17 children}
04-15 09:53:31.250  1151  1151 I SurfaceFlinger: [LayerHierarchy{RequestedLayerState{Transition Root: Task=3876#18645 z=13} 1 children}] reparent to OffscreenRoot
04-15 09:53:31.250  1151  1151 I SurfaceFlinger: [LayerHierarchy{RequestedLayerState{Transition Root: Task=3876#18645 z=13} 1 children}] RelativeParent to null
04-15 09:53:31.250  1151  1151 I SurfaceFlinger: [LayerHierarchy{RequestedLayerState{DimTransitionLayer for Surface(name=Task=3876)/@0xadd864d#18646 z=-1} no children}] reparent to OffscreenRoot
04-15 09:53:31.250  1151  1151 I SurfaceFlinger: [LayerHierarchy{RequestedLayerState{DimTransitionLayer for Surface(name=Task=3876)/@0xadd864d#18646 z=-1} no children}] RelativeParent to null
04-15 09:53:31.252  1151  1151 I Layer   : id=18644 Destroyed Splash Screen com.catfact.app.feature.factdetail.test$_2000#18644
04-15 09:53:31.253  1151  1151 I SurfaceFlinger: id=18646 Removed DimTransitionLayer for Surface(name=Task=3876)/@0xadd864d#18646 (193)
04-15 09:53:31.253  1151  1151 I SurfaceFlinger: id=18645 Removed Transition Root: Task=3876#18645 (193)
04-15 09:53:31.253  1151  1151 I SurfaceFlinger: id=18643 Removed e2a73bf Splash Screen com.catfact.app.feature.factdetail.test#18643 (193)
04-15 09:53:31.254  2000  2000 D DisplayLifecycle: updateDisplay id = 0
04-15 09:53:31.255  1542  1585 D SurfaceComposerClient: setCornerRadius ## d49fd4a com.catfact.app.feature.factdetail.test/androidx.activity.ComponentActivity#18648 cornerRadius=0.000000
04-15 09:53:31.256  2000  2125 D StackScroller: onDisplayChanged for predraw skip to 2
04-15 09:53:31.258  1151  1151 I SurfaceFlinger: destroyed e2a73bf Splash Screen com.catfact.app.feature.factdetail.test#18643
04-15 09:53:31.258  1151  1151 I SurfaceFlinger: destroyed Transition Root: Task=3876#18645
04-15 09:53:31.258  1151  1151 I SurfaceFlinger: destroyed DimTransitionLayer for Surface(name=Task=3876)/@0xadd864d#18646
04-15 09:53:31.259  1151  1151 I Layer   : id=18643 Destroyed e2a73bf Splash Screen com.catfact.app.feature.factdetail.test#18643
04-15 09:53:31.259  1151  1151 I Layer   : id=18645 Destroyed Transition Root: Task=3876#18645
04-15 09:53:31.259  1151  1151 I Layer   : id=18646 Destroyed DimTransitionLayer for Surface(name=Task=3876)/@0xadd864d#18646
04-15 09:53:31.260  2461  4179 I HoneySpace.Memory-Monitor: current state = 2, didTrim = false
04-15 09:53:31.263  3979  4808 D HWUI    : CacheManager::trimMemory(20)
04-15 09:53:31.272  3979  3979 I VRI[AllInOneCalendarActivity]@43341c3: handleAppVisibility mAppVisible = true visible = false
04-15 09:53:31.272  3979  3979 D VRI[AllInOneCalendarActivity]@43341c3: visibilityChanged oldVisibility=true newVisibility=false
04-15 09:53:31.275  3979  3979 I VRI[AllInOneCalendarActivity]@43341c3: stopped(true) old = false
04-15 09:53:31.275  3979  3979 D VRI[AllInOneCalendarActivity]@43341c3: WindowStopped on com.google.android.calendar/com.google.android.calendar.allinone.AllInOneCalendarActivity set to true
04-15 09:53:31.276  3979  4808 D HWUI    : CacheManager::trimMemory(20)
04-15 09:53:31.293  3979  4808 D HWUI    : CacheManager::trimMemory(20)
04-15 09:53:31.294  1542  4043 I WindowManager: Relayout Window{2b40e64 u0 com.google.android.calendar/com.google.android.calendar.allinone.AllInOneCalendarActivity}: viewVisibility=8 req=720x1544 ty=1 d0
04-15 09:53:31.295  1542  4043 D SurfaceComposerClient: setCornerRadius ## d49fd4a com.catfact.app.feature.factdetail.test/androidx.activity.ComponentActivity#18648 cornerRadius=0.000000
04-15 09:53:31.295  1542  4043 D SurfaceComposerClient: setCornerRadius ## d49fd4a com.catfact.app.feature.factdetail.test/androidx.activity.ComponentActivity#18648 cornerRadius=0.000000
04-15 09:53:31.295  1542  4043 I WindowManager: Relayout hash=2b40e64, pid=3979, syncId=-1: mAttrs={(0,0)(fillxfill) sim={adjust=pan} layoutInDisplayCutoutMode=always ty=BASE_APPLICATION wanim=0x1030317
04-15 09:53:31.295  1542  4043 I WindowManager:   fl=81810100
04-15 09:53:31.295  1542  4043 I WindowManager:   pfl=100088c0
04-15 09:53:31.295  1542  4043 I WindowManager:   vsysui=700
04-15 09:53:31.295  1542  4043 I WindowManager:   bhv=1
04-15 09:53:31.295  1542  4043 I WindowManager:   fitSides=0
04-15 09:53:31.295  1542  4043 I WindowManager:   frameRateBoostOnTouch=true
04-15 09:53:31.295  1542  4043 I WindowManager:   dvrrWindowFrameRateHint=true naviIconColor=0}
04-15 09:53:31.297  3979  3979 I VRI[AllInOneCalendarActivity]@43341c3: Relayout returned: old=(0,0,720,1544) new=(0,0,720,1544) relayoutAsync=false req=(720,1544)8 dur=3 res=0x2 s={false 0x0} ch=false seqId=0
04-15 09:53:31.297  3979  3979 D VRI[AllInOneCalendarActivity]@43341c3: Not drawing due to not visible. Reason=!mAppVisible && !mForceDecorViewVisibility
04-15 09:53:31.302 19294 19294 I View    : setRequestedFrameRate frameRate=0.0, this=androidx.compose.ui.platform.AndroidComposeView{b0b659 VFED..... ......I. 0,0-720,1544 aid=1073741824}, caller=android.view.ViewGroup.setRequestedFrameRate:9952 androidx.compose.ui.platform.Api35Impl.setRequestedFrameRate:3822 androidx.compose.ui.platform.AndroidComposeView.dispatchDraw:2114 android.view.View.draw:26345 android.view.View.updateDisplayListIfDirty:25175
04-15 09:53:31.302 19294 19294 I View    : setRequestedFrameRate frameRate=-4.0, this=android.view.View{d9c5852 V.ED..... ......I. 0,0-0,0}, caller=androidx.compose.ui.platform.Api35Impl.setRequestedFrameRate:3822 androidx.compose.ui.platform.AndroidComposeView.dispatchDraw:2115 android.view.View.draw:26345 android.view.View.updateDisplayListIfDirty:25175 android.view.View.draw:26072
04-15 09:53:31.302  1542  1582 D PkgPredictorService-SecIpmManagerServiceImpl: bg information pid:3979 uid:10279 pkgName:com.google.android.calendar
04-15 09:53:31.303  3979  3979 D BBA2    : setIsFg isFg = false; delayValue 3999ms
04-15 09:53:31.305 19294 19294 I View    : setRequestedFrameRate frameRate=NaN, this=androidx.compose.ui.platform.AndroidComposeView{b0b659 VFED..... ........ 0,0-720,1544 aid=1073741824}, caller=android.view.ViewGroup.setRequestedFrameRate:9952 androidx.compose.ui.platform.Api35Impl.setRequestedFrameRate:3822 androidx.compose.ui.platform.AndroidComposeView.dispatchDraw:2114 android.view.View.draw:26345 android.view.View.updateDisplayListIfDirty:25175
04-15 09:53:31.305 19294 19294 I View    : setRequestedFrameRate frameRate=-4.0, this=android.view.View{d9c5852 V.ED..... ........ 0,0-0,0}, caller=androidx.compose.ui.platform.Api35Impl.setRequestedFrameRate:3822 androidx.compose.ui.platform.AndroidComposeView.dispatchDraw:2115 android.view.View.draw:26345 android.view.View.updateDisplayListIfDirty:25175 android.view.View.draw:26072
04-15 09:53:31.307  1151  1151 I SurfaceFlinger: [LayerHierarchy{RequestedLayerState{com.google.android.calendar/com.google.android.calendar.allinone.AllInOneCalendarActivity$_3979#18633} no children}] reparent to OffscreenRoot
04-15 09:53:31.307  1151  1151 I SurfaceFlinger: [LayerHierarchy{RequestedLayerState{com.google.android.calendar/com.google.android.calendar.allinone.AllInOneCalendarActivity$_3979#18633} no children}] RelativeParent to null
04-15 09:53:31.308  1151  1151 I SurfaceFlinger: id=18633 Removed com.google.android.calendar/com.google.android.calendar.allinone.AllInOneCalendarActivity$_3979#18633 (190)
04-15 09:53:31.310  1542  3015 W LocationManagerService: onFreezeStateChanged, uid[10250]=false
04-15 09:53:31.315  1151  1151 I SurfaceFlinger: destroyed com.google.android.calendar/com.google.android.calendar.allinone.AllInOneCalendarActivity$_3979#18633
04-15 09:53:31.316  1151  1151 I Layer   : id=18633 Destroyed com.google.android.calendar/com.google.android.calendar.allinone.AllInOneCalendarActivity$_3979#18633
04-15 09:53:31.345  1542  1558 I SemDvfsHyPerManager: acquire hyper - AMS_ACT_START/1542@20, type = -999
04-15 09:53:31.346  1059  1180 I HYPER-HAL: [RequestManager.cpp]acquire(): Acquired ID : 1220723  [1542 / 20]    HINT : AMS_ACT_START    list :
04-15 09:53:31.346  1151  2758 I SurfaceFlinger: id=18656 createSurf, flag=84004, ActivityRecord{11655084 u0 com.catfact.app.feature.factdetail.test/androidx.test.core.app.InstrumentationActivityInvoker$EmptyActivity t3876}#18656
04-15 09:53:31.350  3152  3152 E pageboostd: Received HALT command code 2
04-15 09:53:31.350  2000  2105 D ShellDesktopMode: handleRequest: TransitionRequestInfo {type=1, tid=3876, debugId=1665}
04-15 09:53:31.351 19294 19294 D LifecycleMonitor: Lifecycle status change: androidx.activity.ComponentActivity@536bd04 in: PAUSED
04-15 09:53:31.351 19294 19294 V ActivityScenario: Update currentActivityStage to PAUSED, currentActivity=androidx.activity.ComponentActivity@536bd04
04-15 09:53:31.352  1542  1558 D InputDispatcher: Focused application(0): ActivityRecord{11655084 u0 com.catfact.app.feature.factdetail.test/androidx.test.core.app.InstrumentationActivityInvoker$EmptyActivity t3876}
04-15 09:53:31.353  1542  1558 D GraphicsStatsService: requestRenderEngineFor(com.catfact.app.feature.factdetail.test)
04-15 09:53:31.355 19294 19294 D LifecycleMonitor: Lifecycle status change: androidx.test.core.app.InstrumentationActivityInvoker$EmptyActivity@257b295 in: PRE_ON_CREATE
04-15 09:53:31.355 19294 19294 V ActivityScenario: Activity lifecycle changed event received but ignored because the intent does not match. startActivityIntent=Intent { act=android.intent.action.MAIN cat=[android.intent.category.LAUNCHER] flg=0x10008000 cmp=com.catfact.app.feature.factdetail.test/androidx.activity.ComponentActivity }, activity.getIntent()=Intent { act=android.intent.action.MAIN cat=[android.intent.category.LAUNCHER] flg=0x10000000 xflg=0x4 cmp=com.catfact.app.feature.factdetail.test/androidx.test.core.app.InstrumentationActivityInvoker$EmptyActivity }, activity=androidx.test.core.app.InstrumentationActivityInvoker$EmptyActivity@257b295
04-15 09:53:31.355  2461  2461 I HoneySpace.EdgePanel.CocktailHostRepositoryImpl: onNoteResume
04-15 09:53:31.355  2461  2461 I HoneySpace.EdgePanel.EdgePanelContainerViewModel: cocktailHostRepository.edgePanelOperation NoteResumeComponent(componentName=ComponentInfo{com.catfact.app.feature.factdetail.test/androidx.test.core.app.InstrumentationActivityInvoker$EmptyActivity})
04-15 09:53:31.355  2461  2461 I HoneySpace.EdgePanel.ActivityUtils: HomePackage : com.sec.android.app.launcher, resumePackageName : com.catfact.app.feature.factdetail.test, className : androidx.test.core.app.InstrumentationActivityInvoker$EmptyActivity
04-15 09:53:31.357  1151  1151 I SurfaceFlinger: [Display 0 name="Built-in Screen"#49] setFrameRateCategory: High
04-15 09:53:31.357  1151  1151 I SurfaceFlinger: [ActivityRecord{11655084 u0 com.catfact.app.feature.factdetail.test/androidx.test.core.app.InstrumentationActivityInvoker$EmptyActivity t3876}#18656] attach to parent LayerHierarchy{RequestedLayerState{Task=3876#18641 parentId=10 z=13} 2 children}
04-15 09:53:31.357  1151  1151 I BpBinder: onLastStrongRef automatically unlinking death recipients:
04-15 09:53:31.358 19294 19294 I DecorView: setWindowBackground: isPopOver=false color=ffffffff d=android.graphics.drawable.ColorDrawable@e287277
04-15 09:53:31.358 19294 19294 D LifecycleMonitor: Lifecycle status change: androidx.test.core.app.InstrumentationActivityInvoker$EmptyActivity@257b295 in: CREATED
04-15 09:53:31.358 19294 19294 V ActivityScenario: Activity lifecycle changed event received but ignored because the intent does not match. startActivityIntent=Intent { act=android.intent.action.MAIN cat=[android.intent.category.LAUNCHER] flg=0x10008000 cmp=com.catfact.app.feature.factdetail.test/androidx.activity.ComponentActivity }, activity.getIntent()=Intent { act=android.intent.action.MAIN cat=[android.intent.category.LAUNCHER] flg=0x10000000 xflg=0x4 cmp=com.catfact.app.feature.factdetail.test/androidx.test.core.app.InstrumentationActivityInvoker$EmptyActivity }, activity=androidx.test.core.app.InstrumentationActivityInvoker$EmptyActivity@257b295
04-15 09:53:31.359 19294 19294 D LifecycleMonitor: Lifecycle status change: androidx.test.core.app.InstrumentationActivityInvoker$EmptyActivity@257b295 in: STARTED
04-15 09:53:31.359 19294 19294 V ActivityScenario: Activity lifecycle changed event received but ignored because the intent does not match. startActivityIntent=Intent { act=android.intent.action.MAIN cat=[android.intent.category.LAUNCHER] flg=0x10008000 cmp=com.catfact.app.feature.factdetail.test/androidx.activity.ComponentActivity }, activity.getIntent()=Intent { act=android.intent.action.MAIN cat=[android.intent.category.LAUNCHER] flg=0x10000000 xflg=0x4 cmp=com.catfact.app.feature.factdetail.test/androidx.test.core.app.InstrumentationActivityInvoker$EmptyActivity }, activity=androidx.test.core.app.InstrumentationActivityInvoker$EmptyActivity@257b295
04-15 09:53:31.361 19294 19294 D LifecycleMonitor: Lifecycle status change: androidx.test.core.app.InstrumentationActivityInvoker$EmptyActivity@257b295 in: RESUMED
04-15 09:53:31.361 19294 19294 V ActivityScenario: Activity lifecycle changed event received but ignored because the intent does not match. startActivityIntent=Intent { act=android.intent.action.MAIN cat=[android.intent.category.LAUNCHER] flg=0x10008000 cmp=com.catfact.app.feature.factdetail.test/androidx.activity.ComponentActivity }, activity.getIntent()=Intent { act=android.intent.action.MAIN cat=[android.intent.category.LAUNCHER] flg=0x10000000 xflg=0x4 cmp=com.catfact.app.feature.factdetail.test/androidx.test.core.app.InstrumentationActivityInvoker$EmptyActivity }, activity=androidx.test.core.app.InstrumentationActivityInvoker$EmptyActivity@257b295
04-15 09:53:31.361 19294 19294 D ViewRootImpl: desktopMode is false
04-15 09:53:31.361 19294 19294 I ViewRootImpl: dVRR is disabled
04-15 09:53:31.361 19294 19332 D NativeCustomFrequencyManager: [NativeCFMS] BpCustomFrequencyManager::BpCustomFrequencyManager()
04-15 09:53:31.362  2000  2125 D StackScroller: onDisplayChanged for predraw skip to 2
04-15 09:53:31.362  2000  2000 D DisplayLifecycle: updateDisplay id = 0
04-15 09:53:31.363  2461  4179 I HoneySpace.Memory-Monitor: current state = 2, didTrim = false
04-15 09:53:31.363  1542  4043 D InputTransport: Input channel constructed: 'b6b4cb0', fd=972
04-15 09:53:31.363  1542  4043 D InputTransport: Input channel constructed: 'b6b4cb0', fd=1280
04-15 09:53:31.363  1542  4043 D InputTransport: Input channel constructed: 'b6b4cb0', fd=1309
04-15 09:53:31.363  1542  4043 D InputTransport: Input channel destroyed: 'b6b4cb0', fd=1280
04-15 09:53:31.364  1151  1199 I SurfaceFlinger: id=18657 createSurf, flag=84004, b6b4cb0 com.catfact.app.feature.factdetail.test/androidx.test.core.app.InstrumentationActivityInvoker$EmptyActivity#18657
04-15 09:53:31.365  1542  4043 D InputTransport: Input channel destroyed: 'b6b4cb0', fd=1309
04-15 09:53:31.365  1151  1151 I SurfaceFlinger: [LayerHierarchy{RequestedLayerState{ImeContainer#15 parentId=18642 relativeParentId=18642 z=1} 1 children}] RelativeParent to null
04-15 09:53:31.365  1151  1151 I SurfaceFlinger: [b6b4cb0 com.catfact.app.feature.factdetail.test/androidx.test.core.app.InstrumentationActivityInvoker$EmptyActivity#18657] attach to parent LayerHierarchy{RequestedLayerState{ActivityRecord{11655084 u0 com.catfact.app.feature.factdetail.test/androidx.test.core.app.InstrumentationActivityInvoker$EmptyActivity t3876}#18656 parentId=18641} 1 children}
04-15 09:53:31.365 19294 19294 D InputTransport: Input channel constructed: 'b6b4cb0', fd=144
04-15 09:53:31.366 19294 19294 I InsetsController: onStateChanged: host=com.catfact.app.feature.factdetail.test/androidx.test.core.app.InstrumentationActivityInvoker$EmptyActivity, from=android.view.ViewRootImpl.onInsetsStateChanged:3026, state=InsetsState: {mDisplayFrame=Rect(0, 0 - 720, 1544), mDisplayCutout=DisplayCutout{insets=Rect(0, 50 - 0, 0) waterfall=Insets{left=0, top=0, right=0, bottom=0} boundingRect={Bounds=[Rect(0, 0 - 0, 0), Rect(341, 0 - 379, 50), Rect(0, 0 - 0, 0), Rect(0, 0 - 0, 0)]} cutoutPathParserInfo={CutoutPathParserInfo{displayWidth=720 displayHeight=1544 physicalDisplayWidth=720 physicalDisplayHeight=1544 density={1.875} cutoutSpec={M 0,0 H -10 V 26.66666666666667 H 10 V 0 H 0 Z @dp} rotation={0} scale={1.0} physicalPixelDisplaySizeRatio={1.0}}} sideOverrides={}}, mRoundedCorners=RoundedCorners{[RoundedCorner{position=TopLeft, radius=8, center=Point(8, 8)}, RoundedCorner{position=TopRight, radius=8, center=Point(712, 8)}, RoundedCorner{position=BottomRight, radius=8, center=Point(712, 1536)}, RoundedCorner{position=BottomLeft, radius=8, center=Point(8, 1536)}]}  mRoundedCornerFrame=Rect(0, 0 - 720, 1544), mPrivacyIndicatorBounds=PrivacyIndicatorBounds {static bounds=Rect(637, 0 - 720, 50) rotation=0}, mDisplayShape=DisplayShape{ spec=-311912193 displayWidth=720 displayHeight=1544 physicalPixelDisplaySizeRatio=0.5 rotation=0 offsetX=0 offsetY=0 scale=1.0}, mSources= { InsetsSource: {ec730001 mType=navigationBars mFrame=[0,1454][720,1544] mVisible=true mFlags= mSideHint=BOTTOM mBoundingRects=null}, InsetsSource: {ec730004 mType=systemGestures mFrame=[0,0][0,0] mVisible=true mFlags= mSideHint=NONE mBoundingRects=null}, InsetsSource: {ec730005 mType=mandatorySystemGestures mFrame=[0,1454][720,1544] mVisible=true mFlags= mSideHint=BOTTOM mBoundingRects=null}, InsetsSource: {ec730006 mType=tappableElement mFrame=[0,1454][720,1544] mVisible=true mFlags= mSideHint=BOTTOM mBoundingRects=null}, InsetsSource: {ec730024 mType=systemGestures mFrame=[0,0][0,0] mVisible=true mFlags= mSideHint=NONE mBoundingRects=null}, InsetsSource: {3 mType=ime mFrame=[0,0][0,0] mVisible=false mFlags= mSideHint=NONE mBoundingRects=null}, InsetsSource: {27 mType=displayCutout mFrame=[0,0][720,50] mVisible=true mFlags= mSideHint=TOP mBoundingRects=null}, InsetsSource: {43950000 mType=statusBars mFrame=[0,0][720,50] mVisible=true mFlags= mSideHint=TOP mBoundingRects=null}, InsetsSource: {43950005 mType=mandatorySystemGestures mFrame=[0,0][720,73] mVisible=true mFlags= mSideHint=TOP mBoundingRects=null}, InsetsSource: {43950006 mType=tappableElement mFrame=[0,0][720,50] mVisible=true mFlags= mSideHint=TOP mBoundingRects=null} }
04-15 09:53:31.366 19294 19294 I VRI[InstrumentationActivityInvoker$EmptyActivity]@1c77a02: synced displayState. AttachInfo displayState=2
04-15 09:53:31.366 19294 19294 I VRI[InstrumentationActivityInvoker$EmptyActivity]@1c77a02: setView = com.android.internal.policy.DecorView@9a0e349 IsHRR=false mFlingFrameRateChange=0 TM=true
04-15 09:53:31.367 19294 19332 D HWUI    : HWUI - treat SMPTE_170M as sRGB
04-15 09:53:31.367  3979  3979 W WindowOnBackDispatcher: sendCancelIfRunning: isInProgress=false callback=android.app.Activity$$ExternalSyntheticLambda0@7a9260f
04-15 09:53:31.368  1151  1338 D SurfaceFlinger: [input] setFocusedWindow: <null>
04-15 09:53:31.368  1542  2101 D InputDispatcher: Once focus requested (0): <null>
04-15 09:53:31.368  1542  2101 D InputDispatcher: Focus request (0): <null> but waiting because NO_WINDOW
04-15 09:53:31.368  1542  2101 D InputDispatcher: Focus left window (0): d49fd4a com.catfact.app.feature.factdetail.test/androidx.activity.ComponentActivity
