04-15 09:53:37.207  3756 19672 I HBD     : l writeToFile path : /data/user_de/0/com.samsung.android.honeyboard/files/selected.json
04-15 09:53:37.207  3756 19672 I HBD     : l writeToFile json : {"version":"4.2","currentLanguageOrder":0,"selected":[{"activeOptionList":["auto_replace","auto_spacing","writing_assistant"],"bilingualId":-1,"engName":"English","id":65538,"inputType":"qwerty","isUsed":true},{"activeOptionList":["auto_replace","auto_spacing"],"bilingualId":-1,"engName":"Arabic","id":5308416,"inputType":"qwerty","isUsed":true}]}
04-15 09:53:37.207  3756  3756 I HBD     : l writeToFile path : /data/user/0/com.samsung.android.honeyboard/files/selected.json
04-15 09:53:37.207  3756  3756 I HBD     : l writeToFile json : {"version":"4.2","currentLanguageOrder":0,"selected":[{"activeOptionList":["auto_replace","auto_spacing","writing_assistant"],"bilingualId":-1,"engName":"English","id":65538,"inputType":"qwerty","isUsed":true},{"activeOptionList":["auto_replace","auto_spacing"],"bilingualId":-1,"engName":"Arabic","id":5308416,"inputType":"qwerty","isUsed":true}]}
04-15 09:53:37.208  3756  3756 I HBD     : l writeToFile complete
04-15 09:53:37.208  3756  3756 I HBD     : m normal : updateLanguage : English
04-15 09:53:37.209  3756  3756 I HBD     : g isCoverDisplay : false, cached selected json info : SelectedLanguageInfo(languageVersion=4.2, currentLanguageOrder=0, selectedLanguageList=[SelectedLanguage(id=65538, isUsed=true, engName=English, inputType=qwerty, activeOptionList=[auto_replace, auto_spacing, writing_assistant], bilingualId=-1), SelectedLanguage(id=5308416, isUsed=true, engName=Arabic, inputType=qwerty, activeOptionList=[auto_replace, auto_spacing], bilingualId=-1)])
04-15 09:53:37.209  3756  3756 I HBD     : g isCoverDisplay : false, cached selected json info : SelectedLanguageInfo(languageVersion=4.2, currentLanguageOrder=0, selectedLanguageList=[SelectedLanguage(id=65538, isUsed=true, engName=English, inputType=qwerty, activeOptionList=[auto_replace, auto_spacing, writing_assistant], bilingualId=-1), SelectedLanguage(id=5308416, isUsed=true, engName=Arabic, inputType=qwerty, activeOptionList=[auto_replace, auto_spacing], bilingualId=-1)])
04-15 09:53:37.209  3756  3756 I HBD     : g updateSelectedLanguageCache is succeeded. English
04-15 09:53:37.209  3756  3756 I HBD     : l writeToFile path : /data/user/0/com.samsung.android.honeyboard/files/selected.json
04-15 09:53:37.209  3756 19673 I HBD     : l Write selected lang for DE
04-15 09:53:37.209  3756  3756 I HBD     : l writeToFile json : {"version":"4.2","currentLanguageOrder":0,"selected":[{"activeOptionList":["auto_replace","auto_spacing","writing_assistant"],"bilingualId":-1,"engName":"English","id":65538,"inputType":"qwerty","isUsed":true},{"activeOptionList":["auto_replace","auto_spacing"],"bilingualId":-1,"engName":"Arabic","id":5308416,"inputType":"qwerty","isUsed":true}]}
04-15 09:53:37.209  3756 19673 I HBD     : l writeToFile path : /data/user_de/0/com.samsung.android.honeyboard/files/selected.json
04-15 09:53:37.209  3756 19672 I HBD     : l writeToFile complete
04-15 09:53:37.209  3756 19673 I HBD     : l writeToFile json : {"version":"4.2","currentLanguageOrder":0,"selected":[{"activeOptionList":["auto_replace","auto_spacing","writing_assistant"],"bilingualId":-1,"engName":"English","id":65538,"inputType":"qwerty","isUsed":true},{"activeOptionList":["auto_replace","auto_spacing"],"bilingualId":-1,"engName":"Arabic","id":5308416,"inputType":"qwerty","isUsed":true}]}
04-15 09:53:37.210  3756  3756 I HBD     : l writeToFile complete
04-15 09:53:37.210  2000  2195 I VRI[calendar]@b1f44ea: mWNT: t=0xb4000074fc7daed0 mBlastBufferQueue=0xb40000741d34a520 fn= 7 HdrRenderState mRenderHdrSdrRatio=1.0 caller= android.view.SyncRtSurfaceTransactionApplier.applyTransaction:100 android.view.SyncRtSurfaceTransactionApplier.lambda$scheduleApply$0:73 android.view.SyncRtSurfaceTransactionApplier.$r8$lambda$afI4fXg3U3-nBZQEDQMiNy-B06s:0
04-15 09:53:37.210  1151  1378 I SurfaceFlinger: id=18794 Removed Surface(name=1d7a05f InputMethod)/@0x5f77a9d - animation-leash of insets_animation#18794 (228)
04-15 09:53:37.211  3756  3756 I HBD     : g isCoverDisplay : false, cached selected json info : SelectedLanguageInfo(languageVersion=4.2, currentLanguageOrder=0, selectedLanguageList=[SelectedLanguage(id=65538, isUsed=true, engName=English, inputType=qwerty, activeOptionList=[auto_replace, auto_spacing, writing_assistant], bilingualId=-1), SelectedLanguage(id=5308416, isUsed=true, engName=Arabic, inputType=qwerty, activeOptionList=[auto_replace, auto_spacing], bilingualId=-1)])
04-15 09:53:37.211  3756  3756 I HBD     : g updateSelectedLanguageCache is succeeded. English
04-15 09:53:37.211  3756  3756 I HBD     : l writeToFile path : /data/user/0/com.samsung.android.honeyboard/files/selected.json
04-15 09:53:37.211  3756  3756 I HBD     : l writeToFile json : {"version":"4.2","currentLanguageOrder":0,"selected":[{"activeOptionList":["auto_replace","auto_spacing","writing_assistant"],"bilingualId":-1,"engName":"English","id":65538,"inputType":"qwerty","isUsed":true},{"activeOptionList":["auto_replace","auto_spacing"],"bilingualId":-1,"engName":"Arabic","id":5308416,"inputType":"qwerty","isUsed":true}]}
04-15 09:53:37.212  1542  4043 D SecContentProvider: query(), uri = 17 selection = isSettingsChangesAllowed
04-15 09:53:37.213  3756  3756 I HBD     : l writeToFile complete
04-15 09:53:37.213  1542  4043 D SecContentProvider: query(), uri = 17 selection = isSettingsChangesAllowed
04-15 09:53:37.214  3756  2073 I HBD     : u updated Sub Types. English
04-15 09:53:37.214  3756 19674 I HBD     : l Write selected lang for DE
04-15 09:53:37.214  3756  3756 I HBD     : a [UpdatePolicy] [post] a: 31 cl: 65538 kit: [0/0] vt: 0 ir: 1
04-15 09:53:37.214  3756 19674 I HBD     : l writeToFile path : /data/user_de/0/com.samsung.android.honeyboard/files/selected.json
04-15 09:53:37.214  3756 19674 I HBD     : l writeToFile json : {"version":"4.2","currentLanguageOrder":0,"selected":[{"activeOptionList":["auto_replace","auto_spacing","writing_assistant"],"bilingualId":-1,"engName":"English","id":65538,"inputType":"qwerty","isUsed":true},{"activeOptionList":["auto_replace","auto_spacing"],"bilingualId":-1,"engName":"Arabic","id":5308416,"inputType":"qwerty","isUsed":true}]}
04-15 09:53:37.214  3756  3756 I HBD     : HoneyBoardService [PF_OP][onStartInput]  25 ms
04-15 09:53:37.214  3756  3756 I InputMethodService: scheduleImeSurfaceRemoval: removeImeSurface is posted.
04-15 09:53:37.214  3756  3756 I HBD     : [DirectWriting] DirectWriting emitInputConnection : RemoteInputConnection{idHash=#86bbf18}
04-15 09:53:37.215  1542  1677 D SecContentProvider: query(), uri = 17 selection = isSettingsChangesAllowed
04-15 09:53:37.215  1542  1677 D SecContentProvider: query(), uri = 17 selection = isSettingsChangesAllowed
04-15 09:53:37.215  3756  2074 I HBD     : a [SKE_SPECIFIC] specific model[com.google.android.calendar] loaded, 831289 ns
04-15 09:53:37.216  3756 30781 I HBD     : u updated Sub Types. English
04-15 09:53:37.216  3756 19673 I HBD     : l writeToFile complete
04-15 09:53:37.216  3756 19676 I HBD     : l Write selected lang for DE
04-15 09:53:37.216  3756 19676 I HBD     : l writeToFile path : /data/user_de/0/com.samsung.android.honeyboard/files/selected.json
04-15 09:53:37.216  3756 19676 I HBD     : l writeToFile json : {"version":"4.2","currentLanguageOrder":0,"selected":[{"activeOptionList":["auto_replace","auto_spacing","writing_assistant"],"bilingualId":-1,"engName":"English","id":65538,"inputType":"qwerty","isUsed":true},{"activeOptionList":["auto_replace","auto_spacing"],"bilingualId":-1,"engName":"Arabic","id":5308416,"inputType":"qwerty","isUsed":true}]}
04-15 09:53:37.218  1542  1677 I WindowManager: Relayout Window{267bfe3 u0 Splash Screen com.google.android.calendar}: viewVisibility=8 req=720x1544 ty=3 d0
04-15 09:53:37.218  1542  1677 D SurfaceComposerClient: setCornerRadius ## 2483cb1 com.google.android.calendar/com.google.android.calendar.allinone.AllInOneCalendarActivity#18806 cornerRadius=0.000000
04-15 09:53:37.218  1542  1677 D SurfaceComposerClient: setCornerRadius ## 267bfe3 Splash Screen com.google.android.calendar#18802 cornerRadius=0.000000
04-15 09:53:37.218  1542  1677 D SurfaceComposerClient: setCornerRadius ## 2483cb1 com.google.android.calendar/com.google.android.calendar.allinone.AllInOneCalendarActivity#18806 cornerRadius=0.000000
04-15 09:53:37.218  1151  1151 I SurfaceFlinger: destroyed Surface(name=1d7a05f InputMethod)/@0x5f77a9d - animation-leash of insets_animation#18794
04-15 09:53:37.219  1542  1677 I WindowManager: Relayout hash=267bfe3, pid=2000, syncId=-1: mAttrs={(0,0)(fillxfill) sim={adjust=pan} layoutInDisplayCutoutMode=always ty=APPLICATION_STARTING fmt=TRANSLUCENT wanim=0x1030317
04-15 09:53:37.219  1542  1677 I WindowManager:   fl=81030118
04-15 09:53:37.219  1542  1677 I WindowManager:   pfl=10000810
04-15 09:53:37.219  1542  1677 I WindowManager:   bhv=1
04-15 09:53:37.219  1542  1677 I WindowManager:   fitSides=0
04-15 09:53:37.219  1542  1677 I WindowManager:   frameRateBoostOnTouch=true
04-15 09:53:37.219  1542  1677 I WindowManager:   dvrrWindowFrameRateHint=true naviIconColor=0}
04-15 09:53:37.219  3756 19675 I HBD     : b InputMethodSubtype is set as local:en_GB
04-15 09:53:37.219  2000  2120 I VRI[calendar]@b1f44ea: onActiveControlsChanged, removed=false, mAdded=true, caller=android.view.ViewRootImpl.handleInsetsControlChanged:3002 android.view.ViewRootImpl.relayoutWindow:11629 android.view.ViewRootImpl.performTraversals:4804 android.view.ViewRootImpl.doTraversal:3924 android.view.ViewRootImpl$TraversalRunnable.run:12903
04-15 09:53:37.220  2000  2120 I VRI[calendar]@b1f44ea: Relayout returned: old=(0,0,720,1544) new=(0,0,720,1544) relayoutAsync=false req=(720,1544)8 dur=3 res=0x2 s={false 0x0} ch=true seqId=0
04-15 09:53:37.220  2000  2120 D VRI[calendar]@b1f44ea: Not drawing due to not visible. Reason=View.GONE
04-15 09:53:37.220  2000  2120 I VRI[calendar]@b1f44ea: dispatchDetachedFromWindow
04-15 09:53:37.220  1542  1677 D InputTransport: Input channel destroyed: '267bfe3', fd=972
04-15 09:53:37.221  1542  1677 D SurfaceComposerClient: setCornerRadius ## 2483cb1 com.google.android.calendar/com.google.android.calendar.allinone.AllInOneCalendarActivity#18806 cornerRadius=0.000000
04-15 09:53:37.221  1542  1677 D SurfaceComposerClient: setCornerRadius ## 2483cb1 com.google.android.calendar/com.google.android.calendar.allinone.AllInOneCalendarActivity#18806 cornerRadius=0.000000
04-15 09:53:37.221  1151  1151 I Layer   : id=18794 Destroyed Surface(name=1d7a05f InputMethod)/@0x5f77a9d - animation-leash of insets_animation#18794
04-15 09:53:37.221  2000  2120 D InputTransport: Input channel destroyed: '267bfe3', fd=695
04-15 09:53:37.222  1542  1585 D SurfaceComposerClient: setCornerRadius ## 2483cb1 com.google.android.calendar/com.google.android.calendar.allinone.AllInOneCalendarActivity#18806 cornerRadius=0.000000
04-15 09:53:37.225  3756 19678 I HBD     : b InputMethodSubtype is set as local:en_GB
04-15 09:53:37.227  1542  1585 D SurfaceComposerClient: setCornerRadius ## 2483cb1 com.google.android.calendar/com.google.android.calendar.allinone.AllInOneCalendarActivity#18806 cornerRadius=0.000000
04-15 09:53:37.228  1218  1218 I CameraService: onUidStateChanged: uid=10048, procState is changed. (1 -> 0)
04-15 09:53:37.232  1059  1180 I HYPER-HAL: [RequestManager.cpp]releaseLocked(): Released ID : 1219160
04-15 09:53:37.233  2000  2000 D SystemUIService: SYSUI_RAM_OPTIMIZATION onTrimMemory=20
04-15 09:53:37.233  2000  2000 D CentralSurfaces: SYSUI_RAM_OPTIMIZATION onTrimMemory=20
04-15 09:53:37.233  2000  2196 D HWUI    : CacheManager::trimMemory(20)
04-15 09:53:37.234  3756 19676 I HBD     : l writeToFile complete
04-15 09:53:37.234  3756 19674 E AtomicFile: Failed to rename /data/user_de/0/com.samsung.android.honeyboard/files/selected.json.new to /data/user_de/0/com.samsung.android.honeyboard/files/selected.json
04-15 09:53:37.234  3756 19674 I HBD     : l writeToFile complete
04-15 09:53:37.234  1151  1151 I SurfaceFlinger: RequestedLayer [Splash Screen com.google.android.calendar$_2000#18803] hidden!! flag  from(0) --> to(1)
04-15 09:53:37.235  1151  1151 I SurfaceFlinger: [LayerHierarchy{RequestedLayerState{2483cb1 com.google.android.calendar/com.google.android.calendar.allinone.AllInOneCalendarActivity#18806 parentId=16293} 1 children}] reparent to LayerHierarchy{RequestedLayerState{ActivityRecord{243114305 u0 com.google.android.calendar/.allinone.AllInOneCalendarActivity t3801}#16293 parentId=16292} 5 children}
04-15 09:53:37.235  1151  1151 I SurfaceFlinger: [LayerHierarchy{RequestedLayerState{Surface(name=2483cb1 com.google.android.calendar/com.google.android.calendar.allinone.AllInOneCalendarActivity)/@0x8ebe794 - animation-leash of starting_reveal#18812} no children}] reparent to OffscreenRoot
04-15 09:53:37.235  1151  1151 I SurfaceFlinger: [LayerHierarchy{RequestedLayerState{Surface(name=2483cb1 com.google.android.calendar/com.google.android.calendar.allinone.AllInOneCalendarActivity)/@0x8ebe794 - animation-leash of starting_reveal#18812} no children}] RelativeParent to null
04-15 09:53:37.240  3979  3988 I ndroid.calendar: Background concurrent mark compact GC freed 47MB AllocSpace bytes, 0(0B) LOS objects, 66% free, 23MB/71MB, paused 2.181ms,3.288ms total 115.777ms
04-15 09:53:37.243  1151  1151 D SurfaceFlinger: Display 4633128672291735999 HWC layers:
04-15 09:53:37.243  1151  1151 D SurfaceFlinger:        DEVICE |           17089674871053 | 00002102 | RGBA_8888    |    0.0    0.0  720.0 1544.0 |    0    0  720 1544 | com.google.android.calendar/com.goog[...]AllInOneCalendarActivity$_3979#18807 (3)
04-15 09:53:37.243  1151  1151 D SurfaceFlinger:        CLIENT |           82867099009092 | 00002102 | RGBA_8888    |    0.0    0.0    1.0 1544.0 |  719    0  720 1544 | com.catfact.app.feature.factdetail.t[...]tyInvoker$EmptyActivity$_19294#18797 (1)
04-15 09:53:37.243  1151  1151 D SurfaceFlinger:        DEVICE |            8589934654742 | 00002100 | RGBA_8888    |    0.0    0.0  720.0   50.0 |    0    0  720   50 | StatusBar$_2000#102 (26432)
04-15 09:53:37.243  1151  1151 D SurfaceFlinger:        DEVICE |           10569914518889 | 00002100 | RGBA_8888    |    0.0    0.0   67.0  353.0 |  653  192  720  545 | com.sec.android.app.launcher/com.sam[...]l.app.CocktailBarService$_2461#16495 (1)
04-15 09:53:37.243  1151  1151 D SurfaceFlinger:        DEVICE |            8589934654693 | 00002100 | RGBA_8888    |    0.0    0.0  720.0   90.0 |    0 1454  720 1544 | NavigationBar0$_2000#98 (17227)
04-15 09:53:37.243  1151  1151 D SurfaceFlinger:
04-15 09:53:37.261  2000  2105 I SurfaceControlRegistry: apply, t=FinishTransaction_SyncId<1678>, caller=android.view.SurfaceControl$Transaction.apply:3459 android.view.SurfaceControl$Transaction.apply:3447 android.view.SurfaceControl$Transaction.apply:3397 com.android.wm.shell.transition.Transitions.onFinish:315 com.android.wm.shell.transition.Transitions$$ExternalSyntheticLambda7.onTransitionFinished:12 com.android.wm.shell.transition.DefaultTransitionHandler$$ExternalSyntheticLambda2.run:36
04-15 09:53:37.265  1542  4025 D SurfaceComposerClient: setCornerRadius ## 2483cb1 com.google.android.calendar/com.google.android.calendar.allinone.AllInOneCalendarActivity#18806 cornerRadius=0.000000
04-15 09:53:37.265  1542  4025 D SurfaceComposerClient: setCornerRadius ## 2483cb1 com.google.android.calendar/com.google.android.calendar.allinone.AllInOneCalendarActivity#18806 cornerRadius=0.000000
04-15 09:53:37.267  2000  2000 D SystemUIService: SYSUI_RAM_OPTIMIZATION onTrimMemory=20
04-15 09:53:37.268  1151  1151 D SurfaceFlinger: Display 4633128672291735999 HWC layers:
04-15 09:53:37.268  1151  1151 D SurfaceFlinger:        DEVICE |           17089674871055 | 00002102 | RGBA_8888    |    0.0    0.0  720.0 1544.0 |    0    0  720 1544 | com.google.android.calendar/com.goog[...]AllInOneCalendarActivity$_3979#18807 (5)
04-15 09:53:37.268  1151  1151 D SurfaceFlinger:        DEVICE |            8589934654742 | 00002100 | RGBA_8888    |    0.0    0.0  720.0   50.0 |    0    0  720   50 | StatusBar$_2000#102 (26432)
04-15 09:53:37.268  1151  1151 D SurfaceFlinger:        DEVICE |           10569914518889 | 00002100 | RGBA_8888    |    0.0    0.0   67.0  353.0 |  653  192  720  545 | com.sec.android.app.launcher/com.sam[...]l.app.CocktailBarService$_2461#16495 (1)
04-15 09:53:37.268  1151  1151 D SurfaceFlinger:        DEVICE |            8589934654693 | 00002100 | RGBA_8888    |    0.0    0.0  720.0   90.0 |    0 1454  720 1544 | NavigationBar0$_2000#98 (17227)
04-15 09:53:37.268  1151  1151 D SurfaceFlinger:
04-15 09:53:37.269  1151  1151 I SurfaceFlinger: RequestedLayer [Task=3880#18780] hidden!! flag  from(0) --> to(1)
04-15 09:53:37.269  1151  1151 I SurfaceFlinger: [Display 0 name="Built-in Screen"#49] setFrameRateCategory: Default
04-15 09:53:37.269  1151  1151 I SurfaceFlinger: RequestedLayer [com.catfact.app.feature.factdetail.t[...]tyInvoker$EmptyActivity$_19294#18797] hidden!! flag  from(0) --> to(1)
04-15 09:53:37.269  1151  1151 I SurfaceFlinger: RequestedLayer [ActivityRecord{264895561 u0 com.catf[...]tyInvoker$EmptyActivity t3880}#18795] hidden!! flag  from(0) --> to(1)
04-15 09:53:37.269  1151  1151 I SurfaceFlinger: [LayerHierarchy{RequestedLayerState{ImeContainer#15 parentId=16293 relativeParentId=18806 z=1} 1 children}] RelativeParent to LayerHierarchy{RequestedLayerState{2483cb1 com.google.android.calendar/com.google.android.calendar.allinone.AllInOneCalendarActivity#18806 parentId=16293} 2 children}
04-15 09:53:37.269  1151  1151 I SurfaceFlinger: [LayerHierarchy{RequestedLayerState{Task=3801#16292 parentId=10 z=13} 1 children}] reparent to LayerHierarchy{RequestedLayerState{DefaultTaskDisplayArea_d0#10 parentId=9} 16 children}
04-15 09:53:37.269  1151  1151 I SurfaceFlinger: [LayerHierarchy{RequestedLayerState{Task=3880#18780 parentId=10 z=12} 3 children}] reparent to LayerHierarchy{RequestedLayerState{DefaultTaskDisplayArea_d0#10 parentId=9} 17 children}
04-15 09:53:37.269  1151  1151 I SurfaceFlinger: [LayerHierarchy{RequestedLayerState{267bfe3 Splash Screen com.google.android.calendar#18802 z=2147483647} 1 children}] reparent to OffscreenRoot
04-15 09:53:37.269  1151  1151 I SurfaceFlinger: [LayerHierarchy{RequestedLayerState{267bfe3 Splash Screen com.google.android.calendar#18802 z=2147483647} 1 children}] RelativeParent to null
04-15 09:53:37.269  1151  1151 I SurfaceFlinger: [LayerHierarchy{RequestedLayerState{Splash Screen com.google.android.calendar$_2000#18803} no children}] reparent to OffscreenRoot
04-15 09:53:37.269  1151  1151 I SurfaceFlinger: [LayerHierarchy{RequestedLayerState{Splash Screen com.google.android.calendar$_2000#18803} no children}] RelativeParent to null
04-15 09:53:37.270  1151  1151 I SurfaceFlinger: [LayerHierarchy{RequestedLayerState{Transition Root: Task=3801#18804 z=13} 1 children}] reparent to OffscreenRoot
04-15 09:53:37.270  1151  1151 I SurfaceFlinger: [LayerHierarchy{RequestedLayerState{Transition Root: Task=3801#18804 z=13} 1 children}] RelativeParent to null
04-15 09:53:37.270  1151  1151 I SurfaceFlinger: [LayerHierarchy{RequestedLayerState{DimTransitionLayer for Surface(name=Task=3880)/@0xc2d4189#18805 z=-1} no children}] reparent to OffscreenRoot
04-15 09:53:37.270  1151  1151 I SurfaceFlinger: [LayerHierarchy{RequestedLayerState{DimTransitionLayer for Surface(name=Task=3880)/@0xc2d4189#18805 z=-1} no children}] RelativeParent to null
04-15 09:53:37.270 19294 19294 I VRI[ComponentActivity]@8505179: stopped(true) old = false
04-15 09:53:37.271 19294 19294 D VRI[ComponentActivity]@8505179: WindowStopped on com.catfact.app.feature.factdetail.test/androidx.activity.ComponentActivity set to true
04-15 09:53:37.271  2000  2000 D CentralSurfaces: SYSUI_RAM_OPTIMIZATION onTrimMemory=20
04-15 09:53:37.272  1542  1582 D PkgPredictorService-SecIpmManagerServiceImpl: bg information pid:19294 uid:10748 pkgName:com.catfact.app.feature.factdetail.test
04-15 09:53:37.272  1151  1151 I SurfaceFlinger: id=18803 Removed Splash Screen com.google.android.calendar$_2000#18803 (227)
04-15 09:53:37.272  1151  1151 I SurfaceFlinger: id=18805 Removed DimTransitionLayer for Surface(name=Task=3880)/@0xc2d4189#18805 (227)
04-15 09:53:37.273  1151  1151 I SurfaceFlinger: id=18804 Removed Transition Root: Task=3801#18804 (227)
04-15 09:53:37.273  1151  1151 I SurfaceFlinger: id=18802 Removed 267bfe3 Splash Screen com.google.android.calendar#18802 (227)
04-15 09:53:37.275  2000  2000 D DisplayLifecycle: updateDisplay id = 0
04-15 09:53:37.275  2461  4418 I HoneySpace.Memory-Monitor: current state = 2, didTrim = false
04-15 09:53:37.275  2000  2125 D StackScroller: onDisplayChanged for predraw skip to 2
04-15 09:53:37.276 19294 19294 D LifecycleMonitor: Lifecycle status change: androidx.activity.ComponentActivity@2d5251a in: STOPPED
04-15 09:53:37.276 19294 19294 V ActivityScenario: Update currentActivityStage to STOPPED, currentActivity=androidx.activity.ComponentActivity@2d5251a
04-15 09:53:37.277  1151  1151 I SurfaceFlinger: destroyed 267bfe3 Splash Screen com.google.android.calendar#18802
04-15 09:53:37.277  1151  1151 I SurfaceFlinger: destroyed Splash Screen com.google.android.calendar$_2000#18803
04-15 09:53:37.277  1151  1151 I SurfaceFlinger: destroyed Transition Root: Task=3801#18804
04-15 09:53:37.277  1151  1151 I SurfaceFlinger: destroyed DimTransitionLayer for Surface(name=Task=3880)/@0xc2d4189#18805
04-15 09:53:37.277  2000  2196 D HWUI    : CacheManager::trimMemory(20)
04-15 09:53:37.279  1151  1151 I Layer   : id=18802 Destroyed 267bfe3 Splash Screen com.google.android.calendar#18802
04-15 09:53:37.279  1151  1151 I Layer   : id=18803 Destroyed Splash Screen com.google.android.calendar$_2000#18803
04-15 09:53:37.279  1151  1151 I Layer   : id=18804 Destroyed Transition Root: Task=3801#18804
04-15 09:53:37.279  1151  1151 I Layer   : id=18805 Destroyed DimTransitionLayer for Surface(name=Task=3880)/@0xc2d4189#18805
04-15 09:53:37.284  1542  1585 D SurfaceComposerClient: setCornerRadius ## 2483cb1 com.google.android.calendar/com.google.android.calendar.allinone.AllInOneCalendarActivity#18806 cornerRadius=0.000000
04-15 09:53:37.291 19294 19294 W WindowOnBackDispatcher: sendCancelIfRunning: isInProgress=false callback=android.app.Activity$$ExternalSyntheticLambda0@2fb8c35
04-15 09:53:37.292 19294 19294 D LifecycleMonitor: Lifecycle status change: androidx.activity.ComponentActivity@2d5251a in: DESTROYED
04-15 09:53:37.292 19294 19294 V ActivityScenario: Update currentActivityStage to DESTROYED, currentActivity=null
04-15 09:53:37.293 19294 19294 D ViewRootImpl: Skipping stats log for color mode
04-15 09:53:37.293 19294 19294 I VRI[ComponentActivity]@8505179: dispatchDetachedFromWindow
04-15 09:53:37.293  1542  2161 D InputTransport: Input channel destroyed: 'f1cb24 ', fd=808
04-15 09:53:37.294  1542  2161 D SurfaceComposerClient: setCornerRadius ## 2483cb1 com.google.android.calendar/com.google.android.calendar.allinone.AllInOneCalendarActivity#18806 cornerRadius=0.000000
04-15 09:53:37.294  1542  2161 D SurfaceComposerClient: setCornerRadius ## 2483cb1 com.google.android.calendar/com.google.android.calendar.allinone.AllInOneCalendarActivity#18806 cornerRadius=0.000000
04-15 09:53:37.296 19294 19294 D InputTransport: Input channel destroyed: 'f1cb24 ', fd=126
04-15 09:53:37.298 19294 19294 I VRI[InstrumentationActivityInvoker$EmptyActivity]@91c9324: stopped(true) old = false
04-15 09:53:37.298 19294 19294 D VRI[InstrumentationActivityInvoker$EmptyActivity]@91c9324: WindowStopped on com.catfact.app.feature.factdetail.test/androidx.test.core.app.InstrumentationActivityInvoker$EmptyActivity set to true
04-15 09:53:37.298  1151  1378 I SurfaceFlinger: id=18787 Removed 9d6b0e7 ActivityRecordInputSink com.catfact.app.feature.factdetail.test/androidx.activity.ComponentActivity#18787 (223)
04-15 09:53:37.298 19294 19332 D HWUI    : CacheManager::trimMemory(20)
04-15 09:53:37.307 19294 19294 D LifecycleMonitor: Lifecycle status change: androidx.test.core.app.InstrumentationActivityInvoker$EmptyActivity@89097bf in: STOPPED
04-15 09:53:37.308  1151  1151 I SurfaceFlinger: [LayerHierarchy{RequestedLayerState{f1cb24 com.catfact.app.feature.factdetail.test/androidx.activity.ComponentActivity#18786} 1 children}] reparent to OffscreenRoot
04-15 09:53:37.308  1151  1151 I SurfaceFlinger: [LayerHierarchy{RequestedLayerState{f1cb24 com.catfact.app.feature.factdetail.test/androidx.activity.ComponentActivity#18786} 1 children}] RelativeParent to null
04-15 09:53:37.308  1151  1151 I SurfaceFlinger: [LayerHierarchy{RequestedLayerState{com.catfact.app.feature.factdetail.test/androidx.activity.ComponentActivity$_19294#18790} no children}] reparent to OffscreenRoot
04-15 09:53:37.308  1151  1151 I SurfaceFlinger: [LayerHierarchy{RequestedLayerState{com.catfact.app.feature.factdetail.test/androidx.activity.ComponentActivity$_19294#18790} no children}] RelativeParent to null
04-15 09:53:37.308  1151  1151 I SurfaceFlinger: [LayerHierarchy{RequestedLayerState{ActivityRecord{58956605 u0 com.catfact.app.feature.factdetail.test/androidx.activity.ComponentActivity t3880}#18781} 1 children}] reparent to OffscreenRoot
04-15 09:53:37.308  1151  1151 I SurfaceFlinger: [LayerHierarchy{RequestedLayerState{ActivityRecord{58956605 u0 com.catfact.app.feature.factdetail.test/androidx.activity.ComponentActivity t3880}#18781} 1 children}] RelativeParent to null
04-15 09:53:37.308 19294 19294 W WindowOnBackDispatcher: sendCancelIfRunning: isInProgress=false callback=android.app.Activity$$ExternalSyntheticLambda0@87fc689
04-15 09:53:37.310  1151  1151 I SurfaceFlinger: id=18786 Removed f1cb24 com.catfact.app.feature.factdetail.test/androidx.activity.ComponentActivity#18786 (223)
04-15 09:53:37.310  1151  1151 I SurfaceFlinger: id=18790 Removed com.catfact.app.feature.factdetail.test/androidx.activity.ComponentActivity$_19294#18790 (223)
04-15 09:53:37.310 19294 19294 D LifecycleMonitor: Lifecycle status change: androidx.test.core.app.InstrumentationActivityInvoker$EmptyActivity@89097bf in: DESTROYED
04-15 09:53:37.313 19294 19332 D HWUI    : CacheManager::trimMemory(20)
04-15 09:53:37.316  1151  1151 I SurfaceFlinger: destroyed f1cb24 com.catfact.app.feature.factdetail.test/androidx.activity.ComponentActivity#18786
04-15 09:53:37.316  1151  1151 I SurfaceFlinger: destroyed com.catfact.app.feature.factdetail.test/androidx.activity.ComponentActivity$_19294#18790
04-15 09:53:37.316 19294 19294 D ViewRootImpl: Skipping stats log for color mode
04-15 09:53:37.316 19294 19294 I VRI[InstrumentationActivityInvoker$EmptyActivity]@91c9324: dispatchDetachedFromWindow
04-15 09:53:37.317  1542  2161 D InputTransport: Input channel destroyed: 'b6ccf80', fd=874
04-15 09:53:37.318  1542  2161 D SurfaceComposerClient: setCornerRadius ## 2483cb1 com.google.android.calendar/com.google.android.calendar.allinone.AllInOneCalendarActivity#18806 cornerRadius=0.000000
04-15 09:53:37.318  1151  1151 I Layer   : id=18786 Destroyed f1cb24 com.catfact.app.feature.factdetail.test/androidx.activity.ComponentActivity#18786
04-15 09:53:37.318  1151  1151 I Layer   : id=18790 Destroyed com.catfact.app.feature.factdetail.test/androidx.activity.ComponentActivity$_19294#18790
04-15 09:53:37.318  1542  2161 D SurfaceComposerClient: setCornerRadius ## 2483cb1 com.google.android.calendar/com.google.android.calendar.allinone.AllInOneCalendarActivity#18806 cornerRadius=0.000000
04-15 09:53:37.319 19294 19294 D InputTransport: Input channel destroyed: 'b6ccf80', fd=144
04-15 09:53:37.320 19294 19315 D IdlingRegistry: Unregistering idling resources: [androidx.compose.ui.test.EspressoLink@5b81636]
04-15 09:53:37.320 19294 19294 I VRI[InstrumentationActivityInvoker$EmptyActivity]@91c9324: handleAppVisibility mAppVisible = true visible = false
04-15 09:53:37.321  1151  2479 I SurfaceFlinger: id=18814 createSurf, flag=24004, Task=3880#18814
04-15 09:53:37.323  1151  1199 I SurfaceFlinger: id=18801 Removed 90af013 ActivityRecordInputSink com.catfact.app.feature.factdetail.test/androidx.test.core.app.InstrumentationActivityInvoker$EmptyActivity#18801 (222)
04-15 09:53:37.324  1151  1151 I SurfaceFlinger: [Task=3880#18814] attach to parent Root
04-15 09:53:37.325 19294 19315 I TestRunner: finished: contentStateDisplaysFactText(com.catfact.app.feature.factdetail.presentation.DetailScreenTest)
