04-15 09:53:35.323 19294 19294 I View    : setRequestedFrameRate frameRate=-4.0, this=android.view.View{758797 V.ED..... ........ 0,0-0,0}, caller=androidx.compose.ui.platform.Api35Impl.setRequestedFrameRate:3822 androidx.compose.ui.platform.AndroidComposeView.dispatchDraw:2115 android.view.View.draw:26345 android.view.View.updateDisplayListIfDirty:25175 android.view.View.draw:26072
04-15 09:53:35.325  3979  3979 W WindowOnBackDispatcher: sendCancelIfRunning: isInProgress=false callback=android.app.Activity$$ExternalSyntheticLambda0@71c108f
04-15 09:53:35.337  3979  4808 D HWUI    : CacheManager::trimMemory(20)
04-15 09:53:35.338  3979  3979 D ViewRootImpl: Skipping stats log for color mode
04-15 09:53:35.338  3979  3979 I VRI[AllInOneCalendarActivity]@726e443: dispatchDetachedFromWindow
04-15 09:53:35.339  1542  2161 D InputTransport: Input channel destroyed: '1533b57', fd=1041
04-15 09:53:35.339  1542  2161 D SurfaceComposerClient: setCornerRadius ## a40f3b6 com.catfact.app.feature.factdetail.test/androidx.activity.ComponentActivity#18751 cornerRadius=0.000000
04-15 09:53:35.340  1542  2161 D SurfaceComposerClient: setCornerRadius ## a40f3b6 com.catfact.app.feature.factdetail.test/androidx.activity.ComponentActivity#18751 cornerRadius=0.000000
04-15 09:53:35.340  3979  3979 D InputTransport: Input channel destroyed: '1533b57', fd=170
04-15 09:53:35.341  3979  3979 D BBA2    : setIsFg isFg = false; delayValue 3999ms
04-15 09:53:35.348 19505 19555 W android.youtube: Long monitor contention with owner BG Thread #14 (19597) at com.google.android.libraries.elements.interfaces.ResourceLoader aplz.a()(PG:974) waiters=0 in com.google.android.libraries.elements.interfaces.ResourceLoader aplz.a() for 159ms
04-15 09:53:35.349  1151  1151 I SurfaceFlinger: [LayerHierarchy{RequestedLayerState{1533b57 com.google.android.calendar/com.google.android.calendar.allinone.AllInOneCalendarActivity#18738} no children}] reparent to OffscreenRoot
04-15 09:53:35.349  1151  1151 I SurfaceFlinger: [LayerHierarchy{RequestedLayerState{1533b57 com.google.android.calendar/com.google.android.calendar.allinone.AllInOneCalendarActivity#18738} no children}] RelativeParent to null
04-15 09:53:35.349  1151  1151 I SurfaceFlinger: id=18738 Removed 1533b57 com.google.android.calendar/com.google.android.calendar.allinone.AllInOneCalendarActivity#18738 (210)
04-15 09:53:35.357  1151  1151 I SurfaceFlinger: destroyed 1533b57 com.google.android.calendar/com.google.android.calendar.allinone.AllInOneCalendarActivity#18738
04-15 09:53:35.358  1151  1151 I Layer   : id=18738 Destroyed 1533b57 com.google.android.calendar/com.google.android.calendar.allinone.AllInOneCalendarActivity#18738
04-15 09:53:35.364  1542  1558 I SemDvfsHyPerManager: acquire hyper - AMS_ACT_START/1542@20, type = -999
04-15 09:53:35.364  1059  1180 I HYPER-HAL: [RequestManager.cpp]acquire(): Acquired ID : 1220723  [1542 / 20]    HINT : AMS_ACT_START    list :
04-15 09:53:35.365  1151  1378 I SurfaceFlinger: id=18760 createSurf, flag=84004, ActivityRecord{182827332 u0 com.catfact.app.feature.factdetail.test/androidx.test.core.app.InstrumentationActivityInvoker$EmptyActivity t3879}#18760
04-15 09:53:35.369  3152  3152 E pageboostd: Received HALT command code 2
04-15 09:53:35.369  2000  2105 D ShellDesktopMode: handleRequest: TransitionRequestInfo {type=1, tid=3879, debugId=1674}
04-15 09:53:35.370 19294 19294 D LifecycleMonitor: Lifecycle status change: androidx.activity.ComponentActivity@de3fb15 in: PAUSED
04-15 09:53:35.370 19294 19294 V ActivityScenario: Update currentActivityStage to PAUSED, currentActivity=androidx.activity.ComponentActivity@de3fb15
04-15 09:53:35.372  1542  1558 D InputDispatcher: Focused application(0): ActivityRecord{182827332 u0 com.catfact.app.feature.factdetail.test/androidx.test.core.app.InstrumentationActivityInvoker$EmptyActivity t3879}
04-15 09:53:35.374  1151  1151 I SurfaceFlinger: [Display 0 name="Built-in Screen"#49] setFrameRateCategory: High
04-15 09:53:35.374  1151  1151 I SurfaceFlinger: [ActivityRecord{182827332 u0 com.catfact.app.feature.factdetail.test/androidx.test.core.app.InstrumentationActivityInvoker$EmptyActivity t3879}#18760] attach to parent LayerHierarchy{RequestedLayerState{Task=3879#18747 parentId=10 z=13} 2 children}
04-15 09:53:35.374  1151  1151 I BpBinder: onLastStrongRef automatically unlinking death recipients:
04-15 09:53:35.374  1542  1558 D GraphicsStatsService: requestRenderEngineFor(com.catfact.app.feature.factdetail.test)
04-15 09:53:35.376 19294 19294 D LifecycleMonitor: Lifecycle status change: androidx.test.core.app.InstrumentationActivityInvoker$EmptyActivity@6adb649 in: PRE_ON_CREATE
04-15 09:53:35.377 19294 19294 V ActivityScenario: Activity lifecycle changed event received but ignored because the intent does not match. startActivityIntent=Intent { act=android.intent.action.MAIN cat=[android.intent.category.LAUNCHER] flg=0x10008000 cmp=com.catfact.app.feature.factdetail.test/androidx.activity.ComponentActivity }, activity.getIntent()=Intent { act=android.intent.action.MAIN cat=[android.intent.category.LAUNCHER] flg=0x10000000 xflg=0x4 cmp=com.catfact.app.feature.factdetail.test/androidx.test.core.app.InstrumentationActivityInvoker$EmptyActivity }, activity=androidx.test.core.app.InstrumentationActivityInvoker$EmptyActivity@6adb649
04-15 09:53:35.378  2461  2461 I HoneySpace.EdgePanel.CocktailHostRepositoryImpl: onNoteResume
04-15 09:53:35.378  2461  2461 I HoneySpace.EdgePanel.EdgePanelContainerViewModel: cocktailHostRepository.edgePanelOperation NoteResumeComponent(componentName=ComponentInfo{com.catfact.app.feature.factdetail.test/androidx.test.core.app.InstrumentationActivityInvoker$EmptyActivity})
04-15 09:53:35.379  2461  2461 I HoneySpace.EdgePanel.ActivityUtils: HomePackage : com.sec.android.app.launcher, resumePackageName : com.catfact.app.feature.factdetail.test, className : androidx.test.core.app.InstrumentationActivityInvoker$EmptyActivity
04-15 09:53:35.380 19294 19294 I DecorView: setWindowBackground: isPopOver=false color=ffffffff d=android.graphics.drawable.ColorDrawable@4923098
04-15 09:53:35.380 19294 19294 D LifecycleMonitor: Lifecycle status change: androidx.test.core.app.InstrumentationActivityInvoker$EmptyActivity@6adb649 in: CREATED
04-15 09:53:35.381 19294 19294 V ActivityScenario: Activity lifecycle changed event received but ignored because the intent does not match. startActivityIntent=Intent { act=android.intent.action.MAIN cat=[android.intent.category.LAUNCHER] flg=0x10008000 cmp=com.catfact.app.feature.factdetail.test/androidx.activity.ComponentActivity }, activity.getIntent()=Intent { act=android.intent.action.MAIN cat=[android.intent.category.LAUNCHER] flg=0x10000000 xflg=0x4 cmp=com.catfact.app.feature.factdetail.test/androidx.test.core.app.InstrumentationActivityInvoker$EmptyActivity }, activity=androidx.test.core.app.InstrumentationActivityInvoker$EmptyActivity@6adb649
04-15 09:53:35.381 19294 19294 D LifecycleMonitor: Lifecycle status change: androidx.test.core.app.InstrumentationActivityInvoker$EmptyActivity@6adb649 in: STARTED
04-15 09:53:35.381 19294 19294 V ActivityScenario: Activity lifecycle changed event received but ignored because the intent does not match. startActivityIntent=Intent { act=android.intent.action.MAIN cat=[android.intent.category.LAUNCHER] flg=0x10008000 cmp=com.catfact.app.feature.factdetail.test/androidx.activity.ComponentActivity }, activity.getIntent()=Intent { act=android.intent.action.MAIN cat=[android.intent.category.LAUNCHER] flg=0x10000000 xflg=0x4 cmp=com.catfact.app.feature.factdetail.test/androidx.test.core.app.InstrumentationActivityInvoker$EmptyActivity }, activity=androidx.test.core.app.InstrumentationActivityInvoker$EmptyActivity@6adb649
04-15 09:53:35.382 19294 19294 D LifecycleMonitor: Lifecycle status change: androidx.test.core.app.InstrumentationActivityInvoker$EmptyActivity@6adb649 in: RESUMED
04-15 09:53:35.382 19294 19294 V ActivityScenario: Activity lifecycle changed event received but ignored because the intent does not match. startActivityIntent=Intent { act=android.intent.action.MAIN cat=[android.intent.category.LAUNCHER] flg=0x10008000 cmp=com.catfact.app.feature.factdetail.test/androidx.activity.ComponentActivity }, activity.getIntent()=Intent { act=android.intent.action.MAIN cat=[android.intent.category.LAUNCHER] flg=0x10000000 xflg=0x4 cmp=com.catfact.app.feature.factdetail.test/androidx.test.core.app.InstrumentationActivityInvoker$EmptyActivity }, activity=androidx.test.core.app.InstrumentationActivityInvoker$EmptyActivity@6adb649
04-15 09:53:35.382  1151  1151 I SurfaceFlinger: [LayerHierarchy{RequestedLayerState{ImeContainer#15 parentId=18748 relativeParentId=18748 z=1} 1 children}] RelativeParent to null
04-15 09:53:35.383 19294 19294 D ViewRootImpl: desktopMode is false
04-15 09:53:35.383 19294 19294 I ViewRootImpl: dVRR is disabled
04-15 09:53:35.383  2000  2000 D DisplayLifecycle: updateDisplay id = 0
04-15 09:53:35.383 19294 19332 D NativeCustomFrequencyManager: [NativeCFMS] BpCustomFrequencyManager::BpCustomFrequencyManager()
04-15 09:53:35.383  2000  2125 D StackScroller: onDisplayChanged for predraw skip to 2
04-15 09:53:35.384  2461  2474 I HoneySpace.Memory-Monitor: current state = 2, didTrim = false
04-15 09:53:35.385  1542  3827 D InputTransport: Input channel constructed: '86ce761', fd=808
04-15 09:53:35.385  1542  3827 D InputTransport: Input channel constructed: '86ce761', fd=972
04-15 09:53:35.385  1542  3827 D InputTransport: Input channel constructed: '86ce761', fd=1041
04-15 09:53:35.385  1542  3827 D InputTransport: Input channel destroyed: '86ce761', fd=972
04-15 09:53:35.385  1151  1378 I SurfaceFlinger: id=18761 createSurf, flag=84004, 86ce761 com.catfact.app.feature.factdetail.test/androidx.test.core.app.InstrumentationActivityInvoker$EmptyActivity#18761
04-15 09:53:35.386  1151  1338 D SurfaceFlinger: [input] setFocusedWindow: <null>
04-15 09:53:35.386  1542  1558 D InputDispatcher: Once focus requested (0): <null>
04-15 09:53:35.386  1542  1558 D InputDispatcher: Focus request (0): <null> but waiting because NO_WINDOW
04-15 09:53:35.386  1542  1558 D InputDispatcher: Focus left window (0): a40f3b6 com.catfact.app.feature.factdetail.test/androidx.activity.ComponentActivity
04-15 09:53:35.386  1542  3827 D InputTransport: Input channel destroyed: '86ce761', fd=1041
04-15 09:53:35.387 19294 19294 D InputTransport: Input channel constructed: '86ce761', fd=143
04-15 09:53:35.387 19294 19294 I InsetsController: onStateChanged: host=com.catfact.app.feature.factdetail.test/androidx.test.core.app.InstrumentationActivityInvoker$EmptyActivity, from=android.view.ViewRootImpl.onInsetsStateChanged:3026, state=InsetsState: {mDisplayFrame=Rect(0, 0 - 720, 1544), mDisplayCutout=DisplayCutout{insets=Rect(0, 50 - 0, 0) waterfall=Insets{left=0, top=0, right=0, bottom=0} boundingRect={Bounds=[Rect(0, 0 - 0, 0), Rect(341, 0 - 379, 50), Rect(0, 0 - 0, 0), Rect(0, 0 - 0, 0)]} cutoutPathParserInfo={CutoutPathParserInfo{displayWidth=720 displayHeight=1544 physicalDisplayWidth=720 physicalDisplayHeight=1544 density={1.875} cutoutSpec={M 0,0 H -10 V 26.66666666666667 H 10 V 0 H 0 Z @dp} rotation={0} scale={1.0} physicalPixelDisplaySizeRatio={1.0}}} sideOverrides={}}, mRoundedCorners=RoundedCorners{[RoundedCorner{position=TopLeft, radius=8, center=Point(8, 8)}, RoundedCorner{position=TopRight, radius=8, center=Point(712, 8)}, RoundedCorner{position=BottomRight, radius=8, center=Point(712, 1536)}, RoundedCorner{position=BottomLeft, radius=8, center=Point(8, 1536)}]}  mRoundedCornerFrame=Rect(0, 0 - 720, 1544), mPrivacyIndicatorBounds=PrivacyIndicatorBounds {static bounds=Rect(637, 0 - 720, 50) rotation=0}, mDisplayShape=DisplayShape{ spec=-311912193 displayWidth=720 displayHeight=1544 physicalPixelDisplaySizeRatio=0.5 rotation=0 offsetX=0 offsetY=0 scale=1.0}, mSources= { InsetsSource: {ec730001 mType=navigationBars mFrame=[0,1454][720,1544] mVisible=true mFlags= mSideHint=BOTTOM mBoundingRects=null}, InsetsSource: {ec730004 mType=systemGestures mFrame=[0,0][0,0] mVisible=true mFlags= mSideHint=NONE mBoundingRects=null}, InsetsSource: {ec730005 mType=mandatorySystemGestures mFrame=[0,1454][720,1544] mVisible=true mFlags= mSideHint=BOTTOM mBoundingRects=null}, InsetsSource: {ec730006 mType=tappableElement mFrame=[0,1454][720,1544] mVisible=true mFlags= mSideHint=BOTTOM mBoundingRects=null}, InsetsSource: {ec730024 mType=systemGestures mFrame=[0,0][0,0] mVisible=true mFlags= mSideHint=NONE mBoundingRects=null}, InsetsSource: {3 mType=ime mFrame=[0,0][0,0] mVisible=false mFlags= mSideHint=NONE mBoundingRects=null}, InsetsSource: {27 mType=displayCutout mFrame=[0,0][720,50] mVisible=true mFlags= mSideHint=TOP mBoundingRects=null}, InsetsSource: {43950000 mType=statusBars mFrame=[0,0][720,50] mVisible=true mFlags= mSideHint=TOP mBoundingRects=null}, InsetsSource: {43950005 mType=mandatorySystemGestures mFrame=[0,0][720,73] mVisible=true mFlags= mSideHint=TOP mBoundingRects=null}, InsetsSource: {43950006 mType=tappableElement mFrame=[0,0][720,50] mVisible=true mFlags= mSideHint=TOP mBoundingRects=null} }
04-15 09:53:35.387 19294 19294 I VRI[InstrumentationActivityInvoker$EmptyActivity]@8482357: synced displayState. AttachInfo displayState=2
04-15 09:53:35.387 19294 19294 I VRI[InstrumentationActivityInvoker$EmptyActivity]@8482357: setView = com.android.internal.policy.DecorView@d740862 IsHRR=false mFlingFrameRateChange=0 TM=true
04-15 09:53:35.388 19294 19332 D HWUI    : HWUI - treat SMPTE_170M as sRGB
04-15 09:53:35.392  1542  1558 I WindowManager: Relayout Window{86ce761 u0 com.catfact.app.feature.factdetail.test/androidx.test.core.app.InstrumentationActivityInvoker$EmptyActivity}: viewVisibility=0 req=720x1544 ty=1 d0
04-15 09:53:35.392  1151  1378 I SurfaceFlinger: id=18762 createSurf, flag=44004, com.catfact.app.feature.factdetail.test/androidx.test.core.app.InstrumentationActivityInvoker$EmptyActivity$_19294#18762
04-15 09:53:35.394  1542  1558 D SurfaceComposerClient: setCornerRadius ## 86ce761 com.catfact.app.feature.factdetail.test/androidx.test.core.app.InstrumentationActivityInvoker$EmptyActivity#18761 cornerRadius=0.000000
04-15 09:53:35.394  1542  1558 D SurfaceComposerClient: setCornerRadius ## 86ce761 com.catfact.app.feature.factdetail.test/androidx.test.core.app.InstrumentationActivityInvoker$EmptyActivity#18761 cornerRadius=0.000000
04-15 09:53:35.395  1151  1378 I SurfaceFlinger: id=18763 createSurf, flag=24000, Surface(name=3edafdc StatusBar)/@0x3b919ed - animation-leash of insets_animation#18763
04-15 09:53:35.396  1151  1378 I SurfaceFlinger: id=18764 createSurf, flag=24000, Surface(name=8c5cec7 NavigationBar0)/@0xa68870 - animation-leash of insets_animation#18764
04-15 09:53:35.397  2000  2000 D NavigationBar: onSystemBarAttributesChanged() -  displayId:0, appearance:16, packageName: com.catfact.app.feature.factdetail.test (APPEARANCE_LIGHT_NAVIGATION_BARS ), navbarColorManagedByIme:false
04-15 09:53:35.397  1542  1558 I SystemKeyManager: requested systemKeyInfo size=1 focusedWindow=com.catfact.app.feature.factdetail.test/androidx.test.core.app.InstrumentationActivityInvoker$EmptyActivity
04-15 09:53:35.397  1542  1558 I SystemKeyManager: requested systemKeyInfo size=1 focusedWindow=com.catfact.app.feature.factdetail.test/androidx.test.core.app.InstrumentationActivityInvoker$EmptyActivity
04-15 09:53:35.398  1542  1558 I WindowManager: Relayout hash=86ce761, pid=19294, syncId=-1: mAttrs={(0,0)(fillxfill) sim={adjust=pan forwardNavigation} layoutInDisplayCutoutMode=always ty=BASE_APPLICATION
04-15 09:53:35.398  1542  1558 I WindowManager:   fl=81810100
04-15 09:53:35.398  1542  1558 I WindowManager:   pfl=100088c0
04-15 09:53:35.398  1542  1558 I WindowManager:   bhv=1
04-15 09:53:35.398  1542  1558 I WindowManager:   fitSides=0
04-15 09:53:35.398  1542  1558 I WindowManager:   frameRateBoostOnTouch=true
04-15 09:53:35.398  1542  1558 I WindowManager:   dvrrWindowFrameRateHint=true naviIconColor=0}
04-15 09:53:35.399  1151  1151 I SurfaceFlinger: [86ce761 com.catfact.app.feature.factdetail.test/androidx.test.core.app.InstrumentationActivityInvoker$EmptyActivity#18761] attach to parent LayerHierarchy{RequestedLayerState{ActivityRecord{182827332 u0 com.catfact.app.feature.factdetail.test/androidx.test.core.app.InstrumentationActivityInvoker$EmptyActivity t3879}#18760 parentId=18747} 1 children}
04-15 09:53:35.399 19294 19294 I BLASTBufferQueue_Java: new BLASTBufferQueue, mName= VRI[InstrumentationActivityInvoker$EmptyActivity]@8482357 mNativeObject= 0xb40000741c6354a0 caller= android.view.ViewRootImpl.updateBlastSurfaceIfNeeded:3585 android.view.ViewRootImpl.relayoutWindow:11685 android.view.ViewRootImpl.performTraversals:4804 android.view.ViewRootImpl.doTraversal:3924 android.view.ViewRootImpl$TraversalRunnable.run:12903 android.view.Choreographer$CallbackRecord.run:1901 android.view.Choreographer$CallbackRecord.run:1910 android.view.Choreographer.doCallbacks:1367 android.view.Choreographer.doFrame:1292 android.view.Choreographer$FrameDisplayEventReceiver.run:1870
04-15 09:53:35.399  1151  1151 I SurfaceFlinger: [com.catfact.app.feature.factdetail.test/androidx.test.core.app.InstrumentationActivityInvoker$EmptyActivity$_19294#18762] attach to parent LayerHierarchy{RequestedLayerState{86ce761 com.catfact.app.feature.factdetail.test/androidx.test.core.app.InstrumentationActivityInvoker$EmptyActivity#18761 parentId=18760} 1 children}
04-15 09:53:35.399  1151  1151 I SurfaceFlinger: [Surface(name=3edafdc StatusBar)/@0x3b919ed - animation-leash of insets_animation#18763] attach to parent LayerHierarchy{RequestedLayerState{WindowToken{7a8fc4f type=2000 android.os.BinderProxy@a9d7329}#94 parentId=17} 2 children}
04-15 09:53:35.399 19294 19294 I BLASTBufferQueue_Java: update, w= 720 h= 1544 mName = VRI[InstrumentationActivityInvoker$EmptyActivity]@8482357 mNativeObject= 0xb40000741c6354a0 sc.mNativeObject= 0xb40000751c4f4a90 format= -1 caller= android.view.ViewRootImpl.updateBlastSurfaceIfNeeded:3590 android.view.ViewRootImpl.relayoutWindow:11685 android.view.ViewRootImpl.performTraversals:4804 android.view.ViewRootImpl.doTraversal:3924 android.view.ViewRootImpl$TraversalRunnable.run:12903 android.view.Choreographer$CallbackRecord.run:1901
04-15 09:53:35.399  1151  1151 I SurfaceFlinger: [Surface(name=8c5cec7 NavigationBar0)/@0xa68870 - animation-leash of insets_animation#18764] attach to parent LayerHierarchy{RequestedLayerState{WindowToken{fc018e2 type=2019 android.os.BinderProxy@bda3ac4}#90 parentId=34} 2 children}
04-15 09:53:35.399 19294 19294 I VRI[InstrumentationActivityInvoker$EmptyActivity]@8482357: Relayout returned: old=(0,0,720,1544) new=(0,0,720,1544) relayoutAsync=false req=(720,1544)0 dur=6 res=0x3 s={true 0xb40000748c592c50} ch=true seqId=0
04-15 09:53:35.400 19294 19294 I VRI[InstrumentationActivityInvoker$EmptyActivity]@8482357: performConfigurationChange setNightDimText nightDimLevel=0
04-15 09:53:35.400 19294 19294 D VRI[InstrumentationActivityInvoker$EmptyActivity]@8482357: mThreadedRenderer.initialize() mSurface={isValid=true 0xb40000748c592c50} hwInitialized=true
04-15 09:53:35.400 19294 19294 D VRI[InstrumentationActivityInvoker$EmptyActivity]@8482357: reportNextDraw android.view.ViewRootImpl.performTraversals:5443 android.view.ViewRootImpl.doTraversal:3924 android.view.ViewRootImpl$TraversalRunnable.run:12903 android.view.Choreographer$CallbackRecord.run:1901 android.view.Choreographer$CallbackRecord.run:1910
04-15 09:53:35.400 19294 19294 D VRI[InstrumentationActivityInvoker$EmptyActivity]@8482357: Setup new sync=wmsSync-VRI[InstrumentationActivityInvoker$EmptyActivity]@8482357#30
04-15 09:53:35.400 19294 19294 I VRI[InstrumentationActivityInvoker$EmptyActivity]@8482357: Creating new active sync group VRI[InstrumentationActivityInvoker$EmptyActivity]@8482357#31
04-15 09:53:35.400 19294 19294 D VRI[InstrumentationActivityInvoker$EmptyActivity]@8482357: registerCallbacksForSync syncBuffer=false
04-15 09:53:35.401 19294 19345 D VRI[InstrumentationActivityInvoker$EmptyActivity]@8482357: Received frameDrawingCallback syncResult=0 frameNum=1.
04-15 09:53:35.401 19294 19345 I VRI[InstrumentationActivityInvoker$EmptyActivity]@8482357: mWNT: t=0xb4000074fc523f50 mBlastBufferQueue=0xb40000741c6354a0 fn= 1 HdrRenderState mRenderHdrSdrRatio=1.0 caller= android.view.ViewRootImpl$12.onFrameDraw:15441 android.view.ThreadedRenderer$1.onFrameDraw:718 <bottom of call stack>
04-15 09:53:35.401 19294 19345 I VRI[InstrumentationActivityInvoker$EmptyActivity]@8482357: Setting up sync and frameCommitCallback
04-15 09:53:35.402 19294 19332 I BLASTBufferQueue: [VRI[InstrumentationActivityInvoker$EmptyActivity]@8482357#15](f:0,a:0,s:0) onFrameAvailable the first frame is available
04-15 09:53:35.402 19294 19332 I VRI[InstrumentationActivityInvoker$EmptyActivity]@8482357: Received frameCommittedCallback lastAttemptedDrawFrameNum=1 didProduceBuffer=true
04-15 09:53:35.402  1151  1200 I SurfaceFlinger: [com.catfact.app.feature.factdetail.test/androidx.test.core.app.InstrumentationActivityInvoker$EmptyActivity$_19294#18762] setTransactionState with the first frame. bufferData(ID: 82867099009084, frameNumber: 1)
04-15 09:53:35.403 19294 19332 D HWUI    : CFMS:: SetUp Pid : 19294    Tid : 19332
04-15 09:53:35.403 19294 19294 D VRI[InstrumentationActivityInvoker$EmptyActivity]@8482357: reportDrawFinished seqId=0
04-15 09:53:35.403 19294 19294 I ImeFocusController: onPreWindowFocus: skipped hasWindowFocus=false mHasImeFocus=true
04-15 09:53:35.403 19294 19294 I ImeFocusController: onPostWindowFocus: skipped hasWindowFocus=false mHasImeFocus=true
04-15 09:53:35.403  1542  1585 D SurfaceComposerClient: setCornerRadius ## 86ce761 com.catfact.app.feature.factdetail.test/androidx.test.core.app.InstrumentationActivityInvoker$EmptyActivity#18761 cornerRadius=0.000000
04-15 09:53:35.404  1542  1585 D SurfaceComposerClient: setCornerRadius ## 86ce761 com.catfact.app.feature.factdetail.test/androidx.test.core.app.InstrumentationActivityInvoker$EmptyActivity#18761 cornerRadius=0.000000
04-15 09:53:35.404  1542  1585 I SemDvfsHyPerManager: acquire hyper - AMS_RESUME_TAIL/1542@22, type = -999
04-15 09:53:35.404  1542  1585 I SemDvfsHyPerManager: acquire hyper - AMS_ACT_LAZY/1542@23, type = -999
04-15 09:53:35.404  1059  1180 I HYPER-HAL: [RequestManager.cpp]acquire(): Acquired ID : 1223852  [1542 / 22]    HINT : AMS_RESUME_TAIL    list :
04-15 09:53:35.405  1151  1200 I SurfaceFlinger: id=18765 createSurf, flag=84004, Transition Root: ActivityRecord{182827332 u0 com.catfact.app.feature.factdetail.test/androidx.test.core.app.InstrumentationActivityInvoker$EmptyActivity t3879}#18765
04-15 09:53:35.405  1059  1180 I HYPER-HAL: [RequestManager.cpp]releaseLocked(): Released ID : 1220723
04-15 09:53:35.407  1542  1585 I SurfaceControlRegistry: show, t=StartTransaction_SyncId<1674> sc=ActivityRecord{182827332 u0 com.catfact.app.feature.factdetail.test/androidx.test.core.app.InstrumentationActivityInvoker$EmptyActivity t3879}, caller=android.view.SurfaceControl$Transaction.show:3557 com.android.server.wm.Transition.onTransactionReady:2048 com.android.server.wm.BLASTSyncEngine$SyncGroup.finishNow:240 com.android.server.wm.BLASTSyncEngine.onSurfacePlacement:263 com.android.server.wm.RootWindowContainer.performSurfacePlacementNoTrace:1083 com.android.server.wm.WindowSurfacePlacer.performSurfacePlacement:166
04-15 09:53:35.407  1542  1585 D SurfaceComposerClient: setCornerRadius ## ActivityRecord{56579459 u0 com.catfact.app.feature.factdetail.test/androidx.activity.ComponentActivity t3879}#18748 cornerRadius=0.000000
04-15 09:53:35.407  1542  1585 D SurfaceComposerClient: setCornerRadius ## ActivityRecord{182827332 u0 com.catfact.app.feature.factdetail.test/androidx.test.core.app.InstrumentationActivityInvoker$EmptyActivity t3879}#18760 cornerRadius=0.000000
04-15 09:53:35.407  1151  1151 I SurfaceFlinger: [LayerHierarchy{RequestedLayerState{8c5cec7 NavigationBar0#91 parentId=18764} 1 children}] reparent to LayerHierarchy{RequestedLayerState{Surface(name=8c5cec7 NavigationBar0)/@0xa68870 - animation-leash of insets_animation#18764 parentId=90} 1 children}
04-15 09:53:35.407  1151  1151 I SurfaceFlinger: [LayerHierarchy{RequestedLayerState{3edafdc StatusBar#95 parentId=18763} 1 children}] reparent to LayerHierarchy{RequestedLayerState{Surface(name=3edafdc StatusBar)/@0x3b919ed - animation-leash of insets_animation#18763 parentId=94} 1 children}
04-15 09:53:35.407  1151  1151 I SurfaceFlinger: [LayerHierarchy{RequestedLayerState{Surface(name=8c5cec7 NavigationBar0)/@0xa68870 - animation-leash of insets_animation#18754} no children}] reparent to OffscreenRoot
04-15 09:53:35.407  1151  1151 I SurfaceFlinger: [LayerHierarchy{RequestedLayerState{Surface(name=8c5cec7 NavigationBar0)/@0xa68870 - animation-leash of insets_animation#18754} no children}] RelativeParent to null
04-15 09:53:35.407  1151  1151 I SurfaceFlinger: [LayerHierarchy{RequestedLayerState{Surface(name=3edafdc StatusBar)/@0x3b919ed - animation-leash of insets_animation#18753} no children}] reparent to OffscreenRoot
04-15 09:53:35.407  1151  1151 I SurfaceFlinger: [LayerHierarchy{RequestedLayerState{Surface(name=3edafdc StatusBar)/@0x3b919ed - animation-leash of insets_animation#18753} no children}] RelativeParent to null
04-15 09:53:35.407  1151  1151 I SurfaceFlinger: [Transition Root: ActivityRecord{182827332 u0 com.catfact.app.feature.factdetail.test/androidx.test.core.app.InstrumentationActivityInvoker$EmptyActivity t3879}#18765] attach to parent LayerHierarchy{RequestedLayerState{Task=3879#18747 parentId=10 z=13} 3 children}
04-15 09:53:35.408  2000  2105 I SurfaceControlRegistry: hide, t=FinishTransaction_SyncId<1674> sc=ActivityRecord{56579459 u0 com.catfact.app.feature.factdetail.test/androidx.activity.ComponentActivity t3879}, caller=android.view.SurfaceControl$Transaction.hide:3583 com.android.wm.shell.transition.Transitions.dispatchReady:1263 com.android.wm.shell.transition.Transitions.onTransitionReady:251 com.android.wm.shell.transition.Transitions$TransitionPlayerImpl$$ExternalSyntheticLambda0.run:13 android.os.Handler.handleCallback:995 android.os.Handler.dispatchMessage:103
04-15 09:53:35.408  2000  2105 I SurfaceControlRegistry: show, t=StartTransaction_SyncId<1674> sc=ActivityRecord{182827332 u0 com.catfact.app.feature.factdetail.test/androidx.test.core.app.InstrumentationActivityInvoker$EmptyActivity t3879}, caller=android.view.SurfaceControl$Transaction.show:3557 com.android.wm.shell.transition.Transitions.dispatchReady:1279 com.android.wm.shell.transition.Transitions.onTransitionReady:251 com.android.wm.shell.transition.Transitions$TransitionPlayerImpl$$ExternalSyntheticLambda0.run:13 android.os.Handler.handleCallback:995 android.os.Handler.dispatchMessage:103
04-15 09:53:35.408  1542  1581 I ActivityTaskManager: Displayed com.catfact.app.feature.factdetail.test/androidx.test.core.app.InstrumentationActivityInvoker$EmptyActivity for user 0: +41ms
04-15 09:53:35.408  2000  2105 I SurfaceControlRegistry: show, t=FinishTransaction_SyncId<1674> sc=ActivityRecord{182827332 u0 com.catfact.app.feature.factdetail.test/androidx.test.core.app.InstrumentationActivityInvoker$EmptyActivity t3879}, caller=android.view.SurfaceControl$Transaction.show:3557 com.android.wm.shell.transition.Transitions.dispatchReady:1330 com.android.wm.shell.transition.Transitions.onTransitionReady:251 com.android.wm.shell.transition.Transitions$TransitionPlayerImpl$$ExternalSyntheticLambda0.run:13 android.os.Handler.handleCallback:995 android.os.Handler.dispatchMessage:103
04-15 09:53:35.408  2000  2105 I SurfaceControlRegistry: show, t=StartTransaction_SyncId<1674> sc=Transition Root: ActivityRecord{182827332 u0 com.catfact.app.feature.factdetail.test/androidx.test.core.app.InstrumentationActivityInvoker$EmptyActivity t3879}, caller=android.view.SurfaceControl$Transaction.show:3557 com.android.wm.shell.transition.Transitions.playTransition:79 com.android.wm.shell.transition.Transitions.processReadyQueue:239 com.android.wm.shell.transition.Transitions.dispatchReady:1352 com.android.wm.shell.transition.Transitions.onTransitionReady:251 com.android.wm.shell.transition.Transitions$TransitionPlayerImpl$$ExternalSyntheticLambda0.run:13
04-15 09:53:35.408  1542  1585 D SurfaceComposerClient: setCornerRadius ## 86ce761 com.catfact.app.feature.factdetail.test/androidx.test.core.app.InstrumentationActivityInvoker$EmptyActivity#18761 cornerRadius=0.000000
04-15 09:53:35.409  2000  2105 I SurfaceControlRegistry: apply, t=StartTransaction_SyncId<1674>, caller=android.view.SurfaceControl$Transaction.apply:3459 android.view.SurfaceControl$Transaction.apply:3447 android.view.SurfaceControl$Transaction.apply:3397 com.android.wm.shell.transition.DefaultTransitionHandler.startAnimation:3387 com.android.wm.shell.transition.Transitions.dispatchTransition:90 com.android.wm.shell.transition.Transitions.playTransition:774
04-15 09:53:35.409  3152  3152 E pageboostd: Received HALT command code 2
04-15 09:53:35.409  1542  1585 D SurfaceComposerClient: setCornerRadius ## 86ce761 com.catfact.app.feature.factdetail.test/androidx.test.core.app.InstrumentationActivityInvoker$EmptyActivity#18761 cornerRadius=0.000000
04-15 09:53:35.409  2000  2105 I SurfaceControlRegistry: apply, t=FinishTransaction_SyncId<1674>, caller=android.view.SurfaceControl$Transaction.apply:3459 android.view.SurfaceControl$Transaction.apply:3447 android.view.SurfaceControl$Transaction.apply:3397 com.android.wm.shell.transition.Transitions.onFinish:315 com.android.wm.shell.transition.Transitions$$ExternalSyntheticLambda7.onTransitionFinished:12 com.android.wm.shell.transition.DefaultTransitionHandler$$ExternalSyntheticLambda2.run:36
04-15 09:53:35.409  2000  2000 D NavigationBar: onSystemBarAttributesChanged() -  displayId:0, appearance:0, packageName: com.catfact.app.feature.factdetail.test, navbarColorManagedByIme:false
04-15 09:53:35.410  1151  1338 D SurfaceFlinger: [input] setFocusedWindow: 86ce761 com.catfact.app.feature.factdetail.test/androidx.test.core.app.InstrumentationActivityInvoker$EmptyActivity
04-15 09:53:35.410  1151  1200 I SurfaceFlinger: id=18766 createSurf, flag=84000, 67037d6 ActivityRecordInputSink com.catfact.app.feature.factdetail.test/androidx.test.core.app.InstrumentationActivityInvoker$EmptyActivity#18766
04-15 09:53:35.410  1542  1677 D InputDispatcher: Once focus requested (0): 86ce761 com.catfact.app.feature.factdetail.test/androidx.test.core.app.InstrumentationActivityInvoker$EmptyActivity
04-15 09:53:35.410  1542  1677 D InputDispatcher: Focus request (0): 86ce761 com.catfact.app.feature.factdetail.test/androidx.test.core.app.InstrumentationActivityInvoker$EmptyActivity but waiting because NO_WINDOW
04-15 09:53:35.410  2000  2000 D SamsungLightBarControlHelper: updateNavigationBar (WHITE button) isLightOpaque:false, hasLightNavigationBarFlag:false, packageName:com.catfact.app.feature.factdetail.test, DirectReplying:false, NavBarColorMangedByIme:false, ForceDarkForScrim:false, ForceLightForScrim:false, QsCustomizing:false, QsExpanded:false
04-15 09:53:35.414  2000  2105 D ShellDesktopMode: handleRequest: TransitionRequestInfo {type=2, tid=3879, debugId=1675}
04-15 09:53:35.415  1151  1200 I SurfaceFlinger: id=18753 Removed Surface(name=3edafdc StatusBar)/@0x3b919ed - animation-leash of insets_animation#18753 (216)
04-15 09:53:35.415  1151  1200 I SurfaceFlinger: id=18754 Removed Surface(name=8c5cec7 NavigationBar0)/@0xa68870 - animation-leash of insets_animation#18754 (216)
04-15 09:53:35.415 19294 19294 I InsetsSourceConsumer: applyRequestedVisibilityToControl: visible=true, type=statusBars, host=com.catfact.app.feature.factdetail.test/androidx.test.core.app.InstrumentationActivityInvoker$EmptyActivity
04-15 09:53:35.416  1151  1151 I SurfaceFlinger: RequestedLayer [ActivityRecord{182827332 u0 com.catf[...]tyInvoker$EmptyActivity t3879}#18760] hidden!! flag  from(1) --> to(0)
04-15 09:53:35.416  1151  1151 E SurfaceFlinger: alpha changed 1.000 -> 0.000 - ActivityRecord{182827332 u0 com.catfact.app.feature.factdetail.test/androidx.test.core.app.InstrumentationActivityInvoker$EmptyActivity t3879}#18760
04-15 09:53:35.416  1151  1151 I SurfaceFlinger: RequestedLayer [86ce761 com.catfact.app.feature.fact[...]nActivityInvoker$EmptyActivity#18761] hidden!! flag  from(1) --> to(0)
04-15 09:53:35.416  1151  1151 I SurfaceFlinger: RequestedLayer [com.catfact.app.feature.factdetail.t[...]tyInvoker$EmptyActivity$_19294#18762] hidden!! flag  from(1) --> to(0)
04-15 09:53:35.416  1151  1151 I SurfaceFlinger: RequestedLayer [Transition Root: ActivityRecord{1828[...]tyInvoker$EmptyActivity t3879}#18765] hidden!! flag  from(1) --> to(0)
04-15 09:53:35.416  1151  1151 I SurfaceFlinger: RequestedLayer [ActivityRecord{56579459 u0 com.catfa[...]ivity.ComponentActivity t3879}#18748] hidden!! flag  from(0) --> to(1)
04-15 09:53:35.416  1151  1151 E SurfaceFlinger: alpha changed 0.000 -> 1.000 - ActivityRecord{182827332 u0 com.catfact.app.feature.factdetail.test/androidx.test.core.app.InstrumentationActivityInvoker$EmptyActivity t3879}#18760
04-15 09:53:35.416  1151  1151 I SurfaceFlinger: [Display 0 name="Built-in Screen"#49] setFrameRateCategory: Default
04-15 09:53:35.416 19294 19294 I InsetsSourceConsumer: applyRequestedVisibilityToControl: visible=true, type=navigationBars, host=com.catfact.app.feature.factdetail.test/androidx.test.core.app.InstrumentationActivityInvoker$EmptyActivity
04-15 09:53:35.416  1151  1151 I SurfaceFlinger: destroyed Surface(name=8c5cec7 NavigationBar0)/@0xa68870 - animation-leash of insets_animation#18754
04-15 09:53:35.416  1151  1151 I SurfaceFlinger: destroyed Surface(name=3edafdc StatusBar)/@0x3b919ed - animation-leash of insets_animation#18753
04-15 09:53:35.416  1151  1151 I SurfaceFlinger: [67037d6 ActivityRecordInputSink com.catfact.app.feature.factdetail.test/androidx.test.core.app.InstrumentationActivityInvoker$EmptyActivity#18766] attach to parent LayerHierarchy{RequestedLayerState{ActivityRecord{182827332 u0 com.catfact.app.feature.factdetail.test/androidx.test.core.app.InstrumentationActivityInvoker$EmptyActivity t3879}#18760 parentId=18747 z=1} 2 children}
04-15 09:53:35.416  1151  1151 I SurfaceFlinger: [LayerHierarchy{RequestedLayerState{ActivityRecord{56579459 u0 com.catfact.app.feature.factdetail.test/androidx.activity.ComponentActivity t3879}#18748 parentId=18747} 3 children}] reparent to LayerHierarchy{RequestedLayerState{Task=3879#18747 parentId=10 z=13} 3 children}
04-15 09:53:35.416  1151  1151 I SurfaceFlinger: [LayerHierarchy{RequestedLayerState{Transition Root: ActivityRecord{182827332 u0 com.catfact.app.feature.factdetail.test/androidx.test.core.app.InstrumentationActivityInvoker$EmptyActivity t3879}#18765 z=1} no children}] reparent to OffscreenRoot
04-15 09:53:35.416  1151  1151 I SurfaceFlinger: [LayerHierarchy{RequestedLayerState{Transition Root: ActivityRecord{182827332 u0 com.catfact.app.feature.factdetail.test/androidx.test.core.app.InstrumentationActivityInvoker$EmptyActivity t3879}#18765 z=1} no children}] RelativeParent to null
04-15 09:53:35.416  2000  2000 D SystemUIService: SYSUI_RAM_OPTIMIZATION onTrimMemory=20
04-15 09:53:35.416  2000  2000 D CentralSurfaces: SYSUI_RAM_OPTIMIZATION onTrimMemory=20
04-15 09:53:35.416  1151  1151 I SurfaceFlinger: [LayerHierarchy{RequestedLayerState{ActivityRecord{182827332 u0 com.catfact.app.feature.factdetail.test/androidx.test.core.app.InstrumentationActivityInvoker$EmptyActivity t3879}#18760 parentId=18747 z=1} 2 children}] reparent to LayerHierarchy{RequestedLayerState{Task=3879#18747 parentId=10 z=13} 2 children}
04-15 09:53:35.416 19294 19294 I VRI[ComponentActivity]@5967d0: handleAppVisibility mAppVisible = true visible = false
04-15 09:53:35.416 19294 19294 D VRI[ComponentActivity]@5967d0: visibilityChanged oldVisibility=true newVisibility=false
04-15 09:53:35.417 19294 19294 D LifecycleMonitor: Lifecycle status change: androidx.test.core.app.InstrumentationActivityInvoker$EmptyActivity@6adb649 in: PAUSED
04-15 09:53:35.417 19294 19294 V ActivityScenario: Activity lifecycle changed event received but ignored because the intent does not match. startActivityIntent=Intent { act=android.intent.action.MAIN cat=[android.intent.category.LAUNCHER] flg=0x10008000 cmp=com.catfact.app.feature.factdetail.test/androidx.activity.ComponentActivity }, activity.getIntent()=Intent { act=android.intent.action.MAIN cat=[android.intent.category.LAUNCHER] flg=0x10000000 xflg=0x4 cmp=com.catfact.app.feature.factdetail.test/androidx.test.core.app.InstrumentationActivityInvoker$EmptyActivity }, activity=androidx.test.core.app.InstrumentationActivityInvoker$EmptyActivity@6adb649
04-15 09:53:35.417  1542  1558 I SemDvfsHyPerManager: acquire hyper - AMS_ACT_RESUME/1542@19, type = -999
04-15 09:53:35.417  2000  2196 D HWUI    : CacheManager::trimMemory(20)
04-15 09:53:35.418  1059  1180 I HYPER-HAL: [RequestManager.cpp]acquire(): Acquired ID : 1219160  [1542 / 19]    HINT : AMS_ACT_RESUME    list :
04-15 09:53:35.418  1151  1151 I Layer   : id=18754 Destroyed Surface(name=8c5cec7 NavigationBar0)/@0xa68870 - animation-leash of insets_animation#18754
04-15 09:53:35.418  1151  1151 I Layer   : id=18753 Destroyed Surface(name=3edafdc StatusBar)/@0x3b919ed - animation-leash of insets_animation#18753
04-15 09:53:35.419  2461  2584 I HoneySpace.TopTaskSource: onTaskMovedToFront : taskId = 3514, displayId = 0
04-15 09:53:35.419  1542  1558 D InputDispatcher: Focused application(0): ActivityRecord{243114305 u0 com.google.android.calendar/.allinone.AllInOneCalendarActivity t3801}
04-15 09:53:35.419  1542  1825 D AS.MultiSoundManager: mForegroundUid = 10279
04-15 09:53:35.419  2461  2586 I HoneySpace.TopTaskUseCase: topTasks 3514 ComponentInfo{com.sec.android.app.launcher/com.sec.android.app.launcher.Launcher}[displayId=0]
04-15 09:53:35.422  1151  1200 I SurfaceFlinger: id=18765 Removed Transition Root: ActivityRecord{182827332 u0 com.catfact.app.feature.factdetail.test/androidx.test.core.app.InstrumentationActivityInvoker$EmptyActivity t3879}#18765 (214)
04-15 09:53:35.422  1151  1151 D SurfaceFlinger: Display 4633128672291735999 HWC layers:
04-15 09:53:35.422  1151  1151 D SurfaceFlinger:        DEVICE |           82867099009084 | 00002102 | RGBA_8888    |    0.0    0.0  720.0 1544.0 |    0    0  720 1544 | com.catfact.app.feature.factdetail.t[...]tyInvoker$EmptyActivity$_19294#18762 (1)
04-15 09:53:35.422  1151  1151 D SurfaceFlinger:        DEVICE |            8589934654704 | 00002100 | RGBA_8888    |    0.0    0.0  720.0   50.0 |    0    0  720   50 | StatusBar$_2000#102 (26399)
04-15 09:53:35.422  1151  1151 D SurfaceFlinger:        DEVICE |           10569914518889 | 00002100 | RGBA_8888    |    0.0    0.0   67.0  353.0 |  653  192  720  545 | com.sec.android.app.launcher/com.sam[...]l.app.CocktailBarService$_2461#16495 (1)
04-15 09:53:35.422  1151  1151 D SurfaceFlinger:        DEVICE |            8589934654693 | 00002100 | RGBA_8888    |    0.0    0.0  720.0   90.0 |    0 1454  720 1544 | NavigationBar0$_2000#98 (17183)
04-15 09:53:35.422  1151  1151 D SurfaceFlinger:
04-15 09:53:35.422  1542  2161 D InputDispatcher: Focus entered window (0): 86ce761 com.catfact.app.feature.factdetail.test/androidx.test.core.app.InstrumentationActivityInvoker$EmptyActivity
04-15 09:53:35.423  1542  1598 W libprocessgroup: SetCgroup::ExecuteForProcess: failed to open /dev/cpuctl/foreground-boost/cgroup.procs: No such file or directory
04-15 09:53:35.423  1542  2161 D GraphicsStatsService: requestRenderEngineFor(com.google.android.calendar)
04-15 09:53:35.423  1542  1582 D PkgPredictorService-SecIpmManagerServiceImpl: onForegroundActivitiesChanged pid:3979 uid:10279
04-15 09:53:35.424  1542  1582 D NetworkPolicy: already checked 10279
04-15 09:53:35.424  2461  4416 I HoneySpace.RecentTasks: onRecentTasksChanged
04-15 09:53:35.424  1151  1151 I SurfaceFlinger: [Display 0 name="Built-in Screen"#49] setFrameRateCategory: High
04-15 09:53:35.424  1151  1151 I SurfaceFlinger: destroyed Transition Root: ActivityRecord{182827332 u0 com.catfact.app.feature.factdetail.test/androidx.test.core.app.InstrumentationActivityInvoker$EmptyActivity t3879}#18765
04-15 09:53:35.425  1542  1582 D NetworkPolicy: already checked 10279
04-15 09:53:35.426  1151  1151 I Layer   : id=18765 Destroyed Transition Root: ActivityRecord{182827332 u0 com.catfact.app.feature.factdetail.test/androidx.test.core.app.InstrumentationActivityInvoker$EmptyActivity t3879}#18765
04-15 09:53:35.426  1542  3827 I WindowManager: Relayout Window{a40f3b6 u0 com.catfact.app.feature.factdetail.test/androidx.activity.ComponentActivity}: viewVisibility=8 req=720x1544 ty=1 d0
04-15 09:53:35.427  1542  1598 W libprocessgroup: SetCgroup::ExecuteForProcess: failed to open /dev/cpuctl/foreground-boost/cgroup.procs: No such file or directory
04-15 09:53:35.427  1542  1598 W libprocessgroup: SetCgroup::ExecuteForProcess: failed to open /dev/cpuctl/foreground-boost/cgroup.procs: No such file or directory
04-15 09:53:35.428  1542  3827 I WindowManager: Relayout hash=a40f3b6, pid=19294, syncId=-1: mAttrs={(0,0)(fillxfill) sim={adjust=pan forwardNavigation} layoutInDisplayCutoutMode=always ty=BASE_APPLICATION wanim=0x1030317
04-15 09:53:35.428  1542  3827 I WindowManager:   fl=81810100
04-15 09:53:35.428  1542  3827 I WindowManager:   pfl=100088c0
04-15 09:53:35.428  1542  3827 I WindowManager:   apr=210
04-15 09:53:35.428  1542  3827 I WindowManager:   bhv=1
04-15 09:53:35.428  1542  3827 I WindowManager:   fitSides=0
04-15 09:53:35.428  1542  3827 I WindowManager:   frameRateBoostOnTouch=true
04-15 09:53:35.428  1542  3827 I WindowManager:   dvrrWindowFrameRateHint=true naviIconColor=0}
04-15 09:53:35.430  1218  1218 I CameraService: onUidStateChanged: uid=10048, procState is changed. (0 -> 1)
04-15 09:53:35.430  2000  2000 D SystemUIService: SYSUI_RAM_OPTIMIZATION onTrimMemory=20
04-15 09:53:35.430  1542  4043 D InputDispatcher: Focus left window (0): 86ce761 com.catfact.app.feature.factdetail.test/androidx.test.core.app.InstrumentationActivityInvoker$EmptyActivity
04-15 09:53:35.430  2000  2120 D ViewRootImpl: desktopMode is false
04-15 09:53:35.430  2000  2120 I ViewRootImpl: dVRR is disabled
04-15 09:53:35.430  2000  2196 D NativeCustomFrequencyManager: [NativeCFMS] BpCustomFrequencyManager::BpCustomFrequencyManager()
04-15 09:53:35.431  2000  2000 D CentralSurfaces: SYSUI_RAM_OPTIMIZATION onTrimMemory=20
04-15 09:53:35.431 18525 18790 I Rubin   : [146] M.c0.k(Unknown Source) : Notify com.samsung.android.rubin.inferenceengine.contextanalytics.engine.loggers.AppUsageLogger's database is updated.
04-15 09:53:35.432  2000  2196 D HWUI    : CacheManager::trimMemory(20)
04-15 09:53:35.433  1151  1151 I BpBinder: onLastStrongRef automatically unlinking death recipients:
04-15 09:53:35.433  2000  2000 I {OngoingActivityController}: onTaskFocusChanged but OA data is empty
04-15 09:53:35.433  2461  2584 I HoneySpace.TopTaskSource: onTaskMovedToFront : taskId = 3801, displayId = 0
04-15 09:53:35.436 19294 19294 I VRI[ComponentActivity]@5967d0: Relayout returned: old=(0,0,720,1544) new=(0,0,720,1544) relayoutAsync=false req=(720,1544)8 dur=8 res=0x2 s={false 0x0} ch=true seqId=0
04-15 09:53:35.436 19294 19294 D VRI[ComponentActivity]@5967d0: Not drawing due to not visible. Reason=!mAppVisible && !mForceDecorViewVisibility
04-15 09:53:35.436  1542  4043 D InputTransport: Input channel constructed: 'ff8d2c2', fd=972
04-15 09:53:35.436 19294 19294 I ImeFocusController: onPreWindowFocus: skipped hasWindowFocus=false mHasImeFocus=true
04-15 09:53:35.436  1542  4043 D InputTransport: Input channel constructed: 'ff8d2c2', fd=1041
04-15 09:53:35.436 19294 19294 I ImeFocusController: onPostWindowFocus: skipped hasWindowFocus=false mHasImeFocus=true
04-15 09:53:35.436  1542  4043 D InputTransport: Input channel constructed: 'ff8d2c2', fd=1250
04-15 09:53:35.436  1542  4043 D InputTransport: Input channel destroyed: 'ff8d2c2', fd=1041
04-15 09:53:35.437  1151  2758 I SurfaceFlinger: id=18767 createSurf, flag=84004, ff8d2c2 Splash Screen com.google.android.calendar#18767
04-15 09:53:35.434  2461  2584 I HoneySpace.TopTaskSource: onTaskFocusChanged(): taskId = 3801
04-15 09:53:35.438  3723 26412 I [AirCmd]_ActivitySwitchDetector: onTaskFocusChanged : taskId=3801, componentName=ComponentInfo{com.google.android.calendar/com.google.android.calendar.allinone.AllInOneCalendarActivity}
04-15 09:53:35.438  3723 26412 I [AirCmd]_ActivitySwitchDetector: onTaskFocusChanged :mTopMostActivity = ComponentInfo{com.catfact.app.feature.factdetail.test/androidx.activity.ComponentActivity}
04-15 09:53:35.438  3723 26412 I [AirCmd]_CallbackRepeater: stopRepeat : isWorking=false
04-15 09:53:35.438  3723 26412 I [AirCmd]_MediaControlStateMonitor: isForegroundAppSupportsMediaButton : mediaSession is empty
04-15 09:53:35.439  2461  2586 I HoneySpace.TopTaskUseCase: topTasks 3801 ComponentInfo{com.google.android.calendar/com.google.android.calendar.allinone.AllInOneCalendarActivity}[displayId=0]
04-15 09:53:35.440  2461  2461 I HoneySpace.EdgePanel.CocktailHostRepositoryImpl: onNoteResume
04-15 09:53:35.440  2461  2461 I HoneySpace.EdgePanel.EdgePanelContainerViewModel: cocktailHostRepository.edgePanelOperation NoteResumeComponent(componentName=ComponentInfo{com.google.android.calendar/com.google.android.calendar.allinone.AllInOneCalendarActivity})
04-15 09:53:35.440  1542  4043 D InputTransport: Input channel destroyed: 'ff8d2c2', fd=1250
04-15 09:53:35.440  2461  2461 I HoneySpace.EdgePanel.ActivityUtils: HomePackage : com.sec.android.app.launcher, resumePackageName : com.google.android.calendar, className : com.google.android.calendar.allinone.AllInOneCalendarActivity
04-15 09:53:35.441  3723 26412 E [AirCmd]_MediaControlStateMonitor: getActiveNotificationPackageName : notification service monitor is null
04-15 09:53:35.441  3723 26412 I [AirCmd]_ButtonEventDetectionThread: enableDoubleClickDetection: enabled= true, doubleClickWaitInterval=300
04-15 09:53:35.441  1151  1151 I SurfaceFlinger: RequestedLayer [com.catfact.app.feature.factdetail.t[...]ivity.ComponentActivity$_19294#18752] hidden!! flag  from(0) --> to(1)
04-15 09:53:35.441  1151  1151 I SurfaceFlinger: [ff8d2c2 Splash Screen com.google.android.calendar#18767] attach to parent LayerHierarchy{RequestedLayerState{ActivityRecord{243114305 u0 com.google.android.calendar/.allinone.AllInOneCalendarActivity t3801}#16293 parentId=16292} 2 children}
04-15 09:53:35.441  2000  2120 D InputTransport: Input channel constructed: 'ff8d2c2', fd=700
04-15 09:53:35.443  3979  3979 I DecorView: setWindowBackground: isPopOver=false color=ff121318 d=android.graphics.drawable.ColorDrawable@19cacb7
04-15 09:53:35.443  2000  2120 I InsetsController: onStateChanged: host=Splash Screen com.google.android.calendar, from=android.view.ViewRootImpl.onInsetsStateChanged:3026, state=InsetsState: {mDisplayFrame=Rect(0, 0 - 720, 1544), mDisplayCutout=DisplayCutout{insets=Rect(0, 50 - 0, 0) waterfall=Insets{left=0, top=0, right=0, bottom=0} boundingRect={Bounds=[Rect(0, 0 - 0, 0), Rect(341, 0 - 379, 50), Rect(0, 0 - 0, 0), Rect(0, 0 - 0, 0)]} cutoutPathParserInfo={CutoutPathParserInfo{displayWidth=720 displayHeight=1544 physicalDisplayWidth=720 physicalDisplayHeight=1544 density={1.875} cutoutSpec={M 0,0 H -10 V 26.66666666666667 H 10 V 0 H 0 Z @dp} rotation={0} scale={1.0} physicalPixelDisplaySizeRatio={1.0}}} sideOverrides={}}, mRoundedCorners=RoundedCorners{[RoundedCorner{position=TopLeft, radius=8, center=Point(8, 8)}, RoundedCorner{position=TopRight, radius=8, center=Point(712, 8)}, RoundedCorner{position=BottomRight, radius=8, center=Point(712, 1536)}, RoundedCorner{position=BottomLeft, radius=8, center=Point(8, 1536)}]}  mRoundedCornerFrame=Rect(0, 0 - 720, 1544), mPrivacyIndicatorBounds=PrivacyIndicatorBounds {static bounds=Rect(637, 0 - 720, 50) rotation=0}, mDisplayShape=DisplayShape{ spec=-311912193 displayWidth=720 displayHeight=1544 physicalPixelDisplaySizeRatio=0.5 rotation=0 offsetX=0 offsetY=0 scale=1.0}, mSources= { InsetsSource: {ec730001 mType=navigationBars mFrame=[0,1454][720,1544] mVisible=true mFlags= mSideHint=BOTTOM mBoundingRects=null}, InsetsSource: {ec730004 mType=systemGestures mFrame=[0,0][0,0] mVisible=true mFlags= mSideHint=NONE mBoundingRects=null}, InsetsSource: {ec730005 mType=mandatorySystemGestures mFrame=[0,1454][720,1544] mVisible=true mFlags= mSideHint=BOTTOM mBoundingRects=null}, InsetsSource: {ec730006 mType=tappableElement mFrame=[0,1454][720,1544] mVisible=true mFlags= mSideHint=BOTTOM mBoundingRects=null}, InsetsSource: {ec730024 mType=systemGestures mFrame=[0,0][0,0] mVisible=true mFlags= mSideHint=NONE mBoundingRects=null}, InsetsSource: {3 mType=ime mFrame=[0,0][0,0] mVisible=false mFlags= mSideHint=NONE mBoundingRects=null}, InsetsSource: {27 mType=displayCutout mFrame=[0,0][720,50] mVisible=true mFlags= mSideHint=TOP mBoundingRects=null}, InsetsSource: {43950000 mType=statusBars mFrame=[0,0][720,50] mVisible=true mFlags= mSideHint=TOP mBoundingRects=null}, InsetsSource: {43950005 mType=mandatorySystemGestures mFrame=[0,0][720,73] mVisible=true mFlags= mSideHint=TOP mBoundingRects=null}, InsetsSource: {43950006 mType=tappableElement mFrame=[0,0][720,50] mVisible=true mFlags= mSideHint=TOP mBoundingRects=null} }
04-15 09:53:35.443  2000  2120 I VRI[calendar]@6227f29: onActiveControlsChanged, removed=false, mAdded=true, caller=android.view.ViewRootImpl.handleInsetsControlChanged:3002 android.view.ViewRootImpl.setView:2014 android.view.WindowManagerGlobal.addView:604 com.android.wm.shell.startingsurface.SplashscreenWindowCreator.addWindow:38 com.android.wm.shell.startingsurface.StartingWindowController$$ExternalSyntheticLambda4.run:1365
04-15 09:53:35.448  2000  2120 I VRI[calendar]@6227f29: synced displayState. AttachInfo displayState=2
