04-15 09:53:27.575 19294 19294 I View    : setRequestedFrameRate frameRate=-4.0, this=android.view.View{777c8ce V.ED..... ......I. 0,0-0,0}, caller=androidx.compose.ui.platform.Api35Impl.setRequestedFrameRate:3822 androidx.compose.ui.platform.AndroidComposeView.dispatchDraw:2115 android.view.View.draw:26345 android.view.View.updateDisplayListIfDirty:25175 android.view.View.draw:26072
04-15 09:53:27.580 19294 19294 I View    : setRequestedFrameRate frameRate=NaN, this=androidx.compose.ui.platform.AndroidComposeView{603a399 VFED..... ........ 0,0-720,1544 aid=1073741824}, caller=android.view.ViewGroup.setRequestedFrameRate:9952 androidx.compose.ui.platform.Api35Impl.setRequestedFrameRate:3822 androidx.compose.ui.platform.AndroidComposeView.dispatchDraw:2114 android.view.View.draw:26345 android.view.View.updateDisplayListIfDirty:25175
04-15 09:53:27.580 19294 19294 I View    : setRequestedFrameRate frameRate=-4.0, this=android.view.View{777c8ce V.ED..... ........ 0,0-0,0}, caller=androidx.compose.ui.platform.Api35Impl.setRequestedFrameRate:3822 androidx.compose.ui.platform.AndroidComposeView.dispatchDraw:2115 android.view.View.draw:26345 android.view.View.updateDisplayListIfDirty:25175 android.view.View.draw:26072
04-15 09:53:27.598  1144  1154 E HeatmapThread: ECT Thread time in milliseconds: 1776239607
04-15 09:53:27.598  1144  1154 D HeatmapThread: !@ batteryplugType : 0
04-15 09:53:27.598  1144  1154 D HeatmapThread: !@ batteryLevel : 0  batteryTemperature : 0
04-15 09:53:27.598  1144  1154 D HeatmapThread: !@ Heatmap currtime: 29603993
04-15 09:53:27.598  1144  1154 D HeatmapThread: !@ Heatmap prevtime: 29603990
04-15 09:53:27.598  1144  1154 D HeatmapThread: !@ Heatmap plugstarttime: 35791394
04-15 09:53:27.598  1144  1154 D HeatmapThread: !@ Heatmap prevv_dsoh_update_time: 29597770
04-15 09:53:27.598  1144  1154 E HeatmapThread: !@Could not open '/efs/FactoryApp/bsoh', errno = 13
04-15 09:53:27.598  1144  1154 E HeatmapThread: !@ CAM Could not access BSOH EFS
04-15 09:53:27.598  1144  1154 E HeatmapThread: !@ CAM New BSOH: 0
04-15 09:53:27.598  2000  2000 D QSClock : onDarkChanged tint=WHITE
04-15 09:53:27.624 19294 19294 I View    : setRequestedFrameRate frameRate=NaN, this=androidx.compose.ui.platform.AndroidComposeView{603a399 VFED..... ........ 0,0-720,1544 aid=1073741824}, caller=android.view.ViewGroup.setRequestedFrameRate:9952 androidx.compose.ui.platform.Api35Impl.setRequestedFrameRate:3822 androidx.compose.ui.platform.AndroidComposeView.dispatchDraw:2114 android.view.View.draw:26345 android.view.View.updateDisplayListIfDirty:25175
04-15 09:53:27.624 19294 19294 I View    : setRequestedFrameRate frameRate=NaN, this=android.view.View{777c8ce V.ED..... ........ 0,0-0,0}, caller=androidx.compose.ui.platform.Api35Impl.setRequestedFrameRate:3822 androidx.compose.ui.platform.AndroidComposeView.dispatchDraw:2115 android.view.View.draw:26345 android.view.View.updateDisplayListIfDirty:25175 android.view.ViewGroup.recreateChildDisplayList:4794
04-15 09:53:27.629  1542  2161 I SemDvfsHyPerManager: acquire hyper - AMS_ACT_START/1542@20, type = -999
04-15 09:53:27.629  1059  1180 I HYPER-HAL: [RequestManager.cpp]acquire(): Acquired ID : 1220723  [1542 / 20]    HINT : AMS_ACT_START    list :
04-15 09:53:27.630  1151  2758 I SurfaceFlinger: id=18548 createSurf, flag=84004, ActivityRecord{185853804 u0 com.catfact.app.feature.factdetail.test/androidx.test.core.app.InstrumentationActivityInvoker$EmptyActivity t3873}#18548
04-15 09:53:27.632  1151  1151 I SurfaceFlinger: SFWD update time=131952383966872
04-15 09:53:27.632  1151  1151 I SurfaceFlinger: [ActivityRecord{185853804 u0 com.catfact.app.feature.factdetail.test/androidx.test.core.app.InstrumentationActivityInvoker$EmptyActivity t3873}#18548] attach to parent LayerHierarchy{RequestedLayerState{Task=3873#18533 parentId=10 z=13} 2 children}
04-15 09:53:27.633  3152  3152 E pageboostd: Received HALT command code 2
04-15 09:53:27.634  2000  2105 D ShellDesktopMode: handleRequest: TransitionRequestInfo {type=1, tid=3873, debugId=1656}
04-15 09:53:27.635 19294 19294 D LifecycleMonitor: Lifecycle status change: androidx.activity.ComponentActivity@854e344 in: PAUSED
04-15 09:53:27.635 19294 19294 V ActivityScenario: Update currentActivityStage to PAUSED, currentActivity=androidx.activity.ComponentActivity@854e344
04-15 09:53:27.637  1542  2161 D InputDispatcher: Focused application(0): ActivityRecord{185853804 u0 com.catfact.app.feature.factdetail.test/androidx.test.core.app.InstrumentationActivityInvoker$EmptyActivity t3873}
04-15 09:53:27.638  1542  2161 D GraphicsStatsService: requestRenderEngineFor(com.catfact.app.feature.factdetail.test)
04-15 09:53:27.639 19294 19294 D LifecycleMonitor: Lifecycle status change: androidx.test.core.app.InstrumentationActivityInvoker$EmptyActivity@32fc583 in: PRE_ON_CREATE
04-15 09:53:27.639 19294 19294 V ActivityScenario: Activity lifecycle changed event received but ignored because the intent does not match. startActivityIntent=Intent { act=android.intent.action.MAIN cat=[android.intent.category.LAUNCHER] flg=0x10008000 cmp=com.catfact.app.feature.factdetail.test/androidx.activity.ComponentActivity }, activity.getIntent()=Intent { act=android.intent.action.MAIN cat=[android.intent.category.LAUNCHER] flg=0x10000000 xflg=0x4 cmp=com.catfact.app.feature.factdetail.test/androidx.test.core.app.InstrumentationActivityInvoker$EmptyActivity }, activity=androidx.test.core.app.InstrumentationActivityInvoker$EmptyActivity@32fc583
04-15 09:53:27.639  2461  2461 I HoneySpace.EdgePanel.CocktailHostRepositoryImpl: onNoteResume
04-15 09:53:27.639  2461  2461 I HoneySpace.EdgePanel.EdgePanelContainerViewModel: cocktailHostRepository.edgePanelOperation NoteResumeComponent(componentName=ComponentInfo{com.catfact.app.feature.factdetail.test/androidx.test.core.app.InstrumentationActivityInvoker$EmptyActivity})
04-15 09:53:27.639  2461  2461 I HoneySpace.EdgePanel.ActivityUtils: HomePackage : com.sec.android.app.launcher, resumePackageName : com.catfact.app.feature.factdetail.test, className : androidx.test.core.app.InstrumentationActivityInvoker$EmptyActivity
04-15 09:53:27.640  1151  1151 I SurfaceFlinger: [Display 0 name="Built-in Screen"#49] setFrameRateCategory: High
04-15 09:53:27.643 19294 19294 I DecorView: setWindowBackground: isPopOver=false color=ffffffff d=android.graphics.drawable.ColorDrawable@d49bdf5
04-15 09:53:27.643 19294 19294 D LifecycleMonitor: Lifecycle status change: androidx.test.core.app.InstrumentationActivityInvoker$EmptyActivity@32fc583 in: CREATED
04-15 09:53:27.643 19294 19294 V ActivityScenario: Activity lifecycle changed event received but ignored because the intent does not match. startActivityIntent=Intent { act=android.intent.action.MAIN cat=[android.intent.category.LAUNCHER] flg=0x10008000 cmp=com.catfact.app.feature.factdetail.test/androidx.activity.ComponentActivity }, activity.getIntent()=Intent { act=android.intent.action.MAIN cat=[android.intent.category.LAUNCHER] flg=0x10000000 xflg=0x4 cmp=com.catfact.app.feature.factdetail.test/androidx.test.core.app.InstrumentationActivityInvoker$EmptyActivity }, activity=androidx.test.core.app.InstrumentationActivityInvoker$EmptyActivity@32fc583
04-15 09:53:27.644 19294 19294 D LifecycleMonitor: Lifecycle status change: androidx.test.core.app.InstrumentationActivityInvoker$EmptyActivity@32fc583 in: STARTED
04-15 09:53:27.644 19294 19294 V ActivityScenario: Activity lifecycle changed event received but ignored because the intent does not match. startActivityIntent=Intent { act=android.intent.action.MAIN cat=[android.intent.category.LAUNCHER] flg=0x10008000 cmp=com.catfact.app.feature.factdetail.test/androidx.activity.ComponentActivity }, activity.getIntent()=Intent { act=android.intent.action.MAIN cat=[android.intent.category.LAUNCHER] flg=0x10000000 xflg=0x4 cmp=com.catfact.app.feature.factdetail.test/androidx.test.core.app.InstrumentationActivityInvoker$EmptyActivity }, activity=androidx.test.core.app.InstrumentationActivityInvoker$EmptyActivity@32fc583
04-15 09:53:27.645 19294 19294 D LifecycleMonitor: Lifecycle status change: androidx.test.core.app.InstrumentationActivityInvoker$EmptyActivity@32fc583 in: RESUMED
04-15 09:53:27.645 19294 19294 V ActivityScenario: Activity lifecycle changed event received but ignored because the intent does not match. startActivityIntent=Intent { act=android.intent.action.MAIN cat=[android.intent.category.LAUNCHER] flg=0x10008000 cmp=com.catfact.app.feature.factdetail.test/androidx.activity.ComponentActivity }, activity.getIntent()=Intent { act=android.intent.action.MAIN cat=[android.intent.category.LAUNCHER] flg=0x10000000 xflg=0x4 cmp=com.catfact.app.feature.factdetail.test/androidx.test.core.app.InstrumentationActivityInvoker$EmptyActivity }, activity=androidx.test.core.app.InstrumentationActivityInvoker$EmptyActivity@32fc583
04-15 09:53:27.645  2461  4432 I HoneySpace.Memory-Monitor: current state = 2, didTrim = false
04-15 09:53:27.645  2000  2125 D StackScroller: onDisplayChanged for predraw skip to 2
04-15 09:53:27.645 19294 19294 D ViewRootImpl: desktopMode is false
04-15 09:53:27.645 19294 19294 I ViewRootImpl: dVRR is disabled
04-15 09:53:27.645 19294 19332 D NativeCustomFrequencyManager: [NativeCFMS] BpCustomFrequencyManager::BpCustomFrequencyManager()
04-15 09:53:27.646  2000  2000 D DisplayLifecycle: updateDisplay id = 0
04-15 09:53:27.647  1542  2161 D InputTransport: Input channel constructed: 'e645070', fd=1248
04-15 09:53:27.647  1542  2161 D InputTransport: Input channel constructed: 'e645070', fd=1280
04-15 09:53:27.647  1542  2161 D InputTransport: Input channel constructed: 'e645070', fd=1306
04-15 09:53:27.647  1542  2161 D InputTransport: Input channel destroyed: 'e645070', fd=1280
04-15 09:53:27.647  1151  2758 I SurfaceFlinger: id=18549 createSurf, flag=84004, e645070 com.catfact.app.feature.factdetail.test/androidx.test.core.app.InstrumentationActivityInvoker$EmptyActivity#18549
04-15 09:53:27.648  1542  2161 D InputTransport: Input channel destroyed: 'e645070', fd=1306
04-15 09:53:27.649 19294 19294 D InputTransport: Input channel constructed: 'e645070', fd=153
04-15 09:53:27.649  1151  1151 I SurfaceFlinger: [LayerHierarchy{RequestedLayerState{ImeContainer#15 parentId=18534 relativeParentId=18534 z=1} 1 children}] RelativeParent to null
04-15 09:53:27.649  1151  1151 I SurfaceFlinger: [e645070 com.catfact.app.feature.factdetail.test/androidx.test.core.app.InstrumentationActivityInvoker$EmptyActivity#18549] attach to parent LayerHierarchy{RequestedLayerState{ActivityRecord{185853804 u0 com.catfact.app.feature.factdetail.test/androidx.test.core.app.InstrumentationActivityInvoker$EmptyActivity t3873}#18548 parentId=18533} 1 children}
04-15 09:53:27.649 19294 19294 I InsetsController: onStateChanged: host=com.catfact.app.feature.factdetail.test/androidx.test.core.app.InstrumentationActivityInvoker$EmptyActivity, from=android.view.ViewRootImpl.onInsetsStateChanged:3026, state=InsetsState: {mDisplayFrame=Rect(0, 0 - 720, 1544), mDisplayCutout=DisplayCutout{insets=Rect(0, 50 - 0, 0) waterfall=Insets{left=0, top=0, right=0, bottom=0} boundingRect={Bounds=[Rect(0, 0 - 0, 0), Rect(341, 0 - 379, 50), Rect(0, 0 - 0, 0), Rect(0, 0 - 0, 0)]} cutoutPathParserInfo={CutoutPathParserInfo{displayWidth=720 displayHeight=1544 physicalDisplayWidth=720 physicalDisplayHeight=1544 density={1.875} cutoutSpec={M 0,0 H -10 V 26.66666666666667 H 10 V 0 H 0 Z @dp} rotation={0} scale={1.0} physicalPixelDisplaySizeRatio={1.0}}} sideOverrides={}}, mRoundedCorners=RoundedCorners{[RoundedCorner{position=TopLeft, radius=8, center=Point(8, 8)}, RoundedCorner{position=TopRight, radius=8, center=Point(712, 8)}, RoundedCorner{position=BottomRight, radius=8, center=Point(712, 1536)}, RoundedCorner{position=BottomLeft, radius=8, center=Point(8, 1536)}]}  mRoundedCornerFrame=Rect(0, 0 - 720, 1544), mPrivacyIndicatorBounds=PrivacyIndicatorBounds {static bounds=Rect(637, 0 - 720, 50) rotation=0}, mDisplayShape=DisplayShape{ spec=-311912193 displayWidth=720 displayHeight=1544 physicalPixelDisplaySizeRatio=0.5 rotation=0 offsetX=0 offsetY=0 scale=1.0}, mSources= { InsetsSource: {ec730001 mType=navigationBars mFrame=[0,1454][720,1544] mVisible=true mFlags= mSideHint=BOTTOM mBoundingRects=null}, InsetsSource: {ec730004 mType=systemGestures mFrame=[0,0][0,0] mVisible=true mFlags= mSideHint=NONE mBoundingRects=null}, InsetsSource: {ec730005 mType=mandatorySystemGestures mFrame=[0,1454][720,1544] mVisible=true mFlags= mSideHint=BOTTOM mBoundingRects=null}, InsetsSource: {ec730006 mType=tappableElement mFrame=[0,1454][720,1544] mVisible=true mFlags= mSideHint=BOTTOM mBoundingRects=null}, InsetsSource: {ec730024 mType=systemGestures mFrame=[0,0][0,0] mVisible=true mFlags= mSideHint=NONE mBoundingRects=null}, InsetsSource: {3 mType=ime mFrame=[0,0][0,0] mVisible=false mFlags= mSideHint=NONE mBoundingRects=null}, InsetsSource: {27 mType=displayCutout mFrame=[0,0][720,50] mVisible=true mFlags= mSideHint=TOP mBoundingRects=null}, InsetsSource: {43950000 mType=statusBars mFrame=[0,0][720,50] mVisible=true mFlags= mSideHint=TOP mBoundingRects=null}, InsetsSource: {43950005 mType=mandatorySystemGestures mFrame=[0,0][720,73] mVisible=true mFlags= mSideHint=TOP mBoundingRects=null}, InsetsSource: {43950006 mType=tappableElement mFrame=[0,0][720,50] mVisible=true mFlags= mSideHint=TOP mBoundingRects=null} }
04-15 09:53:27.649 19294 19294 I VRI[InstrumentationActivityInvoker$EmptyActivity]@4486218: synced displayState. AttachInfo displayState=2
04-15 09:53:27.649 19294 19294 I VRI[InstrumentationActivityInvoker$EmptyActivity]@4486218: setView = com.android.internal.policy.DecorView@bf322d7 IsHRR=false mFlingFrameRateChange=0 TM=true
04-15 09:53:27.651  1542  2161 I WindowManager: Relayout Window{e645070 u0 com.catfact.app.feature.factdetail.test/androidx.test.core.app.InstrumentationActivityInvoker$EmptyActivity}: viewVisibility=0 req=720x1544 ty=1 d0
04-15 09:53:27.651  1151  2479 I SurfaceFlinger: id=18550 createSurf, flag=44004, com.catfact.app.feature.factdetail.test/androidx.test.core.app.InstrumentationActivityInvoker$EmptyActivity$_19294#18550
04-15 09:53:27.652  1542  2161 D SurfaceComposerClient: setCornerRadius ## e645070 com.catfact.app.feature.factdetail.test/androidx.test.core.app.InstrumentationActivityInvoker$EmptyActivity#18549 cornerRadius=0.000000
04-15 09:53:27.653  1542  2161 D SurfaceComposerClient: setCornerRadius ## e645070 com.catfact.app.feature.factdetail.test/androidx.test.core.app.InstrumentationActivityInvoker$EmptyActivity#18549 cornerRadius=0.000000
04-15 09:53:27.653  1151  1338 D SurfaceFlinger: [input] setFocusedWindow: <null>
04-15 09:53:27.653  1542  1558 D InputDispatcher: Once focus requested (0): <null>
04-15 09:53:27.653  1542  1558 D InputDispatcher: Focus request (0): <null> but waiting because NO_WINDOW
04-15 09:53:27.653  1542  1558 D InputDispatcher: Focus left window (0): 5d066e4 com.catfact.app.feature.factdetail.test/androidx.activity.ComponentActivity
04-15 09:53:27.653  1151  2479 I SurfaceFlinger: id=18551 createSurf, flag=24000, Surface(name=3edafdc StatusBar)/@0x3b919ed - animation-leash of insets_animation#18551
04-15 09:53:27.654  1151  2479 I SurfaceFlinger: id=18552 createSurf, flag=24000, Surface(name=8c5cec7 NavigationBar0)/@0xa68870 - animation-leash of insets_animation#18552
04-15 09:53:27.655  1542  2161 I SystemKeyManager: requested systemKeyInfo size=1 focusedWindow=com.catfact.app.feature.factdetail.test/androidx.test.core.app.InstrumentationActivityInvoker$EmptyActivity
04-15 09:53:27.655  1542  2161 I SystemKeyManager: requested systemKeyInfo size=1 focusedWindow=com.catfact.app.feature.factdetail.test/androidx.test.core.app.InstrumentationActivityInvoker$EmptyActivity
04-15 09:53:27.656  2000  2000 D NavigationBar: onSystemBarAttributesChanged() -  displayId:0, appearance:16, packageName: com.catfact.app.feature.factdetail.test (APPEARANCE_LIGHT_NAVIGATION_BARS ), navbarColorManagedByIme:false
04-15 09:53:27.656  1542  2161 I WindowManager: Relayout hash=e645070, pid=19294, syncId=-1: mAttrs={(0,0)(fillxfill) sim={adjust=pan forwardNavigation} layoutInDisplayCutoutMode=always ty=BASE_APPLICATION
04-15 09:53:27.656  1542  2161 I WindowManager:   fl=81810100
04-15 09:53:27.656  1542  2161 I WindowManager:   pfl=100088c0
04-15 09:53:27.656  1542  2161 I WindowManager:   bhv=1
04-15 09:53:27.656  1542  2161 I WindowManager:   fitSides=0
04-15 09:53:27.656  1542  2161 I WindowManager:   frameRateBoostOnTouch=true
04-15 09:53:27.656  1542  2161 I WindowManager:   dvrrWindowFrameRateHint=true naviIconColor=0}
04-15 09:53:27.657 19294 19294 I BLASTBufferQueue_Java: new BLASTBufferQueue, mName= VRI[InstrumentationActivityInvoker$EmptyActivity]@4486218 mNativeObject= 0xb40000741c56f850 caller= android.view.ViewRootImpl.updateBlastSurfaceIfNeeded:3585 android.view.ViewRootImpl.relayoutWindow:11685 android.view.ViewRootImpl.performTraversals:4804 android.view.ViewRootImpl.doTraversal:3924 android.view.ViewRootImpl$TraversalRunnable.run:12903 android.view.Choreographer$CallbackRecord.run:1901 android.view.Choreographer$CallbackRecord.run:1910 android.view.Choreographer.doCallbacks:1367 android.view.Choreographer.doFrame:1292 android.view.Choreographer$FrameDisplayEventReceiver.run:1870
04-15 09:53:27.657 19294 19294 I BLASTBufferQueue_Java: update, w= 720 h= 1544 mName = VRI[InstrumentationActivityInvoker$EmptyActivity]@4486218 mNativeObject= 0xb40000741c56f850 sc.mNativeObject= 0xb40000751c4f2210 format= -1 caller= android.view.ViewRootImpl.updateBlastSurfaceIfNeeded:3590 android.view.ViewRootImpl.relayoutWindow:11685 android.view.ViewRootImpl.performTraversals:4804 android.view.ViewRootImpl.doTraversal:3924 android.view.ViewRootImpl$TraversalRunnable.run:12903 android.view.Choreographer$CallbackRecord.run:1901
04-15 09:53:27.657 19294 19294 I VRI[InstrumentationActivityInvoker$EmptyActivity]@4486218: Relayout returned: old=(0,0,720,1544) new=(0,0,720,1544) relayoutAsync=false req=(720,1544)0 dur=5 res=0x3 s={true 0xb40000748c53bdd0} ch=true seqId=0
04-15 09:53:27.657  1151  1151 I SurfaceFlinger: [com.catfact.app.feature.factdetail.test/androidx.test.core.app.InstrumentationActivityInvoker$EmptyActivity$_19294#18550] attach to parent LayerHierarchy{RequestedLayerState{e645070 com.catfact.app.feature.factdetail.test/androidx.test.core.app.InstrumentationActivityInvoker$EmptyActivity#18549 parentId=18548} 1 children}
04-15 09:53:27.657  1151  1151 I SurfaceFlinger: [Surface(name=3edafdc StatusBar)/@0x3b919ed - animation-leash of insets_animation#18551] attach to parent LayerHierarchy{RequestedLayerState{WindowToken{7a8fc4f type=2000 android.os.BinderProxy@a9d7329}#94 parentId=17} 2 children}
04-15 09:53:27.657  1151  1151 I SurfaceFlinger: [Surface(name=8c5cec7 NavigationBar0)/@0xa68870 - animation-leash of insets_animation#18552] attach to parent LayerHierarchy{RequestedLayerState{WindowToken{fc018e2 type=2019 android.os.BinderProxy@bda3ac4}#90 parentId=34} 2 children}
04-15 09:53:27.657 19294 19294 I VRI[InstrumentationActivityInvoker$EmptyActivity]@4486218: performConfigurationChange setNightDimText nightDimLevel=0
04-15 09:53:27.657 19294 19294 D VRI[InstrumentationActivityInvoker$EmptyActivity]@4486218: mThreadedRenderer.initialize() mSurface={isValid=true 0xb40000748c53bdd0} hwInitialized=true
04-15 09:53:27.658 19294 19294 D VRI[InstrumentationActivityInvoker$EmptyActivity]@4486218: reportNextDraw android.view.ViewRootImpl.performTraversals:5443 android.view.ViewRootImpl.doTraversal:3924 android.view.ViewRootImpl$TraversalRunnable.run:12903 android.view.Choreographer$CallbackRecord.run:1901 android.view.Choreographer$CallbackRecord.run:1910
04-15 09:53:27.658 19294 19294 D VRI[InstrumentationActivityInvoker$EmptyActivity]@4486218: Setup new sync=wmsSync-VRI[InstrumentationActivityInvoker$EmptyActivity]@4486218#6
04-15 09:53:27.658 19294 19294 I VRI[InstrumentationActivityInvoker$EmptyActivity]@4486218: Creating new active sync group VRI[InstrumentationActivityInvoker$EmptyActivity]@4486218#7
04-15 09:53:27.658 19294 19294 D VRI[InstrumentationActivityInvoker$EmptyActivity]@4486218: registerCallbacksForSync syncBuffer=false
04-15 09:53:27.658 19294 19345 D VRI[InstrumentationActivityInvoker$EmptyActivity]@4486218: Received frameDrawingCallback syncResult=0 frameNum=1.
04-15 09:53:27.658 19294 19345 I VRI[InstrumentationActivityInvoker$EmptyActivity]@4486218: mWNT: t=0xb4000074fc521710 mBlastBufferQueue=0xb40000741c56f850 fn= 1 HdrRenderState mRenderHdrSdrRatio=1.0 caller= android.view.ViewRootImpl$12.onFrameDraw:15441 android.view.ThreadedRenderer$1.onFrameDraw:718 <bottom of call stack>
04-15 09:53:27.658 19294 19345 I VRI[InstrumentationActivityInvoker$EmptyActivity]@4486218: Setting up sync and frameCommitCallback
04-15 09:53:27.659 19294 19332 I BLASTBufferQueue: [VRI[InstrumentationActivityInvoker$EmptyActivity]@4486218#3](f:0,a:0,s:0) onFrameAvailable the first frame is available
04-15 09:53:27.659 19294 19332 I VRI[InstrumentationActivityInvoker$EmptyActivity]@4486218: Received frameCommittedCallback lastAttemptedDrawFrameNum=1 didProduceBuffer=true
04-15 09:53:27.659  1151  1200 I SurfaceFlinger: [com.catfact.app.feature.factdetail.test/androidx.test.core.app.InstrumentationActivityInvoker$EmptyActivity$_19294#18550] setTransactionState with the first frame. bufferData(ID: 82867099009036, frameNumber: 1)
04-15 09:53:27.660 19294 19332 D HWUI    : CFMS:: SetUp Pid : 19294    Tid : 19332
04-15 09:53:27.660 19294 19294 D VRI[InstrumentationActivityInvoker$EmptyActivity]@4486218: reportDrawFinished seqId=0
04-15 09:53:27.660  1542  1585 D SurfaceComposerClient: setCornerRadius ## e645070 com.catfact.app.feature.factdetail.test/androidx.test.core.app.InstrumentationActivityInvoker$EmptyActivity#18549 cornerRadius=0.000000
04-15 09:53:27.660 19294 19332 D HWUI    : HWUI - treat SMPTE_170M as sRGB
04-15 09:53:27.661  1542  1585 D SurfaceComposerClient: setCornerRadius ## e645070 com.catfact.app.feature.factdetail.test/androidx.test.core.app.InstrumentationActivityInvoker$EmptyActivity#18549 cornerRadius=0.000000
04-15 09:53:27.661  1542  1585 I SemDvfsHyPerManager: acquire hyper - AMS_RESUME_TAIL/1542@22, type = -999
04-15 09:53:27.661  1542  1585 I SemDvfsHyPerManager: acquire hyper - AMS_ACT_LAZY/1542@23, type = -999
04-15 09:53:27.661  1059  1180 I HYPER-HAL: [RequestManager.cpp]acquire(): Acquired ID : 1223852  [1542 / 22]    HINT : AMS_RESUME_TAIL    list :
04-15 09:53:27.661  1151  1200 I SurfaceFlinger: id=18553 createSurf, flag=84004, Transition Root: ActivityRecord{185853804 u0 com.catfact.app.feature.factdetail.test/androidx.test.core.app.InstrumentationActivityInvoker$EmptyActivity t3873}#18553
04-15 09:53:27.662 19294 19294 I ImeFocusController: onPreWindowFocus: skipped hasWindowFocus=false mHasImeFocus=true
04-15 09:53:27.662 19294 19294 I ImeFocusController: onPostWindowFocus: skipped hasWindowFocus=false mHasImeFocus=true
04-15 09:53:27.662  1059  1180 I HYPER-HAL: [RequestManager.cpp]releaseLocked(): Released ID : 1220723
04-15 09:53:27.663  1542  1585 I SurfaceControlRegistry: show, t=StartTransaction_SyncId<1656> sc=ActivityRecord{185853804 u0 com.catfact.app.feature.factdetail.test/androidx.test.core.app.InstrumentationActivityInvoker$EmptyActivity t3873}, caller=android.view.SurfaceControl$Transaction.show:3557 com.android.server.wm.Transition.onTransactionReady:2048 com.android.server.wm.BLASTSyncEngine$SyncGroup.finishNow:240 com.android.server.wm.BLASTSyncEngine.onSurfacePlacement:263 com.android.server.wm.RootWindowContainer.performSurfacePlacementNoTrace:1083 com.android.server.wm.WindowSurfacePlacer.performSurfacePlacement:166
04-15 09:53:27.663  1542  1585 D SurfaceComposerClient: setCornerRadius ## ActivityRecord{192128459 u0 com.catfact.app.feature.factdetail.test/androidx.activity.ComponentActivity t3873}#18534 cornerRadius=0.000000
04-15 09:53:27.663  1542  1585 D SurfaceComposerClient: setCornerRadius ## ActivityRecord{185853804 u0 com.catfact.app.feature.factdetail.test/androidx.test.core.app.InstrumentationActivityInvoker$EmptyActivity t3873}#18548 cornerRadius=0.000000
04-15 09:53:27.664  1542  1585 D ScreenCapture: [Capture_TEST] : setIsScreenShotBySystem false
04-15 09:53:27.664  1542  1585 I SurfaceComposerClient: captureLayers:childrenOnly:1, sync:1
04-15 09:53:27.664  1542  1581 I ActivityTaskManager: Displayed com.catfact.app.feature.factdetail.test/androidx.test.core.app.InstrumentationActivityInvoker$EmptyActivity for user 0: +33ms
04-15 09:53:27.664  3152  3152 E pageboostd: Received HALT command code 2
04-15 09:53:27.664  2000  2105 I SurfaceControlRegistry: hide, t=FinishTransaction_SyncId<1656> sc=ActivityRecord{192128459 u0 com.catfact.app.feature.factdetail.test/androidx.activity.ComponentActivity t3873}, caller=android.view.SurfaceControl$Transaction.hide:3583 com.android.wm.shell.transition.Transitions.dispatchReady:1263 com.android.wm.shell.transition.Transitions.onTransitionReady:251 com.android.wm.shell.transition.Transitions$TransitionPlayerImpl$$ExternalSyntheticLambda0.run:13 android.os.Handler.handleCallback:995 android.os.Handler.dispatchMessage:103
04-15 09:53:27.664  2000  2105 I SurfaceControlRegistry: show, t=StartTransaction_SyncId<1656> sc=ActivityRecord{185853804 u0 com.catfact.app.feature.factdetail.test/androidx.test.core.app.InstrumentationActivityInvoker$EmptyActivity t3873}, caller=android.view.SurfaceControl$Transaction.show:3557 com.android.wm.shell.transition.Transitions.dispatchReady:1279 com.android.wm.shell.transition.Transitions.onTransitionReady:251 com.android.wm.shell.transition.Transitions$TransitionPlayerImpl$$ExternalSyntheticLambda0.run:13 android.os.Handler.handleCallback:995 android.os.Handler.dispatchMessage:103
04-15 09:53:27.664  2000  2105 I SurfaceControlRegistry: show, t=FinishTransaction_SyncId<1656> sc=ActivityRecord{185853804 u0 com.catfact.app.feature.factdetail.test/androidx.test.core.app.InstrumentationActivityInvoker$EmptyActivity t3873}, caller=android.view.SurfaceControl$Transaction.show:3557 com.android.wm.shell.transition.Transitions.dispatchReady:1330 com.android.wm.shell.transition.Transitions.onTransitionReady:251 com.android.wm.shell.transition.Transitions$TransitionPlayerImpl$$ExternalSyntheticLambda0.run:13 android.os.Handler.handleCallback:995 android.os.Handler.dispatchMessage:103
04-15 09:53:27.664  2000  2105 I SurfaceControlRegistry: show, t=StartTransaction_SyncId<1656> sc=Transition Root: ActivityRecord{185853804 u0 com.catfact.app.feature.factdetail.test/androidx.test.core.app.InstrumentationActivityInvoker$EmptyActivity t3873}, caller=android.view.SurfaceControl$Transaction.show:3557 com.android.wm.shell.transition.Transitions.playTransition:79 com.android.wm.shell.transition.Transitions.processReadyQueue:239 com.android.wm.shell.transition.Transitions.dispatchReady:1352 com.android.wm.shell.transition.Transitions.onTransitionReady:251 com.android.wm.shell.transition.Transitions$TransitionPlayerImpl$$ExternalSyntheticLambda0.run:13
04-15 09:53:27.665  2000  2105 I SurfaceControlRegistry: apply, t=StartTransaction_SyncId<1656>, caller=android.view.SurfaceControl$Transaction.apply:3459 android.view.SurfaceControl$Transaction.apply:3447 android.view.SurfaceControl$Transaction.apply:3397 com.android.wm.shell.transition.DefaultTransitionHandler.startAnimation:3387 com.android.wm.shell.transition.Transitions.dispatchTransition:90 com.android.wm.shell.transition.Transitions.playTransition:774
04-15 09:53:27.665  1151  1200 I SurfaceFlinger: Capture layer list: 	 com.catfact.app.feature.factdetail.test/androidx.activity.ComponentActivity$_19294#18542(seamlessTransition:0)
04-15 09:53:27.665  1151  1200 I CompositionEngine: [setDisplaySize] size=(720, 1544)
04-15 09:53:27.665  2000  2105 I SurfaceControlRegistry: apply, t=FinishTransaction_SyncId<1656>, caller=android.view.SurfaceControl$Transaction.apply:3459 android.view.SurfaceControl$Transaction.apply:3447 android.view.SurfaceControl$Transaction.apply:3397 com.android.wm.shell.transition.Transitions.onFinish:315 com.android.wm.shell.transition.Transitions$$ExternalSyntheticLambda7.onTransitionFinished:12 com.android.wm.shell.transition.DefaultTransitionHandler$$ExternalSyntheticLambda2.run:36
04-15 09:53:27.666  1151  1206 D RenderEngine: [SEC_SF_EFFECTS] drawLayersInternal,1494, Rendering layer ScreenCaptureFillLayer at index 0
04-15 09:53:27.666  1151  1206 D RenderEngine: [SEC_SF_EFFECTS] drawLayersInternal,1494, Rendering layer com.catfact.app.feature.factdetail.test/androidx.activity.ComponentActivity$_19294#18542 at index 1
04-15 09:53:27.666  1151  1151 I SurfaceFlinger: RequestedLayer [ActivityRecord{185853804 u0 com.catf[...]tyInvoker$EmptyActivity t3873}#18548] hidden!! flag  from(1) --> to(0)
04-15 09:53:27.666  1151  1151 E SurfaceFlinger: alpha changed 1.000 -> 0.000 - ActivityRecord{185853804 u0 com.catfact.app.feature.factdetail.test/androidx.test.core.app.InstrumentationActivityInvoker$EmptyActivity t3873}#18548
04-15 09:53:27.666  1151  1151 I SurfaceFlinger: RequestedLayer [e645070 com.catfact.app.feature.fact[...]nActivityInvoker$EmptyActivity#18549] hidden!! flag  from(1) --> to(0)
04-15 09:53:27.666  1151  1151 I SurfaceFlinger: RequestedLayer [com.catfact.app.feature.factdetail.t[...]tyInvoker$EmptyActivity$_19294#18550] hidden!! flag  from(1) --> to(0)
04-15 09:53:27.666  1151  1151 I SurfaceFlinger: RequestedLayer [Transition Root: ActivityRecord{1858[...]tyInvoker$EmptyActivity t3873}#18553] hidden!! flag  from(1) --> to(0)
04-15 09:53:27.666  1151  1151 I SurfaceFlinger: [LayerHierarchy{RequestedLayerState{8c5cec7 NavigationBar0#91 parentId=18552} 1 children}] reparent to LayerHierarchy{RequestedLayerState{Surface(name=8c5cec7 NavigationBar0)/@0xa68870 - animation-leash of insets_animation#18552 parentId=90} 1 children}
04-15 09:53:27.666  1151  1151 I SurfaceFlinger: [LayerHierarchy{RequestedLayerState{3edafdc StatusBar#95 parentId=18551} 1 children}] reparent to LayerHierarchy{RequestedLayerState{Surface(name=3edafdc StatusBar)/@0x3b919ed - animation-leash of insets_animation#18551 parentId=94} 1 children}
04-15 09:53:27.666  1151  1151 I SurfaceFlinger: [LayerHierarchy{RequestedLayerState{Surface(name=8c5cec7 NavigationBar0)/@0xa68870 - animation-leash of insets_animation#18544} no children}] reparent to OffscreenRoot
04-15 09:53:27.666  1151  1151 I SurfaceFlinger: [LayerHierarchy{RequestedLayerState{Surface(name=8c5cec7 NavigationBar0)/@0xa68870 - animation-leash of insets_animation#18544} no children}] RelativeParent to null
04-15 09:53:27.666  1151  1151 I SurfaceFlinger: [LayerHierarchy{RequestedLayerState{Surface(name=3edafdc StatusBar)/@0x3b919ed - animation-leash of insets_animation#18543} no children}] reparent to OffscreenRoot
04-15 09:53:27.666  1151  1151 I SurfaceFlinger: [LayerHierarchy{RequestedLayerState{Surface(name=3edafdc StatusBar)/@0x3b919ed - animation-leash of insets_animation#18543} no children}] RelativeParent to null
04-15 09:53:27.666  1151  1151 I SurfaceFlinger: [LayerHierarchy{RequestedLayerState{ActivityRecord{192128459 u0 com.catfact.app.feature.factdetail.test/androidx.activity.ComponentActivity t3873}#18534 parentId=18553 z=2} 3 children}] reparent to LayerHierarchy{RequestedLayerState{Transition Root: ActivityRecord{185853804 u0 com.catfact.app.feature.factdetail.test/androidx.test.core.app.InstrumentationActivityInvoker$EmptyActivity t3873}#18553 parentId=18533 z=1} 1 children}
04-15 09:53:27.666  1151  1151 I SurfaceFlinger: [LayerHierarchy{RequestedLayerState{ActivityRecord{185853804 u0 com.catfact.app.feature.factdetail.test/androidx.test.core.app.InstrumentationActivityInvoker$EmptyActivity t3873}#18548 parentId=18553 z=5} 1 children}] reparent to LayerHierarchy{RequestedLayerState{Transition Root: ActivityRecord{185853804 u0 com.catfact.app.feature.factdetail.test/androidx.test.core.app.InstrumentationActivityInvoker$EmptyActivity t3873}#18553 parentId=18533 z=1} 2 children}
04-15 09:53:27.666  1151  1151 I SurfaceFlinger: [Transition Root: ActivityRecord{185853804 u0 com.catfact.app.feature.factdetail.test/androidx.test.core.app.InstrumentationActivityInvoker$EmptyActivity t3873}#18553] attach to parent LayerHierarchy{RequestedLayerState{Task=3873#18533 parentId=10 z=13} 1 children}
04-15 09:53:27.667  1542  1585 D SurfaceComposerClient: setCornerRadius ## e645070 com.catfact.app.feature.factdetail.test/androidx.test.core.app.InstrumentationActivityInvoker$EmptyActivity#18549 cornerRadius=0.000000
04-15 09:53:27.668  1542  1585 D SurfaceComposerClient: setCornerRadius ## e645070 com.catfact.app.feature.factdetail.test/androidx.test.core.app.InstrumentationActivityInvoker$EmptyActivity#18549 cornerRadius=0.000000
04-15 09:53:27.668  2000  2000 D NavigationBar: onSystemBarAttributesChanged() -  displayId:0, appearance:0, packageName: com.catfact.app.feature.factdetail.test, navbarColorManagedByIme:false
04-15 09:53:27.669  2000  2000 D SamsungLightBarControlHelper: updateNavigationBar (WHITE button) isLightOpaque:false, hasLightNavigationBarFlag:false, packageName:com.catfact.app.feature.factdetail.test, DirectReplying:false, NavBarColorMangedByIme:false, ForceDarkForScrim:false, ForceLightForScrim:false, QsCustomizing:false, QsExpanded:false
04-15 09:53:27.669  1151  1338 D SurfaceFlinger: [input] setFocusedWindow: e645070 com.catfact.app.feature.factdetail.test/androidx.test.core.app.InstrumentationActivityInvoker$EmptyActivity
04-15 09:53:27.670  1542  4043 D InputDispatcher: Once focus requested (0): e645070 com.catfact.app.feature.factdetail.test/androidx.test.core.app.InstrumentationActivityInvoker$EmptyActivity
04-15 09:53:27.670  1542  4043 D InputDispatcher: Focus request (0): e645070 com.catfact.app.feature.factdetail.test/androidx.test.core.app.InstrumentationActivityInvoker$EmptyActivity but waiting because NOT_VISIBLE
04-15 09:53:27.670  1151  1200 I SurfaceFlinger: id=18554 createSurf, flag=84000, 7529fbe ActivityRecordInputSink com.catfact.app.feature.factdetail.test/androidx.test.core.app.InstrumentationActivityInvoker$EmptyActivity#18554
04-15 09:53:27.673 19294 19294 I VRI[ComponentActivity]@3ae216b: handleAppVisibility mAppVisible = true visible = false
04-15 09:53:27.673 19294 19294 D VRI[ComponentActivity]@3ae216b: visibilityChanged oldVisibility=true newVisibility=false
04-15 09:53:27.673 19294 19294 I VRI[ComponentActivity]@3ae216b: stopped(true) old = false
04-15 09:53:27.673 19294 19294 D VRI[ComponentActivity]@3ae216b: WindowStopped on com.catfact.app.feature.factdetail.test/androidx.activity.ComponentActivity set to true
04-15 09:53:27.674  1151  1151 I SurfaceFlinger: RequestedLayer [ActivityRecord{192128459 u0 com.catf[...]ivity.ComponentActivity t3873}#18534] hidden!! flag  from(0) --> to(1)
04-15 09:53:27.674  1151  1151 E SurfaceFlinger: alpha changed 0.000 -> 1.000 - ActivityRecord{185853804 u0 com.catfact.app.feature.factdetail.test/androidx.test.core.app.InstrumentationActivityInvoker$EmptyActivity t3873}#18548
04-15 09:53:27.674  1151  1151 I SurfaceFlinger: [Display 0 name="Built-in Screen"#49] setFrameRateCategory: Default
04-15 09:53:27.674  1151  1151 I SurfaceFlinger: RequestedLayer [com.catfact.app.feature.factdetail.t[...]ivity.ComponentActivity$_19294#18542] hidden!! flag  from(0) --> to(1)
04-15 09:53:27.674 19294 19294 D LifecycleMonitor: Lifecycle status change: androidx.activity.ComponentActivity@854e344 in: STOPPED
04-15 09:53:27.674  1151  1151 I SurfaceFlinger: [LayerHierarchy{RequestedLayerState{ActivityRecord{192128459 u0 com.catfact.app.feature.factdetail.test/androidx.activity.ComponentActivity t3873}#18534 parentId=18533} 3 children}] reparent to LayerHierarchy{RequestedLayerState{Task=3873#18533 parentId=10 z=13} 2 children}
04-15 09:53:27.674  1151  1151 I SurfaceFlinger: [LayerHierarchy{RequestedLayerState{ActivityRecord{185853804 u0 com.catfact.app.feature.factdetail.test/androidx.test.core.app.InstrumentationActivityInvoker$EmptyActivity t3873}#18548 parentId=18533 z=1} 1 children}] reparent to LayerHierarchy{RequestedLayerState{Task=3873#18533 parentId=10 z=13} 3 children}
04-15 09:53:27.674  1151  1151 I SurfaceFlinger: [LayerHierarchy{RequestedLayerState{Transition Root: ActivityRecord{185853804 u0 com.catfact.app.feature.factdetail.test/androidx.test.core.app.InstrumentationActivityInvoker$EmptyActivity t3873}#18553 z=1} no children}] reparent to OffscreenRoot
04-15 09:53:27.674  1151  1151 I SurfaceFlinger: [LayerHierarchy{RequestedLayerState{Transition Root: ActivityRecord{185853804 u0 com.catfact.app.feature.factdetail.test/androidx.test.core.app.InstrumentationActivityInvoker$EmptyActivity t3873}#18553 z=1} no children}] RelativeParent to null
04-15 09:53:27.674  1151  1151 I SurfaceFlinger: [7529fbe ActivityRecordInputSink com.catfact.app.feature.factdetail.test/androidx.test.core.app.InstrumentationActivityInvoker$EmptyActivity#18554] attach to parent LayerHierarchy{RequestedLayerState{ActivityRecord{185853804 u0 com.catfact.app.feature.factdetail.test/androidx.test.core.app.InstrumentationActivityInvoker$EmptyActivity t3873}#18548 parentId=18533 z=1} 2 children}
04-15 09:53:27.674 19294 19294 V ActivityScenario: Update currentActivityStage to STOPPED, currentActivity=androidx.activity.ComponentActivity@854e344
04-15 09:53:27.675  2000  2000 D SystemUIService: SYSUI_RAM_OPTIMIZATION onTrimMemory=20
04-15 09:53:27.675  2000  2000 D CentralSurfaces: SYSUI_RAM_OPTIMIZATION onTrimMemory=20
04-15 09:53:27.676  1151  1151 I SurfaceFlinger: id=18553 Removed Transition Root: ActivityRecord{185853804 u0 com.catfact.app.feature.factdetail.test/androidx.test.core.app.InstrumentationActivityInvoker$EmptyActivity t3873}#18553 (174)
04-15 09:53:27.676  2000  2196 D HWUI    : CacheManager::trimMemory(20)
04-15 09:53:27.678  1542  1585 D SurfaceComposerClient: setCornerRadius ## e645070 com.catfact.app.feature.factdetail.test/androidx.test.core.app.InstrumentationActivityInvoker$EmptyActivity#18549 cornerRadius=0.000000
04-15 09:53:27.678  2461  4432 I HoneySpace.Memory-Monitor: current state = 2, didTrim = false
04-15 09:53:27.678  2000  2000 D DisplayLifecycle: updateDisplay id = 0
04-15 09:53:27.678  2000  2125 D StackScroller: onDisplayChanged for predraw skip to 2
04-15 09:53:27.680  1151  1151 D SurfaceFlinger: Display 4633128672291735999 HWC layers:
04-15 09:53:27.680  1151  1151 D SurfaceFlinger:        DEVICE |           82867099009036 | 00002102 | RGBA_8888    |    0.0    0.0  720.0 1544.0 |    0    0  720 1544 | com.catfact.app.feature.factdetail.t[...]tyInvoker$EmptyActivity$_19294#18550 (1)
04-15 09:53:27.680  1151  1151 D SurfaceFlinger:        DEVICE |            8589934654694 | 00002100 | RGBA_8888    |    0.0    0.0  720.0   50.0 |    0    0  720   50 | StatusBar$_2000#102 (26217)
04-15 09:53:27.680  1151  1151 D SurfaceFlinger:        DEVICE |           10569914518889 | 00002100 | RGBA_8888    |    0.0    0.0   67.0  353.0 |  653  192  720  545 | com.sec.android.app.launcher/com.sam[...]l.app.CocktailBarService$_2461#16495 (1)
04-15 09:53:27.680  1151  1151 D SurfaceFlinger:        DEVICE |            8589934654693 | 00002100 | RGBA_8888    |    0.0    0.0  720.0   90.0 |    0 1454  720 1544 | NavigationBar0$_2000#98 (16995)
04-15 09:53:27.680  1151  1151 D SurfaceFlinger:
04-15 09:53:27.681  1542  2161 D InputDispatcher: Focus entered window (0): e645070 com.catfact.app.feature.factdetail.test/androidx.test.core.app.InstrumentationActivityInvoker$EmptyActivity
04-15 09:53:27.682  1151  1151 I SurfaceFlinger: destroyed Transition Root: ActivityRecord{185853804 u0 com.catfact.app.feature.factdetail.test/androidx.test.core.app.InstrumentationActivityInvoker$EmptyActivity t3873}#18553
04-15 09:53:27.682  2000  2000 D SystemUIService: SYSUI_RAM_OPTIMIZATION onTrimMemory=20
04-15 09:53:27.682  2000  2000 D CentralSurfaces: SYSUI_RAM_OPTIMIZATION onTrimMemory=20
04-15 09:53:27.683  1151  1151 I Layer   : id=18553 Destroyed Transition Root: ActivityRecord{185853804 u0 com.catfact.app.feature.factdetail.test/androidx.test.core.app.InstrumentationActivityInvoker$EmptyActivity t3873}#18553
04-15 09:53:27.684  2000  2196 D HWUI    : CacheManager::trimMemory(20)
04-15 09:53:27.685 19294 19294 W WindowOnBackDispatcher: sendCancelIfRunning: isInProgress=false callback=android.app.Activity$$ExternalSyntheticLambda0@a0b6947
04-15 09:53:27.685 19294 19294 D LifecycleMonitor: Lifecycle status change: androidx.activity.ComponentActivity@854e344 in: DESTROYED
04-15 09:53:27.685 19294 19294 V ActivityScenario: Update currentActivityStage to DESTROYED, currentActivity=null
04-15 09:53:27.687 19294 19332 D HWUI    : endAllActiveAnimators on 0xb40000748c535060 (UnprojectedRipple) with handle 0xb40000755c531010
04-15 09:53:27.687 19294 19294 D ViewRootImpl: Skipping stats log for color mode
04-15 09:53:27.687 19294 19294 I VRI[ComponentActivity]@3ae216b: dispatchDetachedFromWindow
04-15 09:53:27.687  1542  2161 D InputTransport: Input channel destroyed: '5d066e4', fd=1041
04-15 09:53:27.688  1151  1378 I SurfaceFlinger: id=18555 createSurf, flag=24004, Surface(name=1d7a05f InputMethod)/@0x5f77a9d - animation-leash of insets_animation#18555
04-15 09:53:27.690  1542  2161 I ImeTracker: system_server:33b7de3d: onRequestHide at ORIGIN_SERVER reason IME_REQUESTED_CHANGED_LISTENER fromUser false
04-15 09:53:27.690  1542  2161 D SurfaceComposerClient: setCornerRadius ## e645070 com.catfact.app.feature.factdetail.test/androidx.test.core.app.InstrumentationActivityInvoker$EmptyActivity#18549 cornerRadius=0.000000
04-15 09:53:27.690  1542  1584 I ImeTracker: system_server:33b7de3d: onCancelled at PHASE_SERVER_SHOULD_HIDE
04-15 09:53:27.690  1542  2161 D SurfaceComposerClient: setCornerRadius ## e645070 com.catfact.app.feature.factdetail.test/androidx.test.core.app.InstrumentationActivityInvoker$EmptyActivity#18549 cornerRadius=0.000000
04-15 09:53:27.690  1151  1151 I SurfaceFlinger: [Surface(name=1d7a05f InputMethod)/@0x5f77a9d - animation-leash of insets_animation#18555] attach to parent LayerHierarchy{RequestedLayerState{WindowToken{d080c22 type=2011 android.os.Binder@459a5ed}#120 parentId=15} 2 children}
04-15 09:53:27.691  1542  1585 D SurfaceComposerClient: setCornerRadius ## e645070 com.catfact.app.feature.factdetail.test/androidx.test.core.app.InstrumentationActivityInvoker$EmptyActivity#18549 cornerRadius=0.000000
04-15 09:53:27.691 19294 19294 D InputTransport: Input channel destroyed: '5d066e4', fd=126
04-15 09:53:27.691  1151  2758 I SurfaceFlinger: id=18543 Removed Surface(name=3edafdc StatusBar)/@0x3b919ed - animation-leash of insets_animation#18543 (174)
04-15 09:53:27.692 19294 19294 I InsetsSourceConsumer: applyRequestedVisibilityToControl: visible=true, type=statusBars, host=com.catfact.app.feature.factdetail.test/androidx.test.core.app.InstrumentationActivityInvoker$EmptyActivity
04-15 09:53:27.692 19294 19294 I InsetsSourceConsumer: applyRequestedVisibilityToControl: visible=true, type=navigationBars, host=com.catfact.app.feature.factdetail.test/androidx.test.core.app.InstrumentationActivityInvoker$EmptyActivity
04-15 09:53:27.692  1151  1200 I SurfaceFlinger: id=18544 Removed Surface(name=8c5cec7 NavigationBar0)/@0xa68870 - animation-leash of insets_animation#18544 (174)
04-15 09:53:27.693  1151  1378 I SurfaceFlinger: id=18545 Removed 65c4945 ActivityRecordInputSink com.catfact.app.feature.factdetail.test/androidx.activity.ComponentActivity#18545 (174)
04-15 09:53:27.695  2000  2105 D ShellDesktopMode: handleRequest: TransitionRequestInfo {type=2, tid=3873, debugId=1657}
04-15 09:53:27.697 19294 19294 D VRI[InstrumentationActivityInvoker$EmptyActivity]@4486218: mThreadedRenderer.initializeIfNeeded()#2 mSurface={isValid=true 0xb40000748c53bdd0}
04-15 09:53:27.698 19294 19294 D InputMethodManagerUtils: startInputInner - Id : 0
04-15 09:53:27.698 19294 19294 I InputMethodManager: startInputInner - IInputMethodManagerGlobalInvoker.startInputOrWindowGainedFocus
04-15 09:53:27.698  2461  2584 I HoneySpace.TopTaskSource: onTaskMovedToFront : taskId = 3514, displayId = 0
04-15 09:53:27.698 19294 19294 D LifecycleMonitor: Lifecycle status change: androidx.test.core.app.InstrumentationActivityInvoker$EmptyActivity@32fc583 in: PAUSED
04-15 09:53:27.698  2461  2586 I HoneySpace.TopTaskUseCase: topTasks 3514 ComponentInfo{com.sec.android.app.launcher/com.sec.android.app.launcher.Launcher}[displayId=0]
04-15 09:53:27.698 19294 19294 V ActivityScenario: Activity lifecycle changed event received but ignored because the intent does not match. startActivityIntent=Intent { act=android.intent.action.MAIN cat=[android.intent.category.LAUNCHER] flg=0x10008000 cmp=com.catfact.app.feature.factdetail.test/androidx.activity.ComponentActivity }, activity.getIntent()=Intent { act=android.intent.action.MAIN cat=[android.intent.category.LAUNCHER] flg=0x10000000 xflg=0x4 cmp=com.catfact.app.feature.factdetail.test/androidx.test.core.app.InstrumentationActivityInvoker$EmptyActivity }, activity=androidx.test.core.app.InstrumentationActivityInvoker$EmptyActivity@32fc583
04-15 09:53:27.699  1542  2101 I SemDvfsHyPerManager: acquire hyper - AMS_ACT_RESUME/1542@19, type = -999
04-15 09:53:27.699  1151  1151 I SurfaceFlinger: RequestedLayer [Surface(name=1d7a05f InputMethod)/@0[...]tion-leash of insets_animation#18555] hidden!! flag  from(1) --> to(0)
04-15 09:53:27.699  1151  1151 E SurfaceFlinger: alpha changed 1.000 -> 0.000 - Surface(name=1d7a05f InputMethod)/@0x5f77a9d - animation-leash of insets_animation#18555
04-15 09:53:27.699  1151  1151 I SurfaceFlinger: [Display 0 name="Built-in Screen"#49] setFrameRateCategory: High
04-15 09:53:27.699  1151  1151 I SurfaceFlinger: destroyed Surface(name=8c5cec7 NavigationBar0)/@0xa68870 - animation-leash of insets_animation#18544
04-15 09:53:27.699  1151  1151 I SurfaceFlinger: destroyed Surface(name=3edafdc StatusBar)/@0x3b919ed - animation-leash of insets_animation#18543
04-15 09:53:27.699  1059  1180 I HYPER-HAL: [RequestManager.cpp]acquire(): Acquired ID : 1219160  [1542 / 19]    HINT : AMS_ACT_RESUME    list :
04-15 09:53:27.699  1151  1151 I SurfaceFlinger: [LayerHierarchy{RequestedLayerState{1d7a05f InputMethod#134 parentId=18555} no children}] reparent to LayerHierarchy{RequestedLayerState{Surface(name=1d7a05f InputMethod)/@0x5f77a9d - animation-leash of insets_animation#18555 parentId=120} 1 children}
04-15 09:53:27.699  1151  1151 I SurfaceFlinger: [LayerHierarchy{RequestedLayerState{Surface(name=1d7a05f InputMethod)/@0x5f77a9d - animation-leash of insets_animation#18547} no children}] reparent to OffscreenRoot
04-15 09:53:27.699  1151  1151 I SurfaceFlinger: [LayerHierarchy{RequestedLayerState{Surface(name=1d7a05f InputMethod)/@0x5f77a9d - animation-leash of insets_animation#18547} no children}] RelativeParent to null
04-15 09:53:27.699  1151  1151 I SurfaceFlinger: [LayerHierarchy{RequestedLayerState{5d066e4 com.catfact.app.feature.factdetail.test/androidx.activity.ComponentActivity#18537} 1 children}] reparent to OffscreenRoot
04-15 09:53:27.699  1151  1151 I SurfaceFlinger: [LayerHierarchy{RequestedLayerState{5d066e4 com.catfact.app.feature.factdetail.test/androidx.activity.ComponentActivity#18537} 1 children}] RelativeParent to null
04-15 09:53:27.699  1151  1151 I SurfaceFlinger: [LayerHierarchy{RequestedLayerState{com.catfact.app.feature.factdetail.test/androidx.activity.ComponentActivity$_19294#18542} no children}] reparent to OffscreenRoot
04-15 09:53:27.699  1151  1151 I SurfaceFlinger: [LayerHierarchy{RequestedLayerState{com.catfact.app.feature.factdetail.test/androidx.activity.ComponentActivity$_19294#18542} no children}] RelativeParent to null
04-15 09:53:27.700  2461  4432 I HoneySpace.RecentTasks: onRecentTasksChanged
04-15 09:53:27.701  1542  2101 D InputDispatcher: Focused application(0): ActivityRecord{243114305 u0 com.google.android.calendar/.allinone.AllInOneCalendarActivity t3801}
04-15 09:53:27.701  1542  1825 D AS.MultiSoundManager: mForegroundUid = 10279
04-15 09:53:27.701  2461  2584 I HoneySpace.TopTaskSource: onTaskMovedToFront : taskId = 3801, displayId = 0
04-15 09:53:27.701  2461  2586 I HoneySpace.TopTaskUseCase: topTasks 3801 ComponentInfo{com.google.android.calendar/com.google.android.calendar.allinone.AllInOneCalendarActivity}[displayId=0]
04-15 09:53:27.701  1151  1151 I Layer   : id=18544 Destroyed Surface(name=8c5cec7 NavigationBar0)/@0xa68870 - animation-leash of insets_animation#18544
04-15 09:53:27.701  1151  1151 I Layer   : id=18543 Destroyed Surface(name=3edafdc StatusBar)/@0x3b919ed - animation-leash of insets_animation#18543
04-15 09:53:27.701  1151  1151 I BpBinder: onLastStrongRef automatically unlinking death recipients:
04-15 09:53:27.702  1151  1200 I SurfaceFlinger: id=18537 Removed 5d066e4 com.catfact.app.feature.factdetail.test/androidx.activity.ComponentActivity#18537 (172)
04-15 09:53:27.702  1151  1200 I SurfaceFlinger: id=18547 Removed Surface(name=1d7a05f InputMethod)/@0x5f77a9d - animation-leash of insets_animation#18547 (172)
04-15 09:53:27.702  1151  1200 I SurfaceFlinger: id=18542 Removed com.catfact.app.feature.factdetail.test/androidx.activity.ComponentActivity$_19294#18542 (172)
04-15 09:53:27.703  1542  1585 I SurfaceControl: apply, lowDebugName=reparent_to_imeParent, caller=android.view.SurfaceControl$Transaction.apply:3447 android.view.SurfaceControl$Transaction.apply:3397 com.android.server.wm.WindowAnimator.animate:307 com.android.server.wm.WindowAnimator$$ExternalSyntheticLambda1.doFrame:14 android.view.Choreographer$CallbackRecord.run:1899 android.view.Choreographer$CallbackRecord.run:1910
04-15 09:53:27.705  1542  1582 D PkgPredictorService-SecIpmManagerServiceImpl: onForegroundActivitiesChanged pid:3979 uid:10279
04-15 09:53:27.705  1542  1582 D NetworkPolicy: already checked 10279
04-15 09:53:27.705 19294 19315 D IdlingRegistry: Unregistering idling resources: [androidx.compose.ui.test.EspressoLink@704e680]
