04-15 09:53:25.354 19294 19315 I TestRunner: started: backButtonDispatchesNavigateBack(com.catfact.app.feature.factdetail.presentation.DetailScreenTest)
04-15 09:53:25.377 19294 19315 I Tracing : Tracer added: class androidx.test.platform.tracing.AndroidXTracer
04-15 09:53:25.383 19294 19315 D IdlingRegistry: Registering idling resources: [androidx.compose.ui.test.EspressoLink@287ad10]
04-15 09:53:25.389 19294 19315 W Settings: Setting always_finish_activities has moved from android.provider.Settings.System to android.provider.Settings.Global, returning read-only value.
04-15 09:53:25.398  1542  2484 I SemDvfsHyPerManager: acquire hyper - AMS_APP_SWITCH/1542@28, type = -999
04-15 09:53:25.399  1151  2758 I SurfaceFlinger: id=18497 createSurf, flag=24004, Task=3872#18497
04-15 09:53:25.401  1059  1180 I HYPER-HAL: [RequestManager.cpp]acquire(): Acquired ID : 1233263  [1542 / 28]    HINT : AMS_APP_SWITCH    list :
04-15 09:53:25.402  1059  1180 I HYPER-HAL: [ResourceManager.cpp]updateResource(): [CPULittleMinFreq] UpdateResource Request ID : 1233263    Value : 1824000
04-15 09:53:25.403  3963  3963 I SemDvfsHyPerManager: acquire hyper - APP_START_SHORT/3963@17, type = -999
04-15 09:53:25.403  1059  1180 I HYPER-HAL: [RequestManager.cpp]acquire(): Acquired ID : 7922207  [3963 / 17]    HINT : APP_START    list : [TIMEOUT / 1500]
04-15 09:53:25.404  1151  2758 I SurfaceFlinger: id=18498 createSurf, flag=84004, ActivityRecord{166590009 u0 com.catfact.app.feature.factdetail.test/androidx.activity.ComponentActivity t3872}#18498
04-15 09:53:25.404  1059  1180 I HYPER-HAL: [RequestManager.cpp]releaseLocked(): Released ID : 7866564
04-15 09:53:25.408  1542  1821 I SemDvfsHyPerManager: acquire hyper - AMS_APP_LAUNCH/1542@21, type = -999
04-15 09:53:25.408  3152  3152 E pageboostd: Received HALT command code 2
04-15 09:53:25.409  1059  1180 I HYPER-HAL: [RequestManager.cpp]acquire(): Acquired ID : 1222287  [1542 / 21]    HINT : AMS_APP_LAUNCH    list :
04-15 09:53:25.409  2000  2120 D ViewRootImpl: desktopMode is false
04-15 09:53:25.409  2000  2105 D ShellDesktopMode: handleRequest: TransitionRequestInfo {type=1, tid=3872, debugId=1652}
04-15 09:53:25.409  2000  2120 I ViewRootImpl: dVRR is disabled
04-15 09:53:25.409  1059  1180 I HYPER-HAL: [ResourceManager.cpp]updateResource(): [CPULittleMinFreq] UpdateResource Request ID : 1222287    Value : 1824000
04-15 09:53:25.409  2000  2196 D NativeCustomFrequencyManager: [NativeCFMS] BpCustomFrequencyManager::BpCustomFrequencyManager()
04-15 09:53:25.412  2461 30001 I HoneySpace.RecentTasks: onRecentTasksChanged
04-15 09:53:25.413  2461  2584 I HoneySpace.TopTaskSource: onTaskMovedToFront : taskId = 3872, displayId = 0
04-15 09:53:25.413  2461  2586 I HoneySpace.TopTaskUseCase: topTasks 3872 ComponentInfo{com.catfact.app.feature.factdetail.test/androidx.activity.ComponentActivity}[displayId=0]
04-15 09:53:25.413  3963  3963 I SemDvfsHyPerManager: acquire hyper - APP_START/3963@19, type = -999
04-15 09:53:25.413  1542  3827 D InputTransport: Input channel constructed: '93f24f4', fd=1041
04-15 09:53:25.413  1542  3827 D InputTransport: Input channel constructed: '93f24f4', fd=1263
04-15 09:53:25.413  1542  3827 D InputTransport: Input channel constructed: '93f24f4', fd=1281
04-15 09:53:25.413  1542  3827 D InputTransport: Input channel destroyed: '93f24f4', fd=1263
04-15 09:53:25.413  1059  1180 I HYPER-HAL: [RequestManager.cpp]acquire(): Acquired ID : 7930172  [3963 / 19]    HINT : APP_START    list :
04-15 09:53:25.414  1151  1378 I SurfaceFlinger: id=18499 createSurf, flag=84004, 93f24f4 Splash Screen com.catfact.app.feature.factdetail.test#18499
04-15 09:53:25.414  1218  1218 I CameraService: onUidStateChanged: uid=10048, procState is changed. (0 -> 1)
04-15 09:53:25.415  1542  3827 D InputTransport: Input channel destroyed: '93f24f4', fd=1281
04-15 09:53:25.416  2000  2120 D InputTransport: Input channel constructed: '93f24f4', fd=674
04-15 09:53:25.416  2000  2120 I InsetsController: onStateChanged: host=Splash Screen com.catfact.app.feature.factdetail.test, from=android.view.ViewRootImpl.onInsetsStateChanged:3026, state=InsetsState: {mDisplayFrame=Rect(0, 0 - 720, 1544), mDisplayCutout=DisplayCutout{insets=Rect(0, 50 - 0, 0) waterfall=Insets{left=0, top=0, right=0, bottom=0} boundingRect={Bounds=[Rect(0, 0 - 0, 0), Rect(341, 0 - 379, 50), Rect(0, 0 - 0, 0), Rect(0, 0 - 0, 0)]} cutoutPathParserInfo={CutoutPathParserInfo{displayWidth=720 displayHeight=1544 physicalDisplayWidth=720 physicalDisplayHeight=1544 density={1.875} cutoutSpec={M 0,0 H -10 V 26.66666666666667 H 10 V 0 H 0 Z @dp} rotation={0} scale={1.0} physicalPixelDisplaySizeRatio={1.0}}} sideOverrides={}}, mRoundedCorners=RoundedCorners{[RoundedCorner{position=TopLeft, radius=8, center=Point(8, 8)}, RoundedCorner{position=TopRight, radius=8, center=Point(712, 8)}, RoundedCorner{position=BottomRight, radius=8, center=Point(712, 1536)}, RoundedCorner{position=BottomLeft, radius=8, center=Point(8, 1536)}]}  mRoundedCornerFrame=Rect(0, 0 - 720, 1544), mPrivacyIndicatorBounds=PrivacyIndicatorBounds {static bounds=Rect(637, 0 - 720, 50) rotation=0}, mDisplayShape=DisplayShape{ spec=-311912193 displayWidth=720 displayHeight=1544 physicalPixelDisplaySizeRatio=0.5 rotation=0 offsetX=0 offsetY=0 scale=1.0}, mSources= { InsetsSource: {ec730001 mType=navigationBars mFrame=[0,1454][720,1544] mVisible=true mFlags= mSideHint=BOTTOM mBoundingRects=null}, InsetsSource: {ec730004 mType=systemGestures mFrame=[0,0][0,0] mVisible=true mFlags= mSideHint=NONE mBoundingRects=null}, InsetsSource: {ec730005 mType=mandatorySystemGestures mFrame=[0,1454][720,1544] mVisible=true mFlags= mSideHint=BOTTOM mBoundingRects=null}, InsetsSource: {ec730006 mType=tappableElement mFrame=[0,1454][720,1544] mVisible=true mFlags= mSideHint=BOTTOM mBoundingRects=null}, InsetsSource: {ec730024 mType=systemGestures mFrame=[0,0][0,0] mVisible=true mFlags= mSideHint=NONE mBoundingRects=null}, InsetsSource: {27 mType=displayCutout mFrame=[0,0][720,50] mVisible=true mFlags= mSideHint=TOP mBoundingRects=null}, InsetsSource: {43950000 mType=statusBars mFrame=[0,0][720,50] mVisible=true mFlags= mSideHint=TOP mBoundingRects=null}, InsetsSource: {43950005 mType=mandatorySystemGestures mFrame=[0,0][720,73] mVisible=true mFlags= mSideHint=TOP mBoundingRects=null}, InsetsSource: {43950006 mType=tappableElement mFrame=[0,0][720,50] mVisible=true mFlags= mSideHint=TOP mBoundingRects=null} }
04-15 09:53:25.416  2000  2120 I VRI[test]@1f6b6c5: onActiveControlsChanged, removed=false, mAdded=true, caller=android.view.ViewRootImpl.handleInsetsControlChanged:3002 android.view.ViewRootImpl.setView:2014 android.view.WindowManagerGlobal.addView:604 com.android.wm.shell.startingsurface.SplashscreenWindowCreator.addWindow:38 com.android.wm.shell.startingsurface.StartingWindowController$$ExternalSyntheticLambda4.run:1365
04-15 09:53:25.416  2000  2120 I VRI[test]@1f6b6c5: synced displayState. AttachInfo displayState=2
04-15 09:53:25.416  2000  2120 I VRI[test]@1f6b6c5: setView = android.widget.FrameLayout@b10fa41 IsHRR=false mFlingFrameRateChange=0 TM=true
04-15 09:53:25.416  2000  2196 D HWUI    : HWUI - treat SMPTE_170M as sRGB
04-15 09:53:25.418  1542  3827 D InputDispatcher: Focused application(0): ActivityRecord{166590009 u0 com.catfact.app.feature.factdetail.test/androidx.activity.ComponentActivity t3872}
04-15 09:53:25.420  1542  3827 D SurfaceComposerClient: setCornerRadius ## 93f24f4 Splash Screen com.catfact.app.feature.factdetail.test#18499 cornerRadius=0.000000
04-15 09:53:25.420  1542  3827 D SurfaceComposerClient: setCornerRadius ## 93f24f4 Splash Screen com.catfact.app.feature.factdetail.test#18499 cornerRadius=0.000000
04-15 09:53:25.420  1542  1821 D GraphicsStatsService: requestRenderEngineFor(com.catfact.app.feature.factdetail.test)
04-15 09:53:25.421  1542  1906 D SemWifiTransportLayerMonitor.TcpMonitorHandler: MSG_SAVE_PACKAGE_INFO
04-15 09:53:25.421  1542  1906 D SemWifiTransportLayerFileManager: saveWifiPackageInfoToFile
04-15 09:53:25.421  1542  1906 D SemWifiTransportLayerFileManager: writeWifiPackageInfoList
04-15 09:53:25.421  1542  1825 D AS.MultiSoundManager: mForegroundUid = 10748
04-15 09:53:25.421 19294 19294 D HWUI    : HWUI - treat SMPTE_170M as sRGB
04-15 09:53:25.423  1542  1582 D PkgPredictorService-SecIpmManagerServiceImpl: onForegroundActivitiesChanged pid:19294 uid:10748
04-15 09:53:25.424  1542  1582 D NetworkPolicy: already checked 10748
04-15 09:53:25.424 19294 19332 D HWUI    : CacheManager constructor. deviceInfo=(1080, 1920)
04-15 09:53:25.424  1542  2944 V PkgPredictorService-SecIpmManagerServiceImpl: discard foreground app:com.catfact.app.feature.factdetail.test 1|true
04-15 09:53:25.424 19294 19332 D vulkan  : searching for layers in '/data/app/~~HsWhxSv57QAYca99gBcQ1g==/com.catfact.app.feature.factdetail.test-tKgfS4iqg8hJvs0dKVxapA==/lib/arm64'
04-15 09:53:25.424 19294 19332 D vulkan  : searching for layers in '/data/app/~~HsWhxSv57QAYca99gBcQ1g==/com.catfact.app.feature.factdetail.test-tKgfS4iqg8hJvs0dKVxapA==/base.apk!/lib/arm64-v8a'
04-15 09:53:25.425 19294 19332 V XGL     : ----------------------------------------------------------------------
04-15 09:53:25.425 19294 19332 V XGL     : SUMD version compiled date     = 2025-06-11 14:47 - KST
04-15 09:53:25.425 19294 19332 V XGL     : SUMD version revision number   = 1fc295b0d2
04-15 09:53:25.425 19294 19332 V XGL     : SUMD version info              = Driver version: 24.0.545, git hash: 1fc295b0d2
04-15 09:53:25.425 19294 19332 V XGL     : ----------------------------------------------------------------------
04-15 09:53:25.425 19294 19332 V XGL     : Entering: Create
04-15 09:53:25.429 18525 18790 I Rubin   : [146] M.c0.k(Unknown Source) : Notify com.samsung.android.rubin.inferenceengine.contextanalytics.engine.loggers.AppUsageLogger's database is updated.
04-15 09:53:25.429  2461  2584 I HoneySpace.TopTaskSource: onTaskFocusChanged(): taskId = 3872
04-15 09:53:25.432  2000  2000 I {OngoingActivityController}: onTaskFocusChanged but OA data is empty
04-15 09:53:25.432  2461  2461 I HoneySpace.EdgePanel.CocktailHostRepositoryImpl: onNoteResume
04-15 09:53:25.432  2461  2461 I HoneySpace.EdgePanel.EdgePanelContainerViewModel: cocktailHostRepository.edgePanelOperation NoteResumeComponent(componentName=ComponentInfo{com.catfact.app.feature.factdetail.test/androidx.activity.ComponentActivity})
04-15 09:53:25.432  2461  2461 I HoneySpace.EdgePanel.ActivityUtils: HomePackage : com.sec.android.app.launcher, resumePackageName : com.catfact.app.feature.factdetail.test, className : androidx.activity.ComponentActivity
04-15 09:53:25.434 19294 19332 V XGL     : Exiting: Create
04-15 09:53:25.434  3723 26412 I [AirCmd]_ActivitySwitchDetector: onTaskFocusChanged : taskId=3872, componentName=ComponentInfo{com.catfact.app.feature.factdetail.test/androidx.activity.ComponentActivity}
04-15 09:53:25.434  3723 26412 I [AirCmd]_ActivitySwitchDetector: onTaskFocusChanged :mTopMostActivity = ComponentInfo{com.google.android.calendar/com.google.android.calendar.allinone.AllInOneCalendarActivity}
04-15 09:53:25.435  3723 26412 I [AirCmd]_CallbackRepeater: stopRepeat : isWorking=false
04-15 09:53:25.435  3723 26412 I [AirCmd]_MediaControlStateMonitor: isForegroundAppSupportsMediaButton : mediaSession is empty
04-15 09:53:25.436 19294 19294 D LifecycleMonitor: Lifecycle status change: androidx.activity.ComponentActivity@c7bbd79 in: PRE_ON_CREATE
04-15 09:53:25.436 19294 19294 V ActivityScenario: Activity lifecycle changed event received but ignored because the reported transition was not ON_CREATE while the last known transition was PRE_ON_CREATE
04-15 09:53:25.438  3723 26412 E [AirCmd]_MediaControlStateMonitor: getActiveNotificationPackageName : notification service monitor is null
04-15 09:53:25.438  3723 26412 I [AirCmd]_ButtonEventDetectionThread: enableDoubleClickDetection: enabled= true, doubleClickWaitInterval=300
04-15 09:53:25.440  1151  1151 I SurfaceFlinger: [Display 0 name="Built-in Screen"#49] setFrameRateCategory: High
04-15 09:53:25.441  1151  1151 I SurfaceFlinger: [Task=3872#18497] attach to parent LayerHierarchy{RequestedLayerState{DefaultTaskDisplayArea_d0#10 parentId=9} 16 children}
04-15 09:53:25.441  1151  1151 I SurfaceFlinger: [ActivityRecord{166590009 u0 com.catfact.app.feature.factdetail.test/androidx.activity.ComponentActivity t3872}#18498] attach to parent LayerHierarchy{RequestedLayerState{Task=3872#18497 parentId=10} 1 children}
04-15 09:53:25.441  1151  1151 I SurfaceFlinger: [93f24f4 Splash Screen com.catfact.app.feature.factdetail.test#18499] attach to parent LayerHierarchy{RequestedLayerState{ActivityRecord{166590009 u0 com.catfact.app.feature.factdetail.test/androidx.activity.ComponentActivity t3872}#18498 parentId=18497} 1 children}
04-15 09:53:25.442  1542  1677 I WindowManager: Relayout Window{93f24f4 u0 Splash Screen com.catfact.app.feature.factdetail.test}: viewVisibility=0 req=720x1544 ty=3 d0
04-15 09:53:25.443  1151  1151 D DisplayModeController: setDesiredMode 4633128672291735999 {mode={fps=120.00 Hz, modePtr={id=14, vsyncRate=120.00 Hz, peakRefreshRate=120.00 Hz}}, emitEvent=true, force=false}
04-15 09:53:25.443  1151  1378 I SurfaceFlinger: id=18500 createSurf, flag=44004, Splash Screen com.catfact.app.feature.factdetail.test$_2000#18500
04-15 09:53:25.443 19294 19294 D CompatChangeReporter: Compat change id reported: 377864165; UID 10748; state: ENABLED
04-15 09:53:25.443  1151  1151 I LayerHistory: NavigationBar0$_2000#98 voted ExplicitCategory with category: High
04-15 09:53:25.443  1151  1151 I LayerHistory: com.sec.android.app.launcher/com.samsung.app.honeyspace.edge.edgepanel.app.CocktailBarService$_2461#16495 voted ExplicitCategory with category: High
04-15 09:53:25.443  1151  1151 I LayerHistory: StatusBar$_2000#102 voted ExplicitCategory with category: High
04-15 09:53:25.443  1151  1151 I LayerHistory: com.google.android.calendar/com.google.android.calendar.allinone.AllInOneCalendarActivity$_3979#18490 voted ExplicitCategory with category: High
04-15 09:53:25.443  1151  1151 I SurfaceFlinger: All layers Category Highscored - choose 120.00 Hz
04-15 09:53:25.443  1151  1151 I HWComposer: [4633128672291735999] ActiveConfigToHWC, ID : 21
04-15 09:53:25.444 19294 19294 D DesktopModeFlags: Toggle override initialized to: OVERRIDE_UNSET
04-15 09:53:25.444  1542  1677 D SurfaceComposerClient: setCornerRadius ## 93f24f4 Splash Screen com.catfact.app.feature.factdetail.test#18499 cornerRadius=0.000000
04-15 09:53:25.444  1542  1677 D SurfaceComposerClient: setCornerRadius ## 93f24f4 Splash Screen com.catfact.app.feature.factdetail.test#18499 cornerRadius=0.000000
04-15 09:53:25.445  1047  1047 D display : setActiveConfigWithConstraints:: PrimaryDisplay config(21)
04-15 09:53:25.445  1542  1677 I WindowManager: Relayout hash=93f24f4, pid=2000, syncId=-1: mAttrs={(0,0)(fillxfill) sim={adjust=pan} layoutInDisplayCutoutMode=always ty=APPLICATION_STARTING fmt=TRANSLUCENT wanim=0x1030317
04-15 09:53:25.445  1542  1677 I WindowManager:   fl=81030118
04-15 09:53:25.445  1542  1677 I WindowManager:   pfl=10000810
04-15 09:53:25.445  1542  1677 I WindowManager:   apr=18
04-15 09:53:25.445  1542  1677 I WindowManager:   bhv=1
04-15 09:53:25.445  1542  1677 I WindowManager:   fitSides=0
04-15 09:53:25.445  1542  1677 I WindowManager:   frameRateBoostOnTouch=true
04-15 09:53:25.445  1542  1677 I WindowManager:   dvrrWindowFrameRateHint=true naviIconColor=0}
04-15 09:53:25.445  1047  1047 I display : Current VRR MODE is 1
04-15 09:53:25.445  1047  1047 I display : setActiveConfigWithConstraints:: HFR match - config: 21, base: 21, try: 0
04-15 09:53:25.445  1047  1047 I display : setActiveConfigWithConstraints::update 720x1544@120hs
04-15 09:53:25.445  1047  1047 I display : commit modeset : 720x1544@120hs
04-15 09:53:25.445  2000  2120 I InsetsController: onStateChanged: host=Splash Screen com.catfact.app.feature.factdetail.test, from=android.view.ViewRootImpl.onInsetsStateChanged:3026, state=InsetsState: {mDisplayFrame=Rect(0, 0 - 720, 1544), mDisplayCutout=DisplayCutout{insets=Rect(0, 50 - 0, 0) waterfall=Insets{left=0, top=0, right=0, bottom=0} boundingRect={Bounds=[Rect(0, 0 - 0, 0), Rect(341, 0 - 379, 50), Rect(0, 0 - 0, 0), Rect(0, 0 - 0, 0)]} cutoutPathParserInfo={CutoutPathParserInfo{displayWidth=720 displayHeight=1544 physicalDisplayWidth=720 physicalDisplayHeight=1544 density={1.875} cutoutSpec={M 0,0 H -10 V 26.66666666666667 H 10 V 0 H 0 Z @dp} rotation={0} scale={1.0} physicalPixelDisplaySizeRatio={1.0}}} sideOverrides={}}, mRoundedCorners=RoundedCorners{[RoundedCorner{position=TopLeft, radius=8, center=Point(8, 8)}, RoundedCorner{position=TopRight, radius=8, center=Point(712, 8)}, RoundedCorner{position=BottomRight, radius=8, center=Point(712, 1536)}, RoundedCorner{position=BottomLeft, radius=8, center=Point(8, 1536)}]}  mRoundedCornerFrame=Rect(0, 0 - 720, 1544), mPrivacyIndicatorBounds=PrivacyIndicatorBounds {static bounds=Rect(637, 0 - 720, 50) rotation=0}, mDisplayShape=DisplayShape{ spec=-311912193 displayWidth=720 displayHeight=1544 physicalPixelDisplaySizeRatio=0.5 rotation=0 offsetX=0 offsetY=0 scale=1.0}, mSources= { InsetsSource: {ec730001 mType=navigationBars mFrame=[0,1454][720,1544] mVisible=true mFlags= mSideHint=BOTTOM mBoundingRects=null}, InsetsSource: {ec730004 mType=systemGestures mFrame=[0,0][0,0] mVisible=true mFlags= mSideHint=NONE mBoundingRects=null}, InsetsSource: {ec730005 mType=mandatorySystemGestures mFrame=[0,1454][720,1544] mVisible=true mFlags= mSideHint=BOTTOM mBoundingRects=null}, InsetsSource: {ec730006 mType=tappableElement mFrame=[0,1454][720,1544] mVisible=true mFlags= mSideHint=BOTTOM mBoundingRects=null}, InsetsSource: {ec730024 mType=systemGestures mFrame=[0,0][0,0] mVisible=true mFlags= mSideHint=NONE mBoundingRects=null}, InsetsSource: {3 mType=ime mFrame=[0,0][0,0] mVisible=false mFlags= mSideHint=NONE mBoundingRects=null}, InsetsSource: {27 mType=displayCutout mFrame=[0,0][720,50] mVisible=true mFlags= mSideHint=TOP mBoundingRects=null}, InsetsSource: {43950000 mType=statusBars mFrame=[0,0][720,50] mVisible=true mFlags= mSideHint=TOP mBoundingRects=null}, InsetsSource: {43950005 mType=mandatorySystemGestures mFrame=[0,0][720,73] mVisible=true mFlags= mSideHint=TOP mBoundingRects=null}, InsetsSource: {43950006 mType=tappableElement mFrame=[0,0][720,50] mVisible=true mFlags= mSideHint=TOP mBoundingRects=null} }
04-15 09:53:25.445  2000  2120 I VRI[test]@1f6b6c5: onActiveControlsChanged, removed=false, mAdded=true, caller=android.view.ViewRootImpl.handleInsetsControlChanged:3002 android.view.ViewRootImpl.relayoutWindow:11629 android.view.ViewRootImpl.performTraversals:4804 android.view.ViewRootImpl.doTraversal:3924 android.view.ViewRootImpl$TraversalRunnable.run:12903
04-15 09:53:25.446  2000  2000 D DisplayLifecycle: updateDisplay id = 0
04-15 09:53:25.446 19294 19294 I DecorView: setWindowBackground: isPopOver=false color=fffafafa d=android.graphics.drawable.ColorDrawable@b92a2b1
04-15 09:53:25.446  2000  2120 I BLASTBufferQueue_Java: new BLASTBufferQueue, mName= VRI[test]@1f6b6c5 mNativeObject= 0xb40000741c5b6cc0 caller= android.view.ViewRootImpl.updateBlastSurfaceIfNeeded:3585 android.view.ViewRootImpl.relayoutWindow:11685 android.view.ViewRootImpl.performTraversals:4804 android.view.ViewRootImpl.doTraversal:3924 android.view.ViewRootImpl$TraversalRunnable.run:12903 android.view.Choreographer$CallbackRecord.run:1901 android.view.Choreographer$CallbackRecord.run:1910 android.view.Choreographer.doCallbacks:1367 android.view.Choreographer.doFrame:1292 android.view.Choreographer$FrameDisplayEventReceiver.run:1870
04-15 09:53:25.446  2000  2120 I BLASTBufferQueue_Java: update, w= 720 h= 1544 mName = VRI[test]@1f6b6c5 mNativeObject= 0xb40000741c5b6cc0 sc.mNativeObject= 0xb40000751c53ded0 format= -3 caller= android.view.ViewRootImpl.updateBlastSurfaceIfNeeded:3590 android.view.ViewRootImpl.relayoutWindow:11685 android.view.ViewRootImpl.performTraversals:4804 android.view.ViewRootImpl.doTraversal:3924 android.view.ViewRootImpl$TraversalRunnable.run:12903 android.view.Choreographer$CallbackRecord.run:1901
04-15 09:53:25.446  2000  2125 D StackScroller: onDisplayChanged for predraw skip to 2
04-15 09:53:25.446  2000  2120 I VRI[test]@1f6b6c5: Relayout returned: old=(0,0,720,1544) new=(0,0,720,1544) relayoutAsync=false req=(720,1544)0 dur=5 res=0x3 s={true 0xb40000748c5404a0} ch=true seqId=0
04-15 09:53:25.447  2000  2120 I VRI[test]@1f6b6c5: performConfigurationChange setNightDimText nightDimLevel=0
04-15 09:53:25.447  2000  2120 D VRI[test]@1f6b6c5: mThreadedRenderer.initialize() mSurface={isValid=true 0xb40000748c5404a0} hwInitialized=true
04-15 09:53:25.447  2000  2120 D VRI[test]@1f6b6c5: reportNextDraw android.view.ViewRootImpl.performTraversals:5443 android.view.ViewRootImpl.doTraversal:3924 android.view.ViewRootImpl$TraversalRunnable.run:12903 android.view.Choreographer$CallbackRecord.run:1901 android.view.Choreographer$CallbackRecord.run:1910
04-15 09:53:25.447  2000  2120 D VRI[test]@1f6b6c5: Setup new sync=wmsSync-VRI[test]@1f6b6c5#70
04-15 09:53:25.447  2000  2120 I VRI[test]@1f6b6c5: Creating new active sync group VRI[test]@1f6b6c5#71
04-15 09:53:25.447  2000  2120 D VRI[test]@1f6b6c5: registerCallbacksForSync syncBuffer=false
04-15 09:53:25.448  2000  2194 D VRI[test]@1f6b6c5: Received frameDrawingCallback syncResult=0 frameNum=1.
04-15 09:53:25.448  2000  2194 I VRI[test]@1f6b6c5: mWNT: t=0xb4000074fc5154d0 mBlastBufferQueue=0xb40000741c5b6cc0 fn= 1 HdrRenderState mRenderHdrSdrRatio=1.0 caller= android.view.ViewRootImpl$12.onFrameDraw:15441 android.view.ThreadedRenderer$1.onFrameDraw:718 <bottom of call stack>
04-15 09:53:25.448  2000  2194 I VRI[test]@1f6b6c5: Setting up sync and frameCommitCallback
04-15 09:53:25.448  1542  1585 D SurfaceComposerClient: setCornerRadius ## 93f24f4 Splash Screen com.catfact.app.feature.factdetail.test#18499 cornerRadius=0.000000
04-15 09:53:25.448 19294 19294 D LifecycleMonitor: Lifecycle status change: androidx.activity.ComponentActivity@c7bbd79 in: CREATED
04-15 09:53:25.448 19294 19294 V ActivityScenario: Update currentActivityStage to CREATED, currentActivity=androidx.activity.ComponentActivity@c7bbd79
04-15 09:53:25.449  2461  4179 I HoneySpace.Memory-Monitor: current state = 2, didTrim = false
04-15 09:53:25.449 19294 19294 D LifecycleMonitor: Lifecycle status change: androidx.activity.ComponentActivity@c7bbd79 in: STARTED
04-15 09:53:25.449 19294 19294 V ActivityScenario: Update currentActivityStage to STARTED, currentActivity=androidx.activity.ComponentActivity@c7bbd79
04-15 09:53:25.450  2000  2196 I BLASTBufferQueue: [VRI[test]@1f6b6c5#837](f:0,a:0,s:0) onFrameAvailable the first frame is available
04-15 09:53:25.450  2000  2196 I VRI[test]@1f6b6c5: Received frameCommittedCallback lastAttemptedDrawFrameNum=1 didProduceBuffer=true
04-15 09:53:25.450  1151  1378 I SurfaceFlinger: [Splash Screen com.catfact.app.feature.factdetail.test$_2000#18500] setTransactionState with the first frame. bufferData(ID: 8589934655799, frameNumber: 1)
04-15 09:53:25.450  2000  2196 D HWUI    : CFMS:: SetUp Pid : 2000    Tid : 2196
04-15 09:53:25.450  2000  2120 D VRI[test]@1f6b6c5: reportDrawFinished seqId=0
04-15 09:53:25.451  1542  1585 D SurfaceComposerClient: setCornerRadius ## 93f24f4 Splash Screen com.catfact.app.feature.factdetail.test#18499 cornerRadius=0.000000
04-15 09:53:25.452  1542  1585 D SurfaceComposerClient: setCornerRadius ## 93f24f4 Splash Screen com.catfact.app.feature.factdetail.test#18499 cornerRadius=0.000000
04-15 09:53:25.452  1151  1378 I SurfaceFlinger: id=18501 createSurf, flag=84004, Transition Root: Task=3872#18501
04-15 09:53:25.454  1542  1585 I SurfaceControlRegistry: show, t=StartTransaction_SyncId<1652> sc=ActivityRecord{166590009 u0 com.catfact.app.feature.factdetail.test/androidx.activity.ComponentActivity t3872}, caller=android.view.SurfaceControl$Transaction.show:3557 com.android.server.wm.Transition.onTransactionReady:2048 com.android.server.wm.BLASTSyncEngine$SyncGroup.finishNow:240 com.android.server.wm.BLASTSyncEngine.onSurfacePlacement:263 com.android.server.wm.RootWindowContainer.performSurfacePlacementNoTrace:1083 com.android.server.wm.WindowSurfacePlacer.performSurfacePlacement:166
04-15 09:53:25.454  1542  1585 D SurfaceComposerClient: setCornerRadius ## Task=3801#16292 cornerRadius=0.000000
04-15 09:53:25.454  1542  1585 D SurfaceComposerClient: setCornerRadius ## Task=3872#18497 cornerRadius=0.000000
04-15 09:53:25.455  1542  1585 D ScreenCapture: [Capture_TEST] : setIsScreenShotBySystem false
04-15 09:53:25.455  1542  1585 I SurfaceComposerClient: captureLayers:childrenOnly:1, sync:1
04-15 09:53:25.455 19294 19294 D LifecycleMonitor: Lifecycle status change: androidx.activity.ComponentActivity@c7bbd79 in: RESUMED
04-15 09:53:25.456  2000  2105 I SurfaceControlRegistry: hide, t=FinishTransaction_SyncId<1652> sc=Task=3801, caller=android.view.SurfaceControl$Transaction.hide:3583 com.android.wm.shell.transition.Transitions.dispatchReady:1263 com.android.wm.shell.transition.Transitions.onTransitionReady:251 com.android.wm.shell.transition.Transitions$TransitionPlayerImpl$$ExternalSyntheticLambda0.run:13 android.os.Handler.handleCallback:995 android.os.Handler.dispatchMessage:103
04-15 09:53:25.456  2000  2105 I SurfaceControlRegistry: show, t=StartTransaction_SyncId<1652> sc=Task=3872, caller=android.view.SurfaceControl$Transaction.show:3557 com.android.wm.shell.transition.Transitions.dispatchReady:1279 com.android.wm.shell.transition.Transitions.onTransitionReady:251 com.android.wm.shell.transition.Transitions$TransitionPlayerImpl$$ExternalSyntheticLambda0.run:13 android.os.Handler.handleCallback:995 android.os.Handler.dispatchMessage:103
04-15 09:53:25.456  2000  2105 I SurfaceControlRegistry: show, t=FinishTransaction_SyncId<1652> sc=Task=3872, caller=android.view.SurfaceControl$Transaction.show:3557 com.android.wm.shell.transition.Transitions.dispatchReady:1330 com.android.wm.shell.transition.Transitions.onTransitionReady:251 com.android.wm.shell.transition.Transitions$TransitionPlayerImpl$$ExternalSyntheticLambda0.run:13 android.os.Handler.handleCallback:995 android.os.Handler.dispatchMessage:103
04-15 09:53:25.456  2000  2105 I SurfaceControlRegistry: show, t=StartTransaction_SyncId<1652> sc=Transition Root: Task=3872, caller=android.view.SurfaceControl$Transaction.show:3557 com.android.wm.shell.transition.Transitions.playTransition:79 com.android.wm.shell.transition.Transitions.processReadyQueue:239 com.android.wm.shell.transition.Transitions.dispatchReady:1352 com.android.wm.shell.transition.Transitions.onTransitionReady:251 com.android.wm.shell.transition.Transitions$TransitionPlayerImpl$$ExternalSyntheticLambda0.run:13
04-15 09:53:25.457  1047  1047 W display : deliverWinConfigData:: commit modeset time (11 ms)
04-15 09:53:25.457  1047  1137 I display : [compareVsyncPeriod] set the lowest(mode:0) vsync 83 of display(0)
04-15 09:53:25.457  1047  1137 I display : getFpsForPerformance, performance table found using table(key:120, cpu:255)
04-15 09:53:25.457  1047  1137 I display : Set m2mMPP capacity(4) for fps(120)
04-15 09:53:25.457  1047  1137 I display : getFpsForPerformance, performance table found using table(key:120, cpu:255)
04-15 09:53:25.457  1047  1137 I display : Set Affinity config for fps(120) : cpuIDs : 255
04-15 09:53:25.457  1047  1137 I display : Set Affinity CPU ID : 0
04-15 09:53:25.457  1047  1137 I display : Set Affinity CPU ID : 1
04-15 09:53:25.457  1047  1137 I display : Set Affinity CPU ID : 2
04-15 09:53:25.457  1047  1137 I display : Set Affinity CPU ID : 3
04-15 09:53:25.457  1047  1137 I display : Set Affinity CPU ID : 4
04-15 09:53:25.457  1047  1137 I display : Set Affinity CPU ID : 5
04-15 09:53:25.457  1047  1137 I display : Set Affinity CPU ID : 6
04-15 09:53:25.457  1047  1137 I display : Set Affinity CPU ID : 7
04-15 09:53:25.457  1047  1137 I display : Set affinity HWC : 1047
04-15 09:53:25.457  1047  1137 I display : CPU set : Cluster(0), min_clock(0)
04-15 09:53:25.457  1047  1137 I display : CPU set : Cluster(1), min_clock(0)
04-15 09:53:25.457  1047  1137 I display : CPU set : Cluster(2), min_clock(0)
04-15 09:53:25.458 19294 19294 V ActivityScenario: Update currentActivityStage to RESUMED, currentActivity=androidx.activity.ComponentActivity@c7bbd79
04-15 09:53:25.461  1151  2479 I SurfaceFlinger: Capture layer list: 	 com.google.android.calendar/com.google.android.calendar.allinone.AllInOneCalendarActivity$_3979#18490(seamlessTransition:0)
04-15 09:53:25.461  1151  2479 I CompositionEngine: [setDisplaySize] size=(720, 1544)
04-15 09:53:25.462  1151  1206 D RenderEngine: [SEC_SF_EFFECTS] drawLayersInternal,1494, Rendering layer ScreenCaptureFillLayer at index 0
04-15 09:53:25.462  1151  1206 D RenderEngine: [SEC_SF_EFFECTS] drawLayersInternal,1494, Rendering layer com.google.android.calendar/com.google.android.calendar.allinone.AllInOneCalendarActivity$_3979#18490 at index 1
04-15 09:53:25.465  1151  1292 I VSyncReactor: Current= 24, Period= 120, hwcPeriod= 120
04-15 09:53:25.467  2000  2105 D SurfaceComposerClient: [Task=3801#16292] setEdgeExtension Right
04-15 09:53:25.468 19294 19294 D ViewRootImpl: desktopMode is false
04-15 09:53:25.468  1151  2479 I SurfaceFlinger: id=18502 createSurf, flag=20004, DimTransitionLayer for Surface(name=Task=3872)/@0x19a5940#18502
04-15 09:53:25.469  2000  2105 I SurfaceControlRegistry: show, t=StartTransaction_SyncId<1652> sc=DimTransitionLayer for Surface(name=Task=3872)/@0x19a5940, caller=android.view.SurfaceControl$Transaction.show:3557 com.android.wm.shell.transition.DefaultTransitionHandler.startAnimation:2931 com.android.wm.shell.transition.Transitions.dispatchTransition:90 com.android.wm.shell.transition.Transitions.playTransition:774 com.android.wm.shell.transition.Transitions.processReadyQueue:239 com.android.wm.shell.transition.Transitions.dispatchReady:1352
04-15 09:53:25.469 19294 19294 I ViewRootImpl: dVRR is disabled
04-15 09:53:25.469  2000  2105 I SurfaceControlRegistry: apply, t=StartTransaction_SyncId<1652>, caller=android.view.SurfaceControl$Transaction.apply:3459 android.view.SurfaceControl$Transaction.apply:3447 android.view.SurfaceControl$Transaction.apply:3397 com.android.wm.shell.transition.DefaultTransitionHandler.startAnimation:3387 com.android.wm.shell.transition.Transitions.dispatchTransition:90 com.android.wm.shell.transition.Transitions.playTransition:774
04-15 09:53:25.470 19294 19294 D HardwareRenderer: onDisplayChanged. displayId=0 current wxh=720x1544 mLargest wxh=0x0
04-15 09:53:25.470 19294 19294 D HardwareRenderer: Set largestWidth and largestHeight as logical resolution. (720x1544)
04-15 09:53:25.470 19294 19332 D HWUI    : setMaxSurfaceArea requested wxh=(720,1544) requestedSurfaceArea(1111680) is smaller than defaultSurfaceArea(2073600). Use default.
04-15 09:53:25.471 19294 19332 D NativeCustomFrequencyManager: [NativeCFMS] BpCustomFrequencyManager::BpCustomFrequencyManager()
04-15 09:53:25.472 19294 19345 I factdetail.test: [HIDL_FETCH_IMapper] android.hardware.graphics.mapper@4.0: Loaded Mapper successfully.
04-15 09:53:25.474  1542  2161 D InputTransport: Input channel constructed: 'f6d7816', fd=1280
04-15 09:53:25.474  1542  2161 D InputTransport: Input channel constructed: 'f6d7816', fd=1281
04-15 09:53:25.474  1542  2161 D InputTransport: Input channel constructed: 'f6d7816', fd=1306
04-15 09:53:25.474  1542  2161 D InputTransport: Input channel destroyed: 'f6d7816', fd=1281
04-15 09:53:25.474  1151  2479 I SurfaceFlinger: id=18503 createSurf, flag=84004, f6d7816 com.catfact.app.feature.factdetail.test/androidx.activity.ComponentActivity#18503
04-15 09:53:25.476  1542  2161 D InputTransport: Input channel destroyed: 'f6d7816', fd=1306
04-15 09:53:25.476 19294 19294 D InputTransport: Input channel constructed: 'f6d7816', fd=124
04-15 09:53:25.477 19294 19294 I InsetsController: onStateChanged: host=com.catfact.app.feature.factdetail.test/androidx.activity.ComponentActivity, from=android.view.ViewRootImpl.onInsetsStateChanged:3026, state=InsetsState: {mDisplayFrame=Rect(0, 0 - 720, 1544), mDisplayCutout=DisplayCutout{insets=Rect(0, 50 - 0, 0) waterfall=Insets{left=0, top=0, right=0, bottom=0} boundingRect={Bounds=[Rect(0, 0 - 0, 0), Rect(341, 0 - 379, 50), Rect(0, 0 - 0, 0), Rect(0, 0 - 0, 0)]} cutoutPathParserInfo={CutoutPathParserInfo{displayWidth=720 displayHeight=1544 physicalDisplayWidth=720 physicalDisplayHeight=1544 density={1.875} cutoutSpec={M 0,0 H -10 V 26.66666666666667 H 10 V 0 H 0 Z @dp} rotation={0} scale={1.0} physicalPixelDisplaySizeRatio={1.0}}} sideOverrides={}}, mRoundedCorners=RoundedCorners{[RoundedCorner{position=TopLeft, radius=8, center=Point(8, 8)}, RoundedCorner{position=TopRight, radius=8, center=Point(712, 8)}, RoundedCorner{position=BottomRight, radius=8, center=Point(712, 1536)}, RoundedCorner{position=BottomLeft, radius=8, center=Point(8, 1536)}]}  mRoundedCornerFrame=Rect(0, 0 - 720, 1544), mPrivacyIndicatorBounds=PrivacyIndicatorBounds {static bounds=Rect(637, 0 - 720, 50) rotation=0}, mDisplayShape=DisplayShape{ spec=-311912193 displayWidth=720 displayHeight=1544 physicalPixelDisplaySizeRatio=0.5 rotation=0 offsetX=0 offsetY=0 scale=1.0}, mSources= { InsetsSource: {ec730001 mType=navigationBars mFrame=[0,1454][720,1544] mVisible=true mFlags= mSideHint=BOTTOM mBoundingRects=null}, InsetsSource: {ec730004 mType=systemGestures mFrame=[0,0][0,0] mVisible=true mFlags= mSideHint=NONE mBoundingRects=null}, InsetsSource: {ec730005 mType=mandatorySystemGestures mFrame=[0,1454][720,1544] mVisible=true mFlags= mSideHint=BOTTOM mBoundingRects=null}, InsetsSource: {ec730006 mType=tappableElement mFrame=[0,1454][720,1544] mVisible=true mFlags= mSideHint=BOTTOM mBoundingRects=null}, InsetsSource: {ec730024 mType=systemGestures mFrame=[0,0][0,0] mVisible=true mFlags= mSideHint=NONE mBoundingRects=null}, InsetsSource: {3 mType=ime mFrame=[0,0][0,0] mVisible=false mFlags= mSideHint=NONE mBoundingRects=null}, InsetsSource: {27 mType=displayCutout mFrame=[0,0][720,50] mVisible=true mFlags= mSideHint=TOP mBoundingRects=null}, InsetsSource: {43950000 mType=statusBars mFrame=[0,0][720,50] mVisible=true mFlags= mSideHint=TOP mBoundingRects=null}, InsetsSource: {43950005 mType=mandatorySystemGestures mFrame=[0,0][720,73] mVisible=true mFlags= mSideHint=TOP mBoundingRects=null}, InsetsSource: {43950006 mType=tappableElement mFrame=[0,0][720,50] mVisible=true mFlags= mSideHint=TOP mBoundingRects=null} }
04-15 09:53:25.477 19294 19294 I VRI[ComponentActivity]@18998d2: synced displayState. AttachInfo displayState=2
04-15 09:53:25.478 19294 19294 I VRI[ComponentActivity]@18998d2: setView = com.android.internal.policy.DecorView@444701e IsHRR=false mFlingFrameRateChange=0 TM=true
04-15 09:53:25.478 19294 19294 I IDS_TAG : Starting IDS observe window
04-15 09:53:25.478 19294 19294 I IDS_TAG : Getting Shared Preference for android.app.Application@da6e11a uid = 10748
04-15 09:53:25.479 19294 19294 I IDS_TAG : App android.app.Application@da6e11a has not finished training
04-15 09:53:25.480 19294 19332 D HWUI    : HWUI - treat SMPTE_170M as sRGB
04-15 09:53:25.480 19294 19294 I IDS_TAG : Closing IDS observe window
04-15 09:53:25.480 19294 19294 I IDS_TAG : Getting Shared Preference for android.app.Application@da6e11a uid = 10748
04-15 09:53:25.480 19294 19294 I IDS_TAG : IDS count updated to 1 for android.app.Application@da6e11a
04-15 09:53:25.482  1151  1151 I SurfaceFlinger: finalizeDisplayModeChange 4633128672291735999
04-15 09:53:25.482  1151  2479 I SurfaceFlinger: id=18504 createSurf, flag=84000, 3427c83 ActivityRecordInputSink com.catfact.app.feature.factdetail.test/androidx.activity.ComponentActivity#18504
04-15 09:53:25.482  1151  1151 I SurfaceFlinger: RequestedLayer [93f24f4 Splash Screen com.catfact.app.feature.factdetail.test#18499] hidden!! flag  from(1) --> to(0)
04-15 09:53:25.482  1151  1151 I SurfaceFlinger: RequestedLayer [Splash Screen com.catfact.app.feature.factdetail.test$_2000#18500] hidden!! flag  from(1) --> to(0)
04-15 09:53:25.482  1151  1151 I SurfaceFlinger: RequestedLayer [Task=3872#18497] hidden!! flag  from(1) --> to(0)
04-15 09:53:25.482  1151  1151 E SurfaceFlinger: alpha changed 1.000 -> 0.000 - Task=3872#18497
04-15 09:53:25.482  1151  1151 I SurfaceFlinger: RequestedLayer [Transition Root: Task=3872#18501] hidden!! flag  from(1) --> to(0)
04-15 09:53:25.483  1151  1151 I SurfaceFlinger: RequestedLayer [ActivityRecord{166590009 u0 com.catf[...]ivity.ComponentActivity t3872}#18498] hidden!! flag  from(1) --> to(0)
04-15 09:53:25.483  1151  1151 I SurfaceFlinger: RequestedLayer [DimTransitionLayer for Surface(name=Task=3872)/@0x19a5940#18502] hidden!! flag  from(1) --> to(0)
04-15 09:53:25.483  1151  1151 E SurfaceFlinger: alpha changed 1.000 -> 0.000 - DimTransitionLayer for Surface(name=Task=3872)/@0x19a5940#18502
04-15 09:53:25.483  1151  1151 E SurfaceFlinger: alpha changed 0.000 -> 1.000 - Task=3872#18497
04-15 09:53:25.483  1151  1151 E SurfaceFlinger: alpha changed 0.000 -> 0.000 - DimTransitionLayer for Surface(name=Task=3872)/@0x19a5940#18502
04-15 09:53:25.483  1151  1151 I SurfaceFlinger: [LayerHierarchy{RequestedLayerState{ImeContainer#15 parentId=16293 relativeParentId=16293 z=1} 1 children}] RelativeParent to null
04-15 09:53:25.483  1151  1151 I SurfaceFlinger: [LayerHierarchy{RequestedLayerState{Task=3801#16292 parentId=18501 z=2} 1 children}] reparent to LayerHierarchy{RequestedLayerState{Transition Root: Task=3872#18501 parentId=10 z=13} 1 children}
04-15 09:53:25.483  1151  1151 I SurfaceFlinger: [LayerHierarchy{RequestedLayerState{Task=3872#18497 parentId=18501 z=5} 1 children}] reparent to LayerHierarchy{RequestedLayerState{Transition Root: Task=3872#18501 parentId=10 z=13} 2 children}
04-15 09:53:25.483  1151  1151 I SurfaceFlinger: [Splash Screen com.catfact.app.feature.factdetail.test$_2000#18500] attach to parent LayerHierarchy{RequestedLayerState{93f24f4 Splash Screen com.catfact.app.feature.factdetail.test#18499 parentId=18498 z=2147483647} 1 children}
04-15 09:53:25.483  1151  1151 I SurfaceFlinger: [Transition Root: Task=3872#18501] attach to parent LayerHierarchy{RequestedLayerState{DefaultTaskDisplayArea_d0#10 parentId=9} 15 children}
04-15 09:53:25.483  1151  1151 I SurfaceFlinger: [DimTransitionLayer for Surface(name=Task=3872)/@0x19a5940#18502] attach to parent LayerHierarchy{RequestedLayerState{Transition Root: Task=3872#18501 parentId=10 z=13} 3 children}
04-15 09:53:25.483  1151  1151 I SurfaceFlinger: [f6d7816 com.catfact.app.feature.factdetail.test/androidx.activity.ComponentActivity#18503] attach to parent LayerHierarchy{RequestedLayerState{ActivityRecord{166590009 u0 com.catfact.app.feature.factdetail.test/androidx.activity.ComponentActivity t3872}#18498 parentId=18497} 2 children}
04-15 09:53:25.483  1542  1542 D MotionRecognitionService: [DisplayListener] getRefreshRate 120.00001
04-15 09:53:25.483  1542  1542 D AODManagerService: requestReCalToTSP IsSingleTouchMode = falserequestedReCalToTSP = false / previousDisplayState = ON
04-15 09:53:25.483  1542  3037 D LiftUpHandler: [LTW] Stopped already.
04-15 09:53:25.484  3756  3756 I HBD     : DeX h DeX mode state change in non-main thread
04-15 09:53:25.484  3756  3756 I HBD     : DeX h DeX mode state change: 3
04-15 09:53:25.484  3756  3756 I SPenContext: virtual void SPen::Context::SetDisplayRefreshRate(float) framerate=120
04-15 09:53:25.484  3756  3756 I LatencyConfiguration: void SPen::LatencyConfiguration::UpdateRefreshRate(float) RefreshRate=120.000008
04-15 09:53:25.484  3756  3756 I LatencyConfiguration: void SPen::LatencyConfiguration::UpdateRefreshRate(float) RefreshRateCallback 0xb4000074fc51b890
04-15 09:53:25.484  3756  3756 I spe_log : virtual void SPen::FbrDrawPad::SetRefreshRate(float) = 120.000
04-15 09:53:25.484  3756  3756 I spe_log : virtual void SPen::FbrDrawPad::SetRefreshRate(float) mFrameDurationNano=8333333, mDisplayRefreshDurationNano: 8333333
04-15 09:53:25.484  3756  3756 I spe_log : virtual void SPen::LowLatencyStrokeView::SetRefreshRate(float) refresh rate=120.000
04-15 09:53:25.485  1151  2479 I SurfaceFlinger: id=18505 createSurf, flag=24000, Surface(name=3edafdc StatusBar)/@0x3b919ed - animation-leash of insets_animation#18505
04-15 09:53:25.485  1140 10107 D AudioFlinger: setParameters: filtered dev setParameters keyvalue screen_state=on
04-15 09:53:25.485  1041  1606 D audio_hw_primary: device-adev_set_parameters: enter
04-15 09:53:25.485  1041  1606 I audio_hw_proxy2: proxy-proxy_set_parameters: set Screen-state 1
04-15 09:53:25.485  1041  1606 D audio_hw_primary: device-adev_set_parameters: param (screen_state=on)
04-15 09:53:25.485  1542  1776 D MotionRecognitionService: Inject RefreshRate: 120
04-15 09:53:25.485  1542  1776 D SensorService: setSContextDataLocked ints length 3 , byte length 8
04-15 09:53:25.486  1542  1776 D SensorService: setSContextDataLocked 100048c1
04-15 09:53:25.486  1041  1606 I Audio_a2dpsink_hw: adev_set_parameters: kevpairs=[screen_state=on]
04-15 09:53:25.486  1542  1825 D AS.DesktopModeHelper: onDisplayChanged: #Id=0
04-15 09:53:25.486  1151  1378 I SurfaceFlinger: id=18506 createSurf, flag=24000, Surface(name=8c5cec7 NavigationBar0)/@0xa68870 - animation-leash of insets_animation#18506
04-15 09:53:25.487  2461  4179 I HoneySpace.RecentTasks: onRunningTaskAppeared
04-15 09:53:25.487  2461  4179 I HoneySpace.RecentTasks: onRecentTasksChanged
04-15 09:53:25.487  2000  2000 D DisplayLifecycle: updateDisplay id = 0
04-15 09:53:25.487  2000  2125 D StackScroller: onDisplayChanged for predraw skip to 2
04-15 09:53:25.488  1542  1582 D SurfaceComposerClient: setCornerRadius ## 93f24f4 Splash Screen com.catfact.app.feature.factdetail.test#18499 cornerRadius=0.000000
04-15 09:53:25.488  1542  1582 D SurfaceComposerClient: setCornerRadius ## f6d7816 com.catfact.app.feature.factdetail.test/androidx.activity.ComponentActivity#18503 cornerRadius=0.000000
04-15 09:53:25.488  1054  1054 D Sensors : c1 48 00 10 78 00 00 00
04-15 09:53:25.488  1054  1054 E Sensors : inject_scontext_data: New ssp_data_injection_fd(45)
04-15 09:53:25.489  2000  2000 D SamsungLightBarControlHelper: updateStatusBar (BLACK icon) numStacks:1, StatusBarMode:MODE_TRANSPARENT, lightBarBounds:[Rect(0, 0 - 720, 1544)], StatusBarState:SHADE, packageName:, isWhiteKeyguardStatusBar:false
04-15 09:53:25.489  2000  2000 D SamsungLightBarControlHelper: onStatusBarAppearanceChanged() -  sbModeChanged:false, statusBarMode:0, barState:MODE_TRANSPARENT, isKeyguardShowing:false, navbarColorManagedByIme:false, (AppearanceRegion{LIGHT_STATUS_BARS bounds=[0,0][720,1544]}, )
04-15 09:53:25.489  2000  2000 D NavigationBar: onSystemBarAttributesChanged() -  displayId:0, appearance:24, packageName: com.catfact.app.feature.factdetail.test (APPEARANCE_LIGHT_STATUS_BARS APPEARANCE_LIGHT_NAVIGATION_BARS ), navbarColorManagedByIme:false
04-15 09:53:25.489  2000  2000 D SamsungLightBarControlHelper: updateNavigationBar (BLACK button) isLightOpaque:false, hasLightNavigationBarFlag:true, packageName:com.catfact.app.feature.factdetail.test, DirectReplying:false, NavBarColorMangedByIme:false, ForceDarkForScrim:false, ForceLightForScrim:false, QsCustomizing:false, QsExpanded:false
04-15 09:53:25.489  1151  1151 D SurfaceFlinger: GPIS:: requestGpisForSFSluggish
04-15 09:53:25.489  1542  1677 I WindowManager: Relayout Window{f6d7816 u0 com.catfact.app.feature.factdetail.test/androidx.activity.ComponentActivity}: viewVisibility=0 req=720x1544 ty=1 d0
04-15 09:53:25.489  1151  2910 D NativeSemDvfsManager: acquire:: timeout = 2000 mIsAcquired = 1  mTagName : SurfaceFlinger
04-15 09:53:25.489  1054  1054 D Sensors : SContext Data Injection return 8
04-15 09:53:25.490  1151  1338 D SurfaceFlinger: [input] setFocusedWindow: <null>
04-15 09:53:25.490  1151  2479 I SurfaceFlinger: id=18507 createSurf, flag=44004, com.catfact.app.feature.factdetail.test/androidx.activity.ComponentActivity$_19294#18507
04-15 09:53:25.490  1151  2910 E NativeCustomFrequencyManager: [NativeCFMS] BpCustomFrequencyManager::acquire()
04-15 09:53:25.490  1542  2101 D InputDispatcher: Once focus requested (0): <null>
04-15 09:53:25.490  1542  2101 D InputDispatcher: Focus request (0): <null> but waiting because NO_WINDOW
04-15 09:53:25.490  1542  2101 D InputDispatcher: Focus left window (0): b6a7246 com.google.android.calendar/com.google.android.calendar.allinone.AllInOneCalendarActivity
04-15 09:53:25.490  1059  1180 I HYPER-HAL: [RequestManager.cpp]acquire(): Acquired ID : 2315476  [1151 / 1000]    HINT : SF_GPU_MINLOCK    list : [TIMEOUT / 2000]
04-15 09:53:25.490  1151  1292 I VSyncReactor: Current= 120, Period= 120, Distance= 0
04-15 09:53:25.491  1542  1677 D SurfaceComposerClient: setCornerRadius ## 93f24f4 Splash Screen com.catfact.app.feature.factdetail.test#18499 cornerRadius=0.000000
04-15 09:53:25.491  1542  1677 D SurfaceComposerClient: setCornerRadius ## f6d7816 com.catfact.app.feature.factdetail.test/androidx.activity.ComponentActivity#18503 cornerRadius=0.000000
04-15 09:53:25.491  1151  1151 I SurfaceFlinger: RequestedLayer [f6d7816 com.catfact.app.feature.fact[...]idx.activity.ComponentActivity#18503] hidden!! flag  from(1) --> to(0)
04-15 09:53:25.491  3979  3979 I ImeFocusController: onPreWindowFocus: skipped hasWindowFocus=false mHasImeFocus=true
04-15 09:53:25.491  1151  1151 I SurfaceFlinger: [3427c83 ActivityRecordInputSink com.catfact.app.feature.factdetail.test/androidx.activity.ComponentActivity#18504] attach to parent LayerHierarchy{RequestedLayerState{ActivityRecord{166590009 u0 com.catfact.app.feature.factdetail.test/androidx.activity.ComponentActivity t3872}#18498 parentId=18497} 3 children}
04-15 09:53:25.491  1151  1151 I SurfaceFlinger: [Surface(name=3edafdc StatusBar)/@0x3b919ed - animation-leash of insets_animation#18505] attach to parent LayerHierarchy{RequestedLayerState{WindowToken{7a8fc4f type=2000 android.os.BinderProxy@a9d7329}#94 parentId=17} 2 children}
04-15 09:53:25.491  1151  1151 I SurfaceFlinger: [Surface(name=8c5cec7 NavigationBar0)/@0xa68870 - animation-leash of insets_animation#18506] attach to parent LayerHierarchy{RequestedLayerState{WindowToken{fc018e2 type=2019 android.os.BinderProxy@bda3ac4}#90 parentId=34} 2 children}
04-15 09:53:25.491  1542  1677 D SurfaceComposerClient: setCornerRadius ## 93f24f4 Splash Screen com.catfact.app.feature.factdetail.test#18499 cornerRadius=0.000000
04-15 09:53:25.491  1151  1151 I SurfaceFlinger: [com.catfact.app.feature.factdetail.test/androidx.activity.ComponentActivity$_19294#18507] attach to parent LayerHierarchy{RequestedLayerState{f6d7816 com.catfact.app.feature.factdetail.test/androidx.activity.ComponentActivity#18503 parentId=18498} 1 children}
04-15 09:53:25.491  1542  1677 D SurfaceComposerClient: setCornerRadius ## f6d7816 com.catfact.app.feature.factdetail.test/androidx.activity.ComponentActivity#18503 cornerRadius=0.000000
04-15 09:53:25.491  2461  4179 I HoneySpace.RefreshRateSource: singleFrameMs 8
04-15 09:53:25.491  3979  3979 I ImeFocusController: onPostWindowFocus: skipped hasWindowFocus=false mHasImeFocus=true
04-15 09:53:25.492  1151  1378 I SurfaceFlinger: id=18508 createSurf, flag=24000, Surface(name=3edafdc StatusBar)/@0x3b919ed - animation-leash of insets_animation#18508
04-15 09:53:25.493  1151  1151 I BpBinder: onLastStrongRef automatically unlinking death recipients:
04-15 09:53:25.493  2461  4179 I HoneySpace.Memory-Monitor: current state = 2, didTrim = false
04-15 09:53:25.494  1151  2479 I SurfaceFlinger: id=18509 createSurf, flag=24000, Surface(name=8c5cec7 NavigationBar0)/@0xa68870 - animation-leash of insets_animation#18509
04-15 09:53:25.495  1542  1677 I SystemKeyManager: requested systemKeyInfo size=1 focusedWindow=com.catfact.app.feature.factdetail.test/androidx.activity.ComponentActivity
04-15 09:53:25.495  1542  1677 I SystemKeyManager: requested systemKeyInfo size=1 focusedWindow=com.catfact.app.feature.factdetail.test/androidx.activity.ComponentActivity
04-15 09:53:25.495  1542  1677 I WindowManager: Relayout hash=f6d7816, pid=19294, syncId=-1: mAttrs={(0,0)(fillxfill) sim={adjust=pan forwardNavigation} layoutInDisplayCutoutMode=always ty=BASE_APPLICATION wanim=0x1030317
04-15 09:53:25.495  1542  1677 I WindowManager:   fl=81810100
04-15 09:53:25.495  1542  1677 I WindowManager:   pfl=100088c0
04-15 09:53:25.495  1542  1677 I WindowManager:   apr=210
04-15 09:53:25.495  1542  1677 I WindowManager:   bhv=1
04-15 09:53:25.495  1542  1677 I WindowManager:   fitSides=0
04-15 09:53:25.495  1542  1677 I WindowManager:   frameRateBoostOnTouch=true
04-15 09:53:25.495  1542  1677 I WindowManager:   dvrrWindowFrameRateHint=true naviIconColor=0}
04-15 09:53:25.497 19294 19294 I BLASTBufferQueue_Java: new BLASTBufferQueue, mName= VRI[ComponentActivity]@18998d2 mNativeObject= 0xb40000741c54e640 caller= android.view.ViewRootImpl.updateBlastSurfaceIfNeeded:3585 android.view.ViewRootImpl.relayoutWindow:11685 android.view.ViewRootImpl.performTraversals:4804 android.view.ViewRootImpl.doTraversal:3924 android.view.ViewRootImpl$TraversalRunnable.run:12903 android.view.Choreographer$CallbackRecord.run:1901 android.view.Choreographer$CallbackRecord.run:1910 android.view.Choreographer.doCallbacks:1367 android.view.Choreographer.doFrame:1292 android.view.Choreographer$FrameDisplayEventReceiver.run:1870
04-15 09:53:25.497 19294 19294 I BLASTBufferQueue_Java: update, w= 720 h= 1544 mName = VRI[ComponentActivity]@18998d2 mNativeObject= 0xb40000741c54e640 sc.mNativeObject= 0xb40000751c4e8910 format= -1 caller= android.view.ViewRootImpl.updateBlastSurfaceIfNeeded:3590 android.view.ViewRootImpl.relayoutWindow:11685 android.view.ViewRootImpl.performTraversals:4804 android.view.ViewRootImpl.doTraversal:3924 android.view.ViewRootImpl$TraversalRunnable.run:12903 android.view.Choreographer$CallbackRecord.run:1901
