04-15 09:53:33.425  1542  1585 D SurfaceComposerClient: setCornerRadius ## fc05000 com.catfact.app.feature.factdetail.test/androidx.activity.ComponentActivity#18721 cornerRadius=0.000000
04-15 09:53:33.426  1542  1585 D SurfaceComposerClient: setCornerRadius ## 5fdc507 Splash Screen com.catfact.app.feature.factdetail.test#18714 cornerRadius=0.000000
04-15 09:53:33.426  1151  2758 I SurfaceFlinger: id=18725 createSurf, flag=24000, Surface(name=fc05000 com.catfact.app.feature.factdetail.test/androidx.activity.ComponentActivity)/@0xc254756 - animation-leash of starting_reveal#18725
04-15 09:53:33.429  1151  1151 I SurfaceFlinger: [LayerHierarchy{RequestedLayerState{8c5cec7 NavigationBar0#91 parentId=18724} 1 children}] reparent to LayerHierarchy{RequestedLayerState{Surface(name=8c5cec7 NavigationBar0)/@0xa68870 - animation-leash of insets_animation#18724 parentId=90} 1 children}
04-15 09:53:33.429  1151  1151 I SurfaceFlinger: [LayerHierarchy{RequestedLayerState{3edafdc StatusBar#95 parentId=18723} 1 children}] reparent to LayerHierarchy{RequestedLayerState{Surface(name=3edafdc StatusBar)/@0x3b919ed - animation-leash of insets_animation#18723 parentId=94} 1 children}
04-15 09:53:33.429  1151  1151 I SurfaceFlinger: [LayerHierarchy{RequestedLayerState{Surface(name=8c5cec7 NavigationBar0)/@0xa68870 - animation-leash of insets_animation#18719} no children}] reparent to OffscreenRoot
04-15 09:53:33.429  1542  1585 D SurfaceComposerClient: setCornerRadius ## fc05000 com.catfact.app.feature.factdetail.test/androidx.activity.ComponentActivity#18721 cornerRadius=0.000000
04-15 09:53:33.429  1151  1151 I SurfaceFlinger: [LayerHierarchy{RequestedLayerState{Surface(name=8c5cec7 NavigationBar0)/@0xa68870 - animation-leash of insets_animation#18719} no children}] RelativeParent to null
04-15 09:53:33.429  2000  2105 D ShellTaskOrganizer: removeStartingWindow, removalInfo=StartingWindowRemovalInfo{taskId=3878 frame=Rect(0, 0 - 720, 1544) playRevealAnimation=true roundedCornerRadius=0.0 deferRemoveMode=0 windowlessSurface=false removeImmediately=false}
04-15 09:53:33.429  1151  1151 I SurfaceFlinger: [LayerHierarchy{RequestedLayerState{Surface(name=3edafdc StatusBar)/@0x3b919ed - animation-leash of insets_animation#18718} no children}] reparent to OffscreenRoot
04-15 09:53:33.429  1151  1151 I SurfaceFlinger: [LayerHierarchy{RequestedLayerState{Surface(name=3edafdc StatusBar)/@0x3b919ed - animation-leash of insets_animation#18718} no children}] RelativeParent to null
04-15 09:53:33.429  1151  1151 I SurfaceFlinger: [Surface(name=fc05000 com.catfact.app.feature.factdetail.test/androidx.activity.ComponentActivity)/@0xc254756 - animation-leash of starting_reveal#18725] attach to parent LayerHierarchy{RequestedLayerState{ActivityRecord{182502404 u0 com.catfact.app.feature.factdetail.test/androidx.activity.ComponentActivity t3878}#18713 parentId=18712} 4 children}
04-15 09:53:33.429  1542  1585 D SurfaceComposerClient: setCornerRadius ## 5fdc507 Splash Screen com.catfact.app.feature.factdetail.test#18714 cornerRadius=0.000000
04-15 09:53:33.429  1542  1585 D SurfaceComposerClient: setCornerRadius ## fc05000 com.catfact.app.feature.factdetail.test/androidx.activity.ComponentActivity#18721 cornerRadius=0.000000
04-15 09:53:33.429  1542  1585 D SurfaceComposerClient: setCornerRadius ## 5fdc507 Splash Screen com.catfact.app.feature.factdetail.test#18714 cornerRadius=0.000000
04-15 09:53:33.429  1542  1585 D SurfaceComposerClient: setCornerRadius ## fc05000 com.catfact.app.feature.factdetail.test/androidx.activity.ComponentActivity#18721 cornerRadius=0.000000
04-15 09:53:33.431  2000  2000 D NavigationBar: onSystemBarAttributesChanged() -  displayId:0, appearance:528, packageName: com.catfact.app.feature.factdetail.test (APPEARANCE_LIGHT_NAVIGATION_BARS ), navbarColorManagedByIme:false
04-15 09:53:33.434  2000  2195 I VRI[test]@dcd1cac: mWNT: t=0xb4000074fc74c150 mBlastBufferQueue=0xb40000741d3969e0 fn= 2 HdrRenderState mRenderHdrSdrRatio=1.0 caller= android.view.SyncRtSurfaceTransactionApplier.applyTransaction:100 android.view.SyncRtSurfaceTransactionApplier.lambda$scheduleApply$0:73 android.view.SyncRtSurfaceTransactionApplier.$r8$lambda$afI4fXg3U3-nBZQEDQMiNy-B06s:0
04-15 09:53:33.434  2000  2195 I VRI[test]@dcd1cac: mWNT: t=0xb4000074fc6f6e10 mBlastBufferQueue=0xb40000741d3969e0 fn= 2 HdrRenderState mRenderHdrSdrRatio=1.0 caller= android.view.SyncRtSurfaceTransactionApplier.applyTransaction:100 android.view.SyncRtSurfaceTransactionApplier.lambda$scheduleApply$0:73 android.view.SyncRtSurfaceTransactionApplier.$r8$lambda$afI4fXg3U3-nBZQEDQMiNy-B06s:0
04-15 09:53:33.434  2461  4418 I HoneySpace.RecentTasks: onRecentTasksChanged
04-15 09:53:33.435  3723  6775 I [AirCmd]_ActivitySwitchDetector: onTaskStackChanged : componentName - ComponentInfo{com.catfact.app.feature.factdetail.test/androidx.activity.ComponentActivity}
04-15 09:53:33.436 19294 19294 I InsetsSourceConsumer: applyRequestedVisibilityToControl: visible=true, type=statusBars, host=com.catfact.app.feature.factdetail.test/androidx.activity.ComponentActivity
04-15 09:53:33.436 19294 19294 I InsetsSourceConsumer: applyRequestedVisibilityToControl: visible=true, type=navigationBars, host=com.catfact.app.feature.factdetail.test/androidx.activity.ComponentActivity
04-15 09:53:33.438  1151  1338 D SurfaceFlinger: [input] setFocusedWindow: fc05000 com.catfact.app.feature.factdetail.test/androidx.activity.ComponentActivity
04-15 09:53:33.438  1542  2101 D InputDispatcher: Once focus requested (0): fc05000 com.catfact.app.feature.factdetail.test/androidx.activity.ComponentActivity
04-15 09:53:33.438  1542  2101 D InputDispatcher: Focus request (0): fc05000 com.catfact.app.feature.factdetail.test/androidx.activity.ComponentActivity but waiting because NO_WINDOW
04-15 09:53:33.438  1542  1581 I PkgPredictorService-SecIpmManagerServiceImpl: reportToNAP uid:10748 com.catfact.app.feature.factdetail.test/androidx.activity.ComponentActivity thisTime:133
04-15 09:53:33.438  1151  1151 I SurfaceFlinger: RequestedLayer [com.catfact.app.feature.factdetail.t[...]ivity.ComponentActivity$_19294#18722] hidden!! flag  from(1) --> to(0)
04-15 09:53:33.438  1542  1581 D PkgPredictorService-SecIpmManagerServiceImpl: reportToNAP: mHeavyLaunchCounter is false
04-15 09:53:33.438  1151  1151 I SurfaceFlinger: [LayerHierarchy{RequestedLayerState{fc05000 com.catfact.app.feature.factdetail.test/androidx.activity.ComponentActivity#18721 parentId=18725} 1 children}] reparent to LayerHierarchy{RequestedLayerState{Surface(name=fc05000 com.catfact.app.feature.factdetail.test/androidx.activity.ComponentActivity)/@0xc254756 - animation-leash of starting_reveal#18725 parentId=18713} 1 children}
04-15 09:53:33.438  1542  2944 D PkgPredictorService-SecIpmManagerServiceImpl: ACTION_FOREGROUND_FINISH_EVENT sCurForegroundApp :com.catfact.app.feature.factdetail.test
04-15 09:53:33.438  1542  1581 I ActivityTaskManager: Displayed com.catfact.app.feature.factdetail.test/androidx.activity.ComponentActivity for user 0: +133ms
04-15 09:53:33.439  3152  3152 E pageboostd: Received HALT command code 2
04-15 09:53:33.441  2000  2120 I VRI[test]@dcd1cac: onActiveControlsChanged, removed=false, mAdded=true, caller=android.view.ViewRootImpl.handleInsetsControlChanged:3002 android.view.ViewRootImpl$ViewRootHandler.handleMessageImpl:8352 android.view.ViewRootImpl$ViewRootHandler.handleMessage:8301 android.os.Handler.dispatchMessage:110 android.os.Looper.loopOnce:273
04-15 09:53:33.441  2000  2194 I VRI[test]@dcd1cac: mWNT: t=0xb4000074fc79ff90 mBlastBufferQueue=0xb40000741d3969e0 fn= 3 HdrRenderState mRenderHdrSdrRatio=1.0 caller= android.view.SyncRtSurfaceTransactionApplier.applyTransaction:100 android.view.SyncRtSurfaceTransactionApplier.lambda$scheduleApply$0:73 android.view.SyncRtSurfaceTransactionApplier.$r8$lambda$afI4fXg3U3-nBZQEDQMiNy-B06s:0
04-15 09:53:33.441  1151  2758 I SurfaceFlinger: id=18718 Removed Surface(name=3edafdc StatusBar)/@0x3b919ed - animation-leash of insets_animation#18718 (210)
04-15 09:53:33.441  1151  2758 I SurfaceFlinger: id=18719 Removed Surface(name=8c5cec7 NavigationBar0)/@0xa68870 - animation-leash of insets_animation#18719 (210)
04-15 09:53:33.442  1542  3015 I NSLocationMonitor: getGPSUsingApps() called
04-15 09:53:33.443  2982  3043 I NSLocationManager_FLP: getGPSUsingApps, No change
04-15 09:53:33.443  1542  1585 D SurfaceComposerClient: setCornerRadius ## 5fdc507 Splash Screen com.catfact.app.feature.factdetail.test#18714 cornerRadius=0.000000
04-15 09:53:33.443  1542  1585 D SurfaceComposerClient: setCornerRadius ## fc05000 com.catfact.app.feature.factdetail.test/androidx.activity.ComponentActivity#18721 cornerRadius=0.000000
04-15 09:53:33.445  3963  4335 I SemDvfsHyPerManager: acquire hyper - BaseTABoost/3963@25, type = -999
04-15 09:53:33.445  1059  1180 I HYPER-HAL: [RequestManager.cpp]acquire(): Acquired ID : 7954091  [3963 / 25]    HINT :      list : [TABoost / 1]
04-15 09:53:33.447  1542  3015 I NSLocationMonitor: getGPSUsingApps() called
04-15 09:53:33.447  1151  1151 D SurfaceFlinger: Display 4633128672291735999 HWC layers:
04-15 09:53:33.447  1151  1151 D SurfaceFlinger:        CLIENT |           17089674871043 | 00002102 | RGBA_8888    |   68.0    0.0  720.0 1544.0 |    0    0  720 1544 | com.google.android.calendar/com.goog[...]AllInOneCalendarActivity$_3979#18704 (29)
04-15 09:53:33.447  1151  1151 D SurfaceFlinger:   SOLID_COLOR |                        0 | 00000000 | N/A          |    0.0    0.0    0.0    0.0 |    0    0  720 1544 | DimTransitionLayer for Surface(name=Task=3878)/@0x3720829#18720 (0)
04-15 09:53:33.447  1151  1151 D SurfaceFlinger:        DEVICE |           82867099009072 | 00002102 | RGBA_8888    |    0.0    0.0  219.0 1544.0 |  501    0  720 1544 | com.catfact.app.feature.factdetail.t[...]ivity.ComponentActivity$_19294#18722 (1)
04-15 09:53:33.447  1151  1151 D SurfaceFlinger:        DEVICE |            8589934655907 | 00002100 | RGBA_8888    |    0.0    0.0  219.0 1544.0 |  501    0  720 1544 | Splash Screen com.catfact.app.feature.factdetail.test$_2000#18715 (1)
04-15 09:53:33.447  1151  1151 D SurfaceFlinger:        DEVICE |            8589934654694 | 00002100 | RGBA_8888    |    0.0    0.0  720.0   50.0 |    0    0  720   50 | StatusBar$_2000#102 (26341)
04-15 09:53:33.447  1151  1151 D SurfaceFlinger:        DEVICE |           10569914518889 | 0000
04-15 09:53:33.447  1151  1151 D SurfaceFlinger: 2100 | RGBA_8888    |    0.0    0.0   67.0  353.0 |  653  192  720  545 | com.sec.android.app.launcher/com.sam[...]l.app.CocktailBarService$_2461#16495 (1)
04-15 09:53:33.447  1151  1151 D SurfaceFlinger:        DEVICE |            8589934654692 | 00002100 | RGBA_8888    |    0.0    0.0  720.0   90.0 |    0 1454  720 1544 | NavigationBar0$_2000#98 (17142)
04-15 09:53:33.447  1151  1151 D SurfaceFlinger:
04-15 09:53:33.447  2982  3043 I NSLocationManager_FLP: getGPSUsingApps, No change
04-15 09:53:33.447  1542  1558 D InputDispatcher: Focus entered window (0): fc05000 com.catfact.app.feature.factdetail.test/androidx.activity.ComponentActivity
04-15 09:53:33.448  1151  1151 I SurfaceFlinger: destroyed Surface(name=8c5cec7 NavigationBar0)/@0xa68870 - animation-leash of insets_animation#18719
04-15 09:53:33.448  1151  1151 I SurfaceFlinger: destroyed Surface(name=3edafdc StatusBar)/@0x3b919ed - animation-leash of insets_animation#18718
04-15 09:53:33.448 19294 19294 D VRI[ComponentActivity]@d1219a7: mThreadedRenderer.initializeIfNeeded()#2 mSurface={isValid=true 0xb40000748c577d00}
04-15 09:53:33.448 19294 19294 D InputMethodManagerUtils: startInputInner - Id : 0
04-15 09:53:33.448 19294 19294 I InputMethodManager: startInputInner - IInputMethodManagerGlobalInvoker.startInputOrWindowGainedFocus
04-15 09:53:33.449  2000  2195 I VRI[test]@dcd1cac: mWNT: t=0xb4000074fc7b0d10 mBlastBufferQueue=0xb40000741d3969e0 fn= 4 HdrRenderState mRenderHdrSdrRatio=1.0 caller= android.view.SyncRtSurfaceTransactionApplier.applyTransaction:100 android.view.SyncRtSurfaceTransactionApplier.lambda$scheduleApply$0:73 android.view.SyncRtSurfaceTransactionApplier.$r8$lambda$afI4fXg3U3-nBZQEDQMiNy-B06s:0
04-15 09:53:33.450  1151  1151 I Layer   : id=18719 Destroyed Surface(name=8c5cec7 NavigationBar0)/@0xa68870 - animation-leash of insets_animation#18719
04-15 09:53:33.450  1151  1151 I Layer   : id=18718 Destroyed Surface(name=3edafdc StatusBar)/@0x3b919ed - animation-leash of insets_animation#18718
04-15 09:53:33.454  1542  1750 I ImeTracker: com.catfact.app.feature.factdetail.test:3012bb25: onRequestHide at ORIGIN_SERVER reason HIDE_UNSPECIFIED_WINDOW fromUser false
04-15 09:53:33.455 19294 19294 I InputMethodManager: handleMessage: setImeVisibility visible=false
04-15 09:53:33.455 19294 19294 D InsetsController: hide(ime(), fromIme=false)
04-15 09:53:33.455 19294 19294 I ImeTracker: com.catfact.app.feature.factdetail.test:3012bb25: onCancelled at PHASE_CLIENT_ALREADY_HIDDEN
04-15 09:53:33.456  3979  3979 D InputTransport: Input channel destroyed: 'ClientS', fd=215
04-15 09:53:33.458  1542  1750 D InputTransport: Input channel constructed: 'ClientS', fd=1041
04-15 09:53:33.458  1542  1750 D InputTransport: Input channel destroyed: 'ClientS', fd=1041
04-15 09:53:33.459  2000  2194 I VRI[test]@dcd1cac: mWNT: t=0xb4000074fc7a8490 mBlastBufferQueue=0xb40000741d3969e0 fn= 5 HdrRenderState mRenderHdrSdrRatio=1.0 caller= android.view.SyncRtSurfaceTransactionApplier.applyTransaction:100 android.view.SyncRtSurfaceTransactionApplier.lambda$scheduleApply$0:73 android.view.SyncRtSurfaceTransactionApplier.$r8$lambda$afI4fXg3U3-nBZQEDQMiNy-B06s:0
04-15 09:53:33.460  3756  3756 I HBD     : HoneyBoardService onFinishInput
04-15 09:53:33.460 19294 19309 D InputTransport: Input channel constructed: 'ClientS', fd=135
04-15 09:53:33.460  3756  3756 I HBD     : a IC have been unbinding,  RemoteInputConnection{idHash=#ac98be8}
04-15 09:53:33.460  3756  3756 I HBD     : HoneyBoardService [PF_CL][onFinishInput]  0 ms
04-15 09:53:33.461  3756  3756 I HBD     : HoneyBoardService [IMI] onStartInput - caller pid : 19294 , caller uid : 10748
04-15 09:53:33.461  3756  3756 I HBD     : k updateConfigs
04-15 09:53:33.461  3756  3756 I HBD     : k isEnabledNightMode : true
04-15 09:53:33.461  3756  3756 I HBD     : a IC have been binding, RemoteInputConnection{idHash=#de17201}
04-15 09:53:33.461  3756  3756 I HBD     : h [EditorInputType]setPrivateImeOptionsToTable privateImeOptions ( null )
04-15 09:53:33.461  3756  3756 I HBD     : b incognitoMode : false
04-15 09:53:33.461  3756  3756 I HBD     : c needOff = true , isForceOff = false, isNullInputClass : true
04-15 09:53:33.461  3756  3756 I HBD     : h getDefaultInputRange : UNKNOWN
04-15 09:53:33.461  3756  3756 I HBD     : h getDefaultInputRange : UNKNOWN
04-15 09:53:33.461  3756  3756 I HBD     : h getDefaultInputRange : UNKNOWN
04-15 09:53:33.461  3756  3756 I HBD     : c needOff = true , isForceOff = false, isNullInputClass : true
04-15 09:53:33.461  3756  3756 I HBD     : c update cached prediction status : false
04-15 09:53:33.461  3756  3756 I HBD     : h getDefaultInputRange : UNKNOWN
04-15 09:53:33.461  3756  3756 I HBD     : a currentState : 0
04-15 09:53:33.462  3756  3756 I HBD     : a [UpdatePolicy] [post] a: 0 cl: 65538 kit: [0/0] vt: 0 ir: 1
04-15 09:53:33.462  1151  2479 I SurfaceFlinger: id=18726 createSurf, flag=24004, Surface(name=1d7a05f InputMethod)/@0x5f77a9d - animation-leash of insets_animation#18726
04-15 09:53:33.464  1542  1558 I ImeTracker: system_server:b1aa1f42: onRequestHide at ORIGIN_SERVER reason IME_REQUESTED_CHANGED_LISTENER fromUser false
04-15 09:53:33.465  1542  1585 D SurfaceComposerClient: setCornerRadius ## 5fdc507 Splash Screen com.catfact.app.feature.factdetail.test#18714 cornerRadius=0.000000
04-15 09:53:33.465  1542  1585 D SurfaceComposerClient: setCornerRadius ## fc05000 com.catfact.app.feature.factdetail.test/androidx.activity.ComponentActivity#18721 cornerRadius=0.000000
04-15 09:53:33.465  3756  3756 I HBD     : a [NRIC] resetNoResponseState
04-15 09:53:33.465  3756  3756 I HBD     : c needOff = true , isForceOff = false, isNullInputClass : true
04-15 09:53:33.465  3756  3756 I HBD     : c update cached prediction status : false
04-15 09:53:33.465  3756  3756 I HBD     : b [AiWriter] setContact : com.catfact.app.feature.factdetail.test
04-15 09:53:33.465  3756  3756 I HBD     : a [AiWriter] setContact : com.catfact.app.feature.factdetail.test
04-15 09:53:33.465  3756  3756 I HBD     : o0 EBD si S 0
04-15 09:53:33.465  3756  3756 I HBD     : r updateContactDBLanguage : 0
04-15 09:53:33.465  3756  3756 I HBD     : a [UpdatePolicy] [post] a: 31 cl: 65538 kit: [0/0] vt: 0 ir: 1
04-15 09:53:33.466  3756  3756 I HBD     : HoneyBoardService [PF_OP][onStartInput]  5 ms
04-15 09:53:33.466  1542  1584 I ImeTracker: system_server:b1aa1f42: onCancelled at PHASE_SERVER_SHOULD_HIDE
04-15 09:53:33.466  3756  3756 I HBD     : [DirectWriting] DirectWriting emitInputConnection : RemoteInputConnection{idHash=#de17201}
04-15 09:53:33.467  3756  2073 I HBD     : a [SKE_SPECIFIC] specific model[com.catfact.app.feature.factdetail.test] loaded, 899101 ns
04-15 09:53:33.468  2000  2195 I VRI[test]@dcd1cac: mWNT: t=0xb4000074fc745850 mBlastBufferQueue=0xb40000741d3969e0 fn= 6 HdrRenderState mRenderHdrSdrRatio=1.0 caller= android.view.SyncRtSurfaceTransactionApplier.applyTransaction:100 android.view.SyncRtSurfaceTransactionApplier.lambda$scheduleApply$0:73 android.view.SyncRtSurfaceTransactionApplier.$r8$lambda$afI4fXg3U3-nBZQEDQMiNy-B06s:0
04-15 09:53:33.470  1151  1151 I SurfaceFlinger: [Surface(name=1d7a05f InputMethod)/@0x5f77a9d - animation-leash of insets_animation#18726] attach to parent LayerHierarchy{RequestedLayerState{WindowToken{d080c22 type=2011 android.os.Binder@459a5ed}#120 parentId=15} 2 children}
04-15 09:53:33.476  2000  2194 I VRI[test]@dcd1cac: mWNT: t=0xb4000074fc730d90 mBlastBufferQueue=0xb40000741d3969e0 fn= 7 HdrRenderState mRenderHdrSdrRatio=1.0 caller= android.view.SyncRtSurfaceTransactionApplier.applyTransaction:100 android.view.SyncRtSurfaceTransactionApplier.lambda$scheduleApply$0:73 android.view.SyncRtSurfaceTransactionApplier.$r8$lambda$afI4fXg3U3-nBZQEDQMiNy-B06s:0
04-15 09:53:33.479  1151  1151 I SurfaceFlinger: RequestedLayer [Surface(name=1d7a05f InputMethod)/@0[...]tion-leash of insets_animation#18726] hidden!! flag  from(1) --> to(0)
04-15 09:53:33.479  1151  1151 E SurfaceFlinger: alpha changed 1.000 -> 0.000 - Surface(name=1d7a05f InputMethod)/@0x5f77a9d - animation-leash of insets_animation#18726
04-15 09:53:33.479  1151  1151 I SurfaceFlinger: [LayerHierarchy{RequestedLayerState{ImeContainer#15 parentId=18713 relativeParentId=18713 z=3} 1 children}] reparent to LayerHierarchy{RequestedLayerState{ActivityRecord{182502404 u0 com.catfact.app.feature.factdetail.test/androidx.activity.ComponentActivity t3878}#18713 parentId=18712} 4 children}
04-15 09:53:33.479  1151  1151 I SurfaceFlinger: [LayerHierarchy{RequestedLayerState{ImeContainer#15 parentId=18713 relativeParentId=18713 z=3} 1 children}] RelativeParent to null
04-15 09:53:33.479  1151  1151 I SurfaceFlinger: [LayerHierarchy{RequestedLayerState{1d7a05f InputMethod#134 parentId=18726} no children}] reparent to LayerHierarchy{RequestedLayerState{Surface(name=1d7a05f InputMethod)/@0x5f77a9d - animation-leash of insets_animation#18726 parentId=120} 1 children}
04-15 09:53:33.479  1151  1151 I SurfaceFlinger: [LayerHierarchy{RequestedLayerState{Surface(name=1d7a05f InputMethod)/@0x5f77a9d - animation-leash of insets_animation#18710} no children}] reparent to OffscreenRoot
04-15 09:53:33.479  1151  1151 I SurfaceFlinger: [LayerHierarchy{RequestedLayerState{Surface(name=1d7a05f InputMethod)/@0x5f77a9d - animation-leash of insets_animation#18710} no children}] RelativeParent to null
04-15 09:53:33.482  1151  1200 I SurfaceFlinger: id=18710 Removed Surface(name=1d7a05f InputMethod)/@0x5f77a9d - animation-leash of insets_animation#18710 (209)
04-15 09:53:33.486  3756  3756 I InputMethodService: scheduleImeSurfaceRemoval: canceled, mShowInputRequested=false, mWindowVisible=false, IsmWindowNull=false, IsmImeSurfaceRemoverRunnableNotNull=true
04-15 09:53:33.486  1542  1558 I WindowManager: Relayout Window{5fdc507 u0 Splash Screen com.catfact.app.feature.factdetail.test}: viewVisibility=8 req=720x1544 ty=3 d0
04-15 09:53:33.486  1542  1558 D SurfaceComposerClient: setCornerRadius ## fc05000 com.catfact.app.feature.factdetail.test/androidx.activity.ComponentActivity#18721 cornerRadius=0.000000
04-15 09:53:33.486  1542  1558 D SurfaceComposerClient: setCornerRadius ## 5fdc507 Splash Screen com.catfact.app.feature.factdetail.test#18714 cornerRadius=0.000000
04-15 09:53:33.486  1542  1558 D SurfaceComposerClient: setCornerRadius ## fc05000 com.catfact.app.feature.factdetail.test/androidx.activity.ComponentActivity#18721 cornerRadius=0.000000
04-15 09:53:33.487  1542  1558 I WindowManager: Relayout hash=5fdc507, pid=2000, syncId=-1: mAttrs={(0,0)(fillxfill) sim={adjust=pan} layoutInDisplayCutoutMode=always ty=APPLICATION_STARTING fmt=TRANSLUCENT wanim=0x1030317
04-15 09:53:33.487  1542  1558 I WindowManager:   fl=81030118
04-15 09:53:33.487  1542  1558 I WindowManager:   pfl=10000810
04-15 09:53:33.487  1542  1558 I WindowManager:   apr=18
04-15 09:53:33.487  1542  1558 I WindowManager:   bhv=1
04-15 09:53:33.487  1542  1558 I WindowManager:   fitSides=0
04-15 09:53:33.487  1542  1558 I WindowManager:   frameRateBoostOnTouch=true
04-15 09:53:33.487  1542  1558 I WindowManager:   dvrrWindowFrameRateHint=true naviIconColor=0}
04-15 09:53:33.488  1151  1151 I SurfaceFlinger: destroyed Surface(name=1d7a05f InputMethod)/@0x5f77a9d - animation-leash of insets_animation#18710
04-15 09:53:33.488  1218  1218 I CameraService: onUidStateChanged: uid=10048, procState is changed. (1 -> 0)
04-15 09:53:33.488  2000  2120 I VRI[test]@dcd1cac: onActiveControlsChanged, removed=false, mAdded=true, caller=android.view.ViewRootImpl.handleInsetsControlChanged:3002 android.view.ViewRootImpl.relayoutWindow:11629 android.view.ViewRootImpl.performTraversals:4804 android.view.ViewRootImpl.doTraversal:3924 android.view.ViewRootImpl$TraversalRunnable.run:12903
04-15 09:53:33.489  2000  2120 I VRI[test]@dcd1cac: Relayout returned: old=(0,0,720,1544) new=(0,0,720,1544) relayoutAsync=false req=(720,1544)8 dur=5 res=0x2 s={false 0x0} ch=true seqId=0
04-15 09:53:33.489  2000  2120 D VRI[test]@dcd1cac: Not drawing due to not visible. Reason=View.GONE
04-15 09:53:33.489  2000  2120 I VRI[test]@dcd1cac: dispatchDetachedFromWindow
04-15 09:53:33.490  1542  1558 D InputTransport: Input channel destroyed: '5fdc507', fd=808
04-15 09:53:33.490  1542  1558 D SurfaceComposerClient: setCornerRadius ## fc05000 com.catfact.app.feature.factdetail.test/androidx.activity.ComponentActivity#18721 cornerRadius=0.000000
04-15 09:53:33.490  1151  1151 I Layer   : id=18710 Destroyed Surface(name=1d7a05f InputMethod)/@0x5f77a9d - animation-leash of insets_animation#18710
04-15 09:53:33.490  1542  1558 D SurfaceComposerClient: setCornerRadius ## fc05000 com.catfact.app.feature.factdetail.test/androidx.activity.ComponentActivity#18721 cornerRadius=0.000000
04-15 09:53:33.490  2000  2000 D QSClock : onDarkChanged tint=DARK
04-15 09:53:33.491  1542  1585 D SurfaceComposerClient: setCornerRadius ## fc05000 com.catfact.app.feature.factdetail.test/androidx.activity.ComponentActivity#18721 cornerRadius=0.000000
04-15 09:53:33.492  1542  1585 D SurfaceComposerClient: setCornerRadius ## fc05000 com.catfact.app.feature.factdetail.test/androidx.activity.ComponentActivity#18721 cornerRadius=0.000000
04-15 09:53:33.494  2000  2120 D InputTransport: Input channel destroyed: '5fdc507', fd=660
04-15 09:53:33.497  2000  2000 D SystemUIService: SYSUI_RAM_OPTIMIZATION onTrimMemory=20
04-15 09:53:33.497  2000  2000 D CentralSurfaces: SYSUI_RAM_OPTIMIZATION onTrimMemory=20
04-15 09:53:33.498  2000  2196 D HWUI    : CacheManager::trimMemory(20)
04-15 09:53:33.499  1151  1151 I SurfaceFlinger: RequestedLayer [Splash Screen com.catfact.app.feature.factdetail.test$_2000#18715] hidden!! flag  from(0) --> to(1)
04-15 09:53:33.499  1151  1151 I SurfaceFlinger: [LayerHierarchy{RequestedLayerState{Surface(name=fc05000 com.catfact.app.feature.factdetail.test/androidx.activity.ComponentActivity)/@0xc254756 - animation-leash of starting_reveal#18725} 1 children}] reparent to OffscreenRoot
04-15 09:53:33.499  1151  1151 I SurfaceFlinger: [LayerHierarchy{RequestedLayerState{Surface(name=fc05000 com.catfact.app.feature.factdetail.test/androidx.activity.ComponentActivity)/@0xc254756 - animation-leash of starting_reveal#18725} 1 children}] RelativeParent to null
04-15 09:53:33.499  1151  1151 I SurfaceFlinger: [LayerHierarchy{RequestedLayerState{fc05000 com.catfact.app.feature.factdetail.test/androidx.activity.ComponentActivity#18721 parentId=18713} 1 children}] reparent to LayerHierarchy{RequestedLayerState{ActivityRecord{182502404 u0 com.catfact.app.feature.factdetail.test/androidx.activity.ComponentActivity t3878}#18713 parentId=18712} 4 children}
04-15 09:53:33.506  1151  1151 D SurfaceFlinger: Display 4633128672291735999 HWC layers:
04-15 09:53:33.506  1151  1151 D SurfaceFlinger:        CLIENT |           17089674871043 | 00002102 | RGBA_8888    |  167.0    0.0  720.0 1544.0 |    0    0  720 1544 | com.google.android.calendar/com.goog[...]AllInOneCalendarActivity$_3979#18704 (29)
04-15 09:53:33.506  1151  1151 D SurfaceFlinger:   SOLID_COLOR |                        0 | 00000000 | N/A          |    0.0    0.0    0.0    0.0 |    0    0  720 1544 | DimTransitionLayer for Surface(name=Task=3878)/@0x3720829#18720 (0)
04-15 09:53:33.506  1151  1151 D SurfaceFlinger:        DEVICE |           82867099009072 | 00002102 | RGBA_8888    |    0.0    0.0  535.0 1544.0 |  185    0  720 1544 | com.catfact.app.feature.factdetail.t[...]ivity.ComponentActivity$_19294#18722 (1)
04-15 09:53:33.506  1151  1151 D SurfaceFlinger:        DEVICE |            8589934654742 | 00002100 | RGBA_8888    |    0.0    0.0  720.0   50.0 |    0    0  720   50 | StatusBar$_2000#102 (26348)
04-15 09:53:33.506  1151  1151 D SurfaceFlinger:        DEVICE |           10569914518889 | 00002100 | RGBA_8888    |    0.0    0.0   67.0  353.0 |  653  192  720  545 | com.sec.android.app.launcher/com.sam[...]l.app.CocktailBarService$_2461#16495 (1)
04-15 09:53:33.506  1151  1151 D SurfaceFlinger:        DEVICE |            85899346
04-15 09:53:33.506  1151  1151 D SurfaceFlinger: 54691 | 00002100 | RGBA_8888    |    0.0    0.0  720.0   90.0 |    0 1454  720 1544 | NavigationBar0$_2000#98 (17149)
04-15 09:53:33.506  1151  1151 D SurfaceFlinger:
04-15 09:53:33.558  1151  1151 D SurfaceFlinger: GPIS:: requestGpisForClientComposition
04-15 09:53:33.562  1151  2910 D NativeSemDvfsManager: acquire:: timeout = 2000 mIsAcquired = 1  mTagName : SurfaceFlinger
04-15 09:53:33.562  1151  2910 E NativeCustomFrequencyManager: [NativeCFMS] BpCustomFrequencyManager::acquire()
04-15 09:53:33.563  1059  1180 I HYPER-HAL: [RequestManager.cpp]acquire(): Acquired ID : 2315476  [1151 / 1000]    HINT : SF_GPU_MINLOCK    list : [TIMEOUT / 2000]
04-15 09:53:33.597  3756  3756 I InputMethodService: removeImeSurface
04-15 09:53:33.597  3756  3756 I InputMethodService: cancelImeSurfaceRemoval: removeCallbacks
04-15 09:53:33.598  1144  1154 E HeatmapThread: ECT Thread time in milliseconds: 1776239613
04-15 09:53:33.598  1144  1154 D HeatmapThread: !@ batteryplugType : 0
04-15 09:53:33.599  1144  1154 D HeatmapThread: !@ batteryLevel : 0  batteryTemperature : 0
04-15 09:53:33.599  1144  1154 D HeatmapThread: !@ Heatmap currtime: 29603993
04-15 09:53:33.599  1144  1154 D HeatmapThread: !@ Heatmap prevtime: 29603990
04-15 09:53:33.599  1144  1154 D HeatmapThread: !@ Heatmap plugstarttime: 35791394
04-15 09:53:33.599  1144  1154 D HeatmapThread: !@ Heatmap prevv_dsoh_update_time: 29597770
04-15 09:53:33.600  1144  1154 E HeatmapThread: !@Could not open '/efs/FactoryApp/bsoh', errno = 13
04-15 09:53:33.600  1144  1154 E HeatmapThread: !@ CAM Could not access BSOH EFS
04-15 09:53:33.600  1144  1154 E HeatmapThread: !@ CAM New BSOH: 0
04-15 09:53:33.641  2461  2461 I HoneySpace.EdgePanel.EdgeVisibilityRepository: getComputedTrayVisible : keyguardState = 1
04-15 09:53:33.642  2461  2461 I HoneySpace.EdgePanel.EdgeVisibilityRepository: updateTrayVisible: State = 0x1, visible = true, current containerState = 0, specificMode = 0
04-15 09:53:33.642  2461  2461 I HoneySpace.EdgePanel.EdgeVisibilityRepository: Same container state 0
04-15 09:53:33.725  1059 19498 I HYPER-HAL: [RequestManager.cpp]releaseLocked(): Released ID : 1223852
04-15 09:53:33.798  1542  1553 I system_server: Background concurrent mark compact GC freed 45MB AllocSpace bytes, 194(3944KB) LOS objects, 24% free, 144MB/192MB, paused 1.981ms,8.881ms total 477.472ms
04-15 09:53:33.808  3979  3988 I ndroid.calendar: Background concurrent mark compact GC freed 51MB AllocSpace bytes, 1(16KB) LOS objects, 57% free, 35MB/83MB, paused 1.777ms,3.957ms total 170.924ms
04-15 09:53:33.817  1542  1555 W System  : A resource failed to call HardwareBuffer.close.
04-15 09:53:33.817  1542  1555 W System  : A resource failed to call release.
04-15 09:53:33.817  1542  1555 W System  : A resource failed to call release.
04-15 09:53:33.817  1542  1555 W System  : A resource failed to call release.
04-15 09:53:33.817  1542  1555 W System  : A resource failed to call release.
04-15 09:53:33.828  1151  1151 D SurfaceFlinger: Display 4633128672291735999 HWC layers:
04-15 09:53:33.828  1151  1151 D SurfaceFlinger:        DEVICE |           82867099009072 | 00002102 | RGBA_8888    |    0.0    0.0  720.0 1544.0 |    0    0  720 1544 | com.catfact.app.feature.factdetail.t[...]ivity.ComponentActivity$_19294#18722 (1)
04-15 09:53:33.828  1151  1151 D SurfaceFlinger:        DEVICE |            8589934654687 | 00002100 | RGBA_8888    |    0.0    0.0  720.0   50.0 |    0    0  720   50 | StatusBar$_2000#102 (26350)
04-15 09:53:33.828  1151  1151 D SurfaceFlinger:        DEVICE |           10569914518889 | 00002100 | RGBA_8888    |    0.0    0.0   67.0  353.0 |  653  192  720  545 | com.sec.android.app.launcher/com.sam[...]l.app.CocktailBarService$_2461#16495 (1)
04-15 09:53:33.828  1151  1151 D SurfaceFlinger:        DEVICE |            8589934654693 | 00002100 | RGBA_8888    |    0.0    0.0  720.0   90.0 |    0 1454  720 1544 | NavigationBar0$_2000#98 (17151)
04-15 09:53:33.828  1151  1151 D SurfaceFlinger:
04-15 09:53:33.834  2000  2105 I SurfaceControlRegistry: apply, t=FinishTransaction_SyncId<1670>, caller=android.view.SurfaceControl$Transaction.apply:3459 android.view.SurfaceControl$Transaction.apply:3447 android.view.SurfaceControl$Transaction.apply:3397 com.android.wm.shell.transition.Transitions.onFinish:315 com.android.wm.shell.transition.Transitions$$ExternalSyntheticLambda7.onTransitionFinished:12 com.android.wm.shell.transition.DefaultTransitionHandler$$ExternalSyntheticLambda2.run:36
04-15 09:53:33.836  1542  2101 D SurfaceComposerClient: setCornerRadius ## fc05000 com.catfact.app.feature.factdetail.test/androidx.activity.ComponentActivity#18721 cornerRadius=0.000000
04-15 09:53:33.836  1542  2101 D SurfaceComposerClient: setCornerRadius ## fc05000 com.catfact.app.feature.factdetail.test/androidx.activity.ComponentActivity#18721 cornerRadius=0.000000
04-15 09:53:33.837  2000  2000 D SamsungLightBarControlHelper: updateStatusBar (WHITE icon) numStacks:1, StatusBarMode:MODE_TRANSPARENT, lightBarBounds:[], StatusBarState:SHADE, packageName:, isWhiteKeyguardStatusBar:false
04-15 09:53:33.837  2000  2000 D SamsungLightBarControlHelper: onStatusBarAppearanceChanged() -  sbModeChanged:false, statusBarMode:0, barState:MODE_TRANSPARENT, isKeyguardShowing:false, navbarColorManagedByIme:false, (AppearanceRegion{ bounds=[0,0][720,1544]}, )
04-15 09:53:33.837  3979  3979 I VRI[AllInOneCalendarActivity]@c55d361: handleAppVisibility mAppVisible = true visible = false
04-15 09:53:33.837  3979  3979 D VRI[AllInOneCalendarActivity]@c55d361: visibilityChanged oldVisibility=true newVisibility=false
04-15 09:53:33.841  1151  1151 I SurfaceFlinger: RequestedLayer [Task=3801#16292] hidden!! flag  from(0) --> to(1)
04-15 09:53:33.841  1151  1151 I SurfaceFlinger: [Display 0 name="Built-in Screen"#49] setFrameRateCategory: Default
04-15 09:53:33.841  1151  1151 I SurfaceFlinger: [LayerHierarchy{RequestedLayerState{Task=3801#16292 parentId=10 z=12} 1 children}] reparent to LayerHierarchy{RequestedLayerState{DefaultTaskDisplayArea_d0#10 parentId=9} 16 children}
04-15 09:53:33.841  1151  1151 I SurfaceFlinger: [LayerHierarchy{RequestedLayerState{DimTransitionLayer for Surface(name=Task=3878)/@0x3720829#18720 z=-1} no children}] reparent to OffscreenRoot
04-15 09:53:33.841  1151  1151 I SurfaceFlinger: [LayerHierarchy{RequestedLayerState{DimTransitionLayer for Surface(name=Task=3878)/@0x3720829#18720 z=-1} no children}] RelativeParent to null
04-15 09:53:33.841  1151  1151 I SurfaceFlinger: [LayerHierarchy{RequestedLayerState{Task=3878#18712 parentId=10 z=13} 1 children}] reparent to LayerHierarchy{RequestedLayerState{DefaultTaskDisplayArea_d0#10 parentId=9} 17 children}
04-15 09:53:33.841  1151  1151 I SurfaceFlinger: [LayerHierarchy{RequestedLayerState{Transition Root: Task=3878#18716 z=13} no children}] reparent to OffscreenRoot
04-15 09:53:33.841  1151  1151 I SurfaceFlinger: [LayerHierarchy{RequestedLayerState{Transition Root: Task=3878#18716 z=13} no children}] RelativeParent to null
04-15 09:53:33.843  1151  1151 I SurfaceFlinger: id=18720 Removed DimTransitionLayer for Surface(name=Task=3878)/@0x3720829#18720 (208)
04-15 09:53:33.843  1151  1151 I SurfaceFlinger: id=18716 Removed Transition Root: Task=3878#18716 (208)
04-15 09:53:33.843  2000  2000 D SystemUIService: SYSUI_RAM_OPTIMIZATION onTrimMemory=20
04-15 09:53:33.843  2000  2000 D CentralSurfaces: SYSUI_RAM_OPTIMIZATION onTrimMemory=20
04-15 09:53:33.843  2000  2196 D HWUI    : CacheManager::trimMemory(20)
04-15 09:53:33.844  1542  1585 D SurfaceComposerClient: setCornerRadius ## fc05000 com.catfact.app.feature.factdetail.test/androidx.activity.ComponentActivity#18721 cornerRadius=0.000000
04-15 09:53:33.845  2000  2000 D DisplayLifecycle: updateDisplay id = 0
04-15 09:53:33.845  2000  2125 D StackScroller: onDisplayChanged for predraw skip to 2
04-15 09:53:33.845  2461 30001 I HoneySpace.Memory-Monitor: current state = 2, didTrim = false
04-15 09:53:33.846  3979  4808 D HWUI    : CacheManager::trimMemory(20)
04-15 09:53:33.849  1151  1151 I SurfaceFlinger: RequestedLayer [com.google.android.calendar/com.goog[...]AllInOneCalendarActivity$_3979#18704] hidden!! flag  from(0) --> to(1)
04-15 09:53:33.849  1151  1151 I SurfaceFlinger: RequestedLayer [ActivityRecord{243114305 u0 com.goog[...]llInOneCalendarActivity t3801}#16293] hidden!! flag  from(0) --> to(1)
04-15 09:53:33.849  1151  1151 I SurfaceFlinger: destroyed DimTransitionLayer for Surface(name=Task=3878)/@0x3720829#18720
04-15 09:53:33.849  1151  1151 I SurfaceFlinger: destroyed Transition Root: Task=3878#18716
04-15 09:53:33.849  1151  1151 I SurfaceFlinger: [LayerHierarchy{RequestedLayerState{ImeContainer#15 parentId=18713 relativeParentId=18721 z=1} 1 children}] RelativeParent to LayerHierarchy{RequestedLayerState{fc05000 com.catfact.app.feature.factdetail.test/androidx.activity.ComponentActivity#18721 parentId=18713} 2 children}
04-15 09:53:33.849  1151  1151 I SurfaceFlinger: [LayerHierarchy{RequestedLayerState{5fdc507 Splash Screen com.catfact.app.feature.factdetail.test#18714 z=2147483647} 1 children}] reparent to OffscreenRoot
04-15 09:53:33.849  1151  1151 I SurfaceFlinger: [LayerHierarchy{RequestedLayerState{5fdc507 Splash Screen com.catfact.app.feature.factdetail.test#18714 z=2147483647} 1 children}] RelativeParent to null
04-15 09:53:33.849  1151  1151 I SurfaceFlinger: [LayerHierarchy{RequestedLayerState{Splash Screen com.catfact.app.feature.factdetail.test$_2000#18715} no children}] reparent to OffscreenRoot
04-15 09:53:33.849  1151  1151 I SurfaceFlinger: [LayerHierarchy{RequestedLayerState{Splash Screen com.catfact.app.feature.factdetail.test$_2000#18715} no children}] RelativeParent to null
04-15 09:53:33.851  1151  1151 I Layer   : id=18720 Destroyed DimTransitionLayer for Surface(name=Task=3878)/@0x3720829#18720
04-15 09:53:33.851  1151  1151 I Layer   : id=18716 Destroyed Transition Root: Task=3878#18716
04-15 09:53:33.851  1151  1151 I SurfaceFlinger: id=18714 Removed 5fdc507 Splash Screen com.catfact.app.feature.factdetail.test#18714 (206)
04-15 09:53:33.851  1151  1151 I SurfaceFlinger: id=18715 Removed Splash Screen com.catfact.app.feature.factdetail.test$_2000#18715 (206)
04-15 09:53:33.852  1542  2101 I WindowManager: Relayout Window{556ca3f u0 com.google.android.calendar/com.google.android.calendar.allinone.AllInOneCalendarActivity}: viewVisibility=8 req=720x1544 ty=1 d0
04-15 09:53:33.852  1542  2101 D SurfaceComposerClient: setCornerRadius ## fc05000 com.catfact.app.feature.factdetail.test/androidx.activity.ComponentActivity#18721 cornerRadius=0.000000
04-15 09:53:33.853  1542  2101 D SurfaceComposerClient: setCornerRadius ## fc05000 com.catfact.app.feature.factdetail.test/androidx.activity.ComponentActivity#18721 cornerRadius=0.000000
04-15 09:53:33.853  1542  2101 I WindowManager: Relayout hash=556ca3f, pid=3979, syncId=-1: mAttrs={(0,0)(fillxfill) sim={adjust=pan} layoutInDisplayCutoutMode=always ty=BASE_APPLICATION wanim=0x1030317
04-15 09:53:33.853  1542  2101 I WindowManager:   fl=81810100
04-15 09:53:33.853  1542  2101 I WindowManager:   pfl=100088c0
04-15 09:53:33.853  1542  2101 I WindowManager:   vsysui=700
04-15 09:53:33.853  1542  2101 I WindowManager:   bhv=1
04-15 09:53:33.853  1542  2101 I WindowManager:   fitSides=0
04-15 09:53:33.853  1542  2101 I WindowManager:   frameRateBoostOnTouch=true
04-15 09:53:33.853  1542  2101 I WindowManager:   dvrrWindowFrameRateHint=true naviIconColor=0}
04-15 09:53:33.857  3979  3979 I VRI[AllInOneCalendarActivity]@c55d361: Relayout returned: old=(0,0,720,1544) new=(0,0,720,1544) relayoutAsync=false req=(720,1544)8 dur=2 res=0x2 s={false 0x0} ch=true seqId=0
04-15 09:53:33.857  3979  3979 D VRI[AllInOneCalendarActivity]@c55d361: Not drawing due to not visible. Reason=!mAppVisible && !mForceDecorViewVisibility
04-15 09:53:33.857  1151  1151 I SurfaceFlinger: destroyed 5fdc507 Splash Screen com.catfact.app.feature.factdetail.test#18714
04-15 09:53:33.857  1151  1151 I SurfaceFlinger: destroyed Splash Screen com.catfact.app.feature.factdetail.test$_2000#18715
04-15 09:53:33.857  3979  4808 D HWUI    : CacheManager::trimMemory(20)
04-15 09:53:33.859  1151  1151 I Layer   : id=18714 Destroyed 5fdc507 Splash Screen com.catfact.app.feature.factdetail.test#18714
04-15 09:53:33.859  1151  1151 I Layer   : id=18715 Destroyed Splash Screen com.catfact.app.feature.factdetail.test$_2000#18715
04-15 09:53:33.865  3979  3979 I VRI[AllInOneCalendarActivity]@c55d361: stopped(true) old = false
04-15 09:53:33.866  3979  3979 D VRI[AllInOneCalendarActivity]@c55d361: WindowStopped on com.google.android.calendar/com.google.android.calendar.allinone.AllInOneCalendarActivity set to true
04-15 09:53:33.866  3979  4808 D HWUI    : CacheManager::trimMemory(20)
04-15 09:53:33.880  1542  1582 D PkgPredictorService-SecIpmManagerServiceImpl: bg information pid:3979 uid:10279 pkgName:com.google.android.calendar
04-15 09:53:33.882  3979  3979 D BBA2    : setIsFg isFg = false; delayValue 3999ms
04-15 09:53:33.882  1151  1151 I SurfaceFlinger: [LayerHierarchy{RequestedLayerState{com.google.android.calendar/com.google.android.calendar.allinone.AllInOneCalendarActivity$_3979#18704} no children}] reparent to OffscreenRoot
04-15 09:53:33.882  1151  1151 I SurfaceFlinger: [LayerHierarchy{RequestedLayerState{com.google.android.calendar/com.google.android.calendar.allinone.AllInOneCalendarActivity$_3979#18704} no children}] RelativeParent to null
04-15 09:53:33.884  1151  1151 I SurfaceFlinger: id=18704 Removed com.google.android.calendar/com.google.android.calendar.allinone.AllInOneCalendarActivity$_3979#18704 (204)
04-15 09:53:33.891  1151  1151 I SurfaceFlinger: destroyed com.google.android.calendar/com.google.android.calendar.allinone.AllInOneCalendarActivity$_3979#18704
04-15 09:53:33.893  1151  1151 I Layer   : id=18704 Destroyed com.google.android.calendar/com.google.android.calendar.allinone.AllInOneCalendarActivity$_3979#18704
04-15 09:53:33.900  3979  3979 W WindowOnBackDispatcher: sendCancelIfRunning: isInProgress=false callback=android.app.Activity$$ExternalSyntheticLambda0@e3b449d
04-15 09:53:33.907  3979  4808 D HWUI    : CacheManager::trimMemory(20)
04-15 09:53:33.913  3979  3979 D ViewRootImpl: Skipping stats log for color mode
04-15 09:53:33.913  3979  3979 I VRI[AllInOneCalendarActivity]@c55d361: dispatchDetachedFromWindow
04-15 09:53:33.914  1542  2101 D InputTransport: Input channel destroyed: '556ca3f', fd=874
04-15 09:53:33.914  1542  2101 D SurfaceComposerClient: setCornerRadius ## fc05000 com.catfact.app.feature.factdetail.test/androidx.activity.ComponentActivity#18721 cornerRadius=0.000000
04-15 09:53:33.915  1542  2101 D SurfaceComposerClient: setCornerRadius ## fc05000 com.catfact.app.feature.factdetail.test/androidx.activity.ComponentActivity#18721 cornerRadius=0.000000
04-15 09:53:33.916  3979  3979 D InputTransport: Input channel destroyed: '556ca3f', fd=170
04-15 09:53:33.924  1151  1151 I SurfaceFlinger: [LayerHierarchy{RequestedLayerState{556ca3f com.google.android.calendar/com.google.android.calendar.allinone.AllInOneCalendarActivity#18703} no children}] reparent to OffscreenRoot
04-15 09:53:33.924  1151  1151 I SurfaceFlinger: [LayerHierarchy{RequestedLayerState{556ca3f com.google.android.calendar/com.google.android.calendar.allinone.AllInOneCalendarActivity#18703} no children}] RelativeParent to null
04-15 09:53:33.925  1151  1151 I SurfaceFlinger: id=18703 Removed 556ca3f com.google.android.calendar/com.google.android.calendar.allinone.AllInOneCalendarActivity#18703 (203)
04-15 09:53:33.932  1151  1151 I SurfaceFlinger: destroyed 556ca3f com.google.android.calendar/com.google.android.calendar.allinone.AllInOneCalendarActivity#18703
04-15 09:53:33.933  1151  1151 I Layer   : id=18703 Destroyed 556ca3f com.google.android.calendar/com.google.android.calendar.allinone.AllInOneCalendarActivity#18703
04-15 09:53:33.943 19294 19294 I View    : setRequestedFrameRate frameRate=0.0, this=androidx.compose.ui.platform.AndroidComposeView{c3983b5 VFED..... ......I. 0,0-720,1544 aid=1073741824}, caller=android.view.ViewGroup.setRequestedFrameRate:9952 androidx.compose.ui.platform.Api35Impl.setRequestedFrameRate:3822 androidx.compose.ui.platform.AndroidComposeView.dispatchDraw:2114 android.view.View.draw:26345 android.view.View.updateDisplayListIfDirty:25175
04-15 09:53:33.943 19294 19294 I View    : setRequestedFrameRate frameRate=-4.0, this=android.view.View{3f5cdd1 V.ED..... ......I. 0,0-0,0}, caller=androidx.compose.ui.platform.Api35Impl.setRequestedFrameRate:3822 androidx.compose.ui.platform.AndroidComposeView.dispatchDraw:2115 android.view.View.draw:26345 android.view.View.updateDisplayListIfDirty:25175 android.view.View.draw:26072
04-15 09:53:33.950 19294 19294 I View    : setRequestedFrameRate frameRate=NaN, this=androidx.compose.ui.platform.AndroidComposeView{c3983b5 VFED..... ........ 0,0-720,1544 aid=1073741824}, caller=android.view.ViewGroup.setRequestedFrameRate:9952 androidx.compose.ui.platform.Api35Impl.setRequestedFrameRate:3822 androidx.compose.ui.platform.AndroidComposeView.dispatchDraw:2114 android.view.View.draw:26345 android.view.View.updateDisplayListIfDirty:25175
04-15 09:53:33.950 19294 19294 I View    : setRequestedFrameRate frameRate=-4.0, this=android.view.View{3f5cdd1 V.ED..... ........ 0,0-0,0}, caller=androidx.compose.ui.platform.Api35Impl.setRequestedFrameRate:3822 androidx.compose.ui.platform.AndroidComposeView.dispatchDraw:2115 android.view.View.draw:26345 android.view.View.updateDisplayListIfDirty:25175 android.view.View.draw:26072
04-15 09:53:33.950 19294 19332 I GSC     : SID[14] : d6f70a623b6d5a85, Kind: 1, time : 4.096 ms
04-15 09:53:33.955 19294 19332 I GSC     : SID[15] : a5d43e0d6582489f, Kind: 0, time : 4.064 ms
04-15 09:53:33.957  2000  2000 D QSClock : onDarkChanged tint=WHITE
04-15 09:53:33.996  1542  2101 I SemDvfsHyPerManager: acquire hyper - AMS_ACT_START/1542@20, type = -999
04-15 09:53:33.996  1059  1180 I HYPER-HAL: [RequestManager.cpp]acquire(): Acquired ID : 1220723  [1542 / 20]    HINT : AMS_ACT_START    list :
04-15 09:53:33.997  1151  1200 I SurfaceFlinger: id=18727 createSurf, flag=84004, ActivityRecord{223911491 u0 com.catfact.app.feature.factdetail.test/androidx.test.core.app.InstrumentationActivityInvoker$EmptyActivity t3878}#18727
04-15 09:53:34.000  3152  3152 E pageboostd: Received HALT command code 2
04-15 09:53:34.000  2000  2105 D ShellDesktopMode: handleRequest: TransitionRequestInfo {type=1, tid=3878, debugId=1671}
04-15 09:53:34.001 19294 19294 D LifecycleMonitor: Lifecycle status change: androidx.activity.ComponentActivity@2807e90 in: PAUSED
04-15 09:53:34.001 19294 19294 V ActivityScenario: Update currentActivityStage to PAUSED, currentActivity=androidx.activity.ComponentActivity@2807e90
04-15 09:53:34.003  1542  4043 D InputDispatcher: Focused application(0): ActivityRecord{223911491 u0 com.catfact.app.feature.factdetail.test/androidx.test.core.app.InstrumentationActivityInvoker$EmptyActivity t3878}
04-15 09:53:34.004  1542  4043 D GraphicsStatsService: requestRenderEngineFor(com.catfact.app.feature.factdetail.test)
04-15 09:53:34.005 19294 19294 D LifecycleMonitor: Lifecycle status change: androidx.test.core.app.InstrumentationActivityInvoker$EmptyActivity@b7a2b10 in: PRE_ON_CREATE
04-15 09:53:34.005 19294 19294 V ActivityScenario: Activity lifecycle changed event received but ignored because the intent does not match. startActivityIntent=Intent { act=android.intent.action.MAIN cat=[android.intent.category.LAUNCHER] flg=0x10008000 cmp=com.catfact.app.feature.factdetail.test/androidx.activity.ComponentActivity }, activity.getIntent()=Intent { act=android.intent.action.MAIN cat=[android.intent.category.LAUNCHER] flg=0x10000000 xflg=0x4 cmp=com.catfact.app.feature.factdetail.test/androidx.test.core.app.InstrumentationActivityInvoker$EmptyActivity }, activity=androidx.test.core.app.InstrumentationActivityInvoker$EmptyActivity@b7a2b10
04-15 09:53:34.005  2461  2461 I HoneySpace.EdgePanel.CocktailHostRepositoryImpl: onNoteResume
04-15 09:53:34.005  2461  2461 I HoneySpace.EdgePanel.EdgePanelContainerViewModel: cocktailHostRepository.edgePanelOperation NoteResumeComponent(componentName=ComponentInfo{com.catfact.app.feature.factdetail.test/androidx.test.core.app.InstrumentationActivityInvoker$EmptyActivity})
04-15 09:53:34.005  2461  2461 I HoneySpace.EdgePanel.ActivityUtils: HomePackage : com.sec.android.app.launcher, resumePackageName : com.catfact.app.feature.factdetail.test, className : androidx.test.core.app.InstrumentationActivityInvoker$EmptyActivity
04-15 09:53:34.007  1151  1151 I SurfaceFlinger: [Display 0 name="Built-in Screen"#49] setFrameRateCategory: High
04-15 09:53:34.007  1151  1151 I SurfaceFlinger: [ActivityRecord{223911491 u0 com.catfact.app.feature.factdetail.test/androidx.test.core.app.InstrumentationActivityInvoker$EmptyActivity t3878}#18727] attach to parent LayerHierarchy{RequestedLayerState{Task=3878#18712 parentId=10 z=13} 2 children}
04-15 09:53:34.008 19294 19294 I DecorView: setWindowBackground: isPopOver=false color=ffffffff d=android.graphics.drawable.ColorDrawable@2556f1a
04-15 09:53:34.008 19294 19294 D LifecycleMonitor: Lifecycle status change: androidx.test.core.app.InstrumentationActivityInvoker$EmptyActivity@b7a2b10 in: CREATED
04-15 09:53:34.008 19294 19294 V ActivityScenario: Activity lifecycle changed event received but ignored because the intent does not match. startActivityIntent=Intent { act=android.intent.action.MAIN cat=[android.intent.category.LAUNCHER] flg=0x10008000 cmp=com.catfact.app.feature.factdetail.test/androidx.activity.ComponentActivity }, activity.getIntent()=Intent { act=android.intent.action.MAIN cat=[android.intent.category.LAUNCHER] flg=0x10000000 xflg=0x4 cmp=com.catfact.app.feature.factdetail.test/androidx.test.core.app.InstrumentationActivityInvoker$EmptyActivity }, activity=androidx.test.core.app.InstrumentationActivityInvoker$EmptyActivity@b7a2b10
04-15 09:53:34.009 19294 19294 D LifecycleMonitor: Lifecycle status change: androidx.test.core.app.InstrumentationActivityInvoker$EmptyActivity@b7a2b10 in: STARTED
04-15 09:53:34.009 19294 19294 V ActivityScenario: Activity lifecycle changed event received but ignored because the intent does not match. startActivityIntent=Intent { act=android.intent.action.MAIN cat=[android.intent.category.LAUNCHER] flg=0x10008000 cmp=com.catfact.app.feature.factdetail.test/androidx.activity.ComponentActivity }, activity.getIntent()=Intent { act=android.intent.action.MAIN cat=[android.intent.category.LAUNCHER] flg=0x10000000 xflg=0x4 cmp=com.catfact.app.feature.factdetail.test/androidx.test.core.app.InstrumentationActivityInvoker$EmptyActivity }, activity=androidx.test.core.app.InstrumentationActivityInvoker$EmptyActivity@b7a2b10
04-15 09:53:34.010 19294 19294 D LifecycleMonitor: Lifecycle status change: androidx.test.core.app.InstrumentationActivityInvoker$EmptyActivity@b7a2b10 in: RESUMED
