04-15 09:53:29.462 19294 19315 I TestRunner: started: loadingStateShowsProgressIndicator(com.catfact.app.feature.factdetail.presentation.DetailScreenTest)
04-15 09:53:29.465  1151  1151 I SurfaceFlinger: destroyed df34370 com.catfact.app.feature.factdetail.test/androidx.test.core.app.InstrumentationActivityInvoker$EmptyActivity#18585
04-15 09:53:29.465  1151  1151 I SurfaceFlinger: destroyed Task=3874#18604
04-15 09:53:29.465  1151  1151 I SurfaceFlinger: destroyed com.catfact.app.feature.factdetail.test/androidx.test.core.app.InstrumentationActivityInvoker$EmptyActivity$_19294#18586
04-15 09:53:29.467  1151  1151 I Layer   : id=18585 Destroyed df34370 com.catfact.app.feature.factdetail.test/androidx.test.core.app.InstrumentationActivityInvoker$EmptyActivity#18585
04-15 09:53:29.467  1151  1151 I Layer   : id=18604 Destroyed Task=3874#18604
04-15 09:53:29.467  1151  1151 I Layer   : id=18586 Destroyed com.catfact.app.feature.factdetail.test/androidx.test.core.app.InstrumentationActivityInvoker$EmptyActivity$_19294#18586
04-15 09:53:29.478 19294 19315 D IdlingRegistry: Registering idling resources: [androidx.compose.ui.test.EspressoLink@e9db093]
04-15 09:53:29.484 19294 19315 W Settings: Setting always_finish_activities has moved from android.provider.Settings.System to android.provider.Settings.Global, returning read-only value.
04-15 09:53:29.491  1542  2484 I SemDvfsHyPerManager: acquire hyper - AMS_APP_SWITCH/1542@28, type = -999
04-15 09:53:29.492  1059  1180 I HYPER-HAL: [RequestManager.cpp]acquire(): Acquired ID : 1233263  [1542 / 28]    HINT : AMS_APP_SWITCH    list :
04-15 09:53:29.493  1059  1180 I HYPER-HAL: [ResourceManager.cpp]updateResource(): [CPULittleMinFreq] UpdateResource Request ID : 1233263    Value : 1824000
04-15 09:53:29.493  3963  3963 I SemDvfsHyPerManager: acquire hyper - APP_START_SHORT/3963@17, type = -999
04-15 09:53:29.494  1151  1200 I SurfaceFlinger: id=18605 createSurf, flag=24004, Task=3875#18605
04-15 09:53:29.496  1151  1200 I SurfaceFlinger: id=18606 createSurf, flag=84004, ActivityRecord{19406490 u0 com.catfact.app.feature.factdetail.test/androidx.activity.ComponentActivity t3875}#18606
04-15 09:53:29.497  1059  1180 I HYPER-HAL: [RequestManager.cpp]acquire(): Acquired ID : 7922207  [3963 / 17]    HINT : APP_START    list : [TIMEOUT / 1500]
04-15 09:53:29.500  2000  2120 D ViewRootImpl: desktopMode is false
04-15 09:53:29.500  2000  2120 I ViewRootImpl: dVRR is disabled
04-15 09:53:29.502  1542  4043 I SemDvfsHyPerManager: acquire hyper - AMS_APP_LAUNCH/1542@21, type = -999
04-15 09:53:29.502  3152  3152 E pageboostd: Received HALT command code 2
04-15 09:53:29.502  1059  1180 I HYPER-HAL: [RequestManager.cpp]acquire(): Acquired ID : 1222287  [1542 / 21]    HINT : AMS_APP_LAUNCH    list :
04-15 09:53:29.502  2000  2196 D NativeCustomFrequencyManager: [NativeCFMS] BpCustomFrequencyManager::BpCustomFrequencyManager()
04-15 09:53:29.502  2000  2105 D ShellDesktopMode: handleRequest: TransitionRequestInfo {type=1, tid=3875, debugId=1661}
04-15 09:53:29.502  3963  3963 I SemDvfsHyPerManager: acquire hyper - APP_START/3963@19, type = -999
04-15 09:53:29.502  1059  1180 I HYPER-HAL: [ResourceManager.cpp]updateResource(): [CPULittleMinFreq] UpdateResource Request ID : 1222287    Value : 1824000
04-15 09:53:29.503  1059  1180 I HYPER-HAL: [RequestManager.cpp]acquire(): Acquired ID : 7930172  [3963 / 19]    HINT : APP_START    list :
04-15 09:53:29.504  3979  3988 I ndroid.calendar: Background concurrent mark compact GC freed 44MB AllocSpace bytes, 2(32KB) LOS objects, 59% free, 32MB/80MB, paused 1.708ms,3.533ms total 118.557ms
04-15 09:53:29.505  2461  2584 I HoneySpace.TopTaskSource: onTaskMovedToFront : taskId = 3875, displayId = 0
04-15 09:53:29.505  2461  2586 I HoneySpace.TopTaskUseCase: topTasks 3875 ComponentInfo{com.catfact.app.feature.factdetail.test/androidx.activity.ComponentActivity}[displayId=0]
04-15 09:53:29.507  1151  1151 I SurfaceFlinger: [Task=3875#18605] attach to parent LayerHierarchy{RequestedLayerState{DefaultTaskDisplayArea_d0#10 parentId=9} 16 children}
04-15 09:53:29.507  1151  1151 I SurfaceFlinger: [ActivityRecord{19406490 u0 com.catfact.app.feature.factdetail.test/androidx.activity.ComponentActivity t3875}#18606] attach to parent LayerHierarchy{RequestedLayerState{Task=3875#18605 parentId=10} 1 children}
04-15 09:53:29.510  1542  1558 D InputTransport: Input channel constructed: '7074ee ', fd=972
04-15 09:53:29.510  1542  1558 D InputTransport: Input channel constructed: '7074ee ', fd=1041
04-15 09:53:29.510  1542  1558 D InputTransport: Input channel constructed: '7074ee ', fd=1280
04-15 09:53:29.510  1542  1558 D InputTransport: Input channel destroyed: '7074ee ', fd=1041
04-15 09:53:29.511  1151  1200 I SurfaceFlinger: id=18607 createSurf, flag=84004, 7074ee Splash Screen com.catfact.app.feature.factdetail.test#18607
04-15 09:53:29.511  1218  1218 I CameraService: onUidStateChanged: uid=10048, procState is changed. (0 -> 1)
04-15 09:53:29.512  1542  1558 D InputTransport: Input channel destroyed: '7074ee ', fd=1280
04-15 09:53:29.512  2000  2120 D InputTransport: Input channel constructed: '7074ee ', fd=664
04-15 09:53:29.513  2000  2120 I InsetsController: onStateChanged: host=Splash Screen com.catfact.app.feature.factdetail.test, from=android.view.ViewRootImpl.onInsetsStateChanged:3026, state=InsetsState: {mDisplayFrame=Rect(0, 0 - 720, 1544), mDisplayCutout=DisplayCutout{insets=Rect(0, 50 - 0, 0) waterfall=Insets{left=0, top=0, right=0, bottom=0} boundingRect={Bounds=[Rect(0, 0 - 0, 0), Rect(341, 0 - 379, 50), Rect(0, 0 - 0, 0), Rect(0, 0 - 0, 0)]} cutoutPathParserInfo={CutoutPathParserInfo{displayWidth=720 displayHeight=1544 physicalDisplayWidth=720 physicalDisplayHeight=1544 density={1.875} cutoutSpec={M 0,0 H -10 V 26.66666666666667 H 10 V 0 H 0 Z @dp} rotation={0} scale={1.0} physicalPixelDisplaySizeRatio={1.0}}} sideOverrides={}}, mRoundedCorners=RoundedCorners{[RoundedCorner{position=TopLeft, radius=8, center=Point(8, 8)}, RoundedCorner{position=TopRight, radius=8, center=Point(712, 8)}, RoundedCorner{position=BottomRight, radius=8, center=Point(712, 1536)}, RoundedCorner{position=BottomLeft, radius=8, center=Point(8, 1536)}]}  mRoundedCornerFrame=Rect(0, 0 - 720, 1544), mPrivacyIndicatorBounds=PrivacyIndicatorBounds {static bounds=Rect(637, 0 - 720, 50) rotation=0}, mDisplayShape=DisplayShape{ spec=-311912193 displayWidth=720 displayHeight=1544 physicalPixelDisplaySizeRatio=0.5 rotation=0 offsetX=0 offsetY=0 scale=1.0}, mSources= { InsetsSource: {ec730001 mType=navigationBars mFrame=[0,1454][720,1544] mVisible=true mFlags= mSideHint=BOTTOM mBoundingRects=null}, InsetsSource: {ec730004 mType=systemGestures mFrame=[0,0][0,0] mVisible=true mFlags= mSideHint=NONE mBoundingRects=null}, InsetsSource: {ec730005 mType=mandatorySystemGestures mFrame=[0,1454][720,1544] mVisible=true mFlags= mSideHint=BOTTOM mBoundingRects=null}, InsetsSource: {ec730006 mType=tappableElement mFrame=[0,1454][720,1544] mVisible=true mFlags= mSideHint=BOTTOM mBoundingRects=null}, InsetsSource: {ec730024 mType=systemGestures mFrame=[0,0][0,0] mVisible=true mFlags= mSideHint=NONE mBoundingRects=null}, InsetsSource: {27 mType=displayCutout mFrame=[0,0][720,50] mVisible=true mFlags= mSideHint=TOP mBoundingRects=null}, InsetsSource: {43950000 mType=statusBars mFrame=[0,0][720,50] mVisible=true mFlags= mSideHint=TOP mBoundingRects=null}, InsetsSource: {43950005 mType=mandatorySystemGestures mFrame=[0,0][720,73] mVisible=true mFlags= mSideHint=TOP mBoundingRects=null}, InsetsSource: {43950006 mType=tappableElement mFrame=[0,0][720,50] mVisible=true mFlags= mSideHint=TOP mBoundingRects=null} }
04-15 09:53:29.513  2000  2120 I VRI[test]@6cf23b1: onActiveControlsChanged, removed=false, mAdded=true, caller=android.view.ViewRootImpl.handleInsetsControlChanged:3002 android.view.ViewRootImpl.setView:2014 android.view.WindowManagerGlobal.addView:604 com.android.wm.shell.startingsurface.SplashscreenWindowCreator.addWindow:38 com.android.wm.shell.startingsurface.StartingWindowController$$ExternalSyntheticLambda4.run:1365
04-15 09:53:29.513  2000  2120 I VRI[test]@6cf23b1: synced displayState. AttachInfo displayState=2
04-15 09:53:29.514  2000  2120 I VRI[test]@6cf23b1: setView = android.widget.FrameLayout@5d5fab3 IsHRR=false mFlingFrameRateChange=0 TM=true
04-15 09:53:29.514  2000  2196 D HWUI    : HWUI - treat SMPTE_170M as sRGB
04-15 09:53:29.515  1542  4043 D InputDispatcher: Focused application(0): ActivityRecord{19406490 u0 com.catfact.app.feature.factdetail.test/androidx.activity.ComponentActivity t3875}
04-15 09:53:29.515  2461  4432 I HoneySpace.RecentTasks: onRecentTasksChanged
04-15 09:53:29.515  2461  4432 I HoneySpace.RecentTasks: onRecentTasksChanged
04-15 09:53:29.515  1151  1151 I SurfaceFlinger: [Display 0 name="Built-in Screen"#49] setFrameRateCategory: High
04-15 09:53:29.516  1151  1151 I SurfaceFlinger: [7074ee Splash Screen com.catfact.app.feature.factdetail.test#18607] attach to parent LayerHierarchy{RequestedLayerState{ActivityRecord{19406490 u0 com.catfact.app.feature.factdetail.test/androidx.activity.ComponentActivity t3875}#18606 parentId=18605} 1 children}
04-15 09:53:29.516  1542  4043 D SurfaceComposerClient: setCornerRadius ## 7074ee Splash Screen com.catfact.app.feature.factdetail.test#18607 cornerRadius=0.000000
04-15 09:53:29.517  1542  4043 D SurfaceComposerClient: setCornerRadius ## 7074ee Splash Screen com.catfact.app.feature.factdetail.test#18607 cornerRadius=0.000000
04-15 09:53:29.517  1542  2315 D GraphicsStatsService: requestRenderEngineFor(com.catfact.app.feature.factdetail.test)
04-15 09:53:29.517  1151  1151 I BpBinder: onLastStrongRef automatically unlinking death recipients:
04-15 09:53:29.519  1542  1825 D AS.MultiSoundManager: mForegroundUid = 10748
04-15 09:53:29.519  1542  1558 I WindowManager: Relayout Window{7074ee u0 Splash Screen com.catfact.app.feature.factdetail.test}: viewVisibility=0 req=720x1544 ty=3 d0
04-15 09:53:29.520  1151  1200 I SurfaceFlinger: id=18608 createSurf, flag=44004, Splash Screen com.catfact.app.feature.factdetail.test$_2000#18608
04-15 09:53:29.521  1542  1558 D SurfaceComposerClient: setCornerRadius ## 7074ee Splash Screen com.catfact.app.feature.factdetail.test#18607 cornerRadius=0.000000
04-15 09:53:29.521  1542  1558 D SurfaceComposerClient: setCornerRadius ## 7074ee Splash Screen com.catfact.app.feature.factdetail.test#18607 cornerRadius=0.000000
04-15 09:53:29.522  1542  1558 I WindowManager: Relayout hash=7074ee, pid=2000, syncId=-1: mAttrs={(0,0)(fillxfill) sim={adjust=pan} layoutInDisplayCutoutMode=always ty=APPLICATION_STARTING fmt=TRANSLUCENT wanim=0x1030317
04-15 09:53:29.522  1542  1558 I WindowManager:   fl=81030118
04-15 09:53:29.522  1542  1558 I WindowManager:   pfl=10000810
04-15 09:53:29.522  1542  1558 I WindowManager:   apr=18
04-15 09:53:29.522  1542  1558 I WindowManager:   bhv=1
04-15 09:53:29.522  1542  1558 I WindowManager:   fitSides=0
04-15 09:53:29.522  1542  1558 I WindowManager:   frameRateBoostOnTouch=true
04-15 09:53:29.522  1542  1558 I WindowManager:   dvrrWindowFrameRateHint=true naviIconColor=0}
04-15 09:53:29.523  1542  1582 D PkgPredictorService-SecIpmManagerServiceImpl: onForegroundActivitiesChanged pid:19294 uid:10748
04-15 09:53:29.523  2000  2120 I InsetsController: onStateChanged: host=Splash Screen com.catfact.app.feature.factdetail.test, from=android.view.ViewRootImpl.onInsetsStateChanged:3026, state=InsetsState: {mDisplayFrame=Rect(0, 0 - 720, 1544), mDisplayCutout=DisplayCutout{insets=Rect(0, 50 - 0, 0) waterfall=Insets{left=0, top=0, right=0, bottom=0} boundingRect={Bounds=[Rect(0, 0 - 0, 0), Rect(341, 0 - 379, 50), Rect(0, 0 - 0, 0), Rect(0, 0 - 0, 0)]} cutoutPathParserInfo={CutoutPathParserInfo{displayWidth=720 displayHeight=1544 physicalDisplayWidth=720 physicalDisplayHeight=1544 density={1.875} cutoutSpec={M 0,0 H -10 V 26.66666666666667 H 10 V 0 H 0 Z @dp} rotation={0} scale={1.0} physicalPixelDisplaySizeRatio={1.0}}} sideOverrides={}}, mRoundedCorners=RoundedCorners{[RoundedCorner{position=TopLeft, radius=8, center=Point(8, 8)}, RoundedCorner{position=TopRight, radius=8, center=Point(712, 8)}, RoundedCorner{position=BottomRight, radius=8, center=Point(712, 1536)}, RoundedCorner{position=BottomLeft, radius=8, center=Point(8, 1536)}]}  mRoundedCornerFrame=Rect(0, 0 - 720, 1544), mPrivacyIndicatorBounds=PrivacyIndicatorBounds {static bounds=Rect(637, 0 - 720, 50) rotation=0}, mDisplayShape=DisplayShape{ spec=-311912193 displayWidth=720 displayHeight=1544 physicalPixelDisplaySizeRatio=0.5 rotation=0 offsetX=0 offsetY=0 scale=1.0}, mSources= { InsetsSource: {ec730001 mType=navigationBars mFrame=[0,1454][720,1544] mVisible=true mFlags= mSideHint=BOTTOM mBoundingRects=null}, InsetsSource: {ec730004 mType=systemGestures mFrame=[0,0][0,0] mVisible=true mFlags= mSideHint=NONE mBoundingRects=null}, InsetsSource: {ec730005 mType=mandatorySystemGestures mFrame=[0,1454][720,1544] mVisible=true mFlags= mSideHint=BOTTOM mBoundingRects=null}, InsetsSource: {ec730006 mType=tappableElement mFrame=[0,1454][720,1544] mVisible=true mFlags= mSideHint=BOTTOM mBoundingRects=null}, InsetsSource: {ec730024 mType=systemGestures mFrame=[0,0][0,0] mVisible=true mFlags= mSideHint=NONE mBoundingRects=null}, InsetsSource: {3 mType=ime mFrame=[0,0][0,0] mVisible=false mFlags= mSideHint=NONE mBoundingRects=null}, InsetsSource: {27 mType=displayCutout mFrame=[0,0][720,50] mVisible=true mFlags= mSideHint=TOP mBoundingRects=null}, InsetsSource: {43950000 mType=statusBars mFrame=[0,0][720,50] mVisible=true mFlags= mSideHint=TOP mBoundingRects=null}, InsetsSource: {43950005 mType=mandatorySystemGestures mFrame=[0,0][720,73] mVisible=true mFlags= mSideHint=TOP mBoundingRects=null}, InsetsSource: {43950006 mType=tappableElement mFrame=[0,0][720,50] mVisible=true mFlags= mSideHint=TOP mBoundingRects=null} }
04-15 09:53:29.523  1542  1582 D NetworkPolicy: already checked 10748
04-15 09:53:29.523  1542  2944 V PkgPredictorService-SecIpmManagerServiceImpl: discard foreground app:com.catfact.app.feature.factdetail.test 1|true
04-15 09:53:29.524  2000  2120 I VRI[test]@6cf23b1: onActiveControlsChanged, removed=false, mAdded=true, caller=android.view.ViewRootImpl.handleInsetsControlChanged:3002 android.view.ViewRootImpl.relayoutWindow:11629 android.view.ViewRootImpl.performTraversals:4804 android.view.ViewRootImpl.doTraversal:3924 android.view.ViewRootImpl$TraversalRunnable.run:12903
04-15 09:53:29.524  1151  1151 I SurfaceFlinger: [LayerHierarchy{RequestedLayerState{ImeContainer#15 parentId=16293 relativeParentId=16293 z=1} 1 children}] RelativeParent to null
04-15 09:53:29.524  1151  1151 I SurfaceFlinger: [Splash Screen com.catfact.app.feature.factdetail.test$_2000#18608] attach to parent LayerHierarchy{RequestedLayerState{7074ee Splash Screen com.catfact.app.feature.factdetail.test#18607 parentId=18606} 1 children}
04-15 09:53:29.524  1542  1582 D NetworkPolicy: already checked 10748
04-15 09:53:29.525  2000  2000 I {OngoingActivityController}: onTaskFocusChanged but OA data is empty
04-15 09:53:29.525 19294 19294 D LifecycleMonitor: Lifecycle status change: androidx.activity.ComponentActivity@c4020e7 in: PRE_ON_CREATE
04-15 09:53:29.526 19294 19294 V ActivityScenario: Activity lifecycle changed event received but ignored because the reported transition was not ON_CREATE while the last known transition was PRE_ON_CREATE
04-15 09:53:29.528 19294 19294 I DecorView: setWindowBackground: isPopOver=false color=fffafafa d=android.graphics.drawable.ColorDrawable@7a6600
04-15 09:53:29.528 18525 18790 I Rubin   : [146] M.c0.k(Unknown Source) : Notify com.samsung.android.rubin.inferenceengine.contextanalytics.engine.loggers.AppUsageLogger's database is updated.
04-15 09:53:29.529  2461  2461 I HoneySpace.EdgePanel.CocktailHostRepositoryImpl: onNoteResume
04-15 09:53:29.529  2461  2461 I HoneySpace.EdgePanel.EdgePanelContainerViewModel: cocktailHostRepository.edgePanelOperation NoteResumeComponent(componentName=ComponentInfo{com.catfact.app.feature.factdetail.test/androidx.activity.ComponentActivity})
04-15 09:53:29.529  2461  2461 I HoneySpace.EdgePanel.ActivityUtils: HomePackage : com.sec.android.app.launcher, resumePackageName : com.catfact.app.feature.factdetail.test, className : androidx.activity.ComponentActivity
04-15 09:53:29.529 19294 19294 D LifecycleMonitor: Lifecycle status change: androidx.activity.ComponentActivity@c4020e7 in: CREATED
04-15 09:53:29.529 19294 19294 V ActivityScenario: Update currentActivityStage to CREATED, currentActivity=androidx.activity.ComponentActivity@c4020e7
04-15 09:53:29.530  2461  2584 I HoneySpace.TopTaskSource: onTaskFocusChanged(): taskId = 3875
04-15 09:53:29.530 19294 19294 D LifecycleMonitor: Lifecycle status change: androidx.activity.ComponentActivity@c4020e7 in: STARTED
04-15 09:53:29.530 19294 19294 V ActivityScenario: Update currentActivityStage to STARTED, currentActivity=androidx.activity.ComponentActivity@c4020e7
04-15 09:53:29.530 19294 19294 D LifecycleMonitor: Lifecycle status change: androidx.activity.ComponentActivity@c4020e7 in: RESUMED
04-15 09:53:29.530 19294 19294 V ActivityScenario: Update currentActivityStage to RESUMED, currentActivity=androidx.activity.ComponentActivity@c4020e7
04-15 09:53:29.531  2000  2120 I BLASTBufferQueue_Java: new BLASTBufferQueue, mName= VRI[test]@6cf23b1 mNativeObject= 0xb40000741cf1d290 caller= android.view.ViewRootImpl.updateBlastSurfaceIfNeeded:3585 android.view.ViewRootImpl.relayoutWindow:11685 android.view.ViewRootImpl.performTraversals:4804 android.view.ViewRootImpl.doTraversal:3924 android.view.ViewRootImpl$TraversalRunnable.run:12903 android.view.Choreographer$CallbackRecord.run:1901 android.view.Choreographer$CallbackRecord.run:1910 android.view.Choreographer.doCallbacks:1367 android.view.Choreographer.doFrame:1292 android.view.Choreographer$FrameDisplayEventReceiver.run:1870
04-15 09:53:29.531  3723 26412 I [AirCmd]_ActivitySwitchDetector: onTaskFocusChanged : taskId=3875, componentName=ComponentInfo{com.catfact.app.feature.factdetail.test/androidx.activity.ComponentActivity}
04-15 09:53:29.531  2000  2120 I BLASTBufferQueue_Java: update, w= 720 h= 1544 mName = VRI[test]@6cf23b1 mNativeObject= 0xb40000741cf1d290 sc.mNativeObject= 0xb40000751c528990 format= -3 caller= android.view.ViewRootImpl.updateBlastSurfaceIfNeeded:3590 android.view.ViewRootImpl.relayoutWindow:11685 android.view.ViewRootImpl.performTraversals:4804 android.view.ViewRootImpl.doTraversal:3924 android.view.ViewRootImpl$TraversalRunnable.run:12903 android.view.Choreographer$CallbackRecord.run:1901
04-15 09:53:29.531 19294 19294 D ViewRootImpl: desktopMode is false
04-15 09:53:29.531 19294 19294 I ViewRootImpl: dVRR is disabled
04-15 09:53:29.531  2000  2120 I VRI[test]@6cf23b1: Relayout returned: old=(0,0,720,1544) new=(0,0,720,1544) relayoutAsync=false req=(720,1544)0 dur=8 res=0x3 s={true 0xb40000748c7e63d0} ch=true seqId=0
04-15 09:53:29.532  1542  1585 D SurfaceComposerClient: setCornerRadius ## 7074ee Splash Screen com.catfact.app.feature.factdetail.test#18607 cornerRadius=0.000000
04-15 09:53:29.532  2000  2000 D DisplayLifecycle: updateDisplay id = 0
04-15 09:53:29.532  2000  2125 D StackScroller: onDisplayChanged for predraw skip to 2
04-15 09:53:29.532  2000  2120 I VRI[test]@6cf23b1: performConfigurationChange setNightDimText nightDimLevel=0
04-15 09:53:29.532 19294 19332 D NativeCustomFrequencyManager: [NativeCFMS] BpCustomFrequencyManager::BpCustomFrequencyManager()
04-15 09:53:29.533  2000  2120 D VRI[test]@6cf23b1: mThreadedRenderer.initialize() mSurface={isValid=true 0xb40000748c7e63d0} hwInitialized=true
04-15 09:53:29.533  2461  4418 I HoneySpace.Memory-Monitor: current state = 2, didTrim = false
04-15 09:53:29.533  2000  2120 D VRI[test]@6cf23b1: reportNextDraw android.view.ViewRootImpl.performTraversals:5443 android.view.ViewRootImpl.doTraversal:3924 android.view.ViewRootImpl$TraversalRunnable.run:12903 android.view.Choreographer$CallbackRecord.run:1901 android.view.Choreographer$CallbackRecord.run:1910
04-15 09:53:29.533  2000  2120 D VRI[test]@6cf23b1: Setup new sync=wmsSync-VRI[test]@6cf23b1#82
04-15 09:53:29.533  2000  2120 I VRI[test]@6cf23b1: Creating new active sync group VRI[test]@6cf23b1#83
04-15 09:53:29.533  2000  2120 D VRI[test]@6cf23b1: registerCallbacksForSync syncBuffer=false
04-15 09:53:29.533  2000  2194 D VRI[test]@6cf23b1: Received frameDrawingCallback syncResult=0 frameNum=1.
04-15 09:53:29.533  2000  2194 I VRI[test]@6cf23b1: mWNT: t=0xb4000074fc65b3d0 mBlastBufferQueue=0xb40000741cf1d290 fn= 1 HdrRenderState mRenderHdrSdrRatio=1.0 caller= android.view.ViewRootImpl$12.onFrameDraw:15441 android.view.ThreadedRenderer$1.onFrameDraw:718 <bottom of call stack>
04-15 09:53:29.533  2000  2194 I VRI[test]@6cf23b1: Setting up sync and frameCommitCallback
04-15 09:53:29.534  2000  2196 I BLASTBufferQueue: [VRI[test]@6cf23b1#843](f:0,a:0,s:0) onFrameAvailable the first frame is available
04-15 09:53:29.535  2000  2196 I VRI[test]@6cf23b1: Received frameCommittedCallback lastAttemptedDrawFrameNum=1 didProduceBuffer=true
04-15 09:53:29.535  1542  4043 D InputTransport: Input channel constructed: '89c652 ', fd=1041
04-15 09:53:29.535  1542  4043 D InputTransport: Input channel constructed: '89c652 ', fd=1280
04-15 09:53:29.535  1542  4043 D InputTransport: Input channel constructed: '89c652 ', fd=1306
04-15 09:53:29.535  1542  4043 D InputTransport: Input channel destroyed: '89c652 ', fd=1280
04-15 09:53:29.535  1151  2479 I SurfaceFlinger: [Splash Screen com.catfact.app.feature.factdetail.test$_2000#18608] setTransactionState with the first frame. bufferData(ID: 8589934655853, frameNumber: 1)
04-15 09:53:29.535  2000  2196 D HWUI    : CFMS:: SetUp Pid : 2000    Tid : 2196
04-15 09:53:29.535  2000  2120 D VRI[test]@6cf23b1: reportDrawFinished seqId=0
04-15 09:53:29.536  1151  2758 I SurfaceFlinger: id=18609 createSurf, flag=84004, 89c652 com.catfact.app.feature.factdetail.test/androidx.activity.ComponentActivity#18609
04-15 09:53:29.537  3723 26412 I [AirCmd]_ActivitySwitchDetector: onTaskFocusChanged :mTopMostActivity = ComponentInfo{com.google.android.calendar/com.google.android.calendar.allinone.AllInOneCalendarActivity}
04-15 09:53:29.537  1542  4043 D InputTransport: Input channel destroyed: '89c652 ', fd=1306
04-15 09:53:29.537 19294 19294 D InputTransport: Input channel constructed: '89c652 ', fd=126
04-15 09:53:29.537  1542  1585 D SurfaceComposerClient: setCornerRadius ## 7074ee Splash Screen com.catfact.app.feature.factdetail.test#18607 cornerRadius=0.000000
04-15 09:53:29.537  1542  1585 D SurfaceComposerClient: setCornerRadius ## 89c652 com.catfact.app.feature.factdetail.test/androidx.activity.ComponentActivity#18609 cornerRadius=0.000000
04-15 09:53:29.537  3723 26412 I [AirCmd]_CallbackRepeater: stopRepeat : isWorking=false
04-15 09:53:29.537  3723 26412 I [AirCmd]_MediaControlStateMonitor: isForegroundAppSupportsMediaButton : mediaSession is empty
04-15 09:53:29.538  1542  1585 D SurfaceComposerClient: setCornerRadius ## 7074ee Splash Screen com.catfact.app.feature.factdetail.test#18607 cornerRadius=0.000000
04-15 09:53:29.538  1542  1585 D SurfaceComposerClient: setCornerRadius ## 89c652 com.catfact.app.feature.factdetail.test/androidx.activity.ComponentActivity#18609 cornerRadius=0.000000
04-15 09:53:29.538 19294 19294 I InsetsController: onStateChanged: host=com.catfact.app.feature.factdetail.test/androidx.activity.ComponentActivity, from=android.view.ViewRootImpl.onInsetsStateChanged:3026, state=InsetsState: {mDisplayFrame=Rect(0, 0 - 720, 1544), mDisplayCutout=DisplayCutout{insets=Rect(0, 50 - 0, 0) waterfall=Insets{left=0, top=0, right=0, bottom=0} boundingRect={Bounds=[Rect(0, 0 - 0, 0), Rect(341, 0 - 379, 50), Rect(0, 0 - 0, 0), Rect(0, 0 - 0, 0)]} cutoutPathParserInfo={CutoutPathParserInfo{displayWidth=720 displayHeight=1544 physicalDisplayWidth=720 physicalDisplayHeight=1544 density={1.875} cutoutSpec={M 0,0 H -10 V 26.66666666666667 H 10 V 0 H 0 Z @dp} rotation={0} scale={1.0} physicalPixelDisplaySizeRatio={1.0}}} sideOverrides={}}, mRoundedCorners=RoundedCorners{[RoundedCorner{position=TopLeft, radius=8, center=Point(8, 8)}, RoundedCorner{position=TopRight, radius=8, center=Point(712, 8)}, RoundedCorner{position=BottomRight, radius=8, center=Point(712, 1536)}, RoundedCorner{position=BottomLeft, radius=8, center=Point(8, 1536)}]}  mRoundedCornerFrame=Rect(0, 0 - 720, 1544), mPrivacyIndicatorBounds=PrivacyIndicatorBounds {static bounds=Rect(637, 0 - 720, 50) rotation=0}, mDisplayShape=DisplayShape{ spec=-311912193 displayWidth=720 displayHeight=1544 physicalPixelDisplaySizeRatio=0.5 rotation=0 offsetX=0 offsetY=0 scale=1.0}, mSources= { InsetsSource: {ec730001 mType=navigationBars mFrame=[0,1454][720,1544] mVisible=true mFlags= mSideHint=BOTTOM mBoundingRects=null}, InsetsSource: {ec730004 mType=systemGestures mFrame=[0,0][0,0] mVisible=true mFlags= mSideHint=NONE mBoundingRects=null}, InsetsSource: {ec730005 mType=mandatorySystemGestures mFrame=[0,1454][720,1544] mVisible=true mFlags= mSideHint=BOTTOM mBoundingRects=null}, InsetsSource: {ec730006 mType=tappableElement mFrame=[0,1454][720,1544] mVisible=true mFlags= mSideHint=BOTTOM mBoundingRects=null}, InsetsSource: {ec730024 mType=systemGestures mFrame=[0,0][0,0] mVisible=true mFlags= mSideHint=NONE mBoundingRects=null}, InsetsSource: {3 mType=ime mFrame=[0,0][0,0] mVisible=false mFlags= mSideHint=NONE mBoundingRects=null}, InsetsSource: {27 mType=displayCutout mFrame=[0,0][720,50] mVisible=true mFlags= mSideHint=TOP mBoundingRects=null}, InsetsSource: {43950000 mType=statusBars mFrame=[0,0][720,50] mVisible=true mFlags= mSideHint=TOP mBoundingRects=null}, InsetsSource: {43950005 mType=mandatorySystemGestures mFrame=[0,0][720,73] mVisible=true mFlags= mSideHint=TOP mBoundingRects=null}, InsetsSource: {43950006 mType=tappableElement mFrame=[0,0][720,50] mVisible=true mFlags= mSideHint=TOP mBoundingRects=null} }
04-15 09:53:29.538  1151  1338 D SurfaceFlinger: [input] setFocusedWindow: <null>
04-15 09:53:29.538  1542  2161 D InputDispatcher: Once focus requested (0): <null>
04-15 09:53:29.538  1542  2161 D InputDispatcher: Focus request (0): <null> but waiting because NO_WINDOW
04-15 09:53:29.538  1542  2161 D InputDispatcher: Focus left window (0): ed491e2 com.google.android.calendar/com.google.android.calendar.allinone.AllInOneCalendarActivity
04-15 09:53:29.538  1151  1199 I SurfaceFlinger: id=18610 createSurf, flag=84004, Transition Root: Task=3875#18610
04-15 09:53:29.539 19294 19294 I VRI[ComponentActivity]@9d6528a: synced displayState. AttachInfo displayState=2
04-15 09:53:29.539  3979  3979 I ImeFocusController: onPreWindowFocus: skipped hasWindowFocus=false mHasImeFocus=true
04-15 09:53:29.539 19294 19294 I VRI[ComponentActivity]@9d6528a: setView = com.android.internal.policy.DecorView@d8bdb71 IsHRR=false mFlingFrameRateChange=0 TM=true
04-15 09:53:29.539 19294 19332 D HWUI    : HWUI - treat SMPTE_170M as sRGB
04-15 09:53:29.539  3979  3979 I ImeFocusController: onPostWindowFocus: skipped hasWindowFocus=false mHasImeFocus=true
04-15 09:53:29.541  1542  1585 I SurfaceControlRegistry: show, t=StartTransaction_SyncId<1661> sc=ActivityRecord{19406490 u0 com.catfact.app.feature.factdetail.test/androidx.activity.ComponentActivity t3875}, caller=android.view.SurfaceControl$Transaction.show:3557 com.android.server.wm.Transition.onTransactionReady:2048 com.android.server.wm.BLASTSyncEngine$SyncGroup.finishNow:240 com.android.server.wm.BLASTSyncEngine.onSurfacePlacement:263 com.android.server.wm.RootWindowContainer.performSurfacePlacementNoTrace:1083 com.android.server.wm.WindowSurfacePlacer.performSurfacePlacement:166
04-15 09:53:29.541  1542  1585 D SurfaceComposerClient: setCornerRadius ## Task=3801#16292 cornerRadius=0.000000
04-15 09:53:29.541  1542  1585 D SurfaceComposerClient: setCornerRadius ## Task=3875#18605 cornerRadius=0.000000
04-15 09:53:29.541  1151  1151 I SurfaceFlinger: [89c652 com.catfact.app.feature.factdetail.test/androidx.activity.ComponentActivity#18609] attach to parent LayerHierarchy{RequestedLayerState{ActivityRecord{19406490 u0 com.catfact.app.feature.factdetail.test/androidx.activity.ComponentActivity t3875}#18606 parentId=18605} 2 children}
04-15 09:53:29.541  1151  1151 I SurfaceFlinger: [Transition Root: Task=3875#18610] attach to parent LayerHierarchy{RequestedLayerState{DefaultTaskDisplayArea_d0#10 parentId=9} 17 children}
04-15 09:53:29.541  3723 26412 E [AirCmd]_MediaControlStateMonitor: getActiveNotificationPackageName : notification service monitor is null
04-15 09:53:29.541  3723 26412 I [AirCmd]_ButtonEventDetectionThread: enableDoubleClickDetection: enabled= true, doubleClickWaitInterval=300
04-15 09:53:29.542  1542  1585 D ScreenCapture: [Capture_TEST] : setIsScreenShotBySystem false
04-15 09:53:29.542  1542  1585 I SurfaceComposerClient: captureLayers:childrenOnly:1, sync:1
04-15 09:53:29.545  2000  2105 I SurfaceControlRegistry: hide, t=FinishTransaction_SyncId<1661> sc=Task=3801, caller=android.view.SurfaceControl$Transaction.hide:3583 com.android.wm.shell.transition.Transitions.dispatchReady:1263 com.android.wm.shell.transition.Transitions.onTransitionReady:251 com.android.wm.shell.transition.Transitions$TransitionPlayerImpl$$ExternalSyntheticLambda0.run:13 android.os.Handler.handleCallback:995 android.os.Handler.dispatchMessage:103
04-15 09:53:29.545  2000  2105 I SurfaceControlRegistry: show, t=StartTransaction_SyncId<1661> sc=Task=3875, caller=android.view.SurfaceControl$Transaction.show:3557 com.android.wm.shell.transition.Transitions.dispatchReady:1279 com.android.wm.shell.transition.Transitions.onTransitionReady:251 com.android.wm.shell.transition.Transitions$TransitionPlayerImpl$$ExternalSyntheticLambda0.run:13 android.os.Handler.handleCallback:995 android.os.Handler.dispatchMessage:103
04-15 09:53:29.545  2000  2105 I SurfaceControlRegistry: show, t=FinishTransaction_SyncId<1661> sc=Task=3875, caller=android.view.SurfaceControl$Transaction.show:3557 com.android.wm.shell.transition.Transitions.dispatchReady:1330 com.android.wm.shell.transition.Transitions.onTransitionReady:251 com.android.wm.shell.transition.Transitions$TransitionPlayerImpl$$ExternalSyntheticLambda0.run:13 android.os.Handler.handleCallback:995 android.os.Handler.dispatchMessage:103
04-15 09:53:29.545  2000  2105 I SurfaceControlRegistry: show, t=StartTransaction_SyncId<1661> sc=Transition Root: Task=3875, caller=android.view.SurfaceControl$Transaction.show:3557 com.android.wm.shell.transition.Transitions.playTransition:79 com.android.wm.shell.transition.Transitions.processReadyQueue:239 com.android.wm.shell.transition.Transitions.dispatchReady:1352 com.android.wm.shell.transition.Transitions.onTransitionReady:251 com.android.wm.shell.transition.Transitions$TransitionPlayerImpl$$ExternalSyntheticLambda0.run:13
04-15 09:53:29.546  2000  2105 D SurfaceComposerClient: [Task=3801#16292] setEdgeExtension Right
04-15 09:53:29.546  1151  1378 I SurfaceFlinger: id=18611 createSurf, flag=20004, DimTransitionLayer for Surface(name=Task=3875)/@0x432517a#18611
04-15 09:53:29.547  2000  2105 I SurfaceControlRegistry: show, t=StartTransaction_SyncId<1661> sc=DimTransitionLayer for Surface(name=Task=3875)/@0x432517a, caller=android.view.SurfaceControl$Transaction.show:3557 com.android.wm.shell.transition.DefaultTransitionHandler.startAnimation:2931 com.android.wm.shell.transition.Transitions.dispatchTransition:90 com.android.wm.shell.transition.Transitions.playTransition:774 com.android.wm.shell.transition.Transitions.processReadyQueue:239 com.android.wm.shell.transition.Transitions.dispatchReady:1352
04-15 09:53:29.547  2000  2105 I SurfaceControlRegistry: apply, t=StartTransaction_SyncId<1661>, caller=android.view.SurfaceControl$Transaction.apply:3459 android.view.SurfaceControl$Transaction.apply:3447 android.view.SurfaceControl$Transaction.apply:3397 com.android.wm.shell.transition.DefaultTransitionHandler.startAnimation:3387 com.android.wm.shell.transition.Transitions.dispatchTransition:90 com.android.wm.shell.transition.Transitions.playTransition:774
04-15 09:53:29.549  1151  1151 I SurfaceFlinger: RequestedLayer [7074ee Splash Screen com.catfact.app.feature.factdetail.test#18607] hidden!! flag  from(1) --> to(0)
04-15 09:53:29.549  1151  1151 I SurfaceFlinger: RequestedLayer [89c652 com.catfact.app.feature.factd[...]idx.activity.ComponentActivity#18609] hidden!! flag  from(1) --> to(0)
04-15 09:53:29.549  1151  1151 I SurfaceFlinger: RequestedLayer [Splash Screen com.catfact.app.feature.factdetail.test$_2000#18608] hidden!! flag  from(1) --> to(0)
04-15 09:53:29.549  1151  1151 I SurfaceFlinger: RequestedLayer [Task=3875#18605] hidden!! flag  from(1) --> to(0)
04-15 09:53:29.549  1151  1151 E SurfaceFlinger: alpha changed 1.000 -> 0.000 - Task=3875#18605
04-15 09:53:29.549  1151  1151 I SurfaceFlinger: RequestedLayer [Transition Root: Task=3875#18610] hidden!! flag  from(1) --> to(0)
04-15 09:53:29.549  1151  1151 I SurfaceFlinger: RequestedLayer [ActivityRecord{19406490 u0 com.catfa[...]ivity.ComponentActivity t3875}#18606] hidden!! flag  from(1) --> to(0)
04-15 09:53:29.549  1151  1151 I SurfaceFlinger: RequestedLayer [DimTransitionLayer for Surface(name=Task=3875)/@0x432517a#18611] hidden!! flag  from(1) --> to(0)
04-15 09:53:29.549  1151  1151 E SurfaceFlinger: alpha changed 1.000 -> 0.000 - DimTransitionLayer for Surface(name=Task=3875)/@0x432517a#18611
04-15 09:53:29.549  1151  1151 E SurfaceFlinger: alpha changed 0.000 -> 1.000 - Task=3875#18605
04-15 09:53:29.549  1151  1151 E SurfaceFlinger: alpha changed 0.000 -> 0.000 - DimTransitionLayer for Surface(name=Task=3875)/@0x432517a#18611
04-15 09:53:29.549  1151  1151 I SurfaceFlinger: [LayerHierarchy{RequestedLayerState{Task=3801#16292 parentId=18610 z=2} 1 children}] reparent to LayerHierarchy{RequestedLayerState{Transition Root: Task=3875#18610 parentId=10 z=13} 1 children}
04-15 09:53:29.549  1151  1151 I SurfaceFlinger: [LayerHierarchy{RequestedLayerState{Task=3875#18605 parentId=18610 z=5} 1 children}] reparent to LayerHierarchy{RequestedLayerState{Transition Root: Task=3875#18610 parentId=10 z=13} 2 children}
04-15 09:53:29.549  1151  1151 I SurfaceFlinger: [DimTransitionLayer for Surface(name=Task=3875)/@0x432517a#18611] attach to parent LayerHierarchy{RequestedLayerState{Transition Root: Task=3875#18610 parentId=10 z=13} 3 children}
04-15 09:53:29.553  1151  1200 I SurfaceFlinger: Capture layer list: 	 com.google.android.calendar/com.google.android.calendar.allinone.AllInOneCalendarActivity$_3979#18597(seamlessTransition:0)
04-15 09:53:29.553  1151  1200 I CompositionEngine: [setDisplaySize] size=(720, 1544)
04-15 09:53:29.554  1151  1206 D RenderEngine: [SEC_SF_EFFECTS] drawLayersInternal,1494, Rendering layer ScreenCaptureFillLayer at index 0
04-15 09:53:29.554  1151  1206 D RenderEngine: [SEC_SF_EFFECTS] drawLayersInternal,1494, Rendering layer com.google.android.calendar/com.google.android.calendar.allinone.AllInOneCalendarActivity$_3979#18597 at index 1
04-15 09:53:29.559  1151  1199 I SurfaceFlinger: id=18612 createSurf, flag=84000, 1fb2bbc ActivityRecordInputSink com.catfact.app.feature.factdetail.test/androidx.activity.ComponentActivity#18612
04-15 09:53:29.562  2461  4418 I HoneySpace.RecentTasks: onRunningTaskAppeared
04-15 09:53:29.563  2461  4432 I HoneySpace.RecentTasks: onRecentTasksChanged
04-15 09:53:29.563  1542  4043 I WindowManager: Relayout Window{89c652 u0 com.catfact.app.feature.factdetail.test/androidx.activity.ComponentActivity}: viewVisibility=0 req=720x1544 ty=1 d0
04-15 09:53:29.563  1151  1199 I SurfaceFlinger: id=18613 createSurf, flag=44004, com.catfact.app.feature.factdetail.test/androidx.activity.ComponentActivity$_19294#18613
04-15 09:53:29.565  1542  4043 D SurfaceComposerClient: setCornerRadius ## 7074ee Splash Screen com.catfact.app.feature.factdetail.test#18607 cornerRadius=0.000000
04-15 09:53:29.565  1542  4043 D SurfaceComposerClient: setCornerRadius ## 89c652 com.catfact.app.feature.factdetail.test/androidx.activity.ComponentActivity#18609 cornerRadius=0.000000
04-15 09:53:29.565  1151  1199 I SurfaceFlinger: id=18614 createSurf, flag=24000, Surface(name=3edafdc StatusBar)/@0x3b919ed - animation-leash of insets_animation#18614
04-15 09:53:29.566  1151  1200 I SurfaceFlinger: id=18615 createSurf, flag=24000, Surface(name=8c5cec7 NavigationBar0)/@0xa68870 - animation-leash of insets_animation#18615
04-15 09:53:29.567  1151  1151 E SurfaceFlinger: alpha changed 0.000 -> 0.010 - DimTransitionLayer for Surface(name=Task=3875)/@0x432517a#18611
04-15 09:53:29.567  1151  1151 I SurfaceFlinger: [1fb2bbc ActivityRecordInputSink com.catfact.app.feature.factdetail.test/androidx.activity.ComponentActivity#18612] attach to parent LayerHierarchy{RequestedLayerState{ActivityRecord{19406490 u0 com.catfact.app.feature.factdetail.test/androidx.activity.ComponentActivity t3875}#18606 parentId=18605} 3 children}
04-15 09:53:29.567  1151  1151 I SurfaceFlinger: [com.catfact.app.feature.factdetail.test/androidx.activity.ComponentActivity$_19294#18613] attach to parent LayerHierarchy{RequestedLayerState{89c652 com.catfact.app.feature.factdetail.test/androidx.activity.ComponentActivity#18609 parentId=18606} 1 children}
04-15 09:53:29.567  1151  1151 I SurfaceFlinger: [Surface(name=3edafdc StatusBar)/@0x3b919ed - animation-leash of insets_animation#18614] attach to parent LayerHierarchy{RequestedLayerState{WindowToken{7a8fc4f type=2000 android.os.BinderProxy@a9d7329}#94 parentId=17} 2 children}
04-15 09:53:29.567  1151  1151 I SurfaceFlinger: [Surface(name=8c5cec7 NavigationBar0)/@0xa68870 - animation-leash of insets_animation#18615] attach to parent LayerHierarchy{RequestedLayerState{WindowToken{fc018e2 type=2019 android.os.BinderProxy@bda3ac4}#90 parentId=34} 2 children}
04-15 09:53:29.568  1542  4043 D SurfaceComposerClient: setCornerRadius ## 7074ee Splash Screen com.catfact.app.feature.factdetail.test#18607 cornerRadius=0.000000
04-15 09:53:29.568  1542  4043 D SurfaceComposerClient: setCornerRadius ## 89c652 com.catfact.app.feature.factdetail.test/androidx.activity.ComponentActivity#18609 cornerRadius=0.000000
04-15 09:53:29.568  2000  2000 D SamsungLightBarControlHelper: updateStatusBar (BLACK icon) numStacks:1, StatusBarMode:MODE_TRANSPARENT, lightBarBounds:[Rect(0, 0 - 720, 1544)], StatusBarState:SHADE, packageName:, isWhiteKeyguardStatusBar:false
04-15 09:53:29.569  2000  2000 D SamsungLightBarControlHelper: onStatusBarAppearanceChanged() -  sbModeChanged:false, statusBarMode:0, barState:MODE_TRANSPARENT, isKeyguardShowing:false, navbarColorManagedByIme:false, (AppearanceRegion{LIGHT_STATUS_BARS bounds=[0,0][720,1544]}, )
04-15 09:53:29.569  2000  2000 D NavigationBar: onSystemBarAttributesChanged() -  displayId:0, appearance:24, packageName: com.catfact.app.feature.factdetail.test (APPEARANCE_LIGHT_STATUS_BARS APPEARANCE_LIGHT_NAVIGATION_BARS ), navbarColorManagedByIme:false
04-15 09:53:29.569  2000  2000 D SamsungLightBarControlHelper: updateNavigationBar (BLACK button) isLightOpaque:false, hasLightNavigationBarFlag:true, packageName:com.catfact.app.feature.factdetail.test, DirectReplying:false, NavBarColorMangedByIme:false, ForceDarkForScrim:false, ForceLightForScrim:false, QsCustomizing:false, QsExpanded:false
04-15 09:53:29.569  1151  1200 I SurfaceFlinger: id=18616 createSurf, flag=24000, Surface(name=3edafdc StatusBar)/@0x3b919ed - animation-leash of insets_animation#18616
04-15 09:53:29.571  1151  2758 I SurfaceFlinger: id=18617 createSurf, flag=24000, Surface(name=8c5cec7 NavigationBar0)/@0xa68870 - animation-leash of insets_animation#18617
04-15 09:53:29.572  1542  4043 I SystemKeyManager: requested systemKeyInfo size=1 focusedWindow=com.catfact.app.feature.factdetail.test/androidx.activity.ComponentActivity
04-15 09:53:29.572  1542  4043 I SystemKeyManager: requested systemKeyInfo size=1 focusedWindow=com.catfact.app.feature.factdetail.test/androidx.activity.ComponentActivity
04-15 09:53:29.572  1542  4043 I WindowManager: Relayout hash=89c652, pid=19294, syncId=-1: mAttrs={(0,0)(fillxfill) sim={adjust=pan forwardNavigation} layoutInDisplayCutoutMode=always ty=BASE_APPLICATION wanim=0x1030317
04-15 09:53:29.572  1542  4043 I WindowManager:   fl=81810100
04-15 09:53:29.572  1542  4043 I WindowManager:   pfl=100088c0
04-15 09:53:29.572  1542  4043 I WindowManager:   apr=210
04-15 09:53:29.572  1542  4043 I WindowManager:   bhv=1
04-15 09:53:29.572  1542  4043 I WindowManager:   fitSides=0
04-15 09:53:29.572  1542  4043 I WindowManager:   frameRateBoostOnTouch=true
04-15 09:53:29.572  1542  4043 I WindowManager:   dvrrWindowFrameRateHint=true naviIconColor=0}
04-15 09:53:29.575 19294 19294 I BLASTBufferQueue_Java: new BLASTBufferQueue, mName= VRI[ComponentActivity]@9d6528a mNativeObject= 0xb40000741c6071c0 caller= android.view.ViewRootImpl.updateBlastSurfaceIfNeeded:3585 android.view.ViewRootImpl.relayoutWindow:11685 android.view.ViewRootImpl.performTraversals:4804 android.view.ViewRootImpl.doTraversal:3924 android.view.ViewRootImpl$TraversalRunnable.run:12903 android.view.Choreographer$CallbackRecord.run:1901 android.view.Choreographer$CallbackRecord.run:1910 android.view.Choreographer.doCallbacks:1367 android.view.Choreographer.doFrame:1292 android.view.Choreographer$FrameDisplayEventReceiver.run:1870
04-15 09:53:29.575 19294 19294 I BLASTBufferQueue_Java: update, w= 720 h= 1544 mName = VRI[ComponentActivity]@9d6528a mNativeObject= 0xb40000741c6071c0 sc.mNativeObject= 0xb40000751c4f3950 format= -1 caller= android.view.ViewRootImpl.updateBlastSurfaceIfNeeded:3590 android.view.ViewRootImpl.relayoutWindow:11685 android.view.ViewRootImpl.performTraversals:4804 android.view.ViewRootImpl.doTraversal:3924 android.view.ViewRootImpl$TraversalRunnable.run:12903 android.view.Choreographer$CallbackRecord.run:1901
04-15 09:53:29.575  1151  1151 D SurfaceFlinger: Display 4633128672291735999 HWC layers:
04-15 09:53:29.575  1151  1151 D SurfaceFlinger:        CLIENT |           17089674871028 | 00002102 | RGBA_8888    |   10.0    0.0  720.0 1544.0 |    0    0  720 1544 | com.google.android.calendar/com.goog[...]AllInOneCalendarActivity$_3979#18597 (24)
04-15 09:53:29.575  1151  1151 D SurfaceFlinger:   SOLID_COLOR |                        0 | 00000000 | N/A          |    0.0    0.0    0.0    0.0 |    0    0  720 1544 | DimTransitionLayer for Surface(name=Task=3875)/@0x432517a#18611 (0)
04-15 09:53:29.575  1151  1151 D SurfaceFlinger:        DEVICE |            8589934655853 | 00002100 | RGBA_8888    |    0.0    0.0   33.0 1544.0 |  687    0  720 1544 | Splash Screen com.catfact.app.feature.factdetail.test$_2000#18608 (1)
04-15 09:53:29.575  1151  1151 D SurfaceFlinger:        DEVICE |            8589934654687 | 00002100 | RGBA_8888    |    0.0    0.0  720.0   50.0 |    0    0  720   50 | StatusBar$_2000#102 (26242)
04-15 09:53:29.575  1151  1151 D SurfaceFlinger:        DEVICE |           10569914518889 | 00002100 | RGBA_8888    |    0.0    0.0   67.0  353.0 |  653  192  720  545 | com.sec.android.app.launcher/com.sam[...]l.app.CocktailBarService$_2461#16495 (1)
04-15 09:53:29.575  1151  1151 D SurfaceFlinger:        DEVICE |            8589934654692 | 0000
04-15 09:53:29.575  1151  1151 D SurfaceFlinger: 2100 | RGBA_8888    |    0.0    0.0  720.0   90.0 |    0 1454  720 1544 | NavigationBar0$_2000#98 (17042)
04-15 09:53:29.575  1151  1151 D SurfaceFlinger:
04-15 09:53:29.575 19294 19294 I VRI[ComponentActivity]@9d6528a: Relayout returned: old=(0,0,720,1544) new=(0,0,720,1544) relayoutAsync=false req=(720,1544)0 dur=15 res=0x3 s={true 0xb40000748c543820} ch=true seqId=0
04-15 09:53:29.576 19294 19294 I VRI[ComponentActivity]@9d6528a: performConfigurationChange setNightDimText nightDimLevel=0
04-15 09:53:29.576  1151  1151 I SurfaceFlinger: [LayerHierarchy{RequestedLayerState{8c5cec7 NavigationBar0#91 parentId=18617} 1 children}] reparent to LayerHierarchy{RequestedLayerState{Surface(name=8c5cec7 NavigationBar0)/@0xa68870 - animation-leash of insets_animation#18617 parentId=90} 1 children}
04-15 09:53:29.576  1151  1151 I SurfaceFlinger: [LayerHierarchy{RequestedLayerState{3edafdc StatusBar#95 parentId=18616} 1 children}] reparent to LayerHierarchy{RequestedLayerState{Surface(name=3edafdc StatusBar)/@0x3b919ed - animation-leash of insets_animation#18616 parentId=94} 1 children}
04-15 09:53:29.576  1151  1151 I SurfaceFlinger: [LayerHierarchy{RequestedLayerState{Surface(name=8c5cec7 NavigationBar0)/@0xa68870 - animation-leash of insets_animation#18601} no children}] reparent to OffscreenRoot
04-15 09:53:29.576  1151  1151 I SurfaceFlinger: [LayerHierarchy{RequestedLayerState{Surface(name=8c5cec7 NavigationBar0)/@0xa68870 - animation-leash of insets_animation#18601} no children}] RelativeParent to null
04-15 09:53:29.576  1151  1151 I SurfaceFlinger: [LayerHierarchy{RequestedLayerState{Surface(name=3edafdc StatusBar)/@0x3b919ed - animation-leash of insets_animation#18600} no children}] reparent to OffscreenRoot
04-15 09:53:29.576  1151  1151 I SurfaceFlinger: [LayerHierarchy{RequestedLayerState{Surface(name=3edafdc StatusBar)/@0x3b919ed - animation-leash of insets_animation#18600} no children}] RelativeParent to null
04-15 09:53:29.576 19294 19294 D VRI[ComponentActivity]@9d6528a: mThreadedRenderer.initialize() mSurface={isValid=true 0xb40000748c543820} hwInitialized=true
04-15 09:53:29.576  1151  1151 I SurfaceFlinger: [LayerHierarchy{RequestedLayerState{Surface(name=3edafdc StatusBar)/@0x3b919ed - animation-leash of insets_animation#18614} no children}] reparent to OffscreenRoot
04-15 09:53:29.576  1151  1151 I SurfaceFlinger: [LayerHierarchy{RequestedLayerState{Surface(name=3edafdc StatusBar)/@0x3b919ed - animation-leash of insets_animation#18614} no children}] RelativeParent to null
04-15 09:53:29.576  2000  2000 D NavigationBar: onSystemBarAttributesChanged() -  displayId:0, appearance:528, packageName: com.catfact.app.feature.factdetail.test (APPEARANCE_LIGHT_NAVIGATION_BARS ), navbarColorManagedByIme:false
04-15 09:53:29.576  1151  1151 I SurfaceFlinger: [LayerHierarchy{RequestedLayerState{Surface(name=8c5cec7 NavigationBar0)/@0xa68870 - animation-leash of insets_animation#18615} no children}] reparent to OffscreenRoot
04-15 09:53:29.576  1151  1151 I SurfaceFlinger: [LayerHierarchy{RequestedLayerState{Surface(name=8c5cec7 NavigationBar0)/@0xa68870 - animation-leash of insets_animation#18615} no children}] RelativeParent to null
04-15 09:53:29.576  1151  1151 I SurfaceFlinger: [Surface(name=3edafdc StatusBar)/@0x3b919ed - animation-leash of insets_animation#18616] attach to parent LayerHierarchy{RequestedLayerState{WindowToken{7a8fc4f type=2000 android.os.BinderProxy@a9d7329}#94 parentId=17} 1 children}
04-15 09:53:29.576  1151  1151 I SurfaceFlinger: [Surface(name=8c5cec7 NavigationBar0)/@0xa68870 - animation-leash of insets_animation#18617] attach to parent LayerHierarchy{RequestedLayerState{WindowToken{fc018e2 type=2019 android.os.BinderProxy@bda3ac4}#90 parentId=34} 1 children}
04-15 09:53:29.577 19294 19294 D VRI[ComponentActivity]@9d6528a: reportNextDraw android.view.ViewRootImpl.performTraversals:5443 android.view.ViewRootImpl.doTraversal:3924 android.view.ViewRootImpl$TraversalRunnable.run:12903 android.view.Choreographer$CallbackRecord.run:1901 android.view.Choreographer$CallbackRecord.run:1910
04-15 09:53:29.577 19294 19294 D VRI[ComponentActivity]@9d6528a: Setup new sync=wmsSync-VRI[ComponentActivity]@9d6528a#12
04-15 09:53:29.577 19294 19294 I VRI[ComponentActivity]@9d6528a: Creating new active sync group VRI[ComponentActivity]@9d6528a#13
04-15 09:53:29.577 19294 19294 D VRI[ComponentActivity]@9d6528a: registerCallbacksForSync syncBuffer=false
04-15 09:53:29.577 19294 19346 D VRI[ComponentActivity]@9d6528a: Received frameDrawingCallback syncResult=0 frameNum=1.
04-15 09:53:29.577 19294 19346 I VRI[ComponentActivity]@9d6528a: mWNT: t=0xb4000074fc522190 mBlastBufferQueue=0xb40000741c6071c0 fn= 1 HdrRenderState mRenderHdrSdrRatio=1.0 caller= android.view.ViewRootImpl$12.onFrameDraw:15441 android.view.ThreadedRenderer$1.onFrameDraw:718 <bottom of call stack>
04-15 09:53:29.577 19294 19346 I VRI[ComponentActivity]@9d6528a: Setting up sync and frameCommitCallback
04-15 09:53:29.578 19294 19332 I BLASTBufferQueue: [VRI[ComponentActivity]@9d6528a#6](f:0,a:0,s:0) onFrameAvailable the first frame is available
04-15 09:53:29.578 19294 19332 I VRI[ComponentActivity]@9d6528a: Received frameCommittedCallback lastAttemptedDrawFrameNum=1 didProduceBuffer=true
04-15 09:53:29.578  1151  2758 I SurfaceFlinger: [com.catfact.app.feature.factdetail.test/androidx.activity.ComponentActivity$_19294#18613] setTransactionState with the first frame. bufferData(ID: 82867099009048, frameNumber: 1)
04-15 09:53:29.579 19294 19332 D HWUI    : CFMS:: SetUp Pid : 19294    Tid : 19332
04-15 09:53:29.579 19294 19294 D VRI[ComponentActivity]@9d6528a: reportDrawFinished seqId=0
04-15 09:53:29.579  1151  2758 I SurfaceFlinger: id=18614 Removed Surface(name=3edafdc StatusBar)/@0x3b919ed - animation-leash of insets_animation#18614 (190)
04-15 09:53:29.579  1542  2315 I SemDvfsHyPerManager: acquire hyper - AMS_RESUME_TAIL/1542@22, type = -999
04-15 09:53:29.579  1542  2315 I SemDvfsHyPerManager: acquire hyper - AMS_ACT_LAZY/1542@23, type = -999
04-15 09:53:29.580  1059  1180 I HYPER-HAL: [RequestManager.cpp]acquire(): Acquired ID : 1223852  [1542 / 22]    HINT : AMS_RESUME_TAIL    list :
04-15 09:53:29.580  1542  1585 D SurfaceComposerClient: setCornerRadius ## 7074ee Splash Screen com.catfact.app.feature.factdetail.test#18607 cornerRadius=0.000000
04-15 09:53:29.580  1542  1585 D SurfaceComposerClient: setCornerRadius ## 89c652 com.catfact.app.feature.factdetail.test/androidx.activity.ComponentActivity#18609 cornerRadius=0.000000
04-15 09:53:29.581  1151  2758 I SurfaceFlinger: id=18615 Removed Surface(name=8c5cec7 NavigationBar0)/@0xa68870 - animation-leash of insets_animation#18615 (190)
