04-15 09:53:32.076  2000  2105 D ShellTaskOrganizer: removeStartingWindow, removalInfo=StartingWindowRemovalInfo{taskId=3877 frame=Rect(0, 0 - 720, 1544) playRevealAnimation=true roundedCornerRadius=0.0 deferRemoveMode=0 windowlessSurface=false removeImmediately=false}
04-15 09:53:32.076  1542  1585 D SurfaceComposerClient: setCornerRadius ## 41df3fb Splash Screen com.catfact.app.feature.factdetail.test#18679 cornerRadius=0.000000
04-15 09:53:32.076  1542  1585 D SurfaceComposerClient: setCornerRadius ## 65a1819 com.catfact.app.feature.factdetail.test/androidx.activity.ComponentActivity#18683 cornerRadius=0.000000
04-15 09:53:32.077  1542  1581 I PkgPredictorService-SecIpmManagerServiceImpl: reportToNAP uid:10748 com.catfact.app.feature.factdetail.test/androidx.activity.ComponentActivity thisTime:112
04-15 09:53:32.077  1542  1581 D PkgPredictorService-SecIpmManagerServiceImpl: reportToNAP: mHeavyLaunchCounter is false
04-15 09:53:32.077  1542  1585 D SurfaceComposerClient: setCornerRadius ## 41df3fb Splash Screen com.catfact.app.feature.factdetail.test#18679 cornerRadius=0.000000
04-15 09:53:32.077  1542  1585 D SurfaceComposerClient: setCornerRadius ## 65a1819 com.catfact.app.feature.factdetail.test/androidx.activity.ComponentActivity#18683 cornerRadius=0.000000
04-15 09:53:32.077  1542  1581 I ActivityTaskManager: Displayed com.catfact.app.feature.factdetail.test/androidx.activity.ComponentActivity for user 0: +112ms
04-15 09:53:32.077 19294 19294 I InsetsSourceConsumer: applyRequestedVisibilityToControl: visible=true, type=statusBars, host=com.catfact.app.feature.factdetail.test/androidx.activity.ComponentActivity
04-15 09:53:32.077  1542  2944 D PkgPredictorService-SecIpmManagerServiceImpl: ACTION_FOREGROUND_FINISH_EVENT sCurForegroundApp :com.catfact.app.feature.factdetail.test
04-15 09:53:32.077  1542  1558 D InputDispatcher: Once focus requested (0): 65a1819 com.catfact.app.feature.factdetail.test/androidx.activity.ComponentActivity
04-15 09:53:32.077  1151  1151 I Layer   : id=18685 Destroyed Surface(name=3edafdc StatusBar)/@0x3b919ed - animation-leash of insets_animation#18685
04-15 09:53:32.077  1542  1558 D InputDispatcher: Focus request (0): 65a1819 com.catfact.app.feature.factdetail.test/androidx.activity.ComponentActivity but waiting because NO_WINDOW
04-15 09:53:32.077  1151  1151 I Layer   : id=18686 Destroyed Surface(name=8c5cec7 NavigationBar0)/@0xa68870 - animation-leash of insets_animation#18686
04-15 09:53:32.078  3152  3152 E pageboostd: Received HALT command code 2
04-15 09:53:32.078 19294 19294 I InsetsSourceConsumer: applyRequestedVisibilityToControl: visible=true, type=navigationBars, host=com.catfact.app.feature.factdetail.test/androidx.activity.ComponentActivity
04-15 09:53:32.079  1151  2479 I SurfaceFlinger: id=18672 Removed Surface(name=3edafdc StatusBar)/@0x3b919ed - animation-leash of insets_animation#18672 (203)
04-15 09:53:32.079  1151  2479 I SurfaceFlinger: id=18673 Removed Surface(name=8c5cec7 NavigationBar0)/@0xa68870 - animation-leash of insets_animation#18673 (203)
04-15 09:53:32.083  2000  2120 I InsetsController: onStateChanged: host=Splash Screen com.catfact.app.feature.factdetail.test, from=android.view.ViewRootImpl.onInsetsStateChanged:3026, state=InsetsState: {mDisplayFrame=Rect(0, 0 - 720, 1544), mDisplayCutout=DisplayCutout{insets=Rect(0, 50 - 0, 0) waterfall=Insets{left=0, top=0, right=0, bottom=0} boundingRect={Bounds=[Rect(0, 0 - 0, 0), Rect(341, 0 - 379, 50), Rect(0, 0 - 0, 0), Rect(0, 0 - 0, 0)]} cutoutPathParserInfo={CutoutPathParserInfo{displayWidth=720 displayHeight=1544 physicalDisplayWidth=720 physicalDisplayHeight=1544 density={1.875} cutoutSpec={M 0,0 H -10 V 26.66666666666667 H 10 V 0 H 0 Z @dp} rotation={0} scale={1.0} physicalPixelDisplaySizeRatio={1.0}}} sideOverrides={}}, mRoundedCorners=RoundedCorners{[RoundedCorner{position=TopLeft, radius=8, center=Point(8, 8)}, RoundedCorner{position=TopRight, radius=8, center=Point(712, 8)}, RoundedCorner{position=BottomRight, radius=8, center=Point(712, 1536)}, RoundedCorner{position=BottomLeft, radius=8, center=Point(8, 1536)}]}  mRoundedCornerFrame=Rect(0, 0 - 720, 1544), mPrivacyIndicatorBounds=PrivacyIndicatorBounds {static bounds=Rect(637, 0 - 720, 50) rotation=0}, mDisplayShape=DisplayShape{ spec=-311912193 displayWidth=720 displayHeight=1544 physicalPixelDisplaySizeRatio=0.5 rotation=0 offsetX=0 offsetY=0 scale=1.0}, mSources= { InsetsSource: {ec730001 mType=navigationBars mFrame=[0,1454][720,1544] mVisible=true mFlags= mSideHint=BOTTOM mBoundingRects=null}, InsetsSource: {ec730004 mType=systemGestures mFrame=[0,0][0,0] mVisible=true mFlags= mSideHint=NONE mBoundingRects=null}, InsetsSource: {ec730005 mType=mandatorySystemGestures mFrame=[0,1454][720,1544] mVisible=true mFlags= mSideHint=BOTTOM mBoundingRects=null}, InsetsSource: {ec730006 mType=tappableElement mFrame=[0,1454][720,1544] mVisible=true mFlags= mSideHint=BOTTOM mBoundingRects=null}, InsetsSource: {ec730024 mType=systemGestures mFrame=[0,0][0,0] mVisible=true mFlags= mSideHint=NONE mBoundingRects=null}, InsetsSource: {3 mType=ime mFrame=[0,0][0,0] mVisible=false mFlags= mSideHint=NONE mBoundingRects=null}, InsetsSource: {27 mType=displayCutout mFrame=[0,0][720,50] mVisible=true mFlags= mSideHint=TOP mBoundingRects=null}, InsetsSource: {43950000 mType=statusBars mFrame=[0,0][720,50] mVisible=true mFlags= mSideHint=TOP mBoundingRects=null}, InsetsSource: {43950005 mType=mandatorySystemGestures mFrame=[0,0][720,73] mVisible=true mFlags= mSideHint=TOP mBoundingRects=null}, InsetsSource: {43950006 mType=tappableElement mFrame=[0,0][720,50] mVisible=true mFlags= mSideHint=TOP mBoundingRects=null} }
04-15 09:53:32.083  2000  2120 I VRI[test]@f6bc9cd: onActiveControlsChanged, removed=false, mAdded=true, caller=android.view.ViewRootImpl.handleInsetsControlChanged:3002 android.view.ViewRootImpl$ViewRootHandler.handleMessageImpl:8352 android.view.ViewRootImpl$ViewRootHandler.handleMessage:8301 android.os.Handler.dispatchMessage:110 android.os.Looper.loopOnce:273
04-15 09:53:32.083  2000  2195 I VRI[test]@f6bc9cd: mWNT: t=0xb4000074fc78d990 mBlastBufferQueue=0xb40000741d2a2ab0 fn= 2 HdrRenderState mRenderHdrSdrRatio=1.0 caller= android.view.SyncRtSurfaceTransactionApplier.applyTransaction:100 android.view.SyncRtSurfaceTransactionApplier.lambda$scheduleApply$0:73 android.view.SyncRtSurfaceTransactionApplier.$r8$lambda$afI4fXg3U3-nBZQEDQMiNy-B06s:0
04-15 09:53:32.083  2000  2195 I VRI[test]@f6bc9cd: mWNT: t=0xb4000074fc742050 mBlastBufferQueue=0xb40000741d2a2ab0 fn= 2 HdrRenderState mRenderHdrSdrRatio=1.0 caller= android.view.SyncRtSurfaceTransactionApplier.applyTransaction:100 android.view.SyncRtSurfaceTransactionApplier.lambda$scheduleApply$0:73 android.view.SyncRtSurfaceTransactionApplier.$r8$lambda$afI4fXg3U3-nBZQEDQMiNy-B06s:0
04-15 09:53:32.084  1151  1151 I SurfaceFlinger: RequestedLayer [com.catfact.app.feature.factdetail.t[...]ivity.ComponentActivity$_19294#18687] hidden!! flag  from(1) --> to(0)
04-15 09:53:32.085  1151  1151 I SurfaceFlinger: destroyed Surface(name=3edafdc StatusBar)/@0x3b919ed - animation-leash of insets_animation#18672
04-15 09:53:32.085  1151  1151 I SurfaceFlinger: destroyed Surface(name=8c5cec7 NavigationBar0)/@0xa68870 - animation-leash of insets_animation#18673
04-15 09:53:32.085  1151  1151 I SurfaceFlinger: [LayerHierarchy{RequestedLayerState{65a1819 com.catfact.app.feature.factdetail.test/androidx.activity.ComponentActivity#18683 parentId=18690} 1 children}] reparent to LayerHierarchy{RequestedLayerState{Surface(name=65a1819 com.catfact.app.feature.factdetail.test/androidx.activity.ComponentActivity)/@0x78f1b53 - animation-leash of starting_reveal#18690 parentId=18678} 1 children}
04-15 09:53:32.087  1542  3015 I NSLocationMonitor: getGPSUsingApps() called
04-15 09:53:32.087  1151  1151 I Layer   : id=18672 Destroyed Surface(name=3edafdc StatusBar)/@0x3b919ed - animation-leash of insets_animation#18672
04-15 09:53:32.087  1151  1151 I Layer   : id=18673 Destroyed Surface(name=8c5cec7 NavigationBar0)/@0xa68870 - animation-leash of insets_animation#18673
04-15 09:53:32.087  2982  3043 I NSLocationManager_FLP: getGPSUsingApps, No change
04-15 09:53:32.090  1542  1585 D SurfaceComposerClient: setCornerRadius ## 41df3fb Splash Screen com.catfact.app.feature.factdetail.test#18679 cornerRadius=0.000000
04-15 09:53:32.090  1542  1585 D SurfaceComposerClient: setCornerRadius ## 65a1819 com.catfact.app.feature.factdetail.test/androidx.activity.ComponentActivity#18683 cornerRadius=0.000000
04-15 09:53:32.091  2000  2194 I VRI[test]@f6bc9cd: mWNT: t=0xb4000074fc73da50 mBlastBufferQueue=0xb40000741d2a2ab0 fn= 3 HdrRenderState mRenderHdrSdrRatio=1.0 caller= android.view.SyncRtSurfaceTransactionApplier.applyTransaction:100 android.view.SyncRtSurfaceTransactionApplier.lambda$scheduleApply$0:73 android.view.SyncRtSurfaceTransactionApplier.$r8$lambda$afI4fXg3U3-nBZQEDQMiNy-B06s:0
04-15 09:53:32.094  1151  1151 D SurfaceFlinger: Display 4633128672291735999 HWC layers:
04-15 09:53:32.094  1151  1151 D SurfaceFlinger:        CLIENT |           17089674871039 | 00002102 | RGBA_8888    |   85.0    0.0  720.0 1544.0 |    0    0  720 1544 | com.google.android.calendar/com.goog[...]AllInOneCalendarActivity$_3979#18669 (17)
04-15 09:53:32.094  1151  1151 D SurfaceFlinger:   SOLID_COLOR |                        0 | 00000000 | N/A          |    0.0    0.0    0.0    0.0 |    0    0  720 1544 | DimTransitionLayer for Surface(name=Task=3877)/@0xbe62fa6#18682 (0)
04-15 09:53:32.094  1151  1151 D SurfaceFlinger:        DEVICE |           82867099009064 | 00002102 | RGBA_8888    |    0.0    0.0  273.0 1544.0 |  447    0  720 1544 | com.catfact.app.feature.factdetail.t[...]ivity.ComponentActivity$_19294#18687 (1)
04-15 09:53:32.094  1151  1151 D SurfaceFlinger:        DEVICE |            8589934655889 | 00002100 | RGBA_8888    |    0.0    0.0  273.0 1544.0 |  447    0  720 1544 | Splash Screen com.catfact.app.feature.factdetail.test$_2000#18680 (1)
04-15 09:53:32.094  1151  1151 D SurfaceFlinger:        DEVICE |            8589934654704 | 00002100 | RGBA_8888    |    0.0    0.0  720.0   50.0 |    0    0  720   50 | StatusBar$_2000#102 (26303)
04-15 09:53:32.094  1151  1151 D SurfaceFlinger:        DEVICE |           10569914518889 | 0000
04-15 09:53:32.094  1151  1151 D SurfaceFlinger: 2100 | RGBA_8888    |    0.0    0.0   67.0  353.0 |  653  192  720  545 | com.sec.android.app.launcher/com.sam[...]l.app.CocktailBarService$_2461#16495 (1)
04-15 09:53:32.094  1151  1151 D SurfaceFlinger:        DEVICE |            8589934654692 | 00002100 | RGBA_8888    |    0.0    0.0  720.0   90.0 |    0 1454  720 1544 | NavigationBar0$_2000#98 (17106)
04-15 09:53:32.094  1151  1151 D SurfaceFlinger:
04-15 09:53:32.095  1542  2101 D InputDispatcher: Focus entered window (0): 65a1819 com.catfact.app.feature.factdetail.test/androidx.activity.ComponentActivity
04-15 09:53:32.095 19294 19294 D VRI[ComponentActivity]@3cf8886: mThreadedRenderer.initializeIfNeeded()#2 mSurface={isValid=true 0xb40000748c559a30}
04-15 09:53:32.096  1542  3015 I NSLocationMonitor: getGPSUsingApps() called
04-15 09:53:32.096 19294 19294 D InputMethodManagerUtils: startInputInner - Id : 0
04-15 09:53:32.096 19294 19294 I InputMethodManager: startInputInner - IInputMethodManagerGlobalInvoker.startInputOrWindowGainedFocus
04-15 09:53:32.096  2982  3043 I NSLocationManager_FLP: getGPSUsingApps, No change
04-15 09:53:32.100  2000  2195 I VRI[test]@f6bc9cd: mWNT: t=0xb4000074fc7df4d0 mBlastBufferQueue=0xb40000741d2a2ab0 fn= 4 HdrRenderState mRenderHdrSdrRatio=1.0 caller= android.view.SyncRtSurfaceTransactionApplier.applyTransaction:100 android.view.SyncRtSurfaceTransactionApplier.lambda$scheduleApply$0:73 android.view.SyncRtSurfaceTransactionApplier.$r8$lambda$afI4fXg3U3-nBZQEDQMiNy-B06s:0
04-15 09:53:32.102  1542  1750 I ImeTracker: com.catfact.app.feature.factdetail.test:8f55989d: onRequestHide at ORIGIN_SERVER reason HIDE_UNSPECIFIED_WINDOW fromUser false
04-15 09:53:32.103  2461  4418 I HoneySpace.RecentTasks: onRecentTasksChanged
04-15 09:53:32.104 19294 19294 I InputMethodManager: handleMessage: setImeVisibility visible=false
04-15 09:53:32.104 19294 19294 D InsetsController: hide(ime(), fromIme=false)
04-15 09:53:32.104 19294 19294 I ImeTracker: com.catfact.app.feature.factdetail.test:8f55989d: onCancelled at PHASE_CLIENT_ALREADY_HIDDEN
04-15 09:53:32.105  1542  1750 D InputTransport: Input channel constructed: 'ClientS', fd=972
04-15 09:53:32.105  3756  3756 I HBD     : HoneyBoardService onFinishInput
04-15 09:53:32.105  1542  1750 D InputTransport: Input channel destroyed: 'ClientS', fd=972
04-15 09:53:32.106  3756  3756 I HBD     : a IC have been unbinding,  RemoteInputConnection{idHash=#b943464}
04-15 09:53:32.106 19294 19308 D InputTransport: Input channel constructed: 'ClientS', fd=133
04-15 09:53:32.106  3756  3756 I HBD     : HoneyBoardService [PF_CL][onFinishInput]  1 ms
04-15 09:53:32.106  3756  3756 I HBD     : HoneyBoardService [IMI] onStartInput - caller pid : 19294 , caller uid : 10748
04-15 09:53:32.106  3756  3756 I HBD     : k updateConfigs
04-15 09:53:32.106  3756  3756 I HBD     : k isEnabledNightMode : true
04-15 09:53:32.106  3756  3756 I HBD     : a IC have been binding, RemoteInputConnection{idHash=#c11d10b}
04-15 09:53:32.106  3756  3756 I HBD     : h [EditorInputType]setPrivateImeOptionsToTable privateImeOptions ( null )
04-15 09:53:32.106  3756  3756 I HBD     : b incognitoMode : false
04-15 09:53:32.106  3979  3979 D InputTransport: Input channel destroyed: 'ClientS', fd=213
04-15 09:53:32.106  3756  3756 I HBD     : c needOff = true , isForceOff = false, isNullInputClass : true
04-15 09:53:32.106  3756  3756 I HBD     : h getDefaultInputRange : UNKNOWN
04-15 09:53:32.106  3756  3756 I HBD     : h getDefaultInputRange : UNKNOWN
04-15 09:53:32.106  3756  3756 I HBD     : h getDefaultInputRange : UNKNOWN
04-15 09:53:32.106  3963  4335 I SemDvfsHyPerManager: acquire hyper - BaseTABoost/3963@25, type = -999
04-15 09:53:32.106  3756  3756 I HBD     : c needOff = true , isForceOff = false, isNullInputClass : true
04-15 09:53:32.106  3756  3756 I HBD     : c update cached prediction status : false
04-15 09:53:32.107  3756  3756 I HBD     : h getDefaultInputRange : UNKNOWN
04-15 09:53:32.107  3756  3756 I HBD     : a currentState : 0
04-15 09:53:32.107  3756  3756 I HBD     : a [UpdatePolicy] [post] a: 0 cl: 65538 kit: [0/0] vt: 0 ir: 1
04-15 09:53:32.107  1151  2479 I SurfaceFlinger: id=18691 createSurf, flag=24004, Surface(name=1d7a05f InputMethod)/@0x5f77a9d - animation-leash of insets_animation#18691
04-15 09:53:32.107  1059  1180 I HYPER-HAL: [RequestManager.cpp]acquire(): Acquired ID : 7954091  [3963 / 25]    HINT :      list : [TABoost / 1]
04-15 09:53:32.108  2000  2194 I VRI[test]@f6bc9cd: mWNT: t=0xb4000074fc7be290 mBlastBufferQueue=0xb40000741d2a2ab0 fn= 5 HdrRenderState mRenderHdrSdrRatio=1.0 caller= android.view.SyncRtSurfaceTransactionApplier.applyTransaction:100 android.view.SyncRtSurfaceTransactionApplier.lambda$scheduleApply$0:73 android.view.SyncRtSurfaceTransactionApplier.$r8$lambda$afI4fXg3U3-nBZQEDQMiNy-B06s:0
04-15 09:53:32.108  1542  2101 I ImeTracker: system_server:ed736920: onRequestHide at ORIGIN_SERVER reason IME_REQUESTED_CHANGED_LISTENER fromUser false
04-15 09:53:32.108  3756  3756 I HBD     : a [NRIC] resetNoResponseState
04-15 09:53:32.108  3756  3756 I HBD     : c needOff = true , isForceOff = false, isNullInputClass : true
04-15 09:53:32.108  3756  3756 I HBD     : c update cached prediction status : false
04-15 09:53:32.109  3756  3756 I HBD     : HoneyBoardService [PF_OP][onStartInput]  3 ms
04-15 09:53:32.109  3756  3756 I HBD     : [DirectWriting] DirectWriting emitInputConnection : RemoteInputConnection{idHash=#c11d10b}
04-15 09:53:32.110  1542  1584 I ImeTracker: system_server:ed736920: onCancelled at PHASE_SERVER_SHOULD_HIDE
04-15 09:53:32.110  1542  1585 D SurfaceComposerClient: setCornerRadius ## 41df3fb Splash Screen com.catfact.app.feature.factdetail.test#18679 cornerRadius=0.000000
04-15 09:53:32.110  1542  1585 D SurfaceComposerClient: setCornerRadius ## 65a1819 com.catfact.app.feature.factdetail.test/androidx.activity.ComponentActivity#18683 cornerRadius=0.000000
04-15 09:53:32.111  3723 26412 I [AirCmd]_ActivitySwitchDetector: onTaskStackChanged : componentName - ComponentInfo{com.catfact.app.feature.factdetail.test/androidx.activity.ComponentActivity}
04-15 09:53:32.111  1151  1151 I SurfaceFlinger: [Surface(name=1d7a05f InputMethod)/@0x5f77a9d - animation-leash of insets_animation#18691] attach to parent LayerHierarchy{RequestedLayerState{WindowToken{d080c22 type=2011 android.os.Binder@459a5ed}#120 parentId=15} 2 children}
04-15 09:53:32.116  2000  2195 I VRI[test]@f6bc9cd: mWNT: t=0xb4000074fc72b7d0 mBlastBufferQueue=0xb40000741d2a2ab0 fn= 6 HdrRenderState mRenderHdrSdrRatio=1.0 caller= android.view.SyncRtSurfaceTransactionApplier.applyTransaction:100 android.view.SyncRtSurfaceTransactionApplier.lambda$scheduleApply$0:73 android.view.SyncRtSurfaceTransactionApplier.$r8$lambda$afI4fXg3U3-nBZQEDQMiNy-B06s:0
04-15 09:53:32.124  2000  2194 I VRI[test]@f6bc9cd: mWNT: t=0xb4000074fc726750 mBlastBufferQueue=0xb40000741d2a2ab0 fn= 7 HdrRenderState mRenderHdrSdrRatio=1.0 caller= android.view.SyncRtSurfaceTransactionApplier.applyTransaction:100 android.view.SyncRtSurfaceTransactionApplier.lambda$scheduleApply$0:73 android.view.SyncRtSurfaceTransactionApplier.$r8$lambda$afI4fXg3U3-nBZQEDQMiNy-B06s:0
04-15 09:53:32.128  1151  1151 I SurfaceFlinger: RequestedLayer [Surface(name=1d7a05f InputMethod)/@0[...]tion-leash of insets_animation#18691] hidden!! flag  from(1) --> to(0)
04-15 09:53:32.128  1151  1151 E SurfaceFlinger: alpha changed 1.000 -> 0.000 - Surface(name=1d7a05f InputMethod)/@0x5f77a9d - animation-leash of insets_animation#18691
04-15 09:53:32.128  1151  1151 I SurfaceFlinger: [LayerHierarchy{RequestedLayerState{ImeContainer#15 parentId=18678 relativeParentId=18678 z=3} 1 children}] reparent to LayerHierarchy{RequestedLayerState{ActivityRecord{137249486 u0 com.catfact.app.feature.factdetail.test/androidx.activity.ComponentActivity t3877}#18678 parentId=18677} 4 children}
04-15 09:53:32.128  1151  1151 I SurfaceFlinger: [LayerHierarchy{RequestedLayerState{ImeContainer#15 parentId=18678 relativeParentId=18678 z=3} 1 children}] RelativeParent to null
04-15 09:53:32.128  1151  1151 I SurfaceFlinger: [LayerHierarchy{RequestedLayerState{1d7a05f InputMethod#134 parentId=18691} no children}] reparent to LayerHierarchy{RequestedLayerState{Surface(name=1d7a05f InputMethod)/@0x5f77a9d - animation-leash of insets_animation#18691 parentId=120} 1 children}
04-15 09:53:32.128  1151  1151 I SurfaceFlinger: [LayerHierarchy{RequestedLayerState{Surface(name=1d7a05f InputMethod)/@0x5f77a9d - animation-leash of insets_animation#18675} no children}] reparent to OffscreenRoot
04-15 09:53:32.128  1151  1151 I SurfaceFlinger: [LayerHierarchy{RequestedLayerState{Surface(name=1d7a05f InputMethod)/@0x5f77a9d - animation-leash of insets_animation#18675} no children}] RelativeParent to null
04-15 09:53:32.131  1151  2479 I SurfaceFlinger: id=18675 Removed Surface(name=1d7a05f InputMethod)/@0x5f77a9d - animation-leash of insets_animation#18675 (202)
04-15 09:53:32.132  3756  3756 I InputMethodService: scheduleImeSurfaceRemoval: canceled, mShowInputRequested=false, mWindowVisible=false, IsmWindowNull=false, IsmImeSurfaceRemoverRunnableNotNull=true
04-15 09:53:32.134  1542  2161 I WindowManager: Relayout Window{41df3fb u0 Splash Screen com.catfact.app.feature.factdetail.test}: viewVisibility=8 req=720x1544 ty=3 d0
04-15 09:53:32.134  1542  2161 D SurfaceComposerClient: setCornerRadius ## 65a1819 com.catfact.app.feature.factdetail.test/androidx.activity.ComponentActivity#18683 cornerRadius=0.000000
04-15 09:53:32.134  1542  2161 D SurfaceComposerClient: setCornerRadius ## 41df3fb Splash Screen com.catfact.app.feature.factdetail.test#18679 cornerRadius=0.000000
04-15 09:53:32.134  1542  2161 D SurfaceComposerClient: setCornerRadius ## 65a1819 com.catfact.app.feature.factdetail.test/androidx.activity.ComponentActivity#18683 cornerRadius=0.000000
04-15 09:53:32.135  1151  1151 I SurfaceFlinger: destroyed Surface(name=1d7a05f InputMethod)/@0x5f77a9d - animation-leash of insets_animation#18675
04-15 09:53:32.135  1542  2161 I WindowManager: Relayout hash=41df3fb, pid=2000, syncId=-1: mAttrs={(0,0)(fillxfill) sim={adjust=pan} layoutInDisplayCutoutMode=always ty=APPLICATION_STARTING fmt=TRANSLUCENT wanim=0x1030317
04-15 09:53:32.135  1542  2161 I WindowManager:   fl=81030118
04-15 09:53:32.135  1542  2161 I WindowManager:   pfl=10000810
04-15 09:53:32.135  1542  2161 I WindowManager:   apr=18
04-15 09:53:32.135  1542  2161 I WindowManager:   bhv=1
04-15 09:53:32.135  1542  2161 I WindowManager:   fitSides=0
04-15 09:53:32.135  1542  2161 I WindowManager:   frameRateBoostOnTouch=true
04-15 09:53:32.135  1542  2161 I WindowManager:   dvrrWindowFrameRateHint=true naviIconColor=0}
04-15 09:53:32.136  2000  2120 I VRI[test]@f6bc9cd: onActiveControlsChanged, removed=false, mAdded=true, caller=android.view.ViewRootImpl.handleInsetsControlChanged:3002 android.view.ViewRootImpl.relayoutWindow:11629 android.view.ViewRootImpl.performTraversals:4804 android.view.ViewRootImpl.doTraversal:3924 android.view.ViewRootImpl$TraversalRunnable.run:12903
04-15 09:53:32.136  1218  1218 I CameraService: onUidStateChanged: uid=10048, procState is changed. (1 -> 0)
04-15 09:53:32.136  2000  2120 I VRI[test]@f6bc9cd: Relayout returned: old=(0,0,720,1544) new=(0,0,720,1544) relayoutAsync=false req=(720,1544)8 dur=3 res=0x2 s={false 0x0} ch=true seqId=0
04-15 09:53:32.137  2000  2120 D VRI[test]@f6bc9cd: Not drawing due to not visible. Reason=View.GONE
04-15 09:53:32.137  2000  2120 I VRI[test]@f6bc9cd: dispatchDetachedFromWindow
04-15 09:53:32.137  1151  1151 I Layer   : id=18675 Destroyed Surface(name=1d7a05f InputMethod)/@0x5f77a9d - animation-leash of insets_animation#18675
04-15 09:53:32.137  1542  2161 D InputTransport: Input channel destroyed: '41df3fb', fd=1041
04-15 09:53:32.137  1542  2161 D SurfaceComposerClient: setCornerRadius ## 65a1819 com.catfact.app.feature.factdetail.test/androidx.activity.ComponentActivity#18683 cornerRadius=0.000000
04-15 09:53:32.137  1542  2161 D SurfaceComposerClient: setCornerRadius ## 65a1819 com.catfact.app.feature.factdetail.test/androidx.activity.ComponentActivity#18683 cornerRadius=0.000000
04-15 09:53:32.138  2000  2120 D InputTransport: Input channel destroyed: '41df3fb', fd=522
04-15 09:53:32.138  1542  1585 D SurfaceComposerClient: setCornerRadius ## 65a1819 com.catfact.app.feature.factdetail.test/androidx.activity.ComponentActivity#18683 cornerRadius=0.000000
04-15 09:53:32.141  1542  1585 D SurfaceComposerClient: setCornerRadius ## 65a1819 com.catfact.app.feature.factdetail.test/androidx.activity.ComponentActivity#18683 cornerRadius=0.000000
04-15 09:53:32.142  1151  1151 I SurfaceFlinger: RequestedLayer [Splash Screen com.catfact.app.feature.factdetail.test$_2000#18680] hidden!! flag  from(0) --> to(1)
04-15 09:53:32.142  1151  1151 I SurfaceFlinger: [LayerHierarchy{RequestedLayerState{65a1819 com.catfact.app.feature.factdetail.test/androidx.activity.ComponentActivity#18683 parentId=18678} 1 children}] reparent to LayerHierarchy{RequestedLayerState{ActivityRecord{137249486 u0 com.catfact.app.feature.factdetail.test/androidx.activity.ComponentActivity t3877}#18678 parentId=18677} 5 children}
04-15 09:53:32.143  1151  1151 I SurfaceFlinger: [LayerHierarchy{RequestedLayerState{Surface(name=65a1819 com.catfact.app.feature.factdetail.test/androidx.activity.ComponentActivity)/@0x78f1b53 - animation-leash of starting_reveal#18690} no children}] reparent to OffscreenRoot
04-15 09:53:32.143  1151  1151 I SurfaceFlinger: [LayerHierarchy{RequestedLayerState{Surface(name=65a1819 com.catfact.app.feature.factdetail.test/androidx.activity.ComponentActivity)/@0x78f1b53 - animation-leash of starting_reveal#18690} no children}] RelativeParent to null
04-15 09:53:32.143  2000  2000 D SystemUIService: SYSUI_RAM_OPTIMIZATION onTrimMemory=20
04-15 09:53:32.143  2000  2000 D CentralSurfaces: SYSUI_RAM_OPTIMIZATION onTrimMemory=20
04-15 09:53:32.144  2000  2196 D HWUI    : CacheManager::trimMemory(20)
04-15 09:53:32.150  1151  1151 D SurfaceFlinger: Display 4633128672291735999 HWC layers:
04-15 09:53:32.150  1151  1151 D SurfaceFlinger:        CLIENT |           17089674871039 | 00002102 | RGBA_8888    |  167.0    0.0  720.0 1544.0 |    0    0  720 1544 | com.google.android.calendar/com.goog[...]AllInOneCalendarActivity$_3979#18669 (21)
04-15 09:53:32.150  1151  1151 D SurfaceFlinger:   SOLID_COLOR |                        0 | 00000000 | N/A          |    0.0    0.0    0.0    0.0 |    0    0  720 1544 | DimTransitionLayer for Surface(name=Task=3877)/@0xbe62fa6#18682 (0)
04-15 09:53:32.150  1151  1151 D SurfaceFlinger:        DEVICE |           82867099009064 | 00002102 | RGBA_8888    |    0.0    0.0  533.0 1544.0 |  187    0  720 1544 | com.catfact.app.feature.factdetail.t[...]ivity.ComponentActivity$_19294#18687 (1)
04-15 09:53:32.150  1151  1151 D SurfaceFlinger:        DEVICE |            8589934654687 | 00002100 | RGBA_8888    |    0.0    0.0  720.0   50.0 |    0    0  720   50 | StatusBar$_2000#102 (26310)
04-15 09:53:32.150  1151  1151 D SurfaceFlinger:        DEVICE |           10569914518889 | 00002100 | RGBA_8888    |    0.0    0.0   67.0  353.0 |  653  192  720  545 | com.sec.android.app.launcher/com.sam[...]l.app.CocktailBarService$_2461#16495 (1)
04-15 09:53:32.150  1151  1151 D SurfaceFlinger:        DEVICE |            85899346
04-15 09:53:32.150  1151  1151 D SurfaceFlinger: 54691 | 00002100 | RGBA_8888    |    0.0    0.0  720.0   90.0 |    0 1454  720 1544 | NavigationBar0$_2000#98 (17113)
04-15 09:53:32.150  1151  1151 D SurfaceFlinger:
04-15 09:53:32.182  2000  2000 D QSClock : onDarkChanged tint=DARK
04-15 09:53:32.317  1151  1151 D SurfaceFlinger: GPIS:: requestGpisForClientComposition
04-15 09:53:32.320  2461  2461 I HoneySpace.EdgePanel.EdgeVisibilityRepository: getComputedTrayVisible : keyguardState = 1
04-15 09:53:32.320  2461  2461 I HoneySpace.EdgePanel.EdgeVisibilityRepository: updateTrayVisible: State = 0x1, visible = true, current containerState = 0, specificMode = 0
04-15 09:53:32.320  2461  2461 I HoneySpace.EdgePanel.EdgeVisibilityRepository: Same container state 0
04-15 09:53:32.372  3756  3756 I InputMethodService: removeImeSurface
04-15 09:53:32.372  3756  3756 I InputMethodService: cancelImeSurfaceRemoval: removeCallbacks
04-15 09:53:32.375  1059 19484 I HYPER-HAL: [RequestManager.cpp]releaseLocked(): Released ID : 1223852
04-15 09:53:32.473  3979  3988 I ndroid.calendar: Background concurrent mark compact GC freed 53MB AllocSpace bytes, 1(16KB) LOS objects, 57% free, 35MB/83MB, paused 1.676ms,2.750ms total 122.002ms
04-15 09:53:32.475  1151  1151 D SurfaceFlinger: Display 4633128672291735999 HWC layers:
04-15 09:53:32.475  1151  1151 D SurfaceFlinger:        DEVICE |           82867099009064 | 00002102 | RGBA_8888    |    0.0    0.0  720.0 1544.0 |    0    0  720 1544 | com.catfact.app.feature.factdetail.t[...]ivity.ComponentActivity$_19294#18687 (1)
04-15 09:53:32.475  1151  1151 D SurfaceFlinger:        DEVICE |            8589934654694 | 00002100 | RGBA_8888    |    0.0    0.0  720.0   50.0 |    0    0  720   50 | StatusBar$_2000#102 (26317)
04-15 09:53:32.475  1151  1151 D SurfaceFlinger:        DEVICE |           10569914518889 | 00002100 | RGBA_8888    |    0.0    0.0   67.0  353.0 |  653  192  720  545 | com.sec.android.app.launcher/com.sam[...]l.app.CocktailBarService$_2461#16495 (1)
04-15 09:53:32.475  1151  1151 D SurfaceFlinger:        DEVICE |            8589934654693 | 00002100 | RGBA_8888    |    0.0    0.0  720.0   90.0 |    0 1454  720 1544 | NavigationBar0$_2000#98 (17119)
04-15 09:53:32.475  1151  1151 D SurfaceFlinger:
04-15 09:53:32.478  2000  2105 I SurfaceControlRegistry: apply, t=FinishTransaction_SyncId<1667>, caller=android.view.SurfaceControl$Transaction.apply:3459 android.view.SurfaceControl$Transaction.apply:3447 android.view.SurfaceControl$Transaction.apply:3397 com.android.wm.shell.transition.Transitions.onFinish:315 com.android.wm.shell.transition.Transitions$$ExternalSyntheticLambda7.onTransitionFinished:12 com.android.wm.shell.transition.DefaultTransitionHandler$$ExternalSyntheticLambda2.run:36
04-15 09:53:32.480  1542  1558 D SurfaceComposerClient: setCornerRadius ## 65a1819 com.catfact.app.feature.factdetail.test/androidx.activity.ComponentActivity#18683 cornerRadius=0.000000
04-15 09:53:32.481  1542  1558 D SurfaceComposerClient: setCornerRadius ## 65a1819 com.catfact.app.feature.factdetail.test/androidx.activity.ComponentActivity#18683 cornerRadius=0.000000
04-15 09:53:32.481  2000  2000 D SamsungLightBarControlHelper: updateStatusBar (WHITE icon) numStacks:1, StatusBarMode:MODE_TRANSPARENT, lightBarBounds:[], StatusBarState:SHADE, packageName:, isWhiteKeyguardStatusBar:false
04-15 09:53:32.481  2000  2000 D SamsungLightBarControlHelper: onStatusBarAppearanceChanged() -  sbModeChanged:false, statusBarMode:0, barState:MODE_TRANSPARENT, isKeyguardShowing:false, navbarColorManagedByIme:false, (AppearanceRegion{ bounds=[0,0][720,1544]}, )
04-15 09:53:32.484  1151  1151 I SurfaceFlinger: RequestedLayer [Task=3801#16292] hidden!! flag  from(0) --> to(1)
04-15 09:53:32.484  1151  1151 I SurfaceFlinger: [Display 0 name="Built-in Screen"#49] setFrameRateCategory: Default
04-15 09:53:32.484  1151  1151 I SurfaceFlinger: RequestedLayer [com.google.android.calendar/com.goog[...]AllInOneCalendarActivity$_3979#18669] hidden!! flag  from(0) --> to(1)
04-15 09:53:32.484  1151  1151 I SurfaceFlinger: RequestedLayer [ActivityRecord{243114305 u0 com.goog[...]llInOneCalendarActivity t3801}#16293] hidden!! flag  from(0) --> to(1)
04-15 09:53:32.484  1151  1151 I SurfaceFlinger: [LayerHierarchy{RequestedLayerState{ImeContainer#15 parentId=18678 relativeParentId=18683 z=1} 1 children}] RelativeParent to LayerHierarchy{RequestedLayerState{65a1819 com.catfact.app.feature.factdetail.test/androidx.activity.ComponentActivity#18683 parentId=18678} 2 children}
04-15 09:53:32.484  1151  1151 I SurfaceFlinger: [LayerHierarchy{RequestedLayerState{Task=3801#16292 parentId=10 z=12} 1 children}] reparent to LayerHierarchy{RequestedLayerState{DefaultTaskDisplayArea_d0#10 parentId=9} 16 children}
04-15 09:53:32.484  1151  1151 I SurfaceFlinger: [LayerHierarchy{RequestedLayerState{Task=3877#18677 parentId=10 z=13} 2 children}] reparent to LayerHierarchy{RequestedLayerState{DefaultTaskDisplayArea_d0#10 parentId=9} 17 children}
04-15 09:53:32.484  1151  1151 I SurfaceFlinger: [LayerHierarchy{RequestedLayerState{41df3fb Splash Screen com.catfact.app.feature.factdetail.test#18679 z=2147483647} 1 children}] reparent to OffscreenRoot
04-15 09:53:32.484  1151  1151 I SurfaceFlinger: [LayerHierarchy{RequestedLayerState{41df3fb Splash Screen com.catfact.app.feature.factdetail.test#18679 z=2147483647} 1 children}] RelativeParent to null
04-15 09:53:32.484  1151  1151 I SurfaceFlinger: [LayerHierarchy{RequestedLayerState{Splash Screen com.catfact.app.feature.factdetail.test$_2000#18680} no children}] reparent to OffscreenRoot
04-15 09:53:32.484  1151  1151 I SurfaceFlinger: [LayerHierarchy{RequestedLayerState{Splash Screen com.catfact.app.feature.factdetail.test$_2000#18680} no children}] RelativeParent to null
04-15 09:53:32.484  1151  1151 I SurfaceFlinger: [LayerHierarchy{RequestedLayerState{Transition Root: Task=3877#18681 z=13} 1 children}] reparent to OffscreenRoot
04-15 09:53:32.484  1151  1151 I SurfaceFlinger: [LayerHierarchy{RequestedLayerState{Transition Root: Task=3877#18681 z=13} 1 children}] RelativeParent to null
04-15 09:53:32.484  1151  1151 I SurfaceFlinger: [LayerHierarchy{RequestedLayerState{DimTransitionLayer for Surface(name=Task=3877)/@0xbe62fa6#18682 z=-1} no children}] reparent to OffscreenRoot
04-15 09:53:32.484  1151  1151 I SurfaceFlinger: [LayerHierarchy{RequestedLayerState{DimTransitionLayer for Surface(name=Task=3877)/@0xbe62fa6#18682 z=-1} no children}] RelativeParent to null
04-15 09:53:32.485  3979  3979 I VRI[AllInOneCalendarActivity]@5d0fad1: handleAppVisibility mAppVisible = true visible = false
04-15 09:53:32.485  3979  3979 D VRI[AllInOneCalendarActivity]@5d0fad1: visibilityChanged oldVisibility=true newVisibility=false
04-15 09:53:32.486  2000  2000 D SystemUIService: SYSUI_RAM_OPTIMIZATION onTrimMemory=20
04-15 09:53:32.486  2000  2000 D CentralSurfaces: SYSUI_RAM_OPTIMIZATION onTrimMemory=20
04-15 09:53:32.487  1151  1151 I SurfaceFlinger: id=18680 Removed Splash Screen com.catfact.app.feature.factdetail.test$_2000#18680 (201)
04-15 09:53:32.487  1151  1151 I SurfaceFlinger: id=18682 Removed DimTransitionLayer for Surface(name=Task=3877)/@0xbe62fa6#18682 (201)
04-15 09:53:32.487  1151  1151 I SurfaceFlinger: id=18681 Removed Transition Root: Task=3877#18681 (201)
04-15 09:53:32.487  1151  1151 I SurfaceFlinger: id=18679 Removed 41df3fb Splash Screen com.catfact.app.feature.factdetail.test#18679 (201)
04-15 09:53:32.487  2000  2196 D HWUI    : CacheManager::trimMemory(20)
04-15 09:53:32.488  3979  3979 I VRI[AllInOneCalendarActivity]@5d0fad1: stopped(true) old = false
04-15 09:53:32.488  3979  3979 D VRI[AllInOneCalendarActivity]@5d0fad1: WindowStopped on com.google.android.calendar/com.google.android.calendar.allinone.AllInOneCalendarActivity set to true
04-15 09:53:32.488  3979  4808 D HWUI    : CacheManager::trimMemory(20)
04-15 09:53:32.488  1542  1585 D SurfaceComposerClient: setCornerRadius ## 65a1819 com.catfact.app.feature.factdetail.test/androidx.activity.ComponentActivity#18683 cornerRadius=0.000000
04-15 09:53:32.491  2461  4416 I HoneySpace.Memory-Monitor: current state = 2, didTrim = false
04-15 09:53:32.492  1151  1151 I SurfaceFlinger: destroyed 41df3fb Splash Screen com.catfact.app.feature.factdetail.test#18679
04-15 09:53:32.492  1151  1151 I SurfaceFlinger: destroyed Splash Screen com.catfact.app.feature.factdetail.test$_2000#18680
04-15 09:53:32.492  1151  1151 I SurfaceFlinger: destroyed Transition Root: Task=3877#18681
04-15 09:53:32.492  1151  1151 I SurfaceFlinger: destroyed DimTransitionLayer for Surface(name=Task=3877)/@0xbe62fa6#18682
04-15 09:53:32.493  1151  1151 I Layer   : id=18679 Destroyed 41df3fb Splash Screen com.catfact.app.feature.factdetail.test#18679
04-15 09:53:32.493  1151  1151 I Layer   : id=18680 Destroyed Splash Screen com.catfact.app.feature.factdetail.test$_2000#18680
04-15 09:53:32.494  2000  2125 D StackScroller: onDisplayChanged for predraw skip to 2
04-15 09:53:32.494  1151  1151 I Layer   : id=18681 Destroyed Transition Root: Task=3877#18681
04-15 09:53:32.494  1151  1151 I Layer   : id=18682 Destroyed DimTransitionLayer for Surface(name=Task=3877)/@0xbe62fa6#18682
04-15 09:53:32.494  2000  2000 D DisplayLifecycle: updateDisplay id = 0
04-15 09:53:32.495  3979  4808 D HWUI    : CacheManager::trimMemory(20)
04-15 09:53:32.497  1542  1558 I WindowManager: Relayout Window{c82d6ed u0 com.google.android.calendar/com.google.android.calendar.allinone.AllInOneCalendarActivity}: viewVisibility=8 req=720x1544 ty=1 d0
04-15 09:53:32.498  1542  1558 D SurfaceComposerClient: setCornerRadius ## 65a1819 com.catfact.app.feature.factdetail.test/androidx.activity.ComponentActivity#18683 cornerRadius=0.000000
04-15 09:53:32.498  1542  1558 D SurfaceComposerClient: setCornerRadius ## 65a1819 com.catfact.app.feature.factdetail.test/androidx.activity.ComponentActivity#18683 cornerRadius=0.000000
04-15 09:53:32.498  1542  1558 I WindowManager: Relayout hash=c82d6ed, pid=3979, syncId=-1: mAttrs={(0,0)(fillxfill) sim={adjust=pan} layoutInDisplayCutoutMode=always ty=BASE_APPLICATION wanim=0x1030317
04-15 09:53:32.498  1542  1558 I WindowManager:   fl=81810100
04-15 09:53:32.498  1542  1558 I WindowManager:   pfl=100088c0
04-15 09:53:32.498  1542  1558 I WindowManager:   vsysui=700
04-15 09:53:32.498  1542  1558 I WindowManager:   bhv=1
04-15 09:53:32.498  1542  1558 I WindowManager:   fitSides=0
04-15 09:53:32.498  1542  1558 I WindowManager:   frameRateBoostOnTouch=true
04-15 09:53:32.498  1542  1558 I WindowManager:   dvrrWindowFrameRateHint=true naviIconColor=0}
04-15 09:53:32.499  3979  3979 I VRI[AllInOneCalendarActivity]@5d0fad1: Relayout returned: old=(0,0,720,1544) new=(0,0,720,1544) relayoutAsync=false req=(720,1544)8 dur=2 res=0x2 s={false 0x0} ch=false seqId=0
04-15 09:53:32.499  3979  3979 D VRI[AllInOneCalendarActivity]@5d0fad1: Not drawing due to not visible. Reason=!mAppVisible && !mForceDecorViewVisibility
04-15 09:53:32.500  3979  4808 D HWUI    : CacheManager::trimMemory(20)
04-15 09:53:32.509  1542  1582 D PkgPredictorService-SecIpmManagerServiceImpl: bg information pid:3979 uid:10279 pkgName:com.google.android.calendar
04-15 09:53:32.510  1151  1151 I SurfaceFlinger: [LayerHierarchy{RequestedLayerState{com.google.android.calendar/com.google.android.calendar.allinone.AllInOneCalendarActivity$_3979#18669} no children}] reparent to OffscreenRoot
04-15 09:53:32.510  1151  1151 I SurfaceFlinger: [LayerHierarchy{RequestedLayerState{com.google.android.calendar/com.google.android.calendar.allinone.AllInOneCalendarActivity$_3979#18669} no children}] RelativeParent to null
04-15 09:53:32.511  3979  3979 D BBA2    : setIsFg isFg = false; delayValue 3999ms
04-15 09:53:32.512  1151  1151 I SurfaceFlinger: id=18669 Removed com.google.android.calendar/com.google.android.calendar.allinone.AllInOneCalendarActivity$_3979#18669 (197)
04-15 09:53:32.518  1151  1151 I SurfaceFlinger: destroyed com.google.android.calendar/com.google.android.calendar.allinone.AllInOneCalendarActivity$_3979#18669
04-15 09:53:32.520  1151  1151 I Layer   : id=18669 Destroyed com.google.android.calendar/com.google.android.calendar.allinone.AllInOneCalendarActivity$_3979#18669
04-15 09:53:32.536  3979  3979 W WindowOnBackDispatcher: sendCancelIfRunning: isInProgress=false callback=android.app.Activity$$ExternalSyntheticLambda0@7a56f2f
04-15 09:53:32.540  3979  4808 D HWUI    : CacheManager::trimMemory(20)
04-15 09:53:32.541  3979  3979 I VRI[AllInOneCalendarActivity]@5d0fad1: dispatchDetachedFromWindow
04-15 09:53:32.541  1542  1558 D InputTransport: Input channel destroyed: 'c82d6ed', fd=874
04-15 09:53:32.542  1542  1558 D SurfaceComposerClient: setCornerRadius ## 65a1819 com.catfact.app.feature.factdetail.test/androidx.activity.ComponentActivity#18683 cornerRadius=0.000000
04-15 09:53:32.543  1542  1558 D SurfaceComposerClient: setCornerRadius ## 65a1819 com.catfact.app.feature.factdetail.test/androidx.activity.ComponentActivity#18683 cornerRadius=0.000000
04-15 09:53:32.543  3979  3979 D InputTransport: Input channel destroyed: 'c82d6ed', fd=159
04-15 09:53:32.550  1151  1151 I SurfaceFlinger: [LayerHierarchy{RequestedLayerState{c82d6ed com.google.android.calendar/com.google.android.calendar.allinone.AllInOneCalendarActivity#18668} no children}] reparent to OffscreenRoot
04-15 09:53:32.550  1151  1151 I SurfaceFlinger: [LayerHierarchy{RequestedLayerState{c82d6ed com.google.android.calendar/com.google.android.calendar.allinone.AllInOneCalendarActivity#18668} no children}] RelativeParent to null
04-15 09:53:32.551  1151  1151 I SurfaceFlinger: id=18668 Removed c82d6ed com.google.android.calendar/com.google.android.calendar.allinone.AllInOneCalendarActivity#18668 (196)
04-15 09:53:32.558  1151  1151 I SurfaceFlinger: destroyed c82d6ed com.google.android.calendar/com.google.android.calendar.allinone.AllInOneCalendarActivity#18668
04-15 09:53:32.560  1151  1151 I Layer   : id=18668 Destroyed c82d6ed com.google.android.calendar/com.google.android.calendar.allinone.AllInOneCalendarActivity#18668
04-15 09:53:32.581 19294 19294 I View    : setRequestedFrameRate frameRate=0.0, this=androidx.compose.ui.platform.AndroidComposeView{7b3bb0c VFED..... ......I. 0,0-720,1544 aid=1073741824}, caller=android.view.ViewGroup.setRequestedFrameRate:9952 androidx.compose.ui.platform.Api35Impl.setRequestedFrameRate:3822 androidx.compose.ui.platform.AndroidComposeView.dispatchDraw:2114 android.view.View.draw:26345 android.view.View.updateDisplayListIfDirty:25175
04-15 09:53:32.581 19294 19294 I View    : setRequestedFrameRate frameRate=-4.0, this=android.view.View{f80585 V.ED..... ......I. 0,0-0,0}, caller=androidx.compose.ui.platform.Api35Impl.setRequestedFrameRate:3822 androidx.compose.ui.platform.AndroidComposeView.dispatchDraw:2115 android.view.View.draw:26345 android.view.View.updateDisplayListIfDirty:25175 android.view.View.draw:26072
04-15 09:53:32.587 19294 19294 I View    : setRequestedFrameRate frameRate=NaN, this=androidx.compose.ui.platform.AndroidComposeView{7b3bb0c VFED..... ........ 0,0-720,1544 aid=1073741824}, caller=android.view.ViewGroup.setRequestedFrameRate:9952 androidx.compose.ui.platform.Api35Impl.setRequestedFrameRate:3822 androidx.compose.ui.platform.AndroidComposeView.dispatchDraw:2114 android.view.View.draw:26345 android.view.View.updateDisplayListIfDirty:25175
04-15 09:53:32.587 19294 19294 I View    : setRequestedFrameRate frameRate=-4.0, this=android.view.View{f80585 V.ED..... ........ 0,0-0,0}, caller=androidx.compose.ui.platform.Api35Impl.setRequestedFrameRate:3822 androidx.compose.ui.platform.AndroidComposeView.dispatchDraw:2115 android.view.View.draw:26345 android.view.View.updateDisplayListIfDirty:25175 android.view.View.draw:26072
04-15 09:53:32.598  1144  1154 E HeatmapThread: ECT Thread time in milliseconds: 1776239612
04-15 09:53:32.598  1144  1154 D HeatmapThread: !@ batteryplugType : 0
04-15 09:53:32.598  1144  1154 D HeatmapThread: !@ batteryLevel : 0  batteryTemperature : 0
04-15 09:53:32.598  1144  1154 D HeatmapThread: !@ Heatmap currtime: 29603993
04-15 09:53:32.598  1144  1154 D HeatmapThread: !@ Heatmap prevtime: 29603990
04-15 09:53:32.598  1144  1154 D HeatmapThread: !@ Heatmap plugstarttime: 35791394
04-15 09:53:32.598  1144  1154 D HeatmapThread: !@ Heatmap prevv_dsoh_update_time: 29597770
04-15 09:53:32.598  1144  1154 E HeatmapThread: !@Could not open '/efs/FactoryApp/bsoh', errno = 13
04-15 09:53:32.599  1144  1154 E HeatmapThread: !@ CAM Could not access BSOH EFS
04-15 09:53:32.599  1144  1154 E HeatmapThread: !@ CAM New BSOH: 0
04-15 09:53:32.599  2000  2000 D QSClock : onDarkChanged tint=WHITE
04-15 09:53:32.630  1542  1558 I SemDvfsHyPerManager: acquire hyper - AMS_ACT_START/1542@20, type = -999
04-15 09:53:32.630  1059  1180 I HYPER-HAL: [RequestManager.cpp]acquire(): Acquired ID : 1220723  [1542 / 20]    HINT : AMS_ACT_START    list :
04-15 09:53:32.631  1151  1200 I SurfaceFlinger: id=18692 createSurf, flag=84004, ActivityRecord{248240931 u0 com.catfact.app.feature.factdetail.test/androidx.test.core.app.InstrumentationActivityInvoker$EmptyActivity t3877}#18692
04-15 09:53:32.636  2000  2105 D ShellDesktopMode: handleRequest: TransitionRequestInfo {type=1, tid=3877, debugId=1668}
04-15 09:53:32.637 19294 19294 D LifecycleMonitor: Lifecycle status change: androidx.activity.ComponentActivity@20a42f3 in: PAUSED
04-15 09:53:32.637 19294 19294 V ActivityScenario: Update currentActivityStage to PAUSED, currentActivity=androidx.activity.ComponentActivity@20a42f3
04-15 09:53:32.638  1542  2161 D InputDispatcher: Focused application(0): ActivityRecord{248240931 u0 com.catfact.app.feature.factdetail.test/androidx.test.core.app.InstrumentationActivityInvoker$EmptyActivity t3877}
04-15 09:53:32.640  1542  2161 D GraphicsStatsService: requestRenderEngineFor(com.catfact.app.feature.factdetail.test)
04-15 09:53:32.640  1151  1151 I SurfaceFlinger: [Display 0 name="Built-in Screen"#49] setFrameRateCategory: High
04-15 09:53:32.641  1151  1151 I SurfaceFlinger: [ActivityRecord{248240931 u0 com.catfact.app.feature.factdetail.test/androidx.test.core.app.InstrumentationActivityInvoker$EmptyActivity t3877}#18692] attach to parent LayerHierarchy{RequestedLayerState{Task=3877#18677 parentId=10 z=13} 2 children}
04-15 09:53:32.642 19294 19294 D LifecycleMonitor: Lifecycle status change: androidx.test.core.app.InstrumentationActivityInvoker$EmptyActivity@8d89d94 in: PRE_ON_CREATE
04-15 09:53:32.642 19294 19294 V ActivityScenario: Activity lifecycle changed event received but ignored because the intent does not match. startActivityIntent=Intent { act=android.intent.action.MAIN cat=[android.intent.category.LAUNCHER] flg=0x10008000 cmp=com.catfact.app.feature.factdetail.test/androidx.activity.ComponentActivity }, activity.getIntent()=Intent { act=android.intent.action.MAIN cat=[android.intent.category.LAUNCHER] flg=0x10000000 xflg=0x4 cmp=com.catfact.app.feature.factdetail.test/androidx.test.core.app.InstrumentationActivityInvoker$EmptyActivity }, activity=androidx.test.core.app.InstrumentationActivityInvoker$EmptyActivity@8d89d94
04-15 09:53:32.642  2461  2461 I HoneySpace.EdgePanel.CocktailHostRepositoryImpl: onNoteResume
04-15 09:53:32.642  2461  2461 I HoneySpace.EdgePanel.EdgePanelContainerViewModel: cocktailHostRepository.edgePanelOperation NoteResumeComponent(componentName=ComponentInfo{com.catfact.app.feature.factdetail.test/androidx.test.core.app.InstrumentationActivityInvoker$EmptyActivity})
04-15 09:53:32.642  2461  2461 I HoneySpace.EdgePanel.ActivityUtils: HomePackage : com.sec.android.app.launcher, resumePackageName : com.catfact.app.feature.factdetail.test, className : androidx.test.core.app.InstrumentationActivityInvoker$EmptyActivity
04-15 09:53:32.646 19294 19294 I DecorView: setWindowBackground: isPopOver=false color=ffffffff d=android.graphics.drawable.ColorDrawable@18dad7e
04-15 09:53:32.646 19294 19294 D LifecycleMonitor: Lifecycle status change: androidx.test.core.app.InstrumentationActivityInvoker$EmptyActivity@8d89d94 in: CREATED
04-15 09:53:32.646 19294 19294 V ActivityScenario: Activity lifecycle changed event received but ignored because the intent does not match. startActivityIntent=Intent { act=android.intent.action.MAIN cat=[android.intent.category.LAUNCHER] flg=0x10008000 cmp=com.catfact.app.feature.factdetail.test/androidx.activity.ComponentActivity }, activity.getIntent()=Intent { act=android.intent.action.MAIN cat=[android.intent.category.LAUNCHER] flg=0x10000000 xflg=0x4 cmp=com.catfact.app.feature.factdetail.test/androidx.test.core.app.InstrumentationActivityInvoker$EmptyActivity }, activity=androidx.test.core.app.InstrumentationActivityInvoker$EmptyActivity@8d89d94
04-15 09:53:32.647 19294 19294 D LifecycleMonitor: Lifecycle status change: androidx.test.core.app.InstrumentationActivityInvoker$EmptyActivity@8d89d94 in: STARTED
04-15 09:53:32.647 19294 19294 V ActivityScenario: Activity lifecycle changed event received but ignored because the intent does not match. startActivityIntent=Intent { act=android.intent.action.MAIN cat=[android.intent.category.LAUNCHER] flg=0x10008000 cmp=com.catfact.app.feature.factdetail.test/androidx.activity.ComponentActivity }, activity.getIntent()=Intent { act=android.intent.action.MAIN cat=[android.intent.category.LAUNCHER] flg=0x10000000 xflg=0x4 cmp=com.catfact.app.feature.factdetail.test/androidx.test.core.app.InstrumentationActivityInvoker$EmptyActivity }, activity=androidx.test.core.app.InstrumentationActivityInvoker$EmptyActivity@8d89d94
04-15 09:53:32.648 19294 19294 D LifecycleMonitor: Lifecycle status change: androidx.test.core.app.InstrumentationActivityInvoker$EmptyActivity@8d89d94 in: RESUMED
04-15 09:53:32.648 19294 19294 V ActivityScenario: Activity lifecycle changed event received but ignored because the intent does not match. startActivityIntent=Intent { act=android.intent.action.MAIN cat=[android.intent.category.LAUNCHER] flg=0x10008000 cmp=com.catfact.app.feature.factdetail.test/androidx.activity.ComponentActivity }, activity.getIntent()=Intent { act=android.intent.action.MAIN cat=[android.intent.category.LAUNCHER] flg=0x10000000 xflg=0x4 cmp=com.catfact.app.feature.factdetail.test/androidx.test.core.app.InstrumentationActivityInvoker$EmptyActivity }, activity=androidx.test.core.app.InstrumentationActivityInvoker$EmptyActivity@8d89d94
04-15 09:53:32.648 19294 19294 D ViewRootImpl: desktopMode is false
04-15 09:53:32.648 19294 19294 I ViewRootImpl: dVRR is disabled
04-15 09:53:32.649 19294 19332 D NativeCustomFrequencyManager: [NativeCFMS] BpCustomFrequencyManager::BpCustomFrequencyManager()
04-15 09:53:32.649  1151  1151 I SurfaceFlinger: [LayerHierarchy{RequestedLayerState{ImeContainer#15 parentId=18678 relativeParentId=18678 z=1} 1 children}] RelativeParent to null
04-15 09:53:32.649  2000  2125 D StackScroller: onDisplayChanged for predraw skip to 2
04-15 09:53:32.649  2461 30001 I HoneySpace.Memory-Monitor: current state = 2, didTrim = false
04-15 09:53:32.650  2000  2000 D DisplayLifecycle: updateDisplay id = 0
04-15 09:53:32.651  1542  4043 D InputTransport: Input channel constructed: '7c14677', fd=972
04-15 09:53:32.651  1542  4043 D InputTransport: Input channel constructed: '7c14677', fd=1041
04-15 09:53:32.651  1542  4043 D InputTransport: Input channel constructed: '7c14677', fd=1248
04-15 09:53:32.651  1542  4043 D InputTransport: Input channel destroyed: '7c14677', fd=1041
04-15 09:53:32.652  1151  1200 I SurfaceFlinger: id=18693 createSurf, flag=84004, 7c14677 com.catfact.app.feature.factdetail.test/androidx.test.core.app.InstrumentationActivityInvoker$EmptyActivity#18693
04-15 09:53:32.652  1151  1338 D SurfaceFlinger: [input] setFocusedWindow: <null>
04-15 09:53:32.652  1542  1558 D InputDispatcher: Once focus requested (0): <null>
04-15 09:53:32.653  1542  1558 D InputDispatcher: Focus request (0): <null> but waiting because NO_WINDOW
04-15 09:53:32.653  1542  1558 D InputDispatcher: Focus left window (0): 65a1819 com.catfact.app.feature.factdetail.test/androidx.activity.ComponentActivity
04-15 09:53:32.653  1542  4043 D InputTransport: Input channel destroyed: '7c14677', fd=1248
04-15 09:53:32.653 19294 19294 D InputTransport: Input channel constructed: '7c14677', fd=144
