04-15 09:53:34.751  1542  1585 D SurfaceComposerClient: setCornerRadius ## a40f3b6 com.catfact.app.feature.factdetail.test/androidx.activity.ComponentActivity#18751 cornerRadius=0.000000
04-15 09:53:34.751  1151  1151 I SurfaceFlinger: [Surface(name=a40f3b6 com.catfact.app.feature.factdetail.test/androidx.activity.ComponentActivity)/@0x46436d8 - animation-leash of starting_reveal#18758] attach to parent LayerHierarchy{RequestedLayerState{ActivityRecord{56579459 u0 com.catfact.app.feature.factdetail.test/androidx.activity.ComponentActivity t3879}#18748 parentId=18747} 4 children}
04-15 09:53:34.751  1542  1581 I PkgPredictorService-SecIpmManagerServiceImpl: reportToNAP uid:10748 com.catfact.app.feature.factdetail.test/androidx.activity.ComponentActivity thisTime:100
04-15 09:53:34.751  1542  1581 D PkgPredictorService-SecIpmManagerServiceImpl: reportToNAP: mHeavyLaunchCounter is false
04-15 09:53:34.751  1542  1585 D SurfaceComposerClient: setCornerRadius ## 6a94feb Splash Screen com.catfact.app.feature.factdetail.test#18749 cornerRadius=0.000000
04-15 09:53:34.751  1542  1585 D SurfaceComposerClient: setCornerRadius ## a40f3b6 com.catfact.app.feature.factdetail.test/androidx.activity.ComponentActivity#18751 cornerRadius=0.000000
04-15 09:53:34.751  1542  2944 D PkgPredictorService-SecIpmManagerServiceImpl: ACTION_FOREGROUND_FINISH_EVENT sCurForegroundApp :com.catfact.app.feature.factdetail.test
04-15 09:53:34.752  1542  1581 I ActivityTaskManager: Displayed com.catfact.app.feature.factdetail.test/androidx.activity.ComponentActivity for user 0: +100ms
04-15 09:53:34.752  3152  3152 E pageboostd: Received HALT command code 2
04-15 09:53:34.752  2000  2105 D ShellTaskOrganizer: removeStartingWindow, removalInfo=StartingWindowRemovalInfo{taskId=3879 frame=Rect(0, 0 - 720, 1544) playRevealAnimation=true roundedCornerRadius=0.0 deferRemoveMode=0 windowlessSurface=false removeImmediately=false}
04-15 09:53:34.755  2982  3043 I NSLocationManager_FLP: getGPSUsingApps, No change
04-15 09:53:34.758  1542  3015 W Binder  : Outgoing transactions from this process must be FLAG_ONEWAY
04-15 09:53:34.758  1542  3015 W Binder  : java.lang.Throwable
04-15 09:53:34.758  1542  3015 W Binder  : 	at android.os.BinderProxy.transact(BinderProxy.java:566)
04-15 09:53:34.758  1542  3015 W Binder  : 	at android.bluetooth.IBluetoothGatt$Stub$Proxy.getAdvertisingSetUids(IBluetoothGatt.java:1678)
04-15 09:53:34.758  1542  3015 W Binder  : 	at android.bluetooth.BluetoothAdapter.getAdvertisingSetUids(BluetoothAdapter.java:8476)
04-15 09:53:34.758  1542  3015 W Binder  : 	at android.bluetooth.BluetoothAdapter.getHWUsingApps(BluetoothAdapter.java:1342)
04-15 09:53:34.758  1542  3015 W Binder  : 	at com.android.server.am.mars.filter.filter.BlueToothConnectedFilter.updateBTUsingPackages(qb/106579837 41bd6649a5bb053b68d2b16c1bbb7c9198eb32665b636c0bbec506912035f7b6:22)
04-15 09:53:34.758  1542  3015 W Binder  : 	at com.android.server.am.FreecessController.freeze(qb/106579837 41bd6649a5bb053b68d2b16c1bbb7c9198eb32665b636c0bbec506912035f7b6:117)
04-15 09:53:34.758  1542  3015 W Binder  : 	at com.android.server.am.FreecessHandler$MainHandler.handleLcdOnFreeze(qb/106579837 41bd6649a5bb053b68d2b16c1bbb7c9198eb32665b636c0bbec506912035f7b6:55)
04-15 09:53:34.758  1542  3015 W Binder  : 	at com.android.server.am.FreecessHandler$MainHandler.handleMessage(qb/106579837 41bd6649a5bb053b68d2b16c1bbb7c9198eb32665b636c0bbec506912035f7b6:793)
04-15 09:53:34.758  1542  3015 W Binder  : 	at android.os.Handler.dispatchMessage(Handler.java:110)
04-15 09:53:34.758  1542  3015 W Binder  : 	at android.os.Looper.loopOnce(Looper.java:273)
04-15 09:53:34.758  1542  3015 W Binder  : 	at android.os.Looper.loop(Looper.java:363)
04-15 09:53:34.758  1542  3015 W Binder  : 	at android.os.HandlerThread.run(HandlerThread.java:85)
04-15 09:53:34.759  2000  2195 I VRI[test]@5aee81d: mWNT: t=0xb4000074fc704390 mBlastBufferQueue=0xb40000741d3949c0 fn= 2 HdrRenderState mRenderHdrSdrRatio=1.0 caller= android.view.SyncRtSurfaceTransactionApplier.applyTransaction:100 android.view.SyncRtSurfaceTransactionApplier.lambda$scheduleApply$0:73 android.view.SyncRtSurfaceTransactionApplier.$r8$lambda$afI4fXg3U3-nBZQEDQMiNy-B06s:0
04-15 09:53:34.759  2000  2195 I VRI[test]@5aee81d: mWNT: t=0xb4000074fc785d50 mBlastBufferQueue=0xb40000741d3949c0 fn= 2 HdrRenderState mRenderHdrSdrRatio=1.0 caller= android.view.SyncRtSurfaceTransactionApplier.applyTransaction:100 android.view.SyncRtSurfaceTransactionApplier.lambda$scheduleApply$0:73 android.view.SyncRtSurfaceTransactionApplier.$r8$lambda$afI4fXg3U3-nBZQEDQMiNy-B06s:0
04-15 09:53:34.759  1151  1151 E SurfaceFlinger: alpha changed 0.000 -> 0.010 - DimTransitionLayer for Surface(name=Task=3879)/@0x556fab6#18756
04-15 09:53:34.759  1151  1151 I SurfaceFlinger: RequestedLayer [com.catfact.app.feature.factdetail.t[...]ivity.ComponentActivity$_19294#18752] hidden!! flag  from(1) --> to(0)
04-15 09:53:34.760  1151  1151 I SurfaceFlinger: [LayerHierarchy{RequestedLayerState{a40f3b6 com.catfact.app.feature.factdetail.test/androidx.activity.ComponentActivity#18751 parentId=18758} 1 children}] reparent to LayerHierarchy{RequestedLayerState{Surface(name=a40f3b6 com.catfact.app.feature.factdetail.test/androidx.activity.ComponentActivity)/@0x46436d8 - animation-leash of starting_reveal#18758 parentId=18748} 1 children}
04-15 09:53:34.761  1542  3015 I NSLocationMonitor: getGPSUsingApps() called
04-15 09:53:34.761  2982  3043 I NSLocationManager_FLP: getGPSUsingApps, No change
04-15 09:53:34.764  1542  1585 D SurfaceComposerClient: setCornerRadius ## 6a94feb Splash Screen com.catfact.app.feature.factdetail.test#18749 cornerRadius=0.000000
04-15 09:53:34.764  1542  1585 D SurfaceComposerClient: setCornerRadius ## a40f3b6 com.catfact.app.feature.factdetail.test/androidx.activity.ComponentActivity#18751 cornerRadius=0.000000
04-15 09:53:34.764 19505 19553 D ConnectivityManager: StackLog: [android.net.ConnectivityManager.sendRequestForNetwork(ConnectivityManager.java:4740)] [android.net.ConnectivityManager.registerDefaultNetworkCallbackForUid(ConnectivityManager.java:5465)] [android.net.ConnectivityManager.registerDefaultNetworkCallback(ConnectivityManager.java:5432)] [android.net.ConnectivityManager.registerDefaultNetworkCallback(ConnectivityManager.java:5406)] [a$$ExternalSyntheticApiModelOutline3.m(D8$$SyntheticClass:66)] [afmk.<init>(PG:51)] [hif.b(PG:1915)] [hif.lV(PG:87)] [bmxg.d(PG:10)] [bmxg.lV(PG:7)] [hif.b(PG:1403)] [hif.lV(PG:87)] [bmxg.d(PG:10)] [bmxg.lV(PG:7)] [hif.n(PG:2489)] [hif.lV(PG:52)] [bmxg.d(PG:10)] [bmxg.lV(PG:7)] [hif.b(PG:41)] [hif.lV(PG:87)] [hif.b(PG:72)] [hif.lV(PG:87)] [bmxg.d(PG:10)] [bmxg.lV(PG:7)] [hif.b(PG:88)] [hif.lV(PG:87)] [bmxg.d(PG:10)] [bmxg.lV(PG:7)] [ambb.j(PG:147)] [ambb.g(PG:35)] [ackt.a(PG:322)] [lkx.D(PG:35)] [aaxx.call(PG:600)] [auvj.call(PG:21)] [auya.a(PG:3)] [auxe.run(PG:19)] [auyb.run(PG:5)] [auqi.run(PG:44)] [thy.run(PG:704)] [fcq.run(PG:995)] [java.lang.Thread.run(Thread.java:1564)] [thw.run(PG:61)]
04-15 09:53:34.767  2000  2194 I VRI[test]@5aee81d: mWNT: t=0xb4000074fc7d7350 mBlastBufferQueue=0xb40000741d3949c0 fn= 3 HdrRenderState mRenderHdrSdrRatio=1.0 caller= android.view.SyncRtSurfaceTransactionApplier.applyTransaction:100 android.view.SyncRtSurfaceTransactionApplier.lambda$scheduleApply$0:73 android.view.SyncRtSurfaceTransactionApplier.$r8$lambda$afI4fXg3U3-nBZQEDQMiNy-B06s:0
04-15 09:53:34.767  1542  3827 D ConnectivityService: requestNetwork for uid/pid:10294/19505 activeRequest: null callbackRequest: 10780 [NetworkRequest [ REQUEST id=10781, [ Capabilities: INTERNET&NOT_RESTRICTED&TRUSTED&NOT_VCN_MANAGED&NOT_BANDWIDTH_CONSTRAINED Uid: 10294 RequestorUid: 10294 RequestorPkg: com.google.android.youtube UnderlyingNetworks: Null] ]] callback flags: 0 order: 2147483647 isUidTracked: false declaredMethods: AVAIL|NC|BLK
04-15 09:53:34.768  2461  4416 I HoneySpace.RecentTasks: onRecentTasksChanged
04-15 09:53:34.770  1151  1151 D SurfaceFlinger: Display 4633128672291735999 HWC layers:
04-15 09:53:34.770  1151  1151 D SurfaceFlinger:        CLIENT |           17089674871044 | 00002102 | RGBA_8888    |   10.0    0.0  720.0 1544.0 |    0    0  720 1544 | com.google.android.calendar/com.goog[...]AllInOneCalendarActivity$_3979#18739 (20)
04-15 09:53:34.770  1151  1151 D SurfaceFlinger:   SOLID_COLOR |                        0 | 00000000 | N/A          |    0.0    0.0    0.0    0.0 |    0    0  720 1544 | DimTransitionLayer for Surface(name=Task=3879)/@0x556fab6#18756 (0)
04-15 09:53:34.770  1151  1151 D SurfaceFlinger:        DEVICE |           82867099009080 | 00002102 | RGBA_8888    |    0.0    0.0   33.0 1544.0 |  687    0  720 1544 | com.catfact.app.feature.factdetail.t[...]ivity.ComponentActivity$_19294#18752 (1)
04-15 09:53:34.770  1151  1151 D SurfaceFlinger:        DEVICE |            8589934655925 | 00002100 | RGBA_8888    |    0.0    0.0   33.0 1544.0 |  687    0  720 1544 | Splash Screen com.catfact.app.feature.factdetail.test$_2000#18750 (1)
04-15 09:53:34.770  1151  1151 D SurfaceFlinger:        DEVICE |            8589934654704 | 00002100 | RGBA_8888    |    0.0    0.0  720.0   50.0 |    0    0  720   50 | StatusBar$_2000#102 (26367)
04-15 09:53:34.770  1151  1151 D SurfaceFlinger:        DEVICE |           10569914518889 | 0000
04-15 09:53:34.770  1151  1151 D SurfaceFlinger: 2100 | RGBA_8888    |    0.0    0.0   67.0  353.0 |  653  192  720  545 | com.sec.android.app.launcher/com.sam[...]l.app.CocktailBarService$_2461#16495 (1)
04-15 09:53:34.770  1151  1151 D SurfaceFlinger:        DEVICE |            8589934654705 | 00002100 | RGBA_8888    |    0.0    0.0  720.0   90.0 |    0 1454  720 1544 | NavigationBar0$_2000#98 (17168)
04-15 09:53:34.770  1151  1151 D SurfaceFlinger:
04-15 09:53:34.770  1542  1677 D InputDispatcher: Focus entered window (0): a40f3b6 com.catfact.app.feature.factdetail.test/androidx.activity.ComponentActivity
04-15 09:53:34.771 19294 19294 D VRI[ComponentActivity]@5967d0: mThreadedRenderer.initializeIfNeeded()#2 mSurface={isValid=true 0xb40000748c57f750}
04-15 09:53:34.771 19294 19294 D InputMethodManagerUtils: startInputInner - Id : 0
04-15 09:53:34.771 19294 19294 I InputMethodManager: startInputInner - IInputMethodManagerGlobalInvoker.startInputOrWindowGainedFocus
04-15 09:53:34.771  1542  1796 D ConnectivityService:    accepting network in place of null for NetworkRequest [ REQUEST id=10781, [ Capabilities: INTERNET&NOT_RESTRICTED&TRUSTED&NOT_VCN_MANAGED&NOT_BANDWIDTH_CONSTRAINED Uid: 10294 RequestorUid: 10294 RequestorPkg: com.google.android.youtube UnderlyingNetworks: Null] ]
04-15 09:53:34.772  1542  1750 I ImeTracker: com.catfact.app.feature.factdetail.test:48798b78: onRequestHide at ORIGIN_SERVER reason HIDE_UNSPECIFIED_WINDOW fromUser false
04-15 09:53:34.772 19294 19294 I InputMethodManager: handleMessage: setImeVisibility visible=false
04-15 09:53:34.772 19294 19294 D InsetsController: hide(ime(), fromIme=false)
04-15 09:53:34.772 19294 19294 I ImeTracker: com.catfact.app.feature.factdetail.test:48798b78: onCancelled at PHASE_CLIENT_ALREADY_HIDDEN
04-15 09:53:34.772  3963  4335 I SemDvfsHyPerManager: acquire hyper - BaseTABoost/3963@25, type = -999
04-15 09:53:34.773  1059  1180 I HYPER-HAL: [RequestManager.cpp]acquire(): Acquired ID : 7954091  [3963 / 25]    HINT :      list : [TABoost / 1]
04-15 09:53:34.773  1542  1750 D InputTransport: Input channel constructed: 'ClientS', fd=972
04-15 09:53:34.773  1542  1750 D InputTransport: Input channel destroyed: 'ClientS', fd=972
04-15 09:53:34.773 19294 19308 D InputTransport: Input channel constructed: 'ClientS', fd=140
04-15 09:53:34.773  3756  3756 I HBD     : HoneyBoardService onFinishInput
04-15 09:53:34.773  3756  3756 I HBD     : a IC have been unbinding,  RemoteInputConnection{idHash=#78008a6}
04-15 09:53:34.773  3756  3756 I HBD     : HoneyBoardService [PF_CL][onFinishInput]  0 ms
04-15 09:53:34.773  3756  3756 I HBD     : HoneyBoardService [IMI] onStartInput - caller pid : 19294 , caller uid : 10748
04-15 09:53:34.773  3756  3756 I HBD     : k updateConfigs
04-15 09:53:34.773  3756  3756 I HBD     : k isEnabledNightMode : true
04-15 09:53:34.773  3756  3756 I HBD     : a IC have been binding, RemoteInputConnection{idHash=#566c6f5}
04-15 09:53:34.773  3756  3756 I HBD     : h [EditorInputType]setPrivateImeOptionsToTable privateImeOptions ( null )
04-15 09:53:34.773  3756  3756 I HBD     : b incognitoMode : false
04-15 09:53:34.773  3756  3756 I HBD     : c needOff = true , isForceOff = false, isNullInputClass : true
04-15 09:53:34.774  3756  3756 I HBD     : h getDefaultInputRange : UNKNOWN
04-15 09:53:34.774  3756  3756 I HBD     : h getDefaultInputRange : UNKNOWN
04-15 09:53:34.774  3756  3756 I HBD     : h getDefaultInputRange : UNKNOWN
04-15 09:53:34.774  1151  1199 I SurfaceFlinger: id=18759 createSurf, flag=24004, Surface(name=1d7a05f InputMethod)/@0x5f77a9d - animation-leash of insets_animation#18759
04-15 09:53:34.774  2000  2195 I VRI[test]@5aee81d: mWNT: t=0xb4000074fc782390 mBlastBufferQueue=0xb40000741d3949c0 fn= 4 HdrRenderState mRenderHdrSdrRatio=1.0 caller= android.view.SyncRtSurfaceTransactionApplier.applyTransaction:100 android.view.SyncRtSurfaceTransactionApplier.lambda$scheduleApply$0:73 android.view.SyncRtSurfaceTransactionApplier.$r8$lambda$afI4fXg3U3-nBZQEDQMiNy-B06s:0
04-15 09:53:34.776  1542  2161 I ImeTracker: system_server:6869349a: onRequestHide at ORIGIN_SERVER reason IME_REQUESTED_CHANGED_LISTENER fromUser false
04-15 09:53:34.777  1542  1585 D SurfaceComposerClient: setCornerRadius ## 6a94feb Splash Screen com.catfact.app.feature.factdetail.test#18749 cornerRadius=0.000000
04-15 09:53:34.777  1542  1584 I ImeTracker: system_server:6869349a: onCancelled at PHASE_SERVER_SHOULD_HIDE
04-15 09:53:34.777  1542  1585 D SurfaceComposerClient: setCornerRadius ## a40f3b6 com.catfact.app.feature.factdetail.test/androidx.activity.ComponentActivity#18751 cornerRadius=0.000000
04-15 09:53:34.777  3756  3756 I HBD     : c needOff = true , isForceOff = false, isNullInputClass : true
04-15 09:53:34.777  3756  3756 I HBD     : c update cached prediction status : false
04-15 09:53:34.777  1542  1784 D WifiNetworkFactory: got request NetworkRequest [ REQUEST id=10781, [ Capabilities: INTERNET&NOT_RESTRICTED&TRUSTED&NOT_VCN_MANAGED&NOT_BANDWIDTH_CONSTRAINED Uid: 10294 RequestorUid: 10294 RequestorPkg: com.google.android.youtube UnderlyingNetworks: Null] ]
04-15 09:53:34.777  3756  3756 I HBD     : h getDefaultInputRange : UNKNOWN
04-15 09:53:34.777  3756  3756 I HBD     : a currentState : 0
04-15 09:53:34.778  3756  3756 I HBD     : a [UpdatePolicy] [post] a: 0 cl: 65538 kit: [0/0] vt: 0 ir: 1
04-15 09:53:34.778  3756  3756 I HBD     : a [NRIC] resetNoResponseState
04-15 09:53:34.778  3756  3756 I HBD     : c needOff = true , isForceOff = false, isNullInputClass : true
04-15 09:53:34.778  3756  3756 I HBD     : c update cached prediction status : false
04-15 09:53:34.779  1542  1784 D UntrustedWifiNetworkFactory: got request NetworkRequest [ REQUEST id=10781, [ Capabilities: INTERNET&NOT_RESTRICTED&TRUSTED&NOT_VCN_MANAGED&NOT_BANDWIDTH_CONSTRAINED Uid: 10294 RequestorUid: 10294 RequestorPkg: com.google.android.youtube UnderlyingNetworks: Null] ]
04-15 09:53:34.779  3756  3756 I HBD     : HoneyBoardService [PF_OP][onStartInput]  6 ms
04-15 09:53:34.779  3756  3756 I HBD     : [DirectWriting] DirectWriting emitInputConnection : RemoteInputConnection{idHash=#566c6f5}
04-15 09:53:34.779  1151  1151 I SurfaceFlinger: [Surface(name=1d7a05f InputMethod)/@0x5f77a9d - animation-leash of insets_animation#18759] attach to parent LayerHierarchy{RequestedLayerState{WindowToken{d080c22 type=2011 android.os.Binder@459a5ed}#120 parentId=15} 2 children}
04-15 09:53:34.779  1542  1784 D OemPaidWifiNetworkFactory: got request NetworkRequest [ REQUEST id=10781, [ Capabilities: INTERNET&NOT_RESTRICTED&TRUSTED&NOT_VCN_MANAGED&NOT_BANDWIDTH_CONSTRAINED Uid: 10294 RequestorUid: 10294 RequestorPkg: com.google.android.youtube UnderlyingNetworks: Null] ]
04-15 09:53:34.780  1542  1796 D ConnectivityService: Rematched networks [computed 2ms] [applied 1ms] [issued 8]
04-15 09:53:34.780  1542  1796 D ConnectivityService: NetworkReassignment :
04-15 09:53:34.780  1542  1796 D ConnectivityService:   10781 : null → 103
04-15 09:53:34.780  1542  1784 D MultiInternetWifiNetworkFactory: got request NetworkRequest [ REQUEST id=10781, [ Capabilities: INTERNET&NOT_RESTRICTED&TRUSTED&NOT_VCN_MANAGED&NOT_BANDWIDTH_CONSTRAINED Uid: 10294 RequestorUid: 10294 RequestorPkg: com.google.android.youtube UnderlyingNetworks: Null] ]
04-15 09:53:34.780  3723  3735 I [AirCmd]_ActivitySwitchDetector: onTaskStackChanged : componentName - ComponentInfo{com.catfact.app.feature.factdetail.test/androidx.activity.ComponentActivity}
04-15 09:53:34.781  3979  3979 D InputTransport: Input channel destroyed: 'ClientS', fd=223
04-15 09:53:34.781 19505 19553 D nativeloader: Load /data/app/~~PqN7XGH3l2Oc6kQglNl3BQ==/com.google.android.youtube-076LCczGWECOKAa96zV1rQ==/split_config.arm64_v8a.apk!/lib/arm64-v8a/libmemorymappedbufferjni.so using class loader ns clns-9 (caller=/data/app/~~PqN7XGH3l2Oc6kQglNl3BQ==/com.google.android.youtube-076LCczGWECOKAa96zV1rQ==/base.apk!classes2.dex): ok
04-15 09:53:34.783  2000  2194 I VRI[test]@5aee81d: mWNT: t=0xb4000074fc755610 mBlastBufferQueue=0xb40000741d3949c0 fn= 5 HdrRenderState mRenderHdrSdrRatio=1.0 caller= android.view.SyncRtSurfaceTransactionApplier.applyTransaction:100 android.view.SyncRtSurfaceTransactionApplier.lambda$scheduleApply$0:73 android.view.SyncRtSurfaceTransactionApplier.$r8$lambda$afI4fXg3U3-nBZQEDQMiNy-B06s:0
04-15 09:53:34.788  1151  1151 I SurfaceFlinger: RequestedLayer [Surface(name=1d7a05f InputMethod)/@0[...]tion-leash of insets_animation#18759] hidden!! flag  from(1) --> to(0)
04-15 09:53:34.788  1151  1151 E SurfaceFlinger: alpha changed 1.000 -> 0.000 - Surface(name=1d7a05f InputMethod)/@0x5f77a9d - animation-leash of insets_animation#18759
04-15 09:53:34.788  1151  1151 I SurfaceFlinger: [LayerHierarchy{RequestedLayerState{ImeContainer#15 parentId=18748 relativeParentId=18748 z=3} 1 children}] reparent to LayerHierarchy{RequestedLayerState{ActivityRecord{56579459 u0 com.catfact.app.feature.factdetail.test/androidx.activity.ComponentActivity t3879}#18748 parentId=18747} 4 children}
04-15 09:53:34.788  1151  1151 I SurfaceFlinger: [LayerHierarchy{RequestedLayerState{ImeContainer#15 parentId=18748 relativeParentId=18748 z=3} 1 children}] RelativeParent to null
04-15 09:53:34.788  1151  1151 I SurfaceFlinger: [LayerHierarchy{RequestedLayerState{1d7a05f InputMethod#134 parentId=18759} no children}] reparent to LayerHierarchy{RequestedLayerState{Surface(name=1d7a05f InputMethod)/@0x5f77a9d - animation-leash of insets_animation#18759 parentId=120} 1 children}
04-15 09:53:34.788  1151  1151 I SurfaceFlinger: [LayerHierarchy{RequestedLayerState{Surface(name=1d7a05f InputMethod)/@0x5f77a9d - animation-leash of insets_animation#18745} no children}] reparent to OffscreenRoot
04-15 09:53:34.788  1151  1151 I SurfaceFlinger: [LayerHierarchy{RequestedLayerState{Surface(name=1d7a05f InputMethod)/@0x5f77a9d - animation-leash of insets_animation#18745} no children}] RelativeParent to null
04-15 09:53:34.790  1151  1378 I SurfaceFlinger: id=18745 Removed Surface(name=1d7a05f InputMethod)/@0x5f77a9d - animation-leash of insets_animation#18745 (216)
04-15 09:53:34.791  2000  2195 I VRI[test]@5aee81d: mWNT: t=0xb4000074fc746b90 mBlastBufferQueue=0xb40000741d3949c0 fn= 6 HdrRenderState mRenderHdrSdrRatio=1.0 caller= android.view.SyncRtSurfaceTransactionApplier.applyTransaction:100 android.view.SyncRtSurfaceTransactionApplier.lambda$scheduleApply$0:73 android.view.SyncRtSurfaceTransactionApplier.$r8$lambda$afI4fXg3U3-nBZQEDQMiNy-B06s:0
04-15 09:53:34.793  3756  3756 I InputMethodService: scheduleImeSurfaceRemoval: canceled, mShowInputRequested=false, mWindowVisible=false, IsmWindowNull=false, IsmImeSurfaceRemoverRunnableNotNull=true
04-15 09:53:34.795  1151  1151 I SurfaceFlinger: destroyed Surface(name=1d7a05f InputMethod)/@0x5f77a9d - animation-leash of insets_animation#18745
04-15 09:53:34.797  1151  1151 I Layer   : id=18745 Destroyed Surface(name=1d7a05f InputMethod)/@0x5f77a9d - animation-leash of insets_animation#18745
04-15 09:53:34.799  2000  2194 I VRI[test]@5aee81d: mWNT: t=0xb4000074fc752510 mBlastBufferQueue=0xb40000741d3949c0 fn= 7 HdrRenderState mRenderHdrSdrRatio=1.0 caller= android.view.SyncRtSurfaceTransactionApplier.applyTransaction:100 android.view.SyncRtSurfaceTransactionApplier.lambda$scheduleApply$0:73 android.view.SyncRtSurfaceTransactionApplier.$r8$lambda$afI4fXg3U3-nBZQEDQMiNy-B06s:0
04-15 09:53:34.809  1542  4043 I WindowManager: Relayout Window{6a94feb u0 Splash Screen com.catfact.app.feature.factdetail.test}: viewVisibility=8 req=720x1544 ty=3 d0
04-15 09:53:34.809  1542  4043 D SurfaceComposerClient: setCornerRadius ## a40f3b6 com.catfact.app.feature.factdetail.test/androidx.activity.ComponentActivity#18751 cornerRadius=0.000000
04-15 09:53:34.809  1542  4043 D SurfaceComposerClient: setCornerRadius ## 6a94feb Splash Screen com.catfact.app.feature.factdetail.test#18749 cornerRadius=0.000000
04-15 09:53:34.809  1542  4043 D SurfaceComposerClient: setCornerRadius ## a40f3b6 com.catfact.app.feature.factdetail.test/androidx.activity.ComponentActivity#18751 cornerRadius=0.000000
04-15 09:53:34.810  1542  4043 I WindowManager: Relayout hash=6a94feb, pid=2000, syncId=-1: mAttrs={(0,0)(fillxfill) sim={adjust=pan} layoutInDisplayCutoutMode=always ty=APPLICATION_STARTING fmt=TRANSLUCENT wanim=0x1030317
04-15 09:53:34.810  1542  4043 I WindowManager:   fl=81030118
04-15 09:53:34.810  1542  4043 I WindowManager:   pfl=10000810
04-15 09:53:34.810  1542  4043 I WindowManager:   apr=18
04-15 09:53:34.810  1542  4043 I WindowManager:   bhv=1
04-15 09:53:34.810  1542  4043 I WindowManager:   fitSides=0
04-15 09:53:34.810  1542  4043 I WindowManager:   frameRateBoostOnTouch=true
04-15 09:53:34.810  1542  4043 I WindowManager:   dvrrWindowFrameRateHint=true naviIconColor=0}
04-15 09:53:34.810  2000  2120 I VRI[test]@5aee81d: onActiveControlsChanged, removed=false, mAdded=true, caller=android.view.ViewRootImpl.handleInsetsControlChanged:3002 android.view.ViewRootImpl.relayoutWindow:11629 android.view.ViewRootImpl.performTraversals:4804 android.view.ViewRootImpl.doTraversal:3924 android.view.ViewRootImpl$TraversalRunnable.run:12903
04-15 09:53:34.810  2000  2120 I VRI[test]@5aee81d: Relayout returned: old=(0,0,720,1544) new=(0,0,720,1544) relayoutAsync=false req=(720,1544)8 dur=2 res=0x2 s={false 0x0} ch=true seqId=0
04-15 09:53:34.810  2000  2120 D VRI[test]@5aee81d: Not drawing due to not visible. Reason=View.GONE
04-15 09:53:34.811  2000  2120 I VRI[test]@5aee81d: dispatchDetachedFromWindow
04-15 09:53:34.811  1542  4043 D InputTransport: Input channel destroyed: '6a94feb', fd=808
04-15 09:53:34.811  1542  4043 D SurfaceComposerClient: setCornerRadius ## a40f3b6 com.catfact.app.feature.factdetail.test/androidx.activity.ComponentActivity#18751 cornerRadius=0.000000
04-15 09:53:34.812  1542  4043 D SurfaceComposerClient: setCornerRadius ## a40f3b6 com.catfact.app.feature.factdetail.test/androidx.activity.ComponentActivity#18751 cornerRadius=0.000000
04-15 09:53:34.812  2000  2120 D InputTransport: Input channel destroyed: '6a94feb', fd=522
04-15 09:53:34.812  1542  1585 D SurfaceComposerClient: setCornerRadius ## a40f3b6 com.catfact.app.feature.factdetail.test/androidx.activity.ComponentActivity#18751 cornerRadius=0.000000
04-15 09:53:34.814  1218  1218 I CameraService: onUidStateChanged: uid=10048, procState is changed. (1 -> 0)
04-15 09:53:34.816  1542  1585 D SurfaceComposerClient: setCornerRadius ## a40f3b6 com.catfact.app.feature.factdetail.test/androidx.activity.ComponentActivity#18751 cornerRadius=0.000000
04-15 09:53:34.817  1151  1151 I SurfaceFlinger: RequestedLayer [Splash Screen com.catfact.app.feature.factdetail.test$_2000#18750] hidden!! flag  from(0) --> to(1)
04-15 09:53:34.817  1151  1151 I SurfaceFlinger: [LayerHierarchy{RequestedLayerState{a40f3b6 com.catfact.app.feature.factdetail.test/androidx.activity.ComponentActivity#18751 parentId=18748} 1 children}] reparent to LayerHierarchy{RequestedLayerState{ActivityRecord{56579459 u0 com.catfact.app.feature.factdetail.test/androidx.activity.ComponentActivity t3879}#18748 parentId=18747} 5 children}
04-15 09:53:34.817  1151  1151 I SurfaceFlinger: [LayerHierarchy{RequestedLayerState{Surface(name=a40f3b6 com.catfact.app.feature.factdetail.test/androidx.activity.ComponentActivity)/@0x46436d8 - animation-leash of starting_reveal#18758} no children}] reparent to OffscreenRoot
04-15 09:53:34.817  1151  1151 I SurfaceFlinger: [LayerHierarchy{RequestedLayerState{Surface(name=a40f3b6 com.catfact.app.feature.factdetail.test/androidx.activity.ComponentActivity)/@0x46436d8 - animation-leash of starting_reveal#18758} no children}] RelativeParent to null
04-15 09:53:34.819  2000  2000 D SystemUIService: SYSUI_RAM_OPTIMIZATION onTrimMemory=20
04-15 09:53:34.819  2000  2000 D CentralSurfaces: SYSUI_RAM_OPTIMIZATION onTrimMemory=20
04-15 09:53:34.820  2000  2196 D HWUI    : CacheManager::trimMemory(20)
04-15 09:53:34.826  1151  1151 D SurfaceFlinger: Display 4633128672291735999 HWC layers:
04-15 09:53:34.826  1151  1151 D SurfaceFlinger:        CLIENT |           17089674871047 | 00002102 | RGBA_8888    |  118.0    0.0  720.0 1544.0 |    0    0  720 1544 | com.google.android.calendar/com.goog[...]AllInOneCalendarActivity$_3979#18739 (21)
04-15 09:53:34.826  1151  1151 D SurfaceFlinger:   SOLID_COLOR |                        0 | 00000000 | N/A          |    0.0    0.0    0.0    0.0 |    0    0  720 1544 | DimTransitionLayer for Surface(name=Task=3879)/@0x556fab6#18756 (0)
04-15 09:53:34.826  1151  1151 D SurfaceFlinger:        DEVICE |           82867099009080 | 00002102 | RGBA_8888    |    0.0    0.0  378.0 1544.0 |  342    0  720 1544 | com.catfact.app.feature.factdetail.t[...]ivity.ComponentActivity$_19294#18752 (1)
04-15 09:53:34.826  1151  1151 D SurfaceFlinger:        DEVICE |            8589934654687 | 00002100 | RGBA_8888    |    0.0    0.0  720.0   50.0 |    0    0  720   50 | StatusBar$_2000#102 (26374)
04-15 09:53:34.826  1151  1151 D SurfaceFlinger:        DEVICE |           10569914518889 | 00002100 | RGBA_8888    |    0.0    0.0   67.0  353.0 |  653  192  720  545 | com.sec.android.app.launcher/com.sam[...]l.app.CocktailBarService$_2461#16495 (1)
04-15 09:53:34.826  1151  1151 D SurfaceFlinger:        DEVICE |            85899346
04-15 09:53:34.826  1151  1151 D SurfaceFlinger: 54693 | 00002100 | RGBA_8888    |    0.0    0.0  720.0   90.0 |    0 1454  720 1544 | NavigationBar0$_2000#98 (17175)
04-15 09:53:34.826  1151  1151 D SurfaceFlinger:
04-15 09:53:34.874  2000  2000 D QSClock : onDarkChanged tint=DARK
04-15 09:53:34.918  1151  1151 D SurfaceFlinger: GPIS:: requestGpisForClientComposition
04-15 09:53:35.009  3756  3756 I InputMethodService: removeImeSurface
04-15 09:53:35.009  3756  3756 I InputMethodService: cancelImeSurfaceRemoval: removeCallbacks
04-15 09:53:35.016  2461  2461 I HoneySpace.EdgePanel.EdgeVisibilityRepository: getComputedTrayVisible : keyguardState = 1
04-15 09:53:35.016  2461  2461 I HoneySpace.EdgePanel.EdgeVisibilityRepository: updateTrayVisible: State = 0x1, visible = true, current containerState = 0, specificMode = 0
04-15 09:53:35.016  2461  2461 I HoneySpace.EdgePanel.EdgeVisibilityRepository: Same container state 0
04-15 09:53:35.037 19505 19553 D ConnectivityManager: StackLog: [android.net.ConnectivityManager.sendRequestForNetwork(ConnectivityManager.java:4740)] [android.net.ConnectivityManager.registerDefaultNetworkCallbackForUid(ConnectivityManager.java:5465)] [android.net.ConnectivityManager.registerDefaultNetworkCallback(ConnectivityManager.java:5432)] [android.net.ConnectivityManager.registerDefaultNetworkCallback(ConnectivityManager.java:5406)] [a$$ExternalSyntheticApiModelOutline3.m(D8$$SyntheticClass:66)] [fyo.b(PG:59)] [fxw.l(PG:9)] [fxt.a(PG:1)] [fnn.<init>(PG:104)] [fyg.a(PG:7)] [fyi.a(PG:197)] [apte.a(PG:11)] [accq.h(PG:7)] [hkf.run(PG:218)] [acwl.run(PG:37)] [atlj.run(PG:25)] [thb.run(PG:7)] [auqi.run(PG:44)] [thy.run(PG:704)] [fcq.run(PG:995)] [java.lang.Thread.run(Thread.java:1564)] [thw.run(PG:61)]
04-15 09:53:35.040  1059 19589 I HYPER-HAL: [RequestManager.cpp]releaseLocked(): Released ID : 1223852
04-15 09:53:35.040  1542  3827 D ConnectivityService: requestNetwork for uid/pid:10294/19505 activeRequest: null callbackRequest: 10782 [NetworkRequest [ REQUEST id=10783, [ Capabilities: INTERNET&NOT_RESTRICTED&TRUSTED&NOT_VCN_MANAGED&NOT_BANDWIDTH_CONSTRAINED Uid: 10294 RequestorUid: 10294 RequestorPkg: com.google.android.youtube UnderlyingNetworks: Null] ]] callback flags: 0 order: 2147483647 isUidTracked: false declaredMethods: AVAIL|LOST
04-15 09:53:35.041  1542  1796 D ConnectivityService:    accepting network in place of null for NetworkRequest [ REQUEST id=10783, [ Capabilities: INTERNET&NOT_RESTRICTED&TRUSTED&NOT_VCN_MANAGED&NOT_BANDWIDTH_CONSTRAINED Uid: 10294 RequestorUid: 10294 RequestorPkg: com.google.android.youtube UnderlyingNetworks: Null] ]
04-15 09:53:35.045  1542  1784 D WifiNetworkFactory: got request NetworkRequest [ REQUEST id=10783, [ Capabilities: INTERNET&NOT_RESTRICTED&TRUSTED&NOT_VCN_MANAGED&NOT_BANDWIDTH_CONSTRAINED Uid: 10294 RequestorUid: 10294 RequestorPkg: com.google.android.youtube UnderlyingNetworks: Null] ]
04-15 09:53:35.046  1542  1784 D UntrustedWifiNetworkFactory: got request NetworkRequest [ REQUEST id=10783, [ Capabilities: INTERNET&NOT_RESTRICTED&TRUSTED&NOT_VCN_MANAGED&NOT_BANDWIDTH_CONSTRAINED Uid: 10294 RequestorUid: 10294 RequestorPkg: com.google.android.youtube UnderlyingNetworks: Null] ]
04-15 09:53:35.046  1542  1784 D OemPaidWifiNetworkFactory: got request NetworkRequest [ REQUEST id=10783, [ Capabilities: INTERNET&NOT_RESTRICTED&TRUSTED&NOT_VCN_MANAGED&NOT_BANDWIDTH_CONSTRAINED Uid: 10294 RequestorUid: 10294 RequestorPkg: com.google.android.youtube UnderlyingNetworks: Null] ]
04-15 09:53:35.046  1542  1796 D ConnectivityService: Rematched networks [computed 0ms] [applied 4ms] [issued 1]
04-15 09:53:35.046  1542  1796 D ConnectivityService: NetworkReassignment :
04-15 09:53:35.046  1542  1796 D ConnectivityService:   10783 : null → 103
04-15 09:53:35.046  1542  1784 D MultiInternetWifiNetworkFactory: got request NetworkRequest [ REQUEST id=10783, [ Capabilities: INTERNET&NOT_RESTRICTED&TRUSTED&NOT_VCN_MANAGED&NOT_BANDWIDTH_CONSTRAINED Uid: 10294 RequestorUid: 10294 RequestorPkg: com.google.android.youtube UnderlyingNetworks: Null] ]
04-15 09:53:35.054 19505 19594 D ConnectivityManager: StackLog: [android.net.ConnectivityManager.sendRequestForNetwork(ConnectivityManager.java:4740)] [android.net.ConnectivityManager.registerDefaultNetworkCallbackForUid(ConnectivityManager.java:5465)] [android.net.ConnectivityManager.registerDefaultNetworkCallback(ConnectivityManager.java:5432)] [android.net.ConnectivityManager.registerDefaultNetworkCallback(ConnectivityManager.java:5406)] [a$$ExternalSyntheticApiModelOutline3.m(D8$$SyntheticClass:66)] [vjb.run(PG:323)] [java.util.concurrent.Executors$RunnableAdapter.call(Executors.java:520)] [auya.a(PG:3)] [auxe.run(PG:19)] [auyb.run(PG:5)] [auxs.run(PG:203)] [thb.run(PG:7)] [auqi.run(PG:44)] [thy.run(PG:704)] [fcq.run(PG:995)] [java.lang.Thread.run(Thread.java:1564)] [thw.run(PG:61)]
04-15 09:53:35.057  1542  2161 D ConnectivityService: requestNetwork for uid/pid:10294/19505 activeRequest: null callbackRequest: 10784 [NetworkRequest [ REQUEST id=10785, [ Capabilities: INTERNET&NOT_RESTRICTED&TRUSTED&NOT_VCN_MANAGED&NOT_BANDWIDTH_CONSTRAINED Uid: 10294 RequestorUid: 10294 RequestorPkg: com.google.android.youtube UnderlyingNetworks: Null] ]] callback flags: 0 order: 2147483647 isUidTracked: false declaredMethods: AVAIL|LOST|NC
04-15 09:53:35.058  1542  1796 D ConnectivityService:    accepting network in place of null for NetworkRequest [ REQUEST id=10785, [ Capabilities: INTERNET&NOT_RESTRICTED&TRUSTED&NOT_VCN_MANAGED&NOT_BANDWIDTH_CONSTRAINED Uid: 10294 RequestorUid: 10294 RequestorPkg: com.google.android.youtube UnderlyingNetworks: Null] ]
04-15 09:53:35.059 19505 19528 D AudioSystem: onNewService: media.audio_policy service obtained 0xb40000746c59d3d0
04-15 09:53:35.060  1542  1784 D WifiNetworkFactory: got request NetworkRequest [ REQUEST id=10785, [ Capabilities: INTERNET&NOT_RESTRICTED&TRUSTED&NOT_VCN_MANAGED&NOT_BANDWIDTH_CONSTRAINED Uid: 10294 RequestorUid: 10294 RequestorPkg: com.google.android.youtube UnderlyingNetworks: Null] ]
04-15 09:53:35.060  1542  1784 D UntrustedWifiNetworkFactory: got request NetworkRequest [ REQUEST id=10785, [ Capabilities: INTERNET&NOT_RESTRICTED&TRUSTED&NOT_VCN_MANAGED&NOT_BANDWIDTH_CONSTRAINED Uid: 10294 RequestorUid: 10294 RequestorPkg: com.google.android.youtube UnderlyingNetworks: Null] ]
04-15 09:53:35.061 19505 19528 D AudioSystem: getService: checking for service media.audio_policy: 0xb40000746c59d3d0
04-15 09:53:35.061  1542  1784 D OemPaidWifiNetworkFactory: got request NetworkRequest [ REQUEST id=10785, [ Capabilities: INTERNET&NOT_RESTRICTED&TRUSTED&NOT_VCN_MANAGED&NOT_BANDWIDTH_CONSTRAINED Uid: 10294 RequestorUid: 10294 RequestorPkg: com.google.android.youtube UnderlyingNetworks: Null] ]
04-15 09:53:35.061  1542  1784 D MultiInternetWifiNetworkFactory: got request NetworkRequest [ REQUEST id=10785, [ Capabilities: INTERNET&NOT_RESTRICTED&TRUSTED&NOT_VCN_MANAGED&NOT_BANDWIDTH_CONSTRAINED Uid: 10294 RequestorUid: 10294 RequestorPkg: com.google.android.youtube UnderlyingNetworks: Null] ]
04-15 09:53:35.061  1542  1796 D ConnectivityService: Rematched networks [computed 0ms] [applied 1ms] [issued 3]
04-15 09:53:35.061  1542  1796 D ConnectivityService: NetworkReassignment :
04-15 09:53:35.061  1542  1796 D ConnectivityService:   10785 : null → 103
04-15 09:53:35.062  1140 10107 D NativePermissionController: checkPermission: missing 13 for 10294
04-15 09:53:35.065  1140 10107 D NativePermissionController: checkPermission: missing 13 for 10294
04-15 09:53:35.067  1151  2910 D NativeSemDvfsManager: acquire:: timeout = 2000 mIsAcquired = 1  mTagName : SurfaceFlinger
04-15 09:53:35.067  1059  1180 I HYPER-HAL: [RequestManager.cpp]acquire(): Acquired ID : 2315476  [1151 / 1000]    HINT : SF_GPU_MINLOCK    list : [TIMEOUT / 2000]
04-15 09:53:35.068  1151  2910 E NativeCustomFrequencyManager: [NativeCFMS] BpCustomFrequencyManager::acquire()
04-15 09:53:35.075  1140 10107 D NativePermissionController: checkPermission: missing 13 for 10294
04-15 09:53:35.076  1140 10107 D NativePermissionController: checkPermission: missing 13 for 10294
04-15 09:53:35.128 19505 19615 D AudioSystem: onNewServiceWithAdapter: media.audio_flinger service obtained 0xb40000755c683800
04-15 09:53:35.148 19505 19615 D AudioSystem: getService: checking for service media.audio_flinger: 0xb40000746c56e710
04-15 09:53:35.149 19505 19505 E YT.mlplayer: setAudioDrc(enabled=1)
04-15 09:53:35.154  4813  4813 D BoundBrokerSvc: onBind: Intent { act=com.google.android.gms.potokens.service.START dat=chimera-action:/... xflg=0x4 cmp=com.google.android.gms/.chimera.GmsApiService }
04-15 09:53:35.154  4813  4813 D BoundBrokerSvc: Loading bound service for intent: Intent { act=com.google.android.gms.potokens.service.START dat=chimera-action:/... xflg=0x4 cmp=com.google.android.gms/.chimera.GmsApiService }
04-15 09:53:35.191  2000  2105 I SurfaceControlRegistry: apply, t=FinishTransaction_SyncId<1673>, caller=android.view.SurfaceControl$Transaction.apply:3459 android.view.SurfaceControl$Transaction.apply:3447 android.view.SurfaceControl$Transaction.apply:3397 com.android.wm.shell.transition.Transitions.onFinish:315 com.android.wm.shell.transition.Transitions$$ExternalSyntheticLambda7.onTransitionFinished:12 com.android.wm.shell.transition.DefaultTransitionHandler$$ExternalSyntheticLambda2.run:36
04-15 09:53:35.192  1151  1151 D SurfaceFlinger: Display 4633128672291735999 HWC layers:
04-15 09:53:35.192  1151  1151 D SurfaceFlinger:        DEVICE |           82867099009080 | 00002102 | RGBA_8888    |    0.0    0.0  720.0 1544.0 |    0    0  720 1544 | com.catfact.app.feature.factdetail.t[...]ivity.ComponentActivity$_19294#18752 (1)
04-15 09:53:35.192  1151  1151 D SurfaceFlinger:        DEVICE |            8589934654704 | 00002100 | RGBA_8888    |    0.0    0.0  720.0   50.0 |    0    0  720   50 | StatusBar$_2000#102 (26383)
04-15 09:53:35.192  1151  1151 D SurfaceFlinger:        DEVICE |           10569914518889 | 00002100 | RGBA_8888    |    0.0    0.0   67.0  353.0 |  653  192  720  545 | com.sec.android.app.launcher/com.sam[...]l.app.CocktailBarService$_2461#16495 (1)
04-15 09:53:35.192  1151  1151 D SurfaceFlinger:        DEVICE |            8589934654693 | 00002100 | RGBA_8888    |    0.0    0.0  720.0   90.0 |    0 1454  720 1544 | NavigationBar0$_2000#98 (17183)
04-15 09:53:35.192  1151  1151 D SurfaceFlinger:
04-15 09:53:35.194  1542  3827 D SurfaceComposerClient: setCornerRadius ## a40f3b6 com.catfact.app.feature.factdetail.test/androidx.activity.ComponentActivity#18751 cornerRadius=0.000000
04-15 09:53:35.195  1542  3827 D SurfaceComposerClient: setCornerRadius ## a40f3b6 com.catfact.app.feature.factdetail.test/androidx.activity.ComponentActivity#18751 cornerRadius=0.000000
04-15 09:53:35.195  3979  3979 I VRI[AllInOneCalendarActivity]@726e443: handleAppVisibility mAppVisible = true visible = false
04-15 09:53:35.195  3979  3979 D VRI[AllInOneCalendarActivity]@726e443: visibilityChanged oldVisibility=true newVisibility=false
04-15 09:53:35.196  2000  2000 D SamsungLightBarControlHelper: updateStatusBar (WHITE icon) numStacks:1, StatusBarMode:MODE_TRANSPARENT, lightBarBounds:[], StatusBarState:SHADE, packageName:, isWhiteKeyguardStatusBar:false
04-15 09:53:35.196  2000  2000 D SamsungLightBarControlHelper: onStatusBarAppearanceChanged() -  sbModeChanged:false, statusBarMode:0, barState:MODE_TRANSPARENT, isKeyguardShowing:false, navbarColorManagedByIme:false, (AppearanceRegion{ bounds=[0,0][720,1544]}, )
04-15 09:53:35.200  1151  1151 I SurfaceFlinger: RequestedLayer [Task=3801#16292] hidden!! flag  from(0) --> to(1)
04-15 09:53:35.200  1151  1151 I SurfaceFlinger: [Display 0 name="Built-in Screen"#49] setFrameRateCategory: Default
04-15 09:53:35.200  1151  1151 I SurfaceFlinger: [LayerHierarchy{RequestedLayerState{Task=3801#16292 parentId=10 z=12} 1 children}] reparent to LayerHierarchy{RequestedLayerState{DefaultTaskDisplayArea_d0#10 parentId=9} 16 children}
04-15 09:53:35.200  1151  1151 I SurfaceFlinger: [LayerHierarchy{RequestedLayerState{Transition Root: Task=3879#18755 z=13} 2 children}] reparent to OffscreenRoot
04-15 09:53:35.200  1151  1151 I SurfaceFlinger: [LayerHierarchy{RequestedLayerState{Transition Root: Task=3879#18755 z=13} 2 children}] RelativeParent to null
04-15 09:53:35.200  1151  1151 I SurfaceFlinger: [LayerHierarchy{RequestedLayerState{Task=3879#18747 parentId=10 z=13} 2 children}] reparent to LayerHierarchy{RequestedLayerState{DefaultTaskDisplayArea_d0#10 parentId=9} 16 children}
04-15 09:53:35.200  1151  1151 I SurfaceFlinger: [LayerHierarchy{RequestedLayerState{DimTransitionLayer for Surface(name=Task=3879)/@0x556fab6#18756 z=-1} no children}] reparent to OffscreenRoot
04-15 09:53:35.200  1151  1151 I SurfaceFlinger: [LayerHierarchy{RequestedLayerState{DimTransitionLayer for Surface(name=Task=3879)/@0x556fab6#18756 z=-1} no children}] RelativeParent to null
04-15 09:53:35.201  1151  1151 I SurfaceFlinger: id=18756 Removed DimTransitionLayer for Surface(name=Task=3879)/@0x556fab6#18756 (215)
04-15 09:53:35.201  1151  1151 I SurfaceFlinger: id=18755 Removed Transition Root: Task=3879#18755 (215)
04-15 09:53:35.202  2000  2000 D SystemUIService: SYSUI_RAM_OPTIMIZATION onTrimMemory=20
04-15 09:53:35.202  2000  2000 D CentralSurfaces: SYSUI_RAM_OPTIMIZATION onTrimMemory=20
04-15 09:53:35.202  2000  2196 D HWUI    : CacheManager::trimMemory(20)
04-15 09:53:35.203  2000  2000 D DisplayLifecycle: updateDisplay id = 0
04-15 09:53:35.203  2000  2125 D StackScroller: onDisplayChanged for predraw skip to 2
04-15 09:53:35.203  1542  1585 D SurfaceComposerClient: setCornerRadius ## a40f3b6 com.catfact.app.feature.factdetail.test/androidx.activity.ComponentActivity#18751 cornerRadius=0.000000
04-15 09:53:35.204  3979  4808 D HWUI    : CacheManager::trimMemory(20)
04-15 09:53:35.205  2461  2474 I HoneySpace.Memory-Monitor: current state = 2, didTrim = false
04-15 09:53:35.206  1542  3827 I WindowManager: Relayout Window{1533b57 u0 com.google.android.calendar/com.google.android.calendar.allinone.AllInOneCalendarActivity}: viewVisibility=8 req=720x1544 ty=1 d0
04-15 09:53:35.206  1542  3827 D SurfaceComposerClient: setCornerRadius ## a40f3b6 com.catfact.app.feature.factdetail.test/androidx.activity.ComponentActivity#18751 cornerRadius=0.000000
04-15 09:53:35.207  1542  3827 D SurfaceComposerClient: setCornerRadius ## a40f3b6 com.catfact.app.feature.factdetail.test/androidx.activity.ComponentActivity#18751 cornerRadius=0.000000
04-15 09:53:35.208  1542  3827 I WindowManager: Relayout hash=1533b57, pid=3979, syncId=-1: mAttrs={(0,0)(fillxfill) sim={adjust=pan} layoutInDisplayCutoutMode=always ty=BASE_APPLICATION wanim=0x1030317
04-15 09:53:35.208  1542  3827 I WindowManager:   fl=81810100
04-15 09:53:35.208  1542  3827 I WindowManager:   pfl=100088c0
04-15 09:53:35.208  1542  3827 I WindowManager:   vsysui=700
04-15 09:53:35.208  1542  3827 I WindowManager:   bhv=1
04-15 09:53:35.208  1542  3827 I WindowManager:   fitSides=0
04-15 09:53:35.208  1542  3827 I WindowManager:   frameRateBoostOnTouch=true
04-15 09:53:35.208  1542  3827 I WindowManager:   dvrrWindowFrameRateHint=true naviIconColor=0}
04-15 09:53:35.208  1151  1151 I SurfaceFlinger: RequestedLayer [com.google.android.calendar/com.goog[...]AllInOneCalendarActivity$_3979#18739] hidden!! flag  from(0) --> to(1)
04-15 09:53:35.208  1151  1151 I SurfaceFlinger: RequestedLayer [ActivityRecord{243114305 u0 com.goog[...]llInOneCalendarActivity t3801}#16293] hidden!! flag  from(0) --> to(1)
04-15 09:53:35.208  1151  1151 I SurfaceFlinger: destroyed Transition Root: Task=3879#18755
04-15 09:53:35.208  1151  1151 I SurfaceFlinger: destroyed DimTransitionLayer for Surface(name=Task=3879)/@0x556fab6#18756
04-15 09:53:35.208  1151  1151 I SurfaceFlinger: [LayerHierarchy{RequestedLayerState{ImeContainer#15 parentId=18748 relativeParentId=18751 z=1} 1 children}] RelativeParent to LayerHierarchy{RequestedLayerState{a40f3b6 com.catfact.app.feature.factdetail.test/androidx.activity.ComponentActivity#18751 parentId=18748} 2 children}
04-15 09:53:35.208  1151  1151 I SurfaceFlinger: [LayerHierarchy{RequestedLayerState{6a94feb Splash Screen com.catfact.app.feature.factdetail.test#18749 z=2147483647} 1 children}] reparent to OffscreenRoot
04-15 09:53:35.208  1151  1151 I SurfaceFlinger: [LayerHierarchy{RequestedLayerState{6a94feb Splash Screen com.catfact.app.feature.factdetail.test#18749 z=2147483647} 1 children}] RelativeParent to null
04-15 09:53:35.208  1151  1151 I SurfaceFlinger: [LayerHierarchy{RequestedLayerState{Splash Screen com.catfact.app.feature.factdetail.test$_2000#18750} no children}] reparent to OffscreenRoot
04-15 09:53:35.208  1151  1151 I SurfaceFlinger: [LayerHierarchy{RequestedLayerState{Splash Screen com.catfact.app.feature.factdetail.test$_2000#18750} no children}] RelativeParent to null
04-15 09:53:35.209  1151  1151 I Layer   : id=18755 Destroyed Transition Root: Task=3879#18755
04-15 09:53:35.209  1151  1151 I Layer   : id=18756 Destroyed DimTransitionLayer for Surface(name=Task=3879)/@0x556fab6#18756
04-15 09:53:35.209  1151  1151 I SurfaceFlinger: id=18749 Removed 6a94feb Splash Screen com.catfact.app.feature.factdetail.test#18749 (213)
04-15 09:53:35.209  1151  1151 I SurfaceFlinger: id=18750 Removed Splash Screen com.catfact.app.feature.factdetail.test$_2000#18750 (213)
04-15 09:53:35.212  6698 17042 I NearbyMediums: No BLE Fast/GATT advertisements found in the latest cycle.
04-15 09:53:35.212  6698 17042 I NearbyMediums: Current Tracked Scanning Clients are : {NearbyConnections.EnvironmentMonitor, NearbySharing, NearbyConnections.TxAdvertisement}
04-15 09:53:35.216  1151  1151 I SurfaceFlinger: destroyed 6a94feb Splash Screen com.catfact.app.feature.factdetail.test#18749
04-15 09:53:35.216  1151  1151 I SurfaceFlinger: destroyed Splash Screen com.catfact.app.feature.factdetail.test$_2000#18750
04-15 09:53:35.217  1151  1151 I Layer   : id=18749 Destroyed 6a94feb Splash Screen com.catfact.app.feature.factdetail.test#18749
04-15 09:53:35.217  1151  1151 I Layer   : id=18750 Destroyed Splash Screen com.catfact.app.feature.factdetail.test$_2000#18750
04-15 09:53:35.241  1542  1784 D WifiConfigStore: Writing to stores completed in 6 ms.
04-15 09:53:35.264  3979  3979 I VRI[AllInOneCalendarActivity]@726e443: Relayout returned: old=(0,0,720,1544) new=(0,0,720,1544) relayoutAsync=false req=(720,1544)8 dur=54 res=0x2 s={false 0x0} ch=true seqId=0
04-15 09:53:35.266  3979  3979 D VRI[AllInOneCalendarActivity]@726e443: Not drawing due to not visible. Reason=!mAppVisible && !mForceDecorViewVisibility
04-15 09:53:35.269  3979  4808 D HWUI    : CacheManager::trimMemory(20)
04-15 09:53:35.283  3979  3979 I VRI[AllInOneCalendarActivity]@726e443: stopped(true) old = false
04-15 09:53:35.283  3979  3979 D VRI[AllInOneCalendarActivity]@726e443: WindowStopped on com.google.android.calendar/com.google.android.calendar.allinone.AllInOneCalendarActivity set to true
04-15 09:53:35.283  3979  4808 D HWUI    : CacheManager::trimMemory(20)
04-15 09:53:35.296 19505 19594 D nativeloader: Configuring clns-10 for other apk . target_sdk_version=36, uses_libraries=ALL, library_path=, permitted_path=/data:/mnt/expand
04-15 09:53:35.296 19505 19594 D nativeloader: Extending system_exposed_libraries: libhumantracking.arcsoft.so:libPortraitDistortionCorrection.arcsoft.so:libPortraitDistortionCorrectionCali.arcsoft.so:libface_landmark.arcsoft.so:libFacialStickerEngine.arcsoft.so:libfrtracking_engine.arcsoft.so:libFaceRecognition.arcsoft.so:libveengine.arcsoft.so:lib_pet_detection.arcsoft.so:libae_bracket_hdr.arcsoft.so:libhigh_res.arcsoft.so:libhybrid_high_dynamic_range.arcsoft.so:libimage_enhancement.arcsoft.so:liblow_light_hdr.arcsoft.so:libhigh_dynamic_range.arcsoft.so:libsuperresolution_raw.arcsoft.so:libuwsuperresolution.arcsoft.so:libFacialAttributeDetection.arcsoft.so:libobjectcapture_jni.arcsoft.so:libobjectcapture.arcsoft.so:libaudiomirroring_jni.audiomirroring.samsung.so:libBeauty_v4.camera.samsung.so:libexifa.camera.samsung.so:libjpega.camera.samsung.so:libOpenCv.camera.samsung.so:libBestPhoto.camera.samsung.so:libC2paDps.camera.samsung.so:libVideoClassifier.camera.samsung.so:libImageScreener.camera.samsung.so:libMyFilter.camera.samsung.so:libtflite2.myfilters
04-15 09:53:35.302 19505 19594 D nativeloader: Load /data/user/0/com.google.android.youtube/app_yqzdkcache/drgd/v/pcam.jar!/libd491B0D9E24BB.so using isolated ns clns-10 (caller=/data/user/0/com.google.android.youtube/app_yqzdkcache/drgd/v/pcam.jar): ok
04-15 09:53:35.304  1542  1582 D PkgPredictorService-SecIpmManagerServiceImpl: bg information pid:3979 uid:10279 pkgName:com.google.android.calendar
04-15 09:53:35.308  1151  1151 I SurfaceFlinger: [LayerHierarchy{RequestedLayerState{com.google.android.calendar/com.google.android.calendar.allinone.AllInOneCalendarActivity$_3979#18739} no children}] reparent to OffscreenRoot
04-15 09:53:35.308  1151  1151 I SurfaceFlinger: [LayerHierarchy{RequestedLayerState{com.google.android.calendar/com.google.android.calendar.allinone.AllInOneCalendarActivity$_3979#18739} no children}] RelativeParent to null
04-15 09:53:35.310  1151  1151 I SurfaceFlinger: id=18739 Removed com.google.android.calendar/com.google.android.calendar.allinone.AllInOneCalendarActivity$_3979#18739 (211)
04-15 09:53:35.315 19294 19294 I View    : setRequestedFrameRate frameRate=0.0, this=androidx.compose.ui.platform.AndroidComposeView{f9165a6 VFED..... ......I. 0,0-720,1544 aid=1073741824}, caller=android.view.ViewGroup.setRequestedFrameRate:9952 androidx.compose.ui.platform.Api35Impl.setRequestedFrameRate:3822 androidx.compose.ui.platform.AndroidComposeView.dispatchDraw:2114 android.view.View.draw:26345 android.view.View.updateDisplayListIfDirty:25175
04-15 09:53:35.315 19294 19294 I View    : setRequestedFrameRate frameRate=-4.0, this=android.view.View{758797 V.ED..... ......I. 0,0-0,0}, caller=androidx.compose.ui.platform.Api35Impl.setRequestedFrameRate:3822 androidx.compose.ui.platform.AndroidComposeView.dispatchDraw:2115 android.view.View.draw:26345 android.view.View.updateDisplayListIfDirty:25175 android.view.View.draw:26072
04-15 09:53:35.316  2000  2000 D QSClock : onDarkChanged tint=WHITE
04-15 09:53:35.316  1151  1151 I SurfaceFlinger: destroyed com.google.android.calendar/com.google.android.calendar.allinone.AllInOneCalendarActivity$_3979#18739
04-15 09:53:35.318  1151  1151 I Layer   : id=18739 Destroyed com.google.android.calendar/com.google.android.calendar.allinone.AllInOneCalendarActivity$_3979#18739
04-15 09:53:35.323 19294 19294 I View    : setRequestedFrameRate frameRate=NaN, this=androidx.compose.ui.platform.AndroidComposeView{f9165a6 VFED..... ........ 0,0-720,1544 aid=1073741824}, caller=android.view.ViewGroup.setRequestedFrameRate:9952 androidx.compose.ui.platform.Api35Impl.setRequestedFrameRate:3822 androidx.compose.ui.platform.AndroidComposeView.dispatchDraw:2114 android.view.View.draw:26345 android.view.View.updateDisplayListIfDirty:25175
