04-15 09:53:36.015 19294 19315 I TestRunner: started: contentStateDisplaysFactText(com.catfact.app.feature.factdetail.presentation.DetailScreenTest)
04-15 09:53:36.015  3979  3988 I ndroid.calendar: Background concurrent mark compact GC freed 26MB AllocSpace bytes, 2(32KB) LOS objects, 60% free, 31MB/79MB, paused 1.693ms,2.848ms total 114.312ms
04-15 09:53:36.016  1151  1151 I SurfaceFlinger: destroyed 86ce761 com.catfact.app.feature.factdetail.test/androidx.test.core.app.InstrumentationActivityInvoker$EmptyActivity#18761
04-15 09:53:36.016  1151  1151 I SurfaceFlinger: destroyed Task=3879#18779
04-15 09:53:36.016  1151  1151 I SurfaceFlinger: destroyed com.catfact.app.feature.factdetail.test/androidx.test.core.app.InstrumentationActivityInvoker$EmptyActivity$_19294#18762
04-15 09:53:36.018  1151  1151 I Layer   : id=18761 Destroyed 86ce761 com.catfact.app.feature.factdetail.test/androidx.test.core.app.InstrumentationActivityInvoker$EmptyActivity#18761
04-15 09:53:36.018  1151  1151 I Layer   : id=18779 Destroyed Task=3879#18779
04-15 09:53:36.018  1151  1151 I Layer   : id=18762 Destroyed com.catfact.app.feature.factdetail.test/androidx.test.core.app.InstrumentationActivityInvoker$EmptyActivity$_19294#18762
04-15 09:53:36.029 19294 19315 D IdlingRegistry: Registering idling resources: [androidx.compose.ui.test.EspressoLink@5b81636]
04-15 09:53:36.034 19294 19315 W Settings: Setting always_finish_activities has moved from android.provider.Settings.System to android.provider.Settings.Global, returning read-only value.
04-15 09:53:36.041  1542  2484 I SemDvfsHyPerManager: acquire hyper - AMS_APP_SWITCH/1542@28, type = -999
04-15 09:53:36.041  1059  1180 I HYPER-HAL: [RequestManager.cpp]acquire(): Acquired ID : 1233263  [1542 / 28]    HINT : AMS_APP_SWITCH    list :
04-15 09:53:36.041  1151  1200 I SurfaceFlinger: id=18780 createSurf, flag=24004, Task=3880#18780
04-15 09:53:36.042  3963  3963 I SemDvfsHyPerManager: acquire hyper - APP_START_SHORT/3963@17, type = -999
04-15 09:53:36.043  1059  1180 I HYPER-HAL: [ResourceManager.cpp]updateResource(): [CPULittleMinFreq] UpdateResource Request ID : 1233263    Value : 1824000
04-15 09:53:36.044  1151  1378 I SurfaceFlinger: id=18781 createSurf, flag=84004, ActivityRecord{58956605 u0 com.catfact.app.feature.factdetail.test/androidx.activity.ComponentActivity t3880}#18781
04-15 09:53:36.045  1059  1180 I HYPER-HAL: [RequestManager.cpp]acquire(): Acquired ID : 7922207  [3963 / 17]    HINT : APP_START    list : [TIMEOUT / 1500]
04-15 09:53:36.047  1542  3827 I SemDvfsHyPerManager: acquire hyper - AMS_APP_LAUNCH/1542@21, type = -999
04-15 09:53:36.048  3152  3152 E pageboostd: Received HALT command code 2
04-15 09:53:36.048  1059  1180 I HYPER-HAL: [RequestManager.cpp]acquire(): Acquired ID : 1222287  [1542 / 21]    HINT : AMS_APP_LAUNCH    list :
04-15 09:53:36.048  2000  2105 D ShellDesktopMode: handleRequest: TransitionRequestInfo {type=1, tid=3880, debugId=1676}
04-15 09:53:36.048  1059  1180 I HYPER-HAL: [ResourceManager.cpp]updateResource(): [CPULittleMinFreq] UpdateResource Request ID : 1222287    Value : 1824000
04-15 09:53:36.051  3963  3963 I SemDvfsHyPerManager: acquire hyper - APP_START/3963@19, type = -999
04-15 09:53:36.052  2000  2120 D ViewRootImpl: desktopMode is false
04-15 09:53:36.052  1059  1180 I HYPER-HAL: [RequestManager.cpp]acquire(): Acquired ID : 7930172  [3963 / 19]    HINT : APP_START    list :
04-15 09:53:36.052  2000  2120 I ViewRootImpl: dVRR is disabled
04-15 09:53:36.052  2000  2196 D NativeCustomFrequencyManager: [NativeCFMS] BpCustomFrequencyManager::BpCustomFrequencyManager()
04-15 09:53:36.053  2461  2584 I HoneySpace.TopTaskSource: onTaskMovedToFront : taskId = 3880, displayId = 0
04-15 09:53:36.053  2461  2586 I HoneySpace.TopTaskUseCase: topTasks 3880 ComponentInfo{com.catfact.app.feature.factdetail.test/androidx.activity.ComponentActivity}[displayId=0]
04-15 09:53:36.054  1542  1677 D InputTransport: Input channel constructed: 'c17a1d7', fd=874
04-15 09:53:36.054  1542  1677 D InputTransport: Input channel constructed: 'c17a1d7', fd=972
04-15 09:53:36.054  1542  1677 D InputTransport: Input channel constructed: 'c17a1d7', fd=1250
04-15 09:53:36.054  1542  1677 D InputTransport: Input channel destroyed: 'c17a1d7', fd=972
04-15 09:53:36.054  2461  4416 I HoneySpace.RecentTasks: onRecentTasksChanged
04-15 09:53:36.054  2461  4418 I HoneySpace.RecentTasks: onRecentTasksChanged
04-15 09:53:36.054  1151  1378 I SurfaceFlinger: id=18782 createSurf, flag=84004, c17a1d7 Splash Screen com.catfact.app.feature.factdetail.test#18782
04-15 09:53:36.055  1218  1218 I CameraService: onUidStateChanged: uid=10048, procState is changed. (0 -> 1)
04-15 09:53:36.056  1542  1677 D InputTransport: Input channel destroyed: 'c17a1d7', fd=1250
04-15 09:53:36.057  1151  1151 I SurfaceFlinger: [Display 0 name="Built-in Screen"#49] setFrameRateCategory: High
04-15 09:53:36.058  1151  1151 I SurfaceFlinger: [Task=3880#18780] attach to parent LayerHierarchy{RequestedLayerState{DefaultTaskDisplayArea_d0#10 parentId=9} 16 children}
04-15 09:53:36.058  1151  1151 I SurfaceFlinger: [ActivityRecord{58956605 u0 com.catfact.app.feature.factdetail.test/androidx.activity.ComponentActivity t3880}#18781] attach to parent LayerHierarchy{RequestedLayerState{Task=3880#18780 parentId=10} 1 children}
04-15 09:53:36.058  1151  1151 I SurfaceFlinger: [c17a1d7 Splash Screen com.catfact.app.feature.factdetail.test#18782] attach to parent LayerHierarchy{RequestedLayerState{ActivityRecord{58956605 u0 com.catfact.app.feature.factdetail.test/androidx.activity.ComponentActivity t3880}#18781 parentId=18780} 1 children}
04-15 09:53:36.059  1151  1151 I BpBinder: onLastStrongRef automatically unlinking death recipients:
04-15 09:53:36.061  2000  2120 D InputTransport: Input channel constructed: 'c17a1d7', fd=513
04-15 09:53:36.061  2000  2120 I InsetsController: onStateChanged: host=Splash Screen com.catfact.app.feature.factdetail.test, from=android.view.ViewRootImpl.onInsetsStateChanged:3026, state=InsetsState: {mDisplayFrame=Rect(0, 0 - 720, 1544), mDisplayCutout=DisplayCutout{insets=Rect(0, 50 - 0, 0) waterfall=Insets{left=0, top=0, right=0, bottom=0} boundingRect={Bounds=[Rect(0, 0 - 0, 0), Rect(341, 0 - 379, 50), Rect(0, 0 - 0, 0), Rect(0, 0 - 0, 0)]} cutoutPathParserInfo={CutoutPathParserInfo{displayWidth=720 displayHeight=1544 physicalDisplayWidth=720 physicalDisplayHeight=1544 density={1.875} cutoutSpec={M 0,0 H -10 V 26.66666666666667 H 10 V 0 H 0 Z @dp} rotation={0} scale={1.0} physicalPixelDisplaySizeRatio={1.0}}} sideOverrides={}}, mRoundedCorners=RoundedCorners{[RoundedCorner{position=TopLeft, radius=8, center=Point(8, 8)}, RoundedCorner{position=TopRight, radius=8, center=Point(712, 8)}, RoundedCorner{position=BottomRight, radius=8, center=Point(712, 1536)}, RoundedCorner{position=BottomLeft, radius=8, center=Point(8, 1536)}]}  mRoundedCornerFrame=Rect(0, 0 - 720, 1544), mPrivacyIndicatorBounds=PrivacyIndicatorBounds {static bounds=Rect(637, 0 - 720, 50) rotation=0}, mDisplayShape=DisplayShape{ spec=-311912193 displayWidth=720 displayHeight=1544 physicalPixelDisplaySizeRatio=0.5 rotation=0 offsetX=0 offsetY=0 scale=1.0}, mSources= { InsetsSource: {ec730001 mType=navigationBars mFrame=[0,1454][720,1544] mVisible=true mFlags= mSideHint=BOTTOM mBoundingRects=null}, InsetsSource: {ec730004 mType=systemGestures mFrame=[0,0][0,0] mVisible=true mFlags= mSideHint=NONE mBoundingRects=null}, InsetsSource: {ec730005 mType=mandatorySystemGestures mFrame=[0,1454][720,1544] mVisible=true mFlags= mSideHint=BOTTOM mBoundingRects=null}, InsetsSource: {ec730006 mType=tappableElement mFrame=[0,1454][720,1544] mVisible=true mFlags= mSideHint=BOTTOM mBoundingRects=null}, InsetsSource: {ec730024 mType=systemGestures mFrame=[0,0][0,0] mVisible=true mFlags= mSideHint=NONE mBoundingRects=null}, InsetsSource: {27 mType=displayCutout mFrame=[0,0][720,50] mVisible=true mFlags= mSideHint=TOP mBoundingRects=null}, InsetsSource: {43950000 mType=statusBars mFrame=[0,0][720,50] mVisible=true mFlags= mSideHint=TOP mBoundingRects=null}, InsetsSource: {43950005 mType=mandatorySystemGestures mFrame=[0,0][720,73] mVisible=true mFlags= mSideHint=TOP mBoundingRects=null}, InsetsSource: {43950006 mType=tappableElement mFrame=[0,0][720,50] mVisible=true mFlags= mSideHint=TOP mBoundingRects=null} }
04-15 09:53:36.062  2000  2120 I VRI[test]@bf2ca4b: onActiveControlsChanged, removed=false, mAdded=true, caller=android.view.ViewRootImpl.handleInsetsControlChanged:3002 android.view.ViewRootImpl.setView:2014 android.view.WindowManagerGlobal.addView:604 com.android.wm.shell.startingsurface.SplashscreenWindowCreator.addWindow:38 com.android.wm.shell.startingsurface.StartingWindowController$$ExternalSyntheticLambda4.run:1365
04-15 09:53:36.062  2000  2120 I VRI[test]@bf2ca4b: synced displayState. AttachInfo displayState=2
04-15 09:53:36.062  2000  2120 I VRI[test]@bf2ca4b: setView = android.widget.FrameLayout@cdb42e6 IsHRR=false mFlingFrameRateChange=0 TM=true
04-15 09:53:36.062  2000  2196 D HWUI    : HWUI - treat SMPTE_170M as sRGB
04-15 09:53:36.063  1542  2101 D InputDispatcher: Focused application(0): ActivityRecord{58956605 u0 com.catfact.app.feature.factdetail.test/androidx.activity.ComponentActivity t3880}
04-15 09:53:36.065  1542  3964 D GraphicsStatsService: requestRenderEngineFor(com.catfact.app.feature.factdetail.test)
04-15 09:53:36.065  1542  2101 D SurfaceComposerClient: setCornerRadius ## c17a1d7 Splash Screen com.catfact.app.feature.factdetail.test#18782 cornerRadius=0.000000
04-15 09:53:36.065  1542  2101 D SurfaceComposerClient: setCornerRadius ## c17a1d7 Splash Screen com.catfact.app.feature.factdetail.test#18782 cornerRadius=0.000000
04-15 09:53:36.067  1542  1677 I WindowManager: Relayout Window{c17a1d7 u0 Splash Screen com.catfact.app.feature.factdetail.test}: viewVisibility=0 req=720x1544 ty=3 d0
04-15 09:53:36.067  1151  1200 I SurfaceFlinger: id=18783 createSurf, flag=44004, Splash Screen com.catfact.app.feature.factdetail.test$_2000#18783
04-15 09:53:36.069  1542  1677 D SurfaceComposerClient: setCornerRadius ## c17a1d7 Splash Screen com.catfact.app.feature.factdetail.test#18782 cornerRadius=0.000000
04-15 09:53:36.069  1542  1677 D SurfaceComposerClient: setCornerRadius ## c17a1d7 Splash Screen com.catfact.app.feature.factdetail.test#18782 cornerRadius=0.000000
04-15 09:53:36.070  1542  1677 I WindowManager: Relayout hash=c17a1d7, pid=2000, syncId=-1: mAttrs={(0,0)(fillxfill) sim={adjust=pan} layoutInDisplayCutoutMode=always ty=APPLICATION_STARTING fmt=TRANSLUCENT wanim=0x1030317
04-15 09:53:36.070  1542  1677 I WindowManager:   fl=81030118
04-15 09:53:36.070  1542  1677 I WindowManager:   pfl=10000810
04-15 09:53:36.070  1542  1677 I WindowManager:   apr=18
04-15 09:53:36.070  1542  1677 I WindowManager:   bhv=1
04-15 09:53:36.070  1542  1677 I WindowManager:   fitSides=0
04-15 09:53:36.070  1542  1677 I WindowManager:   frameRateBoostOnTouch=true
04-15 09:53:36.070  1542  1677 I WindowManager:   dvrrWindowFrameRateHint=true naviIconColor=0}
04-15 09:53:36.071  1542  1825 D AS.MultiSoundManager: mForegroundUid = 10748
04-15 09:53:36.071  2000  2120 I InsetsController: onStateChanged: host=Splash Screen com.catfact.app.feature.factdetail.test, from=android.view.ViewRootImpl.onInsetsStateChanged:3026, state=InsetsState: {mDisplayFrame=Rect(0, 0 - 720, 1544), mDisplayCutout=DisplayCutout{insets=Rect(0, 50 - 0, 0) waterfall=Insets{left=0, top=0, right=0, bottom=0} boundingRect={Bounds=[Rect(0, 0 - 0, 0), Rect(341, 0 - 379, 50), Rect(0, 0 - 0, 0), Rect(0, 0 - 0, 0)]} cutoutPathParserInfo={CutoutPathParserInfo{displayWidth=720 displayHeight=1544 physicalDisplayWidth=720 physicalDisplayHeight=1544 density={1.875} cutoutSpec={M 0,0 H -10 V 26.66666666666667 H 10 V 0 H 0 Z @dp} rotation={0} scale={1.0} physicalPixelDisplaySizeRatio={1.0}}} sideOverrides={}}, mRoundedCorners=RoundedCorners{[RoundedCorner{position=TopLeft, radius=8, center=Point(8, 8)}, RoundedCorner{position=TopRight, radius=8, center=Point(712, 8)}, RoundedCorner{position=BottomRight, radius=8, center=Point(712, 1536)}, RoundedCorner{position=BottomLeft, radius=8, center=Point(8, 1536)}]}  mRoundedCornerFrame=Rect(0, 0 - 720, 1544), mPrivacyIndicatorBounds=PrivacyIndicatorBounds {static bounds=Rect(637, 0 - 720, 50) rotation=0}, mDisplayShape=DisplayShape{ spec=-311912193 displayWidth=720 displayHeight=1544 physicalPixelDisplaySizeRatio=0.5 rotation=0 offsetX=0 offsetY=0 scale=1.0}, mSources= { InsetsSource: {ec730001 mType=navigationBars mFrame=[0,1454][720,1544] mVisible=true mFlags= mSideHint=BOTTOM mBoundingRects=null}, InsetsSource: {ec730004 mType=systemGestures mFrame=[0,0][0,0] mVisible=true mFlags= mSideHint=NONE mBoundingRects=null}, InsetsSource: {ec730005 mType=mandatorySystemGestures mFrame=[0,1454][720,1544] mVisible=true mFlags= mSideHint=BOTTOM mBoundingRects=null}, InsetsSource: {ec730006 mType=tappableElement mFrame=[0,1454][720,1544] mVisible=true mFlags= mSideHint=BOTTOM mBoundingRects=null}, InsetsSource: {ec730024 mType=systemGestures mFrame=[0,0][0,0] mVisible=true mFlags= mSideHint=NONE mBoundingRects=null}, InsetsSource: {3 mType=ime mFrame=[0,0][0,0] mVisible=false mFlags= mSideHint=NONE mBoundingRects=null}, InsetsSource: {27 mType=displayCutout mFrame=[0,0][720,50] mVisible=true mFlags= mSideHint=TOP mBoundingRects=null}, InsetsSource: {43950000 mType=statusBars mFrame=[0,0][720,50] mVisible=true mFlags= mSideHint=TOP mBoundingRects=null}, InsetsSource: {43950005 mType=mandatorySystemGestures mFrame=[0,0][720,73] mVisible=true mFlags= mSideHint=TOP mBoundingRects=null}, InsetsSource: {43950006 mType=tappableElement mFrame=[0,0][720,50] mVisible=true mFlags= mSideHint=TOP mBoundingRects=null} }
04-15 09:53:36.071  2000  2120 I VRI[test]@bf2ca4b: onActiveControlsChanged, removed=false, mAdded=true, caller=android.view.ViewRootImpl.handleInsetsControlChanged:3002 android.view.ViewRootImpl.relayoutWindow:11629 android.view.ViewRootImpl.performTraversals:4804 android.view.ViewRootImpl.doTraversal:3924 android.view.ViewRootImpl$TraversalRunnable.run:12903
04-15 09:53:36.072  2000  2120 I BLASTBufferQueue_Java: new BLASTBufferQueue, mName= VRI[test]@bf2ca4b mNativeObject= 0xb40000741d3bdc50 caller= android.view.ViewRootImpl.updateBlastSurfaceIfNeeded:3585 android.view.ViewRootImpl.relayoutWindow:11685 android.view.ViewRootImpl.performTraversals:4804 android.view.ViewRootImpl.doTraversal:3924 android.view.ViewRootImpl$TraversalRunnable.run:12903 android.view.Choreographer$CallbackRecord.run:1901 android.view.Choreographer$CallbackRecord.run:1910 android.view.Choreographer.doCallbacks:1367 android.view.Choreographer.doFrame:1292 android.view.Choreographer$FrameDisplayEventReceiver.run:1870
04-15 09:53:36.072  2000  2120 I BLASTBufferQueue_Java: update, w= 720 h= 1544 mName = VRI[test]@bf2ca4b mNativeObject= 0xb40000741d3bdc50 sc.mNativeObject= 0xb40000751c57fd50 format= -3 caller= android.view.ViewRootImpl.updateBlastSurfaceIfNeeded:3590 android.view.ViewRootImpl.relayoutWindow:11685 android.view.ViewRootImpl.performTraversals:4804 android.view.ViewRootImpl.doTraversal:3924 android.view.ViewRootImpl$TraversalRunnable.run:12903 android.view.Choreographer$CallbackRecord.run:1901
04-15 09:53:36.072  2000  2120 I VRI[test]@bf2ca4b: Relayout returned: old=(0,0,720,1544) new=(0,0,720,1544) relayoutAsync=false req=(720,1544)0 dur=8 res=0x3 s={true 0xb40000748ccb5690} ch=true seqId=0
04-15 09:53:36.073  2000  2120 I VRI[test]@bf2ca4b: performConfigurationChange setNightDimText nightDimLevel=0
04-15 09:53:36.073  2000  2120 D VRI[test]@bf2ca4b: mThreadedRenderer.initialize() mSurface={isValid=true 0xb40000748ccb5690} hwInitialized=true
04-15 09:53:36.073 19294 19294 D LifecycleMonitor: Lifecycle status change: androidx.activity.ComponentActivity@2d5251a in: PRE_ON_CREATE
04-15 09:53:36.073  2000  2120 D VRI[test]@bf2ca4b: reportNextDraw android.view.ViewRootImpl.performTraversals:5443 android.view.ViewRootImpl.doTraversal:3924 android.view.ViewRootImpl$TraversalRunnable.run:12903 android.view.Choreographer$CallbackRecord.run:1901 android.view.Choreographer$CallbackRecord.run:1910
04-15 09:53:36.073 19294 19294 V ActivityScenario: Activity lifecycle changed event received but ignored because the reported transition was not ON_CREATE while the last known transition was PRE_ON_CREATE
04-15 09:53:36.073  2000  2120 D VRI[test]@bf2ca4b: Setup new sync=wmsSync-VRI[test]@bf2ca4b#2
04-15 09:53:36.073  1542  1582 D PkgPredictorService-SecIpmManagerServiceImpl: onForegroundActivitiesChanged pid:19294 uid:10748
04-15 09:53:36.073  2000  2120 I VRI[test]@bf2ca4b: Creating new active sync group VRI[test]@bf2ca4b#3
04-15 09:53:36.073  2000  2120 D VRI[test]@bf2ca4b: registerCallbacksForSync syncBuffer=false
04-15 09:53:36.073  1542  1582 D NetworkPolicy: already checked 10748
04-15 09:53:36.074  1542  2944 V PkgPredictorService-SecIpmManagerServiceImpl: discard foreground app:com.catfact.app.feature.factdetail.test 1|true
04-15 09:53:36.074  1151  1151 I SurfaceFlinger: [LayerHierarchy{RequestedLayerState{ImeContainer#15 parentId=16293 relativeParentId=16293 z=1} 1 children}] RelativeParent to null
04-15 09:53:36.074  1151  1151 I SurfaceFlinger: [Splash Screen com.catfact.app.feature.factdetail.test$_2000#18783] attach to parent LayerHierarchy{RequestedLayerState{c17a1d7 Splash Screen com.catfact.app.feature.factdetail.test#18782 parentId=18781} 1 children}
04-15 09:53:36.074  1542  1582 D NetworkPolicy: already checked 10748
04-15 09:53:36.075  2000  2194 D VRI[test]@bf2ca4b: Received frameDrawingCallback syncResult=0 frameNum=1.
04-15 09:53:36.075  2000  2194 I VRI[test]@bf2ca4b: mWNT: t=0xb4000074fc7a9290 mBlastBufferQueue=0xb40000741d3bdc50 fn= 1 HdrRenderState mRenderHdrSdrRatio=1.0 caller= android.view.ViewRootImpl$12.onFrameDraw:15441 android.view.ThreadedRenderer$1.onFrameDraw:718 <bottom of call stack>
04-15 09:53:36.075  2000  2194 I VRI[test]@bf2ca4b: Setting up sync and frameCommitCallback
04-15 09:53:36.076 19294 19294 I DecorView: setWindowBackground: isPopOver=false color=fffafafa d=android.graphics.drawable.ColorDrawable@3dbe27
04-15 09:53:36.077  2000  2000 I {OngoingActivityController}: onTaskFocusChanged but OA data is empty
04-15 09:53:36.079  1151  1338 D SurfaceFlinger: [input] setFocusedWindow: <null>
04-15 09:53:36.080  3723 26412 I [AirCmd]_ActivitySwitchDetector: onTaskFocusChanged : taskId=3880, componentName=ComponentInfo{com.catfact.app.feature.factdetail.test/androidx.activity.ComponentActivity}
04-15 09:53:36.080  3723 26412 I [AirCmd]_ActivitySwitchDetector: onTaskFocusChanged :mTopMostActivity = ComponentInfo{com.google.android.calendar/com.google.android.calendar.allinone.AllInOneCalendarActivity}
04-15 09:53:36.080  2000  2196 I BLASTBufferQueue: [VRI[test]@bf2ca4b#853](f:0,a:0,s:0) onFrameAvailable the first frame is available
04-15 09:53:36.080  2000  2196 I VRI[test]@bf2ca4b: Received frameCommittedCallback lastAttemptedDrawFrameNum=1 didProduceBuffer=true
04-15 09:53:36.081  1151  1199 I SurfaceFlinger: [Splash Screen com.catfact.app.feature.factdetail.test$_2000#18783] setTransactionState with the first frame. bufferData(ID: 8589934655943, frameNumber: 1)
04-15 09:53:36.081  1542  3964 D InputDispatcher: Once focus requested (0): <null>
04-15 09:53:36.081  1542  3964 D InputDispatcher: Focus request (0): <null> but waiting because NO_WINDOW
04-15 09:53:36.081  1542  3964 D InputDispatcher: Focus left window (0): 762e546 com.google.android.calendar/com.google.android.calendar.allinone.AllInOneCalendarActivity
04-15 09:53:36.081  2461  2584 I HoneySpace.TopTaskSource: onTaskFocusChanged(): taskId = 3880
04-15 09:53:36.081  2000  2196 D HWUI    : CFMS:: SetUp Pid : 2000    Tid : 2196
04-15 09:53:36.081 18525 18790 I Rubin   : [146] M.c0.k(Unknown Source) : Notify com.samsung.android.rubin.inferenceengine.contextanalytics.engine.loggers.AppUsageLogger's database is updated.
04-15 09:53:36.081  2000  2120 D VRI[test]@bf2ca4b: reportDrawFinished seqId=0
04-15 09:53:36.082  2461  2461 I HoneySpace.EdgePanel.CocktailHostRepositoryImpl: onNoteResume
04-15 09:53:36.082 19294 19294 D LifecycleMonitor: Lifecycle status change: androidx.activity.ComponentActivity@2d5251a in: CREATED
04-15 09:53:36.082  2461  2461 I HoneySpace.EdgePanel.EdgePanelContainerViewModel: cocktailHostRepository.edgePanelOperation NoteResumeComponent(componentName=ComponentInfo{com.catfact.app.feature.factdetail.test/androidx.activity.ComponentActivity})
04-15 09:53:36.082 19294 19294 V ActivityScenario: Update currentActivityStage to CREATED, currentActivity=androidx.activity.ComponentActivity@2d5251a
04-15 09:53:36.082  1542  1585 D SurfaceComposerClient: setCornerRadius ## c17a1d7 Splash Screen com.catfact.app.feature.factdetail.test#18782 cornerRadius=0.000000
04-15 09:53:36.082  1542  1585 D SurfaceComposerClient: setCornerRadius ## c17a1d7 Splash Screen com.catfact.app.feature.factdetail.test#18782 cornerRadius=0.000000
04-15 09:53:36.082  2461  2461 I HoneySpace.EdgePanel.ActivityUtils: HomePackage : com.sec.android.app.launcher, resumePackageName : com.catfact.app.feature.factdetail.test, className : androidx.activity.ComponentActivity
04-15 09:53:36.082  3723 26412 I [AirCmd]_CallbackRepeater: stopRepeat : isWorking=false
04-15 09:53:36.083  3723 26412 I [AirCmd]_MediaControlStateMonitor: isForegroundAppSupportsMediaButton : mediaSession is empty
04-15 09:53:36.083  1151  1199 I SurfaceFlinger: id=18784 createSurf, flag=84004, Transition Root: Task=3880#18784
04-15 09:53:36.084 19294 19294 D LifecycleMonitor: Lifecycle status change: androidx.activity.ComponentActivity@2d5251a in: STARTED
04-15 09:53:36.084 19294 19294 V ActivityScenario: Update currentActivityStage to STARTED, currentActivity=androidx.activity.ComponentActivity@2d5251a
04-15 09:53:36.084  3979  3979 I ImeFocusController: onPreWindowFocus: skipped hasWindowFocus=false mHasImeFocus=true
04-15 09:53:36.085  3979  3979 I ImeFocusController: onPostWindowFocus: skipped hasWindowFocus=false mHasImeFocus=true
04-15 09:53:36.085 19294 19294 D LifecycleMonitor: Lifecycle status change: androidx.activity.ComponentActivity@2d5251a in: RESUMED
04-15 09:53:36.085 19294 19294 V ActivityScenario: Update currentActivityStage to RESUMED, currentActivity=androidx.activity.ComponentActivity@2d5251a
04-15 09:53:36.085  3723 26412 E [AirCmd]_MediaControlStateMonitor: getActiveNotificationPackageName : notification service monitor is null
04-15 09:53:36.086  3723 26412 I [AirCmd]_ButtonEventDetectionThread: enableDoubleClickDetection: enabled= true, doubleClickWaitInterval=300
04-15 09:53:36.086 19294 19294 D ViewRootImpl: desktopMode is false
04-15 09:53:36.086  1542  1585 I SurfaceControlRegistry: show, t=StartTransaction_SyncId<1676> sc=ActivityRecord{58956605 u0 com.catfact.app.feature.factdetail.test/androidx.activity.ComponentActivity t3880}, caller=android.view.SurfaceControl$Transaction.show:3557 com.android.server.wm.Transition.onTransactionReady:2048 com.android.server.wm.BLASTSyncEngine$SyncGroup.finishNow:240 com.android.server.wm.BLASTSyncEngine.onSurfacePlacement:263 com.android.server.wm.RootWindowContainer.performSurfacePlacementNoTrace:1083 com.android.server.wm.WindowSurfacePlacer.performSurfacePlacement:166
04-15 09:53:36.086 19294 19294 I ViewRootImpl: dVRR is disabled
04-15 09:53:36.086  1542  1585 D SurfaceComposerClient: setCornerRadius ## Task=3801#16292 cornerRadius=0.000000
04-15 09:53:36.086  1542  1585 D SurfaceComposerClient: setCornerRadius ## Task=3880#18780 cornerRadius=0.000000
04-15 09:53:36.086 19294 19332 D NativeCustomFrequencyManager: [NativeCFMS] BpCustomFrequencyManager::BpCustomFrequencyManager()
04-15 09:53:36.087  1542  1585 D ScreenCapture: [Capture_TEST] : setIsScreenShotBySystem false
04-15 09:53:36.087  1542  1585 I SurfaceComposerClient: captureLayers:childrenOnly:1, sync:1
04-15 09:53:36.090  2000  2105 I SurfaceControlRegistry: hide, t=FinishTransaction_SyncId<1676> sc=Task=3801, caller=android.view.SurfaceControl$Transaction.hide:3583 com.android.wm.shell.transition.Transitions.dispatchReady:1263 com.android.wm.shell.transition.Transitions.onTransitionReady:251 com.android.wm.shell.transition.Transitions$TransitionPlayerImpl$$ExternalSyntheticLambda0.run:13 android.os.Handler.handleCallback:995 android.os.Handler.dispatchMessage:103
04-15 09:53:36.091  2000  2105 I SurfaceControlRegistry: show, t=StartTransaction_SyncId<1676> sc=Task=3880, caller=android.view.SurfaceControl$Transaction.show:3557 com.android.wm.shell.transition.Transitions.dispatchReady:1279 com.android.wm.shell.transition.Transitions.onTransitionReady:251 com.android.wm.shell.transition.Transitions$TransitionPlayerImpl$$ExternalSyntheticLambda0.run:13 android.os.Handler.handleCallback:995 android.os.Handler.dispatchMessage:103
04-15 09:53:36.091  2000  2105 I SurfaceControlRegistry: show, t=FinishTransaction_SyncId<1676> sc=Task=3880, caller=android.view.SurfaceControl$Transaction.show:3557 com.android.wm.shell.transition.Transitions.dispatchReady:1330 com.android.wm.shell.transition.Transitions.onTransitionReady:251 com.android.wm.shell.transition.Transitions$TransitionPlayerImpl$$ExternalSyntheticLambda0.run:13 android.os.Handler.handleCallback:995 android.os.Handler.dispatchMessage:103
04-15 09:53:36.091  2000  2105 I SurfaceControlRegistry: show, t=StartTransaction_SyncId<1676> sc=Transition Root: Task=3880, caller=android.view.SurfaceControl$Transaction.show:3557 com.android.wm.shell.transition.Transitions.playTransition:79 com.android.wm.shell.transition.Transitions.processReadyQueue:239 com.android.wm.shell.transition.Transitions.dispatchReady:1352 com.android.wm.shell.transition.Transitions.onTransitionReady:251 com.android.wm.shell.transition.Transitions$TransitionPlayerImpl$$ExternalSyntheticLambda0.run:13
04-15 09:53:36.091  1151  1151 I SurfaceFlinger: [Transition Root: Task=3880#18784] attach to parent LayerHierarchy{RequestedLayerState{DefaultTaskDisplayArea_d0#10 parentId=9} 17 children}
04-15 09:53:36.092  2000  2105 D SurfaceComposerClient: [Task=3801#16292] setEdgeExtension Right
04-15 09:53:36.092  1151  1200 I SurfaceFlinger: id=18785 createSurf, flag=20004, DimTransitionLayer for Surface(name=Task=3880)/@0x1444379#18785
04-15 09:53:36.093  2000  2105 I SurfaceControlRegistry: show, t=StartTransaction_SyncId<1676> sc=DimTransitionLayer for Surface(name=Task=3880)/@0x1444379, caller=android.view.SurfaceControl$Transaction.show:3557 com.android.wm.shell.transition.DefaultTransitionHandler.startAnimation:2931 com.android.wm.shell.transition.Transitions.dispatchTransition:90 com.android.wm.shell.transition.Transitions.playTransition:774 com.android.wm.shell.transition.Transitions.processReadyQueue:239 com.android.wm.shell.transition.Transitions.dispatchReady:1352
04-15 09:53:36.093  2000  2105 I SurfaceControlRegistry: apply, t=StartTransaction_SyncId<1676>, caller=android.view.SurfaceControl$Transaction.apply:3459 android.view.SurfaceControl$Transaction.apply:3447 android.view.SurfaceControl$Transaction.apply:3397 com.android.wm.shell.transition.DefaultTransitionHandler.startAnimation:3387 com.android.wm.shell.transition.Transitions.dispatchTransition:90 com.android.wm.shell.transition.Transitions.playTransition:774
04-15 09:53:36.095  1151  1199 I SurfaceFlinger: Capture layer list: 	 com.google.android.calendar/com.google.android.calendar.allinone.AllInOneCalendarActivity$_3979#18772(seamlessTransition:0)
04-15 09:53:36.095  1151  1199 I CompositionEngine: [setDisplaySize] size=(720, 1544)
04-15 09:53:36.096  1151  1206 D RenderEngine: [SEC_SF_EFFECTS] drawLayersInternal,1494, Rendering layer ScreenCaptureFillLayer at index 0
04-15 09:53:36.096  1151  1206 D RenderEngine: [SEC_SF_EFFECTS] drawLayersInternal,1494, Rendering layer com.google.android.calendar/com.google.android.calendar.allinone.AllInOneCalendarActivity$_3979#18772 at index 1
04-15 09:53:36.099  1151  1151 I SurfaceFlinger: RequestedLayer [c17a1d7 Splash Screen com.catfact.app.feature.factdetail.test#18782] hidden!! flag  from(1) --> to(0)
04-15 09:53:36.099  1151  1151 I SurfaceFlinger: RequestedLayer [Splash Screen com.catfact.app.feature.factdetail.test$_2000#18783] hidden!! flag  from(1) --> to(0)
04-15 09:53:36.099  1151  1151 I SurfaceFlinger: RequestedLayer [Task=3880#18780] hidden!! flag  from(1) --> to(0)
04-15 09:53:36.099  1151  1151 E SurfaceFlinger: alpha changed 1.000 -> 0.000 - Task=3880#18780
04-15 09:53:36.099  1151  1151 I SurfaceFlinger: RequestedLayer [Transition Root: Task=3880#18784] hidden!! flag  from(1) --> to(0)
04-15 09:53:36.099  1151  1151 I SurfaceFlinger: RequestedLayer [ActivityRecord{58956605 u0 com.catfa[...]ivity.ComponentActivity t3880}#18781] hidden!! flag  from(1) --> to(0)
04-15 09:53:36.099  1151  1151 I SurfaceFlinger: RequestedLayer [DimTransitionLayer for Surface(name=Task=3880)/@0x1444379#18785] hidden!! flag  from(1) --> to(0)
04-15 09:53:36.099  1151  1151 E SurfaceFlinger: alpha changed 1.000 -> 0.000 - DimTransitionLayer for Surface(name=Task=3880)/@0x1444379#18785
04-15 09:53:36.099  1151  1151 E SurfaceFlinger: alpha changed 0.000 -> 1.000 - Task=3880#18780
04-15 09:53:36.099  1151  1151 E SurfaceFlinger: alpha changed 0.000 -> 0.000 - DimTransitionLayer for Surface(name=Task=3880)/@0x1444379#18785
04-15 09:53:36.099  1151  1151 I SurfaceFlinger: [LayerHierarchy{RequestedLayerState{Task=3801#16292 parentId=18784 z=2} 1 children}] reparent to LayerHierarchy{RequestedLayerState{Transition Root: Task=3880#18784 parentId=10 z=13} 1 children}
04-15 09:53:36.099  1151  1151 I SurfaceFlinger: [LayerHierarchy{RequestedLayerState{Task=3880#18780 parentId=18784 z=5} 1 children}] reparent to LayerHierarchy{RequestedLayerState{Transition Root: Task=3880#18784 parentId=10 z=13} 2 children}
04-15 09:53:36.099  1151  1151 I SurfaceFlinger: [DimTransitionLayer for Surface(name=Task=3880)/@0x1444379#18785] attach to parent LayerHierarchy{RequestedLayerState{Transition Root: Task=3880#18784 parentId=10 z=13} 3 children}
04-15 09:53:36.101  1542  2161 D InputTransport: Input channel constructed: 'f1cb24 ', fd=808
04-15 09:53:36.101  1542  2161 D InputTransport: Input channel constructed: 'f1cb24 ', fd=972
04-15 09:53:36.101  1542  2161 D InputTransport: Input channel constructed: 'f1cb24 ', fd=1250
04-15 09:53:36.101  1542  2161 D InputTransport: Input channel destroyed: 'f1cb24 ', fd=972
04-15 09:53:36.102  1151  1200 I SurfaceFlinger: id=18786 createSurf, flag=84004, f1cb24 com.catfact.app.feature.factdetail.test/androidx.activity.ComponentActivity#18786
04-15 09:53:36.103  1542  2161 D InputTransport: Input channel destroyed: 'f1cb24 ', fd=1250
04-15 09:53:36.104 19294 19294 D InputTransport: Input channel constructed: 'f1cb24 ', fd=126
04-15 09:53:36.105  1151  1378 I SurfaceFlinger: id=18787 createSurf, flag=84000, 9d6b0e7 ActivityRecordInputSink com.catfact.app.feature.factdetail.test/androidx.activity.ComponentActivity#18787
04-15 09:53:36.105 19294 19294 I InsetsController: onStateChanged: host=com.catfact.app.feature.factdetail.test/androidx.activity.ComponentActivity, from=android.view.ViewRootImpl.onInsetsStateChanged:3026, state=InsetsState: {mDisplayFrame=Rect(0, 0 - 720, 1544), mDisplayCutout=DisplayCutout{insets=Rect(0, 50 - 0, 0) waterfall=Insets{left=0, top=0, right=0, bottom=0} boundingRect={Bounds=[Rect(0, 0 - 0, 0), Rect(341, 0 - 379, 50), Rect(0, 0 - 0, 0), Rect(0, 0 - 0, 0)]} cutoutPathParserInfo={CutoutPathParserInfo{displayWidth=720 displayHeight=1544 physicalDisplayWidth=720 physicalDisplayHeight=1544 density={1.875} cutoutSpec={M 0,0 H -10 V 26.66666666666667 H 10 V 0 H 0 Z @dp} rotation={0} scale={1.0} physicalPixelDisplaySizeRatio={1.0}}} sideOverrides={}}, mRoundedCorners=RoundedCorners{[RoundedCorner{position=TopLeft, radius=8, center=Point(8, 8)}, RoundedCorner{position=TopRight, radius=8, center=Point(712, 8)}, RoundedCorner{position=BottomRight, radius=8, center=Point(712, 1536)}, RoundedCorner{position=BottomLeft, radius=8, center=Point(8, 1536)}]}  mRoundedCornerFrame=Rect(0, 0 - 720, 1544), mPrivacyIndicatorBounds=PrivacyIndicatorBounds {static bounds=Rect(637, 0 - 720, 50) rotation=0}, mDisplayShape=DisplayShape{ spec=-311912193 displayWidth=720 displayHeight=1544 physicalPixelDisplaySizeRatio=0.5 rotation=0 offsetX=0 offsetY=0 scale=1.0}, mSources= { InsetsSource: {ec730001 mType=navigationBars mFrame=[0,1454][720,1544] mVisible=true mFlags= mSideHint=BOTTOM mBoundingRects=null}, InsetsSource: {ec730004 mType=systemGestures mFrame=[0,0][0,0] mVisible=true mFlags= mSideHint=NONE mBoundingRects=null}, InsetsSource: {ec730005 mType=mandatorySystemGestures mFrame=[0,1454][720,1544] mVisible=true mFlags= mSideHint=BOTTOM mBoundingRects=null}, InsetsSource: {ec730006 mType=tappableElement mFrame=[0,1454][720,1544] mVisible=true mFlags= mSideHint=BOTTOM mBoundingRects=null}, InsetsSource: {ec730024 mType=systemGestures mFrame=[0,0][0,0] mVisible=true mFlags= mSideHint=NONE mBoundingRects=null}, InsetsSource: {3 mType=ime mFrame=[0,0][0,0] mVisible=false mFlags= mSideHint=NONE mBoundingRects=null}, InsetsSource: {27 mType=displayCutout mFrame=[0,0][720,50] mVisible=true mFlags= mSideHint=TOP mBoundingRects=null}, InsetsSource: {43950000 mType=statusBars mFrame=[0,0][720,50] mVisible=true mFlags= mSideHint=TOP mBoundingRects=null}, InsetsSource: {43950005 mType=mandatorySystemGestures mFrame=[0,0][720,73] mVisible=true mFlags= mSideHint=TOP mBoundingRects=null}, InsetsSource: {43950006 mType=tappableElement mFrame=[0,0][720,50] mVisible=true mFlags= mSideHint=TOP mBoundingRects=null} }
04-15 09:53:36.106 19294 19294 I VRI[ComponentActivity]@8505179: synced displayState. AttachInfo displayState=2
04-15 09:53:36.106 19294 19294 I VRI[ComponentActivity]@8505179: setView = com.android.internal.policy.DecorView@bb79e6c IsHRR=false mFlingFrameRateChange=0 TM=true
04-15 09:53:36.107 19294 19332 D HWUI    : HWUI - treat SMPTE_170M as sRGB
04-15 09:53:36.108  2000  2000 D DisplayLifecycle: updateDisplay id = 0
04-15 09:53:36.108  2000  2125 D StackScroller: onDisplayChanged for predraw skip to 2
04-15 09:53:36.108  1151  1151 I SurfaceFlinger: RequestedLayer [f1cb24 com.catfact.app.feature.factd[...]idx.activity.ComponentActivity#18786] hidden!! flag  from(1) --> to(0)
04-15 09:53:36.109  1151  1151 I SurfaceFlinger: [f1cb24 com.catfact.app.feature.factdetail.test/androidx.activity.ComponentActivity#18786] attach to parent LayerHierarchy{RequestedLayerState{ActivityRecord{58956605 u0 com.catfact.app.feature.factdetail.test/androidx.activity.ComponentActivity t3880}#18781 parentId=18780} 2 children}
04-15 09:53:36.109  1151  1151 I SurfaceFlinger: [9d6b0e7 ActivityRecordInputSink com.catfact.app.feature.factdetail.test/androidx.activity.ComponentActivity#18787] attach to parent LayerHierarchy{RequestedLayerState{ActivityRecord{58956605 u0 com.catfact.app.feature.factdetail.test/androidx.activity.ComponentActivity t3880}#18781 parentId=18780} 3 children}
04-15 09:53:36.109  1151  2479 I SurfaceFlinger: id=18788 createSurf, flag=24000, Surface(name=3edafdc StatusBar)/@0x3b919ed - animation-leash of insets_animation#18788
04-15 09:53:36.110  1151  1378 I SurfaceFlinger: id=18789 createSurf, flag=24000, Surface(name=8c5cec7 NavigationBar0)/@0xa68870 - animation-leash of insets_animation#18789
04-15 09:53:36.112  1542  1585 D SurfaceComposerClient: setCornerRadius ## c17a1d7 Splash Screen com.catfact.app.feature.factdetail.test#18782 cornerRadius=0.000000
04-15 09:53:36.112  1542  1585 D SurfaceComposerClient: setCornerRadius ## f1cb24 com.catfact.app.feature.factdetail.test/androidx.activity.ComponentActivity#18786 cornerRadius=0.000000
04-15 09:53:36.112  2461  2474 I HoneySpace.Memory-Monitor: current state = 2, didTrim = false
04-15 09:53:36.113  2000  2000 D SamsungLightBarControlHelper: updateStatusBar (BLACK icon) numStacks:1, StatusBarMode:MODE_TRANSPARENT, lightBarBounds:[Rect(0, 0 - 720, 1544)], StatusBarState:SHADE, packageName:, isWhiteKeyguardStatusBar:false
04-15 09:53:36.113  2000  2000 D SamsungLightBarControlHelper: onStatusBarAppearanceChanged() -  sbModeChanged:false, statusBarMode:0, barState:MODE_TRANSPARENT, isKeyguardShowing:false, navbarColorManagedByIme:false, (AppearanceRegion{LIGHT_STATUS_BARS bounds=[0,0][720,1544]}, )
04-15 09:53:36.113  2000  2000 D NavigationBar: onSystemBarAttributesChanged() -  displayId:0, appearance:24, packageName: com.catfact.app.feature.factdetail.test (APPEARANCE_LIGHT_STATUS_BARS APPEARANCE_LIGHT_NAVIGATION_BARS ), navbarColorManagedByIme:false
04-15 09:53:36.113  2000  2000 D SamsungLightBarControlHelper: updateNavigationBar (BLACK button) isLightOpaque:false, hasLightNavigationBarFlag:true, packageName:com.catfact.app.feature.factdetail.test, DirectReplying:false, NavBarColorMangedByIme:false, ForceDarkForScrim:false, ForceLightForScrim:false, QsCustomizing:false, QsExpanded:false
04-15 09:53:36.114  1542  2161 I WindowManager: Relayout Window{f1cb24 u0 com.catfact.app.feature.factdetail.test/androidx.activity.ComponentActivity}: viewVisibility=0 req=720x1544 ty=1 d0
04-15 09:53:36.114  1151  1378 I SurfaceFlinger: id=18790 createSurf, flag=44004, com.catfact.app.feature.factdetail.test/androidx.activity.ComponentActivity$_19294#18790
04-15 09:53:36.117  1542  2161 D SurfaceComposerClient: setCornerRadius ## c17a1d7 Splash Screen com.catfact.app.feature.factdetail.test#18782 cornerRadius=0.000000
04-15 09:53:36.117  1542  2161 D SurfaceComposerClient: setCornerRadius ## f1cb24 com.catfact.app.feature.factdetail.test/androidx.activity.ComponentActivity#18786 cornerRadius=0.000000
04-15 09:53:36.117  1151  1151 E SurfaceFlinger: alpha changed 0.000 -> 0.011 - DimTransitionLayer for Surface(name=Task=3880)/@0x1444379#18785
04-15 09:53:36.117  1151  1151 I SurfaceFlinger: [Surface(name=3edafdc StatusBar)/@0x3b919ed - animation-leash of insets_animation#18788] attach to parent LayerHierarchy{RequestedLayerState{WindowToken{7a8fc4f type=2000 android.os.BinderProxy@a9d7329}#94 parentId=17} 2 children}
04-15 09:53:36.117  1151  1151 I SurfaceFlinger: [Surface(name=8c5cec7 NavigationBar0)/@0xa68870 - animation-leash of insets_animation#18789] attach to parent LayerHierarchy{RequestedLayerState{WindowToken{fc018e2 type=2019 android.os.BinderProxy@bda3ac4}#90 parentId=34} 2 children}
04-15 09:53:36.117  1151  1151 I SurfaceFlinger: [com.catfact.app.feature.factdetail.test/androidx.activity.ComponentActivity$_19294#18790] attach to parent LayerHierarchy{RequestedLayerState{f1cb24 com.catfact.app.feature.factdetail.test/androidx.activity.ComponentActivity#18786 parentId=18781} 1 children}
04-15 09:53:36.117  1542  2161 D SurfaceComposerClient: setCornerRadius ## c17a1d7 Splash Screen com.catfact.app.feature.factdetail.test#18782 cornerRadius=0.000000
04-15 09:53:36.117  2461 30001 I HoneySpace.RecentTasks: onRunningTaskAppeared
04-15 09:53:36.117  1542  2161 D SurfaceComposerClient: setCornerRadius ## f1cb24 com.catfact.app.feature.factdetail.test/androidx.activity.ComponentActivity#18786 cornerRadius=0.000000
04-15 09:53:36.117  2461  4416 I HoneySpace.RecentTasks: onRecentTasksChanged
04-15 09:53:36.118  1151  1200 I SurfaceFlinger: id=18791 createSurf, flag=24000, Surface(name=3edafdc StatusBar)/@0x3b919ed - animation-leash of insets_animation#18791
04-15 09:53:36.121  1151  1199 I SurfaceFlinger: id=18792 createSurf, flag=24000, Surface(name=8c5cec7 NavigationBar0)/@0xa68870 - animation-leash of insets_animation#18792
04-15 09:53:36.123  1542  2161 I SystemKeyManager: requested systemKeyInfo size=1 focusedWindow=com.catfact.app.feature.factdetail.test/androidx.activity.ComponentActivity
04-15 09:53:36.123  1542  2161 I SystemKeyManager: requested systemKeyInfo size=1 focusedWindow=com.catfact.app.feature.factdetail.test/androidx.activity.ComponentActivity
04-15 09:53:36.123  2000  2000 D NavigationBar: onSystemBarAttributesChanged() -  displayId:0, appearance:528, packageName: com.catfact.app.feature.factdetail.test (APPEARANCE_LIGHT_NAVIGATION_BARS ), navbarColorManagedByIme:false
04-15 09:53:36.124  1151  1151 D SurfaceFlinger: Display 4633128672291735999 HWC layers:
04-15 09:53:36.124  1151  1151 D SurfaceFlinger:        CLIENT |           17089674871049 | 00002102 | RGBA_8888    |   12.0    0.0  720.0 1544.0 |    0    0  720 1544 | com.google.android.calendar/com.goog[...]AllInOneCalendarActivity$_3979#18772 (23)
04-15 09:53:36.124  1151  1151 D SurfaceFlinger:   SOLID_COLOR |                        0 | 00000000 | N/A          |    0.0    0.0    0.0    0.0 |    0    0  720 1544 | DimTransitionLayer for Surface(name=Task=3880)/@0x1444379#18785 (0)
04-15 09:53:36.124  1151  1151 D SurfaceFlinger:        DEVICE |            8589934655943 | 00002100 | RGBA_8888    |    0.0    0.0   37.0 1544.0 |  683    0  720 1544 | Splash Screen com.catfact.app.feature.factdetail.test$_2000#18783 (1)
04-15 09:53:36.124  1151  1151 D SurfaceFlinger:        DEVICE |            8589934654704 | 00002100 | RGBA_8888    |    0.0    0.0  720.0   50.0 |    0    0  720   50 | StatusBar$_2000#102 (26399)
04-15 09:53:36.124  1151  1151 D SurfaceFlinger:        DEVICE |           10569914518889 | 00002100 | RGBA_8888    |    0.0    0.0   67.0  353.0 |  653  192  720  545 | com.sec.android.app.launcher/com.sam[...]l.app.CocktailBarService$_2461#16495 (1)
04-15 09:53:36.124  1151  1151 D SurfaceFlinger:        DEVICE |            8589934654693 | 0000
04-15 09:53:36.125  1151  1151 D SurfaceFlinger: 2100 | RGBA_8888    |    0.0    0.0  720.0   90.0 |    0 1454  720 1544 | NavigationBar0$_2000#98 (17199)
04-15 09:53:36.125  1151  1151 D SurfaceFlinger:
04-15 09:53:36.125  1151  1151 I SurfaceFlinger: [Surface(name=3edafdc StatusBar)/@0x3b919ed - animation-leash of insets_animation#18791] attach to parent LayerHierarchy{RequestedLayerState{WindowToken{7a8fc4f type=2000 android.os.BinderProxy@a9d7329}#94 parentId=17} 3 children}
04-15 09:53:36.125  1151  1151 I SurfaceFlinger: [Surface(name=8c5cec7 NavigationBar0)/@0xa68870 - animation-leash of insets_animation#18792] attach to parent LayerHierarchy{RequestedLayerState{WindowToken{fc018e2 type=2019 android.os.BinderProxy@bda3ac4}#90 parentId=34} 3 children}
04-15 09:53:36.127  1542  2161 I WindowManager: Relayout hash=f1cb24, pid=19294, syncId=-1: mAttrs={(0,0)(fillxfill) sim={adjust=pan forwardNavigation} layoutInDisplayCutoutMode=always ty=BASE_APPLICATION wanim=0x1030317
04-15 09:53:36.127  1542  2161 I WindowManager:   fl=81810100
04-15 09:53:36.127  1542  2161 I WindowManager:   pfl=100088c0
04-15 09:53:36.127  1542  2161 I WindowManager:   apr=210
04-15 09:53:36.127  1542  2161 I WindowManager:   bhv=1
04-15 09:53:36.127  1542  2161 I WindowManager:   fitSides=0
04-15 09:53:36.127  1542  2161 I WindowManager:   frameRateBoostOnTouch=true
04-15 09:53:36.127  1542  2161 I WindowManager:   dvrrWindowFrameRateHint=true naviIconColor=0}
04-15 09:53:36.129 19294 19294 I BLASTBufferQueue_Java: new BLASTBufferQueue, mName= VRI[ComponentActivity]@8505179 mNativeObject= 0xb40000741c5697f0 caller= android.view.ViewRootImpl.updateBlastSurfaceIfNeeded:3585 android.view.ViewRootImpl.relayoutWindow:11685 android.view.ViewRootImpl.performTraversals:4804 android.view.ViewRootImpl.doTraversal:3924 android.view.ViewRootImpl$TraversalRunnable.run:12903 android.view.Choreographer$CallbackRecord.run:1901 android.view.Choreographer$CallbackRecord.run:1910 android.view.Choreographer.doCallbacks:1367 android.view.Choreographer.doFrame:1292 android.view.Choreographer$FrameDisplayEventReceiver.run:1870
04-15 09:53:36.129 19294 19294 I BLASTBufferQueue_Java: update, w= 720 h= 1544 mName = VRI[ComponentActivity]@8505179 mNativeObject= 0xb40000741c5697f0 sc.mNativeObject= 0xb40000751c4f25d0 format= -1 caller= android.view.ViewRootImpl.updateBlastSurfaceIfNeeded:3590 android.view.ViewRootImpl.relayoutWindow:11685 android.view.ViewRootImpl.performTraversals:4804 android.view.ViewRootImpl.doTraversal:3924 android.view.ViewRootImpl$TraversalRunnable.run:12903 android.view.Choreographer$CallbackRecord.run:1901
04-15 09:53:36.130 19294 19294 I VRI[ComponentActivity]@8505179: Relayout returned: old=(0,0,720,1544) new=(0,0,720,1544) relayoutAsync=false req=(720,1544)0 dur=15 res=0x3 s={true 0xb40000748c595fd0} ch=true seqId=0
04-15 09:53:36.130 19294 19294 I VRI[ComponentActivity]@8505179: performConfigurationChange setNightDimText nightDimLevel=0
04-15 09:53:36.131 19294 19294 D VRI[ComponentActivity]@8505179: mThreadedRenderer.initialize() mSurface={isValid=true 0xb40000748c595fd0} hwInitialized=true
04-15 09:53:36.131 19294 19294 D VRI[ComponentActivity]@8505179: reportNextDraw android.view.ViewRootImpl.performTraversals:5443 android.view.ViewRootImpl.doTraversal:3924 android.view.ViewRootImpl$TraversalRunnable.run:12903 android.view.Choreographer$CallbackRecord.run:1901 android.view.Choreographer$CallbackRecord.run:1910
04-15 09:53:36.131 19294 19294 D VRI[ComponentActivity]@8505179: Setup new sync=wmsSync-VRI[ComponentActivity]@8505179#32
04-15 09:53:36.131 19294 19294 I VRI[ComponentActivity]@8505179: Creating new active sync group VRI[ComponentActivity]@8505179#33
04-15 09:53:36.132 19294 19294 D VRI[ComponentActivity]@8505179: registerCallbacksForSync syncBuffer=false
04-15 09:53:36.133 19294 19346 D VRI[ComponentActivity]@8505179: Received frameDrawingCallback syncResult=0 frameNum=1.
04-15 09:53:36.133 19294 19346 I VRI[ComponentActivity]@8505179: mWNT: t=0xb4000074fc50ae90 mBlastBufferQueue=0xb40000741c5697f0 fn= 1 HdrRenderState mRenderHdrSdrRatio=1.0 caller= android.view.ViewRootImpl$12.onFrameDraw:15441 android.view.ThreadedRenderer$1.onFrameDraw:718 <bottom of call stack>
04-15 09:53:36.133 19294 19346 I VRI[ComponentActivity]@8505179: Setting up sync and frameCommitCallback
04-15 09:53:36.133 19294 19332 I BLASTBufferQueue: [VRI[ComponentActivity]@8505179#16](f:0,a:0,s:0) onFrameAvailable the first frame is available
04-15 09:53:36.134 19294 19332 I VRI[ComponentActivity]@8505179: Received frameCommittedCallback lastAttemptedDrawFrameNum=1 didProduceBuffer=true
04-15 09:53:36.134  1151  2758 I SurfaceFlinger: [com.catfact.app.feature.factdetail.test/androidx.activity.ComponentActivity$_19294#18790] setTransactionState with the first frame. bufferData(ID: 82867099009088, frameNumber: 1)
04-15 09:53:36.134 19294 19332 D HWUI    : CFMS:: SetUp Pid : 19294    Tid : 19332
04-15 09:53:36.134 19294 19294 D VRI[ComponentActivity]@8505179: reportDrawFinished seqId=0
04-15 09:53:36.135  1542  2161 I SemDvfsHyPerManager: acquire hyper - AMS_RESUME_TAIL/1542@22, type = -999
04-15 09:53:36.136  1542  2161 I SemDvfsHyPerManager: acquire hyper - AMS_ACT_LAZY/1542@23, type = -999
04-15 09:53:36.136  1151  1151 I SurfaceFlinger: [LayerHierarchy{RequestedLayerState{8c5cec7 NavigationBar0#91 parentId=18792} 1 children}] reparent to LayerHierarchy{RequestedLayerState{Surface(name=8c5cec7 NavigationBar0)/@0xa68870 - animation-leash of insets_animation#18792 parentId=90} 1 children}
04-15 09:53:36.136  1151  1151 I SurfaceFlinger: [LayerHierarchy{RequestedLayerState{3edafdc StatusBar#95 parentId=18791} 1 children}] reparent to LayerHierarchy{RequestedLayerState{Surface(name=3edafdc StatusBar)/@0x3b919ed - animation-leash of insets_animation#18791 parentId=94} 1 children}
04-15 09:53:36.136  1151  1151 I SurfaceFlinger: [LayerHierarchy{RequestedLayerState{Surface(name=8c5cec7 NavigationBar0)/@0xa68870 - animation-leash of insets_animation#18776} no children}] reparent to OffscreenRoot
04-15 09:53:36.136  1151  1151 I SurfaceFlinger: [LayerHierarchy{RequestedLayerState{Surface(name=8c5cec7 NavigationBar0)/@0xa68870 - animation-leash of insets_animation#18776} no children}] RelativeParent to null
04-15 09:53:36.137  1151  1151 I SurfaceFlinger: [LayerHierarchy{RequestedLayerState{Surface(name=3edafdc StatusBar)/@0x3b919ed - animation-leash of insets_animation#18775} no children}] reparent to OffscreenRoot
04-15 09:53:36.137  1151  1151 I SurfaceFlinger: [LayerHierarchy{RequestedLayerState{Surface(name=3edafdc StatusBar)/@0x3b919ed - animation-leash of insets_animation#18775} no children}] RelativeParent to null
04-15 09:53:36.137  1151  1151 I SurfaceFlinger: [LayerHierarchy{RequestedLayerState{Surface(name=3edafdc StatusBar)/@0x3b919ed - animation-leash of insets_animation#18788} no children}] reparent to OffscreenRoot
04-15 09:53:36.137  1151  1151 I SurfaceFlinger: [LayerHierarchy{RequestedLayerState{Surface(name=3edafdc StatusBar)/@0x3b919ed - animation-leash of insets_animation#18788} no children}] RelativeParent to null
04-15 09:53:36.137  1151  1151 I SurfaceFlinger: [LayerHierarchy{RequestedLayerState{Surface(name=8c5cec7 NavigationBar0)/@0xa68870 - animation-leash of insets_animation#18789} no children}] reparent to OffscreenRoot
04-15 09:53:36.137  1151  1151 I SurfaceFlinger: [LayerHierarchy{RequestedLayerState{Surface(name=8c5cec7 NavigationBar0)/@0xa68870 - animation-leash of insets_animation#18789} no children}] RelativeParent to null
04-15 09:53:36.138  1059  1180 I HYPER-HAL: [RequestManager.cpp]acquire(): Acquired ID : 1223852  [1542 / 22]    HINT : AMS_RESUME_TAIL    list :
04-15 09:53:36.139  1059  1180 I HYPER-HAL: [ResourceManager.cpp]removeResource(): [CPULittleMinFreq] RemoveResource Request ID : 1233263
04-15 09:53:36.139  1059  1180 I HYPER-HAL: [RequestManager.cpp]releaseLocked(): Released ID : 1233263
04-15 09:53:36.140  1542  1585 D SurfaceComposerClient: setCornerRadius ## c17a1d7 Splash Screen com.catfact.app.feature.factdetail.test#18782 cornerRadius=0.000000
04-15 09:53:36.140  1542  1585 D SurfaceComposerClient: setCornerRadius ## f1cb24 com.catfact.app.feature.factdetail.test/androidx.activity.ComponentActivity#18786 cornerRadius=0.000000
04-15 09:53:36.141  1542  1585 D SurfaceComposerClient: setCornerRadius ## c17a1d7 Splash Screen com.catfact.app.feature.factdetail.test#18782 cornerRadius=0.000000
