04-15 09:53:30.135 19294 19294 V ActivityScenario: Activity lifecycle changed event received but ignored because the intent does not match. startActivityIntent=Intent { act=android.intent.action.MAIN cat=[android.intent.category.LAUNCHER] flg=0x10008000 cmp=com.catfact.app.feature.factdetail.test/androidx.activity.ComponentActivity }, activity.getIntent()=Intent { act=android.intent.action.MAIN cat=[android.intent.category.LAUNCHER] flg=0x10000000 xflg=0x4 cmp=com.catfact.app.feature.factdetail.test/androidx.test.core.app.InstrumentationActivityInvoker$EmptyActivity }, activity=androidx.test.core.app.InstrumentationActivityInvoker$EmptyActivity@d37b75e
04-15 09:53:30.136 19294 19294 D ViewRootImpl: desktopMode is false
04-15 09:53:30.136 19294 19294 I ViewRootImpl: dVRR is disabled
04-15 09:53:30.136 19294 19332 D NativeCustomFrequencyManager: [NativeCFMS] BpCustomFrequencyManager::BpCustomFrequencyManager()
04-15 09:53:30.136  2000  2125 D StackScroller: onDisplayChanged for predraw skip to 2
04-15 09:53:30.137  2461  4417 I HoneySpace.Memory-Monitor: current state = 2, didTrim = false
04-15 09:53:30.137  2000  2000 D DisplayLifecycle: updateDisplay id = 0
04-15 09:53:30.138  1542  2101 D InputTransport: Input channel constructed: 'd9d7d3c', fd=972
04-15 09:53:30.138  1542  2101 D InputTransport: Input channel constructed: 'd9d7d3c', fd=1248
04-15 09:53:30.138  1542  2101 D InputTransport: Input channel constructed: 'd9d7d3c', fd=1280
04-15 09:53:30.138  1542  2101 D InputTransport: Input channel destroyed: 'd9d7d3c', fd=1248
04-15 09:53:30.138  1151  2758 I SurfaceFlinger: id=18621 createSurf, flag=84004, d9d7d3c com.catfact.app.feature.factdetail.test/androidx.test.core.app.InstrumentationActivityInvoker$EmptyActivity#18621
04-15 09:53:30.139  1542  2101 D InputTransport: Input channel destroyed: 'd9d7d3c', fd=1280
04-15 09:53:30.139 19294 19294 D InputTransport: Input channel constructed: 'd9d7d3c', fd=144
04-15 09:53:30.139 19294 19294 I InsetsController: onStateChanged: host=com.catfact.app.feature.factdetail.test/androidx.test.core.app.InstrumentationActivityInvoker$EmptyActivity, from=android.view.ViewRootImpl.onInsetsStateChanged:3026, state=InsetsState: {mDisplayFrame=Rect(0, 0 - 720, 1544), mDisplayCutout=DisplayCutout{insets=Rect(0, 50 - 0, 0) waterfall=Insets{left=0, top=0, right=0, bottom=0} boundingRect={Bounds=[Rect(0, 0 - 0, 0), Rect(341, 0 - 379, 50), Rect(0, 0 - 0, 0), Rect(0, 0 - 0, 0)]} cutoutPathParserInfo={CutoutPathParserInfo{displayWidth=720 displayHeight=1544 physicalDisplayWidth=720 physicalDisplayHeight=1544 density={1.875} cutoutSpec={M 0,0 H -10 V 26.66666666666667 H 10 V 0 H 0 Z @dp} rotation={0} scale={1.0} physicalPixelDisplaySizeRatio={1.0}}} sideOverrides={}}, mRoundedCorners=RoundedCorners{[RoundedCorner{position=TopLeft, radius=8, center=Point(8, 8)}, RoundedCorner{position=TopRight, radius=8, center=Point(712, 8)}, RoundedCorner{position=BottomRight, radius=8, center=Point(712, 1536)}, RoundedCorner{position=BottomLeft, radius=8, center=Point(8, 1536)}]}  mRoundedCornerFrame=Rect(0, 0 - 720, 1544), mPrivacyIndicatorBounds=PrivacyIndicatorBounds {static bounds=Rect(637, 0 - 720, 50) rotation=0}, mDisplayShape=DisplayShape{ spec=-311912193 displayWidth=720 displayHeight=1544 physicalPixelDisplaySizeRatio=0.5 rotation=0 offsetX=0 offsetY=0 scale=1.0}, mSources= { InsetsSource: {ec730001 mType=navigationBars mFrame=[0,1454][720,1544] mVisible=true mFlags= mSideHint=BOTTOM mBoundingRects=null}, InsetsSource: {ec730004 mType=systemGestures mFrame=[0,0][0,0] mVisible=true mFlags= mSideHint=NONE mBoundingRects=null}, InsetsSource: {ec730005 mType=mandatorySystemGestures mFrame=[0,1454][720,1544] mVisible=true mFlags= mSideHint=BOTTOM mBoundingRects=null}, InsetsSource: {ec730006 mType=tappableElement mFrame=[0,1454][720,1544] mVisible=true mFlags= mSideHint=BOTTOM mBoundingRects=null}, InsetsSource: {ec730024 mType=systemGestures mFrame=[0,0][0,0] mVisible=true mFlags= mSideHint=NONE mBoundingRects=null}, InsetsSource: {3 mType=ime mFrame=[0,0][0,0] mVisible=false mFlags= mSideHint=NONE mBoundingRects=null}, InsetsSource: {27 mType=displayCutout mFrame=[0,0][720,50] mVisible=true mFlags= mSideHint=TOP mBoundingRects=null}, InsetsSource: {43950000 mType=statusBars mFrame=[0,0][720,50] mVisible=true mFlags= mSideHint=TOP mBoundingRects=null}, InsetsSource: {43950005 mType=mandatorySystemGestures mFrame=[0,0][720,73] mVisible=true mFlags= mSideHint=TOP mBoundingRects=null}, InsetsSource: {43950006 mType=tappableElement mFrame=[0,0][720,50] mVisible=true mFlags= mSideHint=TOP mBoundingRects=null} }
04-15 09:53:30.140 19294 19294 I VRI[InstrumentationActivityInvoker$EmptyActivity]@2b97f37: synced displayState. AttachInfo displayState=2
04-15 09:53:30.140 19294 19294 I VRI[InstrumentationActivityInvoker$EmptyActivity]@2b97f37: setView = com.android.internal.policy.DecorView@b727dc2 IsHRR=false mFlingFrameRateChange=0 TM=true
04-15 09:53:30.140 19294 19332 D HWUI    : HWUI - treat SMPTE_170M as sRGB
04-15 09:53:30.141  1542  2315 I WindowManager: Relayout Window{d9d7d3c u0 com.catfact.app.feature.factdetail.test/androidx.test.core.app.InstrumentationActivityInvoker$EmptyActivity}: viewVisibility=0 req=720x1544 ty=1 d0
04-15 09:53:30.141  1151  1151 I SurfaceFlinger: [LayerHierarchy{RequestedLayerState{ImeContainer#15 parentId=18606 relativeParentId=18606 z=1} 1 children}] RelativeParent to null
04-15 09:53:30.141  1151  1151 I SurfaceFlinger: [d9d7d3c com.catfact.app.feature.factdetail.test/androidx.test.core.app.InstrumentationActivityInvoker$EmptyActivity#18621] attach to parent LayerHierarchy{RequestedLayerState{ActivityRecord{183065080 u0 com.catfact.app.feature.factdetail.test/androidx.test.core.app.InstrumentationActivityInvoker$EmptyActivity t3875}#18620 parentId=18605} 1 children}
04-15 09:53:30.141  1151  2758 I SurfaceFlinger: id=18622 createSurf, flag=44004, com.catfact.app.feature.factdetail.test/androidx.test.core.app.InstrumentationActivityInvoker$EmptyActivity$_19294#18622
04-15 09:53:30.142  1542  2315 D SurfaceComposerClient: setCornerRadius ## d9d7d3c com.catfact.app.feature.factdetail.test/androidx.test.core.app.InstrumentationActivityInvoker$EmptyActivity#18621 cornerRadius=0.000000
04-15 09:53:30.143  1542  2315 D SurfaceComposerClient: setCornerRadius ## d9d7d3c com.catfact.app.feature.factdetail.test/androidx.test.core.app.InstrumentationActivityInvoker$EmptyActivity#18621 cornerRadius=0.000000
04-15 09:53:30.143  1151  1151 I BpBinder: onLastStrongRef automatically unlinking death recipients:
04-15 09:53:30.143  1151  2758 I SurfaceFlinger: id=18623 createSurf, flag=24000, Surface(name=3edafdc StatusBar)/@0x3b919ed - animation-leash of insets_animation#18623
04-15 09:53:30.145  1151  2758 I SurfaceFlinger: id=18624 createSurf, flag=24000, Surface(name=8c5cec7 NavigationBar0)/@0xa68870 - animation-leash of insets_animation#18624
04-15 09:53:30.146  1542  2315 I SystemKeyManager: requested systemKeyInfo size=1 focusedWindow=com.catfact.app.feature.factdetail.test/androidx.test.core.app.InstrumentationActivityInvoker$EmptyActivity
04-15 09:53:30.146  1542  2315 I SystemKeyManager: requested systemKeyInfo size=1 focusedWindow=com.catfact.app.feature.factdetail.test/androidx.test.core.app.InstrumentationActivityInvoker$EmptyActivity
04-15 09:53:30.146  2000  2000 D NavigationBar: onSystemBarAttributesChanged() -  displayId:0, appearance:16, packageName: com.catfact.app.feature.factdetail.test (APPEARANCE_LIGHT_NAVIGATION_BARS ), navbarColorManagedByIme:false
04-15 09:53:30.146  1542  2315 I WindowManager: Relayout hash=d9d7d3c, pid=19294, syncId=-1: mAttrs={(0,0)(fillxfill) sim={adjust=pan forwardNavigation} layoutInDisplayCutoutMode=always ty=BASE_APPLICATION
04-15 09:53:30.146  1542  2315 I WindowManager:   fl=81810100
04-15 09:53:30.146  1542  2315 I WindowManager:   pfl=100088c0
04-15 09:53:30.146  1542  2315 I WindowManager:   bhv=1
04-15 09:53:30.146  1542  2315 I WindowManager:   fitSides=0
04-15 09:53:30.146  1542  2315 I WindowManager:   frameRateBoostOnTouch=true
04-15 09:53:30.146  1542  2315 I WindowManager:   dvrrWindowFrameRateHint=true naviIconColor=0}
04-15 09:53:30.147 19294 19294 I BLASTBufferQueue_Java: new BLASTBufferQueue, mName= VRI[InstrumentationActivityInvoker$EmptyActivity]@2b97f37 mNativeObject= 0xb40000741c650650 caller= android.view.ViewRootImpl.updateBlastSurfaceIfNeeded:3585 android.view.ViewRootImpl.relayoutWindow:11685 android.view.ViewRootImpl.performTraversals:4804 android.view.ViewRootImpl.doTraversal:3924 android.view.ViewRootImpl$TraversalRunnable.run:12903 android.view.Choreographer$CallbackRecord.run:1901 android.view.Choreographer$CallbackRecord.run:1910 android.view.Choreographer.doCallbacks:1367 android.view.Choreographer.doFrame:1292 android.view.Choreographer$FrameDisplayEventReceiver.run:1870
04-15 09:53:30.147 19294 19294 I BLASTBufferQueue_Java: update, w= 720 h= 1544 mName = VRI[InstrumentationActivityInvoker$EmptyActivity]@2b97f37 mNativeObject= 0xb40000741c650650 sc.mNativeObject= 0xb40000751c4f3d10 format= -1 caller= android.view.ViewRootImpl.updateBlastSurfaceIfNeeded:3590 android.view.ViewRootImpl.relayoutWindow:11685 android.view.ViewRootImpl.performTraversals:4804 android.view.ViewRootImpl.doTraversal:3924 android.view.ViewRootImpl$TraversalRunnable.run:12903 android.view.Choreographer$CallbackRecord.run:1901
04-15 09:53:30.147 19294 19294 I VRI[InstrumentationActivityInvoker$EmptyActivity]@2b97f37: Relayout returned: old=(0,0,720,1544) new=(0,0,720,1544) relayoutAsync=false req=(720,1544)0 dur=6 res=0x3 s={true 0xb40000748c556d20} ch=true seqId=0
04-15 09:53:30.147 19294 19294 I VRI[InstrumentationActivityInvoker$EmptyActivity]@2b97f37: performConfigurationChange setNightDimText nightDimLevel=0
04-15 09:53:30.148 19294 19294 D VRI[InstrumentationActivityInvoker$EmptyActivity]@2b97f37: mThreadedRenderer.initialize() mSurface={isValid=true 0xb40000748c556d20} hwInitialized=true
04-15 09:53:30.148 19294 19294 D VRI[InstrumentationActivityInvoker$EmptyActivity]@2b97f37: reportNextDraw android.view.ViewRootImpl.performTraversals:5443 android.view.ViewRootImpl.doTraversal:3924 android.view.ViewRootImpl$TraversalRunnable.run:12903 android.view.Choreographer$CallbackRecord.run:1901 android.view.Choreographer$CallbackRecord.run:1910
04-15 09:53:30.148 19294 19294 D VRI[InstrumentationActivityInvoker$EmptyActivity]@2b97f37: Setup new sync=wmsSync-VRI[InstrumentationActivityInvoker$EmptyActivity]@2b97f37#14
04-15 09:53:30.148 19294 19294 I VRI[InstrumentationActivityInvoker$EmptyActivity]@2b97f37: Creating new active sync group VRI[InstrumentationActivityInvoker$EmptyActivity]@2b97f37#15
04-15 09:53:30.148 19294 19294 D VRI[InstrumentationActivityInvoker$EmptyActivity]@2b97f37: registerCallbacksForSync syncBuffer=false
04-15 09:53:30.149 19294 19345 D VRI[InstrumentationActivityInvoker$EmptyActivity]@2b97f37: Received frameDrawingCallback syncResult=0 frameNum=1.
04-15 09:53:30.149 19294 19345 I VRI[InstrumentationActivityInvoker$EmptyActivity]@2b97f37: mWNT: t=0xb4000074fc5265d0 mBlastBufferQueue=0xb40000741c650650 fn= 1 HdrRenderState mRenderHdrSdrRatio=1.0 caller= android.view.ViewRootImpl$12.onFrameDraw:15441 android.view.ThreadedRenderer$1.onFrameDraw:718 <bottom of call stack>
04-15 09:53:30.149 19294 19345 I VRI[InstrumentationActivityInvoker$EmptyActivity]@2b97f37: Setting up sync and frameCommitCallback
04-15 09:53:30.149 19294 19332 I BLASTBufferQueue: [VRI[InstrumentationActivityInvoker$EmptyActivity]@2b97f37#7](f:0,a:0,s:0) onFrameAvailable the first frame is available
04-15 09:53:30.149  1151  1338 D SurfaceFlinger: [input] setFocusedWindow: <null>
04-15 09:53:30.149  1542  2101 D InputDispatcher: Once focus requested (0): <null>
04-15 09:53:30.149  1542  2101 D InputDispatcher: Focus request (0): <null> but waiting because NO_WINDOW
04-15 09:53:30.149  1542  2101 D InputDispatcher: Focus left window (0): 89c652 com.catfact.app.feature.factdetail.test/androidx.activity.ComponentActivity
04-15 09:53:30.149 19294 19332 I VRI[InstrumentationActivityInvoker$EmptyActivity]@2b97f37: Received frameCommittedCallback lastAttemptedDrawFrameNum=1 didProduceBuffer=true
04-15 09:53:30.150  1151  2758 I SurfaceFlinger: [com.catfact.app.feature.factdetail.test/androidx.test.core.app.InstrumentationActivityInvoker$EmptyActivity$_19294#18622] setTransactionState with the first frame. bufferData(ID: 82867099009052, frameNumber: 1)
04-15 09:53:30.150 19294 19332 D HWUI    : CFMS:: SetUp Pid : 19294    Tid : 19332
04-15 09:53:30.150  1151  1151 I SurfaceFlinger: [LayerHierarchy{RequestedLayerState{8c5cec7 NavigationBar0#91 parentId=18624} 1 children}] reparent to LayerHierarchy{RequestedLayerState{Surface(name=8c5cec7 NavigationBar0)/@0xa68870 - animation-leash of insets_animation#18624 parentId=90} 1 children}
04-15 09:53:30.150  1151  1151 I SurfaceFlinger: [LayerHierarchy{RequestedLayerState{3edafdc StatusBar#95 parentId=18623} 1 children}] reparent to LayerHierarchy{RequestedLayerState{Surface(name=3edafdc StatusBar)/@0x3b919ed - animation-leash of insets_animation#18623 parentId=94} 1 children}
04-15 09:53:30.150 19294 19294 D VRI[InstrumentationActivityInvoker$EmptyActivity]@2b97f37: reportDrawFinished seqId=0
04-15 09:53:30.150  1151  1151 I SurfaceFlinger: [LayerHierarchy{RequestedLayerState{Surface(name=3edafdc StatusBar)/@0x3b919ed - animation-leash of insets_animation#18616} no children}] reparent to OffscreenRoot
04-15 09:53:30.150  1151  1151 I SurfaceFlinger: [LayerHierarchy{RequestedLayerState{Surface(name=3edafdc StatusBar)/@0x3b919ed - animation-leash of insets_animation#18616} no children}] RelativeParent to null
04-15 09:53:30.150  1151  1151 I SurfaceFlinger: [LayerHierarchy{RequestedLayerState{Surface(name=8c5cec7 NavigationBar0)/@0xa68870 - animation-leash of insets_animation#18617} no children}] reparent to OffscreenRoot
04-15 09:53:30.150  1151  1151 I SurfaceFlinger: [LayerHierarchy{RequestedLayerState{Surface(name=8c5cec7 NavigationBar0)/@0xa68870 - animation-leash of insets_animation#18617} no children}] RelativeParent to null
04-15 09:53:30.150  1151  1151 I SurfaceFlinger: [com.catfact.app.feature.factdetail.test/androidx.test.core.app.InstrumentationActivityInvoker$EmptyActivity$_19294#18622] attach to parent LayerHierarchy{RequestedLayerState{d9d7d3c com.catfact.app.feature.factdetail.test/androidx.test.core.app.InstrumentationActivityInvoker$EmptyActivity#18621 parentId=18620} 1 children}
04-15 09:53:30.150  1151  1151 I SurfaceFlinger: [Surface(name=3edafdc StatusBar)/@0x3b919ed - animation-leash of insets_animation#18623] attach to parent LayerHierarchy{RequestedLayerState{WindowToken{7a8fc4f type=2000 android.os.BinderProxy@a9d7329}#94 parentId=17} 1 children}
04-15 09:53:30.150  1151  1151 I SurfaceFlinger: [Surface(name=8c5cec7 NavigationBar0)/@0xa68870 - animation-leash of insets_animation#18624] attach to parent LayerHierarchy{RequestedLayerState{WindowToken{fc018e2 type=2019 android.os.BinderProxy@bda3ac4}#90 parentId=34} 1 children}
04-15 09:53:30.150  1542  1585 D SurfaceComposerClient: setCornerRadius ## d9d7d3c com.catfact.app.feature.factdetail.test/androidx.test.core.app.InstrumentationActivityInvoker$EmptyActivity#18621 cornerRadius=0.000000
04-15 09:53:30.151  1542  1585 D SurfaceComposerClient: setCornerRadius ## d9d7d3c com.catfact.app.feature.factdetail.test/androidx.test.core.app.InstrumentationActivityInvoker$EmptyActivity#18621 cornerRadius=0.000000
04-15 09:53:30.151  1542  1585 I SemDvfsHyPerManager: acquire hyper - AMS_RESUME_TAIL/1542@22, type = -999
04-15 09:53:30.151  1542  1585 I SemDvfsHyPerManager: acquire hyper - AMS_ACT_LAZY/1542@23, type = -999
04-15 09:53:30.151  1059  1180 I HYPER-HAL: [RequestManager.cpp]acquire(): Acquired ID : 1223852  [1542 / 22]    HINT : AMS_RESUME_TAIL    list :
04-15 09:53:30.152  1151  2758 I SurfaceFlinger: id=18625 createSurf, flag=84004, Transition Root: ActivityRecord{183065080 u0 com.catfact.app.feature.factdetail.test/androidx.test.core.app.InstrumentationActivityInvoker$EmptyActivity t3875}#18625
04-15 09:53:30.152  1059  1180 I HYPER-HAL: [RequestManager.cpp]releaseLocked(): Released ID : 1220723
04-15 09:53:30.153  1542  1585 I SurfaceControlRegistry: show, t=StartTransaction_SyncId<1662> sc=ActivityRecord{183065080 u0 com.catfact.app.feature.factdetail.test/androidx.test.core.app.InstrumentationActivityInvoker$EmptyActivity t3875}, caller=android.view.SurfaceControl$Transaction.show:3557 com.android.server.wm.Transition.onTransactionReady:2048 com.android.server.wm.BLASTSyncEngine$SyncGroup.finishNow:240 com.android.server.wm.BLASTSyncEngine.onSurfacePlacement:263 com.android.server.wm.RootWindowContainer.performSurfacePlacementNoTrace:1083 com.android.server.wm.WindowSurfacePlacer.performSurfacePlacement:166
04-15 09:53:30.153  1542  1585 D SurfaceComposerClient: setCornerRadius ## ActivityRecord{19406490 u0 com.catfact.app.feature.factdetail.test/androidx.activity.ComponentActivity t3875}#18606 cornerRadius=0.000000
04-15 09:53:30.153  1542  1585 D SurfaceComposerClient: setCornerRadius ## ActivityRecord{183065080 u0 com.catfact.app.feature.factdetail.test/androidx.test.core.app.InstrumentationActivityInvoker$EmptyActivity t3875}#18620 cornerRadius=0.000000
04-15 09:53:30.154  1542  1581 I ActivityTaskManager: Displayed com.catfact.app.feature.factdetail.test/androidx.test.core.app.InstrumentationActivityInvoker$EmptyActivity for user 0: +32ms
04-15 09:53:30.154  1542  1585 D SurfaceComposerClient: setCornerRadius ## d9d7d3c com.catfact.app.feature.factdetail.test/androidx.test.core.app.InstrumentationActivityInvoker$EmptyActivity#18621 cornerRadius=0.000000
04-15 09:53:30.155  2000  2105 I SurfaceControlRegistry: hide, t=FinishTransaction_SyncId<1662> sc=ActivityRecord{19406490 u0 com.catfact.app.feature.factdetail.test/androidx.activity.ComponentActivity t3875}, caller=android.view.SurfaceControl$Transaction.hide:3583 com.android.wm.shell.transition.Transitions.dispatchReady:1263 com.android.wm.shell.transition.Transitions.onTransitionReady:251 com.android.wm.shell.transition.Transitions$TransitionPlayerImpl$$ExternalSyntheticLambda0.run:13 android.os.Handler.handleCallback:995 android.os.Handler.dispatchMessage:103
04-15 09:53:30.155  2000  2105 I SurfaceControlRegistry: show, t=StartTransaction_SyncId<1662> sc=ActivityRecord{183065080 u0 com.catfact.app.feature.factdetail.test/androidx.test.core.app.InstrumentationActivityInvoker$EmptyActivity t3875}, caller=android.view.SurfaceControl$Transaction.show:3557 com.android.wm.shell.transition.Transitions.dispatchReady:1279 com.android.wm.shell.transition.Transitions.onTransitionReady:251 com.android.wm.shell.transition.Transitions$TransitionPlayerImpl$$ExternalSyntheticLambda0.run:13 android.os.Handler.handleCallback:995 android.os.Handler.dispatchMessage:103
04-15 09:53:30.155  2000  2105 I SurfaceControlRegistry: show, t=FinishTransaction_SyncId<1662> sc=ActivityRecord{183065080 u0 com.catfact.app.feature.factdetail.test/androidx.test.core.app.InstrumentationActivityInvoker$EmptyActivity t3875}, caller=android.view.SurfaceControl$Transaction.show:3557 com.android.wm.shell.transition.Transitions.dispatchReady:1330 com.android.wm.shell.transition.Transitions.onTransitionReady:251 com.android.wm.shell.transition.Transitions$TransitionPlayerImpl$$ExternalSyntheticLambda0.run:13 android.os.Handler.handleCallback:995 android.os.Handler.dispatchMessage:103
04-15 09:53:30.155  1542  1585 D SurfaceComposerClient: setCornerRadius ## d9d7d3c com.catfact.app.feature.factdetail.test/androidx.test.core.app.InstrumentationActivityInvoker$EmptyActivity#18621 cornerRadius=0.000000
04-15 09:53:30.155  2000  2105 I SurfaceControlRegistry: show, t=StartTransaction_SyncId<1662> sc=Transition Root: ActivityRecord{183065080 u0 com.catfact.app.feature.factdetail.test/androidx.test.core.app.InstrumentationActivityInvoker$EmptyActivity t3875}, caller=android.view.SurfaceControl$Transaction.show:3557 com.android.wm.shell.transition.Transitions.playTransition:79 com.android.wm.shell.transition.Transitions.processReadyQueue:239 com.android.wm.shell.transition.Transitions.dispatchReady:1352 com.android.wm.shell.transition.Transitions.onTransitionReady:251 com.android.wm.shell.transition.Transitions$TransitionPlayerImpl$$ExternalSyntheticLambda0.run:13
04-15 09:53:30.155  2000  2000 D NavigationBar: onSystemBarAttributesChanged() -  displayId:0, appearance:0, packageName: com.catfact.app.feature.factdetail.test, navbarColorManagedByIme:false
04-15 09:53:30.155  2000  2105 I SurfaceControlRegistry: apply, t=StartTransaction_SyncId<1662>, caller=android.view.SurfaceControl$Transaction.apply:3459 android.view.SurfaceControl$Transaction.apply:3447 android.view.SurfaceControl$Transaction.apply:3397 com.android.wm.shell.transition.DefaultTransitionHandler.startAnimation:3387 com.android.wm.shell.transition.Transitions.dispatchTransition:90 com.android.wm.shell.transition.Transitions.playTransition:774
04-15 09:53:30.155  2000  2000 D SamsungLightBarControlHelper: updateNavigationBar (WHITE button) isLightOpaque:false, hasLightNavigationBarFlag:false, packageName:com.catfact.app.feature.factdetail.test, DirectReplying:false, NavBarColorMangedByIme:false, ForceDarkForScrim:false, ForceLightForScrim:false, QsCustomizing:false, QsExpanded:false
04-15 09:53:30.156  2000  2105 I SurfaceControlRegistry: apply, t=FinishTransaction_SyncId<1662>, caller=android.view.SurfaceControl$Transaction.apply:3459 android.view.SurfaceControl$Transaction.apply:3447 android.view.SurfaceControl$Transaction.apply:3397 com.android.wm.shell.transition.Transitions.onFinish:315 com.android.wm.shell.transition.Transitions$$ExternalSyntheticLambda7.onTransitionFinished:12 com.android.wm.shell.transition.DefaultTransitionHandler$$ExternalSyntheticLambda2.run:36
04-15 09:53:30.156 19294 19294 I ImeFocusController: onPreWindowFocus: skipped hasWindowFocus=false mHasImeFocus=true
04-15 09:53:30.156  3152  3152 E pageboostd: Received HALT command code 2
04-15 09:53:30.156 19294 19294 I ImeFocusController: onPostWindowFocus: skipped hasWindowFocus=false mHasImeFocus=true
04-15 09:53:30.157 19294 19294 I InsetsSourceConsumer: applyRequestedVisibilityToControl: visible=true, type=statusBars, host=com.catfact.app.feature.factdetail.test/androidx.test.core.app.InstrumentationActivityInvoker$EmptyActivity
04-15 09:53:30.157 19294 19294 I InsetsSourceConsumer: applyRequestedVisibilityToControl: visible=true, type=navigationBars, host=com.catfact.app.feature.factdetail.test/androidx.test.core.app.InstrumentationActivityInvoker$EmptyActivity
04-15 09:53:30.158  1151  2479 I SurfaceFlinger: id=18616 Removed Surface(name=3edafdc StatusBar)/@0x3b919ed - animation-leash of insets_animation#18616 (187)
04-15 09:53:30.158  1151  1378 I SurfaceFlinger: id=18617 Removed Surface(name=8c5cec7 NavigationBar0)/@0xa68870 - animation-leash of insets_animation#18617 (187)
04-15 09:53:30.158  1151  2758 I SurfaceFlinger: id=18626 createSurf, flag=84000, 1fc346a ActivityRecordInputSink com.catfact.app.feature.factdetail.test/androidx.test.core.app.InstrumentationActivityInvoker$EmptyActivity#18626
04-15 09:53:30.158  1151  1151 I SurfaceFlinger: RequestedLayer [ActivityRecord{183065080 u0 com.catf[...]tyInvoker$EmptyActivity t3875}#18620] hidden!! flag  from(1) --> to(0)
04-15 09:53:30.158  1151  1151 E SurfaceFlinger: alpha changed 1.000 -> 0.000 - ActivityRecord{183065080 u0 com.catfact.app.feature.factdetail.test/androidx.test.core.app.InstrumentationActivityInvoker$EmptyActivity t3875}#18620
04-15 09:53:30.158  1151  1151 I SurfaceFlinger: RequestedLayer [d9d7d3c com.catfact.app.feature.fact[...]nActivityInvoker$EmptyActivity#18621] hidden!! flag  from(1) --> to(0)
04-15 09:53:30.158  1151  1151 I SurfaceFlinger: RequestedLayer [com.catfact.app.feature.factdetail.t[...]tyInvoker$EmptyActivity$_19294#18622] hidden!! flag  from(1) --> to(0)
04-15 09:53:30.159  1151  1151 I SurfaceFlinger: RequestedLayer [Transition Root: ActivityRecord{1830[...]tyInvoker$EmptyActivity t3875}#18625] hidden!! flag  from(1) --> to(0)
04-15 09:53:30.159  1151  1151 I SurfaceFlinger: RequestedLayer [ActivityRecord{19406490 u0 com.catfa[...]ivity.ComponentActivity t3875}#18606] hidden!! flag  from(0) --> to(1)
04-15 09:53:30.159  1151  1151 E SurfaceFlinger: alpha changed 0.000 -> 1.000 - ActivityRecord{183065080 u0 com.catfact.app.feature.factdetail.test/androidx.test.core.app.InstrumentationActivityInvoker$EmptyActivity t3875}#18620
04-15 09:53:30.159  1151  1151 I SurfaceFlinger: destroyed Surface(name=3edafdc StatusBar)/@0x3b919ed - animation-leash of insets_animation#18616
04-15 09:53:30.159  1151  1151 I SurfaceFlinger: destroyed Surface(name=8c5cec7 NavigationBar0)/@0xa68870 - animation-leash of insets_animation#18617
04-15 09:53:30.159  1151  1151 I SurfaceFlinger: [1fc346a ActivityRecordInputSink com.catfact.app.feature.factdetail.test/androidx.test.core.app.InstrumentationActivityInvoker$EmptyActivity#18626] attach to parent LayerHierarchy{RequestedLayerState{ActivityRecord{183065080 u0 com.catfact.app.feature.factdetail.test/androidx.test.core.app.InstrumentationActivityInvoker$EmptyActivity t3875}#18620 parentId=18605 z=1} 2 children}
04-15 09:53:30.159  1151  1151 I SurfaceFlinger: [Transition Root: ActivityRecord{183065080 u0 com.catfact.app.feature.factdetail.test/androidx.test.core.app.InstrumentationActivityInvoker$EmptyActivity t3875}#18625] attach to parent OffscreenRoot
04-15 09:53:30.159  1151  1151 I SurfaceFlinger: [LayerHierarchy{RequestedLayerState{ActivityRecord{19406490 u0 com.catfact.app.feature.factdetail.test/androidx.activity.ComponentActivity t3875}#18606 parentId=18605} 3 children}] reparent to LayerHierarchy{RequestedLayerState{Task=3875#18605 parentId=10 z=13} 2 children}
04-15 09:53:30.159  1151  1151 I SurfaceFlinger: [LayerHierarchy{RequestedLayerState{ActivityRecord{183065080 u0 com.catfact.app.feature.factdetail.test/androidx.test.core.app.InstrumentationActivityInvoker$EmptyActivity t3875}#18620 parentId=18605 z=1} 2 children}] reparent to LayerHierarchy{RequestedLayerState{Task=3875#18605 parentId=10 z=13} 2 children}
04-15 09:53:30.159  1151  1338 D SurfaceFlinger: [input] setFocusedWindow: d9d7d3c com.catfact.app.feature.factdetail.test/androidx.test.core.app.InstrumentationActivityInvoker$EmptyActivity
04-15 09:53:30.160 19294 19294 I VRI[ComponentActivity]@9d6528a: handleAppVisibility mAppVisible = true visible = false
04-15 09:53:30.160 19294 19294 D VRI[ComponentActivity]@9d6528a: visibilityChanged oldVisibility=true newVisibility=false
04-15 09:53:30.160  1542  1677 D InputDispatcher: Once focus requested (0): d9d7d3c com.catfact.app.feature.factdetail.test/androidx.test.core.app.InstrumentationActivityInvoker$EmptyActivity
04-15 09:53:30.160  1542  1677 D InputDispatcher: Focus request (0): d9d7d3c com.catfact.app.feature.factdetail.test/androidx.test.core.app.InstrumentationActivityInvoker$EmptyActivity but waiting because NOT_VISIBLE
04-15 09:53:30.161  1151  1151 I Layer   : id=18616 Destroyed Surface(name=3edafdc StatusBar)/@0x3b919ed - animation-leash of insets_animation#18616
04-15 09:53:30.161  1151  1151 I Layer   : id=18617 Destroyed Surface(name=8c5cec7 NavigationBar0)/@0xa68870 - animation-leash of insets_animation#18617
04-15 09:53:30.163  2000  2105 D ShellDesktopMode: handleRequest: TransitionRequestInfo {type=2, tid=3875, debugId=1663}
04-15 09:53:30.165  1151  1199 I SurfaceFlinger: id=18625 Removed Transition Root: ActivityRecord{183065080 u0 com.catfact.app.feature.factdetail.test/androidx.test.core.app.InstrumentationActivityInvoker$EmptyActivity t3875}#18625 (186)
04-15 09:53:30.166  2000  2000 D SystemUIService: SYSUI_RAM_OPTIMIZATION onTrimMemory=20
04-15 09:53:30.166  2000  2000 D CentralSurfaces: SYSUI_RAM_OPTIMIZATION onTrimMemory=20
04-15 09:53:30.167  2000  2196 D HWUI    : CacheManager::trimMemory(20)
04-15 09:53:30.167  1151  1151 D SurfaceFlinger: Display 4633128672291735999 HWC layers:
04-15 09:53:30.167  1151  1151 D SurfaceFlinger:        DEVICE |           82867099009052 | 00002102 | RGBA_8888    |    0.0    0.0  720.0 1544.0 |    0    0  720 1544 | com.catfact.app.feature.factdetail.t[...]tyInvoker$EmptyActivity$_19294#18622 (1)
04-15 09:53:30.167  1151  1151 D SurfaceFlinger:        DEVICE |            8589934654687 | 00002100 | RGBA_8888    |    0.0    0.0  720.0   50.0 |    0    0  720   50 | StatusBar$_2000#102 (26274)
04-15 09:53:30.167  1151  1151 D SurfaceFlinger:        DEVICE |           10569914518889 | 00002100 | RGBA_8888    |    0.0    0.0   67.0  353.0 |  653  192  720  545 | com.sec.android.app.launcher/com.sam[...]l.app.CocktailBarService$_2461#16495 (1)
04-15 09:53:30.167  1151  1151 D SurfaceFlinger:        DEVICE |            8589934654691 | 00002100 | RGBA_8888    |    0.0    0.0  720.0   90.0 |    0 1454  720 1544 | NavigationBar0$_2000#98 (17057)
04-15 09:53:30.167  1151  1151 D SurfaceFlinger:
04-15 09:53:30.168  1542  2161 D InputDispatcher: Focus entered window (0): d9d7d3c com.catfact.app.feature.factdetail.test/androidx.test.core.app.InstrumentationActivityInvoker$EmptyActivity
04-15 09:53:30.168  1151  1151 I SurfaceFlinger: [Display 0 name="Built-in Screen"#49] setFrameRateCategory: Default
04-15 09:53:30.168  1151  1151 I SurfaceFlinger: RequestedLayer [com.catfact.app.feature.factdetail.t[...]ivity.ComponentActivity$_19294#18613] hidden!! flag  from(0) --> to(1)
04-15 09:53:30.168  1151  1151 I SurfaceFlinger: [Display 0 name="Built-in Screen"#49] setFrameRateCategory: High
04-15 09:53:30.168  1151  1151 I SurfaceFlinger: destroyed Transition Root: ActivityRecord{183065080 u0 com.catfact.app.feature.factdetail.test/androidx.test.core.app.InstrumentationActivityInvoker$EmptyActivity t3875}#18625
04-15 09:53:30.169  1542  2161 I WindowManager: Relayout Window{89c652 u0 com.catfact.app.feature.factdetail.test/androidx.activity.ComponentActivity}: viewVisibility=8 req=720x1544 ty=1 d0
04-15 09:53:30.170  1151  1151 I Layer   : id=18625 Destroyed Transition Root: ActivityRecord{183065080 u0 com.catfact.app.feature.factdetail.test/androidx.test.core.app.InstrumentationActivityInvoker$EmptyActivity t3875}#18625
04-15 09:53:30.170  1542  2161 I WindowManager: Relayout hash=89c652, pid=19294, syncId=-1: mAttrs={(0,0)(fillxfill) sim={adjust=pan forwardNavigation} layoutInDisplayCutoutMode=always ty=BASE_APPLICATION wanim=0x1030317
04-15 09:53:30.170  1542  2161 I WindowManager:   fl=81810100
04-15 09:53:30.170  1542  2161 I WindowManager:   pfl=100088c0
04-15 09:53:30.170  1542  2161 I WindowManager:   apr=210
04-15 09:53:30.170  1542  2161 I WindowManager:   bhv=1
04-15 09:53:30.170  1542  2161 I WindowManager:   fitSides=0
04-15 09:53:30.170  1542  2161 I WindowManager:   frameRateBoostOnTouch=true
04-15 09:53:30.170  1542  2161 I WindowManager:   dvrrWindowFrameRateHint=true naviIconColor=0}
04-15 09:53:30.170  1151  1151 I BpBinder: onLastStrongRef automatically unlinking death recipients:
04-15 09:53:30.171  2461  2584 I HoneySpace.TopTaskSource: onTaskMovedToFront : taskId = 3514, displayId = 0
04-15 09:53:30.171  2461  2584 I HoneySpace.TopTaskSource: onTaskMovedToFront : taskId = 3801, displayId = 0
04-15 09:53:30.171  2461  2586 I HoneySpace.TopTaskUseCase: topTasks 3801 ComponentInfo{com.google.android.calendar/com.google.android.calendar.allinone.AllInOneCalendarActivity}[displayId=0]
04-15 09:53:30.172 19294 19294 I VRI[ComponentActivity]@9d6528a: Relayout returned: old=(0,0,720,1544) new=(0,0,720,1544) relayoutAsync=false req=(720,1544)8 dur=2 res=0x2 s={false 0x0} ch=true seqId=0
04-15 09:53:30.172 19294 19294 D VRI[ComponentActivity]@9d6528a: Not drawing due to not visible. Reason=!mAppVisible && !mForceDecorViewVisibility
04-15 09:53:30.173 19294 19294 I VRI[ComponentActivity]@9d6528a: stopped(true) old = false
04-15 09:53:30.173 19294 19294 D VRI[ComponentActivity]@9d6528a: WindowStopped on com.catfact.app.feature.factdetail.test/androidx.activity.ComponentActivity set to true
04-15 09:53:30.173 19294 19294 D LifecycleMonitor: Lifecycle status change: androidx.activity.ComponentActivity@c4020e7 in: STOPPED
04-15 09:53:30.173 19294 19294 V ActivityScenario: Update currentActivityStage to STOPPED, currentActivity=androidx.activity.ComponentActivity@c4020e7
04-15 09:53:30.174  2000  2000 D SystemUIService: SYSUI_RAM_OPTIMIZATION onTrimMemory=20
04-15 09:53:30.174  2000  2000 D CentralSurfaces: SYSUI_RAM_OPTIMIZATION onTrimMemory=20
04-15 09:53:30.176  1542  2161 D InputDispatcher: Focus left window (0): d9d7d3c com.catfact.app.feature.factdetail.test/androidx.test.core.app.InstrumentationActivityInvoker$EmptyActivity
04-15 09:53:30.176  2000  2196 D HWUI    : CacheManager::trimMemory(20)
04-15 09:53:30.177  2461 30001 I HoneySpace.RecentTasks: onRecentTasksChanged
04-15 09:53:30.178 19294 19294 W WindowOnBackDispatcher: sendCancelIfRunning: isInProgress=false callback=android.app.Activity$$ExternalSyntheticLambda0@bcf0d56
04-15 09:53:30.178 19294 19294 D LifecycleMonitor: Lifecycle status change: androidx.activity.ComponentActivity@c4020e7 in: DESTROYED
04-15 09:53:30.178 19294 19294 V ActivityScenario: Update currentActivityStage to DESTROYED, currentActivity=null
04-15 09:53:30.179 19294 19294 D ViewRootImpl: Skipping stats log for color mode
04-15 09:53:30.179 19294 19294 I VRI[ComponentActivity]@9d6528a: dispatchDetachedFromWindow
04-15 09:53:30.179  1542  2101 D InputTransport: Input channel destroyed: '89c652 ', fd=1041
04-15 09:53:30.180  1151  2479 I SurfaceFlinger: id=18627 createSurf, flag=24004, Surface(name=1d7a05f InputMethod)/@0x5f77a9d - animation-leash of insets_animation#18627
04-15 09:53:30.182  1542  2101 I ImeTracker: system_server:4ed736b6: onRequestHide at ORIGIN_SERVER reason IME_REQUESTED_CHANGED_LISTENER fromUser false
04-15 09:53:30.182  1542  1584 I ImeTracker: system_server:4ed736b6: onCancelled at PHASE_SERVER_SHOULD_HIDE
04-15 09:53:30.182 19294 19294 D InputTransport: Input channel destroyed: '89c652 ', fd=126
04-15 09:53:30.184  1151  1151 I SurfaceFlinger: RequestedLayer [Surface(name=1d7a05f InputMethod)/@0[...]tion-leash of insets_animation#18627] hidden!! flag  from(1) --> to(0)
04-15 09:53:30.184  1151  1200 I SurfaceFlinger: id=18612 Removed 1fb2bbc ActivityRecordInputSink com.catfact.app.feature.factdetail.test/androidx.activity.ComponentActivity#18612 (186)
04-15 09:53:30.184  1151  1151 E SurfaceFlinger: alpha changed 1.000 -> 0.000 - Surface(name=1d7a05f InputMethod)/@0x5f77a9d - animation-leash of insets_animation#18627
04-15 09:53:30.184  1151  1151 I SurfaceFlinger: [LayerHierarchy{RequestedLayerState{1d7a05f InputMethod#134 parentId=18627} no children}] reparent to LayerHierarchy{RequestedLayerState{Surface(name=1d7a05f InputMethod)/@0x5f77a9d - animation-leash of insets_animation#18627 parentId=120} 1 children}
04-15 09:53:30.184  1151  1151 I SurfaceFlinger: [LayerHierarchy{RequestedLayerState{Surface(name=1d7a05f InputMethod)/@0x5f77a9d - animation-leash of insets_animation#18619} no children}] reparent to OffscreenRoot
04-15 09:53:30.184  1151  1151 I SurfaceFlinger: [LayerHierarchy{RequestedLayerState{Surface(name=1d7a05f InputMethod)/@0x5f77a9d - animation-leash of insets_animation#18619} no children}] RelativeParent to null
04-15 09:53:30.184  1151  1151 I SurfaceFlinger: [Surface(name=1d7a05f InputMethod)/@0x5f77a9d - animation-leash of insets_animation#18627] attach to parent LayerHierarchy{RequestedLayerState{WindowToken{d080c22 type=2011 android.os.Binder@459a5ed}#120 parentId=15} 1 children}
04-15 09:53:30.185 19294 19294 D LifecycleMonitor: Lifecycle status change: androidx.test.core.app.InstrumentationActivityInvoker$EmptyActivity@d37b75e in: PAUSED
04-15 09:53:30.185 19294 19294 V ActivityScenario: Activity lifecycle changed event received but ignored because the intent does not match. startActivityIntent=Intent { act=android.intent.action.MAIN cat=[android.intent.category.LAUNCHER] flg=0x10008000 cmp=com.catfact.app.feature.factdetail.test/androidx.activity.ComponentActivity }, activity.getIntent()=Intent { act=android.intent.action.MAIN cat=[android.intent.category.LAUNCHER] flg=0x10000000 xflg=0x4 cmp=com.catfact.app.feature.factdetail.test/androidx.test.core.app.InstrumentationActivityInvoker$EmptyActivity }, activity=androidx.test.core.app.InstrumentationActivityInvoker$EmptyActivity@d37b75e
04-15 09:53:30.186  1542  4043 I SemDvfsHyPerManager: acquire hyper - AMS_ACT_RESUME/1542@19, type = -999
04-15 09:53:30.186  1059  1180 I HYPER-HAL: [RequestManager.cpp]acquire(): Acquired ID : 1219160  [1542 / 19]    HINT : AMS_ACT_RESUME    list :
04-15 09:53:30.186  1151  2758 I SurfaceFlinger: id=18619 Removed Surface(name=1d7a05f InputMethod)/@0x5f77a9d - animation-leash of insets_animation#18619 (186)
04-15 09:53:30.188  2000  2120 D ViewRootImpl: desktopMode is false
04-15 09:53:30.188  2000  2120 I ViewRootImpl: dVRR is disabled
04-15 09:53:30.188  1542  4043 D InputDispatcher: Focused application(0): ActivityRecord{243114305 u0 com.google.android.calendar/.allinone.AllInOneCalendarActivity t3801}
04-15 09:53:30.188  1542  1825 D AS.MultiSoundManager: mForegroundUid = 10279
04-15 09:53:30.189  2000  2196 D NativeCustomFrequencyManager: [NativeCFMS] BpCustomFrequencyManager::BpCustomFrequencyManager()
04-15 09:53:30.191 19294 19294 I ImeFocusController: onPreWindowFocus: skipped hasWindowFocus=false mHasImeFocus=true
04-15 09:53:30.191 19294 19294 I ImeFocusController: onPostWindowFocus: skipped hasWindowFocus=false mHasImeFocus=true
04-15 09:53:30.192  1542  1598 W libprocessgroup: SetCgroup::ExecuteForProcess: failed to open /dev/cpuctl/foreground-boost/cgroup.procs: No such file or directory
04-15 09:53:30.192  1151  1151 I SurfaceFlinger: destroyed Surface(name=1d7a05f InputMethod)/@0x5f77a9d - animation-leash of insets_animation#18619
04-15 09:53:30.192  1542  1582 D PkgPredictorService-SecIpmManagerServiceImpl: onForegroundActivitiesChanged pid:3979 uid:10279
04-15 09:53:30.192  1542  1582 D NetworkPolicy: already checked 10279
04-15 09:53:30.192  1542  1582 D NetworkPolicy: already checked 10279
04-15 09:53:30.193  1151  1151 I Layer   : id=18619 Destroyed Surface(name=1d7a05f InputMethod)/@0x5f77a9d - animation-leash of insets_animation#18619
04-15 09:53:30.193 19294 19315 D IdlingRegistry: Unregistering idling resources: [androidx.compose.ui.test.EspressoLink@e9db093]
04-15 09:53:30.194  1218  1218 I CameraService: onUidStateChanged: uid=10048, procState is changed. (0 -> 1)
04-15 09:53:30.194  1542  2101 D InputTransport: Input channel constructed: 'a9f7e96', fd=1041
04-15 09:53:30.194 19294 19315 I TestRunner: finished: loadingStateShowsProgressIndicator(com.catfact.app.feature.factdetail.presentation.DetailScreenTest)
