04-15 09:53:26.016  3979  3979 W WindowOnBackDispatcher: sendCancelIfRunning: isInProgress=false callback=android.app.Activity$$ExternalSyntheticLambda0@19e8999
04-15 09:53:26.018  1151  1151 I SurfaceFlinger: id=18490 Removed com.google.android.calendar/com.google.android.calendar.allinone.AllInOneCalendarActivity$_3979#18490 (162)
04-15 09:53:26.020  3979  4808 D HWUI    : CacheManager::trimMemory(20)
04-15 09:53:26.021  3979  3979 D ViewRootImpl: Skipping stats log for color mode
04-15 09:53:26.021  3979  3979 I VRI[AllInOneCalendarActivity]@65809d: dispatchDetachedFromWindow
04-15 09:53:26.021  1542  1821 D InputTransport: Input channel destroyed: 'b6a7246', fd=1248
04-15 09:53:26.022  1542  1821 D SurfaceComposerClient: setCornerRadius ## f6d7816 com.catfact.app.feature.factdetail.test/androidx.activity.ComponentActivity#18503 cornerRadius=0.000000
04-15 09:53:26.022  1542  1821 D SurfaceComposerClient: setCornerRadius ## f6d7816 com.catfact.app.feature.factdetail.test/androidx.activity.ComponentActivity#18503 cornerRadius=0.000000
04-15 09:53:26.022  3979  3979 D InputTransport: Input channel destroyed: 'b6a7246', fd=170
04-15 09:53:26.023  3979  3979 D BBA2    : setIsFg isFg = false; delayValue 3999ms
04-15 09:53:26.025  1151  1151 I SurfaceFlinger: destroyed com.google.android.calendar/com.google.android.calendar.allinone.AllInOneCalendarActivity$_3979#18490
04-15 09:53:26.025  1151  1151 I SurfaceFlinger: [LayerHierarchy{RequestedLayerState{b6a7246 com.google.android.calendar/com.google.android.calendar.allinone.AllInOneCalendarActivity#18489} no children}] reparent to OffscreenRoot
04-15 09:53:26.025  1151  1151 I SurfaceFlinger: [LayerHierarchy{RequestedLayerState{b6a7246 com.google.android.calendar/com.google.android.calendar.allinone.AllInOneCalendarActivity#18489} no children}] RelativeParent to null
04-15 09:53:26.026  1151  1151 I Layer   : id=18490 Destroyed com.google.android.calendar/com.google.android.calendar.allinone.AllInOneCalendarActivity$_3979#18490
04-15 09:53:26.028  1151  1151 I SurfaceFlinger: id=18489 Removed b6a7246 com.google.android.calendar/com.google.android.calendar.allinone.AllInOneCalendarActivity#18489 (161)
04-15 09:53:26.032  1151  1151 I SurfaceFlinger: destroyed b6a7246 com.google.android.calendar/com.google.android.calendar.allinone.AllInOneCalendarActivity#18489
04-15 09:53:26.033  1151  1151 I Layer   : id=18489 Destroyed b6a7246 com.google.android.calendar/com.google.android.calendar.allinone.AllInOneCalendarActivity#18489
04-15 09:53:26.053 19294 19294 I factdetail.test: hiddenapi: Accessing hidden method Landroid/os/SystemProperties;->addChangeCallback(Ljava/lang/Runnable;)V (runtime_flags=0, domain=platform, api=unsupported) from Landroidx/compose/ui/platform/AndroidComposeView$Companion; (domain=app, TargetSdkVersion=36) using reflection: allowed
04-15 09:53:26.072  3756  3756 I InputMethodService: removeImeSurface
04-15 09:53:26.072  3756  3756 I InputMethodService: cancelImeSurfaceRemoval: removeCallbacks
04-15 09:53:26.098  2000  2000 D QSClock : onDarkChanged tint=WHITE
04-15 09:53:26.199 18219 18292 I DigitalKey: [GmsCarKeyFwWorker] runCheckComponentAvailability interval count = 29
04-15 09:53:26.200 18219 18292 I DigitalKey: [GmsCarKeyFwWorker] runCheckComponentAvailability disabled yet (count=29)
04-15 09:53:26.202 18219 18292 I DigitalKey: [GmsCarKeyFwWorker] runCheckComponentAvailability interval count = 29
04-15 09:53:26.202 18219 18292 I DigitalKey: [GmsCarKeyFwWorker] runCheckComponentAvailability disabled yet (count=29)
04-15 09:53:26.203 18219 18292 I DigitalKey: [GmsCarKeyFwWorker] runCheckComponentAvailability interval count = 29
04-15 09:53:26.203 18219 18292 I DigitalKey: [GmsCarKeyFwWorker] runCheckComponentAvailability disabled yet (count=29)
04-15 09:53:26.203  8561  8654 I SCS@AiSearch user 0: (AppsDataWorker) [androidx.work-1] entering in doWork():
04-15 09:53:26.204  8561  8654 I SCS@AiSearch user 0: (AppsDataObserver) [androidx.work-1] entering in execute():
04-15 09:53:26.204  8561  8654 I SCS@AiSearch user 0: (AppsDataObserver-CMD_UPDATE_LIST) changed package count: 1
04-15 09:53:26.206  8561  8654 I SCS@AiSearch user 0: (AppsDataObserver) [androidx.work-1] leaving from execute():  result is true
04-15 09:53:26.206  8561  8654 I SCS@AiSearch user 0: (AppsDataWorker) [androidx.work-1] leaving from doWork():
04-15 09:53:26.206  8561  8602 I WM-WorkerWrapper: Worker result SUCCESS for Work [ id=a528d789-2675-4d4e-a0c9-0b54b6ae7be9, tags={ com.samsung.android.scs.ai.search.data.apps.AppsDataWorker, CMD_UPDATE_LIST } ]
04-15 09:53:26.226 19294 19294 I View    : setRequestedFrameRate frameRate=0.0, this=androidx.compose.ui.platform.AndroidComposeView{f82e871 VFED..... ......I. 0,0-720,1544 aid=1073741824}, caller=android.view.ViewGroup.setRequestedFrameRate:9952 androidx.compose.ui.platform.Api35Impl.setRequestedFrameRate:3822 androidx.compose.ui.platform.AndroidComposeView.dispatchDraw:2114 android.view.View.draw:26345 android.view.View.updateDisplayListIfDirty:25175
04-15 09:53:26.226 19294 19294 I View    : setRequestedFrameRate frameRate=-4.0, this=android.view.View{c271f16 V.ED..... ......I. 0,0-0,0}, caller=androidx.compose.ui.platform.Api35Impl.setRequestedFrameRate:3822 androidx.compose.ui.platform.AndroidComposeView.dispatchDraw:2115 android.view.View.draw:26345 android.view.View.updateDisplayListIfDirty:25175 android.view.View.draw:26072
04-15 09:53:26.233 19294 19294 I View    : setRequestedFrameRate frameRate=NaN, this=androidx.compose.ui.platform.AndroidComposeView{f82e871 VFED..... ........ 0,0-720,1544 aid=1073741824}, caller=android.view.ViewGroup.setRequestedFrameRate:9952 androidx.compose.ui.platform.Api35Impl.setRequestedFrameRate:3822 androidx.compose.ui.platform.AndroidComposeView.dispatchDraw:2114 android.view.View.draw:26345 android.view.View.updateDisplayListIfDirty:25175
04-15 09:53:26.233 19294 19294 I View    : setRequestedFrameRate frameRate=-4.0, this=android.view.View{c271f16 V.ED..... ........ 0,0-0,0}, caller=androidx.compose.ui.platform.Api35Impl.setRequestedFrameRate:3822 androidx.compose.ui.platform.AndroidComposeView.dispatchDraw:2115 android.view.View.draw:26345 android.view.View.updateDisplayListIfDirty:25175 android.view.View.draw:26072
04-15 09:53:26.234 19294 19332 I GSC     : SID[2] : f63a2158e89a0558, Kind: 1, time : 3.118 ms
04-15 09:53:26.238 19294 19332 I GSC     : SID[3] : a5d43e0d6582489f, Kind: 0, time : 3.927 ms
04-15 09:53:26.242 19294 19332 I GSC     : SID[4] : 8be787c94791c0d0, Kind: 1, time : 2.351 ms
04-15 09:53:26.246 19294 19332 I GSC     : SID[5] : 4549be712cc9690d, Kind: 0, time : 3.527 ms
04-15 09:53:26.250 19294 19332 I GSC     : SID[6] : b0da60527cf2974b, Kind: 1, time : 2.600 ms
04-15 09:53:26.253 19294 19332 I GSC     : SID[7] : 6b14dbf9508248c1, Kind: 0, time : 3.300 ms
04-15 09:53:26.301 19294 19294 I View    : setRequestedFrameRate frameRate=NaN, this=androidx.compose.ui.platform.AndroidComposeView{f82e871 VFED..... ........ 0,0-720,1544 aid=1073741824}, caller=android.view.ViewGroup.setRequestedFrameRate:9952 androidx.compose.ui.platform.Api35Impl.setRequestedFrameRate:3822 androidx.compose.ui.platform.AndroidComposeView.dispatchDraw:2114 android.view.View.draw:26345 android.view.View.updateDisplayListIfDirty:25175
04-15 09:53:26.301 19294 19294 I View    : setRequestedFrameRate frameRate=NaN, this=android.view.View{c271f16 V.ED..... ........ 0,0-0,0}, caller=androidx.compose.ui.platform.Api35Impl.setRequestedFrameRate:3822 androidx.compose.ui.platform.AndroidComposeView.dispatchDraw:2115 android.view.View.draw:26345 android.view.View.updateDisplayListIfDirty:25175 android.view.ViewGroup.recreateChildDisplayList:4794
04-15 09:53:26.306  1542  1821 I SemDvfsHyPerManager: acquire hyper - AMS_ACT_START/1542@20, type = -999
04-15 09:53:26.306  1059  1180 I HYPER-HAL: [RequestManager.cpp]acquire(): Acquired ID : 1220723  [1542 / 20]    HINT : AMS_ACT_START    list :
04-15 09:53:26.308  1151  2758 I SurfaceFlinger: id=18512 createSurf, flag=84004, ActivityRecord{126535651 u0 com.catfact.app.feature.factdetail.test/androidx.test.core.app.InstrumentationActivityInvoker$EmptyActivity t3872}#18512
04-15 09:53:26.312 19294 19332 I GSC     : SID[8] : 5541629e65e81fc7, Kind: 1, time : 2.138 ms
04-15 09:53:26.313  3152  3152 E pageboostd: Received HALT command code 2
04-15 09:53:26.313  2000  2105 D ShellDesktopMode: handleRequest: TransitionRequestInfo {type=1, tid=3872, debugId=1653}
04-15 09:53:26.314 19294 19294 D LifecycleMonitor: Lifecycle status change: androidx.activity.ComponentActivity@c7bbd79 in: PAUSED
04-15 09:53:26.314 19294 19294 V ActivityScenario: Update currentActivityStage to PAUSED, currentActivity=androidx.activity.ComponentActivity@c7bbd79
04-15 09:53:26.315  1542  1821 D InputDispatcher: Focused application(0): ActivityRecord{126535651 u0 com.catfact.app.feature.factdetail.test/androidx.test.core.app.InstrumentationActivityInvoker$EmptyActivity t3872}
04-15 09:53:26.315 19294 19332 I GSC     : SID[9] : a5d43e0d6582489f, Kind: 0, time : 3.215 ms
04-15 09:53:26.317  1542  1821 D GraphicsStatsService: requestRenderEngineFor(com.catfact.app.feature.factdetail.test)
04-15 09:53:26.319 19294 19294 D LifecycleMonitor: Lifecycle status change: androidx.test.core.app.InstrumentationActivityInvoker$EmptyActivity@5f951ab in: PRE_ON_CREATE
04-15 09:53:26.319 19294 19294 V ActivityScenario: Activity lifecycle changed event received but ignored because the intent does not match. startActivityIntent=Intent { act=android.intent.action.MAIN cat=[android.intent.category.LAUNCHER] flg=0x10008000 cmp=com.catfact.app.feature.factdetail.test/androidx.activity.ComponentActivity }, activity.getIntent()=Intent { act=android.intent.action.MAIN cat=[android.intent.category.LAUNCHER] flg=0x10000000 xflg=0x4 cmp=com.catfact.app.feature.factdetail.test/androidx.test.core.app.InstrumentationActivityInvoker$EmptyActivity }, activity=androidx.test.core.app.InstrumentationActivityInvoker$EmptyActivity@5f951ab
04-15 09:53:26.320  2461  2461 I HoneySpace.EdgePanel.CocktailHostRepositoryImpl: onNoteResume
04-15 09:53:26.320  2461  2461 I HoneySpace.EdgePanel.EdgePanelContainerViewModel: cocktailHostRepository.edgePanelOperation NoteResumeComponent(componentName=ComponentInfo{com.catfact.app.feature.factdetail.test/androidx.test.core.app.InstrumentationActivityInvoker$EmptyActivity})
04-15 09:53:26.321  2461  2461 I HoneySpace.EdgePanel.ActivityUtils: HomePackage : com.sec.android.app.launcher, resumePackageName : com.catfact.app.feature.factdetail.test, className : androidx.test.core.app.InstrumentationActivityInvoker$EmptyActivity
04-15 09:53:26.322 19294 19294 I DecorView: setWindowBackground: isPopOver=false color=ffffffff d=android.graphics.drawable.ColorDrawable@c54a8dd
04-15 09:53:26.322 19294 19294 D LifecycleMonitor: Lifecycle status change: androidx.test.core.app.InstrumentationActivityInvoker$EmptyActivity@5f951ab in: CREATED
04-15 09:53:26.322 19294 19294 V ActivityScenario: Activity lifecycle changed event received but ignored because the intent does not match. startActivityIntent=Intent { act=android.intent.action.MAIN cat=[android.intent.category.LAUNCHER] flg=0x10008000 cmp=com.catfact.app.feature.factdetail.test/androidx.activity.ComponentActivity }, activity.getIntent()=Intent { act=android.intent.action.MAIN cat=[android.intent.category.LAUNCHER] flg=0x10000000 xflg=0x4 cmp=com.catfact.app.feature.factdetail.test/androidx.test.core.app.InstrumentationActivityInvoker$EmptyActivity }, activity=androidx.test.core.app.InstrumentationActivityInvoker$EmptyActivity@5f951ab
04-15 09:53:26.323 19294 19294 D LifecycleMonitor: Lifecycle status change: androidx.test.core.app.InstrumentationActivityInvoker$EmptyActivity@5f951ab in: STARTED
04-15 09:53:26.323 19294 19294 V ActivityScenario: Activity lifecycle changed event received but ignored because the intent does not match. startActivityIntent=Intent { act=android.intent.action.MAIN cat=[android.intent.category.LAUNCHER] flg=0x10008000 cmp=com.catfact.app.feature.factdetail.test/androidx.activity.ComponentActivity }, activity.getIntent()=Intent { act=android.intent.action.MAIN cat=[android.intent.category.LAUNCHER] flg=0x10000000 xflg=0x4 cmp=com.catfact.app.feature.factdetail.test/androidx.test.core.app.InstrumentationActivityInvoker$EmptyActivity }, activity=androidx.test.core.app.InstrumentationActivityInvoker$EmptyActivity@5f951ab
04-15 09:53:26.323 19294 19294 D LifecycleMonitor: Lifecycle status change: androidx.test.core.app.InstrumentationActivityInvoker$EmptyActivity@5f951ab in: RESUMED
04-15 09:53:26.324 19294 19294 V ActivityScenario: Activity lifecycle changed event received but ignored because the intent does not match. startActivityIntent=Intent { act=android.intent.action.MAIN cat=[android.intent.category.LAUNCHER] flg=0x10008000 cmp=com.catfact.app.feature.factdetail.test/androidx.activity.ComponentActivity }, activity.getIntent()=Intent { act=android.intent.action.MAIN cat=[android.intent.category.LAUNCHER] flg=0x10000000 xflg=0x4 cmp=com.catfact.app.feature.factdetail.test/androidx.test.core.app.InstrumentationActivityInvoker$EmptyActivity }, activity=androidx.test.core.app.InstrumentationActivityInvoker$EmptyActivity@5f951ab
04-15 09:53:26.324  1151  1151 I SurfaceFlinger: [Display 0 name="Built-in Screen"#49] setFrameRateCategory: High
04-15 09:53:26.324  1151  1151 I SurfaceFlinger: [LayerHierarchy{RequestedLayerState{ImeContainer#15 parentId=18498 relativeParentId=18498 z=1} 1 children}] RelativeParent to null
04-15 09:53:26.324 19294 19294 D ViewRootImpl: desktopMode is false
04-15 09:53:26.324  1151  1151 I SurfaceFlinger: [ActivityRecord{126535651 u0 com.catfact.app.feature.factdetail.test/androidx.test.core.app.InstrumentationActivityInvoker$EmptyActivity t3872}#18512] attach to parent LayerHierarchy{RequestedLayerState{Task=3872#18497 parentId=10 z=13} 2 children}
04-15 09:53:26.324 19294 19294 I ViewRootImpl: dVRR is disabled
04-15 09:53:26.324 19294 19332 D NativeCustomFrequencyManager: [NativeCFMS] BpCustomFrequencyManager::BpCustomFrequencyManager()
04-15 09:53:26.326  1542  3827 D InputTransport: Input channel constructed: '20d54a4', fd=1041
04-15 09:53:26.326  1542  3827 D InputTransport: Input channel constructed: '20d54a4', fd=1248
04-15 09:53:26.326  1542  3827 D InputTransport: Input channel constructed: '20d54a4', fd=1306
04-15 09:53:26.326  1542  3827 D InputTransport: Input channel destroyed: '20d54a4', fd=1248
04-15 09:53:26.326  1151  1200 I SurfaceFlinger: id=18513 createSurf, flag=84004, 20d54a4 com.catfact.app.feature.factdetail.test/androidx.test.core.app.InstrumentationActivityInvoker$EmptyActivity#18513
04-15 09:53:26.327  1542  3827 D InputTransport: Input channel destroyed: '20d54a4', fd=1306
04-15 09:53:26.328 19294 19294 D InputTransport: Input channel constructed: '20d54a4', fd=154
04-15 09:53:26.328  2000  2000 D DisplayLifecycle: updateDisplay id = 0
04-15 09:53:26.328  2000  2125 D StackScroller: onDisplayChanged for predraw skip to 2
04-15 09:53:26.328 19294 19294 I InsetsController: onStateChanged: host=com.catfact.app.feature.factdetail.test/androidx.test.core.app.InstrumentationActivityInvoker$EmptyActivity, from=android.view.ViewRootImpl.onInsetsStateChanged:3026, state=InsetsState: {mDisplayFrame=Rect(0, 0 - 720, 1544), mDisplayCutout=DisplayCutout{insets=Rect(0, 50 - 0, 0) waterfall=Insets{left=0, top=0, right=0, bottom=0} boundingRect={Bounds=[Rect(0, 0 - 0, 0), Rect(341, 0 - 379, 50), Rect(0, 0 - 0, 0), Rect(0, 0 - 0, 0)]} cutoutPathParserInfo={CutoutPathParserInfo{displayWidth=720 displayHeight=1544 physicalDisplayWidth=720 physicalDisplayHeight=1544 density={1.875} cutoutSpec={M 0,0 H -10 V 26.66666666666667 H 10 V 0 H 0 Z @dp} rotation={0} scale={1.0} physicalPixelDisplaySizeRatio={1.0}}} sideOverrides={}}, mRoundedCorners=RoundedCorners{[RoundedCorner{position=TopLeft, radius=8, center=Point(8, 8)}, RoundedCorner{position=TopRight, radius=8, center=Point(712, 8)}, RoundedCorner{position=BottomRight, radius=8, center=Point(712, 1536)}, RoundedCorner{position=BottomLeft, radius=8, center=Point(8, 1536)}]}  mRoundedCornerFrame=Rect(0, 0 - 720, 1544), mPrivacyIndicatorBounds=PrivacyIndicatorBounds {static bounds=Rect(637, 0 - 720, 50) rotation=0}, mDisplayShape=DisplayShape{ spec=-311912193 displayWidth=720 displayHeight=1544 physicalPixelDisplaySizeRatio=0.5 rotation=0 offsetX=0 offsetY=0 scale=1.0}, mSources= { InsetsSource: {ec730001 mType=navigationBars mFrame=[0,1454][720,1544] mVisible=true mFlags= mSideHint=BOTTOM mBoundingRects=null}, InsetsSource: {ec730004 mType=systemGestures mFrame=[0,0][0,0] mVisible=true mFlags= mSideHint=NONE mBoundingRects=null}, InsetsSource: {ec730005 mType=mandatorySystemGestures mFrame=[0,1454][720,1544] mVisible=true mFlags= mSideHint=BOTTOM mBoundingRects=null}, InsetsSource: {ec730006 mType=tappableElement mFrame=[0,1454][720,1544] mVisible=true mFlags= mSideHint=BOTTOM mBoundingRects=null}, InsetsSource: {ec730024 mType=systemGestures mFrame=[0,0][0,0] mVisible=true mFlags= mSideHint=NONE mBoundingRects=null}, InsetsSource: {3 mType=ime mFrame=[0,0][0,0] mVisible=false mFlags= mSideHint=NONE mBoundingRects=null}, InsetsSource: {27 mType=displayCutout mFrame=[0,0][720,50] mVisible=true mFlags= mSideHint=TOP mBoundingRects=null}, InsetsSource: {43950000 mType=statusBars mFrame=[0,0][720,50] mVisible=true mFlags= mSideHint=TOP mBoundingRects=null}, InsetsSource: {43950005 mType=mandatorySystemGestures mFrame=[0,0][720,73] mVisible=true mFlags= mSideHint=TOP mBoundingRects=null}, InsetsSource: {43950006 mType=tappableElement mFrame=[0,0][720,50] mVisible=true mFlags= mSideHint=TOP mBoundingRects=null} }
04-15 09:53:26.328 19294 19294 I VRI[InstrumentationActivityInvoker$EmptyActivity]@ecad820: synced displayState. AttachInfo displayState=2
04-15 09:53:26.329 19294 19294 I VRI[InstrumentationActivityInvoker$EmptyActivity]@ecad820: setView = com.android.internal.policy.DecorView@ac6767f IsHRR=false mFlingFrameRateChange=0 TM=true
04-15 09:53:26.329  2461  4179 I HoneySpace.Memory-Monitor: current state = 2, didTrim = false
04-15 09:53:26.329  1542  1585 D SurfaceComposerClient: setCornerRadius ## 20d54a4 com.catfact.app.feature.factdetail.test/androidx.test.core.app.InstrumentationActivityInvoker$EmptyActivity#18513 cornerRadius=0.000000
04-15 09:53:26.330  1542  3827 I WindowManager: Relayout Window{20d54a4 u0 com.catfact.app.feature.factdetail.test/androidx.test.core.app.InstrumentationActivityInvoker$EmptyActivity}: viewVisibility=0 req=720x1544 ty=1 d0
04-15 09:53:26.330  1151  1200 I SurfaceFlinger: id=18514 createSurf, flag=44004, com.catfact.app.feature.factdetail.test/androidx.test.core.app.InstrumentationActivityInvoker$EmptyActivity$_19294#18514
04-15 09:53:26.331  1542  3827 D SurfaceComposerClient: setCornerRadius ## 20d54a4 com.catfact.app.feature.factdetail.test/androidx.test.core.app.InstrumentationActivityInvoker$EmptyActivity#18513 cornerRadius=0.000000
04-15 09:53:26.331  1542  3827 D SurfaceComposerClient: setCornerRadius ## 20d54a4 com.catfact.app.feature.factdetail.test/androidx.test.core.app.InstrumentationActivityInvoker$EmptyActivity#18513 cornerRadius=0.000000
04-15 09:53:26.332  1151  1151 I SurfaceFlinger: [20d54a4 com.catfact.app.feature.factdetail.test/androidx.test.core.app.InstrumentationActivityInvoker$EmptyActivity#18513] attach to parent LayerHierarchy{RequestedLayerState{ActivityRecord{126535651 u0 com.catfact.app.feature.factdetail.test/androidx.test.core.app.InstrumentationActivityInvoker$EmptyActivity t3872}#18512 parentId=18497} 1 children}
04-15 09:53:26.332  1151  1151 I SurfaceFlinger: [com.catfact.app.feature.factdetail.test/androidx.test.core.app.InstrumentationActivityInvoker$EmptyActivity$_19294#18514] attach to parent LayerHierarchy{RequestedLayerState{20d54a4 com.catfact.app.feature.factdetail.test/androidx.test.core.app.InstrumentationActivityInvoker$EmptyActivity#18513 parentId=18512} 1 children}
04-15 09:53:26.332  1151  1200 I SurfaceFlinger: id=18515 createSurf, flag=24000, Surface(name=3edafdc StatusBar)/@0x3b919ed - animation-leash of insets_animation#18515
04-15 09:53:26.332  1151  1151 I BpBinder: onLastStrongRef automatically unlinking death recipients:
04-15 09:53:26.333  1151  1200 I SurfaceFlinger: id=18516 createSurf, flag=24000, Surface(name=8c5cec7 NavigationBar0)/@0xa68870 - animation-leash of insets_animation#18516
04-15 09:53:26.334  1151  1338 D SurfaceFlinger: [input] setFocusedWindow: <null>
04-15 09:53:26.334  1542  2161 D InputDispatcher: Focus left window (0): f6d7816 com.catfact.app.feature.factdetail.test/androidx.activity.ComponentActivity
04-15 09:53:26.334  1542  3827 I SystemKeyManager: requested systemKeyInfo size=1 focusedWindow=com.catfact.app.feature.factdetail.test/androidx.test.core.app.InstrumentationActivityInvoker$EmptyActivity
04-15 09:53:26.334  1542  3827 I SystemKeyManager: requested systemKeyInfo size=1 focusedWindow=com.catfact.app.feature.factdetail.test/androidx.test.core.app.InstrumentationActivityInvoker$EmptyActivity
04-15 09:53:26.334  1542  1821 D InputDispatcher: Once focus requested (0): <null>
04-15 09:53:26.334  1542  3827 I WindowManager: Relayout hash=20d54a4, pid=19294, syncId=-1: mAttrs={(0,0)(fillxfill) sim={adjust=pan forwardNavigation} layoutInDisplayCutoutMode=always ty=BASE_APPLICATION
04-15 09:53:26.334  1542  3827 I WindowManager:   fl=81810100
04-15 09:53:26.334  1542  3827 I WindowManager:   pfl=100088c0
04-15 09:53:26.334  1542  3827 I WindowManager:   bhv=1
04-15 09:53:26.334  1542  3827 I WindowManager:   fitSides=0
04-15 09:53:26.334  1542  3827 I WindowManager:   frameRateBoostOnTouch=true
04-15 09:53:26.334  1542  3827 I WindowManager:   dvrrWindowFrameRateHint=true naviIconColor=0}
04-15 09:53:26.335  2000  2000 D NavigationBar: onSystemBarAttributesChanged() -  displayId:0, appearance:16, packageName: com.catfact.app.feature.factdetail.test (APPEARANCE_LIGHT_NAVIGATION_BARS ), navbarColorManagedByIme:false
04-15 09:53:26.335 19294 19294 I BLASTBufferQueue_Java: new BLASTBufferQueue, mName= VRI[InstrumentationActivityInvoker$EmptyActivity]@ecad820 mNativeObject= 0xb40000741c5cee40 caller= android.view.ViewRootImpl.updateBlastSurfaceIfNeeded:3585 android.view.ViewRootImpl.relayoutWindow:11685 android.view.ViewRootImpl.performTraversals:4804 android.view.ViewRootImpl.doTraversal:3924 android.view.ViewRootImpl$TraversalRunnable.run:12903 android.view.Choreographer$CallbackRecord.run:1901 android.view.Choreographer$CallbackRecord.run:1910 android.view.Choreographer.doCallbacks:1367 android.view.Choreographer.doFrame:1292 android.view.Choreographer$FrameDisplayEventReceiver.run:1870
04-15 09:53:26.335 19294 19294 I BLASTBufferQueue_Java: update, w= 720 h= 1544 mName = VRI[InstrumentationActivityInvoker$EmptyActivity]@ecad820 mNativeObject= 0xb40000741c5cee40 sc.mNativeObject= 0xb40000751c4f3e90 format= -1 caller= android.view.ViewRootImpl.updateBlastSurfaceIfNeeded:3590 android.view.ViewRootImpl.relayoutWindow:11685 android.view.ViewRootImpl.performTraversals:4804 android.view.ViewRootImpl.doTraversal:3924 android.view.ViewRootImpl$TraversalRunnable.run:12903 android.view.Choreographer$CallbackRecord.run:1901
04-15 09:53:26.336 19294 19294 I VRI[InstrumentationActivityInvoker$EmptyActivity]@ecad820: Relayout returned: old=(0,0,720,1544) new=(0,0,720,1544) relayoutAsync=false req=(720,1544)0 dur=5 res=0x3 s={true 0xb40000748c528f40} ch=true seqId=0
04-15 09:53:26.336 19294 19294 I VRI[InstrumentationActivityInvoker$EmptyActivity]@ecad820: performConfigurationChange setNightDimText nightDimLevel=0
04-15 09:53:26.336 19294 19294 D VRI[InstrumentationActivityInvoker$EmptyActivity]@ecad820: mThreadedRenderer.initialize() mSurface={isValid=true 0xb40000748c528f40} hwInitialized=true
04-15 09:53:26.337 19294 19294 D VRI[InstrumentationActivityInvoker$EmptyActivity]@ecad820: reportNextDraw android.view.ViewRootImpl.performTraversals:5443 android.view.ViewRootImpl.doTraversal:3924 android.view.ViewRootImpl$TraversalRunnable.run:12903 android.view.Choreographer$CallbackRecord.run:1901 android.view.Choreographer$CallbackRecord.run:1910
04-15 09:53:26.337 19294 19294 D VRI[InstrumentationActivityInvoker$EmptyActivity]@ecad820: Setup new sync=wmsSync-VRI[InstrumentationActivityInvoker$EmptyActivity]@ecad820#2
04-15 09:53:26.337 19294 19294 I VRI[InstrumentationActivityInvoker$EmptyActivity]@ecad820: Creating new active sync group VRI[InstrumentationActivityInvoker$EmptyActivity]@ecad820#3
04-15 09:53:26.337 19294 19294 D VRI[InstrumentationActivityInvoker$EmptyActivity]@ecad820: registerCallbacksForSync syncBuffer=false
04-15 09:53:26.337 19294 19345 D VRI[InstrumentationActivityInvoker$EmptyActivity]@ecad820: Received frameDrawingCallback syncResult=0 frameNum=1.
04-15 09:53:26.337 19294 19345 I VRI[InstrumentationActivityInvoker$EmptyActivity]@ecad820: mWNT: t=0xb4000074fc51ba50 mBlastBufferQueue=0xb40000741c5cee40 fn= 1 HdrRenderState mRenderHdrSdrRatio=1.0 caller= android.view.ViewRootImpl$12.onFrameDraw:15441 android.view.ThreadedRenderer$1.onFrameDraw:718 <bottom of call stack>
04-15 09:53:26.337 19294 19345 I VRI[InstrumentationActivityInvoker$EmptyActivity]@ecad820: Setting up sync and frameCommitCallback
04-15 09:53:26.338 19294 19332 I BLASTBufferQueue: [VRI[InstrumentationActivityInvoker$EmptyActivity]@ecad820#1](f:0,a:0,s:0) onFrameAvailable the first frame is available
04-15 09:53:26.338 19294 19332 I VRI[InstrumentationActivityInvoker$EmptyActivity]@ecad820: Received frameCommittedCallback lastAttemptedDrawFrameNum=1 didProduceBuffer=true
04-15 09:53:26.338  1151  1378 I SurfaceFlinger: [com.catfact.app.feature.factdetail.test/androidx.test.core.app.InstrumentationActivityInvoker$EmptyActivity$_19294#18514] setTransactionState with the first frame. bufferData(ID: 82867099009028, frameNumber: 1)
04-15 09:53:26.338 19294 19332 D HWUI    : CFMS:: SetUp Pid : 19294    Tid : 19332
04-15 09:53:26.338 19294 19294 D VRI[InstrumentationActivityInvoker$EmptyActivity]@ecad820: reportDrawFinished seqId=0
04-15 09:53:26.339 19294 19332 D HWUI    : HWUI - treat SMPTE_170M as sRGB
04-15 09:53:26.339  1542  1585 D SurfaceComposerClient: setCornerRadius ## 20d54a4 com.catfact.app.feature.factdetail.test/androidx.test.core.app.InstrumentationActivityInvoker$EmptyActivity#18513 cornerRadius=0.000000
04-15 09:53:26.339  1542  1585 D SurfaceComposerClient: setCornerRadius ## 20d54a4 com.catfact.app.feature.factdetail.test/androidx.test.core.app.InstrumentationActivityInvoker$EmptyActivity#18513 cornerRadius=0.000000
04-15 09:53:26.339  1542  1585 I SemDvfsHyPerManager: acquire hyper - AMS_RESUME_TAIL/1542@22, type = -999
04-15 09:53:26.339  1542  1585 I SemDvfsHyPerManager: acquire hyper - AMS_ACT_LAZY/1542@23, type = -999
04-15 09:53:26.339  1059  1180 I HYPER-HAL: [RequestManager.cpp]acquire(): Acquired ID : 1223852  [1542 / 22]    HINT : AMS_RESUME_TAIL    list :
04-15 09:53:26.340  1151  1378 I SurfaceFlinger: id=18517 createSurf, flag=84004, Transition Root: ActivityRecord{126535651 u0 com.catfact.app.feature.factdetail.test/androidx.test.core.app.InstrumentationActivityInvoker$EmptyActivity t3872}#18517
04-15 09:53:26.340 19294 19294 I ImeFocusController: onPreWindowFocus: skipped hasWindowFocus=false mHasImeFocus=true
04-15 09:53:26.340 19294 19294 I ImeFocusController: onPostWindowFocus: skipped hasWindowFocus=false mHasImeFocus=true
04-15 09:53:26.341  1059  1180 I HYPER-HAL: [RequestManager.cpp]releaseLocked(): Released ID : 1220723
04-15 09:53:26.341  1151  1151 I SurfaceFlinger: [LayerHierarchy{RequestedLayerState{8c5cec7 NavigationBar0#91 parentId=18516} 1 children}] reparent to LayerHierarchy{RequestedLayerState{Surface(name=8c5cec7 NavigationBar0)/@0xa68870 - animation-leash of insets_animation#18516 parentId=90} 1 children}
04-15 09:53:26.341  1151  1151 I SurfaceFlinger: [LayerHierarchy{RequestedLayerState{3edafdc StatusBar#95 parentId=18515} 1 children}] reparent to LayerHierarchy{RequestedLayerState{Surface(name=3edafdc StatusBar)/@0x3b919ed - animation-leash of insets_animation#18515 parentId=94} 1 children}
04-15 09:53:26.341  1151  1151 I SurfaceFlinger: [LayerHierarchy{RequestedLayerState{Surface(name=3edafdc StatusBar)/@0x3b919ed - animation-leash of insets_animation#18508} no children}] reparent to OffscreenRoot
04-15 09:53:26.341  1151  1151 I SurfaceFlinger: [LayerHierarchy{RequestedLayerState{Surface(name=3edafdc StatusBar)/@0x3b919ed - animation-leash of insets_animation#18508} no children}] RelativeParent to null
04-15 09:53:26.341  1151  1151 I SurfaceFlinger: [LayerHierarchy{RequestedLayerState{Surface(name=8c5cec7 NavigationBar0)/@0xa68870 - animation-leash of insets_animation#18509} no children}] reparent to OffscreenRoot
04-15 09:53:26.341  1151  1151 I SurfaceFlinger: [LayerHierarchy{RequestedLayerState{Surface(name=8c5cec7 NavigationBar0)/@0xa68870 - animation-leash of insets_animation#18509} no children}] RelativeParent to null
04-15 09:53:26.341  1151  1151 I SurfaceFlinger: [Surface(name=3edafdc StatusBar)/@0x3b919ed - animation-leash of insets_animation#18515] attach to parent LayerHierarchy{RequestedLayerState{WindowToken{7a8fc4f type=2000 android.os.BinderProxy@a9d7329}#94 parentId=17} 1 children}
04-15 09:53:26.341  1151  1151 I SurfaceFlinger: [Surface(name=8c5cec7 NavigationBar0)/@0xa68870 - animation-leash of insets_animation#18516] attach to parent LayerHierarchy{RequestedLayerState{WindowToken{fc018e2 type=2019 android.os.BinderProxy@bda3ac4}#90 parentId=34} 1 children}
04-15 09:53:26.341  1151  1151 I SurfaceFlinger: [Transition Root: ActivityRecord{126535651 u0 com.catfact.app.feature.factdetail.test/androidx.test.core.app.InstrumentationActivityInvoker$EmptyActivity t3872}#18517] attach to parent LayerHierarchy{RequestedLayerState{Task=3872#18497 parentId=10 z=13} 3 children}
04-15 09:53:26.342  1542  1585 I SurfaceControlRegistry: show, t=StartTransaction_SyncId<1653> sc=ActivityRecord{126535651 u0 com.catfact.app.feature.factdetail.test/androidx.test.core.app.InstrumentationActivityInvoker$EmptyActivity t3872}, caller=android.view.SurfaceControl$Transaction.show:3557 com.android.server.wm.Transition.onTransactionReady:2048 com.android.server.wm.BLASTSyncEngine$SyncGroup.finishNow:240 com.android.server.wm.BLASTSyncEngine.onSurfacePlacement:263 com.android.server.wm.RootWindowContainer.performSurfacePlacementNoTrace:1083 com.android.server.wm.WindowSurfacePlacer.performSurfacePlacement:166
04-15 09:53:26.342  1542  1585 D SurfaceComposerClient: setCornerRadius ## ActivityRecord{166590009 u0 com.catfact.app.feature.factdetail.test/androidx.activity.ComponentActivity t3872}#18498 cornerRadius=0.000000
04-15 09:53:26.342  1542  1585 D SurfaceComposerClient: setCornerRadius ## ActivityRecord{126535651 u0 com.catfact.app.feature.factdetail.test/androidx.test.core.app.InstrumentationActivityInvoker$EmptyActivity t3872}#18512 cornerRadius=0.000000
04-15 09:53:26.342  1542  1585 D ScreenCapture: [Capture_TEST] : setIsScreenShotBySystem false
04-15 09:53:26.342  1542  1585 I SurfaceComposerClient: captureLayers:childrenOnly:1, sync:1
04-15 09:53:26.343  1542  1581 I ActivityTaskManager: Displayed com.catfact.app.feature.factdetail.test/androidx.test.core.app.InstrumentationActivityInvoker$EmptyActivity for user 0: +35ms
04-15 09:53:26.343  3152  3152 E pageboostd: Received HALT command code 2
04-15 09:53:26.344  2000  2105 I SurfaceControlRegistry: hide, t=FinishTransaction_SyncId<1653> sc=ActivityRecord{166590009 u0 com.catfact.app.feature.factdetail.test/androidx.activity.ComponentActivity t3872}, caller=android.view.SurfaceControl$Transaction.hide:3583 com.android.wm.shell.transition.Transitions.dispatchReady:1263 com.android.wm.shell.transition.Transitions.onTransitionReady:251 com.android.wm.shell.transition.Transitions$TransitionPlayerImpl$$ExternalSyntheticLambda0.run:13 android.os.Handler.handleCallback:995 android.os.Handler.dispatchMessage:103
04-15 09:53:26.344  2000  2105 I SurfaceControlRegistry: show, t=StartTransaction_SyncId<1653> sc=ActivityRecord{126535651 u0 com.catfact.app.feature.factdetail.test/androidx.test.core.app.InstrumentationActivityInvoker$EmptyActivity t3872}, caller=android.view.SurfaceControl$Transaction.show:3557 com.android.wm.shell.transition.Transitions.dispatchReady:1279 com.android.wm.shell.transition.Transitions.onTransitionReady:251 com.android.wm.shell.transition.Transitions$TransitionPlayerImpl$$ExternalSyntheticLambda0.run:13 android.os.Handler.handleCallback:995 android.os.Handler.dispatchMessage:103
04-15 09:53:26.344  2000  2105 I SurfaceControlRegistry: show, t=FinishTransaction_SyncId<1653> sc=ActivityRecord{126535651 u0 com.catfact.app.feature.factdetail.test/androidx.test.core.app.InstrumentationActivityInvoker$EmptyActivity t3872}, caller=android.view.SurfaceControl$Transaction.show:3557 com.android.wm.shell.transition.Transitions.dispatchReady:1330 com.android.wm.shell.transition.Transitions.onTransitionReady:251 com.android.wm.shell.transition.Transitions$TransitionPlayerImpl$$ExternalSyntheticLambda0.run:13 android.os.Handler.handleCallback:995 android.os.Handler.dispatchMessage:103
04-15 09:53:26.344  2000  2105 I SurfaceControlRegistry: show, t=StartTransaction_SyncId<1653> sc=Transition Root: ActivityRecord{126535651 u0 com.catfact.app.feature.factdetail.test/androidx.test.core.app.InstrumentationActivityInvoker$EmptyActivity t3872}, caller=android.view.SurfaceControl$Transaction.show:3557 com.android.wm.shell.transition.Transitions.playTransition:79 com.android.wm.shell.transition.Transitions.processReadyQueue:239 com.android.wm.shell.transition.Transitions.dispatchReady:1352 com.android.wm.shell.transition.Transitions.onTransitionReady:251 com.android.wm.shell.transition.Transitions$TransitionPlayerImpl$$ExternalSyntheticLambda0.run:13
04-15 09:53:26.344  2000  2105 I SurfaceControlRegistry: apply, t=StartTransaction_SyncId<1653>, caller=android.view.SurfaceControl$Transaction.apply:3459 android.view.SurfaceControl$Transaction.apply:3447 android.view.SurfaceControl$Transaction.apply:3397 com.android.wm.shell.transition.DefaultTransitionHandler.startAnimation:3387 com.android.wm.shell.transition.Transitions.dispatchTransition:90 com.android.wm.shell.transition.Transitions.playTransition:774
04-15 09:53:26.345  2000  2105 I SurfaceControlRegistry: apply, t=FinishTransaction_SyncId<1653>, caller=android.view.SurfaceControl$Transaction.apply:3459 android.view.SurfaceControl$Transaction.apply:3447 android.view.SurfaceControl$Transaction.apply:3397 com.android.wm.shell.transition.Transitions.onFinish:315 com.android.wm.shell.transition.Transitions$$ExternalSyntheticLambda7.onTransitionFinished:12 com.android.wm.shell.transition.DefaultTransitionHandler$$ExternalSyntheticLambda2.run:36
04-15 09:53:26.345  1151  1338 D SurfaceFlinger: [input] setFocusedWindow: 20d54a4 com.catfact.app.feature.factdetail.test/androidx.test.core.app.InstrumentationActivityInvoker$EmptyActivity
04-15 09:53:26.345  1542  2101 D InputDispatcher: Once focus requested (0): 20d54a4 com.catfact.app.feature.factdetail.test/androidx.test.core.app.InstrumentationActivityInvoker$EmptyActivity
04-15 09:53:26.345  1542  2101 D InputDispatcher: Focus request (0): 20d54a4 com.catfact.app.feature.factdetail.test/androidx.test.core.app.InstrumentationActivityInvoker$EmptyActivity but waiting because NOT_VISIBLE
04-15 09:53:26.346 19294 19332 I GSC     : SID[10] : e0e6a6990a1a5e2d, Kind: 1, time : 2.611 ms
04-15 09:53:26.346  1151  1378 I SurfaceFlinger: Capture layer list: 	 com.catfact.app.feature.factdetail.test/androidx.activity.ComponentActivity$_19294#18507(seamlessTransition:0)
04-15 09:53:26.346  1151  1378 I CompositionEngine: [setDisplaySize] size=(720, 1544)
04-15 09:53:26.347  1151  1206 D RenderEngine: [SEC_SF_EFFECTS] drawLayersInternal,1494, Rendering layer ScreenCaptureFillLayer at index 0
04-15 09:53:26.347  1151  1206 D RenderEngine: [SEC_SF_EFFECTS] drawLayersInternal,1494, Rendering layer com.catfact.app.feature.factdetail.test/androidx.activity.ComponentActivity$_19294#18507 at index 1
04-15 09:53:26.348  1542  1585 D SurfaceComposerClient: setCornerRadius ## 20d54a4 com.catfact.app.feature.factdetail.test/androidx.test.core.app.InstrumentationActivityInvoker$EmptyActivity#18513 cornerRadius=0.000000
04-15 09:53:26.349  1151  1151 I SurfaceFlinger: RequestedLayer [ActivityRecord{126535651 u0 com.catf[...]tyInvoker$EmptyActivity t3872}#18512] hidden!! flag  from(1) --> to(0)
04-15 09:53:26.349  1151  1151 E SurfaceFlinger: alpha changed 1.000 -> 0.000 - ActivityRecord{126535651 u0 com.catfact.app.feature.factdetail.test/androidx.test.core.app.InstrumentationActivityInvoker$EmptyActivity t3872}#18512
04-15 09:53:26.349  1151  1151 I SurfaceFlinger: RequestedLayer [20d54a4 com.catfact.app.feature.fact[...]nActivityInvoker$EmptyActivity#18513] hidden!! flag  from(1) --> to(0)
04-15 09:53:26.349  1151  1151 I SurfaceFlinger: RequestedLayer [com.catfact.app.feature.factdetail.t[...]tyInvoker$EmptyActivity$_19294#18514] hidden!! flag  from(1) --> to(0)
04-15 09:53:26.349  1151  1151 I SurfaceFlinger: RequestedLayer [Transition Root: ActivityRecord{1265[...]tyInvoker$EmptyActivity t3872}#18517] hidden!! flag  from(1) --> to(0)
04-15 09:53:26.349  1151  1151 I SurfaceFlinger: RequestedLayer [ActivityRecord{166590009 u0 com.catf[...]ivity.ComponentActivity t3872}#18498] hidden!! flag  from(0) --> to(1)
04-15 09:53:26.349  1151  1151 E SurfaceFlinger: alpha changed 0.000 -> 1.000 - ActivityRecord{126535651 u0 com.catfact.app.feature.factdetail.test/androidx.test.core.app.InstrumentationActivityInvoker$EmptyActivity t3872}#18512
04-15 09:53:26.349 19294 19332 I GSC     : SID[11] : a5d43e0d6582489f, Kind: 0, time : 2.740 ms
04-15 09:53:26.349  1151  1151 I SurfaceFlinger: [LayerHierarchy{RequestedLayerState{ActivityRecord{166590009 u0 com.catfact.app.feature.factdetail.test/androidx.activity.ComponentActivity t3872}#18498 parentId=18497} 3 children}] reparent to LayerHierarchy{RequestedLayerState{Task=3872#18497 parentId=10 z=13} 3 children}
04-15 09:53:26.349  1151  1151 I SurfaceFlinger: [LayerHierarchy{RequestedLayerState{ActivityRecord{126535651 u0 com.catfact.app.feature.factdetail.test/androidx.test.core.app.InstrumentationActivityInvoker$EmptyActivity t3872}#18512 parentId=18497 z=1} 1 children}] reparent to LayerHierarchy{RequestedLayerState{Task=3872#18497 parentId=10 z=13} 3 children}
04-15 09:53:26.349  1151  1151 I SurfaceFlinger: [LayerHierarchy{RequestedLayerState{Transition Root: ActivityRecord{126535651 u0 com.catfact.app.feature.factdetail.test/androidx.test.core.app.InstrumentationActivityInvoker$EmptyActivity t3872}#18517 z=1} no children}] reparent to OffscreenRoot
04-15 09:53:26.349  1151  1151 I SurfaceFlinger: [LayerHierarchy{RequestedLayerState{Transition Root: ActivityRecord{126535651 u0 com.catfact.app.feature.factdetail.test/androidx.test.core.app.InstrumentationActivityInvoker$EmptyActivity t3872}#18517 z=1} no children}] RelativeParent to null
04-15 09:53:26.349  1542  1585 D SurfaceComposerClient: setCornerRadius ## 20d54a4 com.catfact.app.feature.factdetail.test/androidx.test.core.app.InstrumentationActivityInvoker$EmptyActivity#18513 cornerRadius=0.000000
04-15 09:53:26.349  2000  2000 D NavigationBar: onSystemBarAttributesChanged() -  displayId:0, appearance:0, packageName: com.catfact.app.feature.factdetail.test, navbarColorManagedByIme:false
04-15 09:53:26.350  2000  2000 D SamsungLightBarControlHelper: updateNavigationBar (WHITE button) isLightOpaque:false, hasLightNavigationBarFlag:false, packageName:com.catfact.app.feature.factdetail.test, DirectReplying:false, NavBarColorMangedByIme:false, ForceDarkForScrim:false, ForceLightForScrim:false, QsCustomizing:false, QsExpanded:false
04-15 09:53:26.351  1151  2758 I SurfaceFlinger: id=18518 createSurf, flag=84000, ef0279d ActivityRecordInputSink com.catfact.app.feature.factdetail.test/androidx.test.core.app.InstrumentationActivityInvoker$EmptyActivity#18518
04-15 09:53:26.354  1151  1151 D SurfaceFlinger: Display 4633128672291735999 HWC layers:
04-15 09:53:26.354  1151  1151 D SurfaceFlinger:        DEVICE |           82867099009028 | 00002102 | RGBA_8888    |    0.0    0.0  720.0 1544.0 |    0    0  720 1544 | com.catfact.app.feature.factdetail.t[...]tyInvoker$EmptyActivity$_19294#18514 (1)
04-15 09:53:26.354  1151  1151 D SurfaceFlinger:        DEVICE |            8589934654704 | 00002100 | RGBA_8888    |    0.0    0.0  720.0   50.0 |    0    0  720   50 | StatusBar$_2000#102 (26183)
04-15 09:53:26.354  1151  1151 D SurfaceFlinger:        DEVICE |           10569914518889 | 00002100 | RGBA_8888    |    0.0    0.0   67.0  353.0 |  653  192  720  545 | com.sec.android.app.launcher/com.sam[...]l.app.CocktailBarService$_2461#16495 (1)
04-15 09:53:26.354  1151  1151 D SurfaceFlinger:        DEVICE |            8589934654693 | 00002100 | RGBA_8888    |    0.0    0.0  720.0   90.0 |    0 1454  720 1544 | NavigationBar0$_2000#98 (16963)
04-15 09:53:26.354  1151  1151 D SurfaceFlinger:
04-15 09:53:26.354 19294 19294 I VRI[ComponentActivity]@18998d2: handleAppVisibility mAppVisible = true visible = false
04-15 09:53:26.354 19294 19294 D VRI[ComponentActivity]@18998d2: visibilityChanged oldVisibility=true newVisibility=false
04-15 09:53:26.354  1542  3827 D InputDispatcher: Focus entered window (0): 20d54a4 com.catfact.app.feature.factdetail.test/androidx.test.core.app.InstrumentationActivityInvoker$EmptyActivity
04-15 09:53:26.354 19294 19294 I VRI[ComponentActivity]@18998d2: stopped(true) old = false
04-15 09:53:26.354 19294 19294 D VRI[ComponentActivity]@18998d2: WindowStopped on com.catfact.app.feature.factdetail.test/androidx.activity.ComponentActivity set to true
04-15 09:53:26.356 19294 19294 D LifecycleMonitor: Lifecycle status change: androidx.activity.ComponentActivity@c7bbd79 in: STOPPED
04-15 09:53:26.356 19294 19294 V ActivityScenario: Update currentActivityStage to STOPPED, currentActivity=androidx.activity.ComponentActivity@c7bbd79
04-15 09:53:26.357  1151  1151 I SurfaceFlinger: [Display 0 name="Built-in Screen"#49] setFrameRateCategory: Default
04-15 09:53:26.357  1151  1151 I SurfaceFlinger: RequestedLayer [com.catfact.app.feature.factdetail.t[...]ivity.ComponentActivity$_19294#18507] hidden!! flag  from(0) --> to(1)
04-15 09:53:26.358  1151  1151 I SurfaceFlinger: [LayerHierarchy{RequestedLayerState{Transition Root: ActivityRecord{126535651 u0 com.catfact.app.feature.factdetail.test/androidx.test.core.app.InstrumentationActivityInvoker$EmptyActivity t3872}#18517 z=1} no children}] reparent to OffscreenRoot
04-15 09:53:26.358  1151  1151 I SurfaceFlinger: [LayerHierarchy{RequestedLayerState{Transition Root: ActivityRecord{126535651 u0 com.catfact.app.feature.factdetail.test/androidx.test.core.app.InstrumentationActivityInvoker$EmptyActivity t3872}#18517 z=1} no children}] RelativeParent to null
04-15 09:53:26.358  1151  1151 I SurfaceFlinger: [ef0279d ActivityRecordInputSink com.catfact.app.feature.factdetail.test/androidx.test.core.app.InstrumentationActivityInvoker$EmptyActivity#18518] attach to parent LayerHierarchy{RequestedLayerState{ActivityRecord{126535651 u0 com.catfact.app.feature.factdetail.test/androidx.test.core.app.InstrumentationActivityInvoker$EmptyActivity t3872}#18512 parentId=18497 z=1} 2 children}
04-15 09:53:26.358  2000  2000 D SystemUIService: SYSUI_RAM_OPTIMIZATION onTrimMemory=20
04-15 09:53:26.358  2000  2000 D CentralSurfaces: SYSUI_RAM_OPTIMIZATION onTrimMemory=20
04-15 09:53:26.358  2000  2000 D SystemUIService: SYSUI_RAM_OPTIMIZATION onTrimMemory=20
04-15 09:53:26.358  2000  2000 D CentralSurfaces: SYSUI_RAM_OPTIMIZATION onTrimMemory=20
04-15 09:53:26.359  2000  2196 D HWUI    : CacheManager::trimMemory(20)
04-15 09:53:26.359  1151  1151 I SurfaceFlinger: id=18517 Removed Transition Root: ActivityRecord{126535651 u0 com.catfact.app.feature.factdetail.test/androidx.test.core.app.InstrumentationActivityInvoker$EmptyActivity t3872}#18517 (167)
04-15 09:53:26.360  2000  2196 D HWUI    : CacheManager::trimMemory(20)
04-15 09:53:26.362  2461  4179 I HoneySpace.Memory-Monitor: current state = 2, didTrim = false
04-15 09:53:26.363  1542  1585 D SurfaceComposerClient: setCornerRadius ## 20d54a4 com.catfact.app.feature.factdetail.test/androidx.test.core.app.InstrumentationActivityInvoker$EmptyActivity#18513 cornerRadius=0.000000
04-15 09:53:26.364  2000  2125 D StackScroller: onDisplayChanged for predraw skip to 2
04-15 09:53:26.365  2000  2000 D DisplayLifecycle: updateDisplay id = 0
04-15 09:53:26.366  1151  1151 I SurfaceFlinger: destroyed Transition Root: ActivityRecord{126535651 u0 com.catfact.app.feature.factdetail.test/androidx.test.core.app.InstrumentationActivityInvoker$EmptyActivity t3872}#18517
04-15 09:53:26.367  1151  1151 I Layer   : id=18517 Destroyed Transition Root: ActivityRecord{126535651 u0 com.catfact.app.feature.factdetail.test/androidx.test.core.app.InstrumentationActivityInvoker$EmptyActivity t3872}#18517
04-15 09:53:26.369 19294 19294 W WindowOnBackDispatcher: sendCancelIfRunning: isInProgress=false callback=android.app.Activity$$ExternalSyntheticLambda0@743702a
04-15 09:53:26.369 19294 19294 D LifecycleMonitor: Lifecycle status change: androidx.activity.ComponentActivity@c7bbd79 in: DESTROYED
04-15 09:53:26.369 19294 19294 V ActivityScenario: Update currentActivityStage to DESTROYED, currentActivity=null
04-15 09:53:26.371 19294 19332 D HWUI    : endAllActiveAnimators on 0xb40000748c524870 (UnprojectedRipple) with handle 0xb40000755c539e00
04-15 09:53:26.371 19294 19294 D ViewRootImpl: Skipping stats log for color mode
04-15 09:53:26.371 19294 19294 I VRI[ComponentActivity]@18998d2: dispatchDetachedFromWindow
04-15 09:53:26.372  1542  1821 D InputTransport: Input channel destroyed: 'f6d7816', fd=1280
04-15 09:53:26.372  1151  1378 I SurfaceFlinger: id=18519 createSurf, flag=24004, Surface(name=1d7a05f InputMethod)/@0x5f77a9d - animation-leash of insets_animation#18519
04-15 09:53:26.374  1151  1151 I SurfaceFlinger: [Surface(name=1d7a05f InputMethod)/@0x5f77a9d - animation-leash of insets_animation#18519] attach to parent LayerHierarchy{RequestedLayerState{WindowToken{d080c22 type=2011 android.os.Binder@459a5ed}#120 parentId=15} 2 children}
04-15 09:53:26.374  1542  1821 I ImeTracker: system_server:1607ddf5: onRequestHide at ORIGIN_SERVER reason IME_REQUESTED_CHANGED_LISTENER fromUser false
04-15 09:53:26.374  1542  1821 D SurfaceComposerClient: setCornerRadius ## 20d54a4 com.catfact.app.feature.factdetail.test/androidx.test.core.app.InstrumentationActivityInvoker$EmptyActivity#18513 cornerRadius=0.000000
04-15 09:53:26.374  1542  1584 I ImeTracker: system_server:1607ddf5: onCancelled at PHASE_SERVER_SHOULD_HIDE
04-15 09:53:26.374  1542  1821 D SurfaceComposerClient: setCornerRadius ## 20d54a4 com.catfact.app.feature.factdetail.test/androidx.test.core.app.InstrumentationActivityInvoker$EmptyActivity#18513 cornerRadius=0.000000
04-15 09:53:26.375 19294 19294 D InputTransport: Input channel destroyed: 'f6d7816', fd=124
04-15 09:53:26.375  1542  1585 D SurfaceComposerClient: setCornerRadius ## 20d54a4 com.catfact.app.feature.factdetail.test/androidx.test.core.app.InstrumentationActivityInvoker$EmptyActivity#18513 cornerRadius=0.000000
04-15 09:53:26.375  1151  1378 I SurfaceFlinger: id=18508 Removed Surface(name=3edafdc StatusBar)/@0x3b919ed - animation-leash of insets_animation#18508 (167)
04-15 09:53:26.375 19294 19294 I InsetsSourceConsumer: applyRequestedVisibilityToControl: visible=true, type=statusBars, host=com.catfact.app.feature.factdetail.test/androidx.test.core.app.InstrumentationActivityInvoker$EmptyActivity
04-15 09:53:26.375  1151  2758 I SurfaceFlinger: id=18509 Removed Surface(name=8c5cec7 NavigationBar0)/@0xa68870 - animation-leash of insets_animation#18509 (167)
04-15 09:53:26.376 19294 19294 I InsetsSourceConsumer: applyRequestedVisibilityToControl: visible=true, type=navigationBars, host=com.catfact.app.feature.factdetail.test/androidx.test.core.app.InstrumentationActivityInvoker$EmptyActivity
04-15 09:53:26.376  1151  2758 I SurfaceFlinger: id=18504 Removed 3427c83 ActivityRecordInputSink com.catfact.app.feature.factdetail.test/androidx.activity.ComponentActivity#18504 (167)
04-15 09:53:26.379 19294 19294 D VRI[InstrumentationActivityInvoker$EmptyActivity]@ecad820: mThreadedRenderer.initializeIfNeeded()#2 mSurface={isValid=true 0xb40000748c528f40}
04-15 09:53:26.379 19294 19294 D InputMethodManagerUtils: startInputInner - Id : 0
04-15 09:53:26.379 19294 19294 I InputMethodManager: startInputInner - IInputMethodManagerGlobalInvoker.startInputOrWindowGainedFocus
04-15 09:53:26.380 19294 19294 D LifecycleMonitor: Lifecycle status change: androidx.test.core.app.InstrumentationActivityInvoker$EmptyActivity@5f951ab in: PAUSED
04-15 09:53:26.380 19294 19294 V ActivityScenario: Activity lifecycle changed event received but ignored because the intent does not match. startActivityIntent=Intent { act=android.intent.action.MAIN cat=[android.intent.category.LAUNCHER] flg=0x10008000 cmp=com.catfact.app.feature.factdetail.test/androidx.activity.ComponentActivity }, activity.getIntent()=Intent { act=android.intent.action.MAIN cat=[android.intent.category.LAUNCHER] flg=0x10000000 xflg=0x4 cmp=com.catfact.app.feature.factdetail.test/androidx.test.core.app.InstrumentationActivityInvoker$EmptyActivity }, activity=androidx.test.core.app.InstrumentationActivityInvoker$EmptyActivity@5f951ab
04-15 09:53:26.381  1542  2101 I SemDvfsHyPerManager: acquire hyper - AMS_ACT_RESUME/1542@19, type = -999
04-15 09:53:26.382  1151  1151 I SurfaceFlinger: RequestedLayer [Surface(name=1d7a05f InputMethod)/@0[...]tion-leash of insets_animation#18519] hidden!! flag  from(1) --> to(0)
04-15 09:53:26.382  1151  1151 E SurfaceFlinger: alpha changed 1.000 -> 0.000 - Surface(name=1d7a05f InputMethod)/@0x5f77a9d - animation-leash of insets_animation#18519
