04-15 09:53:28.219 19294 19315 I TestRunner: started: errorStateShowsErrorMessage(com.catfact.app.feature.factdetail.presentation.DetailScreenTest)
04-15 09:53:28.233 19294 19315 D IdlingRegistry: Registering idling resources: [androidx.compose.ui.test.EspressoLink@f303824]
04-15 09:53:28.240 19294 19315 W Settings: Setting always_finish_activities has moved from android.provider.Settings.System to android.provider.Settings.Global, returning read-only value.
04-15 09:53:28.248  1542  2484 I SemDvfsHyPerManager: acquire hyper - AMS_APP_SWITCH/1542@28, type = -999
04-15 09:53:28.249  1059  1180 I HYPER-HAL: [RequestManager.cpp]acquire(): Acquired ID : 1233263  [1542 / 28]    HINT : AMS_APP_SWITCH    list :
04-15 09:53:28.249  1151  1378 I SurfaceFlinger: id=18569 createSurf, flag=24004, Task=3874#18569
04-15 09:53:28.251  1059  1180 I HYPER-HAL: [ResourceManager.cpp]updateResource(): [CPULittleMinFreq] UpdateResource Request ID : 1233263    Value : 1824000
04-15 09:53:28.252  1151  1378 I SurfaceFlinger: id=18570 createSurf, flag=84004, ActivityRecord{193803445 u0 com.catfact.app.feature.factdetail.test/androidx.activity.ComponentActivity t3874}#18570
04-15 09:53:28.253  3963  3963 I SemDvfsHyPerManager: acquire hyper - APP_START_SHORT/3963@17, type = -999
04-15 09:53:28.253  1059  1180 I HYPER-HAL: [RequestManager.cpp]acquire(): Acquired ID : 7922207  [3963 / 17]    HINT : APP_START    list : [TIMEOUT / 1500]
04-15 09:53:28.255  2000  2120 D ViewRootImpl: desktopMode is false
04-15 09:53:28.255  2000  2120 I ViewRootImpl: dVRR is disabled
04-15 09:53:28.256  2000  2196 D NativeCustomFrequencyManager: [NativeCFMS] BpCustomFrequencyManager::BpCustomFrequencyManager()
04-15 09:53:28.256  1542  4043 I SemDvfsHyPerManager: acquire hyper - AMS_APP_LAUNCH/1542@21, type = -999
04-15 09:53:28.257  3963  3963 I SemDvfsHyPerManager: acquire hyper - APP_START/3963@19, type = -999
04-15 09:53:28.258  3152  3152 E pageboostd: Received HALT command code 2
04-15 09:53:28.259  1542  1821 D InputTransport: Input channel constructed: '82e151c', fd=1041
04-15 09:53:28.259  1542  1821 D InputTransport: Input channel constructed: '82e151c', fd=1248
04-15 09:53:28.259  1542  1821 D InputTransport: Input channel constructed: '82e151c', fd=1280
04-15 09:53:28.259  1542  1821 D InputTransport: Input channel destroyed: '82e151c', fd=1248
04-15 09:53:28.259  2000  2105 D ShellDesktopMode: handleRequest: TransitionRequestInfo {type=1, tid=3874, debugId=1658}
04-15 09:53:28.259  1151  1378 I SurfaceFlinger: id=18571 createSurf, flag=84004, 82e151c Splash Screen com.catfact.app.feature.factdetail.test#18571
04-15 09:53:28.260  1059  1180 I HYPER-HAL: [RequestManager.cpp]acquire(): Acquired ID : 1222287  [1542 / 21]    HINT : AMS_APP_LAUNCH    list :
04-15 09:53:28.260  1059  1180 I HYPER-HAL: [ResourceManager.cpp]updateResource(): [CPULittleMinFreq] UpdateResource Request ID : 1222287    Value : 1824000
04-15 09:53:28.261  1059  1180 I HYPER-HAL: [RequestManager.cpp]acquire(): Acquired ID : 7930172  [3963 / 19]    HINT : APP_START    list :
04-15 09:53:28.261  1542  1821 D InputTransport: Input channel destroyed: '82e151c', fd=1280
04-15 09:53:28.261  2000  2120 D InputTransport: Input channel constructed: '82e151c', fd=513
04-15 09:53:28.261  2461  2584 I HoneySpace.TopTaskSource: onTaskMovedToFront : taskId = 3874, displayId = 0
04-15 09:53:28.261  2000  2120 I InsetsController: onStateChanged: host=Splash Screen com.catfact.app.feature.factdetail.test, from=android.view.ViewRootImpl.onInsetsStateChanged:3026, state=InsetsState: {mDisplayFrame=Rect(0, 0 - 720, 1544), mDisplayCutout=DisplayCutout{insets=Rect(0, 50 - 0, 0) waterfall=Insets{left=0, top=0, right=0, bottom=0} boundingRect={Bounds=[Rect(0, 0 - 0, 0), Rect(341, 0 - 379, 50), Rect(0, 0 - 0, 0), Rect(0, 0 - 0, 0)]} cutoutPathParserInfo={CutoutPathParserInfo{displayWidth=720 displayHeight=1544 physicalDisplayWidth=720 physicalDisplayHeight=1544 density={1.875} cutoutSpec={M 0,0 H -10 V 26.66666666666667 H 10 V 0 H 0 Z @dp} rotation={0} scale={1.0} physicalPixelDisplaySizeRatio={1.0}}} sideOverrides={}}, mRoundedCorners=RoundedCorners{[RoundedCorner{position=TopLeft, radius=8, center=Point(8, 8)}, RoundedCorner{position=TopRight, radius=8, center=Point(712, 8)}, RoundedCorner{position=BottomRight, radius=8, center=Point(712, 1536)}, RoundedCorner{position=BottomLeft, radius=8, center=Point(8, 1536)}]}  mRoundedCornerFrame=Rect(0, 0 - 720, 1544), mPrivacyIndicatorBounds=PrivacyIndicatorBounds {static bounds=Rect(637, 0 - 720, 50) rotation=0}, mDisplayShape=DisplayShape{ spec=-311912193 displayWidth=720 displayHeight=1544 physicalPixelDisplaySizeRatio=0.5 rotation=0 offsetX=0 offsetY=0 scale=1.0}, mSources= { InsetsSource: {ec730001 mType=navigationBars mFrame=[0,1454][720,1544] mVisible=true mFlags= mSideHint=BOTTOM mBoundingRects=null}, InsetsSource: {ec730004 mType=systemGestures mFrame=[0,0][0,0] mVisible=true mFlags= mSideHint=NONE mBoundingRects=null}, InsetsSource: {ec730005 mType=mandatorySystemGestures mFrame=[0,1454][720,1544] mVisible=true mFlags= mSideHint=BOTTOM mBoundingRects=null}, InsetsSource: {ec730006 mType=tappableElement mFrame=[0,1454][720,1544] mVisible=true mFlags= mSideHint=BOTTOM mBoundingRects=null}, InsetsSource: {ec730024 mType=systemGestures mFrame=[0,0][0,0] mVisible=true mFlags= mSideHint=NONE mBoundingRects=null}, InsetsSource: {27 mType=displayCutout mFrame=[0,0][720,50] mVisible=true mFlags= mSideHint=TOP mBoundingRects=null}, InsetsSource: {43950000 mType=statusBars mFrame=[0,0][720,50] mVisible=true mFlags= mSideHint=TOP mBoundingRects=null}, InsetsSource: {43950005 mType=mandatorySystemGestures mFrame=[0,0][720,73] mVisible=true mFlags= mSideHint=TOP mBoundingRects=null}, InsetsSource: {43950006 mType=tappableElement mFrame=[0,0][720,50] mVisible=true mFlags= mSideHint=TOP mBoundingRects=null} }
04-15 09:53:28.262  2461  2586 I HoneySpace.TopTaskUseCase: topTasks 3874 ComponentInfo{com.catfact.app.feature.factdetail.test/androidx.activity.ComponentActivity}[displayId=0]
04-15 09:53:28.264  2461  4179 I HoneySpace.RecentTasks: onRecentTasksChanged
04-15 09:53:28.264  2461  2474 I HoneySpace.RecentTasks: onRecentTasksChanged
04-15 09:53:28.265  1151  1151 I SurfaceFlinger: [Display 0 name="Built-in Screen"#49] setFrameRateCategory: High
04-15 09:53:28.265  1151  1151 I SurfaceFlinger: [Task=3874#18569] attach to parent LayerHierarchy{RequestedLayerState{DefaultTaskDisplayArea_d0#10 parentId=9} 16 children}
04-15 09:53:28.265  1151  1151 I SurfaceFlinger: [ActivityRecord{193803445 u0 com.catfact.app.feature.factdetail.test/androidx.activity.ComponentActivity t3874}#18570] attach to parent LayerHierarchy{RequestedLayerState{Task=3874#18569 parentId=10} 1 children}
04-15 09:53:28.265  1151  1151 I SurfaceFlinger: [82e151c Splash Screen com.catfact.app.feature.factdetail.test#18571] attach to parent LayerHierarchy{RequestedLayerState{ActivityRecord{193803445 u0 com.catfact.app.feature.factdetail.test/androidx.activity.ComponentActivity t3874}#18570 parentId=18569} 1 children}
04-15 09:53:28.267  1218  6568 I CameraService: onUidStateChanged: uid=10048, procState is changed. (0 -> 1)
04-15 09:53:28.267  2000  2120 I VRI[test]@1125c0: onActiveControlsChanged, removed=false, mAdded=true, caller=android.view.ViewRootImpl.handleInsetsControlChanged:3002 android.view.ViewRootImpl.setView:2014 android.view.WindowManagerGlobal.addView:604 com.android.wm.shell.startingsurface.SplashscreenWindowCreator.addWindow:38 com.android.wm.shell.startingsurface.StartingWindowController$$ExternalSyntheticLambda4.run:1365
04-15 09:53:28.267  1151  1151 I BpBinder: onLastStrongRef automatically unlinking death recipients:
04-15 09:53:28.267  2000  2120 I VRI[test]@1125c0: synced displayState. AttachInfo displayState=2
04-15 09:53:28.267  2000  2120 I VRI[test]@1125c0: setView = android.widget.FrameLayout@7a1144a IsHRR=false mFlingFrameRateChange=0 TM=true
04-15 09:53:28.268  2000  2196 D HWUI    : HWUI - treat SMPTE_170M as sRGB
04-15 09:53:28.270  1542  2101 I WindowManager: Relayout Window{82e151c u0 Splash Screen com.catfact.app.feature.factdetail.test}: viewVisibility=0 req=720x1544 ty=3 d0
04-15 09:53:28.270  1151  2479 I SurfaceFlinger: id=18572 createSurf, flag=44004, Splash Screen com.catfact.app.feature.factdetail.test$_2000#18572
04-15 09:53:28.270  2461  4417 I HoneySpace.Memory-Monitor: current state = 2, didTrim = false
04-15 09:53:28.271  1542  2101 D SurfaceComposerClient: setCornerRadius ## 82e151c Splash Screen com.catfact.app.feature.factdetail.test#18571 cornerRadius=0.000000
04-15 09:53:28.271  1542  2101 D SurfaceComposerClient: setCornerRadius ## 2067c92 com.google.android.calendar/com.google.android.calendar.allinone.AllInOneCalendarActivity#18560 cornerRadius=0.000000
04-15 09:53:28.272  1542  2101 D SurfaceComposerClient: setCornerRadius ## 2067c92 com.google.android.calendar/com.google.android.calendar.allinone.AllInOneCalendarActivity#18560 cornerRadius=0.000000
04-15 09:53:28.272  1542  2101 I WindowManager: Relayout hash=82e151c, pid=2000, syncId=-1: mAttrs={(0,0)(fillxfill) sim={adjust=pan} layoutInDisplayCutoutMode=always ty=APPLICATION_STARTING fmt=TRANSLUCENT wanim=0x1030317
04-15 09:53:28.272  1542  2101 I WindowManager:   fl=81030118
04-15 09:53:28.272  1542  2101 I WindowManager:   pfl=10000810
04-15 09:53:28.272  1542  2101 I WindowManager:   apr=18
04-15 09:53:28.272  1542  2101 I WindowManager:   bhv=1
04-15 09:53:28.272  1542  2101 I WindowManager:   fitSides=0
04-15 09:53:28.272  1542  2101 I WindowManager:   frameRateBoostOnTouch=true
04-15 09:53:28.272  1542  2101 I WindowManager:   dvrrWindowFrameRateHint=true naviIconColor=0}
04-15 09:53:28.273  2000  2120 I VRI[test]@1125c0: onActiveControlsChanged, removed=false, mAdded=true, caller=android.view.ViewRootImpl.handleInsetsControlChanged:3002 android.view.ViewRootImpl.relayoutWindow:11629 android.view.ViewRootImpl.performTraversals:4804 android.view.ViewRootImpl.doTraversal:3924 android.view.ViewRootImpl$TraversalRunnable.run:12903
04-15 09:53:28.274  1542  4043 D InputDispatcher: Focused application(0): ActivityRecord{193803445 u0 com.catfact.app.feature.factdetail.test/androidx.activity.ComponentActivity t3874}
04-15 09:53:28.275  2000  2125 D StackScroller: onDisplayChanged for predraw skip to 2
04-15 09:53:28.275  1542  4043 D SurfaceComposerClient: setCornerRadius ## 82e151c Splash Screen com.catfact.app.feature.factdetail.test#18571 cornerRadius=0.000000
04-15 09:53:28.276  1542  4043 D SurfaceComposerClient: setCornerRadius ## 82e151c Splash Screen com.catfact.app.feature.factdetail.test#18571 cornerRadius=0.000000
04-15 09:53:28.276  2000  2000 D DisplayLifecycle: updateDisplay id = 0
04-15 09:53:28.276  2000  2120 I BLASTBufferQueue_Java: new BLASTBufferQueue, mName= VRI[test]@1125c0 mNativeObject= 0xb40000741cf2a360 caller= android.view.ViewRootImpl.updateBlastSurfaceIfNeeded:3585 android.view.ViewRootImpl.relayoutWindow:11685 android.view.ViewRootImpl.performTraversals:4804 android.view.ViewRootImpl.doTraversal:3924 android.view.ViewRootImpl$TraversalRunnable.run:12903 android.view.Choreographer$CallbackRecord.run:1901 android.view.Choreographer$CallbackRecord.run:1910 android.view.Choreographer.doCallbacks:1367 android.view.Choreographer.doFrame:1292 android.view.Choreographer$FrameDisplayEventReceiver.run:1870
04-15 09:53:28.276  2000  2120 I BLASTBufferQueue_Java: update, w= 720 h= 1544 mName = VRI[test]@1125c0 mNativeObject= 0xb40000741cf2a360 sc.mNativeObject= 0xb40000751c538350 format= -3 caller= android.view.ViewRootImpl.updateBlastSurfaceIfNeeded:3590 android.view.ViewRootImpl.relayoutWindow:11685 android.view.ViewRootImpl.performTraversals:4804 android.view.ViewRootImpl.doTraversal:3924 android.view.ViewRootImpl$TraversalRunnable.run:12903 android.view.Choreographer$CallbackRecord.run:1901
04-15 09:53:28.277  2000  2120 I VRI[test]@1125c0: Relayout returned: old=(0,0,720,1544) new=(0,0,720,1544) relayoutAsync=false req=(720,1544)0 dur=7 res=0x3 s={true 0xb40000748c7b7910} ch=true seqId=0
04-15 09:53:28.277  1542  1825 D AS.MultiSoundManager: mForegroundUid = 10748
04-15 09:53:28.278  1542  4043 D GraphicsStatsService: requestRenderEngineFor(com.catfact.app.feature.factdetail.test)
04-15 09:53:28.278  1542  1582 D PkgPredictorService-SecIpmManagerServiceImpl: onForegroundActivitiesChanged pid:19294 uid:10748
04-15 09:53:28.278  1542  1582 D NetworkPolicy: already checked 10748
04-15 09:53:28.278  1542  2944 V PkgPredictorService-SecIpmManagerServiceImpl: discard foreground app:com.catfact.app.feature.factdetail.test 1|true
04-15 09:53:28.278  2000  2000 I {OngoingActivityController}: onTaskFocusChanged but OA data is empty
04-15 09:53:28.278  1542  1582 D NetworkPolicy: already checked 10748
04-15 09:53:28.280 18525 18790 I Rubin   : [146] M.c0.k(Unknown Source) : Notify com.samsung.android.rubin.inferenceengine.contextanalytics.engine.loggers.AppUsageLogger's database is updated.
04-15 09:53:28.280  2000  2120 D VRI[test]@1125c0: mThreadedRenderer.initialize() mSurface={isValid=true 0xb40000748c7b7910} hwInitialized=true
04-15 09:53:28.280  2000  2120 D VRI[test]@1125c0: reportNextDraw android.view.ViewRootImpl.performTraversals:5443 android.view.ViewRootImpl.doTraversal:3924 android.view.ViewRootImpl$TraversalRunnable.run:12903 android.view.Choreographer$CallbackRecord.run:1901 android.view.Choreographer$CallbackRecord.run:1910
04-15 09:53:28.280  2000  2120 D VRI[test]@1125c0: Setup new sync=wmsSync-VRI[test]@1125c0#78
04-15 09:53:28.280  2000  2120 I VRI[test]@1125c0: Creating new active sync group VRI[test]@1125c0#79
04-15 09:53:28.280  3723 26412 I [AirCmd]_ActivitySwitchDetector: onTaskFocusChanged : taskId=3874, componentName=ComponentInfo{com.catfact.app.feature.factdetail.test/androidx.activity.ComponentActivity}
04-15 09:53:28.280  3723 26412 I [AirCmd]_ActivitySwitchDetector: onTaskFocusChanged :mTopMostActivity = ComponentInfo{com.google.android.calendar/com.google.android.calendar.allinone.AllInOneCalendarActivity}
04-15 09:53:28.281  2000  2120 D VRI[test]@1125c0: registerCallbacksForSync syncBuffer=false
04-15 09:53:28.281  2000  2194 D VRI[test]@1125c0: Received frameDrawingCallback syncResult=0 frameNum=1.
04-15 09:53:28.281  2000  2194 I VRI[test]@1125c0: mWNT: t=0xb4000074fc685210 mBlastBufferQueue=0xb40000741cf2a360 fn= 1 HdrRenderState mRenderHdrSdrRatio=1.0 caller= android.view.ViewRootImpl$12.onFrameDraw:15441 android.view.ThreadedRenderer$1.onFrameDraw:718 <bottom of call stack>
04-15 09:53:28.281  2000  2194 I VRI[test]@1125c0: Setting up sync and frameCommitCallback
04-15 09:53:28.281  3723 26412 I [AirCmd]_CallbackRepeater: stopRepeat : isWorking=false
04-15 09:53:28.282  3723 26412 I [AirCmd]_MediaControlStateMonitor: isForegroundAppSupportsMediaButton : mediaSession is empty
04-15 09:53:28.280  2461  2461 I HoneySpace.EdgePanel.CocktailHostRepositoryImpl: onNoteResume
04-15 09:53:28.282  2461  2461 I HoneySpace.EdgePanel.EdgePanelContainerViewModel: cocktailHostRepository.edgePanelOperation NoteResumeComponent(componentName=ComponentInfo{com.catfact.app.feature.factdetail.test/androidx.activity.ComponentActivity})
04-15 09:53:28.282  1151  1151 I SurfaceFlinger: [LayerHierarchy{RequestedLayerState{ImeContainer#15 parentId=16293 relativeParentId=16293 z=1} 1 children}] RelativeParent to null
04-15 09:53:28.282  1151  1151 I SurfaceFlinger: [Splash Screen com.catfact.app.feature.factdetail.test$_2000#18572] attach to parent LayerHierarchy{RequestedLayerState{82e151c Splash Screen com.catfact.app.feature.factdetail.test#18571 parentId=18570} 1 children}
04-15 09:53:28.282  2461  2461 I HoneySpace.EdgePanel.ActivityUtils: HomePackage : com.sec.android.app.launcher, resumePackageName : com.catfact.app.feature.factdetail.test, className : androidx.activity.ComponentActivity
04-15 09:53:28.282 19294 19294 D LifecycleMonitor: Lifecycle status change: androidx.activity.ComponentActivity@b9a43a8 in: PRE_ON_CREATE
04-15 09:53:28.283 19294 19294 V ActivityScenario: Activity lifecycle changed event received but ignored because the reported transition was not ON_CREATE while the last known transition was PRE_ON_CREATE
04-15 09:53:28.283  2461  2584 I HoneySpace.TopTaskSource: onTaskFocusChanged(): taskId = 3874
04-15 09:53:28.284  2000  2196 I BLASTBufferQueue: [VRI[test]@1125c0#841](f:0,a:0,s:0) onFrameAvailable the first frame is available
04-15 09:53:28.285  2000  2196 I VRI[test]@1125c0: Received frameCommittedCallback lastAttemptedDrawFrameNum=1 didProduceBuffer=true
04-15 09:53:28.285  3723 26412 E [AirCmd]_MediaControlStateMonitor: getActiveNotificationPackageName : notification service monitor is null
04-15 09:53:28.285  1151  1200 I SurfaceFlinger: [Splash Screen com.catfact.app.feature.factdetail.test$_2000#18572] setTransactionState with the first frame. bufferData(ID: 8589934655835, frameNumber: 1)
04-15 09:53:28.285  3723 26412 I [AirCmd]_ButtonEventDetectionThread: enableDoubleClickDetection: enabled= true, doubleClickWaitInterval=300
04-15 09:53:28.286  2000  2196 D HWUI    : CFMS:: SetUp Pid : 2000    Tid : 2196
04-15 09:53:28.286  1151  1338 D SurfaceFlinger: [input] setFocusedWindow: <null>
04-15 09:53:28.286  2000  2120 D VRI[test]@1125c0: reportDrawFinished seqId=0
04-15 09:53:28.286  1542  2161 D InputDispatcher: Focus left window (0): 2067c92 com.google.android.calendar/com.google.android.calendar.allinone.AllInOneCalendarActivity
04-15 09:53:28.287  3979  3979 I ImeFocusController: onPreWindowFocus: skipped hasWindowFocus=false mHasImeFocus=true
04-15 09:53:28.287 19294 19294 I DecorView: setWindowBackground: isPopOver=false color=fffafafa d=android.graphics.drawable.ColorDrawable@91bf5fd
04-15 09:53:28.288  3979  3979 I ImeFocusController: onPostWindowFocus: skipped hasWindowFocus=false mHasImeFocus=true
04-15 09:53:28.288 19294 19294 D LifecycleMonitor: Lifecycle status change: androidx.activity.ComponentActivity@b9a43a8 in: CREATED
04-15 09:53:28.288 19294 19294 V ActivityScenario: Update currentActivityStage to CREATED, currentActivity=androidx.activity.ComponentActivity@b9a43a8
04-15 09:53:28.288  1542  1585 D SurfaceComposerClient: setCornerRadius ## 82e151c Splash Screen com.catfact.app.feature.factdetail.test#18571 cornerRadius=0.000000
04-15 09:53:28.288 19294 19294 D LifecycleMonitor: Lifecycle status change: androidx.activity.ComponentActivity@b9a43a8 in: STARTED
04-15 09:53:28.288  1542  1585 D SurfaceComposerClient: setCornerRadius ## 82e151c Splash Screen com.catfact.app.feature.factdetail.test#18571 cornerRadius=0.000000
04-15 09:53:28.288 19294 19294 V ActivityScenario: Update currentActivityStage to STARTED, currentActivity=androidx.activity.ComponentActivity@b9a43a8
04-15 09:53:28.289 19294 19294 D LifecycleMonitor: Lifecycle status change: androidx.activity.ComponentActivity@b9a43a8 in: RESUMED
04-15 09:53:28.289 19294 19294 V ActivityScenario: Update currentActivityStage to RESUMED, currentActivity=androidx.activity.ComponentActivity@b9a43a8
04-15 09:53:28.289  1151  1200 I SurfaceFlinger: id=18573 createSurf, flag=84004, Transition Root: Task=3874#18573
04-15 09:53:28.289 19294 19294 D ViewRootImpl: desktopMode is false
04-15 09:53:28.289 19294 19294 I ViewRootImpl: dVRR is disabled
04-15 09:53:28.290 19294 19332 D NativeCustomFrequencyManager: [NativeCFMS] BpCustomFrequencyManager::BpCustomFrequencyManager()
04-15 09:53:28.290  1542  1821 D InputDispatcher: Once focus requested (0): <null>
04-15 09:53:28.290  1151  1151 I SurfaceFlinger: [Transition Root: Task=3874#18573] attach to parent LayerHierarchy{RequestedLayerState{DefaultTaskDisplayArea_d0#10 parentId=9} 17 children}
04-15 09:53:28.291  1542  1585 I SurfaceControlRegistry: show, t=StartTransaction_SyncId<1658> sc=ActivityRecord{193803445 u0 com.catfact.app.feature.factdetail.test/androidx.activity.ComponentActivity t3874}, caller=android.view.SurfaceControl$Transaction.show:3557 com.android.server.wm.Transition.onTransactionReady:2048 com.android.server.wm.BLASTSyncEngine$SyncGroup.finishNow:240 com.android.server.wm.BLASTSyncEngine.onSurfacePlacement:263 com.android.server.wm.RootWindowContainer.performSurfacePlacementNoTrace:1083 com.android.server.wm.WindowSurfacePlacer.performSurfacePlacement:166
04-15 09:53:28.291  1542  1585 D SurfaceComposerClient: setCornerRadius ## Task=3801#16292 cornerRadius=0.000000
04-15 09:53:28.291  1542  1585 D SurfaceComposerClient: setCornerRadius ## Task=3874#18569 cornerRadius=0.000000
04-15 09:53:28.292  1542  1585 D ScreenCapture: [Capture_TEST] : setIsScreenShotBySystem false
04-15 09:53:28.292  1542  1585 I SurfaceComposerClient: captureLayers:childrenOnly:1, sync:1
04-15 09:53:28.293  2000  2105 I SurfaceControlRegistry: hide, t=FinishTransaction_SyncId<1658> sc=Task=3801, caller=android.view.SurfaceControl$Transaction.hide:3583 com.android.wm.shell.transition.Transitions.dispatchReady:1263 com.android.wm.shell.transition.Transitions.onTransitionReady:251 com.android.wm.shell.transition.Transitions$TransitionPlayerImpl$$ExternalSyntheticLambda0.run:13 android.os.Handler.handleCallback:995 android.os.Handler.dispatchMessage:103
04-15 09:53:28.293  2000  2105 I SurfaceControlRegistry: show, t=StartTransaction_SyncId<1658> sc=Task=3874, caller=android.view.SurfaceControl$Transaction.show:3557 com.android.wm.shell.transition.Transitions.dispatchReady:1279 com.android.wm.shell.transition.Transitions.onTransitionReady:251 com.android.wm.shell.transition.Transitions$TransitionPlayerImpl$$ExternalSyntheticLambda0.run:13 android.os.Handler.handleCallback:995 android.os.Handler.dispatchMessage:103
04-15 09:53:28.293  2000  2105 I SurfaceControlRegistry: show, t=FinishTransaction_SyncId<1658> sc=Task=3874, caller=android.view.SurfaceControl$Transaction.show:3557 com.android.wm.shell.transition.Transitions.dispatchReady:1330 com.android.wm.shell.transition.Transitions.onTransitionReady:251 com.android.wm.shell.transition.Transitions$TransitionPlayerImpl$$ExternalSyntheticLambda0.run:13 android.os.Handler.handleCallback:995 android.os.Handler.dispatchMessage:103
04-15 09:53:28.293  2000  2105 I SurfaceControlRegistry: show, t=StartTransaction_SyncId<1658> sc=Transition Root: Task=3874, caller=android.view.SurfaceControl$Transaction.show:3557 com.android.wm.shell.transition.Transitions.playTransition:79 com.android.wm.shell.transition.Transitions.processReadyQueue:239 com.android.wm.shell.transition.Transitions.dispatchReady:1352 com.android.wm.shell.transition.Transitions.onTransitionReady:251 com.android.wm.shell.transition.Transitions$TransitionPlayerImpl$$ExternalSyntheticLambda0.run:13
04-15 09:53:28.294  2000  2105 D SurfaceComposerClient: [Task=3801#16292] setEdgeExtension Right
04-15 09:53:28.294  1151  1200 I SurfaceFlinger: Capture layer list: 	 com.google.android.calendar/com.google.android.calendar.allinone.AllInOneCalendarActivity$_3979#18561(seamlessTransition:0)
04-15 09:53:28.294  1151  1200 I CompositionEngine: [setDisplaySize] size=(720, 1544)
04-15 09:53:28.294  1151  2479 I SurfaceFlinger: id=18574 createSurf, flag=20004, DimTransitionLayer for Surface(name=Task=3874)/@0xfb8c66d#18574
04-15 09:53:28.295  2000  2105 I SurfaceControlRegistry: show, t=StartTransaction_SyncId<1658> sc=DimTransitionLayer for Surface(name=Task=3874)/@0xfb8c66d, caller=android.view.SurfaceControl$Transaction.show:3557 com.android.wm.shell.transition.DefaultTransitionHandler.startAnimation:2931 com.android.wm.shell.transition.Transitions.dispatchTransition:90 com.android.wm.shell.transition.Transitions.playTransition:774 com.android.wm.shell.transition.Transitions.processReadyQueue:239 com.android.wm.shell.transition.Transitions.dispatchReady:1352
04-15 09:53:28.295  1151  1206 D RenderEngine: [SEC_SF_EFFECTS] drawLayersInternal,1494, Rendering layer ScreenCaptureFillLayer at index 0
04-15 09:53:28.295  1151  1206 D RenderEngine: [SEC_SF_EFFECTS] drawLayersInternal,1494, Rendering layer com.google.android.calendar/com.google.android.calendar.allinone.AllInOneCalendarActivity$_3979#18561 at index 1
04-15 09:53:28.295  2000  2105 I SurfaceControlRegistry: apply, t=StartTransaction_SyncId<1658>, caller=android.view.SurfaceControl$Transaction.apply:3459 android.view.SurfaceControl$Transaction.apply:3447 android.view.SurfaceControl$Transaction.apply:3397 com.android.wm.shell.transition.DefaultTransitionHandler.startAnimation:3387 com.android.wm.shell.transition.Transitions.dispatchTransition:90 com.android.wm.shell.transition.Transitions.playTransition:774
04-15 09:53:28.298  1151  1200 I SurfaceFlinger: id=18575 createSurf, flag=84000, eec9f9f ActivityRecordInputSink com.catfact.app.feature.factdetail.test/androidx.activity.ComponentActivity#18575
04-15 09:53:28.298  1151  1151 I SurfaceFlinger: RequestedLayer [82e151c Splash Screen com.catfact.app.feature.factdetail.test#18571] hidden!! flag  from(1) --> to(0)
04-15 09:53:28.298  1151  1151 I SurfaceFlinger: RequestedLayer [Splash Screen com.catfact.app.feature.factdetail.test$_2000#18572] hidden!! flag  from(1) --> to(0)
04-15 09:53:28.298  1151  1151 I SurfaceFlinger: RequestedLayer [Task=3874#18569] hidden!! flag  from(1) --> to(0)
04-15 09:53:28.298  1151  1151 E SurfaceFlinger: alpha changed 1.000 -> 0.000 - Task=3874#18569
04-15 09:53:28.298  1151  1151 I SurfaceFlinger: RequestedLayer [Transition Root: Task=3874#18573] hidden!! flag  from(1) --> to(0)
04-15 09:53:28.298  1151  1151 I SurfaceFlinger: RequestedLayer [ActivityRecord{193803445 u0 com.catf[...]ivity.ComponentActivity t3874}#18570] hidden!! flag  from(1) --> to(0)
04-15 09:53:28.298  1151  1151 I SurfaceFlinger: RequestedLayer [DimTransitionLayer for Surface(name=Task=3874)/@0xfb8c66d#18574] hidden!! flag  from(1) --> to(0)
04-15 09:53:28.298  1151  1151 E SurfaceFlinger: alpha changed 1.000 -> 0.000 - DimTransitionLayer for Surface(name=Task=3874)/@0xfb8c66d#18574
04-15 09:53:28.298  1151  1151 E SurfaceFlinger: alpha changed 0.000 -> 1.000 - Task=3874#18569
04-15 09:53:28.298  1151  1151 E SurfaceFlinger: alpha changed 0.000 -> 0.000 - DimTransitionLayer for Surface(name=Task=3874)/@0xfb8c66d#18574
04-15 09:53:28.298  1151  1151 I SurfaceFlinger: [LayerHierarchy{RequestedLayerState{Task=3801#16292 parentId=18573 z=2} 1 children}] reparent to LayerHierarchy{RequestedLayerState{Transition Root: Task=3874#18573 parentId=10 z=13} 1 children}
04-15 09:53:28.299  1151  1151 I SurfaceFlinger: [LayerHierarchy{RequestedLayerState{Task=3874#18569 parentId=18573 z=5} 1 children}] reparent to LayerHierarchy{RequestedLayerState{Transition Root: Task=3874#18573 parentId=10 z=13} 2 children}
04-15 09:53:28.299  1151  1151 I SurfaceFlinger: [DimTransitionLayer for Surface(name=Task=3874)/@0xfb8c66d#18574] attach to parent LayerHierarchy{RequestedLayerState{Transition Root: Task=3874#18573 parentId=10 z=13} 3 children}
04-15 09:53:28.299  1151  1151 I SurfaceFlinger: [eec9f9f ActivityRecordInputSink com.catfact.app.feature.factdetail.test/androidx.activity.ComponentActivity#18575] attach to parent LayerHierarchy{RequestedLayerState{ActivityRecord{193803445 u0 com.catfact.app.feature.factdetail.test/androidx.activity.ComponentActivity t3874}#18570 parentId=18569} 2 children}
04-15 09:53:28.301  1542  4043 D InputTransport: Input channel constructed: 'd5ad48b', fd=1248
04-15 09:53:28.301  1542  4043 D InputTransport: Input channel constructed: 'd5ad48b', fd=1280
04-15 09:53:28.301  1542  4043 D InputTransport: Input channel constructed: 'd5ad48b', fd=1311
04-15 09:53:28.301  1542  4043 D InputTransport: Input channel destroyed: 'd5ad48b', fd=1280
04-15 09:53:28.301  1151  2479 I SurfaceFlinger: id=18576 createSurf, flag=84004, d5ad48b com.catfact.app.feature.factdetail.test/androidx.activity.ComponentActivity#18576
04-15 09:53:28.303  1542  4043 D InputTransport: Input channel destroyed: 'd5ad48b', fd=1311
04-15 09:53:28.303 19294 19294 D InputTransport: Input channel constructed: 'd5ad48b', fd=126
04-15 09:53:28.304  2461  4179 I HoneySpace.RecentTasks: onRunningTaskAppeared
04-15 09:53:28.304 19294 19294 I InsetsController: onStateChanged: host=com.catfact.app.feature.factdetail.test/androidx.activity.ComponentActivity, from=android.view.ViewRootImpl.onInsetsStateChanged:3026, state=InsetsState: {mDisplayFrame=Rect(0, 0 - 720, 1544), mDisplayCutout=DisplayCutout{insets=Rect(0, 50 - 0, 0) waterfall=Insets{left=0, top=0, right=0, bottom=0} boundingRect={Bounds=[Rect(0, 0 - 0, 0), Rect(341, 0 - 379, 50), Rect(0, 0 - 0, 0), Rect(0, 0 - 0, 0)]} cutoutPathParserInfo={CutoutPathParserInfo{displayWidth=720 displayHeight=1544 physicalDisplayWidth=720 physicalDisplayHeight=1544 density={1.875} cutoutSpec={M 0,0 H -10 V 26.66666666666667 H 10 V 0 H 0 Z @dp} rotation={0} scale={1.0} physicalPixelDisplaySizeRatio={1.0}}} sideOverrides={}}, mRoundedCorners=RoundedCorners{[RoundedCorner{position=TopLeft, radius=8, center=Point(8, 8)}, RoundedCorner{position=TopRight, radius=8, center=Point(712, 8)}, RoundedCorner{position=BottomRight, radius=8, center=Point(712, 1536)}, RoundedCorner{position=BottomLeft, radius=8, center=Point(8, 1536)}]}  mRoundedCornerFrame=Rect(0, 0 - 720, 1544), mPrivacyIndicatorBounds=PrivacyIndicatorBounds {static bounds=Rect(637, 0 - 720, 50) rotation=0}, mDisplayShape=DisplayShape{ spec=-311912193 displayWidth=720 displayHeight=1544 physicalPixelDisplaySizeRatio=0.5 rotation=0 offsetX=0 offsetY=0 scale=1.0}, mSources= { InsetsSource: {ec730001 mType=navigationBars mFrame=[0,1454][720,1544] mVisible=true mFlags= mSideHint=BOTTOM mBoundingRects=null}, InsetsSource: {ec730004 mType=systemGestures mFrame=[0,0][0,0] mVisible=true mFlags= mSideHint=NONE mBoundingRects=null}, InsetsSource: {ec730005 mType=mandatorySystemGestures mFrame=[0,1454][720,1544] mVisible=true mFlags= mSideHint=BOTTOM mBoundingRects=null}, InsetsSource: {ec730006 mType=tappableElement mFrame=[0,1454][720,1544] mVisible=true mFlags= mSideHint=BOTTOM mBoundingRects=null}, InsetsSource: {ec730024 mType=systemGestures mFrame=[0,0][0,0] mVisible=true mFlags= mSideHint=NONE mBoundingRects=null}, InsetsSource: {3 mType=ime mFrame=[0,0][0,0] mVisible=false mFlags= mSideHint=NONE mBoundingRects=null}, InsetsSource: {27 mType=displayCutout mFrame=[0,0][720,50] mVisible=true mFlags= mSideHint=TOP mBoundingRects=null}, InsetsSource: {43950000 mType=statusBars mFrame=[0,0][720,50] mVisible=true mFlags= mSideHint=TOP mBoundingRects=null}, InsetsSource: {43950005 mType=mandatorySystemGestures mFrame=[0,0][720,73] mVisible=true mFlags= mSideHint=TOP mBoundingRects=null}, InsetsSource: {43950006 mType=tappableElement mFrame=[0,0][720,50] mVisible=true mFlags= mSideHint=TOP mBoundingRects=null} }
04-15 09:53:28.304  2461  4179 I HoneySpace.RecentTasks: onRecentTasksChanged
04-15 09:53:28.305 19294 19294 I VRI[ComponentActivity]@b565a9f: synced displayState. AttachInfo displayState=2
04-15 09:53:28.305 19294 19294 I VRI[ComponentActivity]@b565a9f: setView = com.android.internal.policy.DecorView@541fe4a IsHRR=false mFlingFrameRateChange=0 TM=true
04-15 09:53:28.305 19294 19332 D HWUI    : HWUI - treat SMPTE_170M as sRGB
04-15 09:53:28.307  1151  1151 I SurfaceFlinger: [d5ad48b com.catfact.app.feature.factdetail.test/androidx.activity.ComponentActivity#18576] attach to parent LayerHierarchy{RequestedLayerState{ActivityRecord{193803445 u0 com.catfact.app.feature.factdetail.test/androidx.activity.ComponentActivity t3874}#18570 parentId=18569} 3 children}
04-15 09:53:28.310  1542  2101 I WindowManager: Relayout Window{d5ad48b u0 com.catfact.app.feature.factdetail.test/androidx.activity.ComponentActivity}: viewVisibility=0 req=720x1544 ty=1 d0
04-15 09:53:28.310  1151  1199 I SurfaceFlinger: id=18577 createSurf, flag=44004, com.catfact.app.feature.factdetail.test/androidx.activity.ComponentActivity$_19294#18577
04-15 09:53:28.312  1542  2101 D SurfaceComposerClient: setCornerRadius ## 82e151c Splash Screen com.catfact.app.feature.factdetail.test#18571 cornerRadius=0.000000
04-15 09:53:28.312  1542  2101 D SurfaceComposerClient: setCornerRadius ## d5ad48b com.catfact.app.feature.factdetail.test/androidx.activity.ComponentActivity#18576 cornerRadius=0.000000
04-15 09:53:28.313  1151  1378 I SurfaceFlinger: id=18578 createSurf, flag=24000, Surface(name=3edafdc StatusBar)/@0x3b919ed - animation-leash of insets_animation#18578
04-15 09:53:28.315  1151  1199 I SurfaceFlinger: id=18579 createSurf, flag=24000, Surface(name=8c5cec7 NavigationBar0)/@0xa68870 - animation-leash of insets_animation#18579
04-15 09:53:28.318  1542  2101 D SurfaceComposerClient: setCornerRadius ## 82e151c Splash Screen com.catfact.app.feature.factdetail.test#18571 cornerRadius=0.000000
04-15 09:53:28.318  1542  2101 D SurfaceComposerClient: setCornerRadius ## d5ad48b com.catfact.app.feature.factdetail.test/androidx.activity.ComponentActivity#18576 cornerRadius=0.000000
04-15 09:53:28.318  2000  2000 D SamsungLightBarControlHelper: updateStatusBar (BLACK icon) numStacks:1, StatusBarMode:MODE_TRANSPARENT, lightBarBounds:[Rect(0, 0 - 720, 1544)], StatusBarState:SHADE, packageName:, isWhiteKeyguardStatusBar:false
04-15 09:53:28.318  1151  1151 I SurfaceFlinger: RequestedLayer [d5ad48b com.catfact.app.feature.fact[...]idx.activity.ComponentActivity#18576] hidden!! flag  from(1) --> to(0)
04-15 09:53:28.318  1151  1151 E SurfaceFlinger: alpha changed 0.000 -> 0.010 - DimTransitionLayer for Surface(name=Task=3874)/@0xfb8c66d#18574
04-15 09:53:28.318  2000  2000 D SamsungLightBarControlHelper: onStatusBarAppearanceChanged() -  sbModeChanged:false, statusBarMode:0, barState:MODE_TRANSPARENT, isKeyguardShowing:false, navbarColorManagedByIme:false, (AppearanceRegion{LIGHT_STATUS_BARS bounds=[0,0][720,1544]}, )
04-15 09:53:28.319  1151  1151 I SurfaceFlinger: [com.catfact.app.feature.factdetail.test/androidx.activity.ComponentActivity$_19294#18577] attach to parent LayerHierarchy{RequestedLayerState{d5ad48b com.catfact.app.feature.factdetail.test/androidx.activity.ComponentActivity#18576 parentId=18570} 1 children}
04-15 09:53:28.319  2000  2000 D NavigationBar: onSystemBarAttributesChanged() -  displayId:0, appearance:24, packageName: com.catfact.app.feature.factdetail.test (APPEARANCE_LIGHT_STATUS_BARS APPEARANCE_LIGHT_NAVIGATION_BARS ), navbarColorManagedByIme:false
04-15 09:53:28.319  1151  1151 I SurfaceFlinger: [Surface(name=3edafdc StatusBar)/@0x3b919ed - animation-leash of insets_animation#18578] attach to parent LayerHierarchy{RequestedLayerState{WindowToken{7a8fc4f type=2000 android.os.BinderProxy@a9d7329}#94 parentId=17} 2 children}
04-15 09:53:28.319  1151  1151 I SurfaceFlinger: [Surface(name=8c5cec7 NavigationBar0)/@0xa68870 - animation-leash of insets_animation#18579] attach to parent LayerHierarchy{RequestedLayerState{WindowToken{fc018e2 type=2019 android.os.BinderProxy@bda3ac4}#90 parentId=34} 2 children}
04-15 09:53:28.319  2000  2000 D SamsungLightBarControlHelper: updateNavigationBar (BLACK button) isLightOpaque:false, hasLightNavigationBarFlag:true, packageName:com.catfact.app.feature.factdetail.test, DirectReplying:false, NavBarColorMangedByIme:false, ForceDarkForScrim:false, ForceLightForScrim:false, QsCustomizing:false, QsExpanded:false
04-15 09:53:28.319  1151  1199 I SurfaceFlinger: id=18580 createSurf, flag=24000, Surface(name=3edafdc StatusBar)/@0x3b919ed - animation-leash of insets_animation#18580
04-15 09:53:28.321  1151  1199 I SurfaceFlinger: id=18581 createSurf, flag=24000, Surface(name=8c5cec7 NavigationBar0)/@0xa68870 - animation-leash of insets_animation#18581
04-15 09:53:28.322  1542  2101 I SystemKeyManager: requested systemKeyInfo size=1 focusedWindow=com.catfact.app.feature.factdetail.test/androidx.activity.ComponentActivity
04-15 09:53:28.322  1542  2101 I SystemKeyManager: requested systemKeyInfo size=1 focusedWindow=com.catfact.app.feature.factdetail.test/androidx.activity.ComponentActivity
04-15 09:53:28.323  1542  2101 I WindowManager: Relayout hash=d5ad48b, pid=19294, syncId=-1: mAttrs={(0,0)(fillxfill) sim={adjust=pan forwardNavigation} layoutInDisplayCutoutMode=always ty=BASE_APPLICATION wanim=0x1030317
04-15 09:53:28.323  1542  2101 I WindowManager:   fl=81810100
04-15 09:53:28.323  1542  2101 I WindowManager:   pfl=100088c0
04-15 09:53:28.323  1542  2101 I WindowManager:   apr=210
04-15 09:53:28.323  1542  2101 I WindowManager:   bhv=1
04-15 09:53:28.323  1542  2101 I WindowManager:   fitSides=0
04-15 09:53:28.323  1542  2101 I WindowManager:   frameRateBoostOnTouch=true
04-15 09:53:28.323  1542  2101 I WindowManager:   dvrrWindowFrameRateHint=true naviIconColor=0}
04-15 09:53:28.324 19294 19294 I BLASTBufferQueue_Java: new BLASTBufferQueue, mName= VRI[ComponentActivity]@b565a9f mNativeObject= 0xb40000741c5e8fe0 caller= android.view.ViewRootImpl.updateBlastSurfaceIfNeeded:3585 android.view.ViewRootImpl.relayoutWindow:11685 android.view.ViewRootImpl.performTraversals:4804 android.view.ViewRootImpl.doTraversal:3924 android.view.ViewRootImpl$TraversalRunnable.run:12903 android.view.Choreographer$CallbackRecord.run:1901 android.view.Choreographer$CallbackRecord.run:1910 android.view.Choreographer.doCallbacks:1367 android.view.Choreographer.doFrame:1292 android.view.Choreographer$FrameDisplayEventReceiver.run:1870
04-15 09:53:28.324 19294 19294 I BLASTBufferQueue_Java: update, w= 720 h= 1544 mName = VRI[ComponentActivity]@b565a9f mNativeObject= 0xb40000741c5e8fe0 sc.mNativeObject= 0xb40000751c4f3e90 format= -1 caller= android.view.ViewRootImpl.updateBlastSurfaceIfNeeded:3590 android.view.ViewRootImpl.relayoutWindow:11685 android.view.ViewRootImpl.performTraversals:4804 android.view.ViewRootImpl.doTraversal:3924 android.view.ViewRootImpl$TraversalRunnable.run:12903 android.view.Choreographer$CallbackRecord.run:1901
04-15 09:53:28.326  2000  2000 D NavigationBar: onSystemBarAttributesChanged() -  displayId:0, appearance:528, packageName: com.catfact.app.feature.factdetail.test (APPEARANCE_LIGHT_NAVIGATION_BARS ), navbarColorManagedByIme:false
04-15 09:53:28.327  1151  1151 D SurfaceFlinger: Display 4633128672291735999 HWC layers:
04-15 09:53:28.327  1151  1151 D SurfaceFlinger:        CLIENT |           17089674871025 | 00002102 | RGBA_8888    |   10.0    0.0  720.0 1544.0 |    0    0  720 1544 | com.google.android.calendar/com.goog[...]AllInOneCalendarActivity$_3979#18561 (23)
04-15 09:53:28.327  1151  1151 D SurfaceFlinger:   SOLID_COLOR |                        0 | 00000000 | N/A          |    0.0    0.0    0.0    0.0 |    0    0  720 1544 | DimTransitionLayer for Surface(name=Task=3874)/@0xfb8c66d#18574 (0)
04-15 09:53:28.327  1151  1151 D SurfaceFlinger:        DEVICE |            8589934655835 | 00002100 | RGBA_8888    |    0.0    0.0   33.0 1544.0 |  687    0  720 1544 | Splash Screen com.catfact.app.feature.factdetail.test$_2000#18572 (1)
04-15 09:53:28.327  1151  1151 D SurfaceFlinger:        DEVICE |            8589934654694 | 00002100 | RGBA_8888    |    0.0    0.0  720.0   50.0 |    0    0  720   50 | StatusBar$_2000#102 (26217)
04-15 09:53:28.327  1151  1151 D SurfaceFlinger:        DEVICE |           10569914518889 | 00002100 | RGBA_8888    |    0.0    0.0   67.0  353.0 |  653  192  720  545 | com.sec.android.app.launcher/com.sam[...]l.app.CocktailBarService$_2461#16495 (1)
04-15 09:53:28.327  1151  1151 D SurfaceFlinger:        DEVICE |            8589934654693 | 0000
04-15 09:53:28.327  1151  1151 D SurfaceFlinger: 2100 | RGBA_8888    |    0.0    0.0  720.0   90.0 |    0 1454  720 1544 | NavigationBar0$_2000#98 (17011)
04-15 09:53:28.327  1151  1151 D SurfaceFlinger:
04-15 09:53:28.327 19294 19294 I VRI[ComponentActivity]@b565a9f: Relayout returned: old=(0,0,720,1544) new=(0,0,720,1544) relayoutAsync=false req=(720,1544)0 dur=14 res=0x3 s={true 0xb40000748c535d40} ch=true seqId=0
04-15 09:53:28.327 19294 19294 I VRI[ComponentActivity]@b565a9f: performConfigurationChange setNightDimText nightDimLevel=0
04-15 09:53:28.328  1151  1151 I SurfaceFlinger: [LayerHierarchy{RequestedLayerState{8c5cec7 NavigationBar0#91 parentId=18581} 1 children}] reparent to LayerHierarchy{RequestedLayerState{Surface(name=8c5cec7 NavigationBar0)/@0xa68870 - animation-leash of insets_animation#18581 parentId=90} 1 children}
04-15 09:53:28.328  1151  1151 I SurfaceFlinger: [LayerHierarchy{RequestedLayerState{3edafdc StatusBar#95 parentId=18580} 1 children}] reparent to LayerHierarchy{RequestedLayerState{Surface(name=3edafdc StatusBar)/@0x3b919ed - animation-leash of insets_animation#18580 parentId=94} 1 children}
04-15 09:53:28.328  1151  1151 I SurfaceFlinger: [LayerHierarchy{RequestedLayerState{Surface(name=8c5cec7 NavigationBar0)/@0xa68870 - animation-leash of insets_animation#18565} no children}] reparent to OffscreenRoot
04-15 09:53:28.328  1151  1151 I SurfaceFlinger: [LayerHierarchy{RequestedLayerState{Surface(name=8c5cec7 NavigationBar0)/@0xa68870 - animation-leash of insets_animation#18565} no children}] RelativeParent to null
04-15 09:53:28.328 19294 19294 D VRI[ComponentActivity]@b565a9f: mThreadedRenderer.initialize() mSurface={isValid=true 0xb40000748c535d40} hwInitialized=true
04-15 09:53:28.328  1151  1151 I SurfaceFlinger: [LayerHierarchy{RequestedLayerState{Surface(name=3edafdc StatusBar)/@0x3b919ed - animation-leash of insets_animation#18564} no children}] reparent to OffscreenRoot
04-15 09:53:28.328  1151  1151 I SurfaceFlinger: [LayerHierarchy{RequestedLayerState{Surface(name=3edafdc StatusBar)/@0x3b919ed - animation-leash of insets_animation#18564} no children}] RelativeParent to null
04-15 09:53:28.328  1151  1151 I SurfaceFlinger: [LayerHierarchy{RequestedLayerState{Surface(name=3edafdc StatusBar)/@0x3b919ed - animation-leash of insets_animation#18578} no children}] reparent to OffscreenRoot
04-15 09:53:28.328  1151  1151 I SurfaceFlinger: [LayerHierarchy{RequestedLayerState{Surface(name=3edafdc StatusBar)/@0x3b919ed - animation-leash of insets_animation#18578} no children}] RelativeParent to null
04-15 09:53:28.328  1151  1151 I SurfaceFlinger: [LayerHierarchy{RequestedLayerState{Surface(name=8c5cec7 NavigationBar0)/@0xa68870 - animation-leash of insets_animation#18579} no children}] reparent to OffscreenRoot
04-15 09:53:28.328  1151  1151 I SurfaceFlinger: [LayerHierarchy{RequestedLayerState{Surface(name=8c5cec7 NavigationBar0)/@0xa68870 - animation-leash of insets_animation#18579} no children}] RelativeParent to null
04-15 09:53:28.328  1151  1151 I SurfaceFlinger: [Surface(name=3edafdc StatusBar)/@0x3b919ed - animation-leash of insets_animation#18580] attach to parent LayerHierarchy{RequestedLayerState{WindowToken{7a8fc4f type=2000 android.os.BinderProxy@a9d7329}#94 parentId=17} 1 children}
04-15 09:53:28.328  1151  1151 I SurfaceFlinger: [Surface(name=8c5cec7 NavigationBar0)/@0xa68870 - animation-leash of insets_animation#18581] attach to parent LayerHierarchy{RequestedLayerState{WindowToken{fc018e2 type=2019 android.os.BinderProxy@bda3ac4}#90 parentId=34} 1 children}
04-15 09:53:28.328 19294 19294 D VRI[ComponentActivity]@b565a9f: reportNextDraw android.view.ViewRootImpl.performTraversals:5443 android.view.ViewRootImpl.doTraversal:3924 android.view.ViewRootImpl$TraversalRunnable.run:12903 android.view.Choreographer$CallbackRecord.run:1901 android.view.Choreographer$CallbackRecord.run:1910
04-15 09:53:28.328 19294 19294 D VRI[ComponentActivity]@b565a9f: Setup new sync=wmsSync-VRI[ComponentActivity]@b565a9f#8
04-15 09:53:28.328 19294 19294 I VRI[ComponentActivity]@b565a9f: Creating new active sync group VRI[ComponentActivity]@b565a9f#9
04-15 09:53:28.328 19294 19294 D VRI[ComponentActivity]@b565a9f: registerCallbacksForSync syncBuffer=false
04-15 09:53:28.329 19294 19346 D VRI[ComponentActivity]@b565a9f: Received frameDrawingCallback syncResult=0 frameNum=1.
04-15 09:53:28.329 19294 19346 I VRI[ComponentActivity]@b565a9f: mWNT: t=0xb4000074fc51df10 mBlastBufferQueue=0xb40000741c5e8fe0 fn= 1 HdrRenderState mRenderHdrSdrRatio=1.0 caller= android.view.ViewRootImpl$12.onFrameDraw:15441 android.view.ThreadedRenderer$1.onFrameDraw:718 <bottom of call stack>
04-15 09:53:28.329 19294 19346 I VRI[ComponentActivity]@b565a9f: Setting up sync and frameCommitCallback
04-15 09:53:28.329 19294 19332 I BLASTBufferQueue: [VRI[ComponentActivity]@b565a9f#4](f:0,a:0,s:0) onFrameAvailable the first frame is available
04-15 09:53:28.330 19294 19332 I VRI[ComponentActivity]@b565a9f: Received frameCommittedCallback lastAttemptedDrawFrameNum=1 didProduceBuffer=true
04-15 09:53:28.330  1151  1378 I SurfaceFlinger: [com.catfact.app.feature.factdetail.test/androidx.activity.ComponentActivity$_19294#18577] setTransactionState with the first frame. bufferData(ID: 82867099009040, frameNumber: 1)
04-15 09:53:28.330  1151  1378 I SurfaceFlinger: id=18578 Removed Surface(name=3edafdc StatusBar)/@0x3b919ed - animation-leash of insets_animation#18578 (183)
04-15 09:53:28.330  1151  1378 I SurfaceFlinger: id=18579 Removed Surface(name=8c5cec7 NavigationBar0)/@0xa68870 - animation-leash of insets_animation#18579 (183)
04-15 09:53:28.331 19294 19332 D HWUI    : CFMS:: SetUp Pid : 19294    Tid : 19332
04-15 09:53:28.331 19294 19294 D VRI[ComponentActivity]@b565a9f: reportDrawFinished seqId=0
04-15 09:53:28.331  2000  2120 I InsetsController: onStateChanged: host=Splash Screen com.catfact.app.feature.factdetail.test, from=android.view.ViewRootImpl.onInsetsStateChanged:3026, state=InsetsState: {mDisplayFrame=Rect(0, 0 - 720, 1544), mDisplayCutout=DisplayCutout{insets=Rect(0, 50 - 0, 0) waterfall=Insets{left=0, top=0, right=0, bottom=0} boundingRect={Bounds=[Rect(0, 0 - 0, 0), Rect(341, 0 - 379, 50), Rect(0, 0 - 0, 0), Rect(0, 0 - 0, 0)]} cutoutPathParserInfo={CutoutPathParserInfo{displayWidth=720 displayHeight=1544 physicalDisplayWidth=720 physicalDisplayHeight=1544 density={1.875} cutoutSpec={M 0,0 H -10 V 26.66666666666667 H 10 V 0 H 0 Z @dp} rotation={0} scale={1.0} physicalPixelDisplaySizeRatio={1.0}}} sideOverrides={}}, mRoundedCorners=RoundedCorners{[RoundedCorner{position=TopLeft, radius=8, center=Point(8, 8)}, RoundedCorner{position=TopRight, radius=8, center=Point(712, 8)}, RoundedCorner{position=BottomRight, radius=8, center=Point(712, 1536)}, RoundedCorner{position=BottomLeft, radius=8, center=Point(8, 1536)}]}  mRoundedCornerFrame=Rect(0, 0 - 720, 1544), mPrivacyIndicatorBounds=PrivacyIndicatorBounds {static bounds=Rect(637, 0 - 720, 50) rotation=0}, mDisplayShape=DisplayShape{ spec=-311912193 displayWidth=720 displayHeight=1544 physicalPixelDisplaySizeRatio=0.5 rotation=0 offsetX=0 offsetY=0 scale=1.0}, mSources= { InsetsSource: {ec730001 mType=navigationBars mFrame=[0,1454][720,1544] mVisible=true mFlags= mSideHint=BOTTOM mBoundingRects=null}, InsetsSource: {ec730004 mType=systemGestures mFrame=[0,0][0,0] mVisible=true mFlags= mSideHint=NONE mBoundingRects=null}, InsetsSource: {ec730005 mType=mandatorySystemGestures mFrame=[0,1454][720,1544] mVisible=true mFlags= mSideHint=BOTTOM mBoundingRects=null}, InsetsSource: {ec730006 mType=tappableElement mFrame=[0,1454][720,1544] mVisible=true mFlags= mSideHint=BOTTOM mBoundingRects=null}, InsetsSource: {ec730024 mType=systemGestures mFrame=[0,0][0,0] mVisible=true mFlags= mSideHint=NONE mBoundingRects=null}, InsetsSource: {3 mType=ime mFrame=[0,0][0,0] mVisible=false mFlags= mSideHint=NONE mBoundingRects=null}, InsetsSource: {27 mType=displayCutout mFrame=[0,0][720,50] mVisible=true mFlags= mSideHint=TOP mBoundingRects=null}, InsetsSource: {43950000 mType=statusBars mFrame=[0,0][720,50] mVisible=true mFlags= mSideHint=TOP mBoundingRects=null}, InsetsSource: {43950005 mType=mandatorySystemGestures mFrame=[0,0][720,73] mVisible=true mFlags= mSideHint=TOP mBoundingRects=null}, InsetsSource: {43950006 mType=tappableElement mFrame=[0,0][720,50] mVisible=true mFlags= mSideHint=TOP mBoundingRects=null} }
04-15 09:53:28.331 19294 19294 I InsetsSourceConsumer: applyRequestedVisibilityToControl: visible=true, type=statusBars, host=com.catfact.app.feature.factdetail.test/androidx.activity.ComponentActivity
04-15 09:53:28.331  2000  2120 I VRI[test]@1125c0: onActiveControlsChanged, removed=false, mAdded=true, caller=android.view.ViewRootImpl.handleInsetsControlChanged:3002 android.view.ViewRootImpl$ViewRootHandler.handleMessageImpl:8352 android.view.ViewRootImpl$ViewRootHandler.handleMessage:8301 android.os.Handler.dispatchMessage:110 android.os.Looper.loopOnce:273
04-15 09:53:28.331  1542  1585 D SurfaceComposerClient: setCornerRadius ## 82e151c Splash Screen com.catfact.app.feature.factdetail.test#18571 cornerRadius=0.000000
04-15 09:53:28.331  1542  1585 D SurfaceComposerClient: setCornerRadius ## d5ad48b com.catfact.app.feature.factdetail.test/androidx.activity.ComponentActivity#18576 cornerRadius=0.000000
04-15 09:53:28.332  1542  1585 D SurfaceComposerClient: setCornerRadius ## 82e151c Splash Screen com.catfact.app.feature.factdetail.test#18571 cornerRadius=0.000000
04-15 09:53:28.332 19294 19294 I InsetsSourceConsumer: applyRequestedVisibilityToControl: visible=true, type=navigationBars, host=com.catfact.app.feature.factdetail.test/androidx.activity.ComponentActivity
04-15 09:53:28.332  1151  1199 I SurfaceFlinger: id=18582 createSurf, flag=24000, Surface(name=d5ad48b com.catfact.app.feature.factdetail.test/androidx.activity.ComponentActivity)/@0x34b11ac - animation-leash of starting_reveal#18582
04-15 09:53:28.334  2000  2105 D ShellTaskOrganizer: removeStartingWindow, removalInfo=StartingWindowRemovalInfo{taskId=3874 frame=Rect(0, 0 - 720, 1544) playRevealAnimation=true roundedCornerRadius=0.0 deferRemoveMode=0 windowlessSurface=false removeImmediately=false}
04-15 09:53:28.334  1542  1585 D SurfaceComposerClient: setCornerRadius ## d5ad48b com.catfact.app.feature.factdetail.test/androidx.activity.ComponentActivity#18576 cornerRadius=0.000000
04-15 09:53:28.334  1151  1151 I SurfaceFlinger: destroyed Surface(name=3edafdc StatusBar)/@0x3b919ed - animation-leash of insets_animation#18578
04-15 09:53:28.334  1542  1585 D SurfaceComposerClient: setCornerRadius ## 82e151c Splash Screen com.catfact.app.feature.factdetail.test#18571 cornerRadius=0.000000
