04-15 09:53:29.581  1542  1585 D SurfaceComposerClient: setCornerRadius ## 7074ee Splash Screen com.catfact.app.feature.factdetail.test#18607 cornerRadius=0.000000
04-15 09:53:29.581  1059  1180 I HYPER-HAL: [ResourceManager.cpp]removeResource(): [CPULittleMinFreq] RemoveResource Request ID : 1233263
04-15 09:53:29.582  1151  1199 I SurfaceFlinger: id=18618 createSurf, flag=24000, Surface(name=89c652 com.catfact.app.feature.factdetail.test/androidx.activity.ComponentActivity)/@0x46e1105 - animation-leash of starting_reveal#18618
04-15 09:53:29.582  1059  1180 I HYPER-HAL: [RequestManager.cpp]releaseLocked(): Released ID : 1233263
04-15 09:53:29.583  1542  1585 D SurfaceComposerClient: setCornerRadius ## 89c652 com.catfact.app.feature.factdetail.test/androidx.activity.ComponentActivity#18609 cornerRadius=0.000000
04-15 09:53:29.584  1151  1200 I SurfaceFlinger: id=18600 Removed Surface(name=3edafdc StatusBar)/@0x3b919ed - animation-leash of insets_animation#18600 (191)
04-15 09:53:29.584  2000  2105 D ShellTaskOrganizer: removeStartingWindow, removalInfo=StartingWindowRemovalInfo{taskId=3875 frame=Rect(0, 0 - 720, 1544) playRevealAnimation=true roundedCornerRadius=0.0 deferRemoveMode=0 windowlessSurface=false removeImmediately=false}
04-15 09:53:29.585  1151  1151 I SurfaceFlinger: destroyed Surface(name=3edafdc StatusBar)/@0x3b919ed - animation-leash of insets_animation#18614
04-15 09:53:29.585 19294 19294 I InsetsSourceConsumer: applyRequestedVisibilityToControl: visible=true, type=statusBars, host=com.catfact.app.feature.factdetail.test/androidx.activity.ComponentActivity
04-15 09:53:29.585  1151  1151 I SurfaceFlinger: destroyed Surface(name=8c5cec7 NavigationBar0)/@0xa68870 - animation-leash of insets_animation#18615
04-15 09:53:29.585  1151  1151 I SurfaceFlinger: [Surface(name=89c652 com.catfact.app.feature.factdetail.test/androidx.activity.ComponentActivity)/@0x46e1105 - animation-leash of starting_reveal#18618] attach to parent LayerHierarchy{RequestedLayerState{ActivityRecord{19406490 u0 com.catfact.app.feature.factdetail.test/androidx.activity.ComponentActivity t3875}#18606 parentId=18605} 4 children}
04-15 09:53:29.585  1151  1199 I SurfaceFlinger: id=18601 Removed Surface(name=8c5cec7 NavigationBar0)/@0xa68870 - animation-leash of insets_animation#18601 (191)
04-15 09:53:29.585  1542  1585 D SurfaceComposerClient: setCornerRadius ## 7074ee Splash Screen com.catfact.app.feature.factdetail.test#18607 cornerRadius=0.000000
04-15 09:53:29.585  1542  1585 D SurfaceComposerClient: setCornerRadius ## 89c652 com.catfact.app.feature.factdetail.test/androidx.activity.ComponentActivity#18609 cornerRadius=0.000000
04-15 09:53:29.585  1542  1585 D SurfaceComposerClient: setCornerRadius ## 7074ee Splash Screen com.catfact.app.feature.factdetail.test#18607 cornerRadius=0.000000
04-15 09:53:29.585  1542  1585 D SurfaceComposerClient: setCornerRadius ## 89c652 com.catfact.app.feature.factdetail.test/androidx.activity.ComponentActivity#18609 cornerRadius=0.000000
04-15 09:53:29.586 19294 19294 I InsetsSourceConsumer: applyRequestedVisibilityToControl: visible=true, type=navigationBars, host=com.catfact.app.feature.factdetail.test/androidx.activity.ComponentActivity
04-15 09:53:29.587  1151  1151 I Layer   : id=18614 Destroyed Surface(name=3edafdc StatusBar)/@0x3b919ed - animation-leash of insets_animation#18614
04-15 09:53:29.587  1151  1151 I Layer   : id=18615 Destroyed Surface(name=8c5cec7 NavigationBar0)/@0xa68870 - animation-leash of insets_animation#18615
04-15 09:53:29.587  1542  1581 I PkgPredictorService-SecIpmManagerServiceImpl: reportToNAP uid:10748 com.catfact.app.feature.factdetail.test/androidx.activity.ComponentActivity thisTime:95
04-15 09:53:29.588  1542  1581 D PkgPredictorService-SecIpmManagerServiceImpl: reportToNAP: mHeavyLaunchCounter is false
04-15 09:53:29.588  1542  2944 D PkgPredictorService-SecIpmManagerServiceImpl: ACTION_FOREGROUND_FINISH_EVENT sCurForegroundApp :com.catfact.app.feature.factdetail.test
04-15 09:53:29.589  1542  1581 I ActivityTaskManager: Displayed com.catfact.app.feature.factdetail.test/androidx.activity.ComponentActivity for user 0: +95ms
04-15 09:53:29.589  3152  3152 E pageboostd: Received HALT command code 2
04-15 09:53:29.589  1542  3015 I NSLocationMonitor: getGPSUsingApps() called
04-15 09:53:29.589  2982  3043 I NSLocationManager_FLP: getGPSUsingApps, No change
04-15 09:53:29.591  1542  3015 W Binder  : Outgoing transactions from this process must be FLAG_ONEWAY
04-15 09:53:29.591  1542  3015 W Binder  : java.lang.Throwable
04-15 09:53:29.591  1542  3015 W Binder  : 	at android.os.BinderProxy.transact(BinderProxy.java:566)
04-15 09:53:29.591  1542  3015 W Binder  : 	at android.bluetooth.IBluetoothGatt$Stub$Proxy.getAdvertisingSetUids(IBluetoothGatt.java:1678)
04-15 09:53:29.591  1542  3015 W Binder  : 	at android.bluetooth.BluetoothAdapter.getAdvertisingSetUids(BluetoothAdapter.java:8476)
04-15 09:53:29.591  1542  3015 W Binder  : 	at android.bluetooth.BluetoothAdapter.getHWUsingApps(BluetoothAdapter.java:1342)
04-15 09:53:29.591  1542  3015 W Binder  : 	at com.android.server.am.mars.filter.filter.BlueToothConnectedFilter.updateBTUsingPackages(qb/106579837 41bd6649a5bb053b68d2b16c1bbb7c9198eb32665b636c0bbec506912035f7b6:22)
04-15 09:53:29.591  1542  3015 W Binder  : 	at com.android.server.am.FreecessController.freeze(qb/106579837 41bd6649a5bb053b68d2b16c1bbb7c9198eb32665b636c0bbec506912035f7b6:117)
04-15 09:53:29.591  1542  3015 W Binder  : 	at com.android.server.am.FreecessHandler$MainHandler.handleLcdOnFreeze(qb/106579837 41bd6649a5bb053b68d2b16c1bbb7c9198eb32665b636c0bbec506912035f7b6:55)
04-15 09:53:29.591  1542  3015 W Binder  : 	at com.android.server.am.FreecessHandler$MainHandler.handleMessage(qb/106579837 41bd6649a5bb053b68d2b16c1bbb7c9198eb32665b636c0bbec506912035f7b6:793)
04-15 09:53:29.591  1542  3015 W Binder  : 	at android.os.Handler.dispatchMessage(Handler.java:110)
04-15 09:53:29.591  1542  3015 W Binder  : 	at android.os.Looper.loopOnce(Looper.java:273)
04-15 09:53:29.591  1542  3015 W Binder  : 	at android.os.Looper.loop(Looper.java:363)
04-15 09:53:29.591  1542  3015 W Binder  : 	at android.os.HandlerThread.run(HandlerThread.java:85)
04-15 09:53:29.591  2000  2195 I VRI[test]@6cf23b1: mWNT: t=0xb4000074fc5ec710 mBlastBufferQueue=0xb40000741cf1d290 fn= 2 HdrRenderState mRenderHdrSdrRatio=1.0 caller= android.view.SyncRtSurfaceTransactionApplier.applyTransaction:100 android.view.SyncRtSurfaceTransactionApplier.lambda$scheduleApply$0:73 android.view.SyncRtSurfaceTransactionApplier.$r8$lambda$afI4fXg3U3-nBZQEDQMiNy-B06s:0
04-15 09:53:29.591  2000  2195 I VRI[test]@6cf23b1: mWNT: t=0xb4000074fc681150 mBlastBufferQueue=0xb40000741cf1d290 fn= 2 HdrRenderState mRenderHdrSdrRatio=1.0 caller= android.view.SyncRtSurfaceTransactionApplier.applyTransaction:100 android.view.SyncRtSurfaceTransactionApplier.lambda$scheduleApply$0:73 android.view.SyncRtSurfaceTransactionApplier.$r8$lambda$afI4fXg3U3-nBZQEDQMiNy-B06s:0
04-15 09:53:29.595  1151  1338 D SurfaceFlinger: [input] setFocusedWindow: 89c652 com.catfact.app.feature.factdetail.test/androidx.activity.ComponentActivity
04-15 09:53:29.595  1542  4043 D InputDispatcher: Once focus requested (0): 89c652 com.catfact.app.feature.factdetail.test/androidx.activity.ComponentActivity
04-15 09:53:29.595  1542  4043 D InputDispatcher: Focus request (0): 89c652 com.catfact.app.feature.factdetail.test/androidx.activity.ComponentActivity but waiting because NO_WINDOW
04-15 09:53:29.595  1151  1151 I SurfaceFlinger: RequestedLayer [com.catfact.app.feature.factdetail.t[...]ivity.ComponentActivity$_19294#18613] hidden!! flag  from(1) --> to(0)
04-15 09:53:29.595  1151  1151 I SurfaceFlinger: destroyed Surface(name=8c5cec7 NavigationBar0)/@0xa68870 - animation-leash of insets_animation#18601
04-15 09:53:29.595  1151  1151 I SurfaceFlinger: destroyed Surface(name=3edafdc StatusBar)/@0x3b919ed - animation-leash of insets_animation#18600
04-15 09:53:29.595  1151  1151 I SurfaceFlinger: [LayerHierarchy{RequestedLayerState{89c652 com.catfact.app.feature.factdetail.test/androidx.activity.ComponentActivity#18609 parentId=18618} 1 children}] reparent to LayerHierarchy{RequestedLayerState{Surface(name=89c652 com.catfact.app.feature.factdetail.test/androidx.activity.ComponentActivity)/@0x46e1105 - animation-leash of starting_reveal#18618 parentId=18606} 1 children}
04-15 09:53:29.598  1151  1151 I Layer   : id=18601 Destroyed Surface(name=8c5cec7 NavigationBar0)/@0xa68870 - animation-leash of insets_animation#18601
04-15 09:53:29.598  1151  1151 I Layer   : id=18600 Destroyed Surface(name=3edafdc StatusBar)/@0x3b919ed - animation-leash of insets_animation#18600
04-15 09:53:29.598  1144  1154 E HeatmapThread: ECT Thread time in milliseconds: 1776239609
04-15 09:53:29.598  1144  1154 D HeatmapThread: !@ batteryplugType : 0
04-15 09:53:29.598  1144  1154 D HeatmapThread: !@ batteryLevel : 0  batteryTemperature : 0
04-15 09:53:29.598  1144  1154 D HeatmapThread: !@ Heatmap currtime: 29603993
04-15 09:53:29.598  1144  1154 D HeatmapThread: !@ Heatmap prevtime: 29603990
04-15 09:53:29.598  1144  1154 D HeatmapThread: !@ Heatmap plugstarttime: 35791394
04-15 09:53:29.598  1144  1154 D HeatmapThread: !@ Heatmap prevv_dsoh_update_time: 29597770
04-15 09:53:29.598  1144  1154 E HeatmapThread: !@Could not open '/efs/FactoryApp/bsoh', errno = 13
04-15 09:53:29.598  1144  1154 E HeatmapThread: !@ CAM Could not access BSOH EFS
04-15 09:53:29.598  1144  1154 E HeatmapThread: !@ CAM New BSOH: 0
04-15 09:53:29.599  2000  2120 I VRI[test]@6cf23b1: onActiveControlsChanged, removed=false, mAdded=true, caller=android.view.ViewRootImpl.handleInsetsControlChanged:3002 android.view.ViewRootImpl$ViewRootHandler.handleMessageImpl:8352 android.view.ViewRootImpl$ViewRootHandler.handleMessage:8301 android.os.Handler.dispatchMessage:110 android.os.Looper.loopOnce:273
04-15 09:53:29.599  2000  2194 I VRI[test]@6cf23b1: mWNT: t=0xb4000074fc708b50 mBlastBufferQueue=0xb40000741cf1d290 fn= 3 HdrRenderState mRenderHdrSdrRatio=1.0 caller= android.view.SyncRtSurfaceTransactionApplier.applyTransaction:100 android.view.SyncRtSurfaceTransactionApplier.lambda$scheduleApply$0:73 android.view.SyncRtSurfaceTransactionApplier.$r8$lambda$afI4fXg3U3-nBZQEDQMiNy-B06s:0
04-15 09:53:29.601  1542  1585 D SurfaceComposerClient: setCornerRadius ## 7074ee Splash Screen com.catfact.app.feature.factdetail.test#18607 cornerRadius=0.000000
04-15 09:53:29.601  1542  1585 D SurfaceComposerClient: setCornerRadius ## 89c652 com.catfact.app.feature.factdetail.test/androidx.activity.ComponentActivity#18609 cornerRadius=0.000000
04-15 09:53:29.606  1542  3015 I NSLocationMonitor: getGPSUsingApps() called
04-15 09:53:29.608  2000  2195 I VRI[test]@6cf23b1: mWNT: t=0xb4000074fc7d5750 mBlastBufferQueue=0xb40000741cf1d290 fn= 4 HdrRenderState mRenderHdrSdrRatio=1.0 caller= android.view.SyncRtSurfaceTransactionApplier.applyTransaction:100 android.view.SyncRtSurfaceTransactionApplier.lambda$scheduleApply$0:73 android.view.SyncRtSurfaceTransactionApplier.$r8$lambda$afI4fXg3U3-nBZQEDQMiNy-B06s:0
04-15 09:53:29.609  2982  3043 I NSLocationManager_FLP: getGPSUsingApps, No change
04-15 09:53:29.610  1151  1151 D SurfaceFlinger: Display 4633128672291735999 HWC layers:
04-15 09:53:29.610  1151  1151 D SurfaceFlinger:        CLIENT |           17089674871030 | 00002102 | RGBA_8888    |   50.0    0.0  720.0 1544.0 |    0    0  720 1544 | com.google.android.calendar/com.goog[...]AllInOneCalendarActivity$_3979#18597 (26)
04-15 09:53:29.610  1151  1151 D SurfaceFlinger:   SOLID_COLOR |                        0 | 00000000 | N/A          |    0.0    0.0    0.0    0.0 |    0    0  720 1544 | DimTransitionLayer for Surface(name=Task=3875)/@0x432517a#18611 (0)
04-15 09:53:29.610  1151  1151 D SurfaceFlinger:        DEVICE |           82867099009048 | 00002102 | RGBA_8888    |    0.0    0.0  159.0 1544.0 |  561    0  720 1544 | com.catfact.app.feature.factdetail.t[...]ivity.ComponentActivity$_19294#18613 (1)
04-15 09:53:29.610  1151  1151 D SurfaceFlinger:        DEVICE |            8589934655853 | 00002100 | RGBA_8888    |    0.0    0.0  159.0 1544.0 |  561    0  720 1544 | Splash Screen com.catfact.app.feature.factdetail.test$_2000#18608 (1)
04-15 09:53:29.610  1151  1151 D SurfaceFlinger:        DEVICE |            8589934654742 | 00002100 | RGBA_8888    |    0.0    0.0  720.0   50.0 |    0    0  720   50 | StatusBar$_2000#102 (26244)
04-15 09:53:29.610  1151  1151 D SurfaceFlinger:        DEVICE |           10569914518889 | 0000
04-15 09:53:29.610  1151  1151 D SurfaceFlinger: 2100 | RGBA_8888    |    0.0    0.0   67.0  353.0 |  653  192  720  545 | com.sec.android.app.launcher/com.sam[...]l.app.CocktailBarService$_2461#16495 (1)
04-15 09:53:29.610  1151  1151 D SurfaceFlinger:        DEVICE |            8589934654705 | 00002100 | RGBA_8888    |    0.0    0.0  720.0   90.0 |    0 1454  720 1544 | NavigationBar0$_2000#98 (17044)
04-15 09:53:29.610  1151  1151 D SurfaceFlinger:
04-15 09:53:29.610  1542  2315 D InputDispatcher: Focus entered window (0): 89c652 com.catfact.app.feature.factdetail.test/androidx.activity.ComponentActivity
04-15 09:53:29.611 19294 19294 D VRI[ComponentActivity]@9d6528a: mThreadedRenderer.initializeIfNeeded()#2 mSurface={isValid=true 0xb40000748c543820}
04-15 09:53:29.612 19294 19294 D InputMethodManagerUtils: startInputInner - Id : 0
04-15 09:53:29.612 19294 19294 I InputMethodManager: startInputInner - IInputMethodManagerGlobalInvoker.startInputOrWindowGainedFocus
04-15 09:53:29.614  1542  1750 I ImeTracker: com.catfact.app.feature.factdetail.test:66ed1a90: onRequestHide at ORIGIN_SERVER reason HIDE_UNSPECIFIED_WINDOW fromUser false
04-15 09:53:29.615 19294 19294 I InputMethodManager: handleMessage: setImeVisibility visible=false
04-15 09:53:29.615 19294 19294 D InsetsController: hide(ime(), fromIme=false)
04-15 09:53:29.615 19294 19294 I ImeTracker: com.catfact.app.feature.factdetail.test:66ed1a90: onCancelled at PHASE_CLIENT_ALREADY_HIDDEN
04-15 09:53:29.616  2000  2194 I VRI[test]@6cf23b1: mWNT: t=0xb4000074fc7cb810 mBlastBufferQueue=0xb40000741cf1d290 fn= 5 HdrRenderState mRenderHdrSdrRatio=1.0 caller= android.view.SyncRtSurfaceTransactionApplier.applyTransaction:100 android.view.SyncRtSurfaceTransactionApplier.lambda$scheduleApply$0:73 android.view.SyncRtSurfaceTransactionApplier.$r8$lambda$afI4fXg3U3-nBZQEDQMiNy-B06s:0
04-15 09:53:29.618  2461  4432 I HoneySpace.RecentTasks: onRecentTasksChanged
04-15 09:53:29.619  3963  4335 I SemDvfsHyPerManager: acquire hyper - BaseTABoost/3963@25, type = -999
04-15 09:53:29.620  3756  3756 I HBD     : HoneyBoardService onFinishInput
04-15 09:53:29.620  3756  3756 I HBD     : a IC have been unbinding,  RemoteInputConnection{idHash=#b2c2f9c}
04-15 09:53:29.620  3756  3756 I HBD     : HoneyBoardService [PF_CL][onFinishInput]  0 ms
04-15 09:53:29.620  3756  3756 I HBD     : HoneyBoardService [IMI] onStartInput - caller pid : 19294 , caller uid : 10748
04-15 09:53:29.620  3756  3756 I HBD     : k updateConfigs
04-15 09:53:29.620  3756  3756 I HBD     : k isEnabledNightMode : true
04-15 09:53:29.621  3756  3756 I HBD     : a IC have been binding, RemoteInputConnection{idHash=#d1caa3}
04-15 09:53:29.621  3756  3756 I HBD     : h [EditorInputType]setPrivateImeOptionsToTable privateImeOptions ( null )
04-15 09:53:29.621  1059  1180 I HYPER-HAL: [RequestManager.cpp]acquire(): Acquired ID : 7954091  [3963 / 25]    HINT :      list : [TABoost / 1]
04-15 09:53:29.621  3756  3756 I HBD     : b incognitoMode : false
04-15 09:53:29.621  3756  3756 I HBD     : c needOff = true , isForceOff = false, isNullInputClass : true
04-15 09:53:29.621  3756  3756 I HBD     : h getDefaultInputRange : UNKNOWN
04-15 09:53:29.621  3756  3756 I HBD     : h getDefaultInputRange : UNKNOWN
04-15 09:53:29.621  3756  3756 I HBD     : h getDefaultInputRange : UNKNOWN
04-15 09:53:29.621  3979  3979 D InputTransport: Input channel destroyed: 'ClientS', fd=216
04-15 09:53:29.621  1542  1750 D InputTransport: Input channel constructed: 'ClientS', fd=1280
04-15 09:53:29.621  3756  3756 I HBD     : c needOff = true , isForceOff = false, isNullInputClass : true
04-15 09:53:29.621  3756  3756 I HBD     : c update cached prediction status : false
04-15 09:53:29.621  3756  3756 I HBD     : h getDefaultInputRange : UNKNOWN
04-15 09:53:29.621  3756  3756 I HBD     : a currentState : 0
04-15 09:53:29.622  3756  3756 I HBD     : a [UpdatePolicy] [post] a: 0 cl: 65538 kit: [0/0] vt: 0 ir: 1
04-15 09:53:29.622  1542  1750 D InputTransport: Input channel destroyed: 'ClientS', fd=1280
04-15 09:53:29.622 19294 19308 D InputTransport: Input channel constructed: 'ClientS', fd=133
04-15 09:53:29.622  3756  3756 I HBD     : a [NRIC] resetNoResponseState
04-15 09:53:29.622  3756  3756 I HBD     : c needOff = true , isForceOff = false, isNullInputClass : true
04-15 09:53:29.622  3756  3756 I HBD     : c update cached prediction status : false
04-15 09:53:29.622  3756  3756 I HBD     : b [AiWriter] setContact : com.catfact.app.feature.factdetail.test
04-15 09:53:29.622  3756  3756 I HBD     : a [AiWriter] setContact : com.catfact.app.feature.factdetail.test
04-15 09:53:29.623  3756  3756 I HBD     : o0 EBD si S 0
04-15 09:53:29.623  3756  3756 I HBD     : r updateContactDBLanguage : 0
04-15 09:53:29.623  3756  3756 I HBD     : a [UpdatePolicy] [post] a: 31 cl: 65538 kit: [0/0] vt: 0 ir: 1
04-15 09:53:29.623  1151  2758 I SurfaceFlinger: id=18619 createSurf, flag=24004, Surface(name=1d7a05f InputMethod)/@0x5f77a9d - animation-leash of insets_animation#18619
04-15 09:53:29.623  3756  3756 I HBD     : HoneyBoardService [PF_OP][onStartInput]  3 ms
04-15 09:53:29.623  3723 26412 I [AirCmd]_ActivitySwitchDetector: onTaskStackChanged : componentName - ComponentInfo{com.catfact.app.feature.factdetail.test/androidx.activity.ComponentActivity}
04-15 09:53:29.623  3756  3756 I HBD     : [DirectWriting] DirectWriting emitInputConnection : RemoteInputConnection{idHash=#d1caa3}
04-15 09:53:29.624  3756  2073 I HBD     : a [SKE_SPECIFIC] specific model[com.catfact.app.feature.factdetail.test] loaded, 848086 ns
04-15 09:53:29.625  1542  2101 I ImeTracker: system_server:bb038177: onRequestHide at ORIGIN_SERVER reason IME_REQUESTED_CHANGED_LISTENER fromUser false
04-15 09:53:29.625  1151  1151 I SurfaceFlinger: [Surface(name=1d7a05f InputMethod)/@0x5f77a9d - animation-leash of insets_animation#18619] attach to parent LayerHierarchy{RequestedLayerState{WindowToken{d080c22 type=2011 android.os.Binder@459a5ed}#120 parentId=15} 2 children}
04-15 09:53:29.625  2000  2195 I VRI[test]@6cf23b1: mWNT: t=0xb4000074fc701b50 mBlastBufferQueue=0xb40000741cf1d290 fn= 6 HdrRenderState mRenderHdrSdrRatio=1.0 caller= android.view.SyncRtSurfaceTransactionApplier.applyTransaction:100 android.view.SyncRtSurfaceTransactionApplier.lambda$scheduleApply$0:73 android.view.SyncRtSurfaceTransactionApplier.$r8$lambda$afI4fXg3U3-nBZQEDQMiNy-B06s:0
04-15 09:53:29.626  1542  1584 I ImeTracker: system_server:bb038177: onCancelled at PHASE_SERVER_SHOULD_HIDE
04-15 09:53:29.627  1542  1585 D SurfaceComposerClient: setCornerRadius ## 7074ee Splash Screen com.catfact.app.feature.factdetail.test#18607 cornerRadius=0.000000
04-15 09:53:29.627  1542  1585 D SurfaceComposerClient: setCornerRadius ## 89c652 com.catfact.app.feature.factdetail.test/androidx.activity.ComponentActivity#18609 cornerRadius=0.000000
04-15 09:53:29.633  2000  2194 I VRI[test]@6cf23b1: mWNT: t=0xb4000074fc610f90 mBlastBufferQueue=0xb40000741cf1d290 fn= 7 HdrRenderState mRenderHdrSdrRatio=1.0 caller= android.view.SyncRtSurfaceTransactionApplier.applyTransaction:100 android.view.SyncRtSurfaceTransactionApplier.lambda$scheduleApply$0:73 android.view.SyncRtSurfaceTransactionApplier.$r8$lambda$afI4fXg3U3-nBZQEDQMiNy-B06s:0
04-15 09:53:29.642  1542  4043 I WindowManager: Relayout Window{7074ee u0 Splash Screen com.catfact.app.feature.factdetail.test}: viewVisibility=8 req=720x1544 ty=3 d0
04-15 09:53:29.642  1542  4043 D SurfaceComposerClient: setCornerRadius ## 89c652 com.catfact.app.feature.factdetail.test/androidx.activity.ComponentActivity#18609 cornerRadius=0.000000
04-15 09:53:29.643  1542  4043 D SurfaceComposerClient: setCornerRadius ## 7074ee Splash Screen com.catfact.app.feature.factdetail.test#18607 cornerRadius=0.000000
04-15 09:53:29.643  1542  4043 D SurfaceComposerClient: setCornerRadius ## 89c652 com.catfact.app.feature.factdetail.test/androidx.activity.ComponentActivity#18609 cornerRadius=0.000000
04-15 09:53:29.643  1542  4043 I WindowManager: Relayout hash=7074ee, pid=2000, syncId=-1: mAttrs={(0,0)(fillxfill) sim={adjust=pan} layoutInDisplayCutoutMode=always ty=APPLICATION_STARTING fmt=TRANSLUCENT wanim=0x1030317
04-15 09:53:29.643  1542  4043 I WindowManager:   fl=81030118
04-15 09:53:29.643  1542  4043 I WindowManager:   pfl=10000810
04-15 09:53:29.643  1542  4043 I WindowManager:   apr=18
04-15 09:53:29.643  1542  4043 I WindowManager:   bhv=1
04-15 09:53:29.643  1542  4043 I WindowManager:   fitSides=0
04-15 09:53:29.643  1542  4043 I WindowManager:   frameRateBoostOnTouch=true
04-15 09:53:29.643  1542  4043 I WindowManager:   dvrrWindowFrameRateHint=true naviIconColor=0}
04-15 09:53:29.644  2000  2120 I VRI[test]@6cf23b1: onActiveControlsChanged, removed=false, mAdded=true, caller=android.view.ViewRootImpl.handleInsetsControlChanged:3002 android.view.ViewRootImpl.relayoutWindow:11629 android.view.ViewRootImpl.performTraversals:4804 android.view.ViewRootImpl.doTraversal:3924 android.view.ViewRootImpl$TraversalRunnable.run:12903
04-15 09:53:29.644  2000  2120 I VRI[test]@6cf23b1: Relayout returned: old=(0,0,720,1544) new=(0,0,720,1544) relayoutAsync=false req=(720,1544)8 dur=2 res=0x2 s={false 0x0} ch=true seqId=0
04-15 09:53:29.644  2000  2120 D VRI[test]@6cf23b1: Not drawing due to not visible. Reason=View.GONE
04-15 09:53:29.644  2000  2120 I VRI[test]@6cf23b1: dispatchDetachedFromWindow
04-15 09:53:29.645  1151  1151 I SurfaceFlinger: RequestedLayer [Surface(name=1d7a05f InputMethod)/@0[...]tion-leash of insets_animation#18619] hidden!! flag  from(1) --> to(0)
04-15 09:53:29.645  1151  1151 E SurfaceFlinger: alpha changed 1.000 -> 0.000 - Surface(name=1d7a05f InputMethod)/@0x5f77a9d - animation-leash of insets_animation#18619
04-15 09:53:29.645  1542  2101 D InputTransport: Input channel destroyed: '7074ee ', fd=972
04-15 09:53:29.645  1151  1151 I SurfaceFlinger: [LayerHierarchy{RequestedLayerState{ImeContainer#15 parentId=18606 relativeParentId=18606 z=3} 1 children}] reparent to LayerHierarchy{RequestedLayerState{ActivityRecord{19406490 u0 com.catfact.app.feature.factdetail.test/androidx.activity.ComponentActivity t3875}#18606 parentId=18605} 4 children}
04-15 09:53:29.645  1151  1151 I SurfaceFlinger: [LayerHierarchy{RequestedLayerState{ImeContainer#15 parentId=18606 relativeParentId=18606 z=3} 1 children}] RelativeParent to null
04-15 09:53:29.645  1542  2101 D SurfaceComposerClient: setCornerRadius ## 89c652 com.catfact.app.feature.factdetail.test/androidx.activity.ComponentActivity#18609 cornerRadius=0.000000
04-15 09:53:29.645  1151  1151 I SurfaceFlinger: [LayerHierarchy{RequestedLayerState{1d7a05f InputMethod#134 parentId=18619} no children}] reparent to LayerHierarchy{RequestedLayerState{Surface(name=1d7a05f InputMethod)/@0x5f77a9d - animation-leash of insets_animation#18619 parentId=120} 1 children}
04-15 09:53:29.645  1151  1151 I SurfaceFlinger: [LayerHierarchy{RequestedLayerState{Surface(name=1d7a05f InputMethod)/@0x5f77a9d - animation-leash of insets_animation#18603} no children}] reparent to OffscreenRoot
04-15 09:53:29.645  1151  1151 I SurfaceFlinger: [LayerHierarchy{RequestedLayerState{Surface(name=1d7a05f InputMethod)/@0x5f77a9d - animation-leash of insets_animation#18603} no children}] RelativeParent to null
04-15 09:53:29.645  1542  2101 D SurfaceComposerClient: setCornerRadius ## 89c652 com.catfact.app.feature.factdetail.test/androidx.activity.ComponentActivity#18609 cornerRadius=0.000000
04-15 09:53:29.646  2000  2120 D InputTransport: Input channel destroyed: '7074ee ', fd=664
04-15 09:53:29.646  1542  1585 D SurfaceComposerClient: setCornerRadius ## 89c652 com.catfact.app.feature.factdetail.test/androidx.activity.ComponentActivity#18609 cornerRadius=0.000000
04-15 09:53:29.650  1542  1585 D SurfaceComposerClient: setCornerRadius ## 89c652 com.catfact.app.feature.factdetail.test/androidx.activity.ComponentActivity#18609 cornerRadius=0.000000
04-15 09:53:29.651  1151  1200 I SurfaceFlinger: id=18603 Removed Surface(name=1d7a05f InputMethod)/@0x5f77a9d - animation-leash of insets_animation#18603 (188)
04-15 09:53:29.652  3756  3756 I InputMethodService: scheduleImeSurfaceRemoval: canceled, mShowInputRequested=false, mWindowVisible=false, IsmWindowNull=false, IsmImeSurfaceRemoverRunnableNotNull=true
04-15 09:53:29.655  1218  1218 I CameraService: onUidStateChanged: uid=10048, procState is changed. (1 -> 0)
04-15 09:53:29.660  1151  1151 I SurfaceFlinger: RequestedLayer [Splash Screen com.catfact.app.feature.factdetail.test$_2000#18608] hidden!! flag  from(0) --> to(1)
04-15 09:53:29.660  1151  1151 I SurfaceFlinger: destroyed Surface(name=1d7a05f InputMethod)/@0x5f77a9d - animation-leash of insets_animation#18603
04-15 09:53:29.660  1151  1151 I SurfaceFlinger: [LayerHierarchy{RequestedLayerState{89c652 com.catfact.app.feature.factdetail.test/androidx.activity.ComponentActivity#18609 parentId=18606} 1 children}] reparent to LayerHierarchy{RequestedLayerState{ActivityRecord{19406490 u0 com.catfact.app.feature.factdetail.test/androidx.activity.ComponentActivity t3875}#18606 parentId=18605} 5 children}
04-15 09:53:29.660  1151  1151 I SurfaceFlinger: [LayerHierarchy{RequestedLayerState{Surface(name=89c652 com.catfact.app.feature.factdetail.test/androidx.activity.ComponentActivity)/@0x46e1105 - animation-leash of starting_reveal#18618} no children}] reparent to OffscreenRoot
04-15 09:53:29.660  2000  2000 D SystemUIService: SYSUI_RAM_OPTIMIZATION onTrimMemory=20
04-15 09:53:29.660  1151  1151 I SurfaceFlinger: [LayerHierarchy{RequestedLayerState{Surface(name=89c652 com.catfact.app.feature.factdetail.test/androidx.activity.ComponentActivity)/@0x46e1105 - animation-leash of starting_reveal#18618} no children}] RelativeParent to null
04-15 09:53:29.660  2000  2000 D CentralSurfaces: SYSUI_RAM_OPTIMIZATION onTrimMemory=20
04-15 09:53:29.661  2000  2196 D HWUI    : CacheManager::trimMemory(20)
04-15 09:53:29.662  1151  1151 I Layer   : id=18603 Destroyed Surface(name=1d7a05f InputMethod)/@0x5f77a9d - animation-leash of insets_animation#18603
04-15 09:53:29.669  1151  1151 D SurfaceFlinger: Display 4633128672291735999 HWC layers:
04-15 09:53:29.669  1151  1151 D SurfaceFlinger:        CLIENT |           17089674871030 | 00002102 | RGBA_8888    |  160.0    0.0  720.0 1544.0 |    0    0  720 1544 | com.google.android.calendar/com.goog[...]AllInOneCalendarActivity$_3979#18597 (30)
04-15 09:53:29.669  1151  1151 D SurfaceFlinger:   SOLID_COLOR |                        0 | 00000000 | N/A          |    0.0    0.0    0.0    0.0 |    0    0  720 1544 | DimTransitionLayer for Surface(name=Task=3875)/@0x432517a#18611 (0)
04-15 09:53:29.669  1151  1151 D SurfaceFlinger:        DEVICE |           82867099009048 | 00002102 | RGBA_8888    |    0.0    0.0  512.0 1544.0 |  208    0  720 1544 | com.catfact.app.feature.factdetail.t[...]ivity.ComponentActivity$_19294#18613 (1)
04-15 09:53:29.669  1151  1151 D SurfaceFlinger:        DEVICE |            8589934654687 | 00002100 | RGBA_8888    |    0.0    0.0  720.0   50.0 |    0    0  720   50 | StatusBar$_2000#102 (26250)
04-15 09:53:29.669  1151  1151 D SurfaceFlinger:        DEVICE |           10569914518889 | 00002100 | RGBA_8888    |    0.0    0.0   67.0  353.0 |  653  192  720  545 | com.sec.android.app.launcher/com.sam[...]l.app.CocktailBarService$_2461#16495 (1)
04-15 09:53:29.669  1151  1151 D SurfaceFlinger:        DEVICE |            85899346
04-15 09:53:29.669  1151  1151 D SurfaceFlinger: 54692 | 00002100 | RGBA_8888    |    0.0    0.0  720.0   90.0 |    0 1454  720 1544 | NavigationBar0$_2000#98 (17050)
04-15 09:53:29.669  1151  1151 D SurfaceFlinger:
04-15 09:53:29.699  2000  2000 D QSClock : onDarkChanged tint=DARK
04-15 09:53:29.830  2461  2461 I HoneySpace.EdgePanel.EdgeVisibilityRepository: getComputedTrayVisible : keyguardState = 1
04-15 09:53:29.830  2461  2461 I HoneySpace.EdgePanel.EdgeVisibilityRepository: updateTrayVisible: State = 0x1, visible = true, current containerState = 0, specificMode = 0
04-15 09:53:29.830  2461  2461 I HoneySpace.EdgePanel.EdgeVisibilityRepository: Same container state 0
04-15 09:53:29.835  1151  1151 D SurfaceFlinger: GPIS:: requestGpisForClientComposition
04-15 09:53:29.847  3756  3756 I InputMethodService: removeImeSurface
04-15 09:53:29.847  3756  3756 I InputMethodService: cancelImeSurfaceRemoval: removeCallbacks
04-15 09:53:29.882  1059 19434 I HYPER-HAL: [RequestManager.cpp]releaseLocked(): Released ID : 1223852
04-15 09:53:29.924  3979  3988 I ndroid.calendar: Background concurrent mark compact GC freed 59MB AllocSpace bytes, 2(32KB) LOS objects, 60% free, 30MB/78MB, paused 1.849ms,2.728ms total 109.401ms
04-15 09:53:30.000  1151  1151 D SurfaceFlinger: Display 4633128672291735999 HWC layers:
04-15 09:53:30.000  1151  1151 D SurfaceFlinger:        DEVICE |           82867099009048 | 00002102 | RGBA_8888    |    0.0    0.0  720.0 1544.0 |    0    0  720 1544 | com.catfact.app.feature.factdetail.t[...]ivity.ComponentActivity$_19294#18613 (1)
04-15 09:53:30.000  1151  1151 D SurfaceFlinger:        DEVICE |            8589934654687 | 00002100 | RGBA_8888    |    0.0    0.0  720.0   50.0 |    0    0  720   50 | StatusBar$_2000#102 (26258)
04-15 09:53:30.000  1151  1151 D SurfaceFlinger:        DEVICE |           10569914518889 | 00002100 | RGBA_8888    |    0.0    0.0   67.0  353.0 |  653  192  720  545 | com.sec.android.app.launcher/com.sam[...]l.app.CocktailBarService$_2461#16495 (1)
04-15 09:53:30.000  1151  1151 D SurfaceFlinger:        DEVICE |            8589934654691 | 00002100 | RGBA_8888    |    0.0    0.0  720.0   90.0 |    0 1454  720 1544 | NavigationBar0$_2000#98 (17057)
04-15 09:53:30.000  1151  1151 D SurfaceFlinger:
04-15 09:53:30.003  2000  2105 I SurfaceControlRegistry: apply, t=FinishTransaction_SyncId<1661>, caller=android.view.SurfaceControl$Transaction.apply:3459 android.view.SurfaceControl$Transaction.apply:3447 android.view.SurfaceControl$Transaction.apply:3397 com.android.wm.shell.transition.Transitions.onFinish:315 com.android.wm.shell.transition.Transitions$$ExternalSyntheticLambda7.onTransitionFinished:12 com.android.wm.shell.transition.DefaultTransitionHandler$$ExternalSyntheticLambda2.run:36
04-15 09:53:30.005  3979  3979 I VRI[AllInOneCalendarActivity]@ce2de21: handleAppVisibility mAppVisible = true visible = false
04-15 09:53:30.005  3979  3979 D VRI[AllInOneCalendarActivity]@ce2de21: visibilityChanged oldVisibility=true newVisibility=false
04-15 09:53:30.005  1542  2315 D SurfaceComposerClient: setCornerRadius ## 89c652 com.catfact.app.feature.factdetail.test/androidx.activity.ComponentActivity#18609 cornerRadius=0.000000
04-15 09:53:30.006  1542  2315 D SurfaceComposerClient: setCornerRadius ## 89c652 com.catfact.app.feature.factdetail.test/androidx.activity.ComponentActivity#18609 cornerRadius=0.000000
04-15 09:53:30.006  2000  2000 D SamsungLightBarControlHelper: updateStatusBar (WHITE icon) numStacks:1, StatusBarMode:MODE_TRANSPARENT, lightBarBounds:[], StatusBarState:SHADE, packageName:, isWhiteKeyguardStatusBar:false
04-15 09:53:30.006  2000  2000 D SamsungLightBarControlHelper: onStatusBarAppearanceChanged() -  sbModeChanged:false, statusBarMode:0, barState:MODE_TRANSPARENT, isKeyguardShowing:false, navbarColorManagedByIme:false, (AppearanceRegion{ bounds=[0,0][720,1544]}, )
04-15 09:53:30.008  1151  1151 I SurfaceFlinger: RequestedLayer [Task=3801#16292] hidden!! flag  from(0) --> to(1)
04-15 09:53:30.008  1151  1151 I SurfaceFlinger: [Display 0 name="Built-in Screen"#49] setFrameRateCategory: Default
04-15 09:53:30.008  1151  1151 I SurfaceFlinger: RequestedLayer [com.google.android.calendar/com.goog[...]AllInOneCalendarActivity$_3979#18597] hidden!! flag  from(0) --> to(1)
04-15 09:53:30.008  1151  1151 I SurfaceFlinger: RequestedLayer [ActivityRecord{243114305 u0 com.goog[...]llInOneCalendarActivity t3801}#16293] hidden!! flag  from(0) --> to(1)
04-15 09:53:30.008  1151  1151 I SurfaceFlinger: [LayerHierarchy{RequestedLayerState{ImeContainer#15 parentId=18606 relativeParentId=18609 z=1} 1 children}] RelativeParent to LayerHierarchy{RequestedLayerState{89c652 com.catfact.app.feature.factdetail.test/androidx.activity.ComponentActivity#18609 parentId=18606} 2 children}
04-15 09:53:30.009  1151  1151 I SurfaceFlinger: [LayerHierarchy{RequestedLayerState{Task=3801#16292 parentId=10 z=12} 1 children}] reparent to LayerHierarchy{RequestedLayerState{DefaultTaskDisplayArea_d0#10 parentId=9} 16 children}
04-15 09:53:30.009  1151  1151 I SurfaceFlinger: [LayerHierarchy{RequestedLayerState{Task=3875#18605 parentId=10 z=13} 2 children}] reparent to LayerHierarchy{RequestedLayerState{DefaultTaskDisplayArea_d0#10 parentId=9} 17 children}
04-15 09:53:30.009  1151  1151 I SurfaceFlinger: [LayerHierarchy{RequestedLayerState{7074ee Splash Screen com.catfact.app.feature.factdetail.test#18607 z=2147483647} 1 children}] reparent to OffscreenRoot
04-15 09:53:30.009  2000  2000 D SystemUIService: SYSUI_RAM_OPTIMIZATION onTrimMemory=20
04-15 09:53:30.009  1151  1151 I SurfaceFlinger: [LayerHierarchy{RequestedLayerState{7074ee Splash Screen com.catfact.app.feature.factdetail.test#18607 z=2147483647} 1 children}] RelativeParent to null
04-15 09:53:30.009  1151  1151 I SurfaceFlinger: [LayerHierarchy{RequestedLayerState{Splash Screen com.catfact.app.feature.factdetail.test$_2000#18608} no children}] reparent to OffscreenRoot
04-15 09:53:30.009  2000  2000 D CentralSurfaces: SYSUI_RAM_OPTIMIZATION onTrimMemory=20
04-15 09:53:30.009  1151  1151 I SurfaceFlinger: [LayerHierarchy{RequestedLayerState{Splash Screen com.catfact.app.feature.factdetail.test$_2000#18608} no children}] RelativeParent to null
04-15 09:53:30.009  1151  1151 I SurfaceFlinger: [LayerHierarchy{RequestedLayerState{Transition Root: Task=3875#18610 z=13} 1 children}] reparent to OffscreenRoot
04-15 09:53:30.009  1151  1151 I SurfaceFlinger: [LayerHierarchy{RequestedLayerState{Transition Root: Task=3875#18610 z=13} 1 children}] RelativeParent to null
04-15 09:53:30.009  1151  1151 I SurfaceFlinger: [LayerHierarchy{RequestedLayerState{DimTransitionLayer for Surface(name=Task=3875)/@0x432517a#18611 z=-1} no children}] reparent to OffscreenRoot
04-15 09:53:30.009  1151  1151 I SurfaceFlinger: [LayerHierarchy{RequestedLayerState{DimTransitionLayer for Surface(name=Task=3875)/@0x432517a#18611 z=-1} no children}] RelativeParent to null
04-15 09:53:30.009  2000  2196 D HWUI    : CacheManager::trimMemory(20)
04-15 09:53:30.011  1151  1151 I SurfaceFlinger: id=18608 Removed Splash Screen com.catfact.app.feature.factdetail.test$_2000#18608 (187)
04-15 09:53:30.011  1151  1151 I SurfaceFlinger: id=18611 Removed DimTransitionLayer for Surface(name=Task=3875)/@0x432517a#18611 (187)
04-15 09:53:30.011  1151  1151 I SurfaceFlinger: id=18610 Removed Transition Root: Task=3875#18610 (187)
04-15 09:53:30.011  1151  1151 I SurfaceFlinger: id=18607 Removed 7074ee Splash Screen com.catfact.app.feature.factdetail.test#18607 (187)
04-15 09:53:30.013  2000  2125 D StackScroller: onDisplayChanged for predraw skip to 2
04-15 09:53:30.013  2461  4432 I HoneySpace.Memory-Monitor: current state = 2, didTrim = false
04-15 09:53:30.013  2000  2000 D DisplayLifecycle: updateDisplay id = 0
04-15 09:53:30.013  1542  1585 D SurfaceComposerClient: setCornerRadius ## 89c652 com.catfact.app.feature.factdetail.test/androidx.activity.ComponentActivity#18609 cornerRadius=0.000000
04-15 09:53:30.013  3979  4808 D HWUI    : CacheManager::trimMemory(20)
04-15 09:53:30.015  1542  2315 I WindowManager: Relayout Window{ed491e2 u0 com.google.android.calendar/com.google.android.calendar.allinone.AllInOneCalendarActivity}: viewVisibility=8 req=720x1544 ty=1 d0
04-15 09:53:30.015  1542  2315 D SurfaceComposerClient: setCornerRadius ## 89c652 com.catfact.app.feature.factdetail.test/androidx.activity.ComponentActivity#18609 cornerRadius=0.000000
04-15 09:53:30.015  1542  2315 D SurfaceComposerClient: setCornerRadius ## 89c652 com.catfact.app.feature.factdetail.test/androidx.activity.ComponentActivity#18609 cornerRadius=0.000000
04-15 09:53:30.016  1542  2315 I WindowManager: Relayout hash=ed491e2, pid=3979, syncId=-1: mAttrs={(0,0)(fillxfill) sim={adjust=pan} layoutInDisplayCutoutMode=always ty=BASE_APPLICATION wanim=0x1030317
04-15 09:53:30.016  1542  2315 I WindowManager:   fl=81810100
04-15 09:53:30.016  1542  2315 I WindowManager:   pfl=100088c0
04-15 09:53:30.016  1542  2315 I WindowManager:   vsysui=700
04-15 09:53:30.016  1542  2315 I WindowManager:   bhv=1
04-15 09:53:30.016  1542  2315 I WindowManager:   fitSides=0
04-15 09:53:30.016  1542  2315 I WindowManager:   frameRateBoostOnTouch=true
04-15 09:53:30.016  1542  2315 I WindowManager:   dvrrWindowFrameRateHint=true naviIconColor=0}
04-15 09:53:30.016  1151  1151 I SurfaceFlinger: destroyed 7074ee Splash Screen com.catfact.app.feature.factdetail.test#18607
04-15 09:53:30.016  1151  1151 I SurfaceFlinger: destroyed Splash Screen com.catfact.app.feature.factdetail.test$_2000#18608
04-15 09:53:30.016  1151  1151 I SurfaceFlinger: destroyed Transition Root: Task=3875#18610
04-15 09:53:30.016  1151  1151 I SurfaceFlinger: destroyed DimTransitionLayer for Surface(name=Task=3875)/@0x432517a#18611
04-15 09:53:30.018  1151  1151 I Layer   : id=18607 Destroyed 7074ee Splash Screen com.catfact.app.feature.factdetail.test#18607
04-15 09:53:30.018  1151  1151 I Layer   : id=18608 Destroyed Splash Screen com.catfact.app.feature.factdetail.test$_2000#18608
04-15 09:53:30.018  1151  1151 I Layer   : id=18610 Destroyed Transition Root: Task=3875#18610
04-15 09:53:30.018  1151  1151 I Layer   : id=18611 Destroyed DimTransitionLayer for Surface(name=Task=3875)/@0x432517a#18611
04-15 09:53:30.023  3979  3979 I VRI[AllInOneCalendarActivity]@ce2de21: Relayout returned: old=(0,0,720,1544) new=(0,0,720,1544) relayoutAsync=false req=(720,1544)8 dur=5 res=0x2 s={false 0x0} ch=true seqId=0
04-15 09:53:30.024  3979  3979 D VRI[AllInOneCalendarActivity]@ce2de21: Not drawing due to not visible. Reason=!mAppVisible && !mForceDecorViewVisibility
04-15 09:53:30.026  3979  4808 D HWUI    : CacheManager::trimMemory(20)
04-15 09:53:30.031  3979  3979 I VRI[AllInOneCalendarActivity]@ce2de21: stopped(true) old = false
04-15 09:53:30.031  3979  3979 D VRI[AllInOneCalendarActivity]@ce2de21: WindowStopped on com.google.android.calendar/com.google.android.calendar.allinone.AllInOneCalendarActivity set to true
04-15 09:53:30.031  3979  4808 D HWUI    : CacheManager::trimMemory(20)
04-15 09:53:30.044  1542  1582 D PkgPredictorService-SecIpmManagerServiceImpl: bg information pid:3979 uid:10279 pkgName:com.google.android.calendar
04-15 09:53:30.049  1151  1151 I SurfaceFlinger: [LayerHierarchy{RequestedLayerState{com.google.android.calendar/com.google.android.calendar.allinone.AllInOneCalendarActivity$_3979#18597} no children}] reparent to OffscreenRoot
04-15 09:53:30.050  1151  1151 I SurfaceFlinger: [LayerHierarchy{RequestedLayerState{com.google.android.calendar/com.google.android.calendar.allinone.AllInOneCalendarActivity$_3979#18597} no children}] RelativeParent to null
04-15 09:53:30.051  1151  1151 I SurfaceFlinger: id=18597 Removed com.google.android.calendar/com.google.android.calendar.allinone.AllInOneCalendarActivity$_3979#18597 (183)
04-15 09:53:30.058  1151  1151 I SurfaceFlinger: destroyed com.google.android.calendar/com.google.android.calendar.allinone.AllInOneCalendarActivity$_3979#18597
04-15 09:53:30.059  1151  1151 I Layer   : id=18597 Destroyed com.google.android.calendar/com.google.android.calendar.allinone.AllInOneCalendarActivity$_3979#18597
04-15 09:53:30.063  1542  1784 D WifiStaIfaceHidlImpl: getCachedScanData is not implemented by HIDL
04-15 09:53:30.066 19294 19294 I View    : setRequestedFrameRate frameRate=0.0, this=androidx.compose.ui.platform.AndroidComposeView{3f34f30 VFED..... ......I. 0,0-720,1544 aid=1073741824}, caller=android.view.ViewGroup.setRequestedFrameRate:9952 androidx.compose.ui.platform.Api35Impl.setRequestedFrameRate:3822 androidx.compose.ui.platform.AndroidComposeView.dispatchDraw:2114 android.view.View.draw:26345 android.view.View.updateDisplayListIfDirty:25175
04-15 09:53:30.067 19294 19294 I View    : setRequestedFrameRate frameRate=-4.0, this=android.view.View{54c7647 V.ED..... ......I. 0,0-0,0}, caller=androidx.compose.ui.platform.Api35Impl.setRequestedFrameRate:3822 androidx.compose.ui.platform.AndroidComposeView.dispatchDraw:2115 android.view.View.draw:26345 android.view.View.updateDisplayListIfDirty:25175 android.view.View.draw:26072
04-15 09:53:30.070 19294 19294 I View    : setRequestedFrameRate frameRate=NaN, this=androidx.compose.ui.platform.AndroidComposeView{3f34f30 VFED..... ........ 0,0-720,1544 aid=1073741824}, caller=android.view.ViewGroup.setRequestedFrameRate:9952 androidx.compose.ui.platform.Api35Impl.setRequestedFrameRate:3822 androidx.compose.ui.platform.AndroidComposeView.dispatchDraw:2114 android.view.View.draw:26345 android.view.View.updateDisplayListIfDirty:25175
04-15 09:53:30.070 19294 19294 I View    : setRequestedFrameRate frameRate=-4.0, this=android.view.View{54c7647 V.ED..... ........ 0,0-0,0}, caller=androidx.compose.ui.platform.Api35Impl.setRequestedFrameRate:3822 androidx.compose.ui.platform.AndroidComposeView.dispatchDraw:2115 android.view.View.draw:26345 android.view.View.updateDisplayListIfDirty:25175 android.view.View.draw:26072
04-15 09:53:30.072  3979  3979 W WindowOnBackDispatcher: sendCancelIfRunning: isInProgress=false callback=android.app.Activity$$ExternalSyntheticLambda0@6e3b5d
04-15 09:53:30.075 19294 19332 I GSC     : SID[12] : 7f437acb38afbb37, Kind: 1, time : 6.344 ms
04-15 09:53:30.077  3979  4808 D HWUI    : CacheManager::trimMemory(20)
04-15 09:53:30.078  3979  3979 D ViewRootImpl: Skipping stats log for color mode
04-15 09:53:30.078  3979  3979 I VRI[AllInOneCalendarActivity]@ce2de21: dispatchDetachedFromWindow
04-15 09:53:30.079  1542  2161 D InputTransport: Input channel destroyed: 'ed491e2', fd=1248
04-15 09:53:30.079  1542  2161 D SurfaceComposerClient: setCornerRadius ## 89c652 com.catfact.app.feature.factdetail.test/androidx.activity.ComponentActivity#18609 cornerRadius=0.000000
04-15 09:53:30.080  1542  2161 D SurfaceComposerClient: setCornerRadius ## 89c652 com.catfact.app.feature.factdetail.test/androidx.activity.ComponentActivity#18609 cornerRadius=0.000000
04-15 09:53:30.080  3979  3979 D InputTransport: Input channel destroyed: 'ed491e2', fd=170
04-15 09:53:30.081 19294 19332 I GSC     : SID[13] : babe92fa555a83ae, Kind: 0, time : 5.145 ms
04-15 09:53:30.081  3979  3979 D BBA2    : setIsFg isFg = false; delayValue 3999ms
04-15 09:53:30.083  1151  1151 I SurfaceFlinger: [LayerHierarchy{RequestedLayerState{ed491e2 com.google.android.calendar/com.google.android.calendar.allinone.AllInOneCalendarActivity#18596} no children}] reparent to OffscreenRoot
04-15 09:53:30.083  1151  1151 I SurfaceFlinger: [LayerHierarchy{RequestedLayerState{ed491e2 com.google.android.calendar/com.google.android.calendar.allinone.AllInOneCalendarActivity#18596} no children}] RelativeParent to null
04-15 09:53:30.083  1151  1199 I SurfaceFlinger: id=18596 Removed ed491e2 com.google.android.calendar/com.google.android.calendar.allinone.AllInOneCalendarActivity#18596 (182)
04-15 09:53:30.091  1151  1151 I SurfaceFlinger: destroyed ed491e2 com.google.android.calendar/com.google.android.calendar.allinone.AllInOneCalendarActivity#18596
04-15 09:53:30.093  1151  1151 I Layer   : id=18596 Destroyed ed491e2 com.google.android.calendar/com.google.android.calendar.allinone.AllInOneCalendarActivity#18596
04-15 09:53:30.095  1542 23285 D SemWifiUsabilityStatsMonitor: onWifiUsabilityStats - seqNum 10579, isSameBssidAndFreq true
04-15 09:53:30.100  2000  2125 D Tile.WifiTile: handleUpdateState isTransient=false transientEnabling =false cb.isTransient=false state.state = 2 mStateBeforeClick.value =false enabled =true
04-15 09:53:30.100  2461  2583 I HoneySpace.StatusIconTracker: invokeEvent() called with: event = Wifi(visible=true, resId=2131236023, activityId=2131236054)
04-15 09:53:30.120  1542  2161 I SemDvfsHyPerManager: acquire hyper - AMS_ACT_START/1542@20, type = -999
04-15 09:53:30.120  1059  1180 I HYPER-HAL: [RequestManager.cpp]acquire(): Acquired ID : 1220723  [1542 / 20]    HINT : AMS_ACT_START    list :
04-15 09:53:30.121  1151  1199 I SurfaceFlinger: id=18620 createSurf, flag=84004, ActivityRecord{183065080 u0 com.catfact.app.feature.factdetail.test/androidx.test.core.app.InstrumentationActivityInvoker$EmptyActivity t3875}#18620
04-15 09:53:30.123  2000  2000 D QSClock : onDarkChanged tint=WHITE
04-15 09:53:30.124  2000  2105 D ShellDesktopMode: handleRequest: TransitionRequestInfo {type=1, tid=3875, debugId=1662}
04-15 09:53:30.124  1151  1151 I SurfaceFlinger: [ActivityRecord{183065080 u0 com.catfact.app.feature.factdetail.test/androidx.test.core.app.InstrumentationActivityInvoker$EmptyActivity t3875}#18620] attach to parent LayerHierarchy{RequestedLayerState{Task=3875#18605 parentId=10 z=13} 2 children}
04-15 09:53:30.125  3152  3152 E pageboostd: Received HALT command code 2
04-15 09:53:30.126 19294 19294 D LifecycleMonitor: Lifecycle status change: androidx.activity.ComponentActivity@c4020e7 in: PAUSED
04-15 09:53:30.126 19294 19294 V ActivityScenario: Update currentActivityStage to PAUSED, currentActivity=androidx.activity.ComponentActivity@c4020e7
04-15 09:53:30.127  1542  2101 D InputDispatcher: Focused application(0): ActivityRecord{183065080 u0 com.catfact.app.feature.factdetail.test/androidx.test.core.app.InstrumentationActivityInvoker$EmptyActivity t3875}
04-15 09:53:30.129  1542  2101 D GraphicsStatsService: requestRenderEngineFor(com.catfact.app.feature.factdetail.test)
04-15 09:53:30.130 19294 19294 D LifecycleMonitor: Lifecycle status change: androidx.test.core.app.InstrumentationActivityInvoker$EmptyActivity@d37b75e in: PRE_ON_CREATE
04-15 09:53:30.130 19294 19294 V ActivityScenario: Activity lifecycle changed event received but ignored because the intent does not match. startActivityIntent=Intent { act=android.intent.action.MAIN cat=[android.intent.category.LAUNCHER] flg=0x10008000 cmp=com.catfact.app.feature.factdetail.test/androidx.activity.ComponentActivity }, activity.getIntent()=Intent { act=android.intent.action.MAIN cat=[android.intent.category.LAUNCHER] flg=0x10000000 xflg=0x4 cmp=com.catfact.app.feature.factdetail.test/androidx.test.core.app.InstrumentationActivityInvoker$EmptyActivity }, activity=androidx.test.core.app.InstrumentationActivityInvoker$EmptyActivity@d37b75e
04-15 09:53:30.130  2461  2461 I HoneySpace.EdgePanel.CocktailHostRepositoryImpl: onNoteResume
04-15 09:53:30.130  2461  2461 I HoneySpace.EdgePanel.EdgePanelContainerViewModel: cocktailHostRepository.edgePanelOperation NoteResumeComponent(componentName=ComponentInfo{com.catfact.app.feature.factdetail.test/androidx.test.core.app.InstrumentationActivityInvoker$EmptyActivity})
04-15 09:53:30.130  2461  2461 I HoneySpace.EdgePanel.ActivityUtils: HomePackage : com.sec.android.app.launcher, resumePackageName : com.catfact.app.feature.factdetail.test, className : androidx.test.core.app.InstrumentationActivityInvoker$EmptyActivity
04-15 09:53:30.132  1151  1151 I SurfaceFlinger: [Display 0 name="Built-in Screen"#49] setFrameRateCategory: High
04-15 09:53:30.133 19294 19294 I DecorView: setWindowBackground: isPopOver=false color=ffffffff d=android.graphics.drawable.ColorDrawable@b6968f8
04-15 09:53:30.133 19294 19294 D LifecycleMonitor: Lifecycle status change: androidx.test.core.app.InstrumentationActivityInvoker$EmptyActivity@d37b75e in: CREATED
04-15 09:53:30.133 19294 19294 V ActivityScenario: Activity lifecycle changed event received but ignored because the intent does not match. startActivityIntent=Intent { act=android.intent.action.MAIN cat=[android.intent.category.LAUNCHER] flg=0x10008000 cmp=com.catfact.app.feature.factdetail.test/androidx.activity.ComponentActivity }, activity.getIntent()=Intent { act=android.intent.action.MAIN cat=[android.intent.category.LAUNCHER] flg=0x10000000 xflg=0x4 cmp=com.catfact.app.feature.factdetail.test/androidx.test.core.app.InstrumentationActivityInvoker$EmptyActivity }, activity=androidx.test.core.app.InstrumentationActivityInvoker$EmptyActivity@d37b75e
04-15 09:53:30.133 19294 19294 D LifecycleMonitor: Lifecycle status change: androidx.test.core.app.InstrumentationActivityInvoker$EmptyActivity@d37b75e in: STARTED
04-15 09:53:30.134 19294 19294 V ActivityScenario: Activity lifecycle changed event received but ignored because the intent does not match. startActivityIntent=Intent { act=android.intent.action.MAIN cat=[android.intent.category.LAUNCHER] flg=0x10008000 cmp=com.catfact.app.feature.factdetail.test/androidx.activity.ComponentActivity }, activity.getIntent()=Intent { act=android.intent.action.MAIN cat=[android.intent.category.LAUNCHER] flg=0x10000000 xflg=0x4 cmp=com.catfact.app.feature.factdetail.test/androidx.test.core.app.InstrumentationActivityInvoker$EmptyActivity }, activity=androidx.test.core.app.InstrumentationActivityInvoker$EmptyActivity@d37b75e
04-15 09:53:30.135 19294 19294 D LifecycleMonitor: Lifecycle status change: androidx.test.core.app.InstrumentationActivityInvoker$EmptyActivity@d37b75e in: RESUMED
