04-15 09:53:36.842  1151  1151 I SurfaceFlinger: [Transition Root: Task=3801#18804] attach to parent LayerHierarchy{RequestedLayerState{DefaultTaskDisplayArea_d0#10 parentId=9} 17 children}
04-15 09:53:36.844  1151  1200 I SurfaceFlinger: Capture layer list: 	 com.catfact.app.feature.factdetail.test/androidx.test.core.app.InstrumentationActivityInvoker$EmptyActivity$_19294#18797(seamlessTransition:0)
04-15 09:53:36.844  1151  1200 I CompositionEngine: [setDisplaySize] size=(720, 1544)
04-15 09:53:36.845  3979  3988 I ndroid.calendar: Background concurrent mark compact GC freed 42MB AllocSpace bytes, 1(16KB) LOS objects, 66% free, 18MB/56MB, paused 1.866ms,12.225ms total 306.533ms
04-15 09:53:36.845  1151  1206 D RenderEngine: [SEC_SF_EFFECTS] drawLayersInternal,1494, Rendering layer ScreenCaptureFillLayer at index 0
04-15 09:53:36.845  1151  1206 D RenderEngine: [SEC_SF_EFFECTS] drawLayersInternal,1494, Rendering layer com.catfact.app.feature.factdetail.test/androidx.test.core.app.InstrumentationActivityInvoker$EmptyActivity$_19294#18797 at index 1
04-15 09:53:36.847  2000  2105 I SurfaceControlRegistry: show, t=StartTransaction_SyncId<1678> sc=Task=3801, caller=android.view.SurfaceControl$Transaction.show:3557 com.android.wm.shell.transition.Transitions.dispatchReady:1279 com.android.wm.shell.transition.Transitions.onTransitionReady:251 com.android.wm.shell.transition.Transitions$TransitionPlayerImpl$$ExternalSyntheticLambda0.run:13 android.os.Handler.handleCallback:995 android.os.Handler.dispatchMessage:103
04-15 09:53:36.848  2000  2105 I SurfaceControlRegistry: show, t=FinishTransaction_SyncId<1678> sc=Task=3801, caller=android.view.SurfaceControl$Transaction.show:3557 com.android.wm.shell.transition.Transitions.dispatchReady:1330 com.android.wm.shell.transition.Transitions.onTransitionReady:251 com.android.wm.shell.transition.Transitions$TransitionPlayerImpl$$ExternalSyntheticLambda0.run:13 android.os.Handler.handleCallback:995 android.os.Handler.dispatchMessage:103
04-15 09:53:36.848  2000  2105 I SurfaceControlRegistry: show, t=StartTransaction_SyncId<1678> sc=Transition Root: Task=3801, caller=android.view.SurfaceControl$Transaction.show:3557 com.android.wm.shell.transition.Transitions.playTransition:79 com.android.wm.shell.transition.Transitions.processReadyQueue:239 com.android.wm.shell.transition.Transitions.dispatchReady:1352 com.android.wm.shell.transition.Transitions.onTransitionReady:251 com.android.wm.shell.transition.Transitions$TransitionPlayerImpl$$ExternalSyntheticLambda0.run:13
04-15 09:53:36.849  1151  1151 I SurfaceFlinger: RequestedLayer [Task=3801#16292] hidden!! flag  from(1) --> to(0)
04-15 09:53:36.849  1151  2758 I SurfaceFlinger: id=18805 createSurf, flag=20004, DimTransitionLayer for Surface(name=Task=3880)/@0xc2d4189#18805
04-15 09:53:36.850  2000  2105 I SurfaceControlRegistry: show, t=StartTransaction_SyncId<1678> sc=DimTransitionLayer for Surface(name=Task=3880)/@0xc2d4189, caller=android.view.SurfaceControl$Transaction.show:3557 com.android.wm.shell.transition.DefaultTransitionHandler.startAnimation:2931 com.android.wm.shell.transition.Transitions.dispatchTransition:90 com.android.wm.shell.transition.Transitions.playTransition:774 com.android.wm.shell.transition.Transitions.processReadyQueue:239 com.android.wm.shell.transition.Transitions.dispatchReady:1352
04-15 09:53:36.850  2000  2105 I SurfaceControlRegistry: apply, t=StartTransaction_SyncId<1678>, caller=android.view.SurfaceControl$Transaction.apply:3459 android.view.SurfaceControl$Transaction.apply:3447 android.view.SurfaceControl$Transaction.apply:3397 com.android.wm.shell.transition.DefaultTransitionHandler.startAnimation:3387 com.android.wm.shell.transition.Transitions.dispatchTransition:90 com.android.wm.shell.transition.Transitions.playTransition:774
04-15 09:53:36.848  6698 23906 I FontLog : (REDACTED) Pulling font file for id = %d, cache size = %d
04-15 09:53:36.854  1542  3964 D SyncManager: userId - 0 auto - true
04-15 09:53:36.858  1151  1151 I SurfaceFlinger: RequestedLayer [267bfe3 Splash Screen com.google.android.calendar#18802] hidden!! flag  from(1) --> to(0)
04-15 09:53:36.858  1151  1151 I SurfaceFlinger: RequestedLayer [Splash Screen com.google.android.calendar$_2000#18803] hidden!! flag  from(1) --> to(0)
04-15 09:53:36.858  1151  1151 I SurfaceFlinger: RequestedLayer [Transition Root: Task=3801#18804] hidden!! flag  from(1) --> to(0)
04-15 09:53:36.858  1151  1151 I SurfaceFlinger: RequestedLayer [ActivityRecord{243114305 u0 com.goog[...]llInOneCalendarActivity t3801}#16293] hidden!! flag  from(1) --> to(0)
04-15 09:53:36.858  1151  1151 I SurfaceFlinger: RequestedLayer [DimTransitionLayer for Surface(name=Task=3880)/@0xc2d4189#18805] hidden!! flag  from(1) --> to(0)
04-15 09:53:36.858  1151  1151 E SurfaceFlinger: alpha changed 1.000 -> 0.000 - DimTransitionLayer for Surface(name=Task=3880)/@0xc2d4189#18805
04-15 09:53:36.858  1151  1151 E SurfaceFlinger: alpha changed 0.000 -> 0.180 - DimTransitionLayer for Surface(name=Task=3880)/@0xc2d4189#18805
04-15 09:53:36.858  1151  1151 I SurfaceFlinger: [LayerHierarchy{RequestedLayerState{Task=3801#16292 parentId=18804 z=3} 1 children}] reparent to LayerHierarchy{RequestedLayerState{Transition Root: Task=3801#18804 parentId=10 z=13} 1 children}
04-15 09:53:36.858  1151  1151 I SurfaceFlinger: [LayerHierarchy{RequestedLayerState{Task=3880#18780 parentId=18804 z=4} 2 children}] reparent to LayerHierarchy{RequestedLayerState{Transition Root: Task=3801#18804 parentId=10 z=13} 2 children}
04-15 09:53:36.858  1151  1151 I SurfaceFlinger: [DimTransitionLayer for Surface(name=Task=3880)/@0xc2d4189#18805] attach to parent LayerHierarchy{RequestedLayerState{Transition Root: Task=3801#18804 parentId=10 z=13} 3 children}
04-15 09:53:36.869  1542  2161 D SyncManager: userId - 0 auto - true
04-15 09:53:36.872  1542  1677 D SyncManager: userId - 0 auto - true
04-15 09:53:36.878  4813  4813 D BoundBrokerSvc: onBind: Intent { act=com.google.android.gms.measurement.START xflg=0x4 pkg=com.google.android.gms }
04-15 09:53:36.878  4813  4813 D BoundBrokerSvc: Loading bound service for intent: Intent { act=com.google.android.gms.measurement.START xflg=0x4 pkg=com.google.android.gms }
04-15 09:53:36.878  3979  3979 D ViewRootImpl: desktopMode is false
04-15 09:53:36.879  3979  3979 I ViewRootImpl: dVRR is disabled
04-15 09:53:36.879  3979  4808 D NativeCustomFrequencyManager: [NativeCFMS] BpCustomFrequencyManager::BpCustomFrequencyManager()
04-15 09:53:36.880  1542  1677 D SyncManager: userId - 0 auto - true
04-15 09:53:36.881  1542  1558 D InputTransport: Input channel constructed: '2483cb1', fd=1041
04-15 09:53:36.881  1542  1558 D InputTransport: Input channel constructed: '2483cb1', fd=1250
04-15 09:53:36.882  3963  4335 I SemDvfsHyPerManager: acquire hyper - BaseTABoost/3963@25, type = -999
04-15 09:53:36.882  1542  1558 D InputTransport: Input channel constructed: '2483cb1', fd=1280
04-15 09:53:36.882  1542  1558 D InputTransport: Input channel destroyed: '2483cb1', fd=1250
04-15 09:53:36.882  1059  1180 I HYPER-HAL: [RequestManager.cpp]acquire(): Acquired ID : 7954091  [3963 / 25]    HINT :      list : [TABoost / 1]
04-15 09:53:36.882  2461  4418 I HoneySpace.RecentTasks: onRecentTasksChanged
04-15 09:53:36.884  3723 29073 I [AirCmd]_ActivitySwitchDetector: onTaskStackChanged : componentName - ComponentInfo{com.google.android.calendar/com.google.android.calendar.allinone.AllInOneCalendarActivity}
04-15 09:53:36.884  1151  1199 I SurfaceFlinger: id=18806 createSurf, flag=84004, 2483cb1 com.google.android.calendar/com.google.android.calendar.allinone.AllInOneCalendarActivity#18806
04-15 09:53:36.884  1151  1151 D SurfaceFlinger: Display 4633128672291735999 HWC layers:
04-15 09:53:36.884  1151  1151 D SurfaceFlinger:        DEVICE |            8589934655955 | 00002100 | RGBA_8888    |  219.0    0.0  720.0 1544.0 |    0    0  501 1544 | Splash Screen com.google.android.calendar$_2000#18803 (1)
04-15 09:53:36.884  1151  1151 D SurfaceFlinger:   SOLID_COLOR |                        0 | 00000000 | N/A          |    0.0    0.0    0.0    0.0 |    0    0  720 1544 | DimTransitionLayer for Surface(name=Task=3880)/@0xc2d4189#18805 (0)
04-15 09:53:36.884  1151  1151 D SurfaceFlinger:        DEVICE |           82867099009092 | 00002102 | RGBA_8888    |    0.0    0.0  699.0 1544.0 |   21    0  720 1544 | com.catfact.app.feature.factdetail.t[...]tyInvoker$EmptyActivity$_19294#18797 (1)
04-15 09:53:36.884  1151  1151 D SurfaceFlinger:        DEVICE |            8589934654742 | 00002100 | RGBA_8888    |    0.0    0.0  720.0   50.0 |    0    0  720   50 | StatusBar$_2000#102 (26432)
04-15 09:53:36.884  1151  1151 D SurfaceFlinger:        DEVICE |           10569914518889 | 00002100 | RGBA_8888    |    0.0    0.0   67.0  353.0 |  653  192  720  545 | com.sec.android.app.launcher/com.sam[...]l.app.CocktailBarService$_2461#16495 (1)
04-15 09:53:36.884  1151  1151 D SurfaceFlinger:        DEVICE |            8589934654693 | 00002100 | RGBA_8
04-15 09:53:36.884  1151  1151 D SurfaceFlinger: 888    |    0.0    0.0  720.0   90.0 |    0 1454  720 1544 | NavigationBar0$_2000#98 (17223)
04-15 09:53:36.884  1151  1151 D SurfaceFlinger:
04-15 09:53:36.885  1151  1151 I SurfaceFlinger: [2483cb1 com.google.android.calendar/com.google.android.calendar.allinone.AllInOneCalendarActivity#18806] attach to parent LayerHierarchy{RequestedLayerState{ActivityRecord{243114305 u0 com.google.android.calendar/.allinone.AllInOneCalendarActivity t3801}#16293 parentId=16292} 3 children}
04-15 09:53:36.886  1542  1558 D InputTransport: Input channel destroyed: '2483cb1', fd=1280
04-15 09:53:36.886  3979  3979 D InputTransport: Input channel constructed: '2483cb1', fd=159
04-15 09:53:36.887  3979  3979 I InsetsController: onStateChanged: host=com.google.android.calendar/com.google.android.calendar.allinone.AllInOneCalendarActivity, from=android.view.ViewRootImpl.onInsetsStateChanged:3026, state=InsetsState: {mDisplayFrame=Rect(0, 0 - 720, 1544), mDisplayCutout=DisplayCutout{insets=Rect(0, 50 - 0, 0) waterfall=Insets{left=0, top=0, right=0, bottom=0} boundingRect={Bounds=[Rect(0, 0 - 0, 0), Rect(341, 0 - 379, 50), Rect(0, 0 - 0, 0), Rect(0, 0 - 0, 0)]} cutoutPathParserInfo={CutoutPathParserInfo{displayWidth=720 displayHeight=1544 physicalDisplayWidth=720 physicalDisplayHeight=1544 density={1.875} cutoutSpec={M 0,0 H -10 V 26.66666666666667 H 10 V 0 H 0 Z @dp} rotation={0} scale={1.0} physicalPixelDisplaySizeRatio={1.0}}} sideOverrides={}}, mRoundedCorners=RoundedCorners{[RoundedCorner{position=TopLeft, radius=8, center=Point(8, 8)}, RoundedCorner{position=TopRight, radius=8, center=Point(712, 8)}, RoundedCorner{position=BottomRight, radius=8, center=Point(712, 1536)}, RoundedCorner{position=BottomLeft, radius=8, center=Point(8, 1536)}]}  mRoundedCornerFrame=Rect(0, 0 - 720, 1544), mPrivacyIndicatorBounds=PrivacyIndicatorBounds {static bounds=Rect(637, 0 - 720, 50) rotation=0}, mDisplayShape=DisplayShape{ spec=-311912193 displayWidth=720 displayHeight=1544 physicalPixelDisplaySizeRatio=0.5 rotation=0 offsetX=0 offsetY=0 scale=1.0}, mSources= { InsetsSource: {ec730001 mType=navigationBars mFrame=[0,1454][720,1544] mVisible=true mFlags= mSideHint=BOTTOM mBoundingRects=null}, InsetsSource: {ec730004 mType=systemGestures mFrame=[0,0][0,0] mVisible=true mFlags= mSideHint=NONE mBoundingRects=null}, InsetsSource: {ec730005 mType=mandatorySystemGestures mFrame=[0,1454][720,1544] mVisible=true mFlags= mSideHint=BOTTOM mBoundingRects=null}, InsetsSource: {ec730006 mType=tappableElement mFrame=[0,1454][720,1544] mVisible=true mFlags= mSideHint=BOTTOM mBoundingRects=null}, InsetsSource: {ec730024 mType=systemGestures mFrame=[0,0][0,0] mVisible=true mFlags= mSideHint=NONE mBoundingRects=null}, InsetsSource: {3 mType=ime mFrame=[0,0][0,0] mVisible=false mFlags= mSideHint=NONE mBoundingRects=null}, InsetsSource: {27 mType=displayCutout mFrame=[0,0][720,50] mVisible=true mFlags= mSideHint=TOP mBoundingRects=null}, InsetsSource: {43950000 mType=statusBars mFrame=[0,0][720,50] mVisible=true mFlags= mSideHint=TOP mBoundingRects=null}, InsetsSource: {43950005 mType=mandatorySystemGestures mFrame=[0,0][720,73] mVisible=true mFlags= mSideHint=TOP mBoundingRects=null}, InsetsSource: {43950006 mType=tappableElement mFrame=[0,0][720,50] mVisible=true mFlags= mSideHint=TOP mBoundingRects=null} }
04-15 09:53:36.888  3979  3979 I VRI[AllInOneCalendarActivity]@d0e7517: synced displayState. AttachInfo displayState=2
04-15 09:53:36.888  3979  3979 I VRI[AllInOneCalendarActivity]@d0e7517: setView = com.android.internal.policy.DecorView@1d4f00f IsHRR=false mFlingFrameRateChange=0 TM=true
04-15 09:53:36.898  1542  4025 I WindowManager: Relayout Window{2483cb1 u0 com.google.android.calendar/com.google.android.calendar.allinone.AllInOneCalendarActivity}: viewVisibility=0 req=720x1544 ty=1 d0
04-15 09:53:36.898  1542  3964 D SyncManager: userId - 0 auto - true
04-15 09:53:36.899  1151  1199 I SurfaceFlinger: id=18807 createSurf, flag=44004, com.google.android.calendar/com.google.android.calendar.allinone.AllInOneCalendarActivity$_3979#18807
04-15 09:53:36.900  1151  1151 I SurfaceFlinger: RequestedLayer [2483cb1 com.google.android.calendar/[...]inone.AllInOneCalendarActivity#18806] hidden!! flag  from(1) --> to(0)
04-15 09:53:36.900  1151  1151 I SurfaceFlinger: [com.google.android.calendar/com.google.android.calendar.allinone.AllInOneCalendarActivity$_3979#18807] attach to parent LayerHierarchy{RequestedLayerState{2483cb1 com.google.android.calendar/com.google.android.calendar.allinone.AllInOneCalendarActivity#18806 parentId=16293} 1 children}
04-15 09:53:36.901  1542  4025 D SurfaceComposerClient: setCornerRadius ## 267bfe3 Splash Screen com.google.android.calendar#18802 cornerRadius=0.000000
04-15 09:53:36.901  1542  4025 D SurfaceComposerClient: setCornerRadius ## 2483cb1 com.google.android.calendar/com.google.android.calendar.allinone.AllInOneCalendarActivity#18806 cornerRadius=0.000000
04-15 09:53:36.901  1151  1200 I SurfaceFlinger: id=18808 createSurf, flag=24000, Surface(name=3edafdc StatusBar)/@0x3b919ed - animation-leash of insets_animation#18808
04-15 09:53:36.903  1151  1200 I SurfaceFlinger: id=18809 createSurf, flag=24000, Surface(name=8c5cec7 NavigationBar0)/@0xa68870 - animation-leash of insets_animation#18809
04-15 09:53:36.906  1542  4025 D SurfaceComposerClient: setCornerRadius ## 267bfe3 Splash Screen com.google.android.calendar#18802 cornerRadius=0.000000
04-15 09:53:36.906  1542  4025 D SurfaceComposerClient: setCornerRadius ## 2483cb1 com.google.android.calendar/com.google.android.calendar.allinone.AllInOneCalendarActivity#18806 cornerRadius=0.000000
04-15 09:53:36.907  1151  1200 I SurfaceFlinger: id=18810 createSurf, flag=24000, Surface(name=3edafdc StatusBar)/@0x3b919ed - animation-leash of insets_animation#18810
04-15 09:53:36.909  1151  1151 I SurfaceFlinger: [Surface(name=3edafdc StatusBar)/@0x3b919ed - animation-leash of insets_animation#18808] attach to parent LayerHierarchy{RequestedLayerState{WindowToken{7a8fc4f type=2000 android.os.BinderProxy@a9d7329}#94 parentId=17} 2 children}
04-15 09:53:36.909  1151  1151 I SurfaceFlinger: [Surface(name=8c5cec7 NavigationBar0)/@0xa68870 - animation-leash of insets_animation#18809] attach to parent LayerHierarchy{RequestedLayerState{WindowToken{fc018e2 type=2019 android.os.BinderProxy@bda3ac4}#90 parentId=34} 2 children}
04-15 09:53:36.909  1151  1151 I SurfaceFlinger: [Surface(name=3edafdc StatusBar)/@0x3b919ed - animation-leash of insets_animation#18810] attach to parent LayerHierarchy{RequestedLayerState{WindowToken{7a8fc4f type=2000 android.os.BinderProxy@a9d7329}#94 parentId=17} 3 children}
04-15 09:53:36.909  1151  1200 I SurfaceFlinger: id=18811 createSurf, flag=24000, Surface(name=8c5cec7 NavigationBar0)/@0xa68870 - animation-leash of insets_animation#18811
04-15 09:53:36.910  1542  4025 I SystemKeyManager: requested systemKeyInfo size=1 focusedWindow=com.google.android.calendar/com.google.android.calendar.allinone.AllInOneCalendarActivity
04-15 09:53:36.910  1542  4025 I SystemKeyManager: requested systemKeyInfo size=1 focusedWindow=com.google.android.calendar/com.google.android.calendar.allinone.AllInOneCalendarActivity
04-15 09:53:36.912  1542  4025 I WindowManager: Relayout hash=2483cb1, pid=3979, syncId=-1: mAttrs={(0,0)(fillxfill) sim={adjust=pan} layoutInDisplayCutoutMode=always ty=BASE_APPLICATION wanim=0x1030317
04-15 09:53:36.912  1542  4025 I WindowManager:   fl=81810100
04-15 09:53:36.912  1542  4025 I WindowManager:   pfl=100088c0
04-15 09:53:36.912  1542  4025 I WindowManager:   vsysui=700
04-15 09:53:36.912  1542  4025 I WindowManager:   bhv=1
04-15 09:53:36.912  1542  4025 I WindowManager:   fitSides=0
04-15 09:53:36.912  1542  4025 I WindowManager:   frameRateBoostOnTouch=true
04-15 09:53:36.912  1542  4025 I WindowManager:   dvrrWindowFrameRateHint=true naviIconColor=0}
04-15 09:53:36.913  3979  3979 I BLASTBufferQueue_Java: new BLASTBufferQueue, mName= VRI[AllInOneCalendarActivity]@d0e7517 mNativeObject= 0xb40000741c5c7dd0 caller= android.view.ViewRootImpl.updateBlastSurfaceIfNeeded:3585 android.view.ViewRootImpl.relayoutWindow:11685 android.view.ViewRootImpl.performTraversals:4804 android.view.ViewRootImpl.doTraversal:3924 android.view.ViewRootImpl$TraversalRunnable.run:12903 android.view.Choreographer$CallbackRecord.run:1901 android.view.Choreographer$CallbackRecord.run:1910 android.view.Choreographer.doCallbacks:1367 android.view.Choreographer.doFrame:1292 android.view.Choreographer$FrameDisplayEventReceiver.run:1870
04-15 09:53:36.913  3979  3979 I BLASTBufferQueue_Java: update, w= 720 h= 1544 mName = VRI[AllInOneCalendarActivity]@d0e7517 mNativeObject= 0xb40000741c5c7dd0 sc.mNativeObject= 0xb40000751c500850 format= -1 caller= android.view.ViewRootImpl.updateBlastSurfaceIfNeeded:3590 android.view.ViewRootImpl.relayoutWindow:11685 android.view.ViewRootImpl.performTraversals:4804 android.view.ViewRootImpl.doTraversal:3924 android.view.ViewRootImpl$TraversalRunnable.run:12903 android.view.Choreographer$CallbackRecord.run:1901
04-15 09:53:36.913  3979  3979 I VRI[AllInOneCalendarActivity]@d0e7517: Relayout returned: old=(0,0,720,1544) new=(0,0,720,1544) relayoutAsync=false req=(720,1544)0 dur=14 res=0x3 s={true 0xb40000748c5ac1e0} ch=true seqId=0
04-15 09:53:36.913  3979  3979 I VRI[AllInOneCalendarActivity]@d0e7517: performConfigurationChange setNightDimText nightDimLevel=0
04-15 09:53:36.913  3979  3979 D VRI[AllInOneCalendarActivity]@d0e7517: mThreadedRenderer.initialize() mSurface={isValid=true 0xb40000748c5ac1e0} hwInitialized=true
04-15 09:53:36.917  1151  1151 I SurfaceFlinger: [LayerHierarchy{RequestedLayerState{8c5cec7 NavigationBar0#91 parentId=18811} 1 children}] reparent to LayerHierarchy{RequestedLayerState{Surface(name=8c5cec7 NavigationBar0)/@0xa68870 - animation-leash of insets_animation#18811 parentId=90} 1 children}
04-15 09:53:36.917  1151  1151 I SurfaceFlinger: [LayerHierarchy{RequestedLayerState{3edafdc StatusBar#95 parentId=18810} 1 children}] reparent to LayerHierarchy{RequestedLayerState{Surface(name=3edafdc StatusBar)/@0x3b919ed - animation-leash of insets_animation#18810 parentId=94} 1 children}
04-15 09:53:36.917  1151  1151 I SurfaceFlinger: [LayerHierarchy{RequestedLayerState{Surface(name=8c5cec7 NavigationBar0)/@0xa68870 - animation-leash of insets_animation#18799} no children}] reparent to OffscreenRoot
04-15 09:53:36.917  1151  1151 I SurfaceFlinger: [LayerHierarchy{RequestedLayerState{Surface(name=8c5cec7 NavigationBar0)/@0xa68870 - animation-leash of insets_animation#18799} no children}] RelativeParent to null
04-15 09:53:36.917  1151  1151 I SurfaceFlinger: [LayerHierarchy{RequestedLayerState{Surface(name=3edafdc StatusBar)/@0x3b919ed - animation-leash of insets_animation#18798} no children}] reparent to OffscreenRoot
04-15 09:53:36.917  1151  1151 I SurfaceFlinger: [LayerHierarchy{RequestedLayerState{Surface(name=3edafdc StatusBar)/@0x3b919ed - animation-leash of insets_animation#18798} no children}] RelativeParent to null
04-15 09:53:36.917  1151  1151 I SurfaceFlinger: [LayerHierarchy{RequestedLayerState{Surface(name=3edafdc StatusBar)/@0x3b919ed - animation-leash of insets_animation#18808} no children}] reparent to OffscreenRoot
04-15 09:53:36.917  1151  1151 I SurfaceFlinger: [LayerHierarchy{RequestedLayerState{Surface(name=3edafdc StatusBar)/@0x3b919ed - animation-leash of insets_animation#18808} no children}] RelativeParent to null
04-15 09:53:36.917  1151  1151 I SurfaceFlinger: [LayerHierarchy{RequestedLayerState{Surface(name=8c5cec7 NavigationBar0)/@0xa68870 - animation-leash of insets_animation#18809} no children}] reparent to OffscreenRoot
04-15 09:53:36.917  1151  1151 I SurfaceFlinger: [LayerHierarchy{RequestedLayerState{Surface(name=8c5cec7 NavigationBar0)/@0xa68870 - animation-leash of insets_animation#18809} no children}] RelativeParent to null
04-15 09:53:36.917  1151  1151 I SurfaceFlinger: [Surface(name=8c5cec7 NavigationBar0)/@0xa68870 - animation-leash of insets_animation#18811] attach to parent LayerHierarchy{RequestedLayerState{WindowToken{fc018e2 type=2019 android.os.BinderProxy@bda3ac4}#90 parentId=34} 1 children}
04-15 09:53:36.918  3979  3979 W View    : requestLayout() improperly called by com.google.android.material.textview.MaterialTextView{bc485d2 V.ED..... ......ID 0,0-194,105 #7f0b01cc app:id/date_picker_text_view} during layout: running second layout pass
04-15 09:53:36.919  3979  3979 D VRI[AllInOneCalendarActivity]@d0e7517: reportNextDraw android.view.ViewRootImpl.performTraversals:5443 android.view.ViewRootImpl.doTraversal:3924 android.view.ViewRootImpl$TraversalRunnable.run:12903 android.view.Choreographer$CallbackRecord.run:1901 android.view.Choreographer$CallbackRecord.run:1910
04-15 09:53:36.919  3979  3979 D VRI[AllInOneCalendarActivity]@d0e7517: Canceling draw. cancelDueToPreDrawListener=true cancelDueToSync=false
04-15 09:53:36.921  1542  1677 D SyncManager: userId - 0 auto - true
04-15 09:53:36.921  1151  2758 I SurfaceFlinger: id=18808 Removed Surface(name=3edafdc StatusBar)/@0x3b919ed - animation-leash of insets_animation#18808 (230)
04-15 09:53:36.921  1151  2758 I SurfaceFlinger: id=18809 Removed Surface(name=8c5cec7 NavigationBar0)/@0xa68870 - animation-leash of insets_animation#18809 (230)
04-15 09:53:36.922  1151  1199 I SurfaceFlinger: id=18798 Removed Surface(name=3edafdc StatusBar)/@0x3b919ed - animation-leash of insets_animation#18798 (230)
04-15 09:53:36.922  2000  2120 I VRI[calendar]@b1f44ea: onActiveControlsChanged, removed=false, mAdded=true, caller=android.view.ViewRootImpl.handleInsetsControlChanged:3002 android.view.ViewRootImpl$ViewRootHandler.handleMessageImpl:8352 android.view.ViewRootImpl$ViewRootHandler.handleMessage:8301 android.os.Handler.dispatchMessage:110 android.os.Looper.loopOnce:273
04-15 09:53:36.922  1151  1199 I SurfaceFlinger: id=18799 Removed Surface(name=8c5cec7 NavigationBar0)/@0xa68870 - animation-leash of insets_animation#18799 (230)
04-15 09:53:36.924  3979  4808 D HWUI    : HWUI - treat SMPTE_170M as sRGB
04-15 09:53:36.926  1151  1151 I SurfaceFlinger: destroyed Surface(name=8c5cec7 NavigationBar0)/@0xa68870 - animation-leash of insets_animation#18799
04-15 09:53:36.926  1151  1151 I SurfaceFlinger: destroyed Surface(name=3edafdc StatusBar)/@0x3b919ed - animation-leash of insets_animation#18798
04-15 09:53:36.926  1151  1151 I SurfaceFlinger: destroyed Surface(name=3edafdc StatusBar)/@0x3b919ed - animation-leash of insets_animation#18808
04-15 09:53:36.926  1151  1151 I SurfaceFlinger: destroyed Surface(name=8c5cec7 NavigationBar0)/@0xa68870 - animation-leash of insets_animation#18809
04-15 09:53:36.926  1151  1338 D SurfaceFlinger: [input] setFocusedWindow: 2483cb1 com.google.android.calendar/com.google.android.calendar.allinone.AllInOneCalendarActivity
04-15 09:53:36.926  1542  4043 D InputDispatcher: Once focus requested (0): 2483cb1 com.google.android.calendar/com.google.android.calendar.allinone.AllInOneCalendarActivity
04-15 09:53:36.926  1542  4043 D InputDispatcher: Focus request (0): 2483cb1 com.google.android.calendar/com.google.android.calendar.allinone.AllInOneCalendarActivity but waiting because NO_WINDOW
04-15 09:53:36.926  1151  1151 I Layer   : id=18799 Destroyed Surface(name=8c5cec7 NavigationBar0)/@0xa68870 - animation-leash of insets_animation#18799
04-15 09:53:36.926  1151  1151 I Layer   : id=18798 Destroyed Surface(name=3edafdc StatusBar)/@0x3b919ed - animation-leash of insets_animation#18798
04-15 09:53:36.926  1151  1151 I Layer   : id=18808 Destroyed Surface(name=3edafdc StatusBar)/@0x3b919ed - animation-leash of insets_animation#18808
04-15 09:53:36.926  1151  1151 I Layer   : id=18809 Destroyed Surface(name=8c5cec7 NavigationBar0)/@0xa68870 - animation-leash of insets_animation#18809
04-15 09:53:36.932  4813 18290 D AdvertisingIdClient: AdvertisingIdClient already created.
04-15 09:53:36.942  1542  4043 D SyncManager: userId - 0 auto - true
04-15 09:53:36.942  3979  3979 I InsetsSourceConsumer: applyRequestedVisibilityToControl: visible=true, type=statusBars, host=com.google.android.calendar/com.google.android.calendar.allinone.AllInOneCalendarActivity
04-15 09:53:36.943  3979  3979 I InsetsSourceConsumer: applyRequestedVisibilityToControl: visible=true, type=navigationBars, host=com.google.android.calendar/com.google.android.calendar.allinone.AllInOneCalendarActivity
04-15 09:53:36.943  3979  3979 D WindowLayoutComponentImpl: Register WindowLayoutInfoListener on Context=com.google.android.calendar.allinone.AllInOneCalendarActivity@974df32, of which baseContext=cal.ym@6195e06, of which baseContext=android.app.ContextImpl@2170cc7
04-15 09:53:36.947  4813 18290 I AdvertisingIdClient: shouldSendLog 372783503
04-15 09:53:36.947  4813 18290 I AdvertisingIdClient: GetInfoInternal elapse 15ms
04-15 09:53:36.952  3979 18669 I Kumiho-Kumiho: getPackageName: com.google.android.syncadapters.calendar
04-15 09:53:36.953  3979 18669 I Kumiho-Kumiho: getPackageName: com.google.android.syncadapters.calendar
04-15 09:53:36.964  1542  1677 D SyncManager: userId - 0 auto - true
04-15 09:53:36.993 19505 19510 W android.youtube: userfaultfd: MOVE ioctl seems unsupported: Connection timed out
04-15 09:53:37.017  1151  1151 E SurfaceFlinger: alpha changed 0.011 -> 0.000 - DimTransitionLayer for Surface(name=Task=3880)/@0xc2d4189#18805
04-15 09:53:37.025  1151  1151 D SurfaceFlinger: Display 4633128672291735999 HWC layers:
04-15 09:53:37.025  1151  1151 D SurfaceFlinger:        DEVICE |            8589934655955 | 00002100 | RGBA_8888    |   40.0    0.0  720.0 1544.0 |    0    0  680 1544 | Splash Screen com.google.android.calendar$_2000#18803 (1)
04-15 09:53:37.025  1151  1151 D SurfaceFlinger:        DEVICE |           82867099009092 | 00002102 | RGBA_8888    |    0.0    0.0  127.0 1544.0 |  593    0  720 1544 | com.catfact.app.feature.factdetail.t[...]tyInvoker$EmptyActivity$_19294#18797 (1)
04-15 09:53:37.025  1151  1151 D SurfaceFlinger:        DEVICE |            8589934654742 | 00002100 | RGBA_8888    |    0.0    0.0  720.0   50.0 |    0    0  720   50 | StatusBar$_2000#102 (26432)
04-15 09:53:37.025  1151  1151 D SurfaceFlinger:        DEVICE |           10569914518889 | 00002100 | RGBA_8888    |    0.0    0.0   67.0  353.0 |  653  192  720  545 | com.sec.android.app.launcher/com.sam[...]l.app.CocktailBarService$_2461#16495 (1)
04-15 09:53:37.025  1151  1151 D SurfaceFlinger:        DEVICE |            8589934654693 | 00002100 | RGBA_8888    |    0.0    0.0  720.0   90.0 |    0 1454  720 1544 | NavigationBar0$_2000#98 (17227)
04-15 09:53:37.025  1151  1151 D SurfaceFlinger:
04-15 09:53:37.052  1059 19630 I HYPER-HAL: [ResourceManager.cpp]removeResource(): [CPULittleMinFreq] RemoveResource Request ID : 1222287
04-15 09:53:37.053  1059 19630 I HYPER-HAL: [RequestManager.cpp]releaseLocked(): Released ID : 1222287
04-15 09:53:37.062  1059 19647 I HYPER-HAL: [RequestManager.cpp]releaseLocked(): Released ID : 1223852
04-15 09:53:37.068  1059 19452 I HYPER-HAL: [RequestManager.cpp]releaseLocked(): Released ID : 2315476
04-15 09:53:37.094  2461  2461 I HoneySpace.EdgePanel.EdgeVisibilityRepository: getComputedTrayVisible : keyguardState = 1
04-15 09:53:37.095  2461  2461 I HoneySpace.EdgePanel.EdgeVisibilityRepository: updateTrayVisible: State = 0x1, visible = true, current containerState = 0, specificMode = 0
04-15 09:53:37.095  2461  2461 I HoneySpace.EdgePanel.EdgeVisibilityRepository: Same container state 0
04-15 09:53:37.109  3979  3988 I ndroid.calendar: Background concurrent mark compact GC freed 53MB AllocSpace bytes, 5(156KB) LOS objects, 57% free, 36MB/84MB, paused 1.545ms,2.980ms total 104.279ms
04-15 09:53:37.143  3979  3979 D VRI[AllInOneCalendarActivity]@d0e7517: Setup new sync=wmsSync-VRI[AllInOneCalendarActivity]@d0e7517#34
04-15 09:53:37.143  3979  3979 I VRI[AllInOneCalendarActivity]@d0e7517: Creating new active sync group VRI[AllInOneCalendarActivity]@d0e7517#35
04-15 09:53:37.143  3979  3979 D VRI[AllInOneCalendarActivity]@d0e7517: Draw frame after cancel
04-15 09:53:37.143  3979  3979 D VRI[AllInOneCalendarActivity]@d0e7517: registerCallbacksForSync syncBuffer=false
04-15 09:53:37.149  3979  3979 I View    : setRequestedFrameRate frameRate=0.0, this=cal.dfa{e241bf5 VFED..... ........ 0,0-720,1544 aid=1073741895}, caller=android.view.ViewGroup.setRequestedFrameRate:9952 cal.vw$$ExternalSyntheticApiModelOutline1.m:28 cal.dgw.a:1 cal.dfa.dispatchDraw:160 android.view.View.draw:26345
04-15 09:53:37.149  3979  3979 I View    : setRequestedFrameRate frameRate=-4.0, this=android.view.View{fe3c6e5 V.ED..... ......I. 0,0-0,0}, caller=cal.vw$$ExternalSyntheticApiModelOutline1.m:28 cal.dgw.a:1 cal.dfa.dispatchDraw:169 android.view.View.draw:26345 android.view.View.updateDisplayListIfDirty:25175
04-15 09:53:37.151  3979  4869 D VRI[AllInOneCalendarActivity]@d0e7517: Received frameDrawingCallback syncResult=0 frameNum=1.
04-15 09:53:37.151  3979  4869 I VRI[AllInOneCalendarActivity]@d0e7517: mWNT: t=0xb4000074fc513550 mBlastBufferQueue=0xb40000741c5c7dd0 fn= 1 HdrRenderState mRenderHdrSdrRatio=1.0 caller= android.view.ViewRootImpl$12.onFrameDraw:15441 android.view.ThreadedRenderer$1.onFrameDraw:718 <bottom of call stack>
04-15 09:53:37.151  3979  4869 I VRI[AllInOneCalendarActivity]@d0e7517: Setting up sync and frameCommitCallback
04-15 09:53:37.153  3979  4808 I BLASTBufferQueue: [VRI[AllInOneCalendarActivity]@d0e7517#67](f:0,a:0,s:0) onFrameAvailable the first frame is available
04-15 09:53:37.153 19505 19526 W YT      : Invalid playback type; streaming data is not playable
04-15 09:53:37.154  3979  4808 I VRI[AllInOneCalendarActivity]@d0e7517: Received frameCommittedCallback lastAttemptedDrawFrameNum=1 didProduceBuffer=true
04-15 09:53:37.154  1151  1378 I SurfaceFlinger: [com.google.android.calendar/com.google.android.calendar.allinone.AllInOneCalendarActivity$_3979#18807] setTransactionState with the first frame. bufferData(ID: 17089674871055, frameNumber: 1)
04-15 09:53:37.155  3979  4808 D HWUI    : CFMS:: SetUp Pid : 3979    Tid : 4808
04-15 09:53:37.156  3979  3979 D VRI[AllInOneCalendarActivity]@d0e7517: reportDrawFinished seqId=0
04-15 09:53:37.158  1542  1585 D SurfaceComposerClient: setCornerRadius ## 267bfe3 Splash Screen com.google.android.calendar#18802 cornerRadius=0.000000
04-15 09:53:37.158  1542  1585 D SurfaceComposerClient: setCornerRadius ## 2483cb1 com.google.android.calendar/com.google.android.calendar.allinone.AllInOneCalendarActivity#18806 cornerRadius=0.000000
04-15 09:53:37.159  1542  1585 D SurfaceComposerClient: setCornerRadius ## 267bfe3 Splash Screen com.google.android.calendar#18802 cornerRadius=0.000000
04-15 09:53:37.160  1151  1199 I SurfaceFlinger: id=18812 createSurf, flag=24000, Surface(name=2483cb1 com.google.android.calendar/com.google.android.calendar.allinone.AllInOneCalendarActivity)/@0x8ebe794 - animation-leash of starting_reveal#18812
04-15 09:53:37.162  1542  1585 D SurfaceComposerClient: setCornerRadius ## 2483cb1 com.google.android.calendar/com.google.android.calendar.allinone.AllInOneCalendarActivity#18806 cornerRadius=0.000000
04-15 09:53:37.163  2000  2105 D ShellTaskOrganizer: removeStartingWindow, removalInfo=StartingWindowRemovalInfo{taskId=3801 frame=Rect(0, 0 - 720, 1544) playRevealAnimation=true roundedCornerRadius=0.0 deferRemoveMode=0 windowlessSurface=false removeImmediately=false}
04-15 09:53:37.163  1542  1585 D SurfaceComposerClient: setCornerRadius ## 267bfe3 Splash Screen com.google.android.calendar#18802 cornerRadius=0.000000
04-15 09:53:37.163  1542  1585 D SurfaceComposerClient: setCornerRadius ## 2483cb1 com.google.android.calendar/com.google.android.calendar.allinone.AllInOneCalendarActivity#18806 cornerRadius=0.000000
04-15 09:53:37.163  1542  1585 D SurfaceComposerClient: setCornerRadius ## 267bfe3 Splash Screen com.google.android.calendar#18802 cornerRadius=0.000000
04-15 09:53:37.163  1542  1585 D SurfaceComposerClient: setCornerRadius ## 2483cb1 com.google.android.calendar/com.google.android.calendar.allinone.AllInOneCalendarActivity#18806 cornerRadius=0.000000
04-15 09:53:37.168  1151  1151 I SurfaceFlinger: RequestedLayer [com.google.android.calendar/com.goog[...]AllInOneCalendarActivity$_3979#18807] hidden!! flag  from(1) --> to(0)
04-15 09:53:37.168  1151  1151 I SurfaceFlinger: [LayerHierarchy{RequestedLayerState{2483cb1 com.google.android.calendar/com.google.android.calendar.allinone.AllInOneCalendarActivity#18806 parentId=18812} 1 children}] reparent to LayerHierarchy{RequestedLayerState{Surface(name=2483cb1 com.google.android.calendar/com.google.android.calendar.allinone.AllInOneCalendarActivity)/@0x8ebe794 - animation-leash of starting_reveal#18812 parentId=16293} 1 children}
04-15 09:53:37.168  1151  1151 I SurfaceFlinger: [Surface(name=2483cb1 com.google.android.calendar/com.google.android.calendar.allinone.AllInOneCalendarActivity)/@0x8ebe794 - animation-leash of starting_reveal#18812] attach to parent LayerHierarchy{RequestedLayerState{ActivityRecord{243114305 u0 com.google.android.calendar/.allinone.AllInOneCalendarActivity t3801}#16293 parentId=16292} 3 children}
04-15 09:53:37.168  2000  2194 I VRI[calendar]@b1f44ea: mWNT: t=0xb4000074fc718590 mBlastBufferQueue=0xb40000741d34a520 fn= 2 HdrRenderState mRenderHdrSdrRatio=1.0 caller= android.view.SyncRtSurfaceTransactionApplier.applyTransaction:100 android.view.SyncRtSurfaceTransactionApplier.lambda$scheduleApply$0:73 android.view.SyncRtSurfaceTransactionApplier.$r8$lambda$afI4fXg3U3-nBZQEDQMiNy-B06s:0
04-15 09:53:37.168  2000  2194 I VRI[calendar]@b1f44ea: mWNT: t=0xb4000074fc7e1d10 mBlastBufferQueue=0xb40000741d34a520 fn= 2 HdrRenderState mRenderHdrSdrRatio=1.0 caller= android.view.SyncRtSurfaceTransactionApplier.applyTransaction:100 android.view.SyncRtSurfaceTransactionApplier.lambda$scheduleApply$0:73 android.view.SyncRtSurfaceTransactionApplier.$r8$lambda$afI4fXg3U3-nBZQEDQMiNy-B06s:0
04-15 09:53:37.172  1542  1585 D SurfaceComposerClient: setCornerRadius ## 267bfe3 Splash Screen com.google.android.calendar#18802 cornerRadius=0.000000
04-15 09:53:37.172  1542  1585 D SurfaceComposerClient: setCornerRadius ## 2483cb1 com.google.android.calendar/com.google.android.calendar.allinone.AllInOneCalendarActivity#18806 cornerRadius=0.000000
04-15 09:53:37.175  2000  2195 I VRI[calendar]@b1f44ea: mWNT: t=0xb4000074fc72ab90 mBlastBufferQueue=0xb40000741d34a520 fn= 3 HdrRenderState mRenderHdrSdrRatio=1.0 caller= android.view.SyncRtSurfaceTransactionApplier.applyTransaction:100 android.view.SyncRtSurfaceTransactionApplier.lambda$scheduleApply$0:73 android.view.SyncRtSurfaceTransactionApplier.$r8$lambda$afI4fXg3U3-nBZQEDQMiNy-B06s:0
04-15 09:53:37.178  1151  1151 D SurfaceFlinger: Display 4633128672291735999 HWC layers:
04-15 09:53:37.178  1151  1151 D SurfaceFlinger:        DEVICE |           17089674871054 | 00002102 | RGBA_8888    |    4.0    0.0  720.0 1544.0 |    0    0  716 1544 | com.google.android.calendar/com.goog[...]AllInOneCalendarActivity$_3979#18807 (2)
04-15 09:53:37.178  1151  1151 D SurfaceFlinger:        DEVICE |            8589934655955 | 00002100 | RGBA_8888    |    4.0    0.0  720.0 1544.0 |    0    0  716 1544 | Splash Screen com.google.android.calendar$_2000#18803 (1)
04-15 09:53:37.178  1151  1151 D SurfaceFlinger:        CLIENT |           82867099009092 | 00002102 | RGBA_8888    |    0.0    0.0   13.0 1544.0 |  707    0  720 1544 | com.catfact.app.feature.factdetail.t[...]tyInvoker$EmptyActivity$_19294#18797 (1)
04-15 09:53:37.178  1151  1151 D SurfaceFlinger:        DEVICE |            8589934654742 | 00002100 | RGBA_8888    |    0.0    0.0  720.0   50.0 |    0    0  720   50 | StatusBar$_2000#102 (26432)
04-15 09:53:37.178  1151  1151 D SurfaceFlinger:        DEVICE |           10569914518889 | 00002100 | RGBA_8888    |    0.0    0.0   67.0  353.0 |  653  192  720  545 | com.sec.android.app.launcher/com.sam[...]l.app.CocktailBarService$_2461#16495 (1)
04-15 09:53:37.178  1151  1151 D SurfaceFlinger:        DEVICE |            8589934654693 | 000
04-15 09:53:37.178  1151  1151 D SurfaceFlinger: 02100 | RGBA_8888    |    0.0    0.0  720.0   90.0 |    0 1454  720 1544 | NavigationBar0$_2000#98 (17227)
04-15 09:53:37.178  1151  1151 D SurfaceFlinger:
04-15 09:53:37.178  1151  2910 D NativeSemDvfsManager: acquire:: timeout = 2000 mIsAcquired = 1  mTagName : SurfaceFlinger
04-15 09:53:37.179  1542  1677 D InputDispatcher: Focus entered window (0): 2483cb1 com.google.android.calendar/com.google.android.calendar.allinone.AllInOneCalendarActivity
04-15 09:53:37.179  1151  2910 E NativeCustomFrequencyManager: [NativeCFMS] BpCustomFrequencyManager::acquire()
04-15 09:53:37.179  1059  1180 I HYPER-HAL: [RequestManager.cpp]acquire(): Acquired ID : 2315476  [1151 / 1000]    HINT : SF_GPU_MINLOCK    list : [TIMEOUT / 2000]
04-15 09:53:37.180  3979  3979 D VRI[AllInOneCalendarActivity]@d0e7517: mThreadedRenderer.initializeIfNeeded()#2 mSurface={isValid=true 0xb40000748c5ac1e0}
04-15 09:53:37.180  3979  3979 D InputMethodManagerUtils: startInputInner - Id : 0
04-15 09:53:37.180  3979  3979 I InputMethodManager: startInputInner - IInputMethodManagerGlobalInvoker.startInputOrWindowGainedFocus
04-15 09:53:37.181  1151  1151 D SurfaceFlinger: GPIS:: requestGpisForClientComposition
04-15 09:53:37.183  1542  1750 I ImeTracker: com.google.android.calendar:b804cf82: onRequestHide at ORIGIN_SERVER reason HIDE_UNSPECIFIED_WINDOW fromUser false
04-15 09:53:37.184  2000  2194 I VRI[calendar]@b1f44ea: mWNT: t=0xb4000074fc78a190 mBlastBufferQueue=0xb40000741d34a520 fn= 4 HdrRenderState mRenderHdrSdrRatio=1.0 caller= android.view.SyncRtSurfaceTransactionApplier.applyTransaction:100 android.view.SyncRtSurfaceTransactionApplier.lambda$scheduleApply$0:73 android.view.SyncRtSurfaceTransactionApplier.$r8$lambda$afI4fXg3U3-nBZQEDQMiNy-B06s:0
04-15 09:53:37.188  1542  1750 D InputTransport: Input channel constructed: 'ClientS', fd=1250
04-15 09:53:37.189  3756  3756 I HBD     : HoneyBoardService onFinishInput
04-15 09:53:37.189  3756  3756 I HBD     : a IC have been unbinding,  RemoteInputConnection{idHash=#fbd12fb}
04-15 09:53:37.189  3756  3756 I HBD     : HoneyBoardService [PF_CL][onFinishInput]  0 ms
04-15 09:53:37.189  3756  3756 I HBD     : HoneyBoardService [IMI] onStartInput - caller pid : 3979 , caller uid : 10279
04-15 09:53:37.189  3756  3756 I HBD     : k updateConfigs
04-15 09:53:37.189 19294 19294 D InputTransport: Input channel destroyed: 'ClientS', fd=135
04-15 09:53:37.189  3756  3756 I HBD     : k isEnabledNightMode : true
04-15 09:53:37.189  3756  3756 I HBD     : a IC have been binding, RemoteInputConnection{idHash=#86bbf18}
04-15 09:53:37.189  3756  3756 I HBD     : h [EditorInputType]setPrivateImeOptionsToTable privateImeOptions ( null )
04-15 09:53:37.189  3756  3756 I HBD     : b incognitoMode : false
04-15 09:53:37.189  3756  3756 I HBD     : c needOff = true , isForceOff = false, isNullInputClass : true
04-15 09:53:37.189  1542  1750 D InputTransport: Input channel destroyed: 'ClientS', fd=1250
04-15 09:53:37.189  3756  3756 I HBD     : h getDefaultInputRange : UNKNOWN
04-15 09:53:37.189  3756  3756 I HBD     : h getDefaultInputRange : UNKNOWN
04-15 09:53:37.189  3756  3756 I HBD     : h getDefaultInputRange : UNKNOWN
04-15 09:53:37.189  3979  4094 D InputTransport: Input channel constructed: 'ClientS', fd=211
04-15 09:53:37.190  3979  3979 I InputMethodManager: handleMessage: setImeVisibility visible=false
04-15 09:53:37.190  3979  3979 D InsetsController: hide(ime(), fromIme=false)
04-15 09:53:37.190  3979  3979 I ImeTracker: com.google.android.calendar:b804cf82: onCancelled at PHASE_CLIENT_ALREADY_HIDDEN
04-15 09:53:37.190  1151  1378 I SurfaceFlinger: id=18813 createSurf, flag=24004, Surface(name=1d7a05f InputMethod)/@0x5f77a9d - animation-leash of insets_animation#18813
04-15 09:53:37.190  3756  3756 I HBD     : c needOff = true , isForceOff = false, isNullInputClass : true
04-15 09:53:37.190  3756  3756 I HBD     : c update cached prediction status : false
04-15 09:53:37.190  3756  3756 I HBD     : h getDefaultInputRange : UNKNOWN
04-15 09:53:37.190  3756  3756 I HBD     : a currentState : 0
04-15 09:53:37.191  3756  3756 I HBD     : a [UpdatePolicy] [post] a: 0 cl: 65538 kit: [0/0] vt: 0 ir: 1
04-15 09:53:37.192  2000  2195 I VRI[calendar]@b1f44ea: mWNT: t=0xb4000074fc732610 mBlastBufferQueue=0xb40000741d34a520 fn= 5 HdrRenderState mRenderHdrSdrRatio=1.0 caller= android.view.SyncRtSurfaceTransactionApplier.applyTransaction:100 android.view.SyncRtSurfaceTransactionApplier.lambda$scheduleApply$0:73 android.view.SyncRtSurfaceTransactionApplier.$r8$lambda$afI4fXg3U3-nBZQEDQMiNy-B06s:0
04-15 09:53:37.193  1542  4043 I ImeTracker: system_server:d5614f23: onRequestHide at ORIGIN_SERVER reason IME_REQUESTED_CHANGED_LISTENER fromUser false
04-15 09:53:37.193  1542  1584 I ImeTracker: system_server:d5614f23: onCancelled at PHASE_SERVER_SHOULD_HIDE
04-15 09:53:37.193  1542  1585 D SurfaceComposerClient: setCornerRadius ## 267bfe3 Splash Screen com.google.android.calendar#18802 cornerRadius=0.000000
04-15 09:53:37.193  1542  1585 D SurfaceComposerClient: setCornerRadius ## 2483cb1 com.google.android.calendar/com.google.android.calendar.allinone.AllInOneCalendarActivity#18806 cornerRadius=0.000000
04-15 09:53:37.195  1151  1151 I SurfaceFlinger: [Surface(name=1d7a05f InputMethod)/@0x5f77a9d - animation-leash of insets_animation#18813] attach to parent LayerHierarchy{RequestedLayerState{WindowToken{d080c22 type=2011 android.os.Binder@459a5ed}#120 parentId=15} 2 children}
04-15 09:53:37.198  3756  3756 I HBD     : a [NRIC] resetNoResponseState
04-15 09:53:37.198  3756  3756 I HBD     : c needOff = true , isForceOff = false, isNullInputClass : true
04-15 09:53:37.198  3756  3756 I HBD     : c update cached prediction status : false
04-15 09:53:37.198  3756  3756 I HBD     : b [AiWriter] setContact : com.google.android.calendar
04-15 09:53:37.198  3756  3756 I HBD     : a [AiWriter] setContact : com.google.android.calendar
04-15 09:53:37.198  3756  3756 I HBD     : o0 EBD si S 0
04-15 09:53:37.198  3756  3756 I HBD     : r updateContactDBLanguage : 65538
04-15 09:53:37.199  3756  3756 I HBD     : g isCoverDisplay : false, cached selected json info : SelectedLanguageInfo(languageVersion=4.2, currentLanguageOrder=0, selectedLanguageList=[SelectedLanguage(id=65538, isUsed=true, engName=English, inputType=qwerty, activeOptionList=[auto_replace, auto_spacing, writing_assistant], bilingualId=-1), SelectedLanguage(id=5308416, isUsed=true, engName=Arabic, inputType=qwerty, activeOptionList=[auto_replace, auto_spacing], bilingualId=-1)])
04-15 09:53:37.199  3756  3756 I HBD     : g updateSelectedLanguageCache is succeeded. English
04-15 09:53:37.201  2000  2194 I VRI[calendar]@b1f44ea: mWNT: t=0xb4000074fc78cf10 mBlastBufferQueue=0xb40000741d34a520 fn= 6 HdrRenderState mRenderHdrSdrRatio=1.0 caller= android.view.SyncRtSurfaceTransactionApplier.applyTransaction:100 android.view.SyncRtSurfaceTransactionApplier.lambda$scheduleApply$0:73 android.view.SyncRtSurfaceTransactionApplier.$r8$lambda$afI4fXg3U3-nBZQEDQMiNy-B06s:0
04-15 09:53:37.202  3756  3756 I HBD     : l writeToFile path : /data/user/0/com.samsung.android.honeyboard/files/selected.json
04-15 09:53:37.202  3756  3756 I HBD     : l writeToFile json : {"version":"4.2","currentLanguageOrder":0,"selected":[{"activeOptionList":["auto_replace","auto_spacing","writing_assistant"],"bilingualId":-1,"engName":"English","id":65538,"inputType":"qwerty","isUsed":true},{"activeOptionList":["auto_replace","auto_spacing"],"bilingualId":-1,"engName":"Arabic","id":5308416,"inputType":"qwerty","isUsed":true}]}
04-15 09:53:37.203  3756  3756 I HBD     : l writeToFile complete
04-15 09:53:37.204  3756 19671 I HBD     : l Write selected lang for DE
04-15 09:53:37.204  3756  3756 I HBD     : g isCoverDisplay : false, cached selected json info : SelectedLanguageInfo(languageVersion=4.2, currentLanguageOrder=0, selectedLanguageList=[SelectedLanguage(id=65538, isUsed=true, engName=English, inputType=qwerty, activeOptionList=[auto_replace, auto_spacing, writing_assistant], bilingualId=-1), SelectedLanguage(id=5308416, isUsed=true, engName=Arabic, inputType=qwerty, activeOptionList=[auto_replace, auto_spacing], bilingualId=-1)])
04-15 09:53:37.204  3756 19671 I HBD     : l writeToFile path : /data/user_de/0/com.samsung.android.honeyboard/files/selected.json
04-15 09:53:37.204  3756 19671 I HBD     : l writeToFile json : {"version":"4.2","currentLanguageOrder":0,"selected":[{"activeOptionList":["auto_replace","auto_spacing","writing_assistant"],"bilingualId":-1,"engName":"English","id":65538,"inputType":"qwerty","isUsed":true},{"activeOptionList":["auto_replace","auto_spacing"],"bilingualId":-1,"engName":"Arabic","id":5308416,"inputType":"qwerty","isUsed":true}]}
04-15 09:53:37.204  3756  3756 I HBD     : n updateActionOptionFromPreference isCover = false
04-15 09:53:37.204  3756  3756 I HBD     : n before lang.activeOptionList =  [auto_replace, auto_spacing, writing_assistant]
04-15 09:53:37.205  3756  3756 I HBD     : n after lang.activeOptionList = [auto_replace, auto_spacing, writing_assistant]
04-15 09:53:37.205  3756  3756 I HBD     : l writeToFile path : /data/user/0/com.samsung.android.honeyboard/files/selected.json
04-15 09:53:37.205  3756  3756 I HBD     : l writeToFile json : {"version":"4.2","currentLanguageOrder":0,"selected":[{"activeOptionList":["auto_replace","auto_spacing","writing_assistant"],"bilingualId":-1,"engName":"English","id":65538,"inputType":"qwerty","isUsed":true},{"activeOptionList":["auto_replace","auto_spacing"],"bilingualId":-1,"engName":"Arabic","id":5308416,"inputType":"qwerty","isUsed":true}]}
04-15 09:53:37.206  3756 19671 I HBD     : l writeToFile complete
04-15 09:53:37.206  3756  3756 I HBD     : l writeToFile complete
04-15 09:53:37.206  1151  1151 I SurfaceFlinger: RequestedLayer [Surface(name=1d7a05f InputMethod)/@0[...]tion-leash of insets_animation#18813] hidden!! flag  from(1) --> to(0)
04-15 09:53:37.206  1151  1151 E SurfaceFlinger: alpha changed 1.000 -> 0.000 - Surface(name=1d7a05f InputMethod)/@0x5f77a9d - animation-leash of insets_animation#18813
04-15 09:53:37.206  3756  3756 I HBD     : m normal : updateLanguage : English
04-15 09:53:37.206  1151  1151 I SurfaceFlinger: [LayerHierarchy{RequestedLayerState{ImeContainer#15 parentId=16293 relativeParentId=16293 z=3} 1 children}] reparent to LayerHierarchy{RequestedLayerState{ActivityRecord{243114305 u0 com.google.android.calendar/.allinone.AllInOneCalendarActivity t3801}#16293 parentId=16292} 4 children}
04-15 09:53:37.206  1151  1151 I SurfaceFlinger: [LayerHierarchy{RequestedLayerState{ImeContainer#15 parentId=16293 relativeParentId=16293 z=3} 1 children}] RelativeParent to null
04-15 09:53:37.206  3756  3756 I HBD     : g isCoverDisplay : false, cached selected json info : SelectedLanguageInfo(languageVersion=4.2, currentLanguageOrder=0, selectedLanguageList=[SelectedLanguage(id=65538, isUsed=true, engName=English, inputType=qwerty, activeOptionList=[auto_replace, auto_spacing, writing_assistant], bilingualId=-1), SelectedLanguage(id=5308416, isUsed=true, engName=Arabic, inputType=qwerty, activeOptionList=[auto_replace, auto_spacing], bilingualId=-1)])
04-15 09:53:37.206  1151  1151 I SurfaceFlinger: [LayerHierarchy{RequestedLayerState{1d7a05f InputMethod#134 parentId=18813} no children}] reparent to LayerHierarchy{RequestedLayerState{Surface(name=1d7a05f InputMethod)/@0x5f77a9d - animation-leash of insets_animation#18813 parentId=120} 1 children}
04-15 09:53:37.206  1151  1151 I SurfaceFlinger: [LayerHierarchy{RequestedLayerState{Surface(name=1d7a05f InputMethod)/@0x5f77a9d - animation-leash of insets_animation#18794} no children}] reparent to OffscreenRoot
04-15 09:53:37.206  3756  3756 I HBD     : g isCoverDisplay : false, cached selected json info : SelectedLanguageInfo(languageVersion=4.2, currentLanguageOrder=0, selectedLanguageList=[SelectedLanguage(id=65538, isUsed=true, engName=English, inputType=qwerty, activeOptionList=[auto_replace, auto_spacing, writing_assistant], bilingualId=-1), SelectedLanguage(id=5308416, isUsed=true, engName=Arabic, inputType=qwerty, activeOptionList=[auto_replace, auto_spacing], bilingualId=-1)])
04-15 09:53:37.206  1151  1151 I SurfaceFlinger: [LayerHierarchy{RequestedLayerState{Surface(name=1d7a05f InputMethod)/@0x5f77a9d - animation-leash of insets_animation#18794} no children}] RelativeParent to null
04-15 09:53:37.206  3756  3756 I HBD     : n updateActionOptionFromPreference isCover = false
04-15 09:53:37.206  3756  3756 I HBD     : n before lang.activeOptionList =  [auto_replace, auto_spacing, writing_assistant]
04-15 09:53:37.207  3756  3756 I HBD     : n after lang.activeOptionList = [auto_replace, auto_spacing, writing_assistant]
04-15 09:53:37.207  3756 19672 I HBD     : l Write selected lang for DE
