04-15 09:53:32.653 19294 19294 I InsetsController: onStateChanged: host=com.catfact.app.feature.factdetail.test/androidx.test.core.app.InstrumentationActivityInvoker$EmptyActivity, from=android.view.ViewRootImpl.onInsetsStateChanged:3026, state=InsetsState: {mDisplayFrame=Rect(0, 0 - 720, 1544), mDisplayCutout=DisplayCutout{insets=Rect(0, 50 - 0, 0) waterfall=Insets{left=0, top=0, right=0, bottom=0} boundingRect={Bounds=[Rect(0, 0 - 0, 0), Rect(341, 0 - 379, 50), Rect(0, 0 - 0, 0), Rect(0, 0 - 0, 0)]} cutoutPathParserInfo={CutoutPathParserInfo{displayWidth=720 displayHeight=1544 physicalDisplayWidth=720 physicalDisplayHeight=1544 density={1.875} cutoutSpec={M 0,0 H -10 V 26.66666666666667 H 10 V 0 H 0 Z @dp} rotation={0} scale={1.0} physicalPixelDisplaySizeRatio={1.0}}} sideOverrides={}}, mRoundedCorners=RoundedCorners{[RoundedCorner{position=TopLeft, radius=8, center=Point(8, 8)}, RoundedCorner{position=TopRight, radius=8, center=Point(712, 8)}, RoundedCorner{position=BottomRight, radius=8, center=Point(712, 1536)}, RoundedCorner{position=BottomLeft, radius=8, center=Point(8, 1536)}]}  mRoundedCornerFrame=Rect(0, 0 - 720, 1544), mPrivacyIndicatorBounds=PrivacyIndicatorBounds {static bounds=Rect(637, 0 - 720, 50) rotation=0}, mDisplayShape=DisplayShape{ spec=-311912193 displayWidth=720 displayHeight=1544 physicalPixelDisplaySizeRatio=0.5 rotation=0 offsetX=0 offsetY=0 scale=1.0}, mSources= { InsetsSource: {ec730001 mType=navigationBars mFrame=[0,1454][720,1544] mVisible=true mFlags= mSideHint=BOTTOM mBoundingRects=null}, InsetsSource: {ec730004 mType=systemGestures mFrame=[0,0][0,0] mVisible=true mFlags= mSideHint=NONE mBoundingRects=null}, InsetsSource: {ec730005 mType=mandatorySystemGestures mFrame=[0,1454][720,1544] mVisible=true mFlags= mSideHint=BOTTOM mBoundingRects=null}, InsetsSource: {ec730006 mType=tappableElement mFrame=[0,1454][720,1544] mVisible=true mFlags= mSideHint=BOTTOM mBoundingRects=null}, InsetsSource: {ec730024 mType=systemGestures mFrame=[0,0][0,0] mVisible=true mFlags= mSideHint=NONE mBoundingRects=null}, InsetsSource: {3 mType=ime mFrame=[0,0][0,0] mVisible=false mFlags= mSideHint=NONE mBoundingRects=null}, InsetsSource: {27 mType=displayCutout mFrame=[0,0][720,50] mVisible=true mFlags= mSideHint=TOP mBoundingRects=null}, InsetsSource: {43950000 mType=statusBars mFrame=[0,0][720,50] mVisible=true mFlags= mSideHint=TOP mBoundingRects=null}, InsetsSource: {43950005 mType=mandatorySystemGestures mFrame=[0,0][720,73] mVisible=true mFlags= mSideHint=TOP mBoundingRects=null}, InsetsSource: {43950006 mType=tappableElement mFrame=[0,0][720,50] mVisible=true mFlags= mSideHint=TOP mBoundingRects=null} }
04-15 09:53:32.654 19294 19294 I VRI[InstrumentationActivityInvoker$EmptyActivity]@21e59f5: synced displayState. AttachInfo displayState=2
04-15 09:53:32.654 19294 19294 I VRI[InstrumentationActivityInvoker$EmptyActivity]@21e59f5: setView = com.android.internal.policy.DecorView@d2aae18 IsHRR=false mFlingFrameRateChange=0 TM=true
04-15 09:53:32.654 19294 19332 D HWUI    : HWUI - treat SMPTE_170M as sRGB
04-15 09:53:32.657  3152  3152 E pageboostd: Received HALT command code 2
04-15 09:53:32.657  1151  1151 I SurfaceFlinger: [7c14677 com.catfact.app.feature.factdetail.test/androidx.test.core.app.InstrumentationActivityInvoker$EmptyActivity#18693] attach to parent LayerHierarchy{RequestedLayerState{ActivityRecord{248240931 u0 com.catfact.app.feature.factdetail.test/androidx.test.core.app.InstrumentationActivityInvoker$EmptyActivity t3877}#18692 parentId=18677} 1 children}
04-15 09:53:32.658  1542  1558 I WindowManager: Relayout Window{7c14677 u0 com.catfact.app.feature.factdetail.test/androidx.test.core.app.InstrumentationActivityInvoker$EmptyActivity}: viewVisibility=0 req=720x1544 ty=1 d0
04-15 09:53:32.659  1151  1200 I SurfaceFlinger: id=18694 createSurf, flag=44004, com.catfact.app.feature.factdetail.test/androidx.test.core.app.InstrumentationActivityInvoker$EmptyActivity$_19294#18694
04-15 09:53:32.660  1542  1558 D SurfaceComposerClient: setCornerRadius ## 7c14677 com.catfact.app.feature.factdetail.test/androidx.test.core.app.InstrumentationActivityInvoker$EmptyActivity#18693 cornerRadius=0.000000
04-15 09:53:32.660  1542  1558 D SurfaceComposerClient: setCornerRadius ## 7c14677 com.catfact.app.feature.factdetail.test/androidx.test.core.app.InstrumentationActivityInvoker$EmptyActivity#18693 cornerRadius=0.000000
04-15 09:53:32.661  1151  1200 I SurfaceFlinger: id=18695 createSurf, flag=24000, Surface(name=3edafdc StatusBar)/@0x3b919ed - animation-leash of insets_animation#18695
04-15 09:53:32.662  1151  1200 I SurfaceFlinger: id=18696 createSurf, flag=24000, Surface(name=8c5cec7 NavigationBar0)/@0xa68870 - animation-leash of insets_animation#18696
04-15 09:53:32.663  1542  1558 I SystemKeyManager: requested systemKeyInfo size=1 focusedWindow=com.catfact.app.feature.factdetail.test/androidx.test.core.app.InstrumentationActivityInvoker$EmptyActivity
04-15 09:53:32.663  1542  1558 I SystemKeyManager: requested systemKeyInfo size=1 focusedWindow=com.catfact.app.feature.factdetail.test/androidx.test.core.app.InstrumentationActivityInvoker$EmptyActivity
04-15 09:53:32.663  2000  2000 D NavigationBar: onSystemBarAttributesChanged() -  displayId:0, appearance:16, packageName: com.catfact.app.feature.factdetail.test (APPEARANCE_LIGHT_NAVIGATION_BARS ), navbarColorManagedByIme:false
04-15 09:53:32.664  1542  1558 I WindowManager: Relayout hash=7c14677, pid=19294, syncId=-1: mAttrs={(0,0)(fillxfill) sim={adjust=pan forwardNavigation} layoutInDisplayCutoutMode=always ty=BASE_APPLICATION
04-15 09:53:32.664  1542  1558 I WindowManager:   fl=81810100
04-15 09:53:32.664  1542  1558 I WindowManager:   pfl=100088c0
04-15 09:53:32.664  1542  1558 I WindowManager:   bhv=1
04-15 09:53:32.664  1542  1558 I WindowManager:   fitSides=0
04-15 09:53:32.664  1542  1558 I WindowManager:   frameRateBoostOnTouch=true
04-15 09:53:32.664  1542  1558 I WindowManager:   dvrrWindowFrameRateHint=true naviIconColor=0}
04-15 09:53:32.665 19294 19294 I BLASTBufferQueue_Java: new BLASTBufferQueue, mName= VRI[InstrumentationActivityInvoker$EmptyActivity]@21e59f5 mNativeObject= 0xb40000741c6b2c70 caller= android.view.ViewRootImpl.updateBlastSurfaceIfNeeded:3585 android.view.ViewRootImpl.relayoutWindow:11685 android.view.ViewRootImpl.performTraversals:4804 android.view.ViewRootImpl.doTraversal:3924 android.view.ViewRootImpl$TraversalRunnable.run:12903 android.view.Choreographer$CallbackRecord.run:1901 android.view.Choreographer$CallbackRecord.run:1910 android.view.Choreographer.doCallbacks:1367 android.view.Choreographer.doFrame:1292 android.view.Choreographer$FrameDisplayEventReceiver.run:1870
04-15 09:53:32.665 19294 19294 I BLASTBufferQueue_Java: update, w= 720 h= 1544 mName = VRI[InstrumentationActivityInvoker$EmptyActivity]@21e59f5 mNativeObject= 0xb40000741c6b2c70 sc.mNativeObject= 0xb40000751c4f5810 format= -1 caller= android.view.ViewRootImpl.updateBlastSurfaceIfNeeded:3590 android.view.ViewRootImpl.relayoutWindow:11685 android.view.ViewRootImpl.performTraversals:4804 android.view.ViewRootImpl.doTraversal:3924 android.view.ViewRootImpl$TraversalRunnable.run:12903 android.view.Choreographer$CallbackRecord.run:1901
04-15 09:53:32.665  1151  1151 I SurfaceFlinger: [com.catfact.app.feature.factdetail.test/androidx.test.core.app.InstrumentationActivityInvoker$EmptyActivity$_19294#18694] attach to parent LayerHierarchy{RequestedLayerState{7c14677 com.catfact.app.feature.factdetail.test/androidx.test.core.app.InstrumentationActivityInvoker$EmptyActivity#18693 parentId=18692} 1 children}
04-15 09:53:32.665  1151  1151 I SurfaceFlinger: [Surface(name=3edafdc StatusBar)/@0x3b919ed - animation-leash of insets_animation#18695] attach to parent LayerHierarchy{RequestedLayerState{WindowToken{7a8fc4f type=2000 android.os.BinderProxy@a9d7329}#94 parentId=17} 2 children}
04-15 09:53:32.665  1151  1151 I SurfaceFlinger: [Surface(name=8c5cec7 NavigationBar0)/@0xa68870 - animation-leash of insets_animation#18696] attach to parent LayerHierarchy{RequestedLayerState{WindowToken{fc018e2 type=2019 android.os.BinderProxy@bda3ac4}#90 parentId=34} 2 children}
04-15 09:53:32.665 19294 19294 I VRI[InstrumentationActivityInvoker$EmptyActivity]@21e59f5: Relayout returned: old=(0,0,720,1544) new=(0,0,720,1544) relayoutAsync=false req=(720,1544)0 dur=7 res=0x3 s={true 0xb40000748c56d5a0} ch=true seqId=0
04-15 09:53:32.666 19294 19294 I VRI[InstrumentationActivityInvoker$EmptyActivity]@21e59f5: performConfigurationChange setNightDimText nightDimLevel=0
04-15 09:53:32.666 19294 19294 D VRI[InstrumentationActivityInvoker$EmptyActivity]@21e59f5: mThreadedRenderer.initialize() mSurface={isValid=true 0xb40000748c56d5a0} hwInitialized=true
04-15 09:53:32.666 19294 19294 D VRI[InstrumentationActivityInvoker$EmptyActivity]@21e59f5: reportNextDraw android.view.ViewRootImpl.performTraversals:5443 android.view.ViewRootImpl.doTraversal:3924 android.view.ViewRootImpl$TraversalRunnable.run:12903 android.view.Choreographer$CallbackRecord.run:1901 android.view.Choreographer$CallbackRecord.run:1910
04-15 09:53:32.666 19294 19294 D VRI[InstrumentationActivityInvoker$EmptyActivity]@21e59f5: Setup new sync=wmsSync-VRI[InstrumentationActivityInvoker$EmptyActivity]@21e59f5#22
04-15 09:53:32.666 19294 19294 I VRI[InstrumentationActivityInvoker$EmptyActivity]@21e59f5: Creating new active sync group VRI[InstrumentationActivityInvoker$EmptyActivity]@21e59f5#23
04-15 09:53:32.666 19294 19294 D VRI[InstrumentationActivityInvoker$EmptyActivity]@21e59f5: registerCallbacksForSync syncBuffer=false
04-15 09:53:32.667 19294 19345 D VRI[InstrumentationActivityInvoker$EmptyActivity]@21e59f5: Received frameDrawingCallback syncResult=0 frameNum=1.
04-15 09:53:32.667 19294 19345 I VRI[InstrumentationActivityInvoker$EmptyActivity]@21e59f5: mWNT: t=0xb4000074fc531150 mBlastBufferQueue=0xb40000741c6b2c70 fn= 1 HdrRenderState mRenderHdrSdrRatio=1.0 caller= android.view.ViewRootImpl$12.onFrameDraw:15441 android.view.ThreadedRenderer$1.onFrameDraw:718 <bottom of call stack>
04-15 09:53:32.667 19294 19345 I VRI[InstrumentationActivityInvoker$EmptyActivity]@21e59f5: Setting up sync and frameCommitCallback
04-15 09:53:32.668 19294 19332 I BLASTBufferQueue: [VRI[InstrumentationActivityInvoker$EmptyActivity]@21e59f5#11](f:0,a:0,s:0) onFrameAvailable the first frame is available
04-15 09:53:32.668 19294 19332 I VRI[InstrumentationActivityInvoker$EmptyActivity]@21e59f5: Received frameCommittedCallback lastAttemptedDrawFrameNum=1 didProduceBuffer=true
04-15 09:53:32.668  1151  1200 I SurfaceFlinger: [com.catfact.app.feature.factdetail.test/androidx.test.core.app.InstrumentationActivityInvoker$EmptyActivity$_19294#18694] setTransactionState with the first frame. bufferData(ID: 82867099009068, frameNumber: 1)
04-15 09:53:32.668 19294 19332 D HWUI    : CFMS:: SetUp Pid : 19294    Tid : 19332
04-15 09:53:32.669 19294 19294 D VRI[InstrumentationActivityInvoker$EmptyActivity]@21e59f5: reportDrawFinished seqId=0
04-15 09:53:32.669 19294 19294 I ImeFocusController: onPreWindowFocus: skipped hasWindowFocus=false mHasImeFocus=true
04-15 09:53:32.669 19294 19294 I ImeFocusController: onPostWindowFocus: skipped hasWindowFocus=false mHasImeFocus=true
04-15 09:53:32.669  1542  1585 D SurfaceComposerClient: setCornerRadius ## 7c14677 com.catfact.app.feature.factdetail.test/androidx.test.core.app.InstrumentationActivityInvoker$EmptyActivity#18693 cornerRadius=0.000000
04-15 09:53:32.670  1542  1585 D SurfaceComposerClient: setCornerRadius ## 7c14677 com.catfact.app.feature.factdetail.test/androidx.test.core.app.InstrumentationActivityInvoker$EmptyActivity#18693 cornerRadius=0.000000
04-15 09:53:32.670  1542  1585 I SemDvfsHyPerManager: acquire hyper - AMS_RESUME_TAIL/1542@22, type = -999
04-15 09:53:32.670  1542  1585 I SemDvfsHyPerManager: acquire hyper - AMS_ACT_LAZY/1542@23, type = -999
04-15 09:53:32.670  1059  1180 I HYPER-HAL: [RequestManager.cpp]acquire(): Acquired ID : 1223852  [1542 / 22]    HINT : AMS_RESUME_TAIL    list :
04-15 09:53:32.671  1151  1200 I SurfaceFlinger: id=18697 createSurf, flag=84004, Transition Root: ActivityRecord{248240931 u0 com.catfact.app.feature.factdetail.test/androidx.test.core.app.InstrumentationActivityInvoker$EmptyActivity t3877}#18697
04-15 09:53:32.671  1059  1180 I HYPER-HAL: [RequestManager.cpp]releaseLocked(): Released ID : 1220723
04-15 09:53:32.672  1542  1585 I SurfaceControlRegistry: show, t=StartTransaction_SyncId<1668> sc=ActivityRecord{248240931 u0 com.catfact.app.feature.factdetail.test/androidx.test.core.app.InstrumentationActivityInvoker$EmptyActivity t3877}, caller=android.view.SurfaceControl$Transaction.show:3557 com.android.server.wm.Transition.onTransactionReady:2048 com.android.server.wm.BLASTSyncEngine$SyncGroup.finishNow:240 com.android.server.wm.BLASTSyncEngine.onSurfacePlacement:263 com.android.server.wm.RootWindowContainer.performSurfacePlacementNoTrace:1083 com.android.server.wm.WindowSurfacePlacer.performSurfacePlacement:166
04-15 09:53:32.672  1542  1585 D SurfaceComposerClient: setCornerRadius ## ActivityRecord{137249486 u0 com.catfact.app.feature.factdetail.test/androidx.activity.ComponentActivity t3877}#18678 cornerRadius=0.000000
04-15 09:53:32.672  1542  1585 D SurfaceComposerClient: setCornerRadius ## ActivityRecord{248240931 u0 com.catfact.app.feature.factdetail.test/androidx.test.core.app.InstrumentationActivityInvoker$EmptyActivity t3877}#18692 cornerRadius=0.000000
04-15 09:53:32.673  1542  1581 I ActivityTaskManager: Displayed com.catfact.app.feature.factdetail.test/androidx.test.core.app.InstrumentationActivityInvoker$EmptyActivity for user 0: +41ms
04-15 09:53:32.673  1542  1585 D SurfaceComposerClient: setCornerRadius ## 7c14677 com.catfact.app.feature.factdetail.test/androidx.test.core.app.InstrumentationActivityInvoker$EmptyActivity#18693 cornerRadius=0.000000
04-15 09:53:32.674  3152  3152 E pageboostd: Received HALT command code 2
04-15 09:53:32.674  1542  1585 D SurfaceComposerClient: setCornerRadius ## 7c14677 com.catfact.app.feature.factdetail.test/androidx.test.core.app.InstrumentationActivityInvoker$EmptyActivity#18693 cornerRadius=0.000000
04-15 09:53:32.674  2000  2000 D NavigationBar: onSystemBarAttributesChanged() -  displayId:0, appearance:0, packageName: com.catfact.app.feature.factdetail.test, navbarColorManagedByIme:false
04-15 09:53:32.674  2000  2105 I SurfaceControlRegistry: hide, t=FinishTransaction_SyncId<1668> sc=ActivityRecord{137249486 u0 com.catfact.app.feature.factdetail.test/androidx.activity.ComponentActivity t3877}, caller=android.view.SurfaceControl$Transaction.hide:3583 com.android.wm.shell.transition.Transitions.dispatchReady:1263 com.android.wm.shell.transition.Transitions.onTransitionReady:251 com.android.wm.shell.transition.Transitions$TransitionPlayerImpl$$ExternalSyntheticLambda0.run:13 android.os.Handler.handleCallback:995 android.os.Handler.dispatchMessage:103
04-15 09:53:32.674  2000  2105 I SurfaceControlRegistry: show, t=StartTransaction_SyncId<1668> sc=ActivityRecord{248240931 u0 com.catfact.app.feature.factdetail.test/androidx.test.core.app.InstrumentationActivityInvoker$EmptyActivity t3877}, caller=android.view.SurfaceControl$Transaction.show:3557 com.android.wm.shell.transition.Transitions.dispatchReady:1279 com.android.wm.shell.transition.Transitions.onTransitionReady:251 com.android.wm.shell.transition.Transitions$TransitionPlayerImpl$$ExternalSyntheticLambda0.run:13 android.os.Handler.handleCallback:995 android.os.Handler.dispatchMessage:103
04-15 09:53:32.674  2000  2000 D SamsungLightBarControlHelper: updateNavigationBar (WHITE button) isLightOpaque:false, hasLightNavigationBarFlag:false, packageName:com.catfact.app.feature.factdetail.test, DirectReplying:false, NavBarColorMangedByIme:false, ForceDarkForScrim:false, ForceLightForScrim:false, QsCustomizing:false, QsExpanded:false
04-15 09:53:32.674  2000  2105 I SurfaceControlRegistry: show, t=FinishTransaction_SyncId<1668> sc=ActivityRecord{248240931 u0 com.catfact.app.feature.factdetail.test/androidx.test.core.app.InstrumentationActivityInvoker$EmptyActivity t3877}, caller=android.view.SurfaceControl$Transaction.show:3557 com.android.wm.shell.transition.Transitions.dispatchReady:1330 com.android.wm.shell.transition.Transitions.onTransitionReady:251 com.android.wm.shell.transition.Transitions$TransitionPlayerImpl$$ExternalSyntheticLambda0.run:13 android.os.Handler.handleCallback:995 android.os.Handler.dispatchMessage:103
04-15 09:53:32.674  1151  1151 I SurfaceFlinger: [LayerHierarchy{RequestedLayerState{8c5cec7 NavigationBar0#91 parentId=18696} 1 children}] reparent to LayerHierarchy{RequestedLayerState{Surface(name=8c5cec7 NavigationBar0)/@0xa68870 - animation-leash of insets_animation#18696 parentId=90} 1 children}
04-15 09:53:32.674  1151  1151 I SurfaceFlinger: [LayerHierarchy{RequestedLayerState{3edafdc StatusBar#95 parentId=18695} 1 children}] reparent to LayerHierarchy{RequestedLayerState{Surface(name=3edafdc StatusBar)/@0x3b919ed - animation-leash of insets_animation#18695 parentId=94} 1 children}
04-15 09:53:32.674  1151  1151 I SurfaceFlinger: [LayerHierarchy{RequestedLayerState{Surface(name=3edafdc StatusBar)/@0x3b919ed - animation-leash of insets_animation#18688} no children}] reparent to OffscreenRoot
04-15 09:53:32.674  2000  2105 I SurfaceControlRegistry: show, t=StartTransaction_SyncId<1668> sc=Transition Root: ActivityRecord{248240931 u0 com.catfact.app.feature.factdetail.test/androidx.test.core.app.InstrumentationActivityInvoker$EmptyActivity t3877}, caller=android.view.SurfaceControl$Transaction.show:3557 com.android.wm.shell.transition.Transitions.playTransition:79 com.android.wm.shell.transition.Transitions.processReadyQueue:239 com.android.wm.shell.transition.Transitions.dispatchReady:1352 com.android.wm.shell.transition.Transitions.onTransitionReady:251 com.android.wm.shell.transition.Transitions$TransitionPlayerImpl$$ExternalSyntheticLambda0.run:13
04-15 09:53:32.674  1151  1151 I SurfaceFlinger: [LayerHierarchy{RequestedLayerState{Surface(name=3edafdc StatusBar)/@0x3b919ed - animation-leash of insets_animation#18688} no children}] RelativeParent to null
04-15 09:53:32.674  1151  1151 I SurfaceFlinger: [LayerHierarchy{RequestedLayerState{Surface(name=8c5cec7 NavigationBar0)/@0xa68870 - animation-leash of insets_animation#18689} no children}] reparent to OffscreenRoot
04-15 09:53:32.674  1151  1151 I SurfaceFlinger: [LayerHierarchy{RequestedLayerState{Surface(name=8c5cec7 NavigationBar0)/@0xa68870 - animation-leash of insets_animation#18689} no children}] RelativeParent to null
04-15 09:53:32.674  1151  1151 I SurfaceFlinger: [Transition Root: ActivityRecord{248240931 u0 com.catfact.app.feature.factdetail.test/androidx.test.core.app.InstrumentationActivityInvoker$EmptyActivity t3877}#18697] attach to parent LayerHierarchy{RequestedLayerState{Task=3877#18677 parentId=10 z=13} 3 children}
04-15 09:53:32.675  2000  2105 I SurfaceControlRegistry: apply, t=StartTransaction_SyncId<1668>, caller=android.view.SurfaceControl$Transaction.apply:3459 android.view.SurfaceControl$Transaction.apply:3447 android.view.SurfaceControl$Transaction.apply:3397 com.android.wm.shell.transition.DefaultTransitionHandler.startAnimation:3387 com.android.wm.shell.transition.Transitions.dispatchTransition:90 com.android.wm.shell.transition.Transitions.playTransition:774
04-15 09:53:32.676  1151  2479 I SurfaceFlinger: id=18698 createSurf, flag=84000, 44db8dd ActivityRecordInputSink com.catfact.app.feature.factdetail.test/androidx.test.core.app.InstrumentationActivityInvoker$EmptyActivity#18698
04-15 09:53:32.676  2000  2105 I SurfaceControlRegistry: apply, t=FinishTransaction_SyncId<1668>, caller=android.view.SurfaceControl$Transaction.apply:3459 android.view.SurfaceControl$Transaction.apply:3447 android.view.SurfaceControl$Transaction.apply:3397 com.android.wm.shell.transition.Transitions.onFinish:315 com.android.wm.shell.transition.Transitions$$ExternalSyntheticLambda7.onTransitionFinished:12 com.android.wm.shell.transition.DefaultTransitionHandler$$ExternalSyntheticLambda2.run:36
04-15 09:53:32.677  1151  1338 D SurfaceFlinger: [input] setFocusedWindow: 7c14677 com.catfact.app.feature.factdetail.test/androidx.test.core.app.InstrumentationActivityInvoker$EmptyActivity
04-15 09:53:32.677  1542  3964 D InputDispatcher: Once focus requested (0): 7c14677 com.catfact.app.feature.factdetail.test/androidx.test.core.app.InstrumentationActivityInvoker$EmptyActivity
04-15 09:53:32.678  1542  3964 D InputDispatcher: Focus request (0): 7c14677 com.catfact.app.feature.factdetail.test/androidx.test.core.app.InstrumentationActivityInvoker$EmptyActivity but waiting because NO_WINDOW
04-15 09:53:32.681  2000  2105 D ShellDesktopMode: handleRequest: TransitionRequestInfo {type=2, tid=3877, debugId=1669}
04-15 09:53:32.682  1151  1151 I SurfaceFlinger: RequestedLayer [ActivityRecord{248240931 u0 com.catf[...]tyInvoker$EmptyActivity t3877}#18692] hidden!! flag  from(1) --> to(0)
04-15 09:53:32.682  1151  1151 E SurfaceFlinger: alpha changed 1.000 -> 0.000 - ActivityRecord{248240931 u0 com.catfact.app.feature.factdetail.test/androidx.test.core.app.InstrumentationActivityInvoker$EmptyActivity t3877}#18692
04-15 09:53:32.682  1151  1151 I SurfaceFlinger: RequestedLayer [7c14677 com.catfact.app.feature.fact[...]nActivityInvoker$EmptyActivity#18693] hidden!! flag  from(1) --> to(0)
04-15 09:53:32.682  1151  1151 I SurfaceFlinger: RequestedLayer [com.catfact.app.feature.factdetail.t[...]tyInvoker$EmptyActivity$_19294#18694] hidden!! flag  from(1) --> to(0)
04-15 09:53:32.682  1151  1151 I SurfaceFlinger: RequestedLayer [Transition Root: ActivityRecord{2482[...]tyInvoker$EmptyActivity t3877}#18697] hidden!! flag  from(1) --> to(0)
04-15 09:53:32.682  1151  1151 I SurfaceFlinger: RequestedLayer [ActivityRecord{137249486 u0 com.catf[...]ivity.ComponentActivity t3877}#18678] hidden!! flag  from(0) --> to(1)
04-15 09:53:32.682  1151  1151 E SurfaceFlinger: alpha changed 0.000 -> 1.000 - ActivityRecord{248240931 u0 com.catfact.app.feature.factdetail.test/androidx.test.core.app.InstrumentationActivityInvoker$EmptyActivity t3877}#18692
04-15 09:53:32.682  1151  1151 I SurfaceFlinger: [Display 0 name="Built-in Screen"#49] setFrameRateCategory: Default
04-15 09:53:32.682  1151  1151 I SurfaceFlinger: [LayerHierarchy{RequestedLayerState{ActivityRecord{137249486 u0 com.catfact.app.feature.factdetail.test/androidx.activity.ComponentActivity t3877}#18678 parentId=18677} 3 children}] reparent to LayerHierarchy{RequestedLayerState{Task=3877#18677 parentId=10 z=13} 3 children}
04-15 09:53:32.682  1151  1151 I SurfaceFlinger: [LayerHierarchy{RequestedLayerState{ActivityRecord{248240931 u0 com.catfact.app.feature.factdetail.test/androidx.test.core.app.InstrumentationActivityInvoker$EmptyActivity t3877}#18692 parentId=18677 z=1} 1 children}] reparent to LayerHierarchy{RequestedLayerState{Task=3877#18677 parentId=10 z=13} 3 children}
04-15 09:53:32.682  1151  1151 I SurfaceFlinger: [LayerHierarchy{RequestedLayerState{Transition Root: ActivityRecord{248240931 u0 com.catfact.app.feature.factdetail.test/androidx.test.core.app.InstrumentationActivityInvoker$EmptyActivity t3877}#18697 z=1} no children}] reparent to OffscreenRoot
04-15 09:53:32.682  1151  1151 I SurfaceFlinger: [LayerHierarchy{RequestedLayerState{Transition Root: ActivityRecord{248240931 u0 com.catfact.app.feature.factdetail.test/androidx.test.core.app.InstrumentationActivityInvoker$EmptyActivity t3877}#18697 z=1} no children}] RelativeParent to null
04-15 09:53:32.682  1151  1151 I SurfaceFlinger: [44db8dd ActivityRecordInputSink com.catfact.app.feature.factdetail.test/androidx.test.core.app.InstrumentationActivityInvoker$EmptyActivity#18698] attach to parent LayerHierarchy{RequestedLayerState{ActivityRecord{248240931 u0 com.catfact.app.feature.factdetail.test/androidx.test.core.app.InstrumentationActivityInvoker$EmptyActivity t3877}#18692 parentId=18677 z=1} 2 children}
04-15 09:53:32.683 19294 19294 I VRI[ComponentActivity]@3cf8886: handleAppVisibility mAppVisible = true visible = false
04-15 09:53:32.683 19294 19294 D VRI[ComponentActivity]@3cf8886: visibilityChanged oldVisibility=true newVisibility=false
04-15 09:53:32.683 19294 19294 I InsetsSourceConsumer: applyRequestedVisibilityToControl: visible=true, type=statusBars, host=com.catfact.app.feature.factdetail.test/androidx.test.core.app.InstrumentationActivityInvoker$EmptyActivity
04-15 09:53:32.684  2000  2000 D SystemUIService: SYSUI_RAM_OPTIMIZATION onTrimMemory=20
04-15 09:53:32.684  2000  2000 D CentralSurfaces: SYSUI_RAM_OPTIMIZATION onTrimMemory=20
04-15 09:53:32.684 19294 19294 I InsetsSourceConsumer: applyRequestedVisibilityToControl: visible=true, type=navigationBars, host=com.catfact.app.feature.factdetail.test/androidx.test.core.app.InstrumentationActivityInvoker$EmptyActivity
04-15 09:53:32.684  1151  1200 I SurfaceFlinger: id=18697 Removed Transition Root: ActivityRecord{248240931 u0 com.catfact.app.feature.factdetail.test/androidx.test.core.app.InstrumentationActivityInvoker$EmptyActivity t3877}#18697 (202)
04-15 09:53:32.684  1151  1200 I SurfaceFlinger: id=18688 Removed Surface(name=3edafdc StatusBar)/@0x3b919ed - animation-leash of insets_animation#18688 (202)
04-15 09:53:32.684  1151  1200 I SurfaceFlinger: id=18689 Removed Surface(name=8c5cec7 NavigationBar0)/@0xa68870 - animation-leash of insets_animation#18689 (202)
04-15 09:53:32.685  2000  2196 D HWUI    : CacheManager::trimMemory(20)
04-15 09:53:32.685 19294 19294 D LifecycleMonitor: Lifecycle status change: androidx.test.core.app.InstrumentationActivityInvoker$EmptyActivity@8d89d94 in: PAUSED
04-15 09:53:32.685 19294 19294 V ActivityScenario: Activity lifecycle changed event received but ignored because the intent does not match. startActivityIntent=Intent { act=android.intent.action.MAIN cat=[android.intent.category.LAUNCHER] flg=0x10008000 cmp=com.catfact.app.feature.factdetail.test/androidx.activity.ComponentActivity }, activity.getIntent()=Intent { act=android.intent.action.MAIN cat=[android.intent.category.LAUNCHER] flg=0x10000000 xflg=0x4 cmp=com.catfact.app.feature.factdetail.test/androidx.test.core.app.InstrumentationActivityInvoker$EmptyActivity }, activity=androidx.test.core.app.InstrumentationActivityInvoker$EmptyActivity@8d89d94
04-15 09:53:32.685  1151  1151 D SurfaceFlinger: Display 4633128672291735999 HWC layers:
04-15 09:53:32.685  1151  1151 D SurfaceFlinger:        DEVICE |           82867099009068 | 00002102 | RGBA_8888    |    0.0    0.0  720.0 1544.0 |    0    0  720 1544 | com.catfact.app.feature.factdetail.t[...]tyInvoker$EmptyActivity$_19294#18694 (1)
04-15 09:53:32.685  1151  1151 D SurfaceFlinger:        DEVICE |            8589934654694 | 00002100 | RGBA_8888    |    0.0    0.0  720.0   50.0 |    0    0  720   50 | StatusBar$_2000#102 (26333)
04-15 09:53:32.685  1151  1151 D SurfaceFlinger:        DEVICE |           10569914518889 | 00002100 | RGBA_8888    |    0.0    0.0   67.0  353.0 |  653  192  720  545 | com.sec.android.app.launcher/com.sam[...]l.app.CocktailBarService$_2461#16495 (1)
04-15 09:53:32.685  1151  1151 D SurfaceFlinger:        DEVICE |            8589934654693 | 00002100 | RGBA_8888    |    0.0    0.0  720.0   90.0 |    0 1454  720 1544 | NavigationBar0$_2000#98 (17119)
04-15 09:53:32.685  1151  1151 D SurfaceFlinger:
04-15 09:53:32.685  1542  2101 I SemDvfsHyPerManager: acquire hyper - AMS_ACT_RESUME/1542@19, type = -999
04-15 09:53:32.686  1542  1558 D InputDispatcher: Focus entered window (0): 7c14677 com.catfact.app.feature.factdetail.test/androidx.test.core.app.InstrumentationActivityInvoker$EmptyActivity
04-15 09:53:32.686  1059  1180 I HYPER-HAL: [RequestManager.cpp]acquire(): Acquired ID : 1219160  [1542 / 19]    HINT : AMS_ACT_RESUME    list :
04-15 09:53:32.687  1542  2101 D InputDispatcher: Focused application(0): ActivityRecord{243114305 u0 com.google.android.calendar/.allinone.AllInOneCalendarActivity t3801}
04-15 09:53:32.687  2000  2120 D ViewRootImpl: desktopMode is false
04-15 09:53:32.687  1542  1825 D AS.MultiSoundManager: mForegroundUid = 10279
04-15 09:53:32.687  2000  2120 I ViewRootImpl: dVRR is disabled
04-15 09:53:32.687  2000  2196 D NativeCustomFrequencyManager: [NativeCFMS] BpCustomFrequencyManager::BpCustomFrequencyManager()
04-15 09:53:32.688  1542  4043 D GraphicsStatsService: requestRenderEngineFor(com.google.android.calendar)
04-15 09:53:32.689  1542  1598 W libprocessgroup: SetCgroup::ExecuteForProcess: failed to open /dev/cpuctl/foreground-boost/cgroup.procs: No such file or directory
04-15 09:53:32.690  1542  1598 W libprocessgroup: SetCgroup::ExecuteForProcess: failed to open /dev/cpuctl/foreground-boost/cgroup.procs: No such file or directory
04-15 09:53:32.690  1542  2161 D InputTransport: Input channel constructed: '1954bb2', fd=1041
04-15 09:53:32.690  1542  2161 D InputTransport: Input channel constructed: '1954bb2', fd=1248
04-15 09:53:32.690  1542  2161 D InputTransport: Input channel constructed: '1954bb2', fd=874
04-15 09:53:32.690  1542  2161 D InputTransport: Input channel destroyed: '1954bb2', fd=1248
04-15 09:53:32.691  1151  1378 I SurfaceFlinger: id=18699 createSurf, flag=84004, 1954bb2 Splash Screen com.google.android.calendar#18699
04-15 09:53:32.691  1151  1151 I SurfaceFlinger: [Display 0 name="Built-in Screen"#49] setFrameRateCategory: High
04-15 09:53:32.691  1151  1151 I SurfaceFlinger: destroyed Surface(name=3edafdc StatusBar)/@0x3b919ed - animation-leash of insets_animation#18688
04-15 09:53:32.691  1151  1151 I SurfaceFlinger: destroyed Surface(name=8c5cec7 NavigationBar0)/@0xa68870 - animation-leash of insets_animation#18689
04-15 09:53:32.691  1151  1151 I SurfaceFlinger: destroyed Transition Root: ActivityRecord{248240931 u0 com.catfact.app.feature.factdetail.test/androidx.test.core.app.InstrumentationActivityInvoker$EmptyActivity t3877}#18697
04-15 09:53:32.691  1542  1598 W libprocessgroup: SetCgroup::ExecuteForProcess: failed to open /dev/cpuctl/foreground-boost/cgroup.procs: No such file or directory
04-15 09:53:32.692  1542  2161 D InputTransport: Input channel destroyed: '1954bb2', fd=874
04-15 09:53:32.692  1151  1151 I Layer   : id=18688 Destroyed Surface(name=3edafdc StatusBar)/@0x3b919ed - animation-leash of insets_animation#18688
04-15 09:53:32.693  1151  1151 I Layer   : id=18689 Destroyed Surface(name=8c5cec7 NavigationBar0)/@0xa68870 - animation-leash of insets_animation#18689
04-15 09:53:32.693  1151  1151 I Layer   : id=18697 Destroyed Transition Root: ActivityRecord{248240931 u0 com.catfact.app.feature.factdetail.test/androidx.test.core.app.InstrumentationActivityInvoker$EmptyActivity t3877}#18697
04-15 09:53:32.693  1542  1582 D PkgPredictorService-SecIpmManagerServiceImpl: onForegroundActivitiesChanged pid:3979 uid:10279
04-15 09:53:32.693  1151  1151 I BpBinder: onLastStrongRef automatically unlinking death recipients:
04-15 09:53:32.693  1542  1582 D NetworkPolicy: already checked 10279
04-15 09:53:32.693  2000  2120 D InputTransport: Input channel constructed: '1954bb2', fd=702
04-15 09:53:32.694  2000  2120 I InsetsController: onStateChanged: host=Splash Screen com.google.android.calendar, from=android.view.ViewRootImpl.onInsetsStateChanged:3026, state=InsetsState: {mDisplayFrame=Rect(0, 0 - 720, 1544), mDisplayCutout=DisplayCutout{insets=Rect(0, 50 - 0, 0) waterfall=Insets{left=0, top=0, right=0, bottom=0} boundingRect={Bounds=[Rect(0, 0 - 0, 0), Rect(341, 0 - 379, 50), Rect(0, 0 - 0, 0), Rect(0, 0 - 0, 0)]} cutoutPathParserInfo={CutoutPathParserInfo{displayWidth=720 displayHeight=1544 physicalDisplayWidth=720 physicalDisplayHeight=1544 density={1.875} cutoutSpec={M 0,0 H -10 V 26.66666666666667 H 10 V 0 H 0 Z @dp} rotation={0} scale={1.0} physicalPixelDisplaySizeRatio={1.0}}} sideOverrides={}}, mRoundedCorners=RoundedCorners{[RoundedCorner{position=TopLeft, radius=8, center=Point(8, 8)}, RoundedCorner{position=TopRight, radius=8, center=Point(712, 8)}, RoundedCorner{position=BottomRight, radius=8, center=Point(712, 1536)}, RoundedCorner{position=BottomLeft, radius=8, center=Point(8, 1536)}]}  mRoundedCornerFrame=Rect(0, 0 - 720, 1544), mPrivacyIndicatorBounds=PrivacyIndicatorBounds {static bounds=Rect(637, 0 - 720, 50) rotation=0}, mDisplayShape=DisplayShape{ spec=-311912193 displayWidth=720 displayHeight=1544 physicalPixelDisplaySizeRatio=0.5 rotation=0 offsetX=0 offsetY=0 scale=1.0}, mSources= { InsetsSource: {ec730001 mType=navigationBars mFrame=[0,1454][720,1544] mVisible=true mFlags= mSideHint=BOTTOM mBoundingRects=null}, InsetsSource: {ec730004 mType=systemGestures mFrame=[0,0][0,0] mVisible=true mFlags= mSideHint=NONE mBoundingRects=null}, InsetsSource: {ec730005 mType=mandatorySystemGestures mFrame=[0,1454][720,1544] mVisible=true mFlags= mSideHint=BOTTOM mBoundingRects=null}, InsetsSource: {ec730006 mType=tappableElement mFrame=[0,1454][720,1544] mVisible=true mFlags= mSideHint=BOTTOM mBoundingRects=null}, InsetsSource: {ec730024 mType=systemGestures mFrame=[0,0][0,0] mVisible=true mFlags= mSideHint=NONE mBoundingRects=null}, InsetsSource: {3 mType=ime mFrame=[0,0][0,0] mVisible=false mFlags= mSideHint=NONE mBoundingRects=null}, InsetsSource: {27 mType=displayCutout mFrame=[0,0][720,50] mVisible=true mFlags= mSideHint=TOP mBoundingRects=null}, InsetsSource: {43950000 mType=statusBars mFrame=[0,0][720,50] mVisible=true mFlags= mSideHint=TOP mBoundingRects=null}, InsetsSource: {43950005 mType=mandatorySystemGestures mFrame=[0,0][720,73] mVisible=true mFlags= mSideHint=TOP mBoundingRects=null}, InsetsSource: {43950006 mType=tappableElement mFrame=[0,0][720,50] mVisible=true mFlags= mSideHint=TOP mBoundingRects=null} }
04-15 09:53:32.694  1542  1582 D NetworkPolicy: already checked 10279
04-15 09:53:32.694  2000  2120 I VRI[calendar]@bfa9fd9: onActiveControlsChanged, removed=false, mAdded=true, caller=android.view.ViewRootImpl.handleInsetsControlChanged:3002 android.view.ViewRootImpl.setView:2014 android.view.WindowManagerGlobal.addView:604 com.android.wm.shell.startingsurface.SplashscreenWindowCreator.addWindow:38 com.android.wm.shell.startingsurface.StartingWindowController$$ExternalSyntheticLambda4.run:1365
04-15 09:53:32.694  2000  2120 I VRI[calendar]@bfa9fd9: synced displayState. AttachInfo displayState=2
04-15 09:53:32.694  2000  2120 I VRI[calendar]@bfa9fd9: setView = android.widget.FrameLayout@98f884c IsHRR=false mFlingFrameRateChange=0 TM=true
04-15 09:53:32.694  2000  2196 D HWUI    : HWUI - treat SMPTE_170M as sRGB
04-15 09:53:32.694  1542  1558 I WindowManager: Relayout Window{65a1819 u0 com.catfact.app.feature.factdetail.test/androidx.activity.ComponentActivity}: viewVisibility=8 req=720x1544 ty=1 d0
04-15 09:53:32.694  2461  2584 I HoneySpace.TopTaskSource: onTaskMovedToFront : taskId = 3514, displayId = 0
04-15 09:53:32.694  2461  2584 I HoneySpace.TopTaskSource: onTaskMovedToFront : taskId = 3801, displayId = 0
04-15 09:53:32.695  2000  2000 D SystemUIService: SYSUI_RAM_OPTIMIZATION onTrimMemory=20
04-15 09:53:32.695  1542  1558 D SurfaceComposerClient: setCornerRadius ## 1954bb2 Splash Screen com.google.android.calendar#18699 cornerRadius=0.000000
04-15 09:53:32.695  2000  2000 D CentralSurfaces: SYSUI_RAM_OPTIMIZATION onTrimMemory=20
04-15 09:53:32.695  2000  2196 D HWUI    : CacheManager::trimMemory(20)
04-15 09:53:32.695  1218  6568 I CameraService: onUidStateChanged: uid=10048, procState is changed. (0 -> 1)
04-15 09:53:32.695  1542  1558 D SurfaceComposerClient: setCornerRadius ## 1954bb2 Splash Screen com.google.android.calendar#18699 cornerRadius=0.000000
04-15 09:53:32.696  1542  1558 I WindowManager: Relayout hash=65a1819, pid=19294, syncId=-1: mAttrs={(0,0)(fillxfill) sim={adjust=pan forwardNavigation} layoutInDisplayCutoutMode=always ty=BASE_APPLICATION wanim=0x1030317
04-15 09:53:32.696  1542  1558 I WindowManager:   fl=81810100
04-15 09:53:32.696  1542  1558 I WindowManager:   pfl=100088c0
04-15 09:53:32.696  1542  1558 I WindowManager:   apr=210
04-15 09:53:32.696  1542  1558 I WindowManager:   bhv=1
04-15 09:53:32.696  1542  1558 I WindowManager:   fitSides=0
04-15 09:53:32.696  1542  1558 I WindowManager:   frameRateBoostOnTouch=true
04-15 09:53:32.696  1542  1558 I WindowManager:   dvrrWindowFrameRateHint=true naviIconColor=0}
04-15 09:53:32.696  1542  3964 D InputDispatcher: Focus left window (0): 7c14677 com.catfact.app.feature.factdetail.test/androidx.test.core.app.InstrumentationActivityInvoker$EmptyActivity
04-15 09:53:32.697  2461 30001 I HoneySpace.RecentTasks: onRecentTasksChanged
04-15 09:53:32.697 18525 18790 I Rubin   : [146] M.c0.k(Unknown Source) : Notify com.samsung.android.rubin.inferenceengine.contextanalytics.engine.loggers.AppUsageLogger's database is updated.
04-15 09:53:32.697  2461  2586 I HoneySpace.TopTaskUseCase: topTasks 3801 ComponentInfo{com.google.android.calendar/com.google.android.calendar.allinone.AllInOneCalendarActivity}[displayId=0]
04-15 09:53:32.699  1151  1151 I SurfaceFlinger: [1954bb2 Splash Screen com.google.android.calendar#18699] attach to parent LayerHierarchy{RequestedLayerState{ActivityRecord{243114305 u0 com.google.android.calendar/.allinone.AllInOneCalendarActivity t3801}#16293 parentId=16292} 2 children}
04-15 09:53:32.700  1542  2101 I WindowManager: Relayout Window{1954bb2 u0 Splash Screen com.google.android.calendar}: viewVisibility=0 req=720x1544 ty=3 d0
04-15 09:53:32.700  2000  2000 I {OngoingActivityController}: onTaskFocusChanged but OA data is empty
04-15 09:53:32.700  1151  2479 I SurfaceFlinger: id=18700 createSurf, flag=44004, Splash Screen com.google.android.calendar$_2000#18700
04-15 09:53:32.701 19294 19294 I VRI[ComponentActivity]@3cf8886: Relayout returned: old=(0,0,720,1544) new=(0,0,720,1544) relayoutAsync=false req=(720,1544)8 dur=7 res=0x2 s={false 0x0} ch=true seqId=0
04-15 09:53:32.702 19294 19294 D VRI[ComponentActivity]@3cf8886: Not drawing due to not visible. Reason=!mAppVisible && !mForceDecorViewVisibility
04-15 09:53:32.702 19294 19294 I ImeFocusController: onPreWindowFocus: skipped hasWindowFocus=false mHasImeFocus=true
04-15 09:53:32.702 19294 19294 I ImeFocusController: onPostWindowFocus: skipped hasWindowFocus=false mHasImeFocus=true
04-15 09:53:32.702  1542  2101 D SurfaceComposerClient: setCornerRadius ## 1954bb2 Splash Screen com.google.android.calendar#18699 cornerRadius=0.000000
04-15 09:53:32.702  1542  2101 D SurfaceComposerClient: setCornerRadius ## 1954bb2 Splash Screen com.google.android.calendar#18699 cornerRadius=0.000000
04-15 09:53:32.703  1542  2101 I WindowManager: Relayout hash=1954bb2, pid=2000, syncId=-1: mAttrs={(0,0)(fillxfill) sim={adjust=pan} layoutInDisplayCutoutMode=always ty=APPLICATION_STARTING fmt=TRANSLUCENT wanim=0x1030317
04-15 09:53:32.703  1542  2101 I WindowManager:   fl=81030118
04-15 09:53:32.703  1542  2101 I WindowManager:   pfl=10000810
04-15 09:53:32.703  1542  2101 I WindowManager:   bhv=1
04-15 09:53:32.703  1542  2101 I WindowManager:   fitSides=0
04-15 09:53:32.703  1542  2101 I WindowManager:   frameRateBoostOnTouch=true
04-15 09:53:32.703  1542  2101 I WindowManager:   dvrrWindowFrameRateHint=true naviIconColor=0}
04-15 09:53:32.704  2461  2584 I HoneySpace.TopTaskSource: onTaskFocusChanged(): taskId = 3801
04-15 09:53:32.704  2000  2120 I VRI[calendar]@bfa9fd9: onActiveControlsChanged, removed=false, mAdded=true, caller=android.view.ViewRootImpl.handleInsetsControlChanged:3002 android.view.ViewRootImpl.relayoutWindow:11629 android.view.ViewRootImpl.performTraversals:4804 android.view.ViewRootImpl.doTraversal:3924 android.view.ViewRootImpl$TraversalRunnable.run:12903
04-15 09:53:32.705  2000  2120 I BLASTBufferQueue_Java: new BLASTBufferQueue, mName= VRI[calendar]@bfa9fd9 mNativeObject= 0xb40000741d24d560 caller= android.view.ViewRootImpl.updateBlastSurfaceIfNeeded:3585 android.view.ViewRootImpl.relayoutWindow:11685 android.view.ViewRootImpl.performTraversals:4804 android.view.ViewRootImpl.doTraversal:3924 android.view.ViewRootImpl$TraversalRunnable.run:12903 android.view.Choreographer$CallbackRecord.run:1901 android.view.Choreographer$CallbackRecord.run:1910 android.view.Choreographer.doCallbacks:1367 android.view.Choreographer.doFrame:1292 android.view.Choreographer$FrameDisplayEventReceiver.run:1870
04-15 09:53:32.705  2000  2120 I BLASTBufferQueue_Java: update, w= 720 h= 1544 mName = VRI[calendar]@bfa9fd9 mNativeObject= 0xb40000741d24d560 sc.mNativeObject= 0xb40000751c58d910 format= -3 caller= android.view.ViewRootImpl.updateBlastSurfaceIfNeeded:3590 android.view.ViewRootImpl.relayoutWindow:11685 android.view.ViewRootImpl.performTraversals:4804 android.view.ViewRootImpl.doTraversal:3924 android.view.ViewRootImpl$TraversalRunnable.run:12903 android.view.Choreographer$CallbackRecord.run:1901
04-15 09:53:32.705  2461  2461 I HoneySpace.EdgePanel.CocktailHostRepositoryImpl: onNoteResume
04-15 09:53:32.705  2461  2461 I HoneySpace.EdgePanel.EdgePanelContainerViewModel: cocktailHostRepository.edgePanelOperation NoteResumeComponent(componentName=ComponentInfo{com.google.android.calendar/com.google.android.calendar.allinone.AllInOneCalendarActivity})
04-15 09:53:32.705  2461  2461 I HoneySpace.EdgePanel.ActivityUtils: HomePackage : com.sec.android.app.launcher, resumePackageName : com.google.android.calendar, className : com.google.android.calendar.allinone.AllInOneCalendarActivity
04-15 09:53:32.705  2000  2120 I VRI[calendar]@bfa9fd9: Relayout returned: old=(0,0,720,1544) new=(0,0,720,1544) relayoutAsync=false req=(720,1544)0 dur=10 res=0x3 s={true 0xb40000748c923490} ch=true seqId=0
04-15 09:53:32.705  3979  3979 I DecorView: setWindowBackground: isPopOver=false color=ff121318 d=android.graphics.drawable.ColorDrawable@b96326c
04-15 09:53:32.706  2000  2120 I VRI[calendar]@bfa9fd9: performConfigurationChange setNightDimText nightDimLevel=0
04-15 09:53:32.706  2000  2120 D VRI[calendar]@bfa9fd9: mThreadedRenderer.initialize() mSurface={isValid=true 0xb40000748c923490} hwInitialized=true
04-15 09:53:32.706  2000  2120 D VRI[calendar]@bfa9fd9: reportNextDraw android.view.ViewRootImpl.performTraversals:5443 android.view.ViewRootImpl.doTraversal:3924 android.view.ViewRootImpl$TraversalRunnable.run:12903 android.view.Choreographer$CallbackRecord.run:1901 android.view.Choreographer$CallbackRecord.run:1910
04-15 09:53:32.706  2000  2120 D VRI[calendar]@bfa9fd9: Setup new sync=wmsSync-VRI[calendar]@bfa9fd9#92
04-15 09:53:32.706  2000  2120 I VRI[calendar]@bfa9fd9: Creating new active sync group VRI[calendar]@bfa9fd9#93
04-15 09:53:32.707  2000  2120 D VRI[calendar]@bfa9fd9: registerCallbacksForSync syncBuffer=false
04-15 09:53:32.708  1151  1151 I SurfaceFlinger: RequestedLayer [com.catfact.app.feature.factdetail.t[...]ivity.ComponentActivity$_19294#18687] hidden!! flag  from(0) --> to(1)
04-15 09:53:32.708  1151  1151 I SurfaceFlinger: [Splash Screen com.google.android.calendar$_2000#18700] attach to parent LayerHierarchy{RequestedLayerState{1954bb2 Splash Screen com.google.android.calendar#18699 parentId=16293} 1 children}
04-15 09:53:32.709  2000  2195 D VRI[calendar]@bfa9fd9: Received frameDrawingCallback syncResult=0 frameNum=1.
04-15 09:53:32.709  2000  2195 I VRI[calendar]@bfa9fd9: mWNT: t=0xb4000074fc74f090 mBlastBufferQueue=0xb40000741d24d560 fn= 1 HdrRenderState mRenderHdrSdrRatio=1.0 caller= android.view.ViewRootImpl$12.onFrameDraw:15441 android.view.ThreadedRenderer$1.onFrameDraw:718 <bottom of call stack>
04-15 09:53:32.709  2000  2195 I VRI[calendar]@bfa9fd9: Setting up sync and frameCommitCallback
04-15 09:53:32.710  2000  2196 I BLASTBufferQueue: [VRI[calendar]@bfa9fd9#848](f:0,a:0,s:0) onFrameAvailable the first frame is available
04-15 09:53:32.710  2000  2196 I VRI[calendar]@bfa9fd9: Received frameCommittedCallback lastAttemptedDrawFrameNum=1 didProduceBuffer=true
04-15 09:53:32.710  1151  1378 I SurfaceFlinger: [Splash Screen com.google.android.calendar$_2000#18700] setTransactionState with the first frame. bufferData(ID: 8589934655899, frameNumber: 1)
04-15 09:53:32.712  2000  2196 D HWUI    : CFMS:: SetUp Pid : 2000    Tid : 2196
04-15 09:53:32.713  2000  2120 D VRI[calendar]@bfa9fd9: reportDrawFinished seqId=0
04-15 09:53:32.716  1542  1585 D SurfaceComposerClient: setCornerRadius ## 1954bb2 Splash Screen com.google.android.calendar#18699 cornerRadius=0.000000
04-15 09:53:32.717  1542  1585 D SurfaceComposerClient: setCornerRadius ## 1954bb2 Splash Screen com.google.android.calendar#18699 cornerRadius=0.000000
04-15 09:53:32.718  1151  1199 I SurfaceFlinger: id=18701 createSurf, flag=84004, Transition Root: Task=3801#18701
04-15 09:53:32.720  1542  1585 I SurfaceControlRegistry: show, t=StartTransaction_SyncId<1669> sc=ActivityRecord{243114305 u0 com.google.android.calendar/.allinone.AllInOneCalendarActivity t3801}, caller=android.view.SurfaceControl$Transaction.show:3557 com.android.server.wm.Transition.onTransactionReady:2048 com.android.server.wm.BLASTSyncEngine$SyncGroup.finishNow:240 com.android.server.wm.BLASTSyncEngine.onSurfacePlacement:263 com.android.server.wm.RootWindowContainer.performSurfacePlacementNoTrace:1083 com.android.server.wm.WindowSurfacePlacer.performSurfacePlacement:166
04-15 09:53:32.720  1542  1585 D SurfaceComposerClient: setCornerRadius ## Task=3877#18677 cornerRadius=0.000000
04-15 09:53:32.720  1542  1585 D SurfaceComposerClient: setCornerRadius ## Task=3801#16292 cornerRadius=0.000000
04-15 09:53:32.721  1542  1585 D ScreenCapture: [Capture_TEST] : setIsScreenShotBySystem false
04-15 09:53:32.722  1542  1585 I SurfaceComposerClient: captureLayers:childrenOnly:1, sync:1
04-15 09:53:32.723  2000  2105 I SurfaceControlRegistry: hide, t=FinishTransaction_SyncId<1669> sc=Task=3877, caller=android.view.SurfaceControl$Transaction.hide:3583 com.android.wm.shell.transition.Transitions.dispatchReady:1263 com.android.wm.shell.transition.Transitions.onTransitionReady:251 com.android.wm.shell.transition.Transitions$TransitionPlayerImpl$$ExternalSyntheticLambda0.run:13 android.os.Handler.handleCallback:995 android.os.Handler.dispatchMessage:103
04-15 09:53:32.723  2000  2105 I SurfaceControlRegistry: show, t=StartTransaction_SyncId<1669> sc=Task=3801, caller=android.view.SurfaceControl$Transaction.show:3557 com.android.wm.shell.transition.Transitions.dispatchReady:1279 com.android.wm.shell.transition.Transitions.onTransitionReady:251 com.android.wm.shell.transition.Transitions$TransitionPlayerImpl$$ExternalSyntheticLambda0.run:13 android.os.Handler.handleCallback:995 android.os.Handler.dispatchMessage:103
04-15 09:53:32.723  2000  2105 I SurfaceControlRegistry: show, t=FinishTransaction_SyncId<1669> sc=Task=3801, caller=android.view.SurfaceControl$Transaction.show:3557 com.android.wm.shell.transition.Transitions.dispatchReady:1330 com.android.wm.shell.transition.Transitions.onTransitionReady:251 com.android.wm.shell.transition.Transitions$TransitionPlayerImpl$$ExternalSyntheticLambda0.run:13 android.os.Handler.handleCallback:995 android.os.Handler.dispatchMessage:103
04-15 09:53:32.723  2000  2105 I SurfaceControlRegistry: show, t=StartTransaction_SyncId<1669> sc=Transition Root: Task=3801, caller=android.view.SurfaceControl$Transaction.show:3557 com.android.wm.shell.transition.Transitions.playTransition:79 com.android.wm.shell.transition.Transitions.processReadyQueue:239 com.android.wm.shell.transition.Transitions.dispatchReady:1352 com.android.wm.shell.transition.Transitions.onTransitionReady:251 com.android.wm.shell.transition.Transitions$TransitionPlayerImpl$$ExternalSyntheticLambda0.run:13
04-15 09:53:32.725  1151  1151 I SurfaceFlinger: [Transition Root: Task=3801#18701] attach to parent LayerHierarchy{RequestedLayerState{DefaultTaskDisplayArea_d0#10 parentId=9} 17 children}
04-15 09:53:32.725  1151  2758 I SurfaceFlinger: id=18702 createSurf, flag=20004, DimTransitionLayer for Surface(name=Task=3877)/@0xdf494e4#18702
04-15 09:53:32.725  2000  2105 I SurfaceControlRegistry: show, t=StartTransaction_SyncId<1669> sc=DimTransitionLayer for Surface(name=Task=3877)/@0xdf494e4, caller=android.view.SurfaceControl$Transaction.show:3557 com.android.wm.shell.transition.DefaultTransitionHandler.startAnimation:2931 com.android.wm.shell.transition.Transitions.dispatchTransition:90 com.android.wm.shell.transition.Transitions.playTransition:774 com.android.wm.shell.transition.Transitions.processReadyQueue:239 com.android.wm.shell.transition.Transitions.dispatchReady:1352
04-15 09:53:32.726  2000  2105 I SurfaceControlRegistry: apply, t=StartTransaction_SyncId<1669>, caller=android.view.SurfaceControl$Transaction.apply:3459 android.view.SurfaceControl$Transaction.apply:3447 android.view.SurfaceControl$Transaction.apply:3397 com.android.wm.shell.transition.DefaultTransitionHandler.startAnimation:3387 com.android.wm.shell.transition.Transitions.dispatchTransition:90 com.android.wm.shell.transition.Transitions.playTransition:774
04-15 09:53:32.727  1151  1378 I SurfaceFlinger: Capture layer list: 	 com.catfact.app.feature.factdetail.test/androidx.test.core.app.InstrumentationActivityInvoker$EmptyActivity$_19294#18694(seamlessTransition:0)
04-15 09:53:32.727  1151  1378 I CompositionEngine: [setDisplaySize] size=(720, 1544)
04-15 09:53:32.727  3723 26412 I [AirCmd]_ActivitySwitchDetector: onTaskFocusChanged : taskId=3801, componentName=ComponentInfo{com.google.android.calendar/com.google.android.calendar.allinone.AllInOneCalendarActivity}
04-15 09:53:32.727  3723 26412 I [AirCmd]_ActivitySwitchDetector: onTaskFocusChanged :mTopMostActivity = ComponentInfo{com.catfact.app.feature.factdetail.test/androidx.activity.ComponentActivity}
04-15 09:53:32.727  3723 26412 I [AirCmd]_CallbackRepeater: stopRepeat : isWorking=false
04-15 09:53:32.727  3723 26412 I [AirCmd]_MediaControlStateMonitor: isForegroundAppSupportsMediaButton : mediaSession is empty
04-15 09:53:32.728  1151  1206 D RenderEngine: [SEC_SF_EFFECTS] drawLayersInternal,1494, Rendering layer ScreenCaptureFillLayer at index 0
