04-15 09:53:30.706 19294 19315 I TestRunner: started: shareButtonHiddenWhenNoFact(com.catfact.app.feature.factdetail.presentation.DetailScreenTest)
04-15 09:53:30.722 19294 19315 D IdlingRegistry: Registering idling resources: [androidx.compose.ui.test.EspressoLink@dedac40]
04-15 09:53:30.728 19294 19315 W Settings: Setting always_finish_activities has moved from android.provider.Settings.System to android.provider.Settings.Global, returning read-only value.
04-15 09:53:30.734  1542  2484 I SemDvfsHyPerManager: acquire hyper - AMS_APP_SWITCH/1542@28, type = -999
04-15 09:53:30.735  1059  1180 I HYPER-HAL: [RequestManager.cpp]acquire(): Acquired ID : 1233263  [1542 / 28]    HINT : AMS_APP_SWITCH    list :
04-15 09:53:30.735  1151  1200 I SurfaceFlinger: id=18641 createSurf, flag=24004, Task=3876#18641
04-15 09:53:30.735  1059  1180 I HYPER-HAL: [ResourceManager.cpp]updateResource(): [CPULittleMinFreq] UpdateResource Request ID : 1233263    Value : 1824000
04-15 09:53:30.735  3963  3963 I SemDvfsHyPerManager: acquire hyper - APP_START_SHORT/3963@17, type = -999
04-15 09:53:30.738  1059  1180 I HYPER-HAL: [RequestManager.cpp]acquire(): Acquired ID : 7922207  [3963 / 17]    HINT : APP_START    list : [TIMEOUT / 1500]
04-15 09:53:30.738  1151  1200 I SurfaceFlinger: id=18642 createSurf, flag=84004, ActivityRecord{176091740 u0 com.catfact.app.feature.factdetail.test/androidx.activity.ComponentActivity t3876}#18642
04-15 09:53:30.740  1151  1151 I SurfaceFlinger: [Task=3876#18641] attach to parent LayerHierarchy{RequestedLayerState{DefaultTaskDisplayArea_d0#10 parentId=9} 16 children}
04-15 09:53:30.740  1151  1151 I SurfaceFlinger: [ActivityRecord{176091740 u0 com.catfact.app.feature.factdetail.test/androidx.activity.ComponentActivity t3876}#18642] attach to parent LayerHierarchy{RequestedLayerState{Task=3876#18641 parentId=10} 1 children}
04-15 09:53:30.742  2000  2120 D ViewRootImpl: desktopMode is false
04-15 09:53:30.743  2000  2120 I ViewRootImpl: dVRR is disabled
04-15 09:53:30.743  2000  2196 D NativeCustomFrequencyManager: [NativeCFMS] BpCustomFrequencyManager::BpCustomFrequencyManager()
04-15 09:53:30.745  1542  3827 I SemDvfsHyPerManager: acquire hyper - AMS_APP_LAUNCH/1542@21, type = -999
04-15 09:53:30.745  2000  2105 D ShellDesktopMode: handleRequest: TransitionRequestInfo {type=1, tid=3876, debugId=1664}
04-15 09:53:30.745  1059  1180 I HYPER-HAL: [RequestManager.cpp]acquire(): Acquired ID : 1222287  [1542 / 21]    HINT : AMS_APP_LAUNCH    list :
04-15 09:53:30.745  3963  3963 I SemDvfsHyPerManager: acquire hyper - APP_START/3963@19, type = -999
04-15 09:53:30.745  1059  1180 I HYPER-HAL: [ResourceManager.cpp]updateResource(): [CPULittleMinFreq] UpdateResource Request ID : 1222287    Value : 1824000
04-15 09:53:30.745  1542  1558 D InputTransport: Input channel constructed: 'e2a73bf', fd=972
04-15 09:53:30.745  1542  1558 D InputTransport: Input channel constructed: 'e2a73bf', fd=1041
04-15 09:53:30.745  1059  1180 I HYPER-HAL: [RequestManager.cpp]acquire(): Acquired ID : 7930172  [3963 / 19]    HINT : APP_START    list :
04-15 09:53:30.745  1542  1558 D InputTransport: Input channel constructed: 'e2a73bf', fd=1280
04-15 09:53:30.745  1542  1558 D InputTransport: Input channel destroyed: 'e2a73bf', fd=1041
04-15 09:53:30.746  3152  3152 E pageboostd: Received HALT command code 2
04-15 09:53:30.746  1151  2479 I SurfaceFlinger: id=18643 createSurf, flag=84004, e2a73bf Splash Screen com.catfact.app.feature.factdetail.test#18643
04-15 09:53:30.747  1542  1558 D InputTransport: Input channel destroyed: 'e2a73bf', fd=1280
04-15 09:53:30.747  2461  2584 I HoneySpace.TopTaskSource: onTaskMovedToFront : taskId = 3876, displayId = 0
04-15 09:53:30.748  2000  2120 D InputTransport: Input channel constructed: 'e2a73bf', fd=510
04-15 09:53:30.748  2000  2120 I InsetsController: onStateChanged: host=Splash Screen com.catfact.app.feature.factdetail.test, from=android.view.ViewRootImpl.onInsetsStateChanged:3026, state=InsetsState: {mDisplayFrame=Rect(0, 0 - 720, 1544), mDisplayCutout=DisplayCutout{insets=Rect(0, 50 - 0, 0) waterfall=Insets{left=0, top=0, right=0, bottom=0} boundingRect={Bounds=[Rect(0, 0 - 0, 0), Rect(341, 0 - 379, 50), Rect(0, 0 - 0, 0), Rect(0, 0 - 0, 0)]} cutoutPathParserInfo={CutoutPathParserInfo{displayWidth=720 displayHeight=1544 physicalDisplayWidth=720 physicalDisplayHeight=1544 density={1.875} cutoutSpec={M 0,0 H -10 V 26.66666666666667 H 10 V 0 H 0 Z @dp} rotation={0} scale={1.0} physicalPixelDisplaySizeRatio={1.0}}} sideOverrides={}}, mRoundedCorners=RoundedCorners{[RoundedCorner{position=TopLeft, radius=8, center=Point(8, 8)}, RoundedCorner{position=TopRight, radius=8, center=Point(712, 8)}, RoundedCorner{position=BottomRight, radius=8, center=Point(712, 1536)}, RoundedCorner{position=BottomLeft, radius=8, center=Point(8, 1536)}]}  mRoundedCornerFrame=Rect(0, 0 - 720, 1544), mPrivacyIndicatorBounds=PrivacyIndicatorBounds {static bounds=Rect(637, 0 - 720, 50) rotation=0}, mDisplayShape=DisplayShape{ spec=-311912193 displayWidth=720 displayHeight=1544 physicalPixelDisplaySizeRatio=0.5 rotation=0 offsetX=0 offsetY=0 scale=1.0}, mSources= { InsetsSource: {ec730001 mType=navigationBars mFrame=[0,1454][720,1544] mVisible=true mFlags= mSideHint=BOTTOM mBoundingRects=null}, InsetsSource: {ec730004 mType=systemGestures mFrame=[0,0][0,0] mVisible=true mFlags= mSideHint=NONE mBoundingRects=null}, InsetsSource: {ec730005 mType=mandatorySystemGestures mFrame=[0,1454][720,1544] mVisible=true mFlags= mSideHint=BOTTOM mBoundingRects=null}, InsetsSource: {ec730006 mType=tappableElement mFrame=[0,1454][720,1544] mVisible=true mFlags= mSideHint=BOTTOM mBoundingRects=null}, InsetsSource: {ec730024 mType=systemGestures mFrame=[0,0][0,0] mVisible=true mFlags= mSideHint=NONE mBoundingRects=null}, InsetsSource: {27 mType=displayCutout mFrame=[0,0][720,50] mVisible=true mFlags= mSideHint=TOP mBoundingRects=null}, InsetsSource: {43950000 mType=statusBars mFrame=[0,0][720,50] mVisible=true mFlags= mSideHint=TOP mBoundingRects=null}, InsetsSource: {43950005 mType=mandatorySystemGestures mFrame=[0,0][720,73] mVisible=true mFlags= mSideHint=TOP mBoundingRects=null}, InsetsSource: {43950006 mType=tappableElement mFrame=[0,0][720,50] mVisible=true mFlags= mSideHint=TOP mBoundingRects=null} }
04-15 09:53:30.748  2000  2120 I VRI[test]@be3720: onActiveControlsChanged, removed=false, mAdded=true, caller=android.view.ViewRootImpl.handleInsetsControlChanged:3002 android.view.ViewRootImpl.setView:2014 android.view.WindowManagerGlobal.addView:604 com.android.wm.shell.startingsurface.SplashscreenWindowCreator.addWindow:38 com.android.wm.shell.startingsurface.StartingWindowController$$ExternalSyntheticLambda4.run:1365
04-15 09:53:30.748  2000  2120 I VRI[test]@be3720: synced displayState. AttachInfo displayState=2
04-15 09:53:30.748  2000  2120 I VRI[test]@be3720: setView = android.widget.FrameLayout@f5e9aaa IsHRR=false mFlingFrameRateChange=0 TM=true
04-15 09:53:30.748  2000  2196 D HWUI    : HWUI - treat SMPTE_170M as sRGB
04-15 09:53:30.749  1151  1151 I SurfaceFlinger: [Display 0 name="Built-in Screen"#49] setFrameRateCategory: High
04-15 09:53:30.749  1151  1151 I SurfaceFlinger: [e2a73bf Splash Screen com.catfact.app.feature.factdetail.test#18643] attach to parent LayerHierarchy{RequestedLayerState{ActivityRecord{176091740 u0 com.catfact.app.feature.factdetail.test/androidx.activity.ComponentActivity t3876}#18642 parentId=18641} 1 children}
04-15 09:53:30.749  1542  3827 I WindowManager: Relayout Window{e2a73bf u0 Splash Screen com.catfact.app.feature.factdetail.test}: viewVisibility=0 req=720x1544 ty=3 d0
04-15 09:53:30.749  1151  1200 I SurfaceFlinger: id=18644 createSurf, flag=44004, Splash Screen com.catfact.app.feature.factdetail.test$_2000#18644
04-15 09:53:30.750  2461 30001 I HoneySpace.RecentTasks: onRecentTasksChanged
04-15 09:53:30.750  1151  1151 I BpBinder: onLastStrongRef automatically unlinking death recipients:
04-15 09:53:30.750  1542  3827 D SurfaceComposerClient: setCornerRadius ## e2a73bf Splash Screen com.catfact.app.feature.factdetail.test#18643 cornerRadius=0.000000
04-15 09:53:30.750  2461  2586 I HoneySpace.TopTaskUseCase: topTasks 3876 ComponentInfo{com.catfact.app.feature.factdetail.test/androidx.activity.ComponentActivity}[displayId=0]
04-15 09:53:30.750  1542  3827 D SurfaceComposerClient: setCornerRadius ## 2b40e64 com.google.android.calendar/com.google.android.calendar.allinone.AllInOneCalendarActivity#18632 cornerRadius=0.000000
04-15 09:53:30.751  2461  4417 I HoneySpace.RecentTasks: onRecentTasksChanged
04-15 09:53:30.751  1542  3827 D SurfaceComposerClient: setCornerRadius ## 2b40e64 com.google.android.calendar/com.google.android.calendar.allinone.AllInOneCalendarActivity#18632 cornerRadius=0.000000
04-15 09:53:30.751  1542  3827 I WindowManager: Relayout hash=e2a73bf, pid=2000, syncId=-1: mAttrs={(0,0)(fillxfill) sim={adjust=pan} layoutInDisplayCutoutMode=always ty=APPLICATION_STARTING fmt=TRANSLUCENT wanim=0x1030317
04-15 09:53:30.751  1542  3827 I WindowManager:   fl=81030118
04-15 09:53:30.751  1542  3827 I WindowManager:   pfl=10000810
04-15 09:53:30.751  1542  3827 I WindowManager:   apr=18
04-15 09:53:30.751  1542  3827 I WindowManager:   bhv=1
04-15 09:53:30.751  1542  3827 I WindowManager:   fitSides=0
04-15 09:53:30.751  1542  3827 I WindowManager:   frameRateBoostOnTouch=true
04-15 09:53:30.751  1542  3827 I WindowManager:   dvrrWindowFrameRateHint=true naviIconColor=0}
04-15 09:53:30.753  2000  2120 I VRI[test]@be3720: onActiveControlsChanged, removed=false, mAdded=true, caller=android.view.ViewRootImpl.handleInsetsControlChanged:3002 android.view.ViewRootImpl.relayoutWindow:11629 android.view.ViewRootImpl.performTraversals:4804 android.view.ViewRootImpl.doTraversal:3924 android.view.ViewRootImpl$TraversalRunnable.run:12903
04-15 09:53:30.755  2000  2120 I BLASTBufferQueue_Java: new BLASTBufferQueue, mName= VRI[test]@be3720 mNativeObject= 0xb40000741d0fe080 caller= android.view.ViewRootImpl.updateBlastSurfaceIfNeeded:3585 android.view.ViewRootImpl.relayoutWindow:11685 android.view.ViewRootImpl.performTraversals:4804 android.view.ViewRootImpl.doTraversal:3924 android.view.ViewRootImpl$TraversalRunnable.run:12903 android.view.Choreographer$CallbackRecord.run:1901 android.view.Choreographer$CallbackRecord.run:1910 android.view.Choreographer.doCallbacks:1367 android.view.Choreographer.doFrame:1292 android.view.Choreographer$FrameDisplayEventReceiver.run:1870
04-15 09:53:30.755  2000  2120 I BLASTBufferQueue_Java: update, w= 720 h= 1544 mName = VRI[test]@be3720 mNativeObject= 0xb40000741d0fe080 sc.mNativeObject= 0xb40000751c5bd850 format= -3 caller= android.view.ViewRootImpl.updateBlastSurfaceIfNeeded:3590 android.view.ViewRootImpl.relayoutWindow:11685 android.view.ViewRootImpl.performTraversals:4804 android.view.ViewRootImpl.doTraversal:3924 android.view.ViewRootImpl$TraversalRunnable.run:12903 android.view.Choreographer$CallbackRecord.run:1901
04-15 09:53:30.757  1218  1218 I CameraService: onUidStateChanged: uid=10048, procState is changed. (0 -> 1)
04-15 09:53:30.757  2000  2120 I VRI[test]@be3720: Relayout returned: old=(0,0,720,1544) new=(0,0,720,1544) relayoutAsync=false req=(720,1544)0 dur=5 res=0x3 s={true 0xb40000748c992550} ch=true seqId=0
04-15 09:53:30.757  1151  1151 I SurfaceFlinger: [Splash Screen com.catfact.app.feature.factdetail.test$_2000#18644] attach to parent LayerHierarchy{RequestedLayerState{e2a73bf Splash Screen com.catfact.app.feature.factdetail.test#18643 parentId=18642} 1 children}
04-15 09:53:30.758  2000  2120 D VRI[test]@be3720: mThreadedRenderer.initialize() mSurface={isValid=true 0xb40000748c992550} hwInitialized=true
04-15 09:53:30.759  2000  2120 D VRI[test]@be3720: reportNextDraw android.view.ViewRootImpl.performTraversals:5443 android.view.ViewRootImpl.doTraversal:3924 android.view.ViewRootImpl$TraversalRunnable.run:12903 android.view.Choreographer$CallbackRecord.run:1901 android.view.Choreographer$CallbackRecord.run:1910
04-15 09:53:30.759  2000  2120 D VRI[test]@be3720: Setup new sync=wmsSync-VRI[test]@be3720#86
04-15 09:53:30.759  2000  2120 I VRI[test]@be3720: Creating new active sync group VRI[test]@be3720#87
04-15 09:53:30.759  2000  2120 D VRI[test]@be3720: registerCallbacksForSync syncBuffer=false
04-15 09:53:30.759  1542  3827 D InputDispatcher: Focused application(0): ActivityRecord{176091740 u0 com.catfact.app.feature.factdetail.test/androidx.activity.ComponentActivity t3876}
04-15 09:53:30.760  1542  3827 D SurfaceComposerClient: setCornerRadius ## e2a73bf Splash Screen com.catfact.app.feature.factdetail.test#18643 cornerRadius=0.000000
04-15 09:53:30.761  1542  3827 D SurfaceComposerClient: setCornerRadius ## e2a73bf Splash Screen com.catfact.app.feature.factdetail.test#18643 cornerRadius=0.000000
04-15 09:53:30.761  1542  1558 D GraphicsStatsService: requestRenderEngineFor(com.catfact.app.feature.factdetail.test)
04-15 09:53:30.761  2000  2194 D VRI[test]@be3720: Received frameDrawingCallback syncResult=0 frameNum=1.
04-15 09:53:30.761  2000  2194 I VRI[test]@be3720: mWNT: t=0xb4000074fc6f5ad0 mBlastBufferQueue=0xb40000741d0fe080 fn= 1 HdrRenderState mRenderHdrSdrRatio=1.0 caller= android.view.ViewRootImpl$12.onFrameDraw:15441 android.view.ThreadedRenderer$1.onFrameDraw:718 <bottom of call stack>
04-15 09:53:30.761  2000  2194 I VRI[test]@be3720: Setting up sync and frameCommitCallback
04-15 09:53:30.763  2000  2196 I BLASTBufferQueue: [VRI[test]@be3720#845](f:0,a:0,s:0) onFrameAvailable the first frame is available
04-15 09:53:30.764  2000  2196 I VRI[test]@be3720: Received frameCommittedCallback lastAttemptedDrawFrameNum=1 didProduceBuffer=true
04-15 09:53:30.764  1151  2758 I SurfaceFlinger: [Splash Screen com.catfact.app.feature.factdetail.test$_2000#18644] setTransactionState with the first frame. bufferData(ID: 8589934655871, frameNumber: 1)
04-15 09:53:30.767  1542  1825 D AS.MultiSoundManager: mForegroundUid = 10748
04-15 09:53:30.768  2461  2461 I HoneySpace.EdgePanel.CocktailHostRepositoryImpl: onNoteResume
04-15 09:53:30.768  2461  2461 I HoneySpace.EdgePanel.EdgePanelContainerViewModel: cocktailHostRepository.edgePanelOperation NoteResumeComponent(componentName=ComponentInfo{com.catfact.app.feature.factdetail.test/androidx.activity.ComponentActivity})
04-15 09:53:30.768  2461  2461 I HoneySpace.EdgePanel.ActivityUtils: HomePackage : com.sec.android.app.launcher, resumePackageName : com.catfact.app.feature.factdetail.test, className : androidx.activity.ComponentActivity
04-15 09:53:30.769  2000  2196 D HWUI    : CFMS:: SetUp Pid : 2000    Tid : 2196
04-15 09:53:30.769  1542  1582 D PkgPredictorService-SecIpmManagerServiceImpl: onForegroundActivitiesChanged pid:19294 uid:10748
04-15 09:53:30.769  2000  2000 I {OngoingActivityController}: onTaskFocusChanged but OA data is empty
04-15 09:53:30.769  1542  1582 D NetworkPolicy: already checked 10748
04-15 09:53:30.769  2000  2120 D VRI[test]@be3720: reportDrawFinished seqId=0
04-15 09:53:30.770  1542  1582 D NetworkPolicy: already checked 10748
04-15 09:53:30.770  2461  2584 I HoneySpace.TopTaskSource: onTaskFocusChanged(): taskId = 3876
04-15 09:53:30.771 19294 19294 D LifecycleMonitor: Lifecycle status change: androidx.activity.ComponentActivity@536bd04 in: PRE_ON_CREATE
04-15 09:53:30.771 19294 19294 V ActivityScenario: Activity lifecycle changed event received but ignored because the reported transition was not ON_CREATE while the last known transition was PRE_ON_CREATE
04-15 09:53:30.772  3723 14342 I [AirCmd]_ActivitySwitchDetector: onTaskFocusChanged : taskId=3876, componentName=ComponentInfo{com.catfact.app.feature.factdetail.test/androidx.activity.ComponentActivity}
04-15 09:53:30.772  3723 14342 I [AirCmd]_ActivitySwitchDetector: onTaskFocusChanged :mTopMostActivity = ComponentInfo{com.google.android.calendar/com.google.android.calendar.allinone.AllInOneCalendarActivity}
04-15 09:53:30.772  3723 14342 I [AirCmd]_CallbackRepeater: stopRepeat : isWorking=false
04-15 09:53:30.772  3723 14342 I [AirCmd]_MediaControlStateMonitor: isForegroundAppSupportsMediaButton : mediaSession is empty
04-15 09:53:30.772  1542  2944 V PkgPredictorService-SecIpmManagerServiceImpl: discard foreground app:com.catfact.app.feature.factdetail.test 1|true
04-15 09:53:30.773  1542  1585 D SurfaceComposerClient: setCornerRadius ## e2a73bf Splash Screen com.catfact.app.feature.factdetail.test#18643 cornerRadius=0.000000
04-15 09:53:30.773  1542  1585 D SurfaceComposerClient: setCornerRadius ## e2a73bf Splash Screen com.catfact.app.feature.factdetail.test#18643 cornerRadius=0.000000
04-15 09:53:30.774  1151  1151 I SurfaceFlinger: [LayerHierarchy{RequestedLayerState{ImeContainer#15 parentId=16293 relativeParentId=16293 z=1} 1 children}] RelativeParent to null
04-15 09:53:30.774  1151  2758 I SurfaceFlinger: id=18645 createSurf, flag=84004, Transition Root: Task=3876#18645
04-15 09:53:30.776 18525 18790 I Rubin   : [146] M.c0.k(Unknown Source) : Notify com.samsung.android.rubin.inferenceengine.contextanalytics.engine.loggers.AppUsageLogger's database is updated.
04-15 09:53:30.776  1542  1585 I SurfaceControlRegistry: show, t=StartTransaction_SyncId<1664> sc=ActivityRecord{176091740 u0 com.catfact.app.feature.factdetail.test/androidx.activity.ComponentActivity t3876}, caller=android.view.SurfaceControl$Transaction.show:3557 com.android.server.wm.Transition.onTransactionReady:2048 com.android.server.wm.BLASTSyncEngine$SyncGroup.finishNow:240 com.android.server.wm.BLASTSyncEngine.onSurfacePlacement:263 com.android.server.wm.RootWindowContainer.performSurfacePlacementNoTrace:1083 com.android.server.wm.WindowSurfacePlacer.performSurfacePlacement:166
04-15 09:53:30.776  1542  1585 D SurfaceComposerClient: setCornerRadius ## Task=3801#16292 cornerRadius=0.000000
04-15 09:53:30.776  1542  1585 D SurfaceComposerClient: setCornerRadius ## Task=3876#18641 cornerRadius=0.000000
04-15 09:53:30.777  1542  1585 D ScreenCapture: [Capture_TEST] : setIsScreenShotBySystem false
04-15 09:53:30.777  1542  1585 I SurfaceComposerClient: captureLayers:childrenOnly:1, sync:1
04-15 09:53:30.778 19294 19294 I DecorView: setWindowBackground: isPopOver=false color=fffafafa d=android.graphics.drawable.ColorDrawable@c62c0e9
04-15 09:53:30.778  1151  1338 D SurfaceFlinger: [input] setFocusedWindow: <null>
04-15 09:53:30.778  1542  1677 D InputDispatcher: Focus left window (0): 2b40e64 com.google.android.calendar/com.google.android.calendar.allinone.AllInOneCalendarActivity
04-15 09:53:30.778 19294 19294 D LifecycleMonitor: Lifecycle status change: androidx.activity.ComponentActivity@536bd04 in: CREATED
04-15 09:53:30.779 19294 19294 V ActivityScenario: Update currentActivityStage to CREATED, currentActivity=androidx.activity.ComponentActivity@536bd04
04-15 09:53:30.779  3979  3979 I ImeFocusController: onPreWindowFocus: skipped hasWindowFocus=false mHasImeFocus=true
04-15 09:53:30.779  1542  2101 D InputDispatcher: Once focus requested (0): <null>
04-15 09:53:30.779  3979  3979 I ImeFocusController: onPostWindowFocus: skipped hasWindowFocus=false mHasImeFocus=true
04-15 09:53:30.780  2000  2105 I SurfaceControlRegistry: hide, t=FinishTransaction_SyncId<1664> sc=Task=3801, caller=android.view.SurfaceControl$Transaction.hide:3583 com.android.wm.shell.transition.Transitions.dispatchReady:1263 com.android.wm.shell.transition.Transitions.onTransitionReady:251 com.android.wm.shell.transition.Transitions$TransitionPlayerImpl$$ExternalSyntheticLambda0.run:13 android.os.Handler.handleCallback:995 android.os.Handler.dispatchMessage:103
04-15 09:53:30.780  2000  2105 I SurfaceControlRegistry: show, t=StartTransaction_SyncId<1664> sc=Task=3876, caller=android.view.SurfaceControl$Transaction.show:3557 com.android.wm.shell.transition.Transitions.dispatchReady:1279 com.android.wm.shell.transition.Transitions.onTransitionReady:251 com.android.wm.shell.transition.Transitions$TransitionPlayerImpl$$ExternalSyntheticLambda0.run:13 android.os.Handler.handleCallback:995 android.os.Handler.dispatchMessage:103
04-15 09:53:30.780  2000  2105 I SurfaceControlRegistry: show, t=FinishTransaction_SyncId<1664> sc=Task=3876, caller=android.view.SurfaceControl$Transaction.show:3557 com.android.wm.shell.transition.Transitions.dispatchReady:1330 com.android.wm.shell.transition.Transitions.onTransitionReady:251 com.android.wm.shell.transition.Transitions$TransitionPlayerImpl$$ExternalSyntheticLambda0.run:13 android.os.Handler.handleCallback:995 android.os.Handler.dispatchMessage:103
04-15 09:53:30.780  2000  2105 I SurfaceControlRegistry: show, t=StartTransaction_SyncId<1664> sc=Transition Root: Task=3876, caller=android.view.SurfaceControl$Transaction.show:3557 com.android.wm.shell.transition.Transitions.playTransition:79 com.android.wm.shell.transition.Transitions.processReadyQueue:239 com.android.wm.shell.transition.Transitions.dispatchReady:1352 com.android.wm.shell.transition.Transitions.onTransitionReady:251 com.android.wm.shell.transition.Transitions$TransitionPlayerImpl$$ExternalSyntheticLambda0.run:13
04-15 09:53:30.781  2000  2105 D SurfaceComposerClient: [Task=3801#16292] setEdgeExtension Right
04-15 09:53:30.782  1151  2758 I SurfaceFlinger: id=18646 createSurf, flag=20004, DimTransitionLayer for Surface(name=Task=3876)/@0xadd864d#18646
04-15 09:53:30.782 19294 19294 D LifecycleMonitor: Lifecycle status change: androidx.activity.ComponentActivity@536bd04 in: STARTED
04-15 09:53:30.782 19294 19294 V ActivityScenario: Update currentActivityStage to STARTED, currentActivity=androidx.activity.ComponentActivity@536bd04
04-15 09:53:30.782  2000  2105 I SurfaceControlRegistry: show, t=StartTransaction_SyncId<1664> sc=DimTransitionLayer for Surface(name=Task=3876)/@0xadd864d, caller=android.view.SurfaceControl$Transaction.show:3557 com.android.wm.shell.transition.DefaultTransitionHandler.startAnimation:2931 com.android.wm.shell.transition.Transitions.dispatchTransition:90 com.android.wm.shell.transition.Transitions.playTransition:774 com.android.wm.shell.transition.Transitions.processReadyQueue:239 com.android.wm.shell.transition.Transitions.dispatchReady:1352
04-15 09:53:30.782 19294 19294 D LifecycleMonitor: Lifecycle status change: androidx.activity.ComponentActivity@536bd04 in: RESUMED
04-15 09:53:30.783  2000  2105 I SurfaceControlRegistry: apply, t=StartTransaction_SyncId<1664>, caller=android.view.SurfaceControl$Transaction.apply:3459 android.view.SurfaceControl$Transaction.apply:3447 android.view.SurfaceControl$Transaction.apply:3397 com.android.wm.shell.transition.DefaultTransitionHandler.startAnimation:3387 com.android.wm.shell.transition.Transitions.dispatchTransition:90 com.android.wm.shell.transition.Transitions.playTransition:774
04-15 09:53:30.783 19294 19294 V ActivityScenario: Update currentActivityStage to RESUMED, currentActivity=androidx.activity.ComponentActivity@536bd04
04-15 09:53:30.783  1151  1200 I SurfaceFlinger: Capture layer list: 	 com.google.android.calendar/com.google.android.calendar.allinone.AllInOneCalendarActivity$_3979#18633(seamlessTransition:0)
04-15 09:53:30.783 19294 19294 D ViewRootImpl: desktopMode is false
04-15 09:53:30.783  1151  1200 I CompositionEngine: [setDisplaySize] size=(720, 1544)
04-15 09:53:30.783 19294 19294 I ViewRootImpl: dVRR is disabled
04-15 09:53:30.783 19294 19332 D NativeCustomFrequencyManager: [NativeCFMS] BpCustomFrequencyManager::BpCustomFrequencyManager()
04-15 09:53:30.784  1151  1206 D RenderEngine: [SEC_SF_EFFECTS] drawLayersInternal,1494, Rendering layer ScreenCaptureFillLayer at index 0
04-15 09:53:30.784  1151  1206 D RenderEngine: [SEC_SF_EFFECTS] drawLayersInternal,1494, Rendering layer com.google.android.calendar/com.google.android.calendar.allinone.AllInOneCalendarActivity$_3979#18633 at index 1
04-15 09:53:30.787  3723 14342 E [AirCmd]_MediaControlStateMonitor: getActiveNotificationPackageName : notification service monitor is null
04-15 09:53:30.787  3723 14342 I [AirCmd]_ButtonEventDetectionThread: enableDoubleClickDetection: enabled= true, doubleClickWaitInterval=300
04-15 09:53:30.789  1151  1199 I SurfaceFlinger: id=18647 createSurf, flag=84000, 3ac952e ActivityRecordInputSink com.catfact.app.feature.factdetail.test/androidx.activity.ComponentActivity#18647
04-15 09:53:30.791  1151  1151 I SurfaceFlinger: RequestedLayer [e2a73bf Splash Screen com.catfact.app.feature.factdetail.test#18643] hidden!! flag  from(1) --> to(0)
04-15 09:53:30.791  1151  1151 I SurfaceFlinger: RequestedLayer [Splash Screen com.catfact.app.feature.factdetail.test$_2000#18644] hidden!! flag  from(1) --> to(0)
04-15 09:53:30.791  1151  1151 I SurfaceFlinger: RequestedLayer [Task=3876#18641] hidden!! flag  from(1) --> to(0)
04-15 09:53:30.791  1151  1151 E SurfaceFlinger: alpha changed 1.000 -> 0.000 - Task=3876#18641
04-15 09:53:30.791  1151  1151 I SurfaceFlinger: RequestedLayer [Transition Root: Task=3876#18645] hidden!! flag  from(1) --> to(0)
04-15 09:53:30.791  1151  1151 I SurfaceFlinger: RequestedLayer [ActivityRecord{176091740 u0 com.catf[...]ivity.ComponentActivity t3876}#18642] hidden!! flag  from(1) --> to(0)
04-15 09:53:30.791  1151  1151 I SurfaceFlinger: RequestedLayer [DimTransitionLayer for Surface(name=Task=3876)/@0xadd864d#18646] hidden!! flag  from(1) --> to(0)
04-15 09:53:30.791  1151  1151 E SurfaceFlinger: alpha changed 1.000 -> 0.000 - DimTransitionLayer for Surface(name=Task=3876)/@0xadd864d#18646
04-15 09:53:30.791  1151  1151 E SurfaceFlinger: alpha changed 0.000 -> 1.000 - Task=3876#18641
04-15 09:53:30.791  1151  1151 E SurfaceFlinger: alpha changed 0.000 -> 0.000 - DimTransitionLayer for Surface(name=Task=3876)/@0xadd864d#18646
04-15 09:53:30.791  1151  1151 I SurfaceFlinger: [LayerHierarchy{RequestedLayerState{Task=3801#16292 parentId=18645 z=2} 1 children}] reparent to LayerHierarchy{RequestedLayerState{Transition Root: Task=3876#18645 parentId=10 z=13} 1 children}
04-15 09:53:30.791  1151  1151 I SurfaceFlinger: [LayerHierarchy{RequestedLayerState{Task=3876#18641 parentId=18645 z=5} 1 children}] reparent to LayerHierarchy{RequestedLayerState{Transition Root: Task=3876#18645 parentId=10 z=13} 2 children}
04-15 09:53:30.792  1151  1151 I SurfaceFlinger: [Transition Root: Task=3876#18645] attach to parent LayerHierarchy{RequestedLayerState{DefaultTaskDisplayArea_d0#10 parentId=9} 15 children}
04-15 09:53:30.792  1151  1151 I SurfaceFlinger: [DimTransitionLayer for Surface(name=Task=3876)/@0xadd864d#18646] attach to parent LayerHierarchy{RequestedLayerState{Transition Root: Task=3876#18645 parentId=10 z=13} 3 children}
04-15 09:53:30.792  1151  1151 I SurfaceFlinger: [3ac952e ActivityRecordInputSink com.catfact.app.feature.factdetail.test/androidx.activity.ComponentActivity#18647] attach to parent LayerHierarchy{RequestedLayerState{ActivityRecord{176091740 u0 com.catfact.app.feature.factdetail.test/androidx.activity.ComponentActivity t3876}#18642 parentId=18641} 2 children}
04-15 09:53:30.793  1542  2315 D InputTransport: Input channel constructed: 'd49fd4a', fd=1041
04-15 09:53:30.793  1542  2315 D InputTransport: Input channel constructed: 'd49fd4a', fd=1280
04-15 09:53:30.793  1542  2315 D InputTransport: Input channel constructed: 'd49fd4a', fd=1306
04-15 09:53:30.793  1542  2315 D InputTransport: Input channel destroyed: 'd49fd4a', fd=1280
04-15 09:53:30.793  1151  2479 I SurfaceFlinger: id=18648 createSurf, flag=84004, d49fd4a com.catfact.app.feature.factdetail.test/androidx.activity.ComponentActivity#18648
04-15 09:53:30.794  2461 30001 I HoneySpace.RecentTasks: onRunningTaskAppeared
04-15 09:53:30.794  2461 30001 I HoneySpace.RecentTasks: onRecentTasksChanged
04-15 09:53:30.795  1542  2315 D InputTransport: Input channel destroyed: 'd49fd4a', fd=1306
04-15 09:53:30.795 19294 19294 D InputTransport: Input channel constructed: 'd49fd4a', fd=126
04-15 09:53:30.796 19294 19294 I InsetsController: onStateChanged: host=com.catfact.app.feature.factdetail.test/androidx.activity.ComponentActivity, from=android.view.ViewRootImpl.onInsetsStateChanged:3026, state=InsetsState: {mDisplayFrame=Rect(0, 0 - 720, 1544), mDisplayCutout=DisplayCutout{insets=Rect(0, 50 - 0, 0) waterfall=Insets{left=0, top=0, right=0, bottom=0} boundingRect={Bounds=[Rect(0, 0 - 0, 0), Rect(341, 0 - 379, 50), Rect(0, 0 - 0, 0), Rect(0, 0 - 0, 0)]} cutoutPathParserInfo={CutoutPathParserInfo{displayWidth=720 displayHeight=1544 physicalDisplayWidth=720 physicalDisplayHeight=1544 density={1.875} cutoutSpec={M 0,0 H -10 V 26.66666666666667 H 10 V 0 H 0 Z @dp} rotation={0} scale={1.0} physicalPixelDisplaySizeRatio={1.0}}} sideOverrides={}}, mRoundedCorners=RoundedCorners{[RoundedCorner{position=TopLeft, radius=8, center=Point(8, 8)}, RoundedCorner{position=TopRight, radius=8, center=Point(712, 8)}, RoundedCorner{position=BottomRight, radius=8, center=Point(712, 1536)}, RoundedCorner{position=BottomLeft, radius=8, center=Point(8, 1536)}]}  mRoundedCornerFrame=Rect(0, 0 - 720, 1544), mPrivacyIndicatorBounds=PrivacyIndicatorBounds {static bounds=Rect(637, 0 - 720, 50) rotation=0}, mDisplayShape=DisplayShape{ spec=-311912193 displayWidth=720 displayHeight=1544 physicalPixelDisplaySizeRatio=0.5 rotation=0 offsetX=0 offsetY=0 scale=1.0}, mSources= { InsetsSource: {ec730001 mType=navigationBars mFrame=[0,1454][720,1544] mVisible=true mFlags= mSideHint=BOTTOM mBoundingRects=null}, InsetsSource: {ec730004 mType=systemGestures mFrame=[0,0][0,0] mVisible=true mFlags= mSideHint=NONE mBoundingRects=null}, InsetsSource: {ec730005 mType=mandatorySystemGestures mFrame=[0,1454][720,1544] mVisible=true mFlags= mSideHint=BOTTOM mBoundingRects=null}, InsetsSource: {ec730006 mType=tappableElement mFrame=[0,1454][720,1544] mVisible=true mFlags= mSideHint=BOTTOM mBoundingRects=null}, InsetsSource: {ec730024 mType=systemGestures mFrame=[0,0][0,0] mVisible=true mFlags= mSideHint=NONE mBoundingRects=null}, InsetsSource: {3 mType=ime mFrame=[0,0][0,0] mVisible=false mFlags= mSideHint=NONE mBoundingRects=null}, InsetsSource: {27 mType=displayCutout mFrame=[0,0][720,50] mVisible=true mFlags= mSideHint=TOP mBoundingRects=null}, InsetsSource: {43950000 mType=statusBars mFrame=[0,0][720,50] mVisible=true mFlags= mSideHint=TOP mBoundingRects=null}, InsetsSource: {43950005 mType=mandatorySystemGestures mFrame=[0,0][720,73] mVisible=true mFlags= mSideHint=TOP mBoundingRects=null}, InsetsSource: {43950006 mType=tappableElement mFrame=[0,0][720,50] mVisible=true mFlags= mSideHint=TOP mBoundingRects=null} }
04-15 09:53:30.796 19294 19294 I VRI[ComponentActivity]@f7ee2b: synced displayState. AttachInfo displayState=2
04-15 09:53:30.797 19294 19294 I VRI[ComponentActivity]@f7ee2b: setView = com.android.internal.policy.DecorView@4362046 IsHRR=false mFlingFrameRateChange=0 TM=true
04-15 09:53:30.797 19294 19332 D HWUI    : HWUI - treat SMPTE_170M as sRGB
04-15 09:53:30.798  2000  2000 D DisplayLifecycle: updateDisplay id = 0
04-15 09:53:30.799  2000  2125 D StackScroller: onDisplayChanged for predraw skip to 2
04-15 09:53:30.800  1151  1199 I SurfaceFlinger: id=18649 createSurf, flag=24000, Surface(name=3edafdc StatusBar)/@0x3b919ed - animation-leash of insets_animation#18649
04-15 09:53:30.802  1151  2758 I SurfaceFlinger: id=18650 createSurf, flag=24000, Surface(name=8c5cec7 NavigationBar0)/@0xa68870 - animation-leash of insets_animation#18650
04-15 09:53:30.803  2461 30001 I HoneySpace.Memory-Monitor: current state = 2, didTrim = false
04-15 09:53:30.804  1151  1151 I SurfaceFlinger: [d49fd4a com.catfact.app.feature.factdetail.test/androidx.activity.ComponentActivity#18648] attach to parent LayerHierarchy{RequestedLayerState{ActivityRecord{176091740 u0 com.catfact.app.feature.factdetail.test/androidx.activity.ComponentActivity t3876}#18642 parentId=18641} 3 children}
04-15 09:53:30.804  1151  1151 I SurfaceFlinger: [Surface(name=3edafdc StatusBar)/@0x3b919ed - animation-leash of insets_animation#18649] attach to parent LayerHierarchy{RequestedLayerState{WindowToken{7a8fc4f type=2000 android.os.BinderProxy@a9d7329}#94 parentId=17} 2 children}
04-15 09:53:30.804  1151  1151 I SurfaceFlinger: [Surface(name=8c5cec7 NavigationBar0)/@0xa68870 - animation-leash of insets_animation#18650] attach to parent LayerHierarchy{RequestedLayerState{WindowToken{fc018e2 type=2019 android.os.BinderProxy@bda3ac4}#90 parentId=34} 2 children}
04-15 09:53:30.806  1542  1585 D SurfaceComposerClient: setCornerRadius ## e2a73bf Splash Screen com.catfact.app.feature.factdetail.test#18643 cornerRadius=0.000000
04-15 09:53:30.806  1542  1585 D SurfaceComposerClient: setCornerRadius ## d49fd4a com.catfact.app.feature.factdetail.test/androidx.activity.ComponentActivity#18648 cornerRadius=0.000000
04-15 09:53:30.806  2000  2000 D SamsungLightBarControlHelper: updateStatusBar (BLACK icon) numStacks:1, StatusBarMode:MODE_TRANSPARENT, lightBarBounds:[Rect(0, 0 - 720, 1544)], StatusBarState:SHADE, packageName:, isWhiteKeyguardStatusBar:false
04-15 09:53:30.806  2000  2000 D SamsungLightBarControlHelper: onStatusBarAppearanceChanged() -  sbModeChanged:false, statusBarMode:0, barState:MODE_TRANSPARENT, isKeyguardShowing:false, navbarColorManagedByIme:false, (AppearanceRegion{LIGHT_STATUS_BARS bounds=[0,0][720,1544]}, )
04-15 09:53:30.806  2000  2000 D NavigationBar: onSystemBarAttributesChanged() -  displayId:0, appearance:24, packageName: com.catfact.app.feature.factdetail.test (APPEARANCE_LIGHT_STATUS_BARS APPEARANCE_LIGHT_NAVIGATION_BARS ), navbarColorManagedByIme:false
04-15 09:53:30.807  2000  2000 D SamsungLightBarControlHelper: updateNavigationBar (BLACK button) isLightOpaque:false, hasLightNavigationBarFlag:true, packageName:com.catfact.app.feature.factdetail.test, DirectReplying:false, NavBarColorMangedByIme:false, ForceDarkForScrim:false, ForceLightForScrim:false, QsCustomizing:false, QsExpanded:false
04-15 09:53:30.809  1542  4043 I WindowManager: Relayout Window{d49fd4a u0 com.catfact.app.feature.factdetail.test/androidx.activity.ComponentActivity}: viewVisibility=0 req=720x1544 ty=1 d0
04-15 09:53:30.809  1151  1200 I SurfaceFlinger: id=18651 createSurf, flag=44004, com.catfact.app.feature.factdetail.test/androidx.activity.ComponentActivity$_19294#18651
04-15 09:53:30.811  1151  1151 E SurfaceFlinger: alpha changed 0.000 -> 0.010 - DimTransitionLayer for Surface(name=Task=3876)/@0xadd864d#18646
04-15 09:53:30.811  1151  1151 I SurfaceFlinger: RequestedLayer [d49fd4a com.catfact.app.feature.fact[...]idx.activity.ComponentActivity#18648] hidden!! flag  from(1) --> to(0)
04-15 09:53:30.811  1151  1151 I SurfaceFlinger: [LayerHierarchy{RequestedLayerState{8c5cec7 NavigationBar0#91 parentId=18650} 1 children}] reparent to LayerHierarchy{RequestedLayerState{Surface(name=8c5cec7 NavigationBar0)/@0xa68870 - animation-leash of insets_animation#18650 parentId=90} 1 children}
04-15 09:53:30.811  1151  1151 I SurfaceFlinger: [LayerHierarchy{RequestedLayerState{3edafdc StatusBar#95 parentId=18649} 1 children}] reparent to LayerHierarchy{RequestedLayerState{Surface(name=3edafdc StatusBar)/@0x3b919ed - animation-leash of insets_animation#18649 parentId=94} 1 children}
04-15 09:53:30.811  1151  1151 I SurfaceFlinger: [LayerHierarchy{RequestedLayerState{Surface(name=8c5cec7 NavigationBar0)/@0xa68870 - animation-leash of insets_animation#18637} no children}] reparent to OffscreenRoot
04-15 09:53:30.811  1151  1151 I SurfaceFlinger: [LayerHierarchy{RequestedLayerState{Surface(name=8c5cec7 NavigationBar0)/@0xa68870 - animation-leash of insets_animation#18637} no children}] RelativeParent to null
04-15 09:53:30.811  1151  1151 I SurfaceFlinger: [LayerHierarchy{RequestedLayerState{Surface(name=3edafdc StatusBar)/@0x3b919ed - animation-leash of insets_animation#18636} no children}] reparent to OffscreenRoot
04-15 09:53:30.811  1151  1151 I SurfaceFlinger: [LayerHierarchy{RequestedLayerState{Surface(name=3edafdc StatusBar)/@0x3b919ed - animation-leash of insets_animation#18636} no children}] RelativeParent to null
04-15 09:53:30.811  1151  1151 I SurfaceFlinger: [com.catfact.app.feature.factdetail.test/androidx.activity.ComponentActivity$_19294#18651] attach to parent LayerHierarchy{RequestedLayerState{d49fd4a com.catfact.app.feature.factdetail.test/androidx.activity.ComponentActivity#18648 parentId=18642} 1 children}
04-15 09:53:30.811  1542  4043 D SurfaceComposerClient: setCornerRadius ## e2a73bf Splash Screen com.catfact.app.feature.factdetail.test#18643 cornerRadius=0.000000
04-15 09:53:30.811  1542  4043 D SurfaceComposerClient: setCornerRadius ## d49fd4a com.catfact.app.feature.factdetail.test/androidx.activity.ComponentActivity#18648 cornerRadius=0.000000
04-15 09:53:30.811  1542  4043 D SurfaceComposerClient: setCornerRadius ## e2a73bf Splash Screen com.catfact.app.feature.factdetail.test#18643 cornerRadius=0.000000
04-15 09:53:30.811  1542  4043 D SurfaceComposerClient: setCornerRadius ## d49fd4a com.catfact.app.feature.factdetail.test/androidx.activity.ComponentActivity#18648 cornerRadius=0.000000
04-15 09:53:30.813  1151  1200 I SurfaceFlinger: id=18652 createSurf, flag=24000, Surface(name=3edafdc StatusBar)/@0x3b919ed - animation-leash of insets_animation#18652
04-15 09:53:30.815  1151  1200 I SurfaceFlinger: id=18653 createSurf, flag=24000, Surface(name=8c5cec7 NavigationBar0)/@0xa68870 - animation-leash of insets_animation#18653
04-15 09:53:30.816  1542  4043 I SystemKeyManager: requested systemKeyInfo size=1 focusedWindow=com.catfact.app.feature.factdetail.test/androidx.activity.ComponentActivity
04-15 09:53:30.816  1542  4043 I SystemKeyManager: requested systemKeyInfo size=1 focusedWindow=com.catfact.app.feature.factdetail.test/androidx.activity.ComponentActivity
04-15 09:53:30.817  1542  4043 I WindowManager: Relayout hash=d49fd4a, pid=19294, syncId=-1: mAttrs={(0,0)(fillxfill) sim={adjust=pan forwardNavigation} layoutInDisplayCutoutMode=always ty=BASE_APPLICATION wanim=0x1030317
04-15 09:53:30.817  1542  4043 I WindowManager:   fl=81810100
04-15 09:53:30.817  1542  4043 I WindowManager:   pfl=100088c0
04-15 09:53:30.817  1542  4043 I WindowManager:   apr=210
04-15 09:53:30.817  1542  4043 I WindowManager:   bhv=1
04-15 09:53:30.817  1542  4043 I WindowManager:   fitSides=0
04-15 09:53:30.817  1542  4043 I WindowManager:   frameRateBoostOnTouch=true
04-15 09:53:30.817  1542  4043 I WindowManager:   dvrrWindowFrameRateHint=true naviIconColor=0}
04-15 09:53:30.819 19294 19294 I BLASTBufferQueue_Java: new BLASTBufferQueue, mName= VRI[ComponentActivity]@f7ee2b mNativeObject= 0xb40000741c654690 caller= android.view.ViewRootImpl.updateBlastSurfaceIfNeeded:3585 android.view.ViewRootImpl.relayoutWindow:11685 android.view.ViewRootImpl.performTraversals:4804 android.view.ViewRootImpl.doTraversal:3924 android.view.ViewRootImpl$TraversalRunnable.run:12903 android.view.Choreographer$CallbackRecord.run:1901 android.view.Choreographer$CallbackRecord.run:1910 android.view.Choreographer.doCallbacks:1367 android.view.Choreographer.doFrame:1292 android.view.Choreographer$FrameDisplayEventReceiver.run:1870
04-15 09:53:30.819 19294 19294 I BLASTBufferQueue_Java: update, w= 720 h= 1544 mName = VRI[ComponentActivity]@f7ee2b mNativeObject= 0xb40000741c654690 sc.mNativeObject= 0xb40000751c4f2990 format= -1 caller= android.view.ViewRootImpl.updateBlastSurfaceIfNeeded:3590 android.view.ViewRootImpl.relayoutWindow:11685 android.view.ViewRootImpl.performTraversals:4804 android.view.ViewRootImpl.doTraversal:3924 android.view.ViewRootImpl$TraversalRunnable.run:12903 android.view.Choreographer$CallbackRecord.run:1901
04-15 09:53:30.820  1151  1151 D SurfaceFlinger: Display 4633128672291735999 HWC layers:
04-15 09:53:30.820  1151  1151 D SurfaceFlinger:        CLIENT |           17089674871033 | 00002102 | RGBA_8888    |   10.0    0.0  720.0 1544.0 |    0    0  720 1544 | com.google.android.calendar/com.goog[...]AllInOneCalendarActivity$_3979#18633 (27)
04-15 09:53:30.820  1151  1151 D SurfaceFlinger:   SOLID_COLOR |                        0 | 00000000 | N/A          |    0.0    0.0    0.0    0.0 |    0    0  720 1544 | DimTransitionLayer for Surface(name=Task=3876)/@0xadd864d#18646 (0)
04-15 09:53:30.820  1151  1151 D SurfaceFlinger:        DEVICE |            8589934655871 | 00002100 | RGBA_8888    |    0.0    0.0   33.0 1544.0 |  687    0  720 1544 | Splash Screen com.catfact.app.feature.factdetail.test$_2000#18644 (1)
04-15 09:53:30.820  1151  1151 D SurfaceFlinger:        DEVICE |            8589934654687 | 00002100 | RGBA_8888    |    0.0    0.0  720.0   50.0 |    0    0  720   50 | StatusBar$_2000#102 (26274)
04-15 09:53:30.820  1151  1151 D SurfaceFlinger:        DEVICE |           10569914518889 | 00002100 | RGBA_8888    |    0.0    0.0   67.0  353.0 |  653  192  720  545 | com.sec.android.app.launcher/com.sam[...]l.app.CocktailBarService$_2461#16495 (1)
04-15 09:53:30.820  1151  1151 D SurfaceFlinger:        DEVICE |            8589934654691 | 0000
04-15 09:53:30.820 19294 19294 I VRI[ComponentActivity]@f7ee2b: Relayout returned: old=(0,0,720,1544) new=(0,0,720,1544) relayoutAsync=false req=(720,1544)0 dur=12 res=0x3 s={true 0xb40000748c557a00} ch=true seqId=0
04-15 09:53:30.820  1151  1151 D SurfaceFlinger: 2100 | RGBA_8888    |    0.0    0.0  720.0   90.0 |    0 1454  720 1544 | NavigationBar0$_2000#98 (17073)
04-15 09:53:30.820  1151  1151 D SurfaceFlinger:
04-15 09:53:30.820 19294 19294 I VRI[ComponentActivity]@f7ee2b: performConfigurationChange setNightDimText nightDimLevel=0
04-15 09:53:30.820  1151  1151 I SurfaceFlinger: [Surface(name=3edafdc StatusBar)/@0x3b919ed - animation-leash of insets_animation#18652] attach to parent LayerHierarchy{RequestedLayerState{WindowToken{7a8fc4f type=2000 android.os.BinderProxy@a9d7329}#94 parentId=17} 2 children}
04-15 09:53:30.820 19294 19294 D VRI[ComponentActivity]@f7ee2b: mThreadedRenderer.initialize() mSurface={isValid=true 0xb40000748c557a00} hwInitialized=true
04-15 09:53:30.820  1151  1151 I SurfaceFlinger: [Surface(name=8c5cec7 NavigationBar0)/@0xa68870 - animation-leash of insets_animation#18653] attach to parent LayerHierarchy{RequestedLayerState{WindowToken{fc018e2 type=2019 android.os.BinderProxy@bda3ac4}#90 parentId=34} 2 children}
04-15 09:53:30.821 19294 19294 D VRI[ComponentActivity]@f7ee2b: reportNextDraw android.view.ViewRootImpl.performTraversals:5443 android.view.ViewRootImpl.doTraversal:3924 android.view.ViewRootImpl$TraversalRunnable.run:12903 android.view.Choreographer$CallbackRecord.run:1901 android.view.Choreographer$CallbackRecord.run:1910
04-15 09:53:30.821 19294 19294 D VRI[ComponentActivity]@f7ee2b: Setup new sync=wmsSync-VRI[ComponentActivity]@f7ee2b#16
04-15 09:53:30.821 19294 19294 I VRI[ComponentActivity]@f7ee2b: Creating new active sync group VRI[ComponentActivity]@f7ee2b#17
04-15 09:53:30.821 19294 19294 D VRI[ComponentActivity]@f7ee2b: registerCallbacksForSync syncBuffer=false
04-15 09:53:30.822  1151  2479 I SurfaceFlinger: id=18636 Removed Surface(name=3edafdc StatusBar)/@0x3b919ed - animation-leash of insets_animation#18636 (197)
04-15 09:53:30.822  1151  1199 I SurfaceFlinger: id=18637 Removed Surface(name=8c5cec7 NavigationBar0)/@0xa68870 - animation-leash of insets_animation#18637 (197)
04-15 09:53:30.822 19294 19346 D VRI[ComponentActivity]@f7ee2b: Received frameDrawingCallback syncResult=0 frameNum=1.
04-15 09:53:30.823 19294 19346 I VRI[ComponentActivity]@f7ee2b: mWNT: t=0xb4000074fc52b490 mBlastBufferQueue=0xb40000741c654690 fn= 1 HdrRenderState mRenderHdrSdrRatio=1.0 caller= android.view.ViewRootImpl$12.onFrameDraw:15441 android.view.ThreadedRenderer$1.onFrameDraw:718 <bottom of call stack>
04-15 09:53:30.823 19294 19346 I VRI[ComponentActivity]@f7ee2b: Setting up sync and frameCommitCallback
04-15 09:53:30.823 19294 19332 I BLASTBufferQueue: [VRI[ComponentActivity]@f7ee2b#8](f:0,a:0,s:0) onFrameAvailable the first frame is available
04-15 09:53:30.824 19294 19332 I VRI[ComponentActivity]@f7ee2b: Received frameCommittedCallback lastAttemptedDrawFrameNum=1 didProduceBuffer=true
04-15 09:53:30.824  1151  2758 I SurfaceFlinger: [com.catfact.app.feature.factdetail.test/androidx.activity.ComponentActivity$_19294#18651] setTransactionState with the first frame. bufferData(ID: 82867099009056, frameNumber: 1)
04-15 09:53:30.825 19294 19332 D HWUI    : CFMS:: SetUp Pid : 19294    Tid : 19332
04-15 09:53:30.826 19294 19294 D VRI[ComponentActivity]@f7ee2b: reportDrawFinished seqId=0
04-15 09:53:30.826  1542  1585 D SurfaceComposerClient: setCornerRadius ## e2a73bf Splash Screen com.catfact.app.feature.factdetail.test#18643 cornerRadius=0.000000
04-15 09:53:30.826  1542  1585 D SurfaceComposerClient: setCornerRadius ## d49fd4a com.catfact.app.feature.factdetail.test/androidx.activity.ComponentActivity#18648 cornerRadius=0.000000
04-15 09:53:30.827  1542  1585 D SurfaceComposerClient: setCornerRadius ## e2a73bf Splash Screen com.catfact.app.feature.factdetail.test#18643 cornerRadius=0.000000
04-15 09:53:30.827  1151  1199 I SurfaceFlinger: id=18654 createSurf, flag=24000, Surface(name=d49fd4a com.catfact.app.feature.factdetail.test/androidx.activity.ComponentActivity)/@0xfebb969 - animation-leash of starting_reveal#18654
04-15 09:53:30.827  1151  1151 I SurfaceFlinger: destroyed Surface(name=8c5cec7 NavigationBar0)/@0xa68870 - animation-leash of insets_animation#18637
04-15 09:53:30.827  1151  1151 I SurfaceFlinger: destroyed Surface(name=3edafdc StatusBar)/@0x3b919ed - animation-leash of insets_animation#18636
04-15 09:53:30.827  1151  1151 I SurfaceFlinger: [LayerHierarchy{RequestedLayerState{8c5cec7 NavigationBar0#91 parentId=18653} 1 children}] reparent to LayerHierarchy{RequestedLayerState{Surface(name=8c5cec7 NavigationBar0)/@0xa68870 - animation-leash of insets_animation#18653 parentId=90} 1 children}
04-15 09:53:30.827  2000  2000 D NavigationBar: onSystemBarAttributesChanged() -  displayId:0, appearance:528, packageName: com.catfact.app.feature.factdetail.test (APPEARANCE_LIGHT_NAVIGATION_BARS ), navbarColorManagedByIme:false
04-15 09:53:30.827  1151  1151 I SurfaceFlinger: [LayerHierarchy{RequestedLayerState{3edafdc StatusBar#95 parentId=18652} 1 children}] reparent to LayerHierarchy{RequestedLayerState{Surface(name=3edafdc StatusBar)/@0x3b919ed - animation-leash of insets_animation#18652 parentId=94} 1 children}
04-15 09:53:30.827  1151  1151 I SurfaceFlinger: [LayerHierarchy{RequestedLayerState{Surface(name=3edafdc StatusBar)/@0x3b919ed - animation-leash of insets_animation#18649} no children}] reparent to OffscreenRoot
04-15 09:53:30.827  1151  1151 I SurfaceFlinger: [LayerHierarchy{RequestedLayerState{Surface(name=3edafdc StatusBar)/@0x3b919ed - animation-leash of insets_animation#18649} no children}] RelativeParent to null
04-15 09:53:30.828  1151  1151 I SurfaceFlinger: [LayerHierarchy{RequestedLayerState{Surface(name=8c5cec7 NavigationBar0)/@0xa68870 - animation-leash of insets_animation#18650} no children}] reparent to OffscreenRoot
04-15 09:53:30.828  1151  1151 I SurfaceFlinger: [LayerHierarchy{RequestedLayerState{Surface(name=8c5cec7 NavigationBar0)/@0xa68870 - animation-leash of insets_animation#18650} no children}] RelativeParent to null
04-15 09:53:30.828  2000  2120 I InsetsController: onStateChanged: host=Splash Screen com.catfact.app.feature.factdetail.test, from=android.view.ViewRootImpl.onInsetsStateChanged:3026, state=InsetsState: {mDisplayFrame=Rect(0, 0 - 720, 1544), mDisplayCutout=DisplayCutout{insets=Rect(0, 50 - 0, 0) waterfall=Insets{left=0, top=0, right=0, bottom=0} boundingRect={Bounds=[Rect(0, 0 - 0, 0), Rect(341, 0 - 379, 50), Rect(0, 0 - 0, 0), Rect(0, 0 - 0, 0)]} cutoutPathParserInfo={CutoutPathParserInfo{displayWidth=720 displayHeight=1544 physicalDisplayWidth=720 physicalDisplayHeight=1544 density={1.875} cutoutSpec={M 0,0 H -10 V 26.66666666666667 H 10 V 0 H 0 Z @dp} rotation={0} scale={1.0} physicalPixelDisplaySizeRatio={1.0}}} sideOverrides={}}, mRoundedCorners=RoundedCorners{[RoundedCorner{position=TopLeft, radius=8, center=Point(8, 8)}, RoundedCorner{position=TopRight, radius=8, center=Point(712, 8)}, RoundedCorner{position=BottomRight, radius=8, center=Point(712, 1536)}, RoundedCorner{position=BottomLeft, radius=8, center=Point(8, 1536)}]}  mRoundedCornerFrame=Rect(0, 0 - 720, 1544), mPrivacyIndicatorBounds=PrivacyIndicatorBounds {static bounds=Rect(637, 0 - 720, 50) rotation=0}, mDisplayShape=DisplayShape{ spec=-311912193 displayWidth=720 displayHeight=1544 physicalPixelDisplaySizeRatio=0.5 rotation=0 offsetX=0 offsetY=0 scale=1.0}, mSources= { InsetsSource: {ec730001 mType=navigationBars mFrame=[0,1454][720,1544] mVisible=true mFlags= mSideHint=BOTTOM mBoundingRects=null}, InsetsSource: {ec730004 mType=systemGestures mFrame=[0,0][0,0] mVisible=true mFlags= mSideHint=NONE mBoundingRects=null}, InsetsSource: {ec730005 mType=mandatorySystemGestures mFrame=[0,1454][720,1544] mVisible=true mFlags= mSideHint=BOTTOM mBoundingRects=null}, InsetsSource: {ec730006 mType=tappableElement mFrame=[0,1454][720,1544] mVisible=true mFlags= mSideHint=BOTTOM mBoundingRects=null}, InsetsSource: {ec730024 mType=systemGestures mFrame=[0,0][0,0] mVisible=true mFlags= mSideHint=NONE mBoundingRects=null}, InsetsSource: {3 mType=ime mFrame=[0,0][0,0] mVisible=false mFlags= mSideHint=NONE mBoundingRects=null}, InsetsSource: {27 mType=displayCutout mFrame=[0,0][720,50] mVisible=true mFlags= mSideHint=TOP mBoundingRects=null}, InsetsSource: {43950000 mType=statusBars mFrame=[0,0][720,50] mVisible=true mFlags= mSideHint=TOP mBoundingRects=null}, InsetsSource: {43950005 mType=mandatorySystemGestures mFrame=[0,0][720,73] mVisible=true mFlags= mSideHint=TOP mBoundingRects=null}, InsetsSource: {43950006 mType=tappableElement mFrame=[0,0][720,50] mVisible=true mFlags= mSideHint=TOP mBoundingRects=null} }
