04-15 09:53:26.902 19294 19315 I TestRunner: started: bookmarkToggleDispatchesEvent(com.catfact.app.feature.factdetail.presentation.DetailScreenTest)
04-15 09:53:26.902  1151  1151 I Layer   : id=18532 Destroyed Task=3872#18532
04-15 09:53:26.902  1151  1151 I Layer   : id=18513 Destroyed 20d54a4 com.catfact.app.feature.factdetail.test/androidx.test.core.app.InstrumentationActivityInvoker$EmptyActivity#18513
04-15 09:53:26.906  1059 19329 I HYPER-HAL: [RequestManager.cpp]releaseLocked(): Released ID : 7922207
04-15 09:53:26.918 19294 19315 D IdlingRegistry: Registering idling resources: [androidx.compose.ui.test.EspressoLink@704e680]
04-15 09:53:26.948  1542  1784 D WifiStaIfaceHidlImpl: getCachedScanData is not implemented by HIDL
04-15 09:53:26.960 19294 19315 W Settings: Setting always_finish_activities has moved from android.provider.Settings.System to android.provider.Settings.Global, returning read-only value.
04-15 09:53:26.967  1542  2484 I SemDvfsHyPerManager: acquire hyper - AMS_APP_SWITCH/1542@28, type = -999
04-15 09:53:26.967  1151  1200 I SurfaceFlinger: id=18533 createSurf, flag=24004, Task=3873#18533
04-15 09:53:26.968  1059  1180 I HYPER-HAL: [RequestManager.cpp]acquire(): Acquired ID : 1233263  [1542 / 28]    HINT : AMS_APP_SWITCH    list :
04-15 09:53:26.969  1059  1180 I HYPER-HAL: [ResourceManager.cpp]updateResource(): [CPULittleMinFreq] UpdateResource Request ID : 1233263    Value : 1824000
04-15 09:53:26.971  1151  1200 I SurfaceFlinger: id=18534 createSurf, flag=84004, ActivityRecord{192128459 u0 com.catfact.app.feature.factdetail.test/androidx.activity.ComponentActivity t3873}#18534
04-15 09:53:26.971  3963  3963 I SemDvfsHyPerManager: acquire hyper - APP_START_SHORT/3963@17, type = -999
04-15 09:53:26.972  1059  1180 I HYPER-HAL: [RequestManager.cpp]acquire(): Acquired ID : 7922207  [3963 / 17]    HINT : APP_START    list : [TIMEOUT / 1500]
04-15 09:53:26.976  2000  2120 D ViewRootImpl: desktopMode is false
04-15 09:53:26.976  2000  2120 I ViewRootImpl: dVRR is disabled
04-15 09:53:26.976  1542  1558 I SemDvfsHyPerManager: acquire hyper - AMS_APP_LAUNCH/1542@21, type = -999
04-15 09:53:26.976  3152  3152 E pageboostd: Received HALT command code 2
04-15 09:53:26.976  2000  2196 D NativeCustomFrequencyManager: [NativeCFMS] BpCustomFrequencyManager::BpCustomFrequencyManager()
04-15 09:53:26.977  1059  1180 I HYPER-HAL: [RequestManager.cpp]acquire(): Acquired ID : 1222287  [1542 / 21]    HINT : AMS_APP_LAUNCH    list :
04-15 09:53:26.977  1059  1180 I HYPER-HAL: [ResourceManager.cpp]updateResource(): [CPULittleMinFreq] UpdateResource Request ID : 1222287    Value : 1824000
04-15 09:53:26.977  2000  2105 D ShellDesktopMode: handleRequest: TransitionRequestInfo {type=1, tid=3873, debugId=1655}
04-15 09:53:26.980  1542  1558 D InputTransport: Input channel constructed: '6094333', fd=1312
04-15 09:53:26.980  1542  1558 D InputTransport: Input channel constructed: '6094333', fd=1314
04-15 09:53:26.980  1542  1558 D InputTransport: Input channel constructed: '6094333', fd=1318
04-15 09:53:26.980  1542  1558 D InputTransport: Input channel destroyed: '6094333', fd=1314
04-15 09:53:26.981  3963  3963 I SemDvfsHyPerManager: acquire hyper - APP_START/3963@19, type = -999
04-15 09:53:26.981  1151  1378 I SurfaceFlinger: id=18535 createSurf, flag=84004, 6094333 Splash Screen com.catfact.app.feature.factdetail.test#18535
04-15 09:53:26.981  1059  1180 I HYPER-HAL: [RequestManager.cpp]acquire(): Acquired ID : 7930172  [3963 / 19]    HINT : APP_START    list :
04-15 09:53:26.982  2461  2584 I HoneySpace.TopTaskSource: onTaskMovedToFront : taskId = 3873, displayId = 0
04-15 09:53:26.983  1151  1151 I SurfaceFlinger: [Task=3873#18533] attach to parent LayerHierarchy{RequestedLayerState{DefaultTaskDisplayArea_d0#10 parentId=9} 16 children}
04-15 09:53:26.983  1151  1151 I SurfaceFlinger: [ActivityRecord{192128459 u0 com.catfact.app.feature.factdetail.test/androidx.activity.ComponentActivity t3873}#18534] attach to parent LayerHierarchy{RequestedLayerState{Task=3873#18533 parentId=10} 1 children}
04-15 09:53:26.983  1151  1151 I SurfaceFlinger: [6094333 Splash Screen com.catfact.app.feature.factdetail.test#18535] attach to parent LayerHierarchy{RequestedLayerState{ActivityRecord{192128459 u0 com.catfact.app.feature.factdetail.test/androidx.activity.ComponentActivity t3873}#18534 parentId=18533} 1 children}
04-15 09:53:26.983  1542  1558 D InputTransport: Input channel destroyed: '6094333', fd=1318
04-15 09:53:26.984  2000  2120 D InputTransport: Input channel constructed: '6094333', fd=513
04-15 09:53:26.987  2000  2120 I InsetsController: onStateChanged: host=Splash Screen com.catfact.app.feature.factdetail.test, from=android.view.ViewRootImpl.onInsetsStateChanged:3026, state=InsetsState: {mDisplayFrame=Rect(0, 0 - 720, 1544), mDisplayCutout=DisplayCutout{insets=Rect(0, 50 - 0, 0) waterfall=Insets{left=0, top=0, right=0, bottom=0} boundingRect={Bounds=[Rect(0, 0 - 0, 0), Rect(341, 0 - 379, 50), Rect(0, 0 - 0, 0), Rect(0, 0 - 0, 0)]} cutoutPathParserInfo={CutoutPathParserInfo{displayWidth=720 displayHeight=1544 physicalDisplayWidth=720 physicalDisplayHeight=1544 density={1.875} cutoutSpec={M 0,0 H -10 V 26.66666666666667 H 10 V 0 H 0 Z @dp} rotation={0} scale={1.0} physicalPixelDisplaySizeRatio={1.0}}} sideOverrides={}}, mRoundedCorners=RoundedCorners{[RoundedCorner{position=TopLeft, radius=8, center=Point(8, 8)}, RoundedCorner{position=TopRight, radius=8, center=Point(712, 8)}, RoundedCorner{position=BottomRight, radius=8, center=Point(712, 1536)}, RoundedCorner{position=BottomLeft, radius=8, center=Point(8, 1536)}]}  mRoundedCornerFrame=Rect(0, 0 - 720, 1544), mPrivacyIndicatorBounds=PrivacyIndicatorBounds {static bounds=Rect(637, 0 - 720, 50) rotation=0}, mDisplayShape=DisplayShape{ spec=-311912193 displayWidth=720 displayHeight=1544 physicalPixelDisplaySizeRatio=0.5 rotation=0 offsetX=0 offsetY=0 scale=1.0}, mSources= { InsetsSource: {ec730001 mType=navigationBars mFrame=[0,1454][720,1544] mVisible=true mFlags= mSideHint=BOTTOM mBoundingRects=null}, InsetsSource: {ec730004 mType=systemGestures mFrame=[0,0][0,0] mVisible=true mFlags= mSideHint=NONE mBoundingRects=null}, InsetsSource: {ec730005 mType=mandatorySystemGestures mFrame=[0,1454][720,1544] mVisible=true mFlags= mSideHint=BOTTOM mBoundingRects=null}, InsetsSource: {ec730006 mType=tappableElement mFrame=[0,1454][720,1544] mVisible=true mFlags= mSideHint=BOTTOM mBoundingRects=null}, InsetsSource: {ec730024 mType=systemGestures mFrame=[0,0][0,0] mVisible=true mFlags= mSideHint=NONE mBoundingRects=null}, InsetsSource: {27 mType=displayCutout mFrame=[0,0][720,50] mVisible=true mFlags= mSideHint=TOP mBoundingRects=null}, InsetsSource: {43950000 mType=statusBars mFrame=[0,0][720,50] mVisible=true mFlags= mSideHint=TOP mBoundingRects=null}, InsetsSource: {43950005 mType=mandatorySystemGestures mFrame=[0,0][720,73] mVisible=true mFlags= mSideHint=TOP mBoundingRects=null}, InsetsSource: {43950006 mType=tappableElement mFrame=[0,0][720,50] mVisible=true mFlags= mSideHint=TOP mBoundingRects=null} }
04-15 09:53:26.988  2461 30001 I HoneySpace.RecentTasks: onRecentTasksChanged
04-15 09:53:26.988  2000  2120 I VRI[test]@d4648f8: onActiveControlsChanged, removed=false, mAdded=true, caller=android.view.ViewRootImpl.handleInsetsControlChanged:3002 android.view.ViewRootImpl.setView:2014 android.view.WindowManagerGlobal.addView:604 com.android.wm.shell.startingsurface.SplashscreenWindowCreator.addWindow:38 com.android.wm.shell.startingsurface.StartingWindowController$$ExternalSyntheticLambda4.run:1365
04-15 09:53:26.988  2461  4179 I HoneySpace.RecentTasks: onRecentTasksChanged
04-15 09:53:26.989  2000  2120 I VRI[test]@d4648f8: synced displayState. AttachInfo displayState=2
04-15 09:53:26.989  2000  2120 I VRI[test]@d4648f8: setView = android.widget.FrameLayout@b685dc2 IsHRR=false mFlingFrameRateChange=0 TM=true
04-15 09:53:26.989  2461  2586 I HoneySpace.TopTaskUseCase: topTasks 3873 ComponentInfo{com.catfact.app.feature.factdetail.test/androidx.activity.ComponentActivity}[displayId=0]
04-15 09:53:26.989  2000  2196 D HWUI    : HWUI - treat SMPTE_170M as sRGB
04-15 09:53:26.990  1218  6568 I CameraService: onUidStateChanged: uid=10048, procState is changed. (0 -> 1)
04-15 09:53:26.990  1151  1151 I SurfaceFlinger: [Display 0 name="Built-in Screen"#49] setFrameRateCategory: High
04-15 09:53:26.991  1542  1821 D InputDispatcher: Focused application(0): ActivityRecord{192128459 u0 com.catfact.app.feature.factdetail.test/androidx.activity.ComponentActivity t3873}
04-15 09:53:26.992  1151  1151 I BpBinder: onLastStrongRef automatically unlinking death recipients:
04-15 09:53:26.993  1542  1821 D SurfaceComposerClient: setCornerRadius ## 6094333 Splash Screen com.catfact.app.feature.factdetail.test#18535 cornerRadius=0.000000
04-15 09:53:26.994  1542  1821 D SurfaceComposerClient: setCornerRadius ## 6094333 Splash Screen com.catfact.app.feature.factdetail.test#18535 cornerRadius=0.000000
04-15 09:53:26.994  1542  2161 I WindowManager: Relayout Window{6094333 u0 Splash Screen com.catfact.app.feature.factdetail.test}: viewVisibility=0 req=720x1544 ty=3 d0
04-15 09:53:26.994  1542  1677 D GraphicsStatsService: requestRenderEngineFor(com.catfact.app.feature.factdetail.test)
04-15 09:53:26.995  1151  2479 I SurfaceFlinger: id=18536 createSurf, flag=44004, Splash Screen com.catfact.app.feature.factdetail.test$_2000#18536
04-15 09:53:26.996  1542 23285 D SemWifiUsabilityStatsMonitor: onWifiUsabilityStats - seqNum 10578, isSameBssidAndFreq true
04-15 09:53:26.997  1542  2161 D SurfaceComposerClient: setCornerRadius ## 6094333 Splash Screen com.catfact.app.feature.factdetail.test#18535 cornerRadius=0.000000
04-15 09:53:26.997  1542  2161 D SurfaceComposerClient: setCornerRadius ## 6094333 Splash Screen com.catfact.app.feature.factdetail.test#18535 cornerRadius=0.000000
04-15 09:53:26.998  2000  2125 D Tile.WifiTile: handleUpdateState isTransient=false transientEnabling =false cb.isTransient=false state.state = 2 mStateBeforeClick.value =false enabled =true
04-15 09:53:26.998  1542  2161 I WindowManager: Relayout hash=6094333, pid=2000, syncId=-1: mAttrs={(0,0)(fillxfill) sim={adjust=pan} layoutInDisplayCutoutMode=always ty=APPLICATION_STARTING fmt=TRANSLUCENT wanim=0x1030317
04-15 09:53:26.998  1542  2161 I WindowManager:   fl=81030118
04-15 09:53:26.998  1542  2161 I WindowManager:   pfl=10000810
04-15 09:53:26.998  1542  2161 I WindowManager:   apr=18
04-15 09:53:26.998  1542  2161 I WindowManager:   bhv=1
04-15 09:53:26.998  1542  2161 I WindowManager:   fitSides=0
04-15 09:53:26.998  1542  2161 I WindowManager:   frameRateBoostOnTouch=true
04-15 09:53:26.998  1542  2161 I WindowManager:   dvrrWindowFrameRateHint=true naviIconColor=0}
04-15 09:53:26.999  1151  1151 I SurfaceFlinger: [LayerHierarchy{RequestedLayerState{ImeContainer#15 parentId=16293 relativeParentId=16293 z=1} 1 children}] RelativeParent to null
04-15 09:53:26.999  1151  1151 I SurfaceFlinger: [Splash Screen com.catfact.app.feature.factdetail.test$_2000#18536] attach to parent LayerHierarchy{RequestedLayerState{6094333 Splash Screen com.catfact.app.feature.factdetail.test#18535 parentId=18534} 1 children}
04-15 09:53:26.999  2000  2120 I InsetsController: onStateChanged: host=Splash Screen com.catfact.app.feature.factdetail.test, from=android.view.ViewRootImpl.onInsetsStateChanged:3026, state=InsetsState: {mDisplayFrame=Rect(0, 0 - 720, 1544), mDisplayCutout=DisplayCutout{insets=Rect(0, 50 - 0, 0) waterfall=Insets{left=0, top=0, right=0, bottom=0} boundingRect={Bounds=[Rect(0, 0 - 0, 0), Rect(341, 0 - 379, 50), Rect(0, 0 - 0, 0), Rect(0, 0 - 0, 0)]} cutoutPathParserInfo={CutoutPathParserInfo{displayWidth=720 displayHeight=1544 physicalDisplayWidth=720 physicalDisplayHeight=1544 density={1.875} cutoutSpec={M 0,0 H -10 V 26.66666666666667 H 10 V 0 H 0 Z @dp} rotation={0} scale={1.0} physicalPixelDisplaySizeRatio={1.0}}} sideOverrides={}}, mRoundedCorners=RoundedCorners{[RoundedCorner{position=TopLeft, radius=8, center=Point(8, 8)}, RoundedCorner{position=TopRight, radius=8, center=Point(712, 8)}, RoundedCorner{position=BottomRight, radius=8, center=Point(712, 1536)}, RoundedCorner{position=BottomLeft, radius=8, center=Point(8, 1536)}]}  mRoundedCornerFrame=Rect(0, 0 - 720, 1544), mPrivacyIndicatorBounds=PrivacyIndicatorBounds {static bounds=Rect(637, 0 - 720, 50) rotation=0}, mDisplayShape=DisplayShape{ spec=-311912193 displayWidth=720 displayHeight=1544 physicalPixelDisplaySizeRatio=0.5 rotation=0 offsetX=0 offsetY=0 scale=1.0}, mSources= { InsetsSource: {ec730001 mType=navigationBars mFrame=[0,1454][720,1544] mVisible=true mFlags= mSideHint=BOTTOM mBoundingRects=null}, InsetsSource: {ec730004 mType=systemGestures mFrame=[0,0][0,0] mVisible=true mFlags= mSideHint=NONE mBoundingRects=null}, InsetsSource: {ec730005 mType=mandatorySystemGestures mFrame=[0,1454][720,1544] mVisible=true mFlags= mSideHint=BOTTOM mBoundingRects=null}, InsetsSource: {ec730006 mType=tappableElement mFrame=[0,1454][720,1544] mVisible=true mFlags= mSideHint=BOTTOM mBoundingRects=null}, InsetsSource: {ec730024 mType=systemGestures mFrame=[0,0][0,0] mVisible=true mFlags= mSideHint=NONE mBoundingRects=null}, InsetsSource: {3 mType=ime mFrame=[0,0][0,0] mVisible=false mFlags= mSideHint=NONE mBoundingRects=null}, InsetsSource: {27 mType=displayCutout mFrame=[0,0][720,50] mVisible=true mFlags= mSideHint=TOP mBoundingRects=null}, InsetsSource: {43950000 mType=statusBars mFrame=[0,0][720,50] mVisible=true mFlags= mSideHint=TOP mBoundingRects=null}, InsetsSource: {43950005 mType=mandatorySystemGestures mFrame=[0,0][720,73] mVisible=true mFlags= mSideHint=TOP mBoundingRects=null}, InsetsSource: {43950006 mType=tappableElement mFrame=[0,0][720,50] mVisible=true mFlags= mSideHint=TOP mBoundingRects=null} }
04-15 09:53:26.999  2461  2583 I HoneySpace.StatusIconTracker: invokeEvent() called with: event = Wifi(visible=true, resId=2131236023, activityId=2131236053)
04-15 09:53:27.000  2000  2120 I VRI[test]@d4648f8: onActiveControlsChanged, removed=false, mAdded=true, caller=android.view.ViewRootImpl.handleInsetsControlChanged:3002 android.view.ViewRootImpl.relayoutWindow:11629 android.view.ViewRootImpl.performTraversals:4804 android.view.ViewRootImpl.doTraversal:3924 android.view.ViewRootImpl$TraversalRunnable.run:12903
04-15 09:53:27.000  1542  1582 D PkgPredictorService-SecIpmManagerServiceImpl: onForegroundActivitiesChanged pid:19294 uid:10748
04-15 09:53:27.000  1542  2944 V PkgPredictorService-SecIpmManagerServiceImpl: discard foreground app:com.catfact.app.feature.factdetail.test 1|true
04-15 09:53:27.000  1542  1582 D NetworkPolicy: already checked 10748
04-15 09:53:27.000  2000  2120 I BLASTBufferQueue_Java: new BLASTBufferQueue, mName= VRI[test]@d4648f8 mNativeObject= 0xb40000741cd16240 caller= android.view.ViewRootImpl.updateBlastSurfaceIfNeeded:3585 android.view.ViewRootImpl.relayoutWindow:11685 android.view.ViewRootImpl.performTraversals:4804 android.view.ViewRootImpl.doTraversal:3924 android.view.ViewRootImpl$TraversalRunnable.run:12903 android.view.Choreographer$CallbackRecord.run:1901 android.view.Choreographer$CallbackRecord.run:1910 android.view.Choreographer.doCallbacks:1367 android.view.Choreographer.doFrame:1292 android.view.Choreographer$FrameDisplayEventReceiver.run:1870
04-15 09:53:27.001  2000  2120 I BLASTBufferQueue_Java: update, w= 720 h= 1544 mName = VRI[test]@d4648f8 mNativeObject= 0xb40000741cd16240 sc.mNativeObject= 0xb40000751c538350 format= -3 caller= android.view.ViewRootImpl.updateBlastSurfaceIfNeeded:3590 android.view.ViewRootImpl.relayoutWindow:11685 android.view.ViewRootImpl.performTraversals:4804 android.view.ViewRootImpl.doTraversal:3924 android.view.ViewRootImpl$TraversalRunnable.run:12903 android.view.Choreographer$CallbackRecord.run:1901
04-15 09:53:27.001  2000  2120 I VRI[test]@d4648f8: Relayout returned: old=(0,0,720,1544) new=(0,0,720,1544) relayoutAsync=false req=(720,1544)0 dur=10 res=0x3 s={true 0xb40000748c62e7a0} ch=true seqId=0
04-15 09:53:27.001  1542  1825 D AS.MultiSoundManager: mForegroundUid = 10748
04-15 09:53:27.001  2000  2120 I VRI[test]@d4648f8: performConfigurationChange setNightDimText nightDimLevel=0
04-15 09:53:27.001  1542  1582 D NetworkPolicy: already checked 10748
04-15 09:53:27.002  2000  2120 D VRI[test]@d4648f8: mThreadedRenderer.initialize() mSurface={isValid=true 0xb40000748c62e7a0} hwInitialized=true
04-15 09:53:27.002  2000  2120 D VRI[test]@d4648f8: reportNextDraw android.view.ViewRootImpl.performTraversals:5443 android.view.ViewRootImpl.doTraversal:3924 android.view.ViewRootImpl$TraversalRunnable.run:12903 android.view.Choreographer$CallbackRecord.run:1901 android.view.Choreographer$CallbackRecord.run:1910
04-15 09:53:27.002  2000  2120 D VRI[test]@d4648f8: Setup new sync=wmsSync-VRI[test]@d4648f8#74
04-15 09:53:27.002  2000  2120 I VRI[test]@d4648f8: Creating new active sync group VRI[test]@d4648f8#75
04-15 09:53:27.002  2000  2120 D VRI[test]@d4648f8: registerCallbacksForSync syncBuffer=false
04-15 09:53:27.003  2000  2194 D VRI[test]@d4648f8: Received frameDrawingCallback syncResult=0 frameNum=1.
04-15 09:53:27.003  2000  2194 I VRI[test]@d4648f8: mWNT: t=0xb4000074fc551c90 mBlastBufferQueue=0xb40000741cd16240 fn= 1 HdrRenderState mRenderHdrSdrRatio=1.0 caller= android.view.ViewRootImpl$12.onFrameDraw:15441 android.view.ThreadedRenderer$1.onFrameDraw:718 <bottom of call stack>
04-15 09:53:27.003  2000  2194 I VRI[test]@d4648f8: Setting up sync and frameCommitCallback
04-15 09:53:27.005  2461  2584 I HoneySpace.TopTaskSource: onTaskFocusChanged(): taskId = 3873
04-15 09:53:27.005 19294 19294 D LifecycleMonitor: Lifecycle status change: androidx.activity.ComponentActivity@854e344 in: PRE_ON_CREATE
04-15 09:53:27.005  1542  1906 D SemWifiTransportLayerMonitor.TcpMonitorHandler: MSG_SAVE_PACKAGE_INFO
04-15 09:53:27.005  1542  1906 D SemWifiTransportLayerFileManager: saveWifiPackageInfoToFile
04-15 09:53:27.005  1542  1906 D SemWifiTransportLayerFileManager: writeWifiPackageInfoList
04-15 09:53:27.005 19294 19294 V ActivityScenario: Activity lifecycle changed event received but ignored because the reported transition was not ON_CREATE while the last known transition was PRE_ON_CREATE
04-15 09:53:27.006  2000  2196 I BLASTBufferQueue: [VRI[test]@d4648f8#839](f:0,a:0,s:0) onFrameAvailable the first frame is available
04-15 09:53:27.006 18525 18790 I Rubin   : [146] M.c0.k(Unknown Source) : Notify com.samsung.android.rubin.inferenceengine.contextanalytics.engine.loggers.AppUsageLogger's database is updated.
04-15 09:53:27.006  2000  2196 I VRI[test]@d4648f8: Received frameCommittedCallback lastAttemptedDrawFrameNum=1 didProduceBuffer=true
04-15 09:53:27.007  1151  2479 I SurfaceFlinger: [Splash Screen com.catfact.app.feature.factdetail.test$_2000#18536] setTransactionState with the first frame. bufferData(ID: 8589934655817, frameNumber: 1)
04-15 09:53:27.007 19294 19294 I DecorView: setWindowBackground: isPopOver=false color=fffafafa d=android.graphics.drawable.ColorDrawable@393de29
04-15 09:53:27.007  2000  2196 D HWUI    : CFMS:: SetUp Pid : 2000    Tid : 2196
04-15 09:53:27.008 19294 19294 D LifecycleMonitor: Lifecycle status change: androidx.activity.ComponentActivity@854e344 in: CREATED
04-15 09:53:27.008 19294 19294 V ActivityScenario: Update currentActivityStage to CREATED, currentActivity=androidx.activity.ComponentActivity@854e344
04-15 09:53:27.008 19294 19294 D LifecycleMonitor: Lifecycle status change: androidx.activity.ComponentActivity@854e344 in: STARTED
04-15 09:53:27.008 19294 19294 V ActivityScenario: Update currentActivityStage to STARTED, currentActivity=androidx.activity.ComponentActivity@854e344
04-15 09:53:27.008  2461  2461 I HoneySpace.EdgePanel.CocktailHostRepositoryImpl: onNoteResume
04-15 09:53:27.008  2461  2461 I HoneySpace.EdgePanel.EdgePanelContainerViewModel: cocktailHostRepository.edgePanelOperation NoteResumeComponent(componentName=ComponentInfo{com.catfact.app.feature.factdetail.test/androidx.activity.ComponentActivity})
04-15 09:53:27.009  2461  2461 I HoneySpace.EdgePanel.ActivityUtils: HomePackage : com.sec.android.app.launcher, resumePackageName : com.catfact.app.feature.factdetail.test, className : androidx.activity.ComponentActivity
04-15 09:53:27.009 19294 19294 D LifecycleMonitor: Lifecycle status change: androidx.activity.ComponentActivity@854e344 in: RESUMED
04-15 09:53:27.009 19294 19294 V ActivityScenario: Update currentActivityStage to RESUMED, currentActivity=androidx.activity.ComponentActivity@854e344
04-15 09:53:27.009 19294 19294 D ViewRootImpl: desktopMode is false
04-15 09:53:27.009 19294 19294 I ViewRootImpl: dVRR is disabled
04-15 09:53:27.009 19294 19332 D NativeCustomFrequencyManager: [NativeCFMS] BpCustomFrequencyManager::BpCustomFrequencyManager()
04-15 09:53:27.009  2000  2120 D VRI[test]@d4648f8: reportDrawFinished seqId=0
04-15 09:53:27.010  2000  2000 I {OngoingActivityController}: onTaskFocusChanged but OA data is empty
04-15 09:53:27.011  1151  1338 D SurfaceFlinger: [input] setFocusedWindow: <null>
04-15 09:53:27.011  3723 26412 I [AirCmd]_ActivitySwitchDetector: onTaskFocusChanged : taskId=3873, componentName=ComponentInfo{com.catfact.app.feature.factdetail.test/androidx.activity.ComponentActivity}
04-15 09:53:27.011  3723 26412 I [AirCmd]_ActivitySwitchDetector: onTaskFocusChanged :mTopMostActivity = ComponentInfo{com.google.android.calendar/com.google.android.calendar.allinone.AllInOneCalendarActivity}
04-15 09:53:27.011  1542  1821 D InputDispatcher: Once focus requested (0): <null>
04-15 09:53:27.011  1542  1821 D InputDispatcher: Focus request (0): <null> but waiting because NO_WINDOW
04-15 09:53:27.011  1542  1821 D InputDispatcher: Focus left window (0): f5b4232 com.google.android.calendar/com.google.android.calendar.allinone.AllInOneCalendarActivity
04-15 09:53:27.012  3979  3979 I ImeFocusController: onPreWindowFocus: skipped hasWindowFocus=false mHasImeFocus=true
04-15 09:53:27.012  1542  1558 D InputTransport: Input channel constructed: '5d066e4', fd=1041
04-15 09:53:27.012  1542  1558 D InputTransport: Input channel constructed: '5d066e4', fd=1248
04-15 09:53:27.012  3979  3979 I ImeFocusController: onPostWindowFocus: skipped hasWindowFocus=false mHasImeFocus=true
04-15 09:53:27.012  1542  1558 D InputTransport: Input channel constructed: '5d066e4', fd=1306
04-15 09:53:27.012  1542  1558 D InputTransport: Input channel destroyed: '5d066e4', fd=1248
04-15 09:53:27.012  1151  2479 I SurfaceFlinger: id=18537 createSurf, flag=84004, 5d066e4 com.catfact.app.feature.factdetail.test/androidx.activity.ComponentActivity#18537
04-15 09:53:27.013  3723 26412 I [AirCmd]_CallbackRepeater: stopRepeat : isWorking=false
04-15 09:53:27.013  3723 26412 I [AirCmd]_MediaControlStateMonitor: isForegroundAppSupportsMediaButton : mediaSession is empty
04-15 09:53:27.014  1542  1558 D InputTransport: Input channel destroyed: '5d066e4', fd=1306
04-15 09:53:27.014  1542  1585 D SurfaceComposerClient: setCornerRadius ## 6094333 Splash Screen com.catfact.app.feature.factdetail.test#18535 cornerRadius=0.000000
04-15 09:53:27.014  1542  1585 D SurfaceComposerClient: setCornerRadius ## 5d066e4 com.catfact.app.feature.factdetail.test/androidx.activity.ComponentActivity#18537 cornerRadius=0.000000
04-15 09:53:27.014 19294 19294 D InputTransport: Input channel constructed: '5d066e4', fd=126
04-15 09:53:27.014  1542  1585 D SurfaceComposerClient: setCornerRadius ## 6094333 Splash Screen com.catfact.app.feature.factdetail.test#18535 cornerRadius=0.000000
04-15 09:53:27.014  1542  1585 D SurfaceComposerClient: setCornerRadius ## 5d066e4 com.catfact.app.feature.factdetail.test/androidx.activity.ComponentActivity#18537 cornerRadius=0.000000
04-15 09:53:27.014 19294 19294 I InsetsController: onStateChanged: host=com.catfact.app.feature.factdetail.test/androidx.activity.ComponentActivity, from=android.view.ViewRootImpl.onInsetsStateChanged:3026, state=InsetsState: {mDisplayFrame=Rect(0, 0 - 720, 1544), mDisplayCutout=DisplayCutout{insets=Rect(0, 50 - 0, 0) waterfall=Insets{left=0, top=0, right=0, bottom=0} boundingRect={Bounds=[Rect(0, 0 - 0, 0), Rect(341, 0 - 379, 50), Rect(0, 0 - 0, 0), Rect(0, 0 - 0, 0)]} cutoutPathParserInfo={CutoutPathParserInfo{displayWidth=720 displayHeight=1544 physicalDisplayWidth=720 physicalDisplayHeight=1544 density={1.875} cutoutSpec={M 0,0 H -10 V 26.66666666666667 H 10 V 0 H 0 Z @dp} rotation={0} scale={1.0} physicalPixelDisplaySizeRatio={1.0}}} sideOverrides={}}, mRoundedCorners=RoundedCorners{[RoundedCorner{position=TopLeft, radius=8, center=Point(8, 8)}, RoundedCorner{position=TopRight, radius=8, center=Point(712, 8)}, RoundedCorner{position=BottomRight, radius=8, center=Point(712, 1536)}, RoundedCorner{position=BottomLeft, radius=8, center=Point(8, 1536)}]}  mRoundedCornerFrame=Rect(0, 0 - 720, 1544), mPrivacyIndicatorBounds=PrivacyIndicatorBounds {static bounds=Rect(637, 0 - 720, 50) rotation=0}, mDisplayShape=DisplayShape{ spec=-311912193 displayWidth=720 displayHeight=1544 physicalPixelDisplaySizeRatio=0.5 rotation=0 offsetX=0 offsetY=0 scale=1.0}, mSources= { InsetsSource: {ec730001 mType=navigationBars mFrame=[0,1454][720,1544] mVisible=true mFlags= mSideHint=BOTTOM mBoundingRects=null}, InsetsSource: {ec730004 mType=systemGestures mFrame=[0,0][0,0] mVisible=true mFlags= mSideHint=NONE mBoundingRects=null}, InsetsSource: {ec730005 mType=mandatorySystemGestures mFrame=[0,1454][720,1544] mVisible=true mFlags= mSideHint=BOTTOM mBoundingRects=null}, InsetsSource: {ec730006 mType=tappableElement mFrame=[0,1454][720,1544] mVisible=true mFlags= mSideHint=BOTTOM mBoundingRects=null}, InsetsSource: {ec730024 mType=systemGestures mFrame=[0,0][0,0] mVisible=true mFlags= mSideHint=NONE mBoundingRects=null}, InsetsSource: {3 mType=ime mFrame=[0,0][0,0] mVisible=false mFlags= mSideHint=NONE mBoundingRects=null}, InsetsSource: {27 mType=displayCutout mFrame=[0,0][720,50] mVisible=true mFlags= mSideHint=TOP mBoundingRects=null}, InsetsSource: {43950000 mType=statusBars mFrame=[0,0][720,50] mVisible=true mFlags= mSideHint=TOP mBoundingRects=null}, InsetsSource: {43950005 mType=mandatorySystemGestures mFrame=[0,0][720,73] mVisible=true mFlags= mSideHint=TOP mBoundingRects=null}, InsetsSource: {43950006 mType=tappableElement mFrame=[0,0][720,50] mVisible=true mFlags= mSideHint=TOP mBoundingRects=null} }
04-15 09:53:27.015  1151  2479 I SurfaceFlinger: id=18538 createSurf, flag=84004, Transition Root: Task=3873#18538
04-15 09:53:27.015  3723 26412 E [AirCmd]_MediaControlStateMonitor: getActiveNotificationPackageName : notification service monitor is null
04-15 09:53:27.015  3723 26412 I [AirCmd]_ButtonEventDetectionThread: enableDoubleClickDetection: enabled= true, doubleClickWaitInterval=300
04-15 09:53:27.015  1151  1151 I SurfaceFlinger: [5d066e4 com.catfact.app.feature.factdetail.test/androidx.activity.ComponentActivity#18537] attach to parent LayerHierarchy{RequestedLayerState{ActivityRecord{192128459 u0 com.catfact.app.feature.factdetail.test/androidx.activity.ComponentActivity t3873}#18534 parentId=18533} 2 children}
04-15 09:53:27.015 19294 19294 I VRI[ComponentActivity]@3ae216b: synced displayState. AttachInfo displayState=2
04-15 09:53:27.015  1151  1151 I SurfaceFlinger: [Transition Root: Task=3873#18538] attach to parent LayerHierarchy{RequestedLayerState{DefaultTaskDisplayArea_d0#10 parentId=9} 17 children}
04-15 09:53:27.015 19294 19294 I VRI[ComponentActivity]@3ae216b: setView = com.android.internal.policy.DecorView@2eb5c86 IsHRR=false mFlingFrameRateChange=0 TM=true
04-15 09:53:27.016 19294 19332 D HWUI    : HWUI - treat SMPTE_170M as sRGB
04-15 09:53:27.017  1542  1585 I SurfaceControlRegistry: show, t=StartTransaction_SyncId<1655> sc=ActivityRecord{192128459 u0 com.catfact.app.feature.factdetail.test/androidx.activity.ComponentActivity t3873}, caller=android.view.SurfaceControl$Transaction.show:3557 com.android.server.wm.Transition.onTransactionReady:2048 com.android.server.wm.BLASTSyncEngine$SyncGroup.finishNow:240 com.android.server.wm.BLASTSyncEngine.onSurfacePlacement:263 com.android.server.wm.RootWindowContainer.performSurfacePlacementNoTrace:1083 com.android.server.wm.WindowSurfacePlacer.performSurfacePlacement:166
04-15 09:53:27.017  1542  1585 D SurfaceComposerClient: setCornerRadius ## Task=3801#16292 cornerRadius=0.000000
04-15 09:53:27.017  1542  1585 D SurfaceComposerClient: setCornerRadius ## Task=3873#18533 cornerRadius=0.000000
04-15 09:53:27.018  1542  1585 D ScreenCapture: [Capture_TEST] : setIsScreenShotBySystem false
04-15 09:53:27.018  1542  1585 I SurfaceComposerClient: captureLayers:childrenOnly:1, sync:1
04-15 09:53:27.019  2000  2105 I SurfaceControlRegistry: hide, t=FinishTransaction_SyncId<1655> sc=Task=3801, caller=android.view.SurfaceControl$Transaction.hide:3583 com.android.wm.shell.transition.Transitions.dispatchReady:1263 com.android.wm.shell.transition.Transitions.onTransitionReady:251 com.android.wm.shell.transition.Transitions$TransitionPlayerImpl$$ExternalSyntheticLambda0.run:13 android.os.Handler.handleCallback:995 android.os.Handler.dispatchMessage:103
04-15 09:53:27.019  2000  2105 I SurfaceControlRegistry: show, t=StartTransaction_SyncId<1655> sc=Task=3873, caller=android.view.SurfaceControl$Transaction.show:3557 com.android.wm.shell.transition.Transitions.dispatchReady:1279 com.android.wm.shell.transition.Transitions.onTransitionReady:251 com.android.wm.shell.transition.Transitions$TransitionPlayerImpl$$ExternalSyntheticLambda0.run:13 android.os.Handler.handleCallback:995 android.os.Handler.dispatchMessage:103
04-15 09:53:27.019  2000  2105 I SurfaceControlRegistry: show, t=FinishTransaction_SyncId<1655> sc=Task=3873, caller=android.view.SurfaceControl$Transaction.show:3557 com.android.wm.shell.transition.Transitions.dispatchReady:1330 com.android.wm.shell.transition.Transitions.onTransitionReady:251 com.android.wm.shell.transition.Transitions$TransitionPlayerImpl$$ExternalSyntheticLambda0.run:13 android.os.Handler.handleCallback:995 android.os.Handler.dispatchMessage:103
04-15 09:53:27.019  2000  2105 I SurfaceControlRegistry: show, t=StartTransaction_SyncId<1655> sc=Transition Root: Task=3873, caller=android.view.SurfaceControl$Transaction.show:3557 com.android.wm.shell.transition.Transitions.playTransition:79 com.android.wm.shell.transition.Transitions.processReadyQueue:239 com.android.wm.shell.transition.Transitions.dispatchReady:1352 com.android.wm.shell.transition.Transitions.onTransitionReady:251 com.android.wm.shell.transition.Transitions$TransitionPlayerImpl$$ExternalSyntheticLambda0.run:13
04-15 09:53:27.020  2000  2105 D SurfaceComposerClient: [Task=3801#16292] setEdgeExtension Right
04-15 09:53:27.021  1151  2479 I SurfaceFlinger: id=18539 createSurf, flag=20004, DimTransitionLayer for Surface(name=Task=3873)/@0xd471dc5#18539
04-15 09:53:27.021  2000  2105 I SurfaceControlRegistry: show, t=StartTransaction_SyncId<1655> sc=DimTransitionLayer for Surface(name=Task=3873)/@0xd471dc5, caller=android.view.SurfaceControl$Transaction.show:3557 com.android.wm.shell.transition.DefaultTransitionHandler.startAnimation:2931 com.android.wm.shell.transition.Transitions.dispatchTransition:90 com.android.wm.shell.transition.Transitions.playTransition:774 com.android.wm.shell.transition.Transitions.processReadyQueue:239 com.android.wm.shell.transition.Transitions.dispatchReady:1352
04-15 09:53:27.021  2000  2105 I SurfaceControlRegistry: apply, t=StartTransaction_SyncId<1655>, caller=android.view.SurfaceControl$Transaction.apply:3459 android.view.SurfaceControl$Transaction.apply:3447 android.view.SurfaceControl$Transaction.apply:3397 com.android.wm.shell.transition.DefaultTransitionHandler.startAnimation:3387 com.android.wm.shell.transition.Transitions.dispatchTransition:90 com.android.wm.shell.transition.Transitions.playTransition:774
04-15 09:53:27.022  1151  1200 I SurfaceFlinger: Capture layer list: 	 com.google.android.calendar/com.google.android.calendar.allinone.AllInOneCalendarActivity$_3979#18525(seamlessTransition:0)
04-15 09:53:27.022  1151  1200 I CompositionEngine: [setDisplaySize] size=(720, 1544)
04-15 09:53:27.023  1151  1206 D RenderEngine: [SEC_SF_EFFECTS] drawLayersInternal,1494, Rendering layer ScreenCaptureFillLayer at index 0
04-15 09:53:27.023  1151  1206 D RenderEngine: [SEC_SF_EFFECTS] drawLayersInternal,1494, Rendering layer com.google.android.calendar/com.google.android.calendar.allinone.AllInOneCalendarActivity$_3979#18525 at index 1
04-15 09:53:27.024  1151  1151 I SurfaceFlinger: RequestedLayer [6094333 Splash Screen com.catfact.app.feature.factdetail.test#18535] hidden!! flag  from(1) --> to(0)
04-15 09:53:27.024  1151  1151 I SurfaceFlinger: RequestedLayer [5d066e4 com.catfact.app.feature.fact[...]idx.activity.ComponentActivity#18537] hidden!! flag  from(1) --> to(0)
04-15 09:53:27.024  1151  1151 I SurfaceFlinger: RequestedLayer [Splash Screen com.catfact.app.feature.factdetail.test$_2000#18536] hidden!! flag  from(1) --> to(0)
04-15 09:53:27.024  1151  1151 I SurfaceFlinger: RequestedLayer [Task=3873#18533] hidden!! flag  from(1) --> to(0)
04-15 09:53:27.024  1151  1151 E SurfaceFlinger: alpha changed 1.000 -> 0.000 - Task=3873#18533
04-15 09:53:27.024  1151  1151 I SurfaceFlinger: RequestedLayer [Transition Root: Task=3873#18538] hidden!! flag  from(1) --> to(0)
04-15 09:53:27.024  1151  1151 I SurfaceFlinger: RequestedLayer [ActivityRecord{192128459 u0 com.catf[...]ivity.ComponentActivity t3873}#18534] hidden!! flag  from(1) --> to(0)
04-15 09:53:27.024  1151  1151 I SurfaceFlinger: RequestedLayer [DimTransitionLayer for Surface(name=Task=3873)/@0xd471dc5#18539] hidden!! flag  from(1) --> to(0)
04-15 09:53:27.024  1151  1151 E SurfaceFlinger: alpha changed 1.000 -> 0.000 - DimTransitionLayer for Surface(name=Task=3873)/@0xd471dc5#18539
04-15 09:53:27.024  1151  1151 E SurfaceFlinger: alpha changed 0.000 -> 1.000 - Task=3873#18533
04-15 09:53:27.024  1151  1151 E SurfaceFlinger: alpha changed 0.000 -> 0.000 - DimTransitionLayer for Surface(name=Task=3873)/@0xd471dc5#18539
04-15 09:53:27.024  1151  1151 I SurfaceFlinger: [LayerHierarchy{RequestedLayerState{Task=3801#16292 parentId=18538 z=2} 1 children}] reparent to LayerHierarchy{RequestedLayerState{Transition Root: Task=3873#18538 parentId=10 z=13} 1 children}
04-15 09:53:27.024  1151  1151 I SurfaceFlinger: [LayerHierarchy{RequestedLayerState{Task=3873#18533 parentId=18538 z=5} 1 children}] reparent to LayerHierarchy{RequestedLayerState{Transition Root: Task=3873#18538 parentId=10 z=13} 2 children}
04-15 09:53:27.024  1151  1151 I SurfaceFlinger: [DimTransitionLayer for Surface(name=Task=3873)/@0xd471dc5#18539] attach to parent LayerHierarchy{RequestedLayerState{Transition Root: Task=3873#18538 parentId=10 z=13} 3 children}
04-15 09:53:27.028  1151  1200 I SurfaceFlinger: id=18540 createSurf, flag=24000, Surface(name=3edafdc StatusBar)/@0x3b919ed - animation-leash of insets_animation#18540
04-15 09:53:27.028  2000  2000 D DisplayLifecycle: updateDisplay id = 0
04-15 09:53:27.029  2000  2125 D StackScroller: onDisplayChanged for predraw skip to 2
04-15 09:53:27.029  2461  4432 I HoneySpace.Memory-Monitor: current state = 2, didTrim = false
04-15 09:53:27.030  1151  1200 I SurfaceFlinger: id=18541 createSurf, flag=24000, Surface(name=8c5cec7 NavigationBar0)/@0xa68870 - animation-leash of insets_animation#18541
04-15 09:53:27.030  1151  2910 D NativeSemDvfsManager: acquire:: timeout = 2000 mIsAcquired = 1  mTagName : SurfaceFlinger
04-15 09:53:27.030  1151  2910 E NativeCustomFrequencyManager: [NativeCFMS] BpCustomFrequencyManager::acquire()
04-15 09:53:27.030  1059  1180 I HYPER-HAL: [RequestManager.cpp]acquire(): Acquired ID : 2315476  [1151 / 1000]    HINT : SF_GPU_MINLOCK    list : [TIMEOUT / 2000]
04-15 09:53:27.031  1542  1585 D SurfaceComposerClient: setCornerRadius ## 6094333 Splash Screen com.catfact.app.feature.factdetail.test#18535 cornerRadius=0.000000
04-15 09:53:27.031  1542  1585 D SurfaceComposerClient: setCornerRadius ## 5d066e4 com.catfact.app.feature.factdetail.test/androidx.activity.ComponentActivity#18537 cornerRadius=0.000000
04-15 09:53:27.032  1542  2101 I WindowManager: Relayout Window{5d066e4 u0 com.catfact.app.feature.factdetail.test/androidx.activity.ComponentActivity}: viewVisibility=0 req=720x1544 ty=1 d0
04-15 09:53:27.032  2000  2000 D SamsungLightBarControlHelper: updateStatusBar (BLACK icon) numStacks:1, StatusBarMode:MODE_TRANSPARENT, lightBarBounds:[Rect(0, 0 - 720, 1544)], StatusBarState:SHADE, packageName:, isWhiteKeyguardStatusBar:false
04-15 09:53:27.032  2000  2000 D SamsungLightBarControlHelper: onStatusBarAppearanceChanged() -  sbModeChanged:false, statusBarMode:0, barState:MODE_TRANSPARENT, isKeyguardShowing:false, navbarColorManagedByIme:false, (AppearanceRegion{LIGHT_STATUS_BARS bounds=[0,0][720,1544]}, )
04-15 09:53:27.032  2000  2000 D NavigationBar: onSystemBarAttributesChanged() -  displayId:0, appearance:24, packageName: com.catfact.app.feature.factdetail.test (APPEARANCE_LIGHT_STATUS_BARS APPEARANCE_LIGHT_NAVIGATION_BARS ), navbarColorManagedByIme:false
04-15 09:53:27.032  1151  1151 I SurfaceFlinger: [Surface(name=3edafdc StatusBar)/@0x3b919ed - animation-leash of insets_animation#18540] attach to parent LayerHierarchy{RequestedLayerState{WindowToken{7a8fc4f type=2000 android.os.BinderProxy@a9d7329}#94 parentId=17} 2 children}
04-15 09:53:27.032  1151  2479 I SurfaceFlinger: id=18542 createSurf, flag=44004, com.catfact.app.feature.factdetail.test/androidx.activity.ComponentActivity$_19294#18542
04-15 09:53:27.032  1151  1151 I SurfaceFlinger: [Surface(name=8c5cec7 NavigationBar0)/@0xa68870 - animation-leash of insets_animation#18541] attach to parent LayerHierarchy{RequestedLayerState{WindowToken{fc018e2 type=2019 android.os.BinderProxy@bda3ac4}#90 parentId=34} 2 children}
04-15 09:53:27.032  2000  2000 D SamsungLightBarControlHelper: updateNavigationBar (BLACK button) isLightOpaque:false, hasLightNavigationBarFlag:true, packageName:com.catfact.app.feature.factdetail.test, DirectReplying:false, NavBarColorMangedByIme:false, ForceDarkForScrim:false, ForceLightForScrim:false, QsCustomizing:false, QsExpanded:false
04-15 09:53:27.033  2461  4432 I HoneySpace.RecentTasks: onRunningTaskAppeared
04-15 09:53:27.033  2461  4432 I HoneySpace.RecentTasks: onRecentTasksChanged
04-15 09:53:27.033  1542  2101 D SurfaceComposerClient: setCornerRadius ## 6094333 Splash Screen com.catfact.app.feature.factdetail.test#18535 cornerRadius=0.000000
04-15 09:53:27.033  1542  2101 D SurfaceComposerClient: setCornerRadius ## 5d066e4 com.catfact.app.feature.factdetail.test/androidx.activity.ComponentActivity#18537 cornerRadius=0.000000
04-15 09:53:27.034  1542  2101 D SurfaceComposerClient: setCornerRadius ## 6094333 Splash Screen com.catfact.app.feature.factdetail.test#18535 cornerRadius=0.000000
04-15 09:53:27.034  1542  2101 D SurfaceComposerClient: setCornerRadius ## 5d066e4 com.catfact.app.feature.factdetail.test/androidx.activity.ComponentActivity#18537 cornerRadius=0.000000
04-15 09:53:27.034  1151  1151 D SurfaceFlinger: GPIS:: requestGpisForClientComposition
04-15 09:53:27.035  1151  1200 I SurfaceFlinger: id=18543 createSurf, flag=24000, Surface(name=3edafdc StatusBar)/@0x3b919ed - animation-leash of insets_animation#18543
04-15 09:53:27.036  1151  2479 I SurfaceFlinger: id=18544 createSurf, flag=24000, Surface(name=8c5cec7 NavigationBar0)/@0xa68870 - animation-leash of insets_animation#18544
04-15 09:53:27.038  1542  2101 I SystemKeyManager: requested systemKeyInfo size=1 focusedWindow=com.catfact.app.feature.factdetail.test/androidx.activity.ComponentActivity
04-15 09:53:27.038  1542  2101 I SystemKeyManager: requested systemKeyInfo size=1 focusedWindow=com.catfact.app.feature.factdetail.test/androidx.activity.ComponentActivity
04-15 09:53:27.038  1542  2101 I WindowManager: Relayout hash=5d066e4, pid=19294, syncId=-1: mAttrs={(0,0)(fillxfill) sim={adjust=pan forwardNavigation} layoutInDisplayCutoutMode=always ty=BASE_APPLICATION wanim=0x1030317
04-15 09:53:27.038  1542  2101 I WindowManager:   fl=81810100
04-15 09:53:27.038  1542  2101 I WindowManager:   pfl=100088c0
04-15 09:53:27.038  1542  2101 I WindowManager:   apr=210
04-15 09:53:27.038  1542  2101 I WindowManager:   bhv=1
04-15 09:53:27.038  1542  2101 I WindowManager:   fitSides=0
04-15 09:53:27.038  1542  2101 I WindowManager:   frameRateBoostOnTouch=true
04-15 09:53:27.038  1542  2101 I WindowManager:   dvrrWindowFrameRateHint=true naviIconColor=0}
04-15 09:53:27.039  2000  2000 D NavigationBar: onSystemBarAttributesChanged() -  displayId:0, appearance:528, packageName: com.catfact.app.feature.factdetail.test (APPEARANCE_LIGHT_NAVIGATION_BARS ), navbarColorManagedByIme:false
04-15 09:53:27.039  1151  1200 I SurfaceFlinger: id=18545 createSurf, flag=84000, 65c4945 ActivityRecordInputSink com.catfact.app.feature.factdetail.test/androidx.activity.ComponentActivity#18545
04-15 09:53:27.040  1151  1151 E SurfaceFlinger: alpha changed 0.000 -> 0.010 - DimTransitionLayer for Surface(name=Task=3873)/@0xd471dc5#18539
04-15 09:53:27.040  1151  1151 I SurfaceFlinger: [com.catfact.app.feature.factdetail.test/androidx.activity.ComponentActivity$_19294#18542] attach to parent LayerHierarchy{RequestedLayerState{5d066e4 com.catfact.app.feature.factdetail.test/androidx.activity.ComponentActivity#18537 parentId=18534} 1 children}
04-15 09:53:27.040  1151  1151 I SurfaceFlinger: [Surface(name=3edafdc StatusBar)/@0x3b919ed - animation-leash of insets_animation#18543] attach to parent LayerHierarchy{RequestedLayerState{WindowToken{7a8fc4f type=2000 android.os.BinderProxy@a9d7329}#94 parentId=17} 3 children}
04-15 09:53:27.040  1151  1151 I SurfaceFlinger: [Surface(name=8c5cec7 NavigationBar0)/@0xa68870 - animation-leash of insets_animation#18544] attach to parent LayerHierarchy{RequestedLayerState{WindowToken{fc018e2 type=2019 android.os.BinderProxy@bda3ac4}#90 parentId=34} 3 children}
04-15 09:53:27.040  1151  1151 I SurfaceFlinger: [65c4945 ActivityRecordInputSink com.catfact.app.feature.factdetail.test/androidx.activity.ComponentActivity#18545] attach to parent LayerHierarchy{RequestedLayerState{ActivityRecord{192128459 u0 com.catfact.app.feature.factdetail.test/androidx.activity.ComponentActivity t3873}#18534 parentId=18533} 3 children}
04-15 09:53:27.041 19294 19294 I BLASTBufferQueue_Java: new BLASTBufferQueue, mName= VRI[ComponentActivity]@3ae216b mNativeObject= 0xb40000741c5d1e70 caller= android.view.ViewRootImpl.updateBlastSurfaceIfNeeded:3585 android.view.ViewRootImpl.relayoutWindow:11685 android.view.ViewRootImpl.performTraversals:4804 android.view.ViewRootImpl.doTraversal:3924 android.view.ViewRootImpl$TraversalRunnable.run:12903 android.view.Choreographer$CallbackRecord.run:1901 android.view.Choreographer$CallbackRecord.run:1910 android.view.Choreographer.doCallbacks:1367 android.view.Choreographer.doFrame:1292 android.view.Choreographer$FrameDisplayEventReceiver.run:1870
04-15 09:53:27.041 19294 19294 I BLASTBufferQueue_Java: update, w= 720 h= 1544 mName = VRI[ComponentActivity]@3ae216b mNativeObject= 0xb40000741c5d1e70 sc.mNativeObject= 0xb40000751c4f07d0 format= -1 caller= android.view.ViewRootImpl.updateBlastSurfaceIfNeeded:3590 android.view.ViewRootImpl.relayoutWindow:11685 android.view.ViewRootImpl.performTraversals:4804 android.view.ViewRootImpl.doTraversal:3924 android.view.ViewRootImpl$TraversalRunnable.run:12903 android.view.Choreographer$CallbackRecord.run:1901
04-15 09:53:27.042 19294 19294 I VRI[ComponentActivity]@3ae216b: Relayout returned: old=(0,0,720,1544) new=(0,0,720,1544) relayoutAsync=false req=(720,1544)0 dur=13 res=0x3 s={true 0xb40000748c524ee0} ch=true seqId=0
04-15 09:53:27.042 19294 19294 I VRI[ComponentActivity]@3ae216b: performConfigurationChange setNightDimText nightDimLevel=0
04-15 09:53:27.042 19294 19294 D VRI[ComponentActivity]@3ae216b: mThreadedRenderer.initialize() mSurface={isValid=true 0xb40000748c524ee0} hwInitialized=true
04-15 09:53:27.043 19294 19294 D VRI[ComponentActivity]@3ae216b: reportNextDraw android.view.ViewRootImpl.performTraversals:5443 android.view.ViewRootImpl.doTraversal:3924 android.view.ViewRootImpl$TraversalRunnable.run:12903 android.view.Choreographer$CallbackRecord.run:1901 android.view.Choreographer$CallbackRecord.run:1910
04-15 09:53:27.043 19294 19294 D VRI[ComponentActivity]@3ae216b: Setup new sync=wmsSync-VRI[ComponentActivity]@3ae216b#4
04-15 09:53:27.043 19294 19294 I VRI[ComponentActivity]@3ae216b: Creating new active sync group VRI[ComponentActivity]@3ae216b#5
04-15 09:53:27.044 19294 19294 D VRI[ComponentActivity]@3ae216b: registerCallbacksForSync syncBuffer=false
04-15 09:53:27.044 19294 19346 D VRI[ComponentActivity]@3ae216b: Received frameDrawingCallback syncResult=0 frameNum=1.
04-15 09:53:27.045 19294 19346 I VRI[ComponentActivity]@3ae216b: mWNT: t=0xb4000074fc4ea350 mBlastBufferQueue=0xb40000741c5d1e70 fn= 1 HdrRenderState mRenderHdrSdrRatio=1.0 caller= android.view.ViewRootImpl$12.onFrameDraw:15441 android.view.ThreadedRenderer$1.onFrameDraw:718 <bottom of call stack>
04-15 09:53:27.045 19294 19346 I VRI[ComponentActivity]@3ae216b: Setting up sync and frameCommitCallback
04-15 09:53:27.045  1151  1151 D SurfaceFlinger: Display 4633128672291735999 HWC layers:
04-15 09:53:27.045  1151  1151 D SurfaceFlinger:        CLIENT |           17089674871021 | 00002102 | RGBA_8888    |   10.0    0.0  720.0 1544.0 |    0    0  720 1544 | com.google.android.calendar/com.goog[...]AllInOneCalendarActivity$_3979#18525 (27)
04-15 09:53:27.045  1151  1151 D SurfaceFlinger:   SOLID_COLOR |                        0 | 00000000 | N/A          |    0.0    0.0    0.0    0.0 |    0    0  720 1544 | DimTransitionLayer for Surface(name=Task=3873)/@0xd471dc5#18539 (0)
04-15 09:53:27.045  1151  1151 D SurfaceFlinger:        DEVICE |            8589934655817 | 00002100 | RGBA_8888    |    0.0    0.0   33.0 1544.0 |  687    0  720 1544 | Splash Screen com.catfact.app.feature.factdetail.test$_2000#18536 (1)
04-15 09:53:27.045  1151  1151 D SurfaceFlinger:        DEVICE |            8589934654694 | 00002100 | RGBA_8888    |    0.0    0.0  720.0   50.0 |    0    0  720   50 | StatusBar$_2000#102 (26185)
04-15 09:53:27.045  1151  1151 D SurfaceFlinger:        DEVICE |           10569914518889 | 00002100 | RGBA_8888    |    0.0    0.0   67.0  353.0 |  653  192  720  545 | com.sec.android.app.launcher/com.sam[...]l.app.CocktailBarService$_2461#16495 (1)
04-15 09:53:27.045  1151  1151 D SurfaceFlinger:        DEVICE |            8589934654705 | 0000
04-15 09:53:27.045  1151  1151 D SurfaceFlinger: 2100 | RGBA_8888    |    0.0    0.0  720.0   90.0 |    0 1454  720 1544 | NavigationBar0$_2000#98 (16980)
04-15 09:53:27.045  1151  1151 D SurfaceFlinger:
04-15 09:53:27.046 19294 19332 I BLASTBufferQueue: [VRI[ComponentActivity]@3ae216b#2](f:0,a:0,s:0) onFrameAvailable the first frame is available
04-15 09:53:27.046 19294 19332 I VRI[ComponentActivity]@3ae216b: Received frameCommittedCallback lastAttemptedDrawFrameNum=1 didProduceBuffer=true
04-15 09:53:27.047  1151  1200 I SurfaceFlinger: [com.catfact.app.feature.factdetail.test/androidx.activity.ComponentActivity$_19294#18542] setTransactionState with the first frame. bufferData(ID: 82867099009032, frameNumber: 1)
04-15 09:53:27.047 19294 19332 D HWUI    : CFMS:: SetUp Pid : 19294    Tid : 19332
04-15 09:53:27.047 19294 19294 D VRI[ComponentActivity]@3ae216b: reportDrawFinished seqId=0
04-15 09:53:27.048  1542  1585 D SurfaceComposerClient: setCornerRadius ## 6094333 Splash Screen com.catfact.app.feature.factdetail.test#18535 cornerRadius=0.000000
04-15 09:53:27.048  1542  1585 D SurfaceComposerClient: setCornerRadius ## 5d066e4 com.catfact.app.feature.factdetail.test/androidx.activity.ComponentActivity#18537 cornerRadius=0.000000
04-15 09:53:27.048  1542  1585 D SurfaceComposerClient: setCornerRadius ## 6094333 Splash Screen com.catfact.app.feature.factdetail.test#18535 cornerRadius=0.000000
04-15 09:53:27.049  1151  1151 I SurfaceFlinger: [LayerHierarchy{RequestedLayerState{8c5cec7 NavigationBar0#91 parentId=18544} 1 children}] reparent to LayerHierarchy{RequestedLayerState{Surface(name=8c5cec7 NavigationBar0)/@0xa68870 - animation-leash of insets_animation#18544 parentId=90} 1 children}
04-15 09:53:27.049  1151  1151 I SurfaceFlinger: [LayerHierarchy{RequestedLayerState{3edafdc StatusBar#95 parentId=18543} 1 children}] reparent to LayerHierarchy{RequestedLayerState{Surface(name=3edafdc StatusBar)/@0x3b919ed - animation-leash of insets_animation#18543 parentId=94} 1 children}
04-15 09:53:27.049  1151  1151 I SurfaceFlinger: [LayerHierarchy{RequestedLayerState{Surface(name=3edafdc StatusBar)/@0x3b919ed - animation-leash of insets_animation#18528} no children}] reparent to OffscreenRoot
04-15 09:53:27.049  1151  1151 I SurfaceFlinger: [LayerHierarchy{RequestedLayerState{Surface(name=3edafdc StatusBar)/@0x3b919ed - animation-leash of insets_animation#18528} no children}] RelativeParent to null
04-15 09:53:27.049  1151  1151 I SurfaceFlinger: [LayerHierarchy{RequestedLayerState{Surface(name=8c5cec7 NavigationBar0)/@0xa68870 - animation-leash of insets_animation#18529} no children}] reparent to OffscreenRoot
04-15 09:53:27.049  1151  1151 I SurfaceFlinger: [LayerHierarchy{RequestedLayerState{Surface(name=8c5cec7 NavigationBar0)/@0xa68870 - animation-leash of insets_animation#18529} no children}] RelativeParent to null
04-15 09:53:27.049  1151  1151 I SurfaceFlinger: [LayerHierarchy{RequestedLayerState{Surface(name=3edafdc StatusBar)/@0x3b919ed - animation-leash of insets_animation#18540} no children}] reparent to OffscreenRoot
04-15 09:53:27.049  1151  1151 I SurfaceFlinger: [LayerHierarchy{RequestedLayerState{Surface(name=3edafdc StatusBar)/@0x3b919ed - animation-leash of insets_animation#18540} no children}] RelativeParent to null
