04-15 09:53:35.826  1151  1151 I SurfaceFlinger: RequestedLayer [Surface(name=1d7a05f InputMethod)/@0[...]tion-leash of insets_animation#18778] hidden!! flag  from(1) --> to(0)
04-15 09:53:35.826  1151  1151 E SurfaceFlinger: alpha changed 1.000 -> 0.000 - Surface(name=1d7a05f InputMethod)/@0x5f77a9d - animation-leash of insets_animation#18778
04-15 09:53:35.826  1151  1151 I SurfaceFlinger: [LayerHierarchy{RequestedLayerState{ImeContainer#15 parentId=16293 relativeParentId=16293 z=3} 1 children}] reparent to LayerHierarchy{RequestedLayerState{ActivityRecord{243114305 u0 com.google.android.calendar/.allinone.AllInOneCalendarActivity t3801}#16293 parentId=16292} 4 children}
04-15 09:53:35.826  1151  1151 I SurfaceFlinger: [LayerHierarchy{RequestedLayerState{ImeContainer#15 parentId=16293 relativeParentId=16293 z=3} 1 children}] RelativeParent to null
04-15 09:53:35.826  1151  1151 I SurfaceFlinger: [LayerHierarchy{RequestedLayerState{1d7a05f InputMethod#134 parentId=18778} no children}] reparent to LayerHierarchy{RequestedLayerState{Surface(name=1d7a05f InputMethod)/@0x5f77a9d - animation-leash of insets_animation#18778 parentId=120} 1 children}
04-15 09:53:35.826  1151  1151 I SurfaceFlinger: [LayerHierarchy{RequestedLayerState{Surface(name=1d7a05f InputMethod)/@0x5f77a9d - animation-leash of insets_animation#18759} no children}] reparent to OffscreenRoot
04-15 09:53:35.826  1151  1151 I SurfaceFlinger: [LayerHierarchy{RequestedLayerState{Surface(name=1d7a05f InputMethod)/@0x5f77a9d - animation-leash of insets_animation#18759} no children}] RelativeParent to null
04-15 09:53:35.826  1151  1151 I SurfaceFlinger: [Surface(name=1d7a05f InputMethod)/@0x5f77a9d - animation-leash of insets_animation#18778] attach to parent LayerHierarchy{RequestedLayerState{WindowToken{d080c22 type=2011 android.os.Binder@459a5ed}#120 parentId=15} 1 children}
04-15 09:53:35.827  3756  3756 I HBD     : HoneyBoardService [PF_OP][onStartInput]  11 ms
04-15 09:53:35.827  3756  3756 I HBD     : [DirectWriting] DirectWriting emitInputConnection : RemoteInputConnection{idHash=#3df8c8a}
04-15 09:53:35.827  2000  2195 I VRI[calendar]@6227f29: mWNT: t=0xb4000074fc7779d0 mBlastBufferQueue=0xb40000741d3656d0 fn= 7 HdrRenderState mRenderHdrSdrRatio=1.0 caller= android.view.SyncRtSurfaceTransactionApplier.applyTransaction:100 android.view.SyncRtSurfaceTransactionApplier.lambda$scheduleApply$0:73 android.view.SyncRtSurfaceTransactionApplier.$r8$lambda$afI4fXg3U3-nBZQEDQMiNy-B06s:0
04-15 09:53:35.830  1151  2758 I SurfaceFlinger: id=18759 Removed Surface(name=1d7a05f InputMethod)/@0x5f77a9d - animation-leash of insets_animation#18759 (221)
04-15 09:53:35.834  1218  1218 I CameraService: onUidStateChanged: uid=10048, procState is changed. (1 -> 0)
04-15 09:53:35.838  1151  1151 I SurfaceFlinger: destroyed Surface(name=1d7a05f InputMethod)/@0x5f77a9d - animation-leash of insets_animation#18759
04-15 09:53:35.839  1542  1677 I WindowManager: Relayout Window{ff8d2c2 u0 Splash Screen com.google.android.calendar}: viewVisibility=8 req=720x1544 ty=3 d0
04-15 09:53:35.839  1542  1677 D SurfaceComposerClient: setCornerRadius ## 762e546 com.google.android.calendar/com.google.android.calendar.allinone.AllInOneCalendarActivity#18771 cornerRadius=0.000000
04-15 09:53:35.840  1151  1151 I Layer   : id=18759 Destroyed Surface(name=1d7a05f InputMethod)/@0x5f77a9d - animation-leash of insets_animation#18759
04-15 09:53:35.840  1542  1677 D SurfaceComposerClient: setCornerRadius ## ff8d2c2 Splash Screen com.google.android.calendar#18767 cornerRadius=0.000000
04-15 09:53:35.840  1542  1677 D SurfaceComposerClient: setCornerRadius ## 762e546 com.google.android.calendar/com.google.android.calendar.allinone.AllInOneCalendarActivity#18771 cornerRadius=0.000000
04-15 09:53:35.841  2000  2000 D SystemUIService: SYSUI_RAM_OPTIMIZATION onTrimMemory=20
04-15 09:53:35.841  2000  2000 D CentralSurfaces: SYSUI_RAM_OPTIMIZATION onTrimMemory=20
04-15 09:53:35.841  2000  2196 D HWUI    : CacheManager::trimMemory(20)
04-15 09:53:35.842  1542  1677 I WindowManager: Relayout hash=ff8d2c2, pid=2000, syncId=-1: mAttrs={(0,0)(fillxfill) sim={adjust=pan} layoutInDisplayCutoutMode=always ty=APPLICATION_STARTING fmt=TRANSLUCENT wanim=0x1030317
04-15 09:53:35.842  1542  1677 I WindowManager:   fl=81030118
04-15 09:53:35.842  1542  1677 I WindowManager:   pfl=10000810
04-15 09:53:35.842  1542  1677 I WindowManager:   bhv=1
04-15 09:53:35.842  1542  1677 I WindowManager:   fitSides=0
04-15 09:53:35.842  1542  1677 I WindowManager:   frameRateBoostOnTouch=true
04-15 09:53:35.842  1542  1677 I WindowManager:   dvrrWindowFrameRateHint=true naviIconColor=0}
04-15 09:53:35.842  3756  3756 I InputMethodService: scheduleImeSurfaceRemoval: removeImeSurface is posted.
04-15 09:53:35.843  2000  2120 I VRI[calendar]@6227f29: onActiveControlsChanged, removed=false, mAdded=true, caller=android.view.ViewRootImpl.handleInsetsControlChanged:3002 android.view.ViewRootImpl.relayoutWindow:11629 android.view.ViewRootImpl.performTraversals:4804 android.view.ViewRootImpl.doTraversal:3924 android.view.ViewRootImpl$TraversalRunnable.run:12903
04-15 09:53:35.843  2000  2120 I VRI[calendar]@6227f29: Relayout returned: old=(0,0,720,1544) new=(0,0,720,1544) relayoutAsync=false req=(720,1544)8 dur=4 res=0x2 s={false 0x0} ch=true seqId=0
04-15 09:53:35.843  2000  2120 D VRI[calendar]@6227f29: Not drawing due to not visible. Reason=View.GONE
04-15 09:53:35.844  2000  2120 I VRI[calendar]@6227f29: dispatchDetachedFromWindow
04-15 09:53:35.844  1542  1677 D InputTransport: Input channel destroyed: 'ff8d2c2', fd=972
04-15 09:53:35.844  1542  1677 D SurfaceComposerClient: setCornerRadius ## 762e546 com.google.android.calendar/com.google.android.calendar.allinone.AllInOneCalendarActivity#18771 cornerRadius=0.000000
04-15 09:53:35.845  1542  1677 D SurfaceComposerClient: setCornerRadius ## 762e546 com.google.android.calendar/com.google.android.calendar.allinone.AllInOneCalendarActivity#18771 cornerRadius=0.000000
04-15 09:53:35.845  2000  2120 D InputTransport: Input channel destroyed: 'ff8d2c2', fd=700
04-15 09:53:35.846  1542  1585 D SurfaceComposerClient: setCornerRadius ## 762e546 com.google.android.calendar/com.google.android.calendar.allinone.AllInOneCalendarActivity#18771 cornerRadius=0.000000
04-15 09:53:35.847  1059  1180 I HYPER-HAL: [RequestManager.cpp]releaseLocked(): Released ID : 1219160
04-15 09:53:35.851  1542  1585 D SurfaceComposerClient: setCornerRadius ## 762e546 com.google.android.calendar/com.google.android.calendar.allinone.AllInOneCalendarActivity#18771 cornerRadius=0.000000
04-15 09:53:35.857  3979  3988 I ndroid.calendar: Background concurrent mark compact GC freed 51MB AllocSpace bytes, 0(0B) LOS objects, 66% free, 21MB/63MB, paused 2.289ms,3.220ms total 127.806ms
04-15 09:53:35.858  1151  1151 I SurfaceFlinger: RequestedLayer [Splash Screen com.google.android.calendar$_2000#18768] hidden!! flag  from(0) --> to(1)
04-15 09:53:35.858  1151  1151 I SurfaceFlinger: [LayerHierarchy{RequestedLayerState{762e546 com.google.android.calendar/com.google.android.calendar.allinone.AllInOneCalendarActivity#18771 parentId=16293} 1 children}] reparent to LayerHierarchy{RequestedLayerState{ActivityRecord{243114305 u0 com.google.android.calendar/.allinone.AllInOneCalendarActivity t3801}#16293 parentId=16292} 5 children}
04-15 09:53:35.858  1151  1151 I SurfaceFlinger: [LayerHierarchy{RequestedLayerState{Surface(name=762e546 com.google.android.calendar/com.google.android.calendar.allinone.AllInOneCalendarActivity)/@0xdc20ab8 - animation-leash of starting_reveal#18777} no children}] reparent to OffscreenRoot
04-15 09:53:35.858  1151  1151 I SurfaceFlinger: [LayerHierarchy{RequestedLayerState{Surface(name=762e546 com.google.android.calendar/com.google.android.calendar.allinone.AllInOneCalendarActivity)/@0xdc20ab8 - animation-leash of starting_reveal#18777} no children}] RelativeParent to null
04-15 09:53:35.867  1151  1151 D SurfaceFlinger: Display 4633128672291735999 HWC layers:
04-15 09:53:35.867  1151  1151 D SurfaceFlinger:        DEVICE |           17089674871051 | 00002102 | RGBA_8888    |    0.0    0.0  720.0 1544.0 |    0    0  720 1544 | com.google.android.calendar/com.goog[...]AllInOneCalendarActivity$_3979#18772 (5)
04-15 09:53:35.867  1151  1151 D SurfaceFlinger:        CLIENT |           82867099009084 | 00002102 | RGBA_8888    |    0.0    0.0    1.0 1544.0 |  719    0  720 1544 | com.catfact.app.feature.factdetail.t[...]tyInvoker$EmptyActivity$_19294#18762 (1)
04-15 09:53:35.867  1151  1151 D SurfaceFlinger:        DEVICE |            8589934654704 | 00002100 | RGBA_8888    |    0.0    0.0  720.0   50.0 |    0    0  720   50 | StatusBar$_2000#102 (26399)
04-15 09:53:35.867  1151  1151 D SurfaceFlinger:        DEVICE |           10569914518889 | 00002100 | RGBA_8888    |    0.0    0.0   67.0  353.0 |  653  192  720  545 | com.sec.android.app.launcher/com.sam[...]l.app.CocktailBarService$_2461#16495 (1)
04-15 09:53:35.867  1151  1151 D SurfaceFlinger:        DEVICE |            8589934654693 | 00002100 | RGBA_8888    |    0.0    0.0  720.0   90.0 |    0 1454  720 1544 | NavigationBar0$_2000#98 (17199)
04-15 09:53:35.867  1151  1151 D SurfaceFlinger:
04-15 09:53:35.879  2000  2105 I SurfaceControlRegistry: apply, t=FinishTransaction_SyncId<1675>, caller=android.view.SurfaceControl$Transaction.apply:3459 android.view.SurfaceControl$Transaction.apply:3447 android.view.SurfaceControl$Transaction.apply:3397 com.android.wm.shell.transition.Transitions.onFinish:315 com.android.wm.shell.transition.Transitions$$ExternalSyntheticLambda7.onTransitionFinished:12 com.android.wm.shell.transition.DefaultTransitionHandler$$ExternalSyntheticLambda2.run:36
04-15 09:53:35.881 19294 19294 I VRI[InstrumentationActivityInvoker$EmptyActivity]@8482357: handleAppVisibility mAppVisible = true visible = false
04-15 09:53:35.882  1542  3827 D SurfaceComposerClient: setCornerRadius ## 762e546 com.google.android.calendar/com.google.android.calendar.allinone.AllInOneCalendarActivity#18771 cornerRadius=0.000000
04-15 09:53:35.882 19294 19294 D VRI[InstrumentationActivityInvoker$EmptyActivity]@8482357: visibilityChanged oldVisibility=true newVisibility=false
04-15 09:53:35.882  1542  3827 D SurfaceComposerClient: setCornerRadius ## 762e546 com.google.android.calendar/com.google.android.calendar.allinone.AllInOneCalendarActivity#18771 cornerRadius=0.000000
04-15 09:53:35.883  1151  1151 D SurfaceFlinger: Display 4633128672291735999 HWC layers:
04-15 09:53:35.883  1151  1151 D SurfaceFlinger:        DEVICE |           17089674871050 | 00002102 | RGBA_8888    |    0.0    0.0  720.0 1544.0 |    0    0  720 1544 | com.google.android.calendar/com.goog[...]AllInOneCalendarActivity$_3979#18772 (6)
04-15 09:53:35.883  1151  1151 D SurfaceFlinger:        DEVICE |            8589934654704 | 00002100 | RGBA_8888    |    0.0    0.0  720.0   50.0 |    0    0  720   50 | StatusBar$_2000#102 (26399)
04-15 09:53:35.883  1151  1151 D SurfaceFlinger:        DEVICE |           10569914518889 | 00002100 | RGBA_8888    |    0.0    0.0   67.0  353.0 |  653  192  720  545 | com.sec.android.app.launcher/com.sam[...]l.app.CocktailBarService$_2461#16495 (1)
04-15 09:53:35.883  1151  1151 D SurfaceFlinger:        DEVICE |            8589934654693 | 00002100 | RGBA_8888    |    0.0    0.0  720.0   90.0 |    0 1454  720 1544 | NavigationBar0$_2000#98 (17199)
04-15 09:53:35.883  1151  1151 D SurfaceFlinger:
04-15 09:53:35.884  1151  1151 I SurfaceFlinger: RequestedLayer [Task=3879#18747] hidden!! flag  from(0) --> to(1)
04-15 09:53:35.884  1151  1151 I SurfaceFlinger: [Display 0 name="Built-in Screen"#49] setFrameRateCategory: Default
04-15 09:53:35.884  1151  1151 I SurfaceFlinger: [LayerHierarchy{RequestedLayerState{Task=3801#16292 parentId=10 z=13} 1 children}] reparent to LayerHierarchy{RequestedLayerState{DefaultTaskDisplayArea_d0#10 parentId=9} 16 children}
04-15 09:53:35.885  1151  1151 I SurfaceFlinger: [LayerHierarchy{RequestedLayerState{Task=3879#18747 parentId=10 z=12} 3 children}] reparent to LayerHierarchy{RequestedLayerState{DefaultTaskDisplayArea_d0#10 parentId=9} 17 children}
04-15 09:53:35.885  1151  1151 I SurfaceFlinger: [LayerHierarchy{RequestedLayerState{Transition Root: Task=3801#18769 z=13} 1 children}] reparent to OffscreenRoot
04-15 09:53:35.885  1151  1151 I SurfaceFlinger: [LayerHierarchy{RequestedLayerState{Transition Root: Task=3801#18769 z=13} 1 children}] RelativeParent to null
04-15 09:53:35.885  1151  1151 I SurfaceFlinger: [LayerHierarchy{RequestedLayerState{DimTransitionLayer for Surface(name=Task=3879)/@0x8f31a74#18770 z=-1} no children}] reparent to OffscreenRoot
04-15 09:53:35.885  1151  1151 I SurfaceFlinger: [LayerHierarchy{RequestedLayerState{DimTransitionLayer for Surface(name=Task=3879)/@0x8f31a74#18770 z=-1} no children}] RelativeParent to null
04-15 09:53:35.887 19294 19332 D HWUI    : CacheManager::trimMemory(20)
04-15 09:53:35.887  1151  1151 I SurfaceFlinger: id=18770 Removed DimTransitionLayer for Surface(name=Task=3879)/@0x8f31a74#18770 (220)
04-15 09:53:35.887  1151  1151 I SurfaceFlinger: id=18769 Removed Transition Root: Task=3801#18769 (220)
04-15 09:53:35.887  1542  1582 D PkgPredictorService-SecIpmManagerServiceImpl: bg information pid:19294 uid:10748 pkgName:com.catfact.app.feature.factdetail.test
04-15 09:53:35.889  1542  1585 D SurfaceComposerClient: setCornerRadius ## 762e546 com.google.android.calendar/com.google.android.calendar.allinone.AllInOneCalendarActivity#18771 cornerRadius=0.000000
04-15 09:53:35.893  1151  1151 I SurfaceFlinger: destroyed Transition Root: Task=3801#18769
04-15 09:53:35.893  1151  1151 I SurfaceFlinger: destroyed DimTransitionLayer for Surface(name=Task=3879)/@0x8f31a74#18770
04-15 09:53:35.894  1542  3827 I WindowManager: Relayout Window{86ce761 u0 com.catfact.app.feature.factdetail.test/androidx.test.core.app.InstrumentationActivityInvoker$EmptyActivity}: viewVisibility=8 req=720x1544 ty=1 d0
04-15 09:53:35.894  1542  3827 D SurfaceComposerClient: setCornerRadius ## 762e546 com.google.android.calendar/com.google.android.calendar.allinone.AllInOneCalendarActivity#18771 cornerRadius=0.000000
04-15 09:53:35.894  2461 30001 I HoneySpace.Memory-Monitor: current state = 2, didTrim = false
04-15 09:53:35.894  1542  3827 D SurfaceComposerClient: setCornerRadius ## 762e546 com.google.android.calendar/com.google.android.calendar.allinone.AllInOneCalendarActivity#18771 cornerRadius=0.000000
04-15 09:53:35.895  1151  1151 I Layer   : id=18769 Destroyed Transition Root: Task=3801#18769
04-15 09:53:35.895  1151  1151 I Layer   : id=18770 Destroyed DimTransitionLayer for Surface(name=Task=3879)/@0x8f31a74#18770
04-15 09:53:35.895  2000  2125 D StackScroller: onDisplayChanged for predraw skip to 2
04-15 09:53:35.895  1542  3827 I WindowManager: Relayout hash=86ce761, pid=19294, syncId=-1: mAttrs={(0,0)(fillxfill) sim={adjust=pan forwardNavigation} layoutInDisplayCutoutMode=always ty=BASE_APPLICATION
04-15 09:53:35.895  1542  3827 I WindowManager:   fl=81810100
04-15 09:53:35.895  1542  3827 I WindowManager:   pfl=100088c0
04-15 09:53:35.895  1542  3827 I WindowManager:   bhv=1
04-15 09:53:35.895  1542  3827 I WindowManager:   fitSides=0
04-15 09:53:35.895  1542  3827 I WindowManager:   frameRateBoostOnTouch=true
04-15 09:53:35.895  1542  3827 I WindowManager:   dvrrWindowFrameRateHint=true naviIconColor=0}
04-15 09:53:35.896  2000  2000 D SystemUIService: SYSUI_RAM_OPTIMIZATION onTrimMemory=20
04-15 09:53:35.897  2000  2000 D CentralSurfaces: SYSUI_RAM_OPTIMIZATION onTrimMemory=20
04-15 09:53:35.897  2000  2000 D DisplayLifecycle: updateDisplay id = 0
04-15 09:53:35.898  2000  2196 D HWUI    : CacheManager::trimMemory(20)
04-15 09:53:35.901  1151  1151 I SurfaceFlinger: RequestedLayer [com.catfact.app.feature.factdetail.t[...]tyInvoker$EmptyActivity$_19294#18762] hidden!! flag  from(0) --> to(1)
04-15 09:53:35.901  1151  1151 I SurfaceFlinger: RequestedLayer [ActivityRecord{182827332 u0 com.catf[...]tyInvoker$EmptyActivity t3879}#18760] hidden!! flag  from(0) --> to(1)
04-15 09:53:35.901  1151  1151 I SurfaceFlinger: [LayerHierarchy{RequestedLayerState{ImeContainer#15 parentId=16293 relativeParentId=18771 z=1} 1 children}] RelativeParent to LayerHierarchy{RequestedLayerState{762e546 com.google.android.calendar/com.google.android.calendar.allinone.AllInOneCalendarActivity#18771 parentId=16293} 2 children}
04-15 09:53:35.901  1151  1151 I SurfaceFlinger: [LayerHierarchy{RequestedLayerState{ff8d2c2 Splash Screen com.google.android.calendar#18767 z=2147483647} 1 children}] reparent to OffscreenRoot
04-15 09:53:35.901  1151  1151 I SurfaceFlinger: [LayerHierarchy{RequestedLayerState{ff8d2c2 Splash Screen com.google.android.calendar#18767 z=2147483647} 1 children}] RelativeParent to null
04-15 09:53:35.901  1151  1151 I SurfaceFlinger: [LayerHierarchy{RequestedLayerState{Splash Screen com.google.android.calendar$_2000#18768} no children}] reparent to OffscreenRoot
04-15 09:53:35.901  1151  1151 I SurfaceFlinger: [LayerHierarchy{RequestedLayerState{Splash Screen com.google.android.calendar$_2000#18768} no children}] RelativeParent to null
04-15 09:53:35.903  1151  1151 I SurfaceFlinger: id=18767 Removed ff8d2c2 Splash Screen com.google.android.calendar#18767 (218)
04-15 09:53:35.903  1151  1151 I SurfaceFlinger: id=18768 Removed Splash Screen com.google.android.calendar$_2000#18768 (218)
04-15 09:53:35.905 19294 19294 I VRI[InstrumentationActivityInvoker$EmptyActivity]@8482357: Relayout returned: old=(0,0,720,1544) new=(0,0,720,1544) relayoutAsync=false req=(720,1544)8 dur=9 res=0x2 s={false 0x0} ch=true seqId=0
04-15 09:53:35.905 19294 19294 D VRI[InstrumentationActivityInvoker$EmptyActivity]@8482357: Not drawing due to not visible. Reason=!mAppVisible && !mForceDecorViewVisibility
04-15 09:53:35.907 19294 19294 I VRI[ComponentActivity]@5967d0: stopped(true) old = false
04-15 09:53:35.907 19294 19294 D VRI[ComponentActivity]@5967d0: WindowStopped on com.catfact.app.feature.factdetail.test/androidx.activity.ComponentActivity set to true
04-15 09:53:35.907 19294 19332 D HWUI    : CacheManager::trimMemory(20)
04-15 09:53:35.909  1151  1151 I SurfaceFlinger: destroyed ff8d2c2 Splash Screen com.google.android.calendar#18767
04-15 09:53:35.909  1151  1151 I SurfaceFlinger: destroyed Splash Screen com.google.android.calendar$_2000#18768
04-15 09:53:35.911  1151  1151 I Layer   : id=18767 Destroyed ff8d2c2 Splash Screen com.google.android.calendar#18767
04-15 09:53:35.912  1151  1151 I Layer   : id=18768 Destroyed Splash Screen com.google.android.calendar$_2000#18768
04-15 09:53:35.914 19294 19294 D LifecycleMonitor: Lifecycle status change: androidx.activity.ComponentActivity@de3fb15 in: STOPPED
04-15 09:53:35.914 19294 19294 V ActivityScenario: Update currentActivityStage to STOPPED, currentActivity=androidx.activity.ComponentActivity@de3fb15
04-15 09:53:35.965 19294 19294 W WindowOnBackDispatcher: sendCancelIfRunning: isInProgress=false callback=android.app.Activity$$ExternalSyntheticLambda0@5b530fc
04-15 09:53:35.965 19294 19294 D LifecycleMonitor: Lifecycle status change: androidx.activity.ComponentActivity@de3fb15 in: DESTROYED
04-15 09:53:35.965 19294 19294 V ActivityScenario: Update currentActivityStage to DESTROYED, currentActivity=null
04-15 09:53:35.967 19294 19332 D HWUI    : CacheManager::trimMemory(20)
04-15 09:53:35.970 19294 19294 D ViewRootImpl: Skipping stats log for color mode
04-15 09:53:35.970 19294 19294 I VRI[ComponentActivity]@5967d0: dispatchDetachedFromWindow
04-15 09:53:35.970  1542  2101 D InputTransport: Input channel destroyed: 'a40f3b6', fd=874
04-15 09:53:35.971  1542  2101 D SurfaceComposerClient: setCornerRadius ## 762e546 com.google.android.calendar/com.google.android.calendar.allinone.AllInOneCalendarActivity#18771 cornerRadius=0.000000
04-15 09:53:35.971  1542  2101 D SurfaceComposerClient: setCornerRadius ## 762e546 com.google.android.calendar/com.google.android.calendar.allinone.AllInOneCalendarActivity#18771 cornerRadius=0.000000
04-15 09:53:35.972 19294 19294 D InputTransport: Input channel destroyed: 'a40f3b6', fd=126
04-15 09:53:35.973 19294 19294 I VRI[InstrumentationActivityInvoker$EmptyActivity]@8482357: stopped(true) old = false
04-15 09:53:35.973 19294 19294 D VRI[InstrumentationActivityInvoker$EmptyActivity]@8482357: WindowStopped on com.catfact.app.feature.factdetail.test/androidx.test.core.app.InstrumentationActivityInvoker$EmptyActivity set to true
04-15 09:53:35.975 19294 19332 D HWUI    : CacheManager::trimMemory(20)
04-15 09:53:35.975  1151  2479 I SurfaceFlinger: id=18757 Removed c0a543d ActivityRecordInputSink com.catfact.app.feature.factdetail.test/androidx.activity.ComponentActivity#18757 (216)
04-15 09:53:35.981 19294 19315 D IdlingRegistry: Unregistering idling resources: [androidx.compose.ui.test.EspressoLink@5fe0021]
04-15 09:53:35.982  1151  1151 I SurfaceFlinger: [LayerHierarchy{RequestedLayerState{com.catfact.app.feature.factdetail.test/androidx.activity.ComponentActivity$_19294#18752} no children}] reparent to OffscreenRoot
04-15 09:53:35.983  1151  1151 I SurfaceFlinger: [LayerHierarchy{RequestedLayerState{com.catfact.app.feature.factdetail.test/androidx.activity.ComponentActivity$_19294#18752} no children}] RelativeParent to null
04-15 09:53:35.983  1151  1151 I SurfaceFlinger: [LayerHierarchy{RequestedLayerState{a40f3b6 com.catfact.app.feature.factdetail.test/androidx.activity.ComponentActivity#18751} no children}] reparent to OffscreenRoot
04-15 09:53:35.983  1151  1151 I SurfaceFlinger: [LayerHierarchy{RequestedLayerState{a40f3b6 com.catfact.app.feature.factdetail.test/androidx.activity.ComponentActivity#18751} no children}] RelativeParent to null
04-15 09:53:35.983  1151  1151 I SurfaceFlinger: [LayerHierarchy{RequestedLayerState{ActivityRecord{56579459 u0 com.catfact.app.feature.factdetail.test/androidx.activity.ComponentActivity t3879}#18748} 1 children}] reparent to OffscreenRoot
04-15 09:53:35.983  1151  1151 I SurfaceFlinger: [LayerHierarchy{RequestedLayerState{ActivityRecord{56579459 u0 com.catfact.app.feature.factdetail.test/androidx.activity.ComponentActivity t3879}#18748} 1 children}] RelativeParent to null
04-15 09:53:35.985  1151  1151 I SurfaceFlinger: id=18751 Removed a40f3b6 com.catfact.app.feature.factdetail.test/androidx.activity.ComponentActivity#18751 (216)
04-15 09:53:35.985 19294 19294 D LifecycleMonitor: Lifecycle status change: androidx.test.core.app.InstrumentationActivityInvoker$EmptyActivity@6adb649 in: STOPPED
04-15 09:53:35.985  1151  1151 I SurfaceFlinger: id=18752 Removed com.catfact.app.feature.factdetail.test/androidx.activity.ComponentActivity$_19294#18752 (216)
04-15 09:53:35.986 19294 19294 W WindowOnBackDispatcher: sendCancelIfRunning: isInProgress=false callback=android.app.Activity$$ExternalSyntheticLambda0@7827ab0
04-15 09:53:35.987 19294 19294 D LifecycleMonitor: Lifecycle status change: androidx.test.core.app.InstrumentationActivityInvoker$EmptyActivity@6adb649 in: DESTROYED
04-15 09:53:35.988 19294 19332 D HWUI    : CacheManager::trimMemory(20)
04-15 09:53:35.990 19294 19294 D ViewRootImpl: Skipping stats log for color mode
04-15 09:53:35.990 19294 19294 I VRI[InstrumentationActivityInvoker$EmptyActivity]@8482357: dispatchDetachedFromWindow
04-15 09:53:35.990  1542  3827 D InputTransport: Input channel destroyed: '86ce761', fd=808
04-15 09:53:35.991  1151  1151 I SurfaceFlinger: destroyed com.catfact.app.feature.factdetail.test/androidx.activity.ComponentActivity$_19294#18752
04-15 09:53:35.991  1151  1151 I SurfaceFlinger: destroyed a40f3b6 com.catfact.app.feature.factdetail.test/androidx.activity.ComponentActivity#18751
04-15 09:53:35.991  1542  3827 D SurfaceComposerClient: setCornerRadius ## 762e546 com.google.android.calendar/com.google.android.calendar.allinone.AllInOneCalendarActivity#18771 cornerRadius=0.000000
04-15 09:53:35.991  1542  3827 D SurfaceComposerClient: setCornerRadius ## 762e546 com.google.android.calendar/com.google.android.calendar.allinone.AllInOneCalendarActivity#18771 cornerRadius=0.000000
04-15 09:53:35.993 19294 19294 D InputTransport: Input channel destroyed: '86ce761', fd=143
04-15 09:53:35.993  1151  1151 I Layer   : id=18752 Destroyed com.catfact.app.feature.factdetail.test/androidx.activity.ComponentActivity$_19294#18752
04-15 09:53:35.993  1151  1151 I Layer   : id=18751 Destroyed a40f3b6 com.catfact.app.feature.factdetail.test/androidx.activity.ComponentActivity#18751
04-15 09:53:35.995  1151  1200 I SurfaceFlinger: id=18766 Removed 67037d6 ActivityRecordInputSink com.catfact.app.feature.factdetail.test/androidx.test.core.app.InstrumentationActivityInvoker$EmptyActivity#18766 (214)
04-15 09:53:35.995  1151  1199 I SurfaceFlinger: id=18779 createSurf, flag=24004, Task=3879#18779
04-15 09:53:35.999  1151  1151 I SurfaceFlinger: [Task=3879#18779] attach to parent Root
04-15 09:53:36.001  2461  2461 I HoneySpace.TaskStackChangeRepositoryImpl: onTaskRemoved : 3879
04-15 09:53:36.005  2461  2584 I HoneySpace.TopTaskSource: onTaskRemoved: 3879
04-15 09:53:36.006  2461  2461 I HoneySpace.TaskStackChangeRepositoryImpl: onTaskRemoved : 3879
04-15 09:53:36.006  2461 30001 I HoneySpace.RecentTasks: onRunningTaskVanished
04-15 09:53:36.006  2461  2461 I HoneySpace.TaskListViewModel[173795743]: taskRemoveId, 3879
04-15 09:53:36.006  2461  4418 I HoneySpace.RecentTasks: onRecentTasksChanged
04-15 09:53:36.006  2461  2461 W HoneySpace.TaskListViewModel[173795743]: task is already removed: 3879
04-15 09:53:36.007  2461  2461 I HoneySpace.TaskListViewModel[173795743]: taskRemoveId, 3879
04-15 09:53:36.007  2461  2461 W HoneySpace.TaskListViewModel[173795743]: task is already removed: 3879
04-15 09:53:36.008  1151  1151 I SurfaceFlinger: [LayerHierarchy{RequestedLayerState{Task=3879#18747 z=12} 1 children}] reparent to OffscreenRoot
04-15 09:53:36.008  1151  1151 I SurfaceFlinger: [LayerHierarchy{RequestedLayerState{Task=3879#18747 z=12} 1 children}] RelativeParent to null
04-15 09:53:36.008  1151  1151 I SurfaceFlinger: [LayerHierarchy{RequestedLayerState{ActivityRecord{182827332 u0 com.catfact.app.feature.factdetail.test/androidx.test.core.app.InstrumentationActivityInvoker$EmptyActivity t3879}#18760} 2 children}] reparent to OffscreenRoot
04-15 09:53:36.008  1151  1151 I SurfaceFlinger: [LayerHierarchy{RequestedLayerState{ActivityRecord{182827332 u0 com.catfact.app.feature.factdetail.test/androidx.test.core.app.InstrumentationActivityInvoker$EmptyActivity t3879}#18760} 2 children}] RelativeParent to null
04-15 09:53:36.008  1151  1151 I SurfaceFlinger: [LayerHierarchy{RequestedLayerState{86ce761 com.catfact.app.feature.factdetail.test/androidx.test.core.app.InstrumentationActivityInvoker$EmptyActivity#18761} 1 children}] reparent to OffscreenRoot
04-15 09:53:36.008  1151  1151 I SurfaceFlinger: [LayerHierarchy{RequestedLayerState{86ce761 com.catfact.app.feature.factdetail.test/androidx.test.core.app.InstrumentationActivityInvoker$EmptyActivity#18761} 1 children}] RelativeParent to null
04-15 09:53:36.008  1151  1151 I SurfaceFlinger: [LayerHierarchy{RequestedLayerState{com.catfact.app.feature.factdetail.test/androidx.test.core.app.InstrumentationActivityInvoker$EmptyActivity$_19294#18762} no children}] reparent to OffscreenRoot
04-15 09:53:36.008  1151  1151 I SurfaceFlinger: [LayerHierarchy{RequestedLayerState{com.catfact.app.feature.factdetail.test/androidx.test.core.app.InstrumentationActivityInvoker$EmptyActivity$_19294#18762} no children}] RelativeParent to null
04-15 09:53:36.008  1151  1151 I SurfaceFlinger: [LayerHierarchy{RequestedLayerState{Task=3879#18779 z=12} no children}] reparent to OffscreenRoot
04-15 09:53:36.008  1151  1151 I SurfaceFlinger: [LayerHierarchy{RequestedLayerState{Task=3879#18779 z=12} no children}] RelativeParent to null
04-15 09:53:36.009 19294 19315 I TestRunner: finished: shareButtonVisibleWhenFactLoaded(com.catfact.app.feature.factdetail.presentation.DetailScreenTest)
