04-15 09:53:33.274 19294 19315 I TestRunner: started: saveNoteButtonAppearsWhenNoteChanged(com.catfact.app.feature.factdetail.presentation.DetailScreenTest)
04-15 09:53:33.274  1151  1151 I SurfaceFlinger: destroyed Task=3877#18711
04-15 09:53:33.274  1151  1151 I SurfaceFlinger: destroyed com.catfact.app.feature.factdetail.test/androidx.test.core.app.InstrumentationActivityInvoker$EmptyActivity$_19294#18694
04-15 09:53:33.276  1151  1151 I Layer   : id=18693 Destroyed 7c14677 com.catfact.app.feature.factdetail.test/androidx.test.core.app.InstrumentationActivityInvoker$EmptyActivity#18693
04-15 09:53:33.276  1151  1151 I Layer   : id=18711 Destroyed Task=3877#18711
04-15 09:53:33.276  1151  1151 I Layer   : id=18694 Destroyed com.catfact.app.feature.factdetail.test/androidx.test.core.app.InstrumentationActivityInvoker$EmptyActivity$_19294#18694
04-15 09:53:33.277  2461 30001 I HoneySpace.RecentTasks: onRunningTaskVanished
04-15 09:53:33.277  2461 30001 I HoneySpace.RecentTasks: onRecentTasksChanged
04-15 09:53:33.287 19294 19315 D IdlingRegistry: Registering idling resources: [androidx.compose.ui.test.EspressoLink@30a8f8c]
04-15 09:53:33.292 19294 19315 W Settings: Setting always_finish_activities has moved from android.provider.Settings.System to android.provider.Settings.Global, returning read-only value.
04-15 09:53:33.298  1542  2484 I SemDvfsHyPerManager: acquire hyper - AMS_APP_SWITCH/1542@28, type = -999
04-15 09:53:33.298  1059  1180 I HYPER-HAL: [RequestManager.cpp]acquire(): Acquired ID : 1233263  [1542 / 28]    HINT : AMS_APP_SWITCH    list :
04-15 09:53:33.299  1059  1180 I HYPER-HAL: [ResourceManager.cpp]updateResource(): [CPULittleMinFreq] UpdateResource Request ID : 1233263    Value : 1824000
04-15 09:53:33.300  1151  1378 I SurfaceFlinger: id=18712 createSurf, flag=24004, Task=3878#18712
04-15 09:53:33.302  3963  3963 I SemDvfsHyPerManager: acquire hyper - APP_START_SHORT/3963@17, type = -999
04-15 09:53:33.302  1059  1180 I HYPER-HAL: [RequestManager.cpp]acquire(): Acquired ID : 7922207  [3963 / 17]    HINT : APP_START    list : [TIMEOUT / 1500]
04-15 09:53:33.303  1151  1378 I SurfaceFlinger: id=18713 createSurf, flag=84004, ActivityRecord{182502404 u0 com.catfact.app.feature.factdetail.test/androidx.activity.ComponentActivity t3878}#18713
04-15 09:53:33.307  2000  2120 D ViewRootImpl: desktopMode is false
04-15 09:53:33.307  2000  2120 I ViewRootImpl: dVRR is disabled
04-15 09:53:33.308  2000  2196 D NativeCustomFrequencyManager: [NativeCFMS] BpCustomFrequencyManager::BpCustomFrequencyManager()
04-15 09:53:33.310  1542  1558 I SemDvfsHyPerManager: acquire hyper - AMS_APP_LAUNCH/1542@21, type = -999
04-15 09:53:33.311  1059  1180 I HYPER-HAL: [RequestManager.cpp]acquire(): Acquired ID : 1222287  [1542 / 21]    HINT : AMS_APP_LAUNCH    list :
04-15 09:53:33.311  3963  3963 I SemDvfsHyPerManager: acquire hyper - APP_START/3963@19, type = -999
04-15 09:53:33.311  3152  3152 E pageboostd: Received HALT command code 2
04-15 09:53:33.311  1059  1180 I HYPER-HAL: [ResourceManager.cpp]updateResource(): [CPULittleMinFreq] UpdateResource Request ID : 1222287    Value : 1824000
04-15 09:53:33.312  1059  1180 I HYPER-HAL: [RequestManager.cpp]acquire(): Acquired ID : 7930172  [3963 / 19]    HINT : APP_START    list :
04-15 09:53:33.313  2000  2105 D ShellDesktopMode: handleRequest: TransitionRequestInfo {type=1, tid=3878, debugId=1670}
04-15 09:53:33.314  1542  2101 D InputTransport: Input channel constructed: '5fdc507', fd=808
04-15 09:53:33.314  1542  2101 D InputTransport: Input channel constructed: '5fdc507', fd=972
04-15 09:53:33.314  1542  2101 D InputTransport: Input channel constructed: '5fdc507', fd=1041
04-15 09:53:33.314  1542  2101 D InputTransport: Input channel destroyed: '5fdc507', fd=972
04-15 09:53:33.314  1151  1378 I SurfaceFlinger: id=18714 createSurf, flag=84004, 5fdc507 Splash Screen com.catfact.app.feature.factdetail.test#18714
04-15 09:53:33.316  1151  1151 I SurfaceFlinger: [Task=3878#18712] attach to parent LayerHierarchy{RequestedLayerState{DefaultTaskDisplayArea_d0#10 parentId=9} 16 children}
04-15 09:53:33.316  1151  1151 I SurfaceFlinger: [ActivityRecord{182502404 u0 com.catfact.app.feature.factdetail.test/androidx.activity.ComponentActivity t3878}#18713] attach to parent LayerHierarchy{RequestedLayerState{Task=3878#18712 parentId=10} 1 children}
04-15 09:53:33.316  1151  1151 I SurfaceFlinger: [5fdc507 Splash Screen com.catfact.app.feature.factdetail.test#18714] attach to parent LayerHierarchy{RequestedLayerState{ActivityRecord{182502404 u0 com.catfact.app.feature.factdetail.test/androidx.activity.ComponentActivity t3878}#18713 parentId=18712} 1 children}
04-15 09:53:33.316  1542  2101 D InputTransport: Input channel destroyed: '5fdc507', fd=1041
04-15 09:53:33.317  2000  2120 D InputTransport: Input channel constructed: '5fdc507', fd=660
04-15 09:53:33.317  2461  2584 I HoneySpace.TopTaskSource: onTaskMovedToFront : taskId = 3878, displayId = 0
04-15 09:53:33.317  2000  2120 I InsetsController: onStateChanged: host=Splash Screen com.catfact.app.feature.factdetail.test, from=android.view.ViewRootImpl.onInsetsStateChanged:3026, state=InsetsState: {mDisplayFrame=Rect(0, 0 - 720, 1544), mDisplayCutout=DisplayCutout{insets=Rect(0, 50 - 0, 0) waterfall=Insets{left=0, top=0, right=0, bottom=0} boundingRect={Bounds=[Rect(0, 0 - 0, 0), Rect(341, 0 - 379, 50), Rect(0, 0 - 0, 0), Rect(0, 0 - 0, 0)]} cutoutPathParserInfo={CutoutPathParserInfo{displayWidth=720 displayHeight=1544 physicalDisplayWidth=720 physicalDisplayHeight=1544 density={1.875} cutoutSpec={M 0,0 H -10 V 26.66666666666667 H 10 V 0 H 0 Z @dp} rotation={0} scale={1.0} physicalPixelDisplaySizeRatio={1.0}}} sideOverrides={}}, mRoundedCorners=RoundedCorners{[RoundedCorner{position=TopLeft, radius=8, center=Point(8, 8)}, RoundedCorner{position=TopRight, radius=8, center=Point(712, 8)}, RoundedCorner{position=BottomRight, radius=8, center=Point(712, 1536)}, RoundedCorner{position=BottomLeft, radius=8, center=Point(8, 1536)}]}  mRoundedCornerFrame=Rect(0, 0 - 720, 1544), mPrivacyIndicatorBounds=PrivacyIndicatorBounds {static bounds=Rect(637, 0 - 720, 50) rotation=0}, mDisplayShape=DisplayShape{ spec=-311912193 displayWidth=720 displayHeight=1544 physicalPixelDisplaySizeRatio=0.5 rotation=0 offsetX=0 offsetY=0 scale=1.0}, mSources= { InsetsSource: {ec730001 mType=navigationBars mFrame=[0,1454][720,1544] mVisible=true mFlags= mSideHint=BOTTOM mBoundingRects=null}, InsetsSource: {ec730004 mType=systemGestures mFrame=[0,0][0,0] mVisible=true mFlags= mSideHint=NONE mBoundingRects=null}, InsetsSource: {ec730005 mType=mandatorySystemGestures mFrame=[0,1454][720,1544] mVisible=true mFlags= mSideHint=BOTTOM mBoundingRects=null}, InsetsSource: {ec730006 mType=tappableElement mFrame=[0,1454][720,1544] mVisible=true mFlags= mSideHint=BOTTOM mBoundingRects=null}, InsetsSource: {ec730024 mType=systemGestures mFrame=[0,0][0,0] mVisible=true mFlags= mSideHint=NONE mBoundingRects=null}, InsetsSource: {27 mType=displayCutout mFrame=[0,0][720,50] mVisible=true mFlags= mSideHint=TOP mBoundingRects=null}, InsetsSource: {43950000 mType=statusBars mFrame=[0,0][720,50] mVisible=true mFlags= mSideHint=TOP mBoundingRects=null}, InsetsSource: {43950005 mType=mandatorySystemGestures mFrame=[0,0][720,73] mVisible=true mFlags= mSideHint=TOP mBoundingRects=null}, InsetsSource: {43950006 mType=tappableElement mFrame=[0,0][720,50] mVisible=true mFlags= mSideHint=TOP mBoundingRects=null} }
04-15 09:53:33.317  2000  2120 I VRI[test]@dcd1cac: onActiveControlsChanged, removed=false, mAdded=true, caller=android.view.ViewRootImpl.handleInsetsControlChanged:3002 android.view.ViewRootImpl.setView:2014 android.view.WindowManagerGlobal.addView:604 com.android.wm.shell.startingsurface.SplashscreenWindowCreator.addWindow:38 com.android.wm.shell.startingsurface.StartingWindowController$$ExternalSyntheticLambda4.run:1365
04-15 09:53:33.317  2000  2120 I VRI[test]@dcd1cac: synced displayState. AttachInfo displayState=2
04-15 09:53:33.317  2000  2120 I VRI[test]@dcd1cac: setView = android.widget.FrameLayout@b2e73d6 IsHRR=false mFlingFrameRateChange=0 TM=true
04-15 09:53:33.317  2461  2586 I HoneySpace.TopTaskUseCase: topTasks 3878 ComponentInfo{com.catfact.app.feature.factdetail.test/androidx.activity.ComponentActivity}[displayId=0]
04-15 09:53:33.319  2000  2196 D HWUI    : HWUI - treat SMPTE_170M as sRGB
04-15 09:53:33.321  1542  1558 I WindowManager: Relayout Window{5fdc507 u0 Splash Screen com.catfact.app.feature.factdetail.test}: viewVisibility=0 req=720x1544 ty=3 d0
04-15 09:53:33.321  2461  4418 I HoneySpace.RecentTasks: onRecentTasksChanged
04-15 09:53:33.321  2461  4416 I HoneySpace.RecentTasks: onRecentTasksChanged
04-15 09:53:33.321  1151  1378 I SurfaceFlinger: id=18715 createSurf, flag=44004, Splash Screen com.catfact.app.feature.factdetail.test$_2000#18715
04-15 09:53:33.323  1542  1558 D SurfaceComposerClient: setCornerRadius ## 5fdc507 Splash Screen com.catfact.app.feature.factdetail.test#18714 cornerRadius=0.000000
04-15 09:53:33.323  1542  1558 D SurfaceComposerClient: setCornerRadius ## 556ca3f com.google.android.calendar/com.google.android.calendar.allinone.AllInOneCalendarActivity#18703 cornerRadius=0.000000
04-15 09:53:33.323  1542  1558 D SurfaceComposerClient: setCornerRadius ## 556ca3f com.google.android.calendar/com.google.android.calendar.allinone.AllInOneCalendarActivity#18703 cornerRadius=0.000000
04-15 09:53:33.324  1151  1151 I SurfaceFlinger: [Display 0 name="Built-in Screen"#49] setFrameRateCategory: High
04-15 09:53:33.324  1151  1151 I SurfaceFlinger: [Splash Screen com.catfact.app.feature.factdetail.test$_2000#18715] attach to parent LayerHierarchy{RequestedLayerState{5fdc507 Splash Screen com.catfact.app.feature.factdetail.test#18714 parentId=18713} 1 children}
04-15 09:53:33.324  1542  1558 I WindowManager: Relayout hash=5fdc507, pid=2000, syncId=-1: mAttrs={(0,0)(fillxfill) sim={adjust=pan} layoutInDisplayCutoutMode=always ty=APPLICATION_STARTING fmt=TRANSLUCENT wanim=0x1030317
04-15 09:53:33.324  1542  1558 I WindowManager:   fl=81030118
04-15 09:53:33.324  1542  1558 I WindowManager:   pfl=10000810
04-15 09:53:33.324  1542  1558 I WindowManager:   apr=18
04-15 09:53:33.324  1542  1558 I WindowManager:   bhv=1
04-15 09:53:33.324  1542  1558 I WindowManager:   fitSides=0
04-15 09:53:33.324  1542  1558 I WindowManager:   frameRateBoostOnTouch=true
04-15 09:53:33.324  1542  1558 I WindowManager:   dvrrWindowFrameRateHint=true naviIconColor=0}
04-15 09:53:33.326  1151  1151 I BpBinder: onLastStrongRef automatically unlinking death recipients:
04-15 09:53:33.326  1542  3964 D InputDispatcher: Focused application(0): ActivityRecord{182502404 u0 com.catfact.app.feature.factdetail.test/androidx.activity.ComponentActivity t3878}
04-15 09:53:33.327  1542  1558 D GraphicsStatsService: requestRenderEngineFor(com.catfact.app.feature.factdetail.test)
04-15 09:53:33.328  2000  2120 I VRI[test]@dcd1cac: onActiveControlsChanged, removed=false, mAdded=true, caller=android.view.ViewRootImpl.handleInsetsControlChanged:3002 android.view.ViewRootImpl.relayoutWindow:11629 android.view.ViewRootImpl.performTraversals:4804 android.view.ViewRootImpl.doTraversal:3924 android.view.ViewRootImpl$TraversalRunnable.run:12903
04-15 09:53:33.328  2000  2120 I BLASTBufferQueue_Java: new BLASTBufferQueue, mName= VRI[test]@dcd1cac mNativeObject= 0xb40000741d3969e0 caller= android.view.ViewRootImpl.updateBlastSurfaceIfNeeded:3585 android.view.ViewRootImpl.relayoutWindow:11685 android.view.ViewRootImpl.performTraversals:4804 android.view.ViewRootImpl.doTraversal:3924 android.view.ViewRootImpl$TraversalRunnable.run:12903 android.view.Choreographer$CallbackRecord.run:1901 android.view.Choreographer$CallbackRecord.run:1910 android.view.Choreographer.doCallbacks:1367 android.view.Choreographer.doFrame:1292 android.view.Choreographer$FrameDisplayEventReceiver.run:1870
04-15 09:53:33.328  2000  2120 I BLASTBufferQueue_Java: update, w= 720 h= 1544 mName = VRI[test]@dcd1cac mNativeObject= 0xb40000741d3969e0 sc.mNativeObject= 0xb40000751c5498d0 format= -3 caller= android.view.ViewRootImpl.updateBlastSurfaceIfNeeded:3590 android.view.ViewRootImpl.relayoutWindow:11685 android.view.ViewRootImpl.performTraversals:4804 android.view.ViewRootImpl.doTraversal:3924 android.view.ViewRootImpl$TraversalRunnable.run:12903 android.view.Choreographer$CallbackRecord.run:1901
04-15 09:53:33.329  1218  1218 I CameraService: onUidStateChanged: uid=10048, procState is changed. (0 -> 1)
04-15 09:53:33.329  1542  3964 D SurfaceComposerClient: setCornerRadius ## 5fdc507 Splash Screen com.catfact.app.feature.factdetail.test#18714 cornerRadius=0.000000
04-15 09:53:33.330  1542  3964 D SurfaceComposerClient: setCornerRadius ## 5fdc507 Splash Screen com.catfact.app.feature.factdetail.test#18714 cornerRadius=0.000000
04-15 09:53:33.331  2000  2120 I VRI[test]@dcd1cac: Relayout returned: old=(0,0,720,1544) new=(0,0,720,1544) relayoutAsync=false req=(720,1544)0 dur=8 res=0x3 s={true 0xb40000748cae9210} ch=true seqId=0
04-15 09:53:33.332  1151  1151 I SurfaceFlinger: [LayerHierarchy{RequestedLayerState{ImeContainer#15 parentId=16293 relativeParentId=16293 z=1} 1 children}] RelativeParent to null
04-15 09:53:33.332  2000  2120 D VRI[test]@dcd1cac: mThreadedRenderer.initialize() mSurface={isValid=true 0xb40000748cae9210} hwInitialized=true
04-15 09:53:33.333  2000  2120 D VRI[test]@dcd1cac: reportNextDraw android.view.ViewRootImpl.performTraversals:5443 android.view.ViewRootImpl.doTraversal:3924 android.view.ViewRootImpl$TraversalRunnable.run:12903 android.view.Choreographer$CallbackRecord.run:1901 android.view.Choreographer$CallbackRecord.run:1910
04-15 09:53:33.333  2000  2120 D VRI[test]@dcd1cac: Setup new sync=wmsSync-VRI[test]@dcd1cac#94
04-15 09:53:33.333  2000  2120 I VRI[test]@dcd1cac: Creating new active sync group VRI[test]@dcd1cac#95
04-15 09:53:33.333  2000  2120 D VRI[test]@dcd1cac: registerCallbacksForSync syncBuffer=false
04-15 09:53:33.333  2000  2194 D VRI[test]@dcd1cac: Received frameDrawingCallback syncResult=0 frameNum=1.
04-15 09:53:33.333  2000  2194 I VRI[test]@dcd1cac: mWNT: t=0xb4000074fc7b2e50 mBlastBufferQueue=0xb40000741d3969e0 fn= 1 HdrRenderState mRenderHdrSdrRatio=1.0 caller= android.view.ViewRootImpl$12.onFrameDraw:15441 android.view.ThreadedRenderer$1.onFrameDraw:718 <bottom of call stack>
04-15 09:53:33.333  2000  2194 I VRI[test]@dcd1cac: Setting up sync and frameCommitCallback
04-15 09:53:33.335  1542  1825 D AS.MultiSoundManager: mForegroundUid = 10748
04-15 09:53:33.335  2000  2196 I BLASTBufferQueue: [VRI[test]@dcd1cac#849](f:0,a:0,s:0) onFrameAvailable the first frame is available
04-15 09:53:33.335  2000  2196 I VRI[test]@dcd1cac: Received frameCommittedCallback lastAttemptedDrawFrameNum=1 didProduceBuffer=true
04-15 09:53:33.336  1151  1199 I SurfaceFlinger: [Splash Screen com.catfact.app.feature.factdetail.test$_2000#18715] setTransactionState with the first frame. bufferData(ID: 8589934655907, frameNumber: 1)
04-15 09:53:33.336  2000  2196 D HWUI    : CFMS:: SetUp Pid : 2000    Tid : 2196
04-15 09:53:33.337  2000  2120 D VRI[test]@dcd1cac: reportDrawFinished seqId=0
04-15 09:53:33.337  1542  1582 D PkgPredictorService-SecIpmManagerServiceImpl: onForegroundActivitiesChanged pid:19294 uid:10748
04-15 09:53:33.337  1542  1582 D NetworkPolicy: already checked 10748
04-15 09:53:33.337  1542  1582 D NetworkPolicy: already checked 10748
04-15 09:53:33.338  1542  2944 V PkgPredictorService-SecIpmManagerServiceImpl: discard foreground app:com.catfact.app.feature.factdetail.test 1|true
04-15 09:53:33.338  2000  2000 I {OngoingActivityController}: onTaskFocusChanged but OA data is empty
04-15 09:53:33.338  1542  1585 D SurfaceComposerClient: setCornerRadius ## 5fdc507 Splash Screen com.catfact.app.feature.factdetail.test#18714 cornerRadius=0.000000
04-15 09:53:33.339  1542  1585 D SurfaceComposerClient: setCornerRadius ## 5fdc507 Splash Screen com.catfact.app.feature.factdetail.test#18714 cornerRadius=0.000000
04-15 09:53:33.340  2461  2461 I HoneySpace.EdgePanel.CocktailHostRepositoryImpl: onNoteResume
04-15 09:53:33.340  2461  2461 I HoneySpace.EdgePanel.EdgePanelContainerViewModel: cocktailHostRepository.edgePanelOperation NoteResumeComponent(componentName=ComponentInfo{com.catfact.app.feature.factdetail.test/androidx.activity.ComponentActivity})
04-15 09:53:33.340  2461  2461 I HoneySpace.EdgePanel.ActivityUtils: HomePackage : com.sec.android.app.launcher, resumePackageName : com.catfact.app.feature.factdetail.test, className : androidx.activity.ComponentActivity
04-15 09:53:33.340  1151  2479 I SurfaceFlinger: id=18716 createSurf, flag=84004, Transition Root: Task=3878#18716
04-15 09:53:33.341  1151  1151 I SurfaceFlinger: [Transition Root: Task=3878#18716] attach to parent LayerHierarchy{RequestedLayerState{DefaultTaskDisplayArea_d0#10 parentId=9} 17 children}
04-15 09:53:33.342  1542  1585 I SurfaceControlRegistry: show, t=StartTransaction_SyncId<1670> sc=ActivityRecord{182502404 u0 com.catfact.app.feature.factdetail.test/androidx.activity.ComponentActivity t3878}, caller=android.view.SurfaceControl$Transaction.show:3557 com.android.server.wm.Transition.onTransactionReady:2048 com.android.server.wm.BLASTSyncEngine$SyncGroup.finishNow:240 com.android.server.wm.BLASTSyncEngine.onSurfacePlacement:263 com.android.server.wm.RootWindowContainer.performSurfacePlacementNoTrace:1083 com.android.server.wm.WindowSurfacePlacer.performSurfacePlacement:166
04-15 09:53:33.342  1542  1585 D SurfaceComposerClient: setCornerRadius ## Task=3801#16292 cornerRadius=0.000000
04-15 09:53:33.342  1542  1585 D SurfaceComposerClient: setCornerRadius ## Task=3878#18712 cornerRadius=0.000000
04-15 09:53:33.342  2461  2584 I HoneySpace.TopTaskSource: onTaskFocusChanged(): taskId = 3878
04-15 09:53:33.343  1542  1585 D ScreenCapture: [Capture_TEST] : setIsScreenShotBySystem false
04-15 09:53:33.343  1542  1585 I SurfaceComposerClient: captureLayers:childrenOnly:1, sync:1
04-15 09:53:33.344  1151  1338 D SurfaceFlinger: [input] setFocusedWindow: <null>
04-15 09:53:33.344  1542  4043 D InputDispatcher: Once focus requested (0): <null>
04-15 09:53:33.344  1542  4043 D InputDispatcher: Focus request (0): <null> but waiting because NO_WINDOW
04-15 09:53:33.344  1542  4043 D InputDispatcher: Focus left window (0): 556ca3f com.google.android.calendar/com.google.android.calendar.allinone.AllInOneCalendarActivity
04-15 09:53:33.345  3979  3979 I ImeFocusController: onPreWindowFocus: skipped hasWindowFocus=false mHasImeFocus=true
04-15 09:53:33.346  3979  3979 I ImeFocusController: onPostWindowFocus: skipped hasWindowFocus=false mHasImeFocus=true
04-15 09:53:33.347  1151  1199 I SurfaceFlinger: Capture layer list: 	 com.google.android.calendar/com.google.android.calendar.allinone.AllInOneCalendarActivity$_3979#18704(seamlessTransition:0)
04-15 09:53:33.347  1151  1199 I CompositionEngine: [setDisplaySize] size=(720, 1544)
04-15 09:53:33.348  1151  1206 D RenderEngine: [SEC_SF_EFFECTS] drawLayersInternal,1494, Rendering layer ScreenCaptureFillLayer at index 0
04-15 09:53:33.348  1151  1206 D RenderEngine: [SEC_SF_EFFECTS] drawLayersInternal,1494, Rendering layer com.google.android.calendar/com.google.android.calendar.allinone.AllInOneCalendarActivity$_3979#18704 at index 1
04-15 09:53:33.354  1151  1378 I SurfaceFlinger: id=18717 createSurf, flag=84000, 87e1496 ActivityRecordInputSink com.catfact.app.feature.factdetail.test/androidx.activity.ComponentActivity#18717
04-15 09:53:33.354 18525 18790 I Rubin   : [146] M.c0.k(Unknown Source) : Notify com.samsung.android.rubin.inferenceengine.contextanalytics.engine.loggers.AppUsageLogger's database is updated.
04-15 09:53:33.357  1151  1151 I SurfaceFlinger: [87e1496 ActivityRecordInputSink com.catfact.app.feature.factdetail.test/androidx.activity.ComponentActivity#18717] attach to parent LayerHierarchy{RequestedLayerState{ActivityRecord{182502404 u0 com.catfact.app.feature.factdetail.test/androidx.activity.ComponentActivity t3878}#18713 parentId=18712} 2 children}
04-15 09:53:33.358  2000  2105 I SurfaceControlRegistry: hide, t=FinishTransaction_SyncId<1670> sc=Task=3801, caller=android.view.SurfaceControl$Transaction.hide:3583 com.android.wm.shell.transition.Transitions.dispatchReady:1263 com.android.wm.shell.transition.Transitions.onTransitionReady:251 com.android.wm.shell.transition.Transitions$TransitionPlayerImpl$$ExternalSyntheticLambda0.run:13 android.os.Handler.handleCallback:995 android.os.Handler.dispatchMessage:103
04-15 09:53:33.358  2000  2105 I SurfaceControlRegistry: show, t=StartTransaction_SyncId<1670> sc=Task=3878, caller=android.view.SurfaceControl$Transaction.show:3557 com.android.wm.shell.transition.Transitions.dispatchReady:1279 com.android.wm.shell.transition.Transitions.onTransitionReady:251 com.android.wm.shell.transition.Transitions$TransitionPlayerImpl$$ExternalSyntheticLambda0.run:13 android.os.Handler.handleCallback:995 android.os.Handler.dispatchMessage:103
04-15 09:53:33.358  1151  2758 I SurfaceFlinger: id=18718 createSurf, flag=24000, Surface(name=3edafdc StatusBar)/@0x3b919ed - animation-leash of insets_animation#18718
04-15 09:53:33.359  2000  2105 I SurfaceControlRegistry: show, t=FinishTransaction_SyncId<1670> sc=Task=3878, caller=android.view.SurfaceControl$Transaction.show:3557 com.android.wm.shell.transition.Transitions.dispatchReady:1330 com.android.wm.shell.transition.Transitions.onTransitionReady:251 com.android.wm.shell.transition.Transitions$TransitionPlayerImpl$$ExternalSyntheticLambda0.run:13 android.os.Handler.handleCallback:995 android.os.Handler.dispatchMessage:103
04-15 09:53:33.359  2000  2105 I SurfaceControlRegistry: show, t=StartTransaction_SyncId<1670> sc=Transition Root: Task=3878, caller=android.view.SurfaceControl$Transaction.show:3557 com.android.wm.shell.transition.Transitions.playTransition:79 com.android.wm.shell.transition.Transitions.processReadyQueue:239 com.android.wm.shell.transition.Transitions.dispatchReady:1352 com.android.wm.shell.transition.Transitions.onTransitionReady:251 com.android.wm.shell.transition.Transitions$TransitionPlayerImpl$$ExternalSyntheticLambda0.run:13
04-15 09:53:33.359  3723 26412 I [AirCmd]_ActivitySwitchDetector: onTaskFocusChanged : taskId=3878, componentName=ComponentInfo{com.catfact.app.feature.factdetail.test/androidx.activity.ComponentActivity}
04-15 09:53:33.359  3723 26412 I [AirCmd]_ActivitySwitchDetector: onTaskFocusChanged :mTopMostActivity = ComponentInfo{com.google.android.calendar/com.google.android.calendar.allinone.AllInOneCalendarActivity}
04-15 09:53:33.360  1151  2758 I SurfaceFlinger: id=18719 createSurf, flag=24000, Surface(name=8c5cec7 NavigationBar0)/@0xa68870 - animation-leash of insets_animation#18719
04-15 09:53:33.361  3723 26412 I [AirCmd]_CallbackRepeater: stopRepeat : isWorking=false
04-15 09:53:33.361  3723 26412 I [AirCmd]_MediaControlStateMonitor: isForegroundAppSupportsMediaButton : mediaSession is empty
04-15 09:53:33.362  1542  1585 D SurfaceComposerClient: setCornerRadius ## 5fdc507 Splash Screen com.catfact.app.feature.factdetail.test#18714 cornerRadius=0.000000
04-15 09:53:33.363  2461  4416 I HoneySpace.Memory-Monitor: current state = 2, didTrim = false
04-15 09:53:33.364  2000  2000 D SamsungLightBarControlHelper: updateStatusBar (BLACK icon) numStacks:1, StatusBarMode:MODE_TRANSPARENT, lightBarBounds:[Rect(0, 0 - 720, 1544)], StatusBarState:SHADE, packageName:, isWhiteKeyguardStatusBar:false
04-15 09:53:33.364  2000  2000 D SamsungLightBarControlHelper: onStatusBarAppearanceChanged() -  sbModeChanged:false, statusBarMode:0, barState:MODE_TRANSPARENT, isKeyguardShowing:false, navbarColorManagedByIme:false, (AppearanceRegion{LIGHT_STATUS_BARS bounds=[0,0][720,1544]}, )
04-15 09:53:33.364  2000  2000 D NavigationBar: onSystemBarAttributesChanged() -  displayId:0, appearance:24, packageName: com.catfact.app.feature.factdetail.test (APPEARANCE_LIGHT_STATUS_BARS APPEARANCE_LIGHT_NAVIGATION_BARS ), navbarColorManagedByIme:false
04-15 09:53:33.365  2000  2000 D SamsungLightBarControlHelper: updateNavigationBar (BLACK button) isLightOpaque:false, hasLightNavigationBarFlag:true, packageName:com.catfact.app.feature.factdetail.test, DirectReplying:false, NavBarColorMangedByIme:false, ForceDarkForScrim:false, ForceLightForScrim:false, QsCustomizing:false, QsExpanded:false
04-15 09:53:33.367  2000  2125 D StackScroller: onDisplayChanged for predraw skip to 2
04-15 09:53:33.370  2000  2105 D SurfaceComposerClient: [Task=3801#16292] setEdgeExtension Right
04-15 09:53:33.372  3723 26412 E [AirCmd]_MediaControlStateMonitor: getActiveNotificationPackageName : notification service monitor is null
04-15 09:53:33.372  3723 26412 I [AirCmd]_ButtonEventDetectionThread: enableDoubleClickDetection: enabled= true, doubleClickWaitInterval=300
04-15 09:53:33.373  2000  2000 D DisplayLifecycle: updateDisplay id = 0
04-15 09:53:33.374  1151  1151 I SurfaceFlinger: [LayerHierarchy{RequestedLayerState{8c5cec7 NavigationBar0#91 parentId=18719} 1 children}] reparent to LayerHierarchy{RequestedLayerState{Surface(name=8c5cec7 NavigationBar0)/@0xa68870 - animation-leash of insets_animation#18719 parentId=90} 1 children}
04-15 09:53:33.374  1151  1151 I SurfaceFlinger: [LayerHierarchy{RequestedLayerState{3edafdc StatusBar#95 parentId=18718} 1 children}] reparent to LayerHierarchy{RequestedLayerState{Surface(name=3edafdc StatusBar)/@0x3b919ed - animation-leash of insets_animation#18718 parentId=94} 1 children}
04-15 09:53:33.374  1151  1151 I SurfaceFlinger: [LayerHierarchy{RequestedLayerState{Surface(name=8c5cec7 NavigationBar0)/@0xa68870 - animation-leash of insets_animation#18708} no children}] reparent to OffscreenRoot
04-15 09:53:33.374  1151  1151 I SurfaceFlinger: [LayerHierarchy{RequestedLayerState{Surface(name=8c5cec7 NavigationBar0)/@0xa68870 - animation-leash of insets_animation#18708} no children}] RelativeParent to null
04-15 09:53:33.374  1151  1151 I SurfaceFlinger: [LayerHierarchy{RequestedLayerState{Surface(name=3edafdc StatusBar)/@0x3b919ed - animation-leash of insets_animation#18707} no children}] reparent to OffscreenRoot
04-15 09:53:33.374  1151  1151 I SurfaceFlinger: [LayerHierarchy{RequestedLayerState{Surface(name=3edafdc StatusBar)/@0x3b919ed - animation-leash of insets_animation#18707} no children}] RelativeParent to null
04-15 09:53:33.374  1151  1151 I SurfaceFlinger: [Surface(name=3edafdc StatusBar)/@0x3b919ed - animation-leash of insets_animation#18718] attach to parent LayerHierarchy{RequestedLayerState{WindowToken{7a8fc4f type=2000 android.os.BinderProxy@a9d7329}#94 parentId=17} 1 children}
04-15 09:53:33.374  1151  1151 I SurfaceFlinger: [Surface(name=8c5cec7 NavigationBar0)/@0xa68870 - animation-leash of insets_animation#18719] attach to parent LayerHierarchy{RequestedLayerState{WindowToken{fc018e2 type=2019 android.os.BinderProxy@bda3ac4}#90 parentId=34} 1 children}
04-15 09:53:33.375  1151  1378 I SurfaceFlinger: id=18720 createSurf, flag=20004, DimTransitionLayer for Surface(name=Task=3878)/@0x3720829#18720
04-15 09:53:33.378 19294 19294 D LifecycleMonitor: Lifecycle status change: androidx.activity.ComponentActivity@2807e90 in: PRE_ON_CREATE
04-15 09:53:33.379 19294 19294 V ActivityScenario: Activity lifecycle changed event received but ignored because the reported transition was not ON_CREATE while the last known transition was PRE_ON_CREATE
04-15 09:53:33.379  2000  2120 I InsetsController: onStateChanged: host=Splash Screen com.catfact.app.feature.factdetail.test, from=android.view.ViewRootImpl.onInsetsStateChanged:3026, state=InsetsState: {mDisplayFrame=Rect(0, 0 - 720, 1544), mDisplayCutout=DisplayCutout{insets=Rect(0, 50 - 0, 0) waterfall=Insets{left=0, top=0, right=0, bottom=0} boundingRect={Bounds=[Rect(0, 0 - 0, 0), Rect(341, 0 - 379, 50), Rect(0, 0 - 0, 0), Rect(0, 0 - 0, 0)]} cutoutPathParserInfo={CutoutPathParserInfo{displayWidth=720 displayHeight=1544 physicalDisplayWidth=720 physicalDisplayHeight=1544 density={1.875} cutoutSpec={M 0,0 H -10 V 26.66666666666667 H 10 V 0 H 0 Z @dp} rotation={0} scale={1.0} physicalPixelDisplaySizeRatio={1.0}}} sideOverrides={}}, mRoundedCorners=RoundedCorners{[RoundedCorner{position=TopLeft, radius=8, center=Point(8, 8)}, RoundedCorner{position=TopRight, radius=8, center=Point(712, 8)}, RoundedCorner{position=BottomRight, radius=8, center=Point(712, 1536)}, RoundedCorner{position=BottomLeft, radius=8, center=Point(8, 1536)}]}  mRoundedCornerFrame=Rect(0, 0 - 720, 1544), mPrivacyIndicatorBounds=PrivacyIndicatorBounds {static bounds=Rect(637, 0 - 720, 50) rotation=0}, mDisplayShape=DisplayShape{ spec=-311912193 displayWidth=720 displayHeight=1544 physicalPixelDisplaySizeRatio=0.5 rotation=0 offsetX=0 offsetY=0 scale=1.0}, mSources= { InsetsSource: {ec730001 mType=navigationBars mFrame=[0,1454][720,1544] mVisible=true mFlags= mSideHint=BOTTOM mBoundingRects=null}, InsetsSource: {ec730004 mType=systemGestures mFrame=[0,0][0,0] mVisible=true mFlags= mSideHint=NONE mBoundingRects=null}, InsetsSource: {ec730005 mType=mandatorySystemGestures mFrame=[0,1454][720,1544] mVisible=true mFlags= mSideHint=BOTTOM mBoundingRects=null}, InsetsSource: {ec730006 mType=tappableElement mFrame=[0,1454][720,1544] mVisible=true mFlags= mSideHint=BOTTOM mBoundingRects=null}, InsetsSource: {ec730024 mType=systemGestures mFrame=[0,0][0,0] mVisible=true mFlags= mSideHint=NONE mBoundingRects=null}, InsetsSource: {3 mType=ime mFrame=[0,0][0,0] mVisible=false mFlags= mSideHint=NONE mBoundingRects=null}, InsetsSource: {27 mType=displayCutout mFrame=[0,0][720,50] mVisible=true mFlags= mSideHint=TOP mBoundingRects=null}, InsetsSource: {43950000 mType=statusBars mFrame=[0,0][720,50] mVisible=true mFlags= mSideHint=TOP mBoundingRects=null}, InsetsSource: {43950005 mType=mandatorySystemGestures mFrame=[0,0][720,73] mVisible=true mFlags= mSideHint=TOP mBoundingRects=null}, InsetsSource: {43950006 mType=tappableElement mFrame=[0,0][720,50] mVisible=true mFlags= mSideHint=TOP mBoundingRects=null} }
04-15 09:53:33.379  2000  2120 I VRI[test]@dcd1cac: onActiveControlsChanged, removed=false, mAdded=true, caller=android.view.ViewRootImpl.handleInsetsControlChanged:3002 android.view.ViewRootImpl$ViewRootHandler.handleMessageImpl:8352 android.view.ViewRootImpl$ViewRootHandler.handleMessage:8301 android.os.Handler.dispatchMessage:110 android.os.Looper.loopOnce:273
04-15 09:53:33.380  2000  2120 I InsetsSourceConsumer: applyRequestedVisibilityToControl: visible=true, type=statusBars, host=Splash Screen com.catfact.app.feature.factdetail.test
04-15 09:53:33.380  1151  2479 I SurfaceFlinger: id=18707 Removed Surface(name=3edafdc StatusBar)/@0x3b919ed - animation-leash of insets_animation#18707 (207)
04-15 09:53:33.380  2000  2105 I SurfaceControlRegistry: show, t=StartTransaction_SyncId<1670> sc=DimTransitionLayer for Surface(name=Task=3878)/@0x3720829, caller=android.view.SurfaceControl$Transaction.show:3557 com.android.wm.shell.transition.DefaultTransitionHandler.startAnimation:2931 com.android.wm.shell.transition.Transitions.dispatchTransition:90 com.android.wm.shell.transition.Transitions.playTransition:774 com.android.wm.shell.transition.Transitions.processReadyQueue:239 com.android.wm.shell.transition.Transitions.dispatchReady:1352
04-15 09:53:33.380  1151  2479 I SurfaceFlinger: id=18708 Removed Surface(name=8c5cec7 NavigationBar0)/@0xa68870 - animation-leash of insets_animation#18708 (207)
04-15 09:53:33.380  2000  2120 I InsetsSourceConsumer: applyRequestedVisibilityToControl: visible=true, type=navigationBars, host=Splash Screen com.catfact.app.feature.factdetail.test
04-15 09:53:33.380  2000  2105 I SurfaceControlRegistry: apply, t=StartTransaction_SyncId<1670>, caller=android.view.SurfaceControl$Transaction.apply:3459 android.view.SurfaceControl$Transaction.apply:3447 android.view.SurfaceControl$Transaction.apply:3397 com.android.wm.shell.transition.DefaultTransitionHandler.startAnimation:3387 com.android.wm.shell.transition.Transitions.dispatchTransition:90 com.android.wm.shell.transition.Transitions.playTransition:774
04-15 09:53:33.382  1151  1151 I SurfaceFlinger: RequestedLayer [5fdc507 Splash Screen com.catfact.app.feature.factdetail.test#18714] hidden!! flag  from(1) --> to(0)
04-15 09:53:33.382  1151  1151 I SurfaceFlinger: RequestedLayer [Splash Screen com.catfact.app.feature.factdetail.test$_2000#18715] hidden!! flag  from(1) --> to(0)
04-15 09:53:33.382  1151  1151 I SurfaceFlinger: RequestedLayer [Task=3878#18712] hidden!! flag  from(1) --> to(0)
04-15 09:53:33.382  1151  1151 E SurfaceFlinger: alpha changed 1.000 -> 0.000 - Task=3878#18712
04-15 09:53:33.382  1151  1151 I SurfaceFlinger: RequestedLayer [Transition Root: Task=3878#18716] hidden!! flag  from(1) --> to(0)
04-15 09:53:33.382  1151  1151 I SurfaceFlinger: RequestedLayer [ActivityRecord{182502404 u0 com.catf[...]ivity.ComponentActivity t3878}#18713] hidden!! flag  from(1) --> to(0)
04-15 09:53:33.382  1151  1151 I SurfaceFlinger: RequestedLayer [DimTransitionLayer for Surface(name=Task=3878)/@0x3720829#18720] hidden!! flag  from(1) --> to(0)
04-15 09:53:33.382  1151  1151 E SurfaceFlinger: alpha changed 1.000 -> 0.000 - DimTransitionLayer for Surface(name=Task=3878)/@0x3720829#18720
04-15 09:53:33.382  1151  1151 E SurfaceFlinger: alpha changed 0.000 -> 1.000 - Task=3878#18712
04-15 09:53:33.382  1151  1151 I SurfaceFlinger: destroyed Surface(name=8c5cec7 NavigationBar0)/@0xa68870 - animation-leash of insets_animation#18708
04-15 09:53:33.382  1151  1151 I SurfaceFlinger: destroyed Surface(name=3edafdc StatusBar)/@0x3b919ed - animation-leash of insets_animation#18707
04-15 09:53:33.382  1151  1151 I SurfaceFlinger: [LayerHierarchy{RequestedLayerState{Task=3801#16292 parentId=18716 z=2} 1 children}] reparent to LayerHierarchy{RequestedLayerState{Transition Root: Task=3878#18716 parentId=10 z=13} 1 children}
04-15 09:53:33.382  1151  1151 I SurfaceFlinger: [DimTransitionLayer for Surface(name=Task=3878)/@0x3720829#18720] attach to parent LayerHierarchy{RequestedLayerState{Transition Root: Task=3878#18716 parentId=10 z=13} 2 children}
04-15 09:53:33.382  1151  1151 I SurfaceFlinger: [LayerHierarchy{RequestedLayerState{Task=3878#18712 parentId=18716 z=5} 2 children}] reparent to LayerHierarchy{RequestedLayerState{Transition Root: Task=3878#18716 parentId=10 z=13} 3 children}
04-15 09:53:33.383  2461  4418 I HoneySpace.RecentTasks: onRunningTaskAppeared
04-15 09:53:33.383  2461  4418 I HoneySpace.RecentTasks: onRecentTasksChanged
04-15 09:53:33.383  1151  1151 I Layer   : id=18708 Destroyed Surface(name=8c5cec7 NavigationBar0)/@0xa68870 - animation-leash of insets_animation#18708
04-15 09:53:33.383  1151  1151 I Layer   : id=18707 Destroyed Surface(name=3edafdc StatusBar)/@0x3b919ed - animation-leash of insets_animation#18707
04-15 09:53:33.387 19294 19294 I DecorView: setWindowBackground: isPopOver=false color=fffafafa d=android.graphics.drawable.ColorDrawable@2713f45
04-15 09:53:33.389 19294 19294 D LifecycleMonitor: Lifecycle status change: androidx.activity.ComponentActivity@2807e90 in: CREATED
04-15 09:53:33.389 19294 19294 V ActivityScenario: Update currentActivityStage to CREATED, currentActivity=androidx.activity.ComponentActivity@2807e90
04-15 09:53:33.389 19294 19294 D LifecycleMonitor: Lifecycle status change: androidx.activity.ComponentActivity@2807e90 in: STARTED
04-15 09:53:33.389 19294 19294 V ActivityScenario: Update currentActivityStage to STARTED, currentActivity=androidx.activity.ComponentActivity@2807e90
04-15 09:53:33.390 19294 19294 D LifecycleMonitor: Lifecycle status change: androidx.activity.ComponentActivity@2807e90 in: RESUMED
04-15 09:53:33.390 19294 19294 V ActivityScenario: Update currentActivityStage to RESUMED, currentActivity=androidx.activity.ComponentActivity@2807e90
04-15 09:53:33.391 19294 19294 D ViewRootImpl: desktopMode is false
04-15 09:53:33.391 19294 19294 I ViewRootImpl: dVRR is disabled
04-15 09:53:33.391 19294 19332 D NativeCustomFrequencyManager: [NativeCFMS] BpCustomFrequencyManager::BpCustomFrequencyManager()
04-15 09:53:33.395  1542  1558 D InputTransport: Input channel constructed: 'fc05000', fd=972
04-15 09:53:33.395  1542  1558 D InputTransport: Input channel constructed: 'fc05000', fd=1041
04-15 09:53:33.395  1542  1558 D InputTransport: Input channel constructed: 'fc05000', fd=1248
04-15 09:53:33.395  1542  1558 D InputTransport: Input channel destroyed: 'fc05000', fd=1041
04-15 09:53:33.396  1151  2758 I SurfaceFlinger: id=18721 createSurf, flag=84004, fc05000 com.catfact.app.feature.factdetail.test/androidx.activity.ComponentActivity#18721
04-15 09:53:33.398  1542  1558 D InputTransport: Input channel destroyed: 'fc05000', fd=1248
04-15 09:53:33.398 19294 19294 D InputTransport: Input channel constructed: 'fc05000', fd=126
04-15 09:53:33.398 19294 19294 I InsetsController: onStateChanged: host=com.catfact.app.feature.factdetail.test/androidx.activity.ComponentActivity, from=android.view.ViewRootImpl.onInsetsStateChanged:3026, state=InsetsState: {mDisplayFrame=Rect(0, 0 - 720, 1544), mDisplayCutout=DisplayCutout{insets=Rect(0, 50 - 0, 0) waterfall=Insets{left=0, top=0, right=0, bottom=0} boundingRect={Bounds=[Rect(0, 0 - 0, 0), Rect(341, 0 - 379, 50), Rect(0, 0 - 0, 0), Rect(0, 0 - 0, 0)]} cutoutPathParserInfo={CutoutPathParserInfo{displayWidth=720 displayHeight=1544 physicalDisplayWidth=720 physicalDisplayHeight=1544 density={1.875} cutoutSpec={M 0,0 H -10 V 26.66666666666667 H 10 V 0 H 0 Z @dp} rotation={0} scale={1.0} physicalPixelDisplaySizeRatio={1.0}}} sideOverrides={}}, mRoundedCorners=RoundedCorners{[RoundedCorner{position=TopLeft, radius=8, center=Point(8, 8)}, RoundedCorner{position=TopRight, radius=8, center=Point(712, 8)}, RoundedCorner{position=BottomRight, radius=8, center=Point(712, 1536)}, RoundedCorner{position=BottomLeft, radius=8, center=Point(8, 1536)}]}  mRoundedCornerFrame=Rect(0, 0 - 720, 1544), mPrivacyIndicatorBounds=PrivacyIndicatorBounds {static bounds=Rect(637, 0 - 720, 50) rotation=0}, mDisplayShape=DisplayShape{ spec=-311912193 displayWidth=720 displayHeight=1544 physicalPixelDisplaySizeRatio=0.5 rotation=0 offsetX=0 offsetY=0 scale=1.0}, mSources= { InsetsSource: {ec730001 mType=navigationBars mFrame=[0,1454][720,1544] mVisible=true mFlags= mSideHint=BOTTOM mBoundingRects=null}, InsetsSource: {ec730004 mType=systemGestures mFrame=[0,0][0,0] mVisible=true mFlags= mSideHint=NONE mBoundingRects=null}, InsetsSource: {ec730005 mType=mandatorySystemGestures mFrame=[0,1454][720,1544] mVisible=true mFlags= mSideHint=BOTTOM mBoundingRects=null}, InsetsSource: {ec730006 mType=tappableElement mFrame=[0,1454][720,1544] mVisible=true mFlags= mSideHint=BOTTOM mBoundingRects=null}, InsetsSource: {ec730024 mType=systemGestures mFrame=[0,0][0,0] mVisible=true mFlags= mSideHint=NONE mBoundingRects=null}, InsetsSource: {3 mType=ime mFrame=[0,0][0,0] mVisible=false mFlags= mSideHint=NONE mBoundingRects=null}, InsetsSource: {27 mType=displayCutout mFrame=[0,0][720,50] mVisible=true mFlags= mSideHint=TOP mBoundingRects=null}, InsetsSource: {43950000 mType=statusBars mFrame=[0,0][720,50] mVisible=true mFlags= mSideHint=TOP mBoundingRects=null}, InsetsSource: {43950005 mType=mandatorySystemGestures mFrame=[0,0][720,73] mVisible=true mFlags= mSideHint=TOP mBoundingRects=null}, InsetsSource: {43950006 mType=tappableElement mFrame=[0,0][720,50] mVisible=true mFlags= mSideHint=TOP mBoundingRects=null} }
04-15 09:53:33.399  1151  1151 E SurfaceFlinger: alpha changed 0.000 -> 0.011 - DimTransitionLayer for Surface(name=Task=3878)/@0x3720829#18720
04-15 09:53:33.399 19294 19294 I VRI[ComponentActivity]@d1219a7: synced displayState. AttachInfo displayState=2
04-15 09:53:33.399  1151  1151 I SurfaceFlinger: [fc05000 com.catfact.app.feature.factdetail.test/androidx.activity.ComponentActivity#18721] attach to parent LayerHierarchy{RequestedLayerState{ActivityRecord{182502404 u0 com.catfact.app.feature.factdetail.test/androidx.activity.ComponentActivity t3878}#18713 parentId=18712} 3 children}
04-15 09:53:33.399 19294 19294 I VRI[ComponentActivity]@d1219a7: setView = com.android.internal.policy.DecorView@631eef2 IsHRR=false mFlingFrameRateChange=0 TM=true
04-15 09:53:33.404 19294 19332 D HWUI    : HWUI - treat SMPTE_170M as sRGB
04-15 09:53:33.408  1542  1558 I WindowManager: Relayout Window{fc05000 u0 com.catfact.app.feature.factdetail.test/androidx.activity.ComponentActivity}: viewVisibility=0 req=720x1544 ty=1 d0
04-15 09:53:33.409  1151  1378 I SurfaceFlinger: id=18722 createSurf, flag=44004, com.catfact.app.feature.factdetail.test/androidx.activity.ComponentActivity$_19294#18722
04-15 09:53:33.409  1151  1151 D SurfaceFlinger: Display 4633128672291735999 HWC layers:
04-15 09:53:33.409  1151  1151 D SurfaceFlinger:        CLIENT |           17089674871041 | 00002102 | RGBA_8888    |   12.0    0.0  720.0 1544.0 |    0    0  720 1544 | com.google.android.calendar/com.goog[...]AllInOneCalendarActivity$_3979#18704 (27)
04-15 09:53:33.409  1151  1151 D SurfaceFlinger:   SOLID_COLOR |                        0 | 00000000 | N/A          |    0.0    0.0    0.0    0.0 |    0    0  720 1544 | DimTransitionLayer for Surface(name=Task=3878)/@0x3720829#18720 (0)
04-15 09:53:33.409  1151  1151 D SurfaceFlinger:        DEVICE |            8589934655907 | 00002100 | RGBA_8888    |    0.0    0.0   37.0 1544.0 |  683    0  720 1544 | Splash Screen com.catfact.app.feature.factdetail.test$_2000#18715 (1)
04-15 09:53:33.409  1151  1151 D SurfaceFlinger:        DEVICE |            8589934654694 | 00002100 | RGBA_8888    |    0.0    0.0  720.0   50.0 |    0    0  720   50 | StatusBar$_2000#102 (26337)
04-15 09:53:33.409  1151  1151 D SurfaceFlinger:        DEVICE |           10569914518889 | 00002100 | RGBA_8888    |    0.0    0.0   67.0  353.0 |  653  192  720  545 | com.sec.android.app.launcher/com.sam[...]l.app.CocktailBarService$_2461#16495 (1)
04-15 09:53:33.409  1151  1151 D SurfaceFlinger:        DEVICE |            8589934654692 | 0000
04-15 09:53:33.409  1151  1151 D SurfaceFlinger: 2100 | RGBA_8888    |    0.0    0.0  720.0   90.0 |    0 1454  720 1544 | NavigationBar0$_2000#98 (17138)
04-15 09:53:33.409  1151  1151 D SurfaceFlinger:
04-15 09:53:33.410  1151  1151 I SurfaceFlinger: RequestedLayer [fc05000 com.catfact.app.feature.fact[...]idx.activity.ComponentActivity#18721] hidden!! flag  from(1) --> to(0)
04-15 09:53:33.410  1151  1151 I SurfaceFlinger: [com.catfact.app.feature.factdetail.test/androidx.activity.ComponentActivity$_19294#18722] attach to parent LayerHierarchy{RequestedLayerState{fc05000 com.catfact.app.feature.factdetail.test/androidx.activity.ComponentActivity#18721 parentId=18713} 1 children}
04-15 09:53:33.412  1542  1558 D SurfaceComposerClient: setCornerRadius ## 5fdc507 Splash Screen com.catfact.app.feature.factdetail.test#18714 cornerRadius=0.000000
04-15 09:53:33.412  1542  1558 D SurfaceComposerClient: setCornerRadius ## fc05000 com.catfact.app.feature.factdetail.test/androidx.activity.ComponentActivity#18721 cornerRadius=0.000000
04-15 09:53:33.412  1542  1558 D SurfaceComposerClient: setCornerRadius ## 5fdc507 Splash Screen com.catfact.app.feature.factdetail.test#18714 cornerRadius=0.000000
04-15 09:53:33.412  3979  3988 I ndroid.calendar: Background concurrent mark compact GC freed 39MB AllocSpace bytes, 1(16KB) LOS objects, 65% free, 25MB/73MB, paused 3.260ms,3.963ms total 126.328ms
04-15 09:53:33.413  1542  1558 D SurfaceComposerClient: setCornerRadius ## fc05000 com.catfact.app.feature.factdetail.test/androidx.activity.ComponentActivity#18721 cornerRadius=0.000000
04-15 09:53:33.414  1151  2758 I SurfaceFlinger: id=18723 createSurf, flag=24000, Surface(name=3edafdc StatusBar)/@0x3b919ed - animation-leash of insets_animation#18723
04-15 09:53:33.415  1151  2758 I SurfaceFlinger: id=18724 createSurf, flag=24000, Surface(name=8c5cec7 NavigationBar0)/@0xa68870 - animation-leash of insets_animation#18724
04-15 09:53:33.417  1542  1558 I SystemKeyManager: requested systemKeyInfo size=1 focusedWindow=com.catfact.app.feature.factdetail.test/androidx.activity.ComponentActivity
04-15 09:53:33.417  1542  1558 I SystemKeyManager: requested systemKeyInfo size=1 focusedWindow=com.catfact.app.feature.factdetail.test/androidx.activity.ComponentActivity
04-15 09:53:33.417  1542  1558 I WindowManager: Relayout hash=fc05000, pid=19294, syncId=-1: mAttrs={(0,0)(fillxfill) sim={adjust=pan forwardNavigation} layoutInDisplayCutoutMode=always ty=BASE_APPLICATION wanim=0x1030317
04-15 09:53:33.417  1542  1558 I WindowManager:   fl=81810100
04-15 09:53:33.417  1542  1558 I WindowManager:   pfl=100088c0
04-15 09:53:33.417  1542  1558 I WindowManager:   apr=210
04-15 09:53:33.417  1542  1558 I WindowManager:   bhv=1
04-15 09:53:33.417  1542  1558 I WindowManager:   fitSides=0
04-15 09:53:33.417  1542  1558 I WindowManager:   frameRateBoostOnTouch=true
04-15 09:53:33.417  1542  1558 I WindowManager:   dvrrWindowFrameRateHint=true naviIconColor=0}
04-15 09:53:33.419  1151  1151 I SurfaceFlinger: [Surface(name=3edafdc StatusBar)/@0x3b919ed - animation-leash of insets_animation#18723] attach to parent LayerHierarchy{RequestedLayerState{WindowToken{7a8fc4f type=2000 android.os.BinderProxy@a9d7329}#94 parentId=17} 2 children}
04-15 09:53:33.419 19294 19294 I BLASTBufferQueue_Java: new BLASTBufferQueue, mName= VRI[ComponentActivity]@d1219a7 mNativeObject= 0xb40000741c6374c0 caller= android.view.ViewRootImpl.updateBlastSurfaceIfNeeded:3585 android.view.ViewRootImpl.relayoutWindow:11685 android.view.ViewRootImpl.performTraversals:4804 android.view.ViewRootImpl.doTraversal:3924 android.view.ViewRootImpl$TraversalRunnable.run:12903 android.view.Choreographer$CallbackRecord.run:1901 android.view.Choreographer$CallbackRecord.run:1910 android.view.Choreographer.doCallbacks:1367 android.view.Choreographer.doFrame:1292 android.view.Choreographer$FrameDisplayEventReceiver.run:1870
04-15 09:53:33.419  1151  1151 I SurfaceFlinger: [Surface(name=8c5cec7 NavigationBar0)/@0xa68870 - animation-leash of insets_animation#18724] attach to parent LayerHierarchy{RequestedLayerState{WindowToken{fc018e2 type=2019 android.os.BinderProxy@bda3ac4}#90 parentId=34} 2 children}
04-15 09:53:33.420 19294 19294 I BLASTBufferQueue_Java: update, w= 720 h= 1544 mName = VRI[ComponentActivity]@d1219a7 mNativeObject= 0xb40000741c6374c0 sc.mNativeObject= 0xb40000751c4f6290 format= -1 caller= android.view.ViewRootImpl.updateBlastSurfaceIfNeeded:3590 android.view.ViewRootImpl.relayoutWindow:11685 android.view.ViewRootImpl.performTraversals:4804 android.view.ViewRootImpl.doTraversal:3924 android.view.ViewRootImpl$TraversalRunnable.run:12903 android.view.Choreographer$CallbackRecord.run:1901
04-15 09:53:33.420 19294 19294 I VRI[ComponentActivity]@d1219a7: Relayout returned: old=(0,0,720,1544) new=(0,0,720,1544) relayoutAsync=false req=(720,1544)0 dur=11 res=0x3 s={true 0xb40000748c577d00} ch=true seqId=0
04-15 09:53:33.421 19294 19294 I VRI[ComponentActivity]@d1219a7: performConfigurationChange setNightDimText nightDimLevel=0
04-15 09:53:33.421 19294 19294 D VRI[ComponentActivity]@d1219a7: mThreadedRenderer.initialize() mSurface={isValid=true 0xb40000748c577d00} hwInitialized=true
04-15 09:53:33.421 19294 19294 D VRI[ComponentActivity]@d1219a7: reportNextDraw android.view.ViewRootImpl.performTraversals:5443 android.view.ViewRootImpl.doTraversal:3924 android.view.ViewRootImpl$TraversalRunnable.run:12903 android.view.Choreographer$CallbackRecord.run:1901 android.view.Choreographer$CallbackRecord.run:1910
04-15 09:53:33.421 19294 19294 D VRI[ComponentActivity]@d1219a7: Setup new sync=wmsSync-VRI[ComponentActivity]@d1219a7#24
04-15 09:53:33.421 19294 19294 I VRI[ComponentActivity]@d1219a7: Creating new active sync group VRI[ComponentActivity]@d1219a7#25
04-15 09:53:33.422 19294 19294 D VRI[ComponentActivity]@d1219a7: registerCallbacksForSync syncBuffer=false
04-15 09:53:33.422 19294 19346 D VRI[ComponentActivity]@d1219a7: Received frameDrawingCallback syncResult=0 frameNum=1.
04-15 09:53:33.422 19294 19346 I VRI[ComponentActivity]@d1219a7: mWNT: t=0xb4000074fc530510 mBlastBufferQueue=0xb40000741c6374c0 fn= 1 HdrRenderState mRenderHdrSdrRatio=1.0 caller= android.view.ViewRootImpl$12.onFrameDraw:15441 android.view.ThreadedRenderer$1.onFrameDraw:718 <bottom of call stack>
04-15 09:53:33.422 19294 19346 I VRI[ComponentActivity]@d1219a7: Setting up sync and frameCommitCallback
04-15 09:53:33.423 19294 19332 I BLASTBufferQueue: [VRI[ComponentActivity]@d1219a7#12](f:0,a:0,s:0) onFrameAvailable the first frame is available
04-15 09:53:33.423 19294 19332 I VRI[ComponentActivity]@d1219a7: Received frameCommittedCallback lastAttemptedDrawFrameNum=1 didProduceBuffer=true
04-15 09:53:33.424 19294 19332 D HWUI    : CFMS:: SetUp Pid : 19294    Tid : 19332
04-15 09:53:33.424 19294 19294 D VRI[ComponentActivity]@d1219a7: reportDrawFinished seqId=0
04-15 09:53:33.424  1542  3827 I SemDvfsHyPerManager: acquire hyper - AMS_RESUME_TAIL/1542@22, type = -999
04-15 09:53:33.424  1542  3827 I SemDvfsHyPerManager: acquire hyper - AMS_ACT_LAZY/1542@23, type = -999
04-15 09:53:33.424  1151  2758 I SurfaceFlinger: [com.catfact.app.feature.factdetail.test/androidx.activity.ComponentActivity$_19294#18722] setTransactionState with the first frame. bufferData(ID: 82867099009072, frameNumber: 1)
04-15 09:53:33.425  1059  1180 I HYPER-HAL: [RequestManager.cpp]acquire(): Acquired ID : 1223852  [1542 / 22]    HINT : AMS_RESUME_TAIL    list :
04-15 09:53:33.425  1059  1180 I HYPER-HAL: [ResourceManager.cpp]removeResource(): [CPULittleMinFreq] RemoveResource Request ID : 1233263
04-15 09:53:33.425  1059  1180 I HYPER-HAL: [RequestManager.cpp]releaseLocked(): Released ID : 1233263
04-15 09:53:33.425  1542  1585 D SurfaceComposerClient: setCornerRadius ## 5fdc507 Splash Screen com.catfact.app.feature.factdetail.test#18714 cornerRadius=0.000000
