04-15 09:53:27.049  1151  1151 I SurfaceFlinger: [LayerHierarchy{RequestedLayerState{Surface(name=8c5cec7 NavigationBar0)/@0xa68870 - animation-leash of insets_animation#18541} no children}] reparent to OffscreenRoot
04-15 09:53:27.049  1151  1151 I SurfaceFlinger: [LayerHierarchy{RequestedLayerState{Surface(name=8c5cec7 NavigationBar0)/@0xa68870 - animation-leash of insets_animation#18541} no children}] RelativeParent to null
04-15 09:53:27.050  1151  2479 I SurfaceFlinger: id=18546 createSurf, flag=24000, Surface(name=5d066e4 com.catfact.app.feature.factdetail.test/androidx.activity.ComponentActivity)/@0xf3d2b03 - animation-leash of starting_reveal#18546
04-15 09:53:27.051  1151  1378 I SurfaceFlinger: id=18540 Removed Surface(name=3edafdc StatusBar)/@0x3b919ed - animation-leash of insets_animation#18540 (177)
04-15 09:53:27.051  1151  1378 I SurfaceFlinger: id=18541 Removed Surface(name=8c5cec7 NavigationBar0)/@0xa68870 - animation-leash of insets_animation#18541 (177)
04-15 09:53:27.052  2000  2105 D ShellTaskOrganizer: removeStartingWindow, removalInfo=StartingWindowRemovalInfo{taskId=3873 frame=Rect(0, 0 - 720, 1544) playRevealAnimation=true roundedCornerRadius=0.0 deferRemoveMode=0 windowlessSurface=false removeImmediately=false}
04-15 09:53:27.052  1542  1585 D SurfaceComposerClient: setCornerRadius ## 5d066e4 com.catfact.app.feature.factdetail.test/androidx.activity.ComponentActivity#18537 cornerRadius=0.000000
04-15 09:53:27.052  1542  1585 D SurfaceComposerClient: setCornerRadius ## 6094333 Splash Screen com.catfact.app.feature.factdetail.test#18535 cornerRadius=0.000000
04-15 09:53:27.052  1542  1585 D SurfaceComposerClient: setCornerRadius ## 5d066e4 com.catfact.app.feature.factdetail.test/androidx.activity.ComponentActivity#18537 cornerRadius=0.000000
04-15 09:53:27.053  1542  1581 I PkgPredictorService-SecIpmManagerServiceImpl: reportToNAP uid:10748 com.catfact.app.feature.factdetail.test/androidx.activity.ComponentActivity thisTime:87
04-15 09:53:27.053  1542  1581 D PkgPredictorService-SecIpmManagerServiceImpl: reportToNAP: mHeavyLaunchCounter is false
04-15 09:53:27.053  1542  1585 D SurfaceComposerClient: setCornerRadius ## 6094333 Splash Screen com.catfact.app.feature.factdetail.test#18535 cornerRadius=0.000000
04-15 09:53:27.053  1542  1585 D SurfaceComposerClient: setCornerRadius ## 5d066e4 com.catfact.app.feature.factdetail.test/androidx.activity.ComponentActivity#18537 cornerRadius=0.000000
04-15 09:53:27.053  1542  2944 D PkgPredictorService-SecIpmManagerServiceImpl: ACTION_FOREGROUND_FINISH_EVENT sCurForegroundApp :com.catfact.app.feature.factdetail.test
04-15 09:53:27.053  1542  2101 I SemDvfsHyPerManager: acquire hyper - AMS_RESUME_TAIL/1542@22, type = -999
04-15 09:53:27.053  1542  2101 I SemDvfsHyPerManager: acquire hyper - AMS_ACT_LAZY/1542@23, type = -999
04-15 09:53:27.053  1059  1180 I HYPER-HAL: [RequestManager.cpp]acquire(): Acquired ID : 1223852  [1542 / 22]    HINT : AMS_RESUME_TAIL    list :
04-15 09:53:27.053  1059  1180 I HYPER-HAL: [ResourceManager.cpp]removeResource(): [CPULittleMinFreq] RemoveResource Request ID : 1233263
04-15 09:53:27.053  1151  1338 D SurfaceFlinger: [input] setFocusedWindow: 5d066e4 com.catfact.app.feature.factdetail.test/androidx.activity.ComponentActivity
04-15 09:53:27.053  1542  2161 D InputDispatcher: Once focus requested (0): 5d066e4 com.catfact.app.feature.factdetail.test/androidx.activity.ComponentActivity
04-15 09:53:27.053  1059  1180 I HYPER-HAL: [RequestManager.cpp]releaseLocked(): Released ID : 1233263
04-15 09:53:27.054  1542  2161 D InputDispatcher: Focus request (0): 5d066e4 com.catfact.app.feature.factdetail.test/androidx.activity.ComponentActivity but waiting because NO_WINDOW
04-15 09:53:27.055  1542  1581 I ActivityTaskManager: Displayed com.catfact.app.feature.factdetail.test/androidx.activity.ComponentActivity for user 0: +87ms
04-15 09:53:27.055  3152  3152 E pageboostd: Received HALT command code 2
04-15 09:53:27.057  1151  1151 I SurfaceFlinger: RequestedLayer [com.catfact.app.feature.factdetail.t[...]ivity.ComponentActivity$_19294#18542] hidden!! flag  from(1) --> to(0)
04-15 09:53:27.057  1151  1151 I SurfaceFlinger: destroyed Surface(name=3edafdc StatusBar)/@0x3b919ed - animation-leash of insets_animation#18540
04-15 09:53:27.057  1151  1151 I SurfaceFlinger: destroyed Surface(name=8c5cec7 NavigationBar0)/@0xa68870 - animation-leash of insets_animation#18541
04-15 09:53:27.057  1151  1199 I SurfaceFlinger: id=18528 Removed Surface(name=3edafdc StatusBar)/@0x3b919ed - animation-leash of insets_animation#18528 (177)
04-15 09:53:27.057  1151  1151 I SurfaceFlinger: [LayerHierarchy{RequestedLayerState{5d066e4 com.catfact.app.feature.factdetail.test/androidx.activity.ComponentActivity#18537 parentId=18546} 1 children}] reparent to LayerHierarchy{RequestedLayerState{Surface(name=5d066e4 com.catfact.app.feature.factdetail.test/androidx.activity.ComponentActivity)/@0xf3d2b03 - animation-leash of starting_reveal#18546 parentId=18534} 1 children}
04-15 09:53:27.057  1151  1151 I SurfaceFlinger: [Surface(name=5d066e4 com.catfact.app.feature.factdetail.test/androidx.activity.ComponentActivity)/@0xf3d2b03 - animation-leash of starting_reveal#18546] attach to parent LayerHierarchy{RequestedLayerState{ActivityRecord{192128459 u0 com.catfact.app.feature.factdetail.test/androidx.activity.ComponentActivity t3873}#18534 parentId=18533} 3 children}
04-15 09:53:27.057  1151  1199 I SurfaceFlinger: id=18529 Removed Surface(name=8c5cec7 NavigationBar0)/@0xa68870 - animation-leash of insets_animation#18529 (177)
04-15 09:53:27.058  1151  1151 I Layer   : id=18540 Destroyed Surface(name=3edafdc StatusBar)/@0x3b919ed - animation-leash of insets_animation#18540
04-15 09:53:27.058  1151  1151 I Layer   : id=18541 Destroyed Surface(name=8c5cec7 NavigationBar0)/@0xa68870 - animation-leash of insets_animation#18541
04-15 09:53:27.059 19294 19294 I InsetsSourceConsumer: applyRequestedVisibilityToControl: visible=true, type=statusBars, host=com.catfact.app.feature.factdetail.test/androidx.activity.ComponentActivity
04-15 09:53:27.059 19294 19294 I InsetsSourceConsumer: applyRequestedVisibilityToControl: visible=true, type=navigationBars, host=com.catfact.app.feature.factdetail.test/androidx.activity.ComponentActivity
04-15 09:53:27.060  2000  2195 I VRI[test]@d4648f8: mWNT: t=0xb4000074fc6a28d0 mBlastBufferQueue=0xb40000741cd16240 fn= 2 HdrRenderState mRenderHdrSdrRatio=1.0 caller= android.view.SyncRtSurfaceTransactionApplier.applyTransaction:100 android.view.SyncRtSurfaceTransactionApplier.lambda$scheduleApply$0:73 android.view.SyncRtSurfaceTransactionApplier.$r8$lambda$afI4fXg3U3-nBZQEDQMiNy-B06s:0
04-15 09:53:27.061  2000  2195 I VRI[test]@d4648f8: mWNT: t=0xb4000074fc6cbc90 mBlastBufferQueue=0xb40000741cd16240 fn= 2 HdrRenderState mRenderHdrSdrRatio=1.0 caller= android.view.SyncRtSurfaceTransactionApplier.applyTransaction:100 android.view.SyncRtSurfaceTransactionApplier.lambda$scheduleApply$0:73 android.view.SyncRtSurfaceTransactionApplier.$r8$lambda$afI4fXg3U3-nBZQEDQMiNy-B06s:0
04-15 09:53:27.061  1542  1585 D SurfaceComposerClient: setCornerRadius ## 6094333 Splash Screen com.catfact.app.feature.factdetail.test#18535 cornerRadius=0.000000
04-15 09:53:27.061  1542  1585 D SurfaceComposerClient: setCornerRadius ## 5d066e4 com.catfact.app.feature.factdetail.test/androidx.activity.ComponentActivity#18537 cornerRadius=0.000000
04-15 09:53:27.063  1151  1151 D SurfaceFlinger: Display 4633128672291735999 HWC layers:
04-15 09:53:27.063  1151  1151 D SurfaceFlinger:        CLIENT |           17089674871023 | 00002102 | RGBA_8888    |   35.0    0.0  720.0 1544.0 |    0    0  720 1544 | com.google.android.calendar/com.goog[...]AllInOneCalendarActivity$_3979#18525 (29)
04-15 09:53:27.063  1151  1151 D SurfaceFlinger:   SOLID_COLOR |                        0 | 00000000 | N/A          |    0.0    0.0    0.0    0.0 |    0    0  720 1544 | DimTransitionLayer for Surface(name=Task=3873)/@0xd471dc5#18539 (0)
04-15 09:53:27.063  1151  1151 D SurfaceFlinger:        DEVICE |           82867099009032 | 00002102 | RGBA_8888    |    0.0    0.0  112.0 1544.0 |  608    0  720 1544 | com.catfact.app.feature.factdetail.t[...]ivity.ComponentActivity$_19294#18542 (1)
04-15 09:53:27.063  1151  1151 D SurfaceFlinger:        DEVICE |            8589934655817 | 00002100 | RGBA_8888    |    0.0    0.0  112.0 1544.0 |  608    0  720 1544 | Splash Screen com.catfact.app.feature.factdetail.test$_2000#18536 (1)
04-15 09:53:27.063  1151  1151 D SurfaceFlinger:        DEVICE |            8589934654704 | 00002100 | RGBA_8888    |    0.0    0.0  720.0   50.0 |    0    0  720   50 | StatusBar$_2000#102 (26187)
04-15 09:53:27.063  1151  1151 D SurfaceFlinger:        DEVICE |           10569914518889 | 0000
04-15 09:53:27.063  1151  1151 D SurfaceFlinger: 2100 | RGBA_8888    |    0.0    0.0   67.0  353.0 |  653  192  720  545 | com.sec.android.app.launcher/com.sam[...]l.app.CocktailBarService$_2461#16495 (1)
04-15 09:53:27.063  1151  1151 D SurfaceFlinger:        DEVICE |            8589934654692 | 00002100 | RGBA_8888    |    0.0    0.0  720.0   90.0 |    0 1454  720 1544 | NavigationBar0$_2000#98 (16982)
04-15 09:53:27.063  1151  1151 D SurfaceFlinger:
04-15 09:53:27.063  1542  2101 D InputDispatcher: Focus entered window (0): 5d066e4 com.catfact.app.feature.factdetail.test/androidx.activity.ComponentActivity
04-15 09:53:27.064 19294 19294 D VRI[ComponentActivity]@3ae216b: mThreadedRenderer.initializeIfNeeded()#2 mSurface={isValid=true 0xb40000748c524ee0}
04-15 09:53:27.064 19294 19294 D InputMethodManagerUtils: startInputInner - Id : 0
04-15 09:53:27.064 19294 19294 I InputMethodManager: startInputInner - IInputMethodManagerGlobalInvoker.startInputOrWindowGainedFocus
04-15 09:53:27.065  1151  1151 I SurfaceFlinger: destroyed Surface(name=3edafdc StatusBar)/@0x3b919ed - animation-leash of insets_animation#18528
04-15 09:53:27.065  1151  1151 I SurfaceFlinger: destroyed Surface(name=8c5cec7 NavigationBar0)/@0xa68870 - animation-leash of insets_animation#18529
04-15 09:53:27.066  1542  1750 I ImeTracker: com.catfact.app.feature.factdetail.test:aadca999: onRequestHide at ORIGIN_SERVER reason HIDE_UNSPECIFIED_WINDOW fromUser false
04-15 09:53:27.066  1151  1151 I Layer   : id=18528 Destroyed Surface(name=3edafdc StatusBar)/@0x3b919ed - animation-leash of insets_animation#18528
04-15 09:53:27.066  1151  1151 I Layer   : id=18529 Destroyed Surface(name=8c5cec7 NavigationBar0)/@0xa68870 - animation-leash of insets_animation#18529
04-15 09:53:27.069  2000  2194 I VRI[test]@d4648f8: mWNT: t=0xb4000074fc6c0f50 mBlastBufferQueue=0xb40000741cd16240 fn= 3 HdrRenderState mRenderHdrSdrRatio=1.0 caller= android.view.SyncRtSurfaceTransactionApplier.applyTransaction:100 android.view.SyncRtSurfaceTransactionApplier.lambda$scheduleApply$0:73 android.view.SyncRtSurfaceTransactionApplier.$r8$lambda$afI4fXg3U3-nBZQEDQMiNy-B06s:0
04-15 09:53:27.069  1542  3015 I NSLocationMonitor: getGPSUsingApps() called
04-15 09:53:27.070  2982  6680 I NSLocationManager_FLP: getGPSUsingApps, No change
04-15 09:53:27.070  2000  2120 I VRI[test]@d4648f8: onActiveControlsChanged, removed=false, mAdded=true, caller=android.view.ViewRootImpl.handleInsetsControlChanged:3002 android.view.ViewRootImpl$ViewRootHandler.handleMessageImpl:8352 android.view.ViewRootImpl$ViewRootHandler.handleMessage:8301 android.os.Handler.dispatchMessage:110 android.os.Looper.loopOnce:273
04-15 09:53:27.071 19294 19294 I InputMethodManager: handleMessage: setImeVisibility visible=false
04-15 09:53:27.072 19294 19294 D InsetsController: hide(ime(), fromIme=false)
04-15 09:53:27.072 19294 19294 I ImeTracker: com.catfact.app.feature.factdetail.test:aadca999: onCancelled at PHASE_CLIENT_ALREADY_HIDDEN
04-15 09:53:27.072  1542  1750 D InputTransport: Input channel constructed: 'ClientS', fd=1248
04-15 09:53:27.073  1542  1750 D InputTransport: Input channel destroyed: 'ClientS', fd=1248
04-15 09:53:27.073  3756  3756 I HBD     : HoneyBoardService onFinishInput
04-15 09:53:27.073  3756  3756 I HBD     : a IC have been unbinding,  RemoteInputConnection{idHash=#6dddd4}
04-15 09:53:27.073  3756  3756 I HBD     : HoneyBoardService [PF_CL][onFinishInput]  0 ms
04-15 09:53:27.073  3756  3756 I HBD     : HoneyBoardService [IMI] onStartInput - caller pid : 19294 , caller uid : 10748
04-15 09:53:27.073  3756  3756 I HBD     : k updateConfigs
04-15 09:53:27.073  3756  3756 I HBD     : k isEnabledNightMode : true
04-15 09:53:27.073  3756  3756 I HBD     : a IC have been binding, RemoteInputConnection{idHash=#b84333b}
04-15 09:53:27.073  3756  3756 I HBD     : h [EditorInputType]setPrivateImeOptionsToTable privateImeOptions ( null )
04-15 09:53:27.073  3756  3756 I HBD     : b incognitoMode : false
04-15 09:53:27.073  3756  3756 I HBD     : c needOff = true , isForceOff = false, isNullInputClass : true
04-15 09:53:27.073  3756  3756 I HBD     : h getDefaultInputRange : UNKNOWN
04-15 09:53:27.073  3756  3756 I HBD     : h getDefaultInputRange : UNKNOWN
04-15 09:53:27.073  3756  3756 I HBD     : h getDefaultInputRange : UNKNOWN
04-15 09:53:27.074  1151  2479 I SurfaceFlinger: id=18547 createSurf, flag=24004, Surface(name=1d7a05f InputMethod)/@0x5f77a9d - animation-leash of insets_animation#18547
04-15 09:53:27.074  3756  3756 I HBD     : c needOff = true , isForceOff = false, isNullInputClass : true
04-15 09:53:27.074  3756  3756 I HBD     : c update cached prediction status : false
04-15 09:53:27.074  3756  3756 I HBD     : h getDefaultInputRange : UNKNOWN
04-15 09:53:27.074  3756  3756 I HBD     : a currentState : 0
04-15 09:53:27.074  3756  3756 I HBD     : a [UpdatePolicy] [post] a: 0 cl: 65538 kit: [0/0] vt: 0 ir: 1
04-15 09:53:27.077 19294 19308 D InputTransport: Input channel constructed: 'ClientS', fd=137
04-15 09:53:27.079  1542  1677 I ImeTracker: system_server:c7bc885e: onRequestHide at ORIGIN_SERVER reason IME_REQUESTED_CHANGED_LISTENER fromUser false
04-15 09:53:27.079  1542  1585 D SurfaceComposerClient: setCornerRadius ## 6094333 Splash Screen com.catfact.app.feature.factdetail.test#18535 cornerRadius=0.000000
04-15 09:53:27.079  1542  1585 D SurfaceComposerClient: setCornerRadius ## 5d066e4 com.catfact.app.feature.factdetail.test/androidx.activity.ComponentActivity#18537 cornerRadius=0.000000
04-15 09:53:27.079  2000  2195 I VRI[test]@d4648f8: mWNT: t=0xb4000074fc6c0f50 mBlastBufferQueue=0xb40000741cd16240 fn= 4 HdrRenderState mRenderHdrSdrRatio=1.0 caller= android.view.SyncRtSurfaceTransactionApplier.applyTransaction:100 android.view.SyncRtSurfaceTransactionApplier.lambda$scheduleApply$0:73 android.view.SyncRtSurfaceTransactionApplier.$r8$lambda$afI4fXg3U3-nBZQEDQMiNy-B06s:0
04-15 09:53:27.080  1542  1584 I ImeTracker: system_server:c7bc885e: onCancelled at PHASE_SERVER_SHOULD_HIDE
04-15 09:53:27.080  3756  3756 I HBD     : a [NRIC] resetNoResponseState
04-15 09:53:27.080  3756  3756 I HBD     : c needOff = true , isForceOff = false, isNullInputClass : true
04-15 09:53:27.080  3756  3756 I HBD     : c update cached prediction status : false
04-15 09:53:27.080  3756  3756 I HBD     : b [AiWriter] setContact : com.catfact.app.feature.factdetail.test
04-15 09:53:27.080  3756  3756 I HBD     : a [AiWriter] setContact : com.catfact.app.feature.factdetail.test
04-15 09:53:27.081  3756  3756 I HBD     : o0 EBD si S 0
04-15 09:53:27.081  3756  3756 I HBD     : r updateContactDBLanguage : 0
04-15 09:53:27.081  3756  3756 I HBD     : a [UpdatePolicy] [post] a: 31 cl: 65538 kit: [0/0] vt: 0 ir: 1
04-15 09:53:27.081  3979  3979 D InputTransport: Input channel destroyed: 'ClientS', fd=215
04-15 09:53:27.081  3756  3756 I HBD     : HoneyBoardService [PF_OP][onStartInput]  8 ms
04-15 09:53:27.081  3756  3756 I HBD     : [DirectWriting] DirectWriting emitInputConnection : RemoteInputConnection{idHash=#b84333b}
04-15 09:53:27.082  1542  3015 I NSLocationMonitor: getGPSUsingApps() called
04-15 09:53:27.082  1151  1151 I SurfaceFlinger: RequestedLayer [Surface(name=1d7a05f InputMethod)/@0[...]tion-leash of insets_animation#18547] hidden!! flag  from(1) --> to(0)
04-15 09:53:27.082  1151  1151 E SurfaceFlinger: alpha changed 1.000 -> 0.000 - Surface(name=1d7a05f InputMethod)/@0x5f77a9d - animation-leash of insets_animation#18547
04-15 09:53:27.082  1151  1151 I SurfaceFlinger: [LayerHierarchy{RequestedLayerState{ImeContainer#15 parentId=18534 relativeParentId=18534 z=3} 1 children}] reparent to LayerHierarchy{RequestedLayerState{ActivityRecord{192128459 u0 com.catfact.app.feature.factdetail.test/androidx.activity.ComponentActivity t3873}#18534 parentId=18533} 4 children}
04-15 09:53:27.082  1151  1151 I SurfaceFlinger: [LayerHierarchy{RequestedLayerState{ImeContainer#15 parentId=18534 relativeParentId=18534 z=3} 1 children}] RelativeParent to null
04-15 09:53:27.082  1151  1151 I SurfaceFlinger: [LayerHierarchy{RequestedLayerState{1d7a05f InputMethod#134 parentId=18547} no children}] reparent to LayerHierarchy{RequestedLayerState{Surface(name=1d7a05f InputMethod)/@0x5f77a9d - animation-leash of insets_animation#18547 parentId=120} 1 children}
04-15 09:53:27.082  1151  1151 I SurfaceFlinger: [LayerHierarchy{RequestedLayerState{Surface(name=1d7a05f InputMethod)/@0x5f77a9d - animation-leash of insets_animation#18531} no children}] reparent to OffscreenRoot
04-15 09:53:27.082  1151  1151 I SurfaceFlinger: [LayerHierarchy{RequestedLayerState{Surface(name=1d7a05f InputMethod)/@0x5f77a9d - animation-leash of insets_animation#18531} no children}] RelativeParent to null
04-15 09:53:27.082  1151  1151 I SurfaceFlinger: [Surface(name=1d7a05f InputMethod)/@0x5f77a9d - animation-leash of insets_animation#18547] attach to parent LayerHierarchy{RequestedLayerState{WindowToken{d080c22 type=2011 android.os.Binder@459a5ed}#120 parentId=15} 1 children}
04-15 09:53:27.082  2982  6680 I NSLocationManager_FLP: getGPSUsingApps, No change
04-15 09:53:27.082  3756  2073 I HBD     : a [SKE_SPECIFIC] specific model[com.catfact.app.feature.factdetail.test] loaded, 717500 ns
04-15 09:53:27.083  2000  2194 I VRI[test]@d4648f8: mWNT: t=0xb4000074fc68fbd0 mBlastBufferQueue=0xb40000741cd16240 fn= 5 HdrRenderState mRenderHdrSdrRatio=1.0 caller= android.view.SyncRtSurfaceTransactionApplier.applyTransaction:100 android.view.SyncRtSurfaceTransactionApplier.lambda$scheduleApply$0:73 android.view.SyncRtSurfaceTransactionApplier.$r8$lambda$afI4fXg3U3-nBZQEDQMiNy-B06s:0
04-15 09:53:27.084  1151  1199 I SurfaceFlinger: id=18531 Removed Surface(name=1d7a05f InputMethod)/@0x5f77a9d - animation-leash of insets_animation#18531 (174)
04-15 09:53:27.086  3756  3756 I InputMethodService: scheduleImeSurfaceRemoval: canceled, mShowInputRequested=false, mWindowVisible=false, IsmWindowNull=false, IsmImeSurfaceRemoverRunnableNotNull=true
04-15 09:53:27.090  1151  1151 I SurfaceFlinger: destroyed Surface(name=1d7a05f InputMethod)/@0x5f77a9d - animation-leash of insets_animation#18531
04-15 09:53:27.091  1151  1151 I Layer   : id=18531 Destroyed Surface(name=1d7a05f InputMethod)/@0x5f77a9d - animation-leash of insets_animation#18531
04-15 09:53:27.091  2000  2195 I VRI[test]@d4648f8: mWNT: t=0xb4000074fc68fbd0 mBlastBufferQueue=0xb40000741cd16240 fn= 6 HdrRenderState mRenderHdrSdrRatio=1.0 caller= android.view.SyncRtSurfaceTransactionApplier.applyTransaction:100 android.view.SyncRtSurfaceTransactionApplier.lambda$scheduleApply$0:73 android.view.SyncRtSurfaceTransactionApplier.$r8$lambda$afI4fXg3U3-nBZQEDQMiNy-B06s:0
04-15 09:53:27.095  2461  4432 I HoneySpace.RecentTasks: onRecentTasksChanged
04-15 09:53:27.096  3963  4335 I SemDvfsHyPerManager: acquire hyper - BaseTABoost/3963@25, type = -999
04-15 09:53:27.096  1059  1180 I HYPER-HAL: [RequestManager.cpp]acquire(): Acquired ID : 7954091  [3963 / 25]    HINT :      list : [TABoost / 1]
04-15 09:53:27.098  3723 26412 I [AirCmd]_ActivitySwitchDetector: onTaskStackChanged : componentName - ComponentInfo{com.catfact.app.feature.factdetail.test/androidx.activity.ComponentActivity}
04-15 09:53:27.099  2000  2194 I VRI[test]@d4648f8: mWNT: t=0xb4000074fc5faa90 mBlastBufferQueue=0xb40000741cd16240 fn= 7 HdrRenderState mRenderHdrSdrRatio=1.0 caller= android.view.SyncRtSurfaceTransactionApplier.applyTransaction:100 android.view.SyncRtSurfaceTransactionApplier.lambda$scheduleApply$0:73 android.view.SyncRtSurfaceTransactionApplier.$r8$lambda$afI4fXg3U3-nBZQEDQMiNy-B06s:0
04-15 09:53:27.108  1542  2161 I WindowManager: Relayout Window{6094333 u0 Splash Screen com.catfact.app.feature.factdetail.test}: viewVisibility=8 req=720x1544 ty=3 d0
04-15 09:53:27.108  1542  2161 D SurfaceComposerClient: setCornerRadius ## 5d066e4 com.catfact.app.feature.factdetail.test/androidx.activity.ComponentActivity#18537 cornerRadius=0.000000
04-15 09:53:27.109  1542  2161 D SurfaceComposerClient: setCornerRadius ## 6094333 Splash Screen com.catfact.app.feature.factdetail.test#18535 cornerRadius=0.000000
04-15 09:53:27.109  1542  2161 D SurfaceComposerClient: setCornerRadius ## 5d066e4 com.catfact.app.feature.factdetail.test/androidx.activity.ComponentActivity#18537 cornerRadius=0.000000
04-15 09:53:27.110  1218  6568 I CameraService: onUidStateChanged: uid=10048, procState is changed. (1 -> 0)
04-15 09:53:27.111  1542  2161 I WindowManager: Relayout hash=6094333, pid=2000, syncId=-1: mAttrs={(0,0)(fillxfill) sim={adjust=pan} layoutInDisplayCutoutMode=always ty=APPLICATION_STARTING fmt=TRANSLUCENT wanim=0x1030317
04-15 09:53:27.111  1542  2161 I WindowManager:   fl=81030118
04-15 09:53:27.111  1542  2161 I WindowManager:   pfl=10000810
04-15 09:53:27.111  1542  2161 I WindowManager:   apr=18
04-15 09:53:27.111  1542  2161 I WindowManager:   bhv=1
04-15 09:53:27.111  1542  2161 I WindowManager:   fitSides=0
04-15 09:53:27.111  1542  2161 I WindowManager:   frameRateBoostOnTouch=true
04-15 09:53:27.111  1542  2161 I WindowManager:   dvrrWindowFrameRateHint=true naviIconColor=0}
04-15 09:53:27.112  2000  2120 I VRI[test]@d4648f8: onActiveControlsChanged, removed=false, mAdded=true, caller=android.view.ViewRootImpl.handleInsetsControlChanged:3002 android.view.ViewRootImpl.relayoutWindow:11629 android.view.ViewRootImpl.performTraversals:4804 android.view.ViewRootImpl.doTraversal:3924 android.view.ViewRootImpl$TraversalRunnable.run:12903
04-15 09:53:27.113  2000  2120 I VRI[test]@d4648f8: Relayout returned: old=(0,0,720,1544) new=(0,0,720,1544) relayoutAsync=false req=(720,1544)8 dur=5 res=0x2 s={false 0x0} ch=true seqId=0
04-15 09:53:27.113  2000  2120 D VRI[test]@d4648f8: Not drawing due to not visible. Reason=View.GONE
04-15 09:53:27.113  2000  2120 I VRI[test]@d4648f8: dispatchDetachedFromWindow
04-15 09:53:27.114  1542  2161 D InputTransport: Input channel destroyed: '6094333', fd=1312
04-15 09:53:27.114  1542  2161 D SurfaceComposerClient: setCornerRadius ## 5d066e4 com.catfact.app.feature.factdetail.test/androidx.activity.ComponentActivity#18537 cornerRadius=0.000000
04-15 09:53:27.114  1542  2161 D SurfaceComposerClient: setCornerRadius ## 5d066e4 com.catfact.app.feature.factdetail.test/androidx.activity.ComponentActivity#18537 cornerRadius=0.000000
04-15 09:53:27.114  2000  2120 D InputTransport: Input channel destroyed: '6094333', fd=513
04-15 09:53:27.115  1542  1585 D SurfaceComposerClient: setCornerRadius ## 5d066e4 com.catfact.app.feature.factdetail.test/androidx.activity.ComponentActivity#18537 cornerRadius=0.000000
04-15 09:53:27.116  1542  1585 D SurfaceComposerClient: setCornerRadius ## 5d066e4 com.catfact.app.feature.factdetail.test/androidx.activity.ComponentActivity#18537 cornerRadius=0.000000
04-15 09:53:27.120  2000  2000 D SystemUIService: SYSUI_RAM_OPTIMIZATION onTrimMemory=20
04-15 09:53:27.120  2000  2000 D CentralSurfaces: SYSUI_RAM_OPTIMIZATION onTrimMemory=20
04-15 09:53:27.121  2000  2196 D HWUI    : CacheManager::trimMemory(20)
04-15 09:53:27.123  1151  1151 I SurfaceFlinger: RequestedLayer [Splash Screen com.catfact.app.feature.factdetail.test$_2000#18536] hidden!! flag  from(0) --> to(1)
04-15 09:53:27.123  1151  1151 I SurfaceFlinger: [LayerHierarchy{RequestedLayerState{5d066e4 com.catfact.app.feature.factdetail.test/androidx.activity.ComponentActivity#18537 parentId=18534} 1 children}] reparent to LayerHierarchy{RequestedLayerState{ActivityRecord{192128459 u0 com.catfact.app.feature.factdetail.test/androidx.activity.ComponentActivity t3873}#18534 parentId=18533} 5 children}
04-15 09:53:27.123  1151  1151 I SurfaceFlinger: [LayerHierarchy{RequestedLayerState{Surface(name=5d066e4 com.catfact.app.feature.factdetail.test/androidx.activity.ComponentActivity)/@0xf3d2b03 - animation-leash of starting_reveal#18546} no children}] reparent to OffscreenRoot
04-15 09:53:27.123  1151  1151 I SurfaceFlinger: [LayerHierarchy{RequestedLayerState{Surface(name=5d066e4 com.catfact.app.feature.factdetail.test/androidx.activity.ComponentActivity)/@0xf3d2b03 - animation-leash of starting_reveal#18546} no children}] RelativeParent to null
04-15 09:53:27.130  1151  1151 D SurfaceFlinger: Display 4633128672291735999 HWC layers:
04-15 09:53:27.130  1151  1151 D SurfaceFlinger:        CLIENT |           17089674871020 | 00002102 | RGBA_8888    |  153.0    0.0  720.0 1544.0 |    0    0  720 1544 | com.google.android.calendar/com.goog[...]AllInOneCalendarActivity$_3979#18525 (32)
04-15 09:53:27.130  1151  1151 D SurfaceFlinger:   SOLID_COLOR |                        0 | 00000000 | N/A          |    0.0    0.0    0.0    0.0 |    0    0  720 1544 | DimTransitionLayer for Surface(name=Task=3873)/@0xd471dc5#18539 (0)
04-15 09:53:27.130  1151  1151 D SurfaceFlinger:        DEVICE |           82867099009032 | 00002102 | RGBA_8888    |    0.0    0.0  490.0 1544.0 |  230    0  720 1544 | com.catfact.app.feature.factdetail.t[...]ivity.ComponentActivity$_19294#18542 (1)
04-15 09:53:27.130  1151  1151 D SurfaceFlinger:        DEVICE |            8589934654704 | 00002100 | RGBA_8888    |    0.0    0.0  720.0   50.0 |    0    0  720   50 | StatusBar$_2000#102 (26195)
04-15 09:53:27.130  1151  1151 D SurfaceFlinger:        DEVICE |           10569914518889 | 00002100 | RGBA_8888    |    0.0    0.0   67.0  353.0 |  653  192  720  545 | com.sec.android.app.launcher/com.sam[...]l.app.CocktailBarService$_2461#16495 (1)
04-15 09:53:27.130  1151  1151 D SurfaceFlinger:        DEVICE |            85899346
04-15 09:53:27.130  1151  1151 D SurfaceFlinger: 54692 | 00002100 | RGBA_8888    |    0.0    0.0  720.0   90.0 |    0 1454  720 1544 | NavigationBar0$_2000#98 (16990)
04-15 09:53:27.130  1151  1151 D SurfaceFlinger:
04-15 09:53:27.157  2000  2000 D QSClock : onDarkChanged tint=DARK
04-15 09:53:27.182  3979  3988 I ndroid.calendar: Background concurrent mark compact GC freed 51MB AllocSpace bytes, 1(16KB) LOS objects, 66% free, 18MB/56MB, paused 1.596ms,2.672ms total 154.554ms
04-15 09:53:27.200 18219 18292 I DigitalKey: [GmsCarKeyFwWorker] runCheckComponentAvailability disabled maximum count exceed
04-15 09:53:27.201 18219 18281 I DigitalKey: [GmsCarKeyFwWorker] tryModuleInstallation result = false (apiName: getSupportedOptInFeatures, apiSequence: 1)
04-15 09:53:27.201 18219 18281 I DigitalKey: [GmsCarKeyFwWorker] gms dck available:false (apiName: getSupportedOptInFeatures, apiSequence: 1)
04-15 09:53:27.201 18219 18281 E DigitalKey: [GmsCarKeyFwWorker] GMS is not available. (apiName: getSupportedOptInFeatures, apiSequence: 1)
04-15 09:53:27.201 18219 18281 E DigitalKey: [FeatureOptInWorker] enableSupportFeatures - supported OptInFeatures is null
04-15 09:53:27.202 18219 18292 I DigitalKey: [GmsCarKeyFwWorker] runCheckComponentAvailability disabled maximum count exceed
04-15 09:53:27.202 18219 18278 I DigitalKey: [GmsCarKeyFwWorker] tryModuleInstallation result = false (apiName: getGmsDigitalKeyList, apiSequence: 2)
04-15 09:53:27.203 18219 18278 I DigitalKey: [GmsCarKeyFwWorker] gms dck available:false (apiName: getGmsDigitalKeyList, apiSequence: 2)
04-15 09:53:27.203 18219 18278 E DigitalKey: [PerKeySettingsWorker] handleAllBleSettings - getGmsDigitalKeyList is null
04-15 09:53:27.203 18219 18292 I DigitalKey: [GmsCarKeyFwWorker] runCheckComponentAvailability disabled maximum count exceed
04-15 09:53:27.204 18219 18280 I DigitalKey: [GmsCarKeyFwWorker] tryModuleInstallation result = false (apiName: getDigitalKeyDtoList, apiSequence: 3)
04-15 09:53:27.204 18219 18280 I DigitalKey: [GmsCarKeyFwWorker] gms dck available:false (apiName: getDigitalKeyDtoList, apiSequence: 3)
04-15 09:53:27.204 18219 18280 E DigitalKey: [GmsCarKeyManager] startInternal - getDigitalKeyDtoList is null
04-15 09:53:27.204 18219 18280 I DigitalKey: [GmsCarKeyManager] stop - enter
04-15 09:53:27.204 18219 18280 I DigitalKey: [PassiveEntryForegroundServiceWorker] Gms - setValue: 0
04-15 09:53:27.204 18219 18280 I DigitalKey: [PassiveEntryForegroundServiceWorker] Gms - beforeValue: 0, afterValue: 0
04-15 09:53:27.204 18219 18280 I DigitalKey: [PassiveEntryForegroundServiceWorker] total count: 0
04-15 09:53:27.204 18219 18280 I DigitalKey: [GmsCarKeyManager] stopInternal - request stop passive entry foreground service
04-15 09:53:27.204 18219 18280 I DigitalKey: [PassiveEntryForegroundServiceWorker] getIsStarted - value: false
04-15 09:53:27.204 18219 18280 I DigitalKey: [PassiveEntryForegroundServiceWorker] stop passive entry no needed (isStarted: false, isSecCarKeyFound: false)
04-15 09:53:27.204 18219 18280 I DigitalKey: [GmsCarKeyManager] stop - end
04-15 09:53:27.204 18219 18280 I DigitalKey: [GmsCarKeyManager] start complete
04-15 09:53:27.204 18219 18280 I DigitalKey: [GmsInitializer] no need to init cache
04-15 09:53:27.205 18219 18280 I DigitalKey: [CarKeyDeviceWccChecker] force cache wcc for SamsungCarKeyFw
04-15 09:53:27.205 18219 18280 I DigitalKey: [CarKeyDeviceWccChecker] cache expired=true, wcc=0
04-15 09:53:27.205 18219 18280 I DigitalKey: [BaseConfiguration] nfcPairingMode: false
04-15 09:53:27.205 18219 18280 I DigitalKey: [GmsCarKeyFwWorker] withApiInfo - called (apiName: gmsGetWirelessCapabilities, apiSequence: 4)
04-15 09:53:27.205 18219 18280 I DigitalKey: [GmsCarKeyFwWorker] getOrNull - start timer (timeout: 10000 ms, exceptionHandler: null) (apiName: gmsGetWirelessCapabilities, apiSequence: 4)
04-15 09:53:27.205 18219 18280 I DigitalKey: [GmsCarKeyFwWorker] getOrNull - start getOrException (apiName: gmsGetWirelessCapabilities, apiSequence: 4)
04-15 09:53:27.214  4813  4813 D BoundBrokerSvc: onRebind: Intent { act=com.google.android.gms.dck.service.START dat=chimera-action:/... xflg=0x4 cmp=com.google.android.gms/.chimera.GmsApiService }
04-15 09:53:27.217  4813  4813 D BoundBrokerSvc: onRebind: Intent { act=com.google.android.gms.chimera.container.moduleinstall.ModuleInstallService.START dat=chimera-action:/... xflg=0x4 cmp=com.google.android.gms/.chimera.GmsApiService }
04-15 09:53:27.224  4813 15279 I Dck     : (REDACTED) Verified package %s as content provider app
04-15 09:53:27.225 18219 18231 I DigitalKey: [MigrationInfoProvider] call - method: get_dck_migration_info_list, arg: null, extras: null, callingPackage: com.google.android.gms
04-15 09:53:27.226 18219 18231 I DigitalKey: [ProviderPermissionWorker] isPermissionGranted - migration info result: false
04-15 09:53:27.226 18219 18231 I DigitalKey: [ProviderPermissionWorker] isPermissionGranted - digital key privileged result: true
04-15 09:53:27.227 18219 18231 I DigitalKey: [MigrationInfoProvider] call - returnBundle: Bundle[{is_r3_supported=true, is_samsung_owner_key_existed=true, is_migration_possible=false, is_migration_possible_v2=true, is_samsung_native_app_latest=true, is_samsung_native_app_latest_v2=true, is_key_share_supported=true}]
04-15 09:53:27.228  4813 15279 I Dck     : (REDACTED) migrationBundle: %s
04-15 09:53:27.228  4813 15279 I Dck     : (REDACTED) %s: %s
04-15 09:53:27.228  4813 15279 I Dck     : [WirelessCapabilitiesFeatures] wccSysProp: 3 [CONTEXT service_id=289 ]
04-15 09:53:27.228  4813 15279 I Dck     : [WirelessCapabilitiesFeatures] wccOverride: not set [CONTEXT service_id=289 ]
04-15 09:53:27.228  4813 15279 I Dck     : [WirelessCapabilitiesFeatures] Found Samsung native app with content provider. Release 3 supported. Will not override WCC to 1. [CONTEXT service_id=289 ]
04-15 09:53:27.228  4813 15279 I Dck     : (REDACTED) [WirelessCapabilitiesFeatures] returned wcc: %s
04-15 09:53:27.230 18219 18219 I DigitalKey: [GmsCarKeyFwWorker] getOrException success (apiName: gmsGetWirelessCapabilities, apiSequence: 4)
04-15 09:53:27.230 18219 18219 I DigitalKey: [GmsCarKeyFwWorker] getOrException completed (apiName: gmsGetWirelessCapabilities, apiSequence: 4)
04-15 09:53:27.230 18219 18280 I DigitalKey: [GmsCarKeyFwWorker] getOrNull - end getOrException (apiName: gmsGetWirelessCapabilities, apiSequence: 4)
04-15 09:53:27.230 18219 18280 I DigitalKey: [CarKeyDeviceWccChecker] getCachedWcc(SamsungCarKeyFw)=3
04-15 09:53:27.231 18219 18280 I DigitalKey: [CarKeyDeviceWccChecker] force cache wcc for GMSCore
04-15 09:53:27.231 18219 18280 I DigitalKey: [CarKeyDeviceWccChecker] cache expired=true, wcc=0
04-15 09:53:27.231 18219 18280 I DigitalKey: [BaseConfiguration] nfcPairingMode: false
04-15 09:53:27.231 18219 18280 I DigitalKey: [GmsCarKeyFwWorker] withApiInfo - called (apiName: gmsGetWirelessCapabilities, apiSequence: 5)
04-15 09:53:27.231 18219 18280 I DigitalKey: [GmsCarKeyFwWorker] getOrNull - start timer (timeout: 10000 ms, exceptionHandler: null) (apiName: gmsGetWirelessCapabilities, apiSequence: 5)
04-15 09:53:27.231 18219 18280 I DigitalKey: [GmsCarKeyFwWorker] getOrNull - start getOrException (apiName: gmsGetWirelessCapabilities, apiSequence: 5)
04-15 09:53:27.234  4813 15279 I Dck     : (REDACTED) Verified package %s as content provider app
04-15 09:53:27.234 18219 18231 I DigitalKey: [MigrationInfoProvider] call - method: get_dck_migration_info_list, arg: null, extras: null, callingPackage: com.google.android.gms
04-15 09:53:27.234 18219 18231 I DigitalKey: [ProviderPermissionWorker] isPermissionGranted - migration info result: false
04-15 09:53:27.234 18219 18231 I DigitalKey: [ProviderPermissionWorker] isPermissionGranted - digital key privileged result: true
04-15 09:53:27.234 18219 18231 I DigitalKey: [MigrationInfoProvider] call - returnBundle: Bundle[{is_r3_supported=true, is_samsung_owner_key_existed=true, is_migration_possible=false, is_migration_possible_v2=true, is_samsung_native_app_latest=true, is_samsung_native_app_latest_v2=true, is_key_share_supported=true}]
04-15 09:53:27.235  4813 15279 I Dck     : (REDACTED) migrationBundle: %s
04-15 09:53:27.235  4813 15279 I Dck     : (REDACTED) %s: %s
04-15 09:53:27.235  4813 15279 I Dck     : [WirelessCapabilitiesFeatures] wccSysProp: 3 [CONTEXT service_id=289 ]
04-15 09:53:27.235  4813 15279 I Dck     : [WirelessCapabilitiesFeatures] wccOverride: not set [CONTEXT service_id=289 ]
04-15 09:53:27.235  4813 15279 I Dck     : [WirelessCapabilitiesFeatures] Found Samsung native app with content provider. Release 3 supported. Will not override WCC to 1. [CONTEXT service_id=289 ]
04-15 09:53:27.235  4813 15279 I Dck     : (REDACTED) [WirelessCapabilitiesFeatures] returned wcc: %s
04-15 09:53:27.238 18219 18219 I DigitalKey: [GmsCarKeyFwWorker] getOrException success (apiName: gmsGetWirelessCapabilities, apiSequence: 5)
04-15 09:53:27.238 18219 18219 I DigitalKey: [GmsCarKeyFwWorker] getOrException completed (apiName: gmsGetWirelessCapabilities, apiSequence: 5)
04-15 09:53:27.238 18219 18280 I DigitalKey: [GmsCarKeyFwWorker] getOrNull - end getOrException (apiName: gmsGetWirelessCapabilities, apiSequence: 5)
04-15 09:53:27.238 18219 18280 I DigitalKey: [CarKeyDeviceWccChecker] getCachedWcc(GMSCore)=3
04-15 09:53:27.254  3756  3756 I InputMethodService: removeImeSurface
04-15 09:53:27.254  3756  3756 I InputMethodService: cancelImeSurfaceRemoval: removeCallbacks
04-15 09:53:27.263 11551 11562 I PrivacyDashboard: PermissionAccessInformationContentProvider  bulkInsert : 6
04-15 09:53:27.310  2461  2461 I HoneySpace.EdgePanel.EdgeVisibilityRepository: getComputedTrayVisible : keyguardState = 1
04-15 09:53:27.310  2461  2461 I HoneySpace.EdgePanel.EdgeVisibilityRepository: updateTrayVisible: State = 0x1, visible = true, current containerState = 0, specificMode = 0
04-15 09:53:27.310  2461  2461 I HoneySpace.EdgePanel.EdgeVisibilityRepository: Same container state 0
04-15 09:53:27.354  1059 19382 I HYPER-HAL: [RequestManager.cpp]releaseLocked(): Released ID : 1223852
04-15 09:53:27.469  1151  1151 D SurfaceFlinger: Display 4633128672291735999 HWC layers:
04-15 09:53:27.469  1151  1151 D SurfaceFlinger:        DEVICE |           82867099009032 | 00002102 | RGBA_8888    |    0.0    0.0  720.0 1544.0 |    0    0  720 1544 | com.catfact.app.feature.factdetail.t[...]ivity.ComponentActivity$_19294#18542 (1)
04-15 09:53:27.469  1151  1151 D SurfaceFlinger:        DEVICE |            8589934654694 | 00002100 | RGBA_8888    |    0.0    0.0  720.0   50.0 |    0    0  720   50 | StatusBar$_2000#102 (26201)
04-15 09:53:27.469  1151  1151 D SurfaceFlinger:        DEVICE |           10569914518889 | 00002100 | RGBA_8888    |    0.0    0.0   67.0  353.0 |  653  192  720  545 | com.sec.android.app.launcher/com.sam[...]l.app.CocktailBarService$_2461#16495 (1)
04-15 09:53:27.469  1151  1151 D SurfaceFlinger:        DEVICE |            8589934654693 | 00002100 | RGBA_8888    |    0.0    0.0  720.0   90.0 |    0 1454  720 1544 | NavigationBar0$_2000#98 (16995)
04-15 09:53:27.469  1151  1151 D SurfaceFlinger:
04-15 09:53:27.475  2000  2105 I SurfaceControlRegistry: apply, t=FinishTransaction_SyncId<1655>, caller=android.view.SurfaceControl$Transaction.apply:3459 android.view.SurfaceControl$Transaction.apply:3447 android.view.SurfaceControl$Transaction.apply:3397 com.android.wm.shell.transition.Transitions.onFinish:315 com.android.wm.shell.transition.Transitions$$ExternalSyntheticLambda7.onTransitionFinished:12 com.android.wm.shell.transition.DefaultTransitionHandler$$ExternalSyntheticLambda2.run:36
04-15 09:53:27.477  3979  3979 I VRI[AllInOneCalendarActivity]@8d8c769: handleAppVisibility mAppVisible = true visible = false
04-15 09:53:27.477  3979  3979 D VRI[AllInOneCalendarActivity]@8d8c769: visibilityChanged oldVisibility=true newVisibility=false
04-15 09:53:27.477  1542  2161 D SurfaceComposerClient: setCornerRadius ## 5d066e4 com.catfact.app.feature.factdetail.test/androidx.activity.ComponentActivity#18537 cornerRadius=0.000000
04-15 09:53:27.478  1542  2161 D SurfaceComposerClient: setCornerRadius ## 5d066e4 com.catfact.app.feature.factdetail.test/androidx.activity.ComponentActivity#18537 cornerRadius=0.000000
04-15 09:53:27.478  2000  2000 D SamsungLightBarControlHelper: updateStatusBar (WHITE icon) numStacks:1, StatusBarMode:MODE_TRANSPARENT, lightBarBounds:[], StatusBarState:SHADE, packageName:, isWhiteKeyguardStatusBar:false
04-15 09:53:27.478  2000  2000 D SamsungLightBarControlHelper: onStatusBarAppearanceChanged() -  sbModeChanged:false, statusBarMode:0, barState:MODE_TRANSPARENT, isKeyguardShowing:false, navbarColorManagedByIme:false, (AppearanceRegion{ bounds=[0,0][720,1544]}, )
04-15 09:53:27.482  1151  1151 I SurfaceFlinger: RequestedLayer [Task=3801#16292] hidden!! flag  from(0) --> to(1)
04-15 09:53:27.482  1151  1151 I SurfaceFlinger: [Display 0 name="Built-in Screen"#49] setFrameRateCategory: Default
04-15 09:53:27.482  1151  1151 I SurfaceFlinger: [LayerHierarchy{RequestedLayerState{Task=3801#16292 parentId=10 z=12} 1 children}] reparent to LayerHierarchy{RequestedLayerState{DefaultTaskDisplayArea_d0#10 parentId=9} 16 children}
04-15 09:53:27.482  1151  1151 I SurfaceFlinger: [LayerHierarchy{RequestedLayerState{Task=3873#18533 parentId=10 z=13} 2 children}] reparent to LayerHierarchy{RequestedLayerState{DefaultTaskDisplayArea_d0#10 parentId=9} 17 children}
04-15 09:53:27.482  1151  1151 I SurfaceFlinger: [LayerHierarchy{RequestedLayerState{Transition Root: Task=3873#18538 z=13} 1 children}] reparent to OffscreenRoot
04-15 09:53:27.482  1151  1151 I SurfaceFlinger: [LayerHierarchy{RequestedLayerState{Transition Root: Task=3873#18538 z=13} 1 children}] RelativeParent to null
04-15 09:53:27.482  1151  1151 I SurfaceFlinger: [LayerHierarchy{RequestedLayerState{DimTransitionLayer for Surface(name=Task=3873)/@0xd471dc5#18539 z=-1} no children}] reparent to OffscreenRoot
04-15 09:53:27.482  1151  1151 I SurfaceFlinger: [LayerHierarchy{RequestedLayerState{DimTransitionLayer for Surface(name=Task=3873)/@0xd471dc5#18539 z=-1} no children}] RelativeParent to null
04-15 09:53:27.484  2000  2000 D SystemUIService: SYSUI_RAM_OPTIMIZATION onTrimMemory=20
04-15 09:53:27.484  1151  1151 I SurfaceFlinger: id=18539 Removed DimTransitionLayer for Surface(name=Task=3873)/@0xd471dc5#18539 (173)
04-15 09:53:27.484  2000  2000 D CentralSurfaces: SYSUI_RAM_OPTIMIZATION onTrimMemory=20
04-15 09:53:27.484  1151  1151 I SurfaceFlinger: id=18538 Removed Transition Root: Task=3873#18538 (173)
04-15 09:53:27.484  2000  2196 D HWUI    : CacheManager::trimMemory(20)
04-15 09:53:27.485  1542  1585 D SurfaceComposerClient: setCornerRadius ## 5d066e4 com.catfact.app.feature.factdetail.test/androidx.activity.ComponentActivity#18537 cornerRadius=0.000000
04-15 09:53:27.485  2000  2000 D DisplayLifecycle: updateDisplay id = 0
04-15 09:53:27.486  2000  2125 D StackScroller: onDisplayChanged for predraw skip to 2
04-15 09:53:27.486  2461  4432 I HoneySpace.Memory-Monitor: current state = 2, didTrim = false
04-15 09:53:27.487  3979  4808 D HWUI    : CacheManager::trimMemory(20)
04-15 09:53:27.489  1542  2161 I WindowManager: Relayout Window{f5b4232 u0 com.google.android.calendar/com.google.android.calendar.allinone.AllInOneCalendarActivity}: viewVisibility=8 req=720x1544 ty=1 d0
04-15 09:53:27.489  1542  2161 D SurfaceComposerClient: setCornerRadius ## 5d066e4 com.catfact.app.feature.factdetail.test/androidx.activity.ComponentActivity#18537 cornerRadius=0.000000
04-15 09:53:27.489  1542  2161 D SurfaceComposerClient: setCornerRadius ## 5d066e4 com.catfact.app.feature.factdetail.test/androidx.activity.ComponentActivity#18537 cornerRadius=0.000000
04-15 09:53:27.490  1542  2161 I WindowManager: Relayout hash=f5b4232, pid=3979, syncId=-1: mAttrs={(0,0)(fillxfill) sim={adjust=pan} layoutInDisplayCutoutMode=always ty=BASE_APPLICATION wanim=0x1030317
04-15 09:53:27.490  1542  2161 I WindowManager:   fl=81810100
04-15 09:53:27.490  1542  2161 I WindowManager:   pfl=100088c0
04-15 09:53:27.490  1542  2161 I WindowManager:   vsysui=700
04-15 09:53:27.490  1542  2161 I WindowManager:   bhv=1
04-15 09:53:27.490  1542  2161 I WindowManager:   fitSides=0
04-15 09:53:27.490  1542  2161 I WindowManager:   frameRateBoostOnTouch=true
04-15 09:53:27.490  1542  2161 I WindowManager:   dvrrWindowFrameRateHint=true naviIconColor=0}
04-15 09:53:27.490  1151  1151 I SurfaceFlinger: RequestedLayer [com.google.android.calendar/com.goog[...]AllInOneCalendarActivity$_3979#18525] hidden!! flag  from(0) --> to(1)
04-15 09:53:27.490  1151  1151 I SurfaceFlinger: RequestedLayer [ActivityRecord{243114305 u0 com.goog[...]llInOneCalendarActivity t3801}#16293] hidden!! flag  from(0) --> to(1)
04-15 09:53:27.490  1151  1151 I SurfaceFlinger: destroyed Transition Root: Task=3873#18538
04-15 09:53:27.490  1151  1151 I SurfaceFlinger: destroyed DimTransitionLayer for Surface(name=Task=3873)/@0xd471dc5#18539
04-15 09:53:27.490  1151  1151 I SurfaceFlinger: [LayerHierarchy{RequestedLayerState{ImeContainer#15 parentId=18534 relativeParentId=18537 z=1} 1 children}] RelativeParent to LayerHierarchy{RequestedLayerState{5d066e4 com.catfact.app.feature.factdetail.test/androidx.activity.ComponentActivity#18537 parentId=18534} 2 children}
04-15 09:53:27.490  1151  1151 I SurfaceFlinger: [LayerHierarchy{RequestedLayerState{6094333 Splash Screen com.catfact.app.feature.factdetail.test#18535 z=2147483647} 1 children}] reparent to OffscreenRoot
04-15 09:53:27.490  1151  1151 I SurfaceFlinger: [LayerHierarchy{RequestedLayerState{6094333 Splash Screen com.catfact.app.feature.factdetail.test#18535 z=2147483647} 1 children}] RelativeParent to null
04-15 09:53:27.490  1151  1151 I SurfaceFlinger: [LayerHierarchy{RequestedLayerState{Splash Screen com.catfact.app.feature.factdetail.test$_2000#18536} no children}] reparent to OffscreenRoot
04-15 09:53:27.490  1151  1151 I SurfaceFlinger: [LayerHierarchy{RequestedLayerState{Splash Screen com.catfact.app.feature.factdetail.test$_2000#18536} no children}] RelativeParent to null
04-15 09:53:27.491  1151  1151 I Layer   : id=18538 Destroyed Transition Root: Task=3873#18538
04-15 09:53:27.491  1151  1151 I Layer   : id=18539 Destroyed DimTransitionLayer for Surface(name=Task=3873)/@0xd471dc5#18539
04-15 09:53:27.491  1151  1151 I SurfaceFlinger: id=18535 Removed 6094333 Splash Screen com.catfact.app.feature.factdetail.test#18535 (171)
04-15 09:53:27.491  1151  1151 I SurfaceFlinger: id=18536 Removed Splash Screen com.catfact.app.feature.factdetail.test$_2000#18536 (171)
04-15 09:53:27.492  3979  3979 I VRI[AllInOneCalendarActivity]@8d8c769: Relayout returned: old=(0,0,720,1544) new=(0,0,720,1544) relayoutAsync=false req=(720,1544)8 dur=2 res=0x2 s={false 0x0} ch=true seqId=0
04-15 09:53:27.493  3979  3979 D VRI[AllInOneCalendarActivity]@8d8c769: Not drawing due to not visible. Reason=!mAppVisible && !mForceDecorViewVisibility
04-15 09:53:27.493  3979  4808 D HWUI    : CacheManager::trimMemory(20)
04-15 09:53:27.496  3979  3979 I VRI[AllInOneCalendarActivity]@8d8c769: stopped(true) old = false
04-15 09:53:27.496  3979  3979 D VRI[AllInOneCalendarActivity]@8d8c769: WindowStopped on com.google.android.calendar/com.google.android.calendar.allinone.AllInOneCalendarActivity set to true
04-15 09:53:27.496  3979  4808 D HWUI    : CacheManager::trimMemory(20)
04-15 09:53:27.498  1151  1151 I SurfaceFlinger: destroyed 6094333 Splash Screen com.catfact.app.feature.factdetail.test#18535
04-15 09:53:27.498  1151  1151 I SurfaceFlinger: destroyed Splash Screen com.catfact.app.feature.factdetail.test$_2000#18536
04-15 09:53:27.499  1151  1151 I Layer   : id=18535 Destroyed 6094333 Splash Screen com.catfact.app.feature.factdetail.test#18535
04-15 09:53:27.499  1151  1151 I Layer   : id=18536 Destroyed Splash Screen com.catfact.app.feature.factdetail.test$_2000#18536
04-15 09:53:27.510  1542  1582 D PkgPredictorService-SecIpmManagerServiceImpl: bg information pid:3979 uid:10279 pkgName:com.google.android.calendar
04-15 09:53:27.513  4813  4813 D BoundBrokerSvc: onUnbind: Intent { act=com.google.android.gms.wallet.service.BIND xflg=0x4 pkg=com.google.android.gms }
04-15 09:53:27.515  1151  1151 I SurfaceFlinger: [LayerHierarchy{RequestedLayerState{com.google.android.calendar/com.google.android.calendar.allinone.AllInOneCalendarActivity$_3979#18525} no children}] reparent to OffscreenRoot
04-15 09:53:27.515  1151  1151 I SurfaceFlinger: [LayerHierarchy{RequestedLayerState{com.google.android.calendar/com.google.android.calendar.allinone.AllInOneCalendarActivity$_3979#18525} no children}] RelativeParent to null
04-15 09:53:27.516  1151  1151 I SurfaceFlinger: id=18525 Removed com.google.android.calendar/com.google.android.calendar.allinone.AllInOneCalendarActivity$_3979#18525 (169)
04-15 09:53:27.521  3979  3979 W WindowOnBackDispatcher: sendCancelIfRunning: isInProgress=false callback=android.app.Activity$$ExternalSyntheticLambda0@d70a2fa
04-15 09:53:27.523  1151  1151 I SurfaceFlinger: destroyed com.google.android.calendar/com.google.android.calendar.allinone.AllInOneCalendarActivity$_3979#18525
04-15 09:53:27.524  1151  1151 I Layer   : id=18525 Destroyed com.google.android.calendar/com.google.android.calendar.allinone.AllInOneCalendarActivity$_3979#18525
04-15 09:53:27.525  3979  4808 D HWUI    : CacheManager::trimMemory(20)
04-15 09:53:27.527  3979  3979 D ViewRootImpl: Skipping stats log for color mode
04-15 09:53:27.527  3979  3979 I VRI[AllInOneCalendarActivity]@8d8c769: dispatchDetachedFromWindow
04-15 09:53:27.527  1542  2161 D InputTransport: Input channel destroyed: 'f5b4232', fd=1280
04-15 09:53:27.528  1542  2161 D SurfaceComposerClient: setCornerRadius ## 5d066e4 com.catfact.app.feature.factdetail.test/androidx.activity.ComponentActivity#18537 cornerRadius=0.000000
04-15 09:53:27.528  1542  2161 D SurfaceComposerClient: setCornerRadius ## 5d066e4 com.catfact.app.feature.factdetail.test/androidx.activity.ComponentActivity#18537 cornerRadius=0.000000
04-15 09:53:27.529  3979  3979 D InputTransport: Input channel destroyed: 'f5b4232', fd=170
04-15 09:53:27.530  3979  3979 D BBA2    : setIsFg isFg = false; delayValue 3999ms
04-15 09:53:27.541  1151  1151 I SurfaceFlinger: [LayerHierarchy{RequestedLayerState{f5b4232 com.google.android.calendar/com.google.android.calendar.allinone.AllInOneCalendarActivity#18524} no children}] reparent to OffscreenRoot
04-15 09:53:27.541  1151  1151 I SurfaceFlinger: [LayerHierarchy{RequestedLayerState{f5b4232 com.google.android.calendar/com.google.android.calendar.allinone.AllInOneCalendarActivity#18524} no children}] RelativeParent to null
04-15 09:53:27.541  1151  1151 I SurfaceFlinger: id=18524 Removed f5b4232 com.google.android.calendar/com.google.android.calendar.allinone.AllInOneCalendarActivity#18524 (168)
04-15 09:53:27.548  1151  1151 I SurfaceFlinger: destroyed f5b4232 com.google.android.calendar/com.google.android.calendar.allinone.AllInOneCalendarActivity#18524
04-15 09:53:27.549  1151  1151 I Layer   : id=18524 Destroyed f5b4232 com.google.android.calendar/com.google.android.calendar.allinone.AllInOneCalendarActivity#18524
04-15 09:53:27.575 19294 19294 I View    : setRequestedFrameRate frameRate=0.0, this=androidx.compose.ui.platform.AndroidComposeView{603a399 VFED..... ......I. 0,0-720,1544 aid=1073741824}, caller=android.view.ViewGroup.setRequestedFrameRate:9952 androidx.compose.ui.platform.Api35Impl.setRequestedFrameRate:3822 androidx.compose.ui.platform.AndroidComposeView.dispatchDraw:2114 android.view.View.draw:26345 android.view.View.updateDisplayListIfDirty:25175
