04-15 09:53:36.732  1151  1151 I SurfaceFlinger: [LayerHierarchy{RequestedLayerState{ImeContainer#15 parentId=18781 relativeParentId=18781 z=1} 1 children}] RelativeParent to null
04-15 09:53:36.733  1151  1151 I BpBinder: onLastStrongRef automatically unlinking death recipients:
04-15 09:53:36.734  1542  3827 D InputTransport: Input channel constructed: 'b6ccf80', fd=874
04-15 09:53:36.734  1542  3827 D InputTransport: Input channel constructed: 'b6ccf80', fd=972
04-15 09:53:36.734  1542  3827 D InputTransport: Input channel constructed: 'b6ccf80', fd=1041
04-15 09:53:36.734  1542  3827 D InputTransport: Input channel destroyed: 'b6ccf80', fd=972
04-15 09:53:36.734  1151  1338 D SurfaceFlinger: [input] setFocusedWindow: <null>
04-15 09:53:36.734  1542  2161 D InputDispatcher: Once focus requested (0): <null>
04-15 09:53:36.734  1542  2161 D InputDispatcher: Focus request (0): <null> but waiting because NO_WINDOW
04-15 09:53:36.734  1542  2161 D InputDispatcher: Focus left window (0): f1cb24 com.catfact.app.feature.factdetail.test/androidx.activity.ComponentActivity
04-15 09:53:36.734  1151  2758 I SurfaceFlinger: id=18796 createSurf, flag=84004, b6ccf80 com.catfact.app.feature.factdetail.test/androidx.test.core.app.InstrumentationActivityInvoker$EmptyActivity#18796
04-15 09:53:36.735  1542  3827 D InputTransport: Input channel destroyed: 'b6ccf80', fd=1041
04-15 09:53:36.736 19294 19294 D InputTransport: Input channel constructed: 'b6ccf80', fd=144
04-15 09:53:36.736 19294 19294 I InsetsController: onStateChanged: host=com.catfact.app.feature.factdetail.test/androidx.test.core.app.InstrumentationActivityInvoker$EmptyActivity, from=android.view.ViewRootImpl.onInsetsStateChanged:3026, state=InsetsState: {mDisplayFrame=Rect(0, 0 - 720, 1544), mDisplayCutout=DisplayCutout{insets=Rect(0, 50 - 0, 0) waterfall=Insets{left=0, top=0, right=0, bottom=0} boundingRect={Bounds=[Rect(0, 0 - 0, 0), Rect(341, 0 - 379, 50), Rect(0, 0 - 0, 0), Rect(0, 0 - 0, 0)]} cutoutPathParserInfo={CutoutPathParserInfo{displayWidth=720 displayHeight=1544 physicalDisplayWidth=720 physicalDisplayHeight=1544 density={1.875} cutoutSpec={M 0,0 H -10 V 26.66666666666667 H 10 V 0 H 0 Z @dp} rotation={0} scale={1.0} physicalPixelDisplaySizeRatio={1.0}}} sideOverrides={}}, mRoundedCorners=RoundedCorners{[RoundedCorner{position=TopLeft, radius=8, center=Point(8, 8)}, RoundedCorner{position=TopRight, radius=8, center=Point(712, 8)}, RoundedCorner{position=BottomRight, radius=8, center=Point(712, 1536)}, RoundedCorner{position=BottomLeft, radius=8, center=Point(8, 1536)}]}  mRoundedCornerFrame=Rect(0, 0 - 720, 1544), mPrivacyIndicatorBounds=PrivacyIndicatorBounds {static bounds=Rect(637, 0 - 720, 50) rotation=0}, mDisplayShape=DisplayShape{ spec=-311912193 displayWidth=720 displayHeight=1544 physicalPixelDisplaySizeRatio=0.5 rotation=0 offsetX=0 offsetY=0 scale=1.0}, mSources= { InsetsSource: {ec730001 mType=navigationBars mFrame=[0,1454][720,1544] mVisible=true mFlags= mSideHint=BOTTOM mBoundingRects=null}, InsetsSource: {ec730004 mType=systemGestures mFrame=[0,0][0,0] mVisible=true mFlags= mSideHint=NONE mBoundingRects=null}, InsetsSource: {ec730005 mType=mandatorySystemGestures mFrame=[0,1454][720,1544] mVisible=true mFlags= mSideHint=BOTTOM mBoundingRects=null}, InsetsSource: {ec730006 mType=tappableElement mFrame=[0,1454][720,1544] mVisible=true mFlags= mSideHint=BOTTOM mBoundingRects=null}, InsetsSource: {ec730024 mType=systemGestures mFrame=[0,0][0,0] mVisible=true mFlags= mSideHint=NONE mBoundingRects=null}, InsetsSource: {3 mType=ime mFrame=[0,0][0,0] mVisible=false mFlags= mSideHint=NONE mBoundingRects=null}, InsetsSource: {27 mType=displayCutout mFrame=[0,0][720,50] mVisible=true mFlags= mSideHint=TOP mBoundingRects=null}, InsetsSource: {43950000 mType=statusBars mFrame=[0,0][720,50] mVisible=true mFlags= mSideHint=TOP mBoundingRects=null}, InsetsSource: {43950005 mType=mandatorySystemGestures mFrame=[0,0][720,73] mVisible=true mFlags= mSideHint=TOP mBoundingRects=null}, InsetsSource: {43950006 mType=tappableElement mFrame=[0,0][720,50] mVisible=true mFlags= mSideHint=TOP mBoundingRects=null} }
04-15 09:53:36.737 19294 19294 I VRI[InstrumentationActivityInvoker$EmptyActivity]@91c9324: synced displayState. AttachInfo displayState=2
04-15 09:53:36.737 19294 19294 I VRI[InstrumentationActivityInvoker$EmptyActivity]@91c9324: setView = com.android.internal.policy.DecorView@cdaa053 IsHRR=false mFlingFrameRateChange=0 TM=true
04-15 09:53:36.737  2000  2125 D StackScroller: onDisplayChanged for predraw skip to 2
04-15 09:53:36.737  2000  2000 D DisplayLifecycle: updateDisplay id = 0
04-15 09:53:36.737 19294 19332 D HWUI    : HWUI - treat SMPTE_170M as sRGB
04-15 09:53:36.738  1542  1585 D SurfaceComposerClient: setCornerRadius ## b6ccf80 com.catfact.app.feature.factdetail.test/androidx.test.core.app.InstrumentationActivityInvoker$EmptyActivity#18796 cornerRadius=0.000000
04-15 09:53:36.738  2461 30001 I HoneySpace.Memory-Monitor: current state = 2, didTrim = false
04-15 09:53:36.742  1542  3964 I WindowManager: Relayout Window{b6ccf80 u0 com.catfact.app.feature.factdetail.test/androidx.test.core.app.InstrumentationActivityInvoker$EmptyActivity}: viewVisibility=0 req=720x1544 ty=1 d0
04-15 09:53:36.743  1151  2758 I SurfaceFlinger: id=18797 createSurf, flag=44004, com.catfact.app.feature.factdetail.test/androidx.test.core.app.InstrumentationActivityInvoker$EmptyActivity$_19294#18797
04-15 09:53:36.744  1542  3964 D SurfaceComposerClient: setCornerRadius ## b6ccf80 com.catfact.app.feature.factdetail.test/androidx.test.core.app.InstrumentationActivityInvoker$EmptyActivity#18796 cornerRadius=0.000000
04-15 09:53:36.744  1542  3964 D SurfaceComposerClient: setCornerRadius ## b6ccf80 com.catfact.app.feature.factdetail.test/androidx.test.core.app.InstrumentationActivityInvoker$EmptyActivity#18796 cornerRadius=0.000000
04-15 09:53:36.745  1151  2758 I SurfaceFlinger: id=18798 createSurf, flag=24000, Surface(name=3edafdc StatusBar)/@0x3b919ed - animation-leash of insets_animation#18798
04-15 09:53:36.747  1151  2758 I SurfaceFlinger: id=18799 createSurf, flag=24000, Surface(name=8c5cec7 NavigationBar0)/@0xa68870 - animation-leash of insets_animation#18799
04-15 09:53:36.749  1151  1151 I SurfaceFlinger: [b6ccf80 com.catfact.app.feature.factdetail.test/androidx.test.core.app.InstrumentationActivityInvoker$EmptyActivity#18796] attach to parent LayerHierarchy{RequestedLayerState{ActivityRecord{264895561 u0 com.catfact.app.feature.factdetail.test/androidx.test.core.app.InstrumentationActivityInvoker$EmptyActivity t3880}#18795 parentId=18780} 1 children}
04-15 09:53:36.749  1151  1151 I SurfaceFlinger: [com.catfact.app.feature.factdetail.test/androidx.test.core.app.InstrumentationActivityInvoker$EmptyActivity$_19294#18797] attach to parent LayerHierarchy{RequestedLayerState{b6ccf80 com.catfact.app.feature.factdetail.test/androidx.test.core.app.InstrumentationActivityInvoker$EmptyActivity#18796 parentId=18795} 1 children}
04-15 09:53:36.749  1151  1151 I SurfaceFlinger: [Surface(name=3edafdc StatusBar)/@0x3b919ed - animation-leash of insets_animation#18798] attach to parent LayerHierarchy{RequestedLayerState{WindowToken{7a8fc4f type=2000 android.os.BinderProxy@a9d7329}#94 parentId=17} 2 children}
04-15 09:53:36.749  1151  1151 I SurfaceFlinger: [Surface(name=8c5cec7 NavigationBar0)/@0xa68870 - animation-leash of insets_animation#18799] attach to parent LayerHierarchy{RequestedLayerState{WindowToken{fc018e2 type=2019 android.os.BinderProxy@bda3ac4}#90 parentId=34} 2 children}
04-15 09:53:36.749  1542  3964 I SystemKeyManager: requested systemKeyInfo size=1 focusedWindow=com.catfact.app.feature.factdetail.test/androidx.test.core.app.InstrumentationActivityInvoker$EmptyActivity
04-15 09:53:36.749  1542  3964 I SystemKeyManager: requested systemKeyInfo size=1 focusedWindow=com.catfact.app.feature.factdetail.test/androidx.test.core.app.InstrumentationActivityInvoker$EmptyActivity
04-15 09:53:36.749  1542  3964 I WindowManager: Relayout hash=b6ccf80, pid=19294, syncId=-1: mAttrs={(0,0)(fillxfill) sim={adjust=pan forwardNavigation} layoutInDisplayCutoutMode=always ty=BASE_APPLICATION
04-15 09:53:36.749  1542  3964 I WindowManager:   fl=81810100
04-15 09:53:36.749  1542  3964 I WindowManager:   pfl=100088c0
04-15 09:53:36.749  1542  3964 I WindowManager:   bhv=1
04-15 09:53:36.749  1542  3964 I WindowManager:   fitSides=0
04-15 09:53:36.749  1542  3964 I WindowManager:   frameRateBoostOnTouch=true
04-15 09:53:36.749  1542  3964 I WindowManager:   dvrrWindowFrameRateHint=true naviIconColor=0}
04-15 09:53:36.750  2000  2000 D NavigationBar: onSystemBarAttributesChanged() -  displayId:0, appearance:16, packageName: com.catfact.app.feature.factdetail.test (APPEARANCE_LIGHT_NAVIGATION_BARS ), navbarColorManagedByIme:false
04-15 09:53:36.751 19294 19294 I BLASTBufferQueue_Java: new BLASTBufferQueue, mName= VRI[InstrumentationActivityInvoker$EmptyActivity]@91c9324 mNativeObject= 0xb40000741c73f530 caller= android.view.ViewRootImpl.updateBlastSurfaceIfNeeded:3585 android.view.ViewRootImpl.relayoutWindow:11685 android.view.ViewRootImpl.performTraversals:4804 android.view.ViewRootImpl.doTraversal:3924 android.view.ViewRootImpl$TraversalRunnable.run:12903 android.view.Choreographer$CallbackRecord.run:1901 android.view.Choreographer$CallbackRecord.run:1910 android.view.Choreographer.doCallbacks:1367 android.view.Choreographer.doFrame:1292 android.view.Choreographer$FrameDisplayEventReceiver.run:1870
04-15 09:53:36.751 19294 19294 I BLASTBufferQueue_Java: update, w= 720 h= 1544 mName = VRI[InstrumentationActivityInvoker$EmptyActivity]@91c9324 mNativeObject= 0xb40000741c73f530 sc.mNativeObject= 0xb40000751c4f4550 format= -1 caller= android.view.ViewRootImpl.updateBlastSurfaceIfNeeded:3590 android.view.ViewRootImpl.relayoutWindow:11685 android.view.ViewRootImpl.performTraversals:4804 android.view.ViewRootImpl.doTraversal:3924 android.view.ViewRootImpl$TraversalRunnable.run:12903 android.view.Choreographer$CallbackRecord.run:1901
04-15 09:53:36.751 19294 19294 I VRI[InstrumentationActivityInvoker$EmptyActivity]@91c9324: Relayout returned: old=(0,0,720,1544) new=(0,0,720,1544) relayoutAsync=false req=(720,1544)0 dur=8 res=0x3 s={true 0xb40000748c5a0730} ch=true seqId=0
04-15 09:53:36.751 19294 19294 I VRI[InstrumentationActivityInvoker$EmptyActivity]@91c9324: performConfigurationChange setNightDimText nightDimLevel=0
04-15 09:53:36.752 19294 19294 D VRI[InstrumentationActivityInvoker$EmptyActivity]@91c9324: mThreadedRenderer.initialize() mSurface={isValid=true 0xb40000748c5a0730} hwInitialized=true
04-15 09:53:36.752 19294 19294 D VRI[InstrumentationActivityInvoker$EmptyActivity]@91c9324: reportNextDraw android.view.ViewRootImpl.performTraversals:5443 android.view.ViewRootImpl.doTraversal:3924 android.view.ViewRootImpl$TraversalRunnable.run:12903 android.view.Choreographer$CallbackRecord.run:1901 android.view.Choreographer$CallbackRecord.run:1910
04-15 09:53:36.752 19294 19294 D VRI[InstrumentationActivityInvoker$EmptyActivity]@91c9324: Setup new sync=wmsSync-VRI[InstrumentationActivityInvoker$EmptyActivity]@91c9324#34
04-15 09:53:36.752 19294 19294 I VRI[InstrumentationActivityInvoker$EmptyActivity]@91c9324: Creating new active sync group VRI[InstrumentationActivityInvoker$EmptyActivity]@91c9324#35
04-15 09:53:36.752 19294 19294 D VRI[InstrumentationActivityInvoker$EmptyActivity]@91c9324: registerCallbacksForSync syncBuffer=false
04-15 09:53:36.752 19505 19556 W JobInfo : Requested important-while-foreground flag for job23571 is ignored and takes no effect
04-15 09:53:36.753 19294 19345 D VRI[InstrumentationActivityInvoker$EmptyActivity]@91c9324: Received frameDrawingCallback syncResult=0 frameNum=1.
04-15 09:53:36.753 19294 19345 I VRI[InstrumentationActivityInvoker$EmptyActivity]@91c9324: mWNT: t=0xb4000074fc52f550 mBlastBufferQueue=0xb40000741c73f530 fn= 1 HdrRenderState mRenderHdrSdrRatio=1.0 caller= android.view.ViewRootImpl$12.onFrameDraw:15441 android.view.ThreadedRenderer$1.onFrameDraw:718 <bottom of call stack>
04-15 09:53:36.753 19294 19345 I VRI[InstrumentationActivityInvoker$EmptyActivity]@91c9324: Setting up sync and frameCommitCallback
04-15 09:53:36.753 19294 19332 I BLASTBufferQueue: [VRI[InstrumentationActivityInvoker$EmptyActivity]@91c9324#17](f:0,a:0,s:0) onFrameAvailable the first frame is available
04-15 09:53:36.753 19294 19332 I VRI[InstrumentationActivityInvoker$EmptyActivity]@91c9324: Received frameCommittedCallback lastAttemptedDrawFrameNum=1 didProduceBuffer=true
04-15 09:53:36.754  1151  2758 I SurfaceFlinger: [com.catfact.app.feature.factdetail.test/androidx.test.core.app.InstrumentationActivityInvoker$EmptyActivity$_19294#18797] setTransactionState with the first frame. bufferData(ID: 82867099009092, frameNumber: 1)
04-15 09:53:36.755 19294 19332 D HWUI    : CFMS:: SetUp Pid : 19294    Tid : 19332
04-15 09:53:36.755 19294 19294 D VRI[InstrumentationActivityInvoker$EmptyActivity]@91c9324: reportDrawFinished seqId=0
04-15 09:53:36.755 19294 19294 I ImeFocusController: onPreWindowFocus: skipped hasWindowFocus=false mHasImeFocus=true
04-15 09:53:36.755 19294 19294 I ImeFocusController: onPostWindowFocus: skipped hasWindowFocus=false mHasImeFocus=true
04-15 09:53:36.756  1542  1585 D SurfaceComposerClient: setCornerRadius ## b6ccf80 com.catfact.app.feature.factdetail.test/androidx.test.core.app.InstrumentationActivityInvoker$EmptyActivity#18796 cornerRadius=0.000000
04-15 09:53:36.757  1542  1585 D SurfaceComposerClient: setCornerRadius ## b6ccf80 com.catfact.app.feature.factdetail.test/androidx.test.core.app.InstrumentationActivityInvoker$EmptyActivity#18796 cornerRadius=0.000000
04-15 09:53:36.757  1542  1585 I SemDvfsHyPerManager: acquire hyper - AMS_RESUME_TAIL/1542@22, type = -999
04-15 09:53:36.757  1542  1585 I SemDvfsHyPerManager: acquire hyper - AMS_ACT_LAZY/1542@23, type = -999
04-15 09:53:36.758  1151  1199 I SurfaceFlinger: id=18800 createSurf, flag=84004, Transition Root: ActivityRecord{264895561 u0 com.catfact.app.feature.factdetail.test/androidx.test.core.app.InstrumentationActivityInvoker$EmptyActivity t3880}#18800
04-15 09:53:36.758  1151  1151 I SurfaceFlinger: [LayerHierarchy{RequestedLayerState{8c5cec7 NavigationBar0#91 parentId=18799} 1 children}] reparent to LayerHierarchy{RequestedLayerState{Surface(name=8c5cec7 NavigationBar0)/@0xa68870 - animation-leash of insets_animation#18799 parentId=90} 1 children}
04-15 09:53:36.758  1151  1151 I SurfaceFlinger: [LayerHierarchy{RequestedLayerState{3edafdc StatusBar#95 parentId=18798} 1 children}] reparent to LayerHierarchy{RequestedLayerState{Surface(name=3edafdc StatusBar)/@0x3b919ed - animation-leash of insets_animation#18798 parentId=94} 1 children}
04-15 09:53:36.758  1151  1151 I SurfaceFlinger: [LayerHierarchy{RequestedLayerState{Surface(name=3edafdc StatusBar)/@0x3b919ed - animation-leash of insets_animation#18791} no children}] reparent to OffscreenRoot
04-15 09:53:36.758  1151  1151 I SurfaceFlinger: [LayerHierarchy{RequestedLayerState{Surface(name=3edafdc StatusBar)/@0x3b919ed - animation-leash of insets_animation#18791} no children}] RelativeParent to null
04-15 09:53:36.758  1151  1151 I SurfaceFlinger: [LayerHierarchy{RequestedLayerState{Surface(name=8c5cec7 NavigationBar0)/@0xa68870 - animation-leash of insets_animation#18792} no children}] reparent to OffscreenRoot
04-15 09:53:36.758  1151  1151 I SurfaceFlinger: [LayerHierarchy{RequestedLayerState{Surface(name=8c5cec7 NavigationBar0)/@0xa68870 - animation-leash of insets_animation#18792} no children}] RelativeParent to null
04-15 09:53:36.757  1059  1180 I HYPER-HAL: [RequestManager.cpp]acquire(): Acquired ID : 1223852  [1542 / 22]    HINT : AMS_RESUME_TAIL    list :
04-15 09:53:36.759  1542  1585 I SurfaceControlRegistry: show, t=StartTransaction_SyncId<1677> sc=ActivityRecord{264895561 u0 com.catfact.app.feature.factdetail.test/androidx.test.core.app.InstrumentationActivityInvoker$EmptyActivity t3880}, caller=android.view.SurfaceControl$Transaction.show:3557 com.android.server.wm.Transition.onTransactionReady:2048 com.android.server.wm.BLASTSyncEngine$SyncGroup.finishNow:240 com.android.server.wm.BLASTSyncEngine.onSurfacePlacement:263 com.android.server.wm.RootWindowContainer.performSurfacePlacementNoTrace:1083 com.android.server.wm.WindowSurfacePlacer.performSurfacePlacement:166
04-15 09:53:36.759  1542  1585 D SurfaceComposerClient: setCornerRadius ## ActivityRecord{58956605 u0 com.catfact.app.feature.factdetail.test/androidx.activity.ComponentActivity t3880}#18781 cornerRadius=0.000000
04-15 09:53:36.759  1542  1585 D SurfaceComposerClient: setCornerRadius ## ActivityRecord{264895561 u0 com.catfact.app.feature.factdetail.test/androidx.test.core.app.InstrumentationActivityInvoker$EmptyActivity t3880}#18795 cornerRadius=0.000000
04-15 09:53:36.760  1059  1180 I HYPER-HAL: [RequestManager.cpp]releaseLocked(): Released ID : 1220723
04-15 09:53:36.762  1542  1581 I ActivityTaskManager: Displayed com.catfact.app.feature.factdetail.test/androidx.test.core.app.InstrumentationActivityInvoker$EmptyActivity for user 0: +45ms
04-15 09:53:36.762  3152  3152 E pageboostd: Received HALT command code 2
04-15 09:53:36.762  1151  1338 D SurfaceFlinger: [input] setFocusedWindow: b6ccf80 com.catfact.app.feature.factdetail.test/androidx.test.core.app.InstrumentationActivityInvoker$EmptyActivity
04-15 09:53:36.762  1542  1585 D SurfaceComposerClient: setCornerRadius ## b6ccf80 com.catfact.app.feature.factdetail.test/androidx.test.core.app.InstrumentationActivityInvoker$EmptyActivity#18796 cornerRadius=0.000000
04-15 09:53:36.763  1542  2101 D InputDispatcher: Once focus requested (0): b6ccf80 com.catfact.app.feature.factdetail.test/androidx.test.core.app.InstrumentationActivityInvoker$EmptyActivity
04-15 09:53:36.763  1542  2101 D InputDispatcher: Focus request (0): b6ccf80 com.catfact.app.feature.factdetail.test/androidx.test.core.app.InstrumentationActivityInvoker$EmptyActivity but waiting because NOT_VISIBLE
04-15 09:53:36.763  1542  1585 D SurfaceComposerClient: setCornerRadius ## b6ccf80 com.catfact.app.feature.factdetail.test/androidx.test.core.app.InstrumentationActivityInvoker$EmptyActivity#18796 cornerRadius=0.000000
04-15 09:53:36.763  2000  2000 D NavigationBar: onSystemBarAttributesChanged() -  displayId:0, appearance:0, packageName: com.catfact.app.feature.factdetail.test, navbarColorManagedByIme:false
04-15 09:53:36.764  1151  2758 I SurfaceFlinger: id=18801 createSurf, flag=84000, 90af013 ActivityRecordInputSink com.catfact.app.feature.factdetail.test/androidx.test.core.app.InstrumentationActivityInvoker$EmptyActivity#18801
04-15 09:53:36.767  1151  1151 I SurfaceFlinger: [Transition Root: ActivityRecord{264895561 u0 com.catfact.app.feature.factdetail.test/androidx.test.core.app.InstrumentationActivityInvoker$EmptyActivity t3880}#18800] attach to parent LayerHierarchy{RequestedLayerState{Task=3880#18780 parentId=10 z=13} 3 children}
04-15 09:53:36.767  1151  1151 I SurfaceFlinger: [90af013 ActivityRecordInputSink com.catfact.app.feature.factdetail.test/androidx.test.core.app.InstrumentationActivityInvoker$EmptyActivity#18801] attach to parent LayerHierarchy{RequestedLayerState{ActivityRecord{264895561 u0 com.catfact.app.feature.factdetail.test/androidx.test.core.app.InstrumentationActivityInvoker$EmptyActivity t3880}#18795 parentId=18780} 2 children}
04-15 09:53:36.768  2000  2000 D SamsungLightBarControlHelper: updateNavigationBar (WHITE button) isLightOpaque:false, hasLightNavigationBarFlag:false, packageName:com.catfact.app.feature.factdetail.test, DirectReplying:false, NavBarColorMangedByIme:false, ForceDarkForScrim:false, ForceLightForScrim:false, QsCustomizing:false, QsExpanded:false
04-15 09:53:36.770  2000  2000 D SystemUIService: SYSUI_RAM_OPTIMIZATION onTrimMemory=20
04-15 09:53:36.770  2000  2000 D CentralSurfaces: SYSUI_RAM_OPTIMIZATION onTrimMemory=20
04-15 09:53:36.771  2000  2105 I SurfaceControlRegistry: hide, t=FinishTransaction_SyncId<1677> sc=ActivityRecord{58956605 u0 com.catfact.app.feature.factdetail.test/androidx.activity.ComponentActivity t3880}, caller=android.view.SurfaceControl$Transaction.hide:3583 com.android.wm.shell.transition.Transitions.dispatchReady:1263 com.android.wm.shell.transition.Transitions.onTransitionReady:251 com.android.wm.shell.transition.Transitions$TransitionPlayerImpl$$ExternalSyntheticLambda0.run:13 android.os.Handler.handleCallback:995 android.os.Handler.dispatchMessage:103
04-15 09:53:36.771  2000  2105 I SurfaceControlRegistry: show, t=StartTransaction_SyncId<1677> sc=ActivityRecord{264895561 u0 com.catfact.app.feature.factdetail.test/androidx.test.core.app.InstrumentationActivityInvoker$EmptyActivity t3880}, caller=android.view.SurfaceControl$Transaction.show:3557 com.android.wm.shell.transition.Transitions.dispatchReady:1279 com.android.wm.shell.transition.Transitions.onTransitionReady:251 com.android.wm.shell.transition.Transitions$TransitionPlayerImpl$$ExternalSyntheticLambda0.run:13 android.os.Handler.handleCallback:995 android.os.Handler.dispatchMessage:103
04-15 09:53:36.771  2000  2105 I SurfaceControlRegistry: show, t=FinishTransaction_SyncId<1677> sc=ActivityRecord{264895561 u0 com.catfact.app.feature.factdetail.test/androidx.test.core.app.InstrumentationActivityInvoker$EmptyActivity t3880}, caller=android.view.SurfaceControl$Transaction.show:3557 com.android.wm.shell.transition.Transitions.dispatchReady:1330 com.android.wm.shell.transition.Transitions.onTransitionReady:251 com.android.wm.shell.transition.Transitions$TransitionPlayerImpl$$ExternalSyntheticLambda0.run:13 android.os.Handler.handleCallback:995 android.os.Handler.dispatchMessage:103
04-15 09:53:36.771  2000  2105 I SurfaceControlRegistry: show, t=StartTransaction_SyncId<1677> sc=Transition Root: ActivityRecord{264895561 u0 com.catfact.app.feature.factdetail.test/androidx.test.core.app.InstrumentationActivityInvoker$EmptyActivity t3880}, caller=android.view.SurfaceControl$Transaction.show:3557 com.android.wm.shell.transition.Transitions.playTransition:79 com.android.wm.shell.transition.Transitions.processReadyQueue:239 com.android.wm.shell.transition.Transitions.dispatchReady:1352 com.android.wm.shell.transition.Transitions.onTransitionReady:251 com.android.wm.shell.transition.Transitions$TransitionPlayerImpl$$ExternalSyntheticLambda0.run:13
04-15 09:53:36.771  2000  2105 I SurfaceControlRegistry: apply, t=StartTransaction_SyncId<1677>, caller=android.view.SurfaceControl$Transaction.apply:3459 android.view.SurfaceControl$Transaction.apply:3447 android.view.SurfaceControl$Transaction.apply:3397 com.android.wm.shell.transition.DefaultTransitionHandler.startAnimation:3387 com.android.wm.shell.transition.Transitions.dispatchTransition:90 com.android.wm.shell.transition.Transitions.playTransition:774
04-15 09:53:36.772 19294 19294 I InsetsSourceConsumer: applyRequestedVisibilityToControl: visible=true, type=statusBars, host=com.catfact.app.feature.factdetail.test/androidx.test.core.app.InstrumentationActivityInvoker$EmptyActivity
04-15 09:53:36.772  2000  2105 I SurfaceControlRegistry: apply, t=FinishTransaction_SyncId<1677>, caller=android.view.SurfaceControl$Transaction.apply:3459 android.view.SurfaceControl$Transaction.apply:3447 android.view.SurfaceControl$Transaction.apply:3397 com.android.wm.shell.transition.Transitions.onFinish:315 com.android.wm.shell.transition.Transitions$$ExternalSyntheticLambda7.onTransitionFinished:12 com.android.wm.shell.transition.DefaultTransitionHandler$$ExternalSyntheticLambda2.run:36
04-15 09:53:36.772 19294 19294 I InsetsSourceConsumer: applyRequestedVisibilityToControl: visible=true, type=navigationBars, host=com.catfact.app.feature.factdetail.test/androidx.test.core.app.InstrumentationActivityInvoker$EmptyActivity
04-15 09:53:36.773  1151  1199 I SurfaceFlinger: id=18791 Removed Surface(name=3edafdc StatusBar)/@0x3b919ed - animation-leash of insets_animation#18791 (223)
04-15 09:53:36.773  1151  1199 I SurfaceFlinger: id=18792 Removed Surface(name=8c5cec7 NavigationBar0)/@0xa68870 - animation-leash of insets_animation#18792 (223)
04-15 09:53:36.773  2000  2196 D HWUI    : CacheManager::trimMemory(20)
04-15 09:53:36.774  1151  1151 I SurfaceFlinger: RequestedLayer [ActivityRecord{264895561 u0 com.catf[...]tyInvoker$EmptyActivity t3880}#18795] hidden!! flag  from(1) --> to(0)
04-15 09:53:36.774  1151  1151 E SurfaceFlinger: alpha changed 1.000 -> 0.000 - ActivityRecord{264895561 u0 com.catfact.app.feature.factdetail.test/androidx.test.core.app.InstrumentationActivityInvoker$EmptyActivity t3880}#18795
04-15 09:53:36.774  1151  1151 I SurfaceFlinger: RequestedLayer [b6ccf80 com.catfact.app.feature.fact[...]nActivityInvoker$EmptyActivity#18796] hidden!! flag  from(1) --> to(0)
04-15 09:53:36.774  1151  1151 I SurfaceFlinger: RequestedLayer [com.catfact.app.feature.factdetail.t[...]tyInvoker$EmptyActivity$_19294#18797] hidden!! flag  from(1) --> to(0)
04-15 09:53:36.774  1151  1151 I SurfaceFlinger: RequestedLayer [Transition Root: ActivityRecord{2648[...]tyInvoker$EmptyActivity t3880}#18800] hidden!! flag  from(1) --> to(0)
04-15 09:53:36.774  1151  1151 I SurfaceFlinger: RequestedLayer [ActivityRecord{58956605 u0 com.catfa[...]ivity.ComponentActivity t3880}#18781] hidden!! flag  from(0) --> to(1)
04-15 09:53:36.774  1151  1151 E SurfaceFlinger: alpha changed 0.000 -> 1.000 - ActivityRecord{264895561 u0 com.catfact.app.feature.factdetail.test/androidx.test.core.app.InstrumentationActivityInvoker$EmptyActivity t3880}#18795
04-15 09:53:36.774  1151  1151 I SurfaceFlinger: [Display 0 name="Built-in Screen"#49] setFrameRateCategory: Default
04-15 09:53:36.774  1151  1151 I SurfaceFlinger: destroyed Surface(name=3edafdc StatusBar)/@0x3b919ed - animation-leash of insets_animation#18791
04-15 09:53:36.774  1151  1151 I SurfaceFlinger: destroyed Surface(name=8c5cec7 NavigationBar0)/@0xa68870 - animation-leash of insets_animation#18792
04-15 09:53:36.775  1151  1151 I SurfaceFlinger: [LayerHierarchy{RequestedLayerState{ActivityRecord{58956605 u0 com.catfact.app.feature.factdetail.test/androidx.activity.ComponentActivity t3880}#18781 parentId=18780} 3 children}] reparent to LayerHierarchy{RequestedLayerState{Task=3880#18780 parentId=10 z=13} 3 children}
04-15 09:53:36.775  1151  1151 I SurfaceFlinger: [LayerHierarchy{RequestedLayerState{Transition Root: ActivityRecord{264895561 u0 com.catfact.app.feature.factdetail.test/androidx.test.core.app.InstrumentationActivityInvoker$EmptyActivity t3880}#18800 z=1} no children}] reparent to OffscreenRoot
04-15 09:53:36.775  1151  1151 I SurfaceFlinger: [LayerHierarchy{RequestedLayerState{Transition Root: ActivityRecord{264895561 u0 com.catfact.app.feature.factdetail.test/androidx.test.core.app.InstrumentationActivityInvoker$EmptyActivity t3880}#18800 z=1} no children}] RelativeParent to null
04-15 09:53:36.775  1151  1151 I SurfaceFlinger: [LayerHierarchy{RequestedLayerState{ActivityRecord{264895561 u0 com.catfact.app.feature.factdetail.test/androidx.test.core.app.InstrumentationActivityInvoker$EmptyActivity t3880}#18795 parentId=18780 z=1} 2 children}] reparent to LayerHierarchy{RequestedLayerState{Task=3880#18780 parentId=10 z=13} 2 children}
04-15 09:53:36.775 19294 19294 D LifecycleMonitor: Lifecycle status change: androidx.test.core.app.InstrumentationActivityInvoker$EmptyActivity@89097bf in: PAUSED
04-15 09:53:36.775 19294 19294 V ActivityScenario: Activity lifecycle changed event received but ignored because the intent does not match. startActivityIntent=Intent { act=android.intent.action.MAIN cat=[android.intent.category.LAUNCHER] flg=0x10008000 cmp=com.catfact.app.feature.factdetail.test/androidx.activity.ComponentActivity }, activity.getIntent()=Intent { act=android.intent.action.MAIN cat=[android.intent.category.LAUNCHER] flg=0x10000000 xflg=0x4 cmp=com.catfact.app.feature.factdetail.test/androidx.test.core.app.InstrumentationActivityInvoker$EmptyActivity }, activity=androidx.test.core.app.InstrumentationActivityInvoker$EmptyActivity@89097bf
04-15 09:53:36.776  1542  3964 I SemDvfsHyPerManager: acquire hyper - AMS_ACT_RESUME/1542@19, type = -999
04-15 09:53:36.776  1059  1180 I HYPER-HAL: [RequestManager.cpp]acquire(): Acquired ID : 1219160  [1542 / 19]    HINT : AMS_ACT_RESUME    list :
04-15 09:53:36.777  1151  1151 I Layer   : id=18791 Destroyed Surface(name=3edafdc StatusBar)/@0x3b919ed - animation-leash of insets_animation#18791
04-15 09:53:36.777  1151  1151 I Layer   : id=18792 Destroyed Surface(name=8c5cec7 NavigationBar0)/@0xa68870 - animation-leash of insets_animation#18792
04-15 09:53:36.778  1542  3964 D InputDispatcher: Focused application(0): ActivityRecord{243114305 u0 com.google.android.calendar/.allinone.AllInOneCalendarActivity t3801}
04-15 09:53:36.778  1542  1825 D AS.MultiSoundManager: mForegroundUid = 10279
04-15 09:53:36.779  1151  1151 D SurfaceFlinger: Display 4633128672291735999 HWC layers:
04-15 09:53:36.779  1151  1151 D SurfaceFlinger:        DEVICE |           82867099009092 | 00002102 | RGBA_8888    |    0.0    0.0  720.0 1544.0 |    0    0  720 1544 | com.catfact.app.feature.factdetail.t[...]tyInvoker$EmptyActivity$_19294#18797 (1)
04-15 09:53:36.779  1151  1151 D SurfaceFlinger:        DEVICE |            8589934654742 | 00002100 | RGBA_8888    |    0.0    0.0  720.0   50.0 |    0    0  720   50 | StatusBar$_2000#102 (26432)
04-15 09:53:36.779  1151  1151 D SurfaceFlinger:        DEVICE |           10569914518889 | 00002100 | RGBA_8888    |    0.0    0.0   67.0  353.0 |  653  192  720  545 | com.sec.android.app.launcher/com.sam[...]l.app.CocktailBarService$_2461#16495 (1)
04-15 09:53:36.779  1151  1151 D SurfaceFlinger:        DEVICE |            8589934654693 | 00002100 | RGBA_8888    |    0.0    0.0  720.0   90.0 |    0 1454  720 1544 | NavigationBar0$_2000#98 (17215)
04-15 09:53:36.779  1151  1151 D SurfaceFlinger:
04-15 09:53:36.779  2461  2584 I HoneySpace.TopTaskSource: onTaskMovedToFront : taskId = 3514, displayId = 0
04-15 09:53:36.779  2461  2584 I HoneySpace.TopTaskSource: onTaskMovedToFront : taskId = 3801, displayId = 0
04-15 09:53:36.779  1542  2161 D InputDispatcher: Focus entered window (0): b6ccf80 com.catfact.app.feature.factdetail.test/androidx.test.core.app.InstrumentationActivityInvoker$EmptyActivity
04-15 09:53:36.780 19294 19294 I VRI[ComponentActivity]@8505179: handleAppVisibility mAppVisible = true visible = false
04-15 09:53:36.780 19294 19294 D VRI[ComponentActivity]@8505179: visibilityChanged oldVisibility=true newVisibility=false
04-15 09:53:36.780  1151  1199 I SurfaceFlinger: id=18800 Removed Transition Root: ActivityRecord{264895561 u0 com.catfact.app.feature.factdetail.test/androidx.test.core.app.InstrumentationActivityInvoker$EmptyActivity t3880}#18800 (221)
04-15 09:53:36.781  1542  1582 D PkgPredictorService-SecIpmManagerServiceImpl: onForegroundActivitiesChanged pid:3979 uid:10279
04-15 09:53:36.781  1542  1582 D NetworkPolicy: already checked 10279
04-15 09:53:36.782  1542  1598 W libprocessgroup: SetCgroup::ExecuteForProcess: failed to open /dev/cpuctl/foreground-boost/cgroup.procs: No such file or directory
04-15 09:53:36.782  1151  1151 I SurfaceFlinger: destroyed Transition Root: ActivityRecord{264895561 u0 com.catfact.app.feature.factdetail.test/androidx.test.core.app.InstrumentationActivityInvoker$EmptyActivity t3880}#18800
04-15 09:53:36.782  1542  1582 D NetworkPolicy: already checked 10279
04-15 09:53:36.783  1151  1151 I Layer   : id=18800 Destroyed Transition Root: ActivityRecord{264895561 u0 com.catfact.app.feature.factdetail.test/androidx.test.core.app.InstrumentationActivityInvoker$EmptyActivity t3880}#18800
04-15 09:53:36.784  2461  2586 I HoneySpace.TopTaskUseCase: topTasks 3801 ComponentInfo{com.google.android.calendar/com.google.android.calendar.allinone.AllInOneCalendarActivity}[displayId=0]
04-15 09:53:36.785  1542  1677 I WindowManager: Relayout Window{f1cb24 u0 com.catfact.app.feature.factdetail.test/androidx.activity.ComponentActivity}: viewVisibility=8 req=720x1544 ty=1 d0
04-15 09:53:36.786  1542  2101 D GraphicsStatsService: requestRenderEngineFor(com.google.android.calendar)
04-15 09:53:36.786  1542  3964 D InputDispatcher: Focus left window (0): b6ccf80 com.catfact.app.feature.factdetail.test/androidx.test.core.app.InstrumentationActivityInvoker$EmptyActivity
04-15 09:53:36.787  1542  1598 W libprocessgroup: SetCgroup::ExecuteForProcess: failed to open /dev/cpuctl/foreground-boost/cgroup.procs: No such file or directory
04-15 09:53:36.787  1542  1677 I WindowManager: Relayout hash=f1cb24, pid=19294, syncId=-1: mAttrs={(0,0)(fillxfill) sim={adjust=pan forwardNavigation} layoutInDisplayCutoutMode=always ty=BASE_APPLICATION wanim=0x1030317
04-15 09:53:36.787  1542  1677 I WindowManager:   fl=81810100
04-15 09:53:36.787  1542  1677 I WindowManager:   pfl=100088c0
04-15 09:53:36.787  1542  1677 I WindowManager:   apr=210
04-15 09:53:36.787  1542  1677 I WindowManager:   bhv=1
04-15 09:53:36.787  1542  1677 I WindowManager:   fitSides=0
04-15 09:53:36.787  1542  1677 I WindowManager:   frameRateBoostOnTouch=true
04-15 09:53:36.787  1542  1677 I WindowManager:   dvrrWindowFrameRateHint=true naviIconColor=0}
04-15 09:53:36.787  1542  1598 W libprocessgroup: SetCgroup::ExecuteForProcess: failed to open /dev/cpuctl/foreground-boost/cgroup.procs: No such file or directory
04-15 09:53:36.788 18525 18790 I Rubin   : [146] M.c0.k(Unknown Source) : Notify com.samsung.android.rubin.inferenceengine.contextanalytics.engine.loggers.AppUsageLogger's database is updated.
04-15 09:53:36.789 19294 19294 I VRI[ComponentActivity]@8505179: Relayout returned: old=(0,0,720,1544) new=(0,0,720,1544) relayoutAsync=false req=(720,1544)8 dur=3 res=0x2 s={false 0x0} ch=true seqId=0
04-15 09:53:36.790  2000  2105 D ShellDesktopMode: handleRequest: TransitionRequestInfo {type=2, tid=3880, debugId=1678}
04-15 09:53:36.791 19505 19645 I FA      : App measurement initialized, version: 163001
04-15 09:53:36.791 19505 19645 I FA      : To enable debug logging run: adb shell setprop log.tag.FA VERBOSE
04-15 09:53:36.791 19505 19645 I FA      : To enable faster debug mode event logging run:
04-15 09:53:36.791 19505 19645 I FA      :   adb shell setprop debug.firebase.analytics.app com.google.android.youtube
04-15 09:53:36.793  2461  2461 I HoneySpace.EdgePanel.CocktailHostRepositoryImpl: onNoteResume
04-15 09:53:36.793  2461  2461 I HoneySpace.EdgePanel.EdgePanelContainerViewModel: cocktailHostRepository.edgePanelOperation NoteResumeComponent(componentName=ComponentInfo{com.google.android.calendar/com.google.android.calendar.allinone.AllInOneCalendarActivity})
04-15 09:53:36.794  2461  2461 I HoneySpace.EdgePanel.ActivityUtils: HomePackage : com.sec.android.app.launcher, resumePackageName : com.google.android.calendar, className : com.google.android.calendar.allinone.AllInOneCalendarActivity
04-15 09:53:36.795  2461  2584 I HoneySpace.TopTaskSource: onTaskFocusChanged(): taskId = 3801
04-15 09:53:36.795  2461  2474 I HoneySpace.RecentTasks: onRecentTasksChanged
04-15 09:53:36.798 19294 19294 D VRI[ComponentActivity]@8505179: Not drawing due to not visible. Reason=!mAppVisible && !mForceDecorViewVisibility
04-15 09:53:36.798 19294 19294 I ImeFocusController: onPreWindowFocus: skipped hasWindowFocus=false mHasImeFocus=true
04-15 09:53:36.798 19294 19294 I ImeFocusController: onPostWindowFocus: skipped hasWindowFocus=false mHasImeFocus=true
04-15 09:53:36.799  1151  1151 I SurfaceFlinger: RequestedLayer [com.catfact.app.feature.factdetail.t[...]ivity.ComponentActivity$_19294#18790] hidden!! flag  from(0) --> to(1)
04-15 09:53:36.799  1151  1151 I SurfaceFlinger: [Display 0 name="Built-in Screen"#49] setFrameRateCategory: High
04-15 09:53:36.800  2461  4416 I HoneySpace.Memory-Monitor: current state = 2, didTrim = false
04-15 09:53:36.803  2000  2120 D ViewRootImpl: desktopMode is false
04-15 09:53:36.803  2000  2120 I ViewRootImpl: dVRR is disabled
04-15 09:53:36.804  3723  3374 I [AirCmd]_ActivitySwitchDetector: onTaskFocusChanged : taskId=3801, componentName=ComponentInfo{com.google.android.calendar/com.google.android.calendar.allinone.AllInOneCalendarActivity}
04-15 09:53:36.804  3723  3374 I [AirCmd]_ActivitySwitchDetector: onTaskFocusChanged :mTopMostActivity = ComponentInfo{com.catfact.app.feature.factdetail.test/androidx.activity.ComponentActivity}
04-15 09:53:36.805  2461  4416 I HoneySpace.Memory-Monitor: current state = 2, didTrim = false
04-15 09:53:36.805  2000  2125 D StackScroller: onDisplayChanged for predraw skip to 2
04-15 09:53:36.805  2000  2125 D StackScroller: onDisplayChanged for predraw skip to 2
04-15 09:53:36.805  3723  3374 I [AirCmd]_CallbackRepeater: stopRepeat : isWorking=false
04-15 09:53:36.805  3723  3374 I [AirCmd]_MediaControlStateMonitor: isForegroundAppSupportsMediaButton : mediaSession is empty
04-15 09:53:36.807  1151  1151 I BpBinder: onLastStrongRef automatically unlinking death recipients:
04-15 09:53:36.808  2000  2196 D NativeCustomFrequencyManager: [NativeCFMS] BpCustomFrequencyManager::BpCustomFrequencyManager()
04-15 09:53:36.808  3979  3979 I DecorView: setWindowBackground: isPopOver=false color=ff121318 d=android.graphics.drawable.ColorDrawable@a5d0001
04-15 09:53:36.808  3723  3374 E [AirCmd]_MediaControlStateMonitor: getActiveNotificationPackageName : notification service monitor is null
04-15 09:53:36.808  3723  3374 I [AirCmd]_ButtonEventDetectionThread: enableDoubleClickDetection: enabled= true, doubleClickWaitInterval=300
04-15 09:53:36.809  2000  2000 D SystemUIService: SYSUI_RAM_OPTIMIZATION onTrimMemory=20
04-15 09:53:36.809  2000  2000 D CentralSurfaces: SYSUI_RAM_OPTIMIZATION onTrimMemory=20
04-15 09:53:36.809  2000  2196 D HWUI    : CacheManager::trimMemory(20)
04-15 09:53:36.809  2000  2000 I {OngoingActivityController}: onTaskFocusChanged but OA data is empty
04-15 09:53:36.810  1542  3827 D InputTransport: Input channel constructed: '267bfe3', fd=972
04-15 09:53:36.810  1542  3827 D InputTransport: Input channel constructed: '267bfe3', fd=1041
04-15 09:53:36.810  1542  3827 D InputTransport: Input channel constructed: '267bfe3', fd=1250
04-15 09:53:36.810  1542  3827 D InputTransport: Input channel destroyed: '267bfe3', fd=1041
04-15 09:53:36.811  1151  1378 I SurfaceFlinger: id=18802 createSurf, flag=84004, 267bfe3 Splash Screen com.google.android.calendar#18802
04-15 09:53:36.813  1542  3827 D InputTransport: Input channel destroyed: '267bfe3', fd=1250
04-15 09:53:36.813  2000  2120 D InputTransport: Input channel constructed: '267bfe3', fd=695
04-15 09:53:36.814  2000  2000 D DisplayLifecycle: updateDisplay id = 0
04-15 09:53:36.814  2000  2000 D DisplayLifecycle: updateDisplay id = 0
04-15 09:53:36.814  1218  1218 I CameraService: onUidStateChanged: uid=10048, procState is changed. (0 -> 1)
04-15 09:53:36.814  2000  2120 I InsetsController: onStateChanged: host=Splash Screen com.google.android.calendar, from=android.view.ViewRootImpl.onInsetsStateChanged:3026, state=InsetsState: {mDisplayFrame=Rect(0, 0 - 720, 1544), mDisplayCutout=DisplayCutout{insets=Rect(0, 50 - 0, 0) waterfall=Insets{left=0, top=0, right=0, bottom=0} boundingRect={Bounds=[Rect(0, 0 - 0, 0), Rect(341, 0 - 379, 50), Rect(0, 0 - 0, 0), Rect(0, 0 - 0, 0)]} cutoutPathParserInfo={CutoutPathParserInfo{displayWidth=720 displayHeight=1544 physicalDisplayWidth=720 physicalDisplayHeight=1544 density={1.875} cutoutSpec={M 0,0 H -10 V 26.66666666666667 H 10 V 0 H 0 Z @dp} rotation={0} scale={1.0} physicalPixelDisplaySizeRatio={1.0}}} sideOverrides={}}, mRoundedCorners=RoundedCorners{[RoundedCorner{position=TopLeft, radius=8, center=Point(8, 8)}, RoundedCorner{position=TopRight, radius=8, center=Point(712, 8)}, RoundedCorner{position=BottomRight, radius=8, center=Point(712, 1536)}, RoundedCorner{position=BottomLeft, radius=8, center=Point(8, 1536)}]}  mRoundedCornerFrame=Rect(0, 0 - 720, 1544), mPrivacyIndicatorBounds=PrivacyIndicatorBounds {static bounds=Rect(637, 0 - 720, 50) rotation=0}, mDisplayShape=DisplayShape{ spec=-311912193 displayWidth=720 displayHeight=1544 physicalPixelDisplaySizeRatio=0.5 rotation=0 offsetX=0 offsetY=0 scale=1.0}, mSources= { InsetsSource: {ec730001 mType=navigationBars mFrame=[0,1454][720,1544] mVisible=true mFlags= mSideHint=BOTTOM mBoundingRects=null}, InsetsSource: {ec730004 mType=systemGestures mFrame=[0,0][0,0] mVisible=true mFlags= mSideHint=NONE mBoundingRects=null}, InsetsSource: {ec730005 mType=mandatorySystemGestures mFrame=[0,1454][720,1544] mVisible=true mFlags= mSideHint=BOTTOM mBoundingRects=null}, InsetsSource: {ec730006 mType=tappableElement mFrame=[0,1454][720,1544] mVisible=true mFlags= mSideHint=BOTTOM mBoundingRects=null}, InsetsSource: {ec730024 mType=systemGestures mFrame=[0,0][0,0] mVisible=true mFlags= mSideHint=NONE mBoundingRects=null}, InsetsSource: {3 mType=ime mFrame=[0,0][0,0] mVisible=false mFlags= mSideHint=NONE mBoundingRects=null}, InsetsSource: {27 mType=displayCutout mFrame=[0,0][720,50] mVisible=true mFlags= mSideHint=TOP mBoundingRects=null}, InsetsSource: {43950000 mType=statusBars mFrame=[0,0][720,50] mVisible=true mFlags= mSideHint=TOP mBoundingRects=null}, InsetsSource: {43950005 mType=mandatorySystemGestures mFrame=[0,0][720,73] mVisible=true mFlags= mSideHint=TOP mBoundingRects=null}, InsetsSource: {43950006 mType=tappableElement mFrame=[0,0][720,50] mVisible=true mFlags= mSideHint=TOP mBoundingRects=null} }
04-15 09:53:36.815  2000  2120 I VRI[calendar]@b1f44ea: onActiveControlsChanged, removed=false, mAdded=true, caller=android.view.ViewRootImpl.handleInsetsControlChanged:3002 android.view.ViewRootImpl.setView:2014 android.view.WindowManagerGlobal.addView:604 com.android.wm.shell.startingsurface.SplashscreenWindowCreator.addWindow:38 com.android.wm.shell.startingsurface.StartingWindowController$$ExternalSyntheticLambda4.run:1365
04-15 09:53:36.815  1151  1151 I SurfaceFlinger: [267bfe3 Splash Screen com.google.android.calendar#18802] attach to parent LayerHierarchy{RequestedLayerState{ActivityRecord{243114305 u0 com.google.android.calendar/.allinone.AllInOneCalendarActivity t3801}#16293 parentId=16292} 2 children}
04-15 09:53:36.816  2000  2120 I VRI[calendar]@b1f44ea: synced displayState. AttachInfo displayState=2
04-15 09:53:36.816  2000  2120 I VRI[calendar]@b1f44ea: setView = android.widget.FrameLayout@fdb951 IsHRR=false mFlingFrameRateChange=0 TM=true
04-15 09:53:36.816  2000  2196 D HWUI    : HWUI - treat SMPTE_170M as sRGB
04-15 09:53:36.817  1542  1558 I WindowManager: Relayout Window{267bfe3 u0 Splash Screen com.google.android.calendar}: viewVisibility=0 req=720x1544 ty=3 d0
04-15 09:53:36.817  1151  1200 I SurfaceFlinger: id=18803 createSurf, flag=44004, Splash Screen com.google.android.calendar$_2000#18803
04-15 09:53:36.820  1542  1558 D SurfaceComposerClient: setCornerRadius ## 267bfe3 Splash Screen com.google.android.calendar#18802 cornerRadius=0.000000
04-15 09:53:36.820  1542  1558 D SurfaceComposerClient: setCornerRadius ## 267bfe3 Splash Screen com.google.android.calendar#18802 cornerRadius=0.000000
04-15 09:53:36.821  1542  1558 I WindowManager: Relayout hash=267bfe3, pid=2000, syncId=-1: mAttrs={(0,0)(fillxfill) sim={adjust=pan} layoutInDisplayCutoutMode=always ty=APPLICATION_STARTING fmt=TRANSLUCENT wanim=0x1030317
04-15 09:53:36.821  1542  1558 I WindowManager:   fl=81030118
04-15 09:53:36.821  1542  1558 I WindowManager:   pfl=10000810
04-15 09:53:36.821  1542  1558 I WindowManager:   bhv=1
04-15 09:53:36.821  1542  1558 I WindowManager:   fitSides=0
04-15 09:53:36.821  1542  1558 I WindowManager:   frameRateBoostOnTouch=true
04-15 09:53:36.821  1542  1558 I WindowManager:   dvrrWindowFrameRateHint=true naviIconColor=0}
04-15 09:53:36.822  2000  2120 I VRI[calendar]@b1f44ea: onActiveControlsChanged, removed=false, mAdded=true, caller=android.view.ViewRootImpl.handleInsetsControlChanged:3002 android.view.ViewRootImpl.relayoutWindow:11629 android.view.ViewRootImpl.performTraversals:4804 android.view.ViewRootImpl.doTraversal:3924 android.view.ViewRootImpl$TraversalRunnable.run:12903
04-15 09:53:36.822  2000  2120 I BLASTBufferQueue_Java: new BLASTBufferQueue, mName= VRI[calendar]@b1f44ea mNativeObject= 0xb40000741d34a520 caller= android.view.ViewRootImpl.updateBlastSurfaceIfNeeded:3585 android.view.ViewRootImpl.relayoutWindow:11685 android.view.ViewRootImpl.performTraversals:4804 android.view.ViewRootImpl.doTraversal:3924 android.view.ViewRootImpl$TraversalRunnable.run:12903 android.view.Choreographer$CallbackRecord.run:1901 android.view.Choreographer$CallbackRecord.run:1910 android.view.Choreographer.doCallbacks:1367 android.view.Choreographer.doFrame:1292 android.view.Choreographer$FrameDisplayEventReceiver.run:1870
04-15 09:53:36.822  2000  2120 I BLASTBufferQueue_Java: update, w= 720 h= 1544 mName = VRI[calendar]@b1f44ea mNativeObject= 0xb40000741d34a520 sc.mNativeObject= 0xb40000751c581d90 format= -3 caller= android.view.ViewRootImpl.updateBlastSurfaceIfNeeded:3590 android.view.ViewRootImpl.relayoutWindow:11685 android.view.ViewRootImpl.performTraversals:4804 android.view.ViewRootImpl.doTraversal:3924 android.view.ViewRootImpl$TraversalRunnable.run:12903 android.view.Choreographer$CallbackRecord.run:1901
04-15 09:53:36.823  2000  2120 I VRI[calendar]@b1f44ea: Relayout returned: old=(0,0,720,1544) new=(0,0,720,1544) relayoutAsync=false req=(720,1544)0 dur=6 res=0x3 s={true 0xb40000748cdb7b70} ch=true seqId=0
04-15 09:53:36.823  2000  2120 I VRI[calendar]@b1f44ea: performConfigurationChange setNightDimText nightDimLevel=0
04-15 09:53:36.824  2000  2120 D VRI[calendar]@b1f44ea: mThreadedRenderer.initialize() mSurface={isValid=true 0xb40000748cdb7b70} hwInitialized=true
04-15 09:53:36.824  2000  2120 D VRI[calendar]@b1f44ea: reportNextDraw android.view.ViewRootImpl.performTraversals:5443 android.view.ViewRootImpl.doTraversal:3924 android.view.ViewRootImpl$TraversalRunnable.run:12903 android.view.Choreographer$CallbackRecord.run:1901 android.view.Choreographer$CallbackRecord.run:1910
04-15 09:53:36.824  1151  1151 I SurfaceFlinger: [Splash Screen com.google.android.calendar$_2000#18803] attach to parent LayerHierarchy{RequestedLayerState{267bfe3 Splash Screen com.google.android.calendar#18802 parentId=16293} 1 children}
04-15 09:53:36.824  2000  2120 D VRI[calendar]@b1f44ea: Setup new sync=wmsSync-VRI[calendar]@b1f44ea#4
04-15 09:53:36.824  2000  2120 I VRI[calendar]@b1f44ea: Creating new active sync group VRI[calendar]@b1f44ea#5
04-15 09:53:36.826  2000  2120 D VRI[calendar]@b1f44ea: registerCallbacksForSync syncBuffer=false
04-15 09:53:36.830  2000  2195 D VRI[calendar]@b1f44ea: Received frameDrawingCallback syncResult=0 frameNum=1.
04-15 09:53:36.830  2000  2195 I VRI[calendar]@b1f44ea: mWNT: t=0xb4000074fc7aacd0 mBlastBufferQueue=0xb40000741d34a520 fn= 1 HdrRenderState mRenderHdrSdrRatio=1.0 caller= android.view.ViewRootImpl$12.onFrameDraw:15441 android.view.ThreadedRenderer$1.onFrameDraw:718 <bottom of call stack>
04-15 09:53:36.830  2000  2195 I VRI[calendar]@b1f44ea: Setting up sync and frameCommitCallback
04-15 09:53:36.831  2000  2196 I BLASTBufferQueue: [VRI[calendar]@b1f44ea#854](f:0,a:0,s:0) onFrameAvailable the first frame is available
04-15 09:53:36.831  2000  2196 I VRI[calendar]@b1f44ea: Received frameCommittedCallback lastAttemptedDrawFrameNum=1 didProduceBuffer=true
04-15 09:53:36.831  1151  1200 I SurfaceFlinger: [Splash Screen com.google.android.calendar$_2000#18803] setTransactionState with the first frame. bufferData(ID: 8589934655955, frameNumber: 1)
04-15 09:53:36.831  6698 23906 I FontLog : (REDACTED) Received query %s, URI %s
04-15 09:53:36.832  2000  2196 D HWUI    : CFMS:: SetUp Pid : 2000    Tid : 2196
04-15 09:53:36.832  6698 23906 I FontLog : (REDACTED) Query [%s] resolved to %s
04-15 09:53:36.832  2000  2120 D VRI[calendar]@b1f44ea: reportDrawFinished seqId=0
04-15 09:53:36.834  1542  1585 D SurfaceComposerClient: setCornerRadius ## 267bfe3 Splash Screen com.google.android.calendar#18802 cornerRadius=0.000000
04-15 09:53:36.834  1542  1585 D SurfaceComposerClient: setCornerRadius ## 267bfe3 Splash Screen com.google.android.calendar#18802 cornerRadius=0.000000
04-15 09:53:36.834  6698 23906 I FontLog : (REDACTED) Fetch %s end status %s
04-15 09:53:36.835  1151  1200 I SurfaceFlinger: id=18804 createSurf, flag=84004, Transition Root: Task=3801#18804
04-15 09:53:36.837  6698 23906 I FontLog : (REDACTED) Pulling font file for id = %d, cache size = %d
04-15 09:53:36.838  1542  1585 I SurfaceControlRegistry: show, t=StartTransaction_SyncId<1678> sc=ActivityRecord{243114305 u0 com.google.android.calendar/.allinone.AllInOneCalendarActivity t3801}, caller=android.view.SurfaceControl$Transaction.show:3557 com.android.server.wm.Transition.onTransactionReady:2048 com.android.server.wm.BLASTSyncEngine$SyncGroup.finishNow:240 com.android.server.wm.BLASTSyncEngine.onSurfacePlacement:263 com.android.server.wm.RootWindowContainer.performSurfacePlacementNoTrace:1083 com.android.server.wm.WindowSurfacePlacer.performSurfacePlacement:166
04-15 09:53:36.838  1542  1585 D SurfaceComposerClient: setCornerRadius ## Task=3880#18780 cornerRadius=0.000000
04-15 09:53:36.838  1542  1585 D SurfaceComposerClient: setCornerRadius ## Task=3801#16292 cornerRadius=0.000000
04-15 09:53:36.839  1542  1585 D ScreenCapture: [Capture_TEST] : setIsScreenShotBySystem false
04-15 09:53:36.839  1542  1585 I SurfaceComposerClient: captureLayers:childrenOnly:1, sync:1
04-15 09:53:36.842  2000  2105 I SurfaceControlRegistry: hide, t=FinishTransaction_SyncId<1678> sc=Task=3880, caller=android.view.SurfaceControl$Transaction.hide:3583 com.android.wm.shell.transition.Transitions.dispatchReady:1263 com.android.wm.shell.transition.Transitions.onTransitionReady:251 com.android.wm.shell.transition.Transitions$TransitionPlayerImpl$$ExternalSyntheticLambda0.run:13 android.os.Handler.handleCallback:995 android.os.Handler.dispatchMessage:103
