04-15 09:53:33.140  1542  2161 D SurfaceComposerClient: setCornerRadius ## 556ca3f com.google.android.calendar/com.google.android.calendar.allinone.AllInOneCalendarActivity#18703 cornerRadius=0.000000
04-15 09:53:33.141  1151  1151 I SurfaceFlinger: RequestedLayer [Task=3877#18677] hidden!! flag  from(0) --> to(1)
04-15 09:53:33.141  1151  1151 I SurfaceFlinger: [LayerHierarchy{RequestedLayerState{Task=3801#16292 parentId=10 z=13} 1 children}] reparent to LayerHierarchy{RequestedLayerState{DefaultTaskDisplayArea_d0#10 parentId=9} 16 children}
04-15 09:53:33.141  1151  1151 I SurfaceFlinger: [LayerHierarchy{RequestedLayerState{Task=3877#18677 parentId=10 z=12} 3 children}] reparent to LayerHierarchy{RequestedLayerState{DefaultTaskDisplayArea_d0#10 parentId=9} 17 children}
04-15 09:53:33.141  1151  1151 I SurfaceFlinger: [LayerHierarchy{RequestedLayerState{Transition Root: Task=3801#18701 z=13} 1 children}] reparent to OffscreenRoot
04-15 09:53:33.141  1151  1151 I SurfaceFlinger: [LayerHierarchy{RequestedLayerState{Transition Root: Task=3801#18701 z=13} 1 children}] RelativeParent to null
04-15 09:53:33.141  1151  1151 I SurfaceFlinger: [LayerHierarchy{RequestedLayerState{DimTransitionLayer for Surface(name=Task=3877)/@0xdf494e4#18702 z=-1} no children}] reparent to OffscreenRoot
04-15 09:53:33.141  1151  1151 I SurfaceFlinger: [LayerHierarchy{RequestedLayerState{DimTransitionLayer for Surface(name=Task=3877)/@0xdf494e4#18702 z=-1} no children}] RelativeParent to null
04-15 09:53:33.143  1151  1151 I SurfaceFlinger: id=18702 Removed DimTransitionLayer for Surface(name=Task=3877)/@0xdf494e4#18702 (206)
04-15 09:53:33.143  1151  1151 I SurfaceFlinger: id=18701 Removed Transition Root: Task=3801#18701 (206)
04-15 09:53:33.144  1542  1582 D PkgPredictorService-SecIpmManagerServiceImpl: bg information pid:19294 uid:10748 pkgName:com.catfact.app.feature.factdetail.test
04-15 09:53:33.146  1542  1585 D SurfaceComposerClient: setCornerRadius ## 556ca3f com.google.android.calendar/com.google.android.calendar.allinone.AllInOneCalendarActivity#18703 cornerRadius=0.000000
04-15 09:53:33.149  2000  2000 D SystemUIService: SYSUI_RAM_OPTIMIZATION onTrimMemory=20
04-15 09:53:33.149  1151  1151 I SurfaceFlinger: [Display 0 name="Built-in Screen"#49] setFrameRateCategory: Default
04-15 09:53:33.149  1151  1151 I SurfaceFlinger: RequestedLayer [com.catfact.app.feature.factdetail.t[...]tyInvoker$EmptyActivity$_19294#18694] hidden!! flag  from(0) --> to(1)
04-15 09:53:33.149  1151  1151 I SurfaceFlinger: RequestedLayer [ActivityRecord{248240931 u0 com.catf[...]tyInvoker$EmptyActivity t3877}#18692] hidden!! flag  from(0) --> to(1)
04-15 09:53:33.149  1151  1151 I SurfaceFlinger: destroyed Transition Root: Task=3801#18701
04-15 09:53:33.149  1151  1151 I SurfaceFlinger: destroyed DimTransitionLayer for Surface(name=Task=3877)/@0xdf494e4#18702
04-15 09:53:33.149  1151  1151 I SurfaceFlinger: [LayerHierarchy{RequestedLayerState{ImeContainer#15 parentId=16293 relativeParentId=18703 z=1} 1 children}] RelativeParent to LayerHierarchy{RequestedLayerState{556ca3f com.google.android.calendar/com.google.android.calendar.allinone.AllInOneCalendarActivity#18703 parentId=16293} 2 children}
04-15 09:53:33.149  2000  2000 D CentralSurfaces: SYSUI_RAM_OPTIMIZATION onTrimMemory=20
04-15 09:53:33.149  1151  1151 I SurfaceFlinger: [LayerHierarchy{RequestedLayerState{1954bb2 Splash Screen com.google.android.calendar#18699 z=2147483647} 1 children}] reparent to OffscreenRoot
04-15 09:53:33.149  1151  1151 I SurfaceFlinger: [LayerHierarchy{RequestedLayerState{1954bb2 Splash Screen com.google.android.calendar#18699 z=2147483647} 1 children}] RelativeParent to null
04-15 09:53:33.150  1151  1151 I SurfaceFlinger: [LayerHierarchy{RequestedLayerState{Splash Screen com.google.android.calendar$_2000#18700} no children}] reparent to OffscreenRoot
04-15 09:53:33.150  1151  1151 I SurfaceFlinger: [LayerHierarchy{RequestedLayerState{Splash Screen com.google.android.calendar$_2000#18700} no children}] RelativeParent to null
04-15 09:53:33.150  2000  2196 D HWUI    : CacheManager::trimMemory(20)
04-15 09:53:33.152  1151  1151 I Layer   : id=18701 Destroyed Transition Root: Task=3801#18701
04-15 09:53:33.152  1151  1151 I Layer   : id=18702 Destroyed DimTransitionLayer for Surface(name=Task=3877)/@0xdf494e4#18702
04-15 09:53:33.152  1151  1151 I SurfaceFlinger: id=18699 Removed 1954bb2 Splash Screen com.google.android.calendar#18699 (204)
04-15 09:53:33.153  1151  1151 I SurfaceFlinger: id=18700 Removed Splash Screen com.google.android.calendar$_2000#18700 (204)
04-15 09:53:33.153 19294 19332 D HWUI    : CacheManager::trimMemory(20)
04-15 09:53:33.155  1542  1585 D SurfaceComposerClient: setCornerRadius ## 556ca3f com.google.android.calendar/com.google.android.calendar.allinone.AllInOneCalendarActivity#18703 cornerRadius=0.000000
04-15 09:53:33.157  1151  1151 I SurfaceFlinger: destroyed 1954bb2 Splash Screen com.google.android.calendar#18699
04-15 09:53:33.157  1151  1151 I SurfaceFlinger: destroyed Splash Screen com.google.android.calendar$_2000#18700
04-15 09:53:33.158  2000  2000 D DisplayLifecycle: updateDisplay id = 0
04-15 09:53:33.158  2461  4418 I HoneySpace.Memory-Monitor: current state = 2, didTrim = false
04-15 09:53:33.159  1151  1151 I Layer   : id=18699 Destroyed 1954bb2 Splash Screen com.google.android.calendar#18699
04-15 09:53:33.159  1542  1558 I WindowManager: Relayout Window{7c14677 u0 com.catfact.app.feature.factdetail.test/androidx.test.core.app.InstrumentationActivityInvoker$EmptyActivity}: viewVisibility=8 req=720x1544 ty=1 d0
04-15 09:53:33.159  1151  1151 I Layer   : id=18700 Destroyed Splash Screen com.google.android.calendar$_2000#18700
04-15 09:53:33.159  1542  1558 D SurfaceComposerClient: setCornerRadius ## 556ca3f com.google.android.calendar/com.google.android.calendar.allinone.AllInOneCalendarActivity#18703 cornerRadius=0.000000
04-15 09:53:33.160  1542  1558 D SurfaceComposerClient: setCornerRadius ## 556ca3f com.google.android.calendar/com.google.android.calendar.allinone.AllInOneCalendarActivity#18703 cornerRadius=0.000000
04-15 09:53:33.160  1542  1558 I WindowManager: Relayout hash=7c14677, pid=19294, syncId=-1: mAttrs={(0,0)(fillxfill) sim={adjust=pan forwardNavigation} layoutInDisplayCutoutMode=always ty=BASE_APPLICATION
04-15 09:53:33.160  1542  1558 I WindowManager:   fl=81810100
04-15 09:53:33.160  1542  1558 I WindowManager:   pfl=100088c0
04-15 09:53:33.160  1542  1558 I WindowManager:   bhv=1
04-15 09:53:33.160  1542  1558 I WindowManager:   fitSides=0
04-15 09:53:33.160  1542  1558 I WindowManager:   frameRateBoostOnTouch=true
04-15 09:53:33.160  1542  1558 I WindowManager:   dvrrWindowFrameRateHint=true naviIconColor=0}
04-15 09:53:33.161  2000  2125 D StackScroller: onDisplayChanged for predraw skip to 2
04-15 09:53:33.163 19294 19294 I VRI[InstrumentationActivityInvoker$EmptyActivity]@21e59f5: Relayout returned: old=(0,0,720,1544) new=(0,0,720,1544) relayoutAsync=false req=(720,1544)8 dur=3 res=0x2 s={false 0x0} ch=true seqId=0
04-15 09:53:33.163 19294 19294 D VRI[InstrumentationActivityInvoker$EmptyActivity]@21e59f5: Not drawing due to not visible. Reason=!mAppVisible && !mForceDecorViewVisibility
04-15 09:53:33.163  1542  1784 D WifiStaIfaceHidlImpl: getCachedScanData is not implemented by HIDL
04-15 09:53:33.164 19294 19294 I VRI[ComponentActivity]@3cf8886: stopped(true) old = false
04-15 09:53:33.164 19294 19294 D VRI[ComponentActivity]@3cf8886: WindowStopped on com.catfact.app.feature.factdetail.test/androidx.activity.ComponentActivity set to true
04-15 09:53:33.164 19294 19332 D HWUI    : CacheManager::trimMemory(20)
04-15 09:53:33.168 19294 19294 D LifecycleMonitor: Lifecycle status change: androidx.activity.ComponentActivity@20a42f3 in: STOPPED
04-15 09:53:33.168 19294 19294 V ActivityScenario: Update currentActivityStage to STOPPED, currentActivity=androidx.activity.ComponentActivity@20a42f3
04-15 09:53:33.211 19294 19294 W WindowOnBackDispatcher: sendCancelIfRunning: isInProgress=false callback=android.app.Activity$$ExternalSyntheticLambda0@30ba712
04-15 09:53:33.211 19294 19294 D LifecycleMonitor: Lifecycle status change: androidx.activity.ComponentActivity@20a42f3 in: DESTROYED
04-15 09:53:33.212 19294 19294 V ActivityScenario: Update currentActivityStage to DESTROYED, currentActivity=null
04-15 09:53:33.213 19294 19332 D HWUI    : CacheManager::trimMemory(20)
04-15 09:53:33.219  1542 23285 D SemWifiUsabilityStatsMonitor: onWifiUsabilityStats - seqNum 10580, isSameBssidAndFreq true
04-15 09:53:33.220  1542  1884 I SemWifiLinkQualityMonitor: Link stat: 294 / 24 / 1.00 (2) / 270 / -34.0 || 100.0 : 270.00 / 0.5 : 1.00 / 0.55 : 0.08 / G (G) || 29ac2da75320: 0.108 / 74.054 / N || N N / 0 0 / Y 2.0 / Y X 0 / 131957970 0 || Invalid
04-15 09:53:33.222 19294 19294 D ViewRootImpl: Skipping stats log for color mode
04-15 09:53:33.222 19294 19294 I VRI[ComponentActivity]@3cf8886: dispatchDetachedFromWindow
04-15 09:53:33.222  1542  1558 D InputTransport: Input channel destroyed: '65a1819', fd=808
04-15 09:53:33.223  1542  1558 D SurfaceComposerClient: setCornerRadius ## 556ca3f com.google.android.calendar/com.google.android.calendar.allinone.AllInOneCalendarActivity#18703 cornerRadius=0.000000
04-15 09:53:33.223  1542  1558 D SurfaceComposerClient: setCornerRadius ## 556ca3f com.google.android.calendar/com.google.android.calendar.allinone.AllInOneCalendarActivity#18703 cornerRadius=0.000000
04-15 09:53:33.224 19294 19294 D InputTransport: Input channel destroyed: '65a1819', fd=126
04-15 09:53:33.224 19294 19294 I VRI[InstrumentationActivityInvoker$EmptyActivity]@21e59f5: stopped(true) old = false
04-15 09:53:33.224 19294 19294 D VRI[InstrumentationActivityInvoker$EmptyActivity]@21e59f5: WindowStopped on com.catfact.app.feature.factdetail.test/androidx.test.core.app.InstrumentationActivityInvoker$EmptyActivity set to true
04-15 09:53:33.231 19294 19315 D IdlingRegistry: Unregistering idling resources: [androidx.compose.ui.test.EspressoLink@a9d5c5f]
04-15 09:53:33.232  1151  1151 I SurfaceFlinger: [LayerHierarchy{RequestedLayerState{com.catfact.app.feature.factdetail.test/androidx.activity.ComponentActivity$_19294#18687} no children}] reparent to OffscreenRoot
04-15 09:53:33.232  1151  1151 I SurfaceFlinger: [LayerHierarchy{RequestedLayerState{com.catfact.app.feature.factdetail.test/androidx.activity.ComponentActivity$_19294#18687} no children}] RelativeParent to null
04-15 09:53:33.232  1151  1151 I SurfaceFlinger: [LayerHierarchy{RequestedLayerState{65a1819 com.catfact.app.feature.factdetail.test/androidx.activity.ComponentActivity#18683} no children}] reparent to OffscreenRoot
04-15 09:53:33.232  1151  1151 I SurfaceFlinger: [LayerHierarchy{RequestedLayerState{65a1819 com.catfact.app.feature.factdetail.test/androidx.activity.ComponentActivity#18683} no children}] RelativeParent to null
04-15 09:53:33.234  1151  1200 I SurfaceFlinger: id=18684 Removed f321fd0 ActivityRecordInputSink com.catfact.app.feature.factdetail.test/androidx.activity.ComponentActivity#18684 (202)
04-15 09:53:33.234  1151  1151 I SurfaceFlinger: id=18683 Removed 65a1819 com.catfact.app.feature.factdetail.test/androidx.activity.ComponentActivity#18683 (202)
04-15 09:53:33.234 19294 19332 D HWUI    : CacheManager::trimMemory(20)
04-15 09:53:33.234  1151  1151 I SurfaceFlinger: id=18687 Removed com.catfact.app.feature.factdetail.test/androidx.activity.ComponentActivity$_19294#18687 (202)
04-15 09:53:33.238 19294 19294 D LifecycleMonitor: Lifecycle status change: androidx.test.core.app.InstrumentationActivityInvoker$EmptyActivity@8d89d94 in: STOPPED
04-15 09:53:33.239 19294 19294 W WindowOnBackDispatcher: sendCancelIfRunning: isInProgress=false callback=android.app.Activity$$ExternalSyntheticLambda0@247ee56
04-15 09:53:33.240  1151  1151 I SurfaceFlinger: destroyed com.catfact.app.feature.factdetail.test/androidx.activity.ComponentActivity$_19294#18687
04-15 09:53:33.241  1151  1151 I SurfaceFlinger: destroyed 65a1819 com.catfact.app.feature.factdetail.test/androidx.activity.ComponentActivity#18683
04-15 09:53:33.241  1151  1151 I SurfaceFlinger: [LayerHierarchy{RequestedLayerState{ActivityRecord{137249486 u0 com.catfact.app.feature.factdetail.test/androidx.activity.ComponentActivity t3877}#18678} 1 children}] reparent to OffscreenRoot
04-15 09:53:33.241  1151  1151 I SurfaceFlinger: [LayerHierarchy{RequestedLayerState{ActivityRecord{137249486 u0 com.catfact.app.feature.factdetail.test/androidx.activity.ComponentActivity t3877}#18678} 1 children}] RelativeParent to null
04-15 09:53:33.242  1151  1151 I Layer   : id=18687 Destroyed com.catfact.app.feature.factdetail.test/androidx.activity.ComponentActivity$_19294#18687
04-15 09:53:33.243  1151  1151 I Layer   : id=18683 Destroyed 65a1819 com.catfact.app.feature.factdetail.test/androidx.activity.ComponentActivity#18683
04-15 09:53:33.243  3979  3988 I ndroid.calendar: Background concurrent mark compact GC freed 40MB AllocSpace bytes, 2(32KB) LOS objects, 56% free, 37MB/85MB, paused 1.711ms,2.378ms total 110.600ms
04-15 09:53:33.243 19294 19294 D LifecycleMonitor: Lifecycle status change: androidx.test.core.app.InstrumentationActivityInvoker$EmptyActivity@8d89d94 in: DESTROYED
04-15 09:53:33.245 19294 19332 D HWUI    : CacheManager::trimMemory(20)
04-15 09:53:33.249 19294 19294 D ViewRootImpl: Skipping stats log for color mode
04-15 09:53:33.249 19294 19294 I VRI[InstrumentationActivityInvoker$EmptyActivity]@21e59f5: dispatchDetachedFromWindow
04-15 09:53:33.251  1542  1558 D InputTransport: Input channel destroyed: '7c14677', fd=972
04-15 09:53:33.252  1542  1558 D SurfaceComposerClient: setCornerRadius ## 556ca3f com.google.android.calendar/com.google.android.calendar.allinone.AllInOneCalendarActivity#18703 cornerRadius=0.000000
04-15 09:53:33.252  1542  1558 D SurfaceComposerClient: setCornerRadius ## 556ca3f com.google.android.calendar/com.google.android.calendar.allinone.AllInOneCalendarActivity#18703 cornerRadius=0.000000
04-15 09:53:33.253 19294 19294 D InputTransport: Input channel destroyed: '7c14677', fd=144
04-15 09:53:33.257  1151  1378 I SurfaceFlinger: id=18711 createSurf, flag=24004, Task=3877#18711
04-15 09:53:33.258  1151  1200 I SurfaceFlinger: id=18698 Removed 44db8dd ActivityRecordInputSink com.catfact.app.feature.factdetail.test/androidx.test.core.app.InstrumentationActivityInvoker$EmptyActivity#18698 (201)
04-15 09:53:33.262  2461  2461 I HoneySpace.TaskStackChangeRepositoryImpl: onTaskRemoved : 3877
04-15 09:53:33.262  2461  2461 I HoneySpace.TaskStackChangeRepositoryImpl: onTaskRemoved : 3877
04-15 09:53:33.262  2461  2461 I HoneySpace.TaskListViewModel[173795743]: taskRemoveId, 3877
04-15 09:53:33.262  2461  2461 W HoneySpace.TaskListViewModel[173795743]: task is already removed: 3877
04-15 09:53:33.263  2461  2461 I HoneySpace.TaskListViewModel[173795743]: taskRemoveId, 3877
04-15 09:53:33.263  2461  2461 W HoneySpace.TaskListViewModel[173795743]: task is already removed: 3877
04-15 09:53:33.263  2461  2584 I HoneySpace.TopTaskSource: onTaskRemoved: 3877
04-15 09:53:33.264 19294 19315 I TestRunner: finished: saveNoteButtonHiddenWhenNoChanges(com.catfact.app.feature.factdetail.presentation.DetailScreenTest)
