04-15 09:53:31.368  1542  2101 I WindowManager: Relayout Window{b6b4cb0 u0 com.catfact.app.feature.factdetail.test/androidx.test.core.app.InstrumentationActivityInvoker$EmptyActivity}: viewVisibility=0 req=720x1544 ty=1 d0
04-15 09:53:31.369  1151  1199 I SurfaceFlinger: id=18658 createSurf, flag=44004, com.catfact.app.feature.factdetail.test/androidx.test.core.app.InstrumentationActivityInvoker$EmptyActivity$_19294#18658
04-15 09:53:31.370  1542  2101 D SurfaceComposerClient: setCornerRadius ## b6b4cb0 com.catfact.app.feature.factdetail.test/androidx.test.core.app.InstrumentationActivityInvoker$EmptyActivity#18657 cornerRadius=0.000000
04-15 09:53:31.370  1542  2101 D SurfaceComposerClient: setCornerRadius ## b6b4cb0 com.catfact.app.feature.factdetail.test/androidx.test.core.app.InstrumentationActivityInvoker$EmptyActivity#18657 cornerRadius=0.000000
04-15 09:53:31.371  1151  1199 I SurfaceFlinger: id=18659 createSurf, flag=24000, Surface(name=3edafdc StatusBar)/@0x3b919ed - animation-leash of insets_animation#18659
04-15 09:53:31.372  1151  1199 I SurfaceFlinger: id=18660 createSurf, flag=24000, Surface(name=8c5cec7 NavigationBar0)/@0xa68870 - animation-leash of insets_animation#18660
04-15 09:53:31.373  1542  2101 I SystemKeyManager: requested systemKeyInfo size=1 focusedWindow=com.catfact.app.feature.factdetail.test/androidx.test.core.app.InstrumentationActivityInvoker$EmptyActivity
04-15 09:53:31.373  1542  2101 I SystemKeyManager: requested systemKeyInfo size=1 focusedWindow=com.catfact.app.feature.factdetail.test/androidx.test.core.app.InstrumentationActivityInvoker$EmptyActivity
04-15 09:53:31.373  1151  1151 I SurfaceFlinger: [com.catfact.app.feature.factdetail.test/androidx.test.core.app.InstrumentationActivityInvoker$EmptyActivity$_19294#18658] attach to parent LayerHierarchy{RequestedLayerState{b6b4cb0 com.catfact.app.feature.factdetail.test/androidx.test.core.app.InstrumentationActivityInvoker$EmptyActivity#18657 parentId=18656} 1 children}
04-15 09:53:31.374  1151  1151 I SurfaceFlinger: [Surface(name=3edafdc StatusBar)/@0x3b919ed - animation-leash of insets_animation#18659] attach to parent LayerHierarchy{RequestedLayerState{WindowToken{7a8fc4f type=2000 android.os.BinderProxy@a9d7329}#94 parentId=17} 2 children}
04-15 09:53:31.374  1151  1151 I SurfaceFlinger: [Surface(name=8c5cec7 NavigationBar0)/@0xa68870 - animation-leash of insets_animation#18660] attach to parent LayerHierarchy{RequestedLayerState{WindowToken{fc018e2 type=2019 android.os.BinderProxy@bda3ac4}#90 parentId=34} 2 children}
04-15 09:53:31.374  1542  2101 I WindowManager: Relayout hash=b6b4cb0, pid=19294, syncId=-1: mAttrs={(0,0)(fillxfill) sim={adjust=pan forwardNavigation} layoutInDisplayCutoutMode=always ty=BASE_APPLICATION
04-15 09:53:31.374  1542  2101 I WindowManager:   fl=81810100
04-15 09:53:31.374  1542  2101 I WindowManager:   pfl=100088c0
04-15 09:53:31.374  1542  2101 I WindowManager:   bhv=1
04-15 09:53:31.374  1542  2101 I WindowManager:   fitSides=0
04-15 09:53:31.374  1542  2101 I WindowManager:   frameRateBoostOnTouch=true
04-15 09:53:31.374  1542  2101 I WindowManager:   dvrrWindowFrameRateHint=true naviIconColor=0}
04-15 09:53:31.374  2000  2000 D NavigationBar: onSystemBarAttributesChanged() -  displayId:0, appearance:16, packageName: com.catfact.app.feature.factdetail.test (APPEARANCE_LIGHT_NAVIGATION_BARS ), navbarColorManagedByIme:false
04-15 09:53:31.375 19294 19294 I BLASTBufferQueue_Java: new BLASTBufferQueue, mName= VRI[InstrumentationActivityInvoker$EmptyActivity]@1c77a02 mNativeObject= 0xb40000741c67d920 caller= android.view.ViewRootImpl.updateBlastSurfaceIfNeeded:3585 android.view.ViewRootImpl.relayoutWindow:11685 android.view.ViewRootImpl.performTraversals:4804 android.view.ViewRootImpl.doTraversal:3924 android.view.ViewRootImpl$TraversalRunnable.run:12903 android.view.Choreographer$CallbackRecord.run:1901 android.view.Choreographer$CallbackRecord.run:1910 android.view.Choreographer.doCallbacks:1367 android.view.Choreographer.doFrame:1292 android.view.Choreographer$FrameDisplayEventReceiver.run:1870
04-15 09:53:31.375 19294 19294 I BLASTBufferQueue_Java: update, w= 720 h= 1544 mName = VRI[InstrumentationActivityInvoker$EmptyActivity]@1c77a02 mNativeObject= 0xb40000741c67d920 sc.mNativeObject= 0xb40000751c4f4f10 format= -1 caller= android.view.ViewRootImpl.updateBlastSurfaceIfNeeded:3590 android.view.ViewRootImpl.relayoutWindow:11685 android.view.ViewRootImpl.performTraversals:4804 android.view.ViewRootImpl.doTraversal:3924 android.view.ViewRootImpl$TraversalRunnable.run:12903 android.view.Choreographer$CallbackRecord.run:1901
04-15 09:53:31.375 19294 19294 I VRI[InstrumentationActivityInvoker$EmptyActivity]@1c77a02: Relayout returned: old=(0,0,720,1544) new=(0,0,720,1544) relayoutAsync=false req=(720,1544)0 dur=6 res=0x3 s={true 0xb40000748c5654e0} ch=true seqId=0
04-15 09:53:31.375 19294 19294 I VRI[InstrumentationActivityInvoker$EmptyActivity]@1c77a02: performConfigurationChange setNightDimText nightDimLevel=0
04-15 09:53:31.376 19294 19294 D VRI[InstrumentationActivityInvoker$EmptyActivity]@1c77a02: mThreadedRenderer.initialize() mSurface={isValid=true 0xb40000748c5654e0} hwInitialized=true
04-15 09:53:31.376 19294 19294 D VRI[InstrumentationActivityInvoker$EmptyActivity]@1c77a02: reportNextDraw android.view.ViewRootImpl.performTraversals:5443 android.view.ViewRootImpl.doTraversal:3924 android.view.ViewRootImpl$TraversalRunnable.run:12903 android.view.Choreographer$CallbackRecord.run:1901 android.view.Choreographer$CallbackRecord.run:1910
04-15 09:53:31.376 19294 19294 D VRI[InstrumentationActivityInvoker$EmptyActivity]@1c77a02: Setup new sync=wmsSync-VRI[InstrumentationActivityInvoker$EmptyActivity]@1c77a02#18
04-15 09:53:31.376 19294 19294 I VRI[InstrumentationActivityInvoker$EmptyActivity]@1c77a02: Creating new active sync group VRI[InstrumentationActivityInvoker$EmptyActivity]@1c77a02#19
04-15 09:53:31.376 19294 19294 D VRI[InstrumentationActivityInvoker$EmptyActivity]@1c77a02: registerCallbacksForSync syncBuffer=false
04-15 09:53:31.376  3979  4808 D HWUI    : CacheManager::trimMemory(20)
04-15 09:53:31.376 19294 19345 D VRI[InstrumentationActivityInvoker$EmptyActivity]@1c77a02: Received frameDrawingCallback syncResult=0 frameNum=1.
04-15 09:53:31.377 19294 19345 I VRI[InstrumentationActivityInvoker$EmptyActivity]@1c77a02: mWNT: t=0xb4000074fc52d410 mBlastBufferQueue=0xb40000741c67d920 fn= 1 HdrRenderState mRenderHdrSdrRatio=1.0 caller= android.view.ViewRootImpl$12.onFrameDraw:15441 android.view.ThreadedRenderer$1.onFrameDraw:718 <bottom of call stack>
04-15 09:53:31.377 19294 19345 I VRI[InstrumentationActivityInvoker$EmptyActivity]@1c77a02: Setting up sync and frameCommitCallback
04-15 09:53:31.377 19294 19332 I BLASTBufferQueue: [VRI[InstrumentationActivityInvoker$EmptyActivity]@1c77a02#9](f:0,a:0,s:0) onFrameAvailable the first frame is available
04-15 09:53:31.377 19294 19332 I VRI[InstrumentationActivityInvoker$EmptyActivity]@1c77a02: Received frameCommittedCallback lastAttemptedDrawFrameNum=1 didProduceBuffer=true
04-15 09:53:31.377  1151  1199 I SurfaceFlinger: [com.catfact.app.feature.factdetail.test/androidx.test.core.app.InstrumentationActivityInvoker$EmptyActivity$_19294#18658] setTransactionState with the first frame. bufferData(ID: 82867099009060, frameNumber: 1)
04-15 09:53:31.378 19294 19332 D HWUI    : CFMS:: SetUp Pid : 19294    Tid : 19332
04-15 09:53:31.378 19294 19294 D VRI[InstrumentationActivityInvoker$EmptyActivity]@1c77a02: reportDrawFinished seqId=0
04-15 09:53:31.378  3979  3979 I VRI[AllInOneCalendarActivity]@43341c3: dispatchDetachedFromWindow
04-15 09:53:31.378  1542  2101 D InputTransport: Input channel destroyed: '2b40e64', fd=1248
04-15 09:53:31.379  1542  2101 D SurfaceComposerClient: setCornerRadius ## b6b4cb0 com.catfact.app.feature.factdetail.test/androidx.test.core.app.InstrumentationActivityInvoker$EmptyActivity#18657 cornerRadius=0.000000
04-15 09:53:31.379  1542  2101 D SurfaceComposerClient: setCornerRadius ## b6b4cb0 com.catfact.app.feature.factdetail.test/androidx.test.core.app.InstrumentationActivityInvoker$EmptyActivity#18657 cornerRadius=0.000000
04-15 09:53:31.380  1542  2101 I SemDvfsHyPerManager: acquire hyper - AMS_RESUME_TAIL/1542@22, type = -999
04-15 09:53:31.380  1542  2101 I SemDvfsHyPerManager: acquire hyper - AMS_ACT_LAZY/1542@23, type = -999
04-15 09:53:31.380  1059  1180 I HYPER-HAL: [RequestManager.cpp]acquire(): Acquired ID : 1223852  [1542 / 22]    HINT : AMS_RESUME_TAIL    list :
04-15 09:53:31.380  1151  1199 I SurfaceFlinger: id=18661 createSurf, flag=84004, Transition Root: ActivityRecord{11655084 u0 com.catfact.app.feature.factdetail.test/androidx.test.core.app.InstrumentationActivityInvoker$EmptyActivity t3876}#18661
04-15 09:53:31.381  1059  1180 I HYPER-HAL: [RequestManager.cpp]releaseLocked(): Released ID : 1220723
04-15 09:53:31.382  1542  2101 I SurfaceControlRegistry: show, t=StartTransaction_SyncId<1665> sc=ActivityRecord{11655084 u0 com.catfact.app.feature.factdetail.test/androidx.test.core.app.InstrumentationActivityInvoker$EmptyActivity t3876}, caller=android.view.SurfaceControl$Transaction.show:3557 com.android.server.wm.Transition.onTransactionReady:2048 com.android.server.wm.BLASTSyncEngine$SyncGroup.finishNow:240 com.android.server.wm.BLASTSyncEngine.onSurfacePlacement:263 com.android.server.wm.RootWindowContainer.performSurfacePlacementNoTrace:1083 com.android.server.wm.WindowSurfacePlacer.performSurfacePlacement:166
04-15 09:53:31.382  1151  1151 I SurfaceFlinger: [LayerHierarchy{RequestedLayerState{8c5cec7 NavigationBar0#91 parentId=18660} 1 children}] reparent to LayerHierarchy{RequestedLayerState{Surface(name=8c5cec7 NavigationBar0)/@0xa68870 - animation-leash of insets_animation#18660 parentId=90} 1 children}
04-15 09:53:31.382  1151  1151 I SurfaceFlinger: [LayerHierarchy{RequestedLayerState{3edafdc StatusBar#95 parentId=18659} 1 children}] reparent to LayerHierarchy{RequestedLayerState{Surface(name=3edafdc StatusBar)/@0x3b919ed - animation-leash of insets_animation#18659 parentId=94} 1 children}
04-15 09:53:31.382  1151  1151 I SurfaceFlinger: [LayerHierarchy{RequestedLayerState{Surface(name=8c5cec7 NavigationBar0)/@0xa68870 - animation-leash of insets_animation#18653} no children}] reparent to OffscreenRoot
04-15 09:53:31.382  1151  1151 I SurfaceFlinger: [LayerHierarchy{RequestedLayerState{Surface(name=8c5cec7 NavigationBar0)/@0xa68870 - animation-leash of insets_animation#18653} no children}] RelativeParent to null
04-15 09:53:31.382  1151  1151 I SurfaceFlinger: [LayerHierarchy{RequestedLayerState{Surface(name=3edafdc StatusBar)/@0x3b919ed - animation-leash of insets_animation#18652} no children}] reparent to OffscreenRoot
04-15 09:53:31.382  1542  2101 D SurfaceComposerClient: setCornerRadius ## ActivityRecord{176091740 u0 com.catfact.app.feature.factdetail.test/androidx.activity.ComponentActivity t3876}#18642 cornerRadius=0.000000
04-15 09:53:31.382  1151  1151 I SurfaceFlinger: [LayerHierarchy{RequestedLayerState{Surface(name=3edafdc StatusBar)/@0x3b919ed - animation-leash of insets_animation#18652} no children}] RelativeParent to null
04-15 09:53:31.382  1151  1151 I SurfaceFlinger: [Transition Root: ActivityRecord{11655084 u0 com.catfact.app.feature.factdetail.test/androidx.test.core.app.InstrumentationActivityInvoker$EmptyActivity t3876}#18661] attach to parent LayerHierarchy{RequestedLayerState{Task=3876#18641 parentId=10 z=13} 3 children}
04-15 09:53:31.382  1542  2101 D SurfaceComposerClient: setCornerRadius ## ActivityRecord{11655084 u0 com.catfact.app.feature.factdetail.test/androidx.test.core.app.InstrumentationActivityInvoker$EmptyActivity t3876}#18656 cornerRadius=0.000000
04-15 09:53:31.383  1542  1581 I ActivityTaskManager: Displayed com.catfact.app.feature.factdetail.test/androidx.test.core.app.InstrumentationActivityInvoker$EmptyActivity for user 0: +36ms
04-15 09:53:31.383  1542  2101 D SurfaceComposerClient: setCornerRadius ## b6b4cb0 com.catfact.app.feature.factdetail.test/androidx.test.core.app.InstrumentationActivityInvoker$EmptyActivity#18657 cornerRadius=0.000000
04-15 09:53:31.384  3152  3152 E pageboostd: Received HALT command code 2
04-15 09:53:31.384  2000  2105 I SurfaceControlRegistry: hide, t=FinishTransaction_SyncId<1665> sc=ActivityRecord{176091740 u0 com.catfact.app.feature.factdetail.test/androidx.activity.ComponentActivity t3876}, caller=android.view.SurfaceControl$Transaction.hide:3583 com.android.wm.shell.transition.Transitions.dispatchReady:1263 com.android.wm.shell.transition.Transitions.onTransitionReady:251 com.android.wm.shell.transition.Transitions$TransitionPlayerImpl$$ExternalSyntheticLambda0.run:13 android.os.Handler.handleCallback:995 android.os.Handler.dispatchMessage:103
04-15 09:53:31.384  2000  2105 I SurfaceControlRegistry: show, t=StartTransaction_SyncId<1665> sc=ActivityRecord{11655084 u0 com.catfact.app.feature.factdetail.test/androidx.test.core.app.InstrumentationActivityInvoker$EmptyActivity t3876}, caller=android.view.SurfaceControl$Transaction.show:3557 com.android.wm.shell.transition.Transitions.dispatchReady:1279 com.android.wm.shell.transition.Transitions.onTransitionReady:251 com.android.wm.shell.transition.Transitions$TransitionPlayerImpl$$ExternalSyntheticLambda0.run:13 android.os.Handler.handleCallback:995 android.os.Handler.dispatchMessage:103
04-15 09:53:31.384  2000  2105 I SurfaceControlRegistry: show, t=FinishTransaction_SyncId<1665> sc=ActivityRecord{11655084 u0 com.catfact.app.feature.factdetail.test/androidx.test.core.app.InstrumentationActivityInvoker$EmptyActivity t3876}, caller=android.view.SurfaceControl$Transaction.show:3557 com.android.wm.shell.transition.Transitions.dispatchReady:1330 com.android.wm.shell.transition.Transitions.onTransitionReady:251 com.android.wm.shell.transition.Transitions$TransitionPlayerImpl$$ExternalSyntheticLambda0.run:13 android.os.Handler.handleCallback:995 android.os.Handler.dispatchMessage:103
04-15 09:53:31.384  2000  2105 I SurfaceControlRegistry: show, t=StartTransaction_SyncId<1665> sc=Transition Root: ActivityRecord{11655084 u0 com.catfact.app.feature.factdetail.test/androidx.test.core.app.InstrumentationActivityInvoker$EmptyActivity t3876}, caller=android.view.SurfaceControl$Transaction.show:3557 com.android.wm.shell.transition.Transitions.playTransition:79 com.android.wm.shell.transition.Transitions.processReadyQueue:239 com.android.wm.shell.transition.Transitions.dispatchReady:1352 com.android.wm.shell.transition.Transitions.onTransitionReady:251 com.android.wm.shell.transition.Transitions$TransitionPlayerImpl$$ExternalSyntheticLambda0.run:13
04-15 09:53:31.384  1151  1338 D SurfaceFlinger: [input] setFocusedWindow: b6b4cb0 com.catfact.app.feature.factdetail.test/androidx.test.core.app.InstrumentationActivityInvoker$EmptyActivity
04-15 09:53:31.384  1542  2101 D SurfaceComposerClient: setCornerRadius ## b6b4cb0 com.catfact.app.feature.factdetail.test/androidx.test.core.app.InstrumentationActivityInvoker$EmptyActivity#18657 cornerRadius=0.000000
04-15 09:53:31.385  2000  2000 D NavigationBar: onSystemBarAttributesChanged() -  displayId:0, appearance:0, packageName: com.catfact.app.feature.factdetail.test, navbarColorManagedByIme:false
04-15 09:53:31.385  2000  2105 I SurfaceControlRegistry: apply, t=StartTransaction_SyncId<1665>, caller=android.view.SurfaceControl$Transaction.apply:3459 android.view.SurfaceControl$Transaction.apply:3447 android.view.SurfaceControl$Transaction.apply:3397 com.android.wm.shell.transition.DefaultTransitionHandler.startAnimation:3387 com.android.wm.shell.transition.Transitions.dispatchTransition:90 com.android.wm.shell.transition.Transitions.playTransition:774
04-15 09:53:31.385  1542  1677 D InputDispatcher: Once focus requested (0): b6b4cb0 com.catfact.app.feature.factdetail.test/androidx.test.core.app.InstrumentationActivityInvoker$EmptyActivity
04-15 09:53:31.385  2000  2000 D SamsungLightBarControlHelper: updateNavigationBar (WHITE button) isLightOpaque:false, hasLightNavigationBarFlag:false, packageName:com.catfact.app.feature.factdetail.test, DirectReplying:false, NavBarColorMangedByIme:false, ForceDarkForScrim:false, ForceLightForScrim:false, QsCustomizing:false, QsExpanded:false
04-15 09:53:31.385  1542  1677 D InputDispatcher: Focus request (0): b6b4cb0 com.catfact.app.feature.factdetail.test/androidx.test.core.app.InstrumentationActivityInvoker$EmptyActivity but waiting because NOT_VISIBLE
04-15 09:53:31.385  3979  3979 D InputTransport: Input channel destroyed: '2b40e64', fd=170
04-15 09:53:31.385 19294 19294 I ImeFocusController: onPreWindowFocus: skipped hasWindowFocus=false mHasImeFocus=true
04-15 09:53:31.385  2000  2105 I SurfaceControlRegistry: apply, t=FinishTransaction_SyncId<1665>, caller=android.view.SurfaceControl$Transaction.apply:3459 android.view.SurfaceControl$Transaction.apply:3447 android.view.SurfaceControl$Transaction.apply:3397 com.android.wm.shell.transition.Transitions.onFinish:315 com.android.wm.shell.transition.Transitions$$ExternalSyntheticLambda7.onTransitionFinished:12 com.android.wm.shell.transition.DefaultTransitionHandler$$ExternalSyntheticLambda2.run:36
04-15 09:53:31.386 19294 19294 I ImeFocusController: onPostWindowFocus: skipped hasWindowFocus=false mHasImeFocus=true
04-15 09:53:31.386  1542  1585 D SurfaceComposerClient: setCornerRadius ## b6b4cb0 com.catfact.app.feature.factdetail.test/androidx.test.core.app.InstrumentationActivityInvoker$EmptyActivity#18657 cornerRadius=0.000000
04-15 09:53:31.387 19294 19294 I VRI[ComponentActivity]@f7ee2b: handleAppVisibility mAppVisible = true visible = false
04-15 09:53:31.387 19294 19294 D VRI[ComponentActivity]@f7ee2b: visibilityChanged oldVisibility=true newVisibility=false
04-15 09:53:31.387  1151  2758 I SurfaceFlinger: id=18662 createSurf, flag=84000, 20885fe ActivityRecordInputSink com.catfact.app.feature.factdetail.test/androidx.test.core.app.InstrumentationActivityInvoker$EmptyActivity#18662
04-15 09:53:31.389  1542  1593 I libprocessgroup: Removed cgroup /sys/fs/cgroup/apps/uid_10250/pid_17432
04-15 09:53:31.390  1542  1593 I libprocessgroup: Removed cgroup /sys/fs/cgroup/apps/uid_10121/pid_17869
04-15 09:53:31.390  1151  1151 I SurfaceFlinger: RequestedLayer [ActivityRecord{11655084 u0 com.catfa[...]tyInvoker$EmptyActivity t3876}#18656] hidden!! flag  from(1) --> to(0)
04-15 09:53:31.390  1151  1151 E SurfaceFlinger: alpha changed 1.000 -> 0.000 - ActivityRecord{11655084 u0 com.catfact.app.feature.factdetail.test/androidx.test.core.app.InstrumentationActivityInvoker$EmptyActivity t3876}#18656
04-15 09:53:31.390  1151  1151 I SurfaceFlinger: RequestedLayer [b6b4cb0 com.catfact.app.feature.fact[...]nActivityInvoker$EmptyActivity#18657] hidden!! flag  from(1) --> to(0)
04-15 09:53:31.390  1030  1030 I Zygote  : Process 17432 exited due to signal 9 (Killed)
04-15 09:53:31.390  1151  1151 I SurfaceFlinger: RequestedLayer [com.catfact.app.feature.factdetail.t[...]tyInvoker$EmptyActivity$_19294#18658] hidden!! flag  from(1) --> to(0)
04-15 09:53:31.390  1151  1151 I SurfaceFlinger: RequestedLayer [Transition Root: ActivityRecord{1165[...]tyInvoker$EmptyActivity t3876}#18661] hidden!! flag  from(1) --> to(0)
04-15 09:53:31.390  1151  1151 I SurfaceFlinger: RequestedLayer [ActivityRecord{176091740 u0 com.catf[...]ivity.ComponentActivity t3876}#18642] hidden!! flag  from(0) --> to(1)
04-15 09:53:31.390  1151  1151 E SurfaceFlinger: alpha changed 0.000 -> 1.000 - ActivityRecord{11655084 u0 com.catfact.app.feature.factdetail.test/androidx.test.core.app.InstrumentationActivityInvoker$EmptyActivity t3876}#18656
04-15 09:53:31.390  1151  1151 I SurfaceFlinger: [Display 0 name="Built-in Screen"#49] setFrameRateCategory: Default
04-15 09:53:31.390  1151  1151 I SurfaceFlinger: [LayerHierarchy{RequestedLayerState{ActivityRecord{176091740 u0 com.catfact.app.feature.factdetail.test/androidx.activity.ComponentActivity t3876}#18642 parentId=18641} 3 children}] reparent to LayerHierarchy{RequestedLayerState{Task=3876#18641 parentId=10 z=13} 3 children}
04-15 09:53:31.390  1151  1151 I SurfaceFlinger: [LayerHierarchy{RequestedLayerState{ActivityRecord{11655084 u0 com.catfact.app.feature.factdetail.test/androidx.test.core.app.InstrumentationActivityInvoker$EmptyActivity t3876}#18656 parentId=18641 z=1} 1 children}] reparent to LayerHierarchy{RequestedLayerState{Task=3876#18641 parentId=10 z=13} 3 children}
04-15 09:53:31.390  1151  1151 I SurfaceFlinger: [LayerHierarchy{RequestedLayerState{Transition Root: ActivityRecord{11655084 u0 com.catfact.app.feature.factdetail.test/androidx.test.core.app.InstrumentationActivityInvoker$EmptyActivity t3876}#18661 z=1} no children}] reparent to OffscreenRoot
04-15 09:53:31.390  1151  1151 I SurfaceFlinger: [LayerHierarchy{RequestedLayerState{Transition Root: ActivityRecord{11655084 u0 com.catfact.app.feature.factdetail.test/androidx.test.core.app.InstrumentationActivityInvoker$EmptyActivity t3876}#18661 z=1} no children}] RelativeParent to null
04-15 09:53:31.390  1151  1151 I SurfaceFlinger: [20885fe ActivityRecordInputSink com.catfact.app.feature.factdetail.test/androidx.test.core.app.InstrumentationActivityInvoker$EmptyActivity#18662] attach to parent LayerHierarchy{RequestedLayerState{ActivityRecord{11655084 u0 com.catfact.app.feature.factdetail.test/androidx.test.core.app.InstrumentationActivityInvoker$EmptyActivity t3876}#18656 parentId=18641 z=1} 2 children}
04-15 09:53:31.390  1030  1030 I Zygote  : Process 17869 exited due to signal 9 (Killed)
04-15 09:53:31.392  2000  2000 D SystemUIService: SYSUI_RAM_OPTIMIZATION onTrimMemory=20
04-15 09:53:31.392  2000  2000 D CentralSurfaces: SYSUI_RAM_OPTIMIZATION onTrimMemory=20
04-15 09:53:31.392  1542  3964 I WindowManager: Relayout Window{d49fd4a u0 com.catfact.app.feature.factdetail.test/androidx.activity.ComponentActivity}: viewVisibility=8 req=720x1544 ty=1 d0
04-15 09:53:31.393  1542  3964 D SurfaceComposerClient: setCornerRadius ## b6b4cb0 com.catfact.app.feature.factdetail.test/androidx.test.core.app.InstrumentationActivityInvoker$EmptyActivity#18657 cornerRadius=0.000000
04-15 09:53:31.393  1542  3964 D SurfaceComposerClient: setCornerRadius ## b6b4cb0 com.catfact.app.feature.factdetail.test/androidx.test.core.app.InstrumentationActivityInvoker$EmptyActivity#18657 cornerRadius=0.000000
04-15 09:53:31.393  1151  1151 D SurfaceFlinger: Display 4633128672291735999 HWC layers:
04-15 09:53:31.393  1151  1151 D SurfaceFlinger:        DEVICE |           82867099009060 | 00002102 | RGBA_8888    |    0.0    0.0  720.0 1544.0 |    0    0  720 1544 | com.catfact.app.feature.factdetail.t[...]tyInvoker$EmptyActivity$_19294#18658 (1)
04-15 09:53:31.393  1151  1151 D SurfaceFlinger:        DEVICE |            8589934654742 | 00002100 | RGBA_8888    |    0.0    0.0  720.0   50.0 |    0    0  720   50 | StatusBar$_2000#102 (26300)
04-15 09:53:31.393  1151  1151 D SurfaceFlinger:        DEVICE |           10569914518889 | 00002100 | RGBA_8888    |    0.0    0.0   67.0  353.0 |  653  192  720  545 | com.sec.android.app.launcher/com.sam[...]l.app.CocktailBarService$_2461#16495 (1)
04-15 09:53:31.393  1151  1151 D SurfaceFlinger:        DEVICE |            8589934654693 | 00002100 | RGBA_8888    |    0.0    0.0  720.0   90.0 |    0 1454  720 1544 | NavigationBar0$_2000#98 (17087)
04-15 09:53:31.393  1151  1151 D SurfaceFlinger:
04-15 09:53:31.393  1542  3964 I WindowManager: Relayout hash=d49fd4a, pid=19294, syncId=-1: mAttrs={(0,0)(fillxfill) sim={adjust=pan forwardNavigation} layoutInDisplayCutoutMode=always ty=BASE_APPLICATION wanim=0x1030317
04-15 09:53:31.393  1542  3964 I WindowManager:   fl=81810100
04-15 09:53:31.393  1542  3964 I WindowManager:   pfl=100088c0
04-15 09:53:31.393  1542  3964 I WindowManager:   apr=210
04-15 09:53:31.393  1542  3964 I WindowManager:   bhv=1
04-15 09:53:31.393  1542  3964 I WindowManager:   fitSides=0
04-15 09:53:31.393  1542  3964 I WindowManager:   frameRateBoostOnTouch=true
04-15 09:53:31.393  1542  3964 I WindowManager:   dvrrWindowFrameRateHint=true naviIconColor=0}
04-15 09:53:31.394  1542  2101 D InputDispatcher: Focus entered window (0): b6b4cb0 com.catfact.app.feature.factdetail.test/androidx.test.core.app.InstrumentationActivityInvoker$EmptyActivity
04-15 09:53:31.394  1151  1378 I SurfaceFlinger: id=18652 Removed Surface(name=3edafdc StatusBar)/@0x3b919ed - animation-leash of insets_animation#18652 (196)
04-15 09:53:31.394  1151  1378 I SurfaceFlinger: id=18653 Removed Surface(name=8c5cec7 NavigationBar0)/@0xa68870 - animation-leash of insets_animation#18653 (196)
04-15 09:53:31.394  2000  2196 D HWUI    : CacheManager::trimMemory(20)
04-15 09:53:31.395  1151  2758 I SurfaceFlinger: id=18661 Removed Transition Root: ActivityRecord{11655084 u0 com.catfact.app.feature.factdetail.test/androidx.test.core.app.InstrumentationActivityInvoker$EmptyActivity t3876}#18661 (196)
04-15 09:53:31.395 19294 19294 I VRI[ComponentActivity]@f7ee2b: Relayout returned: old=(0,0,720,1544) new=(0,0,720,1544) relayoutAsync=false req=(720,1544)8 dur=3 res=0x2 s={false 0x0} ch=true seqId=0
04-15 09:53:31.395 19294 19294 D VRI[ComponentActivity]@f7ee2b: Not drawing due to not visible. Reason=!mAppVisible && !mForceDecorViewVisibility
04-15 09:53:31.395 19294 19294 I VRI[ComponentActivity]@f7ee2b: stopped(true) old = false
04-15 09:53:31.395 19294 19294 D VRI[ComponentActivity]@f7ee2b: WindowStopped on com.catfact.app.feature.factdetail.test/androidx.activity.ComponentActivity set to true
04-15 09:53:31.396 19294 19294 D LifecycleMonitor: Lifecycle status change: androidx.activity.ComponentActivity@536bd04 in: STOPPED
04-15 09:53:31.396 19294 19294 V ActivityScenario: Update currentActivityStage to STOPPED, currentActivity=androidx.activity.ComponentActivity@536bd04
04-15 09:53:31.399  1151  1151 I SurfaceFlinger: RequestedLayer [com.catfact.app.feature.factdetail.t[...]ivity.ComponentActivity$_19294#18651] hidden!! flag  from(0) --> to(1)
04-15 09:53:31.399  1151  1151 I SurfaceFlinger: destroyed Surface(name=8c5cec7 NavigationBar0)/@0xa68870 - animation-leash of insets_animation#18653
04-15 09:53:31.399  1151  1151 I SurfaceFlinger: destroyed Surface(name=3edafdc StatusBar)/@0x3b919ed - animation-leash of insets_animation#18652
04-15 09:53:31.399  1151  1151 I SurfaceFlinger: destroyed Transition Root: ActivityRecord{11655084 u0 com.catfact.app.feature.factdetail.test/androidx.test.core.app.InstrumentationActivityInvoker$EmptyActivity t3876}#18661
04-15 09:53:31.399  1151  1151 I SurfaceFlinger: [LayerHierarchy{RequestedLayerState{2b40e64 com.google.android.calendar/com.google.android.calendar.allinone.AllInOneCalendarActivity#18632} no children}] reparent to OffscreenRoot
04-15 09:53:31.399  1151  1151 I SurfaceFlinger: [LayerHierarchy{RequestedLayerState{2b40e64 com.google.android.calendar/com.google.android.calendar.allinone.AllInOneCalendarActivity#18632} no children}] RelativeParent to null
04-15 09:53:31.399  1151  1151 I Layer   : id=18653 Destroyed Surface(name=8c5cec7 NavigationBar0)/@0xa68870 - animation-leash of insets_animation#18653
04-15 09:53:31.399  1151  1151 I Layer   : id=18652 Destroyed Surface(name=3edafdc StatusBar)/@0x3b919ed - animation-leash of insets_animation#18652
04-15 09:53:31.399  1151  1151 I Layer   : id=18661 Destroyed Transition Root: ActivityRecord{11655084 u0 com.catfact.app.feature.factdetail.test/androidx.test.core.app.InstrumentationActivityInvoker$EmptyActivity t3876}#18661
04-15 09:53:31.400  1151  2758 I SurfaceFlinger: id=18632 Removed 2b40e64 com.google.android.calendar/com.google.android.calendar.allinone.AllInOneCalendarActivity#18632 (193)
04-15 09:53:31.401 19294 19294 W WindowOnBackDispatcher: sendCancelIfRunning: isInProgress=false callback=android.app.Activity$$ExternalSyntheticLambda0@5054207
04-15 09:53:31.401  2000  2000 D SystemUIService: SYSUI_RAM_OPTIMIZATION onTrimMemory=20
04-15 09:53:31.401 19294 19294 D LifecycleMonitor: Lifecycle status change: androidx.activity.ComponentActivity@536bd04 in: DESTROYED
04-15 09:53:31.401  2000  2000 D CentralSurfaces: SYSUI_RAM_OPTIMIZATION onTrimMemory=20
04-15 09:53:31.401 19294 19294 V ActivityScenario: Update currentActivityStage to DESTROYED, currentActivity=null
04-15 09:53:31.402 19294 19294 D ViewRootImpl: Skipping stats log for color mode
04-15 09:53:31.402 19294 19294 I VRI[ComponentActivity]@f7ee2b: dispatchDetachedFromWindow
04-15 09:53:31.402  1542  4025 D InputTransport: Input channel destroyed: 'd49fd4a', fd=1041
04-15 09:53:31.403  1151  2758 I SurfaceFlinger: id=18663 createSurf, flag=24004, Surface(name=1d7a05f InputMethod)/@0x5f77a9d - animation-leash of insets_animation#18663
04-15 09:53:31.403  2000  2196 D HWUI    : CacheManager::trimMemory(20)
04-15 09:53:31.404  1542  4025 I ImeTracker: system_server:d5faa1cd: onRequestHide at ORIGIN_SERVER reason IME_REQUESTED_CHANGED_LISTENER fromUser false
04-15 09:53:31.405  1542  4025 D SurfaceComposerClient: setCornerRadius ## b6b4cb0 com.catfact.app.feature.factdetail.test/androidx.test.core.app.InstrumentationActivityInvoker$EmptyActivity#18657 cornerRadius=0.000000
04-15 09:53:31.405  1542  4025 D SurfaceComposerClient: setCornerRadius ## b6b4cb0 com.catfact.app.feature.factdetail.test/androidx.test.core.app.InstrumentationActivityInvoker$EmptyActivity#18657 cornerRadius=0.000000
04-15 09:53:31.406 19294 19294 D InputTransport: Input channel destroyed: 'd49fd4a', fd=126
04-15 09:53:31.406  1542  1585 D SurfaceComposerClient: setCornerRadius ## b6b4cb0 com.catfact.app.feature.factdetail.test/androidx.test.core.app.InstrumentationActivityInvoker$EmptyActivity#18657 cornerRadius=0.000000
04-15 09:53:31.406  1151  2758 I SurfaceFlinger: id=18647 Removed 3ac952e ActivityRecordInputSink com.catfact.app.feature.factdetail.test/androidx.activity.ComponentActivity#18647 (194)
04-15 09:53:31.407  1151  1151 I SurfaceFlinger: destroyed 2b40e64 com.google.android.calendar/com.google.android.calendar.allinone.AllInOneCalendarActivity#18632
04-15 09:53:31.407  1151  1151 I SurfaceFlinger: [Surface(name=1d7a05f InputMethod)/@0x5f77a9d - animation-leash of insets_animation#18663] attach to parent LayerHierarchy{RequestedLayerState{WindowToken{d080c22 type=2011 android.os.Binder@459a5ed}#120 parentId=15} 2 children}
04-15 09:53:31.407  1151  1151 I Layer   : id=18632 Destroyed 2b40e64 com.google.android.calendar/com.google.android.calendar.allinone.AllInOneCalendarActivity#18632
04-15 09:53:31.409  2000  2105 D ShellDesktopMode: handleRequest: TransitionRequestInfo {type=2, tid=3876, debugId=1666}
04-15 09:53:31.411  1542  1593 I libprocessgroup: Removed cgroup /sys/fs/cgroup/apps/uid_10353/pid_16426
04-15 09:53:31.411  1030  1030 I Zygote  : Process 16426 exited due to signal 9 (Killed)
04-15 09:53:31.414  1542  1585 I SurfaceControl: apply, lowDebugName=reparent_to_imeParent, caller=android.view.SurfaceControl$Transaction.apply:3447 android.view.SurfaceControl$Transaction.apply:3397 com.android.server.wm.WindowAnimator.animate:307 com.android.server.wm.WindowAnimator$$ExternalSyntheticLambda1.doFrame:14 android.view.Choreographer$CallbackRecord.run:1899 android.view.Choreographer$CallbackRecord.run:1910
04-15 09:53:31.414 19294 19294 I InsetsSourceConsumer: applyRequestedVisibilityToControl: visible=true, type=statusBars, host=com.catfact.app.feature.factdetail.test/androidx.test.core.app.InstrumentationActivityInvoker$EmptyActivity
04-15 09:53:31.414 19294 19294 I InsetsSourceConsumer: applyRequestedVisibilityToControl: visible=true, type=navigationBars, host=com.catfact.app.feature.factdetail.test/androidx.test.core.app.InstrumentationActivityInvoker$EmptyActivity
04-15 09:53:31.414  1542  1584 I ImeTracker: system_server:d5faa1cd: onCancelled at PHASE_SERVER_SHOULD_HIDE
04-15 09:53:31.414 19294 19294 D VRI[InstrumentationActivityInvoker$EmptyActivity]@1c77a02: mThreadedRenderer.initializeIfNeeded()#2 mSurface={isValid=true 0xb40000748c5654e0}
04-15 09:53:31.415 19294 19294 D InputMethodManagerUtils: startInputInner - Id : 0
04-15 09:53:31.415 19294 19294 I InputMethodManager: startInputInner - IInputMethodManagerGlobalInvoker.startInputOrWindowGainedFocus
04-15 09:53:31.415  1151  1151 I SurfaceFlinger: [Display 0 name="Built-in Screen"#49] setFrameRateCategory: High
04-15 09:53:31.415  1151  1151 I SurfaceFlinger: RequestedLayer [Surface(name=1d7a05f InputMethod)/@0[...]tion-leash of insets_animation#18663] hidden!! flag  from(1) --> to(0)
04-15 09:53:31.415  1151  1151 E SurfaceFlinger: alpha changed 1.000 -> 0.000 - Surface(name=1d7a05f InputMethod)/@0x5f77a9d - animation-leash of insets_animation#18663
04-15 09:53:31.415  1151  1151 I SurfaceFlinger: [LayerHierarchy{RequestedLayerState{ImeContainer#15 parentId=14 relativeParentId=14 z=1} 1 children}] reparent to LayerHierarchy{RequestedLayerState{ImePlaceholder:13:14#14 parentId=9 z=2} 1 children}
04-15 09:53:31.415  1151  1151 I SurfaceFlinger: [LayerHierarchy{RequestedLayerState{ImeContainer#15 parentId=14 relativeParentId=14 z=1} 1 children}] RelativeParent to null
04-15 09:53:31.415  1151  1151 I SurfaceFlinger: [LayerHierarchy{RequestedLayerState{1d7a05f InputMethod#134 parentId=18663} no children}] reparent to LayerHierarchy{RequestedLayerState{Surface(name=1d7a05f InputMethod)/@0x5f77a9d - animation-leash of insets_animation#18663 parentId=120} 1 children}
04-15 09:53:31.415  1151  1151 I SurfaceFlinger: [LayerHierarchy{RequestedLayerState{Surface(name=1d7a05f InputMethod)/@0x5f77a9d - animation-leash of insets_animation#18655} no children}] reparent to OffscreenRoot
04-15 09:53:31.415  1151  1151 I SurfaceFlinger: [LayerHierarchy{RequestedLayerState{Surface(name=1d7a05f InputMethod)/@0x5f77a9d - animation-leash of insets_animation#18655} no children}] RelativeParent to null
04-15 09:53:31.415  1151  1151 I SurfaceFlinger: [LayerHierarchy{RequestedLayerState{ActivityRecord{176091740 u0 com.catfact.app.feature.factdetail.test/androidx.activity.ComponentActivity t3876}#18642} 2 children}] reparent to OffscreenRoot
04-15 09:53:31.415  1151  1151 I SurfaceFlinger: [LayerHierarchy{RequestedLayerState{ActivityRecord{176091740 u0 com.catfact.app.feature.factdetail.test/androidx.activity.ComponentActivity t3876}#18642} 2 children}] RelativeParent to null
04-15 09:53:31.415  1151  1151 I SurfaceFlinger: [LayerHierarchy{RequestedLayerState{com.catfact.app.feature.factdetail.test/androidx.activity.ComponentActivity$_19294#18651} no children}] reparent to OffscreenRoot
04-15 09:53:31.415  1151  1151 I SurfaceFlinger: [LayerHierarchy{RequestedLayerState{com.catfact.app.feature.factdetail.test/androidx.activity.ComponentActivity$_19294#18651} no children}] RelativeParent to null
04-15 09:53:31.415  1151  1151 I SurfaceFlinger: [LayerHierarchy{RequestedLayerState{d49fd4a com.catfact.app.feature.factdetail.test/androidx.activity.ComponentActivity#18648} no children}] reparent to OffscreenRoot
04-15 09:53:31.415  1151  1151 I SurfaceFlinger: [LayerHierarchy{RequestedLayerState{d49fd4a com.catfact.app.feature.factdetail.test/androidx.activity.ComponentActivity#18648} no children}] RelativeParent to null
04-15 09:53:31.416 19294 19294 D LifecycleMonitor: Lifecycle status change: androidx.test.core.app.InstrumentationActivityInvoker$EmptyActivity@257b295 in: PAUSED
04-15 09:53:31.416 19294 19294 V ActivityScenario: Activity lifecycle changed event received but ignored because the intent does not match. startActivityIntent=Intent { act=android.intent.action.MAIN cat=[android.intent.category.LAUNCHER] flg=0x10008000 cmp=com.catfact.app.feature.factdetail.test/androidx.activity.ComponentActivity }, activity.getIntent()=Intent { act=android.intent.action.MAIN cat=[android.intent.category.LAUNCHER] flg=0x10000000 xflg=0x4 cmp=com.catfact.app.feature.factdetail.test/androidx.test.core.app.InstrumentationActivityInvoker$EmptyActivity }, activity=androidx.test.core.app.InstrumentationActivityInvoker$EmptyActivity@257b295
04-15 09:53:31.416  1542  4025 I SemDvfsHyPerManager: acquire hyper - AMS_ACT_RESUME/1542@19, type = -999
04-15 09:53:31.416  1151  1151 I BpBinder: onLastStrongRef automatically unlinking death recipients:
04-15 09:53:31.416  1059  1180 I HYPER-HAL: [RequestManager.cpp]acquire(): Acquired ID : 1219160  [1542 / 19]    HINT : AMS_ACT_RESUME    list :
04-15 09:53:31.418  1542  1558 D InputDispatcher: Focus left window (0): b6b4cb0 com.catfact.app.feature.factdetail.test/androidx.test.core.app.InstrumentationActivityInvoker$EmptyActivity
04-15 09:53:31.418  1542  4025 D InputDispatcher: Focused application(0): ActivityRecord{243114305 u0 com.google.android.calendar/.allinone.AllInOneCalendarActivity t3801}
04-15 09:53:31.419  1542  1558 D GraphicsStatsService: requestRenderEngineFor(com.google.android.calendar)
04-15 09:53:31.420  2000  2120 D ViewRootImpl: desktopMode is false
04-15 09:53:31.420  2000  2120 I ViewRootImpl: dVRR is disabled
04-15 09:53:31.420  2000  2196 D NativeCustomFrequencyManager: [NativeCFMS] BpCustomFrequencyManager::BpCustomFrequencyManager()
04-15 09:53:31.421 19294 19294 I ImeFocusController: onPreWindowFocus: skipped hasWindowFocus=false mHasImeFocus=true
04-15 09:53:31.421 19294 19294 I ImeFocusController: onPostWindowFocus: skipped hasWindowFocus=false mHasImeFocus=true
04-15 09:53:31.422  1151  1378 I SurfaceFlinger: id=18648 Removed d49fd4a com.catfact.app.feature.factdetail.test/androidx.activity.ComponentActivity#18648 (193)
04-15 09:53:31.422  1151  1378 I SurfaceFlinger: id=18655 Removed Surface(name=1d7a05f InputMethod)/@0x5f77a9d - animation-leash of insets_animation#18655 (193)
04-15 09:53:31.422  1151  1378 I SurfaceFlinger: id=18651 Removed com.catfact.app.feature.factdetail.test/androidx.activity.ComponentActivity$_19294#18651 (193)
04-15 09:53:31.423  1542  1825 D AS.MultiSoundManager: mForegroundUid = 10279
04-15 09:53:31.423  1151  1151 I SurfaceFlinger: destroyed Surface(name=1d7a05f InputMethod)/@0x5f77a9d - animation-leash of insets_animation#18655
04-15 09:53:31.423  1151  1151 I SurfaceFlinger: destroyed com.catfact.app.feature.factdetail.test/androidx.activity.ComponentActivity$_19294#18651
04-15 09:53:31.423  1151  1151 I SurfaceFlinger: destroyed d49fd4a com.catfact.app.feature.factdetail.test/androidx.activity.ComponentActivity#18648
04-15 09:53:31.424 19294 19315 D IdlingRegistry: Unregistering idling resources: [androidx.compose.ui.test.EspressoLink@dedac40]
04-15 09:53:31.424  1151  1151 I Layer   : id=18655 Destroyed Surface(name=1d7a05f InputMethod)/@0x5f77a9d - animation-leash of insets_animation#18655
04-15 09:53:31.424  1151  1151 I Layer   : id=18651 Destroyed com.catfact.app.feature.factdetail.test/androidx.activity.ComponentActivity$_19294#18651
04-15 09:53:31.424  1151  1151 I Layer   : id=18648 Destroyed d49fd4a com.catfact.app.feature.factdetail.test/androidx.activity.ComponentActivity#18648
04-15 09:53:31.425  2000  2000 D DisplayLifecycle: updateDisplay id = 0
04-15 09:53:31.427 19294 19315 I TestRunner: finished: shareButtonHiddenWhenNoFact(com.catfact.app.feature.factdetail.presentation.DetailScreenTest)
