04-15 09:53:34.621 19294 19315 I TestRunner: started: shareButtonVisibleWhenFactLoaded(com.catfact.app.feature.factdetail.presentation.DetailScreenTest)
04-15 09:53:34.621  2461  2461 I HoneySpace.TaskStackChangeRepositoryImpl: onTaskRemoved : 3878
04-15 09:53:34.622  2461  2584 I HoneySpace.TopTaskSource: onTaskRemoved: 3878
04-15 09:53:34.622  2461  2461 I HoneySpace.TaskStackChangeRepositoryImpl: onTaskRemoved : 3878
04-15 09:53:34.623  2461  4418 I HoneySpace.RecentTasks: onRunningTaskVanished
04-15 09:53:34.623  2461  2461 I HoneySpace.TaskListViewModel[173795743]: taskRemoveId, 3878
04-15 09:53:34.623  2461  4418 I HoneySpace.RecentTasks: onRecentTasksChanged
04-15 09:53:34.623  2461  2461 W HoneySpace.TaskListViewModel[173795743]: task is already removed: 3878
04-15 09:53:34.624  2461  2584 I HoneySpace.TopTaskSource: onTaskRemoved: 3878
04-15 09:53:34.624  1151  1151 I SurfaceFlinger: [LayerHierarchy{RequestedLayerState{Task=3878#18712 z=12} 1 children}] reparent to OffscreenRoot
04-15 09:53:34.624  1151  1151 I SurfaceFlinger: [LayerHierarchy{RequestedLayerState{Task=3878#18712 z=12} 1 children}] RelativeParent to null
04-15 09:53:34.624  1151  1151 I SurfaceFlinger: [LayerHierarchy{RequestedLayerState{ActivityRecord{223911491 u0 com.catfact.app.feature.factdetail.test/androidx.test.core.app.InstrumentationActivityInvoker$EmptyActivity t3878}#18727} 2 children}] reparent to OffscreenRoot
04-15 09:53:34.624  1151  1151 I SurfaceFlinger: [LayerHierarchy{RequestedLayerState{ActivityRecord{223911491 u0 com.catfact.app.feature.factdetail.test/androidx.test.core.app.InstrumentationActivityInvoker$EmptyActivity t3878}#18727} 2 children}] RelativeParent to null
04-15 09:53:34.624  1151  1151 I SurfaceFlinger: [LayerHierarchy{RequestedLayerState{4a89f97 com.catfact.app.feature.factdetail.test/androidx.test.core.app.InstrumentationActivityInvoker$EmptyActivity#18728} 1 children}] reparent to OffscreenRoot
04-15 09:53:34.624  1151  1151 I SurfaceFlinger: [LayerHierarchy{RequestedLayerState{4a89f97 com.catfact.app.feature.factdetail.test/androidx.test.core.app.InstrumentationActivityInvoker$EmptyActivity#18728} 1 children}] RelativeParent to null
04-15 09:53:34.624  1151  1151 I SurfaceFlinger: [LayerHierarchy{RequestedLayerState{com.catfact.app.feature.factdetail.test/androidx.test.core.app.InstrumentationActivityInvoker$EmptyActivity$_19294#18729} no children}] reparent to OffscreenRoot
04-15 09:53:34.624  1151  1151 I SurfaceFlinger: [LayerHierarchy{RequestedLayerState{com.catfact.app.feature.factdetail.test/androidx.test.core.app.InstrumentationActivityInvoker$EmptyActivity$_19294#18729} no children}] RelativeParent to null
04-15 09:53:34.624  1151  1151 I SurfaceFlinger: [Task=3878#18746] attach to parent OffscreenRoot
04-15 09:53:34.624  2461  2461 I HoneySpace.TaskListViewModel[173795743]: taskRemoveId, 3878
04-15 09:53:34.624  2461  2461 W HoneySpace.TaskListViewModel[173795743]: task is already removed: 3878
04-15 09:53:34.625  1151  1151 I SurfaceFlinger: id=18746 Removed Task=3878#18746 (208)
04-15 09:53:34.625  1151  1151 I SurfaceFlinger: id=18728 Removed 4a89f97 com.catfact.app.feature.factdetail.test/androidx.test.core.app.InstrumentationActivityInvoker$EmptyActivity#18728 (208)
04-15 09:53:34.625  1151  1151 I SurfaceFlinger: id=18729 Removed com.catfact.app.feature.factdetail.test/androidx.test.core.app.InstrumentationActivityInvoker$EmptyActivity$_19294#18729 (208)
04-15 09:53:34.632  1151  1151 I SurfaceFlinger: destroyed 4a89f97 com.catfact.app.feature.factdetail.test/androidx.test.core.app.InstrumentationActivityInvoker$EmptyActivity#18728
04-15 09:53:34.632  1151  1151 I SurfaceFlinger: destroyed Task=3878#18746
04-15 09:53:34.632  1151  1151 I SurfaceFlinger: destroyed com.catfact.app.feature.factdetail.test/androidx.test.core.app.InstrumentationActivityInvoker$EmptyActivity$_19294#18729
04-15 09:53:34.634  1151  1151 I Layer   : id=18728 Destroyed 4a89f97 com.catfact.app.feature.factdetail.test/androidx.test.core.app.InstrumentationActivityInvoker$EmptyActivity#18728
04-15 09:53:34.634  1151  1151 I Layer   : id=18746 Destroyed Task=3878#18746
04-15 09:53:34.634  1151  1151 I Layer   : id=18729 Destroyed com.catfact.app.feature.factdetail.test/androidx.test.core.app.InstrumentationActivityInvoker$EmptyActivity$_19294#18729
04-15 09:53:34.636 19294 19315 D IdlingRegistry: Registering idling resources: [androidx.compose.ui.test.EspressoLink@5fe0021]
04-15 09:53:34.642 19294 19315 W Settings: Setting always_finish_activities has moved from android.provider.Settings.System to android.provider.Settings.Global, returning read-only value.
04-15 09:53:34.652  1542  2484 I SemDvfsHyPerManager: acquire hyper - AMS_APP_SWITCH/1542@28, type = -999
04-15 09:53:34.652  1059  1180 I HYPER-HAL: [RequestManager.cpp]acquire(): Acquired ID : 1233263  [1542 / 28]    HINT : AMS_APP_SWITCH    list :
04-15 09:53:34.653  3963  3963 I SemDvfsHyPerManager: acquire hyper - APP_START_SHORT/3963@17, type = -999
04-15 09:53:34.653  1151  1378 I SurfaceFlinger: id=18747 createSurf, flag=24004, Task=3879#18747
04-15 09:53:34.655  1059  1180 I HYPER-HAL: [ResourceManager.cpp]updateResource(): [CPULittleMinFreq] UpdateResource Request ID : 1233263    Value : 1824000
04-15 09:53:34.655  1059  1180 I HYPER-HAL: [RequestManager.cpp]acquire(): Acquired ID : 7922207  [3963 / 17]    HINT : APP_START    list : [TIMEOUT / 1500]
04-15 09:53:34.656  1151  2758 I SurfaceFlinger: id=18748 createSurf, flag=84004, ActivityRecord{56579459 u0 com.catfact.app.feature.factdetail.test/androidx.activity.ComponentActivity t3879}#18748
04-15 09:53:34.658  1151  1151 I SurfaceFlinger: [Task=3879#18747] attach to parent LayerHierarchy{RequestedLayerState{DefaultTaskDisplayArea_d0#10 parentId=9} 16 children}
04-15 09:53:34.658  1151  1151 I SurfaceFlinger: [ActivityRecord{56579459 u0 com.catfact.app.feature.factdetail.test/androidx.activity.ComponentActivity t3879}#18748] attach to parent LayerHierarchy{RequestedLayerState{Task=3879#18747 parentId=10} 1 children}
04-15 09:53:34.660  1542  3827 I SemDvfsHyPerManager: acquire hyper - AMS_APP_LAUNCH/1542@21, type = -999
04-15 09:53:34.661  3152  3152 E pageboostd: Received HALT command code 2
04-15 09:53:34.662  1059  1180 I HYPER-HAL: [RequestManager.cpp]acquire(): Acquired ID : 1222287  [1542 / 21]    HINT : AMS_APP_LAUNCH    list :
04-15 09:53:34.662  1059  1180 I HYPER-HAL: [ResourceManager.cpp]updateResource(): [CPULittleMinFreq] UpdateResource Request ID : 1222287    Value : 1824000
04-15 09:53:34.665  3963  3963 I SemDvfsHyPerManager: acquire hyper - APP_START/3963@19, type = -999
04-15 09:53:34.665  1059  1180 I HYPER-HAL: [RequestManager.cpp]acquire(): Acquired ID : 7930172  [3963 / 19]    HINT : APP_START    list :
04-15 09:53:34.666  1542  2161 D InputDispatcher: Focused application(0): ActivityRecord{56579459 u0 com.catfact.app.feature.factdetail.test/androidx.activity.ComponentActivity t3879}
04-15 09:53:34.667  2000  2120 D ViewRootImpl: desktopMode is false
04-15 09:53:34.667  2461  4418 I HoneySpace.RecentTasks: onRecentTasksChanged
04-15 09:53:34.668  2000  2120 I ViewRootImpl: dVRR is disabled
04-15 09:53:34.670  2461  2474 I HoneySpace.RecentTasks: onRecentTasksChanged
04-15 09:53:34.670  1542  1825 D AS.MultiSoundManager: mForegroundUid = 10748
04-15 09:53:34.671  2000  2196 D NativeCustomFrequencyManager: [NativeCFMS] BpCustomFrequencyManager::BpCustomFrequencyManager()
04-15 09:53:34.672  1542  4043 D GraphicsStatsService: requestRenderEngineFor(com.catfact.app.feature.factdetail.test)
04-15 09:53:34.674  1542  3827 D InputTransport: Input channel constructed: '6a94feb', fd=808
04-15 09:53:34.674  1542  3827 D InputTransport: Input channel constructed: '6a94feb', fd=972
04-15 09:53:34.674  1542  3827 D InputTransport: Input channel constructed: '6a94feb', fd=1250
04-15 09:53:34.674  1542  3827 D InputTransport: Input channel destroyed: '6a94feb', fd=972
04-15 09:53:34.674  1151  1378 I SurfaceFlinger: id=18749 createSurf, flag=84004, 6a94feb Splash Screen com.catfact.app.feature.factdetail.test#18749
04-15 09:53:34.674  1151  1151 I SurfaceFlinger: [LayerHierarchy{RequestedLayerState{ImeContainer#15 parentId=16293 relativeParentId=16293 z=1} 1 children}] RelativeParent to null
04-15 09:53:34.678  2000  2105 D ShellDesktopMode: handleRequest: TransitionRequestInfo {type=1, tid=3879, debugId=1673}
04-15 09:53:34.678  2461  2584 I HoneySpace.TopTaskSource: onTaskMovedToFront : taskId = 3879, displayId = 0
04-15 09:53:34.678  3979  4003 I ndroid.calendar: IncrementDisableThreadFlip blocked for 5.293ms
04-15 09:53:34.679  2461  2586 I HoneySpace.TopTaskUseCase: topTasks 3879 ComponentInfo{com.catfact.app.feature.factdetail.test/androidx.activity.ComponentActivity}[displayId=0]
04-15 09:53:34.679  1542  3827 D InputTransport: Input channel destroyed: '6a94feb', fd=1250
04-15 09:53:34.681  2000  2120 D InputTransport: Input channel constructed: '6a94feb', fd=522
04-15 09:53:34.681  1542  1582 D PkgPredictorService-SecIpmManagerServiceImpl: onForegroundActivitiesChanged pid:19294 uid:10748
04-15 09:53:34.681  1542  1582 D NetworkPolicy: already checked 10748
04-15 09:53:34.682  2000  2120 I InsetsController: onStateChanged: host=Splash Screen com.catfact.app.feature.factdetail.test, from=android.view.ViewRootImpl.onInsetsStateChanged:3026, state=InsetsState: {mDisplayFrame=Rect(0, 0 - 720, 1544), mDisplayCutout=DisplayCutout{insets=Rect(0, 50 - 0, 0) waterfall=Insets{left=0, top=0, right=0, bottom=0} boundingRect={Bounds=[Rect(0, 0 - 0, 0), Rect(341, 0 - 379, 50), Rect(0, 0 - 0, 0), Rect(0, 0 - 0, 0)]} cutoutPathParserInfo={CutoutPathParserInfo{displayWidth=720 displayHeight=1544 physicalDisplayWidth=720 physicalDisplayHeight=1544 density={1.875} cutoutSpec={M 0,0 H -10 V 26.66666666666667 H 10 V 0 H 0 Z @dp} rotation={0} scale={1.0} physicalPixelDisplaySizeRatio={1.0}}} sideOverrides={}}, mRoundedCorners=RoundedCorners{[RoundedCorner{position=TopLeft, radius=8, center=Point(8, 8)}, RoundedCorner{position=TopRight, radius=8, center=Point(712, 8)}, RoundedCorner{position=BottomRight, radius=8, center=Point(712, 1536)}, RoundedCorner{position=BottomLeft, radius=8, center=Point(8, 1536)}]}  mRoundedCornerFrame=Rect(0, 0 - 720, 1544), mPrivacyIndicatorBounds=PrivacyIndicatorBounds {static bounds=Rect(637, 0 - 720, 50) rotation=0}, mDisplayShape=DisplayShape{ spec=-311912193 displayWidth=720 displayHeight=1544 physicalPixelDisplaySizeRatio=0.5 rotation=0 offsetX=0 offsetY=0 scale=1.0}, mSources= { InsetsSource: {ec730001 mType=navigationBars mFrame=[0,1454][720,1544] mVisible=true mFlags= mSideHint=BOTTOM mBoundingRects=null}, InsetsSource: {ec730004 mType=systemGestures mFrame=[0,0][0,0] mVisible=true mFlags= mSideHint=NONE mBoundingRects=null}, InsetsSource: {ec730005 mType=mandatorySystemGestures mFrame=[0,1454][720,1544] mVisible=true mFlags= mSideHint=BOTTOM mBoundingRects=null}, InsetsSource: {ec730006 mType=tappableElement mFrame=[0,1454][720,1544] mVisible=true mFlags= mSideHint=BOTTOM mBoundingRects=null}, InsetsSource: {ec730024 mType=systemGestures mFrame=[0,0][0,0] mVisible=true mFlags= mSideHint=NONE mBoundingRects=null}, InsetsSource: {3 mType=ime mFrame=[0,0][0,0] mVisible=false mFlags= mSideHint=NONE mBoundingRects=null}, InsetsSource: {27 mType=displayCutout mFrame=[0,0][720,50] mVisible=true mFlags= mSideHint=TOP mBoundingRects=null}, InsetsSource: {43950000 mType=statusBars mFrame=[0,0][720,50] mVisible=true mFlags= mSideHint=TOP mBoundingRects=null}, InsetsSource: {43950005 mType=mandatorySystemGestures mFrame=[0,0][720,73] mVisible=true mFlags= mSideHint=TOP mBoundingRects=null}, InsetsSource: {43950006 mType=tappableElement mFrame=[0,0][720,50] mVisible=true mFlags= mSideHint=TOP mBoundingRects=null} }
04-15 09:53:34.682  1151  1151 I SurfaceFlinger: [Display 0 name="Built-in Screen"#49] setFrameRateCategory: High
04-15 09:53:34.682  1151  1151 I SurfaceFlinger: [6a94feb Splash Screen com.catfact.app.feature.factdetail.test#18749] attach to parent LayerHierarchy{RequestedLayerState{ActivityRecord{56579459 u0 com.catfact.app.feature.factdetail.test/androidx.activity.ComponentActivity t3879}#18748 parentId=18747} 1 children}
04-15 09:53:34.683  2000  2120 I VRI[test]@5aee81d: onActiveControlsChanged, removed=false, mAdded=true, caller=android.view.ViewRootImpl.handleInsetsControlChanged:3002 android.view.ViewRootImpl.setView:2014 android.view.WindowManagerGlobal.addView:604 com.android.wm.shell.startingsurface.SplashscreenWindowCreator.addWindow:38 com.android.wm.shell.startingsurface.StartingWindowController$$ExternalSyntheticLambda4.run:1365
04-15 09:53:34.683  2000  2120 I VRI[test]@5aee81d: synced displayState. AttachInfo displayState=2
04-15 09:53:34.683  2000  2120 I VRI[test]@5aee81d: setView = android.widget.FrameLayout@a0cbbbf IsHRR=false mFlingFrameRateChange=0 TM=true
04-15 09:53:34.683 19294 19294 D LifecycleMonitor: Lifecycle status change: androidx.activity.ComponentActivity@de3fb15 in: PRE_ON_CREATE
04-15 09:53:34.684 19294 19294 V ActivityScenario: Activity lifecycle changed event received but ignored because the reported transition was not ON_CREATE while the last known transition was PRE_ON_CREATE
04-15 09:53:34.684  2000  2196 D HWUI    : HWUI - treat SMPTE_170M as sRGB
04-15 09:53:34.684  1151  1151 I BpBinder: onLastStrongRef automatically unlinking death recipients:
04-15 09:53:34.687  1542  2944 V PkgPredictorService-SecIpmManagerServiceImpl: discard foreground app:com.catfact.app.feature.factdetail.test 1|true
04-15 09:53:34.687 19294 19294 I DecorView: setWindowBackground: isPopOver=false color=fffafafa d=android.graphics.drawable.ColorDrawable@ad052f6
04-15 09:53:34.688  1542  1582 D NetworkPolicy: already checked 10748
04-15 09:53:34.688 19294 19294 D LifecycleMonitor: Lifecycle status change: androidx.activity.ComponentActivity@de3fb15 in: CREATED
04-15 09:53:34.688  1218  1218 I CameraService: onUidStateChanged: uid=10048, procState is changed. (0 -> 1)
04-15 09:53:34.689 19294 19294 V ActivityScenario: Update currentActivityStage to CREATED, currentActivity=androidx.activity.ComponentActivity@de3fb15
04-15 09:53:34.689  2000  2000 I {OngoingActivityController}: onTaskFocusChanged but OA data is empty
04-15 09:53:34.689 19294 19294 D LifecycleMonitor: Lifecycle status change: androidx.activity.ComponentActivity@de3fb15 in: STARTED
04-15 09:53:34.689 19294 19294 V ActivityScenario: Update currentActivityStage to STARTED, currentActivity=androidx.activity.ComponentActivity@de3fb15
04-15 09:53:34.690 19294 19294 D LifecycleMonitor: Lifecycle status change: androidx.activity.ComponentActivity@de3fb15 in: RESUMED
04-15 09:53:34.690 19294 19294 V ActivityScenario: Update currentActivityStage to RESUMED, currentActivity=androidx.activity.ComponentActivity@de3fb15
04-15 09:53:34.691 19294 19294 D ViewRootImpl: desktopMode is false
04-15 09:53:34.691 19294 19294 I ViewRootImpl: dVRR is disabled
04-15 09:53:34.691  1542  1585 D SurfaceComposerClient: setCornerRadius ## 6a94feb Splash Screen com.catfact.app.feature.factdetail.test#18749 cornerRadius=0.000000
04-15 09:53:34.691  1542  1585 D SurfaceComposerClient: setCornerRadius ## 6a94feb Splash Screen com.catfact.app.feature.factdetail.test#18749 cornerRadius=0.000000
04-15 09:53:34.692 19294 19332 D NativeCustomFrequencyManager: [NativeCFMS] BpCustomFrequencyManager::BpCustomFrequencyManager()
04-15 09:53:34.693  1542  1558 I WindowManager: Relayout Window{6a94feb u0 Splash Screen com.catfact.app.feature.factdetail.test}: viewVisibility=0 req=720x1544 ty=3 d0
04-15 09:53:34.693  1151  1200 I SurfaceFlinger: id=18750 createSurf, flag=44004, Splash Screen com.catfact.app.feature.factdetail.test$_2000#18750
04-15 09:53:34.694  2461  2584 I HoneySpace.TopTaskSource: onTaskFocusChanged(): taskId = 3879
04-15 09:53:34.695  2461  2461 I HoneySpace.EdgePanel.CocktailHostRepositoryImpl: onNoteResume
04-15 09:53:34.695  2461  2461 I HoneySpace.EdgePanel.EdgePanelContainerViewModel: cocktailHostRepository.edgePanelOperation NoteResumeComponent(componentName=ComponentInfo{com.catfact.app.feature.factdetail.test/androidx.activity.ComponentActivity})
04-15 09:53:34.695  1542  1558 D SurfaceComposerClient: setCornerRadius ## 6a94feb Splash Screen com.catfact.app.feature.factdetail.test#18749 cornerRadius=0.000000
04-15 09:53:34.696  1542  1558 D SurfaceComposerClient: setCornerRadius ## 6a94feb Splash Screen com.catfact.app.feature.factdetail.test#18749 cornerRadius=0.000000
04-15 09:53:34.697  1542  1558 I WindowManager: Relayout hash=6a94feb, pid=2000, syncId=-1: mAttrs={(0,0)(fillxfill) sim={adjust=pan} layoutInDisplayCutoutMode=always ty=APPLICATION_STARTING fmt=TRANSLUCENT wanim=0x1030317
04-15 09:53:34.697  1542  1558 I WindowManager:   fl=81030118
04-15 09:53:34.697  1542  1558 I WindowManager:   pfl=10000810
04-15 09:53:34.697  1542  1558 I WindowManager:   apr=18
04-15 09:53:34.697  1542  1558 I WindowManager:   bhv=1
04-15 09:53:34.697  1542  1558 I WindowManager:   fitSides=0
04-15 09:53:34.697  1542  1558 I WindowManager:   frameRateBoostOnTouch=true
04-15 09:53:34.697  1542  1558 I WindowManager:   dvrrWindowFrameRateHint=true naviIconColor=0}
04-15 09:53:34.697  1542  3827 D InputTransport: Input channel constructed: 'a40f3b6', fd=874
04-15 09:53:34.697  1542  3827 D InputTransport: Input channel constructed: 'a40f3b6', fd=972
04-15 09:53:34.698  1542  3827 D InputTransport: Input channel constructed: 'a40f3b6', fd=1250
04-15 09:53:34.698  1542  3827 D InputTransport: Input channel destroyed: 'a40f3b6', fd=972
04-15 09:53:34.698  1151  1200 I SurfaceFlinger: id=18751 createSurf, flag=84004, a40f3b6 com.catfact.app.feature.factdetail.test/androidx.activity.ComponentActivity#18751
04-15 09:53:34.698  2000  2120 I VRI[test]@5aee81d: onActiveControlsChanged, removed=false, mAdded=true, caller=android.view.ViewRootImpl.handleInsetsControlChanged:3002 android.view.ViewRootImpl.relayoutWindow:11629 android.view.ViewRootImpl.performTraversals:4804 android.view.ViewRootImpl.doTraversal:3924 android.view.ViewRootImpl$TraversalRunnable.run:12903
04-15 09:53:34.699 18525 18790 I Rubin   : [146] M.c0.k(Unknown Source) : Notify com.samsung.android.rubin.inferenceengine.contextanalytics.engine.loggers.AppUsageLogger's database is updated.
04-15 09:53:34.699  1542  3827 D InputTransport: Input channel destroyed: 'a40f3b6', fd=1250
04-15 09:53:34.700  1151  1151 I SurfaceFlinger: [Splash Screen com.catfact.app.feature.factdetail.test$_2000#18750] attach to parent LayerHierarchy{RequestedLayerState{6a94feb Splash Screen com.catfact.app.feature.factdetail.test#18749 parentId=18748} 1 children}
04-15 09:53:34.700 19294 19294 D InputTransport: Input channel constructed: 'a40f3b6', fd=126
04-15 09:53:34.700  1151  1151 I SurfaceFlinger: [a40f3b6 com.catfact.app.feature.factdetail.test/androidx.activity.ComponentActivity#18751] attach to parent LayerHierarchy{RequestedLayerState{ActivityRecord{56579459 u0 com.catfact.app.feature.factdetail.test/androidx.activity.ComponentActivity t3879}#18748 parentId=18747} 2 children}
04-15 09:53:34.700  2000  2120 I BLASTBufferQueue_Java: new BLASTBufferQueue, mName= VRI[test]@5aee81d mNativeObject= 0xb40000741d3949c0 caller= android.view.ViewRootImpl.updateBlastSurfaceIfNeeded:3585 android.view.ViewRootImpl.relayoutWindow:11685 android.view.ViewRootImpl.performTraversals:4804 android.view.ViewRootImpl.doTraversal:3924 android.view.ViewRootImpl$TraversalRunnable.run:12903 android.view.Choreographer$CallbackRecord.run:1901 android.view.Choreographer$CallbackRecord.run:1910 android.view.Choreographer.doCallbacks:1367 android.view.Choreographer.doFrame:1292 android.view.Choreographer$FrameDisplayEventReceiver.run:1870
04-15 09:53:34.700 19294 19294 I InsetsController: onStateChanged: host=com.catfact.app.feature.factdetail.test/androidx.activity.ComponentActivity, from=android.view.ViewRootImpl.onInsetsStateChanged:3026, state=InsetsState: {mDisplayFrame=Rect(0, 0 - 720, 1544), mDisplayCutout=DisplayCutout{insets=Rect(0, 50 - 0, 0) waterfall=Insets{left=0, top=0, right=0, bottom=0} boundingRect={Bounds=[Rect(0, 0 - 0, 0), Rect(341, 0 - 379, 50), Rect(0, 0 - 0, 0), Rect(0, 0 - 0, 0)]} cutoutPathParserInfo={CutoutPathParserInfo{displayWidth=720 displayHeight=1544 physicalDisplayWidth=720 physicalDisplayHeight=1544 density={1.875} cutoutSpec={M 0,0 H -10 V 26.66666666666667 H 10 V 0 H 0 Z @dp} rotation={0} scale={1.0} physicalPixelDisplaySizeRatio={1.0}}} sideOverrides={}}, mRoundedCorners=RoundedCorners{[RoundedCorner{position=TopLeft, radius=8, center=Point(8, 8)}, RoundedCorner{position=TopRight, radius=8, center=Point(712, 8)}, RoundedCorner{position=BottomRight, radius=8, center=Point(712, 1536)}, RoundedCorner{position=BottomLeft, radius=8, center=Point(8, 1536)}]}  mRoundedCornerFrame=Rect(0, 0 - 720, 1544), mPrivacyIndicatorBounds=PrivacyIndicatorBounds {static bounds=Rect(637, 0 - 720, 50) rotation=0}, mDisplayShape=DisplayShape{ spec=-311912193 displayWidth=720 displayHeight=1544 physicalPixelDisplaySizeRatio=0.5 rotation=0 offsetX=0 offsetY=0 scale=1.0}, mSources= { InsetsSource: {ec730001 mType=navigationBars mFrame=[0,1454][720,1544] mVisible=true mFlags= mSideHint=BOTTOM mBoundingRects=null}, InsetsSource: {ec730004 mType=systemGestures mFrame=[0,0][0,0] mVisible=true mFlags= mSideHint=NONE mBoundingRects=null}, InsetsSource: {ec730005 mType=mandatorySystemGestures mFrame=[0,1454][720,1544] mVisible=true mFlags= mSideHint=BOTTOM mBoundingRects=null}, InsetsSource: {ec730006 mType=tappableElement mFrame=[0,1454][720,1544] mVisible=true mFlags= mSideHint=BOTTOM mBoundingRects=null}, InsetsSource: {ec730024 mType=systemGestures mFrame=[0,0][0,0] mVisible=true mFlags= mSideHint=NONE mBoundingRects=null}, InsetsSource: {3 mType=ime mFrame=[0,0][0,0] mVisible=false mFlags= mSideHint=NONE mBoundingRects=null}, InsetsSource: {27 mType=displayCutout mFrame=[0,0][720,50] mVisible=true mFlags= mSideHint=TOP mBoundingRects=null}, InsetsSource: {43950000 mType=statusBars mFrame=[0,0][720,50] mVisible=true mFlags= mSideHint=TOP mBoundingRects=null}, InsetsSource: {43950005 mType=mandatorySystemGestures mFrame=[0,0][720,73] mVisible=true mFlags= mSideHint=TOP mBoundingRects=null}, InsetsSource: {43950006 mType=tappableElement mFrame=[0,0][720,50] mVisible=true mFlags= mSideHint=TOP mBoundingRects=null} }
04-15 09:53:34.701 19294 19294 I VRI[ComponentActivity]@5967d0: synced displayState. AttachInfo displayState=2
04-15 09:53:34.701 19294 19294 I VRI[ComponentActivity]@5967d0: setView = com.android.internal.policy.DecorView@f074def IsHRR=false mFlingFrameRateChange=0 TM=true
04-15 09:53:34.701  2000  2120 I BLASTBufferQueue_Java: update, w= 720 h= 1544 mName = VRI[test]@5aee81d mNativeObject= 0xb40000741d3949c0 sc.mNativeObject= 0xb40000751c56d510 format= -3 caller= android.view.ViewRootImpl.updateBlastSurfaceIfNeeded:3590 android.view.ViewRootImpl.relayoutWindow:11685 android.view.ViewRootImpl.performTraversals:4804 android.view.ViewRootImpl.doTraversal:3924 android.view.ViewRootImpl$TraversalRunnable.run:12903 android.view.Choreographer$CallbackRecord.run:1901
04-15 09:53:34.702 19294 19332 D HWUI    : HWUI - treat SMPTE_170M as sRGB
04-15 09:53:34.706  1542  3827 I WindowManager: Relayout Window{a40f3b6 u0 com.catfact.app.feature.factdetail.test/androidx.activity.ComponentActivity}: viewVisibility=0 req=720x1544 ty=1 d0
04-15 09:53:34.706  1151  1200 I SurfaceFlinger: id=18752 createSurf, flag=44004, com.catfact.app.feature.factdetail.test/androidx.activity.ComponentActivity$_19294#18752
04-15 09:53:34.707  1542  3827 D SurfaceComposerClient: setCornerRadius ## 6a94feb Splash Screen com.catfact.app.feature.factdetail.test#18749 cornerRadius=0.000000
04-15 09:53:34.707  1542  3827 D SurfaceComposerClient: setCornerRadius ## a40f3b6 com.catfact.app.feature.factdetail.test/androidx.activity.ComponentActivity#18751 cornerRadius=0.000000
04-15 09:53:34.708  1542  3827 D SurfaceComposerClient: setCornerRadius ## 6a94feb Splash Screen com.catfact.app.feature.factdetail.test#18749 cornerRadius=0.000000
04-15 09:53:34.708  1542  3827 D SurfaceComposerClient: setCornerRadius ## a40f3b6 com.catfact.app.feature.factdetail.test/androidx.activity.ComponentActivity#18751 cornerRadius=0.000000
04-15 09:53:34.708  1151  1151 I SurfaceFlinger: [com.catfact.app.feature.factdetail.test/androidx.activity.ComponentActivity$_19294#18752] attach to parent LayerHierarchy{RequestedLayerState{a40f3b6 com.catfact.app.feature.factdetail.test/androidx.activity.ComponentActivity#18751 parentId=18748} 1 children}
04-15 09:53:34.708  1151  1338 D SurfaceFlinger: [input] setFocusedWindow: <null>
04-15 09:53:34.709  1151  1200 I SurfaceFlinger: id=18753 createSurf, flag=24000, Surface(name=3edafdc StatusBar)/@0x3b919ed - animation-leash of insets_animation#18753
04-15 09:53:34.709  1542  4043 D InputDispatcher: Once focus requested (0): <null>
04-15 09:53:34.709  1542  4043 D InputDispatcher: Focus request (0): <null> but waiting because NO_WINDOW
04-15 09:53:34.709  1542  4043 D InputDispatcher: Focus left window (0): 1533b57 com.google.android.calendar/com.google.android.calendar.allinone.AllInOneCalendarActivity
04-15 09:53:34.710  3979  3979 I ImeFocusController: onPreWindowFocus: skipped hasWindowFocus=false mHasImeFocus=true
04-15 09:53:34.711  1151  1378 I SurfaceFlinger: id=18754 createSurf, flag=24000, Surface(name=8c5cec7 NavigationBar0)/@0xa68870 - animation-leash of insets_animation#18754
04-15 09:53:34.711  3979  3979 I ImeFocusController: onPostWindowFocus: skipped hasWindowFocus=false mHasImeFocus=true
04-15 09:53:34.713  3723  3735 I [AirCmd]_ActivitySwitchDetector: onTaskFocusChanged : taskId=3879, componentName=ComponentInfo{com.catfact.app.feature.factdetail.test/androidx.activity.ComponentActivity}
04-15 09:53:34.713  3723  3735 I [AirCmd]_ActivitySwitchDetector: onTaskFocusChanged :mTopMostActivity = ComponentInfo{com.google.android.calendar/com.google.android.calendar.allinone.AllInOneCalendarActivity}
04-15 09:53:34.714  3723  3735 I [AirCmd]_CallbackRepeater: stopRepeat : isWorking=false
04-15 09:53:34.714  3723  3735 I [AirCmd]_MediaControlStateMonitor: isForegroundAppSupportsMediaButton : mediaSession is empty
04-15 09:53:34.714  1542  3827 I SystemKeyManager: requested systemKeyInfo size=1 focusedWindow=com.catfact.app.feature.factdetail.test/androidx.activity.ComponentActivity
04-15 09:53:34.714  1542  3827 I SystemKeyManager: requested systemKeyInfo size=1 focusedWindow=com.catfact.app.feature.factdetail.test/androidx.activity.ComponentActivity
04-15 09:53:34.714  2000  2000 D NavigationBar: onSystemBarAttributesChanged() -  displayId:0, appearance:512, packageName: com.catfact.app.feature.factdetail.test (), navbarColorManagedByIme:false
04-15 09:53:34.715  2000  2120 I VRI[test]@5aee81d: Relayout returned: old=(0,0,720,1544) new=(0,0,720,1544) relayoutAsync=false req=(720,1544)0 dur=12 res=0x3 s={true 0xb40000748c993f10} ch=true seqId=0
04-15 09:53:34.715  1542  3827 I WindowManager: Relayout hash=a40f3b6, pid=19294, syncId=-1: mAttrs={(0,0)(fillxfill) sim={adjust=pan forwardNavigation} layoutInDisplayCutoutMode=always ty=BASE_APPLICATION wanim=0x1030317
04-15 09:53:34.715  1542  3827 I WindowManager:   fl=81810100
04-15 09:53:34.715  1542  3827 I WindowManager:   pfl=100088c0
04-15 09:53:34.715  1542  3827 I WindowManager:   apr=210
04-15 09:53:34.715  1542  3827 I WindowManager:   bhv=1
04-15 09:53:34.715  1542  3827 I WindowManager:   fitSides=0
04-15 09:53:34.715  1542  3827 I WindowManager:   frameRateBoostOnTouch=true
04-15 09:53:34.715  1542  3827 I WindowManager:   dvrrWindowFrameRateHint=true naviIconColor=0}
04-15 09:53:34.715  2461  2461 I HoneySpace.EdgePanel.ActivityUtils: HomePackage : com.sec.android.app.launcher, resumePackageName : com.catfact.app.feature.factdetail.test, className : androidx.activity.ComponentActivity
04-15 09:53:34.715  1151  1151 I SurfaceFlinger: [LayerHierarchy{RequestedLayerState{8c5cec7 NavigationBar0#91 parentId=18754} 1 children}] reparent to LayerHierarchy{RequestedLayerState{Surface(name=8c5cec7 NavigationBar0)/@0xa68870 - animation-leash of insets_animation#18754 parentId=90} 1 children}
04-15 09:53:34.715  1151  1151 I SurfaceFlinger: [LayerHierarchy{RequestedLayerState{3edafdc StatusBar#95 parentId=18753} 1 children}] reparent to LayerHierarchy{RequestedLayerState{Surface(name=3edafdc StatusBar)/@0x3b919ed - animation-leash of insets_animation#18753 parentId=94} 1 children}
04-15 09:53:34.715  1151  1151 I SurfaceFlinger: [LayerHierarchy{RequestedLayerState{Surface(name=8c5cec7 NavigationBar0)/@0xa68870 - animation-leash of insets_animation#18743} no children}] reparent to OffscreenRoot
04-15 09:53:34.715  1151  1151 I SurfaceFlinger: [LayerHierarchy{RequestedLayerState{Surface(name=8c5cec7 NavigationBar0)/@0xa68870 - animation-leash of insets_animation#18743} no children}] RelativeParent to null
04-15 09:53:34.715  2000  2120 I VRI[test]@5aee81d: performConfigurationChange setNightDimText nightDimLevel=0
04-15 09:53:34.715  1151  1151 I SurfaceFlinger: [LayerHierarchy{RequestedLayerState{Surface(name=3edafdc StatusBar)/@0x3b919ed - animation-leash of insets_animation#18742} no children}] reparent to OffscreenRoot
04-15 09:53:34.715  1151  1151 I SurfaceFlinger: [LayerHierarchy{RequestedLayerState{Surface(name=3edafdc StatusBar)/@0x3b919ed - animation-leash of insets_animation#18742} no children}] RelativeParent to null
04-15 09:53:34.715  1151  1151 I SurfaceFlinger: [Surface(name=3edafdc StatusBar)/@0x3b919ed - animation-leash of insets_animation#18753] attach to parent LayerHierarchy{RequestedLayerState{WindowToken{7a8fc4f type=2000 android.os.BinderProxy@a9d7329}#94 parentId=17} 1 children}
04-15 09:53:34.715  1151  1151 I SurfaceFlinger: [Surface(name=8c5cec7 NavigationBar0)/@0xa68870 - animation-leash of insets_animation#18754] attach to parent LayerHierarchy{RequestedLayerState{WindowToken{fc018e2 type=2019 android.os.BinderProxy@bda3ac4}#90 parentId=34} 1 children}
04-15 09:53:34.716  2000  2120 D VRI[test]@5aee81d: mThreadedRenderer.initialize() mSurface={isValid=true 0xb40000748c993f10} hwInitialized=true
04-15 09:53:34.716  2000  2120 D VRI[test]@5aee81d: reportNextDraw android.view.ViewRootImpl.performTraversals:5443 android.view.ViewRootImpl.doTraversal:3924 android.view.ViewRootImpl$TraversalRunnable.run:12903 android.view.Choreographer$CallbackRecord.run:1901 android.view.Choreographer$CallbackRecord.run:1910
04-15 09:53:34.716  2000  2120 D VRI[test]@5aee81d: Setup new sync=wmsSync-VRI[test]@5aee81d#98
04-15 09:53:34.716  2000  2120 I VRI[test]@5aee81d: Creating new active sync group VRI[test]@5aee81d#99
04-15 09:53:34.717  2000  2120 D VRI[test]@5aee81d: registerCallbacksForSync syncBuffer=false
04-15 09:53:34.718 19294 19294 I BLASTBufferQueue_Java: new BLASTBufferQueue, mName= VRI[ComponentActivity]@5967d0 mNativeObject= 0xb40000741c6788d0 caller= android.view.ViewRootImpl.updateBlastSurfaceIfNeeded:3585 android.view.ViewRootImpl.relayoutWindow:11685 android.view.ViewRootImpl.performTraversals:4804 android.view.ViewRootImpl.doTraversal:3924 android.view.ViewRootImpl$TraversalRunnable.run:12903 android.view.Choreographer$CallbackRecord.run:1901 android.view.Choreographer$CallbackRecord.run:1910 android.view.Choreographer.doCallbacks:1367 android.view.Choreographer.doFrame:1292 android.view.Choreographer$FrameDisplayEventReceiver.run:1870
04-15 09:53:34.718 19294 19294 I BLASTBufferQueue_Java: update, w= 720 h= 1544 mName = VRI[ComponentActivity]@5967d0 mNativeObject= 0xb40000741c6788d0 sc.mNativeObject= 0xb40000751c4f6350 format= -1 caller= android.view.ViewRootImpl.updateBlastSurfaceIfNeeded:3590 android.view.ViewRootImpl.relayoutWindow:11685 android.view.ViewRootImpl.performTraversals:4804 android.view.ViewRootImpl.doTraversal:3924 android.view.ViewRootImpl$TraversalRunnable.run:12903 android.view.Choreographer$CallbackRecord.run:1901
04-15 09:53:34.720 19294 19294 I VRI[ComponentActivity]@5967d0: Relayout returned: old=(0,0,720,1544) new=(0,0,720,1544) relayoutAsync=false req=(720,1544)0 dur=13 res=0x3 s={true 0xb40000748c57f750} ch=true seqId=0
04-15 09:53:34.720  2000  2194 D VRI[test]@5aee81d: Received frameDrawingCallback syncResult=0 frameNum=1.
04-15 09:53:34.720  2000  2194 I VRI[test]@5aee81d: mWNT: t=0xb4000074fc719c50 mBlastBufferQueue=0xb40000741d3949c0 fn= 1 HdrRenderState mRenderHdrSdrRatio=1.0 caller= android.view.ViewRootImpl$12.onFrameDraw:15441 android.view.ThreadedRenderer$1.onFrameDraw:718 <bottom of call stack>
04-15 09:53:34.720  2000  2194 I VRI[test]@5aee81d: Setting up sync and frameCommitCallback
04-15 09:53:34.720  2000  2000 D DisplayLifecycle: updateDisplay id = 0
04-15 09:53:34.720  2000  2196 I BLASTBufferQueue: [VRI[test]@5aee81d#851](f:0,a:0,s:0) onFrameAvailable the first frame is available
04-15 09:53:34.720  2000  2196 I VRI[test]@5aee81d: Received frameCommittedCallback lastAttemptedDrawFrameNum=1 didProduceBuffer=true
04-15 09:53:34.720  2000  2125 D StackScroller: onDisplayChanged for predraw skip to 2
04-15 09:53:34.721  1151  2758 I SurfaceFlinger: [Splash Screen com.catfact.app.feature.factdetail.test$_2000#18750] setTransactionState with the first frame. bufferData(ID: 8589934655925, frameNumber: 1)
04-15 09:53:34.721 19294 19294 I VRI[ComponentActivity]@5967d0: performConfigurationChange setNightDimText nightDimLevel=0
04-15 09:53:34.721  1542  1585 D SurfaceComposerClient: setCornerRadius ## 6a94feb Splash Screen com.catfact.app.feature.factdetail.test#18749 cornerRadius=0.000000
04-15 09:53:34.721  1542  1585 D SurfaceComposerClient: setCornerRadius ## a40f3b6 com.catfact.app.feature.factdetail.test/androidx.activity.ComponentActivity#18751 cornerRadius=0.000000
04-15 09:53:34.721  2000  2196 D HWUI    : CFMS:: SetUp Pid : 2000    Tid : 2196
04-15 09:53:34.721  2000  2120 D VRI[test]@5aee81d: reportDrawFinished seqId=0
04-15 09:53:34.721 19294 19294 D VRI[ComponentActivity]@5967d0: mThreadedRenderer.initialize() mSurface={isValid=true 0xb40000748c57f750} hwInitialized=true
04-15 09:53:34.722 19294 19294 D VRI[ComponentActivity]@5967d0: reportNextDraw android.view.ViewRootImpl.performTraversals:5443 android.view.ViewRootImpl.doTraversal:3924 android.view.ViewRootImpl$TraversalRunnable.run:12903 android.view.Choreographer$CallbackRecord.run:1901 android.view.Choreographer$CallbackRecord.run:1910
04-15 09:53:34.722 19294 19294 D VRI[ComponentActivity]@5967d0: Setup new sync=wmsSync-VRI[ComponentActivity]@5967d0#28
04-15 09:53:34.722 19294 19294 I VRI[ComponentActivity]@5967d0: Creating new active sync group VRI[ComponentActivity]@5967d0#29
04-15 09:53:34.722  1151  2479 I SurfaceFlinger: id=18742 Removed Surface(name=3edafdc StatusBar)/@0x3b919ed - animation-leash of insets_animation#18742 (213)
04-15 09:53:34.722  1151  2479 I SurfaceFlinger: id=18743 Removed Surface(name=8c5cec7 NavigationBar0)/@0xa68870 - animation-leash of insets_animation#18743 (213)
04-15 09:53:34.722  2461  4418 I HoneySpace.Memory-Monitor: current state = 2, didTrim = false
04-15 09:53:34.722 19294 19294 D VRI[ComponentActivity]@5967d0: registerCallbacksForSync syncBuffer=false
04-15 09:53:34.723  1542  1585 D SurfaceComposerClient: setCornerRadius ## 6a94feb Splash Screen com.catfact.app.feature.factdetail.test#18749 cornerRadius=0.000000
04-15 09:53:34.723  1542  1585 D SurfaceComposerClient: setCornerRadius ## a40f3b6 com.catfact.app.feature.factdetail.test/androidx.activity.ComponentActivity#18751 cornerRadius=0.000000
04-15 09:53:34.723  1542  1585 D SurfaceComposerClient: setCornerRadius ## 6a94feb Splash Screen com.catfact.app.feature.factdetail.test#18749 cornerRadius=0.000000
04-15 09:53:34.723  1542  1585 D SurfaceComposerClient: setCornerRadius ## a40f3b6 com.catfact.app.feature.factdetail.test/androidx.activity.ComponentActivity#18751 cornerRadius=0.000000
04-15 09:53:34.724  1151  2758 I SurfaceFlinger: id=18755 createSurf, flag=84004, Transition Root: Task=3879#18755
04-15 09:53:34.724 19294 19346 D VRI[ComponentActivity]@5967d0: Received frameDrawingCallback syncResult=0 frameNum=1.
04-15 09:53:34.724 19294 19346 I VRI[ComponentActivity]@5967d0: mWNT: t=0xb4000074fc53bcd0 mBlastBufferQueue=0xb40000741c6788d0 fn= 1 HdrRenderState mRenderHdrSdrRatio=1.0 caller= android.view.ViewRootImpl$12.onFrameDraw:15441 android.view.ThreadedRenderer$1.onFrameDraw:718 <bottom of call stack>
04-15 09:53:34.724 19294 19346 I VRI[ComponentActivity]@5967d0: Setting up sync and frameCommitCallback
04-15 09:53:34.724  1151  1151 I SurfaceFlinger: destroyed Surface(name=8c5cec7 NavigationBar0)/@0xa68870 - animation-leash of insets_animation#18743
04-15 09:53:34.724  1151  1151 I SurfaceFlinger: destroyed Surface(name=3edafdc StatusBar)/@0x3b919ed - animation-leash of insets_animation#18742
04-15 09:53:34.724  1151  1151 I SurfaceFlinger: [Transition Root: Task=3879#18755] attach to parent LayerHierarchy{RequestedLayerState{DefaultTaskDisplayArea_d0#10 parentId=9} 17 children}
04-15 09:53:34.724  3979  3988 I ndroid.calendar: Background concurrent mark compact GC freed 41MB AllocSpace bytes, 0(0B) LOS objects, 63% free, 27MB/75MB, paused 1.953ms,4.725ms total 147.870ms
04-15 09:53:34.725  3723  3735 E [AirCmd]_MediaControlStateMonitor: getActiveNotificationPackageName : notification service monitor is null
04-15 09:53:34.725  3723  3735 I [AirCmd]_ButtonEventDetectionThread: enableDoubleClickDetection: enabled= true, doubleClickWaitInterval=300
04-15 09:53:34.726  1542  1585 I SurfaceControlRegistry: show, t=StartTransaction_SyncId<1673> sc=ActivityRecord{56579459 u0 com.catfact.app.feature.factdetail.test/androidx.activity.ComponentActivity t3879}, caller=android.view.SurfaceControl$Transaction.show:3557 com.android.server.wm.Transition.onTransactionReady:2048 com.android.server.wm.BLASTSyncEngine$SyncGroup.finishNow:240 com.android.server.wm.BLASTSyncEngine.onSurfacePlacement:263 com.android.server.wm.RootWindowContainer.performSurfacePlacementNoTrace:1083 com.android.server.wm.WindowSurfacePlacer.performSurfacePlacement:166
04-15 09:53:34.726  1542  1585 D SurfaceComposerClient: setCornerRadius ## Task=3801#16292 cornerRadius=0.000000
04-15 09:53:34.726  1542  1585 D SurfaceComposerClient: setCornerRadius ## Task=3879#18747 cornerRadius=0.000000
04-15 09:53:34.726  1151  1151 I Layer   : id=18743 Destroyed Surface(name=8c5cec7 NavigationBar0)/@0xa68870 - animation-leash of insets_animation#18743
04-15 09:53:34.726  1151  1151 I Layer   : id=18742 Destroyed Surface(name=3edafdc StatusBar)/@0x3b919ed - animation-leash of insets_animation#18742
04-15 09:53:34.726 19294 19332 I BLASTBufferQueue: [VRI[ComponentActivity]@5967d0#14](f:0,a:0,s:0) onFrameAvailable the first frame is available
04-15 09:53:34.727 19294 19332 I VRI[ComponentActivity]@5967d0: Received frameCommittedCallback lastAttemptedDrawFrameNum=1 didProduceBuffer=true
04-15 09:53:34.728  1151  2758 I SurfaceFlinger: [com.catfact.app.feature.factdetail.test/androidx.activity.ComponentActivity$_19294#18752] setTransactionState with the first frame. bufferData(ID: 82867099009080, frameNumber: 1)
04-15 09:53:34.728  1542  1585 D ScreenCapture: [Capture_TEST] : setIsScreenShotBySystem false
04-15 09:53:34.728  1542  1585 I SurfaceComposerClient: captureLayers:childrenOnly:1, sync:1
04-15 09:53:34.729  2000  2105 I SurfaceControlRegistry: hide, t=FinishTransaction_SyncId<1673> sc=Task=3801, caller=android.view.SurfaceControl$Transaction.hide:3583 com.android.wm.shell.transition.Transitions.dispatchReady:1263 com.android.wm.shell.transition.Transitions.onTransitionReady:251 com.android.wm.shell.transition.Transitions$TransitionPlayerImpl$$ExternalSyntheticLambda0.run:13 android.os.Handler.handleCallback:995 android.os.Handler.dispatchMessage:103
04-15 09:53:34.729  2000  2105 I SurfaceControlRegistry: show, t=StartTransaction_SyncId<1673> sc=Task=3879, caller=android.view.SurfaceControl$Transaction.show:3557 com.android.wm.shell.transition.Transitions.dispatchReady:1279 com.android.wm.shell.transition.Transitions.onTransitionReady:251 com.android.wm.shell.transition.Transitions$TransitionPlayerImpl$$ExternalSyntheticLambda0.run:13 android.os.Handler.handleCallback:995 android.os.Handler.dispatchMessage:103
04-15 09:53:34.729 19294 19332 D HWUI    : CFMS:: SetUp Pid : 19294    Tid : 19332
04-15 09:53:34.729  2000  2105 I SurfaceControlRegistry: show, t=FinishTransaction_SyncId<1673> sc=Task=3879, caller=android.view.SurfaceControl$Transaction.show:3557 com.android.wm.shell.transition.Transitions.dispatchReady:1330 com.android.wm.shell.transition.Transitions.onTransitionReady:251 com.android.wm.shell.transition.Transitions$TransitionPlayerImpl$$ExternalSyntheticLambda0.run:13 android.os.Handler.handleCallback:995 android.os.Handler.dispatchMessage:103
04-15 09:53:34.729 19294 19294 D VRI[ComponentActivity]@5967d0: reportDrawFinished seqId=0
04-15 09:53:34.729  2000  2105 I SurfaceControlRegistry: show, t=StartTransaction_SyncId<1673> sc=Transition Root: Task=3879, caller=android.view.SurfaceControl$Transaction.show:3557 com.android.wm.shell.transition.Transitions.playTransition:79 com.android.wm.shell.transition.Transitions.processReadyQueue:239 com.android.wm.shell.transition.Transitions.dispatchReady:1352 com.android.wm.shell.transition.Transitions.onTransitionReady:251 com.android.wm.shell.transition.Transitions$TransitionPlayerImpl$$ExternalSyntheticLambda0.run:13
04-15 09:53:34.729  1151  1338 D SurfaceFlinger: [input] setFocusedWindow: a40f3b6 com.catfact.app.feature.factdetail.test/androidx.activity.ComponentActivity
04-15 09:53:34.729 19294 19294 I InsetsSourceConsumer: applyRequestedVisibilityToControl: visible=true, type=statusBars, host=com.catfact.app.feature.factdetail.test/androidx.activity.ComponentActivity
04-15 09:53:34.729  1542  1677 D InputDispatcher: Once focus requested (0): a40f3b6 com.catfact.app.feature.factdetail.test/androidx.activity.ComponentActivity
04-15 09:53:34.729  1542  1677 D InputDispatcher: Focus request (0): a40f3b6 com.catfact.app.feature.factdetail.test/androidx.activity.ComponentActivity but waiting because NOT_VISIBLE
04-15 09:53:34.730 19294 19294 I InsetsSourceConsumer: applyRequestedVisibilityToControl: visible=true, type=navigationBars, host=com.catfact.app.feature.factdetail.test/androidx.activity.ComponentActivity
04-15 09:53:34.730  2000  2105 D SurfaceComposerClient: [Task=3801#16292] setEdgeExtension Right
04-15 09:53:34.731  1151  2479 I SurfaceFlinger: id=18756 createSurf, flag=20004, DimTransitionLayer for Surface(name=Task=3879)/@0x556fab6#18756
04-15 09:53:34.731  2000  2105 I SurfaceControlRegistry: show, t=StartTransaction_SyncId<1673> sc=DimTransitionLayer for Surface(name=Task=3879)/@0x556fab6, caller=android.view.SurfaceControl$Transaction.show:3557 com.android.wm.shell.transition.DefaultTransitionHandler.startAnimation:2931 com.android.wm.shell.transition.Transitions.dispatchTransition:90 com.android.wm.shell.transition.Transitions.playTransition:774 com.android.wm.shell.transition.Transitions.processReadyQueue:239 com.android.wm.shell.transition.Transitions.dispatchReady:1352
04-15 09:53:34.731  2000  2105 I SurfaceControlRegistry: apply, t=StartTransaction_SyncId<1673>, caller=android.view.SurfaceControl$Transaction.apply:3459 android.view.SurfaceControl$Transaction.apply:3447 android.view.SurfaceControl$Transaction.apply:3397 com.android.wm.shell.transition.DefaultTransitionHandler.startAnimation:3387 com.android.wm.shell.transition.Transitions.dispatchTransition:90 com.android.wm.shell.transition.Transitions.playTransition:774
04-15 09:53:34.732  1151  1151 I SurfaceFlinger: RequestedLayer [6a94feb Splash Screen com.catfact.app.feature.factdetail.test#18749] hidden!! flag  from(1) --> to(0)
04-15 09:53:34.732  1151  1151 I SurfaceFlinger: RequestedLayer [a40f3b6 com.catfact.app.feature.fact[...]idx.activity.ComponentActivity#18751] hidden!! flag  from(1) --> to(0)
04-15 09:53:34.732  1151  1151 I SurfaceFlinger: RequestedLayer [Splash Screen com.catfact.app.feature.factdetail.test$_2000#18750] hidden!! flag  from(1) --> to(0)
04-15 09:53:34.732  1151  1151 I SurfaceFlinger: RequestedLayer [Task=3879#18747] hidden!! flag  from(1) --> to(0)
04-15 09:53:34.732  1151  1151 E SurfaceFlinger: alpha changed 1.000 -> 0.000 - Task=3879#18747
04-15 09:53:34.732  1151  1151 I SurfaceFlinger: RequestedLayer [Transition Root: Task=3879#18755] hidden!! flag  from(1) --> to(0)
04-15 09:53:34.732  1151  1151 I SurfaceFlinger: RequestedLayer [ActivityRecord{56579459 u0 com.catfa[...]ivity.ComponentActivity t3879}#18748] hidden!! flag  from(1) --> to(0)
04-15 09:53:34.733  1151  1151 I SurfaceFlinger: RequestedLayer [DimTransitionLayer for Surface(name=Task=3879)/@0x556fab6#18756] hidden!! flag  from(1) --> to(0)
04-15 09:53:34.733  1151  1151 E SurfaceFlinger: alpha changed 1.000 -> 0.000 - DimTransitionLayer for Surface(name=Task=3879)/@0x556fab6#18756
04-15 09:53:34.733  1151  1151 I SurfaceFlinger: [LayerHierarchy{RequestedLayerState{Task=3801#16292 parentId=18755 z=2} 1 children}] reparent to LayerHierarchy{RequestedLayerState{Transition Root: Task=3879#18755 parentId=10 z=13} 1 children}
04-15 09:53:34.733  1151  1151 I SurfaceFlinger: [LayerHierarchy{RequestedLayerState{Task=3879#18747 parentId=18755 z=5} 1 children}] reparent to LayerHierarchy{RequestedLayerState{Transition Root: Task=3879#18755 parentId=10 z=13} 2 children}
04-15 09:53:34.733  1151  1151 I SurfaceFlinger: [DimTransitionLayer for Surface(name=Task=3879)/@0x556fab6#18756] attach to parent LayerHierarchy{RequestedLayerState{Transition Root: Task=3879#18755 parentId=10 z=13} 3 children}
04-15 09:53:34.733  1151  1378 I SurfaceFlinger: Capture layer list: 	 com.google.android.calendar/com.google.android.calendar.allinone.AllInOneCalendarActivity$_3979#18739(seamlessTransition:0)
04-15 09:53:34.733  1151  1378 I CompositionEngine: [setDisplaySize] size=(720, 1544)
04-15 09:53:34.734  1151  1206 D RenderEngine: [SEC_SF_EFFECTS] drawLayersInternal,1494, Rendering layer ScreenCaptureFillLayer at index 0
04-15 09:53:34.734  1151  1206 D RenderEngine: [SEC_SF_EFFECTS] drawLayersInternal,1494, Rendering layer com.google.android.calendar/com.google.android.calendar.allinone.AllInOneCalendarActivity$_3979#18739 at index 1
04-15 09:53:34.739  1542  1677 I SemDvfsHyPerManager: acquire hyper - AMS_RESUME_TAIL/1542@22, type = -999
04-15 09:53:34.739  1542  1677 I SemDvfsHyPerManager: acquire hyper - AMS_ACT_LAZY/1542@23, type = -999
04-15 09:53:34.740  1059  1180 I HYPER-HAL: [RequestManager.cpp]acquire(): Acquired ID : 1223852  [1542 / 22]    HINT : AMS_RESUME_TAIL    list :
04-15 09:53:34.740  1059  1180 I HYPER-HAL: [ResourceManager.cpp]removeResource(): [CPULittleMinFreq] RemoveResource Request ID : 1233263
04-15 09:53:34.740  1059  1180 I HYPER-HAL: [RequestManager.cpp]releaseLocked(): Released ID : 1233263
04-15 09:53:34.741  1151  1200 I SurfaceFlinger: id=18757 createSurf, flag=84000, c0a543d ActivityRecordInputSink com.catfact.app.feature.factdetail.test/androidx.activity.ComponentActivity#18757
04-15 09:53:34.742  1151  1151 E SurfaceFlinger: alpha changed 0.000 -> 1.000 - Task=3879#18747
04-15 09:53:34.742  1151  1151 I SurfaceFlinger: [c0a543d ActivityRecordInputSink com.catfact.app.feature.factdetail.test/androidx.activity.ComponentActivity#18757] attach to parent LayerHierarchy{RequestedLayerState{ActivityRecord{56579459 u0 com.catfact.app.feature.factdetail.test/androidx.activity.ComponentActivity t3879}#18748 parentId=18747} 3 children}
04-15 09:53:34.745  1542  1585 D SurfaceComposerClient: setCornerRadius ## 6a94feb Splash Screen com.catfact.app.feature.factdetail.test#18749 cornerRadius=0.000000
04-15 09:53:34.745  1542  1585 D SurfaceComposerClient: setCornerRadius ## a40f3b6 com.catfact.app.feature.factdetail.test/androidx.activity.ComponentActivity#18751 cornerRadius=0.000000
04-15 09:53:34.746  2000  2000 D SamsungLightBarControlHelper: updateStatusBar (BLACK icon) numStacks:1, StatusBarMode:MODE_TRANSPARENT, lightBarBounds:[Rect(0, 0 - 720, 1544)], StatusBarState:SHADE, packageName:, isWhiteKeyguardStatusBar:false
04-15 09:53:34.746  2000  2000 D SamsungLightBarControlHelper: onStatusBarAppearanceChanged() -  sbModeChanged:false, statusBarMode:0, barState:MODE_TRANSPARENT, isKeyguardShowing:false, navbarColorManagedByIme:false, (AppearanceRegion{LIGHT_STATUS_BARS bounds=[0,0][720,1544]}, )
04-15 09:53:34.746  2000  2000 D NavigationBar: onSystemBarAttributesChanged() -  displayId:0, appearance:528, packageName: com.catfact.app.feature.factdetail.test (APPEARANCE_LIGHT_NAVIGATION_BARS ), navbarColorManagedByIme:false
04-15 09:53:34.746  2000  2000 D SamsungLightBarControlHelper: updateNavigationBar (BLACK button) isLightOpaque:false, hasLightNavigationBarFlag:true, packageName:com.catfact.app.feature.factdetail.test, DirectReplying:false, NavBarColorMangedByIme:false, ForceDarkForScrim:false, ForceLightForScrim:false, QsCustomizing:false, QsExpanded:false
04-15 09:53:34.746  1542  1585 D SurfaceComposerClient: setCornerRadius ## 6a94feb Splash Screen com.catfact.app.feature.factdetail.test#18749 cornerRadius=0.000000
04-15 09:53:34.747  2461  4416 I HoneySpace.RecentTasks: onRunningTaskAppeared
04-15 09:53:34.747  2461  4416 I HoneySpace.RecentTasks: onRecentTasksChanged
04-15 09:53:34.747  1151  1200 I SurfaceFlinger: id=18758 createSurf, flag=24000, Surface(name=a40f3b6 com.catfact.app.feature.factdetail.test/androidx.activity.ComponentActivity)/@0x46436d8 - animation-leash of starting_reveal#18758
04-15 09:53:34.751  1542  1585 D SurfaceComposerClient: setCornerRadius ## a40f3b6 com.catfact.app.feature.factdetail.test/androidx.activity.ComponentActivity#18751 cornerRadius=0.000000
04-15 09:53:34.751  1542  1585 D SurfaceComposerClient: setCornerRadius ## 6a94feb Splash Screen com.catfact.app.feature.factdetail.test#18749 cornerRadius=0.000000
04-15 09:53:34.751  1542  3015 I NSLocationMonitor: getGPSUsingApps() called
