04-15 09:53:28.894 19294 19294 I InsetsController: onStateChanged: host=com.catfact.app.feature.factdetail.test/androidx.test.core.app.InstrumentationActivityInvoker$EmptyActivity, from=android.view.ViewRootImpl.onInsetsStateChanged:3026, state=InsetsState: {mDisplayFrame=Rect(0, 0 - 720, 1544), mDisplayCutout=DisplayCutout{insets=Rect(0, 50 - 0, 0) waterfall=Insets{left=0, top=0, right=0, bottom=0} boundingRect={Bounds=[Rect(0, 0 - 0, 0), Rect(341, 0 - 379, 50), Rect(0, 0 - 0, 0), Rect(0, 0 - 0, 0)]} cutoutPathParserInfo={CutoutPathParserInfo{displayWidth=720 displayHeight=1544 physicalDisplayWidth=720 physicalDisplayHeight=1544 density={1.875} cutoutSpec={M 0,0 H -10 V 26.66666666666667 H 10 V 0 H 0 Z @dp} rotation={0} scale={1.0} physicalPixelDisplaySizeRatio={1.0}}} sideOverrides={}}, mRoundedCorners=RoundedCorners{[RoundedCorner{position=TopLeft, radius=8, center=Point(8, 8)}, RoundedCorner{position=TopRight, radius=8, center=Point(712, 8)}, RoundedCorner{position=BottomRight, radius=8, center=Point(712, 1536)}, RoundedCorner{position=BottomLeft, radius=8, center=Point(8, 1536)}]}  mRoundedCornerFrame=Rect(0, 0 - 720, 1544), mPrivacyIndicatorBounds=PrivacyIndicatorBounds {static bounds=Rect(637, 0 - 720, 50) rotation=0}, mDisplayShape=DisplayShape{ spec=-311912193 displayWidth=720 displayHeight=1544 physicalPixelDisplaySizeRatio=0.5 rotation=0 offsetX=0 offsetY=0 scale=1.0}, mSources= { InsetsSource: {ec730001 mType=navigationBars mFrame=[0,1454][720,1544] mVisible=true mFlags= mSideHint=BOTTOM mBoundingRects=null}, InsetsSource: {ec730004 mType=systemGestures mFrame=[0,0][0,0] mVisible=true mFlags= mSideHint=NONE mBoundingRects=null}, InsetsSource: {ec730005 mType=mandatorySystemGestures mFrame=[0,1454][720,1544] mVisible=true mFlags= mSideHint=BOTTOM mBoundingRects=null}, InsetsSource: {ec730006 mType=tappableElement mFrame=[0,1454][720,1544] mVisible=true mFlags= mSideHint=BOTTOM mBoundingRects=null}, InsetsSource: {ec730024 mType=systemGestures mFrame=[0,0][0,0] mVisible=true mFlags= mSideHint=NONE mBoundingRects=null}, InsetsSource: {3 mType=ime mFrame=[0,0][0,0] mVisible=false mFlags= mSideHint=NONE mBoundingRects=null}, InsetsSource: {27 mType=displayCutout mFrame=[0,0][720,50] mVisible=true mFlags= mSideHint=TOP mBoundingRects=null}, InsetsSource: {43950000 mType=statusBars mFrame=[0,0][720,50] mVisible=true mFlags= mSideHint=TOP mBoundingRects=null}, InsetsSource: {43950005 mType=mandatorySystemGestures mFrame=[0,0][720,73] mVisible=true mFlags= mSideHint=TOP mBoundingRects=null}, InsetsSource: {43950006 mType=tappableElement mFrame=[0,0][720,50] mVisible=true mFlags= mSideHint=TOP mBoundingRects=null} }
04-15 09:53:28.894 19294 19294 I VRI[InstrumentationActivityInvoker$EmptyActivity]@4741546: synced displayState. AttachInfo displayState=2
04-15 09:53:28.894 19294 19294 I VRI[InstrumentationActivityInvoker$EmptyActivity]@4741546: setView = com.android.internal.policy.DecorView@fe49a5d IsHRR=false mFlingFrameRateChange=0 TM=true
04-15 09:53:28.895 19294 19332 D HWUI    : HWUI - treat SMPTE_170M as sRGB
04-15 09:53:28.898  2000  2000 D DisplayLifecycle: updateDisplay id = 0
04-15 09:53:28.898  1542  1585 D SurfaceComposerClient: setCornerRadius ## df34370 com.catfact.app.feature.factdetail.test/androidx.test.core.app.InstrumentationActivityInvoker$EmptyActivity#18585 cornerRadius=0.000000
04-15 09:53:28.899  2461  4179 I HoneySpace.Memory-Monitor: current state = 2, didTrim = false
04-15 09:53:28.899  2000  2125 D StackScroller: onDisplayChanged for predraw skip to 2
04-15 09:53:28.900  1542  1558 I WindowManager: Relayout Window{df34370 u0 com.catfact.app.feature.factdetail.test/androidx.test.core.app.InstrumentationActivityInvoker$EmptyActivity}: viewVisibility=0 req=720x1544 ty=1 d0
04-15 09:53:28.900  1151  2758 I SurfaceFlinger: id=18586 createSurf, flag=44004, com.catfact.app.feature.factdetail.test/androidx.test.core.app.InstrumentationActivityInvoker$EmptyActivity$_19294#18586
04-15 09:53:28.901  1542  1558 D SurfaceComposerClient: setCornerRadius ## df34370 com.catfact.app.feature.factdetail.test/androidx.test.core.app.InstrumentationActivityInvoker$EmptyActivity#18585 cornerRadius=0.000000
04-15 09:53:28.901  1542  1558 D SurfaceComposerClient: setCornerRadius ## df34370 com.catfact.app.feature.factdetail.test/androidx.test.core.app.InstrumentationActivityInvoker$EmptyActivity#18585 cornerRadius=0.000000
04-15 09:53:28.902  1151  2758 I SurfaceFlinger: id=18587 createSurf, flag=24000, Surface(name=3edafdc StatusBar)/@0x3b919ed - animation-leash of insets_animation#18587
04-15 09:53:28.903  1151  2758 I SurfaceFlinger: id=18588 createSurf, flag=24000, Surface(name=8c5cec7 NavigationBar0)/@0xa68870 - animation-leash of insets_animation#18588
04-15 09:53:28.904  1542  1558 I SystemKeyManager: requested systemKeyInfo size=1 focusedWindow=com.catfact.app.feature.factdetail.test/androidx.test.core.app.InstrumentationActivityInvoker$EmptyActivity
04-15 09:53:28.904  1542  1558 I SystemKeyManager: requested systemKeyInfo size=1 focusedWindow=com.catfact.app.feature.factdetail.test/androidx.test.core.app.InstrumentationActivityInvoker$EmptyActivity
04-15 09:53:28.904  2000  2000 D NavigationBar: onSystemBarAttributesChanged() -  displayId:0, appearance:16, packageName: com.catfact.app.feature.factdetail.test (APPEARANCE_LIGHT_NAVIGATION_BARS ), navbarColorManagedByIme:false
04-15 09:53:28.904  1542  1558 I WindowManager: Relayout hash=df34370, pid=19294, syncId=-1: mAttrs={(0,0)(fillxfill) sim={adjust=pan forwardNavigation} layoutInDisplayCutoutMode=always ty=BASE_APPLICATION
04-15 09:53:28.904  1542  1558 I WindowManager:   fl=81810100
04-15 09:53:28.904  1542  1558 I WindowManager:   pfl=100088c0
04-15 09:53:28.904  1542  1558 I WindowManager:   bhv=1
04-15 09:53:28.904  1542  1558 I WindowManager:   fitSides=0
04-15 09:53:28.904  1542  1558 I WindowManager:   frameRateBoostOnTouch=true
04-15 09:53:28.904  1542  1558 I WindowManager:   dvrrWindowFrameRateHint=true naviIconColor=0}
04-15 09:53:28.905 19294 19294 I BLASTBufferQueue_Java: new BLASTBufferQueue, mName= VRI[InstrumentationActivityInvoker$EmptyActivity]@4741546 mNativeObject= 0xb40000741c6273c0 caller= android.view.ViewRootImpl.updateBlastSurfaceIfNeeded:3585 android.view.ViewRootImpl.relayoutWindow:11685 android.view.ViewRootImpl.performTraversals:4804 android.view.ViewRootImpl.doTraversal:3924 android.view.ViewRootImpl$TraversalRunnable.run:12903 android.view.Choreographer$CallbackRecord.run:1901 android.view.Choreographer$CallbackRecord.run:1910 android.view.Choreographer.doCallbacks:1367 android.view.Choreographer.doFrame:1292 android.view.Choreographer$FrameDisplayEventReceiver.run:1870
04-15 09:53:28.905 19294 19294 I BLASTBufferQueue_Java: update, w= 720 h= 1544 mName = VRI[InstrumentationActivityInvoker$EmptyActivity]@4741546 mNativeObject= 0xb40000741c6273c0 sc.mNativeObject= 0xb40000751c4f3110 format= -1 caller= android.view.ViewRootImpl.updateBlastSurfaceIfNeeded:3590 android.view.ViewRootImpl.relayoutWindow:11685 android.view.ViewRootImpl.performTraversals:4804 android.view.ViewRootImpl.doTraversal:3924 android.view.ViewRootImpl$TraversalRunnable.run:12903 android.view.Choreographer$CallbackRecord.run:1901
04-15 09:53:28.905 19294 19294 I VRI[InstrumentationActivityInvoker$EmptyActivity]@4741546: Relayout returned: old=(0,0,720,1544) new=(0,0,720,1544) relayoutAsync=false req=(720,1544)0 dur=5 res=0x3 s={true 0xb40000748c54c5c0} ch=true seqId=0
04-15 09:53:28.906 19294 19294 I VRI[InstrumentationActivityInvoker$EmptyActivity]@4741546: performConfigurationChange setNightDimText nightDimLevel=0
04-15 09:53:28.906 19294 19294 D VRI[InstrumentationActivityInvoker$EmptyActivity]@4741546: mThreadedRenderer.initialize() mSurface={isValid=true 0xb40000748c54c5c0} hwInitialized=true
04-15 09:53:28.906 19294 19294 D VRI[InstrumentationActivityInvoker$EmptyActivity]@4741546: reportNextDraw android.view.ViewRootImpl.performTraversals:5443 android.view.ViewRootImpl.doTraversal:3924 android.view.ViewRootImpl$TraversalRunnable.run:12903 android.view.Choreographer$CallbackRecord.run:1901 android.view.Choreographer$CallbackRecord.run:1910
04-15 09:53:28.906 19294 19294 D VRI[InstrumentationActivityInvoker$EmptyActivity]@4741546: Setup new sync=wmsSync-VRI[InstrumentationActivityInvoker$EmptyActivity]@4741546#10
04-15 09:53:28.906 19294 19294 I VRI[InstrumentationActivityInvoker$EmptyActivity]@4741546: Creating new active sync group VRI[InstrumentationActivityInvoker$EmptyActivity]@4741546#11
04-15 09:53:28.907 19294 19294 D VRI[InstrumentationActivityInvoker$EmptyActivity]@4741546: registerCallbacksForSync syncBuffer=false
04-15 09:53:28.907 19294 19345 D VRI[InstrumentationActivityInvoker$EmptyActivity]@4741546: Received frameDrawingCallback syncResult=0 frameNum=1.
04-15 09:53:28.907 19294 19345 I VRI[InstrumentationActivityInvoker$EmptyActivity]@4741546: mWNT: t=0xb4000074fc523150 mBlastBufferQueue=0xb40000741c6273c0 fn= 1 HdrRenderState mRenderHdrSdrRatio=1.0 caller= android.view.ViewRootImpl$12.onFrameDraw:15441 android.view.ThreadedRenderer$1.onFrameDraw:718 <bottom of call stack>
04-15 09:53:28.907 19294 19345 I VRI[InstrumentationActivityInvoker$EmptyActivity]@4741546: Setting up sync and frameCommitCallback
04-15 09:53:28.907  1151  1151 I SurfaceFlinger: [df34370 com.catfact.app.feature.factdetail.test/androidx.test.core.app.InstrumentationActivityInvoker$EmptyActivity#18585] attach to parent LayerHierarchy{RequestedLayerState{ActivityRecord{231491954 u0 com.catfact.app.feature.factdetail.test/androidx.test.core.app.InstrumentationActivityInvoker$EmptyActivity t3874}#18584 parentId=18569} 1 children}
04-15 09:53:28.907  1151  1151 I SurfaceFlinger: [com.catfact.app.feature.factdetail.test/androidx.test.core.app.InstrumentationActivityInvoker$EmptyActivity$_19294#18586] attach to parent LayerHierarchy{RequestedLayerState{df34370 com.catfact.app.feature.factdetail.test/androidx.test.core.app.InstrumentationActivityInvoker$EmptyActivity#18585 parentId=18584} 1 children}
04-15 09:53:28.907  1151  1151 I SurfaceFlinger: [Surface(name=3edafdc StatusBar)/@0x3b919ed - animation-leash of insets_animation#18587] attach to parent LayerHierarchy{RequestedLayerState{WindowToken{7a8fc4f type=2000 android.os.BinderProxy@a9d7329}#94 parentId=17} 2 children}
04-15 09:53:28.907  1151  1151 I SurfaceFlinger: [Surface(name=8c5cec7 NavigationBar0)/@0xa68870 - animation-leash of insets_animation#18588] attach to parent LayerHierarchy{RequestedLayerState{WindowToken{fc018e2 type=2019 android.os.BinderProxy@bda3ac4}#90 parentId=34} 2 children}
04-15 09:53:28.908 19294 19332 I BLASTBufferQueue: [VRI[InstrumentationActivityInvoker$EmptyActivity]@4741546#5](f:0,a:0,s:0) onFrameAvailable the first frame is available
04-15 09:53:28.908 19294 19332 I VRI[InstrumentationActivityInvoker$EmptyActivity]@4741546: Received frameCommittedCallback lastAttemptedDrawFrameNum=1 didProduceBuffer=true
04-15 09:53:28.908  1151  1199 I SurfaceFlinger: [com.catfact.app.feature.factdetail.test/androidx.test.core.app.InstrumentationActivityInvoker$EmptyActivity$_19294#18586] setTransactionState with the first frame. bufferData(ID: 82867099009044, frameNumber: 1)
04-15 09:53:28.908 19294 19332 D HWUI    : CFMS:: SetUp Pid : 19294    Tid : 19332
04-15 09:53:28.908 19294 19294 D VRI[InstrumentationActivityInvoker$EmptyActivity]@4741546: reportDrawFinished seqId=0
04-15 09:53:28.909 19294 19294 I ImeFocusController: onPreWindowFocus: skipped hasWindowFocus=false mHasImeFocus=true
04-15 09:53:28.909 19294 19294 I ImeFocusController: onPostWindowFocus: skipped hasWindowFocus=false mHasImeFocus=true
04-15 09:53:28.909  1542  1585 D SurfaceComposerClient: setCornerRadius ## df34370 com.catfact.app.feature.factdetail.test/androidx.test.core.app.InstrumentationActivityInvoker$EmptyActivity#18585 cornerRadius=0.000000
04-15 09:53:28.909  1542  1585 D SurfaceComposerClient: setCornerRadius ## df34370 com.catfact.app.feature.factdetail.test/androidx.test.core.app.InstrumentationActivityInvoker$EmptyActivity#18585 cornerRadius=0.000000
04-15 09:53:28.910  1542  1585 I SemDvfsHyPerManager: acquire hyper - AMS_RESUME_TAIL/1542@22, type = -999
04-15 09:53:28.910  1542  1585 I SemDvfsHyPerManager: acquire hyper - AMS_ACT_LAZY/1542@23, type = -999
04-15 09:53:28.910  1059  1180 I HYPER-HAL: [RequestManager.cpp]acquire(): Acquired ID : 1223852  [1542 / 22]    HINT : AMS_RESUME_TAIL    list :
04-15 09:53:28.910  1059  1180 I HYPER-HAL: [RequestManager.cpp]releaseLocked(): Released ID : 1220723
04-15 09:53:28.911  1151  2758 I SurfaceFlinger: id=18589 createSurf, flag=84004, Transition Root: ActivityRecord{231491954 u0 com.catfact.app.feature.factdetail.test/androidx.test.core.app.InstrumentationActivityInvoker$EmptyActivity t3874}#18589
04-15 09:53:28.912  1542  1585 I SurfaceControlRegistry: show, t=StartTransaction_SyncId<1659> sc=ActivityRecord{231491954 u0 com.catfact.app.feature.factdetail.test/androidx.test.core.app.InstrumentationActivityInvoker$EmptyActivity t3874}, caller=android.view.SurfaceControl$Transaction.show:3557 com.android.server.wm.Transition.onTransactionReady:2048 com.android.server.wm.BLASTSyncEngine$SyncGroup.finishNow:240 com.android.server.wm.BLASTSyncEngine.onSurfacePlacement:263 com.android.server.wm.RootWindowContainer.performSurfacePlacementNoTrace:1083 com.android.server.wm.WindowSurfacePlacer.performSurfacePlacement:166
04-15 09:53:28.912  1542  1585 D SurfaceComposerClient: setCornerRadius ## ActivityRecord{193803445 u0 com.catfact.app.feature.factdetail.test/androidx.activity.ComponentActivity t3874}#18570 cornerRadius=0.000000
04-15 09:53:28.912  1542  1585 D SurfaceComposerClient: setCornerRadius ## ActivityRecord{231491954 u0 com.catfact.app.feature.factdetail.test/androidx.test.core.app.InstrumentationActivityInvoker$EmptyActivity t3874}#18584 cornerRadius=0.000000
04-15 09:53:28.913  1542  1585 D ScreenCapture: [Capture_TEST] : setIsScreenShotBySystem false
04-15 09:53:28.913  1542  1585 I SurfaceComposerClient: captureLayers:childrenOnly:1, sync:1
04-15 09:53:28.913  1542  1581 I ActivityTaskManager: Displayed com.catfact.app.feature.factdetail.test/androidx.test.core.app.InstrumentationActivityInvoker$EmptyActivity for user 0: +41ms
04-15 09:53:28.913  2000  2105 I SurfaceControlRegistry: hide, t=FinishTransaction_SyncId<1659> sc=ActivityRecord{193803445 u0 com.catfact.app.feature.factdetail.test/androidx.activity.ComponentActivity t3874}, caller=android.view.SurfaceControl$Transaction.hide:3583 com.android.wm.shell.transition.Transitions.dispatchReady:1263 com.android.wm.shell.transition.Transitions.onTransitionReady:251 com.android.wm.shell.transition.Transitions$TransitionPlayerImpl$$ExternalSyntheticLambda0.run:13 android.os.Handler.handleCallback:995 android.os.Handler.dispatchMessage:103
04-15 09:53:28.913  3152  3152 E pageboostd: Received HALT command code 2
04-15 09:53:28.914  2000  2105 I SurfaceControlRegistry: show, t=StartTransaction_SyncId<1659> sc=ActivityRecord{231491954 u0 com.catfact.app.feature.factdetail.test/androidx.test.core.app.InstrumentationActivityInvoker$EmptyActivity t3874}, caller=android.view.SurfaceControl$Transaction.show:3557 com.android.wm.shell.transition.Transitions.dispatchReady:1279 com.android.wm.shell.transition.Transitions.onTransitionReady:251 com.android.wm.shell.transition.Transitions$TransitionPlayerImpl$$ExternalSyntheticLambda0.run:13 android.os.Handler.handleCallback:995 android.os.Handler.dispatchMessage:103
04-15 09:53:28.914  2000  2105 I SurfaceControlRegistry: show, t=FinishTransaction_SyncId<1659> sc=ActivityRecord{231491954 u0 com.catfact.app.feature.factdetail.test/androidx.test.core.app.InstrumentationActivityInvoker$EmptyActivity t3874}, caller=android.view.SurfaceControl$Transaction.show:3557 com.android.wm.shell.transition.Transitions.dispatchReady:1330 com.android.wm.shell.transition.Transitions.onTransitionReady:251 com.android.wm.shell.transition.Transitions$TransitionPlayerImpl$$ExternalSyntheticLambda0.run:13 android.os.Handler.handleCallback:995 android.os.Handler.dispatchMessage:103
04-15 09:53:28.914  2000  2105 I SurfaceControlRegistry: show, t=StartTransaction_SyncId<1659> sc=Transition Root: ActivityRecord{231491954 u0 com.catfact.app.feature.factdetail.test/androidx.test.core.app.InstrumentationActivityInvoker$EmptyActivity t3874}, caller=android.view.SurfaceControl$Transaction.show:3557 com.android.wm.shell.transition.Transitions.playTransition:79 com.android.wm.shell.transition.Transitions.processReadyQueue:239 com.android.wm.shell.transition.Transitions.dispatchReady:1352 com.android.wm.shell.transition.Transitions.onTransitionReady:251 com.android.wm.shell.transition.Transitions$TransitionPlayerImpl$$ExternalSyntheticLambda0.run:13
04-15 09:53:28.914  2000  2105 I SurfaceControlRegistry: apply, t=StartTransaction_SyncId<1659>, caller=android.view.SurfaceControl$Transaction.apply:3459 android.view.SurfaceControl$Transaction.apply:3447 android.view.SurfaceControl$Transaction.apply:3397 com.android.wm.shell.transition.DefaultTransitionHandler.startAnimation:3387 com.android.wm.shell.transition.Transitions.dispatchTransition:90 com.android.wm.shell.transition.Transitions.playTransition:774
04-15 09:53:28.915  2000  2105 I SurfaceControlRegistry: apply, t=FinishTransaction_SyncId<1659>, caller=android.view.SurfaceControl$Transaction.apply:3459 android.view.SurfaceControl$Transaction.apply:3447 android.view.SurfaceControl$Transaction.apply:3397 com.android.wm.shell.transition.Transitions.onFinish:315 com.android.wm.shell.transition.Transitions$$ExternalSyntheticLambda7.onTransitionFinished:12 com.android.wm.shell.transition.DefaultTransitionHandler$$ExternalSyntheticLambda2.run:36
04-15 09:53:28.916  1151  1151 I SurfaceFlinger: RequestedLayer [ActivityRecord{231491954 u0 com.catf[...]tyInvoker$EmptyActivity t3874}#18584] hidden!! flag  from(1) --> to(0)
04-15 09:53:28.916  1151  1151 E SurfaceFlinger: alpha changed 1.000 -> 0.000 - ActivityRecord{231491954 u0 com.catfact.app.feature.factdetail.test/androidx.test.core.app.InstrumentationActivityInvoker$EmptyActivity t3874}#18584
04-15 09:53:28.916  1151  1151 I SurfaceFlinger: RequestedLayer [df34370 com.catfact.app.feature.fact[...]nActivityInvoker$EmptyActivity#18585] hidden!! flag  from(1) --> to(0)
04-15 09:53:28.916  1151  1151 I SurfaceFlinger: RequestedLayer [com.catfact.app.feature.factdetail.t[...]tyInvoker$EmptyActivity$_19294#18586] hidden!! flag  from(1) --> to(0)
04-15 09:53:28.916  1151  1151 I SurfaceFlinger: RequestedLayer [Transition Root: ActivityRecord{2314[...]tyInvoker$EmptyActivity t3874}#18589] hidden!! flag  from(1) --> to(0)
04-15 09:53:28.916  1151  1151 I SurfaceFlinger: [LayerHierarchy{RequestedLayerState{8c5cec7 NavigationBar0#91 parentId=18588} 1 children}] reparent to LayerHierarchy{RequestedLayerState{Surface(name=8c5cec7 NavigationBar0)/@0xa68870 - animation-leash of insets_animation#18588 parentId=90} 1 children}
04-15 09:53:28.916  1151  1151 I SurfaceFlinger: [LayerHierarchy{RequestedLayerState{3edafdc StatusBar#95 parentId=18587} 1 children}] reparent to LayerHierarchy{RequestedLayerState{Surface(name=3edafdc StatusBar)/@0x3b919ed - animation-leash of insets_animation#18587 parentId=94} 1 children}
04-15 09:53:28.916  1151  1151 I SurfaceFlinger: [LayerHierarchy{RequestedLayerState{Surface(name=3edafdc StatusBar)/@0x3b919ed - animation-leash of insets_animation#18580} no children}] reparent to OffscreenRoot
04-15 09:53:28.916  1151  1151 I SurfaceFlinger: [LayerHierarchy{RequestedLayerState{Surface(name=3edafdc StatusBar)/@0x3b919ed - animation-leash of insets_animation#18580} no children}] RelativeParent to null
04-15 09:53:28.916  1151  1151 I SurfaceFlinger: [LayerHierarchy{RequestedLayerState{Surface(name=8c5cec7 NavigationBar0)/@0xa68870 - animation-leash of insets_animation#18581} no children}] reparent to OffscreenRoot
04-15 09:53:28.916  1151  1151 I SurfaceFlinger: [LayerHierarchy{RequestedLayerState{Surface(name=8c5cec7 NavigationBar0)/@0xa68870 - animation-leash of insets_animation#18581} no children}] RelativeParent to null
04-15 09:53:28.916  1151  1151 I SurfaceFlinger: [LayerHierarchy{RequestedLayerState{ActivityRecord{193803445 u0 com.catfact.app.feature.factdetail.test/androidx.activity.ComponentActivity t3874}#18570 parentId=18589 z=2} 3 children}] reparent to LayerHierarchy{RequestedLayerState{Transition Root: ActivityRecord{231491954 u0 com.catfact.app.feature.factdetail.test/androidx.test.core.app.InstrumentationActivityInvoker$EmptyActivity t3874}#18589 parentId=18569 z=1} 1 children}
04-15 09:53:28.916  1151  1151 I SurfaceFlinger: [LayerHierarchy{RequestedLayerState{ActivityRecord{231491954 u0 com.catfact.app.feature.factdetail.test/androidx.test.core.app.InstrumentationActivityInvoker$EmptyActivity t3874}#18584 parentId=18589 z=5} 1 children}] reparent to LayerHierarchy{RequestedLayerState{Transition Root: ActivityRecord{231491954 u0 com.catfact.app.feature.factdetail.test/androidx.test.core.app.InstrumentationActivityInvoker$EmptyActivity t3874}#18589 parentId=18569 z=1} 2 children}
04-15 09:53:28.916  1151  1151 I SurfaceFlinger: [Transition Root: ActivityRecord{231491954 u0 com.catfact.app.feature.factdetail.test/androidx.test.core.app.InstrumentationActivityInvoker$EmptyActivity t3874}#18589] attach to parent LayerHierarchy{RequestedLayerState{Task=3874#18569 parentId=10 z=13} 1 children}
04-15 09:53:28.916  1151  2758 I SurfaceFlinger: Capture layer list: 	 com.catfact.app.feature.factdetail.test/androidx.activity.ComponentActivity$_19294#18577(seamlessTransition:0)
04-15 09:53:28.916  1151  2758 I CompositionEngine: [setDisplaySize] size=(720, 1544)
04-15 09:53:28.917  1151  1206 D RenderEngine: [SEC_SF_EFFECTS] drawLayersInternal,1494, Rendering layer ScreenCaptureFillLayer at index 0
04-15 09:53:28.917  1151  1206 D RenderEngine: [SEC_SF_EFFECTS] drawLayersInternal,1494, Rendering layer com.catfact.app.feature.factdetail.test/androidx.activity.ComponentActivity$_19294#18577 at index 1
04-15 09:53:28.919  1542  1585 D SurfaceComposerClient: setCornerRadius ## df34370 com.catfact.app.feature.factdetail.test/androidx.test.core.app.InstrumentationActivityInvoker$EmptyActivity#18585 cornerRadius=0.000000
04-15 09:53:28.920  1151  1338 D SurfaceFlinger: [input] setFocusedWindow: df34370 com.catfact.app.feature.factdetail.test/androidx.test.core.app.InstrumentationActivityInvoker$EmptyActivity
04-15 09:53:28.920  1542  1585 D SurfaceComposerClient: setCornerRadius ## df34370 com.catfact.app.feature.factdetail.test/androidx.test.core.app.InstrumentationActivityInvoker$EmptyActivity#18585 cornerRadius=0.000000
04-15 09:53:28.920  2000  2000 D NavigationBar: onSystemBarAttributesChanged() -  displayId:0, appearance:0, packageName: com.catfact.app.feature.factdetail.test, navbarColorManagedByIme:false
04-15 09:53:28.920  1542  2161 D InputDispatcher: Once focus requested (0): df34370 com.catfact.app.feature.factdetail.test/androidx.test.core.app.InstrumentationActivityInvoker$EmptyActivity
04-15 09:53:28.920  1542  2161 D InputDispatcher: Focus request (0): df34370 com.catfact.app.feature.factdetail.test/androidx.test.core.app.InstrumentationActivityInvoker$EmptyActivity but waiting because NO_WINDOW
04-15 09:53:28.920  2000  2000 D SamsungLightBarControlHelper: updateNavigationBar (WHITE button) isLightOpaque:false, hasLightNavigationBarFlag:false, packageName:com.catfact.app.feature.factdetail.test, DirectReplying:false, NavBarColorMangedByIme:false, ForceDarkForScrim:false, ForceLightForScrim:false, QsCustomizing:false, QsExpanded:false
04-15 09:53:28.922 19294 19294 I VRI[ComponentActivity]@b565a9f: handleAppVisibility mAppVisible = true visible = false
04-15 09:53:28.922 19294 19294 D VRI[ComponentActivity]@b565a9f: visibilityChanged oldVisibility=true newVisibility=false
04-15 09:53:28.922  1151  2758 I SurfaceFlinger: id=18590 createSurf, flag=84000, 93334d4 ActivityRecordInputSink com.catfact.app.feature.factdetail.test/androidx.test.core.app.InstrumentationActivityInvoker$EmptyActivity#18590
04-15 09:53:28.923  1151  1151 I SurfaceFlinger: RequestedLayer [ActivityRecord{193803445 u0 com.catf[...]ivity.ComponentActivity t3874}#18570] hidden!! flag  from(0) --> to(1)
04-15 09:53:28.924  1151  1151 E SurfaceFlinger: alpha changed 0.000 -> 1.000 - ActivityRecord{231491954 u0 com.catfact.app.feature.factdetail.test/androidx.test.core.app.InstrumentationActivityInvoker$EmptyActivity t3874}#18584
04-15 09:53:28.924  1151  1151 I SurfaceFlinger: [Display 0 name="Built-in Screen"#49] setFrameRateCategory: Default
04-15 09:53:28.924 18759 18763 W earchbox:search: userfaultfd: MOVE ioctl seems unsupported: Connection timed out
04-15 09:53:28.924  1151  1151 I SurfaceFlinger: [LayerHierarchy{RequestedLayerState{ActivityRecord{193803445 u0 com.catfact.app.feature.factdetail.test/androidx.activity.ComponentActivity t3874}#18570 parentId=18569} 3 children}] reparent to LayerHierarchy{RequestedLayerState{Task=3874#18569 parentId=10 z=13} 2 children}
04-15 09:53:28.924  1151  1151 I SurfaceFlinger: [LayerHierarchy{RequestedLayerState{ActivityRecord{231491954 u0 com.catfact.app.feature.factdetail.test/androidx.test.core.app.InstrumentationActivityInvoker$EmptyActivity t3874}#18584 parentId=18569 z=1} 1 children}] reparent to LayerHierarchy{RequestedLayerState{Task=3874#18569 parentId=10 z=13} 3 children}
04-15 09:53:28.924  1151  1151 I SurfaceFlinger: [LayerHierarchy{RequestedLayerState{Transition Root: ActivityRecord{231491954 u0 com.catfact.app.feature.factdetail.test/androidx.test.core.app.InstrumentationActivityInvoker$EmptyActivity t3874}#18589 z=1} no children}] reparent to OffscreenRoot
04-15 09:53:28.924  1151  1151 I SurfaceFlinger: [LayerHierarchy{RequestedLayerState{Transition Root: ActivityRecord{231491954 u0 com.catfact.app.feature.factdetail.test/androidx.test.core.app.InstrumentationActivityInvoker$EmptyActivity t3874}#18589 z=1} no children}] RelativeParent to null
04-15 09:53:28.924  1151  1151 I SurfaceFlinger: [93334d4 ActivityRecordInputSink com.catfact.app.feature.factdetail.test/androidx.test.core.app.InstrumentationActivityInvoker$EmptyActivity#18590] attach to parent LayerHierarchy{RequestedLayerState{ActivityRecord{231491954 u0 com.catfact.app.feature.factdetail.test/androidx.test.core.app.InstrumentationActivityInvoker$EmptyActivity t3874}#18584 parentId=18569 z=1} 2 children}
04-15 09:53:28.926  1542  2315 I WindowManager: Relayout Window{d5ad48b u0 com.catfact.app.feature.factdetail.test/androidx.activity.ComponentActivity}: viewVisibility=8 req=720x1544 ty=1 d0
04-15 09:53:28.926  1151  1151 I SurfaceFlinger: id=18589 Removed Transition Root: ActivityRecord{231491954 u0 com.catfact.app.feature.factdetail.test/androidx.test.core.app.InstrumentationActivityInvoker$EmptyActivity t3874}#18589 (181)
04-15 09:53:28.926  1542  2315 D SurfaceComposerClient: setCornerRadius ## df34370 com.catfact.app.feature.factdetail.test/androidx.test.core.app.InstrumentationActivityInvoker$EmptyActivity#18585 cornerRadius=0.000000
04-15 09:53:28.926  1542  2315 D SurfaceComposerClient: setCornerRadius ## df34370 com.catfact.app.feature.factdetail.test/androidx.test.core.app.InstrumentationActivityInvoker$EmptyActivity#18585 cornerRadius=0.000000
04-15 09:53:28.926  1542  2315 I WindowManager: Relayout hash=d5ad48b, pid=19294, syncId=-1: mAttrs={(0,0)(fillxfill) sim={adjust=pan forwardNavigation} layoutInDisplayCutoutMode=always ty=BASE_APPLICATION wanim=0x1030317
04-15 09:53:28.926  1542  2315 I WindowManager:   fl=81810100
04-15 09:53:28.926  1542  2315 I WindowManager:   pfl=100088c0
04-15 09:53:28.926  1542  2315 I WindowManager:   apr=210
04-15 09:53:28.926  1542  2315 I WindowManager:   bhv=1
04-15 09:53:28.926  1542  2315 I WindowManager:   fitSides=0
04-15 09:53:28.926  1542  2315 I WindowManager:   frameRateBoostOnTouch=true
04-15 09:53:28.926  1542  2315 I WindowManager:   dvrrWindowFrameRateHint=true naviIconColor=0}
04-15 09:53:28.927  1151  1378 I SurfaceFlinger: id=18580 Removed Surface(name=3edafdc StatusBar)/@0x3b919ed - animation-leash of insets_animation#18580 (181)
04-15 09:53:28.927  1151  1378 I SurfaceFlinger: id=18581 Removed Surface(name=8c5cec7 NavigationBar0)/@0xa68870 - animation-leash of insets_animation#18581 (181)
04-15 09:53:28.928 19294 19294 I VRI[ComponentActivity]@b565a9f: Relayout returned: old=(0,0,720,1544) new=(0,0,720,1544) relayoutAsync=false req=(720,1544)8 dur=3 res=0x2 s={false 0x0} ch=true seqId=0
04-15 09:53:28.928 19294 19294 D VRI[ComponentActivity]@b565a9f: Not drawing due to not visible. Reason=!mAppVisible && !mForceDecorViewVisibility
04-15 09:53:28.928  1151  1151 D SurfaceFlinger: Display 4633128672291735999 HWC layers:
04-15 09:53:28.928  1151  1151 D SurfaceFlinger:        DEVICE |           82867099009044 | 00002102 | RGBA_8888    |    0.0    0.0  720.0 1544.0 |    0    0  720 1544 | com.catfact.app.feature.factdetail.t[...]tyInvoker$EmptyActivity$_19294#18586 (1)
04-15 09:53:28.928  1151  1151 D SurfaceFlinger:        DEVICE |            8589934654687 | 00002100 | RGBA_8888    |    0.0    0.0  720.0   50.0 |    0    0  720   50 | StatusBar$_2000#102 (26242)
04-15 09:53:28.928  1151  1151 D SurfaceFlinger:        DEVICE |           10569914518889 | 00002100 | RGBA_8888    |    0.0    0.0   67.0  353.0 |  653  192  720  545 | com.sec.android.app.launcher/com.sam[...]l.app.CocktailBarService$_2461#16495 (1)
04-15 09:53:28.928  1151  1151 D SurfaceFlinger:        DEVICE |            8589934654692 | 00002100 | RGBA_8888    |    0.0    0.0  720.0   90.0 |    0 1454  720 1544 | NavigationBar0$_2000#98 (17026)
04-15 09:53:28.928  1151  1151 D SurfaceFlinger:
04-15 09:53:28.929  1542  1821 D InputDispatcher: Focus entered window (0): df34370 com.catfact.app.feature.factdetail.test/androidx.test.core.app.InstrumentationActivityInvoker$EmptyActivity
04-15 09:53:28.929  2000  2105 D ShellDesktopMode: handleRequest: TransitionRequestInfo {type=2, tid=3874, debugId=1660}
04-15 09:53:28.932  1151  1151 I SurfaceFlinger: RequestedLayer [com.catfact.app.feature.factdetail.t[...]ivity.ComponentActivity$_19294#18577] hidden!! flag  from(0) --> to(1)
04-15 09:53:28.932  1151  1151 I SurfaceFlinger: destroyed Surface(name=3edafdc StatusBar)/@0x3b919ed - animation-leash of insets_animation#18580
04-15 09:53:28.932  1151  1151 I SurfaceFlinger: destroyed Surface(name=8c5cec7 NavigationBar0)/@0xa68870 - animation-leash of insets_animation#18581
04-15 09:53:28.932  1151  1151 I SurfaceFlinger: destroyed Transition Root: ActivityRecord{231491954 u0 com.catfact.app.feature.factdetail.test/androidx.test.core.app.InstrumentationActivityInvoker$EmptyActivity t3874}#18589
04-15 09:53:28.932  1151  1151 I Layer   : id=18580 Destroyed Surface(name=3edafdc StatusBar)/@0x3b919ed - animation-leash of insets_animation#18580
04-15 09:53:28.932  1151  1151 I Layer   : id=18581 Destroyed Surface(name=8c5cec7 NavigationBar0)/@0xa68870 - animation-leash of insets_animation#18581
04-15 09:53:28.932  1151  1151 I Layer   : id=18589 Destroyed Transition Root: ActivityRecord{231491954 u0 com.catfact.app.feature.factdetail.test/androidx.test.core.app.InstrumentationActivityInvoker$EmptyActivity t3874}#18589
04-15 09:53:28.932 19294 19294 I VRI[ComponentActivity]@b565a9f: stopped(true) old = false
04-15 09:53:28.933 19294 19294 D VRI[ComponentActivity]@b565a9f: WindowStopped on com.catfact.app.feature.factdetail.test/androidx.activity.ComponentActivity set to true
04-15 09:53:28.933 19294 19294 D LifecycleMonitor: Lifecycle status change: androidx.activity.ComponentActivity@b9a43a8 in: STOPPED
04-15 09:53:28.933 19294 19294 V ActivityScenario: Update currentActivityStage to STOPPED, currentActivity=androidx.activity.ComponentActivity@b9a43a8
04-15 09:53:28.934  2000  2000 D SystemUIService: SYSUI_RAM_OPTIMIZATION onTrimMemory=20
04-15 09:53:28.934  2000  2000 D CentralSurfaces: SYSUI_RAM_OPTIMIZATION onTrimMemory=20
04-15 09:53:28.934  2000  2196 D HWUI    : CacheManager::trimMemory(20)
04-15 09:53:28.935  2000  2000 D SystemUIService: SYSUI_RAM_OPTIMIZATION onTrimMemory=20
04-15 09:53:28.935  2000  2000 D CentralSurfaces: SYSUI_RAM_OPTIMIZATION onTrimMemory=20
04-15 09:53:28.935  2000  2196 D HWUI    : CacheManager::trimMemory(20)
04-15 09:53:28.938 19294 19294 W WindowOnBackDispatcher: sendCancelIfRunning: isInProgress=false callback=android.app.Activity$$ExternalSyntheticLambda0@fd001bb
04-15 09:53:28.938 19294 19294 D LifecycleMonitor: Lifecycle status change: androidx.activity.ComponentActivity@b9a43a8 in: DESTROYED
04-15 09:53:28.938 19294 19294 V ActivityScenario: Update currentActivityStage to DESTROYED, currentActivity=null
04-15 09:53:28.939 19294 19294 D ViewRootImpl: Skipping stats log for color mode
04-15 09:53:28.939 19294 19294 I VRI[ComponentActivity]@b565a9f: dispatchDetachedFromWindow
04-15 09:53:28.939  1542  1821 D InputTransport: Input channel destroyed: 'd5ad48b', fd=1248
04-15 09:53:28.940  1151  1378 I SurfaceFlinger: id=18591 createSurf, flag=24004, Surface(name=1d7a05f InputMethod)/@0x5f77a9d - animation-leash of insets_animation#18591
04-15 09:53:28.940 19294 19315 D IdlingRegistry: Unregistering idling resources: [androidx.compose.ui.test.EspressoLink@f303824]
04-15 09:53:28.940  1151  1151 I SurfaceFlinger: [Display 0 name="Built-in Screen"#49] setFrameRateCategory: High
04-15 09:53:28.940  1151  1151 I SurfaceFlinger: [Surface(name=1d7a05f InputMethod)/@0x5f77a9d - animation-leash of insets_animation#18591] attach to parent LayerHierarchy{RequestedLayerState{WindowToken{d080c22 type=2011 android.os.Binder@459a5ed}#120 parentId=15} 2 children}
04-15 09:53:28.941  1542  1821 I ImeTracker: system_server:759eed0e: onRequestHide at ORIGIN_SERVER reason IME_REQUESTED_CHANGED_LISTENER fromUser false
04-15 09:53:28.941  1151  1151 I BpBinder: onLastStrongRef automatically unlinking death recipients:
04-15 09:53:28.942 19294 19294 D InputTransport: Input channel destroyed: 'd5ad48b', fd=126
04-15 09:53:28.942 19294 19294 I InsetsSourceConsumer: applyRequestedVisibilityToControl: visible=true, type=statusBars, host=com.catfact.app.feature.factdetail.test/androidx.test.core.app.InstrumentationActivityInvoker$EmptyActivity
04-15 09:53:28.942  1542  2315 D InputDispatcher: Focus left window (0): df34370 com.catfact.app.feature.factdetail.test/androidx.test.core.app.InstrumentationActivityInvoker$EmptyActivity
04-15 09:53:28.943 19294 19294 I InsetsSourceConsumer: applyRequestedVisibilityToControl: visible=true, type=navigationBars, host=com.catfact.app.feature.factdetail.test/androidx.test.core.app.InstrumentationActivityInvoker$EmptyActivity
04-15 09:53:28.943 19294 19294 D LifecycleMonitor: Lifecycle status change: androidx.test.core.app.InstrumentationActivityInvoker$EmptyActivity@75349e9 in: PAUSED
04-15 09:53:28.943  1151  1199 I SurfaceFlinger: id=18575 Removed eec9f9f ActivityRecordInputSink com.catfact.app.feature.factdetail.test/androidx.activity.ComponentActivity#18575 (179)
04-15 09:53:28.944  1542  2315 I SemDvfsHyPerManager: acquire hyper - AMS_ACT_RESUME/1542@19, type = -999
04-15 09:53:28.945  1059  1180 I HYPER-HAL: [RequestManager.cpp]acquire(): Acquired ID : 1219160  [1542 / 19]    HINT : AMS_ACT_RESUME    list :
04-15 09:53:28.946  1542  2315 D InputDispatcher: Focused application(0): ActivityRecord{243114305 u0 com.google.android.calendar/.allinone.AllInOneCalendarActivity t3801}
04-15 09:53:28.947  2000  2120 D ViewRootImpl: desktopMode is false
04-15 09:53:28.947  2000  2120 I ViewRootImpl: dVRR is disabled
04-15 09:53:28.947  2000  2196 D NativeCustomFrequencyManager: [NativeCFMS] BpCustomFrequencyManager::BpCustomFrequencyManager()
04-15 09:53:28.948  1542  1821 D GraphicsStatsService: requestRenderEngineFor(com.google.android.calendar)
04-15 09:53:28.948  1151  1151 I SurfaceFlinger: RequestedLayer [Surface(name=1d7a05f InputMethod)/@0[...]tion-leash of insets_animation#18591] hidden!! flag  from(1) --> to(0)
04-15 09:53:28.948  1151  1151 E SurfaceFlinger: alpha changed 1.000 -> 0.000 - Surface(name=1d7a05f InputMethod)/@0x5f77a9d - animation-leash of insets_animation#18591
04-15 09:53:28.948  1151  1151 I SurfaceFlinger: [LayerHierarchy{RequestedLayerState{1d7a05f InputMethod#134 parentId=18591} no children}] reparent to LayerHierarchy{RequestedLayerState{Surface(name=1d7a05f InputMethod)/@0x5f77a9d - animation-leash of insets_animation#18591 parentId=120} 1 children}
04-15 09:53:28.948  1151  1151 I SurfaceFlinger: [LayerHierarchy{RequestedLayerState{Surface(name=1d7a05f InputMethod)/@0x5f77a9d - animation-leash of insets_animation#18583} no children}] reparent to OffscreenRoot
04-15 09:53:28.948  1151  1151 I SurfaceFlinger: [LayerHierarchy{RequestedLayerState{Surface(name=1d7a05f InputMethod)/@0x5f77a9d - animation-leash of insets_animation#18583} no children}] RelativeParent to null
04-15 09:53:28.949  1542  1585 I SurfaceControl: apply, lowDebugName=reparent_to_imeParent, caller=android.view.SurfaceControl$Transaction.apply:3447 android.view.SurfaceControl$Transaction.apply:3397 com.android.server.wm.WindowAnimator.animate:307 com.android.server.wm.WindowAnimator$$ExternalSyntheticLambda1.doFrame:14 android.view.Choreographer$CallbackRecord.run:1899 android.view.Choreographer$CallbackRecord.run:1910
04-15 09:53:28.949 19294 19294 I ImeFocusController: onPreWindowFocus: skipped hasWindowFocus=false mHasImeFocus=true
04-15 09:53:28.949 19294 19294 I ImeFocusController: onPostWindowFocus: skipped hasWindowFocus=false mHasImeFocus=true
04-15 09:53:28.950  1151  1199 I SurfaceFlinger: id=18583 Removed Surface(name=1d7a05f InputMethod)/@0x5f77a9d - animation-leash of insets_animation#18583 (179)
04-15 09:53:28.950  1542  1825 D AS.MultiSoundManager: mForegroundUid = 10279
04-15 09:53:28.951  1542  2315 D InputTransport: Input channel constructed: '49f5d91', fd=1041
04-15 09:53:28.951  1542  2315 D InputTransport: Input channel constructed: '49f5d91', fd=1248
04-15 09:53:28.951  1542  2315 D InputTransport: Input channel constructed: '49f5d91', fd=1280
04-15 09:53:28.951  1542  2315 D InputTransport: Input channel destroyed: '49f5d91', fd=1248
04-15 09:53:28.951  1151  2758 I SurfaceFlinger: id=18592 createSurf, flag=84004, 49f5d91 Splash Screen com.google.android.calendar#18592
04-15 09:53:28.951 19294 19315 I TestRunner: finished: errorStateShowsErrorMessage(com.catfact.app.feature.factdetail.presentation.DetailScreenTest)
