04-15 09:53:25.498 19294 19294 I VRI[ComponentActivity]@18998d2: Relayout returned: old=(0,0,720,1544) new=(0,0,720,1544) relayoutAsync=false req=(720,1544)0 dur=7 res=0x3 s={true 0xb40000748c509f90} ch=true seqId=0
04-15 09:53:25.498  1151  2479 W ServiceManagerCppClient: Permission failure: android.permission.ACCESS_SURFACE_FLINGER from uid=10748 pid=0
04-15 09:53:25.498  1151  2479 D PermissionCache: checking android.permission.ACCESS_SURFACE_FLINGER for uid=10748 => denied (191 us)
04-15 09:53:25.498  1151  2479 W ServiceManagerCppClient: Permission failure: android.permission.ROTATE_SURFACE_FLINGER from uid=10748 pid=0
04-15 09:53:25.498  1151  2479 D PermissionCache: checking android.permission.ROTATE_SURFACE_FLINGER for uid=10748 => denied (125 us)
04-15 09:53:25.498  1151  2758 W ServiceManagerCppClient: Permission failure: android.permission.ROTATE_SURFACE_FLINGER from uid=10748 pid=19294
04-15 09:53:25.498  1151  2758 D PermissionCache: checking android.permission.ROTATE_SURFACE_FLINGER for uid=10748 => denied (110 us)
04-15 09:53:25.498  1151  2479 W ServiceManagerCppClient: Permission failure: android.permission.INTERNAL_SYSTEM_WINDOW from uid=10748 pid=0
04-15 09:53:25.498  1151  2479 D PermissionCache: checking android.permission.INTERNAL_SYSTEM_WINDOW for uid=10748 => denied (127 us)
04-15 09:53:25.498  1151  2758 W ServiceManagerCppClient: Permission failure: android.permission.INTERNAL_SYSTEM_WINDOW from uid=10748 pid=19294
04-15 09:53:25.498  1151  2758 D PermissionCache: checking android.permission.INTERNAL_SYSTEM_WINDOW for uid=10748 => denied (312 us)
04-15 09:53:25.498  1151  1292 I VSyncReactor: Current= 120, Period= 120, Distance= 121
04-15 09:53:25.498 19294 19294 I VRI[ComponentActivity]@18998d2: performConfigurationChange setNightDimText nightDimLevel=0
04-15 09:53:25.499  1151  1151 I SurfaceFlinger: [Surface(name=3edafdc StatusBar)/@0x3b919ed - animation-leash of insets_animation#18508] attach to parent LayerHierarchy{RequestedLayerState{WindowToken{7a8fc4f type=2000 android.os.BinderProxy@a9d7329}#94 parentId=17} 3 children}
04-15 09:53:25.499  1151  1151 I SurfaceFlinger: [Surface(name=8c5cec7 NavigationBar0)/@0xa68870 - animation-leash of insets_animation#18509] attach to parent LayerHierarchy{RequestedLayerState{WindowToken{fc018e2 type=2019 android.os.BinderProxy@bda3ac4}#90 parentId=34} 3 children}
04-15 09:53:25.499 19294 19294 D VRI[ComponentActivity]@18998d2: mThreadedRenderer.initialize() mSurface={isValid=true 0xb40000748c509f90} hwInitialized=true
04-15 09:53:25.499 19294 19294 D VRI[ComponentActivity]@18998d2: reportNextDraw android.view.ViewRootImpl.performTraversals:5443 android.view.ViewRootImpl.doTraversal:3924 android.view.ViewRootImpl$TraversalRunnable.run:12903 android.view.Choreographer$CallbackRecord.run:1901 android.view.Choreographer$CallbackRecord.run:1910
04-15 09:53:25.500 19294 19294 D VRI[ComponentActivity]@18998d2: Setup new sync=wmsSync-VRI[ComponentActivity]@18998d2#0
04-15 09:53:25.500 19294 19294 I VRI[ComponentActivity]@18998d2: Creating new active sync group VRI[ComponentActivity]@18998d2#1
04-15 09:53:25.500 19294 19294 D VRI[ComponentActivity]@18998d2: registerCallbacksForSync syncBuffer=false
04-15 09:53:25.501 19294 19346 D VRI[ComponentActivity]@18998d2: Received frameDrawingCallback syncResult=0 frameNum=1.
04-15 09:53:25.501 19294 19346 I VRI[ComponentActivity]@18998d2: mWNT: t=0xb4000074fc50e150 mBlastBufferQueue=0xb40000741c54e640 fn= 1 HdrRenderState mRenderHdrSdrRatio=1.0 caller= android.view.ViewRootImpl$12.onFrameDraw:15441 android.view.ThreadedRenderer$1.onFrameDraw:718 <bottom of call stack>
04-15 09:53:25.501 19294 19346 I VRI[ComponentActivity]@18998d2: Setting up sync and frameCommitCallback
04-15 09:53:25.513 19294 19332 I GSC     : SID[0] : fe6ff4e467193f9c, Kind: 1, time : 7.823 ms
04-15 09:53:25.517 19294 19332 I GSC     : SID[1] : 9fb7104710fc7e74, Kind: 0, time : 3.530 ms
04-15 09:53:25.518 19294 19332 I BLASTBufferQueue: [VRI[ComponentActivity]@18998d2#0](f:0,a:0,s:0) onFrameAvailable the first frame is available
04-15 09:53:25.518  2000  2000 D NavigationBar: onSystemBarAttributesChanged() -  displayId:0, appearance:528, packageName: com.catfact.app.feature.factdetail.test (APPEARANCE_LIGHT_NAVIGATION_BARS ), navbarColorManagedByIme:false
04-15 09:53:25.518 19294 19332 I VRI[ComponentActivity]@18998d2: Received frameCommittedCallback lastAttemptedDrawFrameNum=1 didProduceBuffer=true
04-15 09:53:25.519  1151  2758 I SurfaceFlinger: [com.catfact.app.feature.factdetail.test/androidx.activity.ComponentActivity$_19294#18507] setTransactionState with the first frame. bufferData(ID: 82867099009025, frameNumber: 1)
04-15 09:53:25.519 19294 19332 D HWUI    : CFMS:: SetUp Pid : 19294    Tid : 19332
04-15 09:53:25.519 19294 19294 D VRI[ComponentActivity]@18998d2: reportDrawFinished seqId=0
04-15 09:53:25.519  1542  2161 W ServiceManagerCppClient: Permission failure: android.permission.ACCESS_SURFACE_FLINGER from uid=10748 pid=0
04-15 09:53:25.519  1542  2161 D PermissionCache: checking android.permission.ACCESS_SURFACE_FLINGER for uid=10748 => denied (116 us)
04-15 09:53:25.520  1542  2161 W ServiceManagerCppClient: Permission failure: android.permission.ROTATE_SURFACE_FLINGER from uid=10748 pid=0
04-15 09:53:25.520  1542  2161 D PermissionCache: checking android.permission.ROTATE_SURFACE_FLINGER for uid=10748 => denied (32 us)
04-15 09:53:25.520  1542  2161 W ServiceManagerCppClient: Permission failure: android.permission.INTERNAL_SYSTEM_WINDOW from uid=10748 pid=0
04-15 09:53:25.520  1542  2161 D PermissionCache: checking android.permission.INTERNAL_SYSTEM_WINDOW for uid=10748 => denied (22 us)
04-15 09:53:25.520  1542  1821 I SemDvfsHyPerManager: acquire hyper - AMS_RESUME_TAIL/1542@22, type = -999
04-15 09:53:25.520  1542  1821 I SemDvfsHyPerManager: acquire hyper - AMS_ACT_LAZY/1542@23, type = -999
04-15 09:53:25.520  1059  1180 I HYPER-HAL: [RequestManager.cpp]acquire(): Acquired ID : 1223852  [1542 / 22]    HINT : AMS_RESUME_TAIL    list :
04-15 09:53:25.521  1059  1180 I HYPER-HAL: [ResourceManager.cpp]removeResource(): [CPULittleMinFreq] RemoveResource Request ID : 1233263
04-15 09:53:25.521  2461  4179 I HoneySpace.RecentTasks: onRecentTasksChanged
04-15 09:53:25.521  1059  1180 I HYPER-HAL: [RequestManager.cpp]releaseLocked(): Released ID : 1233263
04-15 09:53:25.522  3963  4335 I SemDvfsHyPerManager: acquire hyper - BaseTABoost/3963@25, type = -999
04-15 09:53:25.522  1542  1585 D SurfaceComposerClient: setCornerRadius ## 93f24f4 Splash Screen com.catfact.app.feature.factdetail.test#18499 cornerRadius=0.000000
04-15 09:53:25.522  1542  1585 D SurfaceComposerClient: setCornerRadius ## f6d7816 com.catfact.app.feature.factdetail.test/androidx.activity.ComponentActivity#18503 cornerRadius=0.000000
04-15 09:53:25.522  1059  1180 I HYPER-HAL: [RequestManager.cpp]acquire(): Acquired ID : 7954091  [3963 / 25]    HINT :      list : [TABoost / 1]
04-15 09:53:25.522  1542  1585 D SurfaceComposerClient: setCornerRadius ## 93f24f4 Splash Screen com.catfact.app.feature.factdetail.test#18499 cornerRadius=0.000000
04-15 09:53:25.523  1151  2758 I SurfaceFlinger: id=18510 createSurf, flag=24000, Surface(name=f6d7816 com.catfact.app.feature.factdetail.test/androidx.activity.ComponentActivity)/@0x86e0fa - animation-leash of starting_reveal#18510
04-15 09:53:25.524  1151  1151 I SurfaceFlinger: [Surface(name=f6d7816 com.catfact.app.feature.factdetail.test/androidx.activity.ComponentActivity)/@0x86e0fa - animation-leash of starting_reveal#18510] attach to parent LayerHierarchy{RequestedLayerState{ActivityRecord{166590009 u0 com.catfact.app.feature.factdetail.test/androidx.activity.ComponentActivity t3872}#18498 parentId=18497} 4 children}
04-15 09:53:25.525  1542  1585 D SurfaceComposerClient: setCornerRadius ## f6d7816 com.catfact.app.feature.factdetail.test/androidx.activity.ComponentActivity#18503 cornerRadius=0.000000
04-15 09:53:25.525  1542  1585 D SurfaceComposerClient: setCornerRadius ## 93f24f4 Splash Screen com.catfact.app.feature.factdetail.test#18499 cornerRadius=0.000000
04-15 09:53:25.525  1542  1585 D SurfaceComposerClient: setCornerRadius ## f6d7816 com.catfact.app.feature.factdetail.test/androidx.activity.ComponentActivity#18503 cornerRadius=0.000000
04-15 09:53:25.525  1542  1585 D SurfaceComposerClient: setCornerRadius ## 93f24f4 Splash Screen com.catfact.app.feature.factdetail.test#18499 cornerRadius=0.000000
04-15 09:53:25.525  1542  1585 D SurfaceComposerClient: setCornerRadius ## f6d7816 com.catfact.app.feature.factdetail.test/androidx.activity.ComponentActivity#18503 cornerRadius=0.000000
04-15 09:53:25.528  3723  3374 I [AirCmd]_ActivitySwitchDetector: onTaskStackChanged : componentName - ComponentInfo{com.catfact.app.feature.factdetail.test/androidx.activity.ComponentActivity}
04-15 09:53:25.528  2000  2105 D ShellTaskOrganizer: removeStartingWindow, removalInfo=StartingWindowRemovalInfo{taskId=3872 frame=Rect(0, 0 - 720, 1544) playRevealAnimation=true roundedCornerRadius=0.0 deferRemoveMode=0 windowlessSurface=false removeImmediately=false}
04-15 09:53:25.528  1542  1581 I PkgPredictorService-SecIpmManagerServiceImpl: reportToNAP uid:10748 com.catfact.app.feature.factdetail.test/androidx.activity.ComponentActivity thisTime:130
04-15 09:53:25.528  1542  1581 D PkgPredictorService-SecIpmManagerServiceImpl: reportToNAP: mHeavyLaunchCounter is false
04-15 09:53:25.528  1542  2944 D PkgPredictorService-SecIpmManagerServiceImpl: ACTION_FOREGROUND_FINISH_EVENT sCurForegroundApp :com.catfact.app.feature.factdetail.test
04-15 09:53:25.531  1542  1581 I ActivityTaskManager: Displayed com.catfact.app.feature.factdetail.test/androidx.activity.ComponentActivity for user 0: +130ms
04-15 09:53:25.531  3152  3152 E pageboostd: Received HALT command code 2
04-15 09:53:25.532  1542  3015 I NSLocationMonitor: getGPSUsingApps() called
04-15 09:53:25.532  1151  1151 I SurfaceFlinger: RequestedLayer [com.catfact.app.feature.factdetail.t[...]ivity.ComponentActivity$_19294#18507] hidden!! flag  from(1) --> to(0)
04-15 09:53:25.533  1151  1151 E SurfaceFlinger: alpha changed 0.000 -> 0.010 - DimTransitionLayer for Surface(name=Task=3872)/@0x19a5940#18502
04-15 09:53:25.533  1151  1151 I SurfaceFlinger: [LayerHierarchy{RequestedLayerState{8c5cec7 NavigationBar0#91 parentId=18509} 1 children}] reparent to LayerHierarchy{RequestedLayerState{Surface(name=8c5cec7 NavigationBar0)/@0xa68870 - animation-leash of insets_animation#18509 parentId=90} 1 children}
04-15 09:53:25.533  1151  1151 I SurfaceFlinger: [LayerHierarchy{RequestedLayerState{3edafdc StatusBar#95 parentId=18508} 1 children}] reparent to LayerHierarchy{RequestedLayerState{Surface(name=3edafdc StatusBar)/@0x3b919ed - animation-leash of insets_animation#18508 parentId=94} 1 children}
04-15 09:53:25.533  1151  1151 I SurfaceFlinger: [LayerHierarchy{RequestedLayerState{Surface(name=3edafdc StatusBar)/@0x3b919ed - animation-leash of insets_animation#18491} no children}] reparent to OffscreenRoot
04-15 09:53:25.533  2000  2195 I VRI[test]@1f6b6c5: mWNT: t=0xb4000074fc59f8d0 mBlastBufferQueue=0xb40000741c5b6cc0 fn= 2 HdrRenderState mRenderHdrSdrRatio=1.0 caller= android.view.SyncRtSurfaceTransactionApplier.applyTransaction:100 android.view.SyncRtSurfaceTransactionApplier.lambda$scheduleApply$0:73 android.view.SyncRtSurfaceTransactionApplier.$r8$lambda$afI4fXg3U3-nBZQEDQMiNy-B06s:0
04-15 09:53:25.533  1151  1151 I SurfaceFlinger: [LayerHierarchy{RequestedLayerState{Surface(name=3edafdc StatusBar)/@0x3b919ed - animation-leash of insets_animation#18491} no children}] RelativeParent to null
04-15 09:53:25.533  1151  1151 I SurfaceFlinger: [LayerHierarchy{RequestedLayerState{Surface(name=8c5cec7 NavigationBar0)/@0xa68870 - animation-leash of insets_animation#18492} no children}] reparent to OffscreenRoot
04-15 09:53:25.533  1151  1151 I SurfaceFlinger: [LayerHierarchy{RequestedLayerState{Surface(name=8c5cec7 NavigationBar0)/@0xa68870 - animation-leash of insets_animation#18492} no children}] RelativeParent to null
04-15 09:53:25.533  1151  1151 I SurfaceFlinger: [LayerHierarchy{RequestedLayerState{f6d7816 com.catfact.app.feature.factdetail.test/androidx.activity.ComponentActivity#18503 parentId=18510} 1 children}] reparent to LayerHierarchy{RequestedLayerState{Surface(name=f6d7816 com.catfact.app.feature.factdetail.test/androidx.activity.ComponentActivity)/@0x86e0fa - animation-leash of starting_reveal#18510 parentId=18498} 1 children}
04-15 09:53:25.533  1151  1151 I SurfaceFlinger: [LayerHierarchy{RequestedLayerState{Surface(name=3edafdc StatusBar)/@0x3b919ed - animation-leash of insets_animation#18505} no children}] reparent to OffscreenRoot
04-15 09:53:25.533  1151  1151 I SurfaceFlinger: [LayerHierarchy{RequestedLayerState{Surface(name=3edafdc StatusBar)/@0x3b919ed - animation-leash of insets_animation#18505} no children}] RelativeParent to null
04-15 09:53:25.533  1151  1151 I SurfaceFlinger: [LayerHierarchy{RequestedLayerState{Surface(name=8c5cec7 NavigationBar0)/@0xa68870 - animation-leash of insets_animation#18506} no children}] reparent to OffscreenRoot
04-15 09:53:25.533  1151  1151 I SurfaceFlinger: [LayerHierarchy{RequestedLayerState{Surface(name=8c5cec7 NavigationBar0)/@0xa68870 - animation-leash of insets_animation#18506} no children}] RelativeParent to null
04-15 09:53:25.533  2000  2195 I VRI[test]@1f6b6c5: mWNT: t=0xb4000074fc562850 mBlastBufferQueue=0xb40000741c5b6cc0 fn= 2 HdrRenderState mRenderHdrSdrRatio=1.0 caller= android.view.SyncRtSurfaceTransactionApplier.applyTransaction:100 android.view.SyncRtSurfaceTransactionApplier.lambda$scheduleApply$0:73 android.view.SyncRtSurfaceTransactionApplier.$r8$lambda$afI4fXg3U3-nBZQEDQMiNy-B06s:0
04-15 09:53:25.534  2982  6680 I NSLocationManager_FLP: getGPSUsingApps, No change
04-15 09:53:25.535  1151  2479 I SurfaceFlinger: id=18505 Removed Surface(name=3edafdc StatusBar)/@0x3b919ed - animation-leash of insets_animation#18505 (170)
04-15 09:53:25.535  1151  2479 I SurfaceFlinger: id=18506 Removed Surface(name=8c5cec7 NavigationBar0)/@0xa68870 - animation-leash of insets_animation#18506 (170)
04-15 09:53:25.536  1542  3015 W Binder  : Outgoing transactions from this process must be FLAG_ONEWAY
04-15 09:53:25.536  1542  3015 W Binder  : java.lang.Throwable
04-15 09:53:25.536  1542  3015 W Binder  : 	at android.os.BinderProxy.transact(BinderProxy.java:566)
04-15 09:53:25.536  1542  3015 W Binder  : 	at android.bluetooth.IBluetoothGatt$Stub$Proxy.getAdvertisingSetUids(IBluetoothGatt.java:1678)
04-15 09:53:25.536  1542  3015 W Binder  : 	at android.bluetooth.BluetoothAdapter.getAdvertisingSetUids(BluetoothAdapter.java:8476)
04-15 09:53:25.536  1542  3015 W Binder  : 	at android.bluetooth.BluetoothAdapter.getHWUsingApps(BluetoothAdapter.java:1342)
04-15 09:53:25.536  1542  3015 W Binder  : 	at com.android.server.am.mars.filter.filter.BlueToothConnectedFilter.updateBTUsingPackages(qb/106579837 41bd6649a5bb053b68d2b16c1bbb7c9198eb32665b636c0bbec506912035f7b6:22)
04-15 09:53:25.536  1542  3015 W Binder  : 	at com.android.server.am.FreecessController.freeze(qb/106579837 41bd6649a5bb053b68d2b16c1bbb7c9198eb32665b636c0bbec506912035f7b6:117)
04-15 09:53:25.536  1542  3015 W Binder  : 	at com.android.server.am.FreecessHandler$MainHandler.handleLcdOnFreeze(qb/106579837 41bd6649a5bb053b68d2b16c1bbb7c9198eb32665b636c0bbec506912035f7b6:55)
04-15 09:53:25.536  1542  3015 W Binder  : 	at com.android.server.am.FreecessHandler$MainHandler.handleMessage(qb/106579837 41bd6649a5bb053b68d2b16c1bbb7c9198eb32665b636c0bbec506912035f7b6:793)
04-15 09:53:25.536  1542  3015 W Binder  : 	at android.os.Handler.dispatchMessage(Handler.java:110)
04-15 09:53:25.536  1542  3015 W Binder  : 	at android.os.Looper.loopOnce(Looper.java:273)
04-15 09:53:25.536  1542  3015 W Binder  : 	at android.os.Looper.loop(Looper.java:363)
04-15 09:53:25.536  1542  3015 W Binder  : 	at android.os.HandlerThread.run(HandlerThread.java:85)
04-15 09:53:25.536  1151  2479 I SurfaceFlinger: id=18491 Removed Surface(name=3edafdc StatusBar)/@0x3b919ed - animation-leash of insets_animation#18491 (170)
04-15 09:53:25.536  1151  2479 I SurfaceFlinger: id=18492 Removed Surface(name=8c5cec7 NavigationBar0)/@0xa68870 - animation-leash of insets_animation#18492 (170)
04-15 09:53:25.537  1542  1585 D SurfaceComposerClient: setCornerRadius ## 93f24f4 Splash Screen com.catfact.app.feature.factdetail.test#18499 cornerRadius=0.000000
04-15 09:53:25.537  1542  1585 D SurfaceComposerClient: setCornerRadius ## f6d7816 com.catfact.app.feature.factdetail.test/androidx.activity.ComponentActivity#18503 cornerRadius=0.000000
04-15 09:53:25.537 19294 19294 I InsetsSourceConsumer: applyRequestedVisibilityToControl: visible=true, type=statusBars, host=com.catfact.app.feature.factdetail.test/androidx.activity.ComponentActivity
04-15 09:53:25.537 19294 19294 I InsetsSourceConsumer: applyRequestedVisibilityToControl: visible=true, type=navigationBars, host=com.catfact.app.feature.factdetail.test/androidx.activity.ComponentActivity
04-15 09:53:25.539  1542  3015 I NSLocationMonitor: getGPSUsingApps() called
04-15 09:53:25.540  2982  6680 I NSLocationManager_FLP: getGPSUsingApps, No change
04-15 09:53:25.541  2000  2194 I VRI[test]@1f6b6c5: mWNT: t=0xb4000074fc53ef90 mBlastBufferQueue=0xb40000741c5b6cc0 fn= 3 HdrRenderState mRenderHdrSdrRatio=1.0 caller= android.view.SyncRtSurfaceTransactionApplier.applyTransaction:100 android.view.SyncRtSurfaceTransactionApplier.lambda$scheduleApply$0:73 android.view.SyncRtSurfaceTransactionApplier.$r8$lambda$afI4fXg3U3-nBZQEDQMiNy-B06s:0
04-15 09:53:25.541  1151  1151 D SurfaceFlinger: Display 4633128672291735999 HWC layers:
04-15 09:53:25.541  1151  1151 D SurfaceFlinger:        CLIENT |           17089674871017 | 00002102 | RGBA_8888    |   10.0    0.0  720.0 1544.0 |    0    0  720 1544 | com.google.android.calendar/com.goog[...]AllInOneCalendarActivity$_3979#18490 (135)
04-15 09:53:25.541  1151  1151 D SurfaceFlinger:   SOLID_COLOR |                        0 | 00000000 | N/A          |    0.0    0.0    0.0    0.0 |    0    0  720 1544 | DimTransitionLayer for Surface(name=Task=3872)/@0x19a5940#18502 (0)
04-15 09:53:25.541  1151  1151 D SurfaceFlinger:        DEVICE |           82867099009025 | 00002102 | RGBA_8888    |    0.0    0.0   33.0 1544.0 |  687    0  720 1544 | com.catfact.app.feature.factdetail.t[...]ivity.ComponentActivity$_19294#18507 (1)
04-15 09:53:25.541  1151  1151 D SurfaceFlinger:        DEVICE |            8589934655799 | 00002100 | RGBA_8888    |    0.0    0.0   33.0 1544.0 |  687    0  720 1544 | Splash Screen com.catfact.app.feature.factdetail.test$_2000#18500 (1)
04-15 09:53:25.541  1151  1151 D SurfaceFlinger:        DEVICE |            8589934654742 | 00002100 | RGBA_8888    |    0.0    0.0  720.0   50.0 |    0    0  720   50 | StatusBar$_2000#102 (26152)
04-15 09:53:25.541  1151  1151 D SurfaceFlinger:        DEVICE |           10569914518889 | 000
04-15 09:53:25.541  1151  1151 D SurfaceFlinger: 02100 | RGBA_8888    |    0.0    0.0   67.0  353.0 |  653  192  720  545 | com.sec.android.app.launcher/com.sam[...]l.app.CocktailBarService$_2461#16495 (1)
04-15 09:53:25.541  1151  1151 D SurfaceFlinger:        DEVICE |            8589934654691 | 00002100 | RGBA_8888    |    0.0    0.0  720.0   90.0 |    0 1454  720 1544 | NavigationBar0$_2000#98 (16949)
04-15 09:53:25.541  1151  1151 D SurfaceFlinger:
04-15 09:53:25.541  1151  1338 D SurfaceFlinger: [input] setFocusedWindow: f6d7816 com.catfact.app.feature.factdetail.test/androidx.activity.ComponentActivity
04-15 09:53:25.542  1542  2161 D InputDispatcher: Once focus requested (0): f6d7816 com.catfact.app.feature.factdetail.test/androidx.activity.ComponentActivity
04-15 09:53:25.542  1542  2161 D InputDispatcher: Focus request (0): f6d7816 com.catfact.app.feature.factdetail.test/androidx.activity.ComponentActivity but waiting because NO_WINDOW
04-15 09:53:25.542  1542  1821 D InputDispatcher: Focus entered window (0): f6d7816 com.catfact.app.feature.factdetail.test/androidx.activity.ComponentActivity
04-15 09:53:25.542  1151  1151 I SurfaceFlinger: destroyed Surface(name=3edafdc StatusBar)/@0x3b919ed - animation-leash of insets_animation#18491
04-15 09:53:25.542  1151  1151 I SurfaceFlinger: destroyed Surface(name=8c5cec7 NavigationBar0)/@0xa68870 - animation-leash of insets_animation#18492
04-15 09:53:25.542  1151  1151 I SurfaceFlinger: destroyed Surface(name=3edafdc StatusBar)/@0x3b919ed - animation-leash of insets_animation#18505
04-15 09:53:25.542  1151  1151 I SurfaceFlinger: destroyed Surface(name=8c5cec7 NavigationBar0)/@0xa68870 - animation-leash of insets_animation#18506
04-15 09:53:25.542 19294 19294 D VRI[ComponentActivity]@18998d2: mThreadedRenderer.initializeIfNeeded()#2 mSurface={isValid=true 0xb40000748c509f90}
04-15 09:53:25.543 19294 19294 D InputMethodManagerUtils: startInputInner - Id : 0
04-15 09:53:25.543 19294 19294 I InputMethodManager: startInputInner - IInputMethodManagerGlobalInvoker.startInputOrWindowGainedFocus
04-15 09:53:25.543  1151  1151 I Layer   : id=18491 Destroyed Surface(name=3edafdc StatusBar)/@0x3b919ed - animation-leash of insets_animation#18491
04-15 09:53:25.544  1151  1151 I Layer   : id=18492 Destroyed Surface(name=8c5cec7 NavigationBar0)/@0xa68870 - animation-leash of insets_animation#18492
04-15 09:53:25.544  1151  1151 I Layer   : id=18505 Destroyed Surface(name=3edafdc StatusBar)/@0x3b919ed - animation-leash of insets_animation#18505
04-15 09:53:25.544  1151  1151 I Layer   : id=18506 Destroyed Surface(name=8c5cec7 NavigationBar0)/@0xa68870 - animation-leash of insets_animation#18506
04-15 09:53:25.546  1542  3015 I NSLocationMonitor: getGPSUsingApps() called
04-15 09:53:25.546  1542  1750 I ImeTracker: com.catfact.app.feature.factdetail.test:8275641: onRequestHide at ORIGIN_SERVER reason HIDE_UNSPECIFIED_WINDOW fromUser false
04-15 09:53:25.546  2982  6680 I NSLocationManager_FLP: getGPSUsingApps, No change
04-15 09:53:25.547  1542  1750 D InputTransport: Input channel constructed: 'ClientS', fd=1281
04-15 09:53:25.547  1542  1750 D InputTransport: Input channel constructed: 'ClientS', fd=1306
04-15 09:53:25.547 19294 19294 I InputMethodManager: handleMessage: setImeVisibility visible=false
04-15 09:53:25.547 19294 19294 D InsetsController: hide(ime(), fromIme=false)
04-15 09:53:25.547  3979  3979 D InputTransport: Input channel destroyed: 'ClientS', fd=219
04-15 09:53:25.547  1542  1750 D InputTransport: Input channel destroyed: 'ClientS', fd=1306
04-15 09:53:25.547 19294 19294 I ImeTracker: com.catfact.app.feature.factdetail.test:8275641: onCancelled at PHASE_CLIENT_ALREADY_HIDDEN
04-15 09:53:25.549  1542  2161 D InputTransport: Input channel constructed: 'ClientS', fd=1306
04-15 09:53:25.549  1542  2161 D InputTransport: Input channel destroyed: 'ClientS', fd=1306
04-15 09:53:25.549  3756  3756 I HBD     : HoneyBoardService onFinishInput
04-15 09:53:25.549  3756  3756 I HBD     : a IC have been unbinding,  RemoteInputConnection{idHash=#e6ff610}
04-15 09:53:25.549  3756  3756 I HBD     : HoneyBoardService [PF_CL][onFinishInput]  0 ms
04-15 09:53:25.549  3756  3756 I HBD     : HoneyBoardService [IMI] onStartInput - caller pid : 19294 , caller uid : 10748
04-15 09:53:25.549  3756  3756 I HBD     : k updateConfigs
04-15 09:53:25.550  3756  3756 I HBD     : k isEnabledNightMode : true
04-15 09:53:25.550  3756  3756 I HBD     : a IC have been binding, RemoteInputConnection{idHash=#8a5c727}
04-15 09:53:25.550  3756  3756 I HBD     : h [EditorInputType]setPrivateImeOptionsToTable privateImeOptions ( null )
04-15 09:53:25.550  3756  3756 I HBD     : b incognitoMode : false
04-15 09:53:25.550  3756  3756 I HBD     : c needOff = true , isForceOff = false, isNullInputClass : true
04-15 09:53:25.550  3756  3756 I HBD     : h getDefaultInputRange : UNKNOWN
04-15 09:53:25.550  3756  3756 I HBD     : h getDefaultInputRange : UNKNOWN
04-15 09:53:25.550  3756  3756 I HBD     : h getDefaultInputRange : UNKNOWN
04-15 09:53:25.550 19294 19310 D InputTransport: Input channel constructed: 'ClientS', fd=139
04-15 09:53:25.550  2000  2195 I VRI[test]@1f6b6c5: mWNT: t=0xb4000074fc5da650 mBlastBufferQueue=0xb40000741c5b6cc0 fn= 4 HdrRenderState mRenderHdrSdrRatio=1.0 caller= android.view.SyncRtSurfaceTransactionApplier.applyTransaction:100 android.view.SyncRtSurfaceTransactionApplier.lambda$scheduleApply$0:73 android.view.SyncRtSurfaceTransactionApplier.$r8$lambda$afI4fXg3U3-nBZQEDQMiNy-B06s:0
04-15 09:53:25.550  2000  2120 I VRI[test]@1f6b6c5: onActiveControlsChanged, removed=false, mAdded=true, caller=android.view.ViewRootImpl.handleInsetsControlChanged:3002 android.view.ViewRootImpl$ViewRootHandler.handleMessageImpl:8352 android.view.ViewRootImpl$ViewRootHandler.handleMessage:8301 android.os.Handler.dispatchMessage:110 android.os.Looper.loopOnce:273
04-15 09:53:25.551  3756  3756 I HBD     : c needOff = true , isForceOff = false, isNullInputClass : true
04-15 09:53:25.551  3756  3756 I HBD     : c update cached prediction status : false
04-15 09:53:25.551  3756  3756 I HBD     : h getDefaultInputRange : UNKNOWN
04-15 09:53:25.551  3756  3756 I HBD     : a currentState : 0
04-15 09:53:25.551  3756  3756 I HBD     : a [UpdatePolicy] [post] a: 0 cl: 65538 kit: [0/0] vt: 0 ir: 1
04-15 09:53:25.552  1151  1378 I SurfaceFlinger: id=18511 createSurf, flag=24004, Surface(name=1d7a05f InputMethod)/@0x5f77a9d - animation-leash of insets_animation#18511
04-15 09:53:25.552  3756  3756 I HBD     : a [NRIC] resetNoResponseState
04-15 09:53:25.553  3756  3756 I HBD     : c needOff = true , isForceOff = false, isNullInputClass : true
04-15 09:53:25.553  3756  3756 I HBD     : c update cached prediction status : false
04-15 09:53:25.553  3756  3756 I HBD     : b [AiWriter] setContact : com.catfact.app.feature.factdetail.test
04-15 09:53:25.553  3756  3756 I HBD     : a [AiWriter] setContact : com.catfact.app.feature.factdetail.test
04-15 09:53:25.553  3756  3756 I HBD     : o0 EBD si S 0
04-15 09:53:25.553  3756  3756 I HBD     : r updateContactDBLanguage : 0
04-15 09:53:25.553  3756  3756 I HBD     : a [UpdatePolicy] [post] a: 31 cl: 65538 kit: [0/0] vt: 0 ir: 1
04-15 09:53:25.553  3756  3756 I HBD     : HoneyBoardService [PF_OP][onStartInput]  4 ms
04-15 09:53:25.553  3756  3756 I HBD     : [DirectWriting] DirectWriting emitInputConnection : RemoteInputConnection{idHash=#8a5c727}
04-15 09:53:25.554  1542  1821 I ImeTracker: system_server:103d1ccc: onRequestHide at ORIGIN_SERVER reason IME_REQUESTED_CHANGED_LISTENER fromUser false
04-15 09:53:25.554  1542  1585 D SurfaceComposerClient: setCornerRadius ## 93f24f4 Splash Screen com.catfact.app.feature.factdetail.test#18499 cornerRadius=0.000000
04-15 09:53:25.554  1542  1585 D SurfaceComposerClient: setCornerRadius ## f6d7816 com.catfact.app.feature.factdetail.test/androidx.activity.ComponentActivity#18503 cornerRadius=0.000000
04-15 09:53:25.555  1542  1584 I ImeTracker: system_server:103d1ccc: onCancelled at PHASE_SERVER_SHOULD_HIDE
04-15 09:53:25.557  1542  3015 W LocationManagerService: onFreezeStateChanged, uid[10337]=true
04-15 09:53:25.558  2000  2194 I VRI[test]@1f6b6c5: mWNT: t=0xb4000074fc5a6fd0 mBlastBufferQueue=0xb40000741c5b6cc0 fn= 5 HdrRenderState mRenderHdrSdrRatio=1.0 caller= android.view.SyncRtSurfaceTransactionApplier.applyTransaction:100 android.view.SyncRtSurfaceTransactionApplier.lambda$scheduleApply$0:73 android.view.SyncRtSurfaceTransactionApplier.$r8$lambda$afI4fXg3U3-nBZQEDQMiNy-B06s:0
04-15 09:53:25.559  1151  1151 I SurfaceFlinger: [Surface(name=1d7a05f InputMethod)/@0x5f77a9d - animation-leash of insets_animation#18511] attach to parent LayerHierarchy{RequestedLayerState{WindowToken{d080c22 type=2011 android.os.Binder@459a5ed}#120 parentId=15} 2 children}
04-15 09:53:25.562  3756  2073 I HBD     : a [SKE_SPECIFIC] specific model[com.catfact.app.feature.factdetail.test] loaded, 3926679 ns
04-15 09:53:25.566  2000  2195 I VRI[test]@1f6b6c5: mWNT: t=0xb4000074fc501f10 mBlastBufferQueue=0xb40000741c5b6cc0 fn= 6 HdrRenderState mRenderHdrSdrRatio=1.0 caller= android.view.SyncRtSurfaceTransactionApplier.applyTransaction:100 android.view.SyncRtSurfaceTransactionApplier.lambda$scheduleApply$0:73 android.view.SyncRtSurfaceTransactionApplier.$r8$lambda$afI4fXg3U3-nBZQEDQMiNy-B06s:0
04-15 09:53:25.567  1151  1151 I SurfaceFlinger: RequestedLayer [Surface(name=1d7a05f InputMethod)/@0[...]tion-leash of insets_animation#18511] hidden!! flag  from(1) --> to(0)
04-15 09:53:25.567  1151  1151 E SurfaceFlinger: alpha changed 1.000 -> 0.000 - Surface(name=1d7a05f InputMethod)/@0x5f77a9d - animation-leash of insets_animation#18511
04-15 09:53:25.567  1151  1151 I SurfaceFlinger: [LayerHierarchy{RequestedLayerState{ImeContainer#15 parentId=18498 relativeParentId=18498 z=3} 1 children}] reparent to LayerHierarchy{RequestedLayerState{ActivityRecord{166590009 u0 com.catfact.app.feature.factdetail.test/androidx.activity.ComponentActivity t3872}#18498 parentId=18497} 4 children}
04-15 09:53:25.567  1151  1151 I SurfaceFlinger: [LayerHierarchy{RequestedLayerState{ImeContainer#15 parentId=18498 relativeParentId=18498 z=3} 1 children}] RelativeParent to null
04-15 09:53:25.567  1151  1151 I SurfaceFlinger: [LayerHierarchy{RequestedLayerState{1d7a05f InputMethod#134 parentId=18511} no children}] reparent to LayerHierarchy{RequestedLayerState{Surface(name=1d7a05f InputMethod)/@0x5f77a9d - animation-leash of insets_animation#18511 parentId=120} 1 children}
04-15 09:53:25.568  1151  1151 I SurfaceFlinger: [LayerHierarchy{RequestedLayerState{Surface(name=1d7a05f InputMethod)/@0x5f77a9d - animation-leash of insets_animation#18494} no children}] reparent to OffscreenRoot
04-15 09:53:25.568  1151  1151 I SurfaceFlinger: [LayerHierarchy{RequestedLayerState{Surface(name=1d7a05f InputMethod)/@0x5f77a9d - animation-leash of insets_animation#18494} no children}] RelativeParent to null
04-15 09:53:25.569  1151  1378 I SurfaceFlinger: id=18494 Removed Surface(name=1d7a05f InputMethod)/@0x5f77a9d - animation-leash of insets_animation#18494 (167)
04-15 09:53:25.571  3756  3756 I InputMethodService: scheduleImeSurfaceRemoval: removeImeSurface is posted.
04-15 09:53:25.574  2000  2194 I VRI[test]@1f6b6c5: mWNT: t=0xb4000074fc50b3d0 mBlastBufferQueue=0xb40000741c5b6cc0 fn= 7 HdrRenderState mRenderHdrSdrRatio=1.0 caller= android.view.SyncRtSurfaceTransactionApplier.applyTransaction:100 android.view.SyncRtSurfaceTransactionApplier.lambda$scheduleApply$0:73 android.view.SyncRtSurfaceTransactionApplier.$r8$lambda$afI4fXg3U3-nBZQEDQMiNy-B06s:0
04-15 09:53:25.575  1151  1151 I SurfaceFlinger: destroyed Surface(name=1d7a05f InputMethod)/@0x5f77a9d - animation-leash of insets_animation#18494
04-15 09:53:25.576  1151  1151 I Layer   : id=18494 Destroyed Surface(name=1d7a05f InputMethod)/@0x5f77a9d - animation-leash of insets_animation#18494
04-15 09:53:25.583  1542  1821 I WindowManager: Relayout Window{93f24f4 u0 Splash Screen com.catfact.app.feature.factdetail.test}: viewVisibility=8 req=720x1544 ty=3 d0
04-15 09:53:25.583  1542  1821 D SurfaceComposerClient: setCornerRadius ## f6d7816 com.catfact.app.feature.factdetail.test/androidx.activity.ComponentActivity#18503 cornerRadius=0.000000
04-15 09:53:25.583  1542  1821 D SurfaceComposerClient: setCornerRadius ## 93f24f4 Splash Screen com.catfact.app.feature.factdetail.test#18499 cornerRadius=0.000000
04-15 09:53:25.583  1542  1821 D SurfaceComposerClient: setCornerRadius ## f6d7816 com.catfact.app.feature.factdetail.test/androidx.activity.ComponentActivity#18503 cornerRadius=0.000000
04-15 09:53:25.584  1542  1821 I WindowManager: Relayout hash=93f24f4, pid=2000, syncId=-1: mAttrs={(0,0)(fillxfill) sim={adjust=pan} layoutInDisplayCutoutMode=always ty=APPLICATION_STARTING fmt=TRANSLUCENT wanim=0x1030317
04-15 09:53:25.584  1542  1821 I WindowManager:   fl=81030118
04-15 09:53:25.584  1542  1821 I WindowManager:   pfl=10000810
04-15 09:53:25.584  1542  1821 I WindowManager:   apr=18
04-15 09:53:25.584  1542  1821 I WindowManager:   bhv=1
04-15 09:53:25.584  1542  1821 I WindowManager:   fitSides=0
04-15 09:53:25.584  1542  1821 I WindowManager:   frameRateBoostOnTouch=true
04-15 09:53:25.584  1542  1821 I WindowManager:   dvrrWindowFrameRateHint=true naviIconColor=0}
04-15 09:53:25.585  2000  2120 I VRI[test]@1f6b6c5: onActiveControlsChanged, removed=false, mAdded=true, caller=android.view.ViewRootImpl.handleInsetsControlChanged:3002 android.view.ViewRootImpl.relayoutWindow:11629 android.view.ViewRootImpl.performTraversals:4804 android.view.ViewRootImpl.doTraversal:3924 android.view.ViewRootImpl$TraversalRunnable.run:12903
04-15 09:53:25.585  2000  2120 I VRI[test]@1f6b6c5: Relayout returned: old=(0,0,720,1544) new=(0,0,720,1544) relayoutAsync=false req=(720,1544)8 dur=2 res=0x2 s={false 0x0} ch=true seqId=0
04-15 09:53:25.585  2000  2120 D VRI[test]@1f6b6c5: Not drawing due to not visible. Reason=View.GONE
04-15 09:53:25.585  2000  2120 I VRI[test]@1f6b6c5: dispatchDetachedFromWindow
04-15 09:53:25.586  1218  6568 I CameraService: onUidStateChanged: uid=10048, procState is changed. (1 -> 0)
04-15 09:53:25.586  1542  2161 D InputTransport: Input channel destroyed: '93f24f4', fd=1041
04-15 09:53:25.586  1542  2161 D SurfaceComposerClient: setCornerRadius ## f6d7816 com.catfact.app.feature.factdetail.test/androidx.activity.ComponentActivity#18503 cornerRadius=0.000000
04-15 09:53:25.587  1542  2161 D SurfaceComposerClient: setCornerRadius ## f6d7816 com.catfact.app.feature.factdetail.test/androidx.activity.ComponentActivity#18503 cornerRadius=0.000000
04-15 09:53:25.587  2000  2120 D InputTransport: Input channel destroyed: '93f24f4', fd=674
04-15 09:53:25.587  1542  1585 D SurfaceComposerClient: setCornerRadius ## f6d7816 com.catfact.app.feature.factdetail.test/androidx.activity.ComponentActivity#18503 cornerRadius=0.000000
04-15 09:53:25.591  1542  1585 D SurfaceComposerClient: setCornerRadius ## f6d7816 com.catfact.app.feature.factdetail.test/androidx.activity.ComponentActivity#18503 cornerRadius=0.000000
04-15 09:53:25.593  2000  2000 D SystemUIService: SYSUI_RAM_OPTIMIZATION onTrimMemory=20
04-15 09:53:25.593  2000  2000 D CentralSurfaces: SYSUI_RAM_OPTIMIZATION onTrimMemory=20
04-15 09:53:25.593  2000  2196 D HWUI    : CacheManager::trimMemory(20)
04-15 09:53:25.598  1144  1154 E HeatmapThread: ECT Thread time in milliseconds: 1776239605
04-15 09:53:25.599  1144  1154 D HeatmapThread: !@ batteryplugType : 0
04-15 09:53:25.599  1144  1154 D HeatmapThread: !@ batteryLevel : 0  batteryTemperature : 0
04-15 09:53:25.599  1144  1154 D HeatmapThread: !@ Heatmap currtime: 29603993
04-15 09:53:25.599  1144  1154 D HeatmapThread: !@ Heatmap prevtime: 29603990
04-15 09:53:25.599  1144  1154 D HeatmapThread: !@ Heatmap plugstarttime: 35791394
04-15 09:53:25.599  1144  1154 D HeatmapThread: !@ Heatmap prevv_dsoh_update_time: 29597770
04-15 09:53:25.600  1144  1154 E HeatmapThread: !@Could not open '/efs/FactoryApp/bsoh', errno = 13
04-15 09:53:25.600  1144  1154 E HeatmapThread: !@ CAM Could not access BSOH EFS
04-15 09:53:25.600  1144  1154 E HeatmapThread: !@ CAM New BSOH: 0
04-15 09:53:25.600  1151  1151 I SurfaceFlinger: RequestedLayer [Splash Screen com.catfact.app.feature.factdetail.test$_2000#18500] hidden!! flag  from(0) --> to(1)
04-15 09:53:25.600  1151  1151 I SurfaceFlinger: [LayerHierarchy{RequestedLayerState{Surface(name=f6d7816 com.catfact.app.feature.factdetail.test/androidx.activity.ComponentActivity)/@0x86e0fa - animation-leash of starting_reveal#18510} 1 children}] reparent to OffscreenRoot
04-15 09:53:25.600  1151  1151 I SurfaceFlinger: [LayerHierarchy{RequestedLayerState{Surface(name=f6d7816 com.catfact.app.feature.factdetail.test/androidx.activity.ComponentActivity)/@0x86e0fa - animation-leash of starting_reveal#18510} 1 children}] RelativeParent to null
04-15 09:53:25.600  1151  1151 I SurfaceFlinger: [LayerHierarchy{RequestedLayerState{f6d7816 com.catfact.app.feature.factdetail.test/androidx.activity.ComponentActivity#18503 parentId=18498} 1 children}] reparent to LayerHierarchy{RequestedLayerState{ActivityRecord{166590009 u0 com.catfact.app.feature.factdetail.test/androidx.activity.ComponentActivity t3872}#18498 parentId=18497} 4 children}
04-15 09:53:25.608  1151  1151 D SurfaceFlinger: Display 4633128672291735999 HWC layers:
04-15 09:53:25.608  1151  1151 D SurfaceFlinger:        CLIENT |           17089674871017 | 00002102 | RGBA_8888    |  131.0    0.0  720.0 1544.0 |    0    0  720 1544 | com.google.android.calendar/com.goog[...]AllInOneCalendarActivity$_3979#18490 (135)
04-15 09:53:25.608  1151  1151 D SurfaceFlinger:   SOLID_COLOR |                        0 | 00000000 | N/A          |    0.0    0.0    0.0    0.0 |    0    0  720 1544 | DimTransitionLayer for Surface(name=Task=3872)/@0x19a5940#18502 (0)
04-15 09:53:25.608  1151  1151 D SurfaceFlinger:        DEVICE |           82867099009025 | 00002102 | RGBA_8888    |    0.0    0.0  419.0 1544.0 |  301    0  720 1544 | com.catfact.app.feature.factdetail.t[...]ivity.ComponentActivity$_19294#18507 (1)
04-15 09:53:25.608  1151  1151 D SurfaceFlinger:        DEVICE |            8589934654742 | 00002100 | RGBA_8888    |    0.0    0.0  720.0   50.0 |    0    0  720   50 | StatusBar$_2000#102 (26160)
04-15 09:53:25.608  1151  1151 D SurfaceFlinger:        DEVICE |           10569914518889 | 00002100 | RGBA_8888    |    0.0    0.0   67.0  353.0 |  653  192  720  545 | com.sec.android.app.launcher/com.sam[...]l.app.CocktailBarService$_2461#16495 (1)
04-15 09:53:25.608  1151  1151 D SurfaceFlinger:        DEVICE |            8589934
04-15 09:53:25.608  1151  1151 D SurfaceFlinger: 654691 | 00002100 | RGBA_8888    |    0.0    0.0  720.0   90.0 |    0 1454  720 1544 | NavigationBar0$_2000#98 (16957)
04-15 09:53:25.608  1151  1151 D SurfaceFlinger:
04-15 09:53:25.614 19294 19301 I factdetail.test: Compiler allocated 5066KB to compile void android.view.ViewRootImpl.performTraversals()
04-15 09:53:25.640  2000  2000 D QSClock : onDarkChanged tint=DARK
04-15 09:53:25.733  2461  2461 I HoneySpace.EdgePanel.EdgeVisibilityRepository: getComputedTrayVisible : keyguardState = 1
04-15 09:53:25.733  2461  2461 I HoneySpace.EdgePanel.EdgeVisibilityRepository: updateTrayVisible: State = 0x1, visible = true, current containerState = 0, specificMode = 0
04-15 09:53:25.733  2461  2461 I HoneySpace.EdgePanel.EdgeVisibilityRepository: Same container state 0
04-15 09:53:25.821  1059 19353 I HYPER-HAL: [RequestManager.cpp]releaseLocked(): Released ID : 1223852
04-15 09:53:25.883  2000  2115 E FrameTracker: force finish cuj, time out: J<DEFAULT_TASK_TO_TASK_ANIMATION>
04-15 09:53:25.963  1542  1598 W libprocessgroup: SetCgroup::ExecuteForProcess: failed to open /dev/cpuctl/foreground-boost/cgroup.procs: No such file or directory
04-15 09:53:25.964  1542  1598 W libprocessgroup: SetCgroup::ExecuteForProcess: failed to open /dev/cpuctl/foreground-boost/cgroup.procs: No such file or directory
04-15 09:53:25.966  6698  6941 I FontLog : (REDACTED) Received query %s, URI %s
04-15 09:53:25.966  6698  6941 I FontLog : (REDACTED) Query [%s] resolved to %s
04-15 09:53:25.966  1151  1151 D SurfaceFlinger: Display 4633128672291735999 HWC layers:
04-15 09:53:25.966  1151  1151 D SurfaceFlinger:        DEVICE |           82867099009025 | 00002102 | RGBA_8888    |    0.0    0.0  720.0 1544.0 |    0    0  720 1544 | com.catfact.app.feature.factdetail.t[...]ivity.ComponentActivity$_19294#18507 (1)
04-15 09:53:25.966  1151  1151 D SurfaceFlinger:        DEVICE |            8589934654704 | 00002100 | RGBA_8888    |    0.0    0.0  720.0   50.0 |    0    0  720   50 | StatusBar$_2000#102 (26167)
04-15 09:53:25.966  1151  1151 D SurfaceFlinger:        DEVICE |           10569914518889 | 00002100 | RGBA_8888    |    0.0    0.0   67.0  353.0 |  653  192  720  545 | com.sec.android.app.launcher/com.sam[...]l.app.CocktailBarService$_2461#16495 (1)
04-15 09:53:25.966  1151  1151 D SurfaceFlinger:        DEVICE |            8589934654693 | 00002100 | RGBA_8888    |    0.0    0.0  720.0   90.0 |    0 1454  720 1544 | NavigationBar0$_2000#98 (16963)
04-15 09:53:25.966  1151  1151 D SurfaceFlinger:
04-15 09:53:25.967  6698  6941 I FontLog : (REDACTED) Fetch %s end status %s
04-15 09:53:25.969  6698  6941 I FontLog : (REDACTED) Pulling font file for id = %d, cache size = %d
04-15 09:53:25.971  6698  6941 I FontLog : (REDACTED) Pulling font file for id = %d, cache size = %d
04-15 09:53:25.974  2000  2105 I SurfaceControlRegistry: apply, t=FinishTransaction_SyncId<1652>, caller=android.view.SurfaceControl$Transaction.apply:3459 android.view.SurfaceControl$Transaction.apply:3447 android.view.SurfaceControl$Transaction.apply:3397 com.android.wm.shell.transition.Transitions.onFinish:315 com.android.wm.shell.transition.Transitions$$ExternalSyntheticLambda7.onTransitionFinished:12 com.android.wm.shell.transition.DefaultTransitionHandler$$ExternalSyntheticLambda2.run:36
04-15 09:53:25.976  3979  3979 I VRI[AllInOneCalendarActivity]@65809d: handleAppVisibility mAppVisible = true visible = false
04-15 09:53:25.976  3979  3979 D VRI[AllInOneCalendarActivity]@65809d: visibilityChanged oldVisibility=true newVisibility=false
04-15 09:53:25.977  1542  2101 D SurfaceComposerClient: setCornerRadius ## f6d7816 com.catfact.app.feature.factdetail.test/androidx.activity.ComponentActivity#18503 cornerRadius=0.000000
04-15 09:53:25.977  1542  2101 D SurfaceComposerClient: setCornerRadius ## f6d7816 com.catfact.app.feature.factdetail.test/androidx.activity.ComponentActivity#18503 cornerRadius=0.000000
04-15 09:53:25.979  2000  2000 D SamsungLightBarControlHelper: updateStatusBar (WHITE icon) numStacks:1, StatusBarMode:MODE_TRANSPARENT, lightBarBounds:[], StatusBarState:SHADE, packageName:, isWhiteKeyguardStatusBar:false
04-15 09:53:25.979  2000  2000 D SamsungLightBarControlHelper: onStatusBarAppearanceChanged() -  sbModeChanged:false, statusBarMode:0, barState:MODE_TRANSPARENT, isKeyguardShowing:false, navbarColorManagedByIme:false, (AppearanceRegion{ bounds=[0,0][720,1544]}, )
04-15 09:53:25.980  3979  4094 D Choreographer: BBA2 receive callback when in bg : 4
04-15 09:53:25.983  1151  1151 I SurfaceFlinger: RequestedLayer [Task=3801#16292] hidden!! flag  from(0) --> to(1)
04-15 09:53:25.983  1151  1151 I SurfaceFlinger: [Display 0 name="Built-in Screen"#49] setFrameRateCategory: Default
04-15 09:53:25.983  1151  1151 I SurfaceFlinger: [LayerHierarchy{RequestedLayerState{Task=3801#16292 parentId=10 z=12} 1 children}] reparent to LayerHierarchy{RequestedLayerState{DefaultTaskDisplayArea_d0#10 parentId=9} 16 children}
04-15 09:53:25.983  1151  1151 I SurfaceFlinger: [LayerHierarchy{RequestedLayerState{Task=3872#18497 parentId=10 z=13} 2 children}] reparent to LayerHierarchy{RequestedLayerState{DefaultTaskDisplayArea_d0#10 parentId=9} 17 children}
04-15 09:53:25.983  1151  1151 I SurfaceFlinger: [LayerHierarchy{RequestedLayerState{Transition Root: Task=3872#18501 z=13} 1 children}] reparent to OffscreenRoot
04-15 09:53:25.983  1151  1151 I SurfaceFlinger: [LayerHierarchy{RequestedLayerState{Transition Root: Task=3872#18501 z=13} 1 children}] RelativeParent to null
04-15 09:53:25.983  1151  1151 I SurfaceFlinger: [LayerHierarchy{RequestedLayerState{DimTransitionLayer for Surface(name=Task=3872)/@0x19a5940#18502 z=-1} no children}] reparent to OffscreenRoot
04-15 09:53:25.983  1151  1151 I SurfaceFlinger: [LayerHierarchy{RequestedLayerState{DimTransitionLayer for Surface(name=Task=3872)/@0x19a5940#18502 z=-1} no children}] RelativeParent to null
04-15 09:53:25.985  1151  1151 I SurfaceFlinger: id=18502 Removed DimTransitionLayer for Surface(name=Task=3872)/@0x19a5940#18502 (166)
04-15 09:53:25.985  1151  1151 I SurfaceFlinger: id=18501 Removed Transition Root: Task=3872#18501 (166)
04-15 09:53:25.986  3979  4808 D HWUI    : CacheManager::trimMemory(20)
04-15 09:53:25.986  2000  2000 D SystemUIService: SYSUI_RAM_OPTIMIZATION onTrimMemory=20
04-15 09:53:25.986  2000  2000 D CentralSurfaces: SYSUI_RAM_OPTIMIZATION onTrimMemory=20
04-15 09:53:25.987  2000  2196 D HWUI    : CacheManager::trimMemory(20)
04-15 09:53:25.988  1542  2161 I WindowManager: Relayout Window{b6a7246 u0 com.google.android.calendar/com.google.android.calendar.allinone.AllInOneCalendarActivity}: viewVisibility=8 req=720x1544 ty=1 d0
04-15 09:53:25.988  1542  2161 D SurfaceComposerClient: setCornerRadius ## f6d7816 com.catfact.app.feature.factdetail.test/androidx.activity.ComponentActivity#18503 cornerRadius=0.000000
04-15 09:53:25.988  1542  2161 D SurfaceComposerClient: setCornerRadius ## f6d7816 com.catfact.app.feature.factdetail.test/androidx.activity.ComponentActivity#18503 cornerRadius=0.000000
04-15 09:53:25.989  1542  2161 I WindowManager: Relayout hash=b6a7246, pid=3979, syncId=-1: mAttrs={(0,0)(fillxfill) sim={adjust=pan} layoutInDisplayCutoutMode=always ty=BASE_APPLICATION wanim=0x1030317
04-15 09:53:25.989  1542  2161 I WindowManager:   fl=81810100
04-15 09:53:25.989  1542  2161 I WindowManager:   pfl=100088c0
04-15 09:53:25.989  1542  2161 I WindowManager:   vsysui=700
04-15 09:53:25.989  1542  2161 I WindowManager:   bhv=1
04-15 09:53:25.989  1542  2161 I WindowManager:   fitSides=0
04-15 09:53:25.989  1542  2161 I WindowManager:   frameRateBoostOnTouch=true
04-15 09:53:25.989  1542  2161 I WindowManager:   dvrrWindowFrameRateHint=true naviIconColor=0}
04-15 09:53:25.990  1542  1585 D SurfaceComposerClient: setCornerRadius ## f6d7816 com.catfact.app.feature.factdetail.test/androidx.activity.ComponentActivity#18503 cornerRadius=0.000000
04-15 09:53:25.990  2000  2125 D StackScroller: onDisplayChanged for predraw skip to 2
04-15 09:53:25.991  2461  4179 I HoneySpace.Memory-Monitor: current state = 2, didTrim = false
04-15 09:53:25.991  2000  2000 D DisplayLifecycle: updateDisplay id = 0
04-15 09:53:25.991  1151  1151 I SurfaceFlinger: RequestedLayer [com.google.android.calendar/com.goog[...]AllInOneCalendarActivity$_3979#18490] hidden!! flag  from(0) --> to(1)
04-15 09:53:25.991  1151  1151 I SurfaceFlinger: RequestedLayer [ActivityRecord{243114305 u0 com.goog[...]llInOneCalendarActivity t3801}#16293] hidden!! flag  from(0) --> to(1)
04-15 09:53:25.992  1151  1151 I SurfaceFlinger: destroyed Transition Root: Task=3872#18501
04-15 09:53:25.992  1151  1151 I SurfaceFlinger: destroyed DimTransitionLayer for Surface(name=Task=3872)/@0x19a5940#18502
04-15 09:53:25.992  1151  1151 I SurfaceFlinger: [LayerHierarchy{RequestedLayerState{ImeContainer#15 parentId=18498 relativeParentId=18503 z=1} 1 children}] RelativeParent to LayerHierarchy{RequestedLayerState{f6d7816 com.catfact.app.feature.factdetail.test/androidx.activity.ComponentActivity#18503 parentId=18498} 2 children}
04-15 09:53:25.992  1151  1151 I SurfaceFlinger: [LayerHierarchy{RequestedLayerState{93f24f4 Splash Screen com.catfact.app.feature.factdetail.test#18499 z=2147483647} 1 children}] reparent to OffscreenRoot
04-15 09:53:25.992  1151  1151 I SurfaceFlinger: [LayerHierarchy{RequestedLayerState{93f24f4 Splash Screen com.catfact.app.feature.factdetail.test#18499 z=2147483647} 1 children}] RelativeParent to null
04-15 09:53:25.992  1151  1151 I SurfaceFlinger: [LayerHierarchy{RequestedLayerState{Splash Screen com.catfact.app.feature.factdetail.test$_2000#18500} no children}] reparent to OffscreenRoot
04-15 09:53:25.992  1151  1151 I SurfaceFlinger: [LayerHierarchy{RequestedLayerState{Splash Screen com.catfact.app.feature.factdetail.test$_2000#18500} no children}] RelativeParent to null
04-15 09:53:25.992  3979  3979 I VRI[AllInOneCalendarActivity]@65809d: Relayout returned: old=(0,0,720,1544) new=(0,0,720,1544) relayoutAsync=false req=(720,1544)8 dur=3 res=0x2 s={false 0x0} ch=true seqId=0
04-15 09:53:25.993  1151  1151 I Layer   : id=18501 Destroyed Transition Root: Task=3872#18501
04-15 09:53:25.993  3979  3979 D VRI[AllInOneCalendarActivity]@65809d: Not drawing due to not visible. Reason=!mAppVisible && !mForceDecorViewVisibility
04-15 09:53:25.993  1151  1151 I Layer   : id=18502 Destroyed DimTransitionLayer for Surface(name=Task=3872)/@0x19a5940#18502
04-15 09:53:25.993  1151  1151 I SurfaceFlinger: id=18499 Removed 93f24f4 Splash Screen com.catfact.app.feature.factdetail.test#18499 (164)
04-15 09:53:25.993  1151  1151 I SurfaceFlinger: id=18500 Removed Splash Screen com.catfact.app.feature.factdetail.test$_2000#18500 (164)
04-15 09:53:25.994  3979  4808 D HWUI    : CacheManager::trimMemory(20)
04-15 09:53:25.995  3979  3979 I VRI[AllInOneCalendarActivity]@65809d: stopped(true) old = false
04-15 09:53:25.995  3979  3979 D VRI[AllInOneCalendarActivity]@65809d: WindowStopped on com.google.android.calendar/com.google.android.calendar.allinone.AllInOneCalendarActivity set to true
04-15 09:53:25.995  3979  4808 D HWUI    : CacheManager::trimMemory(20)
04-15 09:53:25.999  1151  1151 I SurfaceFlinger: destroyed 93f24f4 Splash Screen com.catfact.app.feature.factdetail.test#18499
04-15 09:53:25.999  1151  1151 I SurfaceFlinger: destroyed Splash Screen com.catfact.app.feature.factdetail.test$_2000#18500
04-15 09:53:26.000  1151  1151 I Layer   : id=18499 Destroyed 93f24f4 Splash Screen com.catfact.app.feature.factdetail.test#18499
04-15 09:53:26.000  1151  1151 I Layer   : id=18500 Destroyed Splash Screen com.catfact.app.feature.factdetail.test$_2000#18500
04-15 09:53:26.010  1542  1582 D PkgPredictorService-SecIpmManagerServiceImpl: bg information pid:3979 uid:10279 pkgName:com.google.android.calendar
04-15 09:53:26.016  1151  1151 I SurfaceFlinger: [LayerHierarchy{RequestedLayerState{com.google.android.calendar/com.google.android.calendar.allinone.AllInOneCalendarActivity$_3979#18490} no children}] reparent to OffscreenRoot
04-15 09:53:26.016  1151  1151 I SurfaceFlinger: [LayerHierarchy{RequestedLayerState{com.google.android.calendar/com.google.android.calendar.allinone.AllInOneCalendarActivity$_3979#18490} no children}] RelativeParent to null
