04-15 09:53:34.010 19294 19294 V ActivityScenario: Activity lifecycle changed event received but ignored because the intent does not match. startActivityIntent=Intent { act=android.intent.action.MAIN cat=[android.intent.category.LAUNCHER] flg=0x10008000 cmp=com.catfact.app.feature.factdetail.test/androidx.activity.ComponentActivity }, activity.getIntent()=Intent { act=android.intent.action.MAIN cat=[android.intent.category.LAUNCHER] flg=0x10000000 xflg=0x4 cmp=com.catfact.app.feature.factdetail.test/androidx.test.core.app.InstrumentationActivityInvoker$EmptyActivity }, activity=androidx.test.core.app.InstrumentationActivityInvoker$EmptyActivity@b7a2b10
04-15 09:53:34.010 19294 19294 D ViewRootImpl: desktopMode is false
04-15 09:53:34.010 19294 19294 I ViewRootImpl: dVRR is disabled
04-15 09:53:34.011 19294 19332 D NativeCustomFrequencyManager: [NativeCFMS] BpCustomFrequencyManager::BpCustomFrequencyManager()
04-15 09:53:34.011  2000  2125 D StackScroller: onDisplayChanged for predraw skip to 2
04-15 09:53:34.011  2000  2000 D DisplayLifecycle: updateDisplay id = 0
04-15 09:53:34.012  2461  4416 I HoneySpace.Memory-Monitor: current state = 2, didTrim = false
04-15 09:53:34.012  1542  4043 D InputTransport: Input channel constructed: '4a89f97', fd=808
04-15 09:53:34.012  1542  4043 D InputTransport: Input channel constructed: '4a89f97', fd=874
04-15 09:53:34.012  1542  4043 D InputTransport: Input channel constructed: '4a89f97', fd=1041
04-15 09:53:34.012  1542  4043 D InputTransport: Input channel destroyed: '4a89f97', fd=874
04-15 09:53:34.012  1151  1200 I SurfaceFlinger: id=18728 createSurf, flag=84004, 4a89f97 com.catfact.app.feature.factdetail.test/androidx.test.core.app.InstrumentationActivityInvoker$EmptyActivity#18728
04-15 09:53:34.013  1542  4043 D InputTransport: Input channel destroyed: '4a89f97', fd=1041
04-15 09:53:34.013 19294 19294 D InputTransport: Input channel constructed: '4a89f97', fd=144
04-15 09:53:34.014 19294 19294 I InsetsController: onStateChanged: host=com.catfact.app.feature.factdetail.test/androidx.test.core.app.InstrumentationActivityInvoker$EmptyActivity, from=android.view.ViewRootImpl.onInsetsStateChanged:3026, state=InsetsState: {mDisplayFrame=Rect(0, 0 - 720, 1544), mDisplayCutout=DisplayCutout{insets=Rect(0, 50 - 0, 0) waterfall=Insets{left=0, top=0, right=0, bottom=0} boundingRect={Bounds=[Rect(0, 0 - 0, 0), Rect(341, 0 - 379, 50), Rect(0, 0 - 0, 0), Rect(0, 0 - 0, 0)]} cutoutPathParserInfo={CutoutPathParserInfo{displayWidth=720 displayHeight=1544 physicalDisplayWidth=720 physicalDisplayHeight=1544 density={1.875} cutoutSpec={M 0,0 H -10 V 26.66666666666667 H 10 V 0 H 0 Z @dp} rotation={0} scale={1.0} physicalPixelDisplaySizeRatio={1.0}}} sideOverrides={}}, mRoundedCorners=RoundedCorners{[RoundedCorner{position=TopLeft, radius=8, center=Point(8, 8)}, RoundedCorner{position=TopRight, radius=8, center=Point(712, 8)}, RoundedCorner{position=BottomRight, radius=8, center=Point(712, 1536)}, RoundedCorner{position=BottomLeft, radius=8, center=Point(8, 1536)}]}  mRoundedCornerFrame=Rect(0, 0 - 720, 1544), mPrivacyIndicatorBounds=PrivacyIndicatorBounds {static bounds=Rect(637, 0 - 720, 50) rotation=0}, mDisplayShape=DisplayShape{ spec=-311912193 displayWidth=720 displayHeight=1544 physicalPixelDisplaySizeRatio=0.5 rotation=0 offsetX=0 offsetY=0 scale=1.0}, mSources= { InsetsSource: {ec730001 mType=navigationBars mFrame=[0,1454][720,1544] mVisible=true mFlags= mSideHint=BOTTOM mBoundingRects=null}, InsetsSource: {ec730004 mType=systemGestures mFrame=[0,0][0,0] mVisible=true mFlags= mSideHint=NONE mBoundingRects=null}, InsetsSource: {ec730005 mType=mandatorySystemGestures mFrame=[0,1454][720,1544] mVisible=true mFlags= mSideHint=BOTTOM mBoundingRects=null}, InsetsSource: {ec730006 mType=tappableElement mFrame=[0,1454][720,1544] mVisible=true mFlags= mSideHint=BOTTOM mBoundingRects=null}, InsetsSource: {ec730024 mType=systemGestures mFrame=[0,0][0,0] mVisible=true mFlags= mSideHint=NONE mBoundingRects=null}, InsetsSource: {3 mType=ime mFrame=[0,0][0,0] mVisible=false mFlags= mSideHint=NONE mBoundingRects=null}, InsetsSource: {27 mType=displayCutout mFrame=[0,0][720,50] mVisible=true mFlags= mSideHint=TOP mBoundingRects=null}, InsetsSource: {43950000 mType=statusBars mFrame=[0,0][720,50] mVisible=true mFlags= mSideHint=TOP mBoundingRects=null}, InsetsSource: {43950005 mType=mandatorySystemGestures mFrame=[0,0][720,73] mVisible=true mFlags= mSideHint=TOP mBoundingRects=null}, InsetsSource: {43950006 mType=tappableElement mFrame=[0,0][720,50] mVisible=true mFlags= mSideHint=TOP mBoundingRects=null} }
04-15 09:53:34.014 19294 19294 I VRI[InstrumentationActivityInvoker$EmptyActivity]@ab4cd41: synced displayState. AttachInfo displayState=2
04-15 09:53:34.014 19294 19294 I VRI[InstrumentationActivityInvoker$EmptyActivity]@ab4cd41: setView = com.android.internal.policy.DecorView@85202d4 IsHRR=false mFlingFrameRateChange=0 TM=true
04-15 09:53:34.014 19294 19332 D HWUI    : HWUI - treat SMPTE_170M as sRGB
04-15 09:53:34.015  1151  1151 I SurfaceFlinger: [LayerHierarchy{RequestedLayerState{ImeContainer#15 parentId=18713 relativeParentId=18713 z=1} 1 children}] RelativeParent to null
04-15 09:53:34.015  1151  1151 I SurfaceFlinger: [4a89f97 com.catfact.app.feature.factdetail.test/androidx.test.core.app.InstrumentationActivityInvoker$EmptyActivity#18728] attach to parent LayerHierarchy{RequestedLayerState{ActivityRecord{223911491 u0 com.catfact.app.feature.factdetail.test/androidx.test.core.app.InstrumentationActivityInvoker$EmptyActivity t3878}#18727 parentId=18712} 1 children}
04-15 09:53:34.017  1542  4043 I WindowManager: Relayout Window{4a89f97 u0 com.catfact.app.feature.factdetail.test/androidx.test.core.app.InstrumentationActivityInvoker$EmptyActivity}: viewVisibility=0 req=720x1544 ty=1 d0
04-15 09:53:34.017  1151  2479 I SurfaceFlinger: id=18729 createSurf, flag=44004, com.catfact.app.feature.factdetail.test/androidx.test.core.app.InstrumentationActivityInvoker$EmptyActivity$_19294#18729
04-15 09:53:34.017  1151  1338 D SurfaceFlinger: [input] setFocusedWindow: <null>
04-15 09:53:34.017  1542  1677 D InputDispatcher: Once focus requested (0): <null>
04-15 09:53:34.017  1542  1677 D InputDispatcher: Focus request (0): <null> but waiting because NO_WINDOW
04-15 09:53:34.017  1542  1677 D InputDispatcher: Focus left window (0): fc05000 com.catfact.app.feature.factdetail.test/androidx.activity.ComponentActivity
04-15 09:53:34.017  1542  4043 D SurfaceComposerClient: setCornerRadius ## 4a89f97 com.catfact.app.feature.factdetail.test/androidx.test.core.app.InstrumentationActivityInvoker$EmptyActivity#18728 cornerRadius=0.000000
04-15 09:53:34.018  1542  4043 D SurfaceComposerClient: setCornerRadius ## 4a89f97 com.catfact.app.feature.factdetail.test/androidx.test.core.app.InstrumentationActivityInvoker$EmptyActivity#18728 cornerRadius=0.000000
04-15 09:53:34.018  1151  2479 I SurfaceFlinger: id=18730 createSurf, flag=24000, Surface(name=3edafdc StatusBar)/@0x3b919ed - animation-leash of insets_animation#18730
04-15 09:53:34.019  1151  2479 I SurfaceFlinger: id=18731 createSurf, flag=24000, Surface(name=8c5cec7 NavigationBar0)/@0xa68870 - animation-leash of insets_animation#18731
04-15 09:53:34.020  1542  4043 I SystemKeyManager: requested systemKeyInfo size=1 focusedWindow=com.catfact.app.feature.factdetail.test/androidx.test.core.app.InstrumentationActivityInvoker$EmptyActivity
04-15 09:53:34.020  1542  4043 I SystemKeyManager: requested systemKeyInfo size=1 focusedWindow=com.catfact.app.feature.factdetail.test/androidx.test.core.app.InstrumentationActivityInvoker$EmptyActivity
04-15 09:53:34.020  2000  2000 D NavigationBar: onSystemBarAttributesChanged() -  displayId:0, appearance:16, packageName: com.catfact.app.feature.factdetail.test (APPEARANCE_LIGHT_NAVIGATION_BARS ), navbarColorManagedByIme:false
04-15 09:53:34.021  1542  4043 I WindowManager: Relayout hash=4a89f97, pid=19294, syncId=-1: mAttrs={(0,0)(fillxfill) sim={adjust=pan forwardNavigation} layoutInDisplayCutoutMode=always ty=BASE_APPLICATION
04-15 09:53:34.021  1542  4043 I WindowManager:   fl=81810100
04-15 09:53:34.021  1542  4043 I WindowManager:   pfl=100088c0
04-15 09:53:34.021  1542  4043 I WindowManager:   bhv=1
04-15 09:53:34.021  1542  4043 I WindowManager:   fitSides=0
04-15 09:53:34.021  1542  4043 I WindowManager:   frameRateBoostOnTouch=true
04-15 09:53:34.021  1542  4043 I WindowManager:   dvrrWindowFrameRateHint=true naviIconColor=0}
04-15 09:53:34.021 19294 19294 I BLASTBufferQueue_Java: new BLASTBufferQueue, mName= VRI[InstrumentationActivityInvoker$EmptyActivity]@ab4cd41 mNativeObject= 0xb40000741c6ef030 caller= android.view.ViewRootImpl.updateBlastSurfaceIfNeeded:3585 android.view.ViewRootImpl.relayoutWindow:11685 android.view.ViewRootImpl.performTraversals:4804 android.view.ViewRootImpl.doTraversal:3924 android.view.ViewRootImpl$TraversalRunnable.run:12903 android.view.Choreographer$CallbackRecord.run:1901 android.view.Choreographer$CallbackRecord.run:1910 android.view.Choreographer.doCallbacks:1367 android.view.Choreographer.doFrame:1292 android.view.Choreographer$FrameDisplayEventReceiver.run:1870
04-15 09:53:34.022 19294 19294 I BLASTBufferQueue_Java: update, w= 720 h= 1544 mName = VRI[InstrumentationActivityInvoker$EmptyActivity]@ab4cd41 mNativeObject= 0xb40000741c6ef030 sc.mNativeObject= 0xb40000751c4f3950 format= -1 caller= android.view.ViewRootImpl.updateBlastSurfaceIfNeeded:3590 android.view.ViewRootImpl.relayoutWindow:11685 android.view.ViewRootImpl.performTraversals:4804 android.view.ViewRootImpl.doTraversal:3924 android.view.ViewRootImpl$TraversalRunnable.run:12903 android.view.Choreographer$CallbackRecord.run:1901
04-15 09:53:34.022 19294 19294 I VRI[InstrumentationActivityInvoker$EmptyActivity]@ab4cd41: Relayout returned: old=(0,0,720,1544) new=(0,0,720,1544) relayoutAsync=false req=(720,1544)0 dur=5 res=0x3 s={true 0xb40000748c585e50} ch=true seqId=0
04-15 09:53:34.022 19294 19294 I VRI[InstrumentationActivityInvoker$EmptyActivity]@ab4cd41: performConfigurationChange setNightDimText nightDimLevel=0
04-15 09:53:34.022 19294 19294 D VRI[InstrumentationActivityInvoker$EmptyActivity]@ab4cd41: mThreadedRenderer.initialize() mSurface={isValid=true 0xb40000748c585e50} hwInitialized=true
04-15 09:53:34.023 19294 19294 D VRI[InstrumentationActivityInvoker$EmptyActivity]@ab4cd41: reportNextDraw android.view.ViewRootImpl.performTraversals:5443 android.view.ViewRootImpl.doTraversal:3924 android.view.ViewRootImpl$TraversalRunnable.run:12903 android.view.Choreographer$CallbackRecord.run:1901 android.view.Choreographer$CallbackRecord.run:1910
04-15 09:53:34.023 19294 19294 D VRI[InstrumentationActivityInvoker$EmptyActivity]@ab4cd41: Setup new sync=wmsSync-VRI[InstrumentationActivityInvoker$EmptyActivity]@ab4cd41#26
04-15 09:53:34.023 19294 19294 I VRI[InstrumentationActivityInvoker$EmptyActivity]@ab4cd41: Creating new active sync group VRI[InstrumentationActivityInvoker$EmptyActivity]@ab4cd41#27
04-15 09:53:34.023 19294 19294 D VRI[InstrumentationActivityInvoker$EmptyActivity]@ab4cd41: registerCallbacksForSync syncBuffer=false
04-15 09:53:34.023 19294 19345 D VRI[InstrumentationActivityInvoker$EmptyActivity]@ab4cd41: Received frameDrawingCallback syncResult=0 frameNum=1.
04-15 09:53:34.023 19294 19345 I VRI[InstrumentationActivityInvoker$EmptyActivity]@ab4cd41: mWNT: t=0xb4000074fc5337d0 mBlastBufferQueue=0xb40000741c6ef030 fn= 1 HdrRenderState mRenderHdrSdrRatio=1.0 caller= android.view.ViewRootImpl$12.onFrameDraw:15441 android.view.ThreadedRenderer$1.onFrameDraw:718 <bottom of call stack>
04-15 09:53:34.023 19294 19345 I VRI[InstrumentationActivityInvoker$EmptyActivity]@ab4cd41: Setting up sync and frameCommitCallback
04-15 09:53:34.024 19294 19332 I BLASTBufferQueue: [VRI[InstrumentationActivityInvoker$EmptyActivity]@ab4cd41#13](f:0,a:0,s:0) onFrameAvailable the first frame is available
04-15 09:53:34.024  1151  1151 I SurfaceFlinger: [com.catfact.app.feature.factdetail.test/androidx.test.core.app.InstrumentationActivityInvoker$EmptyActivity$_19294#18729] attach to parent LayerHierarchy{RequestedLayerState{4a89f97 com.catfact.app.feature.factdetail.test/androidx.test.core.app.InstrumentationActivityInvoker$EmptyActivity#18728 parentId=18727} 1 children}
04-15 09:53:34.024  1151  1151 I SurfaceFlinger: [Surface(name=3edafdc StatusBar)/@0x3b919ed - animation-leash of insets_animation#18730] attach to parent LayerHierarchy{RequestedLayerState{WindowToken{7a8fc4f type=2000 android.os.BinderProxy@a9d7329}#94 parentId=17} 2 children}
04-15 09:53:34.024 19294 19332 I VRI[InstrumentationActivityInvoker$EmptyActivity]@ab4cd41: Received frameCommittedCallback lastAttemptedDrawFrameNum=1 didProduceBuffer=true
04-15 09:53:34.024  1151  1151 I SurfaceFlinger: [Surface(name=8c5cec7 NavigationBar0)/@0xa68870 - animation-leash of insets_animation#18731] attach to parent LayerHierarchy{RequestedLayerState{WindowToken{fc018e2 type=2019 android.os.BinderProxy@bda3ac4}#90 parentId=34} 2 children}
04-15 09:53:34.024  1151  1200 I SurfaceFlinger: [com.catfact.app.feature.factdetail.test/androidx.test.core.app.InstrumentationActivityInvoker$EmptyActivity$_19294#18729] setTransactionState with the first frame. bufferData(ID: 82867099009076, frameNumber: 1)
04-15 09:53:34.024 19294 19332 D HWUI    : CFMS:: SetUp Pid : 19294    Tid : 19332
04-15 09:53:34.024 19294 19294 D VRI[InstrumentationActivityInvoker$EmptyActivity]@ab4cd41: reportDrawFinished seqId=0
04-15 09:53:34.025 19294 19294 I ImeFocusController: onPreWindowFocus: skipped hasWindowFocus=false mHasImeFocus=true
04-15 09:53:34.025  1542  1585 D SurfaceComposerClient: setCornerRadius ## 4a89f97 com.catfact.app.feature.factdetail.test/androidx.test.core.app.InstrumentationActivityInvoker$EmptyActivity#18728 cornerRadius=0.000000
04-15 09:53:34.025 19294 19294 I ImeFocusController: onPostWindowFocus: skipped hasWindowFocus=false mHasImeFocus=true
04-15 09:53:34.025  1542  1585 D SurfaceComposerClient: setCornerRadius ## 4a89f97 com.catfact.app.feature.factdetail.test/androidx.test.core.app.InstrumentationActivityInvoker$EmptyActivity#18728 cornerRadius=0.000000
04-15 09:53:34.026  1542  1585 I SemDvfsHyPerManager: acquire hyper - AMS_RESUME_TAIL/1542@22, type = -999
04-15 09:53:34.026  1542  1585 I SemDvfsHyPerManager: acquire hyper - AMS_ACT_LAZY/1542@23, type = -999
04-15 09:53:34.026  1059  1180 I HYPER-HAL: [RequestManager.cpp]acquire(): Acquired ID : 1223852  [1542 / 22]    HINT : AMS_RESUME_TAIL    list :
04-15 09:53:34.026  1151  1200 I SurfaceFlinger: id=18732 createSurf, flag=84004, Transition Root: ActivityRecord{223911491 u0 com.catfact.app.feature.factdetail.test/androidx.test.core.app.InstrumentationActivityInvoker$EmptyActivity t3878}#18732
04-15 09:53:34.027  1059  1180 I HYPER-HAL: [RequestManager.cpp]releaseLocked(): Released ID : 1220723
04-15 09:53:34.027  1542  1585 I SurfaceControlRegistry: show, t=StartTransaction_SyncId<1671> sc=ActivityRecord{223911491 u0 com.catfact.app.feature.factdetail.test/androidx.test.core.app.InstrumentationActivityInvoker$EmptyActivity t3878}, caller=android.view.SurfaceControl$Transaction.show:3557 com.android.server.wm.Transition.onTransactionReady:2048 com.android.server.wm.BLASTSyncEngine$SyncGroup.finishNow:240 com.android.server.wm.BLASTSyncEngine.onSurfacePlacement:263 com.android.server.wm.RootWindowContainer.performSurfacePlacementNoTrace:1083 com.android.server.wm.WindowSurfacePlacer.performSurfacePlacement:166
04-15 09:53:34.027  1542  1585 D SurfaceComposerClient: setCornerRadius ## ActivityRecord{182502404 u0 com.catfact.app.feature.factdetail.test/androidx.activity.ComponentActivity t3878}#18713 cornerRadius=0.000000
04-15 09:53:34.027  1542  1585 D SurfaceComposerClient: setCornerRadius ## ActivityRecord{223911491 u0 com.catfact.app.feature.factdetail.test/androidx.test.core.app.InstrumentationActivityInvoker$EmptyActivity t3878}#18727 cornerRadius=0.000000
04-15 09:53:34.029  1542  1585 D SurfaceComposerClient: setCornerRadius ## 4a89f97 com.catfact.app.feature.factdetail.test/androidx.test.core.app.InstrumentationActivityInvoker$EmptyActivity#18728 cornerRadius=0.000000
04-15 09:53:34.029  1542  1581 I ActivityTaskManager: Displayed com.catfact.app.feature.factdetail.test/androidx.test.core.app.InstrumentationActivityInvoker$EmptyActivity for user 0: +31ms
04-15 09:53:34.029  3152  3152 E pageboostd: Received HALT command code 2
04-15 09:53:34.029  1542  1585 D SurfaceComposerClient: setCornerRadius ## 4a89f97 com.catfact.app.feature.factdetail.test/androidx.test.core.app.InstrumentationActivityInvoker$EmptyActivity#18728 cornerRadius=0.000000
04-15 09:53:34.029  2000  2105 I SurfaceControlRegistry: hide, t=FinishTransaction_SyncId<1671> sc=ActivityRecord{182502404 u0 com.catfact.app.feature.factdetail.test/androidx.activity.ComponentActivity t3878}, caller=android.view.SurfaceControl$Transaction.hide:3583 com.android.wm.shell.transition.Transitions.dispatchReady:1263 com.android.wm.shell.transition.Transitions.onTransitionReady:251 com.android.wm.shell.transition.Transitions$TransitionPlayerImpl$$ExternalSyntheticLambda0.run:13 android.os.Handler.handleCallback:995 android.os.Handler.dispatchMessage:103
04-15 09:53:34.030  2000  2105 I SurfaceControlRegistry: show, t=StartTransaction_SyncId<1671> sc=ActivityRecord{223911491 u0 com.catfact.app.feature.factdetail.test/androidx.test.core.app.InstrumentationActivityInvoker$EmptyActivity t3878}, caller=android.view.SurfaceControl$Transaction.show:3557 com.android.wm.shell.transition.Transitions.dispatchReady:1279 com.android.wm.shell.transition.Transitions.onTransitionReady:251 com.android.wm.shell.transition.Transitions$TransitionPlayerImpl$$ExternalSyntheticLambda0.run:13 android.os.Handler.handleCallback:995 android.os.Handler.dispatchMessage:103
04-15 09:53:34.030  2000  2000 D NavigationBar: onSystemBarAttributesChanged() -  displayId:0, appearance:0, packageName: com.catfact.app.feature.factdetail.test, navbarColorManagedByIme:false
04-15 09:53:34.030  2000  2105 I SurfaceControlRegistry: show, t=FinishTransaction_SyncId<1671> sc=ActivityRecord{223911491 u0 com.catfact.app.feature.factdetail.test/androidx.test.core.app.InstrumentationActivityInvoker$EmptyActivity t3878}, caller=android.view.SurfaceControl$Transaction.show:3557 com.android.wm.shell.transition.Transitions.dispatchReady:1330 com.android.wm.shell.transition.Transitions.onTransitionReady:251 com.android.wm.shell.transition.Transitions$TransitionPlayerImpl$$ExternalSyntheticLambda0.run:13 android.os.Handler.handleCallback:995 android.os.Handler.dispatchMessage:103
04-15 09:53:34.030  2000  2000 D SamsungLightBarControlHelper: updateNavigationBar (WHITE button) isLightOpaque:false, hasLightNavigationBarFlag:false, packageName:com.catfact.app.feature.factdetail.test, DirectReplying:false, NavBarColorMangedByIme:false, ForceDarkForScrim:false, ForceLightForScrim:false, QsCustomizing:false, QsExpanded:false
04-15 09:53:34.030  2000  2105 I SurfaceControlRegistry: show, t=StartTransaction_SyncId<1671> sc=Transition Root: ActivityRecord{223911491 u0 com.catfact.app.feature.factdetail.test/androidx.test.core.app.InstrumentationActivityInvoker$EmptyActivity t3878}, caller=android.view.SurfaceControl$Transaction.show:3557 com.android.wm.shell.transition.Transitions.playTransition:79 com.android.wm.shell.transition.Transitions.processReadyQueue:239 com.android.wm.shell.transition.Transitions.dispatchReady:1352 com.android.wm.shell.transition.Transitions.onTransitionReady:251 com.android.wm.shell.transition.Transitions$TransitionPlayerImpl$$ExternalSyntheticLambda0.run:13
04-15 09:53:34.032  2000  2105 I SurfaceControlRegistry: apply, t=StartTransaction_SyncId<1671>, caller=android.view.SurfaceControl$Transaction.apply:3459 android.view.SurfaceControl$Transaction.apply:3447 android.view.SurfaceControl$Transaction.apply:3397 com.android.wm.shell.transition.DefaultTransitionHandler.startAnimation:3387 com.android.wm.shell.transition.Transitions.dispatchTransition:90 com.android.wm.shell.transition.Transitions.playTransition:774
04-15 09:53:34.032  1151  1151 I SurfaceFlinger: [LayerHierarchy{RequestedLayerState{8c5cec7 NavigationBar0#91 parentId=18731} 1 children}] reparent to LayerHierarchy{RequestedLayerState{Surface(name=8c5cec7 NavigationBar0)/@0xa68870 - animation-leash of insets_animation#18731 parentId=90} 1 children}
04-15 09:53:34.032  1151  1151 I SurfaceFlinger: [LayerHierarchy{RequestedLayerState{3edafdc StatusBar#95 parentId=18730} 1 children}] reparent to LayerHierarchy{RequestedLayerState{Surface(name=3edafdc StatusBar)/@0x3b919ed - animation-leash of insets_animation#18730 parentId=94} 1 children}
04-15 09:53:34.032  1151  1151 I SurfaceFlinger: [LayerHierarchy{RequestedLayerState{Surface(name=3edafdc StatusBar)/@0x3b919ed - animation-leash of insets_animation#18723} no children}] reparent to OffscreenRoot
04-15 09:53:34.032  1151  1151 I SurfaceFlinger: [LayerHierarchy{RequestedLayerState{Surface(name=3edafdc StatusBar)/@0x3b919ed - animation-leash of insets_animation#18723} no children}] RelativeParent to null
04-15 09:53:34.032  1151  1151 I SurfaceFlinger: [LayerHierarchy{RequestedLayerState{Surface(name=8c5cec7 NavigationBar0)/@0xa68870 - animation-leash of insets_animation#18724} no children}] reparent to OffscreenRoot
04-15 09:53:34.032  1151  1151 I SurfaceFlinger: [LayerHierarchy{RequestedLayerState{Surface(name=8c5cec7 NavigationBar0)/@0xa68870 - animation-leash of insets_animation#18724} no children}] RelativeParent to null
04-15 09:53:34.032  1151  1151 I SurfaceFlinger: [Transition Root: ActivityRecord{223911491 u0 com.catfact.app.feature.factdetail.test/androidx.test.core.app.InstrumentationActivityInvoker$EmptyActivity t3878}#18732] attach to parent LayerHierarchy{RequestedLayerState{Task=3878#18712 parentId=10 z=13} 3 children}
04-15 09:53:34.033  2000  2105 I SurfaceControlRegistry: apply, t=FinishTransaction_SyncId<1671>, caller=android.view.SurfaceControl$Transaction.apply:3459 android.view.SurfaceControl$Transaction.apply:3447 android.view.SurfaceControl$Transaction.apply:3397 com.android.wm.shell.transition.Transitions.onFinish:315 com.android.wm.shell.transition.Transitions$$ExternalSyntheticLambda7.onTransitionFinished:12 com.android.wm.shell.transition.DefaultTransitionHandler$$ExternalSyntheticLambda2.run:36
04-15 09:53:34.033  2000  2000 D SystemUIService: SYSUI_RAM_OPTIMIZATION onTrimMemory=20
04-15 09:53:34.033  2000  2000 D CentralSurfaces: SYSUI_RAM_OPTIMIZATION onTrimMemory=20
04-15 09:53:34.034  2000  2196 D HWUI    : CacheManager::trimMemory(20)
04-15 09:53:34.034  1151  1338 D SurfaceFlinger: [input] setFocusedWindow: 4a89f97 com.catfact.app.feature.factdetail.test/androidx.test.core.app.InstrumentationActivityInvoker$EmptyActivity
04-15 09:53:34.034  1542  2101 D InputDispatcher: Once focus requested (0): 4a89f97 com.catfact.app.feature.factdetail.test/androidx.test.core.app.InstrumentationActivityInvoker$EmptyActivity
04-15 09:53:34.034  1542  2101 D InputDispatcher: Focus request (0): 4a89f97 com.catfact.app.feature.factdetail.test/androidx.test.core.app.InstrumentationActivityInvoker$EmptyActivity but waiting because NO_WINDOW
04-15 09:53:34.036  1151  1200 I SurfaceFlinger: id=18733 createSurf, flag=84000, 8b0befd ActivityRecordInputSink com.catfact.app.feature.factdetail.test/androidx.test.core.app.InstrumentationActivityInvoker$EmptyActivity#18733
04-15 09:53:34.038  2000  2105 D ShellDesktopMode: handleRequest: TransitionRequestInfo {type=2, tid=3878, debugId=1672}
04-15 09:53:34.039 19294 19294 D LifecycleMonitor: Lifecycle status change: androidx.test.core.app.InstrumentationActivityInvoker$EmptyActivity@b7a2b10 in: PAUSED
04-15 09:53:34.039 19294 19294 V ActivityScenario: Activity lifecycle changed event received but ignored because the intent does not match. startActivityIntent=Intent { act=android.intent.action.MAIN cat=[android.intent.category.LAUNCHER] flg=0x10008000 cmp=com.catfact.app.feature.factdetail.test/androidx.activity.ComponentActivity }, activity.getIntent()=Intent { act=android.intent.action.MAIN cat=[android.intent.category.LAUNCHER] flg=0x10000000 xflg=0x4 cmp=com.catfact.app.feature.factdetail.test/androidx.test.core.app.InstrumentationActivityInvoker$EmptyActivity }, activity=androidx.test.core.app.InstrumentationActivityInvoker$EmptyActivity@b7a2b10
04-15 09:53:34.039  1542  1558 I SemDvfsHyPerManager: acquire hyper - AMS_ACT_RESUME/1542@19, type = -999
04-15 09:53:34.040  2461  2584 I HoneySpace.TopTaskSource: onTaskMovedToFront : taskId = 3514, displayId = 0
04-15 09:53:34.040  2461  2586 I HoneySpace.TopTaskUseCase: topTasks 3514 ComponentInfo{com.sec.android.app.launcher/com.sec.android.app.launcher.Launcher}[displayId=0]
04-15 09:53:34.040  1059  1180 I HYPER-HAL: [RequestManager.cpp]acquire(): Acquired ID : 1219160  [1542 / 19]    HINT : AMS_ACT_RESUME    list :
04-15 09:53:34.041  2461  2584 I HoneySpace.TopTaskSource: onTaskMovedToFront : taskId = 3801, displayId = 0
04-15 09:53:34.041  1151  1151 I SurfaceFlinger: RequestedLayer [ActivityRecord{223911491 u0 com.catf[...]tyInvoker$EmptyActivity t3878}#18727] hidden!! flag  from(1) --> to(0)
04-15 09:53:34.041  1151  1151 E SurfaceFlinger: alpha changed 1.000 -> 0.000 - ActivityRecord{223911491 u0 com.catfact.app.feature.factdetail.test/androidx.test.core.app.InstrumentationActivityInvoker$EmptyActivity t3878}#18727
04-15 09:53:34.041  1151  1151 I SurfaceFlinger: RequestedLayer [4a89f97 com.catfact.app.feature.fact[...]nActivityInvoker$EmptyActivity#18728] hidden!! flag  from(1) --> to(0)
04-15 09:53:34.041  1151  1151 I SurfaceFlinger: RequestedLayer [com.catfact.app.feature.factdetail.t[...]tyInvoker$EmptyActivity$_19294#18729] hidden!! flag  from(1) --> to(0)
04-15 09:53:34.041  1151  1151 I SurfaceFlinger: RequestedLayer [Transition Root: ActivityRecord{2239[...]tyInvoker$EmptyActivity t3878}#18732] hidden!! flag  from(1) --> to(0)
04-15 09:53:34.041  1151  1151 I SurfaceFlinger: RequestedLayer [ActivityRecord{182502404 u0 com.catf[...]ivity.ComponentActivity t3878}#18713] hidden!! flag  from(0) --> to(1)
04-15 09:53:34.041  1151  1151 E SurfaceFlinger: alpha changed 0.000 -> 1.000 - ActivityRecord{223911491 u0 com.catfact.app.feature.factdetail.test/androidx.test.core.app.InstrumentationActivityInvoker$EmptyActivity t3878}#18727
04-15 09:53:34.041  1151  1151 I SurfaceFlinger: [Display 0 name="Built-in Screen"#49] setFrameRateCategory: Default
04-15 09:53:34.041  1151  1151 I SurfaceFlinger: [Display 0 name="Built-in Screen"#49] setFrameRateCategory: High
04-15 09:53:34.041  2461  2586 I HoneySpace.TopTaskUseCase: topTasks 3801 ComponentInfo{com.google.android.calendar/com.google.android.calendar.allinone.AllInOneCalendarActivity}[displayId=0]
04-15 09:53:34.041  1151  1151 I SurfaceFlinger: [LayerHierarchy{RequestedLayerState{ActivityRecord{182502404 u0 com.catfact.app.feature.factdetail.test/androidx.activity.ComponentActivity t3878}#18713 parentId=18712} 3 children}] reparent to LayerHierarchy{RequestedLayerState{Task=3878#18712 parentId=10 z=13} 3 children}
04-15 09:53:34.041  1151  1151 I SurfaceFlinger: [LayerHierarchy{RequestedLayerState{ActivityRecord{223911491 u0 com.catfact.app.feature.factdetail.test/androidx.test.core.app.InstrumentationActivityInvoker$EmptyActivity t3878}#18727 parentId=18712 z=1} 1 children}] reparent to LayerHierarchy{RequestedLayerState{Task=3878#18712 parentId=10 z=13} 3 children}
04-15 09:53:34.041  1151  1151 I SurfaceFlinger: [LayerHierarchy{RequestedLayerState{Transition Root: ActivityRecord{223911491 u0 com.catfact.app.feature.factdetail.test/androidx.test.core.app.InstrumentationActivityInvoker$EmptyActivity t3878}#18732 z=1} no children}] reparent to OffscreenRoot
04-15 09:53:34.041  1151  1151 I SurfaceFlinger: [LayerHierarchy{RequestedLayerState{Transition Root: ActivityRecord{223911491 u0 com.catfact.app.feature.factdetail.test/androidx.test.core.app.InstrumentationActivityInvoker$EmptyActivity t3878}#18732 z=1} no children}] RelativeParent to null
04-15 09:53:34.041  1151  1151 I SurfaceFlinger: [8b0befd ActivityRecordInputSink com.catfact.app.feature.factdetail.test/androidx.test.core.app.InstrumentationActivityInvoker$EmptyActivity#18733] attach to parent LayerHierarchy{RequestedLayerState{ActivityRecord{223911491 u0 com.catfact.app.feature.factdetail.test/androidx.test.core.app.InstrumentationActivityInvoker$EmptyActivity t3878}#18727 parentId=18712 z=1} 2 children}
04-15 09:53:34.041  1542  1558 D InputDispatcher: Focused application(0): ActivityRecord{243114305 u0 com.google.android.calendar/.allinone.AllInOneCalendarActivity t3801}
04-15 09:53:34.041  1542  1825 D AS.MultiSoundManager: mForegroundUid = 10279
04-15 09:53:34.042  2461  4416 I HoneySpace.RecentTasks: onRecentTasksChanged
04-15 09:53:34.043 19294 19294 I VRI[ComponentActivity]@d1219a7: handleAppVisibility mAppVisible = true visible = false
04-15 09:53:34.043 19294 19294 D VRI[ComponentActivity]@d1219a7: visibilityChanged oldVisibility=true newVisibility=false
04-15 09:53:34.043  1151  1199 I SurfaceFlinger: id=18723 Removed Surface(name=3edafdc StatusBar)/@0x3b919ed - animation-leash of insets_animation#18723 (209)
04-15 09:53:34.043  1151  1151 I BpBinder: onLastStrongRef automatically unlinking death recipients:
04-15 09:53:34.043 19294 19294 I InsetsSourceConsumer: applyRequestedVisibilityToControl: visible=true, type=statusBars, host=com.catfact.app.feature.factdetail.test/androidx.test.core.app.InstrumentationActivityInvoker$EmptyActivity
04-15 09:53:34.044 19294 19294 I InsetsSourceConsumer: applyRequestedVisibilityToControl: visible=true, type=navigationBars, host=com.catfact.app.feature.factdetail.test/androidx.test.core.app.InstrumentationActivityInvoker$EmptyActivity
04-15 09:53:34.044  1151  1378 I SurfaceFlinger: id=18724 Removed Surface(name=8c5cec7 NavigationBar0)/@0xa68870 - animation-leash of insets_animation#18724 (209)
04-15 09:53:34.044  1151  2479 I SurfaceFlinger: id=18732 Removed Transition Root: ActivityRecord{223911491 u0 com.catfact.app.feature.factdetail.test/androidx.test.core.app.InstrumentationActivityInvoker$EmptyActivity t3878}#18732 (209)
04-15 09:53:34.046  1542  1598 W libprocessgroup: SetCgroup::ExecuteForProcess: failed to open /dev/cpuctl/foreground-boost/cgroup.procs: No such file or directory
04-15 09:53:34.046  1542  1677 D GraphicsStatsService: requestRenderEngineFor(com.google.android.calendar)
04-15 09:53:34.047  1542  1598 W libprocessgroup: SetCgroup::ExecuteForProcess: failed to open /dev/cpuctl/foreground-boost/cgroup.procs: No such file or directory
04-15 09:53:34.047  1542  1598 W libprocessgroup: SetCgroup::ExecuteForProcess: failed to open /dev/cpuctl/foreground-boost/cgroup.procs: No such file or directory
04-15 09:53:34.048  1542  1582 D PkgPredictorService-SecIpmManagerServiceImpl: onForegroundActivitiesChanged pid:3979 uid:10279
04-15 09:53:34.048  1542  1582 D NetworkPolicy: already checked 10279
04-15 09:53:34.048  1151  1151 D SurfaceFlinger: Display 4633128672291735999 HWC layers:
04-15 09:53:34.048  1151  1151 D SurfaceFlinger:        DEVICE |           82867099009076 | 00002102 | RGBA_8888    |    0.0    0.0  720.0 1544.0 |    0    0  720 1544 | com.catfact.app.feature.factdetail.t[...]tyInvoker$EmptyActivity$_19294#18729 (1)
04-15 09:53:34.048  1151  1151 D SurfaceFlinger:        DEVICE |            8589934654687 | 00002100 | RGBA_8888    |    0.0    0.0  720.0   50.0 |    0    0  720   50 | StatusBar$_2000#102 (26366)
04-15 09:53:34.048  1151  1151 D SurfaceFlinger:        DEVICE |           10569914518889 | 00002100 | RGBA_8888    |    0.0    0.0   67.0  353.0 |  653  192  720  545 | com.sec.android.app.launcher/com.sam[...]l.app.CocktailBarService$_2461#16495 (1)
04-15 09:53:34.048  1151  1151 D SurfaceFlinger:        DEVICE |            8589934654705 | 00002100 | RGBA_8888    |    0.0    0.0  720.0   90.0 |    0 1454  720 1544 | NavigationBar0$_2000#98 (17152)
04-15 09:53:34.048  1151  1151 D SurfaceFlinger:
04-15 09:53:34.049  1151  1151 I SurfaceFlinger: destroyed Surface(name=3edafdc StatusBar)/@0x3b919ed - animation-leash of insets_animation#18723
04-15 09:53:34.049  1151  1151 I SurfaceFlinger: destroyed Surface(name=8c5cec7 NavigationBar0)/@0xa68870 - animation-leash of insets_animation#18724
04-15 09:53:34.049  1151  1151 I SurfaceFlinger: destroyed Transition Root: ActivityRecord{223911491 u0 com.catfact.app.feature.factdetail.test/androidx.test.core.app.InstrumentationActivityInvoker$EmptyActivity t3878}#18732
04-15 09:53:34.049  3723 26412 I [AirCmd]_ActivitySwitchDetector: onTaskFocusChanged : taskId=3801, componentName=ComponentInfo{com.google.android.calendar/com.google.android.calendar.allinone.AllInOneCalendarActivity}
04-15 09:53:34.049  3723 26412 I [AirCmd]_ActivitySwitchDetector: onTaskFocusChanged :mTopMostActivity = ComponentInfo{com.catfact.app.feature.factdetail.test/androidx.activity.ComponentActivity}
04-15 09:53:34.049  2000  2120 D ViewRootImpl: desktopMode is false
04-15 09:53:34.050  2000  2120 I ViewRootImpl: dVRR is disabled
04-15 09:53:34.050  2000  2000 D SystemUIService: SYSUI_RAM_OPTIMIZATION onTrimMemory=20
04-15 09:53:34.050  2461  2584 I HoneySpace.TopTaskSource: onTaskFocusChanged(): taskId = 3801
04-15 09:53:34.050  2000  2000 D CentralSurfaces: SYSUI_RAM_OPTIMIZATION onTrimMemory=20
04-15 09:53:34.050  2000  2000 I {OngoingActivityController}: onTaskFocusChanged but OA data is empty
04-15 09:53:34.050  1542  4043 I WindowManager: Relayout Window{fc05000 u0 com.catfact.app.feature.factdetail.test/androidx.activity.ComponentActivity}: viewVisibility=8 req=720x1544 ty=1 d0
04-15 09:53:34.051  2000  2196 D NativeCustomFrequencyManager: [NativeCFMS] BpCustomFrequencyManager::BpCustomFrequencyManager()
04-15 09:53:34.051  2000  2196 D HWUI    : CacheManager::trimMemory(20)
04-15 09:53:34.051  1542  1582 D NetworkPolicy: already checked 10279
04-15 09:53:34.051  1151  1151 I Layer   : id=18723 Destroyed Surface(name=3edafdc StatusBar)/@0x3b919ed - animation-leash of insets_animation#18723
04-15 09:53:34.051  1151  1151 I Layer   : id=18724 Destroyed Surface(name=8c5cec7 NavigationBar0)/@0xa68870 - animation-leash of insets_animation#18724
04-15 09:53:34.051  1151  1151 I Layer   : id=18732 Destroyed Transition Root: ActivityRecord{223911491 u0 com.catfact.app.feature.factdetail.test/androidx.test.core.app.InstrumentationActivityInvoker$EmptyActivity t3878}#18732
04-15 09:53:34.052  1542  4043 I WindowManager: Relayout hash=fc05000, pid=19294, syncId=-1: mAttrs={(0,0)(fillxfill) sim={adjust=pan forwardNavigation} layoutInDisplayCutoutMode=always ty=BASE_APPLICATION wanim=0x1030317
04-15 09:53:34.052  1542  4043 I WindowManager:   fl=81810100
04-15 09:53:34.052  1542  4043 I WindowManager:   pfl=100088c0
04-15 09:53:34.052  1542  4043 I WindowManager:   apr=210
04-15 09:53:34.052  1542  4043 I WindowManager:   bhv=1
04-15 09:53:34.052  1542  4043 I WindowManager:   fitSides=0
04-15 09:53:34.052  1542  4043 I WindowManager:   frameRateBoostOnTouch=true
04-15 09:53:34.052  1542  4043 I WindowManager:   dvrrWindowFrameRateHint=true naviIconColor=0}
04-15 09:53:34.053  1218  1218 I CameraService: onUidStateChanged: uid=10048, procState is changed. (0 -> 1)
04-15 09:53:34.054  3979  3979 I DecorView: setWindowBackground: isPopOver=false color=ff121318 d=android.graphics.drawable.ColorDrawable@c423fbd
04-15 09:53:34.054  3723 26412 I [AirCmd]_CallbackRepeater: stopRepeat : isWorking=false
04-15 09:53:34.055  3723 26412 I [AirCmd]_MediaControlStateMonitor: isForegroundAppSupportsMediaButton : mediaSession is empty
04-15 09:53:34.055  1542  2101 D InputTransport: Input channel constructed: 'faff7b4', fd=874
04-15 09:53:34.056  1542  2101 D InputTransport: Input channel constructed: 'faff7b4', fd=1041
04-15 09:53:34.056  2461  2461 I HoneySpace.EdgePanel.CocktailHostRepositoryImpl: onNoteResume
04-15 09:53:34.056  2461  2461 I HoneySpace.EdgePanel.EdgePanelContainerViewModel: cocktailHostRepository.edgePanelOperation NoteResumeComponent(componentName=ComponentInfo{com.google.android.calendar/com.google.android.calendar.allinone.AllInOneCalendarActivity})
04-15 09:53:34.056  2461  2461 I HoneySpace.EdgePanel.ActivityUtils: HomePackage : com.sec.android.app.launcher, resumePackageName : com.google.android.calendar, className : com.google.android.calendar.allinone.AllInOneCalendarActivity
04-15 09:53:34.056  1542  2101 D InputTransport: Input channel constructed: 'faff7b4', fd=1248
04-15 09:53:34.056  1542  2101 D InputTransport: Input channel destroyed: 'faff7b4', fd=1041
04-15 09:53:34.057  3723 26412 E [AirCmd]_MediaControlStateMonitor: getActiveNotificationPackageName : notification service monitor is null
04-15 09:53:34.057  3723 26412 I [AirCmd]_ButtonEventDetectionThread: enableDoubleClickDetection: enabled= true, doubleClickWaitInterval=300
04-15 09:53:34.057  1151  1200 I SurfaceFlinger: id=18734 createSurf, flag=84004, faff7b4 Splash Screen com.google.android.calendar#18734
04-15 09:53:34.057  1151  1151 I SurfaceFlinger: [faff7b4 Splash Screen com.google.android.calendar#18734] attach to parent LayerHierarchy{RequestedLayerState{ActivityRecord{243114305 u0 com.google.android.calendar/.allinone.AllInOneCalendarActivity t3801}#16293 parentId=16292} 2 children}
04-15 09:53:34.058 19294 19294 I VRI[ComponentActivity]@d1219a7: Relayout returned: old=(0,0,720,1544) new=(0,0,720,1544) relayoutAsync=false req=(720,1544)8 dur=7 res=0x2 s={false 0x0} ch=true seqId=0
04-15 09:53:34.058 19294 19294 D VRI[ComponentActivity]@d1219a7: Not drawing due to not visible. Reason=!mAppVisible && !mForceDecorViewVisibility
04-15 09:53:34.059  1542  2101 D InputTransport: Input channel destroyed: 'faff7b4', fd=1248
04-15 09:53:34.059  2000  2120 D InputTransport: Input channel constructed: 'faff7b4', fd=691
04-15 09:53:34.059 18525 18790 I Rubin   : [146] M.c0.k(Unknown Source) : Notify com.samsung.android.rubin.inferenceengine.contextanalytics.engine.loggers.AppUsageLogger's database is updated.
04-15 09:53:34.059  2000  2120 I InsetsController: onStateChanged: host=Splash Screen com.google.android.calendar, from=android.view.ViewRootImpl.onInsetsStateChanged:3026, state=InsetsState: {mDisplayFrame=Rect(0, 0 - 720, 1544), mDisplayCutout=DisplayCutout{insets=Rect(0, 50 - 0, 0) waterfall=Insets{left=0, top=0, right=0, bottom=0} boundingRect={Bounds=[Rect(0, 0 - 0, 0), Rect(341, 0 - 379, 50), Rect(0, 0 - 0, 0), Rect(0, 0 - 0, 0)]} cutoutPathParserInfo={CutoutPathParserInfo{displayWidth=720 displayHeight=1544 physicalDisplayWidth=720 physicalDisplayHeight=1544 density={1.875} cutoutSpec={M 0,0 H -10 V 26.66666666666667 H 10 V 0 H 0 Z @dp} rotation={0} scale={1.0} physicalPixelDisplaySizeRatio={1.0}}} sideOverrides={}}, mRoundedCorners=RoundedCorners{[RoundedCorner{position=TopLeft, radius=8, center=Point(8, 8)}, RoundedCorner{position=TopRight, radius=8, center=Point(712, 8)}, RoundedCorner{position=BottomRight, radius=8, center=Point(712, 1536)}, RoundedCorner{position=BottomLeft, radius=8, center=Point(8, 1536)}]}  mRoundedCornerFrame=Rect(0, 0 - 720, 1544), mPrivacyIndicatorBounds=PrivacyIndicatorBounds {static bounds=Rect(637, 0 - 720, 50) rotation=0}, mDisplayShape=DisplayShape{ spec=-311912193 displayWidth=720 displayHeight=1544 physicalPixelDisplaySizeRatio=0.5 rotation=0 offsetX=0 offsetY=0 scale=1.0}, mSources= { InsetsSource: {ec730001 mType=navigationBars mFrame=[0,1454][720,1544] mVisible=true mFlags= mSideHint=BOTTOM mBoundingRects=null}, InsetsSource: {ec730004 mType=systemGestures mFrame=[0,0][0,0] mVisible=true mFlags= mSideHint=NONE mBoundingRects=null}, InsetsSource: {ec730005 mType=mandatorySystemGestures mFrame=[0,1454][720,1544] mVisible=true mFlags= mSideHint=BOTTOM mBoundingRects=null}, InsetsSource: {ec730006 mType=tappableElement mFrame=[0,1454][720,1544] mVisible=true mFlags= mSideHint=BOTTOM mBoundingRects=null}, InsetsSource: {ec730024 mType=systemGestures mFrame=[0,0][0,0] mVisible=true mFlags= mSideHint=NONE mBoundingRects=null}, InsetsSource: {3 mType=ime mFrame=[0,0][0,0] mVisible=false mFlags= mSideHint=NONE mBoundingRects=null}, InsetsSource: {27 mType=displayCutout mFrame=[0,0][720,50] mVisible=true mFlags= mSideHint=TOP mBoundingRects=null}, InsetsSource: {43950000 mType=statusBars mFrame=[0,0][720,50] mVisible=true mFlags= mSideHint=TOP mBoundingRects=null}, InsetsSource: {43950005 mType=mandatorySystemGestures mFrame=[0,0][720,73] mVisible=true mFlags= mSideHint=TOP mBoundingRects=null}, InsetsSource: {43950006 mType=tappableElement mFrame=[0,0][720,50] mVisible=true mFlags= mSideHint=TOP mBoundingRects=null} }
04-15 09:53:34.059  2000  2120 I VRI[calendar]@12dbaa6: onActiveControlsChanged, removed=false, mAdded=true, caller=android.view.ViewRootImpl.handleInsetsControlChanged:3002 android.view.ViewRootImpl.setView:2014 android.view.WindowManagerGlobal.addView:604 com.android.wm.shell.startingsurface.SplashscreenWindowCreator.addWindow:38 com.android.wm.shell.startingsurface.StartingWindowController$$ExternalSyntheticLambda4.run:1365
04-15 09:53:34.059  2000  2120 I VRI[calendar]@12dbaa6: synced displayState. AttachInfo displayState=2
04-15 09:53:34.060  2000  2120 I VRI[calendar]@12dbaa6: setView = android.widget.FrameLayout@479073d IsHRR=false mFlingFrameRateChange=0 TM=true
04-15 09:53:34.061  2000  2196 D HWUI    : HWUI - treat SMPTE_170M as sRGB
04-15 09:53:34.062  1542  4043 I WindowManager: Relayout Window{faff7b4 u0 Splash Screen com.google.android.calendar}: viewVisibility=0 req=720x1544 ty=3 d0
04-15 09:53:34.062  1151  1200 I SurfaceFlinger: id=18735 createSurf, flag=44004, Splash Screen com.google.android.calendar$_2000#18735
04-15 09:53:34.063  1542  4043 D SurfaceComposerClient: setCornerRadius ## faff7b4 Splash Screen com.google.android.calendar#18734 cornerRadius=0.000000
04-15 09:53:34.064  1542  4043 D SurfaceComposerClient: setCornerRadius ## faff7b4 Splash Screen com.google.android.calendar#18734 cornerRadius=0.000000
04-15 09:53:34.064  1542  4043 I WindowManager: Relayout hash=faff7b4, pid=2000, syncId=-1: mAttrs={(0,0)(fillxfill) sim={adjust=pan} layoutInDisplayCutoutMode=always ty=APPLICATION_STARTING fmt=TRANSLUCENT wanim=0x1030317
04-15 09:53:34.064  1542  4043 I WindowManager:   fl=81030118
04-15 09:53:34.064  1542  4043 I WindowManager:   pfl=10000810
04-15 09:53:34.064  1542  4043 I WindowManager:   bhv=1
04-15 09:53:34.064  1542  4043 I WindowManager:   fitSides=0
04-15 09:53:34.064  1542  4043 I WindowManager:   frameRateBoostOnTouch=true
04-15 09:53:34.064  1542  4043 I WindowManager:   dvrrWindowFrameRateHint=true naviIconColor=0}
04-15 09:53:34.065  2000  2120 I VRI[calendar]@12dbaa6: onActiveControlsChanged, removed=false, mAdded=true, caller=android.view.ViewRootImpl.handleInsetsControlChanged:3002 android.view.ViewRootImpl.relayoutWindow:11629 android.view.ViewRootImpl.performTraversals:4804 android.view.ViewRootImpl.doTraversal:3924 android.view.ViewRootImpl$TraversalRunnable.run:12903
04-15 09:53:34.065  2000  2120 I BLASTBufferQueue_Java: new BLASTBufferQueue, mName= VRI[calendar]@12dbaa6 mNativeObject= 0xb40000741d328300 caller= android.view.ViewRootImpl.updateBlastSurfaceIfNeeded:3585 android.view.ViewRootImpl.relayoutWindow:11685 android.view.ViewRootImpl.performTraversals:4804 android.view.ViewRootImpl.doTraversal:3924 android.view.ViewRootImpl$TraversalRunnable.run:12903 android.view.Choreographer$CallbackRecord.run:1901 android.view.Choreographer$CallbackRecord.run:1910 android.view.Choreographer.doCallbacks:1367 android.view.Choreographer.doFrame:1292 android.view.Choreographer$FrameDisplayEventReceiver.run:1870
04-15 09:53:34.065  2000  2120 I BLASTBufferQueue_Java: update, w= 720 h= 1544 mName = VRI[calendar]@12dbaa6 mNativeObject= 0xb40000741d328300 sc.mNativeObject= 0xb40000751c56d510 format= -3 caller= android.view.ViewRootImpl.updateBlastSurfaceIfNeeded:3590 android.view.ViewRootImpl.relayoutWindow:11685 android.view.ViewRootImpl.performTraversals:4804 android.view.ViewRootImpl.doTraversal:3924 android.view.ViewRootImpl$TraversalRunnable.run:12903 android.view.Choreographer$CallbackRecord.run:1901
04-15 09:53:34.066  1151  1151 I SurfaceFlinger: RequestedLayer [com.catfact.app.feature.factdetail.t[...]ivity.ComponentActivity$_19294#18722] hidden!! flag  from(0) --> to(1)
04-15 09:53:34.066  1151  1151 I SurfaceFlinger: [Splash Screen com.google.android.calendar$_2000#18735] attach to parent LayerHierarchy{RequestedLayerState{faff7b4 Splash Screen com.google.android.calendar#18734 parentId=16293} 1 children}
04-15 09:53:34.066  2000  2120 I VRI[calendar]@12dbaa6: Relayout returned: old=(0,0,720,1544) new=(0,0,720,1544) relayoutAsync=false req=(720,1544)0 dur=4 res=0x3 s={true 0xb40000748cc63bc0} ch=true seqId=0
04-15 09:53:34.066  2000  2120 I VRI[calendar]@12dbaa6: performConfigurationChange setNightDimText nightDimLevel=0
04-15 09:53:34.067  2000  2120 D VRI[calendar]@12dbaa6: mThreadedRenderer.initialize() mSurface={isValid=true 0xb40000748cc63bc0} hwInitialized=true
04-15 09:53:34.067  2000  2120 D VRI[calendar]@12dbaa6: reportNextDraw android.view.ViewRootImpl.performTraversals:5443 android.view.ViewRootImpl.doTraversal:3924 android.view.ViewRootImpl$TraversalRunnable.run:12903 android.view.Choreographer$CallbackRecord.run:1901 android.view.Choreographer$CallbackRecord.run:1910
04-15 09:53:34.067  2000  2120 D VRI[calendar]@12dbaa6: Setup new sync=wmsSync-VRI[calendar]@12dbaa6#96
04-15 09:53:34.067  2000  2120 I VRI[calendar]@12dbaa6: Creating new active sync group VRI[calendar]@12dbaa6#97
04-15 09:53:34.068  2000  2120 D VRI[calendar]@12dbaa6: registerCallbacksForSync syncBuffer=false
04-15 09:53:34.069  2000  2195 D VRI[calendar]@12dbaa6: Received frameDrawingCallback syncResult=0 frameNum=1.
04-15 09:53:34.069  2000  2195 I VRI[calendar]@12dbaa6: mWNT: t=0xb4000074fc6f1d90 mBlastBufferQueue=0xb40000741d328300 fn= 1 HdrRenderState mRenderHdrSdrRatio=1.0 caller= android.view.ViewRootImpl$12.onFrameDraw:15441 android.view.ThreadedRenderer$1.onFrameDraw:718 <bottom of call stack>
04-15 09:53:34.069  2000  2195 I VRI[calendar]@12dbaa6: Setting up sync and frameCommitCallback
04-15 09:53:34.071  2000  2196 I BLASTBufferQueue: [VRI[calendar]@12dbaa6#850](f:0,a:0,s:0) onFrameAvailable the first frame is available
04-15 09:53:34.071  2000  2196 I VRI[calendar]@12dbaa6: Received frameCommittedCallback lastAttemptedDrawFrameNum=1 didProduceBuffer=true
04-15 09:53:34.071  1151  1378 I SurfaceFlinger: [Splash Screen com.google.android.calendar$_2000#18735] setTransactionState with the first frame. bufferData(ID: 8589934655916, frameNumber: 1)
04-15 09:53:34.073  2000  2196 D HWUI    : CFMS:: SetUp Pid : 2000    Tid : 2196
04-15 09:53:34.074  1542  3827 D SyncManager: userId - 0 auto - true
04-15 09:53:34.075  2000  2120 D VRI[calendar]@12dbaa6: reportDrawFinished seqId=0
04-15 09:53:34.076  1542  1585 D SurfaceComposerClient: setCornerRadius ## faff7b4 Splash Screen com.google.android.calendar#18734 cornerRadius=0.000000
04-15 09:53:34.076  1542  1585 D SurfaceComposerClient: setCornerRadius ## faff7b4 Splash Screen com.google.android.calendar#18734 cornerRadius=0.000000
04-15 09:53:34.077  1151  1199 I SurfaceFlinger: id=18736 createSurf, flag=84004, Transition Root: Task=3801#18736
04-15 09:53:34.079  1542  1585 I SurfaceControlRegistry: show, t=StartTransaction_SyncId<1672> sc=ActivityRecord{243114305 u0 com.google.android.calendar/.allinone.AllInOneCalendarActivity t3801}, caller=android.view.SurfaceControl$Transaction.show:3557 com.android.server.wm.Transition.onTransactionReady:2048 com.android.server.wm.BLASTSyncEngine$SyncGroup.finishNow:240 com.android.server.wm.BLASTSyncEngine.onSurfacePlacement:263 com.android.server.wm.RootWindowContainer.performSurfacePlacementNoTrace:1083 com.android.server.wm.WindowSurfacePlacer.performSurfacePlacement:166
04-15 09:53:34.079  1542  1585 D SurfaceComposerClient: setCornerRadius ## Task=3878#18712 cornerRadius=0.000000
04-15 09:53:34.079  1542  1585 D SurfaceComposerClient: setCornerRadius ## Task=3801#16292 cornerRadius=0.000000
04-15 09:53:34.080  1542  1585 D ScreenCapture: [Capture_TEST] : setIsScreenShotBySystem false
04-15 09:53:34.080  1542  1585 I SurfaceComposerClient: captureLayers:childrenOnly:1, sync:1
04-15 09:53:34.081  2000  2105 I SurfaceControlRegistry: hide, t=FinishTransaction_SyncId<1672> sc=Task=3878, caller=android.view.SurfaceControl$Transaction.hide:3583 com.android.wm.shell.transition.Transitions.dispatchReady:1263 com.android.wm.shell.transition.Transitions.onTransitionReady:251 com.android.wm.shell.transition.Transitions$TransitionPlayerImpl$$ExternalSyntheticLambda0.run:13 android.os.Handler.handleCallback:995 android.os.Handler.dispatchMessage:103
04-15 09:53:34.081  2000  2105 I SurfaceControlRegistry: show, t=StartTransaction_SyncId<1672> sc=Task=3801, caller=android.view.SurfaceControl$Transaction.show:3557 com.android.wm.shell.transition.Transitions.dispatchReady:1279 com.android.wm.shell.transition.Transitions.onTransitionReady:251 com.android.wm.shell.transition.Transitions$TransitionPlayerImpl$$ExternalSyntheticLambda0.run:13 android.os.Handler.handleCallback:995 android.os.Handler.dispatchMessage:103
04-15 09:53:34.081  2000  2105 I SurfaceControlRegistry: show, t=FinishTransaction_SyncId<1672> sc=Task=3801, caller=android.view.SurfaceControl$Transaction.show:3557 com.android.wm.shell.transition.Transitions.dispatchReady:1330 com.android.wm.shell.transition.Transitions.onTransitionReady:251 com.android.wm.shell.transition.Transitions$TransitionPlayerImpl$$ExternalSyntheticLambda0.run:13 android.os.Handler.handleCallback:995 android.os.Handler.dispatchMessage:103
