04-15 09:53:32.728  1151  1206 D RenderEngine: [SEC_SF_EFFECTS] drawLayersInternal,1494, Rendering layer com.catfact.app.feature.factdetail.test/androidx.test.core.app.InstrumentationActivityInvoker$EmptyActivity$_19294#18694 at index 1
04-15 09:53:32.729  3723 26412 E [AirCmd]_MediaControlStateMonitor: getActiveNotificationPackageName : notification service monitor is null
04-15 09:53:32.729  3723 26412 I [AirCmd]_ButtonEventDetectionThread: enableDoubleClickDetection: enabled= true, doubleClickWaitInterval=300
04-15 09:53:32.732  1151  1151 I SurfaceFlinger: RequestedLayer [1954bb2 Splash Screen com.google.android.calendar#18699] hidden!! flag  from(1) --> to(0)
04-15 09:53:32.732  1151  1151 I SurfaceFlinger: RequestedLayer [Splash Screen com.google.android.calendar$_2000#18700] hidden!! flag  from(1) --> to(0)
04-15 09:53:32.732  1151  1151 I SurfaceFlinger: RequestedLayer [Task=3801#16292] hidden!! flag  from(1) --> to(0)
04-15 09:53:32.732  1151  1151 I SurfaceFlinger: RequestedLayer [Transition Root: Task=3801#18701] hidden!! flag  from(1) --> to(0)
04-15 09:53:32.732  1151  1151 I SurfaceFlinger: RequestedLayer [ActivityRecord{243114305 u0 com.goog[...]llInOneCalendarActivity t3801}#16293] hidden!! flag  from(1) --> to(0)
04-15 09:53:32.732  1151  1151 I SurfaceFlinger: RequestedLayer [DimTransitionLayer for Surface(name=Task=3877)/@0xdf494e4#18702] hidden!! flag  from(1) --> to(0)
04-15 09:53:32.732  1151  1151 E SurfaceFlinger: alpha changed 1.000 -> 0.000 - DimTransitionLayer for Surface(name=Task=3877)/@0xdf494e4#18702
04-15 09:53:32.732  1151  1151 E SurfaceFlinger: alpha changed 0.000 -> 0.180 - DimTransitionLayer for Surface(name=Task=3877)/@0xdf494e4#18702
04-15 09:53:32.732  1151  1151 I SurfaceFlinger: [LayerHierarchy{RequestedLayerState{Task=3801#16292 parentId=18701 z=3} 1 children}] reparent to LayerHierarchy{RequestedLayerState{Transition Root: Task=3801#18701 parentId=10 z=13} 1 children}
04-15 09:53:32.732  1151  1151 I SurfaceFlinger: [LayerHierarchy{RequestedLayerState{Task=3877#18677 parentId=18701 z=4} 2 children}] reparent to LayerHierarchy{RequestedLayerState{Transition Root: Task=3801#18701 parentId=10 z=13} 2 children}
04-15 09:53:32.732  1151  1151 I SurfaceFlinger: [DimTransitionLayer for Surface(name=Task=3877)/@0xdf494e4#18702] attach to parent LayerHierarchy{RequestedLayerState{Transition Root: Task=3801#18701 parentId=10 z=13} 3 children}
04-15 09:53:32.748  1542  4043 D SyncManager: userId - 0 auto - true
04-15 09:53:32.756  1151  1151 D SurfaceFlinger: Display 4633128672291735999 HWC layers:
04-15 09:53:32.756  1151  1151 D SurfaceFlinger:        DEVICE |            8589934655899 | 00002100 | RGBA_8888    |  218.0    0.0  720.0 1544.0 |    0    0  502 1544 | Splash Screen com.google.android.calendar$_2000#18700 (1)
04-15 09:53:32.756  1151  1151 D SurfaceFlinger:   SOLID_COLOR |                        0 | 00000000 | N/A          |    0.0    0.0    0.0    0.0 |    0    0  720 1544 | DimTransitionLayer for Surface(name=Task=3877)/@0xdf494e4#18702 (0)
04-15 09:53:32.756  1151  1151 D SurfaceFlinger:        DEVICE |           82867099009068 | 00002102 | RGBA_8888    |    0.0    0.0  697.0 1544.0 |   23    0  720 1544 | com.catfact.app.feature.factdetail.t[...]tyInvoker$EmptyActivity$_19294#18694 (1)
04-15 09:53:32.756  1151  1151 D SurfaceFlinger:        DEVICE |            8589934654694 | 00002100 | RGBA_8888    |    0.0    0.0  720.0   50.0 |    0    0  720   50 | StatusBar$_2000#102 (26333)
04-15 09:53:32.756  1151  1151 D SurfaceFlinger:        DEVICE |           10569914518889 | 00002100 | RGBA_8888    |    0.0    0.0   67.0  353.0 |  653  192  720  545 | com.sec.android.app.launcher/com.sam[...]l.app.CocktailBarService$_2461#16495 (1)
04-15 09:53:32.756  1151  1151 D SurfaceFlinger:        DEVICE |            8589934654693 | 00002100 | RGBA_8
04-15 09:53:32.756  1151  1151 D SurfaceFlinger: 888    |    0.0    0.0  720.0   90.0 |    0 1454  720 1544 | NavigationBar0$_2000#98 (17127)
04-15 09:53:32.756  1151  1151 D SurfaceFlinger:
04-15 09:53:32.763  3979  3988 I ndroid.calendar: CollectorTransition concurrent mark compact GC freed 24MB AllocSpace bytes, 1(16KB) LOS objects, 66% free, 18MB/54MB, paused 6.687ms,2.480ms total 240.421ms
04-15 09:53:32.766  1542  1558 D SyncManager: userId - 0 auto - true
04-15 09:53:32.768  1542  3964 D SyncManager: userId - 0 auto - true
04-15 09:53:32.769  3979  4808 D HWUI    : CacheManager::trimMemory(20)
04-15 09:53:32.771  3979  3979 D ViewRootImpl: desktopMode is false
04-15 09:53:32.771  3979  3979 I ViewRootImpl: dVRR is disabled
04-15 09:53:32.771  3979  4808 D HWUI    : CacheManager::trimMemory(20)
04-15 09:53:32.773  3979  4808 D NativeCustomFrequencyManager: [NativeCFMS] BpCustomFrequencyManager::BpCustomFrequencyManager()
04-15 09:53:32.775  1542  2101 D InputTransport: Input channel constructed: '556ca3f', fd=874
04-15 09:53:32.775  1542  2101 D InputTransport: Input channel constructed: '556ca3f', fd=1248
04-15 09:53:32.775  1542  2101 D InputTransport: Input channel constructed: '556ca3f', fd=1250
04-15 09:53:32.775  1542  2101 D InputTransport: Input channel destroyed: '556ca3f', fd=1248
04-15 09:53:32.775  1151  1199 I SurfaceFlinger: id=18703 createSurf, flag=84004, 556ca3f com.google.android.calendar/com.google.android.calendar.allinone.AllInOneCalendarActivity#18703
04-15 09:53:32.777  1542  2101 D InputTransport: Input channel destroyed: '556ca3f', fd=1250
04-15 09:53:32.777  3979  3979 D InputTransport: Input channel constructed: '556ca3f', fd=170
04-15 09:53:32.777  3979  3979 I InsetsController: onStateChanged: host=com.google.android.calendar/com.google.android.calendar.allinone.AllInOneCalendarActivity, from=android.view.ViewRootImpl.onInsetsStateChanged:3026, state=InsetsState: {mDisplayFrame=Rect(0, 0 - 720, 1544), mDisplayCutout=DisplayCutout{insets=Rect(0, 50 - 0, 0) waterfall=Insets{left=0, top=0, right=0, bottom=0} boundingRect={Bounds=[Rect(0, 0 - 0, 0), Rect(341, 0 - 379, 50), Rect(0, 0 - 0, 0), Rect(0, 0 - 0, 0)]} cutoutPathParserInfo={CutoutPathParserInfo{displayWidth=720 displayHeight=1544 physicalDisplayWidth=720 physicalDisplayHeight=1544 density={1.875} cutoutSpec={M 0,0 H -10 V 26.66666666666667 H 10 V 0 H 0 Z @dp} rotation={0} scale={1.0} physicalPixelDisplaySizeRatio={1.0}}} sideOverrides={}}, mRoundedCorners=RoundedCorners{[RoundedCorner{position=TopLeft, radius=8, center=Point(8, 8)}, RoundedCorner{position=TopRight, radius=8, center=Point(712, 8)}, RoundedCorner{position=BottomRight, radius=8, center=Point(712, 1536)}, RoundedCorner{position=BottomLeft, radius=8, center=Point(8, 1536)}]}  mRoundedCornerFrame=Rect(0, 0 - 720, 1544), mPrivacyIndicatorBounds=PrivacyIndicatorBounds {static bounds=Rect(637, 0 - 720, 50) rotation=0}, mDisplayShape=DisplayShape{ spec=-311912193 displayWidth=720 displayHeight=1544 physicalPixelDisplaySizeRatio=0.5 rotation=0 offsetX=0 offsetY=0 scale=1.0}, mSources= { InsetsSource: {ec730001 mType=navigationBars mFrame=[0,1454][720,1544] mVisible=true mFlags= mSideHint=BOTTOM mBoundingRects=null}, InsetsSource: {ec730004 mType=systemGestures mFrame=[0,0][0,0] mVisible=true mFlags= mSideHint=NONE mBoundingRects=null}, InsetsSource: {ec730005 mType=mandatorySystemGestures mFrame=[0,1454][720,1544] mVisible=true mFlags= mSideHint=BOTTOM mBoundingRects=null}, InsetsSource: {ec730006 mType=tappableElement mFrame=[0,1454][720,1544] mVisible=true mFlags= mSideHint=BOTTOM mBoundingRects=null}, InsetsSource: {ec730024 mType=systemGestures mFrame=[0,0][0,0] mVisible=true mFlags= mSideHint=NONE mBoundingRects=null}, InsetsSource: {3 mType=ime mFrame=[0,0][0,0] mVisible=false mFlags= mSideHint=NONE mBoundingRects=null}, InsetsSource: {27 mType=displayCutout mFrame=[0,0][720,50] mVisible=true mFlags= mSideHint=TOP mBoundingRects=null}, InsetsSource: {43950000 mType=statusBars mFrame=[0,0][720,50] mVisible=true mFlags= mSideHint=TOP mBoundingRects=null}, InsetsSource: {43950005 mType=mandatorySystemGestures mFrame=[0,0][720,73] mVisible=true mFlags= mSideHint=TOP mBoundingRects=null}, InsetsSource: {43950006 mType=tappableElement mFrame=[0,0][720,50] mVisible=true mFlags= mSideHint=TOP mBoundingRects=null} }
04-15 09:53:32.778  3979  3979 I VRI[AllInOneCalendarActivity]@c55d361: synced displayState. AttachInfo displayState=2
04-15 09:53:32.778  3979  3979 I VRI[AllInOneCalendarActivity]@c55d361: setView = com.android.internal.policy.DecorView@d4ad774 IsHRR=false mFlingFrameRateChange=0 TM=true
04-15 09:53:32.782  1151  1151 I SurfaceFlinger: [556ca3f com.google.android.calendar/com.google.android.calendar.allinone.AllInOneCalendarActivity#18703] attach to parent LayerHierarchy{RequestedLayerState{ActivityRecord{243114305 u0 com.google.android.calendar/.allinone.AllInOneCalendarActivity t3801}#16293 parentId=16292} 3 children}
04-15 09:53:32.789  3963  4335 I SemDvfsHyPerManager: acquire hyper - BaseTABoost/3963@25, type = -999
04-15 09:53:32.789  1059  1180 I HYPER-HAL: [RequestManager.cpp]acquire(): Acquired ID : 7954091  [3963 / 25]    HINT :      list : [TABoost / 1]
04-15 09:53:32.790  2461 30001 I HoneySpace.RecentTasks: onRecentTasksChanged
04-15 09:53:32.790  1542  2101 I WindowManager: Relayout Window{556ca3f u0 com.google.android.calendar/com.google.android.calendar.allinone.AllInOneCalendarActivity}: viewVisibility=0 req=720x1544 ty=1 d0
04-15 09:53:32.790  3723 26412 I [AirCmd]_ActivitySwitchDetector: onTaskStackChanged : componentName - ComponentInfo{com.google.android.calendar/com.google.android.calendar.allinone.AllInOneCalendarActivity}
04-15 09:53:32.791  1151  1378 I SurfaceFlinger: id=18704 createSurf, flag=44004, com.google.android.calendar/com.google.android.calendar.allinone.AllInOneCalendarActivity$_3979#18704
04-15 09:53:32.791  1151  1151 I SurfaceFlinger: RequestedLayer [556ca3f com.google.android.calendar/[...]inone.AllInOneCalendarActivity#18703] hidden!! flag  from(1) --> to(0)
04-15 09:53:32.792  1151  1151 I SurfaceFlinger: [com.google.android.calendar/com.google.android.calendar.allinone.AllInOneCalendarActivity$_3979#18704] attach to parent LayerHierarchy{RequestedLayerState{556ca3f com.google.android.calendar/com.google.android.calendar.allinone.AllInOneCalendarActivity#18703 parentId=16293} 1 children}
04-15 09:53:32.793  1542  2101 D SurfaceComposerClient: setCornerRadius ## 1954bb2 Splash Screen com.google.android.calendar#18699 cornerRadius=0.000000
04-15 09:53:32.793  1542  2101 D SurfaceComposerClient: setCornerRadius ## 556ca3f com.google.android.calendar/com.google.android.calendar.allinone.AllInOneCalendarActivity#18703 cornerRadius=0.000000
04-15 09:53:32.794  1151  1200 I SurfaceFlinger: id=18705 createSurf, flag=24000, Surface(name=3edafdc StatusBar)/@0x3b919ed - animation-leash of insets_animation#18705
04-15 09:53:32.796  1151  1200 I SurfaceFlinger: id=18706 createSurf, flag=24000, Surface(name=8c5cec7 NavigationBar0)/@0xa68870 - animation-leash of insets_animation#18706
04-15 09:53:32.798  1542  2101 D SurfaceComposerClient: setCornerRadius ## 1954bb2 Splash Screen com.google.android.calendar#18699 cornerRadius=0.000000
04-15 09:53:32.798  1542  2101 D SurfaceComposerClient: setCornerRadius ## 556ca3f com.google.android.calendar/com.google.android.calendar.allinone.AllInOneCalendarActivity#18703 cornerRadius=0.000000
04-15 09:53:32.799  1151  1200 I SurfaceFlinger: id=18707 createSurf, flag=24000, Surface(name=3edafdc StatusBar)/@0x3b919ed - animation-leash of insets_animation#18707
04-15 09:53:32.801  1151  2758 I SurfaceFlinger: id=18708 createSurf, flag=24000, Surface(name=8c5cec7 NavigationBar0)/@0xa68870 - animation-leash of insets_animation#18708
04-15 09:53:32.802  1151  1151 I SurfaceFlinger: [Surface(name=3edafdc StatusBar)/@0x3b919ed - animation-leash of insets_animation#18705] attach to parent LayerHierarchy{RequestedLayerState{WindowToken{7a8fc4f type=2000 android.os.BinderProxy@a9d7329}#94 parentId=17} 2 children}
04-15 09:53:32.802  1151  1151 I SurfaceFlinger: [Surface(name=8c5cec7 NavigationBar0)/@0xa68870 - animation-leash of insets_animation#18706] attach to parent LayerHierarchy{RequestedLayerState{WindowToken{fc018e2 type=2019 android.os.BinderProxy@bda3ac4}#90 parentId=34} 2 children}
04-15 09:53:32.802  1151  1151 I SurfaceFlinger: [Surface(name=3edafdc StatusBar)/@0x3b919ed - animation-leash of insets_animation#18707] attach to parent LayerHierarchy{RequestedLayerState{WindowToken{7a8fc4f type=2000 android.os.BinderProxy@a9d7329}#94 parentId=17} 3 children}
04-15 09:53:32.802  1151  1151 I SurfaceFlinger: [Surface(name=8c5cec7 NavigationBar0)/@0xa68870 - animation-leash of insets_animation#18708] attach to parent LayerHierarchy{RequestedLayerState{WindowToken{fc018e2 type=2019 android.os.BinderProxy@bda3ac4}#90 parentId=34} 3 children}
04-15 09:53:32.803  1542  2101 I SystemKeyManager: requested systemKeyInfo size=1 focusedWindow=com.google.android.calendar/com.google.android.calendar.allinone.AllInOneCalendarActivity
04-15 09:53:32.803  1542  2101 I SystemKeyManager: requested systemKeyInfo size=1 focusedWindow=com.google.android.calendar/com.google.android.calendar.allinone.AllInOneCalendarActivity
04-15 09:53:32.803  1542  2101 I WindowManager: Relayout hash=556ca3f, pid=3979, syncId=-1: mAttrs={(0,0)(fillxfill) sim={adjust=pan} layoutInDisplayCutoutMode=always ty=BASE_APPLICATION wanim=0x1030317
04-15 09:53:32.803  1542  2101 I WindowManager:   fl=81810100
04-15 09:53:32.803  1542  2101 I WindowManager:   pfl=100088c0
04-15 09:53:32.803  1542  2101 I WindowManager:   vsysui=700
04-15 09:53:32.803  1542  2101 I WindowManager:   bhv=1
04-15 09:53:32.803  1542  2101 I WindowManager:   fitSides=0
04-15 09:53:32.803  1542  2101 I WindowManager:   frameRateBoostOnTouch=true
04-15 09:53:32.803  1542  2101 I WindowManager:   dvrrWindowFrameRateHint=true naviIconColor=0}
04-15 09:53:32.805  3979  3979 I BLASTBufferQueue_Java: new BLASTBufferQueue, mName= VRI[AllInOneCalendarActivity]@c55d361 mNativeObject= 0xb40000741c5d5eb0 caller= android.view.ViewRootImpl.updateBlastSurfaceIfNeeded:3585 android.view.ViewRootImpl.relayoutWindow:11685 android.view.ViewRootImpl.performTraversals:4804 android.view.ViewRootImpl.doTraversal:3924 android.view.ViewRootImpl$TraversalRunnable.run:12903 android.view.Choreographer$CallbackRecord.run:1901 android.view.Choreographer$CallbackRecord.run:1910 android.view.Choreographer.doCallbacks:1367 android.view.Choreographer.doFrame:1292 android.view.Choreographer$FrameDisplayEventReceiver.run:1870
04-15 09:53:32.805  3979  3979 I BLASTBufferQueue_Java: update, w= 720 h= 1544 mName = VRI[AllInOneCalendarActivity]@c55d361 mNativeObject= 0xb40000741c5d5eb0 sc.mNativeObject= 0xb40000751c4f6c50 format= -1 caller= android.view.ViewRootImpl.updateBlastSurfaceIfNeeded:3590 android.view.ViewRootImpl.relayoutWindow:11685 android.view.ViewRootImpl.performTraversals:4804 android.view.ViewRootImpl.doTraversal:3924 android.view.ViewRootImpl$TraversalRunnable.run:12903 android.view.Choreographer$CallbackRecord.run:1901
04-15 09:53:32.805  3979  3979 I VRI[AllInOneCalendarActivity]@c55d361: Relayout returned: old=(0,0,720,1544) new=(0,0,720,1544) relayoutAsync=false req=(720,1544)0 dur=14 res=0x3 s={true 0xb40000748c54b270} ch=true seqId=0
04-15 09:53:32.806  3979  3979 I VRI[AllInOneCalendarActivity]@c55d361: performConfigurationChange setNightDimText nightDimLevel=0
04-15 09:53:32.806  3979  3979 D VRI[AllInOneCalendarActivity]@c55d361: mThreadedRenderer.initialize() mSurface={isValid=true 0xb40000748c54b270} hwInitialized=true
04-15 09:53:32.809  1151  1151 I SurfaceFlinger: [LayerHierarchy{RequestedLayerState{8c5cec7 NavigationBar0#91 parentId=18708} 1 children}] reparent to LayerHierarchy{RequestedLayerState{Surface(name=8c5cec7 NavigationBar0)/@0xa68870 - animation-leash of insets_animation#18708 parentId=90} 1 children}
04-15 09:53:32.809  1151  1151 I SurfaceFlinger: [LayerHierarchy{RequestedLayerState{3edafdc StatusBar#95 parentId=18707} 1 children}] reparent to LayerHierarchy{RequestedLayerState{Surface(name=3edafdc StatusBar)/@0x3b919ed - animation-leash of insets_animation#18707 parentId=94} 1 children}
04-15 09:53:32.809  1151  1151 I SurfaceFlinger: [LayerHierarchy{RequestedLayerState{Surface(name=8c5cec7 NavigationBar0)/@0xa68870 - animation-leash of insets_animation#18696} no children}] reparent to OffscreenRoot
04-15 09:53:32.809  1151  1151 I SurfaceFlinger: [LayerHierarchy{RequestedLayerState{Surface(name=8c5cec7 NavigationBar0)/@0xa68870 - animation-leash of insets_animation#18696} no children}] RelativeParent to null
04-15 09:53:32.809  1151  1151 I SurfaceFlinger: [LayerHierarchy{RequestedLayerState{Surface(name=3edafdc StatusBar)/@0x3b919ed - animation-leash of insets_animation#18695} no children}] reparent to OffscreenRoot
04-15 09:53:32.809  1151  1151 I SurfaceFlinger: [LayerHierarchy{RequestedLayerState{Surface(name=3edafdc StatusBar)/@0x3b919ed - animation-leash of insets_animation#18695} no children}] RelativeParent to null
04-15 09:53:32.809  1151  1151 I SurfaceFlinger: [LayerHierarchy{RequestedLayerState{Surface(name=3edafdc StatusBar)/@0x3b919ed - animation-leash of insets_animation#18705} no children}] reparent to OffscreenRoot
04-15 09:53:32.809  1151  1151 I SurfaceFlinger: [LayerHierarchy{RequestedLayerState{Surface(name=3edafdc StatusBar)/@0x3b919ed - animation-leash of insets_animation#18705} no children}] RelativeParent to null
04-15 09:53:32.809  1151  1151 I SurfaceFlinger: [LayerHierarchy{RequestedLayerState{Surface(name=8c5cec7 NavigationBar0)/@0xa68870 - animation-leash of insets_animation#18706} no children}] reparent to OffscreenRoot
04-15 09:53:32.809  1151  1151 I SurfaceFlinger: [LayerHierarchy{RequestedLayerState{Surface(name=8c5cec7 NavigationBar0)/@0xa68870 - animation-leash of insets_animation#18706} no children}] RelativeParent to null
04-15 09:53:32.811  1151  2758 I SurfaceFlinger: id=18705 Removed Surface(name=3edafdc StatusBar)/@0x3b919ed - animation-leash of insets_animation#18705 (209)
04-15 09:53:32.811  1151  2758 I SurfaceFlinger: id=18706 Removed Surface(name=8c5cec7 NavigationBar0)/@0xa68870 - animation-leash of insets_animation#18706 (209)
04-15 09:53:32.812  1151  2758 I SurfaceFlinger: id=18695 Removed Surface(name=3edafdc StatusBar)/@0x3b919ed - animation-leash of insets_animation#18695 (209)
04-15 09:53:32.812  1151  1199 I SurfaceFlinger: id=18696 Removed Surface(name=8c5cec7 NavigationBar0)/@0xa68870 - animation-leash of insets_animation#18696 (209)
04-15 09:53:32.812  2000  2120 I VRI[calendar]@bfa9fd9: onActiveControlsChanged, removed=false, mAdded=true, caller=android.view.ViewRootImpl.handleInsetsControlChanged:3002 android.view.ViewRootImpl$ViewRootHandler.handleMessageImpl:8352 android.view.ViewRootImpl$ViewRootHandler.handleMessage:8301 android.os.Handler.dispatchMessage:110 android.os.Looper.loopOnce:273
04-15 09:53:32.812  3979  3979 W View    : requestLayout() improperly called by com.google.android.material.textview.MaterialTextView{1ed842d V.ED..... ......ID 0,0-194,105 #7f0b01cc app:id/date_picker_text_view} during layout: running second layout pass
04-15 09:53:32.813  3979  3979 D VRI[AllInOneCalendarActivity]@c55d361: reportNextDraw android.view.ViewRootImpl.performTraversals:5443 android.view.ViewRootImpl.doTraversal:3924 android.view.ViewRootImpl$TraversalRunnable.run:12903 android.view.Choreographer$CallbackRecord.run:1901 android.view.Choreographer$CallbackRecord.run:1910
04-15 09:53:32.813  3979  3979 D VRI[AllInOneCalendarActivity]@c55d361: Canceling draw. cancelDueToPreDrawListener=true cancelDueToSync=false
04-15 09:53:32.813  1542  2161 D SyncManager: userId - 0 auto - true
04-15 09:53:32.814  3979  4808 D HWUI    : HWUI - treat SMPTE_170M as sRGB
04-15 09:53:32.817  1151  1338 D SurfaceFlinger: [input] setFocusedWindow: 556ca3f com.google.android.calendar/com.google.android.calendar.allinone.AllInOneCalendarActivity
04-15 09:53:32.817  1151  1151 I SurfaceFlinger: destroyed Surface(name=8c5cec7 NavigationBar0)/@0xa68870 - animation-leash of insets_animation#18696
04-15 09:53:32.817  1151  1151 I SurfaceFlinger: destroyed Surface(name=3edafdc StatusBar)/@0x3b919ed - animation-leash of insets_animation#18695
04-15 09:53:32.817  1151  1151 I SurfaceFlinger: destroyed Surface(name=3edafdc StatusBar)/@0x3b919ed - animation-leash of insets_animation#18705
04-15 09:53:32.817  1151  1151 I SurfaceFlinger: destroyed Surface(name=8c5cec7 NavigationBar0)/@0xa68870 - animation-leash of insets_animation#18706
04-15 09:53:32.818  1542  2101 D InputDispatcher: Once focus requested (0): 556ca3f com.google.android.calendar/com.google.android.calendar.allinone.AllInOneCalendarActivity
04-15 09:53:32.818  1542  2101 D InputDispatcher: Focus request (0): 556ca3f com.google.android.calendar/com.google.android.calendar.allinone.AllInOneCalendarActivity but waiting because NOT_VISIBLE
04-15 09:53:32.819  1151  1151 I Layer   : id=18696 Destroyed Surface(name=8c5cec7 NavigationBar0)/@0xa68870 - animation-leash of insets_animation#18696
04-15 09:53:32.819  1151  1151 I Layer   : id=18695 Destroyed Surface(name=3edafdc StatusBar)/@0x3b919ed - animation-leash of insets_animation#18695
04-15 09:53:32.819  1151  1151 I Layer   : id=18705 Destroyed Surface(name=3edafdc StatusBar)/@0x3b919ed - animation-leash of insets_animation#18705
04-15 09:53:32.819  1151  1151 I Layer   : id=18706 Destroyed Surface(name=8c5cec7 NavigationBar0)/@0xa68870 - animation-leash of insets_animation#18706
04-15 09:53:32.825  3979  3979 I InsetsSourceConsumer: applyRequestedVisibilityToControl: visible=true, type=statusBars, host=com.google.android.calendar/com.google.android.calendar.allinone.AllInOneCalendarActivity
04-15 09:53:32.825  3979  3979 I InsetsSourceConsumer: applyRequestedVisibilityToControl: visible=true, type=navigationBars, host=com.google.android.calendar/com.google.android.calendar.allinone.AllInOneCalendarActivity
04-15 09:53:32.826  3979  3979 D WindowLayoutComponentImpl: Register WindowLayoutInfoListener on Context=com.google.android.calendar.allinone.AllInOneCalendarActivity@88efab1, of which baseContext=cal.ym@512fd7a, of which baseContext=android.app.ContextImpl@8ad492b
04-15 09:53:32.829  3979 18670 I Kumiho-Kumiho: getPackageName: com.google.android.syncadapters.calendar
04-15 09:53:32.830  3979 18670 I Kumiho-Kumiho: getPackageName: com.google.android.syncadapters.calendar
04-15 09:53:32.892  1151  1151 E SurfaceFlinger: alpha changed 0.010 -> 0.000 - DimTransitionLayer for Surface(name=Task=3877)/@0xdf494e4#18702
04-15 09:53:32.899  1151  1151 D SurfaceFlinger: Display 4633128672291735999 HWC layers:
04-15 09:53:32.899  1151  1151 D SurfaceFlinger:        DEVICE |            8589934655899 | 00002100 | RGBA_8888    |   40.0    0.0  720.0 1544.0 |    0    0  680 1544 | Splash Screen com.google.android.calendar$_2000#18700 (1)
04-15 09:53:32.899  1151  1151 D SurfaceFlinger:        DEVICE |           82867099009068 | 00002102 | RGBA_8888    |    0.0    0.0  127.0 1544.0 |  593    0  720 1544 | com.catfact.app.feature.factdetail.t[...]tyInvoker$EmptyActivity$_19294#18694 (1)
04-15 09:53:32.899  1151  1151 D SurfaceFlinger:        DEVICE |            8589934654694 | 00002100 | RGBA_8888    |    0.0    0.0  720.0   50.0 |    0    0  720   50 | StatusBar$_2000#102 (26333)
04-15 09:53:32.899  1151  1151 D SurfaceFlinger:        DEVICE |           10569914518889 | 00002100 | RGBA_8888    |    0.0    0.0   67.0  353.0 |  653  192  720  545 | com.sec.android.app.launcher/com.sam[...]l.app.CocktailBarService$_2461#16495 (1)
04-15 09:53:32.899  1151  1151 D SurfaceFlinger:        DEVICE |            8589934654693 | 00002100 | RGBA_8888    |    0.0    0.0  720.0   90.0 |    0 1454  720 1544 | NavigationBar0$_2000#98 (17135)
04-15 09:53:32.899  1151  1151 D SurfaceFlinger:
04-15 09:53:32.971  1059 19488 I HYPER-HAL: [RequestManager.cpp]releaseLocked(): Released ID : 1223852
04-15 09:53:32.977  3979  3988 I ndroid.calendar: Background concurrent mark compact GC freed 61MB AllocSpace bytes, 5(156KB) LOS objects, 56% free, 36MB/84MB, paused 2.282ms,2.713ms total 104.322ms
04-15 09:53:32.980  1059 19481 I HYPER-HAL: [ResourceManager.cpp]removeResource(): [CPULittleMinFreq] RemoveResource Request ID : 1222287
04-15 09:53:32.980  1059 19481 I HYPER-HAL: [RequestManager.cpp]releaseLocked(): Released ID : 1222287
04-15 09:53:33.006  2461  2461 I HoneySpace.EdgePanel.EdgeVisibilityRepository: getComputedTrayVisible : keyguardState = 1
04-15 09:53:33.006  2461  2461 I HoneySpace.EdgePanel.EdgeVisibilityRepository: updateTrayVisible: State = 0x1, visible = true, current containerState = 0, specificMode = 0
04-15 09:53:33.007  2461  2461 I HoneySpace.EdgePanel.EdgeVisibilityRepository: Same container state 0
04-15 09:53:33.011  3979  3979 D VRI[AllInOneCalendarActivity]@c55d361: Setup new sync=wmsSync-VRI[AllInOneCalendarActivity]@c55d361#28
04-15 09:53:33.011  3979  3979 I VRI[AllInOneCalendarActivity]@c55d361: Creating new active sync group VRI[AllInOneCalendarActivity]@c55d361#29
04-15 09:53:33.011  3979  3979 D VRI[AllInOneCalendarActivity]@c55d361: Draw frame after cancel
04-15 09:53:33.011  3979  3979 D VRI[AllInOneCalendarActivity]@c55d361: registerCallbacksForSync syncBuffer=false
04-15 09:53:33.016  3979  3979 I View    : setRequestedFrameRate frameRate=0.0, this=cal.dfa{5961622 VFED..... ........ 0,0-720,1544 aid=1073741892}, caller=android.view.ViewGroup.setRequestedFrameRate:9952 cal.vw$$ExternalSyntheticApiModelOutline1.m:28 cal.dgw.a:1 cal.dfa.dispatchDraw:160 android.view.View.draw:26345
04-15 09:53:33.016  3979  3979 I View    : setRequestedFrameRate frameRate=-4.0, this=android.view.View{da5e93e V.ED..... ......I. 0,0-0,0}, caller=cal.vw$$ExternalSyntheticApiModelOutline1.m:28 cal.dgw.a:1 cal.dfa.dispatchDraw:169 android.view.View.draw:26345 android.view.View.updateDisplayListIfDirty:25175
04-15 09:53:33.018  3979  4868 D VRI[AllInOneCalendarActivity]@c55d361: Received frameDrawingCallback syncResult=0 frameNum=1.
04-15 09:53:33.018  3979  4868 I VRI[AllInOneCalendarActivity]@c55d361: mWNT: t=0xb4000074fc55eb10 mBlastBufferQueue=0xb40000741c5d5eb0 fn= 1 HdrRenderState mRenderHdrSdrRatio=1.0 caller= android.view.ViewRootImpl$12.onFrameDraw:15441 android.view.ThreadedRenderer$1.onFrameDraw:718 <bottom of call stack>
04-15 09:53:33.018  3979  4868 I VRI[AllInOneCalendarActivity]@c55d361: Setting up sync and frameCommitCallback
04-15 09:53:33.020  3979  4808 I BLASTBufferQueue: [VRI[AllInOneCalendarActivity]@c55d361#64](f:0,a:0,s:0) onFrameAvailable the first frame is available
04-15 09:53:33.020  3979  4808 I VRI[AllInOneCalendarActivity]@c55d361: Received frameCommittedCallback lastAttemptedDrawFrameNum=1 didProduceBuffer=true
04-15 09:53:33.021  1151  1200 I SurfaceFlinger: [com.google.android.calendar/com.google.android.calendar.allinone.AllInOneCalendarActivity$_3979#18704] setTransactionState with the first frame. bufferData(ID: 17089674871043, frameNumber: 1)
04-15 09:53:33.021  3979  4808 D HWUI    : CFMS:: SetUp Pid : 3979    Tid : 4808
04-15 09:53:33.021  3979  3979 D VRI[AllInOneCalendarActivity]@c55d361: reportDrawFinished seqId=0
04-15 09:53:33.022  1542  1585 D SurfaceComposerClient: setCornerRadius ## 1954bb2 Splash Screen com.google.android.calendar#18699 cornerRadius=0.000000
04-15 09:53:33.022  1542  1585 D SurfaceComposerClient: setCornerRadius ## 556ca3f com.google.android.calendar/com.google.android.calendar.allinone.AllInOneCalendarActivity#18703 cornerRadius=0.000000
04-15 09:53:33.022  1542  1585 D SurfaceComposerClient: setCornerRadius ## 1954bb2 Splash Screen com.google.android.calendar#18699 cornerRadius=0.000000
04-15 09:53:33.023  1151  1200 I SurfaceFlinger: id=18709 createSurf, flag=24000, Surface(name=556ca3f com.google.android.calendar/com.google.android.calendar.allinone.AllInOneCalendarActivity)/@0x315b509 - animation-leash of starting_reveal#18709
04-15 09:53:33.026  1542  1585 D SurfaceComposerClient: setCornerRadius ## 556ca3f com.google.android.calendar/com.google.android.calendar.allinone.AllInOneCalendarActivity#18703 cornerRadius=0.000000
04-15 09:53:33.026  2000  2105 D ShellTaskOrganizer: removeStartingWindow, removalInfo=StartingWindowRemovalInfo{taskId=3801 frame=Rect(0, 0 - 720, 1544) playRevealAnimation=true roundedCornerRadius=0.0 deferRemoveMode=0 windowlessSurface=false removeImmediately=false}
04-15 09:53:33.026  1542  1585 D SurfaceComposerClient: setCornerRadius ## 1954bb2 Splash Screen com.google.android.calendar#18699 cornerRadius=0.000000
04-15 09:53:33.026  1542  1585 D SurfaceComposerClient: setCornerRadius ## 556ca3f com.google.android.calendar/com.google.android.calendar.allinone.AllInOneCalendarActivity#18703 cornerRadius=0.000000
04-15 09:53:33.026  1542  1585 D SurfaceComposerClient: setCornerRadius ## 1954bb2 Splash Screen com.google.android.calendar#18699 cornerRadius=0.000000
04-15 09:53:33.026  1542  1585 D SurfaceComposerClient: setCornerRadius ## 556ca3f com.google.android.calendar/com.google.android.calendar.allinone.AllInOneCalendarActivity#18703 cornerRadius=0.000000
04-15 09:53:33.027  1151  1151 I SurfaceFlinger: [Surface(name=556ca3f com.google.android.calendar/com.google.android.calendar.allinone.AllInOneCalendarActivity)/@0x315b509 - animation-leash of starting_reveal#18709] attach to parent LayerHierarchy{RequestedLayerState{ActivityRecord{243114305 u0 com.google.android.calendar/.allinone.AllInOneCalendarActivity t3801}#16293 parentId=16292} 4 children}
04-15 09:53:33.034  1151  1151 I SurfaceFlinger: RequestedLayer [com.google.android.calendar/com.goog[...]AllInOneCalendarActivity$_3979#18704] hidden!! flag  from(1) --> to(0)
04-15 09:53:33.034  1151  1151 I SurfaceFlinger: [LayerHierarchy{RequestedLayerState{556ca3f com.google.android.calendar/com.google.android.calendar.allinone.AllInOneCalendarActivity#18703 parentId=18709} 1 children}] reparent to LayerHierarchy{RequestedLayerState{Surface(name=556ca3f com.google.android.calendar/com.google.android.calendar.allinone.AllInOneCalendarActivity)/@0x315b509 - animation-leash of starting_reveal#18709 parentId=16293} 1 children}
04-15 09:53:33.035  2000  2194 I VRI[calendar]@bfa9fd9: mWNT: t=0xb4000074fc713890 mBlastBufferQueue=0xb40000741d24d560 fn= 2 HdrRenderState mRenderHdrSdrRatio=1.0 caller= android.view.SyncRtSurfaceTransactionApplier.applyTransaction:100 android.view.SyncRtSurfaceTransactionApplier.lambda$scheduleApply$0:73 android.view.SyncRtSurfaceTransactionApplier.$r8$lambda$afI4fXg3U3-nBZQEDQMiNy-B06s:0
04-15 09:53:33.035  2000  2194 I VRI[calendar]@bfa9fd9: mWNT: t=0xb4000074fc72ce90 mBlastBufferQueue=0xb40000741d24d560 fn= 2 HdrRenderState mRenderHdrSdrRatio=1.0 caller= android.view.SyncRtSurfaceTransactionApplier.applyTransaction:100 android.view.SyncRtSurfaceTransactionApplier.lambda$scheduleApply$0:73 android.view.SyncRtSurfaceTransactionApplier.$r8$lambda$afI4fXg3U3-nBZQEDQMiNy-B06s:0
04-15 09:53:33.038  1542  1585 D SurfaceComposerClient: setCornerRadius ## 1954bb2 Splash Screen com.google.android.calendar#18699 cornerRadius=0.000000
04-15 09:53:33.038  1542  1585 D SurfaceComposerClient: setCornerRadius ## 556ca3f com.google.android.calendar/com.google.android.calendar.allinone.AllInOneCalendarActivity#18703 cornerRadius=0.000000
04-15 09:53:33.042  1151  1151 D SurfaceFlinger: Display 4633128672291735999 HWC layers:
04-15 09:53:33.042  1151  1151 D SurfaceFlinger:        DEVICE |           17089674871042 | 00002102 | RGBA_8888    |    5.0    0.0  720.0 1544.0 |    0    0  715 1544 | com.google.android.calendar/com.goog[...]AllInOneCalendarActivity$_3979#18704 (2)
04-15 09:53:33.042  1151  1151 D SurfaceFlinger:        DEVICE |            8589934655899 | 00002100 | RGBA_8888    |    5.0    0.0  720.0 1544.0 |    0    0  715 1544 | Splash Screen com.google.android.calendar$_2000#18700 (1)
04-15 09:53:33.042  1151  1151 D SurfaceFlinger:        DEVICE |           82867099009068 | 00002102 | RGBA_8888    |    0.0    0.0   16.0 1544.0 |  704    0  720 1544 | com.catfact.app.feature.factdetail.t[...]tyInvoker$EmptyActivity$_19294#18694 (1)
04-15 09:53:33.042  1151  1151 D SurfaceFlinger:        DEVICE |            8589934654694 | 00002100 | RGBA_8888    |    0.0    0.0  720.0   50.0 |    0    0  720   50 | StatusBar$_2000#102 (26333)
04-15 09:53:33.042  1151  1151 D SurfaceFlinger:        DEVICE |           10569914518889 | 00002100 | RGBA_8888    |    0.0    0.0   67.0  353.0 |  653  192  720  545 | com.sec.android.app.launcher/com.sam[...]l.app.CocktailBarService$_2461#16495 (1)
04-15 09:53:33.042  1151  1151 D SurfaceFlinger:        DEVICE |            8589934654693 | 000
04-15 09:53:33.042  1151  1151 D SurfaceFlinger: 02100 | RGBA_8888    |    0.0    0.0  720.0   90.0 |    0 1454  720 1544 | NavigationBar0$_2000#98 (17135)
04-15 09:53:33.042  1151  1151 D SurfaceFlinger:
04-15 09:53:33.042  1542  2101 D InputDispatcher: Focus entered window (0): 556ca3f com.google.android.calendar/com.google.android.calendar.allinone.AllInOneCalendarActivity
04-15 09:53:33.043  2000  2195 I VRI[calendar]@bfa9fd9: mWNT: t=0xb4000074fc771290 mBlastBufferQueue=0xb40000741d24d560 fn= 3 HdrRenderState mRenderHdrSdrRatio=1.0 caller= android.view.SyncRtSurfaceTransactionApplier.applyTransaction:100 android.view.SyncRtSurfaceTransactionApplier.lambda$scheduleApply$0:73 android.view.SyncRtSurfaceTransactionApplier.$r8$lambda$afI4fXg3U3-nBZQEDQMiNy-B06s:0
04-15 09:53:33.045  3979  3979 D VRI[AllInOneCalendarActivity]@c55d361: mThreadedRenderer.initializeIfNeeded()#2 mSurface={isValid=true 0xb40000748c54b270}
04-15 09:53:33.046  3979  3979 D InputMethodManagerUtils: startInputInner - Id : 0
04-15 09:53:33.046  3979  3979 I InputMethodManager: startInputInner - IInputMethodManagerGlobalInvoker.startInputOrWindowGainedFocus
04-15 09:53:33.048  1542  1750 I ImeTracker: com.google.android.calendar:e3dad47c: onRequestHide at ORIGIN_SERVER reason HIDE_UNSPECIFIED_WINDOW fromUser false
04-15 09:53:33.049  2000  2194 I VRI[calendar]@bfa9fd9: mWNT: t=0xb4000074fc6f5e50 mBlastBufferQueue=0xb40000741d24d560 fn= 4 HdrRenderState mRenderHdrSdrRatio=1.0 caller= android.view.SyncRtSurfaceTransactionApplier.applyTransaction:100 android.view.SyncRtSurfaceTransactionApplier.lambda$scheduleApply$0:73 android.view.SyncRtSurfaceTransactionApplier.$r8$lambda$afI4fXg3U3-nBZQEDQMiNy-B06s:0
04-15 09:53:33.050 19294 19294 D InputTransport: Input channel destroyed: 'ClientS', fd=133
04-15 09:53:33.052  1542  1750 D InputTransport: Input channel constructed: 'ClientS', fd=1248
04-15 09:53:33.053  1542  1750 D InputTransport: Input channel destroyed: 'ClientS', fd=1248
04-15 09:53:33.053  3979  6349 D InputTransport: Input channel constructed: 'ClientS', fd=215
04-15 09:53:33.054  3756  3756 I HBD     : HoneyBoardService onFinishInput
04-15 09:53:33.054  1151  1378 I SurfaceFlinger: id=18710 createSurf, flag=24004, Surface(name=1d7a05f InputMethod)/@0x5f77a9d - animation-leash of insets_animation#18710
04-15 09:53:33.055  3756  3756 I HBD     : a IC have been unbinding,  RemoteInputConnection{idHash=#c11d10b}
04-15 09:53:33.055  3756  3756 I HBD     : HoneyBoardService [PF_CL][onFinishInput]  1 ms
04-15 09:53:33.055  3979  3979 I InputMethodManager: handleMessage: setImeVisibility visible=false
04-15 09:53:33.055  3979  3979 D InsetsController: hide(ime(), fromIme=false)
04-15 09:53:33.055  3756  3756 I HBD     : HoneyBoardService [IMI] onStartInput - caller pid : 3979 , caller uid : 10279
04-15 09:53:33.055  3756  3756 I HBD     : k updateConfigs
04-15 09:53:33.055  1151  1151 D SurfaceFlinger: GPIS:: requestGpisForClientComposition
04-15 09:53:33.055  3979  3979 I ImeTracker: com.google.android.calendar:e3dad47c: onCancelled at PHASE_CLIENT_ALREADY_HIDDEN
04-15 09:53:33.055  3756  3756 I HBD     : k isEnabledNightMode : true
04-15 09:53:33.055  3756  3756 I HBD     : a IC have been binding, RemoteInputConnection{idHash=#ac98be8}
04-15 09:53:33.055  3756  3756 I HBD     : h [EditorInputType]setPrivateImeOptionsToTable privateImeOptions ( null )
04-15 09:53:33.055  3756  3756 I HBD     : b incognitoMode : false
04-15 09:53:33.055  3756  3756 I HBD     : c needOff = true , isForceOff = false, isNullInputClass : true
04-15 09:53:33.055  3756  3756 I HBD     : h getDefaultInputRange : UNKNOWN
04-15 09:53:33.055  3756  3756 I HBD     : h getDefaultInputRange : UNKNOWN
04-15 09:53:33.055  3756  3756 I HBD     : h getDefaultInputRange : UNKNOWN
04-15 09:53:33.055  3756  3756 I HBD     : c needOff = true , isForceOff = false, isNullInputClass : true
04-15 09:53:33.055  3756  3756 I HBD     : c update cached prediction status : false
04-15 09:53:33.056  3756  3756 I HBD     : h getDefaultInputRange : UNKNOWN
04-15 09:53:33.056  3756  3756 I HBD     : a currentState : 0
04-15 09:53:33.056  3756  3756 I HBD     : a [UpdatePolicy] [post] a: 0 cl: 65538 kit: [0/0] vt: 0 ir: 1
04-15 09:53:33.057  1542  2161 I ImeTracker: system_server:ba482828: onRequestHide at ORIGIN_SERVER reason IME_REQUESTED_CHANGED_LISTENER fromUser false
04-15 09:53:33.057  1542  1584 I ImeTracker: system_server:ba482828: onCancelled at PHASE_SERVER_SHOULD_HIDE
04-15 09:53:33.057  1542  1585 D SurfaceComposerClient: setCornerRadius ## 1954bb2 Splash Screen com.google.android.calendar#18699 cornerRadius=0.000000
04-15 09:53:33.057  1542  1585 D SurfaceComposerClient: setCornerRadius ## 556ca3f com.google.android.calendar/com.google.android.calendar.allinone.AllInOneCalendarActivity#18703 cornerRadius=0.000000
04-15 09:53:33.059  2000  2195 I VRI[calendar]@bfa9fd9: mWNT: t=0xb4000074fc7c7910 mBlastBufferQueue=0xb40000741d24d560 fn= 5 HdrRenderState mRenderHdrSdrRatio=1.0 caller= android.view.SyncRtSurfaceTransactionApplier.applyTransaction:100 android.view.SyncRtSurfaceTransactionApplier.lambda$scheduleApply$0:73 android.view.SyncRtSurfaceTransactionApplier.$r8$lambda$afI4fXg3U3-nBZQEDQMiNy-B06s:0
04-15 09:53:33.063  1151  1151 I SurfaceFlinger: [Surface(name=1d7a05f InputMethod)/@0x5f77a9d - animation-leash of insets_animation#18710] attach to parent LayerHierarchy{RequestedLayerState{WindowToken{d080c22 type=2011 android.os.Binder@459a5ed}#120 parentId=15} 2 children}
04-15 09:53:33.064  3756  3756 I HBD     : a [NRIC] resetNoResponseState
04-15 09:53:33.064  3756  3756 I HBD     : c needOff = true , isForceOff = false, isNullInputClass : true
04-15 09:53:33.064  3756  3756 I HBD     : c update cached prediction status : false
04-15 09:53:33.064  3756  3756 I HBD     : b [AiWriter] setContact : com.google.android.calendar
04-15 09:53:33.065  3756  3756 I HBD     : HoneyBoardService [PF_OP][onStartInput]  10 ms
04-15 09:53:33.065  3756  3756 I HBD     : [DirectWriting] DirectWriting emitInputConnection : RemoteInputConnection{idHash=#ac98be8}
04-15 09:53:33.067  2000  2194 I VRI[calendar]@bfa9fd9: mWNT: t=0xb4000074fc70b8d0 mBlastBufferQueue=0xb40000741d24d560 fn= 6 HdrRenderState mRenderHdrSdrRatio=1.0 caller= android.view.SyncRtSurfaceTransactionApplier.applyTransaction:100 android.view.SyncRtSurfaceTransactionApplier.lambda$scheduleApply$0:73 android.view.SyncRtSurfaceTransactionApplier.$r8$lambda$afI4fXg3U3-nBZQEDQMiNy-B06s:0
04-15 09:53:33.075  2000  2195 I VRI[calendar]@bfa9fd9: mWNT: t=0xb4000074fc6ed090 mBlastBufferQueue=0xb40000741d24d560 fn= 7 HdrRenderState mRenderHdrSdrRatio=1.0 caller= android.view.SyncRtSurfaceTransactionApplier.applyTransaction:100 android.view.SyncRtSurfaceTransactionApplier.lambda$scheduleApply$0:73 android.view.SyncRtSurfaceTransactionApplier.$r8$lambda$afI4fXg3U3-nBZQEDQMiNy-B06s:0
04-15 09:53:33.082  1151  1151 I SurfaceFlinger: RequestedLayer [Surface(name=1d7a05f InputMethod)/@0[...]tion-leash of insets_animation#18710] hidden!! flag  from(1) --> to(0)
04-15 09:53:33.082  1151  1151 E SurfaceFlinger: alpha changed 1.000 -> 0.000 - Surface(name=1d7a05f InputMethod)/@0x5f77a9d - animation-leash of insets_animation#18710
04-15 09:53:33.083  1151  1151 I SurfaceFlinger: [LayerHierarchy{RequestedLayerState{ImeContainer#15 parentId=16293 relativeParentId=16293 z=3} 1 children}] reparent to LayerHierarchy{RequestedLayerState{ActivityRecord{243114305 u0 com.google.android.calendar/.allinone.AllInOneCalendarActivity t3801}#16293 parentId=16292} 4 children}
04-15 09:53:33.083  1151  1151 I SurfaceFlinger: [LayerHierarchy{RequestedLayerState{ImeContainer#15 parentId=16293 relativeParentId=16293 z=3} 1 children}] RelativeParent to null
04-15 09:53:33.083  1151  1151 I SurfaceFlinger: [LayerHierarchy{RequestedLayerState{1d7a05f InputMethod#134 parentId=18710} no children}] reparent to LayerHierarchy{RequestedLayerState{Surface(name=1d7a05f InputMethod)/@0x5f77a9d - animation-leash of insets_animation#18710 parentId=120} 1 children}
04-15 09:53:33.083  1151  1151 I SurfaceFlinger: [LayerHierarchy{RequestedLayerState{Surface(name=1d7a05f InputMethod)/@0x5f77a9d - animation-leash of insets_animation#18691} no children}] reparent to OffscreenRoot
04-15 09:53:33.083  1151  1151 I SurfaceFlinger: [LayerHierarchy{RequestedLayerState{Surface(name=1d7a05f InputMethod)/@0x5f77a9d - animation-leash of insets_animation#18691} no children}] RelativeParent to null
04-15 09:53:33.086  1218  1218 I CameraService: onUidStateChanged: uid=10048, procState is changed. (1 -> 0)
04-15 09:53:33.086  1151  1199 I SurfaceFlinger: id=18691 Removed Surface(name=1d7a05f InputMethod)/@0x5f77a9d - animation-leash of insets_animation#18691 (207)
04-15 09:53:33.086  1542  1558 I WindowManager: Relayout Window{1954bb2 u0 Splash Screen com.google.android.calendar}: viewVisibility=8 req=720x1544 ty=3 d0
04-15 09:53:33.086  1542  1558 D SurfaceComposerClient: setCornerRadius ## 556ca3f com.google.android.calendar/com.google.android.calendar.allinone.AllInOneCalendarActivity#18703 cornerRadius=0.000000
04-15 09:53:33.086  1542  1558 D SurfaceComposerClient: setCornerRadius ## 1954bb2 Splash Screen com.google.android.calendar#18699 cornerRadius=0.000000
04-15 09:53:33.086  1542  1558 D SurfaceComposerClient: setCornerRadius ## 556ca3f com.google.android.calendar/com.google.android.calendar.allinone.AllInOneCalendarActivity#18703 cornerRadius=0.000000
04-15 09:53:33.087  1542  1558 I WindowManager: Relayout hash=1954bb2, pid=2000, syncId=-1: mAttrs={(0,0)(fillxfill) sim={adjust=pan} layoutInDisplayCutoutMode=always ty=APPLICATION_STARTING fmt=TRANSLUCENT wanim=0x1030317
04-15 09:53:33.087  1542  1558 I WindowManager:   fl=81030118
04-15 09:53:33.087  1542  1558 I WindowManager:   pfl=10000810
04-15 09:53:33.087  1542  1558 I WindowManager:   bhv=1
04-15 09:53:33.087  1542  1558 I WindowManager:   fitSides=0
04-15 09:53:33.087  1542  1558 I WindowManager:   frameRateBoostOnTouch=true
04-15 09:53:33.087  1542  1558 I WindowManager:   dvrrWindowFrameRateHint=true naviIconColor=0}
04-15 09:53:33.087  2000  2120 I VRI[calendar]@bfa9fd9: onActiveControlsChanged, removed=false, mAdded=true, caller=android.view.ViewRootImpl.handleInsetsControlChanged:3002 android.view.ViewRootImpl.relayoutWindow:11629 android.view.ViewRootImpl.performTraversals:4804 android.view.ViewRootImpl.doTraversal:3924 android.view.ViewRootImpl$TraversalRunnable.run:12903
04-15 09:53:33.088  2000  2120 I VRI[calendar]@bfa9fd9: Relayout returned: old=(0,0,720,1544) new=(0,0,720,1544) relayoutAsync=false req=(720,1544)8 dur=2 res=0x2 s={false 0x0} ch=true seqId=0
04-15 09:53:33.088  2000  2120 D VRI[calendar]@bfa9fd9: Not drawing due to not visible. Reason=View.GONE
04-15 09:53:33.088  2000  2120 I VRI[calendar]@bfa9fd9: dispatchDetachedFromWindow
04-15 09:53:33.088  1542  2161 D InputTransport: Input channel destroyed: '1954bb2', fd=1041
04-15 09:53:33.089  1542  2161 D SurfaceComposerClient: setCornerRadius ## 556ca3f com.google.android.calendar/com.google.android.calendar.allinone.AllInOneCalendarActivity#18703 cornerRadius=0.000000
04-15 09:53:33.089  1542  2161 D SurfaceComposerClient: setCornerRadius ## 556ca3f com.google.android.calendar/com.google.android.calendar.allinone.AllInOneCalendarActivity#18703 cornerRadius=0.000000
04-15 09:53:33.089  2000  2120 D InputTransport: Input channel destroyed: '1954bb2', fd=702
04-15 09:53:33.089  1542  1585 D SurfaceComposerClient: setCornerRadius ## 556ca3f com.google.android.calendar/com.google.android.calendar.allinone.AllInOneCalendarActivity#18703 cornerRadius=0.000000
04-15 09:53:33.092  1059  1180 I HYPER-HAL: [RequestManager.cpp]releaseLocked(): Released ID : 1219160
04-15 09:53:33.092  2000  2000 D SystemUIService: SYSUI_RAM_OPTIMIZATION onTrimMemory=20
04-15 09:53:33.092  2000  2000 D CentralSurfaces: SYSUI_RAM_OPTIMIZATION onTrimMemory=20
04-15 09:53:33.092  2000  2196 D HWUI    : CacheManager::trimMemory(20)
04-15 09:53:33.093  1542  1585 D SurfaceComposerClient: setCornerRadius ## 556ca3f com.google.android.calendar/com.google.android.calendar.allinone.AllInOneCalendarActivity#18703 cornerRadius=0.000000
04-15 09:53:33.093  1151  1151 I SurfaceFlinger: RequestedLayer [Splash Screen com.google.android.calendar$_2000#18700] hidden!! flag  from(0) --> to(1)
04-15 09:53:33.093  1151  1151 I SurfaceFlinger: destroyed Surface(name=1d7a05f InputMethod)/@0x5f77a9d - animation-leash of insets_animation#18691
04-15 09:53:33.093  1151  1151 I SurfaceFlinger: [LayerHierarchy{RequestedLayerState{556ca3f com.google.android.calendar/com.google.android.calendar.allinone.AllInOneCalendarActivity#18703 parentId=16293} 1 children}] reparent to LayerHierarchy{RequestedLayerState{ActivityRecord{243114305 u0 com.google.android.calendar/.allinone.AllInOneCalendarActivity t3801}#16293 parentId=16292} 5 children}
04-15 09:53:33.093  1151  1151 I SurfaceFlinger: [LayerHierarchy{RequestedLayerState{Surface(name=556ca3f com.google.android.calendar/com.google.android.calendar.allinone.AllInOneCalendarActivity)/@0x315b509 - animation-leash of starting_reveal#18709} no children}] reparent to OffscreenRoot
04-15 09:53:33.093  1151  1151 I SurfaceFlinger: [LayerHierarchy{RequestedLayerState{Surface(name=556ca3f com.google.android.calendar/com.google.android.calendar.allinone.AllInOneCalendarActivity)/@0x315b509 - animation-leash of starting_reveal#18709} no children}] RelativeParent to null
04-15 09:53:33.096  1151  1151 I Layer   : id=18691 Destroyed Surface(name=1d7a05f InputMethod)/@0x5f77a9d - animation-leash of insets_animation#18691
04-15 09:53:33.096  3756  3756 I InputMethodService: scheduleImeSurfaceRemoval: removeImeSurface is posted.
04-15 09:53:33.103  1151  1151 D SurfaceFlinger: Display 4633128672291735999 HWC layers:
04-15 09:53:33.103  1151  1151 D SurfaceFlinger:        DEVICE |           17089674871042 | 00002102 | RGBA_8888    |    1.0    0.0  720.0 1544.0 |    0    0  719 1544 | com.google.android.calendar/com.goog[...]AllInOneCalendarActivity$_3979#18704 (6)
04-15 09:53:33.103  1151  1151 D SurfaceFlinger:        CLIENT |           82867099009068 | 00002102 | RGBA_8888    |    0.0    0.0    3.0 1544.0 |  717    0  720 1544 | com.catfact.app.feature.factdetail.t[...]tyInvoker$EmptyActivity$_19294#18694 (1)
04-15 09:53:33.103  1151  1151 D SurfaceFlinger:        DEVICE |            8589934654694 | 00002100 | RGBA_8888    |    0.0    0.0  720.0   50.0 |    0    0  720   50 | StatusBar$_2000#102 (26333)
04-15 09:53:33.103  1151  1151 D SurfaceFlinger:        DEVICE |           10569914518889 | 00002100 | RGBA_8888    |    0.0    0.0   67.0  353.0 |  653  192  720  545 | com.sec.android.app.launcher/com.sam[...]l.app.CocktailBarService$_2461#16495 (1)
04-15 09:53:33.103  1151  1151 D SurfaceFlinger:        DEVICE |            8589934654693 | 00002100 | RGBA_8888    |    0.0    0.0  720.0   90.0 |    0 1454  720 1544 | NavigationBar0$_2000#98 (17135)
04-15 09:53:33.103  1151  1151 D SurfaceFlinger:
04-15 09:53:33.104  3979  3988 I ndroid.calendar: Background concurrent mark compact GC freed 40MB AllocSpace bytes, 0(0B) LOS objects, 56% free, 36MB/84MB, paused 2.607ms,3.171ms total 121.310ms
04-15 09:53:33.135  2000  2105 I SurfaceControlRegistry: apply, t=FinishTransaction_SyncId<1669>, caller=android.view.SurfaceControl$Transaction.apply:3459 android.view.SurfaceControl$Transaction.apply:3447 android.view.SurfaceControl$Transaction.apply:3397 com.android.wm.shell.transition.Transitions.onFinish:315 com.android.wm.shell.transition.Transitions$$ExternalSyntheticLambda7.onTransitionFinished:12 com.android.wm.shell.transition.DefaultTransitionHandler$$ExternalSyntheticLambda2.run:36
04-15 09:53:33.139  1151  1151 D SurfaceFlinger: Display 4633128672291735999 HWC layers:
04-15 09:53:33.139  1151  1151 D SurfaceFlinger:        DEVICE |           17089674871042 | 00002102 | RGBA_8888    |    0.0    0.0  720.0 1544.0 |    0    0  720 1544 | com.google.android.calendar/com.goog[...]AllInOneCalendarActivity$_3979#18704 (10)
04-15 09:53:33.139  1151  1151 D SurfaceFlinger:        DEVICE |            8589934654694 | 00002100 | RGBA_8888    |    0.0    0.0  720.0   50.0 |    0    0  720   50 | StatusBar$_2000#102 (26333)
04-15 09:53:33.139  1151  1151 D SurfaceFlinger:        DEVICE |           10569914518889 | 00002100 | RGBA_8888    |    0.0    0.0   67.0  353.0 |  653  192  720  545 | com.sec.android.app.launcher/com.sam[...]l.app.CocktailBarService$_2461#16495 (1)
04-15 09:53:33.139  1151  1151 D SurfaceFlinger:        DEVICE |            8589934654693 | 00002100 | RGBA_8888    |    0.0    0.0  720.0   90.0 |    0 1454  720 1544 | NavigationBar0$_2000#98 (17135)
04-15 09:53:33.139  1151  1151 D SurfaceFlinger:
04-15 09:53:33.140 19294 19294 I VRI[InstrumentationActivityInvoker$EmptyActivity]@21e59f5: handleAppVisibility mAppVisible = true visible = false
04-15 09:53:33.140 19294 19294 D VRI[InstrumentationActivityInvoker$EmptyActivity]@21e59f5: visibilityChanged oldVisibility=true newVisibility=false
04-15 09:53:33.140  1542  2161 D SurfaceComposerClient: setCornerRadius ## 556ca3f com.google.android.calendar/com.google.android.calendar.allinone.AllInOneCalendarActivity#18703 cornerRadius=0.000000
